
 num     #instances         #bytes  class name
----------------------------------------------
   1:       1773007      302521032  [C
   2:         10171       42046880  [I
   3:       1058781       25410744  java.lang.String
   4:         12958        8990480  [B
   5:        129079        6940504  [Ljava.lang.String;
   6:        170892        6835680  java.util.LinkedHashMap$Entry
   7:        181842        5818944  java.io.File
   8:        137313        5492520  org.springframework.boot.devtools.filewatch.FileSnapshot
   9:         20753        4227128  [Ljava.util.HashMap$Node;
  10:         66299        3712744  java.util.LinkedHashMap
  11:        100717        3438880  [Ljava.lang.Object;
  12:         91248        2919936  java.util.HashMap$Node
  13:         26968        2588928  java.lang.reflect.Method
  14:         44377        1530032  [Ljava.io.File;
  15:         12059        1341808  java.lang.Class
  16:         41495        1327840  java.util.concurrent.ConcurrentHashMap$Node
  17:         55224        1263336  [Ljava.lang.Class;
  18:          1823         989400  [Lcom.zeroturnaround.javarebel.gwb;
  19:         39824         955776  java.lang.StringBuilder
  20:         14512         812672  com.zeroturnaround.javarebel.gvw
  21:         11004         792288  org.springframework.core.type.classreading.AnnotationMetadataReadingVisitor
  22:         11775         753600  java.net.URL
  23:         27032         648768  java.util.concurrent.CopyOnWriteArrayList$COWIterator
  24:         35906         574496  java.util.LinkedHashSet
  25:          9605         461040  java.nio.HeapCharBuffer
  26:          5448         435840  java.lang.reflect.Field
  27:           214         393360  [Ljava.util.concurrent.ConcurrentHashMap$Node;
  28:         12180         389760  com.zeroturnaround.javarebel.gwb
  29:          8091         388368  java.util.HashMap
  30:          6443         309264  org.springframework.util.ConcurrentReferenceHashMap$SoftEntryReference
  31:          3711         296880  java.lang.reflect.Constructor
  32:          3698         266256  org.springframework.core.annotation.AnnotationAttributes
  33:         11003         264072  org.springframework.core.type.classreading.SimpleMetadataReader
  34:          5268         252864  com.zeroturnaround.jrebelbase.d
  35:         10495         251880  org.springframework.core.io.UrlResource
  36:         10105         242520  com.zeroturnaround.javarebel.guo
  37:         14153         226448  java.lang.Object
  38:          9045         217080  java.lang.Long
  39:          8547         205128  java.util.ArrayList
  40:          6385         204320  java.util.LinkedList
  41:          8432         202368  java.lang.StringBuffer
  42:         12243         195888  org.springframework.util.LinkedMultiValueMap
  43:         12000         192000  java.util.LinkedHashMap$LinkedValues
  44:          5950         190400  java.util.ArrayList$Itr
  45:          7895         189480  com.zeroturnaround.javarebel.agh
  46:          7209         173016  java.util.LinkedList$Node
  47:          6778         162672  com.zeroturnaround.javarebel.gtb
  48:          2372         160496  [Ljava.lang.reflect.Method;
  49:          9872         157952  java.lang.Integer
  50:          6389         153336  org.springframework.util.ConcurrentReferenceHashMap$Entry
  51:          2735         153160  java.lang.Class$ReflectionData
  52:          4783         153056  java.util.Hashtable$Entry
  53:          3798         151920  java.lang.ref.SoftReference
  54:          2355         150720  com.zeroturnaround.javarebel.gxi
  55:          2860         137280  org.springframework.core.ResolvableType
  56:          4099         131168  com.zeroturnaround.javarebel.gtd
  57:          3037         121480  com.zeroturnaround.javarebel.gww
  58:          2950         118000  java.util.HashMap$KeyIterator
  59:          3676         117632  java.lang.ref.WeakReference
  60:          3623         115936  java.util.LinkedHashMap$LinkedKeyIterator
  61:          1223         114520  [Ljava.util.Hashtable$Entry;
  62:          7107         113712  com.zeroturnaround.javarebel.age
  63:          2708         108320  com.zeroturnaround.javarebel.gxe
  64:          3303         105696  java.util.concurrent.locks.AbstractQueuedSynchronizer$Node
  65:          1627         104128  java.text.DateFormatSymbols
  66:          4292         103008  com.zeroturnaround.javarebel.guq
  67:          2499          99960  java.lang.ref.Finalizer
  68:           262          98512  java.lang.Thread
  69:          2355          94200  com.zeroturnaround.javarebel.gxm
  70:          1628          91168  sun.nio.cs.UTF_8$Encoder
  71:           839          80544  com.zeroturnaround.reload.ab
  72:           848          76032  [Lcom.zeroturnaround.javarebel.haf;
  73:          3154          75696  org.springframework.core.MethodClassKey
  74:          3151          75624  java.util.Collections$UnmodifiableCollection$1
  75:          2353          75296  java.util.Vector
  76:           905          74200  [Lorg.springframework.util.ConcurrentReferenceHashMap$Reference;
  77:          1832          73280  java.security.ProtectionDomain
  78:          1307          73192  java.security.Provider$Service
  79:          2259          72288  sun.reflect.DelegatingConstructorAccessorImpl
  80:          1769          70760  java.util.TreeMap$Entry
  81:          2177          69664  java.lang.ref.ReferenceQueue
  82:          4330          69280  com.zeroturnaround.javarebel.gwg
  83:          4219          67504  org.springframework.core.annotation.AnnotationUtils$DefaultValueHolder
  84:          1197          67032  java.lang.invoke.MemberName
  85:             2          65568  [Lcom.alibaba.fastjson.util.IdentityHashMap$Entry;
  86:          1989          63648  java.util.concurrent.locks.ReentrantLock$NonfairSync
  87:          2647          63528  java.util.Date
  88:          2624          62976  java.security.Provider$ServiceKey
  89:           357          62832  org.springframework.context.annotation.ConfigurationClassBeanDefinitionReader$ConfigurationClassBeanDefinition
  90:          1835          58720  java.util.LinkedHashMap$LinkedEntryIterator
  91:          1830          58560  java.security.CodeSource
  92:          1428          57120  com.zeroturnaround.javarebel.nx
  93:          1186          56928  java.util.Hashtable
  94:           997          55832  org.springframework.core.type.classreading.MethodMetadataReadingVisitor
  95:          2199          52776  org.zeroturnaround.bundled.javassist.bytecode.Utf8Info
  96:          1633          52256  java.lang.ThreadLocal$ThreadLocalMap$Entry
  97:           549          51088  [Ljava.lang.ThreadLocal$ThreadLocalMap$Entry;
  98:          2076          49824  sun.reflect.annotation.AnnotationInvocationHandler
  99:          1029          49392  org.apache.tomcat.util.modeler.AttributeInfo
 100:          1028          49344  org.zeroturnaround.javarebel.integration.util.WeakIdentityHashMap$Entry
 101:          3071          49136  java.util.HashSet
 102:           844          47264  com.zeroturnaround.reload.z
 103:          2937          46992  java.util.LinkedHashMap$LinkedKeySet
 104:          2921          46736  java.util.LinkedHashMap$LinkedEntrySet
 105:           270          45360  org.springframework.beans.factory.support.RootBeanDefinition
 106:           785          43960  java.util.concurrent.ConcurrentHashMap$EntryIterator
 107:          2708          43328  com.zeroturnaround.javarebel.gxc
 108:          1069          42760  java.lang.invoke.MethodType
 109:           883          42384  java.nio.HeapByteBuffer
 110:           755          42280  java.util.concurrent.ConcurrentHashMap$KeyIterator
 111:           581          41832  java.util.regex.Pattern
 112:           866          41568  com.zeroturnaround.javarebel.haf
 113:           847          40656  com.zeroturnaround.javarebel.gzy
 114:          1624          38976  java.util.concurrent.LinkedBlockingQueue$Node
 115:          1637          38744  [Ljava.lang.reflect.Constructor;
 116:          2355          37680  com.zeroturnaround.javarebel.gxp
 117:           445          36736  [Ljava.util.WeakHashMap$Entry;
 118:           441          36144  [Lorg.springframework.boot.context.properties.source.ConfigurationPropertyName$ElementType;
 119:           587          35624  [Ljava.security.ProtectionDomain;
 120:          2179          34864  java.lang.ref.ReferenceQueue$Lock
 121:          1451          34824  sun.reflect.generics.tree.SimpleClassTypeSignature
 122:           835          34768  [Ljava.lang.reflect.Field;
 123:          1080          34560  sun.reflect.DelegatingMethodAccessorImpl
 124:          1073          34336  java.lang.invoke.MethodType$ConcurrentWeakInternSet$WeakEntry
 125:           534          34176  java.util.regex.Matcher
 126:           145          34064  [[C
 127:          1363          32712  java.lang.Class$AnnotationData
 128:          1992          31872  java.util.Collections$UnmodifiableMap$UnmodifiableEntrySet$UnmodifiableEntry
 129:           496          31744  java.util.concurrent.ConcurrentHashMap
 130:           787          31480  com.zeroturnaround.javarebel.hah
 131:           940          30080  java.util.Collections$SynchronizedMap
 132:          1238          29712  sun.reflect.NativeConstructorAccessorImpl
 133:          1833          29328  java.security.ProtectionDomain$Key
 134:          1832          29312  [Ljava.security.Principal;
 135:           516          28896  java.lang.Package
 136:           720          28800  org.springframework.util.ConcurrentReferenceHashMap$Segment
 137:           249          28232  [Z
 138:           438          28032  org.springframework.core.MethodParameter
 139:           869          27808  java.util.LinkedList$ListItr
 140:           495          27720  [Ljava.util.regex.Pattern$GroupHead;
 141:          1093          27440  [Ljava.lang.annotation.Annotation;
 142:          1143          27432  java.util.concurrent.CopyOnWriteArrayList
 143:           849          27168  sun.misc.FloatingDecimal$ASCIIToBinaryBuffer
 144:          1451          27024  [Lsun.reflect.generics.tree.TypeArgument;
 145:           562          26976  org.apache.tomcat.util.buf.ByteChunk
 146:           553          26544  java.util.concurrent.locks.ReentrantReadWriteLock$NonfairSync
 147:           530          25440  org.apache.tomcat.util.buf.CharChunk
 148:          1058          25392  java.util.jar.Attributes$Name
 149:           523          25104  org.apache.tomcat.util.buf.MessageBytes
 150:            46          24288  [Lorg.zeroturnaround.bundled.javassist.bytecode.ConstInfo;
 151:          1004          24096  org.springframework.beans.BeanMetadataAttribute
 152:           485          23280  ch.qos.logback.classic.Logger
 153:           725          23200  java.lang.invoke.DirectMethodHandle
 154:           418          22856  [Ljava.nio.ByteBuffer;
 155:           952          22848  java.lang.Double
 156:          1424          22784  org.zeroturnaround.javarebel.integration.util.MiscUtil$3
 157:          1405          22480  sun.reflect.generics.tree.ClassTypeSignature
 158:          1354          21664  com.zeroturnaround.javarebel.gwx
 159:          1354          21664  com.zeroturnaround.javarebel.gwy
 160:          1354          21664  com.zeroturnaround.javarebel.gxd
 161:           451          21648  org.apache.tomcat.util.modeler.OperationInfo
 162:           909          21352  [Ljava.lang.reflect.Type;
 163:          1309          20944  java.util.Collections$UnmodifiableSet
 164:          1303          20848  java.util.HashMap$KeySet
 165:           866          20784  org.springframework.http.MediaType
 166:           518          20720  org.zeroturnaround.bundled.javassist.bytecode.MethodInfo
 167:           642          20544  java.util.Collections$UnmodifiableMap
 168:           509          20360  sun.misc.Cleaner
 169:           839          20136  com.zeroturnaround.javarebel.gup
 170:           419          20112  java.util.WeakHashMap
 171:           626          20032  com.zeroturnaround.javarebel.gds
 172:           834          20016  java.util.regex.Pattern$Slice
 173:           277          19944  com.sun.jmx.remote.util.OrderClassLoaders
 174:           277          19944  javax.management.remote.rmi.RMIConnectionImpl$CombinedClassLoader
 175:           277          19944  javax.management.remote.rmi.RMIConnectionImpl$CombinedClassLoader$ClassLoaderWrapper
 176:           615          19680  org.springframework.asm.Type
 177:          1205          19280  java.util.concurrent.locks.ReentrantLock
 178:           480          19200  java.math.BigInteger
 179:           598          19136  javax.management.MBeanAttributeInfo
 180:           477          19080  java.util.HashMap$ValueIterator
 181:           848          19072  [Lorg.springframework.core.ResolvableType;
 182:           468          18720  java.util.WeakHashMap$Entry
 183:           779          18696  org.zeroturnaround.bundled.javassist.bytecode.NameAndTypeInfo
 184:           738          17712  com.zeroturnaround.javarebel.cmy
 185:           524          17704  [Ljava.lang.CharSequence;
 186:           440          17600  org.springframework.boot.context.properties.source.ConfigurationPropertyName$Elements
 187:           439          17560  org.zeroturnaround.bundled.javassist.bytecode.CodeAttribute
 188:           435          17400  java.io.FileDescriptor
 189:           720          17280  org.springframework.util.ConcurrentReferenceHashMap$ReferenceManager
 190:           233          16776  java.util.concurrent.ScheduledThreadPoolExecutor$ScheduledFutureTask
 191:           695          16680  org.zeroturnaround.bundled.javassist.bytecode.MethodrefInfo
 192:           414          16560  sun.nio.cs.UTF_8$Decoder
 193:           506          16192  java.nio.DirectByteBuffer$Deallocator
 194:           112          16128  java.text.DecimalFormat
 195:           498          15936  org.springframework.messaging.support.ExecutorSubscribableChannel$SendTask
 196:           225          15880  [J
 197:           247          15808  java.nio.DirectByteBuffer
 198:           977          15632  org.springframework.core.ResolvableType$DefaultVariableResolver
 199:           378          15120  org.apache.tomcat.websocket.MessagePart
 200:           627          15048  org.springframework.boot.devtools.filewatch.FolderSnapshot
 201:           371          14840  java.util.HashMap$EntryIterator
 202:           166          14608  com.alibaba.fastjson.serializer.JSONSerializer
 203:           260          14560  java.nio.StringCharBuffer
 204:           606          14544  com.zeroturnaround.javarebel.gi
 205:           259          14504  sun.util.calendar.ZoneInfo
 206:           431          13792  java.lang.invoke.LambdaForm$Name
 207:           844          13504  com.zeroturnaround.reload.aj
 208:           840          13440  com.zeroturnaround.javarebel.abr
 209:           120          13440  java.util.GregorianCalendar
 210:           420          13440  org.springframework.core.SerializableTypeWrapper$MethodParameterTypeProvider
 211:           546          13104  java.util.concurrent.locks.ReentrantReadWriteLock
 212:            47          13048  [Lorg.zeroturnaround.javarebel.integration.util.WeakIdentityHashMap$Entry;
 213:           540          12960  java.lang.ThreadLocal$ThreadLocalMap
 214:           202          12928  java.util.jar.JarFile
 215:           160          12800  java.net.URI
 216:           785          12560  com.zeroturnaround.javarebel.hac
 217:           389          12448  sun.reflect.generics.repository.ClassRepository
 218:           129          12384  org.apache.catalina.webresources.CachedResource
 219:           171          12312  sun.reflect.DelegatingClassLoader
 220:           205          12272  [Ljava.lang.ref.SoftReference;
 221:           378          12128  [Lorg.apache.tomcat.websocket.WsRemoteEndpointImplBase$State;
 222:           301          12040  java.security.AccessControlContext
 223:           250          12000  java.util.zip.Inflater
 224:           498          11952  java.util.Collections$UnmodifiableMap$UnmodifiableEntrySet$1
 225:           498          11952  org.springframework.messaging.support.MessageHeaderAccessor$MutableMessageHeaders
 226:           213          11928  sun.security.ssl.CipherSuite
 227:           462          11872  [Lorg.springframework.asm.Type;
 228:           212          11872  java.util.concurrent.ConcurrentHashMap$ValueIterator
 229:           185          11840  java.text.DecimalFormatSymbols
 230:           133          11704  com.zeroturnaround.javarebel.qe
 231:           120          11520  sun.util.calendar.Gregorian$Date
 232:           286          11440  javax.management.MBeanOperationInfo
 233:           475          11400  sun.reflect.generics.reflectiveObjects.ParameterizedTypeImpl
 234:           237          11376  java.util.StringTokenizer
 235:           472          11328  sun.reflect.NativeMethodAccessorImpl
 236:           457          10968  java.util.Collections$UnmodifiableRandomAccessList
 237:           273          10920  com.zeroturnaround.javarebel.od
 238:           341          10912  sun.misc.FDBigInteger
 239:           194          10864  java.util.ResourceBundle$CacheKey
 240:           193          10808  com.fasterxml.jackson.core.util.TextBuffer
 241:           674          10784  org.zeroturnaround.javarebel.integration.util.MiscUtil$2
 242:           447          10728  sun.reflect.generics.factory.CoreReflectionFactory
 243:           166          10624  com.alibaba.fastjson.serializer.SerializeWriter
 244:           220          10560  java.util.concurrent.ThreadPoolExecutor$Worker
 245:           440          10560  org.springframework.boot.context.properties.source.ConfigurationPropertyName
 246:           439          10536  org.zeroturnaround.bundled.javassist.bytecode.ExceptionTable
 247:           439          10536  org.zeroturnaround.bundled.javassist.bytecode.LineNumberAttribute
 248:           655          10480  com.sun.proxy.$Proxy28
 249:           436          10464  org.springframework.boot.context.properties.source.PropertyMapping
 250:           432          10368  org.springframework.core.convert.converter.GenericConverter$ConvertiblePair
 251:           431          10344  org.springframework.core.io.ClassPathResource
 252:           215          10320  java.util.logging.LogManager$LoggerWeakRef
 253:           410           9840  org.springframework.cglib.core.Signature
 254:           404           9696  com.zeroturnaround.javarebel.agl
 255:           303           9696  org.apache.tomcat.util.modeler.ParameterInfo
 256:           399           9576  java.util.regex.Pattern$Start
 257:           395           9480  sun.reflect.generics.scope.ClassScope
 258:           389           9336  sun.reflect.generics.tree.ClassSignature
 259:           194           9312  java.util.ResourceBundle$BundleReference
 260:           451           9248  [Lorg.apache.tomcat.util.modeler.ParameterInfo;
 261:           159           8904  java.beans.MethodDescriptor
 262:           371           8904  org.zeroturnaround.bundled.javassist.bytecode.ClassInfo
 263:           554           8864  java.util.concurrent.locks.ReentrantReadWriteLock$ReadLock
 264:           554           8864  java.util.concurrent.locks.ReentrantReadWriteLock$Sync$ThreadLocalHoldCounter
 265:           554           8864  java.util.concurrent.locks.ReentrantReadWriteLock$WriteLock
 266:           363           8712  java.util.regex.Pattern$TreeInfo
 267:           363           8712  org.springframework.beans.factory.annotation.InjectionMetadata
 268:           133           8512  org.springframework.util.LinkedCaseInsensitiveMap$1
 269:           354           8496  org.springframework.web.socket.TextMessage
 270:           265           8480  org.apache.logging.slf4j.SLF4JLogger
 271:           528           8448  java.util.HashMap$EntrySet
 272:           389           8384  [Lsun.reflect.generics.tree.ClassTypeSignature;
 273:           261           8352  java.util.zip.ZipCoder
 274:           169           8112  java.lang.invoke.LambdaForm
 275:           507           8112  java.util.Collections$UnmodifiableMap$UnmodifiableEntrySet
 276:           507           8112  org.apache.commons.logging.LogAdapter$Log4jLog
 277:           202           8080  org.springframework.beans.factory.annotation.InitDestroyAnnotationBeanPostProcessor$LifecycleMetadata
 278:           335           8040  org.apache.catalina.LifecycleEvent
 279:           249           7968  java.io.FileInputStream
 280:           332           7968  org.springframework.messaging.simp.SimpMessageHeaderAccessor
 281:           332           7968  org.springframework.messaging.support.AbstractMessageChannel$ChannelInterceptorChain
 282:           332           7968  org.springframework.messaging.support.GenericMessage
 283:            66           7920  org.springframework.beans.factory.annotation.AnnotatedGenericBeanDefinition
 284:           448           7792  [Lsun.reflect.generics.tree.FormalTypeParameter;
 285:           174           7720  [Ljava.lang.invoke.LambdaForm$Name;
 286:           320           7680  com.zeroturnaround.javarebel.gvb
 287:           315           7560  java.io.ByteArrayOutputStream
 288:           236           7552  org.apache.tomcat.util.net.NioBlockingSelector$BlockPoller$RunnableRemove
 289:           104           7488  java.util.logging.Logger
 290:           234           7488  java.util.regex.Pattern$Curly
 291:           231           7392  org.apache.tomcat.util.http.ValuesEnumerator
 292:           307           7368  java.beans.MethodRef
 293:           225           7200  java.util.AbstractList$Itr
 294:           175           7000  java.util.IdentityHashMap
 295:           437           6992  org.springframework.core.convert.support.GenericConversionService$ConvertersForPair
 296:           109           6976  java.text.SimpleDateFormat
 297:           335           6968  [Lorg.apache.catalina.Container;
 298:           124           6944  java.lang.invoke.MethodTypeForm
 299:           216           6912  javax.management.MBeanParameterInfo
 300:            48           6872  [S
 301:            78           6864  com.zeroturnaround.javarebel.gdm
 302:           286           6864  java.util.ArrayDeque
 303:           277           6648  com.zeroturnaround.javarebel.oo
 304:           118           6608  org.springframework.core.ResolvableType$1
 305:           165           6600  java.util.ArrayList$SubList
 306:           165           6600  java.util.ArrayList$SubList$1
 307:           136           6528  java.util.TreeMap
 308:           203           6496  com.zeroturnaround.javarebel.gdo
 309:           404           6464  java.util.regex.Pattern$Dot
 310:           201           6432  java.util.RegularEnumSet
 311:           267           6408  org.apache.logging.log4j.message.DefaultFlowMessageFactory
 312:           200           6400  sun.security.util.ObjectIdentifier
 313:           263           6312  org.springframework.boot.autoconfigure.condition.ConditionEvaluationReport$ConditionAndOutcome
 314:           263           6312  org.springframework.boot.autoconfigure.condition.ConditionOutcome
 315:           194           6208  java.util.ResourceBundle$LoaderReference
 316:           256           6144  java.util.zip.ZStreamRef
 317:           187           5984  java.lang.invoke.BoundMethodHandle$Species_L
 318:           180           5760  org.springframework.core.convert.support.GenericConversionService$ConverterAdapter
 319:           179           5728  java.util.TreeMap$ValueIterator
 320:            59           5664  java.util.jar.JarFile$JarFileEntry
 321:           176           5632  java.util.regex.Pattern$BnM
 322:           229           5496  sun.nio.ch.Util$BufferCache
 323:           247           5448  [Lsun.reflect.generics.tree.FieldTypeSignature;
 324:           169           5408  org.springframework.cglib.proxy.MethodProxy
 325:            83           5384  [Ljavax.management.MBeanAttributeInfo;
 326:           168           5376  java.io.DataOutputStream
 327:           168           5376  org.zeroturnaround.javarebel.integration.util.WeakUtil$WeakListenerReference
 328:           223           5352  java.util.regex.Pattern$Single
 329:           223           5352  org.springframework.beans.MutablePropertyValues
 330:           167           5344  java.util.logging.LogManager$LogNode
 331:           166           5312  com.alibaba.fastjson.serializer.SerialContext
 332:           166           5312  org.springframework.messaging.simp.broker.SimpleBrokerMessageHandler$$Lambda$472/707873527
 333:           166           5312  org.springframework.messaging.simp.user.DefaultUserDestinationResolver$ParseResult
 334:           166           5312  org.springframework.messaging.simp.user.UserDestinationResult
 335:           216           5184  org.zeroturnaround.javarebel.integration.spring.beans.BeanWithDefinition
 336:           215           5160  com.fasterxml.jackson.databind.type.ClassKey
 337:           321           5136  java.util.jar.Attributes
 338:            91           5096  sun.misc.URLClassPath$JarLoader
 339:           127           5080  com.fasterxml.jackson.databind.introspect.AnnotatedMethod
 340:           126           5040  java.io.BufferedInputStream
 341:           209           5016  javax.management.ImmutableDescriptor
 342:           203           4872  com.zeroturnaround.javarebel.aaf
 343:           101           4848  com.zeroturnaround.javarebel.gzv
 344:           151           4832  com.sun.jmx.mbeanserver.ConvertingMethod
 345:           200           4800  com.fasterxml.jackson.core.io.JsonStringEncoder
 346:           198           4752  java.lang.invoke.LambdaForm$NamedFunction
 347:           118           4720  java.io.ObjectStreamField
 348:            59           4720  sun.net.www.protocol.jar.URLJarFile
 349:           173           4712  [Ljava.lang.annotation.ElementType;
 350:           195           4680  java.util.concurrent.Executors$RunnableAdapter
 351:           193           4632  org.zeroturnaround.bundled.javassist.bytecode.StackMapTable
 352:           192           4608  org.springframework.scheduling.support.DelegatingErrorHandlingRunnable
 353:           190           4560  org.springframework.web.socket.sockjs.transport.session.AbstractSockJsSession$HeartbeatTask
 354:           112           4480  java.text.DigitList
 355:            62           4464  com.fasterxml.jackson.databind.ser.DefaultSerializerProvider$Impl
 356:           183           4392  org.hibernate.validator.internal.engine.constraintvalidation.ClassBasedValidatorDescriptor
 357:           274           4384  com.sun.proxy.$Proxy34
 358:           273           4368  java.lang.Byte
 359:            54           4320  com.alibaba.fastjson.util.FieldInfo
 360:           135           4320  java.net.URI$Parser
 361:           266           4256  org.apache.logging.log4j.message.ParameterizedMessageFactory
 362:           176           4224  org.springframework.boot.web.server.MimeMappings$Mapping
 363:           263           4208  org.springframework.boot.autoconfigure.condition.ConditionMessage
 364:            87           4176  sun.nio.cs.StreamDecoder
 365:           169           4160  [Ljavax.management.MBeanParameterInfo;
 366:           129           4128  sun.security.util.DerInputBuffer
 367:           129           4128  sun.security.util.DerValue
 368:           128           4096  java.io.FileOutputStream
 369:           256           4096  java.lang.Short
 370:            85           4080  java.io.BufferedReader
 371:           170           4080  org.springframework.web.socket.sockjs.frame.SockJsFrame
 372:           127           4064  com.sun.org.apache.xerces.internal.xni.QName
 373:           127           4064  java.lang.invoke.DirectMethodHandle$Special
 374:           101           4040  java.lang.reflect.Parameter
 375:            72           4032  java.util.Calendar$Builder
 376:           166           3984  org.springframework.messaging.simp.stomp.StompHeaderAccessor
 377:           124           3968  com.alibaba.fastjson.util.IdentityHashMap$Entry
 378:           123           3936  java.lang.ProcessImpl
 379:            82           3936  javax.management.MBeanInfo
 380:           241           3856  com.zeroturnaround.javarebel.az
 381:           160           3840  com.zeroturnaround.javarebel.abm
 382:            10           3840  org.apache.tomcat.util.threads.TaskThread
 383:            68           3808  org.apache.tomcat.util.modeler.ManagedBean
 384:           118           3776  java.security.Permissions
 385:           156           3744  javax.management.ObjectName$Property
 386:           115           3680  java.io.FilePermission
 387:           131           3664  [Ljavax.management.ObjectName$Property;
 388:            91           3640  sun.nio.fs.WindowsPath
 389:           226           3616  org.springframework.boot.autoconfigure.condition.ConditionEvaluationReport$ConditionAndOutcomes
 390:           113           3616  org.springframework.cglib.proxy.MethodProxy$CreateInfo
 391:            45           3600  [Lorg.springframework.util.ConcurrentReferenceHashMap$Segment;
 392:            64           3584  org.hibernate.validator.internal.util.ConcurrentReferenceHashMap$Segment
 393:           149           3576  org.zeroturnaround.bundled.javassist.bytecode.SignatureAttribute
 394:            37           3552  org.springframework.beans.GenericTypeAwarePropertyDescriptor
 395:           220           3520  com.fasterxml.jackson.databind.introspect.AnnotationMap
 396:           146           3504  java.security.Provider$UString
 397:            72           3456  java.util.WeakHashMap$KeyIterator
 398:           107           3424  java.security.BasicPermissionCollection
 399:            85           3400  org.zeroturnaround.bundled.javassist.bytecode.FieldInfo
 400:           141           3384  com.zeroturnaround.javarebel.ax
 401:           141           3384  org.apache.catalina.webresources.EmptyResource
 402:           138           3312  com.zeroturnaround.javarebel.fd
 403:           205           3280  com.zeroturnaround.jrebelbase.reflection.u
 404:           135           3240  java.net.URLClassLoader$2
 405:            36           3200  [Lcom.zeroturnaround.javarebel.gzv;
 406:            37           3200  [Ljava.lang.invoke.MethodHandle;
 407:           133           3192  com.zeroturnaround.javarebel.pv
 408:           133           3192  org.springframework.util.LinkedCaseInsensitiveMap
 409:            33           3168  com.sysmin.core.jvm.domain.jstat.GcHeapDO
 410:            49           3136  javax.management.openmbean.OpenMBeanAttributeInfoSupport
 411:           130           3120  org.apache.tomcat.util.http.MimeHeaderField
 412:            97           3104  org.springframework.cglib.proxy.MethodProxy$FastClassInfo
 413:           129           3096  sun.security.util.DerInputStream
 414:           127           3048  java.io.BufferedOutputStream
 415:            95           3040  java.util.LinkedHashMap$LinkedValueIterator
 416:           126           3024  [Lsun.security.x509.AVA;
 417:            54           3024  com.alibaba.fastjson.serializer.FieldSerializer
 418:           189           3024  org.apache.tomcat.websocket.WsRemoteEndpointImplBase$BlockingSendHandler
 419:           126           3024  sun.security.x509.AVA
 420:           126           3024  sun.security.x509.RDN
 421:            29           3016  java.io.ObjectStreamClass
 422:           158           2992  [Lcom.sun.jmx.mbeanserver.MXBeanMapping;
 423:            90           2880  com.fasterxml.jackson.databind.ser.impl.ReadOnlyClassToSerializerMap$Bucket
 424:            90           2880  org.zeroturnaround.javarebel.integration.monitor.MonitoredResource
 425:           178           2848  org.springframework.util.MimeType$$Lambda$456/796273739
 426:           118           2832  java.lang.RuntimePermission
 427:           118           2832  java.util.Arrays$ArrayList
 428:            88           2816  org.zeroturnaround.bundled.javassist.bytecode.ExceptionTableEntry
 429:           168           2808  [Lcom.alibaba.fastjson.serializer.SerializerFeature;
 430:            50           2800  java.util.zip.ZipFile$ZipFileInflaterInputStream
 431:            50           2800  java.util.zip.ZipFile$ZipFileInputStream
 432:            58           2784  java.util.concurrent.ConcurrentHashMap$TreeNode
 433:            87           2784  org.zeroturnaround.javarebel.reporting.stats.repository.impl.DayHolder
 434:            87           2784  sun.reflect.generics.reflectiveObjects.TypeVariableImpl
 435:           172           2752  com.zeroturnaround.javarebel.SDKLoggerImpl
 436:            64           2688  [Lorg.hibernate.validator.internal.util.ConcurrentReferenceHashMap$HashEntry;
 437:            56           2688  com.sysmin.core.log.Log
 438:            84           2688  org.apache.catalina.util.ManifestResource
 439:            37           2664  java.beans.PropertyDescriptor
 440:           111           2664  java.io.FilePermissionCollection
 441:           166           2656  org.springframework.messaging.support.MessageHeaderAccessor$$Lambda$473/1671748845
 442:            66           2640  javax.management.ObjectName
 443:            66           2640  org.springframework.cglib.proxy.Enhancer$EnhancerKey$$KeyFactoryByCGLIB$$4ce19e8f
 444:            71           2624  [Ljavax.management.MBeanOperationInfo;
 445:            46           2576  org.zeroturnaround.javarebel.integration.util.WeakIdentityHashMap
 446:           105           2520  org.zeroturnaround.bundled.javassist.bytecode.FieldrefInfo
 447:            22           2464  org.springframework.context.annotation.ScannedGenericBeanDefinition
 448:           102           2448  org.zeroturnaround.javarebel.integration.util.WeakUtil$WeakClassEventListenerAdapter
 449:            75           2400  java.lang.reflect.WeakCache$CacheValue
 450:            23           2392  com.fasterxml.jackson.databind.ser.impl.FilteredBeanPropertyWriter$MultiView
 451:            33           2376  com.sysmin.core.jvm.domain.jstat.GcUtilDO
 452:           105           2360  [Ljava.lang.reflect.TypeVariable;
 453:            98           2352  org.springframework.boot.context.properties.ConfigurationBeanFactoryMetadata$FactoryMetadata
 454:            73           2336  java.net.InetAddress$InetAddressHolder
 455:            96           2304  org.springframework.core.convert.TypeDescriptor$AnnotatedElementAdapter
 456:            96           2304  org.zeroturnaround.bundled.javassist.bytecode.StringInfo
 457:            19           2280  java.net.SocksSocketImpl
 458:            23           2208  com.fasterxml.jackson.databind.ser.BeanPropertyWriter
 459:            91           2184  org.springframework.core.io.FileSystemResource
 460:            91           2184  sun.reflect.generics.tree.FormalTypeParameter
 461:            90           2160  org.springframework.core.convert.TypeDescriptor
 462:            90           2160  org.zeroturnaround.javarebel.support.FileResource
 463:            45           2160  sun.util.locale.LocaleObjectCache$CacheEntry
 464:            67           2144  java.lang.reflect.Proxy$Key1
 465:            67           2144  java.util.TreeMap$KeyIterator
 466:            67           2144  org.springframework.http.HttpStatus
 467:           133           2128  com.sun.proxy.$Proxy21
 468:            19           2128  org.springframework.beans.factory.support.GenericBeanDefinition
 469:            38           2128  org.springframework.web.method.HandlerMethod
 470:            53           2120  sun.security.ec.NamedCurve
 471:            19           2096  [Lorg.springframework.boot.context.properties.source.PropertyMapping;
 472:            87           2088  java.io.InputStreamReader
 473:            65           2080  org.springframework.cglib.core.WeakCacheKey
 474:            65           2080  org.springframework.cglib.proxy.Enhancer$EnhancerFactoryData
 475:            65           2080  sun.reflect.annotation.AnnotationType
 476:            15           2064  [[B
 477:            86           2064  org.springframework.util.MimeType$$Lambda$91/882356814
 478:            64           2048  com.zeroturnaround.reload.e
 479:           128           2048  java.lang.Character
 480:            85           2040  java.util.Collections$SetFromMap
 481:            50           2000  com.zeroturnaround.javarebel.awm
 482:           125           2000  java.lang.ThreadLocal
 483:            82           1968  com.zeroturnaround.javarebel.gtf
 484:            81           1944  com.zeroturnaround.jrebelbase.reflection.n
 485:            81           1944  com.zeroturnaround.jrebelbase.reflection.s
 486:            48           1920  sun.reflect.generics.repository.MethodRepository
 487:            59           1888  sun.reflect.generics.tree.MethodTypeSignature
 488:            47           1880  sun.util.locale.BaseLocale$Key
 489:            78           1872  com.zeroturnaround.javarebel.gdn
 490:            78           1872  com.zeroturnaround.javarebel.gdp
 491:            78           1872  com.zeroturnaround.javarebel.gdr
 492:            78           1872  java.util.regex.Pattern$GroupHead
 493:            78           1872  java.util.regex.Pattern$GroupTail
 494:           116           1856  org.springframework.expression.common.LiteralExpression
 495:            33           1848  com.sysmin.core.jvm.domain.JstackDO
 496:            77           1848  java.util.Collections$SingletonList
 497:            45           1800  org.springframework.util.ConcurrentReferenceHashMap
 498:            56           1792  org.zeroturnaround.javarebel.preferences.PreferencesTransaction$1
 499:            37           1776  org.springframework.web.servlet.mvc.method.RequestMappingInfo
 500:            74           1768  [Ljava.lang.reflect.Parameter;
 501:            71           1712  [Lcom.fasterxml.jackson.databind.JavaType;
 502:            71           1704  java.io.ExpiringCache$Entry
 503:            53           1696  java.security.spec.EllipticCurve
 504:            35           1680  com.zeroturnaround.javarebel.gzo
 505:            30           1680  org.apache.tomcat.util.res.StringManager$1
 506:            19           1672  java.net.DualStackPlainSocketImpl
 507:            26           1664  com.fasterxml.jackson.databind.introspect.AnnotatedClass
 508:            41           1640  org.springframework.core.log.CompositeLog
 509:            34           1632  com.fasterxml.jackson.databind.type.SimpleType
 510:            51           1632  org.springframework.format.support.FormattingConversionService$AnnotationParserConverter
 511:            51           1632  org.springframework.format.support.FormattingConversionService$AnnotationPrinterConverter
 512:            68           1632  org.zeroturnaround.bundled.javassist.bytecode.InterfaceMethodrefInfo
 513:            67           1608  org.springframework.boot.autoconfigure.condition.OnClassCondition
 514:            67           1608  org.springframework.core.type.StandardAnnotationMetadata
 515:            25           1600  org.zeroturnaround.bundled.javassist.CtClassType
 516:            40           1600  sun.management.DiagnosticCommandArgumentInfo
 517:            33           1584  com.fasterxml.jackson.core.json.JsonWriteContext
 518:            33           1584  com.sysmin.core.jvm.domain.jstat.ClassLoaderDO
 519:            33           1584  com.sysmin.core.jvm.domain.jstat.CompilerDO
 520:            66           1584  com.zeroturnaround.reload.d
 521:            14           1568  sun.nio.ch.SocketChannelImpl
 522:            65           1560  com.sun.jmx.mbeanserver.NamedObject
 523:            65           1560  org.apache.tomcat.util.http.parser.Cookie$ByteBuffer
 524:            96           1536  java.util.HashMap$Values
 525:            96           1536  java.util.WeakHashMap$KeySet
 526:            48           1536  java.util.regex.Pattern$Branch
 527:            64           1536  org.springframework.util.MimeType
 528:            96           1536  sun.reflect.generics.tree.TypeVariableSignature
 529:            63           1512  com.fasterxml.jackson.databind.introspect.MemberKey
 530:            93           1488  com.sun.proxy.$Proxy11
 531:            62           1488  java.util.concurrent.locks.AbstractQueuedSynchronizer$ConditionObject
 532:            92           1472  com.sun.proxy.$Proxy36
 533:            46           1472  org.springframework.boot.context.properties.bind.JavaBeanBinder$BeanProperty
 534:            91           1456  java.util.concurrent.atomic.AtomicInteger
 535:            48           1448  [Ljava.util.regex.Pattern$Node;
 536:            30           1440  java.time.temporal.ValueRange
 537:            59           1416  org.springframework.boot.autoconfigure.condition.OnBeanCondition
 538:            35           1400  org.springframework.core.annotation.AnnotationUtils$AliasDescriptor
 539:            16           1392  [Ljava.lang.Byte;
 540:            87           1392  sun.reflect.BootstrapConstructorAccessorImpl
 541:            50           1384  [Ljava.io.ObjectStreamField;
 542:            59           1384  [Lsun.reflect.generics.tree.TypeSignature;
 543:             1           1376  [Lsun.misc.FDBigInteger;
 544:            43           1376  sun.reflect.generics.reflectiveObjects.WildcardTypeImpl
 545:            43           1376  sun.security.x509.AlgorithmId
 546:            57           1368  java.util.regex.Pattern$BitClass
 547:            57           1368  org.zeroturnaround.bundled.javassist.bytecode.ExceptionsAttribute
 548:            42           1344  [Ljava.time.format.DateTimeFormatterBuilder$DateTimePrinterParser;
 549:            42           1344  org.springframework.format.support.FormattingConversionService$PrinterConverter
 550:            28           1344  sun.security.x509.X500Name
 551:            33           1320  com.sysmin.core.jvm.domain.jstat.CompilationDO
 552:            41           1312  com.zeroturnaround.javarebel.fxz
 553:            54           1296  com.alibaba.fastjson.serializer.BeanContext
 554:            54           1296  java.security.spec.ECPoint
 555:            81           1296  java.util.TreeSet
 556:            53           1280  [Lcom.fasterxml.jackson.databind.introspect.AnnotationMap;
 557:            39           1280  [Ljava.math.BigInteger;
 558:            40           1280  com.fasterxml.jackson.databind.util.TypeKey
 559:            32           1280  java.util.PropertyResourceBundle
 560:            20           1280  sun.nio.ch.FileChannelImpl
 561:            53           1272  org.springframework.core.annotation.AnnotationUtils$AnnotationCacheKey
 562:            79           1264  java.util.TreeMap$KeySet
 563:            79           1264  org.apache.juli.logging.DirectJDKLog
 564:            31           1240  org.apache.tomcat.util.modeler.BaseModelMBean
 565:             7           1232  org.apache.coyote.Request
 566:            51           1224  java.util.Collections$SynchronizedSet
 567:            76           1216  com.sun.proxy.$Proxy39
 568:            38           1216  com.zeroturnaround.javarebel.gdi
 569:            19           1216  org.zeroturnaround.bundled.javassist.bytecode.ClassFile
 570:            30           1200  java.math.BigDecimal
 571:            30           1200  java.time.format.DateTimeFormatter
 572:            30           1200  java.time.temporal.ChronoField
 573:            50           1200  java.util.jar.Manifest
 574:            25           1200  org.springframework.web.context.request.ServletWebRequest
 575:            15           1200  org.springframework.web.servlet.mvc.method.annotation.ExtendedServletRequestDataBinder
 576:            37           1184  java.lang.StringCoding$StringEncoder
 577:            37           1184  org.springframework.web.servlet.mvc.condition.PatternsRequestCondition
 578:            49           1176  java.util.concurrent.atomic.AtomicLong
 579:            49           1176  java.util.regex.Pattern$Ctype
 580:             7           1176  org.apache.catalina.connector.Request
 581:            73           1168  org.springframework.beans.factory.support.ConstructorResolver$AutowiredArgumentMarker
 582:            24           1152  com.fasterxml.jackson.databind.introspect.BasicBeanDescription
 583:            36           1152  com.fasterxml.jackson.databind.introspect.POJOPropertyBuilder$Linked
 584:             8           1152  org.apache.tomcat.util.net.NioEndpoint$NioSocketWrapper
 585:            48           1152  sun.reflect.generics.scope.MethodScope
 586:            48           1152  sun.reflect.generics.tree.Wildcard
 587:            69           1136  [Lorg.springframework.web.bind.annotation.RequestMethod;
 588:            47           1128  java.util.Locale$LocaleKey
 589:            47           1128  org.springframework.core.convert.support.GenericConversionService$ConverterCacheKey
 590:            47           1128  org.zeroturnaround.javarebel.integration.util.WeakUtil$WeakClassBytecodeProcessorAdapter
 591:             6           1120  [Lcom.fasterxml.jackson.databind.ser.impl.ReadOnlyClassToSerializerMap$Bucket;
 592:            35           1120  java.lang.ProcessBuilder
 593:            35           1120  java.time.format.DateTimeFormatterBuilder$NumberPrinterParser
 594:            14           1120  sun.security.x509.X509CertImpl
 595:            46           1104  com.zeroturnaround.javarebel.cmz
 596:            46           1096  [Lcom.zeroturnaround.javarebel.oc;
 597:            68           1088  [Lorg.apache.tomcat.util.modeler.NotificationInfo;
 598:            34           1088  com.fasterxml.jackson.databind.type.TypeBindings
 599:            68           1088  java.io.FileInputStream$1
 600:            17           1088  org.apache.catalina.mapper.MappingData
 601:            15           1080  org.springframework.web.method.HandlerMethod$HandlerMethodParameter
 602:            67           1072  com.sun.proxy.$Proxy4
 603:            67           1072  org.apache.catalina.webresources.Cache$EvictionOrder
 604:            67           1072  org.zeroturnaround.javarebel.integration.util.MonitorUtil$Counter
 605:             2           1056  [Ljava.lang.Integer;
 606:             2           1056  [Ljava.lang.Long;
 607:             2           1056  [Ljava.lang.Short;
 608:            11           1056  com.fasterxml.jackson.core.json.UTF8JsonGenerator
 609:            22           1056  java.util.Properties
 610:            44           1056  org.apache.coyote.ActionCode
 611:             1           1040  [Lsun.text.normalizer.UnicodeSet;
 612:            65           1040  org.springframework.context.annotation.ConfigurationClassEnhancer$BeanFactoryAwareGeneratorStrategy
 613:            26           1040  org.springframework.web.context.request.ServletRequestAttributes
 614:            13           1040  org.springframework.web.method.HandlerMethod$ReturnValueMethodParameter
 615:            26           1040  sun.util.locale.InternalLocaleBuilder
 616:            26           1040  sun.util.locale.LanguageTag
 617:            26           1040  sun.util.locale.StringTokenIterator
 618:            28           1008  [Lsun.security.x509.RDN;
 619:            63           1008  com.sun.proxy.$Proxy1
 620:            63           1008  com.sun.proxy.$Proxy7
 621:            42           1008  java.time.format.DateTimeFormatterBuilder$CompositePrinterParser
 622:            42           1008  org.springframework.format.support.FormattingConversionService$ParserConverter
 623:            42           1008  org.springframework.util.AntPathMatcher$AntPathStringMatcher
 624:            14           1008  org.springframework.web.servlet.mvc.method.annotation.ServletInvocableHandlerMethod
 625:            21           1008  sun.util.locale.provider.LocaleResources$ResourceReference
 626:            25           1000  sun.security.ssl.SupportedEllipticCurvesExtension$NamedEllipticCurve
 627:            61            976  java.util.concurrent.atomic.AtomicReference
 628:            60            960  com.zeroturnaround.javarebel.gvc
 629:            30            960  java.security.Provider$EngineDescription
 630:            24            960  org.springframework.beans.factory.support.DisposableBeanAdapter
 631:            40            952  [Ljava.security.cert.Certificate;
 632:            59            944  org.zeroturnaround.javarebel.integration.monitor.MonitoredResource$1
 633:            13            936  org.springframework.web.context.request.async.StandardServletAsyncWebRequest
 634:            29            928  java.io.ObjectStreamClass$WeakClassKey
 635:            10            912  [D
 636:            19            912  [[Lorg.zeroturnaround.bundled.javassist.bytecode.ConstInfo;
 637:            57            912  java.io.FileOutputStream$1
 638:            19            912  sun.management.DiagnosticCommandInfo
 639:            14            896  [Lorg.apache.tomcat.util.http.MimeHeaderField;
 640:            28            896  com.fasterxml.jackson.databind.DeserializationFeature
 641:            16            896  com.fasterxml.jackson.databind.type.CollectionType
 642:            56            896  org.springframework.util.CollectionUtils$MultiValueMapAdapter
 643:            16            896  sun.security.util.MemoryCache$SoftCacheEntry
 644:            22            880  com.fasterxml.jackson.databind.ObjectWriter
 645:            22            880  com.sun.jmx.mbeanserver.MXBeanSupport
 646:            55            880  java.util.concurrent.atomic.AtomicBoolean
 647:            36            864  com.sun.org.apache.xerces.internal.util.XMLStringBuffer
 648:            54            864  com.sun.proxy.$Proxy6
 649:            36            864  com.zeroturnaround.javarebel.gly
 650:            27            864  java.net.Inet6Address
 651:            27            864  java.net.Inet6Address$Inet6AddressHolder
 652:            18            864  java.util.EnumMap
 653:            36            864  org.zeroturnaround.javarebel.integration.util.WeakUtil$1
 654:            35            840  java.lang.ProcessImpl$2
 655:            15            840  javax.management.openmbean.ArrayType
 656:            39            832  [Lorg.springframework.web.servlet.HandlerInterceptor;
 657:            26            832  com.fasterxml.jackson.databind.MapperFeature
 658:            26            832  org.hibernate.validator.internal.engine.valueextraction.ValueExtractorDescriptor
 659:            13            832  org.springframework.web.servlet.FlashMap
 660:            45            816  [Ljavax.management.MBeanNotificationInfo;
 661:             5            800  [Ljava.lang.Thread;
 662:            25            800  com.fasterxml.jackson.core.io.SerializedString
 663:            25            800  org.springframework.http.server.ServletServerHttpRequest
 664:            33            792  com.zeroturnaround.javarebel.ur
 665:            33            792  java.net.InetSocketAddress$InetSocketAddressHolder
 666:            33            792  org.springframework.beans.factory.config.ConstructorArgumentValues
 667:             7            784  org.apache.coyote.Response
 668:             2            784  org.springframework.boot.devtools.restart.Restarter$LeakSafeThread
 669:            14            784  sun.nio.cs.ISO_8859_1$Encoder
 670:            14            784  sun.security.x509.X509CertInfo
 671:             8            768  [Lcom.sun.org.apache.xerces.internal.xni.QName;
 672:            24            768  com.fasterxml.jackson.databind.introspect.AnnotatedField
 673:            32            768  com.sun.jmx.mbeanserver.DefaultMXBeanMappingFactory$IdentityMapping
 674:            16            768  com.sun.org.apache.xerces.internal.util.XMLAttributesImpl$Attribute
 675:            48            768  java.util.regex.Pattern$BranchConn
 676:            12            768  java.util.stream.ReferencePipeline$3
 677:            16            768  org.springframework.beans.SimpleTypeConverter
 678:            12            768  org.springframework.web.context.support.ServletRequestHandledEvent
 679:            24            768  org.springframework.web.servlet.handler.AbstractHandlerMethodMapping$MappingRegistration
 680:            24            768  sun.security.x509.OIDMap$OIDInfo
 681:            19            760  org.apache.tomcat.util.collections.ManagedConcurrentWeakHashMap$Key
 682:            31            744  com.sun.org.apache.xerces.internal.xni.XMLString
 683:            31            744  com.zeroturnaround.javarebel.guf
 684:            31            744  java.net.Inet4Address
 685:            23            736  com.fasterxml.jackson.databind.SerializationFeature
 686:            23            736  com.sun.jmx.mbeanserver.WeakIdentityHashMap$IdentityWeakReference
 687:            44            728  [Ljavax.management.MBeanConstructorInfo;
 688:            13            728  java.lang.invoke.LambdaFormEditor$Transform
 689:             7            728  org.apache.coyote.http11.Http11Processor
 690:            13            728  org.springframework.http.CacheControl
 691:            13            728  org.springframework.validation.support.BindingAwareModelMap
 692:            13            728  org.springframework.web.util.UriComponentsBuilder
 693:             5            720  [Lcom.fasterxml.jackson.core.sym.CharsToNameCanonicalizer$Bucket;
 694:             9            720  [Lcom.zeroturnaround.javarebel.avx;
 695:             5            720  [Ljava.beans.MethodDescriptor;
 696:            30            720  com.alibaba.fastjson.serializer.SerializerFeature
 697:             9            720  com.zeroturnaround.javarebel.gdq
 698:            15            720  java.lang.management.PlatformComponent
 699:            30            720  java.util.concurrent.ConcurrentHashMap$KeySetView
 700:            30            720  java.util.concurrent.ConcurrentLinkedQueue$Node
 701:            30            720  java.util.regex.Pattern$7
 702:            30            720  org.apache.tomcat.util.res.StringManager
 703:            18            720  org.hibernate.validator.internal.metadata.aggregated.CascadingMetaDataBuilder
 704:            30            720  org.jboss.logging.Log4j2Logger
 705:            22            704  java.util.Locale
 706:            17            680  org.springframework.util.AntPathMatcher
 707:            17            680  sun.nio.ch.FileKey
 708:            12            672  com.fasterxml.jackson.databind.introspect.POJOPropertyBuilder
 709:            28            672  com.zeroturnaround.javarebel.gue
 710:            21            672  java.util.PropertyPermission
 711:            12            672  java.util.stream.ReferencePipeline$Head
 712:            28            672  org.springframework.context.event.AbstractApplicationEventMulticaster$ListenerCacheKey
 713:            12            672  sun.security.ssl.CipherSuite$BulkCipher
 714:            21            672  sun.util.locale.BaseLocale
 715:             9            648  com.zeroturnaround.javarebel.ggp
 716:            12            640  [Lcom.alibaba.fastjson.serializer.FieldSerializer;
 717:            12            640  [Lcom.alibaba.fastjson.util.FieldInfo;
 718:            40            640  com.sun.proxy.$Proxy51
 719:            20            640  java.io.RandomAccessFile
 720:            40            640  java.util.Collections$SingletonSet
 721:            20            640  org.zeroturnaround.javarebel.reporting.MessageType
 722:            16            640  sun.misc.FloatingDecimal$BinaryToASCIIBuffer
 723:            20            640  sun.security.x509.URIName
 724:             3            624  [Ljava.lang.invoke.LambdaForm;
 725:            13            624  com.fasterxml.jackson.core.JsonToken
 726:            26            624  java.security.spec.ECFieldF2m
 727:            26            624  java.time.Duration
 728:            13            624  java.util.TreeMap$AscendingSubMap
 729:            39            624  java.util.regex.Pattern$CharPropertyNames$1
 730:            26            624  org.apache.tomcat.util.http.parser.AcceptLanguage
 731:            26            624  org.hibernate.validator.internal.engine.valueextraction.ValueExtractorDescriptor$Key
 732:            13            624  org.springframework.web.method.support.ModelAndViewContainer
 733:            26            624  org.springframework.web.servlet.mvc.condition.ProducesRequestCondition
 734:            13            624  org.springframework.web.util.HierarchicalUriComponents
 735:            26            624  sun.util.locale.ParseStatus
 736:            11            616  com.fasterxml.jackson.core.io.IOContext
 737:            11            616  com.fasterxml.jackson.databind.cfg.BaseSettings
 738:             7            616  org.apache.coyote.RequestInfo
 739:             7            616  org.apache.coyote.http11.Http11InputBuffer
 740:            19            608  org.zeroturnaround.bundled.javassist.bytecode.ConstPool
 741:            19            608  sun.management.DiagnosticCommandImpl$Wrapper
 742:            15            600  com.sun.jmx.mbeanserver.PerInterface
 743:            25            600  com.sun.jmx.mbeanserver.PerInterface$MethodAndSig
 744:            25            600  com.zeroturnaround.jrebel.bundled.org.apache.commons.logging.impl.SLF4JLog
 745:            15            600  java.lang.invoke.DirectMethodHandle$Accessor
 746:            25            600  org.springframework.http.server.ServletServerHttpResponse
 747:            25            600  org.springframework.http.server.ServletServerHttpResponse$ServletResponseHttpHeaders
 748:            15            600  sun.nio.ch.FileLockImpl
 749:            25            600  sun.nio.cs.CharsetMapping$Entry
 750:            37            592  org.springframework.web.servlet.mvc.condition.RequestConditionHolder
 751:             9            576  com.zeroturnaround.javarebel.axz
 752:            18            576  java.lang.StringCoding$StringDecoder
 753:            12            576  org.hibernate.validator.internal.metadata.raw.ConstrainedExecutable
 754:            18            576  org.springframework.context.event.AbstractApplicationEventMulticaster$ListenerRetriever
 755:            24            576  org.springframework.web.util.UrlPathHelper
 756:            18            576  org.zeroturnaround.jrebel.stats.id.container.ServerType
 757:            10            560  com.fasterxml.jackson.databind.type.MapType
 758:            35            560  java.nio.channels.spi.AbstractInterruptibleChannel$1
 759:            14            560  javax.management.openmbean.SimpleType
 760:            14            560  org.apache.tomcat.util.http.ServerCookie
 761:            14            560  org.springframework.beans.propertyeditors.CustomNumberEditor
 762:            10            560  sun.invoke.util.Wrapper
 763:            10            560  sun.security.provider.SHA
 764:             4            552  [Ljava.util.concurrent.RunnableScheduledFuture;
 765:            23            552  com.alibaba.fastjson.parser.Feature
 766:            23            552  java.util.regex.Pattern$1
 767:            23            552  java.util.regex.Pattern$5
 768:            23            552  java.util.regex.Pattern$CharProperty$1
 769:             2            544  [Ljava.lang.Character;
 770:            17            544  com.sun.org.apache.xerces.internal.util.AugmentationsImpl$SmallContainer
 771:            17            544  java.lang.ConditionalSpecialCasing$Entry
 772:            34            544  java.time.format.DateTimeFormatterBuilder$CharLiteralPrinterParser
 773:            17            544  org.springframework.core.annotation.DefaultAnnotationAttributeExtractor
 774:             1            536  org.springframework.boot.web.embedded.tomcat.TomcatEmbeddedContext
 775:            22            528  com.fasterxml.jackson.databind.type.TypeBindings$AsKey
 776:            22            528  com.zeroturnaround.licensing.b
 777:            22            528  java.io.ObjectStreamClass$ClassDataSlot
 778:            33            528  java.net.InetSocketAddress
 779:            22            528  java.util.regex.Pattern$Ques
 780:            13            520  java.io.StringReader
 781:            13            520  java.lang.invoke.MethodHandleImpl$IntrinsicMethodHandle
 782:            13            520  java.util.TreeMap$NavigableSubMap$SubMapEntryIterator
 783:            13            520  org.apache.tomcat.util.http.parser.Host$MessageBytesReader
 784:            13            520  org.springframework.web.context.request.async.WebAsyncManager
 785:             8            512  java.security.SecureRandom
 786:            16            512  java.time.temporal.ChronoUnit
 787:             8            512  org.springframework.beans.factory.support.DefaultListableBeanFactory$NestedDependencyDescriptor
 788:            16            512  org.zeroturnaround.javarebel.support.URLResource
 789:             8            512  sun.nio.cs.ext.DoubleByte$Encoder
 790:            16            512  sun.security.ssl.CipherSuite$KeyExchange
 791:            21            504  java.util.AbstractMap$SimpleImmutableEntry
 792:             7            504  java.util.concurrent.ThreadPoolExecutor
 793:             9            504  javax.management.openmbean.CompositeType
 794:             9            504  javax.management.openmbean.OpenMBeanParameterInfoSupport
 795:             7            504  org.apache.catalina.connector.InputBuffer
 796:             7            504  org.apache.tomcat.util.http.Parameters
 797:            21            504  org.springframework.core.convert.support.GenericConversionService$ConverterFactoryAdapter
 798:            21            504  sun.security.x509.AVAKeyword
 799:            31            496  com.sun.proxy.$Proxy43
 800:            31            496  com.sun.proxy.$Proxy60
 801:            31            496  java.lang.Boolean
 802:            31            496  org.springframework.core.SerializableTypeWrapper$TypeProxyInvocationHandler
 803:            31            496  sun.reflect.generics.tree.ArrayTypeSignature
 804:            25            488  [Lorg.springframework.core.MethodParameter;
 805:            19            488  [Lsun.management.DiagnosticCommandArgumentInfo;
 806:            12            480  [Lcom.fasterxml.jackson.core.JsonEncoding;
 807:            12            480  ch.qos.logback.core.status.InfoStatus
 808:             6            480  com.sun.org.apache.xalan.internal.xsltc.trax.TransformerFactoryImpl
 809:            12            480  java.io.ObjectStreamClass$FieldReflector
 810:            12            480  java.io.ObjectStreamClass$FieldReflectorKey
 811:            10            480  java.util.concurrent.LinkedBlockingQueue
 812:             2            480  org.apache.catalina.core.StandardWrapper
 813:            10            480  org.apache.catalina.util.Extension
 814:            30            480  org.apache.logging.log4j.message.MessageFormatMessageFactory
 815:            15            480  org.springframework.messaging.simp.stomp.StompCommand
 816:            20            480  org.zeroturnaround.javarebel.reporting.MessageType$Strategy
 817:            20            480  sun.nio.ch.NativeThreadSet
 818:            15            480  sun.nio.ch.SharedFileLockTable$FileLockReference
 819:            29            464  com.sun.proxy.$Proxy5
 820:            29            464  com.zeroturnaround.javarebel.fj
 821:            29            464  org.hibernate.validator.internal.util.logging.Log_$logger
 822:             6            456  [Lsun.invoke.util.Wrapper;
 823:            19            456  java.lang.invoke.Invokers
 824:            19            456  java.util.BitSet
 825:            19            456  org.springframework.context.support.MessageSourceAccessor
 826:            19            456  org.springframework.web.socket.config.annotation.DelegatingWebSocketMessageBrokerConfiguration$$EnhancerBySpringCGLIB$$151c7e11$$FastClassBySpringCGLIB$$d316366f
 827:            19            456  org.zeroturnaround.bundled.javassist.bytecode.ConstantAttribute
 828:            19            456  org.zeroturnaround.bundled.javassist.bytecode.LongVector
 829:            19            456  org.zeroturnaround.bundled.javassist.bytecode.SourceFileAttribute
 830:            19            456  org.zeroturnaround.javarebel.IDENotifications$IDENotificationType
 831:            14            448  [Lorg.apache.coyote.http11.InputFilter;
 832:            14            448  [Lorg.apache.coyote.http11.OutputFilter;
 833:            14            448  com.fasterxml.jackson.core.JsonParser$Feature
 834:            28            448  com.sun.proxy.$Proxy37
 835:            28            448  com.zeroturnaround.javarebel.gzr
 836:             7            448  org.apache.catalina.connector.OutputBuffer
 837:             7            448  org.apache.catalina.connector.Response
 838:             7            448  org.apache.coyote.http11.filters.ChunkedInputFilter
 839:             8            448  org.springframework.context.annotation.CommonAnnotationBeanPostProcessor$ResourceElement
 840:            28            448  org.springframework.core.convert.support.ObjectToStringConverter
 841:            14            448  sun.security.util.MemoryCache
 842:             5            440  [[I
 843:            11            440  java.util.concurrent.LinkedBlockingDeque
 844:            11            440  org.apache.tomcat.util.log.UserDataHelper
 845:            11            440  sun.nio.ch.SocketAdaptor
 846:            11            440  sun.security.rsa.RSAPublicKeyImpl
 847:            11            440  sun.security.x509.AuthorityKeyIdentifierExtension
 848:             1            432  [[[C
 849:             6            432  com.fasterxml.jackson.databind.introspect.POJOPropertiesCollector
 850:            27            432  com.sun.proxy.$Proxy66
 851:            27            432  java.security.spec.ECFieldFp
 852:            18            432  java.text.DateFormat$Field
 853:            27            432  java.util.concurrent.CopyOnWriteArraySet
 854:            18            432  org.springframework.format.datetime.standard.TemporalAccessorParser
 855:             9            432  org.zeroturnaround.bundled.javassist.CtPrimitiveType
 856:            18            432  sun.misc.MetaIndex
 857:             1            424  [Lcom.sun.org.apache.xerces.internal.util.SymbolTable$Entry;
 858:            13            416  java.lang.invoke.SimpleMethodHandle
 859:            13            416  java.net.Socket
 860:            13            416  java.security.AlgorithmParameters
 861:            13            416  java.util.TreeMap$AscendingSubMap$AscendingEntrySetView
 862:            13            416  org.apache.tomcat.util.http.NamesEnumerator
 863:            13            416  org.springframework.web.servlet.HandlerExecutionChain
 864:            13            416  org.springframework.web.servlet.mvc.method.annotation.RequestMappingHandlerAdapter$$Lambda$440/161765989
 865:            17            408  com.sun.org.apache.xerces.internal.util.SymbolTable$Entry
 866:            17            408  org.springframework.beans.TypeConverterDelegate
 867:            17            408  org.springframework.boot.ansi.AnsiColor
 868:            17            408  org.springframework.boot.autoconfigure.web.servlet.WebMvcAutoConfiguration$EnableWebMvcConfiguration$$EnhancerBySpringCGLIB$$8f1f0dbe$$FastClassBySpringCGLIB$$391e50d8
 869:            17            408  org.springframework.core.annotation.SynthesizedAnnotationInvocationHandler
 870:            17            408  org.springframework.util.AntPathMatcher$PathSeparatorPatternCache
 871:            17            408  sun.nio.ch.SharedFileLockTable
 872:             5            400  com.fasterxml.jackson.databind.DeserializationConfig
 873:             5            400  com.fasterxml.jackson.databind.SerializationConfig
 874:            25            400  com.sun.proxy.$Proxy8
 875:            10            400  javax.crypto.CryptoPermission
 876:            25            400  org.springframework.core.$Proxy27
 877:            25            400  org.springframework.web.servlet.mvc.condition.ConsumesRequestCondition
 878:            25            400  org.springframework.web.servlet.mvc.condition.HeadersRequestCondition
 879:            25            400  org.springframework.web.servlet.mvc.condition.RequestMethodsRequestCondition
 880:            10            400  sun.nio.cs.ISO_8859_1$Decoder
 881:            10            400  sun.rmi.transport.tcp.TCPEndpoint
 882:             7            392  [Lorg.apache.catalina.core.ApplicationFilterConfig;
 883:             1            392  com.zeroturnaround.javarebel.pb
 884:             1            392  com.zeroturnaround.javarebel.vo
 885:             7            392  org.apache.catalina.connector.CoyoteReader
 886:             7            392  org.apache.coyote.http11.Http11OutputBuffer
 887:             1            392  org.apache.tomcat.util.net.NioBlockingSelector$BlockPoller
 888:            12            384  [Lcom.fasterxml.jackson.databind.ser.BeanPropertyWriter;
 889:            16            384  com.fasterxml.jackson.databind.PropertyName
 890:             1            384  com.intellij.rt.execution.application.AppMainV2$1
 891:            24            384  com.sun.proxy.$Proxy24
 892:             1            384  com.zeroturnaround.javarebel.aas
 893:             1            384  com.zeroturnaround.javarebel.adk
 894:             1            384  com.zeroturnaround.javarebel.bd
 895:             1            384  com.zeroturnaround.javarebel.bu
 896:             1            384  com.zeroturnaround.javarebel.cc
 897:             1            384  com.zeroturnaround.javarebel.cd
 898:             8            384  com.zeroturnaround.javarebel.geo
 899:             1            384  com.zeroturnaround.javarebel.oh
 900:             1            384  java.lang.ref.Finalizer$FinalizerThread
 901:             8            384  java.net.SocketInputStream
 902:            12            384  java.security.MessageDigest$Delegate
 903:            12            384  java.util.AbstractList$ListItr
 904:            12            384  java.util.ArrayList$ArrayListSpliterator
 905:            12            384  java.util.ArrayList$ListItr
 906:             1            384  java.util.logging.LogManager$Cleaner
 907:            12            384  java.util.stream.Collectors$CollectorImpl
 908:            12            384  java.util.stream.ReduceOps$3
 909:            12            384  java.util.stream.ReduceOps$3ReducingSink
 910:            12            384  org.apache.catalina.LifecycleState
 911:             1            384  org.apache.tomcat.websocket.BackgroundProcessManager$WsBackgroundThread
 912:             8            384  org.springframework.beans.PropertyValue
 913:            12            384  org.springframework.boot.context.properties.source.SpringIterableConfigurationPropertySource
 914:             1            384  org.springframework.boot.web.embedded.tomcat.TomcatWebServer$1
 915:             1            384  org.springframework.context.support.AbstractApplicationContext$1
 916:            16            384  org.springframework.messaging.simp.broker.DefaultSubscriptionRegistry$Subscription
 917:            16            384  org.springframework.messaging.simp.config.AbstractMessageBrokerConfiguration$$FastClassBySpringCGLIB$$aaa385a0
 918:            16            384  org.springframework.web.method.support.HandlerMethodArgumentResolverComposite
 919:            24            384  org.springframework.web.servlet.mvc.condition.ParamsRequestCondition
 920:             6            384  org.springframework.web.servlet.view.InternalResourceView
 921:            16            384  org.zeroturnaround.javarebel.integration.support.AvoidDuplicatePatchingCBP
 922:            16            384  sun.nio.ch.OptionKey
 923:            16            384  sun.nio.ch.SocketOptionRegistry$RegistryKey
 924:             3            384  sun.nio.ch.WindowsSelectorImpl
 925:             8            384  sun.nio.cs.StreamEncoder
 926:            24            384  sun.security.x509.GeneralName
 927:             7            376  [Lcom.sun.org.apache.xalan.internal.utils.XMLSecurityManager$State;
 928:             1            376  com.zeroturnaround.javarebel.an
 929:             1            376  com.zeroturnaround.javarebel.be
 930:             1            376  com.zeroturnaround.javarebel.gl
 931:             1            376  com.zeroturnaround.javarebel.uw
 932:             1            376  com.zeroturnaround.reload.b
 933:             1            376  com.zeroturnaround.reload.t
 934:             1            376  java.lang.ref.Reference$ReferenceHandler
 935:            23            368  sun.security.x509.DNSName
 936:             5            360  com.fasterxml.jackson.databind.deser.DefaultDeserializationContext$Impl
 937:             9            360  com.sun.org.apache.xalan.internal.utils.XMLSecurityManager$Limit
 938:             9            360  com.sun.org.apache.xerces.internal.utils.XMLSecurityManager$Limit
 939:             9            360  java.lang.ClassLoader$NativeLibrary
 940:             9            360  java.lang.invoke.DirectMethodHandle$Constructor
 941:            15            360  java.net.InetAddress
 942:            15            360  javax.management.StandardMBean
 943:            15            360  javax.websocket.CloseReason$CloseCodes
 944:             9            360  org.apache.tomcat.util.buf.Utf8Decoder
 945:            15            360  org.springframework.web.socket.CloseStatus
 946:            11            352  com.fasterxml.jackson.databind.introspect.AnnotatedConstructor
 947:             1            352  com.sun.org.apache.xerces.internal.impl.XMLNSDocumentScannerImpl
 948:            11            352  com.zeroturnaround.javarebel.bga
 949:            22            352  org.zeroturnaround.javarebel.integration.util.MonitorUtil$MonitorHolder
 950:            11            352  sun.reflect.generics.repository.ConstructorRepository
 951:            11            352  sun.security.ssl.SignatureAndHashAlgorithm
 952:            22            352  sun.security.x509.KeyIdentifier
 953:            11            352  sun.security.x509.SubjectKeyIdentifierExtension
 954:             1            344  com.sun.org.apache.xerces.internal.impl.XMLDocumentScannerImpl
 955:            13            336  [Ljava.io.ObjectStreamClass$ClassDataSlot;
 956:            14            336  ch.qos.logback.core.spi.ContextAwareBase
 957:            21            336  com.fasterxml.jackson.databind.ser.std.ToStringSerializer
 958:             7            336  com.sun.jmx.mbeanserver.DefaultMXBeanMappingFactory$CompositeMapping
 959:            21            336  com.sun.proxy.$Proxy26
 960:            14            336  java.lang.invoke.LambdaFormEditor$Transform$Kind
 961:             7            336  java.net.SocketOutputStream
 962:             6            336  java.nio.DirectLongBufferU
 963:             6            336  java.util.zip.Deflater
 964:            14            336  org.apache.tomcat.util.http.MimeHeaders
 965:            21            336  org.springframework.boot.autoconfigure.condition.OnPropertyCondition
 966:            14            336  org.springframework.boot.context.properties.source.SpringConfigurationPropertySource$DelegatingPropertyMapper
 967:            14            336  org.springframework.web.servlet.mvc.method.annotation.ServletRequestDataBinderFactory
 968:             3            336  org.springframework.web.servlet.resource.ResourceHttpRequestHandler
 969:            14            336  org.zeroturnaround.javarebel.preferences.FileStore$4
 970:            14            336  org.zeroturnaround.javarebel.preferences.FileStore$Lock
 971:             6            336  sun.management.MemoryPoolImpl
 972:            14            336  sun.nio.cs.Surrogate$Parser
 973:            14            336  sun.security.util.BitArray
 974:            14            336  sun.security.util.Cache$EqualByteArray
 975:            14            336  sun.security.x509.CertificateValidity
 976:            13            328  [Lcom.sun.org.apache.xalan.internal.utils.FeaturePropertyBase$State;
 977:            16            328  [Ljava.lang.management.PlatformComponent;
 978:             4            320  [Lorg.hibernate.validator.internal.util.ConcurrentReferenceHashMap$Segment;
 979:            10            320  com.fasterxml.jackson.core.JsonGenerator$Feature
 980:             5            320  com.fasterxml.jackson.core.sym.ByteQuadsCanonicalizer
 981:             5            320  com.fasterxml.jackson.core.sym.CharsToNameCanonicalizer
 982:             5            320  com.fasterxml.jackson.databind.ObjectMapper
 983:             5            320  com.fasterxml.jackson.datatype.jsr310.JavaTimeModule
 984:            20            320  com.sun.proxy.$Proxy31
 985:            20            320  com.sun.proxy.$Proxy58
 986:            10            320  com.zeroturnaround.javarebel.fxo
 987:            10            320  java.lang.OutOfMemoryError
 988:            20            320  sun.nio.ch.FileDispatcherImpl
 989:            10            320  sun.security.jca.ProviderConfig
 990:             8            320  sun.security.ssl.SignatureAndHashAlgorithm$HashAlgorithm
 991:            10            320  sun.security.util.DisabledAlgorithmConstraints$KeySizeConstraint
 992:            10            320  sun.security.x509.BasicConstraintsExtension
 993:            13            312  java.lang.management.ManagementPermission
 994:            13            312  org.apache.coyote.AsyncStateMachine$AsyncState
 995:            13            312  org.apache.tomcat.util.collections.CaseInsensitiveKeyMap$Key
 996:            13            312  org.springframework.beans.factory.config.BeanExpressionContext
 997:            13            312  org.springframework.boot.context.properties.source.SpringIterableConfigurationPropertySource$Cache
 998:            13            312  org.springframework.web.method.annotation.ModelFactory
 999:            13            312  org.springframework.web.servlet.DispatcherServlet$$Lambda$436/1867208492
1000:            13            312  org.springframework.web.servlet.DispatcherServlet$$Lambda$437/682105256
1001:            13            312  org.springframework.web.servlet.handler.AbstractHandlerMapping$CorsInterceptor
1002:            13            312  org.springframework.web.servlet.handler.AbstractHandlerMethodMapping$Match
1003:            13            312  org.springframework.web.servlet.handler.AbstractHandlerMethodMapping$MatchComparator
1004:            13            312  org.springframework.web.servlet.mvc.method.annotation.RequestMappingHandlerAdapter$$Lambda$439/206922740
1005:            13            312  sun.security.ssl.ExtensionType
1006:            13            312  sun.security.x509.AccessDescription
1007:            19            304  com.sun.proxy.$Proxy62
1008:            19            304  org.springframework.core.DefaultParameterNameDiscoverer
1009:            19            304  org.springframework.core.LocalVariableTableParameterNameDiscoverer
1010:            19            304  org.springframework.core.StandardReflectionParameterNameDiscoverer
1011:             9            288  [Ljava.lang.invoke.LambdaForm$BasicType;
1012:             1            288  [Lorg.springframework.http.HttpStatus;
1013:            12            288  ch.qos.logback.core.pattern.LiteralConverter
1014:             9            288  com.alibaba.fastjson.asm.Type
1015:             9            288  com.fasterxml.classmate.types.ResolvedPrimitiveType
1016:            12            288  com.fasterxml.jackson.databind.ObjectWriter$Prefetch
1017:            12            288  com.fasterxml.jackson.databind.util.LRUMap
1018:            12            288  com.sun.jmx.remote.util.ClassLogger
1019:            18            288  com.sun.proxy.$Proxy35
1020:            18            288  com.sun.proxy.$Proxy50
1021:            12            288  com.zeroturnaround.javarebel.byk
1022:            12            288  java.beans.PropertyChangeSupport
1023:            12            288  java.util.Collections$1
1024:            12            288  java.util.Comparator$$Lambda$445/316740616
1025:             9            288  java.util.concurrent.ConcurrentHashMap$ForwardingNode
1026:             9            288  java.util.logging.Level
1027:            18            288  java.util.regex.Pattern$CharPropertyNames$4
1028:            12            288  java.util.stream.ReferencePipeline$3$1
1029:             9            288  jdk.internal.org.objectweb.asm.Type
1030:            12            288  org.springframework.core.io.DefaultResourceLoader
1031:            18            288  org.springframework.format.datetime.standard.TemporalAccessorPrinter
1032:             3            288  org.springframework.scheduling.concurrent.ThreadPoolTaskExecutor
1033:            12            288  org.springframework.web.method.annotation.AbstractNamedValueMethodArgumentResolver$NamedValueInfo
1034:            12            288  org.springframework.web.method.annotation.SessionAttributesHandler$$Lambda$443/1742892465
1035:            12            288  org.springframework.web.servlet.config.annotation.WebMvcConfigurationSupport$$FastClassBySpringCGLIB$$69f69f7c
1036:            12            288  org.zeroturnaround.bundled.javassist.bytecode.IntegerInfo
1037:             9            288  sun.security.provider.SecureRandom
1038:             9            288  sun.security.x509.KeyUsageExtension
1039:             7            280  [Ljava.lang.invoke.BoundMethodHandle$SpeciesData;
1040:             5            280  com.fasterxml.jackson.databind.MappingJsonFactory
1041:             7            280  java.lang.invoke.BoundMethodHandle$Species_LL
1042:             7            280  org.apache.coyote.AsyncStateMachine
1043:             7            280  org.apache.coyote.http11.filters.ChunkedOutputFilter
1044:             7            280  org.apache.coyote.http11.filters.IdentityInputFilter
1045:             7            280  org.springframework.boot.logging.logback.ColorConverter
1046:             7            280  org.springframework.core.io.ResourceEditor
1047:             5            280  sun.nio.cs.ext.DoubleByte$Decoder
1048:            17            272  com.sun.org.apache.xerces.internal.util.AugmentationsImpl
1049:            11            264  com.zeroturnaround.javarebel.cly
1050:            11            264  com.zeroturnaround.javarebel.xp
1051:            11            264  com.zeroturnaround.jrebel.bundled.org.bouncycastle.jcajce.provider.asymmetric.ec.KeyFactorySpi$EC
1052:            11            264  java.net.StandardSocketOptions$StdSocketOption
1053:             3            264  java.util.jar.JarVerifier
1054:            11            264  org.zeroturnaround.javarebel.reporting.stats.repository.DailyFieldId
1055:            11            264  sun.reflect.annotation.TypeAnnotation$TypeAnnotationTarget
1056:            11            264  sun.reflect.generics.scope.ConstructorScope
1057:            11            264  sun.security.x509.CertificateExtensions
1058:             2            256  [Lcom.fasterxml.jackson.databind.DeserializationFeature;
1059:            11            256  [Lcom.fasterxml.jackson.databind.ser.Serializers;
1060:             8            256  [Ljava.nio.channels.SelectionKey;
1061:             8            256  [Ljava.text.SimpleDateFormat;
1062:             4            256  com.fasterxml.jackson.databind.ser.std.MapSerializer
1063:             4            256  com.sun.crypto.provider.GHASH
1064:             8            256  java.util.Random
1065:             8            256  javax.management.MBeanNotificationInfo
1066:             8            256  org.apache.tomcat.util.net.NioChannel
1067:             4            256  org.springframework.beans.factory.config.DependencyDescriptor
1068:             8            256  org.springframework.beans.factory.support.DefaultListableBeanFactory$DependencyObjectProvider
1069:             8            256  sun.misc.ProxyGenerator$PrimitiveTypeInfo
1070:             8            248  [Ljava.lang.invoke.LambdaForm$NamedFunction;
1071:             2            240  [Lcom.fasterxml.jackson.databind.MapperFeature;
1072:             6            240  [Lcom.zeroturnaround.javarebel.bop;
1073:             5            240  [Ljava.beans.PropertyDescriptor;
1074:             2            240  [Lsun.nio.cs.CharsetMapping$Entry;
1075:             6            240  com.alibaba.fastjson.serializer.SerializeBeanInfo
1076:            10            240  com.fasterxml.classmate.util.ClassKey
1077:            10            240  com.fasterxml.jackson.annotation.JsonFormat$Shape
1078:            10            240  com.fasterxml.jackson.core.util.BufferRecycler
1079:            10            240  com.fasterxml.jackson.databind.module.SimpleSerializers
1080:             5            240  com.fasterxml.jackson.databind.ser.BeanSerializer
1081:            10            240  com.sun.org.apache.xerces.internal.impl.XMLScanner$NameType
1082:            15            240  com.sun.proxy.$Proxy40
1083:             3            240  com.zeroturnaround.javarebel.gdt
1084:             5            240  java.beans.BeanDescriptor
1085:            10            240  java.lang.annotation.ElementType
1086:             6            240  java.lang.invoke.BoundMethodHandle$SpeciesData
1087:            10            240  java.security.CryptoPrimitive
1088:            15            240  java.util.TreeMap$Values
1089:             3            240  java.util.concurrent.ScheduledThreadPoolExecutor
1090:            10            240  org.apache.catalina.core.ApplicationContext$DispatchData
1091:             5            240  org.apache.tomcat.util.descriptor.web.FilterDef
1092:             1            240  org.springframework.beans.factory.support.DefaultListableBeanFactory
1093:            10            240  org.springframework.boot.autoconfigure.cache.CacheType
1094:            10            240  org.springframework.boot.autoconfigure.condition.OnWebApplicationCondition
1095:            15            240  org.springframework.core.env.AbstractPropertyResolver$$Lambda$72/527829831
1096:            10            240  org.springframework.util.unit.DataSize
1097:            15            240  org.springframework.validation.DefaultBindingErrorProcessor
1098:             6            240  org.springframework.web.accept.PathExtensionContentNegotiationStrategy
1099:             6            240  sun.management.MemoryPoolImpl$CollectionSensor
1100:             6            240  sun.management.MemoryPoolImpl$PoolSensor
1101:            10            240  sun.rmi.runtime.Log$LoggerLog
1102:            10            240  sun.security.x509.PolicyInformation
1103:             8            232  [Ljava.lang.Boolean;
1104:             4            232  [[Ljava.lang.String;
1105:             2            224  [Lcom.fasterxml.jackson.databind.SerializationFeature;
1106:             7            224  [Lorg.apache.tomcat.util.http.ServerCookie;
1107:             7            224  com.fasterxml.jackson.core.util.ByteArrayBuilder
1108:            14            224  com.sun.proxy.$Proxy38
1109:             4            224  com.zeroturnaround.javarebel.brh
1110:            14            224  java.io.RandomAccessFile$1
1111:            14            224  java.rmi.server.Operation
1112:             7            224  java.rmi.server.UID
1113:             4            224  javax.management.openmbean.OpenMBeanOperationInfoSupport
1114:             7            224  org.apache.catalina.core.ApplicationFilterChain
1115:             7            224  org.apache.coyote.http11.Http11InputBuffer$HeaderParseData
1116:             7            224  org.apache.coyote.http11.filters.BufferedInputFilter
1117:             7            224  org.apache.coyote.http11.filters.IdentityOutputFilter
1118:             7            224  org.apache.tomcat.util.buf.B2CConverter
1119:             7            224  org.apache.tomcat.util.buf.UEncoder
1120:             7            224  org.apache.tomcat.util.digester.ObjectCreateRule
1121:             7            224  org.apache.tomcat.util.digester.SetNextRule
1122:             7            224  org.apache.tomcat.util.http.parser.HttpParser$DomainParseState
1123:             7            224  org.springframework.boot.convert.DurationStyle$Unit
1124:             4            224  sun.rmi.transport.Target
1125:             7            224  sun.security.x509.AuthorityInfoAccessExtension
1126:             7            224  sun.security.x509.CRLDistributionPointsExtension
1127:            14            224  sun.security.x509.CertificateAlgorithmId
1128:             7            224  sun.security.x509.CertificatePoliciesExtension
1129:            14            224  sun.security.x509.CertificateSerialNumber
1130:            14            224  sun.security.x509.CertificateVersion
1131:            14            224  sun.security.x509.CertificateX509Key
1132:             7            224  sun.security.x509.DistributionPoint
1133:            14            224  sun.security.x509.SerialNumber
1134:             3            216  com.zeroturnaround.javarebel.cdb
1135:             9            216  java.nio.file.attribute.PosixFilePermission
1136:             9            216  java.time.format.DateTimeFormatterBuilder$LocalizedPrinterParser
1137:             9            216  java.util.concurrent.ConcurrentLinkedQueue
1138:             9            216  java.util.logging.Level$KnownLevel
1139:             9            216  org.apache.tomcat.websocket.WsRemoteEndpointImplBase$State
1140:             9            216  org.springframework.messaging.simp.SimpMessageType
1141:             9            216  org.zeroturnaround.bundled.javassist.bytecode.InnerClassesAttribute
1142:             9            216  org.zeroturnaround.javarebel.LicenceType
1143:             9            216  sun.util.logging.PlatformLogger$Level
1144:             1            208  com.alibaba.fastjson.serializer.ASMSerializer_2_GcHeapDO
1145:            13            208  com.zeroturnaround.jrebelbase.reflection.t
1146:            13            208  org.springframework.boot.context.properties.source.SpringIterableConfigurationPropertySource$CacheKey
1147:            13            208  org.springframework.context.i18n.SimpleLocaleContext
1148:            13            208  org.springframework.http.HttpHeaders
1149:            13            208  org.springframework.ui.ModelMap$$Lambda$441/2008844861
1150:            13            208  org.springframework.util.AntPathMatcher$AntPatternComparator
1151:            13            208  org.springframework.util.CollectionUtils$$Lambda$357/1915259704
1152:            13            208  org.springframework.web.bind.support.SimpleSessionStatus
1153:            13            208  org.springframework.web.context.request.async.WebAsyncManager$$Lambda$442/967570750
1154:            13            208  org.springframework.web.servlet.FrameworkServlet$RequestBindingInterceptor
1155:            13            208  org.springframework.web.servlet.mvc.method.RequestMappingInfoHandlerMapping$$Lambda$438/121091984
1156:            13            208  org.springframework.web.util.UriComponentsBuilder$CompositePathComponentBuilder
1157:             2            208  sun.security.ssl.SSLSessionImpl
1158:             2            200  [Ljava.text.DateFormat$Field;
1159:             5            200  com.fasterxml.jackson.core.sym.ByteQuadsCanonicalizer$TableInfo
1160:             5            200  com.fasterxml.jackson.core.util.DefaultPrettyPrinter
1161:             1            200  com.sun.org.apache.xerces.internal.impl.XMLDTDScannerImpl
1162:             5            200  java.beans.GenericBeanInfo
1163:             5            200  java.lang.invoke.MethodHandleImpl$AsVarargsCollector
1164:             5            200  java.net.SocketTimeoutException
1165:             5            200  java.util.stream.StreamOpFlag
1166:             5            200  org.apache.catalina.core.StandardPipeline
1167:             5            200  org.apache.tomcat.util.descriptor.web.FilterMap
1168:             9            192  [Ljava.security.CodeSigner;
1169:             1            192  [Lorg.apache.coyote.ActionCode;
1170:             6            192  com.fasterxml.jackson.databind.cfg.DeserializerFactoryConfig
1171:             6            192  com.fasterxml.jackson.databind.type.TypeFactory
1172:             6            192  com.sun.org.apache.xalan.internal.utils.XMLSecurityManager
1173:             1            192  com.sun.org.apache.xerces.internal.parsers.XIncludeAwareParserConfiguration
1174:             8            192  com.zeroturnaround.javarebel.ayv
1175:             8            192  com.zeroturnaround.javarebel.ayw
1176:             8            192  com.zeroturnaround.javarebel.gdk
1177:             6            192  com.zeroturnaround.javarebel.x
1178:             6            192  com.zeroturnaround.jrebel.bundled.org.bouncycastle.jcajce.provider.config.ProviderConfigurationPermission
1179:            12            192  java.beans.PropertyChangeSupport$PropertyChangeListenerMap
1180:             8            192  java.io.OutputStreamWriter
1181:             6            192  java.lang.invoke.LambdaForm$BasicType
1182:             8            192  java.lang.invoke.MethodHandleImpl$Intrinsic
1183:             8            192  java.math.RoundingMode
1184:             6            192  java.time.format.DateTimeFormatterBuilder$TextPrinterParser
1185:             6            192  java.time.format.TextStyle
1186:             6            192  java.util.Stack
1187:             4            192  java.util.concurrent.ConcurrentHashMap$TreeBin
1188:             8            192  javax.crypto.CryptoPermissionCollection
1189:             8            192  org.apache.logging.log4j.Level
1190:             8            192  org.apache.logging.log4j.spi.StandardLevel
1191:             8            192  org.apache.tomcat.util.http.parser.HttpParser
1192:             8            192  org.apache.tomcat.util.net.AbstractEndpoint$Handler$SocketState
1193:             1            192  org.apache.tomcat.util.net.NioEndpoint
1194:             8            192  org.apache.tomcat.util.net.SocketBufferHandler
1195:             8            192  org.apache.tomcat.util.net.WriteBuffer
1196:             4            192  org.hibernate.validator.internal.metadata.raw.ConstrainedParameter
1197:             4            192  org.hibernate.validator.internal.util.ConcurrentReferenceHashMap
1198:             2            192  org.springframework.cglib.proxy.Enhancer
1199:            12            192  org.springframework.core.MethodParameter$$Lambda$129/2120063568
1200:             8            192  org.springframework.core.NamedThreadLocal
1201:             8            192  org.springframework.http.HttpMethod
1202:             6            192  org.springframework.http.converter.ResourceHttpMessageConverter
1203:            12            192  org.springframework.http.server.ServletServerHttpResponse$$Lambda$457/637273604
1204:             6            192  org.springframework.util.PropertyPlaceholderHelper
1205:             8            192  org.springframework.web.bind.annotation.RequestMethod
1206:             6            192  org.springframework.web.method.ControllerAdviceBean
1207:            12            192  org.springframework.web.servlet.mvc.method.annotation.AbstractMessageConverterMethodProcessor$$Lambda$468/983180345
1208:             6            192  org.springframework.web.socket.sockjs.transport.TransportType
1209:             4            192  sun.misc.URLClassPath
1210:             2            192  sun.security.jgss.SunProvider
1211:             2            192  sun.security.provider.Sun
1212:             6            192  sun.security.ssl.EphemeralKeyManager$EphemeralKeyPair
1213:             6            192  sun.security.ssl.SSLSessionContextImpl
1214:            11            176  [Lorg.apache.catalina.Session;
1215:             1            176  com.sun.org.apache.xerces.internal.impl.dtd.XMLDTDValidator
1216:             1            176  com.sun.org.apache.xerces.internal.impl.dtd.XMLNSDTDValidator
1217:            11            176  com.sun.proxy.$Proxy42
1218:            11            176  com.sun.proxy.$Proxy61
1219:            11            176  com.zeroturnaround.javarebel.abq
1220:            11            176  com.zeroturnaround.javarebel.agi
1221:            11            176  com.zeroturnaround.javarebel.agk
1222:             2            176  com.zeroturnaround.javarebel.lh
1223:            11            176  java.text.NumberFormat$Field
1224:             2            176  javax.management.remote.rmi.NoCallStackClassLoader
1225:             2            176  org.apache.catalina.core.StandardWrapperValve
1226:             2            176  org.apache.catalina.deploy.NamingResourcesImpl
1227:             1            176  org.springframework.beans.JrBeanReloader
1228:             2            176  org.springframework.web.servlet.handler.SimpleUrlHandlerMapping
1229:             1            176  sun.security.ssl.SSLSocketImpl
1230:             2            168  [Ljava.lang.ClassValue$Entry;
1231:             7            168  [Ljava.net.InetSocketAddress;
1232:             1            168  [[Ljava.math.BigInteger;
1233:             7            168  ch.qos.logback.classic.Level
1234:             7            168  com.fasterxml.jackson.annotation.JsonFormat$Feature
1235:             7            168  com.fasterxml.jackson.annotation.JsonInclude$Include
1236:             7            168  com.fasterxml.jackson.annotation.PropertyAccessor
1237:             7            168  com.fasterxml.jackson.databind.introspect.AnnotatedClass$Creators
1238:             3            168  com.fasterxml.jackson.databind.type.ArrayType
1239:             7            168  com.sun.management.VMOption$Origin
1240:             7            168  com.sun.org.apache.xerces.internal.util.FeatureState
1241:             1            168  com.zaxxer.hikari.HikariDataSource
1242:             7            168  com.zeroturnaround.javarebel.agd
1243:             3            168  com.zeroturnaround.javarebel.ccc
1244:             7            168  com.zeroturnaround.javarebel.cje
1245:             3            168  com.zeroturnaround.jrebel.bundled.org.apache.http.impl.execchain.d
1246:             7            168  java.net.NetPermission
1247:             3            168  java.net.SocketPermission
1248:             7            168  java.util.Collections$SynchronizedCollection
1249:             7            168  java.util.regex.Pattern$SliceI
1250:             7            168  org.apache.catalina.core.ApplicationMapping
1251:             1            168  org.apache.catalina.core.StandardHost
1252:             7            168  org.apache.catalina.util.ParameterMap
1253:             7            168  org.apache.coyote.http11.filters.GzipOutputFilter
1254:             7            168  org.apache.coyote.http11.filters.GzipOutputFilter$FakeOutputStream
1255:             7            168  org.apache.tomcat.util.digester.SetPropertiesRule
1256:             7            168  org.apache.tomcat.util.http.ServerCookies
1257:             7            168  org.apache.tomcat.util.net.NioEndpoint$SocketProcessor
1258:             7            168  org.springframework.boot.logging.LogLevel
1259:             7            168  org.springframework.boot.origin.OriginTrackedValue$OriginTrackedCharSequence
1260:             7            168  org.springframework.boot.origin.TextResourceOrigin
1261:             7            168  org.springframework.boot.origin.TextResourceOrigin$Location
1262:             7            168  org.springframework.cglib.proxy.CallbackInfo
1263:             3            168  org.springframework.core.env.PropertySourcesPropertyResolver
1264:             7            168  org.springframework.web.servlet.mvc.method.annotation.RequestResponseBodyAdviceChain
1265:             7            168  org.zeroturnaround.bundled.javassist.bytecode.AnnotationsAttribute
1266:             7            168  org.zeroturnaround.javarebel.preferences.FileStore$1
1267:             7            168  org.zeroturnaround.javarebel.preferences.FileStore$3
1268:             7            168  org.zeroturnaround.javarebel.preferences.InMemoryPreferences
1269:             7            168  org.zeroturnaround.javarebel.spring.SpringMetrics$ShipInBackgroundThreadStrategy$1
1270:             7            168  sun.management.counter.Units
1271:             3            168  sun.nio.ch.SinkChannelImpl
1272:             3            168  sun.nio.ch.SourceChannelImpl
1273:             7            168  sun.security.x509.NetscapeCertTypeExtension$MapEntry
1274:             4            160  [F
1275:             2            160  [Ljava.time.temporal.ChronoUnit;
1276:             2            160  [Lorg.springframework.messaging.simp.stomp.StompCommand;
1277:             1            160  com.alibaba.fastjson.serializer.ASMSerializer_3_GcUtilDO
1278:             4            160  com.fasterxml.jackson.core.Base64Variant
1279:             5            160  com.fasterxml.jackson.core.JsonEncoding
1280:             4            160  com.fasterxml.jackson.core.Version
1281:             5            160  com.fasterxml.jackson.core.sym.CharsToNameCanonicalizer$TableInfo
1282:             5            160  com.fasterxml.jackson.databind.cfg.ConfigOverrides
1283:             2            160  com.sun.crypto.provider.GaloisCounterMode
1284:             4            160  com.sun.org.apache.xerces.internal.impl.dtd.XMLSimpleType
1285:            10            160  com.sun.proxy.$Proxy44
1286:            10            160  com.sun.proxy.$Proxy49
1287:             5            160  com.zeroturnaround.javarebel.bok
1288:             5            160  com.zeroturnaround.reload.aa
1289:             5            160  com.zeroturnaround.reload.y
1290:             4            160  java.io.BufferedWriter
1291:             4            160  java.lang.reflect.Proxy$Key2
1292:            10            160  java.util.Formatter$Flags
1293:             5            160  java.util.regex.Pattern$3
1294:             5            160  javax.management.StandardEmitterMBean
1295:             5            160  org.apache.catalina.core.ApplicationFilterConfig
1296:             4            160  org.apache.catalina.mbeans.ContainerMBean
1297:             1            160  org.apache.catalina.session.StandardManager
1298:            10            160  org.apache.tomcat.util.threads.TaskThread$WrappingRunnable
1299:             4            160  org.springframework.http.converter.json.MappingJackson2HttpMessageConverter
1300:             1            160  org.springframework.web.servlet.mvc.method.annotation.RequestMappingHandlerAdapter
1301:             5            160  org.zeroturnaround.javarebel.integration.util.ClassEventListenerUtil$BoundClassEventListener
1302:             4            160  org.zeroturnaround.javarebel.reporting.stats.repository.impl.StatsHolder
1303:             4            160  sun.rmi.transport.WeakRef
1304:            10            160  sun.security.ec.ECParameters
1305:             5            160  sun.security.ssl.CipherSuite$MacAlg
1306:             5            160  sun.security.ssl.SignatureAndHashAlgorithm$SignatureAlgorithm
1307:            10            160  sun.security.x509.CertificatePolicyId
1308:            10            160  sun.security.x509.GeneralNames
1309:             5            160  sun.util.locale.provider.LocaleProviderAdapter$Type
1310:             7            152  [Lcom.fasterxml.jackson.databind.deser.Deserializers;
1311:             5            152  [Ljava.net.InetAddress;
1312:             1            152  org.springframework.boot.web.embedded.tomcat.TomcatEmbeddedWebappClassLoader
1313:             1            152  org.springframework.boot.web.servlet.context.AnnotationConfigServletWebServerApplicationContext
1314:             2            144  [Lcom.fasterxml.jackson.core.JsonParser$Feature;
1315:             6            144  [Lcom.fasterxml.jackson.databind.deser.KeyDeserializers;
1316:             2            144  [Ljava.math.BigDecimal;
1317:             3            144  [Lsun.nio.ch.SelectionKeyImpl;
1318:             2            144  com.alibaba.fastjson.util.ASMClassLoader
1319:             6            144  com.fasterxml.jackson.annotation.JsonAutoDetect$Visibility
1320:             6            144  com.fasterxml.jackson.core.JsonParser$NumberType
1321:             6            144  com.fasterxml.jackson.databind.cfg.SerializerFactoryConfig
1322:             3            144  com.fasterxml.jackson.databind.ser.impl.IndexedListSerializer
1323:             6            144  com.fasterxml.jackson.databind.ser.impl.ReadOnlyClassToSerializerMap
1324:             3            144  com.fasterxml.jackson.datatype.jsr310.deser.InstantDeserializer
1325:             6            144  com.sun.org.apache.xalan.internal.utils.FeatureManager
1326:             6            144  com.sun.org.apache.xalan.internal.utils.XMLSecurityPropertyManager
1327:             6            144  com.sun.org.apache.xerces.internal.util.Status
1328:             9            144  com.zeroturnaround.javarebel.bui
1329:             2            144  com.zeroturnaround.javarebel.cdc
1330:             2            144  com.zeroturnaround.javarebel.cdx
1331:             6            144  com.zeroturnaround.javarebel.cgt
1332:             6            144  com.zeroturnaround.javarebel.clh
1333:             9            144  com.zeroturnaround.javarebel.gaz
1334:             6            144  com.zeroturnaround.javarebel.pa
1335:             3            144  java.lang.ThreadGroup
1336:             6            144  java.security.SecurityPermission
1337:             6            144  java.util.Collections$SynchronizedRandomAccessList
1338:             6            144  java.util.regex.Pattern$CharPropertyNames$2
1339:             6            144  java.util.regex.Pattern$SingleI
1340:             6            144  javax.validation.executable.ExecutableType
1341:             6            144  org.apache.coyote.http11.Http11InputBuffer$HeaderParsePosition
1342:             6            144  org.apache.logging.log4j.MarkerManager$Log4jMarker
1343:             6            144  org.apache.tomcat.util.net.SocketEvent
1344:             6            144  org.apache.tomcat.websocket.WsFrameBase$ReadState
1345:             1            144  org.apache.tomcat.websocket.WsSession
1346:             9            144  org.hibernate.validator.internal.engine.valueextraction.ArrayElement
1347:             6            144  org.jboss.logging.Logger$Level
1348:             6            144  org.springframework.beans.CachedIntrospectionResults
1349:             6            144  org.springframework.boot.context.properties.bind.BindConverter$ResolvableTypeDescriptor
1350:             6            144  org.springframework.boot.context.properties.source.ConfigurationPropertyName$ElementType
1351:             1            144  org.springframework.boot.web.embedded.tomcat.TomcatServletWebServerFactory
1352:             3            144  org.springframework.messaging.simp.SimpMessagingTemplate
1353:             9            144  org.springframework.web.context.request.RequestScope
1354:             6            144  org.springframework.web.cors.UrlBasedCorsConfigurationSource
1355:             6            144  org.springframework.web.method.HandlerTypePredicate
1356:             6            144  org.springframework.web.servlet.resource.DefaultResourceResolverChain
1357:             6            144  org.zeroturnaround.bundled.javassist.bytecode.LongInfo
1358:             6            144  org.zeroturnaround.javarebel.integration.util.ClassLoaderLocalUtil$DestructibleClassBytecodeProcessorAdapter
1359:             6            144  org.zeroturnaround.javarebel.reporting.stats.repository.CommonFieldId
1360:             6            144  org.zeroturnaround.javarebel.reporting.stats.repository.impl.RepositoryMetricsStatistics$DailyImpl
1361:             6            144  sun.misc.PerfCounter
1362:             3            144  sun.nio.ch.WindowsSelectorImpl$FdMap
1363:             3            144  sun.security.ssl.CipherBox
1364:             6            144  sun.security.ssl.ProtocolVersion
1365:             6            144  sun.security.util.DisabledAlgorithmConstraints$Constraint$Operator
1366:             3            144  sun.text.normalizer.CharTrie
1367:             6            136  [Lcom.fasterxml.jackson.databind.deser.ValueInstantiators;
1368:             1            136  [Ljava.time.temporal.ChronoField;
1369:             1            136  org.apache.coyote.http11.Http11NioProtocol
1370:             4            128  [Ljava.lang.ref.WeakReference;
1371:             4            128  [Ljava.rmi.server.Operation;
1372:             2            128  com.sun.crypto.provider.CipherCore
1373:             4            128  com.sun.crypto.provider.GCTR
1374:             4            128  com.sun.jmx.mbeanserver.DefaultMXBeanMappingFactory$ArrayMapping
1375:             1            128  com.sun.org.apache.xerces.internal.impl.XMLEntityManager
1376:             4            128  com.sun.org.apache.xerces.internal.util.XMLResourceIdentifierImpl
1377:             8            128  com.sun.proxy.$Proxy64
1378:             4            128  com.sysmin.core.jvm.enums.JmapType
1379:             4            128  java.io.DataInputStream
1380:             2            128  java.io.ExpiringCache$1
1381:             4            128  java.lang.ClassValue$Entry
1382:             8            128  java.util.concurrent.ConcurrentHashMap$EntrySetView
1383:             4            128  java.util.concurrent.CountDownLatch$Sync
1384:             8            128  java.util.regex.Pattern$Begin
1385:             8            128  java.util.regex.Pattern$CharPropertyNames$3
1386:             2            128  javax.crypto.Cipher
1387:             4            128  javax.management.MBeanConstructorInfo
1388:             2            128  javax.management.remote.rmi.RMIConnectorServer
1389:             1            128  org.apache.catalina.core.StandardEngine
1390:             4            128  org.apache.coyote.ErrorState
1391:             4            128  org.apache.tomcat.util.collections.SynchronizedStack
1392:             4            128  org.springframework.beans.propertyeditors.CustomCollectionEditor
1393:             4            128  org.springframework.boot.context.properties.bind.Bindable
1394:             4            128  org.springframework.boot.jdbc.EmbeddedDatabaseConnection
1395:             8            128  org.springframework.core.convert.support.CollectionToArrayConverter
1396:             8            128  org.springframework.core.convert.support.CollectionToStringConverter
1397:             4            128  org.springframework.core.env.MapPropertySource
1398:             2            128  org.springframework.core.type.classreading.CachingMetadataReaderFactory$LocalResourceCache
1399:             4            128  org.springframework.http.converter.StringHttpMessageConverter
1400:             4            128  org.springframework.web.method.annotation.RequestParamMethodArgumentResolver
1401:             4            128  org.springframework.web.method.annotation.SessionAttributesHandler
1402:             2            128  sun.nio.cs.ext.DoubleByte$Encoder_DBCSONLY
1403:             4            128  sun.rmi.transport.LiveRef
1404:             4            128  sun.security.ssl.CipherSuite$PRF
1405:             4            128  sun.security.ssl.ProtocolList
1406:             4            128  sun.util.locale.provider.LocaleResources
1407:             4            128  sun.util.locale.provider.LocaleServiceProviderPool
1408:             5            120  [Lcom.fasterxml.jackson.databind.type.TypeModifier;
1409:             6            120  [Lcom.zeroturnaround.javarebel.bos;
1410:             3            120  [Lorg.springframework.http.HttpMethod;
1411:             1            120  [Lsun.security.ssl.SupportedEllipticCurvesExtension$NamedEllipticCurve;
1412:             5            120  ch.qos.logback.core.pattern.parser.TokenStream$TokenizerState
1413:             5            120  ch.qos.logback.core.subst.Token$Type
1414:             5            120  com.fasterxml.jackson.annotation.Nulls
1415:             5            120  com.fasterxml.jackson.core.util.DefaultIndenter
1416:             3            120  com.fasterxml.jackson.databind.PropertyMetadata
1417:             5            120  com.fasterxml.jackson.databind.deser.DeserializerCache
1418:             5            120  com.fasterxml.jackson.databind.introspect.SimpleMixInResolver
1419:             5            120  com.fasterxml.jackson.databind.module.SimpleDeserializers
1420:             5            120  com.fasterxml.jackson.databind.ser.SerializerCache
1421:             5            120  com.sun.org.apache.xalan.internal.utils.FeaturePropertyBase$State
1422:             5            120  com.sun.org.apache.xalan.internal.utils.XMLSecurityManager$State
1423:             3            120  com.sun.org.apache.xerces.internal.impl.dtd.XMLEntityDecl
1424:             1            120  com.sun.org.apache.xerces.internal.jaxp.SAXParserImpl$JAXPSAXParser
1425:             5            120  com.sun.org.apache.xerces.internal.util.PropertyState
1426:             5            120  com.sun.org.apache.xerces.internal.utils.XMLSecurityManager$State
1427:             5            120  com.sun.org.apache.xerces.internal.utils.XMLSecurityPropertyManager$State
1428:             5            120  com.sysmin.core.jvm.enums.JstatType
1429:             5            120  com.zeroturnaround.javarebel.bpq
1430:             3            120  com.zeroturnaround.javarebel.bvx
1431:             3            120  com.zeroturnaround.javarebel.cka
1432:             5            120  com.zeroturnaround.javarebel.ghm
1433:             5            120  com.zeroturnaround.javarebel.gps
1434:             3            120  com.zeroturnaround.javarebel.gwc
1435:             5            120  com.zeroturnaround.javarebel.gxq
1436:             5            120  com.zeroturnaround.javarebel.gxr
1437:             5            120  com.zeroturnaround.jrebel.bundled.org.bouncycastle.jcajce.provider.asymmetric.ec.KeyFactorySpi$ECMQV
1438:             5            120  java.io.ObjectStreamClass$ExceptionInfo
1439:             5            120  java.net.InetAddress$CacheEntry
1440:             5            120  java.rmi.server.ObjID
1441:             5            120  java.time.format.SignStyle
1442:             3            120  java.util.Collections$SingletonMap
1443:             5            120  java.util.concurrent.atomic.AtomicMarkableReference$Pair
1444:             5            120  java.util.regex.Pattern$Dollar
1445:             5            120  java.util.stream.StreamOpFlag$Type
1446:             5            120  javax.servlet.DispatcherType
1447:             5            120  javax.servlet.http.MappingMatch
1448:             1            120  org.apache.catalina.core.StandardServer
1449:             5            120  org.apache.tomcat.util.threads.InlineExecutorService
1450:             1            120  org.apache.tomcat.websocket.server.WsRemoteEndpointImplServer
1451:             5            120  org.hibernate.validator.internal.metadata.raw.ConstrainedElement$ConstrainedElementKind
1452:             3            120  org.springframework.beans.factory.annotation.AutowiredAnnotationBeanPostProcessor$AutowiredMethodElement
1453:             3            120  org.springframework.beans.factory.config.ConstructorArgumentValues$ValueHolder
1454:             5            120  org.springframework.boot.ansi.AnsiStyle
1455:             5            120  org.springframework.boot.autoconfigure.web.servlet.WebMvcAutoConfiguration$EnableWebMvcConfiguration$$FastClassBySpringCGLIB$$982f18bb
1456:             5            120  org.springframework.boot.devtools.autoconfigure.LocalDevToolsAutoConfiguration$RestartConfiguration$$EnhancerBySpringCGLIB$$8ac4de8e$$FastClassBySpringCGLIB$$2d221596
1457:             5            120  org.springframework.boot.devtools.autoconfigure.LocalDevToolsAutoConfiguration$RestartConfiguration$$FastClassBySpringCGLIB$$bc8d9f8b
1458:             5            120  org.springframework.boot.logging.DeferredLog
1459:             5            120  org.springframework.context.annotation.FilterType
1460:             3            120  org.springframework.core.SerializableTypeWrapper$MethodInvokeTypeProvider
1461:             3            120  org.springframework.core.convert.Property
1462:             5            120  org.springframework.core.convert.support.GenericConversionService$Converters
1463:             5            120  org.springframework.http.HttpStatus$Series
1464:             3            120  org.springframework.http.converter.xml.Jaxb2RootElementHttpMessageConverter
1465:             3            120  org.springframework.messaging.support.ExecutorSubscribableChannel
1466:             5            120  org.springframework.web.accept.ContentNegotiationManager
1467:             3            120  org.springframework.web.accept.ServletPathExtensionContentNegotiationStrategy
1468:             1            120  org.springframework.web.servlet.DispatcherServlet
1469:             3            120  org.springframework.web.servlet.mvc.method.annotation.HttpEntityMethodProcessor
1470:             1            120  org.springframework.web.servlet.mvc.method.annotation.RequestMappingHandlerMapping
1471:             3            120  org.springframework.web.servlet.mvc.method.annotation.RequestResponseBodyMethodProcessor
1472:             5            120  org.zeroturnaround.bundled.javassist.bytecode.FloatInfo
1473:             5            120  org.zeroturnaround.bundled.javassist.bytecode.stackmap.TypeData$BasicType
1474:             5            120  org.zeroturnaround.javarebel.integration.util.WeakUtil$WeakClassLoaderDestructionListener
1475:             5            120  org.zeroturnaround.javarebel.integration.util.WeakUtil$WeakFileEventListener
1476:             3            120  org.zeroturnaround.javarebel.reporting.MetricsExecutor$DelayedRunnable
1477:             5            120  sun.misc.FloatingDecimal$PreparedASCIIToBinaryBuffer
1478:             5            120  sun.nio.fs.WindowsPathType
1479:             3            120  sun.rmi.server.UnicastServerRef
1480:             3            120  sun.rmi.transport.tcp.TCPTransport$ConnectionHandler
1481:             5            120  sun.security.jca.ServiceId
1482:             3            120  sun.security.provider.DSAPublicKeyImpl
1483:             3            120  sun.security.ssl.SSLContextImpl$TLSContext
1484:             5            120  sun.security.util.DisabledAlgorithmConstraints
1485:             5            120  sun.util.resources.ParallelListResourceBundle$KeySet
1486:             1            112  [Lcom.alibaba.fastjson.parser.Feature;
1487:             2            112  [Lcom.fasterxml.jackson.core.JsonGenerator$Feature;
1488:             3            112  [Lcom.sun.org.apache.xerces.internal.util.XMLAttributesImpl$Attribute;
1489:             2            112  [Lcom.zeroturnaround.javarebel.ggp;
1490:             2            112  [Ljava.lang.invoke.MethodType;
1491:             2            112  [Ljava.security.CryptoPrimitive;
1492:             3            112  [Ljava.util.Map;
1493:             2            112  [Lorg.springframework.boot.autoconfigure.cache.CacheType;
1494:             1            112  com.alibaba.fastjson.serializer.ASMSerializer_5_CompilerDO
1495:             1            112  com.alibaba.fastjson.serializer.ASMSerializer_6_ClassLoaderDO
1496:             2            112  com.sun.org.apache.xerces.internal.util.XMLAttributesIteratorImpl
1497:             7            112  com.sun.proxy.$Proxy52
1498:             2            112  com.zeroturnaround.javarebel.chx
1499:             2            112  com.zeroturnaround.javarebel.uv
1500:             2            112  com.zeroturnaround.javarebel.yf
1501:             7            112  java.util.concurrent.ConcurrentHashMap$ValuesView
1502:             2            112  javax.management.remote.rmi.RMIJRMPServerImpl
1503:             1            112  org.apache.catalina.connector.Connector
1504:             7            112  org.apache.catalina.connector.CoyoteInputStream
1505:             7            112  org.apache.catalina.connector.CoyoteOutputStream
1506:             7            112  org.apache.catalina.connector.RequestFacade
1507:             7            112  org.apache.catalina.connector.ResponseFacade
1508:             7            112  org.apache.coyote.http11.Http11InputBuffer$SocketInputBuffer
1509:             7            112  org.apache.coyote.http11.Http11OutputBuffer$SocketOutputBuffer
1510:             7            112  org.apache.coyote.http11.filters.VoidInputFilter
1511:             7            112  org.apache.coyote.http11.filters.VoidOutputFilter
1512:             7            112  org.apache.tomcat.util.buf.UDecoder
1513:             1            112  org.apache.tomcat.util.digester.Digester
1514:             1            112  org.apache.tomcat.websocket.server.WsFrameServer
1515:             2            112  org.springframework.expression.spel.support.StandardEvaluationContext
1516:             7            112  org.zeroturnaround.javarebel.integration.util.WeakIdentityHashMap$2
1517:             7            112  org.zeroturnaround.javarebel.preferences.PreferencesSnapshot
1518:             7            112  org.zeroturnaround.javarebel.preferences.PreferencesTransaction
1519:             2            112  sun.nio.cs.ext.DoubleByte$Decoder_DBCSONLY
1520:             2            112  sun.rmi.transport.tcp.TCPChannel
1521:             2            112  sun.rmi.transport.tcp.TCPConnection
1522:             3            104  [Lorg.springframework.core.io.Resource;
1523:             1            104  ch.qos.logback.classic.LoggerContext
1524:             1            104  org.apache.catalina.authenticator.NonLoginAuthenticator
1525:             1            104  org.apache.tomcat.util.net.SocketProperties
1526:             1            104  org.springframework.boot.autoconfigure.jdbc.DataSourceProperties
1527:             1            104  org.springframework.http.converter.json.Jackson2ObjectMapperBuilder
1528:             1            104  org.springframework.web.servlet.view.InternalResourceViewResolver
1529:             1            104  org.springframework.web.socket.messaging.WebSocketAnnotationMethodMessageHandler
1530:             2             96  [Lcom.fasterxml.jackson.annotation.PropertyAccessor;
1531:             2             96  [Lcom.sun.org.apache.xerces.internal.utils.XMLSecurityManager$State;
1532:             4             96  [Lorg.apache.logging.log4j.Marker;
1533:             2             96  [Lorg.apache.logging.log4j.spi.StandardLevel;
1534:             2             96  [Lorg.springframework.boot.logging.LogLevel;
1535:             1             96  [Lorg.zeroturnaround.javarebel.reporting.MessageType;
1536:             3             96  [Lsun.nio.fs.NativeBuffer;
1537:             1             96  [[J
1538:             4             96  ch.qos.logback.core.pattern.parser.Token
1539:             4             96  ch.qos.logback.core.subst.Token
1540:             1             96  com.alibaba.fastjson.serializer.ASMSerializer_4_CompilationDO
1541:             4             96  com.fasterxml.jackson.annotation.JsonCreator$Mode
1542:             4             96  com.fasterxml.jackson.annotation.JsonProperty$Access
1543:             4             96  com.fasterxml.jackson.core.JsonFactory$Feature
1544:             6             96  com.fasterxml.jackson.databind.deser.BeanDeserializerFactory
1545:             6             96  com.fasterxml.jackson.databind.introspect.AnnotatedMethodMap
1546:             6             96  com.fasterxml.jackson.databind.ser.BeanSerializerFactory
1547:             4             96  com.fasterxml.jackson.databind.ser.impl.PropertySerializerMap$Single
1548:             6             96  com.fasterxml.jackson.databind.type.TypeParser
1549:             1             96  com.sun.crypto.provider.SunJCE
1550:             3             96  com.sun.jmx.mbeanserver.DefaultMXBeanMappingFactory$EnumMapping
1551:             2             96  com.sun.jmx.mbeanserver.MBeanIntrospector$MBeanInfoMap
1552:             2             96  com.sun.jmx.mbeanserver.MBeanIntrospector$PerInterfaceMap
1553:             1             96  com.sun.net.ssl.internal.ssl.Provider
1554:             3             96  com.sun.org.apache.xalan.internal.utils.XMLSecurityManager$NameMap
1555:             2             96  com.sun.org.apache.xerces.internal.impl.XMLDocumentFragmentScannerImpl$ElementStack
1556:             1             96  com.sun.org.apache.xerces.internal.impl.dtd.XMLDTDProcessor
1557:             3             96  com.sun.org.apache.xerces.internal.utils.XMLSecurityManager$NameMap
1558:             6             96  com.sun.proxy.$Proxy33
1559:             6             96  com.sun.proxy.$Proxy67
1560:             1             96  com.sun.security.sasl.Provider
1561:             4             96  com.zeroturnaround.javarebel.adz
1562:             3             96  com.zeroturnaround.javarebel.ae
1563:             2             96  com.zeroturnaround.javarebel.agg
1564:             4             96  com.zeroturnaround.javarebel.av
1565:             6             96  com.zeroturnaround.javarebel.btf
1566:             3             96  com.zeroturnaround.javarebel.bxa
1567:             2             96  com.zeroturnaround.javarebel.cdh
1568:             3             96  com.zeroturnaround.javarebel.cdp
1569:             3             96  com.zeroturnaround.javarebel.cef
1570:             3             96  com.zeroturnaround.javarebel.ceh
1571:             4             96  com.zeroturnaround.javarebel.chu
1572:             4             96  com.zeroturnaround.javarebel.cio
1573:             6             96  com.zeroturnaround.javarebel.clm
1574:             4             96  com.zeroturnaround.javarebel.clx
1575:             3             96  com.zeroturnaround.javarebel.f
1576:             4             96  com.zeroturnaround.javarebel.goz
1577:             3             96  com.zeroturnaround.javarebel.k
1578:             2             96  com.zeroturnaround.javarebel.wf
1579:             3             96  com.zeroturnaround.jrebel.bundled.org.apache.http.impl.execchain.g
1580:             1             96  com.zeroturnaround.jrebel.bundled.org.bouncycastle.jce.provider.BouncyCastleProvider
1581:             3             96  java.lang.Exception
1582:             4             96  java.lang.reflect.Proxy$KeyX
1583:             4             96  java.security.AllPermissionCollection
1584:             4             96  java.text.Normalizer$Form
1585:             4             96  java.time.format.DateTimeFormatterBuilder$OffsetIdPrinterParser
1586:             4             96  java.time.format.DateTimeFormatterBuilder$SettingsParser
1587:             4             96  java.time.format.FormatStyle
1588:             6             96  java.util.EnumMap$EntrySet
1589:             3             96  java.util.concurrent.ScheduledThreadPoolExecutor$DelayedWorkQueue
1590:             3             96  java.util.concurrent.SynchronousQueue
1591:             3             96  java.util.concurrent.atomic.AtomicReferenceFieldUpdater$AtomicReferenceFieldUpdaterImpl
1592:             4             96  java.util.concurrent.locks.ReentrantReadWriteLock$Sync$HoldCounter
1593:             4             96  java.util.stream.StreamShape
1594:             4             96  javax.management.NotificationBroadcasterSupport
1595:             2             96  javax.management.openmbean.TabularType
1596:             2             96  org.apache.catalina.mbeans.NamingResourcesMBean
1597:             4             96  org.apache.commons.logging.LogAdapter$LogApi
1598:             3             96  org.apache.tomcat.util.buf.UDecoder$DecodeException
1599:             3             96  org.apache.tomcat.util.collections.SynchronizedQueue
1600:             4             96  org.apache.tomcat.util.digester.ArrayStack
1601:             3             96  org.apache.tomcat.util.http.ConcurrentDateFormat
1602:             4             96  org.apache.tomcat.util.log.UserDataHelper$Config
1603:             4             96  org.apache.tomcat.util.net.AbstractEndpoint$BindState
1604:             4             96  org.apache.tomcat.util.net.Acceptor$AcceptorState
1605:             2             96  org.apache.tomcat.util.net.NioEndpoint$Poller
1606:             1             96  org.apache.tomcat.util.threads.ThreadPoolExecutor
1607:             1             96  org.apache.tomcat.websocket.server.WsServerContainer
1608:             4             96  org.hibernate.validator.resourceloading.PlatformResourceBundleLocator
1609:             1             96  org.jcp.xml.dsig.internal.dom.XMLDSigRI
1610:             4             96  org.springframework.boot.autoconfigure.jmx.JmxAutoConfiguration$$EnhancerBySpringCGLIB$$a39d2c5a$$FastClassBySpringCGLIB$$8fac147c
1611:             4             96  org.springframework.boot.autoconfigure.jmx.JmxAutoConfiguration$$FastClassBySpringCGLIB$$e2017fd7
1612:             1             96  org.springframework.boot.autoconfigure.web.ServerProperties$Tomcat
1613:             4             96  org.springframework.boot.context.properties.source.DefaultPropertyMapper$LastMapping
1614:             4             96  org.springframework.context.annotation.ScopedProxyMode
1615:             1             96  org.springframework.context.support.PropertySourcesPlaceholderConfigurer
1616:             4             96  org.springframework.core.Constants
1617:             4             96  org.springframework.core.convert.support.ArrayToArrayConverter
1618:             2             96  org.springframework.core.task.SimpleAsyncTaskExecutor
1619:             3             96  org.springframework.expression.spel.SpelParserConfiguration
1620:             6             96  org.springframework.format.datetime.DateFormatterRegistrar$CalendarToDateConverter
1621:             6             96  org.springframework.format.datetime.DateFormatterRegistrar$CalendarToLongConverter
1622:             6             96  org.springframework.format.datetime.DateFormatterRegistrar$DateToCalendarConverter
1623:             6             96  org.springframework.format.datetime.DateFormatterRegistrar$DateToLongConverter
1624:             6             96  org.springframework.format.datetime.DateFormatterRegistrar$LongToCalendarConverter
1625:             6             96  org.springframework.format.datetime.DateFormatterRegistrar$LongToDateConverter
1626:             4             96  org.springframework.http.ReadOnlyHttpHeaders
1627:             4             96  org.springframework.http.converter.ResourceRegionHttpMessageConverter
1628:             3             96  org.springframework.http.converter.xml.SourceHttpMessageConverter
1629:             1             96  org.springframework.messaging.simp.broker.SimpleBrokerMessageHandler
1630:             4             96  org.springframework.util.ConcurrentReferenceHashMap$TaskOption
1631:             6             96  org.springframework.web.cors.DefaultCorsProcessor
1632:             4             96  org.springframework.web.method.annotation.ModelAttributeMethodProcessor
1633:             3             96  org.springframework.web.servlet.resource.PathResourceResolver
1634:             1             96  org.springframework.web.socket.server.support.WebSocketHandlerMapping
1635:             4             96  org.springframework.web.socket.sockjs.frame.SockJsFrameType
1636:             1             96  org.springframework.web.socket.sockjs.transport.handler.DefaultSockJsService
1637:             6             96  org.zeroturnaround.bundled.javassist.bytecode.ConstInfoPadding
1638:             4             96  org.zeroturnaround.bundled.javassist.bytecode.DeprecatedAttribute
1639:             4             96  org.zeroturnaround.javarebel.integration.generic.DependencyClassEventListener
1640:             4             96  org.zeroturnaround.javarebel.integration.util.ReRunThrottler
1641:             4             96  org.zeroturnaround.javarebel.service.ServiceRequestPriority
1642:             2             96  sun.management.GarbageCollectorImpl
1643:             4             96  sun.misc.JarIndex
1644:             1             96  sun.misc.Launcher$AppClassLoader
1645:             3             96  sun.net.spi.DefaultProxySelector$NonProxyInfo
1646:             3             96  sun.nio.ch.AllocatedNativeObject
1647:             3             96  sun.nio.ch.PollArrayWrapper
1648:             1             96  sun.nio.ch.ServerSocketChannelImpl
1649:             3             96  sun.nio.ch.WindowsSelectorImpl$SubSelector
1650:             3             96  sun.nio.fs.NativeBuffer
1651:             4             96  sun.rmi.transport.ObjectEndpoint
1652:             3             96  sun.rmi.transport.tcp.TCPTransport
1653:             3             96  sun.rmi.transport.tcp.TCPTransport$AcceptLoop
1654:             1             96  sun.security.ec.SunEC
1655:             1             96  sun.security.jca.ProviderList$1
1656:             1             96  sun.security.mscapi.SunMSCAPI
1657:             1             96  sun.security.rsa.SunRsaSign
1658:             1             96  sun.security.smartcardio.SunPCSC
1659:             3             96  sun.security.ssl.X509TrustManagerImpl
1660:             3             96  sun.security.x509.ExtendedKeyUsageExtension
1661:             3             96  sun.security.x509.SubjectAlternativeNameExtension
1662:             1             88  [Ljava.lang.ConditionalSpecialCasing$Entry;
1663:             2             88  [Ljava.nio.file.attribute.PosixFilePermission;
1664:             1             88  [Lorg.springframework.boot.ansi.AnsiColor;
1665:             1             88  [Lorg.zeroturnaround.jrebel.stats.id.container.ServerType;
1666:             1             88  [Lsun.security.util.ObjectIdentifier;
1667:             1             88  [[Ljava.lang.Byte;
1668:             1             88  org.apache.catalina.webresources.StandardRoot
1669:             1             88  org.hibernate.validator.internal.engine.ConfigurationImpl
1670:             1             88  org.springframework.aop.framework.autoproxy.InfrastructureAdvisorAutoProxyCreator
1671:             1             88  org.springframework.beans.JrBeanFactoryData
1672:             1             88  org.springframework.boot.autoconfigure.web.servlet.WebMvcAutoConfiguration$EnableWebMvcConfiguration$$EnhancerBySpringCGLIB$$8f1f0dbe
1673:             1             88  org.springframework.boot.autoconfigure.web.servlet.WelcomePageHandlerMapping
1674:             1             88  org.springframework.jmx.export.annotation.AnnotationMBeanExporter
1675:             1             88  org.springframework.web.servlet.handler.BeanNameUrlHandlerMapping
1676:             1             88  org.springframework.web.socket.sockjs.transport.session.WebSocketServerSockJsSession
1677:             1             88  sun.misc.Launcher$ExtClassLoader
1678:             1             88  sun.nio.cs.CharsetMapping
1679:             3             80  [Ljava.security.cert.X509Certificate;
1680:             2             80  [Ljava.util.stream.StreamOpFlag$Type;
1681:             2             80  [Ljavax.servlet.DispatcherType;
1682:             2             80  [Ljavax.validation.executable.ExecutableType;
1683:             1             80  [Ljavax.websocket.CloseReason$CloseCodes;
1684:             2             80  [Lorg.springframework.context.annotation.FilterType;
1685:             4             80  [Lorg.springframework.core.annotation.AnnotationAttributes;
1686:             2             80  [Lorg.springframework.http.HttpStatus$Series;
1687:             2             80  [Lorg.springframework.web.socket.sockjs.transport.TransportType;
1688:             1             80  [Lorg.zeroturnaround.javarebel.ResourceSource;
1689:             1             80  [Lsun.security.ssl.CipherSuite$KeyExchange;
1690:             2             80  [[S
1691:             5             80  com.fasterxml.jackson.databind.introspect.BasicClassIntrospector
1692:             5             80  com.fasterxml.jackson.databind.jsontype.impl.StdSubtypeResolver
1693:             5             80  com.fasterxml.jackson.databind.module.SimpleKeyDeserializers
1694:             5             80  com.fasterxml.jackson.databind.util.RootNameLookup
1695:             5             80  com.fasterxml.jackson.datatype.jdk8.Jdk8Deserializers
1696:             5             80  com.fasterxml.jackson.datatype.jdk8.Jdk8Serializers
1697:             5             80  com.fasterxml.jackson.datatype.jdk8.Jdk8TypeModifier
1698:             5             80  com.fasterxml.jackson.datatype.jsr310.JavaTimeModule$1
1699:             2             80  com.sun.jmx.mbeanserver.DefaultMXBeanMappingFactory$TabularMapping
1700:             2             80  com.sun.org.apache.xerces.internal.impl.XMLDocumentFragmentScannerImpl$ElementStack2
1701:             2             80  com.sun.org.apache.xerces.internal.impl.dtd.XMLDTDDescription
1702:             2             80  com.sun.org.apache.xerces.internal.impl.validation.ValidationState
1703:             5             80  com.zeroturnaround.javarebel.aeb
1704:             2             80  com.zeroturnaround.javarebel.bzf
1705:             2             80  com.zeroturnaround.javarebel.chy
1706:             1             80  com.zeroturnaround.javarebel.la
1707:             2             80  com.zeroturnaround.javarebel.oa
1708:             2             80  java.io.ExpiringCache
1709:             2             80  java.util.Collections$SynchronizedSortedMap
1710:             5             80  java.util.Hashtable$EntrySet
1711:             2             80  java.util.Locale$Category
1712:             5             80  java.util.concurrent.ThreadPoolExecutor$AbortPolicy
1713:             5             80  java.util.concurrent.atomic.AtomicMarkableReference
1714:             5             80  javax.security.auth.x500.X500Principal
1715:             1             80  org.apache.catalina.core.StandardService
1716:             1             80  org.apache.catalina.servlets.DefaultServlet
1717:             1             80  org.apache.catalina.startup.Tomcat$SimpleRealm
1718:             1             80  org.apache.coyote.RequestGroupInfo
1719:             5             80  org.apache.tomcat.util.net.NioBlockingSelector$KeyReference
1720:             1             80  org.apache.tomcat.websocket.server.WsHttpUpgradeHandler
1721:             2             80  org.hibernate.validator.internal.metadata.core.AnnotationProcessingOptionsImpl
1722:             1             80  org.springframework.beans.BeanWrapperImpl
1723:             2             80  org.springframework.beans.propertyeditors.CustomBooleanEditor
1724:             1             80  org.springframework.boot.SpringApplication
1725:             1             80  org.springframework.context.annotation.ClassPathBeanDefinitionScanner
1726:             1             80  org.springframework.context.annotation.ConfigurationClassPostProcessor
1727:             2             80  org.springframework.context.event.SimpleApplicationEventMulticaster
1728:             5             80  org.springframework.core.$Proxy55
1729:             2             80  org.springframework.core.io.support.ResourceArrayPropertyEditor
1730:             2             80  org.springframework.expression.spel.support.ReflectivePropertyAccessor
1731:             2             80  org.springframework.messaging.simp.annotation.support.SendToMethodReturnValueHandler
1732:             1             80  org.springframework.scheduling.concurrent.ThreadPoolTaskScheduler
1733:             5             80  org.springframework.web.accept.HeaderContentNegotiationStrategy
1734:             1             80  org.springframework.web.servlet.mvc.method.annotation.ExceptionHandlerExceptionResolver
1735:             1             80  org.springframework.web.socket.messaging.SubProtocolWebSocketHandler
1736:             5             80  org.zeroturnaround.javarebel.IDENotifications$IDENotificationLevel
1737:             5             80  org.zeroturnaround.jrebel.apache.commons.compress.archivers.zip.ZipShort
1738:             2             80  org.zeroturnaround.jrebel.intellij.OutputReader
1739:             2             80  sun.management.MemoryManagerImpl
1740:             2             80  sun.nio.ch.SelectionKeyImpl
1741:             1             80  sun.reflect.misc.MethodUtil
1742:             5             80  sun.security.util.DisabledAlgorithmConstraints$Constraints
1743:             1             72  [Lcom.fasterxml.jackson.core.JsonToken;
1744:             1             72  [Ljava.lang.invoke.LambdaFormEditor$Transform$Kind;
1745:             1             72  [Ljavax.management.openmbean.SimpleType;
1746:             3             72  [Ljavax.validation.constraintvalidation.ValidationTarget;
1747:             1             72  [Lorg.apache.coyote.AsyncStateMachine$AsyncState;
1748:             2             72  [Lsun.security.jca.ProviderConfig;
1749:             3             72  [Lsun.security.ssl.EphemeralKeyManager$EphemeralKeyPair;
1750:             1             72  ch.qos.logback.core.ConsoleAppender
1751:             3             72  ch.qos.logback.core.pattern.FormatInfo
1752:             3             72  ch.qos.logback.core.spi.FilterReply
1753:             3             72  ch.qos.logback.core.subst.Tokenizer$TokenizerState
1754:             1             72  com.alibaba.fastjson.serializer.ASMSerializer_1_Log
1755:             1             72  com.fasterxml.jackson.core.util.InternCache
1756:             3             72  com.fasterxml.jackson.databind.ser.std.NumberSerializer
1757:             3             72  com.fasterxml.jackson.databind.util.AccessPattern
1758:             3             72  com.fasterxml.jackson.datatype.jsr310.deser.JSR310StringParsableDeserializer
1759:             1             72  com.fasterxml.jackson.module.paramnames.ParameterNamesModule
1760:             3             72  com.sysmin.controller.jvm.JvmHandlerController$$Lambda$474/1145068602
1761:             3             72  com.sysmin.controller.jvm.JvmHandlerController$$Lambda$475/712453684
1762:             3             72  com.sysmin.controller.jvm.JvmHandlerController$$Lambda$476/1652708270
1763:             3             72  com.sysmin.controller.jvm.JvmHandlerController$$Lambda$477/974753881
1764:             3             72  com.sysmin.controller.jvm.JvmHandlerController$$Lambda$478/1444247956
1765:             3             72  com.sysmin.core.log.LogType
1766:             1             72  com.zeroturnaround.javarebel.aat
1767:             1             72  com.zeroturnaround.javarebel.bia
1768:             1             72  com.zeroturnaround.javarebel.bib
1769:             1             72  com.zeroturnaround.javarebel.bic
1770:             1             72  com.zeroturnaround.javarebel.bid
1771:             1             72  com.zeroturnaround.javarebel.bie
1772:             1             72  com.zeroturnaround.javarebel.bif
1773:             1             72  com.zeroturnaround.javarebel.big
1774:             3             72  com.zeroturnaround.javarebel.bov
1775:             3             72  com.zeroturnaround.javarebel.bxd
1776:             3             72  com.zeroturnaround.javarebel.cei
1777:             3             72  com.zeroturnaround.javarebel.cfs
1778:             3             72  com.zeroturnaround.javarebel.cfw
1779:             3             72  com.zeroturnaround.javarebel.cgm
1780:             3             72  com.zeroturnaround.javarebel.d
1781:             3             72  com.zeroturnaround.javarebel.e
1782:             3             72  com.zeroturnaround.javarebel.g
1783:             3             72  com.zeroturnaround.javarebel.gdu
1784:             3             72  com.zeroturnaround.javarebel.gdv
1785:             3             72  com.zeroturnaround.javarebel.gdw
1786:             3             72  com.zeroturnaround.javarebel.gfi
1787:             1             72  com.zeroturnaround.javarebel.gg
1788:             3             72  com.zeroturnaround.javarebel.gsa
1789:             3             72  com.zeroturnaround.javarebel.kz
1790:             3             72  com.zeroturnaround.javarebel.o
1791:             3             72  com.zeroturnaround.javarebel.zr
1792:             3             72  com.zeroturnaround.jrebel.bundled.org.apache.http.impl.execchain.f
1793:             3             72  com.zeroturnaround.jrebel.bundled.org.apache.http.impl.execchain.k
1794:             3             72  com.zeroturnaround.reload.n
1795:             3             72  java.lang.annotation.RetentionPolicy
1796:             3             72  java.lang.invoke.MethodHandles$Lookup
1797:             3             72  java.net.Proxy$Type
1798:             3             72  java.net.ServerSocket
1799:             3             72  java.security.CodeSigner
1800:             3             72  java.time.LocalDate
1801:             3             72  java.time.ZoneOffset
1802:             3             72  java.time.format.ResolverStyle
1803:             3             72  java.util.Base64$Encoder
1804:             3             72  java.util.Currency
1805:             1             72  java.util.ResourceBundle$RBClassLoader
1806:             1             72  java.util.logging.LogManager$RootLogger
1807:             3             72  java.util.stream.Collector$Characteristics
1808:             3             72  java.util.stream.MatchOps$MatchKind
1809:             3             72  javax.crypto.CryptoPermissions
1810:             3             72  javax.servlet.SessionTrackingMode
1811:             3             72  org.apache.coyote.http11.Http11InputBuffer$HeaderParseStatus
1812:             3             72  org.apache.tomcat.util.http.parser.SkipResult
1813:             3             72  org.apache.tomcat.util.log.UserDataHelper$Mode
1814:             3             72  org.apache.tomcat.util.net.NioEndpoint$PollerEvent
1815:             3             72  org.apache.tomcat.util.net.SendfileState
1816:             3             72  org.apache.tomcat.websocket.MessageHandlerResultType
1817:             3             72  org.apache.tomcat.websocket.TransformationResult
1818:             3             72  org.apache.tomcat.websocket.WsFrameBase$State
1819:             3             72  org.apache.tomcat.websocket.WsSession$State
1820:             3             72  org.hibernate.validator.internal.metadata.raw.ConfigurationSource
1821:             3             72  org.hibernate.validator.internal.util.ConcurrentReferenceHashMap$ReferenceType
1822:             3             72  org.springframework.beans.AbstractNestablePropertyAccessor$PropertyTokenHolder
1823:             3             72  org.springframework.beans.factory.annotation.Autowire
1824:             3             72  org.springframework.beans.factory.config.EmbeddedValueResolver
1825:             3             72  org.springframework.boot.Banner$Mode
1826:             3             72  org.springframework.boot.WebApplicationType
1827:             3             72  org.springframework.boot.ansi.AnsiOutput$Enabled
1828:             3             72  org.springframework.boot.autoconfigure.condition.ConditionalOnWebApplication$Type
1829:             3             72  org.springframework.boot.autoconfigure.condition.SearchStrategy
1830:             3             72  org.springframework.boot.autoconfigure.web.ErrorProperties$IncludeStacktrace
1831:             1             72  org.springframework.boot.autoconfigure.web.ServerProperties
1832:             3             72  org.springframework.boot.autoconfigure.web.servlet.WebMvcAutoConfiguration$WebMvcAutoConfigurationAdapter$$EnhancerBySpringCGLIB$$3122d8a3$$FastClassBySpringCGLIB$$3f01059d
1833:             3             72  org.springframework.boot.autoconfigure.web.servlet.WebMvcAutoConfiguration$WebMvcAutoConfigurationAdapter$$FastClassBySpringCGLIB$$99958c00
1834:             3             72  org.springframework.boot.autoconfigure.web.servlet.error.ErrorMvcAutoConfiguration$$EnhancerBySpringCGLIB$$4fddc2c3$$FastClassBySpringCGLIB$$73cc506a
1835:             3             72  org.springframework.boot.autoconfigure.web.servlet.error.ErrorMvcAutoConfiguration$$FastClassBySpringCGLIB$$75715220
1836:             3             72  org.springframework.boot.context.properties.source.ConfigurationPropertyName$Form
1837:             3             72  org.springframework.boot.context.properties.source.ConfigurationPropertyState
1838:             3             72  org.springframework.boot.devtools.autoconfigure.LocalDevToolsAutoConfiguration$LiveReloadConfiguration$$EnhancerBySpringCGLIB$$ef1aa9b0$$FastClassBySpringCGLIB$$2cf51a3
1839:             3             72  org.springframework.boot.devtools.autoconfigure.LocalDevToolsAutoConfiguration$LiveReloadConfiguration$$FastClassBySpringCGLIB$$605e686d
1840:             3             72  org.springframework.boot.devtools.filewatch.ChangedFile$Type
1841:             1             72  org.springframework.boot.devtools.restart.Restarter
1842:             1             72  org.springframework.boot.jackson.JsonComponentModule
1843:             3             72  org.springframework.boot.jdbc.DataSourceInitializationMode
1844:             3             72  org.springframework.context.annotation.AnnotationScopeMetadataResolver
1845:             3             72  org.springframework.core.ResolvableType$SyntheticParameterizedType
1846:             3             72  org.springframework.core.ResolvableType$TypeVariablesVariableResolver
1847:             3             72  org.springframework.core.env.PropertySource$StubPropertySource
1848:             3             72  org.springframework.core.type.classreading.CachingMetadataReaderFactory
1849:             3             72  org.springframework.expression.TypedValue
1850:             3             72  org.springframework.expression.spel.SpelCompilerMode
1851:             3             72  org.springframework.format.datetime.standard.DateTimeFormatterRegistrar$Type
1852:             3             72  org.springframework.http.converter.ByteArrayHttpMessageConverter
1853:             3             72  org.springframework.jdbc.datasource.embedded.EmbeddedDatabaseType
1854:             3             72  org.springframework.jmx.support.RegistrationPolicy
1855:             3             72  org.springframework.messaging.simp.config.ChannelRegistration
1856:             3             72  org.springframework.transaction.annotation.ProxyTransactionManagementConfiguration$$EnhancerBySpringCGLIB$$2431bd3e$$FastClassBySpringCGLIB$$83fee9d2
1857:             3             72  org.springframework.transaction.annotation.ProxyTransactionManagementConfiguration$$FastClassBySpringCGLIB$$1e4b583b
1858:             3             72  org.springframework.web.servlet.mvc.method.annotation.RequestAttributeMethodArgumentResolver
1859:             3             72  org.springframework.web.servlet.mvc.method.annotation.SessionAttributeMethodArgumentResolver
1860:             3             72  org.springframework.web.servlet.resource.DefaultResourceTransformerChain
1861:             3             72  org.springframework.web.socket.config.annotation.WebSocketMessageBrokerConfigurationSupport$$FastClassBySpringCGLIB$$c80633df
1862:             3             72  org.springframework.web.socket.sockjs.transport.session.AbstractSockJsSession$State
1863:             3             72  org.springframework.web.util.HierarchicalUriComponents$EncodeState
1864:             3             72  org.zeroturnaround.javarebel.integration.monitor.FileMonitorAdapter$DirtyListener
1865:             1             72  org.zeroturnaround.javarebel.integration.spring.boot.ResourceReloadingProperties
1866:             3             72  org.zeroturnaround.javarebel.integration.util.WeakUtil$WeakRequestListener
1867:             1             72  org.zeroturnaround.javarebel.reporting.MixpanelMetrics
1868:             3             72  org.zeroturnaround.javarebel.reporting.MixpanelMetrics$12
1869:             1             72  org.zeroturnaround.javarebel.spring.SpringMetrics
1870:             3             72  org.zeroturnaround.jrebel.apache.commons.compress.archivers.zip.ZipLong
1871:             3             72  org.zeroturnaround.jrebel.apache.commons.io.IOCase
1872:             1             72  org.zeroturnaround.jrebel.intellij.FileWatcher
1873:             3             72  sun.misc.FloatingDecimal$ExceptionalBinaryToASCIIBuffer
1874:             3             72  sun.misc.ObjectInputFilter$Status
1875:             3             72  sun.nio.ch.PipeImpl
1876:             3             72  sun.nio.ch.WindowsSelectorImpl$FinishLock
1877:             3             72  sun.nio.ch.WindowsSelectorImpl$StartLock
1878:             3             72  sun.nio.fs.NativeBuffer$Deallocator
1879:             3             72  sun.security.provider.DSAParameters
1880:             3             72  sun.security.provider.PolicyFile$PolicyEntry
1881:             3             72  sun.security.provider.certpath.X509CertPath
1882:             3             72  sun.security.ssl.CipherSuite$CipherType
1883:             3             72  sun.security.ssl.CipherSuiteList
1884:             1             72  sun.util.locale.provider.JRELocaleProviderAdapter
1885:             2             64  [Lcom.fasterxml.jackson.annotation.JsonCreator$Mode;
1886:             2             64  [Lcom.sun.org.apache.xerces.internal.impl.XMLEntityManager$CharacterBuffer;
1887:             2             64  [Lcom.sun.org.apache.xerces.internal.utils.XMLSecurityPropertyManager$State;
1888:             2             64  [Lcom.zeroturnaround.javarebel.ae;
1889:             1             64  [Lcom.zeroturnaround.javarebel.bga;
1890:             2             64  [Ljava.lang.annotation.RetentionPolicy;
1891:             2             64  [Ljava.lang.invoke.LambdaFormEditor$Transform;
1892:             2             64  [Ljava.util.stream.Collector$Characteristics;
1893:             2             64  [Ljavax.servlet.SessionTrackingMode;
1894:             1             64  [Lorg.apache.catalina.LifecycleState;
1895:             3             64  [Lorg.apache.catalina.connector.Connector;
1896:             2             64  [Lorg.springframework.beans.factory.annotation.Autowire;
1897:             2             64  [Lorg.springframework.boot.ansi.AnsiOutput$Enabled;
1898:             2             64  [Lorg.springframework.boot.autoconfigure.condition.ConditionalOnWebApplication$Type;
1899:             2             64  [Lorg.springframework.boot.autoconfigure.condition.SearchStrategy;
1900:             2             64  [Lorg.springframework.boot.autoconfigure.web.ErrorProperties$IncludeStacktrace;
1901:             2             64  [Lorg.springframework.context.annotation.ScopedProxyMode;
1902:             2             64  [Lorg.springframework.format.datetime.standard.DateTimeFormatterRegistrar$Type;
1903:             2             64  [Lorg.springframework.util.ConcurrentReferenceHashMap$TaskOption;
1904:             1             64  [Lorg.zeroturnaround.javarebel.reporting.stats.repository.DailyFieldId;
1905:             1             64  [Lsun.reflect.annotation.TypeAnnotation$TypeAnnotationTarget;
1906:             1             64  ch.qos.logback.classic.PatternLayout
1907:             2             64  ch.qos.logback.core.joran.spi.ConsoleTarget
1908:             2             64  ch.qos.logback.core.util.COWArrayList
1909:             2             64  ch.qos.logback.core.util.CachingDateFormatter
1910:             1             64  com.fasterxml.classmate.util.LRUTypeCache$CacheMap
1911:             2             64  com.fasterxml.jackson.databind.deser.std.StringArrayDeserializer
1912:             2             64  com.fasterxml.jackson.databind.ser.std.NumberSerializers$DoubleSerializer
1913:             2             64  com.fasterxml.jackson.databind.ser.std.NumberSerializers$IntegerSerializer
1914:             2             64  com.fasterxml.jackson.databind.ser.std.NumberSerializers$LongSerializer
1915:             2             64  com.sun.crypto.provider.AESCrypt
1916:             2             64  com.sun.jmx.mbeanserver.DefaultMXBeanMappingFactory$CollectionMapping
1917:             2             64  com.sun.org.apache.xalan.internal.utils.XMLSecurityPropertyManager$Property
1918:             1             64  com.sun.org.apache.xerces.internal.impl.XMLEntityScanner
1919:             2             64  com.sun.org.apache.xerces.internal.impl.dtd.XMLElementDecl
1920:             2             64  com.sun.org.apache.xerces.internal.utils.XMLSecurityPropertyManager$Property
1921:             4             64  com.sun.proxy.$Proxy10
1922:             4             64  com.sun.proxy.$Proxy2
1923:             4             64  com.sun.proxy.$Proxy22
1924:             4             64  com.sun.proxy.$Proxy30
1925:             4             64  com.sun.proxy.$Proxy41
1926:             4             64  com.sun.proxy.$Proxy56
1927:             2             64  com.sysmin.core.jvm.enums.JpsType
1928:             4             64  com.zeroturnaround.javarebel.aea
1929:             4             64  com.zeroturnaround.javarebel.ay
1930:             2             64  com.zeroturnaround.javarebel.bpx
1931:             4             64  com.zeroturnaround.javarebel.r
1932:             2             64  com.zeroturnaround.javarebel.uo
1933:             2             64  com.zeroturnaround.javarebel.wi
1934:             2             64  com.zeroturnaround.jrebelbase.e
1935:             2             64  com.zeroturnaround.jrebelbase.facade.av
1936:             2             64  java.io.PrintStream
1937:             1             64  java.lang.ClassValue$ClassValueMap
1938:             2             64  java.lang.VirtualMachineError
1939:             4             64  java.lang.invoke.$Proxy73
1940:             2             64  java.lang.ref.ReferenceQueue$Null
1941:             4             64  java.time.format.DateTimeTextProvider
1942:             2             64  java.time.temporal.IsoFields$Unit
1943:             4             64  java.util.Collections$UnmodifiableCollection
1944:             4             64  java.util.Hashtable$KeySet
1945:             4             64  java.util.Optional
1946:             4             64  java.util.concurrent.CountDownLatch
1947:             2             64  java.util.concurrent.Semaphore$NonfairSync
1948:             2             64  javax.management.remote.JMXServiceURL
1949:             1             64  org.apache.catalina.core.ApplicationContext
1950:             1             64  org.apache.catalina.loader.WebappLoader
1951:             1             64  org.apache.catalina.mapper.Mapper$ContextVersion
1952:             1             64  org.apache.catalina.valves.ErrorReportValve
1953:             1             64  org.apache.catalina.webresources.DirResourceSet
1954:             2             64  org.apache.logging.log4j.util.PropertiesUtil$Environment
1955:             1             64  org.hibernate.validator.internal.engine.ValidatorFactoryImpl
1956:             1             64  org.springframework.aop.framework.ProxyFactory
1957:             4             64  org.springframework.beans.factory.support.NullBean
1958:             2             64  org.springframework.beans.propertyeditors.CharacterEditor
1959:             2             64  org.springframework.beans.propertyeditors.ClassArrayEditor
1960:             2             64  org.springframework.beans.propertyeditors.ClassEditor
1961:             2             64  org.springframework.beans.propertyeditors.FileEditor
1962:             2             64  org.springframework.beans.propertyeditors.InputSourceEditor
1963:             2             64  org.springframework.beans.propertyeditors.InputStreamEditor
1964:             2             64  org.springframework.beans.propertyeditors.PathEditor
1965:             2             64  org.springframework.beans.propertyeditors.ReaderEditor
1966:             2             64  org.springframework.beans.propertyeditors.URIEditor
1967:             2             64  org.springframework.beans.propertyeditors.URLEditor
1968:             1             64  org.springframework.boot.autoconfigure.jackson.JacksonProperties
1969:             1             64  org.springframework.boot.autoconfigure.template.TemplateAvailabilityProviders$1
1970:             1             64  org.springframework.boot.autoconfigure.web.servlet.WebMvcProperties
1971:             4             64  org.springframework.boot.convert.CollectionToDelimitedStringConverter
1972:             1             64  org.springframework.context.annotation.CommonAnnotationBeanPostProcessor
1973:             2             64  org.springframework.context.annotation.ConditionEvaluator$ConditionContextImpl
1974:             2             64  org.springframework.context.annotation.ConfigurationClassParser$ImportStack
1975:             4             64  org.springframework.core.convert.support.ArrayToCollectionConverter
1976:             4             64  org.springframework.core.convert.support.ArrayToObjectConverter
1977:             4             64  org.springframework.core.convert.support.ArrayToStringConverter
1978:             4             64  org.springframework.core.convert.support.ByteBufferConverter
1979:             4             64  org.springframework.core.convert.support.CharacterToNumberFactory
1980:             4             64  org.springframework.core.convert.support.CollectionToCollectionConverter
1981:             4             64  org.springframework.core.convert.support.CollectionToObjectConverter
1982:             4             64  org.springframework.core.convert.support.EnumToIntegerConverter
1983:             4             64  org.springframework.core.convert.support.EnumToStringConverter
1984:             4             64  org.springframework.core.convert.support.FallbackObjectToStringConverter
1985:             4             64  org.springframework.core.convert.support.IdToEntityConverter
1986:             4             64  org.springframework.core.convert.support.IntegerToEnumConverterFactory
1987:             4             64  org.springframework.core.convert.support.MapToMapConverter
1988:             4             64  org.springframework.core.convert.support.NumberToCharacterConverter
1989:             4             64  org.springframework.core.convert.support.NumberToNumberConverterFactory
1990:             4             64  org.springframework.core.convert.support.ObjectToArrayConverter
1991:             4             64  org.springframework.core.convert.support.ObjectToCollectionConverter
1992:             4             64  org.springframework.core.convert.support.ObjectToObjectConverter
1993:             4             64  org.springframework.core.convert.support.ObjectToOptionalConverter
1994:             4             64  org.springframework.core.convert.support.PropertiesToStringConverter
1995:             4             64  org.springframework.core.convert.support.StreamConverter
1996:             4             64  org.springframework.core.convert.support.StringToArrayConverter
1997:             4             64  org.springframework.core.convert.support.StringToBooleanConverter
1998:             4             64  org.springframework.core.convert.support.StringToCharacterConverter
1999:             4             64  org.springframework.core.convert.support.StringToCharsetConverter
2000:             4             64  org.springframework.core.convert.support.StringToCollectionConverter
2001:             4             64  org.springframework.core.convert.support.StringToCurrencyConverter
2002:             4             64  org.springframework.core.convert.support.StringToEnumConverterFactory
2003:             4             64  org.springframework.core.convert.support.StringToLocaleConverter
2004:             4             64  org.springframework.core.convert.support.StringToNumberConverterFactory
2005:             4             64  org.springframework.core.convert.support.StringToNumberConverterFactory$StringToNumber
2006:             4             64  org.springframework.core.convert.support.StringToPropertiesConverter
2007:             4             64  org.springframework.core.convert.support.StringToTimeZoneConverter
2008:             4             64  org.springframework.core.convert.support.StringToUUIDConverter
2009:             4             64  org.springframework.core.convert.support.ZoneIdToTimeZoneConverter
2010:             4             64  org.springframework.core.convert.support.ZonedDateTimeToCalendarConverter
2011:             2             64  org.springframework.core.task.SimpleAsyncTaskExecutor$ConcurrencyThrottleAdapter
2012:             2             64  org.springframework.core.type.filter.AnnotationTypeFilter
2013:             2             64  org.springframework.http.converter.support.AllEncompassingFormHttpMessageConverter
2014:             1             64  org.springframework.jdbc.core.namedparam.NamedParameterJdbcTemplate$1
2015:             2             64  org.springframework.messaging.simp.broker.BrokerAvailabilityEvent
2016:             1             64  org.springframework.messaging.simp.broker.DefaultSubscriptionRegistry$DestinationCache$1
2017:             2             64  org.springframework.messaging.simp.config.TaskExecutorRegistration
2018:             1             64  org.springframework.messaging.simp.stomp.StompEncoder$1
2019:             1             64  org.springframework.validation.beanvalidation.MethodValidationPostProcessor
2020:             2             64  org.springframework.web.context.support.StandardServletEnvironment
2021:             4             64  org.springframework.web.method.annotation.ModelMethodProcessor
2022:             1             64  org.springframework.web.servlet.view.AbstractCachingViewResolver$2
2023:             4             64  org.zeroturnaround.javarebel.integration.generic.MultiReloadCheckListener
2024:             2             64  org.zeroturnaround.javarebel.integration.util.ClassLoaderLocalUtil$DestructibleClassEventListenerAdapter
2025:             4             64  sun.net.www.protocol.jar.Handler
2026:             2             64  sun.nio.ch.WindowsSelectorImpl$MapEntry
2027:             2             64  sun.reflect.UnsafeQualifiedBooleanFieldAccessorImpl
2028:             1             64  sun.security.provider.SHA2$SHA256
2029:             2             64  sun.security.x509.NetscapeCertTypeExtension
2030:             1             64  sun.util.locale.provider.RuleBasedBreakIterator
2031:             1             56  [Lcom.fasterxml.jackson.annotation.JsonFormat$Shape;
2032:             1             56  [Lcom.sun.org.apache.xalan.internal.utils.XMLSecurityManager$Limit;
2033:             1             56  [Lcom.sun.org.apache.xerces.internal.impl.XMLScanner$NameType;
2034:             1             56  [Lcom.sun.org.apache.xerces.internal.utils.XMLSecurityManager$Limit;
2035:             2             56  [Lcom.zeroturnaround.javarebel.cmy;
2036:             1             56  [Ljava.lang.Runnable;
2037:             1             56  [Ljava.text.Format;
2038:             3             56  [Lorg.springframework.context.annotation.ComponentScan$Filter;
2039:             1             56  [Lorg.springframework.messaging.simp.SimpMessageType;
2040:             2             56  [Lorg.springframework.util.MimeType;
2041:             1             56  [Lorg.zeroturnaround.bundled.javassist.CtClass;
2042:             1             56  [Lorg.zeroturnaround.javarebel.LicenceType;
2043:             1             56  [Lsun.util.logging.PlatformLogger$Level;
2044:             1             56  ch.qos.logback.classic.encoder.PatternLayoutEncoder
2045:             1             56  com.fasterxml.classmate.types.ResolvedObjectType
2046:             1             56  com.fasterxml.jackson.datatype.jsr310.ser.ZonedDateTimeSerializer
2047:             1             56  com.sun.org.apache.xerces.internal.jaxp.SAXParserImpl
2048:             1             56  com.zeroturnaround.javarebel.fxq
2049:             1             56  java.util.logging.LogManager
2050:             1             56  org.apache.catalina.core.StandardContextValve
2051:             1             56  org.apache.catalina.core.StandardEngineValve
2052:             1             56  org.apache.catalina.core.StandardHostValve
2053:             1             56  org.apache.catalina.util.StandardSessionIdGenerator
2054:             1             56  org.apache.catalina.webresources.Cache
2055:             1             56  org.apache.tomcat.util.net.NioSelectorPool
2056:             1             56  org.apache.tomcat.util.scan.StandardJarScanFilter
2057:             1             56  org.apache.tomcat.util.threads.TaskQueue
2058:             1             56  org.apache.tomcat.websocket.PerMessageDeflate
2059:             1             56  org.hibernate.validator.internal.metadata.BeanMetaDataManager
2060:             1             56  org.hibernate.validator.internal.xml.config.BootstrapConfigurationImpl
2061:             1             56  org.hibernate.validator.internal.xml.config.ValidationBootstrapParameters
2062:             1             56  org.springframework.asm.Label
2063:             1             56  org.springframework.beans.factory.annotation.AutowiredAnnotationBeanPostProcessor
2064:             1             56  org.springframework.boot.autoconfigure.web.ResourceProperties$Cache$Cachecontrol
2065:             1             56  org.springframework.boot.autoconfigure.web.servlet.DispatcherServletRegistrationBean
2066:             1             56  org.springframework.boot.autoconfigure.web.servlet.WebMvcAutoConfiguration$WebMvcAutoConfigurationAdapter$$EnhancerBySpringCGLIB$$3122d8a3
2067:             1             56  org.springframework.boot.devtools.filewatch.FileSystemWatcher
2068:             1             56  org.springframework.boot.web.client.RestTemplateBuilder
2069:             1             56  org.springframework.boot.web.embedded.tomcat.LazySessionIdGenerator
2070:             1             56  org.springframework.dao.annotation.PersistenceExceptionTranslationPostProcessor
2071:             1             56  org.springframework.messaging.simp.broker.SimpleBrokerMessageHandler$SessionInfo
2072:             1             56  org.springframework.messaging.simp.config.MessageBrokerRegistry
2073:             1             56  org.springframework.util.StopWatch
2074:             1             56  org.springframework.validation.beanvalidation.LocalValidatorFactoryBean
2075:             1             56  org.springframework.web.servlet.view.ContentNegotiatingViewResolver
2076:             1             56  org.springframework.web.socket.adapter.standard.StandardWebSocketSession
2077:             1             56  org.springframework.web.socket.config.annotation.DelegatingWebSocketMessageBrokerConfiguration$$EnhancerBySpringCGLIB$$151c7e11
2078:             1             56  org.springframework.web.socket.handler.ConcurrentWebSocketSessionDecorator
2079:             1             56  org.springframework.web.socket.messaging.StompSubProtocolHandler
2080:             1             56  org.zeroturnaround.javarebel.integration.monitor.FileMonitorAdapter
2081:             1             56  sun.rmi.runtime.Log$InternalStreamHandler
2082:             1             56  sun.security.provider.MD5
2083:             1             56  sun.security.ssl.InputRecord
2084:             3             48  [Lcom.fasterxml.classmate.ResolvedType;
2085:             1             48  [Lcom.fasterxml.jackson.annotation.JsonFormat$Feature;
2086:             1             48  [Lcom.fasterxml.jackson.annotation.JsonInclude$Include;
2087:             1             48  [Lcom.sun.beans.util.Cache$CacheEntry;
2088:             1             48  [Lcom.sun.management.VMOption$Origin;
2089:             1             48  [Lcom.zeroturnaround.javarebel.gdk;
2090:             1             48  [Ljava.beans.WeakIdentityMap$Entry;
2091:             3             48  [Ljava.lang.StackTraceElement;
2092:             3             48  [Ljava.lang.Throwable;
2093:             1             48  [Ljava.lang.invoke.MethodHandleImpl$Intrinsic;
2094:             1             48  [Ljava.math.RoundingMode;
2095:             1             48  [Ljava.util.concurrent.TimeUnit;
2096:             2             48  [Ljavax.annotation.Resource$AuthenticationType;
2097:             3             48  [Lorg.apache.catalina.mapper.Mapper$MappedWrapper;
2098:             1             48  [Lorg.apache.tomcat.util.http.parser.HttpParser$DomainParseState;
2099:             1             48  [Lorg.apache.tomcat.util.net.AbstractEndpoint$Handler$SocketState;
2100:             2             48  [Lorg.hibernate.validator.internal.util.ConcurrentReferenceHashMap$Option;
2101:             1             48  [Lorg.springframework.boot.convert.DurationStyle$Unit;
2102:             1             48  [Lorg.springframework.cglib.proxy.CallbackInfo;
2103:             2             48  [Lorg.springframework.context.annotation.AdviceMode;
2104:             1             48  [Lsun.management.counter.Units;
2105:             1             48  [Lsun.security.ssl.SignatureAndHashAlgorithm$HashAlgorithm;
2106:             1             48  [Lsun.security.x509.NetscapeCertTypeExtension$MapEntry;
2107:             1             48  [[Ljava.lang.Object;
2108:             1             48  ch.qos.logback.classic.pattern.DateConverter
2109:             3             48  ch.qos.logback.core.spi.LogbackLock
2110:             2             48  ch.qos.logback.core.subst.Node$Type
2111:             1             48  com.alibaba.fastjson.parser.ParserConfig
2112:             2             48  com.alibaba.fastjson.util.IdentityHashMap
2113:             2             48  com.fasterxml.jackson.databind.AnnotationIntrospector$ReferenceProperty$Type
2114:             1             48  com.fasterxml.jackson.databind.cfg.ConfigOverride$Empty
2115:             2             48  com.fasterxml.jackson.databind.deser.impl.NullsConstantProvider
2116:             2             48  com.fasterxml.jackson.databind.introspect.AnnotationIntrospectorPair
2117:             2             48  com.fasterxml.jackson.databind.ser.std.BooleanSerializer
2118:             1             48  com.fasterxml.jackson.databind.ser.std.CollectionSerializer
2119:             1             48  com.fasterxml.jackson.databind.util.StdDateFormat
2120:             1             48  com.fasterxml.jackson.datatype.jsr310.ser.InstantSerializer
2121:             1             48  com.fasterxml.jackson.datatype.jsr310.ser.OffsetDateTimeSerializer
2122:             2             48  com.sun.crypto.provider.AESCipher$General
2123:             2             48  com.sun.jmx.mbeanserver.ClassLoaderRepositorySupport$LoaderEntry
2124:             1             48  com.sun.jmx.mbeanserver.DefaultMXBeanMappingFactory$Mappings
2125:             2             48  com.sun.jmx.mbeanserver.WeakIdentityHashMap
2126:             2             48  com.sun.org.apache.xerces.internal.impl.dtd.DTDGrammarBucket
2127:             2             48  com.sun.org.apache.xerces.internal.impl.dtd.XMLAttributeDecl
2128:             3             48  com.sun.org.apache.xerces.internal.impl.dv.dtd.ListDatatypeValidator
2129:             1             48  com.sun.org.apache.xerces.internal.util.XMLAttributesImpl
2130:             3             48  com.sun.proxy.$Proxy14
2131:             3             48  com.sun.proxy.$Proxy32
2132:             3             48  com.sun.proxy.$Proxy47
2133:             3             48  com.sun.proxy.$Proxy54
2134:             3             48  com.sun.proxy.$Proxy70
2135:             2             48  com.zeroturnaround.javarebel.ayo
2136:             3             48  com.zeroturnaround.javarebel.bta
2137:             3             48  com.zeroturnaround.javarebel.btb
2138:             3             48  com.zeroturnaround.javarebel.btc
2139:             3             48  com.zeroturnaround.javarebel.btg
2140:             3             48  com.zeroturnaround.javarebel.bth
2141:             3             48  com.zeroturnaround.javarebel.btm
2142:             3             48  com.zeroturnaround.javarebel.btn
2143:             3             48  com.zeroturnaround.javarebel.bvw
2144:             2             48  com.zeroturnaround.javarebel.bwb
2145:             2             48  com.zeroturnaround.javarebel.bwc
2146:             3             48  com.zeroturnaround.javarebel.bxp
2147:             3             48  com.zeroturnaround.javarebel.bzl
2148:             3             48  com.zeroturnaround.javarebel.bzn
2149:             3             48  com.zeroturnaround.javarebel.bzr
2150:             3             48  com.zeroturnaround.javarebel.bzv
2151:             3             48  com.zeroturnaround.javarebel.c
2152:             3             48  com.zeroturnaround.javarebel.cai
2153:             3             48  com.zeroturnaround.javarebel.can
2154:             3             48  com.zeroturnaround.javarebel.cax
2155:             1             48  com.zeroturnaround.javarebel.cb
2156:             2             48  com.zeroturnaround.javarebel.cet
2157:             2             48  com.zeroturnaround.javarebel.cfx
2158:             3             48  com.zeroturnaround.javarebel.cgd
2159:             3             48  com.zeroturnaround.javarebel.cgh
2160:             2             48  com.zeroturnaround.javarebel.chk
2161:             1             48  com.zeroturnaround.javarebel.ciw
2162:             3             48  com.zeroturnaround.javarebel.cjf
2163:             1             48  com.zeroturnaround.javarebel.ckb
2164:             3             48  com.zeroturnaround.javarebel.cky
2165:             3             48  com.zeroturnaround.javarebel.clj
2166:             3             48  com.zeroturnaround.javarebel.cln
2167:             2             48  com.zeroturnaround.javarebel.gum
2168:             3             48  com.zeroturnaround.javarebel.gwd
2169:             3             48  com.zeroturnaround.javarebel.h
2170:             3             48  com.zeroturnaround.javarebel.hab
2171:             2             48  com.zeroturnaround.javarebel.i
2172:             2             48  com.zeroturnaround.javarebel.internalsdk.Internal$CoreVersion
2173:             3             48  com.zeroturnaround.javarebel.jv
2174:             3             48  com.zeroturnaround.javarebel.ke
2175:             3             48  com.zeroturnaround.javarebel.s
2176:             2             48  com.zeroturnaround.javarebel.ux
2177:             2             48  com.zeroturnaround.javarebel.xy
2178:             2             48  com.zeroturnaround.javarebel.yc
2179:             2             48  com.zeroturnaround.javarebel.yd
2180:             2             48  com.zeroturnaround.javarebel.yo
2181:             2             48  com.zeroturnaround.javarebel.yq
2182:             2             48  com.zeroturnaround.javarebel.yy
2183:             2             48  com.zeroturnaround.javarebel.z
2184:             1             48  com.zeroturnaround.javarebel.zn
2185:             1             48  com.zeroturnaround.javarebel.zo
2186:             1             48  com.zeroturnaround.jrebel.bundled.org.apache.http.impl.execchain.c
2187:             2             48  com.zeroturnaround.jrebelbase.f
2188:             1             48  com.zeroturnaround.reload.a
2189:             2             48  java.io.File$PathStatus
2190:             2             48  java.lang.ClassValue$Version
2191:             1             48  java.lang.ProcessEnvironment
2192:             1             48  java.lang.invoke.BoundMethodHandle$Species_L4
2193:             1             48  java.lang.invoke.BoundMethodHandle$Species_L5
2194:             2             48  java.lang.reflect.ReflectPermission
2195:             2             48  java.net.InetAddress$Cache
2196:             2             48  java.net.InetAddress$Cache$Type
2197:             2             48  java.net.SocketPermissionCollection
2198:             2             48  java.net.StandardProtocolFamily
2199:             3             48  java.nio.channels.spi.AbstractSelector$1
2200:             2             48  java.nio.charset.CoderResult
2201:             3             48  java.nio.charset.CodingErrorAction
2202:             2             48  java.sql.SQLPermission
2203:             3             48  java.text.AttributedCharacterIterator$Attribute
2204:             2             48  java.time.format.DateTimeFormatterBuilder$1
2205:             3             48  java.time.format.DateTimeFormatterBuilder$StringLiteralPrinterParser
2206:             2             48  java.time.format.DateTimeFormatterBuilder$ZoneIdPrinterParser
2207:             2             48  java.time.format.DateTimeTextProvider$LocaleStore
2208:             3             48  java.util.Base64$Decoder
2209:             1             48  java.util.concurrent.ConcurrentSkipListMap
2210:             2             48  java.util.concurrent.LinkedBlockingDeque$Node
2211:             3             48  java.util.concurrent.SynchronousQueue$TransferStack
2212:             1             48  java.util.concurrent.locks.ReentrantReadWriteLock$FairSync
2213:             3             48  java.util.jar.JarVerifier$3
2214:             2             48  java.util.logging.Logger$LoggerBundle
2215:             2             48  java.util.regex.Pattern$Prolog
2216:             2             48  javax.annotation.Resource$AuthenticationType
2217:             2             48  javax.crypto.spec.SecretKeySpec
2218:             2             48  javax.el.ExpressionFactory$CacheValue
2219:             2             48  javax.el.Util$CacheValue
2220:             2             48  javax.management.remote.rmi.RMIJRMPServerImpl$ExportedWrapper
2221:             2             48  javax.validation.constraintvalidation.ValidationTarget
2222:             1             48  org.apache.catalina.core.DefaultInstanceManager
2223:             2             48  org.apache.catalina.core.StandardWrapperFacade
2224:             1             48  org.apache.catalina.mapper.MapperListener
2225:             3             48  org.apache.catalina.realm.RealmBase$AllRolesMode
2226:             1             48  org.apache.catalina.startup.Tomcat
2227:             2             48  org.apache.catalina.util.ErrorPageSupport
2228:             2             48  org.apache.catalina.util.URLEncoder
2229:             1             48  org.apache.catalina.webresources.FileResource
2230:             1             48  org.apache.logging.log4j.simple.SimpleLogger
2231:             1             48  org.apache.logging.log4j.status.StatusLogger
2232:             1             48  org.apache.logging.slf4j.SLF4JProvider
2233:             2             48  org.apache.tomcat.util.buf.UEncoder$SafeCharsSet
2234:             1             48  org.apache.tomcat.util.buf.Utf8Encoder
2235:             1             48  org.apache.tomcat.util.digester.CallMethodRule
2236:             1             48  org.apache.tomcat.util.modeler.Registry
2237:             2             48  org.apache.tomcat.websocket.WsExtension
2238:             1             48  org.hibernate.validator.internal.engine.ValidatorFactoryImpl$ValidatorFactoryScopedContext
2239:             1             48  org.hibernate.validator.internal.engine.ValidatorImpl
2240:             2             48  org.hibernate.validator.internal.metadata.descriptor.ConstraintDescriptorImpl$ConstraintType
2241:             1             48  org.hibernate.validator.messageinterpolation.ResourceBundleMessageInterpolator
2242:             2             48  org.springframework.aop.support.annotation.AnnotationClassFilter
2243:             2             48  org.springframework.aop.support.annotation.AnnotationMatchingPointcut
2244:             2             48  org.springframework.beans.factory.annotation.InitDestroyAnnotationBeanPostProcessor$LifecycleElement
2245:             3             48  org.springframework.boot.autoconfigure.cache.CacheCondition
2246:             2             48  org.springframework.boot.autoconfigure.condition.OnResourceCondition
2247:             2             48  org.springframework.boot.autoconfigure.http.HttpProperties$Encoding$Type
2248:             2             48  org.springframework.boot.autoconfigure.jdbc.DataSourceAutoConfiguration$PooledDataSourceCondition
2249:             1             48  org.springframework.boot.autoconfigure.task.TaskExecutionAutoConfiguration$$EnhancerBySpringCGLIB$$afd15614
2250:             1             48  org.springframework.boot.autoconfigure.web.ServerProperties$Jetty$Accesslog
2251:             2             48  org.springframework.boot.autoconfigure.web.servlet.HttpEncodingAutoConfiguration$$EnhancerBySpringCGLIB$$f78673e0$$FastClassBySpringCGLIB$$830cfb52
2252:             2             48  org.springframework.boot.autoconfigure.web.servlet.HttpEncodingAutoConfiguration$$FastClassBySpringCGLIB$$8e591c9d
2253:             2             48  org.springframework.boot.autoconfigure.web.servlet.MultipartAutoConfiguration$$EnhancerBySpringCGLIB$$6676fbed$$FastClassBySpringCGLIB$$b156b9e9
2254:             2             48  org.springframework.boot.autoconfigure.web.servlet.MultipartAutoConfiguration$$FastClassBySpringCGLIB$$e81ad00a
2255:             2             48  org.springframework.boot.autoconfigure.web.servlet.ServletWebServerFactoryAutoConfiguration$$EnhancerBySpringCGLIB$$13eae4a1$$FastClassBySpringCGLIB$$698e7598
2256:             2             48  org.springframework.boot.autoconfigure.web.servlet.ServletWebServerFactoryAutoConfiguration$$FastClassBySpringCGLIB$$36b2d63e
2257:             2             48  org.springframework.boot.autoconfigure.web.servlet.WebMvcAutoConfiguration$$EnhancerBySpringCGLIB$$5873fbb5$$FastClassBySpringCGLIB$$ff50e6b5
2258:             2             48  org.springframework.boot.autoconfigure.web.servlet.WebMvcAutoConfiguration$$FastClassBySpringCGLIB$$1a49ed2
2259:             2             48  org.springframework.boot.autoconfigure.web.servlet.WebMvcAutoConfiguration$WebMvcAutoConfigurationAdapter$FaviconConfiguration$$EnhancerBySpringCGLIB$$ed5fe0e9$$FastClassBySpringCGLIB$$dbde8142
2260:             2             48  org.springframework.boot.autoconfigure.web.servlet.WebMvcAutoConfiguration$WebMvcAutoConfigurationAdapter$FaviconConfiguration$$FastClassBySpringCGLIB$$63819186
2261:             2             48  org.springframework.boot.autoconfigure.web.servlet.WebMvcProperties$LocaleResolver
2262:             1             48  org.springframework.boot.autoconfigure.web.servlet.error.ErrorMvcAutoConfiguration$$EnhancerBySpringCGLIB$$4fddc2c3
2263:             2             48  org.springframework.boot.autoconfigure.web.servlet.error.ErrorMvcAutoConfiguration$WhitelabelErrorViewConfiguration$$EnhancerBySpringCGLIB$$2f11a93b$$FastClassBySpringCGLIB$$75cc8bbc
2264:             2             48  org.springframework.boot.autoconfigure.web.servlet.error.ErrorMvcAutoConfiguration$WhitelabelErrorViewConfiguration$$FastClassBySpringCGLIB$$aa49e198
2265:             2             48  org.springframework.boot.context.properties.bind.JavaBeanBinder$Bean
2266:             2             48  org.springframework.boot.context.properties.source.SpringConfigurationPropertySource
2267:             2             48  org.springframework.boot.context.properties.source.SpringConfigurationPropertySources
2268:             1             48  org.springframework.boot.devtools.filewatch.FileSystemWatcher$Watcher
2269:             1             48  org.springframework.boot.logging.logback.ExtendedWhitespaceThrowableProxyConverter
2270:             1             48  org.springframework.boot.task.TaskExecutorBuilder
2271:             1             48  org.springframework.boot.web.servlet.filter.OrderedCharacterEncodingFilter
2272:             1             48  org.springframework.boot.web.servlet.filter.OrderedFormContentFilter
2273:             1             48  org.springframework.boot.web.servlet.filter.OrderedHiddenHttpMethodFilter
2274:             1             48  org.springframework.boot.web.servlet.filter.OrderedRequestContextFilter
2275:             3             48  org.springframework.cglib.core.AbstractClassGenerator$Source
2276:             2             48  org.springframework.context.annotation.AdviceMode
2277:             3             48  org.springframework.context.annotation.AnnotationBeanNameGenerator
2278:             1             48  org.springframework.context.annotation.ConfigurationClassBeanDefinitionReader
2279:             2             48  org.springframework.context.annotation.ConfigurationCondition$ConfigurationPhase
2280:             2             48  org.springframework.context.support.ApplicationListenerDetector
2281:             2             48  org.springframework.core.NamedInheritableThreadLocal
2282:             2             48  org.springframework.core.ResolvableType$WildcardBounds$Kind
2283:             3             48  org.springframework.core.env.MutablePropertySources
2284:             3             48  org.springframework.expression.spel.standard.SpelExpressionParser
2285:             3             48  org.springframework.expression.spel.support.StandardOperatorOverloader
2286:             3             48  org.springframework.expression.spel.support.StandardTypeComparator
2287:             3             48  org.springframework.expression.spel.support.StandardTypeConverter
2288:             2             48  org.springframework.expression.spel.support.StandardTypeLocator
2289:             3             48  org.springframework.format.datetime.DateTimeFormatAnnotationFormatterFactory
2290:             3             48  org.springframework.format.datetime.standard.DateTimeConverters$CalendarToInstantConverter
2291:             3             48  org.springframework.format.datetime.standard.DateTimeConverters$CalendarToLocalDateConverter
2292:             3             48  org.springframework.format.datetime.standard.DateTimeConverters$CalendarToLocalDateTimeConverter
2293:             3             48  org.springframework.format.datetime.standard.DateTimeConverters$CalendarToLocalTimeConverter
2294:             3             48  org.springframework.format.datetime.standard.DateTimeConverters$CalendarToOffsetDateTimeConverter
2295:             3             48  org.springframework.format.datetime.standard.DateTimeConverters$CalendarToZonedDateTimeConverter
2296:             3             48  org.springframework.format.datetime.standard.DateTimeConverters$InstantToLongConverter
2297:             3             48  org.springframework.format.datetime.standard.DateTimeConverters$LocalDateTimeToLocalDateConverter
2298:             3             48  org.springframework.format.datetime.standard.DateTimeConverters$LocalDateTimeToLocalTimeConverter
2299:             3             48  org.springframework.format.datetime.standard.DateTimeConverters$LongToInstantConverter
2300:             3             48  org.springframework.format.datetime.standard.DateTimeConverters$OffsetDateTimeToInstantConverter
2301:             3             48  org.springframework.format.datetime.standard.DateTimeConverters$OffsetDateTimeToLocalDateConverter
2302:             3             48  org.springframework.format.datetime.standard.DateTimeConverters$OffsetDateTimeToLocalDateTimeConverter
2303:             3             48  org.springframework.format.datetime.standard.DateTimeConverters$OffsetDateTimeToLocalTimeConverter
2304:             3             48  org.springframework.format.datetime.standard.DateTimeConverters$OffsetDateTimeToZonedDateTimeConverter
2305:             3             48  org.springframework.format.datetime.standard.DateTimeConverters$ZonedDateTimeToInstantConverter
2306:             3             48  org.springframework.format.datetime.standard.DateTimeConverters$ZonedDateTimeToLocalDateConverter
2307:             3             48  org.springframework.format.datetime.standard.DateTimeConverters$ZonedDateTimeToLocalDateTimeConverter
2308:             3             48  org.springframework.format.datetime.standard.DateTimeConverters$ZonedDateTimeToLocalTimeConverter
2309:             3             48  org.springframework.format.datetime.standard.DateTimeConverters$ZonedDateTimeToOffsetDateTimeConverter
2310:             3             48  org.springframework.format.datetime.standard.DurationFormatter
2311:             3             48  org.springframework.format.datetime.standard.InstantFormatter
2312:             3             48  org.springframework.format.datetime.standard.Jsr310DateTimeFormatAnnotationFormatterFactory
2313:             3             48  org.springframework.format.datetime.standard.MonthDayFormatter
2314:             3             48  org.springframework.format.datetime.standard.MonthFormatter
2315:             3             48  org.springframework.format.datetime.standard.PeriodFormatter
2316:             3             48  org.springframework.format.datetime.standard.YearFormatter
2317:             3             48  org.springframework.format.datetime.standard.YearMonthFormatter
2318:             3             48  org.springframework.format.number.NumberFormatAnnotationFormatterFactory
2319:             1             48  org.springframework.jdbc.core.JdbcTemplate
2320:             3             48  org.springframework.messaging.converter.DefaultContentTypeResolver
2321:             1             48  org.springframework.messaging.simp.broker.DefaultSubscriptionRegistry
2322:             1             48  org.springframework.messaging.simp.user.UserDestinationMessageHandler
2323:             3             48  org.springframework.messaging.support.ImmutableMessageChannelInterceptor
2324:             1             48  org.springframework.scheduling.annotation.ScheduledAnnotationBeanPostProcessor
2325:             1             48  org.springframework.scheduling.config.ScheduledTaskRegistrar
2326:             2             48  org.springframework.util.ConcurrentReferenceHashMap$ReferenceType
2327:             2             48  org.springframework.util.ConcurrentReferenceHashMap$Restructure
2328:             1             48  org.springframework.web.accept.ContentNegotiationManagerFactoryBean
2329:             2             48  org.springframework.web.context.support.ServletContextResource
2330:             2             48  org.springframework.web.context.support.ServletContextResourcePatternResolver
2331:             2             48  org.springframework.web.method.annotation.ExpressionValueMethodArgumentResolver
2332:             3             48  org.springframework.web.method.annotation.MapMethodProcessor
2333:             2             48  org.springframework.web.method.support.HandlerMethodReturnValueHandlerComposite
2334:             2             48  org.springframework.web.servlet.mvc.condition.ProducesRequestCondition$ProduceMediaTypeExpression
2335:             2             48  org.springframework.web.servlet.mvc.method.annotation.MatrixVariableMethodArgumentResolver
2336:             2             48  org.springframework.web.servlet.mvc.method.annotation.PathVariableMethodArgumentResolver
2337:             2             48  org.springframework.web.servlet.mvc.method.annotation.ServletModelAttributeMethodProcessor
2338:             3             48  org.springframework.web.servlet.mvc.method.annotation.ServletRequestMethodArgumentResolver
2339:             3             48  org.springframework.web.servlet.mvc.method.annotation.ServletResponseMethodArgumentResolver
2340:             1             48  org.springframework.web.socket.config.WebSocketMessageBrokerStats
2341:             2             48  org.springframework.web.socket.handler.ConcurrentWebSocketSessionDecorator$OverflowStrategy
2342:             1             48  org.springframework.web.socket.messaging.SubProtocolWebSocketHandler$Stats
2343:             1             48  org.springframework.web.socket.server.standard.ServerEndpointRegistration
2344:             2             48  org.zeroturnaround.bundled.javassist.CtArray
2345:             1             48  org.zeroturnaround.bundled.javassist.compiler.KeywordTable
2346:             1             48  org.zeroturnaround.javarebel.integration.fileservlet.FileServlet
2347:             3             48  org.zeroturnaround.javarebel.integration.generic.BaseServletContextImplClassBytecodeProcessor
2348:             2             48  org.zeroturnaround.javarebel.integration.spring.beans.cbp.AutowiredPropertyCacheCBP
2349:             2             48  org.zeroturnaround.javarebel.integration.spring.beans.cbp.InjectionPropertySkippingCBP
2350:             3             48  org.zeroturnaround.javarebel.integration.support.AtomicBoolean
2351:             1             48  org.zeroturnaround.javarebel.reporting.MetricsExecutor
2352:             2             48  org.zeroturnaround.javarebel.reporting.backend.LazyInitMessageBackendDecorator
2353:             2             48  org.zeroturnaround.javarebel.reporting.backend.impl.SegmentIOBackend$METHOD
2354:             1             48  org.zeroturnaround.javarebel.reporting.stats.repository.impl.RepositoryMetricsStatistics$AppSizeStatsListener
2355:             2             48  org.zeroturnaround.javarebel.service.ServiceRequestUtil$WeakServiceRequestListener
2356:             3             48  org.zeroturnaround.jrebel.apache.commons.compress.archivers.zip.ExtraFieldUtils$UnparseableExtraField
2357:             2             48  org.zeroturnaround.jrebel.apache.commons.compress.archivers.zip.ZipEncodingHelper$SimpleEncodingHolder
2358:             2             48  sun.management.ManagementFactoryHelper$1
2359:             2             48  sun.misc.NativeSignalHandler
2360:             2             48  sun.misc.Signal
2361:             3             48  sun.nio.ch.Util$3
2362:             1             48  sun.nio.cs.US_ASCII$Decoder
2363:             2             48  sun.nio.cs.ext.EUC_KR
2364:             2             48  sun.nio.cs.ext.JIS_X_0208_MS5022X
2365:             2             48  sun.nio.cs.ext.JIS_X_0212_MS5022X
2366:             3             48  sun.rmi.server.UnicastRef
2367:             3             48  sun.rmi.server.WeakClassHashMap$ValueCell
2368:             2             48  sun.security.jca.ProviderList
2369:             2             48  sun.security.jca.ProviderList$3
2370:             3             48  sun.security.ssl.AbstractTrustManagerWrapper
2371:             3             48  sun.security.ssl.EphemeralKeyManager
2372:             1             48  sun.security.ssl.OutputRecord
2373:             2             48  sun.security.ssl.SSLAlgorithmConstraints
2374:             3             48  sun.security.ssl.SSLSocketFactoryImpl
2375:             3             48  sun.security.util.AlgorithmDecomposer
2376:             3             48  sun.text.normalizer.CharTrie$FriendAgent
2377:             1             48  sun.text.normalizer.IntTrie
2378:             3             48  sun.text.normalizer.NormalizerBase$QuickCheckResult
2379:             3             48  sun.text.normalizer.VersionInfo
2380:             1             48  sun.text.resources.FormatData
2381:             1             48  sun.text.resources.en.FormatData_en
2382:             1             48  sun.text.resources.en.FormatData_en_US
2383:             1             48  sun.text.resources.zh.FormatData_zh
2384:             1             48  sun.text.resources.zh.FormatData_zh_CN
2385:             1             48  sun.util.resources.CalendarData
2386:             1             48  sun.util.resources.CurrencyNames
2387:             1             48  sun.util.resources.TimeZoneNames
2388:             1             48  sun.util.resources.en.CalendarData_en
2389:             1             48  sun.util.resources.en.CurrencyNames_en_US
2390:             1             48  sun.util.resources.en.TimeZoneNames_en
2391:             1             48  sun.util.resources.zh.CalendarData_zh
2392:             1             48  sun.util.resources.zh.CurrencyNames_zh_CN
2393:             2             40  [Lch.qos.logback.core.Appender;
2394:             1             40  [Lch.qos.logback.core.pattern.parser.TokenStream$TokenizerState;
2395:             1             40  [Lch.qos.logback.core.subst.Token$Type;
2396:             1             40  [Lcom.fasterxml.jackson.annotation.JsonAutoDetect$Visibility;
2397:             1             40  [Lcom.fasterxml.jackson.annotation.Nulls;
2398:             1             40  [Lcom.fasterxml.jackson.core.JsonParser$NumberType;
2399:             2             40  [Lcom.sun.jmx.mbeanserver.ClassLoaderRepositorySupport$LoaderEntry;
2400:             1             40  [Lcom.sun.org.apache.xerces.internal.util.Status;
2401:             1             40  [Lcom.sysmin.core.jvm.enums.JstatType;
2402:             1             40  [Lcom.zeroturnaround.javarebel.bpq;
2403:             1             40  [Lcom.zeroturnaround.javarebel.gps;
2404:             1             40  [Lcom.zeroturnaround.javarebel.oq;
2405:             1             40  [Lcom.zeroturnaround.javarebel.x;
2406:             2             40  [Ljava.beans.PropertyChangeListener;
2407:             2             40  [Ljava.lang.instrument.ClassFileTransformer;
2408:             1             40  [Ljava.lang.management.MemoryPoolMXBean;
2409:             2             40  [Ljava.net.URL;
2410:             1             40  [Ljava.time.format.SignStyle;
2411:             1             40  [Ljava.time.format.TextStyle;
2412:             1             40  [Ljava.util.stream.StreamOpFlag;
2413:             1             40  [Ljavax.servlet.http.MappingMatch;
2414:             1             40  [Lorg.apache.coyote.http11.Http11InputBuffer$HeaderParsePosition;
2415:             1             40  [Lorg.apache.tomcat.util.descriptor.web.FilterMap;
2416:             1             40  [Lorg.apache.tomcat.util.net.SocketEvent;
2417:             1             40  [Lorg.apache.tomcat.websocket.WsFrameBase$ReadState;
2418:             1             40  [Lorg.hibernate.validator.internal.metadata.raw.ConstrainedElement$ConstrainedElementKind;
2419:             1             40  [Lorg.jboss.logging.Logger$Level;
2420:             1             40  [Lorg.springframework.boot.ansi.AnsiStyle;
2421:             1             40  [Lorg.zeroturnaround.javarebel.reporting.stats.repository.CommonFieldId;
2422:             1             40  [Lsun.nio.fs.WindowsPathType;
2423:             1             40  [Lsun.security.jca.ServiceId;
2424:             1             40  [Lsun.security.ssl.SignatureAndHashAlgorithm$SignatureAlgorithm;
2425:             1             40  [Lsun.security.util.DisabledAlgorithmConstraints$Constraint$Operator;
2426:             1             40  [Lsun.util.locale.provider.LocaleProviderAdapter$Type;
2427:             1             40  [[Ljava.lang.invoke.LambdaForm$Name;
2428:             1             40  ch.qos.logback.classic.pattern.LoggerConverter
2429:             1             40  ch.qos.logback.core.BasicStatusManager
2430:             1             40  com.SysminApplication$$EnhancerBySpringCGLIB$$cb50aac1
2431:             1             40  com.conf.StompConf$$EnhancerBySpringCGLIB$$6fcfe05b
2432:             1             40  com.fasterxml.jackson.annotation.JsonFormat$Value
2433:             1             40  com.sun.beans.finder.MethodFinder$1
2434:             1             40  com.sun.jmx.interceptor.DefaultMBeanServerInterceptor
2435:             1             40  com.sun.jmx.mbeanserver.JmxMBeanServer
2436:             1             40  com.sun.jmx.mbeanserver.MBeanServerDelegateImpl
2437:             1             40  com.sun.org.apache.xerces.internal.impl.XMLEntityManager$CharacterBufferPool
2438:             1             40  com.sun.org.apache.xerces.internal.impl.XMLErrorReporter
2439:             1             40  com.sun.org.apache.xerces.internal.impl.XMLVersionDetector
2440:             1             40  com.sun.org.apache.xerces.internal.util.SymbolTable
2441:             1             40  com.sun.org.apache.xerces.internal.utils.XMLLimitAnalyzer
2442:             1             40  com.sun.org.apache.xerces.internal.utils.XMLSecurityManager
2443:             1             40  com.sun.xml.internal.stream.XMLEntityStorage
2444:             1             40  com.sun.xml.internal.stream.util.BufferAllocator
2445:             1             40  com.sysmin.controller.jvm.JvmHandlerController
2446:             1             40  com.zeroturnaround.javarebel.abj
2447:             1             40  com.zeroturnaround.javarebel.br
2448:             1             40  com.zeroturnaround.javarebel.bsb
2449:             1             40  com.zeroturnaround.javarebel.bsi
2450:             1             40  com.zeroturnaround.javarebel.bud
2451:             1             40  com.zeroturnaround.javarebel.byf
2452:             1             40  com.zeroturnaround.javarebel.chg
2453:             1             40  com.zeroturnaround.javarebel.gfh
2454:             1             40  com.zeroturnaround.javarebel.mz
2455:             1             40  com.zeroturnaround.javarebel.ys
2456:             1             40  com.zeroturnaround.javarebel.ze
2457:             1             40  com.zeroturnaround.jrebel.bundled.org.bouncycastle.jce.provider.BouncyCastleProviderConfiguration
2458:             1             40  java.beans.WeakIdentityMap$Entry
2459:             1             40  java.text.MessageFormat
2460:             1             40  java.time.format.DateTimeFormatterBuilder
2461:             1             40  java.time.format.DateTimeFormatterBuilder$ReducedPrinterParser
2462:             1             40  java.time.format.DateTimeFormatterBuilder$ZoneTextPrinterParser
2463:             1             40  java.time.zone.ZoneRules
2464:             1             40  java.util.ResourceBundle$1
2465:             1             40  java.util.regex.Pattern$LazyLoop
2466:             1             40  java.util.regex.Pattern$Loop
2467:             1             40  javax.crypto.CryptoAllPermission
2468:             1             40  javax.servlet.MultipartConfigElement
2469:             1             40  org.apache.catalina.core.ApplicationSessionCookieConfig
2470:             1             40  org.apache.catalina.mapper.Mapper
2471:             1             40  org.apache.catalina.mbeans.ClassNameMBean
2472:             1             40  org.apache.catalina.mbeans.ConnectorMBean
2473:             1             40  org.apache.catalina.mbeans.ServiceMBean
2474:             1             40  org.apache.catalina.realm.MessageDigestCredentialHandler
2475:             1             40  org.apache.coyote.AbstractProtocol$RecycledProcessors
2476:             1             40  org.apache.tomcat.websocket.server.WsHandshakeRequest
2477:             1             40  org.hibernate.validator.internal.engine.ValidationContext$ValidatorScopedContext
2478:             1             40  org.hibernate.validator.internal.engine.constraintvalidation.ConstraintValidatorManager
2479:             1             40  org.slf4j.bridge.SLF4JBridgeHandler
2480:             1             40  org.springframework.beans.JrNonSingletonBeanSupport
2481:             1             40  org.springframework.beans.JrNonSingletonBeanSupport$BeanInfo
2482:             1             40  org.springframework.beans.factory.annotation.AutowiredAnnotationBeanPostProcessor$AutowiredFieldElement
2483:             1             40  org.springframework.boot.autoconfigure.admin.SpringApplicationAdminJmxAutoConfiguration$$EnhancerBySpringCGLIB$$b6de5e0c
2484:             1             40  org.springframework.boot.autoconfigure.http.HttpMessageConvertersAutoConfiguration$$EnhancerBySpringCGLIB$$3e6588d2
2485:             1             40  org.springframework.boot.autoconfigure.http.HttpMessageConvertersAutoConfiguration$StringHttpMessageConverterConfiguration$$EnhancerBySpringCGLIB$$71734f72
2486:             1             40  org.springframework.boot.autoconfigure.info.ProjectInfoAutoConfiguration$$EnhancerBySpringCGLIB$$602bca57
2487:             1             40  org.springframework.boot.autoconfigure.jackson.JacksonAutoConfiguration$JacksonObjectMapperBuilderConfiguration$$EnhancerBySpringCGLIB$$3211fee8
2488:             1             40  org.springframework.boot.autoconfigure.jdbc.DataSourceJmxConfiguration$Hikari$$EnhancerBySpringCGLIB$$dd61ea8
2489:             1             40  org.springframework.boot.autoconfigure.jdbc.DataSourceTransactionManagerAutoConfiguration$DataSourceTransactionManagerConfiguration$$EnhancerBySpringCGLIB$$d13255ad
2490:             1             40  org.springframework.boot.autoconfigure.jdbc.JdbcTemplateAutoConfiguration$JdbcTemplateConfiguration$$EnhancerBySpringCGLIB$$3cbcebab
2491:             1             40  org.springframework.boot.autoconfigure.jmx.JmxAutoConfiguration$$EnhancerBySpringCGLIB$$a39d2c5a
2492:             1             40  org.springframework.boot.autoconfigure.transaction.TransactionAutoConfiguration$TransactionTemplateConfiguration$$EnhancerBySpringCGLIB$$22bc1a80
2493:             1             40  org.springframework.boot.autoconfigure.web.ServerProperties$Tomcat$Accesslog
2494:             1             40  org.springframework.boot.autoconfigure.web.ServerProperties$Undertow
2495:             1             40  org.springframework.boot.autoconfigure.web.client.RestTemplateAutoConfiguration$$EnhancerBySpringCGLIB$$bf47b6bf
2496:             1             40  org.springframework.boot.autoconfigure.web.format.WebConversionService
2497:             1             40  org.springframework.boot.autoconfigure.web.servlet.DispatcherServletAutoConfiguration$DispatcherServletConfiguration$$EnhancerBySpringCGLIB$$74314d07
2498:             1             40  org.springframework.boot.autoconfigure.web.servlet.DispatcherServletAutoConfiguration$DispatcherServletRegistrationConfiguration$$EnhancerBySpringCGLIB$$d638e1ae
2499:             1             40  org.springframework.boot.autoconfigure.web.servlet.HttpEncodingAutoConfiguration$$EnhancerBySpringCGLIB$$f78673e0
2500:             1             40  org.springframework.boot.autoconfigure.web.servlet.MultipartAutoConfiguration$$EnhancerBySpringCGLIB$$6676fbed
2501:             1             40  org.springframework.boot.autoconfigure.web.servlet.WebMvcAutoConfiguration$WebMvcAutoConfigurationAdapter$FaviconConfiguration$$EnhancerBySpringCGLIB$$ed5fe0e9
2502:             1             40  org.springframework.boot.autoconfigure.web.servlet.error.ErrorMvcAutoConfiguration$DefaultErrorViewResolverConfiguration$$EnhancerBySpringCGLIB$$64729763
2503:             1             40  org.springframework.boot.autoconfigure.web.servlet.error.ErrorMvcAutoConfiguration$WhitelabelErrorViewConfiguration$$EnhancerBySpringCGLIB$$2f11a93b
2504:             1             40  org.springframework.boot.autoconfigure.websocket.servlet.WebSocketMessagingAutoConfiguration$WebSocketMessageConverterConfiguration$$EnhancerBySpringCGLIB$$fc2b30ef
2505:             1             40  org.springframework.boot.context.properties.ConfigurationPropertiesBinder
2506:             1             40  org.springframework.boot.devtools.autoconfigure.DevToolsProperties$Restart
2507:             1             40  org.springframework.boot.devtools.autoconfigure.LocalDevToolsAutoConfiguration$LiveReloadConfiguration$$EnhancerBySpringCGLIB$$ef1aa9b0
2508:             1             40  org.springframework.boot.devtools.autoconfigure.LocalDevToolsAutoConfiguration$RestartConfiguration$$EnhancerBySpringCGLIB$$8ac4de8e
2509:             1             40  org.springframework.boot.devtools.livereload.LiveReloadServer
2510:             1             40  org.springframework.boot.web.servlet.server.Session
2511:             1             40  org.springframework.boot.web.servlet.server.Session$Cookie
2512:             1             40  org.springframework.context.event.EventListenerMethodProcessor
2513:             1             40  org.springframework.context.expression.StandardBeanExpressionResolver
2514:             1             40  org.springframework.expression.spel.support.SimpleEvaluationContext
2515:             1             40  org.springframework.jdbc.datasource.DataSourceTransactionManager
2516:             1             40  org.springframework.jndi.support.SimpleJndiBeanFactory
2517:             1             40  org.springframework.messaging.converter.MappingJackson2MessageConverter
2518:             1             40  org.springframework.messaging.converter.StringMessageConverter
2519:             1             40  org.springframework.messaging.simp.config.SimpleBrokerRegistration
2520:             1             40  org.springframework.transaction.annotation.ProxyTransactionManagementConfiguration$$EnhancerBySpringCGLIB$$2431bd3e
2521:             1             40  org.springframework.transaction.interceptor.AbstractFallbackTransactionAttributeSource$1
2522:             1             40  org.springframework.transaction.interceptor.BeanFactoryTransactionAttributeSourceAdvisor
2523:             1             40  org.springframework.transaction.interceptor.TransactionInterceptor
2524:             1             40  org.springframework.transaction.support.TransactionTemplate
2525:             1             40  org.springframework.ui.context.support.ResourceBundleThemeSource
2526:             1             40  org.springframework.web.bind.support.ConfigurableWebBindingInitializer
2527:             1             40  org.springframework.web.cors.CorsConfiguration
2528:             1             40  org.springframework.web.servlet.config.annotation.PathMatchConfigurer
2529:             1             40  org.springframework.web.servlet.handler.AbstractHandlerMethodMapping$MappingRegistry
2530:             1             40  org.springframework.web.servlet.mvc.annotation.ResponseStatusExceptionResolver
2531:             1             40  org.springframework.web.servlet.mvc.support.DefaultHandlerExceptionResolver
2532:             1             40  org.zeroturnaround.bundled.javassist.ClassPool
2533:             1             40  org.zeroturnaround.javarebel.preferences.FileStore
2534:             1             40  org.zeroturnaround.javarebel.reporting.stats.repository.impl.RepositoryMetricsStatistics
2535:             1             40  org.zeroturnaround.javarebel.reporting.stats.repository.impl.StatisticsRepositoryImpl
2536:             1             40  org.zeroturnaround.javarebel.spring.handlermethod.HandlerMethodReloader
2537:             1             40  org.zeroturnaround.jrebel.intellij.IntelliJProcessListener
2538:             1             40  sun.management.DiagnosticCommandImpl
2539:             1             40  sun.management.resources.agent
2540:             1             40  sun.management.resources.agent_zh_CN
2541:             1             40  sun.net.idn.StringPrep
2542:             1             40  sun.nio.cs.StandardCharsets$Aliases
2543:             1             40  sun.nio.cs.StandardCharsets$Cache
2544:             1             40  sun.nio.cs.StandardCharsets$Classes
2545:             1             40  sun.nio.cs.ext.ExtendedCharsets
2546:             1             40  sun.rmi.server.UnicastServerRef2
2547:             1             40  sun.security.ssl.HandshakeHash
2548:             1             40  sun.text.resources.BreakIteratorInfo
2549:             1             40  sun.util.logging.resources.logging
2550:             1             40  sun.util.logging.resources.logging_zh_CN
2551:             1             32  [Lch.qos.logback.core.spi.FilterReply;
2552:             1             32  [Lch.qos.logback.core.subst.Tokenizer$TokenizerState;
2553:             1             32  [Lcom.fasterxml.jackson.annotation.JsonProperty$Access;
2554:             1             32  [Lcom.fasterxml.jackson.core.JsonFactory$Feature;
2555:             1             32  [Lcom.fasterxml.jackson.databind.util.AccessPattern;
2556:             1             32  [Lcom.sun.beans.util.Cache$Kind;
2557:             1             32  [Lcom.sun.org.apache.xalan.internal.utils.XMLSecurityManager$NameMap;
2558:             1             32  [Lcom.sun.org.apache.xerces.internal.utils.XMLSecurityManager$NameMap;
2559:             1             32  [Lcom.sysmin.core.jvm.enums.JmapType;
2560:             1             32  [Lcom.sysmin.core.log.LogType;
2561:             1             32  [Lcom.zeroturnaround.javarebel.aa;
2562:             2             32  [Lcom.zeroturnaround.javarebel.fxz;
2563:             1             32  [Lcom.zeroturnaround.javarebel.gfi;
2564:             1             32  [Lcom.zeroturnaround.javarebel.goz;
2565:             1             32  [Lcom.zeroturnaround.javarebel.gsa;
2566:             1             32  [Lcom.zeroturnaround.javarebel.kz;
2567:             1             32  [Lcom.zeroturnaround.javarebel.zr;
2568:             1             32  [Lcom.zeroturnaround.reload.n;
2569:             2             32  [Ljava.lang.Enum;
2570:             1             32  [Ljava.lang.OutOfMemoryError;
2571:             1             32  [Ljava.lang.ThreadGroup;
2572:             1             32  [Ljava.lang.management.MemoryManagerMXBean;
2573:             1             32  [Ljava.net.Proxy$Type;
2574:             1             32  [Ljava.text.Normalizer$Form;
2575:             1             32  [Ljava.time.format.DateTimeFormatter;
2576:             1             32  [Ljava.time.format.DateTimeFormatterBuilder$SettingsParser;
2577:             1             32  [Ljava.time.format.FormatStyle;
2578:             1             32  [Ljava.time.format.ResolverStyle;
2579:             1             32  [Ljava.time.temporal.IsoFields$Field;
2580:             1             32  [Ljava.util.stream.MatchOps$MatchKind;
2581:             1             32  [Ljava.util.stream.StreamShape;
2582:             1             32  [Lorg.apache.commons.logging.LogAdapter$LogApi;
2583:             1             32  [Lorg.apache.coyote.ErrorState;
2584:             1             32  [Lorg.apache.coyote.http11.Http11InputBuffer$HeaderParseStatus;
2585:             1             32  [Lorg.apache.tomcat.util.http.ConcurrentDateFormat;
2586:             1             32  [Lorg.apache.tomcat.util.http.parser.SkipResult;
2587:             1             32  [Lorg.apache.tomcat.util.log.UserDataHelper$Config;
2588:             1             32  [Lorg.apache.tomcat.util.log.UserDataHelper$Mode;
2589:             1             32  [Lorg.apache.tomcat.util.net.AbstractEndpoint$BindState;
2590:             1             32  [Lorg.apache.tomcat.util.net.Acceptor$AcceptorState;
2591:             1             32  [Lorg.apache.tomcat.util.net.SendfileState;
2592:             1             32  [Lorg.apache.tomcat.websocket.MessageHandlerResultType;
2593:             1             32  [Lorg.apache.tomcat.websocket.TransformationResult;
2594:             1             32  [Lorg.apache.tomcat.websocket.WsFrameBase$State;
2595:             1             32  [Lorg.apache.tomcat.websocket.WsSession$State;
2596:             1             32  [Lorg.hibernate.validator.internal.metadata.raw.ConfigurationSource;
2597:             1             32  [Lorg.hibernate.validator.internal.util.ConcurrentReferenceHashMap$ReferenceType;
2598:             1             32  [Lorg.springframework.boot.Banner$Mode;
2599:             1             32  [Lorg.springframework.boot.WebApplicationType;
2600:             1             32  [Lorg.springframework.boot.cloud.CloudPlatform;
2601:             1             32  [Lorg.springframework.boot.context.properties.source.ConfigurationPropertyName$Form;
2602:             1             32  [Lorg.springframework.boot.context.properties.source.ConfigurationPropertyState;
2603:             1             32  [Lorg.springframework.boot.devtools.filewatch.ChangedFile$Type;
2604:             1             32  [Lorg.springframework.boot.jdbc.DataSourceInitializationMode;
2605:             1             32  [Lorg.springframework.boot.jdbc.EmbeddedDatabaseConnection;
2606:             1             32  [Lorg.springframework.boot.web.servlet.ServletContextInitializer;
2607:             1             32  [Lorg.springframework.cglib.proxy.Callback;
2608:             1             32  [Lorg.springframework.expression.spel.SpelCompilerMode;
2609:             1             32  [Lorg.springframework.jdbc.datasource.embedded.EmbeddedDatabaseType;
2610:             1             32  [Lorg.springframework.jmx.support.RegistrationPolicy;
2611:             1             32  [Lorg.springframework.web.socket.sockjs.frame.SockJsFrameType;
2612:             1             32  [Lorg.springframework.web.socket.sockjs.transport.session.AbstractSockJsSession$State;
2613:             1             32  [Lorg.springframework.web.util.HierarchicalUriComponents$EncodeState;
2614:             1             32  [Lorg.zeroturnaround.javarebel.reporting.MessageType$SendFilterImpl;
2615:             1             32  [Lorg.zeroturnaround.javarebel.service.ServiceRequestPriority;
2616:             1             32  [Lsun.misc.ObjectInputFilter$Status;
2617:             2             32  [Lsun.reflect.annotation.TypeAnnotation;
2618:             1             32  [Lsun.security.ssl.CipherSuite$CipherType;
2619:             1             32  [Lsun.security.ssl.CipherSuite$PRF;
2620:             1             32  ch.qos.logback.classic.jul.LevelChangePropagator
2621:             1             32  ch.qos.logback.classic.pattern.LevelConverter
2622:             1             32  ch.qos.logback.classic.pattern.LineSeparatorConverter
2623:             1             32  ch.qos.logback.classic.pattern.MessageConverter
2624:             1             32  ch.qos.logback.classic.pattern.ThreadConverter
2625:             1             32  ch.qos.logback.classic.spi.LoggerContextVO
2626:             1             32  ch.qos.logback.core.helpers.CyclicBuffer
2627:             2             32  com.alibaba.fastjson.parser.deserializer.JSONPDeserializer
2628:             2             32  com.alibaba.fastjson.parser.deserializer.SqlDateDeserializer
2629:             2             32  com.alibaba.fastjson.serializer.MiscCodec
2630:             1             32  com.alibaba.fastjson.serializer.SerializeConfig
2631:             1             32  com.fasterxml.classmate.TypeBindings
2632:             1             32  com.fasterxml.jackson.annotation.JsonInclude$Value
2633:             1             32  com.fasterxml.jackson.databind.ObjectWriter$GeneratorSettings
2634:             1             32  com.fasterxml.jackson.databind.introspect.VisibilityChecker$Std
2635:             2             32  com.fasterxml.jackson.databind.node.JsonNodeFactory
2636:             2             32  com.fasterxml.jackson.databind.ser.impl.PropertySerializerMap$Empty
2637:             1             32  com.fasterxml.jackson.databind.ser.impl.StringArraySerializer
2638:             1             32  com.fasterxml.jackson.databind.ser.std.CalendarSerializer
2639:             1             32  com.fasterxml.jackson.databind.ser.std.DateSerializer
2640:             1             32  com.fasterxml.jackson.databind.ser.std.NumberSerializers$FloatSerializer
2641:             1             32  com.fasterxml.jackson.databind.ser.std.NumberSerializers$IntLikeSerializer
2642:             1             32  com.fasterxml.jackson.databind.ser.std.NumberSerializers$ShortSerializer
2643:             1             32  com.fasterxml.jackson.datatype.jsr310.ser.DurationSerializer
2644:             1             32  com.fasterxml.jackson.datatype.jsr310.ser.LocalDateSerializer
2645:             1             32  com.fasterxml.jackson.datatype.jsr310.ser.LocalDateTimeSerializer
2646:             1             32  com.fasterxml.jackson.datatype.jsr310.ser.LocalTimeSerializer
2647:             1             32  com.fasterxml.jackson.datatype.jsr310.ser.MonthDaySerializer
2648:             1             32  com.fasterxml.jackson.datatype.jsr310.ser.OffsetTimeSerializer
2649:             1             32  com.fasterxml.jackson.datatype.jsr310.ser.YearMonthSerializer
2650:             1             32  com.fasterxml.jackson.datatype.jsr310.ser.YearSerializer
2651:             2             32  com.sun.beans.WeakCache
2652:             1             32  com.sun.jmx.mbeanserver.Repository
2653:             1             32  com.sun.org.apache.xalan.internal.utils.FeatureManager$Feature
2654:             2             32  com.sun.org.apache.xerces.internal.impl.XMLDocumentScannerImpl$PrologDriver
2655:             2             32  com.sun.org.apache.xerces.internal.impl.XMLDocumentScannerImpl$TrailingMiscDriver
2656:             2             32  com.sun.org.apache.xerces.internal.impl.XMLDocumentScannerImpl$XMLDeclDriver
2657:             1             32  com.sun.org.apache.xerces.internal.impl.XMLEntityScanner$1
2658:             2             32  com.sun.org.apache.xerces.internal.impl.dv.dtd.ENTITYDatatypeValidator
2659:             1             32  com.sun.org.apache.xerces.internal.jaxp.SAXParserFactoryImpl
2660:             1             32  com.sun.org.apache.xerces.internal.util.NamespaceSupport
2661:             2             32  com.sun.proxy.$Proxy15
2662:             2             32  com.sun.proxy.$Proxy16
2663:             2             32  com.sun.proxy.$Proxy19
2664:             2             32  com.sun.proxy.$Proxy25
2665:             2             32  com.sun.proxy.$Proxy3
2666:             2             32  com.sun.proxy.$Proxy46
2667:             2             32  com.sun.proxy.$Proxy57
2668:             2             32  com.sun.proxy.$Proxy59
2669:             2             32  com.sun.proxy.$Proxy63
2670:             2             32  com.sun.proxy.$Proxy65
2671:             2             32  com.sun.proxy.$Proxy68
2672:             2             32  com.sun.proxy.$Proxy74
2673:             1             32  com.sysmin.core.jvm.service.impl.JstatImpl
2674:             1             32  com.zeroturnaround.javarebel.SDKConfigurationImpl
2675:             1             32  com.zeroturnaround.javarebel.SDKIntegrationImpl
2676:             1             32  com.zeroturnaround.javarebel.at
2677:             2             32  com.zeroturnaround.javarebel.ays
2678:             1             32  com.zeroturnaround.javarebel.bh
2679:             1             32  com.zeroturnaround.javarebel.bxq
2680:             1             32  com.zeroturnaround.javarebel.bz
2681:             1             32  com.zeroturnaround.javarebel.cec
2682:             1             32  com.zeroturnaround.javarebel.cfr
2683:             2             32  com.zeroturnaround.javarebel.cis
2684:             2             32  com.zeroturnaround.javarebel.cit
2685:             2             32  com.zeroturnaround.javarebel.cix
2686:             2             32  com.zeroturnaround.javarebel.ciy
2687:             2             32  com.zeroturnaround.javarebel.cjm
2688:             2             32  com.zeroturnaround.javarebel.di
2689:             2             32  com.zeroturnaround.javarebel.dj
2690:             2             32  com.zeroturnaround.javarebel.eb
2691:             2             32  com.zeroturnaround.javarebel.eq
2692:             1             32  com.zeroturnaround.javarebel.fi
2693:             2             32  com.zeroturnaround.javarebel.fs
2694:             2             32  com.zeroturnaround.javarebel.hae
2695:             2             32  com.zeroturnaround.javarebel.im
2696:             2             32  com.zeroturnaround.javarebel.ip
2697:             2             32  com.zeroturnaround.javarebel.is
2698:             2             32  com.zeroturnaround.javarebel.iv
2699:             2             32  com.zeroturnaround.javarebel.jj
2700:             1             32  com.zeroturnaround.javarebel.lk
2701:             1             32  com.zeroturnaround.javarebel.nb
2702:             1             32  com.zeroturnaround.javarebel.pk
2703:             1             32  com.zeroturnaround.javarebel.uy
2704:             1             32  com.zeroturnaround.javarebel.xn
2705:             1             32  com.zeroturnaround.javarebel.zh
2706:             2             32  com.zeroturnaround.jrebel.bundled.org.bouncycastle.jcajce.provider.asymmetric.dh.KeyFactorySpi
2707:             2             32  com.zeroturnaround.jrebel.bundled.org.bouncycastle.jcajce.provider.asymmetric.ecgost.KeyFactorySpi
2708:             1             32  java.beans.ThreadGroupContext
2709:             1             32  java.beans.ThreadGroupContext$1
2710:             1             32  java.io.SerializablePermission
2711:             1             32  java.io.WinNTFileSystem
2712:             1             32  java.lang.ArithmeticException
2713:             2             32  java.lang.ClassValue$Identity
2714:             2             32  java.lang.Float
2715:             1             32  java.lang.NullPointerException
2716:             2             32  java.lang.Shutdown$Lock
2717:             1             32  java.lang.reflect.WeakCache
2718:             1             32  java.lang.reflect.WeakCache$CacheKey
2719:             2             32  java.nio.ByteOrder
2720:             2             32  java.rmi.server.RemoteObjectInvocationHandler
2721:             1             32  java.security.ProtectionDomain$WeakProtectionDomainKey
2722:             1             32  java.security.cert.PolicyQualifierInfo
2723:             1             32  java.text.DontCareFieldPosition
2724:             1             32  java.time.format.DateTimeFormatterBuilder$FractionPrinterParser
2725:             2             32  java.util.AbstractMap$1
2726:             1             32  java.util.PriorityQueue
2727:             1             32  java.util.UUID
2728:             1             32  java.util.concurrent.ConcurrentSkipListMap$HeadIndex
2729:             1             32  java.util.concurrent.DelayQueue
2730:             2             32  java.util.concurrent.Semaphore
2731:             2             32  java.util.concurrent.atomic.AtomicReferenceArray
2732:             2             32  java.util.logging.ErrorManager
2733:             1             32  java.util.logging.LogManager$SystemLoggerContext
2734:             1             32  javax.crypto.spec.RC5ParameterSpec
2735:             1             32  org.apache.catalina.authenticator.jaspic.AuthConfigFactoryImpl
2736:             1             32  org.apache.catalina.mapper.Mapper$MappedHost
2737:             1             32  org.apache.coyote.AbstractProtocol$ConnectionHandler
2738:             1             32  org.apache.coyote.CompressionConfig
2739:             1             32  org.apache.logging.log4j.status.StatusLogger$BoundedQueue
2740:             2             32  org.apache.logging.log4j.util.EnvironmentPropertySource
2741:             2             32  org.apache.logging.log4j.util.PropertiesUtil
2742:             2             32  org.apache.logging.log4j.util.PropertyFilePropertySource
2743:             2             32  org.apache.logging.log4j.util.PropertySource$Comparator
2744:             2             32  org.apache.logging.log4j.util.SystemPropertiesPropertySource
2745:             1             32  org.apache.tomcat.util.collections.ManagedConcurrentWeakHashMap
2746:             1             32  org.apache.tomcat.util.descriptor.web.LoginConfig
2747:             1             32  org.apache.tomcat.util.scan.StandardJarScanner
2748:             1             32  org.apache.tomcat.util.threads.LimitLatch
2749:             1             32  org.apache.tomcat.util.threads.LimitLatch$Sync
2750:             1             32  org.apache.tomcat.util.threads.TaskThreadFactory
2751:             1             32  org.apache.tomcat.websocket.BackgroundProcessManager
2752:             1             32  org.apache.tomcat.websocket.server.WsWriteTimeout
2753:             1             32  org.hibernate.validator.internal.cfg.context.DefaultConstraintMapping
2754:             1             32  org.hibernate.validator.internal.engine.ValidatorFactoryImpl$BeanMetaDataManagerKey
2755:             1             32  org.hibernate.validator.internal.engine.constraintvalidation.HibernateConstraintValidatorInitializationContextImpl
2756:             1             32  org.hibernate.validator.internal.engine.scripting.DefaultScriptEvaluatorFactory
2757:             1             32  org.hibernate.validator.internal.engine.valueextraction.ValueExtractorResolver
2758:             1             32  org.hibernate.validator.internal.metadata.core.ConstraintHelper
2759:             1             32  org.hibernate.validator.internal.metadata.provider.AnnotationMetaDataProvider
2760:             1             32  org.hibernate.validator.internal.metadata.raw.BeanConfiguration
2761:             1             32  org.springframework.beans.factory.support.AbstractAutowireCapableBeanFactory$$Lambda$114/460741164
2762:             1             32  org.springframework.beans.factory.support.AbstractBeanFactory$$Lambda$113/1495608502
2763:             1             32  org.springframework.beans.factory.support.BeanDefinitionDefaults
2764:             1             32  org.springframework.beans.propertyeditors.CustomMapEditor
2765:             1             32  org.springframework.beans.propertyeditors.PatternEditor
2766:             1             32  org.springframework.boot.DefaultApplicationArguments$Source
2767:             1             32  org.springframework.boot.admin.SpringApplicationAdminMXBeanRegistrar
2768:             1             32  org.springframework.boot.autoconfigure.condition.ConditionEvaluationReport
2769:             1             32  org.springframework.boot.autoconfigure.context.ConfigurationPropertiesAutoConfiguration$$EnhancerBySpringCGLIB$$13bb488c
2770:             1             32  org.springframework.boot.autoconfigure.context.PropertyPlaceholderAutoConfiguration$$EnhancerBySpringCGLIB$$24e82f77
2771:             1             32  org.springframework.boot.autoconfigure.dao.PersistenceExceptionTranslationAutoConfiguration$$EnhancerBySpringCGLIB$$e890c151
2772:             1             32  org.springframework.boot.autoconfigure.http.HttpProperties$Encoding
2773:             1             32  org.springframework.boot.autoconfigure.http.JacksonHttpMessageConvertersConfiguration$$EnhancerBySpringCGLIB$$a1bc7f00
2774:             1             32  org.springframework.boot.autoconfigure.http.JacksonHttpMessageConvertersConfiguration$MappingJackson2HttpMessageConverterConfiguration$$EnhancerBySpringCGLIB$$ab494b72
2775:             1             32  org.springframework.boot.autoconfigure.http.codec.CodecsAutoConfiguration$$EnhancerBySpringCGLIB$$96d9503b
2776:             1             32  org.springframework.boot.autoconfigure.http.codec.CodecsAutoConfiguration$JacksonCodecConfiguration$$EnhancerBySpringCGLIB$$8c0bd88a
2777:             1             32  org.springframework.boot.autoconfigure.http.codec.CodecsAutoConfiguration$LoggingCodecConfiguration$$EnhancerBySpringCGLIB$$c107a916
2778:             1             32  org.springframework.boot.autoconfigure.jackson.JacksonAutoConfiguration$$EnhancerBySpringCGLIB$$61d0da5e
2779:             1             32  org.springframework.boot.autoconfigure.jackson.JacksonAutoConfiguration$Jackson2ObjectMapperBuilderCustomizerConfiguration$$EnhancerBySpringCGLIB$$ed28e4d7
2780:             1             32  org.springframework.boot.autoconfigure.jackson.JacksonAutoConfiguration$JacksonObjectMapperConfiguration$$EnhancerBySpringCGLIB$$7fc53ccf
2781:             1             32  org.springframework.boot.autoconfigure.jackson.JacksonAutoConfiguration$ParameterNamesModuleConfiguration$$EnhancerBySpringCGLIB$$13f45c05
2782:             1             32  org.springframework.boot.autoconfigure.jdbc.DataSourceAutoConfiguration$$EnhancerBySpringCGLIB$$625609e
2783:             1             32  org.springframework.boot.autoconfigure.jdbc.DataSourceAutoConfiguration$PooledDataSourceConfiguration$$EnhancerBySpringCGLIB$$a2d5ae30
2784:             1             32  org.springframework.boot.autoconfigure.jdbc.DataSourceInitializationConfiguration$$EnhancerBySpringCGLIB$$bf97af2d
2785:             1             32  org.springframework.boot.autoconfigure.jdbc.DataSourceInitializerInvoker
2786:             1             32  org.springframework.boot.autoconfigure.jdbc.DataSourceJmxConfiguration$$EnhancerBySpringCGLIB$$f3912a10
2787:             1             32  org.springframework.boot.autoconfigure.jdbc.DataSourceTransactionManagerAutoConfiguration$$EnhancerBySpringCGLIB$$3508ad8f
2788:             1             32  org.springframework.boot.autoconfigure.jdbc.JdbcTemplateAutoConfiguration$$EnhancerBySpringCGLIB$$4415f22e
2789:             1             32  org.springframework.boot.autoconfigure.jdbc.JdbcTemplateAutoConfiguration$NamedParameterJdbcTemplateConfiguration$$EnhancerBySpringCGLIB$$2e9de2db
2790:             1             32  org.springframework.boot.autoconfigure.jdbc.metadata.DataSourcePoolMetadataProvidersConfiguration$$EnhancerBySpringCGLIB$$122a57f
2791:             1             32  org.springframework.boot.autoconfigure.jdbc.metadata.DataSourcePoolMetadataProvidersConfiguration$HikariPoolDataSourceMetadataProviderConfiguration$$EnhancerBySpringCGLIB$$8488e522
2792:             1             32  org.springframework.boot.autoconfigure.jmx.ParentAwareNamingStrategy
2793:             1             32  org.springframework.boot.autoconfigure.logging.ConditionEvaluationReportLoggingListener
2794:             1             32  org.springframework.boot.autoconfigure.task.TaskExecutionProperties$Pool
2795:             1             32  org.springframework.boot.autoconfigure.task.TaskSchedulingAutoConfiguration$$EnhancerBySpringCGLIB$$d7f13954
2796:             1             32  org.springframework.boot.autoconfigure.transaction.TransactionAutoConfiguration$$EnhancerBySpringCGLIB$$b8a5b848
2797:             1             32  org.springframework.boot.autoconfigure.validation.ValidationAutoConfiguration$$EnhancerBySpringCGLIB$$95314dc8
2798:             1             32  org.springframework.boot.autoconfigure.web.ErrorProperties
2799:             1             32  org.springframework.boot.autoconfigure.web.ResourceProperties
2800:             1             32  org.springframework.boot.autoconfigure.web.ServerProperties$Jetty
2801:             1             32  org.springframework.boot.autoconfigure.web.ServerProperties$Servlet
2802:             1             32  org.springframework.boot.autoconfigure.web.ServerProperties$Undertow$Accesslog
2803:             1             32  org.springframework.boot.autoconfigure.web.embedded.EmbeddedWebServerFactoryCustomizerAutoConfiguration$$EnhancerBySpringCGLIB$$3999bd20
2804:             1             32  org.springframework.boot.autoconfigure.web.embedded.EmbeddedWebServerFactoryCustomizerAutoConfiguration$TomcatWebServerFactoryCustomizerConfiguration$$EnhancerBySpringCGLIB$$2a5d4a0c
2805:             1             32  org.springframework.boot.autoconfigure.web.servlet.DispatcherServletAutoConfiguration$$EnhancerBySpringCGLIB$$129411fb
2806:             2             32  org.springframework.boot.autoconfigure.web.servlet.DispatcherServletAutoConfiguration$DefaultDispatcherServletCondition
2807:             2             32  org.springframework.boot.autoconfigure.web.servlet.DispatcherServletAutoConfiguration$DispatcherServletRegistrationCondition
2808:             1             32  org.springframework.boot.autoconfigure.web.servlet.MultipartProperties
2809:             1             32  org.springframework.boot.autoconfigure.web.servlet.ServletWebServerFactoryAutoConfiguration$$EnhancerBySpringCGLIB$$13eae4a1
2810:             1             32  org.springframework.boot.autoconfigure.web.servlet.ServletWebServerFactoryConfiguration$EmbeddedTomcat$$EnhancerBySpringCGLIB$$8eb42f28
2811:             1             32  org.springframework.boot.autoconfigure.web.servlet.WebMvcAutoConfiguration$$EnhancerBySpringCGLIB$$5873fbb5
2812:             1             32  org.springframework.boot.autoconfigure.web.servlet.error.DefaultErrorViewResolver
2813:             1             32  org.springframework.boot.autoconfigure.websocket.servlet.WebSocketMessagingAutoConfiguration$$EnhancerBySpringCGLIB$$d0cb3091
2814:             1             32  org.springframework.boot.autoconfigure.websocket.servlet.WebSocketServletAutoConfiguration$$EnhancerBySpringCGLIB$$e520a710
2815:             1             32  org.springframework.boot.autoconfigure.websocket.servlet.WebSocketServletAutoConfiguration$TomcatWebSocketConfiguration$$EnhancerBySpringCGLIB$$9ccbd22d
2816:             1             32  org.springframework.boot.context.config.ConfigFileApplicationListener
2817:             1             32  org.springframework.boot.context.logging.LoggingApplicationListener
2818:             1             32  org.springframework.boot.context.properties.bind.Binder
2819:             1             32  org.springframework.boot.convert.ApplicationConversionService
2820:             2             32  org.springframework.boot.convert.ArrayToDelimitedStringConverter
2821:             2             32  org.springframework.boot.convert.DelimitedStringToArrayConverter
2822:             2             32  org.springframework.boot.convert.DelimitedStringToCollectionConverter
2823:             2             32  org.springframework.boot.convert.StringToDataSizeConverter
2824:             2             32  org.springframework.boot.convert.StringToDurationConverter
2825:             1             32  org.springframework.boot.devtools.autoconfigure.DevToolsDataSourceAutoConfiguration$$EnhancerBySpringCGLIB$$fef5cc75
2826:             1             32  org.springframework.boot.devtools.autoconfigure.LocalDevToolsAutoConfiguration$$EnhancerBySpringCGLIB$$6b3a4683
2827:             1             32  org.springframework.boot.devtools.autoconfigure.RemoteDevToolsProperties
2828:             1             32  org.springframework.boot.devtools.classpath.ClassPathFileSystemWatcher
2829:             1             32  org.springframework.boot.devtools.restart.ClassLoaderFilesResourcePatternResolver$WebApplicationContextResourceLoader
2830:             1             32  org.springframework.boot.env.OriginTrackedMapPropertySource
2831:             1             32  org.springframework.boot.env.SystemEnvironmentPropertySourceEnvironmentPostProcessor$OriginAwareSystemEnvironmentPropertySource
2832:             1             32  org.springframework.boot.logging.logback.LogbackLoggingSystem$1
2833:             1             32  org.springframework.boot.web.embedded.tomcat.TomcatWebServer
2834:             1             32  org.springframework.boot.web.server.Compression
2835:             2             32  org.springframework.boot.web.server.MimeMappings
2836:             1             32  org.springframework.cglib.core.AbstractClassGenerator$ClassLoaderData
2837:             1             32  org.springframework.cglib.core.ClassNameReader$EarlyExitException
2838:             2             32  org.springframework.cglib.proxy.DispatcherGenerator
2839:             1             32  org.springframework.context.annotation.AnnotatedBeanDefinitionReader
2840:             1             32  org.springframework.context.annotation.ComponentScanAnnotationParser
2841:             2             32  org.springframework.context.annotation.ConditionEvaluator
2842:             1             32  org.springframework.context.annotation.ContextAnnotationAutowireCandidateResolver$1
2843:             2             32  org.springframework.context.expression.BeanExpressionContextAccessor
2844:             2             32  org.springframework.context.expression.BeanFactoryAccessor
2845:             2             32  org.springframework.context.expression.BeanFactoryResolver
2846:             2             32  org.springframework.context.expression.EnvironmentAccessor
2847:             2             32  org.springframework.context.expression.MapAccessor
2848:             1             32  org.springframework.context.support.DefaultLifecycleProcessor
2849:             1             32  org.springframework.context.support.DelegatingMessageSource
2850:             1             32  org.springframework.context.support.PropertySourcesPlaceholderConfigurer$1
2851:             2             32  org.springframework.core.convert.support.GenericConversionService$NoOpConverter
2852:             1             32  org.springframework.core.env.PropertiesPropertySource
2853:             1             32  org.springframework.core.env.SystemEnvironmentPropertySource
2854:             1             32  org.springframework.format.support.DefaultFormattingConversionService
2855:             2             32  org.springframework.jmx.export.annotation.AnnotationJmxAttributeSource
2856:             1             32  org.springframework.jmx.export.assembler.MetadataMBeanInfoAssembler
2857:             1             32  org.springframework.messaging.converter.ByteArrayMessageConverter
2858:             1             32  org.springframework.messaging.handler.annotation.support.DestinationVariableMethodArgumentResolver
2859:             1             32  org.springframework.messaging.handler.annotation.support.HeaderMethodArgumentResolver
2860:             1             32  org.springframework.messaging.simp.stomp.BufferingStompDecoder
2861:             1             32  org.springframework.scheduling.annotation.SchedulingConfiguration$$EnhancerBySpringCGLIB$$c58073b9
2862:             1             32  org.springframework.scheduling.config.FixedRateTask
2863:             1             32  org.springframework.transaction.annotation.AnnotationTransactionAttributeSource
2864:             2             32  org.springframework.util.AlternativeJdkIdGenerator
2865:             2             32  org.springframework.web.method.annotation.RequestParamMapMethodArgumentResolver
2866:             1             32  org.springframework.web.servlet.mvc.method.RequestMappingInfo$BuilderConfiguration
2867:             2             32  org.springframework.web.servlet.mvc.method.annotation.JsonViewResponseBodyAdvice
2868:             2             32  org.springframework.web.servlet.mvc.method.annotation.MatrixVariableMapMethodArgumentResolver
2869:             2             32  org.springframework.web.servlet.mvc.method.annotation.ModelAndViewMethodReturnValueHandler
2870:             2             32  org.springframework.web.servlet.mvc.method.annotation.PathVariableMapMethodArgumentResolver
2871:             1             32  org.springframework.web.servlet.mvc.method.annotation.ReactiveTypeHandler
2872:             2             32  org.springframework.web.servlet.mvc.method.annotation.RedirectAttributesMethodArgumentResolver
2873:             1             32  org.springframework.web.servlet.mvc.method.annotation.RequestPartMethodArgumentResolver
2874:             1             32  org.springframework.web.servlet.mvc.method.annotation.ServletCookieValueMethodArgumentResolver
2875:             2             32  org.springframework.web.servlet.mvc.method.annotation.ViewMethodReturnValueHandler
2876:             2             32  org.springframework.web.servlet.mvc.method.annotation.ViewNameMethodReturnValueHandler
2877:             1             32  org.springframework.web.servlet.resource.ResourceUrlProvider
2878:             1             32  org.springframework.web.servlet.view.BeanNameViewResolver
2879:             1             32  org.springframework.web.servlet.view.DefaultRequestToViewNameTranslator
2880:             1             32  org.springframework.web.socket.config.annotation.WebSocketTransportRegistration
2881:             1             32  org.springframework.web.socket.messaging.DefaultSimpUserRegistry
2882:             1             32  org.springframework.web.socket.messaging.SubProtocolWebSocketHandler$WebSocketSessionHolder
2883:             1             32  org.springframework.web.socket.server.support.DefaultHandshakeHandler
2884:             1             32  org.springframework.web.socket.sockjs.transport.handler.SockJsWebSocketHandler
2885:             1             32  org.springframework.web.socket.sockjs.transport.handler.WebSocketTransportHandler
2886:             2             32  org.zeroturnaround.javarebel.integration.generic.StandardClassLoaderCBP
2887:             2             32  org.zeroturnaround.javarebel.integration.glassfish.GlassfishWsOptionsCBP
2888:             2             32  org.zeroturnaround.javarebel.integration.glassfish.WsgenToolCBP
2889:             2             32  org.zeroturnaround.javarebel.integration.jboss7.ConcurrentClassLoaderCBP
2890:             2             32  org.zeroturnaround.javarebel.integration.jboss7.ModuleCBP
2891:             2             32  org.zeroturnaround.javarebel.integration.jboss7.ModuleClassLoaderCBP
2892:             2             32  org.zeroturnaround.javarebel.integration.jboss7.ModuleLoaderCBP
2893:             2             32  org.zeroturnaround.javarebel.integration.jboss7.PathUtilsCBP
2894:             2             32  org.zeroturnaround.javarebel.integration.prosyst.ProSystFrameworkLoaderCBP
2895:             2             32  org.zeroturnaround.javarebel.integration.sap.SapResourceLoaderCBP
2896:             2             32  org.zeroturnaround.javarebel.integration.support.CacheAwareJavassistClassBytecodeProcessor$CachingPolicy
2897:             1             32  org.zeroturnaround.javarebel.integration.util.RequestListenerUtil$BoundRequestListener
2898:             1             32  org.zeroturnaround.javarebel.reporting.backend.impl.BrowserController
2899:             1             32  org.zeroturnaround.javarebel.reporting.backend.impl.SegmentIOBackend
2900:             1             32  org.zeroturnaround.javarebel.reporting.model.JRebelMetadata
2901:             1             32  org.zeroturnaround.javarebel.reporting.model.UserMetadata
2902:             1             32  org.zeroturnaround.javarebel.reporting.stats.repository.impl.RepositoryMetricsStatistics$ModuleInfo
2903:             1             32  org.zeroturnaround.javarebel.spring.SpringMetrics$CountData
2904:             1             32  org.zeroturnaround.jrebel.intellij.ComposerMessageRegistry
2905:             1             32  sun.instrument.InstrumentationImpl
2906:             2             32  sun.management.jmxremote.ConnectorBootstrap$PermanentExporter
2907:             1             32  sun.management.jmxremote.LocalRMIServerSocketFactory$1
2908:             1             32  sun.management.jmxremote.SingleEntryRegistry
2909:             2             32  sun.net.www.protocol.file.Handler
2910:             1             32  sun.nio.ch.ServerSocketAdaptor
2911:             2             32  sun.nio.ch.SocketDispatcher
2912:             1             32  sun.nio.cs.StandardCharsets
2913:             1             32  sun.nio.fs.WindowsFileSystem
2914:             1             32  sun.reflect.annotation.AnnotatedTypeFactory$AnnotatedTypeBaseImpl
2915:             1             32  sun.rmi.transport.DGCImpl$LeaseInfo
2916:             1             32  sun.rmi.transport.proxy.RMIMasterSocketFactory
2917:             2             32  sun.rmi.transport.tcp.TCPTransport$ConnectionHandler$$Lambda$6/607160599
2918:             1             32  sun.security.provider.PolicyFile
2919:             1             32  sun.security.provider.PolicyFile$PolicyInfo
2920:             2             32  sun.security.ssl.Authenticator
2921:             2             32  sun.security.ssl.SSLAlgorithmDecomposer
2922:             2             32  sun.security.ssl.SessionId
2923:             1             32  sun.security.validator.SimpleValidator
2924:             1             32  sun.text.CompactByteArray
2925:             1             24  [Lch.qos.logback.core.joran.spi.ConsoleTarget;
2926:             1             24  [Lch.qos.logback.core.subst.Node$Type;
2927:             1             24  [Lcom.fasterxml.jackson.databind.AnnotationIntrospector$ReferenceProperty$Type;
2928:             1             24  [Lcom.fasterxml.jackson.databind.Module;
2929:             1             24  [Lcom.sun.org.apache.xalan.internal.utils.FeatureManager$Feature;
2930:             1             24  [Lcom.sun.org.apache.xalan.internal.utils.XMLSecurityPropertyManager$Property;
2931:             1             24  [Lcom.sun.org.apache.xerces.internal.utils.XMLSecurityPropertyManager$Property;
2932:             1             24  [Lcom.sysmin.core.jvm.enums.JpsType;
2933:             1             24  [Lcom.sysmin.core.jvm.enums.JstackType;
2934:             1             24  [Lcom.zeroturnaround.javarebel.bwb;
2935:             1             24  [Lcom.zeroturnaround.javarebel.bwc;
2936:             1             24  [Lcom.zeroturnaround.javarebel.cfx;
2937:             1             24  [Lcom.zeroturnaround.javarebel.i;
2938:             1             24  [Lcom.zeroturnaround.javarebel.internalsdk.Internal$CoreVersion;
2939:             1             24  [Lcom.zeroturnaround.javarebel.z;
2940:             1             24  [Lcom.zeroturnaround.javarebel.zj;
2941:             1             24  [Ljava.io.File$PathStatus;
2942:             1             24  [Ljava.net.InetAddress$Cache$Type;
2943:             1             24  [Ljava.net.StandardProtocolFamily;
2944:             1             24  [Ljava.time.ZoneOffset;
2945:             1             24  [Ljava.time.temporal.IsoFields$Unit;
2946:             1             24  [Ljava.util.Locale$Category;
2947:             1             24  [Lorg.apache.catalina.Service;
2948:             1             24  [Lorg.apache.catalina.WebResource;
2949:             1             24  [Lorg.apache.catalina.mapper.Mapper$ContextVersion;
2950:             1             24  [Lorg.apache.catalina.mapper.Mapper$MappedContext;
2951:             1             24  [Lorg.apache.catalina.mapper.Mapper$MappedHost;
2952:             1             24  [Lorg.apache.tomcat.util.IntrospectionUtils$PropertySource;
2953:             1             24  [Lorg.apache.tomcat.util.buf.UEncoder$SafeCharsSet;
2954:             1             24  [Lorg.apache.tomcat.util.net.NioEndpoint$Poller;
2955:             1             24  [Lorg.hibernate.validator.internal.metadata.descriptor.ConstraintDescriptorImpl$ConstraintType;
2956:             1             24  [Lorg.springframework.boot.autoconfigure.condition.ConditionMessage$Style;
2957:             1             24  [Lorg.springframework.boot.autoconfigure.condition.FilteringSpringBootCondition$ClassNameFilter;
2958:             1             24  [Lorg.springframework.boot.autoconfigure.http.HttpProperties$Encoding$Type;
2959:             1             24  [Lorg.springframework.boot.autoconfigure.web.servlet.WebMvcProperties$LocaleResolver;
2960:             1             24  [Lorg.springframework.boot.context.ConfigurationWarningsApplicationContextInitializer$Check;
2961:             1             24  [Lorg.springframework.boot.convert.DurationStyle;
2962:             1             24  [Lorg.springframework.context.annotation.ConfigurationCondition$ConfigurationPhase;
2963:             1             24  [Lorg.springframework.context.annotation.MBeanExportConfiguration$SpecificPlatform;
2964:             1             24  [Lorg.springframework.core.ResolvableType$WildcardBounds$Kind;
2965:             1             24  [Lorg.springframework.expression.PropertyAccessor;
2966:             1             24  [Lorg.springframework.util.ConcurrentReferenceHashMap$ReferenceType;
2967:             1             24  [Lorg.springframework.util.ConcurrentReferenceHashMap$Restructure;
2968:             1             24  [Lorg.springframework.web.socket.handler.ConcurrentWebSocketSessionDecorator$OverflowStrategy;
2969:             1             24  [Lorg.zeroturnaround.javarebel.reporting.backend.impl.SegmentIOBackend$METHOD;
2970:             1             24  [Lorg.zeroturnaround.javarebel.reporting.interceptors.MessageInterceptor;
2971:             1             24  [Lsun.launcher.LauncherHelper;
2972:             1             24  [Lsun.misc.JavaSecurityProtectionDomainAccess$ProtectionDomainCache;
2973:             1             24  ch.qos.logback.classic.BasicConfigurator
2974:             1             24  ch.qos.logback.classic.spi.TurboFilterList
2975:             1             24  ch.qos.logback.classic.util.ContextSelectorStaticBinder
2976:             1             24  ch.qos.logback.classic.util.LogbackMDCAdapter
2977:             1             24  com.alibaba.fastjson.parser.SymbolTable
2978:             1             24  com.alibaba.fastjson.parser.deserializer.ASMDeserializerFactory
2979:             1             24  com.alibaba.fastjson.serializer.ASMSerializerFactory
2980:             1             24  com.fasterxml.classmate.util.LRUTypeCache
2981:             1             24  com.fasterxml.jackson.annotation.JsonFormat$Features
2982:             1             24  com.fasterxml.jackson.annotation.JsonIgnoreProperties$Value
2983:             1             24  com.fasterxml.jackson.annotation.JsonSetter$Value
2984:             1             24  com.fasterxml.jackson.core.util.MinimalPrettyPrinter
2985:             1             24  com.fasterxml.jackson.core.util.Separators
2986:             1             24  com.fasterxml.jackson.databind.AnnotationIntrospector$ReferenceProperty
2987:             1             24  com.fasterxml.jackson.databind.cfg.ContextAttributes$Impl
2988:             1             24  com.fasterxml.jackson.databind.introspect.JacksonAnnotationIntrospector
2989:             1             24  com.fasterxml.jackson.databind.introspect.TypeResolutionContext$Basic
2990:             1             24  com.fasterxml.jackson.databind.ser.impl.FailingSerializer
2991:             1             24  com.fasterxml.jackson.databind.ser.std.StdKeySerializers$Default
2992:             1             24  com.fasterxml.jackson.datatype.jsr310.deser.LocalDateDeserializer
2993:             1             24  com.fasterxml.jackson.datatype.jsr310.deser.LocalDateTimeDeserializer
2994:             1             24  com.fasterxml.jackson.datatype.jsr310.deser.LocalTimeDeserializer
2995:             1             24  com.fasterxml.jackson.datatype.jsr310.deser.MonthDayDeserializer
2996:             1             24  com.fasterxml.jackson.datatype.jsr310.deser.OffsetTimeDeserializer
2997:             1             24  com.fasterxml.jackson.datatype.jsr310.deser.YearDeserializer
2998:             1             24  com.fasterxml.jackson.datatype.jsr310.deser.YearMonthDeserializer
2999:             1             24  com.fasterxml.jackson.module.paramnames.ParameterNamesAnnotationIntrospector
3000:             1             24  com.sun.beans.util.Cache$Kind$1
3001:             1             24  com.sun.beans.util.Cache$Kind$2
3002:             1             24  com.sun.beans.util.Cache$Kind$3
3003:             1             24  com.sun.crypto.provider.TlsMasterSecretGenerator$TlsMasterSecretKey
3004:             1             24  com.sun.jmx.mbeanserver.ClassLoaderRepositorySupport
3005:             1             24  com.sun.jmx.mbeanserver.MXBeanLookup
3006:             1             24  com.sun.jmx.mbeanserver.StandardMBeanSupport
3007:             1             24  com.sun.org.apache.xerces.internal.impl.Constants$ArrayEnumeration
3008:             1             24  com.sun.org.apache.xerces.internal.impl.XMLDocumentScannerImpl$ContentDriver
3009:             1             24  com.sun.org.apache.xerces.internal.impl.XMLNSDocumentScannerImpl$NSContentDriver
3010:             1             24  com.sun.org.apache.xerces.internal.impl.msg.XMLMessageFormatter
3011:             1             24  com.sun.org.apache.xerces.internal.impl.validation.ValidationManager
3012:             1             24  com.sun.org.apache.xerces.internal.parsers.AbstractSAXParser$LocatorProxy
3013:             1             24  com.sun.org.apache.xerces.internal.utils.XMLSecurityPropertyManager
3014:             1             24  com.sysmin.controller.LogController
3015:             1             24  com.sysmin.controller.LogController$$Lambda$470/208722269
3016:             1             24  com.sysmin.controller.jvm.JpsController
3017:             1             24  com.sysmin.controller.jvm.JpsController$$M$_jr_2EAFFFDEFB8067EE_1
3018:             1             24  com.sysmin.core.jvm.enums.JstackType
3019:             1             24  com.zeroturnaround.javarebel.ab
3020:             1             24  com.zeroturnaround.javarebel.abl
3021:             1             24  com.zeroturnaround.javarebel.ac
3022:             1             24  com.zeroturnaround.javarebel.ad
3023:             1             24  com.zeroturnaround.javarebel.bg
3024:             1             24  com.zeroturnaround.javarebel.bp
3025:             1             24  com.zeroturnaround.javarebel.bug
3026:             1             24  com.zeroturnaround.javarebel.buk
3027:             1             24  com.zeroturnaround.javarebel.cbj
3028:             1             24  com.zeroturnaround.javarebel.ccj
3029:             1             24  com.zeroturnaround.javarebel.ccs
3030:             1             24  com.zeroturnaround.javarebel.cdi
3031:             1             24  com.zeroturnaround.javarebel.ceg
3032:             1             24  com.zeroturnaround.javarebel.cgs
3033:             1             24  com.zeroturnaround.javarebel.cjc
3034:             1             24  com.zeroturnaround.javarebel.ckm
3035:             1             24  com.zeroturnaround.javarebel.cph
3036:             1             24  com.zeroturnaround.javarebel.cpk
3037:             1             24  com.zeroturnaround.javarebel.ex
3038:             1             24  com.zeroturnaround.javarebel.gdj
3039:             1             24  com.zeroturnaround.javarebel.gua
3040:             1             24  com.zeroturnaround.javarebel.gvg
3041:             1             24  com.zeroturnaround.javarebel.internalsdk.InternalImpl
3042:             1             24  com.zeroturnaround.javarebel.lx
3043:             1             24  com.zeroturnaround.javarebel.mt
3044:             1             24  com.zeroturnaround.javarebel.ni
3045:             1             24  com.zeroturnaround.javarebel.nz
3046:             1             24  com.zeroturnaround.javarebel.oe
3047:             1             24  com.zeroturnaround.javarebel.q
3048:             1             24  com.zeroturnaround.javarebel.ra
3049:             1             24  com.zeroturnaround.javarebel.tf
3050:             1             24  com.zeroturnaround.javarebel.xb
3051:             1             24  com.zeroturnaround.javarebel.yn
3052:             1             24  com.zeroturnaround.javarebel.zp
3053:             1             24  com.zeroturnaround.javarebel.zs
3054:             1             24  com.zeroturnaround.jrebel.bundled.org.apache.commons.logging.impl.SLF4JLogFactory
3055:             1             24  com.zeroturnaround.jrebel.bundled.org.apache.http.impl.execchain.HttpResponseProxy
3056:             1             24  com.zeroturnaround.jrebel.bundled.org.apache.http.impl.execchain.j
3057:             1             24  com.zeroturnaround.jrebel.bundled.org.slf4j.helpers.FormattingTuple
3058:             1             24  com.zeroturnaround.reload.h
3059:             1             24  com.zeroturnaround.reload.jvmti.MinimalInstrumentation
3060:             1             24  java.lang.invoke.DirectMethodHandle$EnsureInitialized
3061:             1             24  java.lang.invoke.MethodHandleImpl$4
3062:             1             24  java.lang.invoke.MethodType$ConcurrentWeakInternSet
3063:             1             24  java.math.MutableBigInteger
3064:             1             24  java.net.Inet6AddressImpl
3065:             1             24  java.net.Proxy
3066:             1             24  java.net.URLClassLoader$1
3067:             1             24  java.rmi.dgc.VMID
3068:             1             24  java.security.Policy$PolicyInfo
3069:             1             24  java.security.Policy$UnsupportedEmptyCollection
3070:             1             24  java.security.ProtectionDomain$PDCache
3071:             1             24  java.sql.DriverInfo
3072:             1             24  java.text.BreakIterator$BreakIteratorCache
3073:             1             24  java.time.ZoneRegion
3074:             1             24  java.time.format.DecimalStyle
3075:             1             24  java.time.temporal.IsoFields$Field$1
3076:             1             24  java.time.temporal.IsoFields$Field$2
3077:             1             24  java.time.temporal.IsoFields$Field$3
3078:             1             24  java.time.temporal.IsoFields$Field$4
3079:             1             24  java.util.Collections$EmptyMap
3080:             1             24  java.util.Locale$Cache
3081:             1             24  java.util.PropertyPermissionCollection
3082:             1             24  java.util.ResourceBundle$Control$CandidateListCache
3083:             1             24  java.util.concurrent.ConcurrentSkipListMap$Node
3084:             1             24  java.util.concurrent.Executors$DelegatedScheduledExecutorService
3085:             1             24  java.util.concurrent.TimeUnit$1
3086:             1             24  java.util.concurrent.TimeUnit$2
3087:             1             24  java.util.concurrent.TimeUnit$3
3088:             1             24  java.util.concurrent.TimeUnit$4
3089:             1             24  java.util.concurrent.TimeUnit$5
3090:             1             24  java.util.concurrent.TimeUnit$6
3091:             1             24  java.util.concurrent.TimeUnit$7
3092:             1             24  java.util.logging.LogManager$LoggerContext
3093:             1             24  java.util.logging.LoggingPermission
3094:             1             24  javax.crypto.spec.RC2ParameterSpec
3095:             1             24  javax.el.ExpressionFactory$CacheKey
3096:             1             24  javax.el.Util$CacheKey
3097:             1             24  javax.net.ssl.SNIHostName
3098:             1             24  javax.websocket.CloseReason
3099:             1             24  javax.websocket.SendResult
3100:             1             24  org.apache.catalina.connector.CoyoteAdapter
3101:             1             24  org.apache.catalina.core.ApplicationContextFacade
3102:             1             24  org.apache.catalina.core.StandardContext$ContextFilterMaps
3103:             1             24  org.apache.catalina.mapper.Mapper$ContextList
3104:             1             24  org.apache.catalina.mapper.Mapper$MappedContext
3105:             1             24  org.apache.catalina.mapper.Mapper$MappedWrapper
3106:             1             24  org.apache.catalina.webresources.TomcatURLStreamHandlerFactory
3107:             1             24  org.apache.coyote.AbstractProtocol$AsyncTimeout
3108:             1             24  org.apache.coyote.UpgradeToken
3109:             1             24  org.apache.coyote.http11.upgrade.UpgradeProcessorInternal
3110:             1             24  org.apache.logging.log4j.spi.LoggerRegistry
3111:             1             24  org.apache.naming.StringManager
3112:             1             24  org.apache.tomcat.util.collections.CaseInsensitiveKeyMap
3113:             1             24  org.apache.tomcat.util.collections.ConcurrentCache
3114:             1             24  org.apache.tomcat.util.descriptor.web.ErrorPage
3115:             1             24  org.apache.tomcat.util.digester.RulesBase
3116:             1             24  org.apache.tomcat.util.net.Acceptor
3117:             1             24  org.apache.tomcat.util.net.NioBlockingSelector
3118:             1             24  org.apache.tomcat.websocket.WsExtensionParameter
3119:             1             24  org.apache.tomcat.websocket.WsFrameBase$UnmaskTransformation
3120:             1             24  org.apache.tomcat.websocket.server.WsFilter
3121:             1             24  org.apache.tomcat.websocket.server.WsPerSessionServerEndpointConfig
3122:             1             24  org.hibernate.validator.internal.engine.MethodValidationConfiguration
3123:             1             24  org.hibernate.validator.internal.engine.valueextraction.ValueExtractorManager
3124:             1             24  org.hibernate.validator.internal.metadata.provider.ProgrammaticMetaDataProvider
3125:             1             24  org.hibernate.validator.internal.util.ConcurrentReferenceHashMap$Option
3126:             1             24  org.slf4j.helpers.FormattingTuple
3127:             1             24  org.slf4j.helpers.SubstituteLoggerFactory
3128:             1             24  org.slf4j.impl.StaticLoggerBinder
3129:             1             24  org.springframework.aop.framework.JdkDynamicAopProxy
3130:             1             24  org.springframework.aop.framework.autoproxy.AbstractAdvisorAutoProxyCreator$BeanFactoryAdvisorRetrievalHelperAdapter
3131:             1             24  org.springframework.aop.support.DefaultPointcutAdvisor
3132:             1             24  org.springframework.aop.target.EmptyTargetSource
3133:             1             24  org.springframework.beans.BeanReloadingFilter
3134:             1             24  org.springframework.beans.JrBeanCreationListenerGroup
3135:             1             24  org.springframework.beans.JrBeanFactoryPostProcessorRegistry
3136:             1             24  org.springframework.beans.JrBeanReloader$1
3137:             1             24  org.springframework.beans.JrBeanReloader$2
3138:             1             24  org.springframework.beans.JrBeanReloader$4
3139:             1             24  org.springframework.beans.factory.config.CustomScopeConfigurer
3140:             1             24  org.springframework.beans.factory.config.RuntimeBeanReference
3141:             1             24  org.springframework.beans.propertyeditors.ByteArrayPropertyEditor
3142:             1             24  org.springframework.beans.propertyeditors.CharArrayPropertyEditor
3143:             1             24  org.springframework.beans.propertyeditors.CharsetEditor
3144:             1             24  org.springframework.beans.propertyeditors.CurrencyEditor
3145:             1             24  org.springframework.beans.propertyeditors.LocaleEditor
3146:             1             24  org.springframework.beans.propertyeditors.PropertiesEditor
3147:             1             24  org.springframework.beans.propertyeditors.TimeZoneEditor
3148:             1             24  org.springframework.beans.propertyeditors.UUIDEditor
3149:             1             24  org.springframework.beans.propertyeditors.ZoneIdEditor
3150:             1             24  org.springframework.beans.support.ResourceEditorRegistrar
3151:             1             24  org.springframework.boot.DefaultApplicationArguments
3152:             1             24  org.springframework.boot.SpringApplicationBannerPrinter$PrintedBanner
3153:             1             24  org.springframework.boot.SpringApplicationRunListeners
3154:             1             24  org.springframework.boot.autoconfigure.AutoConfigurationImportSelector$AutoConfigurationEntry
3155:             1             24  org.springframework.boot.autoconfigure.AutoConfigurationPackages$BasePackages
3156:             1             24  org.springframework.boot.autoconfigure.admin.SpringApplicationAdminJmxAutoConfiguration$$EnhancerBySpringCGLIB$$b6de5e0c$$FastClassBySpringCGLIB$$5ed6da28
3157:             1             24  org.springframework.boot.autoconfigure.admin.SpringApplicationAdminJmxAutoConfiguration$$FastClassBySpringCGLIB$$6d716d49
3158:             1             24  org.springframework.boot.autoconfigure.condition.BeanTypeRegistry
3159:             1             24  org.springframework.boot.autoconfigure.condition.ConditionMessage$Style$1
3160:             1             24  org.springframework.boot.autoconfigure.condition.ConditionMessage$Style$2
3161:             1             24  org.springframework.boot.autoconfigure.condition.FilteringSpringBootCondition$ClassNameFilter$1
3162:             1             24  org.springframework.boot.autoconfigure.condition.FilteringSpringBootCondition$ClassNameFilter$2
3163:             1             24  org.springframework.boot.autoconfigure.diagnostics.analyzer.NoSuchBeanDefinitionFailureAnalyzer
3164:             1             24  org.springframework.boot.autoconfigure.freemarker.FreeMarkerTemplateAvailabilityProvider
3165:             1             24  org.springframework.boot.autoconfigure.groovy.template.GroovyTemplateAvailabilityProvider
3166:             1             24  org.springframework.boot.autoconfigure.http.HttpMessageConvertersAutoConfiguration$$EnhancerBySpringCGLIB$$3e6588d2$$FastClassBySpringCGLIB$$e3a72469
3167:             1             24  org.springframework.boot.autoconfigure.http.HttpMessageConvertersAutoConfiguration$$FastClassBySpringCGLIB$$ba15c54f
3168:             1             24  org.springframework.boot.autoconfigure.http.HttpMessageConvertersAutoConfiguration$StringHttpMessageConverterConfiguration$$EnhancerBySpringCGLIB$$71734f72$$FastClassBySpringCGLIB$$5c148f6d
3169:             1             24  org.springframework.boot.autoconfigure.http.HttpMessageConvertersAutoConfiguration$StringHttpMessageConverterConfiguration$$FastClassBySpringCGLIB$$a19557ef
3170:             1             24  org.springframework.boot.autoconfigure.http.HttpProperties
3171:             1             24  org.springframework.boot.autoconfigure.http.JacksonHttpMessageConvertersConfiguration$MappingJackson2HttpMessageConverterConfiguration$$EnhancerBySpringCGLIB$$ab494b72$$FastClassBySpringCGLIB$$d4fa3b99
3172:             1             24  org.springframework.boot.autoconfigure.http.JacksonHttpMessageConvertersConfiguration$MappingJackson2HttpMessageConverterConfiguration$$FastClassBySpringCGLIB$$cc27d3ef
3173:             1             24  org.springframework.boot.autoconfigure.http.codec.CodecsAutoConfiguration$JacksonCodecConfiguration$$EnhancerBySpringCGLIB$$8c0bd88a$$FastClassBySpringCGLIB$$9cd97dac
3174:             1             24  org.springframework.boot.autoconfigure.http.codec.CodecsAutoConfiguration$JacksonCodecConfiguration$$FastClassBySpringCGLIB$$b3c4d607
3175:             1             24  org.springframework.boot.autoconfigure.http.codec.CodecsAutoConfiguration$LoggingCodecConfiguration$$EnhancerBySpringCGLIB$$c107a916$$FastClassBySpringCGLIB$$6c95edd8
3176:             1             24  org.springframework.boot.autoconfigure.http.codec.CodecsAutoConfiguration$LoggingCodecConfiguration$$FastClassBySpringCGLIB$$8da6a113
3177:             1             24  org.springframework.boot.autoconfigure.info.ProjectInfoAutoConfiguration$GitResourceAvailableCondition
3178:             1             24  org.springframework.boot.autoconfigure.info.ProjectInfoProperties
3179:             1             24  org.springframework.boot.autoconfigure.info.ProjectInfoProperties$Build
3180:             1             24  org.springframework.boot.autoconfigure.info.ProjectInfoProperties$Git
3181:             1             24  org.springframework.boot.autoconfigure.jackson.JacksonAutoConfiguration$$EnhancerBySpringCGLIB$$61d0da5e$$FastClassBySpringCGLIB$$e1c43312
3182:             1             24  org.springframework.boot.autoconfigure.jackson.JacksonAutoConfiguration$$FastClassBySpringCGLIB$$ee97f15b
3183:             1             24  org.springframework.boot.autoconfigure.jackson.JacksonAutoConfiguration$Jackson2ObjectMapperBuilderCustomizerConfiguration$$EnhancerBySpringCGLIB$$ed28e4d7$$FastClassBySpringCGLIB$$7d1656ac
3184:             1             24  org.springframework.boot.autoconfigure.jackson.JacksonAutoConfiguration$Jackson2ObjectMapperBuilderCustomizerConfiguration$$FastClassBySpringCGLIB$$a7cec5b4
3185:             1             24  org.springframework.boot.autoconfigure.jackson.JacksonAutoConfiguration$Jackson2ObjectMapperBuilderCustomizerConfiguration$StandardJackson2ObjectMapperBuilderCustomizer
3186:             1             24  org.springframework.boot.autoconfigure.jackson.JacksonAutoConfiguration$JacksonObjectMapperBuilderConfiguration$$EnhancerBySpringCGLIB$$3211fee8$$FastClassBySpringCGLIB$$72c1c8e5
3187:             1             24  org.springframework.boot.autoconfigure.jackson.JacksonAutoConfiguration$JacksonObjectMapperBuilderConfiguration$$FastClassBySpringCGLIB$$28b34ea5
3188:             1             24  org.springframework.boot.autoconfigure.jackson.JacksonAutoConfiguration$JacksonObjectMapperConfiguration$$EnhancerBySpringCGLIB$$7fc53ccf$$FastClassBySpringCGLIB$$84c59101
3189:             1             24  org.springframework.boot.autoconfigure.jackson.JacksonAutoConfiguration$JacksonObjectMapperConfiguration$$FastClassBySpringCGLIB$$596316ac
3190:             1             24  org.springframework.boot.autoconfigure.jackson.JacksonAutoConfiguration$ParameterNamesModuleConfiguration$$EnhancerBySpringCGLIB$$13f45c05$$FastClassBySpringCGLIB$$872c02da
3191:             1             24  org.springframework.boot.autoconfigure.jackson.JacksonAutoConfiguration$ParameterNamesModuleConfiguration$$FastClassBySpringCGLIB$$f1cb4522
3192:             1             24  org.springframework.boot.autoconfigure.jdbc.DataSourceAutoConfiguration$EmbeddedDatabaseCondition
3193:             1             24  org.springframework.boot.autoconfigure.jdbc.DataSourceInitializer
3194:             1             24  org.springframework.boot.autoconfigure.jdbc.DataSourceProperties$Xa
3195:             1             24  org.springframework.boot.autoconfigure.jdbc.DataSourceTransactionManagerAutoConfiguration$DataSourceTransactionManagerConfiguration$$EnhancerBySpringCGLIB$$d13255ad$$FastClassBySpringCGLIB$$d73c47de
3196:             1             24  org.springframework.boot.autoconfigure.jdbc.DataSourceTransactionManagerAutoConfiguration$DataSourceTransactionManagerConfiguration$$FastClassBySpringCGLIB$$6c5cb1ca
3197:             1             24  org.springframework.boot.autoconfigure.jdbc.JdbcProperties$Template
3198:             1             24  org.springframework.boot.autoconfigure.jdbc.JdbcTemplateAutoConfiguration$JdbcTemplateConfiguration$$EnhancerBySpringCGLIB$$3cbcebab$$FastClassBySpringCGLIB$$8d26f00
3199:             1             24  org.springframework.boot.autoconfigure.jdbc.JdbcTemplateAutoConfiguration$JdbcTemplateConfiguration$$FastClassBySpringCGLIB$$d6b54608
3200:             1             24  org.springframework.boot.autoconfigure.jdbc.JdbcTemplateAutoConfiguration$NamedParameterJdbcTemplateConfiguration$$EnhancerBySpringCGLIB$$2e9de2db$$FastClassBySpringCGLIB$$3e5e0faa
3201:             1             24  org.springframework.boot.autoconfigure.jdbc.JdbcTemplateAutoConfiguration$NamedParameterJdbcTemplateConfiguration$$FastClassBySpringCGLIB$$2cc8738
3202:             1             24  org.springframework.boot.autoconfigure.jdbc.metadata.DataSourcePoolMetadataProvidersConfiguration$HikariPoolDataSourceMetadataProviderConfiguration$$EnhancerBySpringCGLIB$$8488e522$$FastClassBySpringCGLIB$$d6777026
3203:             1             24  org.springframework.boot.autoconfigure.jdbc.metadata.DataSourcePoolMetadataProvidersConfiguration$HikariPoolDataSourceMetadataProviderConfiguration$$FastClassBySpringCGLIB$$f8fbe79f
3204:             1             24  org.springframework.boot.autoconfigure.task.TaskExecutionAutoConfiguration$$EnhancerBySpringCGLIB$$afd15614$$FastClassBySpringCGLIB$$6f3c54be
3205:             1             24  org.springframework.boot.autoconfigure.task.TaskExecutionAutoConfiguration$$FastClassBySpringCGLIB$$16d26c51
3206:             1             24  org.springframework.boot.autoconfigure.task.TaskExecutionProperties
3207:             1             24  org.springframework.boot.autoconfigure.task.TaskSchedulingAutoConfiguration$$EnhancerBySpringCGLIB$$d7f13954$$FastClassBySpringCGLIB$$33697b6b
3208:             1             24  org.springframework.boot.autoconfigure.task.TaskSchedulingAutoConfiguration$$FastClassBySpringCGLIB$$dd612791
3209:             1             24  org.springframework.boot.autoconfigure.task.TaskSchedulingProperties
3210:             1             24  org.springframework.boot.autoconfigure.template.TemplateAvailabilityProviders
3211:             1             24  org.springframework.boot.autoconfigure.transaction.TransactionAutoConfiguration$$EnhancerBySpringCGLIB$$b8a5b848$$FastClassBySpringCGLIB$$abc62378
3212:             1             24  org.springframework.boot.autoconfigure.transaction.TransactionAutoConfiguration$$FastClassBySpringCGLIB$$58253c05
3213:             1             24  org.springframework.boot.autoconfigure.transaction.TransactionAutoConfiguration$TransactionTemplateConfiguration$$EnhancerBySpringCGLIB$$22bc1a80$$FastClassBySpringCGLIB$$92f9afe5
3214:             1             24  org.springframework.boot.autoconfigure.transaction.TransactionAutoConfiguration$TransactionTemplateConfiguration$$FastClassBySpringCGLIB$$3ce48f3d
3215:             1             24  org.springframework.boot.autoconfigure.transaction.TransactionProperties
3216:             1             24  org.springframework.boot.autoconfigure.validation.ValidatorAdapter
3217:             1             24  org.springframework.boot.autoconfigure.web.ResourceProperties$Cache
3218:             1             24  org.springframework.boot.autoconfigure.web.ResourceProperties$Chain
3219:             1             24  org.springframework.boot.autoconfigure.web.ResourceProperties$Content
3220:             1             24  org.springframework.boot.autoconfigure.web.ResourceProperties$Fixed
3221:             1             24  org.springframework.boot.autoconfigure.web.ResourceProperties$Strategy
3222:             1             24  org.springframework.boot.autoconfigure.web.ServerProperties$Tomcat$Resource
3223:             1             24  org.springframework.boot.autoconfigure.web.client.RestTemplateAutoConfiguration$$EnhancerBySpringCGLIB$$bf47b6bf$$FastClassBySpringCGLIB$$7f6b4abc
3224:             1             24  org.springframework.boot.autoconfigure.web.client.RestTemplateAutoConfiguration$$FastClassBySpringCGLIB$$79a6429c
3225:             1             24  org.springframework.boot.autoconfigure.web.embedded.EmbeddedWebServerFactoryCustomizerAutoConfiguration$TomcatWebServerFactoryCustomizerConfiguration$$EnhancerBySpringCGLIB$$2a5d4a0c$$FastClassBySpringCGLIB$$c558182e
3226:             1             24  org.springframework.boot.autoconfigure.web.embedded.EmbeddedWebServerFactoryCustomizerAutoConfiguration$TomcatWebServerFactoryCustomizerConfiguration$$FastClassBySpringCGLIB$$3b7ed949
3227:             1             24  org.springframework.boot.autoconfigure.web.embedded.TomcatWebServerFactoryCustomizer
3228:             1             24  org.springframework.boot.autoconfigure.web.embedded.TomcatWebServerFactoryCustomizer$$Lambda$333/191519989
3229:             1             24  org.springframework.boot.autoconfigure.web.servlet.DispatcherServletAutoConfiguration$DispatcherServletConfiguration$$EnhancerBySpringCGLIB$$74314d07$$FastClassBySpringCGLIB$$e83f3a07
3230:             1             24  org.springframework.boot.autoconfigure.web.servlet.DispatcherServletAutoConfiguration$DispatcherServletConfiguration$$FastClassBySpringCGLIB$$c3057e4
3231:             1             24  org.springframework.boot.autoconfigure.web.servlet.DispatcherServletAutoConfiguration$DispatcherServletRegistrationConfiguration$$EnhancerBySpringCGLIB$$d638e1ae$$FastClassBySpringCGLIB$$73daf335
3232:             1             24  org.springframework.boot.autoconfigure.web.servlet.DispatcherServletAutoConfiguration$DispatcherServletRegistrationConfiguration$$FastClassBySpringCGLIB$$20b85eab
3233:             1             24  org.springframework.boot.autoconfigure.web.servlet.ServletWebServerFactoryConfiguration$EmbeddedTomcat$$EnhancerBySpringCGLIB$$8eb42f28$$FastClassBySpringCGLIB$$e9f2e2d
3234:             1             24  org.springframework.boot.autoconfigure.web.servlet.ServletWebServerFactoryConfiguration$EmbeddedTomcat$$FastClassBySpringCGLIB$$57e7b6e5
3235:             1             24  org.springframework.boot.autoconfigure.web.servlet.WebMvcProperties$Contentnegotiation
3236:             1             24  org.springframework.boot.autoconfigure.web.servlet.WebMvcProperties$Servlet
3237:             1             24  org.springframework.boot.autoconfigure.web.servlet.WebMvcProperties$View
3238:             1             24  org.springframework.boot.autoconfigure.web.servlet.error.BasicErrorController
3239:             1             24  org.springframework.boot.autoconfigure.web.servlet.error.ErrorMvcAutoConfiguration$DefaultErrorViewResolverConfiguration$$EnhancerBySpringCGLIB$$64729763$$FastClassBySpringCGLIB$$70bd156d
3240:             1             24  org.springframework.boot.autoconfigure.web.servlet.error.ErrorMvcAutoConfiguration$DefaultErrorViewResolverConfiguration$$FastClassBySpringCGLIB$$696432c0
3241:             1             24  org.springframework.boot.autoconfigure.web.servlet.error.ErrorMvcAutoConfiguration$ErrorPageCustomizer
3242:             1             24  org.springframework.boot.autoconfigure.websocket.servlet.WebSocketServletAutoConfiguration$TomcatWebSocketConfiguration$$EnhancerBySpringCGLIB$$9ccbd22d$$FastClassBySpringCGLIB$$6eacc718
3243:             1             24  org.springframework.boot.autoconfigure.websocket.servlet.WebSocketServletAutoConfiguration$TomcatWebSocketConfiguration$$FastClassBySpringCGLIB$$f1131e4a
3244:             1             24  org.springframework.boot.builder.ParentContextCloserApplicationListener
3245:             1             24  org.springframework.boot.cloud.CloudPlatform$1
3246:             1             24  org.springframework.boot.cloud.CloudPlatform$2
3247:             1             24  org.springframework.boot.cloud.CloudPlatform$3
3248:             1             24  org.springframework.boot.context.ContextIdApplicationContextInitializer$ContextId
3249:             1             24  org.springframework.boot.context.config.ConfigFileApplicationListener$PropertySourceOrderingPostProcessor
3250:             1             24  org.springframework.boot.context.config.DelegatingApplicationListener
3251:             1             24  org.springframework.boot.context.event.EventPublishingRunListener
3252:             1             24  org.springframework.boot.context.properties.ConfigurationBeanFactoryMetadata
3253:             1             24  org.springframework.boot.context.properties.ConfigurationPropertiesBindingPostProcessor
3254:             1             24  org.springframework.boot.context.properties.PropertyMapper
3255:             1             24  org.springframework.boot.context.properties.bind.BindConverter$TypeConverterConversionService
3256:             1             24  org.springframework.boot.context.properties.bind.PropertySourcesPlaceholdersResolver
3257:             1             24  org.springframework.boot.context.properties.source.ConfigurationPropertySourcesPropertySource
3258:             1             24  org.springframework.boot.context.properties.source.DefaultPropertyMapper
3259:             1             24  org.springframework.boot.convert.DurationStyle$1
3260:             1             24  org.springframework.boot.convert.DurationStyle$2
3261:             1             24  org.springframework.boot.devtools.autoconfigure.DevToolsDataSourceAutoConfiguration$$EnhancerBySpringCGLIB$$fef5cc75$$FastClassBySpringCGLIB$$de31cb3
3262:             1             24  org.springframework.boot.devtools.autoconfigure.DevToolsDataSourceAutoConfiguration$$FastClassBySpringCGLIB$$2fb51792
3263:             1             24  org.springframework.boot.devtools.autoconfigure.DevToolsDataSourceAutoConfiguration$NonEmbeddedInMemoryDatabaseShutdownExecutor
3264:             1             24  org.springframework.boot.devtools.autoconfigure.DevToolsProperties
3265:             1             24  org.springframework.boot.devtools.autoconfigure.DevToolsProperties$Livereload
3266:             1             24  org.springframework.boot.devtools.autoconfigure.RemoteDevToolsProperties$Proxy
3267:             1             24  org.springframework.boot.devtools.classpath.ClassPathFileChangeListener
3268:             1             24  org.springframework.boot.devtools.classpath.PatternClassPathRestartStrategy
3269:             1             24  org.springframework.boot.devtools.restart.ClassLoaderFilesResourcePatternResolver
3270:             1             24  org.springframework.boot.devtools.restart.Restarter$LeakSafeThreadFactory$$Lambda$413/1116292004
3271:             1             24  org.springframework.boot.devtools.settings.DevToolsSettings
3272:             1             24  org.springframework.boot.diagnostics.FailureAnalyzers
3273:             1             24  org.springframework.boot.env.RandomValuePropertySource
3274:             1             24  org.springframework.boot.logging.AbstractLoggingSystem$LogLevels
3275:             1             24  org.springframework.boot.logging.DeferredLog$Line
3276:             1             24  org.springframework.boot.task.TaskSchedulerBuilder
3277:             1             24  org.springframework.boot.type.classreading.ConcurrentReferenceCachingMetadataReaderFactory
3278:             1             24  org.springframework.boot.web.client.RestTemplateBuilder$RequestFactoryCustomizer
3279:             1             24  org.springframework.boot.web.embedded.tomcat.TomcatServletWebServerFactory$StaticResourceConfigurer
3280:             1             24  org.springframework.boot.web.embedded.tomcat.TomcatStarter
3281:             1             24  org.springframework.boot.web.embedded.tomcat.TomcatWebServer$$Lambda$334/1521261927
3282:             1             24  org.springframework.boot.web.server.ErrorPage
3283:             1             24  org.springframework.boot.web.server.ErrorPageRegistrarBeanPostProcessor
3284:             1             24  org.springframework.boot.web.server.WebServerFactoryCustomizerBeanPostProcessor
3285:             1             24  org.springframework.boot.web.servlet.context.WebApplicationContextServletContextAwareProcessor
3286:             1             24  org.springframework.boot.web.servlet.server.DocumentRoot
3287:             1             24  org.springframework.boot.web.servlet.server.Jsp
3288:             1             24  org.springframework.cglib.core.EmitUtils$ArrayDelimiters
3289:             1             24  org.springframework.cglib.core.MethodWrapper$MethodWrapperKey$$KeyFactoryByCGLIB$$552be97a
3290:             1             24  org.springframework.cglib.core.internal.LoadingCache
3291:             1             24  org.springframework.context.annotation.ConfigurationClassEnhancer$ConditionalCallbackFilter
3292:             1             24  org.springframework.context.annotation.ContextAnnotationAutowireCandidateResolver
3293:             1             24  org.springframework.context.annotation.MBeanExportConfiguration$SpecificPlatform$1
3294:             1             24  org.springframework.context.annotation.MBeanExportConfiguration$SpecificPlatform$2
3295:             1             24  org.springframework.context.event.EventExpressionEvaluator
3296:             1             24  org.springframework.context.support.ApplicationContextAwareProcessor
3297:             1             24  org.springframework.context.support.PostProcessorRegistrationDelegate$BeanPostProcessorChecker
3298:             1             24  org.springframework.context.support.PropertySourcesPlaceholderConfigurer$$Lambda$192/272059566
3299:             1             24  org.springframework.core.OrderComparator$$Lambda$209/654322778
3300:             1             24  org.springframework.core.ReactiveAdapterRegistry
3301:             1             24  org.springframework.core.convert.support.DefaultConversionService
3302:             1             24  org.springframework.core.env.CommandLineArgs
3303:             1             24  org.springframework.core.io.support.PathMatchingResourcePatternResolver
3304:             1             24  org.springframework.dao.annotation.PersistenceExceptionTranslationAdvisor
3305:             1             24  org.springframework.dao.support.PersistenceExceptionTranslationInterceptor
3306:             1             24  org.springframework.http.HttpEntity
3307:             1             24  org.springframework.http.ResponseEntity
3308:             1             24  org.springframework.jdbc.core.namedparam.NamedParameterJdbcTemplate
3309:             1             24  org.springframework.jmx.export.naming.MetadataNamingStrategy
3310:             1             24  org.springframework.jndi.JndiTemplate
3311:             1             24  org.springframework.messaging.handler.annotation.support.PayloadArgumentResolver
3312:             1             24  org.springframework.messaging.handler.invocation.HandlerMethodArgumentResolverComposite
3313:             1             24  org.springframework.messaging.handler.invocation.HandlerMethodReturnValueHandlerComposite
3314:             1             24  org.springframework.messaging.simp.annotation.support.SubscriptionMethodReturnValueHandler
3315:             1             24  org.springframework.messaging.simp.broker.DefaultSubscriptionRegistry$DestinationCache
3316:             1             24  org.springframework.messaging.simp.broker.DefaultSubscriptionRegistry$SessionSubscriptionInfo
3317:             1             24  org.springframework.messaging.simp.stomp.StompEncoder
3318:             1             24  org.springframework.messaging.simp.user.DefaultUserDestinationResolver
3319:             1             24  org.springframework.messaging.support.IdTimestampMessageHeaderInitializer
3320:             1             24  org.springframework.objenesis.SpringObjenesis
3321:             1             24  org.springframework.scheduling.annotation.SchedulingConfiguration$$EnhancerBySpringCGLIB$$c58073b9$$FastClassBySpringCGLIB$$22b54e40
3322:             1             24  org.springframework.scheduling.annotation.SchedulingConfiguration$$FastClassBySpringCGLIB$$bd049a56
3323:             1             24  org.springframework.scheduling.config.ScheduledTask
3324:             1             24  org.springframework.scheduling.support.ScheduledMethodRunnable
3325:             1             24  org.springframework.transaction.interceptor.BeanFactoryTransactionAttributeSourceAdvisor$1
3326:             1             24  org.springframework.util.StopWatch$TaskInfo
3327:             1             24  org.springframework.validation.beanvalidation.LocalValidatorFactoryBean$1
3328:             1             24  org.springframework.web.context.support.ServletContextPropertySource
3329:             1             24  org.springframework.web.context.support.ServletContextScope
3330:             1             24  org.springframework.web.method.annotation.ExceptionHandlerMethodResolver
3331:             1             24  org.springframework.web.method.annotation.RequestHeaderMethodArgumentResolver
3332:             1             24  org.springframework.web.method.support.CompositeUriComponentsContributor
3333:             1             24  org.springframework.web.servlet.handler.HandlerExceptionResolverComposite
3334:             1             24  org.springframework.web.servlet.i18n.AcceptHeaderLocaleResolver
3335:             1             24  org.springframework.web.servlet.mvc.method.annotation.ResponseBodyEmitterReturnValueHandler
3336:             1             24  org.springframework.web.servlet.support.SessionFlashMapManager
3337:             1             24  org.springframework.web.servlet.view.ViewResolverComposite
3338:             1             24  org.springframework.web.socket.adapter.standard.StandardToWebSocketExtensionAdapter
3339:             1             24  org.springframework.web.socket.adapter.standard.StandardWebSocketHandlerAdapter
3340:             1             24  org.springframework.web.socket.adapter.standard.StandardWebSocketHandlerAdapter$3
3341:             1             24  org.springframework.web.socket.adapter.standard.StandardWebSocketHandlerAdapter$4
3342:             1             24  org.springframework.web.socket.adapter.standard.StandardWebSocketHandlerAdapter$5
3343:             1             24  org.springframework.web.socket.messaging.StompSubProtocolHandler$Stats
3344:             1             24  org.springframework.web.socket.server.standard.TomcatRequestUpgradeStrategy
3345:             1             24  org.springframework.web.socket.server.support.OriginHandshakeInterceptor
3346:             1             24  org.springframework.web.socket.sockjs.support.SockJsHttpRequestHandler
3347:             1             24  org.springframework.web.socket.sockjs.transport.handler.EventSourceTransportHandler
3348:             1             24  org.springframework.web.socket.sockjs.transport.handler.HtmlFileTransportHandler
3349:             1             24  org.springframework.web.socket.sockjs.transport.handler.XhrPollingTransportHandler
3350:             1             24  org.springframework.web.socket.sockjs.transport.handler.XhrReceivingTransportHandler
3351:             1             24  org.springframework.web.socket.sockjs.transport.handler.XhrStreamingTransportHandler
3352:             1             24  org.zeroturnaround.bundled.javassist.ClassPathList
3353:             1             24  org.zeroturnaround.javarebel.integration.IntegrationClassEventListener
3354:             1             24  org.zeroturnaround.javarebel.integration.catalina.cbp.ApplicationContextFacadeCBP
3355:             1             24  org.zeroturnaround.javarebel.integration.hybris.WidgetClassLoaderCBP
3356:             1             24  org.zeroturnaround.javarebel.integration.ide.IDECallbackClassEventListener
3357:             1             24  org.zeroturnaround.javarebel.integration.javaxel.BeanELResolverCBP
3358:             1             24  org.zeroturnaround.javarebel.integration.jenkins.WebAppMainCBP
3359:             1             24  org.zeroturnaround.javarebel.integration.objectdb.ObjectDBDelegationCBP$Processor
3360:             1             24  org.zeroturnaround.javarebel.integration.proxy.cglib.FastClassProxyEventListener
3361:             1             24  org.zeroturnaround.javarebel.integration.resin.ResinWatchdogCBP
3362:             1             24  org.zeroturnaround.javarebel.integration.resin.WatchdogProcessCBP
3363:             1             24  org.zeroturnaround.javarebel.integration.servlet.oc4j.OC4JJspClassLoaderCBP
3364:             1             24  org.zeroturnaround.javarebel.integration.spring.GenericTypeResolverCEL
3365:             1             24  org.zeroturnaround.javarebel.integration.spring.annotations.ComponentScannerAnnotation
3366:             1             24  org.zeroturnaround.javarebel.integration.spring.beans.BeanTypeResolverImpl
3367:             1             24  org.zeroturnaround.javarebel.integration.spring.beans.ExpressionDependencyRegistry
3368:             1             24  org.zeroturnaround.javarebel.integration.spring.beans.ScannedClassManager
3369:             1             24  org.zeroturnaround.javarebel.integration.spring.beans.cbp.BeanDefinitionReaderUtilsCBP
3370:             1             24  org.zeroturnaround.javarebel.integration.spring.boot.SpringBootRegistry
3371:             1             24  org.zeroturnaround.javarebel.integration.spring.core.ReflectionUtilsCacheClearer
3372:             1             24  org.zeroturnaround.javarebel.integration.support.JavassistClassBytecodeProcessor$FilterClassPathWrapper
3373:             1             24  org.zeroturnaround.javarebel.integration.util.ClassLoaderLocalUtil$LoaderAttachment
3374:             1             24  org.zeroturnaround.javarebel.preferences.FileStorePreferences
3375:             1             24  org.zeroturnaround.javarebel.reporting.MessageType$SendFilterImpl$1
3376:             1             24  org.zeroturnaround.javarebel.reporting.MessageType$SendFilterImpl$2
3377:             1             24  org.zeroturnaround.javarebel.reporting.MessageType$SendFilterImpl$3
3378:             1             24  org.zeroturnaround.javarebel.reporting.MessageType$SendFilterImpl$4
3379:             1             24  org.zeroturnaround.javarebel.reporting.MixpanelMetrics$10
3380:             1             24  org.zeroturnaround.javarebel.reporting.MixpanelMetrics$3
3381:             1             24  org.zeroturnaround.javarebel.reporting.MixpanelMetrics$4
3382:             1             24  org.zeroturnaround.javarebel.reporting.MixpanelMetrics$5
3383:             1             24  org.zeroturnaround.javarebel.reporting.MixpanelMetrics$8
3384:             1             24  org.zeroturnaround.javarebel.reporting.backend.impl.SegmentIOBackend$ProxyHttpBackend
3385:             1             24  org.zeroturnaround.javarebel.reporting.stats.JVMLanguageStatsListener
3386:             1             24  org.zeroturnaround.javarebel.reporting.stats.repository.impl.RepositoryMetricsStatistics$ServerStartedStatsListener
3387:             1             24  org.zeroturnaround.javarebel.service.ServiceRequestUtil$TCLBindingServiceRequestListener
3388:             1             24  org.zeroturnaround.javarebel.spring.SpringMetrics$1
3389:             1             24  org.zeroturnaround.jrebel.integration.logback.LogbackReloader
3390:             1             24  org.zeroturnaround.jrebel.intellij.FileWatcher$1
3391:             1             24  org.zeroturnaround.jrebel.intellij.FileWatcher$Lock
3392:             1             24  org.zeroturnaround.jrebel.jackson2.cbp.ObjectMapperCBP
3393:             1             24  sun.instrument.TransformerManager
3394:             1             24  sun.launcher.LauncherHelper
3395:             1             24  sun.management.CompilationImpl
3396:             1             24  sun.management.MemoryImpl
3397:             1             24  sun.management.OperatingSystemImpl
3398:             1             24  sun.management.RuntimeImpl
3399:             1             24  sun.management.ThreadImpl
3400:             1             24  sun.management.VMManagementImpl
3401:             1             24  sun.misc.URLClassPath$FileLoader
3402:             1             24  sun.net.ProgressMonitor
3403:             1             24  sun.net.www.protocol.http.Handler
3404:             1             24  sun.nio.cs.CESU_8
3405:             1             24  sun.nio.cs.IBM437
3406:             1             24  sun.nio.cs.IBM737
3407:             1             24  sun.nio.cs.IBM775
3408:             1             24  sun.nio.cs.IBM850
3409:             1             24  sun.nio.cs.IBM852
3410:             1             24  sun.nio.cs.IBM855
3411:             1             24  sun.nio.cs.IBM857
3412:             1             24  sun.nio.cs.IBM858
3413:             1             24  sun.nio.cs.IBM862
3414:             1             24  sun.nio.cs.IBM866
3415:             1             24  sun.nio.cs.IBM874
3416:             1             24  sun.nio.cs.ISO_8859_1
3417:             1             24  sun.nio.cs.ISO_8859_13
3418:             1             24  sun.nio.cs.ISO_8859_15
3419:             1             24  sun.nio.cs.ISO_8859_2
3420:             1             24  sun.nio.cs.ISO_8859_4
3421:             1             24  sun.nio.cs.ISO_8859_5
3422:             1             24  sun.nio.cs.ISO_8859_7
3423:             1             24  sun.nio.cs.ISO_8859_9
3424:             1             24  sun.nio.cs.KOI8_R
3425:             1             24  sun.nio.cs.KOI8_U
3426:             1             24  sun.nio.cs.MS1250
3427:             1             24  sun.nio.cs.MS1251
3428:             1             24  sun.nio.cs.MS1252
3429:             1             24  sun.nio.cs.MS1253
3430:             1             24  sun.nio.cs.MS1254
3431:             1             24  sun.nio.cs.MS1257
3432:             1             24  sun.nio.cs.ThreadLocalCoders$1
3433:             1             24  sun.nio.cs.ThreadLocalCoders$2
3434:             1             24  sun.nio.cs.US_ASCII
3435:             1             24  sun.nio.cs.UTF_16
3436:             1             24  sun.nio.cs.UTF_16BE
3437:             1             24  sun.nio.cs.UTF_16LE
3438:             1             24  sun.nio.cs.UTF_16LE_BOM
3439:             1             24  sun.nio.cs.UTF_32
3440:             1             24  sun.nio.cs.UTF_32BE
3441:             1             24  sun.nio.cs.UTF_32BE_BOM
3442:             1             24  sun.nio.cs.UTF_32LE
3443:             1             24  sun.nio.cs.UTF_32LE_BOM
3444:             1             24  sun.nio.cs.UTF_8
3445:             1             24  sun.nio.cs.ext.Big5
3446:             1             24  sun.nio.cs.ext.Big5_HKSCS
3447:             1             24  sun.nio.cs.ext.Big5_HKSCS_2001
3448:             1             24  sun.nio.cs.ext.Big5_Solaris
3449:             1             24  sun.nio.cs.ext.EUC_CN
3450:             1             24  sun.nio.cs.ext.EUC_JP
3451:             1             24  sun.nio.cs.ext.EUC_JP_LINUX
3452:             1             24  sun.nio.cs.ext.EUC_JP_Open
3453:             1             24  sun.nio.cs.ext.EUC_TW
3454:             1             24  sun.nio.cs.ext.GB18030
3455:             1             24  sun.nio.cs.ext.GBK
3456:             1             24  sun.nio.cs.ext.IBM037
3457:             1             24  sun.nio.cs.ext.IBM1006
3458:             1             24  sun.nio.cs.ext.IBM1025
3459:             1             24  sun.nio.cs.ext.IBM1026
3460:             1             24  sun.nio.cs.ext.IBM1046
3461:             1             24  sun.nio.cs.ext.IBM1047
3462:             1             24  sun.nio.cs.ext.IBM1097
3463:             1             24  sun.nio.cs.ext.IBM1098
3464:             1             24  sun.nio.cs.ext.IBM1112
3465:             1             24  sun.nio.cs.ext.IBM1122
3466:             1             24  sun.nio.cs.ext.IBM1123
3467:             1             24  sun.nio.cs.ext.IBM1124
3468:             1             24  sun.nio.cs.ext.IBM1140
3469:             1             24  sun.nio.cs.ext.IBM1141
3470:             1             24  sun.nio.cs.ext.IBM1142
3471:             1             24  sun.nio.cs.ext.IBM1143
3472:             1             24  sun.nio.cs.ext.IBM1144
3473:             1             24  sun.nio.cs.ext.IBM1145
3474:             1             24  sun.nio.cs.ext.IBM1146
3475:             1             24  sun.nio.cs.ext.IBM1147
3476:             1             24  sun.nio.cs.ext.IBM1148
3477:             1             24  sun.nio.cs.ext.IBM1149
3478:             1             24  sun.nio.cs.ext.IBM1166
3479:             1             24  sun.nio.cs.ext.IBM1364
3480:             1             24  sun.nio.cs.ext.IBM1381
3481:             1             24  sun.nio.cs.ext.IBM1383
3482:             1             24  sun.nio.cs.ext.IBM273
3483:             1             24  sun.nio.cs.ext.IBM277
3484:             1             24  sun.nio.cs.ext.IBM278
3485:             1             24  sun.nio.cs.ext.IBM280
3486:             1             24  sun.nio.cs.ext.IBM284
3487:             1             24  sun.nio.cs.ext.IBM285
3488:             1             24  sun.nio.cs.ext.IBM290
3489:             1             24  sun.nio.cs.ext.IBM297
3490:             1             24  sun.nio.cs.ext.IBM300
3491:             1             24  sun.nio.cs.ext.IBM33722
3492:             1             24  sun.nio.cs.ext.IBM420
3493:             1             24  sun.nio.cs.ext.IBM424
3494:             1             24  sun.nio.cs.ext.IBM500
3495:             1             24  sun.nio.cs.ext.IBM833
3496:             1             24  sun.nio.cs.ext.IBM834
3497:             1             24  sun.nio.cs.ext.IBM838
3498:             1             24  sun.nio.cs.ext.IBM856
3499:             1             24  sun.nio.cs.ext.IBM860
3500:             1             24  sun.nio.cs.ext.IBM861
3501:             1             24  sun.nio.cs.ext.IBM863
3502:             1             24  sun.nio.cs.ext.IBM864
3503:             1             24  sun.nio.cs.ext.IBM865
3504:             1             24  sun.nio.cs.ext.IBM868
3505:             1             24  sun.nio.cs.ext.IBM869
3506:             1             24  sun.nio.cs.ext.IBM870
3507:             1             24  sun.nio.cs.ext.IBM871
3508:             1             24  sun.nio.cs.ext.IBM875
3509:             1             24  sun.nio.cs.ext.IBM918
3510:             1             24  sun.nio.cs.ext.IBM921
3511:             1             24  sun.nio.cs.ext.IBM922
3512:             1             24  sun.nio.cs.ext.IBM930
3513:             1             24  sun.nio.cs.ext.IBM933
3514:             1             24  sun.nio.cs.ext.IBM935
3515:             1             24  sun.nio.cs.ext.IBM937
3516:             1             24  sun.nio.cs.ext.IBM939
3517:             1             24  sun.nio.cs.ext.IBM942
3518:             1             24  sun.nio.cs.ext.IBM942C
3519:             1             24  sun.nio.cs.ext.IBM943
3520:             1             24  sun.nio.cs.ext.IBM943C
3521:             1             24  sun.nio.cs.ext.IBM948
3522:             1             24  sun.nio.cs.ext.IBM949
3523:             1             24  sun.nio.cs.ext.IBM949C
3524:             1             24  sun.nio.cs.ext.IBM950
3525:             1             24  sun.nio.cs.ext.IBM964
3526:             1             24  sun.nio.cs.ext.IBM970
3527:             1             24  sun.nio.cs.ext.ISCII91
3528:             1             24  sun.nio.cs.ext.ISO2022_CN
3529:             1             24  sun.nio.cs.ext.ISO2022_CN_CNS
3530:             1             24  sun.nio.cs.ext.ISO2022_CN_GB
3531:             1             24  sun.nio.cs.ext.ISO2022_JP
3532:             1             24  sun.nio.cs.ext.ISO2022_JP_2
3533:             1             24  sun.nio.cs.ext.ISO2022_KR
3534:             1             24  sun.nio.cs.ext.ISO_8859_11
3535:             1             24  sun.nio.cs.ext.ISO_8859_3
3536:             1             24  sun.nio.cs.ext.ISO_8859_6
3537:             1             24  sun.nio.cs.ext.ISO_8859_8
3538:             1             24  sun.nio.cs.ext.JISAutoDetect
3539:             1             24  sun.nio.cs.ext.JIS_X_0201
3540:             1             24  sun.nio.cs.ext.JIS_X_0208
3541:             1             24  sun.nio.cs.ext.JIS_X_0212
3542:             1             24  sun.nio.cs.ext.Johab
3543:             1             24  sun.nio.cs.ext.MS1255
3544:             1             24  sun.nio.cs.ext.MS1256
3545:             1             24  sun.nio.cs.ext.MS1258
3546:             1             24  sun.nio.cs.ext.MS50220
3547:             1             24  sun.nio.cs.ext.MS50221
3548:             1             24  sun.nio.cs.ext.MS874
3549:             1             24  sun.nio.cs.ext.MS932
3550:             1             24  sun.nio.cs.ext.MS932_0213
3551:             1             24  sun.nio.cs.ext.MS936
3552:             1             24  sun.nio.cs.ext.MS949
3553:             1             24  sun.nio.cs.ext.MS950
3554:             1             24  sun.nio.cs.ext.MS950_HKSCS
3555:             1             24  sun.nio.cs.ext.MS950_HKSCS_XP
3556:             1             24  sun.nio.cs.ext.MSISO2022JP
3557:             1             24  sun.nio.cs.ext.MacArabic
3558:             1             24  sun.nio.cs.ext.MacCentralEurope
3559:             1             24  sun.nio.cs.ext.MacCroatian
3560:             1             24  sun.nio.cs.ext.MacCyrillic
3561:             1             24  sun.nio.cs.ext.MacDingbat
3562:             1             24  sun.nio.cs.ext.MacGreek
3563:             1             24  sun.nio.cs.ext.MacHebrew
3564:             1             24  sun.nio.cs.ext.MacIceland
3565:             1             24  sun.nio.cs.ext.MacRoman
3566:             1             24  sun.nio.cs.ext.MacRomania
3567:             1             24  sun.nio.cs.ext.MacSymbol
3568:             1             24  sun.nio.cs.ext.MacThai
3569:             1             24  sun.nio.cs.ext.MacTurkish
3570:             1             24  sun.nio.cs.ext.MacUkraine
3571:             1             24  sun.nio.cs.ext.PCK
3572:             1             24  sun.nio.cs.ext.SJIS
3573:             1             24  sun.nio.cs.ext.SJIS_0213
3574:             1             24  sun.nio.cs.ext.TIS_620
3575:             1             24  sun.nio.fs.WindowsSecurityDescriptor
3576:             1             24  sun.reflect.annotation.TypeAnnotation$LocationInfo
3577:             1             24  sun.rmi.runtime.RuntimeUtil$1
3578:             1             24  sun.rmi.transport.DGCImpl
3579:             1             24  sun.rmi.transport.SequenceEntry
3580:             1             24  sun.security.action.GetPropertyAction
3581:             1             24  sun.security.ssl.AppInputStream
3582:             1             24  sun.security.ssl.AppOutputStream
3583:             1             24  sun.security.ssl.MAC
3584:             1             24  sun.security.ssl.SupportedEllipticPointFormatsExtension
3585:             1             24  sun.security.validator.EndEntityChecker
3586:             1             24  sun.security.x509.Extension
3587:             1             24  sun.util.locale.BaseLocale$Cache
3588:             1             24  sun.util.locale.provider.BreakIteratorProviderImpl
3589:             1             24  sun.util.locale.provider.CalendarDataProviderImpl
3590:             1             24  sun.util.locale.provider.CalendarNameProviderImpl
3591:             1             24  sun.util.locale.provider.CalendarProviderImpl
3592:             1             24  sun.util.locale.provider.CurrencyNameProviderImpl
3593:             1             24  sun.util.locale.provider.DateFormatSymbolsProviderImpl
3594:             1             24  sun.util.locale.provider.DecimalFormatSymbolsProviderImpl
3595:             1             24  sun.util.locale.provider.NumberFormatProviderImpl
3596:             1             24  sun.util.locale.provider.TimeZoneNameProviderImpl
3597:             1             24  sun.util.logging.PlatformLogger
3598:             1             24  sun.util.logging.PlatformLogger$JavaLoggerProxy
3599:             1             16  [Lch.qos.logback.core.filter.Filter;
3600:             1             16  [Lcom.alibaba.fastjson.serializer.SerializeFilter;
3601:             1             16  [Lcom.fasterxml.classmate.members.RawConstructor;
3602:             1             16  [Lcom.fasterxml.classmate.members.RawField;
3603:             1             16  [Lcom.fasterxml.classmate.members.RawMethod;
3604:             1             16  [Lcom.fasterxml.jackson.databind.AbstractTypeResolver;
3605:             1             16  [Lcom.fasterxml.jackson.databind.deser.BeanDeserializerModifier;
3606:             1             16  [Lcom.fasterxml.jackson.databind.ser.BeanSerializerModifier;
3607:             1             16  [Lcom.fasterxml.jackson.databind.util.ClassUtil$Ctor;
3608:             1             16  [Lcom.zeroturnaround.javarebel.bny;
3609:             1             16  [Ljava.beans.EventSetDescriptor;
3610:             1             16  [Ljava.lang.Double;
3611:             1             16  [Ljava.lang.Float;
3612:             1             16  [Ljava.lang.reflect.AnnotatedType;
3613:             1             16  [Ljava.nio.file.attribute.FileAttribute;
3614:             1             16  [Ljava.security.Provider;
3615:             1             16  [Ljava.text.FieldPosition;
3616:             1             16  [Ljava.time.LocalDateTime;
3617:             1             16  [Ljava.time.zone.ZoneOffsetTransitionRule;
3618:             1             16  [Ljava.util.logging.Handler;
3619:             1             16  [Lorg.apache.catalina.core.DefaultInstanceManager$AnnotationCacheEntry;
3620:             1             16  [Lorg.apache.catalina.servlets.DefaultServlet$CompressionFormat;
3621:             1             16  [Lorg.apache.tomcat.util.descriptor.web.ApplicationParameter;
3622:             1             16  [Lorg.apache.tomcat.util.descriptor.web.SecurityConstraint;
3623:             1             16  [Lorg.springframework.aop.Advisor;
3624:             1             16  [Lorg.springframework.web.context.request.async.CallableProcessingInterceptor;
3625:             1             16  [Lorg.springframework.web.context.request.async.DeferredResultProcessingInterceptor;
3626:             1             16  [Lorg.zeroturnaround.javarebel.Resource;
3627:             1             16  [Lsun.instrument.TransformerManager$TransformerInfo;
3628:             1             16  [Lsun.reflect.annotation.TypeAnnotation$LocationInfo$Location;
3629:             1             16  ch.qos.logback.classic.pattern.EnsureExceptionHandling
3630:             1             16  ch.qos.logback.classic.pattern.TargetLengthBasedClassNameAbbreviator
3631:             1             16  ch.qos.logback.classic.selector.DefaultContextSelector
3632:             1             16  ch.qos.logback.classic.util.ContextInitializer
3633:             1             16  ch.qos.logback.core.LifeCycleManager
3634:             1             16  ch.qos.logback.core.joran.spi.ConsoleTarget$1
3635:             1             16  ch.qos.logback.core.joran.spi.ConsoleTarget$2
3636:             1             16  ch.qos.logback.core.spi.AppenderAttachableImpl
3637:             1             16  ch.qos.logback.core.spi.FilterAttachableImpl
3638:             1             16  com.alibaba.fastjson.parser.deserializer.JavaObjectDeserializer
3639:             1             16  com.alibaba.fastjson.parser.deserializer.MapDeserializer
3640:             1             16  com.alibaba.fastjson.parser.deserializer.NumberDeserializer
3641:             1             16  com.alibaba.fastjson.parser.deserializer.StackTraceElementDeserializer
3642:             1             16  com.alibaba.fastjson.parser.deserializer.TimeDeserializer
3643:             1             16  com.alibaba.fastjson.serializer.AppendableSerializer
3644:             1             16  com.alibaba.fastjson.serializer.AtomicCodec
3645:             1             16  com.alibaba.fastjson.serializer.BigDecimalCodec
3646:             1             16  com.alibaba.fastjson.serializer.BigIntegerCodec
3647:             1             16  com.alibaba.fastjson.serializer.BooleanCodec
3648:             1             16  com.alibaba.fastjson.serializer.CalendarCodec
3649:             1             16  com.alibaba.fastjson.serializer.CharArrayCodec
3650:             1             16  com.alibaba.fastjson.serializer.CharacterCodec
3651:             1             16  com.alibaba.fastjson.serializer.CollectionCodec
3652:             1             16  com.alibaba.fastjson.serializer.DateCodec
3653:             1             16  com.alibaba.fastjson.serializer.DoubleSerializer
3654:             1             16  com.alibaba.fastjson.serializer.FloatCodec
3655:             1             16  com.alibaba.fastjson.serializer.IntegerCodec
3656:             1             16  com.alibaba.fastjson.serializer.LongCodec
3657:             1             16  com.alibaba.fastjson.serializer.ObjectArrayCodec
3658:             1             16  com.alibaba.fastjson.serializer.PrimitiveArraySerializer
3659:             1             16  com.alibaba.fastjson.serializer.ReferenceCodec
3660:             1             16  com.alibaba.fastjson.serializer.StringCodec
3661:             1             16  com.alibaba.fastjson.serializer.ToStringSerializer
3662:             1             16  com.alibaba.fastjson.support.spring.FastJsonViewResponseBodyAdvice
3663:             1             16  com.alibaba.fastjson.support.spring.FastJsonpResponseBodyAdvice
3664:             1             16  com.alibaba.fastjson.support.spring.JSONPResponseBodyAdvice
3665:             1             16  com.fasterxml.classmate.TypeResolver
3666:             1             16  com.fasterxml.jackson.core.util.DefaultPrettyPrinter$FixedSpaceIndenter
3667:             1             16  com.fasterxml.jackson.core.util.DefaultPrettyPrinter$NopIndenter
3668:             1             16  com.fasterxml.jackson.databind.deser.std.StdKeyDeserializers
3669:             1             16  com.fasterxml.jackson.databind.deser.std.StringDeserializer
3670:             1             16  com.fasterxml.jackson.databind.ext.Java7SupportImpl
3671:             1             16  com.fasterxml.jackson.databind.ext.OptionalHandlerFactory
3672:             1             16  com.fasterxml.jackson.databind.introspect.AnnotationCollector$EmptyCollector
3673:             1             16  com.fasterxml.jackson.databind.introspect.AnnotationCollector$NoAnnotations
3674:             1             16  com.fasterxml.jackson.databind.introspect.NopAnnotationIntrospector$1
3675:             1             16  com.fasterxml.jackson.databind.ser.impl.UnknownSerializer
3676:             1             16  com.fasterxml.jackson.databind.ser.std.NullSerializer
3677:             1             16  com.fasterxml.jackson.databind.ser.std.StdKeySerializer
3678:             1             16  com.fasterxml.jackson.databind.ser.std.StdKeySerializers$StringKeySerializer
3679:             1             16  com.fasterxml.jackson.databind.ser.std.StringSerializer
3680:             1             16  com.fasterxml.jackson.databind.ser.std.UUIDSerializer
3681:             1             16  com.fasterxml.jackson.datatype.jsr310.deser.DurationDeserializer
3682:             1             16  com.fasterxml.jackson.datatype.jsr310.deser.InstantDeserializer$$Lambda$115/1568667802
3683:             1             16  com.fasterxml.jackson.datatype.jsr310.deser.InstantDeserializer$$Lambda$118/645486081
3684:             1             16  com.fasterxml.jackson.datatype.jsr310.deser.InstantDeserializer$$Lambda$119/496965756
3685:             1             16  com.fasterxml.jackson.datatype.jsr310.deser.InstantDeserializer$$Lambda$120/1071072905
3686:             1             16  com.fasterxml.jackson.datatype.jsr310.deser.InstantDeserializer$$Lambda$121/1517221367
3687:             1             16  com.fasterxml.jackson.datatype.jsr310.deser.InstantDeserializer$$Lambda$122/1567177744
3688:             1             16  com.fasterxml.jackson.datatype.jsr310.deser.InstantDeserializer$$Lambda$123/1166456511
3689:             1             16  com.fasterxml.jackson.datatype.jsr310.deser.InstantDeserializer$$Lambda$124/1080050568
3690:             1             16  com.fasterxml.jackson.datatype.jsr310.deser.InstantDeserializer$$Lambda$125/1837946686
3691:             1             16  com.fasterxml.jackson.datatype.jsr310.deser.InstantDeserializer$$Lambda$126/2031222563
3692:             1             16  com.fasterxml.jackson.datatype.jsr310.deser.InstantDeserializer$$Lambda$127/164797936
3693:             1             16  com.fasterxml.jackson.datatype.jsr310.deser.InstantDeserializer$$Lambda$128/1265427265
3694:             1             16  com.fasterxml.jackson.datatype.jsr310.deser.key.DurationKeyDeserializer
3695:             1             16  com.fasterxml.jackson.datatype.jsr310.deser.key.InstantKeyDeserializer
3696:             1             16  com.fasterxml.jackson.datatype.jsr310.deser.key.LocalDateKeyDeserializer
3697:             1             16  com.fasterxml.jackson.datatype.jsr310.deser.key.LocalDateTimeKeyDeserializer
3698:             1             16  com.fasterxml.jackson.datatype.jsr310.deser.key.LocalTimeKeyDeserializer
3699:             1             16  com.fasterxml.jackson.datatype.jsr310.deser.key.MonthDayKeyDeserializer
3700:             1             16  com.fasterxml.jackson.datatype.jsr310.deser.key.OffsetDateTimeKeyDeserializer
3701:             1             16  com.fasterxml.jackson.datatype.jsr310.deser.key.OffsetTimeKeyDeserializer
3702:             1             16  com.fasterxml.jackson.datatype.jsr310.deser.key.PeriodKeyDeserializer
3703:             1             16  com.fasterxml.jackson.datatype.jsr310.deser.key.YearKeyDeserializer
3704:             1             16  com.fasterxml.jackson.datatype.jsr310.deser.key.YearMothKeyDeserializer
3705:             1             16  com.fasterxml.jackson.datatype.jsr310.deser.key.ZoneIdKeyDeserializer
3706:             1             16  com.fasterxml.jackson.datatype.jsr310.deser.key.ZoneOffsetKeyDeserializer
3707:             1             16  com.fasterxml.jackson.datatype.jsr310.deser.key.ZonedDateTimeKeyDeserializer
3708:             1             16  com.fasterxml.jackson.datatype.jsr310.ser.InstantSerializer$$Lambda$130/1502019690
3709:             1             16  com.fasterxml.jackson.datatype.jsr310.ser.InstantSerializer$$Lambda$131/1494661298
3710:             1             16  com.fasterxml.jackson.datatype.jsr310.ser.InstantSerializer$$Lambda$132/1209591472
3711:             1             16  com.fasterxml.jackson.datatype.jsr310.ser.OffsetDateTimeSerializer$$Lambda$133/381118726
3712:             1             16  com.fasterxml.jackson.datatype.jsr310.ser.OffsetDateTimeSerializer$$Lambda$134/968862427
3713:             1             16  com.fasterxml.jackson.datatype.jsr310.ser.OffsetDateTimeSerializer$$Lambda$135/190256056
3714:             1             16  com.fasterxml.jackson.datatype.jsr310.ser.ZonedDateTimeSerializer$$Lambda$136/998099417
3715:             1             16  com.fasterxml.jackson.datatype.jsr310.ser.ZonedDateTimeSerializer$$Lambda$137/873468021
3716:             1             16  com.fasterxml.jackson.datatype.jsr310.ser.ZonedDateTimeSerializer$$Lambda$138/688582491
3717:             1             16  com.fasterxml.jackson.datatype.jsr310.ser.key.ZonedDateTimeKeySerializer
3718:             1             16  com.fasterxml.jackson.module.paramnames.ParameterExtractor
3719:             1             16  com.intellij.openapi.util.io.win32.IdeaWin32
3720:             1             16  com.mysql.cj.jdbc.AbandonedConnectionCleanupThread
3721:             1             16  com.mysql.cj.jdbc.AbandonedConnectionCleanupThread$1
3722:             1             16  com.mysql.cj.jdbc.Driver
3723:             1             16  com.sun.jmx.interceptor.DefaultMBeanServerInterceptor$ResourceContext$1
3724:             1             16  com.sun.jmx.mbeanserver.DefaultMXBeanMappingFactory
3725:             1             16  com.sun.jmx.mbeanserver.DescriptorCache
3726:             1             16  com.sun.jmx.mbeanserver.MBeanAnalyzer$MethodOrder
3727:             1             16  com.sun.jmx.mbeanserver.MBeanInstantiator
3728:             1             16  com.sun.jmx.mbeanserver.MXBeanIntrospector
3729:             1             16  com.sun.jmx.mbeanserver.SecureClassLoaderRepository
3730:             1             16  com.sun.jmx.mbeanserver.StandardMBeanIntrospector
3731:             1             16  com.sun.jmx.remote.protocol.iiop.IIOPProxyImpl
3732:             1             16  com.sun.naming.internal.VersionHelper12
3733:             1             16  com.sun.org.apache.xalan.internal.utils.SecuritySupport
3734:             1             16  com.sun.org.apache.xerces.internal.impl.dv.dtd.DTDDVFactoryImpl
3735:             1             16  com.sun.org.apache.xerces.internal.impl.dv.dtd.IDDatatypeValidator
3736:             1             16  com.sun.org.apache.xerces.internal.impl.dv.dtd.IDREFDatatypeValidator
3737:             1             16  com.sun.org.apache.xerces.internal.impl.dv.dtd.NMTOKENDatatypeValidator
3738:             1             16  com.sun.org.apache.xerces.internal.impl.dv.dtd.NOTATIONDatatypeValidator
3739:             1             16  com.sun.org.apache.xerces.internal.impl.dv.dtd.StringDatatypeValidator
3740:             1             16  com.sun.org.apache.xerces.internal.parsers.AbstractSAXParser$AttributesProxy
3741:             1             16  com.sun.org.apache.xerces.internal.util.EntityResolver2Wrapper
3742:             1             16  com.sun.org.apache.xerces.internal.util.ErrorHandlerWrapper
3743:             1             16  com.sun.org.apache.xerces.internal.utils.SecuritySupport
3744:             1             16  com.sun.proxy.$Proxy12
3745:             1             16  com.sun.proxy.$Proxy13
3746:             1             16  com.sun.proxy.$Proxy17
3747:             1             16  com.sun.proxy.$Proxy18
3748:             1             16  com.sun.proxy.$Proxy20
3749:             1             16  com.sun.proxy.$Proxy23
3750:             1             16  com.sun.proxy.$Proxy29
3751:             1             16  com.sun.proxy.$Proxy45
3752:             1             16  com.sun.proxy.$Proxy48
3753:             1             16  com.sun.proxy.$Proxy53
3754:             1             16  com.sysmin.controller.IndexController
3755:             1             16  com.sysmin.controller.jvm.JvmHandlerController$$Lambda$469/878876737
3756:             1             16  com.sysmin.core.jvm.service.impl.JinfoImpl
3757:             1             16  com.sysmin.core.jvm.service.impl.JmapImpl
3758:             1             16  com.sysmin.core.jvm.service.impl.JpsImpl
3759:             1             16  com.sysmin.core.jvm.service.impl.JpsImpl$$M$_jr_2EAFFFDEFB8067EE_4
3760:             1             16  com.sysmin.core.jvm.service.impl.JstackImpl
3761:             1             16  com.sysmin.core.linux.defult.service.impl.BaseImpl
3762:             1             16  com.sysmin.core.linux.defult.service.impl.ShImpl
3763:             1             16  com.sysmin.core.linux.net.service.impl.NetInfoImpl
3764:             1             16  com.sysmin.core.linux.process.service.impl.ProcessImpl
3765:             1             16  com.sysmin.core.linux.service.service.impl.ServiceImpl
3766:             1             16  com.sysmin.core.system.service.impl.DiskImpl
3767:             1             16  com.sysmin.core.system.service.impl.UpTimeImpl
3768:             1             16  com.zeroturnaround.javarebel.SDKReloaderImpl
3769:             1             16  com.zeroturnaround.javarebel.aav
3770:             1             16  com.zeroturnaround.javarebel.abd
3771:             1             16  com.zeroturnaround.javarebel.abv
3772:             1             16  com.zeroturnaround.javarebel.acj
3773:             1             16  com.zeroturnaround.javarebel.adb
3774:             1             16  com.zeroturnaround.javarebel.adj
3775:             1             16  com.zeroturnaround.javarebel.agn
3776:             1             16  com.zeroturnaround.javarebel.agx
3777:             1             16  com.zeroturnaround.javarebel.ai
3778:             1             16  com.zeroturnaround.javarebel.ak
3779:             1             16  com.zeroturnaround.javarebel.aq
3780:             1             16  com.zeroturnaround.javarebel.ar
3781:             1             16  com.zeroturnaround.javarebel.as
3782:             1             16  com.zeroturnaround.javarebel.aspectj.AspectJPlugin
3783:             1             16  com.zeroturnaround.javarebel.bl
3784:             1             16  com.zeroturnaround.javarebel.bn
3785:             1             16  com.zeroturnaround.javarebel.bo
3786:             1             16  com.zeroturnaround.javarebel.bq
3787:             1             16  com.zeroturnaround.javarebel.bsz
3788:             1             16  com.zeroturnaround.javarebel.bwu
3789:             1             16  com.zeroturnaround.javarebel.bww
3790:             1             16  com.zeroturnaround.javarebel.bwx
3791:             1             16  com.zeroturnaround.javarebel.bx
3792:             1             16  com.zeroturnaround.javarebel.bxh
3793:             1             16  com.zeroturnaround.javarebel.bxr
3794:             1             16  com.zeroturnaround.javarebel.byz
3795:             1             16  com.zeroturnaround.javarebel.bzc
3796:             1             16  com.zeroturnaround.javarebel.bze
3797:             1             16  com.zeroturnaround.javarebel.cbh
3798:             1             16  com.zeroturnaround.javarebel.cbm
3799:             1             16  com.zeroturnaround.javarebel.cbr
3800:             1             16  com.zeroturnaround.javarebel.cdd
3801:             1             16  com.zeroturnaround.javarebel.cdo
3802:             1             16  com.zeroturnaround.javarebel.ceq
3803:             1             16  com.zeroturnaround.javarebel.cf
3804:             1             16  com.zeroturnaround.javarebel.cfl
3805:             1             16  com.zeroturnaround.javarebel.cfn
3806:             1             16  com.zeroturnaround.javarebel.cfo
3807:             1             16  com.zeroturnaround.javarebel.cfp
3808:             1             16  com.zeroturnaround.javarebel.cfq
3809:             1             16  com.zeroturnaround.javarebel.cgo
3810:             1             16  com.zeroturnaround.javarebel.cgp
3811:             1             16  com.zeroturnaround.javarebel.cgq
3812:             1             16  com.zeroturnaround.javarebel.cgr
3813:             1             16  com.zeroturnaround.javarebel.cgu
3814:             1             16  com.zeroturnaround.javarebel.cgy
3815:             1             16  com.zeroturnaround.javarebel.cgz
3816:             1             16  com.zeroturnaround.javarebel.chl
3817:             1             16  com.zeroturnaround.javarebel.ck
3818:             1             16  com.zeroturnaround.javarebel.cn
3819:             1             16  com.zeroturnaround.javarebel.cpa
3820:             1             16  com.zeroturnaround.javarebel.cq
3821:             1             16  com.zeroturnaround.javarebel.ct
3822:             1             16  com.zeroturnaround.javarebel.cu
3823:             1             16  com.zeroturnaround.javarebel.cv
3824:             1             16  com.zeroturnaround.javarebel.cw
3825:             1             16  com.zeroturnaround.javarebel.cx
3826:             1             16  com.zeroturnaround.javarebel.cy
3827:             1             16  com.zeroturnaround.javarebel.cz
3828:             1             16  com.zeroturnaround.javarebel.da
3829:             1             16  com.zeroturnaround.javarebel.db
3830:             1             16  com.zeroturnaround.javarebel.dc
3831:             1             16  com.zeroturnaround.javarebel.de
3832:             1             16  com.zeroturnaround.javarebel.dk
3833:             1             16  com.zeroturnaround.javarebel.dm
3834:             1             16  com.zeroturnaround.javarebel.dn
3835:             1             16  com.zeroturnaround.javarebel.dq
3836:             1             16  com.zeroturnaround.javarebel.du
3837:             1             16  com.zeroturnaround.javarebel.dv
3838:             1             16  com.zeroturnaround.javarebel.dw
3839:             1             16  com.zeroturnaround.javarebel.ea
3840:             1             16  com.zeroturnaround.javarebel.ed
3841:             1             16  com.zeroturnaround.javarebel.ee
3842:             1             16  com.zeroturnaround.javarebel.ef
3843:             1             16  com.zeroturnaround.javarebel.eh
3844:             1             16  com.zeroturnaround.javarebel.ek
3845:             1             16  com.zeroturnaround.javarebel.em
3846:             1             16  com.zeroturnaround.javarebel.en
3847:             1             16  com.zeroturnaround.javarebel.er
3848:             1             16  com.zeroturnaround.javarebel.et
3849:             1             16  com.zeroturnaround.javarebel.ev
3850:             1             16  com.zeroturnaround.javarebel.fa
3851:             1             16  com.zeroturnaround.javarebel.fcb
3852:             1             16  com.zeroturnaround.javarebel.fcs
3853:             1             16  com.zeroturnaround.javarebel.fn
3854:             1             16  com.zeroturnaround.javarebel.ft
3855:             1             16  com.zeroturnaround.javarebel.ggf
3856:             1             16  com.zeroturnaround.javarebel.ghh
3857:             1             16  com.zeroturnaround.javarebel.ghi
3858:             1             16  com.zeroturnaround.javarebel.ghr
3859:             1             16  com.zeroturnaround.javarebel.ghs
3860:             1             16  com.zeroturnaround.javarebel.gkx
3861:             1             16  com.zeroturnaround.javarebel.gkz
3862:             1             16  com.zeroturnaround.javarebel.gld
3863:             1             16  com.zeroturnaround.javarebel.gle
3864:             1             16  com.zeroturnaround.javarebel.glf
3865:             1             16  com.zeroturnaround.javarebel.glg
3866:             1             16  com.zeroturnaround.javarebel.glh
3867:             1             16  com.zeroturnaround.javarebel.glk
3868:             1             16  com.zeroturnaround.javarebel.gln
3869:             1             16  com.zeroturnaround.javarebel.glx
3870:             1             16  com.zeroturnaround.javarebel.gpv
3871:             1             16  com.zeroturnaround.javarebel.gpw
3872:             1             16  com.zeroturnaround.javarebel.gpx
3873:             1             16  com.zeroturnaround.javarebel.gpy
3874:             1             16  com.zeroturnaround.javarebel.gpz
3875:             1             16  com.zeroturnaround.javarebel.gqa
3876:             1             16  com.zeroturnaround.javarebel.gqb
3877:             1             16  com.zeroturnaround.javarebel.gqh
3878:             1             16  com.zeroturnaround.javarebel.gqi
3879:             1             16  com.zeroturnaround.javarebel.gqj
3880:             1             16  com.zeroturnaround.javarebel.gqk
3881:             1             16  com.zeroturnaround.javarebel.gqm
3882:             1             16  com.zeroturnaround.javarebel.gqo
3883:             1             16  com.zeroturnaround.javarebel.gqp
3884:             1             16  com.zeroturnaround.javarebel.gqq
3885:             1             16  com.zeroturnaround.javarebel.gqs
3886:             1             16  com.zeroturnaround.javarebel.gqv
3887:             1             16  com.zeroturnaround.javarebel.gqx
3888:             1             16  com.zeroturnaround.javarebel.gqy
3889:             1             16  com.zeroturnaround.javarebel.gqz
3890:             1             16  com.zeroturnaround.javarebel.gra
3891:             1             16  com.zeroturnaround.javarebel.grb
3892:             1             16  com.zeroturnaround.javarebel.grc
3893:             1             16  com.zeroturnaround.javarebel.grd
3894:             1             16  com.zeroturnaround.javarebel.grg
3895:             1             16  com.zeroturnaround.javarebel.grk
3896:             1             16  com.zeroturnaround.javarebel.grn
3897:             1             16  com.zeroturnaround.javarebel.grp
3898:             1             16  com.zeroturnaround.javarebel.grr
3899:             1             16  com.zeroturnaround.javarebel.grs
3900:             1             16  com.zeroturnaround.javarebel.grv
3901:             1             16  com.zeroturnaround.javarebel.gtj
3902:             1             16  com.zeroturnaround.javarebel.gtk
3903:             1             16  com.zeroturnaround.javarebel.gtz
3904:             1             16  com.zeroturnaround.javarebel.gub
3905:             1             16  com.zeroturnaround.javarebel.guice.GuicePlugin
3906:             1             16  com.zeroturnaround.javarebel.gye
3907:             1             16  com.zeroturnaround.javarebel.gyg
3908:             1             16  com.zeroturnaround.javarebel.gyh
3909:             1             16  com.zeroturnaround.javarebel.gyk
3910:             1             16  com.zeroturnaround.javarebel.had
3911:             1             16  com.zeroturnaround.javarebel.hn
3912:             1             16  com.zeroturnaround.javarebel.ho
3913:             1             16  com.zeroturnaround.javarebel.hu
3914:             1             16  com.zeroturnaround.javarebel.hv
3915:             1             16  com.zeroturnaround.javarebel.hw
3916:             1             16  com.zeroturnaround.javarebel.ih
3917:             1             16  com.zeroturnaround.javarebel.ii
3918:             1             16  com.zeroturnaround.javarebel.ij
3919:             1             16  com.zeroturnaround.javarebel.ik
3920:             1             16  com.zeroturnaround.javarebel.il
3921:             1             16  com.zeroturnaround.javarebel.internalsdk.ClassBytecodeProcessorIntegrationImpl
3922:             1             16  com.zeroturnaround.javarebel.internalsdk.PluginIntegrationImpl
3923:             1             16  com.zeroturnaround.javarebel.internalsdk.ServletContextIntegrationImpl
3924:             1             16  com.zeroturnaround.javarebel.iu
3925:             1             16  com.zeroturnaround.javarebel.ix
3926:             1             16  com.zeroturnaround.javarebel.iz
3927:             1             16  com.zeroturnaround.javarebel.jf
3928:             1             16  com.zeroturnaround.javarebel.ji
3929:             1             16  com.zeroturnaround.javarebel.jl
3930:             1             16  com.zeroturnaround.javarebel.jn
3931:             1             16  com.zeroturnaround.javarebel.jo
3932:             1             16  com.zeroturnaround.javarebel.js
3933:             1             16  com.zeroturnaround.javarebel.jt
3934:             1             16  com.zeroturnaround.javarebel.kh
3935:             1             16  com.zeroturnaround.javarebel.ll
3936:             1             16  com.zeroturnaround.javarebel.mi
3937:             1             16  com.zeroturnaround.javarebel.ms
3938:             1             16  com.zeroturnaround.javarebel.mu
3939:             1             16  com.zeroturnaround.javarebel.mx
3940:             1             16  com.zeroturnaround.javarebel.n
3941:             1             16  com.zeroturnaround.javarebel.nk
3942:             1             16  com.zeroturnaround.javarebel.nl
3943:             1             16  com.zeroturnaround.javarebel.nm
3944:             1             16  com.zeroturnaround.javarebel.os
3945:             1             16  com.zeroturnaround.javarebel.ot
3946:             1             16  com.zeroturnaround.javarebel.pc
3947:             1             16  com.zeroturnaround.javarebel.pf
3948:             1             16  com.zeroturnaround.javarebel.pj
3949:             1             16  com.zeroturnaround.javarebel.pn
3950:             1             16  com.zeroturnaround.javarebel.pz
3951:             1             16  com.zeroturnaround.javarebel.rn
3952:             1             16  com.zeroturnaround.javarebel.tg
3953:             1             16  com.zeroturnaround.javarebel.th
3954:             1             16  com.zeroturnaround.javarebel.tk
3955:             1             16  com.zeroturnaround.javarebel.tl
3956:             1             16  com.zeroturnaround.javarebel.ud
3957:             1             16  com.zeroturnaround.javarebel.us
3958:             1             16  com.zeroturnaround.javarebel.uz
3959:             1             16  com.zeroturnaround.javarebel.vc
3960:             1             16  com.zeroturnaround.javarebel.vd
3961:             1             16  com.zeroturnaround.javarebel.ve
3962:             1             16  com.zeroturnaround.javarebel.vp
3963:             1             16  com.zeroturnaround.javarebel.vq
3964:             1             16  com.zeroturnaround.javarebel.vr
3965:             1             16  com.zeroturnaround.javarebel.w
3966:             1             16  com.zeroturnaround.javarebel.wc
3967:             1             16  com.zeroturnaround.javarebel.wh
3968:             1             16  com.zeroturnaround.javarebel.wm
3969:             1             16  com.zeroturnaround.javarebel.wn
3970:             1             16  com.zeroturnaround.javarebel.wo
3971:             1             16  com.zeroturnaround.javarebel.wp
3972:             1             16  com.zeroturnaround.javarebel.wr
3973:             1             16  com.zeroturnaround.javarebel.wt
3974:             1             16  com.zeroturnaround.javarebel.wv
3975:             1             16  com.zeroturnaround.javarebel.wy
3976:             1             16  com.zeroturnaround.javarebel.wz
3977:             1             16  com.zeroturnaround.javarebel.xd
3978:             1             16  com.zeroturnaround.javarebel.xe
3979:             1             16  com.zeroturnaround.javarebel.xf
3980:             1             16  com.zeroturnaround.javarebel.xg
3981:             1             16  com.zeroturnaround.javarebel.xl
3982:             1             16  com.zeroturnaround.javarebel.xq
3983:             1             16  com.zeroturnaround.javarebel.xt
3984:             1             16  com.zeroturnaround.javarebel.xx
3985:             1             16  com.zeroturnaround.javarebel.yi
3986:             1             16  com.zeroturnaround.javarebel.yk
3987:             1             16  com.zeroturnaround.javarebel.zc
3988:             1             16  com.zeroturnaround.javarebel.zt
3989:             1             16  com.zeroturnaround.jrebel.bundled.org.bouncycastle.jcajce.provider.asymmetric.dsa.KeyFactorySpi
3990:             1             16  com.zeroturnaround.jrebel.bundled.org.bouncycastle.jcajce.provider.asymmetric.elgamal.KeyFactorySpi
3991:             1             16  com.zeroturnaround.jrebel.bundled.org.bouncycastle.jcajce.provider.asymmetric.gost.KeyFactorySpi
3992:             1             16  com.zeroturnaround.jrebel.bundled.org.bouncycastle.jcajce.provider.asymmetric.rsa.KeyFactorySpi
3993:             1             16  com.zeroturnaround.jrebel.bundled.org.slf4j.helpers.NOPLoggerFactory
3994:             1             16  com.zeroturnaround.jrebel.bundled.org.slf4j.helpers.SubstituteLoggerFactory
3995:             1             16  com.zeroturnaround.jrebel.bundled.org.slf4j.impl.StaticLoggerBinder
3996:             1             16  com.zeroturnaround.jrebelbase.facade.as
3997:             1             16  com.zeroturnaround.jrebelbase.facade.s
3998:             1             16  com.zeroturnaround.jrebelbase.reorder.c
3999:             1             16  com.zeroturnaround.licensing.d
4000:             1             16  com.zeroturnaround.reload.ac
4001:             1             16  com.zeroturnaround.reload.af
4002:             1             16  com.zeroturnaround.reload.al
4003:             1             16  com.zeroturnaround.reload.c
4004:             1             16  com.zeroturnaround.reload.i
4005:             1             16  com.zeroturnaround.reload.v
4006:             1             16  java.io.DeleteOnExitHook$1
4007:             1             16  java.io.FileDescriptor$1
4008:             1             16  java.io.ObjectInputStream$$Lambda$7/205494827
4009:             1             16  java.io.ObjectInputStream$1
4010:             1             16  java.lang.ApplicationShutdownHooks$1
4011:             1             16  java.lang.CharacterData00
4012:             1             16  java.lang.CharacterDataLatin1
4013:             1             16  java.lang.InheritableThreadLocal
4014:             1             16  java.lang.ProcessEnvironment$CheckedEntrySet
4015:             1             16  java.lang.ProcessEnvironment$CheckedKeySet
4016:             1             16  java.lang.ProcessEnvironment$EntryComparator
4017:             1             16  java.lang.ProcessEnvironment$NameComparator
4018:             1             16  java.lang.Runtime
4019:             1             16  java.lang.String$CaseInsensitiveComparator
4020:             1             16  java.lang.System$2
4021:             1             16  java.lang.Terminator$1
4022:             1             16  java.lang.invoke.MemberName$Factory
4023:             1             16  java.lang.invoke.MethodHandleImpl$2
4024:             1             16  java.lang.invoke.MethodHandleImpl$3
4025:             1             16  java.lang.management.PlatformComponent$1
4026:             1             16  java.lang.management.PlatformComponent$10
4027:             1             16  java.lang.management.PlatformComponent$11
4028:             1             16  java.lang.management.PlatformComponent$12
4029:             1             16  java.lang.management.PlatformComponent$13
4030:             1             16  java.lang.management.PlatformComponent$14
4031:             1             16  java.lang.management.PlatformComponent$15
4032:             1             16  java.lang.management.PlatformComponent$2
4033:             1             16  java.lang.management.PlatformComponent$3
4034:             1             16  java.lang.management.PlatformComponent$4
4035:             1             16  java.lang.management.PlatformComponent$5
4036:             1             16  java.lang.management.PlatformComponent$6
4037:             1             16  java.lang.management.PlatformComponent$7
4038:             1             16  java.lang.management.PlatformComponent$8
4039:             1             16  java.lang.management.PlatformComponent$9
4040:             1             16  java.lang.ref.Reference$1
4041:             1             16  java.lang.ref.Reference$Lock
4042:             1             16  java.lang.reflect.Proxy$KeyFactory
4043:             1             16  java.lang.reflect.Proxy$ProxyClassFactory
4044:             1             16  java.lang.reflect.ReflectAccess
4045:             1             16  java.math.BigDecimal$1
4046:             1             16  java.net.InetAddress$2
4047:             1             16  java.net.URLClassLoader$7
4048:             1             16  java.nio.Bits$1
4049:             1             16  java.nio.Bits$1$1
4050:             1             16  java.nio.charset.CoderResult$1
4051:             1             16  java.nio.charset.CoderResult$2
4052:             1             16  java.nio.file.Files$AcceptAllFilter
4053:             1             16  java.rmi.server.RMIClassLoader$2
4054:             1             16  java.rmi.server.RemoteObjectInvocationHandler$MethodToHash_Maps
4055:             1             16  java.security.AllPermission
4056:             1             16  java.security.ProtectionDomain$2
4057:             1             16  java.security.ProtectionDomain$JavaSecurityAccessImpl
4058:             1             16  java.text.DontCareFieldPosition$1
4059:             1             16  java.text.MessageFormat$Field
4060:             1             16  java.time.chrono.AbstractChronology$$Lambda$25/337289991
4061:             1             16  java.time.chrono.AbstractChronology$$Lambda$26/1875861984
4062:             1             16  java.time.chrono.AbstractChronology$$Lambda$27/1086540234
4063:             1             16  java.time.chrono.IsoChronology
4064:             1             16  java.time.format.DateTimeFormatter$$Lambda$28/1166969089
4065:             1             16  java.time.format.DateTimeFormatter$$Lambda$29/129012602
4066:             1             16  java.time.format.DateTimeFormatterBuilder$$Lambda$24/1166782206
4067:             1             16  java.time.format.DateTimeFormatterBuilder$2
4068:             1             16  java.time.format.DateTimeFormatterBuilder$InstantPrinterParser
4069:             1             16  java.time.format.DateTimeTextProvider$1
4070:             1             16  java.time.temporal.TemporalQueries$$Lambda$449/1566314202
4071:             1             16  java.time.temporal.TemporalQueries$$Lambda$450/904729801
4072:             1             16  java.time.temporal.TemporalQueries$$Lambda$451/1707416509
4073:             1             16  java.time.temporal.TemporalQueries$$Lambda$452/1078041182
4074:             1             16  java.time.temporal.TemporalQueries$$Lambda$453/259627273
4075:             1             16  java.time.temporal.TemporalQueries$$Lambda$454/1110205352
4076:             1             16  java.time.temporal.TemporalQueries$$Lambda$455/1672075530
4077:             1             16  java.util.Collections$EmptyEnumeration
4078:             1             16  java.util.Collections$EmptyIterator
4079:             1             16  java.util.Collections$EmptyList
4080:             1             16  java.util.Collections$EmptySet
4081:             1             16  java.util.Collections$ReverseComparator
4082:             1             16  java.util.Currency$CurrencyNameGetter
4083:             1             16  java.util.EnumMap$1
4084:             1             16  java.util.EnumMap$Values
4085:             1             16  java.util.IdentityHashMap$EntrySet
4086:             1             16  java.util.IdentityHashMap$Values
4087:             1             16  java.util.ResourceBundle$Control
4088:             1             16  java.util.Spliterators$EmptySpliterator$OfDouble
4089:             1             16  java.util.Spliterators$EmptySpliterator$OfInt
4090:             1             16  java.util.Spliterators$EmptySpliterator$OfLong
4091:             1             16  java.util.Spliterators$EmptySpliterator$OfRef
4092:             1             16  java.util.concurrent.ConcurrentSkipListSet
4093:             1             16  java.util.concurrent.Executors$FinalizableDelegatedExecutorService
4094:             1             16  java.util.jar.JavaUtilJarAccessImpl
4095:             1             16  java.util.logging.LoggingProxyImpl
4096:             1             16  java.util.logging.SimpleFormatter
4097:             1             16  java.util.regex.Pattern$4
4098:             1             16  java.util.regex.Pattern$CharPropertyNames$10
4099:             1             16  java.util.regex.Pattern$CharPropertyNames$11
4100:             1             16  java.util.regex.Pattern$CharPropertyNames$12
4101:             1             16  java.util.regex.Pattern$CharPropertyNames$13
4102:             1             16  java.util.regex.Pattern$CharPropertyNames$14
4103:             1             16  java.util.regex.Pattern$CharPropertyNames$15
4104:             1             16  java.util.regex.Pattern$CharPropertyNames$16
4105:             1             16  java.util.regex.Pattern$CharPropertyNames$17
4106:             1             16  java.util.regex.Pattern$CharPropertyNames$18
4107:             1             16  java.util.regex.Pattern$CharPropertyNames$19
4108:             1             16  java.util.regex.Pattern$CharPropertyNames$20
4109:             1             16  java.util.regex.Pattern$CharPropertyNames$21
4110:             1             16  java.util.regex.Pattern$CharPropertyNames$22
4111:             1             16  java.util.regex.Pattern$CharPropertyNames$23
4112:             1             16  java.util.regex.Pattern$CharPropertyNames$5
4113:             1             16  java.util.regex.Pattern$CharPropertyNames$6
4114:             1             16  java.util.regex.Pattern$CharPropertyNames$7
4115:             1             16  java.util.regex.Pattern$CharPropertyNames$8
4116:             1             16  java.util.regex.Pattern$CharPropertyNames$9
4117:             1             16  java.util.regex.Pattern$LastNode
4118:             1             16  java.util.regex.Pattern$Node
4119:             1             16  java.util.stream.Collectors$$Lambda$158/1675122956
4120:             1             16  java.util.stream.Collectors$$Lambda$159/293338808
4121:             1             16  java.util.stream.Collectors$$Lambda$35/1916575798
4122:             1             16  java.util.stream.Collectors$$Lambda$36/685558284
4123:             1             16  java.util.stream.Collectors$$Lambda$37/79782883
4124:             1             16  java.util.stream.Collectors$$Lambda$38/1250121181
4125:             1             16  java.util.stream.Collectors$$Lambda$430/1801319187
4126:             1             16  java.util.stream.Collectors$$Lambda$431/443215084
4127:             1             16  java.util.stream.Collectors$$Lambda$432/1368955671
4128:             1             16  java.util.stream.Collectors$$Lambda$59/1002535454
4129:             1             16  java.util.stream.Collectors$$Lambda$60/2056072640
4130:             1             16  java.util.stream.Collectors$$Lambda$61/882600762
4131:             1             16  java.util.stream.Collectors$$Lambda$84/311834717
4132:             1             16  java.util.stream.FindOps$$Lambda$18/1421866327
4133:             1             16  java.util.stream.FindOps$$Lambda$19/1526970878
4134:             1             16  java.util.stream.Nodes$EmptyNode$OfDouble
4135:             1             16  java.util.stream.Nodes$EmptyNode$OfInt
4136:             1             16  java.util.stream.Nodes$EmptyNode$OfLong
4137:             1             16  java.util.stream.Nodes$EmptyNode$OfRef
4138:             1             16  java.util.zip.ZipFile$1
4139:             1             16  javax.crypto.JceSecurityManager
4140:             1             16  javax.management.JMX
4141:             1             16  javax.management.MBeanServerBuilder
4142:             1             16  javax.management.NotificationBroadcasterSupport$1
4143:             1             16  javax.net.DefaultSocketFactory
4144:             1             16  javax.validation.Validation$DefaultValidationProviderResolver
4145:             1             16  javax.validation.Validation$GetValidationProviderListAction
4146:             1             16  javax.xml.parsers.SecuritySupport
4147:             1             16  javax.xml.transform.SecuritySupport
4148:             1             16  org.apache.catalina.connector.CoyoteAdapter$1
4149:             1             16  org.apache.catalina.connector.Request$1
4150:             1             16  org.apache.catalina.connector.Request$2
4151:             1             16  org.apache.catalina.connector.Request$3
4152:             1             16  org.apache.catalina.connector.Request$4
4153:             1             16  org.apache.catalina.connector.Request$5
4154:             1             16  org.apache.catalina.connector.Request$6
4155:             1             16  org.apache.catalina.connector.Request$7
4156:             1             16  org.apache.catalina.core.AprLifecycleListener
4157:             1             16  org.apache.catalina.core.ContainerBase$ContainerBackgroundProcessor
4158:             1             16  org.apache.catalina.core.StandardContext$1
4159:             1             16  org.apache.catalina.core.StandardHost$MemoryLeakTrackingListener
4160:             1             16  org.apache.catalina.mbeans.MBeanFactory
4161:             1             16  org.apache.catalina.realm.X509SubjectDnRetriever
4162:             1             16  org.apache.catalina.startup.Tomcat$FixContextListener
4163:             1             16  org.apache.catalina.util.CharsetMapper
4164:             1             16  org.apache.commons.logging.impl.NoOpLog
4165:             1             16  org.apache.el.ExpressionFactoryImpl
4166:             1             16  org.apache.juli.logging.LogFactory
4167:             1             16  org.apache.logging.log4j.message.ParameterizedNoReferenceMessageFactory
4168:             1             16  org.apache.logging.log4j.message.ReusableMessageFactory
4169:             1             16  org.apache.logging.log4j.spi.LoggerRegistry$ConcurrentMapFactory
4170:             1             16  org.apache.logging.log4j.util.LoaderUtil$ThreadContextClassLoaderGetter
4171:             1             16  org.apache.logging.log4j.util.ProviderUtil
4172:             1             16  org.apache.logging.slf4j.SLF4JLoggerContext
4173:             1             16  org.apache.logging.slf4j.SLF4JLoggerContextFactory
4174:             1             16  org.apache.tomcat.util.buf.MessageBytes$MessageBytesFactory
4175:             1             16  org.apache.tomcat.util.buf.StringCache
4176:             1             16  org.apache.tomcat.util.digester.Digester$SystemPropertySource
4177:             1             16  org.apache.tomcat.util.http.CookieProcessorBase$1
4178:             1             16  org.apache.tomcat.util.http.Rfc6265CookieProcessor
4179:             1             16  org.apache.tomcat.util.http.parser.MediaTypeCache
4180:             1             16  org.apache.tomcat.util.modeler.ManagedBean$$Lambda$144/1097037264
4181:             1             16  org.apache.tomcat.util.net.SocketWrapperBase$1
4182:             1             16  org.apache.tomcat.util.net.SocketWrapperBase$2
4183:             1             16  org.apache.tomcat.util.net.SocketWrapperBase$3
4184:             1             16  org.apache.tomcat.util.threads.ThreadPoolExecutor$RejectHandler
4185:             1             16  org.apache.tomcat.websocket.TransformationFactory
4186:             1             16  org.apache.tomcat.websocket.WsRemoteEndpointAsync
4187:             1             16  org.apache.tomcat.websocket.WsRemoteEndpointBasic
4188:             1             16  org.apache.tomcat.websocket.WsRemoteEndpointImplBase$IntermediateMessageHandler
4189:             1             16  org.apache.tomcat.websocket.WsRemoteEndpointImplBase$StateMachine
4190:             1             16  org.apache.tomcat.websocket.server.DefaultServerEndpointConfigurator
4191:             1             16  org.apache.tomcat.websocket.server.WsContextListener
4192:             1             16  org.apache.tomcat.websocket.server.WsSessionListener
4193:             1             16  org.apache.tomcat.websocket.server.WsWriteTimeout$EndpointComparator
4194:             1             16  org.hibernate.validator.HibernateValidator
4195:             1             16  org.hibernate.validator.internal.engine.ConfigurationImpl$$Lambda$57/1616232890
4196:             1             16  org.hibernate.validator.internal.engine.DefaultClockProvider
4197:             1             16  org.hibernate.validator.internal.engine.DefaultParameterNameProvider
4198:             1             16  org.hibernate.validator.internal.engine.MethodValidationConfiguration$Builder
4199:             1             16  org.hibernate.validator.internal.engine.constraintvalidation.ConstraintValidatorFactoryImpl
4200:             1             16  org.hibernate.validator.internal.engine.constraintvalidation.ConstraintValidatorManager$1
4201:             1             16  org.hibernate.validator.internal.engine.groups.ValidationOrderGenerator
4202:             1             16  org.hibernate.validator.internal.engine.resolver.TraverseAllTraversableResolver
4203:             1             16  org.hibernate.validator.internal.engine.valueextraction.AnnotatedObject
4204:             1             16  org.hibernate.validator.internal.engine.valueextraction.BooleanArrayValueExtractor
4205:             1             16  org.hibernate.validator.internal.engine.valueextraction.ByteArrayValueExtractor
4206:             1             16  org.hibernate.validator.internal.engine.valueextraction.CharArrayValueExtractor
4207:             1             16  org.hibernate.validator.internal.engine.valueextraction.DoubleArrayValueExtractor
4208:             1             16  org.hibernate.validator.internal.engine.valueextraction.FloatArrayValueExtractor
4209:             1             16  org.hibernate.validator.internal.engine.valueextraction.IntArrayValueExtractor
4210:             1             16  org.hibernate.validator.internal.engine.valueextraction.IterableValueExtractor
4211:             1             16  org.hibernate.validator.internal.engine.valueextraction.ListPropertyValueExtractor
4212:             1             16  org.hibernate.validator.internal.engine.valueextraction.ListValueExtractor
4213:             1             16  org.hibernate.validator.internal.engine.valueextraction.LongArrayValueExtractor
4214:             1             16  org.hibernate.validator.internal.engine.valueextraction.MapKeyExtractor
4215:             1             16  org.hibernate.validator.internal.engine.valueextraction.MapPropertyKeyExtractor
4216:             1             16  org.hibernate.validator.internal.engine.valueextraction.MapPropertyValueExtractor
4217:             1             16  org.hibernate.validator.internal.engine.valueextraction.MapValueExtractor
4218:             1             16  org.hibernate.validator.internal.engine.valueextraction.ObjectArrayValueExtractor
4219:             1             16  org.hibernate.validator.internal.engine.valueextraction.ObservableValueValueExtractor
4220:             1             16  org.hibernate.validator.internal.engine.valueextraction.OptionalDoubleValueExtractor
4221:             1             16  org.hibernate.validator.internal.engine.valueextraction.OptionalIntValueExtractor
4222:             1             16  org.hibernate.validator.internal.engine.valueextraction.OptionalLongValueExtractor
4223:             1             16  org.hibernate.validator.internal.engine.valueextraction.OptionalValueExtractor
4224:             1             16  org.hibernate.validator.internal.engine.valueextraction.ReadOnlyListPropertyValueExtractor
4225:             1             16  org.hibernate.validator.internal.engine.valueextraction.ReadOnlyMapPropertyKeyExtractor
4226:             1             16  org.hibernate.validator.internal.engine.valueextraction.ReadOnlyMapPropertyValueExtractor
4227:             1             16  org.hibernate.validator.internal.engine.valueextraction.ReadOnlySetPropertyValueExtractor
4228:             1             16  org.hibernate.validator.internal.engine.valueextraction.SetPropertyValueExtractor
4229:             1             16  org.hibernate.validator.internal.engine.valueextraction.ShortArrayValueExtractor
4230:             1             16  org.hibernate.validator.internal.metadata.aggregated.rule.OverridingMethodMustNotAlterParameterConstraints
4231:             1             16  org.hibernate.validator.internal.metadata.aggregated.rule.ParallelMethodsMustNotDefineGroupConversionForCascadedReturnValue
4232:             1             16  org.hibernate.validator.internal.metadata.aggregated.rule.ParallelMethodsMustNotDefineParameterConstraints
4233:             1             16  org.hibernate.validator.internal.metadata.aggregated.rule.ReturnValueMayOnlyBeMarkedOnceAsCascadedPerHierarchyLine
4234:             1             16  org.hibernate.validator.internal.metadata.aggregated.rule.VoidMethodsMustNotBeReturnValueConstrained
4235:             1             16  org.hibernate.validator.internal.metadata.core.ConstraintHelper$ValidatorDescriptorMap
4236:             1             16  org.hibernate.validator.internal.metadata.provider.AnnotationMetaDataProvider$$Lambda$83/2029370043
4237:             1             16  org.hibernate.validator.internal.util.ExecutableHelper
4238:             1             16  org.hibernate.validator.internal.util.ExecutableParameterNameProvider
4239:             1             16  org.hibernate.validator.internal.util.TypeResolutionHelper
4240:             1             16  org.hibernate.validator.internal.util.logging.Messages_$bundle
4241:             1             16  org.hibernate.validator.resourceloading.PlatformResourceBundleLocator$AggregateResourceBundleControl
4242:             1             16  org.jboss.logging.Log4j2LoggerProvider
4243:             1             16  org.slf4j.helpers.NOPLoggerFactory
4244:             1             16  org.slf4j.impl.StaticMDCBinder
4245:             1             16  org.springframework.aop.Advisor$1
4246:             1             16  org.springframework.aop.TrueClassFilter
4247:             1             16  org.springframework.aop.TrueMethodMatcher
4248:             1             16  org.springframework.aop.TruePointcut
4249:             1             16  org.springframework.aop.framework.DefaultAdvisorChainFactory
4250:             1             16  org.springframework.aop.framework.DefaultAopProxyFactory
4251:             1             16  org.springframework.aop.framework.adapter.AfterReturningAdviceAdapter
4252:             1             16  org.springframework.aop.framework.adapter.DefaultAdvisorAdapterRegistry
4253:             1             16  org.springframework.aop.framework.adapter.MethodBeforeAdviceAdapter
4254:             1             16  org.springframework.aop.framework.adapter.ThrowsAdviceAdapter
4255:             1             16  org.springframework.beans.ExtendedBeanInfoFactory
4256:             1             16  org.springframework.beans.JrBeanDisposer
4257:             1             16  org.springframework.beans.JrBeanReloader$3
4258:             1             16  org.springframework.beans.factory.BeanFactoryUtils$$Lambda$112/288306765
4259:             1             16  org.springframework.beans.factory.parsing.FailFastProblemReporter
4260:             1             16  org.springframework.beans.factory.parsing.PassThroughSourceExtractor
4261:             1             16  org.springframework.beans.factory.support.AbstractAutowireCapableBeanFactory$$Lambda$177/371271246
4262:             1             16  org.springframework.beans.factory.support.AutowireUtils$$Lambda$203/1420664825
4263:             1             16  org.springframework.beans.factory.support.AutowireUtils$$Lambda$230/880314240
4264:             1             16  org.springframework.beans.factory.support.CglibSubclassingInstantiationStrategy
4265:             1             16  org.springframework.beans.factory.support.DefaultListableBeanFactory$$Lambda$324/1574206600
4266:             1             16  org.springframework.beans.factory.support.DefaultSingletonBeanRegistry$$Lambda$116/1233327519
4267:             1             16  org.springframework.beans.factory.support.DefaultSingletonBeanRegistry$$Lambda$117/1155769010
4268:             1             16  org.springframework.boot.ClearCachesApplicationListener
4269:             1             16  org.springframework.boot.SpringBootBanner
4270:             1             16  org.springframework.boot.StartupInfoLogger$$Lambda$100/858818438
4271:             1             16  org.springframework.boot.StartupInfoLogger$$Lambda$102/1335503880
4272:             1             16  org.springframework.boot.StartupInfoLogger$$Lambda$94/1097897234
4273:             1             16  org.springframework.boot.StartupInfoLogger$$Lambda$97/1107530534
4274:             1             16  org.springframework.boot.admin.SpringApplicationAdminMXBeanRegistrar$SpringApplicationAdmin
4275:             1             16  org.springframework.boot.autoconfigure.AutoConfigurationImportSelector$$Lambda$151/1585853402
4276:             1             16  org.springframework.boot.autoconfigure.AutoConfigurationImportSelector$AutoConfigurationGroup$$Lambda$153/1333404258
4277:             1             16  org.springframework.boot.autoconfigure.AutoConfigurationImportSelector$AutoConfigurationGroup$$Lambda$154/1247247257
4278:             1             16  org.springframework.boot.autoconfigure.AutoConfigurationImportSelector$AutoConfigurationGroup$$Lambda$155/1141049797
4279:             1             16  org.springframework.boot.autoconfigure.AutoConfigurationImportSelector$AutoConfigurationGroup$$Lambda$156/1355039397
4280:             1             16  org.springframework.boot.autoconfigure.AutoConfigurationImportSelector$AutoConfigurationGroup$$Lambda$157/1070146065
4281:             1             16  org.springframework.boot.autoconfigure.BackgroundPreinitializer
4282:             1             16  org.springframework.boot.autoconfigure.SharedMetadataReaderFactoryContextInitializer
4283:             1             16  org.springframework.boot.autoconfigure.SharedMetadataReaderFactoryContextInitializer$CachingMetadataReaderFactoryPostProcessor
4284:             1             16  org.springframework.boot.autoconfigure.SharedMetadataReaderFactoryContextInitializer$CachingMetadataReaderFactoryPostProcessor$$Lambda$110/1423768154
4285:             1             16  org.springframework.boot.autoconfigure.SharedMetadataReaderFactoryContextInitializer$SharedMetadataReaderFactoryBean
4286:             1             16  org.springframework.boot.autoconfigure.condition.BeanTypeRegistry$$Lambda$174/855715439
4287:             1             16  org.springframework.boot.autoconfigure.condition.BeanTypeRegistry$$Lambda$183/1014923261
4288:             1             16  org.springframework.boot.autoconfigure.condition.BeanTypeRegistry$$Lambda$184/1171425975
4289:             1             16  org.springframework.boot.autoconfigure.condition.ConditionEvaluationReport$AncestorsMatchedCondition
4290:             1             16  org.springframework.boot.autoconfigure.condition.OnBeanCondition$BeanSearchSpec$$Lambda$171/682846231
4291:             1             16  org.springframework.boot.autoconfigure.condition.OnBeanCondition$BeanSearchSpec$$Lambda$173/1019854313
4292:             1             16  org.springframework.boot.autoconfigure.context.MessageSourceAutoConfiguration$ResourceBundleCondition
4293:             1             16  org.springframework.boot.autoconfigure.http.HttpMessageConverters
4294:             1             16  org.springframework.boot.autoconfigure.http.codec.CodecsAutoConfiguration$JacksonCodecConfiguration$$Lambda$407/42506186
4295:             1             16  org.springframework.boot.autoconfigure.http.codec.CodecsAutoConfiguration$LoggingCodecConfiguration$$Lambda$406/2220012
4296:             1             16  org.springframework.boot.autoconfigure.jdbc.DataSourceBeanCreationFailureAnalyzer
4297:             1             16  org.springframework.boot.autoconfigure.jdbc.DataSourceConfiguration$Hikari
4298:             1             16  org.springframework.boot.autoconfigure.jdbc.DataSourceInitializerPostProcessor
4299:             1             16  org.springframework.boot.autoconfigure.jdbc.HikariDriverConfigurationFailureAnalyzer
4300:             1             16  org.springframework.boot.autoconfigure.jdbc.JdbcProperties
4301:             1             16  org.springframework.boot.autoconfigure.jdbc.metadata.DataSourcePoolMetadataProvidersConfiguration$HikariPoolDataSourceMetadataProviderConfiguration$$Lambda$405/1913495957
4302:             1             16  org.springframework.boot.autoconfigure.logging.ConditionEvaluationReportLoggingListener$ConditionEvaluationReportListener
4303:             1             16  org.springframework.boot.autoconfigure.mustache.MustacheTemplateAvailabilityProvider
4304:             1             16  org.springframework.boot.autoconfigure.session.NonUniqueSessionRepositoryFailureAnalyzer
4305:             1             16  org.springframework.boot.autoconfigure.task.TaskSchedulingProperties$Pool
4306:             1             16  org.springframework.boot.autoconfigure.template.TemplateAvailabilityProviders$NoTemplateAvailabilityProvider
4307:             1             16  org.springframework.boot.autoconfigure.thymeleaf.ThymeleafTemplateAvailabilityProvider
4308:             1             16  org.springframework.boot.autoconfigure.transaction.TransactionManagerCustomizers
4309:             1             16  org.springframework.boot.autoconfigure.web.ErrorProperties$Whitelabel
4310:             1             16  org.springframework.boot.autoconfigure.web.OnEnabledResourceChainCondition
4311:             1             16  org.springframework.boot.autoconfigure.web.embedded.TomcatWebServerFactoryCustomizer$$Lambda$264/1730542048
4312:             1             16  org.springframework.boot.autoconfigure.web.embedded.TomcatWebServerFactoryCustomizer$$Lambda$268/1667552329
4313:             1             16  org.springframework.boot.autoconfigure.web.embedded.TomcatWebServerFactoryCustomizer$$Lambda$273/651916608
4314:             1             16  org.springframework.boot.autoconfigure.web.embedded.TomcatWebServerFactoryCustomizer$$Lambda$277/104404643
4315:             1             16  org.springframework.boot.autoconfigure.web.embedded.TomcatWebServerFactoryCustomizer$$Lambda$279/1525361802
4316:             1             16  org.springframework.boot.autoconfigure.web.embedded.TomcatWebServerFactoryCustomizer$$Lambda$283/87816081
4317:             1             16  org.springframework.boot.autoconfigure.web.embedded.TomcatWebServerFactoryCustomizer$$Lambda$285/1598005588
4318:             1             16  org.springframework.boot.autoconfigure.web.embedded.TomcatWebServerFactoryCustomizer$$Lambda$287/1003409618
4319:             1             16  org.springframework.boot.autoconfigure.web.embedded.TomcatWebServerFactoryCustomizer$$Lambda$289/932205110
4320:             1             16  org.springframework.boot.autoconfigure.web.embedded.TomcatWebServerFactoryCustomizer$$Lambda$290/1339765646
4321:             1             16  org.springframework.boot.autoconfigure.web.embedded.TomcatWebServerFactoryCustomizer$$Lambda$292/743571331
4322:             1             16  org.springframework.boot.autoconfigure.web.embedded.TomcatWebServerFactoryCustomizer$$Lambda$294/2089733159
4323:             1             16  org.springframework.boot.autoconfigure.web.embedded.TomcatWebServerFactoryCustomizer$$Lambda$303/464632404
4324:             1             16  org.springframework.boot.autoconfigure.web.embedded.TomcatWebServerFactoryCustomizer$$Lambda$307/668964635
4325:             1             16  org.springframework.boot.autoconfigure.web.embedded.TomcatWebServerFactoryCustomizer$$Lambda$308/909866761
4326:             1             16  org.springframework.boot.autoconfigure.web.servlet.HttpEncodingAutoConfiguration$LocaleCharsetMappingsCustomizer
4327:             1             16  org.springframework.boot.autoconfigure.web.servlet.JspTemplateAvailabilityProvider
4328:             1             16  org.springframework.boot.autoconfigure.web.servlet.ServletWebServerFactoryCustomizer
4329:             1             16  org.springframework.boot.autoconfigure.web.servlet.TomcatServletWebServerFactoryCustomizer
4330:             1             16  org.springframework.boot.autoconfigure.web.servlet.TomcatServletWebServerFactoryCustomizer$$Lambda$260/573032493
4331:             1             16  org.springframework.boot.autoconfigure.web.servlet.WebMvcProperties$Async
4332:             1             16  org.springframework.boot.autoconfigure.web.servlet.WebMvcProperties$Pathmatch
4333:             1             16  org.springframework.boot.autoconfigure.web.servlet.error.ErrorMvcAutoConfiguration$ErrorTemplateMissingCondition
4334:             1             16  org.springframework.boot.autoconfigure.web.servlet.error.ErrorMvcAutoConfiguration$PreserveErrorControllerTargetClassPostProcessor
4335:             1             16  org.springframework.boot.autoconfigure.web.servlet.error.ErrorMvcAutoConfiguration$StaticView
4336:             1             16  org.springframework.boot.autoconfigure.websocket.servlet.TomcatWebSocketServletWebServerCustomizer
4337:             1             16  org.springframework.boot.autoconfigure.websocket.servlet.TomcatWebSocketServletWebServerCustomizer$$Lambda$234/810833183
4338:             1             16  org.springframework.boot.context.ConfigurationWarningsApplicationContextInitializer
4339:             1             16  org.springframework.boot.context.ConfigurationWarningsApplicationContextInitializer$ComponentScanPackageCheck
4340:             1             16  org.springframework.boot.context.ConfigurationWarningsApplicationContextInitializer$ConfigurationWarningsPostProcessor
4341:             1             16  org.springframework.boot.context.ContextIdApplicationContextInitializer
4342:             1             16  org.springframework.boot.context.FileEncodingApplicationListener
4343:             1             16  org.springframework.boot.context.config.AnsiOutputApplicationListener
4344:             1             16  org.springframework.boot.context.config.AnsiOutputApplicationListener$$Lambda$71/1991278377
4345:             1             16  org.springframework.boot.context.config.ConfigFileApplicationListener$Loader$$Lambda$33/711540569
4346:             1             16  org.springframework.boot.context.config.ConfigFileApplicationListener$Loader$$Lambda$40/1816725203
4347:             1             16  org.springframework.boot.context.config.ConfigFileApplicationListener$Loader$$Lambda$50/347978868
4348:             1             16  org.springframework.boot.context.config.ConfigFileApplicationListener$Loader$$Lambda$51/307829448
4349:             1             16  org.springframework.boot.context.config.ConfigFileApplicationListener$Loader$$Lambda$52/1518331471
4350:             1             16  org.springframework.boot.context.config.ConfigFileApplicationListener$Loader$$Lambda$53/459718907
4351:             1             16  org.springframework.boot.context.config.ConfigFileApplicationListener$Loader$$Lambda$55/616674002
4352:             1             16  org.springframework.boot.context.config.DelegatingApplicationContextInitializer
4353:             1             16  org.springframework.boot.context.logging.ClasspathLoggingApplicationListener
4354:             1             16  org.springframework.boot.context.logging.LoggingApplicationListener$$Lambda$80/1117871068
4355:             1             16  org.springframework.boot.context.properties.ConfigurationPropertiesBinder$$Lambda$210/1009342118
4356:             1             16  org.springframework.boot.context.properties.EnableConfigurationPropertiesImportSelector$ConfigurationPropertiesBeanRegistrar$$Lambda$185/1669068412
4357:             1             16  org.springframework.boot.context.properties.EnableConfigurationPropertiesImportSelector$ConfigurationPropertiesBeanRegistrar$$Lambda$186/2072567128
4358:             1             16  org.springframework.boot.context.properties.EnableConfigurationPropertiesImportSelector$ConfigurationPropertiesBeanRegistrar$$Lambda$187/1349649220
4359:             1             16  org.springframework.boot.context.properties.PropertyMapper$$Lambda$235/92373719
4360:             1             16  org.springframework.boot.context.properties.PropertyMapper$Source$$Lambda$238/1777043623
4361:             1             16  org.springframework.boot.context.properties.PropertyMapper$Source$$Lambda$280/157474874
4362:             1             16  org.springframework.boot.context.properties.PropertyMapper$Source$$Lambda$312/793414138
4363:             1             16  org.springframework.boot.context.properties.bind.BindConverter
4364:             1             16  org.springframework.boot.context.properties.bind.BindConverter$CompositeConversionService
4365:             1             16  org.springframework.boot.context.properties.bind.BindConverter$TypeConverterConverter
4366:             1             16  org.springframework.boot.context.properties.bind.BindHandler$1
4367:             1             16  org.springframework.boot.context.properties.bind.BindResult
4368:             1             16  org.springframework.boot.context.properties.bind.Binder$$Lambda$214/1557075266
4369:             1             16  org.springframework.boot.context.properties.bind.JavaBeanBinder
4370:             1             16  org.springframework.boot.context.properties.bind.JavaBeanBinder$Bean$$Lambda$215/1990567985
4371:             1             16  org.springframework.boot.context.properties.bind.JavaBeanBinder$Bean$$Lambda$217/799885067
4372:             1             16  org.springframework.boot.context.properties.bind.JavaBeanBinder$Bean$$Lambda$218/569927998
4373:             1             16  org.springframework.boot.context.properties.bind.PlaceholdersResolver$$Lambda$400/460628066
4374:             1             16  org.springframework.boot.context.properties.source.ConfigurationPropertyName$$Lambda$165/1865370526
4375:             1             16  org.springframework.boot.context.properties.source.ConfigurationPropertyNameAliases$$Lambda$397/142573894
4376:             1             16  org.springframework.boot.context.properties.source.ConfigurationPropertyNameAliases$$Lambda$398/130839597
4377:             1             16  org.springframework.boot.context.properties.source.ConfigurationPropertyNameAliases$$Lambda$403/1164455486
4378:             1             16  org.springframework.boot.context.properties.source.SpringConfigurationPropertySource$$Lambda$46/554348863
4379:             1             16  org.springframework.boot.context.properties.source.SpringConfigurationPropertySource$$Lambda$79/127702987
4380:             1             16  org.springframework.boot.context.properties.source.SystemEnvironmentPropertyMapper
4381:             1             16  org.springframework.boot.context.properties.source.SystemEnvironmentPropertyMapper$$Lambda$77/1245065720
4382:             1             16  org.springframework.boot.convert.CharArrayFormatter
4383:             1             16  org.springframework.boot.convert.DurationStyle$Unit$$Lambda$316/297120242
4384:             1             16  org.springframework.boot.convert.DurationStyle$Unit$$Lambda$317/1300714811
4385:             1             16  org.springframework.boot.convert.DurationStyle$Unit$$Lambda$318/837804180
4386:             1             16  org.springframework.boot.convert.DurationStyle$Unit$$Lambda$319/225049978
4387:             1             16  org.springframework.boot.convert.DurationStyle$Unit$$Lambda$320/1770496243
4388:             1             16  org.springframework.boot.convert.DurationStyle$Unit$$Lambda$321/509480565
4389:             1             16  org.springframework.boot.convert.DurationStyle$Unit$$Lambda$322/1358673514
4390:             1             16  org.springframework.boot.convert.DurationToNumberConverter
4391:             1             16  org.springframework.boot.convert.DurationToStringConverter
4392:             1             16  org.springframework.boot.convert.InetAddressFormatter
4393:             1             16  org.springframework.boot.convert.IsoOffsetFormatter
4394:             1             16  org.springframework.boot.convert.NumberToDataSizeConverter
4395:             1             16  org.springframework.boot.convert.NumberToDurationConverter
4396:             1             16  org.springframework.boot.convert.StringToEnumIgnoringCaseConverterFactory
4397:             1             16  org.springframework.boot.convert.StringToEnumIgnoringCaseConverterFactory$StringToEnum$$Lambda$67/746074699
4398:             1             16  org.springframework.boot.convert.StringToEnumIgnoringCaseConverterFactory$StringToEnum$$Lambda$68/405896924
4399:             1             16  org.springframework.boot.convert.StringToEnumIgnoringCaseConverterFactory$StringToEnum$$Lambda$69/1309335839
4400:             1             16  org.springframework.boot.devtools.autoconfigure.ConditionEvaluationDeltaLoggingListener
4401:             1             16  org.springframework.boot.devtools.autoconfigure.DevToolsDataSourceAutoConfiguration$DevToolsDataSourceCondition
4402:             1             16  org.springframework.boot.devtools.autoconfigure.HateoasObjenesisCacheDisabler
4403:             1             16  org.springframework.boot.devtools.autoconfigure.LocalDevToolsAutoConfiguration$LiveReloadServerEventListener
4404:             1             16  org.springframework.boot.devtools.autoconfigure.LocalDevToolsAutoConfiguration$RestartConfiguration$$Lambda$410/294834677
4405:             1             16  org.springframework.boot.devtools.autoconfigure.OptionalLiveReloadServer
4406:             1             16  org.springframework.boot.devtools.autoconfigure.RemoteDevToolsProperties$Restart
4407:             1             16  org.springframework.boot.devtools.livereload.LiveReloadServer$$Lambda$412/356563238
4408:             1             16  org.springframework.boot.devtools.livereload.LiveReloadServer$WorkerThreadFactory
4409:             1             16  org.springframework.boot.devtools.logger.DevToolsLogFactory$Listener
4410:             1             16  org.springframework.boot.devtools.logger.DevToolsLogFactory$Listener$$Lambda$108/1265012928
4411:             1             16  org.springframework.boot.devtools.restart.OnInitializedRestarterCondition
4412:             1             16  org.springframework.boot.devtools.restart.RestartApplicationListener
4413:             1             16  org.springframework.boot.devtools.restart.RestartScopeInitializer
4414:             1             16  org.springframework.boot.devtools.restart.RestartScopeInitializer$RestartScope
4415:             1             16  org.springframework.boot.devtools.restart.Restarter$LeakSafeThreadFactory
4416:             1             16  org.springframework.boot.devtools.restart.SilentExitExceptionHandler
4417:             1             16  org.springframework.boot.devtools.restart.classloader.ClassLoaderFiles
4418:             1             16  org.springframework.boot.diagnostics.analyzer.BeanCurrentlyInCreationFailureAnalyzer
4419:             1             16  org.springframework.boot.diagnostics.analyzer.BeanDefinitionOverrideFailureAnalyzer
4420:             1             16  org.springframework.boot.diagnostics.analyzer.BeanNotOfRequiredTypeFailureAnalyzer
4421:             1             16  org.springframework.boot.diagnostics.analyzer.BindFailureAnalyzer
4422:             1             16  org.springframework.boot.diagnostics.analyzer.BindValidationFailureAnalyzer
4423:             1             16  org.springframework.boot.diagnostics.analyzer.ConnectorStartFailureAnalyzer
4424:             1             16  org.springframework.boot.diagnostics.analyzer.InvalidConfigurationPropertyNameFailureAnalyzer
4425:             1             16  org.springframework.boot.diagnostics.analyzer.InvalidConfigurationPropertyValueFailureAnalyzer
4426:             1             16  org.springframework.boot.diagnostics.analyzer.NoSuchMethodFailureAnalyzer
4427:             1             16  org.springframework.boot.diagnostics.analyzer.NoUniqueBeanDefinitionFailureAnalyzer
4428:             1             16  org.springframework.boot.diagnostics.analyzer.PortInUseFailureAnalyzer
4429:             1             16  org.springframework.boot.diagnostics.analyzer.UnboundConfigurationPropertyFailureAnalyzer
4430:             1             16  org.springframework.boot.diagnostics.analyzer.ValidationExceptionFailureAnalyzer
4431:             1             16  org.springframework.boot.env.PropertiesPropertySourceLoader
4432:             1             16  org.springframework.boot.env.SpringApplicationJsonEnvironmentPostProcessor$$Lambda$30/1681920301
4433:             1             16  org.springframework.boot.env.SpringApplicationJsonEnvironmentPostProcessor$$Lambda$31/589273327
4434:             1             16  org.springframework.boot.liquibase.LiquibaseServiceLocatorApplicationListener
4435:             1             16  org.springframework.boot.logging.LoggerConfigurationComparator
4436:             1             16  org.springframework.boot.logging.LoggingSystem$$Lambda$21/688005825
4437:             1             16  org.springframework.boot.logging.logback.LogbackLoggingSystem
4438:             1             16  org.springframework.boot.util.LambdaSafe$InvocationResult
4439:             1             16  org.springframework.boot.web.context.ServerPortInfoApplicationContextInitializer
4440:             1             16  org.springframework.boot.web.embedded.tomcat.TomcatEmbeddedContext$$Lambda$423/134653575
4441:             1             16  org.springframework.boot.web.embedded.tomcat.TomcatEmbeddedContext$$Lambda$424/132076376
4442:             1             16  org.springframework.boot.web.embedded.tomcat.TomcatWebServer$$Lambda$428/1944081600
4443:             1             16  org.springframework.boot.web.server.Http2
4444:             1             16  org.springframework.boot.web.servlet.ServletContextInitializerBeans$$Lambda$336/2029095559
4445:             1             16  org.springframework.boot.web.servlet.ServletContextInitializerBeans$$Lambda$337/1409855597
4446:             1             16  org.springframework.boot.web.servlet.context.ServletWebServerApplicationContext$$Lambda$326/546037348
4447:             1             16  org.springframework.boot.web.servlet.error.DefaultErrorAttributes
4448:             1             16  org.springframework.boot.web.servlet.server.AbstractServletWebServerFactory$$Lambda$328/643996026
4449:             1             16  org.springframework.boot.web.servlet.server.AbstractServletWebServerFactory$SessionConfiguringInitializer
4450:             1             16  org.springframework.boot.web.servlet.server.SessionStoreDirectory
4451:             1             16  org.springframework.boot.web.servlet.server.StaticResourceJars
4452:             1             16  org.springframework.cglib.core.AbstractClassGenerator$ClassLoaderData$1
4453:             1             16  org.springframework.cglib.core.AbstractClassGenerator$ClassLoaderData$2
4454:             1             16  org.springframework.cglib.core.AbstractClassGenerator$ClassLoaderData$3
4455:             1             16  org.springframework.cglib.core.DefaultGeneratorStrategy
4456:             1             16  org.springframework.cglib.core.DefaultNamingPolicy
4457:             1             16  org.springframework.cglib.core.KeyFactory$1
4458:             1             16  org.springframework.cglib.core.KeyFactory$2
4459:             1             16  org.springframework.cglib.core.KeyFactory$3
4460:             1             16  org.springframework.cglib.core.KeyFactory$4
4461:             1             16  org.springframework.cglib.core.MethodInfoTransformer
4462:             1             16  org.springframework.cglib.core.SpringNamingPolicy
4463:             1             16  org.springframework.cglib.core.internal.LoadingCache$1
4464:             1             16  org.springframework.cglib.proxy.Enhancer$1
4465:             1             16  org.springframework.cglib.proxy.FixedValueGenerator
4466:             1             16  org.springframework.cglib.proxy.InvocationHandlerGenerator
4467:             1             16  org.springframework.cglib.proxy.LazyLoaderGenerator
4468:             1             16  org.springframework.cglib.proxy.MethodInterceptorGenerator
4469:             1             16  org.springframework.cglib.proxy.MethodInterceptorGenerator$1
4470:             1             16  org.springframework.cglib.proxy.NoOp$1
4471:             1             16  org.springframework.cglib.proxy.NoOpGenerator
4472:             1             16  org.springframework.context.annotation.ConfigurationClassEnhancer$BeanFactoryAwareMethodInterceptor
4473:             1             16  org.springframework.context.annotation.ConfigurationClassEnhancer$BeanMethodInterceptor
4474:             1             16  org.springframework.context.annotation.ConfigurationClassParser$$Lambda$143/1420196421
4475:             1             16  org.springframework.context.annotation.ConfigurationClassPostProcessor$$Lambda$142/1806880779
4476:             1             16  org.springframework.context.annotation.ConfigurationClassPostProcessor$1
4477:             1             16  org.springframework.context.annotation.ConfigurationClassPostProcessor$ImportAwareBeanPostProcessor
4478:             1             16  org.springframework.context.event.DefaultEventListenerFactory
4479:             1             16  org.springframework.context.event.EventListenerMethodProcessor$$Lambda$414/1304217806
4480:             1             16  org.springframework.context.expression.StandardBeanExpressionResolver$1
4481:             1             16  org.springframework.context.index.CandidateComponentsIndexLoader$$Lambda$90/1517640897
4482:             1             16  org.springframework.context.support.LiveBeansView
4483:             1             16  org.springframework.core.$Proxy71
4484:             1             16  org.springframework.core.OrderComparator
4485:             1             16  org.springframework.core.ResolvableType$EmptyType
4486:             1             16  org.springframework.core.annotation.AnnotatedElementUtils$AlwaysTrueBooleanAnnotationProcessor
4487:             1             16  org.springframework.core.annotation.AnnotationAwareOrderComparator
4488:             1             16  org.springframework.core.annotation.AnnotationUtils$$Lambda$14/925308434
4489:             1             16  org.springframework.core.io.DefaultResourceLoader$$Lambda$89/1827171553
4490:             1             16  org.springframework.core.io.support.DefaultPropertySourceFactory
4491:             1             16  org.springframework.core.io.support.PathMatchingResourcePatternResolver$$Lambda$145/440736059
4492:             1             16  org.springframework.core.log.CompositeLog$$Lambda$101/159441867
4493:             1             16  org.springframework.core.log.CompositeLog$$Lambda$103/733812578
4494:             1             16  org.springframework.core.log.CompositeLog$$Lambda$95/452345825
4495:             1             16  org.springframework.core.log.CompositeLog$$Lambda$96/1099723379
4496:             1             16  org.springframework.core.log.CompositeLog$$Lambda$98/1280365600
4497:             1             16  org.springframework.core.log.CompositeLog$$Lambda$99/581097801
4498:             1             16  org.springframework.expression.spel.support.SimpleEvaluationContext$$Lambda$358/702811569
4499:             1             16  org.springframework.http.MediaType$$Lambda$444/1713005215
4500:             1             16  org.springframework.http.MediaType$$Lambda$92/184559443
4501:             1             16  org.springframework.http.MediaType$1
4502:             1             16  org.springframework.http.MediaTypeFactory$$Lambda$461/876245110
4503:             1             16  org.springframework.http.ReadOnlyHttpHeaders$$Lambda$485/311355631
4504:             1             16  org.springframework.http.converter.json.SpringHandlerInstantiator
4505:             1             16  org.springframework.http.converter.xml.Jaxb2RootElementHttpMessageConverter$$Lambda$106/1984318997
4506:             1             16  org.springframework.http.converter.xml.SourceHttpMessageConverter$$Lambda$104/1541164316
4507:             1             16  org.springframework.http.converter.xml.SourceHttpMessageConverter$$Lambda$105/1063789673
4508:             1             16  org.springframework.jdbc.config.SortedResourcesFactoryBean$$Lambda$404/1511787468
4509:             1             16  org.springframework.messaging.converter.CompositeMessageConverter
4510:             1             16  org.springframework.messaging.converter.SimpleMessageConverter
4511:             1             16  org.springframework.messaging.handler.annotation.support.AnnotationExceptionHandlerMethodResolver$$Lambda$354/1779936135
4512:             1             16  org.springframework.messaging.handler.annotation.support.HeadersMethodArgumentResolver
4513:             1             16  org.springframework.messaging.handler.annotation.support.MessageMethodArgumentResolver
4514:             1             16  org.springframework.messaging.handler.invocation.CompletableFutureReturnValueHandler
4515:             1             16  org.springframework.messaging.handler.invocation.ListenableFutureReturnValueHandler
4516:             1             16  org.springframework.messaging.handler.invocation.ReactiveReturnValueHandler
4517:             1             16  org.springframework.messaging.simp.SimpAttributes$$Lambda$479/1379022729
4518:             1             16  org.springframework.messaging.simp.SimpSessionScope
4519:             1             16  org.springframework.messaging.simp.annotation.support.PrincipalMethodArgumentResolver
4520:             1             16  org.springframework.messaging.simp.broker.AbstractBrokerMessageHandler$UnsentDisconnectChannelInterceptor
4521:             1             16  org.springframework.messaging.simp.broker.DefaultSubscriptionRegistry$SessionSubscriptionRegistry
4522:             1             16  org.springframework.messaging.simp.broker.DefaultSubscriptionRegistry$SimpMessageHeaderPropertyAccessor
4523:             1             16  org.springframework.messaging.simp.broker.OrderedMessageSender$$Lambda$359/1076708413
4524:             1             16  org.springframework.messaging.simp.stomp.StompDecoder
4525:             1             16  org.springframework.messaging.support.IdTimestampMessageHeaderInitializer$$Lambda$463/713197767
4526:             1             16  org.springframework.messaging.support.NativeMessageHeaderAccessor$$Lambda$464/928236365
4527:             1             16  org.springframework.objenesis.strategy.StdInstantiatorStrategy
4528:             1             16  org.springframework.scheduling.annotation.ScheduledAnnotationBeanPostProcessor$$Lambda$205/1765776053
4529:             1             16  org.springframework.scheduling.annotation.ScheduledAnnotationBeanPostProcessor$$Lambda$344/1967508247
4530:             1             16  org.springframework.scheduling.support.TaskUtils$LoggingErrorHandler
4531:             1             16  org.springframework.scheduling.support.TaskUtils$PropagatingErrorHandler
4532:             1             16  org.springframework.transaction.annotation.SpringTransactionAnnotationParser
4533:             1             16  org.springframework.transaction.event.TransactionalEventListenerFactory
4534:             1             16  org.springframework.util.CollectionUtils$MultiValueMapAdapter$$Lambda$458/675965412
4535:             1             16  org.springframework.util.ConcurrentReferenceHashMap$EntrySet
4536:             1             16  org.springframework.util.DefaultPropertiesPersister
4537:             1             16  org.springframework.util.LinkedMultiValueMap$$Lambda$10/198099809
4538:             1             16  org.springframework.util.LinkedMultiValueMap$$Lambda$399/1934471203
4539:             1             16  org.springframework.util.MimeType$SpecificityComparator
4540:             1             16  org.springframework.util.ReflectionUtils$$Lambda$11/2079179914
4541:             1             16  org.springframework.util.ReflectionUtils$$Lambda$12/20049680
4542:             1             16  org.springframework.util.ReflectionUtils$$Lambda$13/1882349076
4543:             1             16  org.springframework.validation.beanvalidation.LocaleContextMessageInterpolator
4544:             1             16  org.springframework.validation.beanvalidation.MethodValidationInterceptor
4545:             1             16  org.springframework.validation.beanvalidation.SpringConstraintValidatorFactory
4546:             1             16  org.springframework.web.bind.support.DefaultSessionAttributeStore
4547:             1             16  org.springframework.web.context.request.SessionScope
4548:             1             16  org.springframework.web.context.request.async.TimeoutCallableProcessingInterceptor
4549:             1             16  org.springframework.web.context.request.async.TimeoutDeferredResultProcessingInterceptor
4550:             1             16  org.springframework.web.context.support.WebApplicationContextUtils$RequestObjectFactory
4551:             1             16  org.springframework.web.context.support.WebApplicationContextUtils$ResponseObjectFactory
4552:             1             16  org.springframework.web.context.support.WebApplicationContextUtils$SessionObjectFactory
4553:             1             16  org.springframework.web.context.support.WebApplicationContextUtils$WebRequestObjectFactory
4554:             1             16  org.springframework.web.method.HandlerTypePredicate$Builder$$Lambda$351/2039642748
4555:             1             16  org.springframework.web.method.annotation.ErrorsMethodArgumentResolver
4556:             1             16  org.springframework.web.method.annotation.ExceptionHandlerMethodResolver$$Lambda$391/330174461
4557:             1             16  org.springframework.web.method.annotation.RequestHeaderMapMethodArgumentResolver
4558:             1             16  org.springframework.web.method.annotation.SessionStatusMethodArgumentResolver
4559:             1             16  org.springframework.web.multipart.support.StandardServletMultipartResolver
4560:             1             16  org.springframework.web.servlet.config.annotation.InterceptorRegistry$$Lambda$369/268248785
4561:             1             16  org.springframework.web.servlet.config.annotation.InterceptorRegistry$$Lambda$370/564985952
4562:             1             16  org.springframework.web.servlet.config.annotation.WebMvcConfigurerComposite
4563:             1             16  org.springframework.web.servlet.handler.AbstractHandlerMethodMapping$EmptyHandler
4564:             1             16  org.springframework.web.servlet.handler.ConversionServiceExposingInterceptor
4565:             1             16  org.springframework.web.servlet.mvc.HttpRequestHandlerAdapter
4566:             1             16  org.springframework.web.servlet.mvc.SimpleControllerHandlerAdapter
4567:             1             16  org.springframework.web.servlet.mvc.method.RequestMappingInfoHandlerMethodMappingNamingStrategy
4568:             1             16  org.springframework.web.servlet.mvc.method.annotation.AsyncTaskMethodReturnValueHandler
4569:             1             16  org.springframework.web.servlet.mvc.method.annotation.CallableMethodReturnValueHandler
4570:             1             16  org.springframework.web.servlet.mvc.method.annotation.DeferredResultMethodReturnValueHandler
4571:             1             16  org.springframework.web.servlet.mvc.method.annotation.HttpHeadersReturnValueHandler
4572:             1             16  org.springframework.web.servlet.mvc.method.annotation.JsonViewRequestBodyAdvice
4573:             1             16  org.springframework.web.servlet.mvc.method.annotation.RequestMappingHandlerAdapter$$Lambda$364/96443314
4574:             1             16  org.springframework.web.servlet.mvc.method.annotation.RequestMappingHandlerAdapter$$Lambda$365/1992645019
4575:             1             16  org.springframework.web.servlet.mvc.method.annotation.StreamingResponseBodyReturnValueHandler
4576:             1             16  org.springframework.web.servlet.mvc.method.annotation.UriComponentsBuilderMethodArgumentResolver
4577:             1             16  org.springframework.web.servlet.resource.ResourceUrlProviderExposingInterceptor
4578:             1             16  org.springframework.web.servlet.theme.FixedThemeResolver
4579:             1             16  org.springframework.web.servlet.view.AbstractCachingViewResolver$1
4580:             1             16  org.springframework.web.servlet.view.ContentNegotiatingViewResolver$1
4581:             1             16  org.springframework.web.socket.config.WebSocketMessageBrokerStats$$Lambda$347/500268044
4582:             1             16  org.springframework.web.socket.handler.ExceptionWebSocketHandlerDecorator
4583:             1             16  org.springframework.web.socket.handler.LoggingWebSocketHandlerDecorator
4584:             1             16  org.springframework.web.socket.sockjs.frame.Jackson2SockJsMessageCodec
4585:             1             16  org.springframework.web.socket.sockjs.support.AbstractSockJsService$IframeHandler
4586:             1             16  org.springframework.web.socket.sockjs.support.AbstractSockJsService$InfoHandler
4587:             1             16  org.springframework.web.socket.sockjs.transport.TransportHandlingSockJsService$$Lambda$459/830670620
4588:             1             16  org.springframework.web.util.HierarchicalUriComponents$1
4589:             1             16  org.zeroturnaround.bundled.javassist.ClassPoolTail
4590:             1             16  org.zeroturnaround.javarebel.felix.FelixPlugin
4591:             1             16  org.zeroturnaround.javarebel.integration.ReinitClassEventListener
4592:             1             16  org.zeroturnaround.javarebel.integration.ant.AntClassLoaderCBP
4593:             1             16  org.zeroturnaround.javarebel.integration.apdplat.SystemListenerCBP
4594:             1             16  org.zeroturnaround.javarebel.integration.aries.AriesProxyClassLoaderCBP
4595:             1             16  org.zeroturnaround.javarebel.integration.arjuna.ArjunaTransactionManagerImpleCBP
4596:             1             16  org.zeroturnaround.javarebel.integration.atg.AtgReusableClassLoaderCBP
4597:             1             16  org.zeroturnaround.javarebel.integration.atmosphere.DefaultAnnotationProcessorServletContainerInitializerAnnotationProcessorCBP
4598:             1             16  org.zeroturnaround.javarebel.integration.camel.CamelExtensionCBP
4599:             1             16  org.zeroturnaround.javarebel.integration.catalina.CatalinaPlugin
4600:             1             16  org.zeroturnaround.javarebel.integration.catalina.cbp.AbstractArchiveResourceSetCBP
4601:             1             16  org.zeroturnaround.javarebel.integration.catalina.cbp.ApplicationContextCBP
4602:             1             16  org.zeroturnaround.javarebel.integration.catalina.cbp.BaseDirContextCBP
4603:             1             16  org.zeroturnaround.javarebel.integration.catalina.cbp.CacheCBP
4604:             1             16  org.zeroturnaround.javarebel.integration.catalina.cbp.CachedResourceCBP
4605:             1             16  org.zeroturnaround.javarebel.integration.catalina.cbp.ConnectorCBP
4606:             1             16  org.zeroturnaround.javarebel.integration.catalina.cbp.ContextConfigCBP
4607:             1             16  org.zeroturnaround.javarebel.integration.catalina.cbp.CoyoteAdapterCBP
4608:             1             16  org.zeroturnaround.javarebel.integration.catalina.cbp.MapperCBP
4609:             1             16  org.zeroturnaround.javarebel.integration.catalina.cbp.MessageBytesCBP
4610:             1             16  org.zeroturnaround.javarebel.integration.catalina.cbp.RequestCBP
4611:             1             16  org.zeroturnaround.javarebel.integration.catalina.cbp.ServletRegistrationImplCBP
4612:             1             16  org.zeroturnaround.javarebel.integration.catalina.cbp.StandardContextCBP
4613:             1             16  org.zeroturnaround.javarebel.integration.catalina.cbp.StandardContextValveCBP
4614:             1             16  org.zeroturnaround.javarebel.integration.catalina.cbp.StandardHostValveCBP
4615:             1             16  org.zeroturnaround.javarebel.integration.catalina.cbp.StandardRootCBP
4616:             1             16  org.zeroturnaround.javarebel.integration.catalina.cbp.WebXmlCBP
4617:             1             16  org.zeroturnaround.javarebel.integration.catalina.cbp.WebappLoaderCBP
4618:             1             16  org.zeroturnaround.javarebel.integration.classworlds.ClassRealmCBP
4619:             1             16  org.zeroturnaround.javarebel.integration.classworlds.RealmClassLoaderCBP
4620:             1             16  org.zeroturnaround.javarebel.integration.classworlds.UberJarRealmClassLoaderCBP
4621:             1             16  org.zeroturnaround.javarebel.integration.clojure.ClojureDynamicClassLoaderCBP
4622:             1             16  org.zeroturnaround.javarebel.integration.commonsbeanutils.PropertyUtilsBeanCBP
4623:             1             16  org.zeroturnaround.javarebel.integration.confluence.JarClassLoaderCBP
4624:             1             16  org.zeroturnaround.javarebel.integration.cxf.CXFPlugin
4625:             1             16  org.zeroturnaround.javarebel.integration.dorado.MethodAutoMatchingUtilsCBP
4626:             1             16  org.zeroturnaround.javarebel.integration.dozer.DozerPlugin
4627:             1             16  org.zeroturnaround.javarebel.integration.drools.KModuleBeanFactoryPostProcessorCBP
4628:             1             16  org.zeroturnaround.javarebel.integration.eclipse.EclipsePlugin
4629:             1             16  org.zeroturnaround.javarebel.integration.eclipse301.Eclipse301DefaultClassLoaderClassBytecodeProcessor
4630:             1             16  org.zeroturnaround.javarebel.integration.elcommons.BeanInfoManagerElCommonsCBP
4631:             1             16  org.zeroturnaround.javarebel.integration.elcommons.BeanInfoManagerFacesCBP
4632:             1             16  org.zeroturnaround.javarebel.integration.elcommons.BeanInfoManagerStandardLangCBP
4633:             1             16  org.zeroturnaround.javarebel.integration.equinox.BundleLoaderCBP
4634:             1             16  org.zeroturnaround.javarebel.integration.equinox.DirBundleFileCBP
4635:             1             16  org.zeroturnaround.javarebel.integration.equinox.EquinoxClassLoaderCBP
4636:             1             16  org.zeroturnaround.javarebel.integration.equinox.EquinoxClassPathManagerClassBytecodeProcessor
4637:             1             16  org.zeroturnaround.javarebel.integration.equinox.EquinoxContainerCBP
4638:             1             16  org.zeroturnaround.javarebel.integration.equinox.EquinoxDefaultClassLoaderClassBytecodeProcessor
4639:             1             16  org.zeroturnaround.javarebel.integration.equinox.EquinoxFWClassLoaderCBP
4640:             1             16  org.zeroturnaround.javarebel.integration.equinox.EquinoxModuleClassLoader
4641:             1             16  org.zeroturnaround.javarebel.integration.equinox.EquinoxPlugin
4642:             1             16  org.zeroturnaround.javarebel.integration.equinox.FrameworkCBP
4643:             1             16  org.zeroturnaround.javarebel.integration.felix.FelixBundleClassLoaderCBP
4644:             1             16  org.zeroturnaround.javarebel.integration.felix.FelixBundleRevisionImplCBP
4645:             1             16  org.zeroturnaround.javarebel.integration.felix.FelixBundleWiringImplCBP
4646:             1             16  org.zeroturnaround.javarebel.integration.felix.FelixContentClassLoaderCBP
4647:             1             16  org.zeroturnaround.javarebel.integration.felix.FelixContentLoaderImplCBP
4648:             1             16  org.zeroturnaround.javarebel.integration.felix.FelixModuleClassLoaderCBP
4649:             1             16  org.zeroturnaround.javarebel.integration.felix.FelixModuleImplCBP
4650:             1             16  org.zeroturnaround.javarebel.integration.felix.FelixResolverImplCBP
4651:             1             16  org.zeroturnaround.javarebel.integration.felix.R4SearchPolicyCoreCBP
4652:             1             16  org.zeroturnaround.javarebel.integration.fileservlet.DefaultServletCBP
4653:             1             16  org.zeroturnaround.javarebel.integration.fileservlet.FileServlet$DefaultResourcePathResolver
4654:             1             16  org.zeroturnaround.javarebel.integration.fileservlet.FileServletPlugin
4655:             1             16  org.zeroturnaround.javarebel.integration.flyway.FlywayCBP
4656:             1             16  org.zeroturnaround.javarebel.integration.freemarker.BeansWrapperCBP
4657:             1             16  org.zeroturnaround.javarebel.integration.freemarker.FreemarkerClassIntrospectorCBP
4658:             1             16  org.zeroturnaround.javarebel.integration.freemarker.FreemarkerConfigurationCBP
4659:             1             16  org.zeroturnaround.javarebel.integration.freemarker.FreemarkerJavaRebelIntegrationCBP
4660:             1             16  org.zeroturnaround.javarebel.integration.gae.DevAppServerImplCBP
4661:             1             16  org.zeroturnaround.javarebel.integration.gae.GaeCustomSecurityManagerCBP
4662:             1             16  org.zeroturnaround.javarebel.integration.gae.GaeProxyPolicyCBP
4663:             1             16  org.zeroturnaround.javarebel.integration.gae.GaeTransformerCBP
4664:             1             16  org.zeroturnaround.javarebel.integration.gae.IsolatedAppClassLoaderCBP
4665:             1             16  org.zeroturnaround.javarebel.integration.gae.JettyContainerServiceCBP
4666:             1             16  org.zeroturnaround.javarebel.integration.gae.KickStartCBP
4667:             1             16  org.zeroturnaround.javarebel.integration.gae.RestrictedUrlClassLoaderCBP
4668:             1             16  org.zeroturnaround.javarebel.integration.gemini.BundleWebappClassLoaderCBP
4669:             1             16  org.zeroturnaround.javarebel.integration.gemini.GeminiBundleDelegatingClassLoaderCBP
4670:             1             16  org.zeroturnaround.javarebel.integration.gemini.GeminiBundleEntryCBP
4671:             1             16  org.zeroturnaround.javarebel.integration.gemini.GeminiChainedClassLoaderCBP
4672:             1             16  org.zeroturnaround.javarebel.integration.generic.FindResourceClassResourceSource
4673:             1             16  org.zeroturnaround.javarebel.integration.geronimo.JarFileClassLoaderCBP
4674:             1             16  org.zeroturnaround.javarebel.integration.geronimo.MultiParentClassLoaderCBP
4675:             1             16  org.zeroturnaround.javarebel.integration.geronimo.XbeanEquinoxBundleClassLoaderCBP
4676:             1             16  org.zeroturnaround.javarebel.integration.gigaspaces.ClassLoaderContextCBP
4677:             1             16  org.zeroturnaround.javarebel.integration.glassfish.DeploymentContextImplCBP
4678:             1             16  org.zeroturnaround.javarebel.integration.glassfish.DeploymentUtilsCBP
4679:             1             16  org.zeroturnaround.javarebel.integration.glassfish.EJBClassLoaderCBP
4680:             1             16  org.zeroturnaround.javarebel.integration.glassfish.GlassfishDelegatingClassLoaderCBP
4681:             1             16  org.zeroturnaround.javarebel.integration.glassfish.GlassfishPersistenceUnitInfoImpl
4682:             1             16  org.zeroturnaround.javarebel.integration.glassfish.LoggingOutputStreamCBP
4683:             1             16  org.zeroturnaround.javarebel.integration.glassfish.WebApplicationCBP
4684:             1             16  org.zeroturnaround.javarebel.integration.glassfish.WebModuleCBP
4685:             1             16  org.zeroturnaround.javarebel.integration.glassfish.corba.ClassCopierOrdinaryImplCBP
4686:             1             16  org.zeroturnaround.javarebel.integration.glassfish.corba.ClassInfoCacheCBP
4687:             1             16  org.zeroturnaround.javarebel.integration.glassfish.corba.DefaultClassCopierFactoriesCBP
4688:             1             16  org.zeroturnaround.javarebel.integration.glassfish.corba.ObjectStreamClassCBP
4689:             1             16  org.zeroturnaround.javarebel.integration.google.GuiceBridgeClassLoaderCBP
4690:             1             16  org.zeroturnaround.javarebel.integration.guava.ThrowablesCBP
4691:             1             16  org.zeroturnaround.javarebel.integration.hibernate.HibernatePlugin
4692:             1             16  org.zeroturnaround.javarebel.integration.hibernate5.HibernatePlugin
4693:             1             16  org.zeroturnaround.javarebel.integration.hybris.RegistryCBP
4694:             1             16  org.zeroturnaround.javarebel.integration.intellij.IntelliJClassLoaderClassBytecodeProcessor
4695:             1             16  org.zeroturnaround.javarebel.integration.jackson.JsonFactoryCBP
4696:             1             16  org.zeroturnaround.javarebel.integration.jasper.JasperPlugin
4697:             1             16  org.zeroturnaround.javarebel.integration.jasper.LiferayJasperPlugin
4698:             1             16  org.zeroturnaround.javarebel.integration.javac.JavacBaseFileManagerCBP
4699:             1             16  org.zeroturnaround.javarebel.integration.javacas.Cas20ProxyReceivingTicketValidationFilterCBP
4700:             1             16  org.zeroturnaround.javarebel.integration.javaxel.BeanELResolverBeanPropertiesCBP
4701:             1             16  org.zeroturnaround.javarebel.integration.jboss.classfilewriter.ClassAnnotationCBP
4702:             1             16  org.zeroturnaround.javarebel.integration.jboss.classfilewriter.EnumAnnotationValueCBP
4703:             1             16  org.zeroturnaround.javarebel.integration.jboss.classfilewriter.StringAnnotationValueCBP
4704:             1             16  org.zeroturnaround.javarebel.integration.jboss3.AbstractWebContainerCBP
4705:             1             16  org.zeroturnaround.javarebel.integration.jboss3.AbstractWebDeployerCBP
4706:             1             16  org.zeroturnaround.javarebel.integration.jboss3.UnifiedClassLoaderCBP
4707:             1             16  org.zeroturnaround.javarebel.integration.jboss4.DelegatingClassLoaderCBP
4708:             1             16  org.zeroturnaround.javarebel.integration.jboss4.JbossAbstractWebContainerCBP
4709:             1             16  org.zeroturnaround.javarebel.integration.jboss4.JbossDeploymentInfoCBP
4710:             1             16  org.zeroturnaround.javarebel.integration.jboss4.JbossEJBDeployerCBP
4711:             1             16  org.zeroturnaround.javarebel.integration.jboss4.JbossMainDeployerCBP
4712:             1             16  org.zeroturnaround.javarebel.integration.jboss4.LoadMgr3CBP
4713:             1             16  org.zeroturnaround.javarebel.integration.jboss4.RepositoryClassLoaderCBP
4714:             1             16  org.zeroturnaround.javarebel.integration.jboss5.AbstractVFSContextCBP
4715:             1             16  org.zeroturnaround.javarebel.integration.jboss5.BaseClassLoaderCBP
4716:             1             16  org.zeroturnaround.javarebel.integration.jboss5.BaseClassLoaderDomainCBP
4717:             1             16  org.zeroturnaround.javarebel.integration.jboss7.VFSResourceLoaderCBP
4718:             1             16  org.zeroturnaround.javarebel.integration.jbossel.ReferenceCacheCBP
4719:             1             16  org.zeroturnaround.javarebel.integration.jbossel.ReflectionUtilCBP
4720:             1             16  org.zeroturnaround.javarebel.integration.jenkins.AntClassLoader2CBP
4721:             1             16  org.zeroturnaround.javarebel.integration.jenkins.JenkinsAntClassLoaderCBP
4722:             1             16  org.zeroturnaround.javarebel.integration.jenkins.JenkinsCBP
4723:             1             16  org.zeroturnaround.javarebel.integration.jetty.JettyPlugin
4724:             1             16  org.zeroturnaround.javarebel.integration.jetty.JettyWebAppClassLoaderCBP
4725:             1             16  org.zeroturnaround.javarebel.integration.jibx.BindingFactoryBaseCBP
4726:             1             16  org.zeroturnaround.javarebel.integration.jpf.StandardPluginClassLoaderCBP
4727:             1             16  org.zeroturnaround.javarebel.integration.jshell.RemoteClassLoaderCBP
4728:             1             16  org.zeroturnaround.javarebel.integration.liquibase.LiquibaseCBP
4729:             1             16  org.zeroturnaround.javarebel.integration.log4j.Log4jPlugin
4730:             1             16  org.zeroturnaround.javarebel.integration.log4j2.Log4j2Plugin
4731:             1             16  org.zeroturnaround.javarebel.integration.metrics.ICEFacesContextFactoryCBP
4732:             1             16  org.zeroturnaround.javarebel.integration.metrics.JstlCoreTLVCBP
4733:             1             16  org.zeroturnaround.javarebel.integration.metrics.MainEventListenerCBP
4734:             1             16  org.zeroturnaround.javarebel.integration.metrics.TemplateCBP
4735:             1             16  org.zeroturnaround.javarebel.integration.metrics.VersionBeanVersionCBP
4736:             1             16  org.zeroturnaround.javarebel.integration.metro.MetroPlugin
4737:             1             16  org.zeroturnaround.javarebel.integration.mobicents.URLClassLoaderDomainImplCBP
4738:             1             16  org.zeroturnaround.javarebel.integration.modelmapper.TypeResolverCBP
4739:             1             16  org.zeroturnaround.javarebel.integration.netbeans.NetbeansJarClassLoaderCBP
4740:             1             16  org.zeroturnaround.javarebel.integration.netbeans.ProxyClassLoaderCBP
4741:             1             16  org.zeroturnaround.javarebel.integration.netbeans.TopSecurityManagerCBP
4742:             1             16  org.zeroturnaround.javarebel.integration.netty.NettyHttpServerCBP
4743:             1             16  org.zeroturnaround.javarebel.integration.objectdb.ObjectDBDelegationCBP
4744:             1             16  org.zeroturnaround.javarebel.integration.oc4j.ClassPathAccessorCBP
4745:             1             16  org.zeroturnaround.javarebel.integration.oc4j.EJBPackageDeploymentCBP
4746:             1             16  org.zeroturnaround.javarebel.integration.oc4j.NotFoundServletCBP
4747:             1             16  org.zeroturnaround.javarebel.integration.oc4j.PolicyClassLoaderCBP
4748:             1             16  org.zeroturnaround.javarebel.integration.ognl.OgnlRuntimeCBP
4749:             1             16  org.zeroturnaround.javarebel.integration.openejb.OpenEJBBasicURLClassPathCBP
4750:             1             16  org.zeroturnaround.javarebel.integration.openejb.OpenEjbTempClassLoaderCBP
4751:             1             16  org.zeroturnaround.javarebel.integration.openejb.PersistenceClassLoaderHandlerImplCBP
4752:             1             16  org.zeroturnaround.javarebel.integration.openl.UnpackClasspathJarToDirectoryBeanCBP
4753:             1             16  org.zeroturnaround.javarebel.integration.ops4j.WebAppHttpContextCBP
4754:             1             16  org.zeroturnaround.javarebel.integration.powermock.PowermockDeferSupportingClassLoaderCBP
4755:             1             16  org.zeroturnaround.javarebel.integration.prosyst.ProSystBundleLoaderCBP
4756:             1             16  org.zeroturnaround.javarebel.integration.prosyst.ProSystDefaultClassProviderCBP
4757:             1             16  org.zeroturnaround.javarebel.integration.prosyst.ProSystPackagesManagerCBP
4758:             1             16  org.zeroturnaround.javarebel.integration.proxy.bytebuddy.ByteArrayClassLoaderCBP
4759:             1             16  org.zeroturnaround.javarebel.integration.proxy.bytebuddy.ClassDefinitionActionCBP
4760:             1             16  org.zeroturnaround.javarebel.integration.proxy.bytebuddy.ClassInjectorUsingCBP
4761:             1             16  org.zeroturnaround.javarebel.integration.proxy.bytebuddy.ClassInjectorUsingLookupCBP
4762:             1             16  org.zeroturnaround.javarebel.integration.proxy.bytebuddy.DynamicTypeBuilderCBP
4763:             1             16  org.zeroturnaround.javarebel.integration.proxy.bytebuddy.ForLoadedTypeCBP
4764:             1             16  org.zeroturnaround.javarebel.integration.proxy.bytebuddy.InstrumentedTypeDefaultCBP
4765:             1             16  org.zeroturnaround.javarebel.integration.proxy.bytebuddy.InstrumentedTypeFactoryCBP
4766:             1             16  org.zeroturnaround.javarebel.integration.proxy.bytebuddy.MethodRegistryDefaultCBP
4767:             1             16  org.zeroturnaround.javarebel.integration.proxy.cglib.AbstractClassGeneratorCBP
4768:             1             16  org.zeroturnaround.javarebel.integration.proxy.cglib.EnhancerCBP
4769:             1             16  org.zeroturnaround.javarebel.integration.proxy.cglib.FastClassGeneratorCBP
4770:             1             16  org.zeroturnaround.javarebel.integration.proxy.cglib.FastConstructorCBP
4771:             1             16  org.zeroturnaround.javarebel.integration.proxy.cglib.FastMethodCBP
4772:             1             16  org.zeroturnaround.javarebel.integration.proxy.cglib.IndicesCallbackFilterCBP
4773:             1             16  org.zeroturnaround.javarebel.integration.proxy.cglib.ProxyConstructorCBP
4774:             1             16  org.zeroturnaround.javarebel.integration.proxy.cglib.ProxyFactoryCBP
4775:             1             16  org.zeroturnaround.javarebel.integration.proxy.cglib.ReflectUtilsCBP
4776:             1             16  org.zeroturnaround.javarebel.integration.proxy.cglib.UndeclaredThrowableStrategyCBP
4777:             1             16  org.zeroturnaround.javarebel.integration.proxy.deltaspike.AsmProxyClassGeneratorCBP
4778:             1             16  org.zeroturnaround.javarebel.integration.proxy.javassist.ProxyFactoryCBP
4779:             1             16  org.zeroturnaround.javarebel.integration.reflectionslib.ClasspathHelperCBP
4780:             1             16  org.zeroturnaround.javarebel.integration.reflectionslib.ZipDirIterableAbstractIteratorCBP
4781:             1             16  org.zeroturnaround.javarebel.integration.resin.LineConfigExceptionCBP
4782:             1             16  org.zeroturnaround.javarebel.integration.resin.ResinCBP
4783:             1             16  org.zeroturnaround.javarebel.integration.resin.ResinDeployControllerConfigCBP
4784:             1             16  org.zeroturnaround.javarebel.integration.resin.ResinDynamicClassLoaderCBP
4785:             1             16  org.zeroturnaround.javarebel.integration.resin.ResinEnvironmentClassLoaderCBP
4786:             1             16  org.zeroturnaround.javarebel.integration.resin.WatchdogClientCBP
4787:             1             16  org.zeroturnaround.javarebel.integration.resin.WatchdogConfigCBP
4788:             1             16  org.zeroturnaround.javarebel.integration.resteasy.GeneralValidatorImplCBP
4789:             1             16  org.zeroturnaround.javarebel.integration.sap.SapMultiParentClassLoaderCBP
4790:             1             16  org.zeroturnaround.javarebel.integration.sap.SapResourceMultiParentClassLoaderCBP
4791:             1             16  org.zeroturnaround.javarebel.integration.sap.SapSystemURLStreamHandlerFactoryCBP
4792:             1             16  org.zeroturnaround.javarebel.integration.serp.SerpStringsCBP
4793:             1             16  org.zeroturnaround.javarebel.integration.servlet.HttpServletRequestCBP
4794:             1             16  org.zeroturnaround.javarebel.integration.servlet.HttpServletResponseCBP
4795:             1             16  org.zeroturnaround.javarebel.integration.servlet.LiferayCustomServletContextHelperCBP
4796:             1             16  org.zeroturnaround.javarebel.integration.servlet.ServletContextCBP
4797:             1             16  org.zeroturnaround.javarebel.integration.servlet.ServletIntegrationPlugin
4798:             1             16  org.zeroturnaround.javarebel.integration.servlet.gae.StaticFileFilterCBP
4799:             1             16  org.zeroturnaround.javarebel.integration.servlet.jboss.JBossContextConfigCBP
4800:             1             16  org.zeroturnaround.javarebel.integration.servlet.jetty.JettyContextHandlerCBP
4801:             1             16  org.zeroturnaround.javarebel.integration.servlet.jetty.JettyJarFileResourceCBP
4802:             1             16  org.zeroturnaround.javarebel.integration.servlet.jetty.JettyServletContextHandlerCBP
4803:             1             16  org.zeroturnaround.javarebel.integration.servlet.jetty.JettyWebAppContextCBP
4804:             1             16  org.zeroturnaround.javarebel.integration.servlet.jetty.ResourceCBP
4805:             1             16  org.zeroturnaround.javarebel.integration.servlet.liferay.EquinoxServletContextAdaptorCBP
4806:             1             16  org.zeroturnaround.javarebel.integration.servlet.oc4j.ApplicationTldCacheImplCBP
4807:             1             16  org.zeroturnaround.javarebel.integration.servlet.oc4j.HttpApplicationCBP
4808:             1             16  org.zeroturnaround.javarebel.integration.servlet.oc4j.HttpRequestHandlerCBP
4809:             1             16  org.zeroturnaround.javarebel.integration.servlet.oc4j.HttpSiteCBP
4810:             1             16  org.zeroturnaround.javarebel.integration.servlet.oc4j.OC4JJspJavacCompilerCBP
4811:             1             16  org.zeroturnaround.javarebel.integration.servlet.oc4j.ServletDescriptorCBP
4812:             1             16  org.zeroturnaround.javarebel.integration.servlet.oc4j.ServletMappingCBP
4813:             1             16  org.zeroturnaround.javarebel.integration.servlet.resin.InvocationCBP
4814:             1             16  org.zeroturnaround.javarebel.integration.servlet.resin.JspPropertyGroupCBP
4815:             1             16  org.zeroturnaround.javarebel.integration.servlet.resin.PageFilterChainCBP
4816:             1             16  org.zeroturnaround.javarebel.integration.servlet.resin.ResinApplicationCBP
4817:             1             16  org.zeroturnaround.javarebel.integration.servlet.resin.ResinJavaCompilerCBP
4818:             1             16  org.zeroturnaround.javarebel.integration.servlet.sap.SapApplicationContextCBP
4819:             1             16  org.zeroturnaround.javarebel.integration.servlet.undertow.UndertowServletPlugin
4820:             1             16  org.zeroturnaround.javarebel.integration.servlet.virgo.BundleWebResourceRootCBP
4821:             1             16  org.zeroturnaround.javarebel.integration.servlet.virgo.VirgoTomcatServletContainerCBP
4822:             1             16  org.zeroturnaround.javarebel.integration.servlet.weblogic.JSPServletCBP
4823:             1             16  org.zeroturnaround.javarebel.integration.servlet.weblogic.JavelinxJSPStubCBP
4824:             1             16  org.zeroturnaround.javarebel.integration.servlet.weblogic.JavelinxJspPrecompilerCBP
4825:             1             16  org.zeroturnaround.javarebel.integration.servlet.weblogic.JavelinxTagFileStaleCheckerCBP
4826:             1             16  org.zeroturnaround.javarebel.integration.servlet.weblogic.JspConfigCBP
4827:             1             16  org.zeroturnaround.javarebel.integration.servlet.weblogic.JspParserCBP
4828:             1             16  org.zeroturnaround.javarebel.integration.servlet.weblogic.JspStubCBP
4829:             1             16  org.zeroturnaround.javarebel.integration.servlet.weblogic.JspTagLibraryFeatureCBP
4830:             1             16  org.zeroturnaround.javarebel.integration.servlet.weblogic.ServletInvocationActionCBP
4831:             1             16  org.zeroturnaround.javarebel.integration.servlet.weblogic.ServletStubImplCBP
4832:             1             16  org.zeroturnaround.javarebel.integration.servlet.weblogic.TagFileTagInfoCBP
4833:             1             16  org.zeroturnaround.javarebel.integration.servlet.weblogic.WarResourceFinderCBP
4834:             1             16  org.zeroturnaround.javarebel.integration.servlet.weblogic.WebAppConfigManagerCBP
4835:             1             16  org.zeroturnaround.javarebel.integration.servlet.weblogic.WebAppProjectFeatureImplCBP
4836:             1             16  org.zeroturnaround.javarebel.integration.servlet.weblogic.WebAppServletContextCBP
4837:             1             16  org.zeroturnaround.javarebel.integration.servlet.weblogic.WeblogicJspClassLoaderCBP
4838:             1             16  org.zeroturnaround.javarebel.integration.servlet.weblogic.WeblogicTagFileClassLoaderCBP
4839:             1             16  org.zeroturnaround.javarebel.integration.servlet.websphere.AbstractJSPExtensionProcessorCBP
4840:             1             16  org.zeroturnaround.javarebel.integration.servlet.websphere.AbstractJSPExtensionServletWrapperCBP
4841:             1             16  org.zeroturnaround.javarebel.integration.servlet.websphere.CacheServletWrapperCBP
4842:             1             16  org.zeroturnaround.javarebel.integration.servlet.websphere.GeneratorUtilsCBP
4843:             1             16  org.zeroturnaround.javarebel.integration.servlet.websphere.JSPExtensionClassLoaderCBP
4844:             1             16  org.zeroturnaround.javarebel.integration.servlet.websphere.JSPExtensionContextCBP
4845:             1             16  org.zeroturnaround.javarebel.integration.servlet.websphere.JSPExtensionServletWrapperCBP
4846:             1             16  org.zeroturnaround.javarebel.integration.servlet.websphere.JspDependentCBP
4847:             1             16  org.zeroturnaround.javarebel.integration.servlet.websphere.JspInputSourceContainerImplCBP
4848:             1             16  org.zeroturnaround.javarebel.integration.servlet.websphere.JspInputSourceImplCBP
4849:             1             16  org.zeroturnaround.javarebel.integration.servlet.websphere.JspOptionsCBP
4850:             1             16  org.zeroturnaround.javarebel.integration.servlet.websphere.LibertyWebappCBP
4851:             1             16  org.zeroturnaround.javarebel.integration.servlet.websphere.TagFileResourcesImplCBP
4852:             1             16  org.zeroturnaround.javarebel.integration.servlet.websphere.TagLibraryCacheCBP
4853:             1             16  org.zeroturnaround.javarebel.integration.servlet.websphere.ValidateVisitorCBP
4854:             1             16  org.zeroturnaround.javarebel.integration.servlet.websphere.WasServletConfigCBP
4855:             1             16  org.zeroturnaround.javarebel.integration.servlet.websphere.WebContainerCBP
4856:             1             16  org.zeroturnaround.javarebel.integration.servlet.websphere.WebGroupImplCBP
4857:             1             16  org.zeroturnaround.javarebel.integration.servlet.websphere.WebappCBP
4858:             1             16  org.zeroturnaround.javarebel.integration.sling.ClassLoaderFacadeCBP
4859:             1             16  org.zeroturnaround.javarebel.integration.smartGwt.SmartGwtLinkerCBP
4860:             1             16  org.zeroturnaround.javarebel.integration.spring.BundleDelegatingClassLoaderCBP
4861:             1             16  org.zeroturnaround.javarebel.integration.spring.InstrumentationLoadTimeWeaverCBP
4862:             1             16  org.zeroturnaround.javarebel.integration.spring.OverridingClassLoaderCBP
4863:             1             16  org.zeroturnaround.javarebel.integration.spring.ResourceCBP
4864:             1             16  org.zeroturnaround.javarebel.integration.spring.ShadowingClassLoaderCBP
4865:             1             16  org.zeroturnaround.javarebel.integration.spring.SpringMvcPlugin
4866:             1             16  org.zeroturnaround.javarebel.integration.spring.SpringOrmTransactionManagerCBP
4867:             1             16  org.zeroturnaround.javarebel.integration.spring.SpringPlugin
4868:             1             16  org.zeroturnaround.javarebel.integration.spring.SpringWebPlugin
4869:             1             16  org.zeroturnaround.javarebel.integration.spring.TomcatInstrumentableClassLoaderCBP
4870:             1             16  org.zeroturnaround.javarebel.integration.spring.WebApplicationObjectSupportCBP
4871:             1             16  org.zeroturnaround.javarebel.integration.spring.actuator.SpringBootActuatorPlugin
4872:             1             16  org.zeroturnaround.javarebel.integration.spring.annotations.ConfigurationReloaderSpring3
4873:             1             16  org.zeroturnaround.javarebel.integration.spring.aop.AdviceBeanWrapper
4874:             1             16  org.zeroturnaround.javarebel.integration.spring.aop.SpringAopPlugin
4875:             1             16  org.zeroturnaround.javarebel.integration.spring.aop.cbp.AbstractAdvisingBeanPostProcessorCBP
4876:             1             16  org.zeroturnaround.javarebel.integration.spring.aop.cbp.AbstractAutoProxyCreatorCBP
4877:             1             16  org.zeroturnaround.javarebel.integration.spring.aop.cbp.AbstractSingletonProxyFactoryBeanCBP
4878:             1             16  org.zeroturnaround.javarebel.integration.spring.aop.cbp.AdvisedSupportCBP
4879:             1             16  org.zeroturnaround.javarebel.integration.spring.aop.cbp.AnnotationAwareAspectJAutoProxyCreatorCBP
4880:             1             16  org.zeroturnaround.javarebel.integration.spring.aop.cbp.AspectJExpressionPointcutCBP
4881:             1             16  org.zeroturnaround.javarebel.integration.spring.aop.cbp.AutoProxyUtilsCBP
4882:             1             16  org.zeroturnaround.javarebel.integration.spring.aop.cbp.BeanFactoryAspectJAdvisorsBuilderCBP
4883:             1             16  org.zeroturnaround.javarebel.integration.spring.aop.cbp.InfrastructureAdvisorAutoProxyCreatorCBP
4884:             1             16  org.zeroturnaround.javarebel.integration.spring.beans.JsfCdiToSpringBeanFactoryPostProcessorCBP
4885:             1             16  org.zeroturnaround.javarebel.integration.spring.beans.PostProcessorRegistrationDelegateCBP
4886:             1             16  org.zeroturnaround.javarebel.integration.spring.beans.RootBeanDefinitionCBP
4887:             1             16  org.zeroturnaround.javarebel.integration.spring.beans.SpringBeansPlugin
4888:             1             16  org.zeroturnaround.javarebel.integration.spring.beans.XmlBeanDefinitionManager
4889:             1             16  org.zeroturnaround.javarebel.integration.spring.beans.cbp.AbstractApplicationContextCBP
4890:             1             16  org.zeroturnaround.javarebel.integration.spring.beans.cbp.AbstractAutowireCapableBeanFactoryCBP
4891:             1             16  org.zeroturnaround.javarebel.integration.spring.beans.cbp.AbstractBeanDefinitionCBP
4892:             1             16  org.zeroturnaround.javarebel.integration.spring.beans.cbp.AbstractBeanFactoryCBP
4893:             1             16  org.zeroturnaround.javarebel.integration.spring.beans.cbp.AbstractCamelContextFactoryBeanCBP
4894:             1             16  org.zeroturnaround.javarebel.integration.spring.beans.cbp.AbstractRequestAttributesCBP
4895:             1             16  org.zeroturnaround.javarebel.integration.spring.beans.cbp.AutowiredAnnotationBeanPostProcessorCBP
4896:             1             16  org.zeroturnaround.javarebel.integration.spring.beans.cbp.BeanDefinitionHolderCBP
4897:             1             16  org.zeroturnaround.javarebel.integration.spring.beans.cbp.BeanDefinitionParserDelegateCBP
4898:             1             16  org.zeroturnaround.javarebel.integration.spring.beans.cbp.BeanDefinitionValueResolverCBP
4899:             1             16  org.zeroturnaround.javarebel.integration.spring.beans.cbp.CachedIntrospectionResultsCBP
4900:             1             16  org.zeroturnaround.javarebel.integration.spring.beans.cbp.CamelContextFactoryBeanCBP
4901:             1             16  org.zeroturnaround.javarebel.integration.spring.beans.cbp.ContextLoaderListenerCBP
4902:             1             16  org.zeroturnaround.javarebel.integration.spring.beans.cbp.CustomScopeAnnotationConfigurerCBP
4903:             1             16  org.zeroturnaround.javarebel.integration.spring.beans.cbp.DefaultListableBeanFactoryCBP
4904:             1             16  org.zeroturnaround.javarebel.integration.spring.beans.cbp.DefaultSingletonBeanRegistryCBP
4905:             1             16  org.zeroturnaround.javarebel.integration.spring.beans.cbp.FrameworkServletCBP
4906:             1             16  org.zeroturnaround.javarebel.integration.spring.beans.cbp.HybrisWebApplicationBeanFactoryPostProcessorCBP
4907:             1             16  org.zeroturnaround.javarebel.integration.spring.beans.cbp.InjectionMetadataCBP
4908:             1             16  org.zeroturnaround.javarebel.integration.spring.beans.cbp.MBeanExporterCBP
4909:             1             16  org.zeroturnaround.javarebel.integration.spring.beans.cbp.MBeanRegistrationSupportCBP
4910:             1             16  org.zeroturnaround.javarebel.integration.spring.beans.cbp.MutablePropertyValuesCBP
4911:             1             16  org.zeroturnaround.javarebel.integration.spring.beans.cbp.OpenEntityManagerInViewFilterCBP
4912:             1             16  org.zeroturnaround.javarebel.integration.spring.beans.cbp.PlaceholderConfigurerSupportCBP
4913:             1             16  org.zeroturnaround.javarebel.integration.spring.beans.cbp.PropertiesFactoryBeanCBP
4914:             1             16  org.zeroturnaround.javarebel.integration.spring.beans.cbp.PropertyOrFieldReferenceCBP
4915:             1             16  org.zeroturnaround.javarebel.integration.spring.beans.cbp.PropertyResourceConfigurerCBP
4916:             1             16  org.zeroturnaround.javarebel.integration.spring.beans.cbp.PropertyValueCBP
4917:             1             16  org.zeroturnaround.javarebel.integration.spring.beans.cbp.ServletRequestAttributesCBP
4918:             1             16  org.zeroturnaround.javarebel.integration.spring.beans.cbp.SimpleInstantiationStrategyCBP
4919:             1             16  org.zeroturnaround.javarebel.integration.spring.beans.cbp.TypedStringValueCBP
4920:             1             16  org.zeroturnaround.javarebel.integration.spring.beans.cbp.XmlBeanDefinitionReaderCBP
4921:             1             16  org.zeroturnaround.javarebel.integration.spring.beans.cbp.XmlBeanFactoryCBP
4922:             1             16  org.zeroturnaround.javarebel.integration.spring.boot.JrRunCmdLineOnReload
4923:             1             16  org.zeroturnaround.javarebel.integration.spring.boot.Profile
4924:             1             16  org.zeroturnaround.javarebel.integration.spring.boot.SpringBootPlugin
4925:             1             16  org.zeroturnaround.javarebel.integration.spring.boot.cbp.AbstractRepositoryConfigurationSourceSupportCBP
4926:             1             16  org.zeroturnaround.javarebel.integration.spring.boot.cbp.BeanTypeRegistryCBP
4927:             1             16  org.zeroturnaround.javarebel.integration.spring.boot.cbp.ConfigurationBeanFactoryMetadataCBP
4928:             1             16  org.zeroturnaround.javarebel.integration.spring.boot.cbp.ConfigurationPropertiesBinderCBP
4929:             1             16  org.zeroturnaround.javarebel.integration.spring.boot.cbp.ConfigurationPropertiesBindingPostProcessorCBP
4930:             1             16  org.zeroturnaround.javarebel.integration.spring.boot.cbp.LoggingApplicationListenerCBP
4931:             1             16  org.zeroturnaround.javarebel.integration.spring.boot.cbp.OnBeanConditionCBP
4932:             1             16  org.zeroturnaround.javarebel.integration.spring.boot.cbp.PropertiesPropertySourceLoaderCBP
4933:             1             16  org.zeroturnaround.javarebel.integration.spring.boot.cbp.SpringApplicationCBP
4934:             1             16  org.zeroturnaround.javarebel.integration.spring.boot.cbp.StandardLoggingSystemCBP
4935:             1             16  org.zeroturnaround.javarebel.integration.spring.boot.cbp.YamlPropertySourceLoaderCBP
4936:             1             16  org.zeroturnaround.javarebel.integration.spring.cbp.AbstractApplicationContextCBP
4937:             1             16  org.zeroturnaround.javarebel.integration.spring.cbp.AbstractDetectingUrlHandlerMappingCBP
4938:             1             16  org.zeroturnaround.javarebel.integration.spring.cbp.AbstractHandlerMappingCBP
4939:             1             16  org.zeroturnaround.javarebel.integration.spring.cbp.AbstractHandlerMethodMappingCBP
4940:             1             16  org.zeroturnaround.javarebel.integration.spring.cbp.AbstractMapBasedHandlerMappingCBP
4941:             1             16  org.zeroturnaround.javarebel.integration.spring.cbp.AbstractNamedValueMethodArgumentResolverCBP
4942:             1             16  org.zeroturnaround.javarebel.integration.spring.cbp.AbstractRefreshableApplicationContextCBP
4943:             1             16  org.zeroturnaround.javarebel.integration.spring.cbp.AbstractUrlHandlerMappingCBP
4944:             1             16  org.zeroturnaround.javarebel.integration.spring.cbp.AnnotationBeanValidationConfigurationLoaderCBP
4945:             1             16  org.zeroturnaround.javarebel.integration.spring.cbp.AnnotationConfigApplicationContextCBP
4946:             1             16  org.zeroturnaround.javarebel.integration.spring.cbp.AnnotationConfigWebApplicationContextCBP
4947:             1             16  org.zeroturnaround.javarebel.integration.spring.cbp.AnnotationMethodHandlerAdapterCBP
4948:             1             16  org.zeroturnaround.javarebel.integration.spring.cbp.AopUtilsCBP
4949:             1             16  org.zeroturnaround.javarebel.integration.spring.cbp.ApplicationObjectSupportCBP
4950:             1             16  org.zeroturnaround.javarebel.integration.spring.cbp.BeanMethodInterceptorCBP
4951:             1             16  org.zeroturnaround.javarebel.integration.spring.cbp.CachingResourceResolverCBP
4952:             1             16  org.zeroturnaround.javarebel.integration.spring.cbp.ConfigurationClassBeanDefinitionReaderCBP
4953:             1             16  org.zeroturnaround.javarebel.integration.spring.cbp.ConfigurationClassParserCBP
4954:             1             16  org.zeroturnaround.javarebel.integration.spring.cbp.ConfigurationClassPostProcessorCBP
4955:             1             16  org.zeroturnaround.javarebel.integration.spring.cbp.DefaultAnnotationHandlerMappingCBP
4956:             1             16  org.zeroturnaround.javarebel.integration.spring.cbp.DelegatingFilterProxyCBP
4957:             1             16  org.zeroturnaround.javarebel.integration.spring.cbp.DispatcherServletCBP
4958:             1             16  org.zeroturnaround.javarebel.integration.spring.cbp.ExceptionHandlerExceptionResolverCBP
4959:             1             16  org.zeroturnaround.javarebel.integration.spring.cbp.GenericApplicationContextCBP
4960:             1             16  org.zeroturnaround.javarebel.integration.spring.cbp.GenericTypeResolverCBP
4961:             1             16  org.zeroturnaround.javarebel.integration.spring.cbp.HandlerMethodArgumentResolverCompositeCBP
4962:             1             16  org.zeroturnaround.javarebel.integration.spring.cbp.HandlerMethodCBP
4963:             1             16  org.zeroturnaround.javarebel.integration.spring.cbp.MappingRegistryCBP
4964:             1             16  org.zeroturnaround.javarebel.integration.spring.cbp.MethodValidationPostProcessorCBP
4965:             1             16  org.zeroturnaround.javarebel.integration.spring.cbp.MultiActionControllerCBP
4966:             1             16  org.zeroturnaround.javarebel.integration.spring.cbp.PathResourceResolverCBP
4967:             1             16  org.zeroturnaround.javarebel.integration.spring.cbp.PortletDefaultAnnotationHandlerMappingCBP
4968:             1             16  org.zeroturnaround.javarebel.integration.spring.cbp.PortletModeParameterHandlerMappingCBP
4969:             1             16  org.zeroturnaround.javarebel.integration.spring.cbp.PropertySourcesPlaceholderConfigurerCBP
4970:             1             16  org.zeroturnaround.javarebel.integration.spring.cbp.ReloadableResourceBundleMessageSourceCBP
4971:             1             16  org.zeroturnaround.javarebel.integration.spring.cbp.RequestMappingHandlerAdaptorCBP
4972:             1             16  org.zeroturnaround.javarebel.integration.spring.cbp.RequestMappingHandlerMappingCBP
4973:             1             16  org.zeroturnaround.javarebel.integration.spring.cbp.ResourceBundleMessageSourceCBP
4974:             1             16  org.zeroturnaround.javarebel.integration.spring.cbp.ResourceBundleMessageSourceMessageSourceControlCBP
4975:             1             16  org.zeroturnaround.javarebel.integration.spring.cbp.ResourceHttpRequestHandlerCBP
4976:             1             16  org.zeroturnaround.javarebel.integration.spring.cbp.ScheduledMethodRunnableCBP
4977:             1             16  org.zeroturnaround.javarebel.integration.spring.cbp.SchedulingAnnotationBeanPostProcessorCBP
4978:             1             16  org.zeroturnaround.javarebel.integration.spring.cbp.SimpleUrlHandlerMappingCBP
4979:             1             16  org.zeroturnaround.javarebel.integration.spring.cbp.TransactionAspectSupportCBP
4980:             1             16  org.zeroturnaround.javarebel.integration.spring.cbp.TransactionAttributeSourceCBP
4981:             1             16  org.zeroturnaround.javarebel.integration.spring.cbp.VelocityEngineFactoryCBP
4982:             1             16  org.zeroturnaround.javarebel.integration.spring.cbp.ViewControllerBeanDefinitionParserCBP
4983:             1             16  org.zeroturnaround.javarebel.integration.spring.cbp.WebMvcConfigurationSupportCBP
4984:             1             16  org.zeroturnaround.javarebel.integration.spring.cbp.annotations.AbstractFallbackTransactionAttributeSourceCBP
4985:             1             16  org.zeroturnaround.javarebel.integration.spring.cbp.annotations.BeanAnnotationHelperCBP
4986:             1             16  org.zeroturnaround.javarebel.integration.spring.cbp.annotations.ClassPathBeanDefinitionScannerCBP
4987:             1             16  org.zeroturnaround.javarebel.integration.spring.cbp.annotations.ClassPathScanningCandidateComponentProviderCBP
4988:             1             16  org.zeroturnaround.javarebel.integration.spring.cbp.annotations.ComponentScanAnnotationParserCBP
4989:             1             16  org.zeroturnaround.javarebel.integration.spring.cbp.annotations.ComponentScanBeanDefinitionParserCBP
4990:             1             16  org.zeroturnaround.javarebel.integration.spring.cbp.annotations.InjectionMetadataCacheCBP
4991:             1             16  org.zeroturnaround.javarebel.integration.spring.cbp.annotations.ScannedGenericBeanDefinitionCBP
4992:             1             16  org.zeroturnaround.javarebel.integration.spring.cbp.annotations.SchedulingAnnotationDrivenBeanDefinitionParserCBP
4993:             1             16  org.zeroturnaround.javarebel.integration.spring.cbp.instrument.JBossLoadTimeWeaverCBP
4994:             1             16  org.zeroturnaround.javarebel.integration.spring.core.AnnotationsUtilsCacheClearer
4995:             1             16  org.zeroturnaround.javarebel.integration.spring.core.SpringCorePlugin
4996:             1             16  org.zeroturnaround.javarebel.integration.spring.core.cbp.AnnotationsUtilsCBP
4997:             1             16  org.zeroturnaround.javarebel.integration.spring.core.cbp.AttributeAccessorSupportCBP
4998:             1             16  org.zeroturnaround.javarebel.integration.spring.core.cbp.CachingMetadataReaderFactoryCBP
4999:             1             16  org.zeroturnaround.javarebel.integration.spring.core.cbp.LocalVariableTableParameterNameDiscovererCBP
5000:             1             16  org.zeroturnaround.javarebel.integration.spring.core.cbp.MapPropertySourceCBP
5001:             1             16  org.zeroturnaround.javarebel.integration.spring.core.cbp.MethodParameterCBP
5002:             1             16  org.zeroturnaround.javarebel.integration.spring.core.cbp.PathMatchingResourcePatternResolverCBP
5003:             1             16  org.zeroturnaround.javarebel.integration.spring.core.cbp.ReflectionUtilsCBP
5004:             1             16  org.zeroturnaround.javarebel.integration.spring.core.cbp.ResourcePropertySourceCBP
5005:             1             16  org.zeroturnaround.javarebel.integration.spring.core.cbp.SimpleMetadataReaderFactoryCBP
5006:             1             16  org.zeroturnaround.javarebel.integration.spring.core.cbp.VFSResourcePatternResolvingHelperCBP
5007:             1             16  org.zeroturnaround.javarebel.integration.spring.core.cbp.VfsResourceMatchingDelegateCBP
5008:             1             16  org.zeroturnaround.javarebel.integration.spring.jms.SpringJmsPlugin
5009:             1             16  org.zeroturnaround.javarebel.integration.spring.orm.SpringOrmPlugin
5010:             1             16  org.zeroturnaround.javarebel.integration.spring.oxm.SpringOxmPlugin
5011:             1             16  org.zeroturnaround.javarebel.integration.spring.reactive.SpringWebFluxPlugin
5012:             1             16  org.zeroturnaround.javarebel.integration.spring.webflow.SpringWebflowPlugin
5013:             1             16  org.zeroturnaround.javarebel.integration.streambase.StreamBaseJarClassLoaderCBP
5014:             1             16  org.zeroturnaround.javarebel.integration.struts.Struts1Plugin
5015:             1             16  org.zeroturnaround.javarebel.integration.struts2.Struts2Plugin
5016:             1             16  org.zeroturnaround.javarebel.integration.support.JavassistClassBytecodeProcessor$1
5017:             1             16  org.zeroturnaround.javarebel.integration.support.JavassistClassBytecodeProcessor$2
5018:             1             16  org.zeroturnaround.javarebel.integration.support.RestrictedClassClassPath
5019:             1             16  org.zeroturnaround.javarebel.integration.swagger.ApiListingResourceCBP
5020:             1             16  org.zeroturnaround.javarebel.integration.swagger.SwaggerCBP
5021:             1             16  org.zeroturnaround.javarebel.integration.swagger.SwaggerConfigCBP
5022:             1             16  org.zeroturnaround.javarebel.integration.tapestry4.Tapestry4Plugin
5023:             1             16  org.zeroturnaround.javarebel.integration.tapestry5.Tapestry5Plugin
5024:             1             16  org.zeroturnaround.javarebel.integration.tcat.TcatClassLoaderFilter
5025:             1             16  org.zeroturnaround.javarebel.integration.tk.WebAppMigrationLauncherCBP
5026:             1             16  org.zeroturnaround.javarebel.integration.tomcat.ProxyDirContextCBP
5027:             1             16  org.zeroturnaround.javarebel.integration.tomcat.StandardJarScannerCBP
5028:             1             16  org.zeroturnaround.javarebel.integration.tomcat.WebappClassLoaderCBP
5029:             1             16  org.zeroturnaround.javarebel.integration.tomee.OpenEJBContextConfigCBP
5030:             1             16  org.zeroturnaround.javarebel.integration.tomee.TomcatWebAppBuilderCBP
5031:             1             16  org.zeroturnaround.javarebel.integration.tomee.TomeeUrlCacheCBP
5032:             1             16  org.zeroturnaround.javarebel.integration.util.MonitorUtil$1
5033:             1             16  org.zeroturnaround.javarebel.integration.util.RequestCountingUtil$CountingRequestListener
5034:             1             16  org.zeroturnaround.javarebel.integration.util.WeakUtil$WeakListenerReference$1
5035:             1             16  org.zeroturnaround.javarebel.integration.vaadin.ApplicationCBP
5036:             1             16  org.zeroturnaround.javarebel.integration.vaadin.RouteRegistryCBP
5037:             1             16  org.zeroturnaround.javarebel.integration.vaadin.UICBP
5038:             1             16  org.zeroturnaround.javarebel.integration.vaadin.spring.SpringViewDisplayPostProcessorCBP
5039:             1             16  org.zeroturnaround.javarebel.integration.vaadin.spring.SpringViewDisplayRegistrationBeanCBP
5040:             1             16  org.zeroturnaround.javarebel.integration.vfs.VFSCBP
5041:             1             16  org.zeroturnaround.javarebel.integration.virgo.FindResourceDelegatingClassLoaderCBP
5042:             1             16  org.zeroturnaround.javarebel.integration.virgo.KernelBundleClassLoaderCBP
5043:             1             16  org.zeroturnaround.javarebel.integration.virgo.SnapServletContextCBP
5044:             1             16  org.zeroturnaround.javarebel.integration.virgo.VirgoThrowAwayClassLoaderCBP
5045:             1             16  org.zeroturnaround.javarebel.integration.vraptor.VRaptorCBP
5046:             1             16  org.zeroturnaround.javarebel.integration.vraptor.VRaptorPlugin
5047:             1             16  org.zeroturnaround.javarebel.integration.weblogic.AbstractPersistenceUnitRegistryCBP
5048:             1             16  org.zeroturnaround.javarebel.integration.weblogic.ByteArraySourceCBP
5049:             1             16  org.zeroturnaround.javarebel.integration.weblogic.ChangeAwareClassLoaderCBP
5050:             1             16  org.zeroturnaround.javarebel.integration.weblogic.ClassFinderIndexCBP
5051:             1             16  org.zeroturnaround.javarebel.integration.weblogic.DirectoryClassFinderCBP
5052:             1             16  org.zeroturnaround.javarebel.integration.weblogic.FilteringClassLoaderCBP
5053:             1             16  org.zeroturnaround.javarebel.integration.weblogic.GenericClassLoaderCBP
5054:             1             16  org.zeroturnaround.javarebel.integration.weblogic.PersistenceUtilsCBP
5055:             1             16  org.zeroturnaround.javarebel.integration.weblogic.ZipClassFinderCBP
5056:             1             16  org.zeroturnaround.javarebel.integration.weblogic.logging.BaseLoggerCBP
5057:             1             16  org.zeroturnaround.javarebel.integration.weblogic.logging.CodeGeneratorCBP
5058:             1             16  org.zeroturnaround.javarebel.integration.weblogic.logging.CompilerForJDTCBP
5059:             1             16  org.zeroturnaround.javarebel.integration.weblogic.logging.CompilerInvokerCBP
5060:             1             16  org.zeroturnaround.javarebel.integration.weblogic.logging.DebugLoggerCBP
5061:             1             16  org.zeroturnaround.javarebel.integration.weblogic.logging.T3SrvrLoggerCBP
5062:             1             16  org.zeroturnaround.javarebel.integration.websphere.CompoundClassLoaderCBP
5063:             1             16  org.zeroturnaround.javarebel.integration.websphere.ContainerClassLoaderCBP
5064:             1             16  org.zeroturnaround.javarebel.integration.websphere.JPAApplInfoCBP
5065:             1             16  org.zeroturnaround.javarebel.integration.websphere.MobilefirstParentLastClassLoader
5066:             1             16  org.zeroturnaround.javarebel.integration.websphere.SRTServletResponseCBP
5067:             1             16  org.zeroturnaround.javarebel.integration.websphere.SharedJPAComponentImplCBP
5068:             1             16  org.zeroturnaround.javarebel.integration.websphere.SmartClassPathImplCBP
5069:             1             16  org.zeroturnaround.javarebel.integration.websphere.URLByteResourceInformationCBP
5070:             1             16  org.zeroturnaround.javarebel.integration.websphere.WasAppClassLoaderCBP
5071:             1             16  org.zeroturnaround.javarebel.integration.websphere.WasExtClassLoaderCBP
5072:             1             16  org.zeroturnaround.javarebel.integration.websphere.WasReloadableClassLoaderCBP
5073:             1             16  org.zeroturnaround.javarebel.integration.websphere.WasUnifiedClassLoaderCBP
5074:             1             16  org.zeroturnaround.javarebel.integration.websphere.WlpJPAPUnitInfoCBP
5075:             1             16  org.zeroturnaround.javarebel.integration.websphere.WlpShadowClassLoaderCBP
5076:             1             16  org.zeroturnaround.javarebel.integration.wildfly.cbp.BeansXmlProcessorCBP
5077:             1             16  org.zeroturnaround.javarebel.integration.wildfly.cbp.ExternalBeanArchiveProcessorCBP
5078:             1             16  org.zeroturnaround.javarebel.integration.wildfly.cbp.ServerEnvironmentCBP
5079:             1             16  org.zeroturnaround.javarebel.integration.wildfly.undertow.WildFlyPlugin
5080:             1             16  org.zeroturnaround.javarebel.integration.yoko.YokoField
5081:             1             16  org.zeroturnaround.javarebel.integration.yoko.YokoLocalDescriptorsCBP
5082:             1             16  org.zeroturnaround.javarebel.jboss.JbossPlugin
5083:             1             16  org.zeroturnaround.javarebel.jboss7.Jboss7Plugin
5084:             1             16  org.zeroturnaround.javarebel.preferences.FileStore$RetryFS
5085:             1             16  org.zeroturnaround.javarebel.reporting.MixpanelMetrics$1
5086:             1             16  org.zeroturnaround.javarebel.reporting.MixpanelMetrics$9
5087:             1             16  org.zeroturnaround.javarebel.reporting.StatsPersister
5088:             1             16  org.zeroturnaround.javarebel.reporting.Time$DefaultTimeProvider
5089:             1             16  org.zeroturnaround.javarebel.reporting.backend.impl.SegmentIOBackend$HttpBackend
5090:             1             16  org.zeroturnaround.javarebel.reporting.interceptors.ActivatedFilter
5091:             1             16  org.zeroturnaround.javarebel.reporting.interceptors.PIIConsentFilter
5092:             1             16  org.zeroturnaround.javarebel.reporting.interceptors.RemotingFilter
5093:             1             16  org.zeroturnaround.javarebel.reporting.stats.DebuggerStatsListener
5094:             1             16  org.zeroturnaround.javarebel.reporting.stats.SpringStatsListener
5095:             1             16  org.zeroturnaround.javarebel.reporting.stats.UsedContainerManager
5096:             1             16  org.zeroturnaround.javarebel.reporting.stats.UsedContainerManager$ContainerIdentifierListener
5097:             1             16  org.zeroturnaround.javarebel.reporting.stats.repository.impl.RepositoryMetricsStatistics$ModuleDeployStatsListener
5098:             1             16  org.zeroturnaround.javarebel.reporting.stats.repository.impl.RepositoryMetricsStatistics$PropertyStatsListener
5099:             1             16  org.zeroturnaround.javarebel.seamwicket.SeamWicketPlugin
5100:             1             16  org.zeroturnaround.javarebel.service.ServiceRequestIntegrationImpl
5101:             1             16  org.zeroturnaround.javarebel.service.ServiceRequestIntegrationImpl$ListenerPriorityComparator
5102:             1             16  org.zeroturnaround.javarebel.spring.SpringMetrics$SendToStatisticsCollectorStrategy
5103:             1             16  org.zeroturnaround.javarebel.spring.SpringMetrics$ShipInBackgroundThreadStrategy
5104:             1             16  org.zeroturnaround.javarebel.spring.handlermethod.HandlerMethodHelper
5105:             1             16  org.zeroturnaround.javarebel.velocity.VelocityPlugin
5106:             1             16  org.zeroturnaround.jrebel.GrailsCliPlugin
5107:             1             16  org.zeroturnaround.jrebel.adf.core.AdfCorePlugin
5108:             1             16  org.zeroturnaround.jrebel.adf.faces.AdfFacesPlugin
5109:             1             16  org.zeroturnaround.jrebel.apache.commons.compress.archivers.zip.FallbackZipEncoding
5110:             1             16  org.zeroturnaround.jrebel.apache.commons.compress.archivers.zip.JarMarker
5111:             1             16  org.zeroturnaround.jrebel.axon.AxonPlugin
5112:             1             16  org.zeroturnaround.jrebel.bval.BValPlugin
5113:             1             16  org.zeroturnaround.jrebel.camel.CamelPlugin
5114:             1             16  org.zeroturnaround.jrebel.captaincasa.CaptainCasaPlugin
5115:             1             16  org.zeroturnaround.jrebel.deltaspike.DeltaspikePlugin
5116:             1             16  org.zeroturnaround.jrebel.ebean.EbeanPlugin
5117:             1             16  org.zeroturnaround.jrebel.facelets.FaceletsPlugin
5118:             1             16  org.zeroturnaround.jrebel.gemini.blueprint.GeminiBlueprintPlugin
5119:             1             16  org.zeroturnaround.jrebel.glassfish.GlassFishPlugin
5120:             1             16  org.zeroturnaround.jrebel.grails2.Grails2Plugin
5121:             1             16  org.zeroturnaround.jrebel.grails2.util.GrailsVersionComparator
5122:             1             16  org.zeroturnaround.jrebel.grails3.Grails3Plugin
5123:             1             16  org.zeroturnaround.jrebel.groovy.GroovyPlugin
5124:             1             16  org.zeroturnaround.jrebel.hibernate.validator.HibernateValidatorPlugin
5125:             1             16  org.zeroturnaround.jrebel.hibernate.validator.cbp.AnnotationMetaDataProviderCBP
5126:             1             16  org.zeroturnaround.jrebel.hibernate.validator.cbp.BeanMetaDataCacheCBP
5127:             1             16  org.zeroturnaround.jrebel.hibernate.validator.cbp.BeanMetaDataManagerCBP
5128:             1             16  org.zeroturnaround.jrebel.hibernate.validator.cbp.ConfigurationImplCBP
5129:             1             16  org.zeroturnaround.jrebel.hibernate.validator.cbp.ConstraintHelperCBP
5130:             1             16  org.zeroturnaround.jrebel.hibernate.validator.cbp.ConstraintLocationCBP
5131:             1             16  org.zeroturnaround.jrebel.hibernate.validator.cbp.ConstraintValidatorManagerCBP
5132:             1             16  org.zeroturnaround.jrebel.hibernate.validator.cbp.ResolvedTypeCacheCBP
5133:             1             16  org.zeroturnaround.jrebel.hibernate.validator.cbp.ResolvedTypeCacheCBP$KeyCBP
5134:             1             16  org.zeroturnaround.jrebel.hibernate.validator.cbp.ResourceBundleMessageInterpolatorCBP
5135:             1             16  org.zeroturnaround.jrebel.hibernate.validator.cbp.ValidationBootstrapParametersCBP
5136:             1             16  org.zeroturnaround.jrebel.hibernate.validator.cbp.ValidatorClassMapCBP
5137:             1             16  org.zeroturnaround.jrebel.hibernate.validator.cbp.ValidatorDescriptorMapCBP
5138:             1             16  org.zeroturnaround.jrebel.hibernate.validator.cbp.ValidatorFactoryImpl23CBP
5139:             1             16  org.zeroturnaround.jrebel.hibernate.validator.cbp.ValidatorFactoryImplCBP
5140:             1             16  org.zeroturnaround.jrebel.hibernate.validator.cbp.ValidatorImplCBP
5141:             1             16  org.zeroturnaround.jrebel.hibernate.validator.cbp.VersionCBP
5142:             1             16  org.zeroturnaround.jrebel.hk2.HK2Plugin
5143:             1             16  org.zeroturnaround.jrebel.hybris.HybrisPlugin
5144:             1             16  org.zeroturnaround.jrebel.ibatis.IbatisPlugin
5145:             1             16  org.zeroturnaround.jrebel.infinispan.InfinispanPlugin
5146:             1             16  org.zeroturnaround.jrebel.integration.amazon.AmazonPlugin
5147:             1             16  org.zeroturnaround.jrebel.integration.atg.AtgPlugin
5148:             1             16  org.zeroturnaround.jrebel.integration.axis2.Axis2Plugin
5149:             1             16  org.zeroturnaround.jrebel.integration.axis2.was.Axis2WasPlugin
5150:             1             16  org.zeroturnaround.jrebel.integration.click.ClickPlugin
5151:             1             16  org.zeroturnaround.jrebel.integration.eclipselink.EclipseLinkPlugin
5152:             1             16  org.zeroturnaround.jrebel.integration.eclipselinkmoxy.EclipseLinkMOXyPlugin
5153:             1             16  org.zeroturnaround.jrebel.integration.gwt.GwtPlugin
5154:             1             16  org.zeroturnaround.jrebel.integration.jasypt.JasyptPlugin
5155:             1             16  org.zeroturnaround.jrebel.integration.logback.LogbackPlugin
5156:             1             16  org.zeroturnaround.jrebel.integration.logback.cbp.ContextBaseCBP
5157:             1             16  org.zeroturnaround.jrebel.integration.logback.cbp.ContextInitializerCBP
5158:             1             16  org.zeroturnaround.jrebel.integration.logback.cbp.LoggerCBP
5159:             1             16  org.zeroturnaround.jrebel.integration.openjpa.OpenJPAPlugin
5160:             1             16  org.zeroturnaround.jrebel.integration.seam3.Seam3Plugin
5161:             1             16  org.zeroturnaround.jrebel.integration.spring.integration.SpringIntegrationPlugin
5162:             1             16  org.zeroturnaround.jrebel.integration.spring.security.SpringSecurityPlugin
5163:             1             16  org.zeroturnaround.jrebel.integration.springdata.SpringDataPlugin
5164:             1             16  org.zeroturnaround.jrebel.integration.stripes.StripesPlugin
5165:             1             16  org.zeroturnaround.jrebel.integration.tiles1.Tiles1Plugin
5166:             1             16  org.zeroturnaround.jrebel.integration.tiles2.Tiles2Plugin
5167:             1             16  org.zeroturnaround.jrebel.integration.toplink.TopLinkPlugin
5168:             1             16  org.zeroturnaround.jrebel.integration.toplink.spring.TopLinkSpringPlugin
5169:             1             16  org.zeroturnaround.jrebel.intellij.FSNotifyPlugin
5170:             1             16  org.zeroturnaround.jrebel.intellij.FileWatcher$Counter
5171:             1             16  org.zeroturnaround.jrebel.intellij.FileWatcher$ErrorListener
5172:             1             16  org.zeroturnaround.jrebel.intellij.FileWatcher$RegistrationLatch
5173:             1             16  org.zeroturnaround.jrebel.jackson.JacksonPlugin
5174:             1             16  org.zeroturnaround.jrebel.jackson2.Jackson2Plugin
5175:             1             16  org.zeroturnaround.jrebel.jackson2.afterburner.cbp.CreatorOptimizerCBP
5176:             1             16  org.zeroturnaround.jrebel.jackson2.afterburner.cbp.DeserializerModifierCBP
5177:             1             16  org.zeroturnaround.jrebel.jackson2.afterburner.cbp.MyClassLoaderCBP
5178:             1             16  org.zeroturnaround.jrebel.jackson2.afterburner.cbp.PropertyAccessorCollectorCBP
5179:             1             16  org.zeroturnaround.jrebel.jackson2.afterburner.cbp.PropertyMutatorCollectorCBP
5180:             1             16  org.zeroturnaround.jrebel.jackson2.afterburner.cbp.SerializerModifierCBP
5181:             1             16  org.zeroturnaround.jrebel.jackson2.cbp.ClassUtilCBP
5182:             1             16  org.zeroturnaround.jrebel.jackson2.cbp.ReadOnlyClassToSerializerMap2CBP
5183:             1             16  org.zeroturnaround.jrebel.jackson2.cbp.SerializerCache2CBP
5184:             1             16  org.zeroturnaround.jrebel.jackson2.cbp.StdDeserializerProviderCBP
5185:             1             16  org.zeroturnaround.jrebel.jackson2.cbp.TypeFactoryCBP
5186:             1             16  org.zeroturnaround.jrebel.jackson2.cbp.UnwrappingBeanPropertyWriterCBP
5187:             1             16  org.zeroturnaround.jrebel.jaxb.JAXBPlugin
5188:             1             16  org.zeroturnaround.jrebel.jaxb.endorsed.JAXBEndorsedPlugin
5189:             1             16  org.zeroturnaround.jrebel.jaxb.ibm.JAXBIbmPlugin
5190:             1             16  org.zeroturnaround.jrebel.jaxb.java6.JAXBJava6Plugin
5191:             1             16  org.zeroturnaround.jrebel.jaxb.java6.cbp.AccessorInjectorCBP
5192:             1             16  org.zeroturnaround.jrebel.jaxb.java6.cbp.JAXBContextBuilderCBP
5193:             1             16  org.zeroturnaround.jrebel.jaxb.java6.cbp.JAXBContextFactoryCBP
5194:             1             16  org.zeroturnaround.jrebel.jaxb.java6.cbp.JAXBContextImplCBP
5195:             1             16  org.zeroturnaround.jrebel.jbossaop.JBossAOPPlugin
5196:             1             16  org.zeroturnaround.jrebel.jersey.JerseyPlugin
5197:             1             16  org.zeroturnaround.jrebel.jersey2.Jersey2Plugin
5198:             1             16  org.zeroturnaround.jrebel.jruby.JRubyPlugin
5199:             1             16  org.zeroturnaround.jrebel.liferay.LiferayPlugin
5200:             1             16  org.zeroturnaround.jrebel.liferay.LiferayStatusPlugin
5201:             1             16  org.zeroturnaround.jrebel.lift.LiftPlugin
5202:             1             16  org.zeroturnaround.jrebel.magnolia.MagnoliaPlugin
5203:             1             16  org.zeroturnaround.jrebel.mojarra.MojarraPlugin
5204:             1             16  org.zeroturnaround.jrebel.mustache.MustachePlugin
5205:             1             16  org.zeroturnaround.jrebel.mybatis.MyBatisPlugin
5206:             1             16  org.zeroturnaround.jrebel.myfaces.MyFacesPlugin
5207:             1             16  org.zeroturnaround.jrebel.openwebbeans.OpenWebBeansPlugin
5208:             1             16  org.zeroturnaround.jrebel.picketlink.PicketlinkPlugin
5209:             1             16  org.zeroturnaround.jrebel.prettyfaces.PrettyfacesPlugin
5210:             1             16  org.zeroturnaround.jrebel.primefaces.PrimefacesPlugin
5211:             1             16  org.zeroturnaround.jrebel.remoting.RemotingPlugin
5212:             1             16  org.zeroturnaround.jrebel.remoting.RootRemotingPlugin
5213:             1             16  org.zeroturnaround.jrebel.resteasy.ResteasyPlugin
5214:             1             16  org.zeroturnaround.jrebel.resteasy.spring.RESTEasySpringPlugin
5215:             1             16  org.zeroturnaround.jrebel.restlet.RestletPlugin
5216:             1             16  org.zeroturnaround.jrebel.scalate.ScalatePlugin
5217:             1             16  org.zeroturnaround.jrebel.seam.SeamPlugin
5218:             1             16  org.zeroturnaround.jrebel.solder.SolderPlugin
5219:             1             16  org.zeroturnaround.jrebel.spring.metro.SpringMetroPlugin
5220:             1             16  org.zeroturnaround.jrebel.springfox.SpringfoxPlugin
5221:             1             16  org.zeroturnaround.jrebel.springplugin.SpringPluginPlugin
5222:             1             16  org.zeroturnaround.jrebel.springws.SpringWSPlugin
5223:             1             16  org.zeroturnaround.jrebel.stats.id.container.ContainerIdentifierPlugin
5224:             1             16  org.zeroturnaround.jrebel.stats.startup.tomcat.HostConfigCBP
5225:             1             16  org.zeroturnaround.jrebel.stats.startup.tomcat.StandardServerStartCBP
5226:             1             16  org.zeroturnaround.jrebel.switchyard.SwitchYardPlugin
5227:             1             16  org.zeroturnaround.jrebel.thymeleaf.ThymeleafPlugin
5228:             1             16  org.zeroturnaround.jrebel.undertow.UndertowPlugin
5229:             1             16  org.zeroturnaround.jrebel.vaadin.VaadinPlugin
5230:             1             16  org.zeroturnaround.jrebel.vaadin.cdiutils.VaadinCdiutilsPlugin
5231:             1             16  org.zeroturnaround.jrebel.weblogic.WeblogicPlugin
5232:             1             16  org.zeroturnaround.jrebel.websphere.WebsphereJAXRS2Plugin
5233:             1             16  org.zeroturnaround.jrebel.websphere.WebspherePlugin
5234:             1             16  org.zeroturnaround.jrebel.weld.WeldPlugin
5235:             1             16  org.zeroturnaround.jrebel.weld2.Weld2Plugin
5236:             1             16  org.zeroturnaround.jrebel.weld2.glassfish.Weld2GlassfishPlugin
5237:             1             16  org.zeroturnaround.jrebel.weld2.websphere.Weld2WebspherePlugin
5238:             1             16  org.zeroturnaround.jrebel.wicket.WicketPlugin
5239:             1             16  org.zeroturnaround.jrebel.wink.WinkPlugin
5240:             1             16  org.zeroturnaround.jrebel.zk.ZKPlugin
5241:             1             16  sun.management.ClassLoadingImpl
5242:             1             16  sun.management.HotSpotDiagnostic
5243:             1             16  sun.management.ManagementFactoryHelper$PlatformLoggingImpl
5244:             1             16  sun.management.jmxremote.LocalRMIServerSocketFactory
5245:             1             16  sun.misc.ASCIICaseInsensitiveComparator
5246:             1             16  sun.misc.FloatingDecimal$1
5247:             1             16  sun.misc.Launcher
5248:             1             16  sun.misc.Launcher$Factory
5249:             1             16  sun.misc.ObjectInputFilter$Config$$Lambda$8/1738867229
5250:             1             16  sun.misc.Perf
5251:             1             16  sun.misc.Unsafe
5252:             1             16  sun.net.DefaultProgressMeteringPolicy
5253:             1             16  sun.net.ExtendedOptionsImpl$$Lambda$421/454256192
5254:             1             16  sun.net.idn.StringPrep$StringPrepTrieImpl
5255:             1             16  sun.net.spi.DefaultProxySelector
5256:             1             16  sun.net.www.protocol.jar.JarFileFactory
5257:             1             16  sun.nio.ch.ExtendedSocketOption$1
5258:             1             16  sun.nio.ch.FileChannelImpl$1
5259:             1             16  sun.nio.ch.Net$1
5260:             1             16  sun.nio.ch.Util$1
5261:             1             16  sun.nio.ch.WindowsSelectorProvider
5262:             1             16  sun.nio.cs.CharsetMapping$2
5263:             1             16  sun.nio.cs.CharsetMapping$3
5264:             1             16  sun.nio.cs.CharsetMapping$4
5265:             1             16  sun.nio.fs.WindowsChannelFactory$1
5266:             1             16  sun.nio.fs.WindowsFileSystemProvider
5267:             1             16  sun.reflect.GeneratedConstructorAccessor1
5268:             1             16  sun.reflect.GeneratedConstructorAccessor10
5269:             1             16  sun.reflect.GeneratedConstructorAccessor11
5270:             1             16  sun.reflect.GeneratedConstructorAccessor12
5271:             1             16  sun.reflect.GeneratedConstructorAccessor13
5272:             1             16  sun.reflect.GeneratedConstructorAccessor14
5273:             1             16  sun.reflect.GeneratedConstructorAccessor15
5274:             1             16  sun.reflect.GeneratedConstructorAccessor16
5275:             1             16  sun.reflect.GeneratedConstructorAccessor17
5276:             1             16  sun.reflect.GeneratedConstructorAccessor18
5277:             1             16  sun.reflect.GeneratedConstructorAccessor19
5278:             1             16  sun.reflect.GeneratedConstructorAccessor2
5279:             1             16  sun.reflect.GeneratedConstructorAccessor20
5280:             1             16  sun.reflect.GeneratedConstructorAccessor21
5281:             1             16  sun.reflect.GeneratedConstructorAccessor22
5282:             1             16  sun.reflect.GeneratedConstructorAccessor23
5283:             1             16  sun.reflect.GeneratedConstructorAccessor24
5284:             1             16  sun.reflect.GeneratedConstructorAccessor25
5285:             1             16  sun.reflect.GeneratedConstructorAccessor26
5286:             1             16  sun.reflect.GeneratedConstructorAccessor27
5287:             1             16  sun.reflect.GeneratedConstructorAccessor28
5288:             1             16  sun.reflect.GeneratedConstructorAccessor29
5289:             1             16  sun.reflect.GeneratedConstructorAccessor3
5290:             1             16  sun.reflect.GeneratedConstructorAccessor30
5291:             1             16  sun.reflect.GeneratedConstructorAccessor31
5292:             1             16  sun.reflect.GeneratedConstructorAccessor32
5293:             1             16  sun.reflect.GeneratedConstructorAccessor33
5294:             1             16  sun.reflect.GeneratedConstructorAccessor34
5295:             1             16  sun.reflect.GeneratedConstructorAccessor35
5296:             1             16  sun.reflect.GeneratedConstructorAccessor36
5297:             1             16  sun.reflect.GeneratedConstructorAccessor37
5298:             1             16  sun.reflect.GeneratedConstructorAccessor38
5299:             1             16  sun.reflect.GeneratedConstructorAccessor39
5300:             1             16  sun.reflect.GeneratedConstructorAccessor4
5301:             1             16  sun.reflect.GeneratedConstructorAccessor40
5302:             1             16  sun.reflect.GeneratedConstructorAccessor41
5303:             1             16  sun.reflect.GeneratedConstructorAccessor42
5304:             1             16  sun.reflect.GeneratedConstructorAccessor43
5305:             1             16  sun.reflect.GeneratedConstructorAccessor44
5306:             1             16  sun.reflect.GeneratedConstructorAccessor45
5307:             1             16  sun.reflect.GeneratedConstructorAccessor46
5308:             1             16  sun.reflect.GeneratedConstructorAccessor47
5309:             1             16  sun.reflect.GeneratedConstructorAccessor48
5310:             1             16  sun.reflect.GeneratedConstructorAccessor49
5311:             1             16  sun.reflect.GeneratedConstructorAccessor5
5312:             1             16  sun.reflect.GeneratedConstructorAccessor50
5313:             1             16  sun.reflect.GeneratedConstructorAccessor51
5314:             1             16  sun.reflect.GeneratedConstructorAccessor52
5315:             1             16  sun.reflect.GeneratedConstructorAccessor53
5316:             1             16  sun.reflect.GeneratedConstructorAccessor54
5317:             1             16  sun.reflect.GeneratedConstructorAccessor55
5318:             1             16  sun.reflect.GeneratedConstructorAccessor56
5319:             1             16  sun.reflect.GeneratedConstructorAccessor57
5320:             1             16  sun.reflect.GeneratedConstructorAccessor58
5321:             1             16  sun.reflect.GeneratedConstructorAccessor59
5322:             1             16  sun.reflect.GeneratedConstructorAccessor6
5323:             1             16  sun.reflect.GeneratedConstructorAccessor60
5324:             1             16  sun.reflect.GeneratedConstructorAccessor61
5325:             1             16  sun.reflect.GeneratedConstructorAccessor7
5326:             1             16  sun.reflect.GeneratedConstructorAccessor8
5327:             1             16  sun.reflect.GeneratedConstructorAccessor9
5328:             1             16  sun.reflect.GeneratedMethodAccessor1
5329:             1             16  sun.reflect.GeneratedMethodAccessor10
5330:             1             16  sun.reflect.GeneratedMethodAccessor11
5331:             1             16  sun.reflect.GeneratedMethodAccessor12
5332:             1             16  sun.reflect.GeneratedMethodAccessor13
5333:             1             16  sun.reflect.GeneratedMethodAccessor14
5334:             1             16  sun.reflect.GeneratedMethodAccessor15
5335:             1             16  sun.reflect.GeneratedMethodAccessor16
5336:             1             16  sun.reflect.GeneratedMethodAccessor17
5337:             1             16  sun.reflect.GeneratedMethodAccessor18
5338:             1             16  sun.reflect.GeneratedMethodAccessor19
5339:             1             16  sun.reflect.GeneratedMethodAccessor2
5340:             1             16  sun.reflect.GeneratedMethodAccessor20
5341:             1             16  sun.reflect.GeneratedMethodAccessor21
5342:             1             16  sun.reflect.GeneratedMethodAccessor22
5343:             1             16  sun.reflect.GeneratedMethodAccessor23
5344:             1             16  sun.reflect.GeneratedMethodAccessor24
5345:             1             16  sun.reflect.GeneratedMethodAccessor25
5346:             1             16  sun.reflect.GeneratedMethodAccessor26
5347:             1             16  sun.reflect.GeneratedMethodAccessor27
5348:             1             16  sun.reflect.GeneratedMethodAccessor28
5349:             1             16  sun.reflect.GeneratedMethodAccessor29
5350:             1             16  sun.reflect.GeneratedMethodAccessor3
5351:             1             16  sun.reflect.GeneratedMethodAccessor30
5352:             1             16  sun.reflect.GeneratedMethodAccessor31
5353:             1             16  sun.reflect.GeneratedMethodAccessor32
5354:             1             16  sun.reflect.GeneratedMethodAccessor33
5355:             1             16  sun.reflect.GeneratedMethodAccessor34
5356:             1             16  sun.reflect.GeneratedMethodAccessor35
5357:             1             16  sun.reflect.GeneratedMethodAccessor36
5358:             1             16  sun.reflect.GeneratedMethodAccessor37
5359:             1             16  sun.reflect.GeneratedMethodAccessor38
5360:             1             16  sun.reflect.GeneratedMethodAccessor39
5361:             1             16  sun.reflect.GeneratedMethodAccessor4
5362:             1             16  sun.reflect.GeneratedMethodAccessor40
5363:             1             16  sun.reflect.GeneratedMethodAccessor41
5364:             1             16  sun.reflect.GeneratedMethodAccessor42
5365:             1             16  sun.reflect.GeneratedMethodAccessor43
5366:             1             16  sun.reflect.GeneratedMethodAccessor44
5367:             1             16  sun.reflect.GeneratedMethodAccessor45
5368:             1             16  sun.reflect.GeneratedMethodAccessor46
5369:             1             16  sun.reflect.GeneratedMethodAccessor47
5370:             1             16  sun.reflect.GeneratedMethodAccessor48
5371:             1             16  sun.reflect.GeneratedMethodAccessor49
5372:             1             16  sun.reflect.GeneratedMethodAccessor5
5373:             1             16  sun.reflect.GeneratedMethodAccessor50
5374:             1             16  sun.reflect.GeneratedMethodAccessor51
5375:             1             16  sun.reflect.GeneratedMethodAccessor52
5376:             1             16  sun.reflect.GeneratedMethodAccessor53
5377:             1             16  sun.reflect.GeneratedMethodAccessor54
5378:             1             16  sun.reflect.GeneratedMethodAccessor55
5379:             1             16  sun.reflect.GeneratedMethodAccessor56
5380:             1             16  sun.reflect.GeneratedMethodAccessor57
5381:             1             16  sun.reflect.GeneratedMethodAccessor58
5382:             1             16  sun.reflect.GeneratedMethodAccessor59
5383:             1             16  sun.reflect.GeneratedMethodAccessor6
5384:             1             16  sun.reflect.GeneratedMethodAccessor60
5385:             1             16  sun.reflect.GeneratedMethodAccessor62
5386:             1             16  sun.reflect.GeneratedMethodAccessor63
5387:             1             16  sun.reflect.GeneratedMethodAccessor64
5388:             1             16  sun.reflect.GeneratedMethodAccessor65
5389:             1             16  sun.reflect.GeneratedMethodAccessor66
5390:             1             16  sun.reflect.GeneratedMethodAccessor67
5391:             1             16  sun.reflect.GeneratedMethodAccessor68
5392:             1             16  sun.reflect.GeneratedMethodAccessor69
5393:             1             16  sun.reflect.GeneratedMethodAccessor7
5394:             1             16  sun.reflect.GeneratedMethodAccessor70
5395:             1             16  sun.reflect.GeneratedMethodAccessor71
5396:             1             16  sun.reflect.GeneratedMethodAccessor72
5397:             1             16  sun.reflect.GeneratedMethodAccessor73
5398:             1             16  sun.reflect.GeneratedMethodAccessor74
5399:             1             16  sun.reflect.GeneratedMethodAccessor75
5400:             1             16  sun.reflect.GeneratedMethodAccessor76
5401:             1             16  sun.reflect.GeneratedMethodAccessor77
5402:             1             16  sun.reflect.GeneratedMethodAccessor78
5403:             1             16  sun.reflect.GeneratedMethodAccessor79
5404:             1             16  sun.reflect.GeneratedMethodAccessor8
5405:             1             16  sun.reflect.GeneratedMethodAccessor80
5406:             1             16  sun.reflect.GeneratedMethodAccessor81
5407:             1             16  sun.reflect.GeneratedMethodAccessor82
5408:             1             16  sun.reflect.GeneratedMethodAccessor83
5409:             1             16  sun.reflect.GeneratedMethodAccessor84
5410:             1             16  sun.reflect.GeneratedMethodAccessor9
5411:             1             16  sun.reflect.GeneratedSerializationConstructorAccessor1
5412:             1             16  sun.reflect.GeneratedSerializationConstructorAccessor10
5413:             1             16  sun.reflect.GeneratedSerializationConstructorAccessor11
5414:             1             16  sun.reflect.GeneratedSerializationConstructorAccessor12
5415:             1             16  sun.reflect.GeneratedSerializationConstructorAccessor13
5416:             1             16  sun.reflect.GeneratedSerializationConstructorAccessor14
5417:             1             16  sun.reflect.GeneratedSerializationConstructorAccessor15
5418:             1             16  sun.reflect.GeneratedSerializationConstructorAccessor16
5419:             1             16  sun.reflect.GeneratedSerializationConstructorAccessor17
5420:             1             16  sun.reflect.GeneratedSerializationConstructorAccessor18
5421:             1             16  sun.reflect.GeneratedSerializationConstructorAccessor19
5422:             1             16  sun.reflect.GeneratedSerializationConstructorAccessor2
5423:             1             16  sun.reflect.GeneratedSerializationConstructorAccessor20
5424:             1             16  sun.reflect.GeneratedSerializationConstructorAccessor21
5425:             1             16  sun.reflect.GeneratedSerializationConstructorAccessor22
5426:             1             16  sun.reflect.GeneratedSerializationConstructorAccessor23
5427:             1             16  sun.reflect.GeneratedSerializationConstructorAccessor25
5428:             1             16  sun.reflect.GeneratedSerializationConstructorAccessor3
5429:             1             16  sun.reflect.GeneratedSerializationConstructorAccessor4
5430:             1             16  sun.reflect.GeneratedSerializationConstructorAccessor5
5431:             1             16  sun.reflect.GeneratedSerializationConstructorAccessor6
5432:             1             16  sun.reflect.GeneratedSerializationConstructorAccessor7
5433:             1             16  sun.reflect.GeneratedSerializationConstructorAccessor8
5434:             1             16  sun.reflect.GeneratedSerializationConstructorAccessor9
5435:             1             16  sun.reflect.MagicInitInvoker
5436:             1             16  sun.reflect.ProxyDefineClassMethodAccessor
5437:             1             16  sun.reflect.ReflectionFactory
5438:             1             16  sun.reflect.generics.reflectiveObjects.GenericArrayTypeImpl
5439:             1             16  sun.reflect.generics.tree.BooleanSignature
5440:             1             16  sun.reflect.generics.tree.BottomSignature
5441:             1             16  sun.reflect.generics.tree.ByteSignature
5442:             1             16  sun.reflect.generics.tree.CharSignature
5443:             1             16  sun.reflect.generics.tree.DoubleSignature
5444:             1             16  sun.reflect.generics.tree.FloatSignature
5445:             1             16  sun.reflect.generics.tree.IntSignature
5446:             1             16  sun.reflect.generics.tree.LongSignature
5447:             1             16  sun.reflect.generics.tree.ShortSignature
5448:             1             16  sun.reflect.generics.tree.VoidDescriptor
5449:             1             16  sun.rmi.registry.RegistryImpl$$Lambda$4/2024453272
5450:             1             16  sun.rmi.registry.RegistryImpl$$Lambda$5/98394724
5451:             1             16  sun.rmi.registry.RegistryImpl_Skel
5452:             1             16  sun.rmi.registry.RegistryImpl_Stub
5453:             1             16  sun.rmi.runtime.Log$LoggerLogFactory
5454:             1             16  sun.rmi.runtime.RuntimeUtil
5455:             1             16  sun.rmi.server.UnicastRef2
5456:             1             16  sun.rmi.server.UnicastServerRef$HashToMethod_Maps
5457:             1             16  sun.rmi.transport.DGCImpl$$Lambda$2/689401025
5458:             1             16  sun.rmi.transport.DGCImpl$1
5459:             1             16  sun.rmi.transport.DGCImpl$2$$Lambda$3/363988129
5460:             1             16  sun.rmi.transport.DGCImpl_Skel
5461:             1             16  sun.rmi.transport.DGCImpl_Stub
5462:             1             16  sun.rmi.transport.proxy.RMIDirectSocketFactory
5463:             1             16  sun.rmi.transport.tcp.TCPTransport$1
5464:             1             16  sun.security.provider.NativeSeedGenerator
5465:             1             16  sun.security.rsa.RSAKeyFactory
5466:             1             16  sun.security.ssl.DummyX509KeyManager
5467:             1             16  sun.security.util.ByteArrayLexOrder
5468:             1             16  sun.security.util.ByteArrayTagOrder
5469:             1             16  sun.security.x509.RFC822Name
5470:             1             16  sun.text.SupplementaryCharacterData
5471:             1             16  sun.text.normalizer.NormalizerBase$Mode
5472:             1             16  sun.text.normalizer.NormalizerBase$NFCMode
5473:             1             16  sun.text.normalizer.NormalizerBase$NFDMode
5474:             1             16  sun.text.normalizer.NormalizerBase$NFKCMode
5475:             1             16  sun.text.normalizer.NormalizerBase$NFKDMode
5476:             1             16  sun.text.normalizer.NormalizerImpl
5477:             1             16  sun.text.normalizer.NormalizerImpl$AuxTrieImpl
5478:             1             16  sun.text.normalizer.NormalizerImpl$FCDTrieImpl
5479:             1             16  sun.text.normalizer.NormalizerImpl$NormTrieImpl
5480:             1             16  sun.util.calendar.Gregorian
5481:             1             16  sun.util.locale.InternalLocaleBuilder$CaseInsensitiveChar
5482:             1             16  sun.util.locale.provider.AuxLocaleProviderAdapter$NullProvider
5483:             1             16  sun.util.locale.provider.CalendarDataUtility$CalendarFieldValueNamesMapGetter
5484:             1             16  sun.util.locale.provider.CalendarDataUtility$CalendarWeekParameterGetter
5485:             1             16  sun.util.locale.provider.CalendarNameProviderImpl$LengthBasedComparator
5486:             1             16  sun.util.locale.provider.SPILocaleProviderAdapter
5487:             1             16  sun.util.locale.provider.TimeZoneNameUtility$TimeZoneNameGetter
5488:             1             16  sun.util.resources.LocaleData
5489:             1             16  sun.util.resources.LocaleData$LocaleDataResourceBundleControl
Total       4560320      447836552

