
 num     #instances         #bytes  class name
----------------------------------------------
   1:        973003       97823136  [C
   2:        256338       44945992  [I
   3:        602148       33693544  [Ljava.lang.Object;
   4:        163395       32297272  [B
   5:        601603       24064120  com.intellij.psi.impl.source.tree.LeafPsiElement
   6:        862582       20701968  java.lang.String
   7:        192052       10754912  com.intellij.psi.impl.source.tree.CompositeElement
   8:        405478        9731472  com.intellij.openapi.util.UnfairTextRange
   9:        131675        8427200  com.intellij.lang.javascript.psi.impl.JSReferenceExpressionImpl
  10:         68571        7502200  java.lang.Class
  11:        300185        7204440  com.intellij.util.SmartList
  12:        192022        6144704  java.util.concurrent.ConcurrentHashMap$Node
  13:        217654        5223696  com.intellij.util.io.StringRef
  14:        216658        5199792  com.intellij.util.keyFMap.OneElementFMap
  15:        153778        4920896  java.util.HashMap$Node
  16:        112969        4518760  com.intellij.reference.SoftReference
  17:        177534        4260816  java.util.ArrayList
  18:         81066        3990368  [J
  19:         58442        3740288  java.util.regex.Matcher
  20:         33186        3740024  [Ljava.util.HashMap$Node;
  21:         91947        3677880  com.intellij.psi.impl.source.tree.PsiWhiteSpaceImpl
  22:         78729        3149160  java.util.LinkedHashMap$Entry
  23:        124899        2997576  com.intellij.psi.impl.source.tree.AstPath$ChildPath
  24:         72157        2886280  com.intellij.util.containers.hash.LinkedHashMap$Entry
  25:         29472        2829312  com.intellij.codeInsight.daemon.impl.HighlightInfo
  26:        114146        2739504  com.intellij.util.SmartList$SingletonIterator
  27:         67632        2734208  [Lcom.intellij.psi.PsiLanguageInjectionHost$Shred;
  28:         55697        2673456  com.intellij.lang.javascript.psi.stubs.impl.TypeScriptSingleTypeStubImpl
  29:        109619        2630856  com.intellij.util.ProcessingContext
  30:        157612        2521792  com.intellij.openapi.vfs.newvfs.impl.FileNameCache$$Lambda$107/2104455243
  31:        102803        2467272  com.intellij.openapi.util.ProperTextRange
  32:         72735        2327520  com.intellij.util.text.ByteArrayCharSequence
  33:         95959        2303016  com.intellij.util.text.ImmutableText$InnerLeaf
  34:         93290        2238960  com.intellij.psi.impl.source.tree.injected.InjectedPsiCachedValueProvider$MyInjProcessor
  35:         68756        2200192  com.intellij.psi.impl.source.AstPathPsiMap$MyReference
  36:         65500        2096000  java.util.AbstractList$Itr
  37:         51689        2067560  gnu.trove.THashSet
  38:         27967        2013624  java.awt.geom.AffineTransform
  39:         30963        1981632  java.util.stream.ReferencePipeline$2
  40:         40878        1962144  com.intellij.lang.javascript.psi.stubs.impl.JSAttributeListStubImpl
  41:          5945        1943352  [Ljava.util.concurrent.ConcurrentHashMap$Node;
  42:         60051        1921632  com.intellij.util.containers.IntObjectLinkedMap$MapEntry
  43:         47911        1916440  com.intellij.psi.impl.java.stubs.impl.PsiModifierListStubImpl
  44:         38545        1850160  java.nio.HeapByteBuffer
  45:         37822        1815456  java.nio.HeapCharBuffer
  46:            54        1770336  [Ljava.util.concurrent.ForkJoinTask;
  47:         26147        1673408  com.intellij.lang.javascript.psi.impl.JSArgumentListImpl
  48:         34676        1664448  org.jdom.ImmutableElement
  49:         45075        1626984  [Ljava.lang.String;
  50:         24511        1568704  com.intellij.lang.javascript.psi.impl.JSBinaryExpressionImpl
  51:         20475        1474200  java.lang.reflect.Field
  52:         61334        1472016  com.intellij.util.CachedValueBase$Data
  53:         30201        1449648  com.intellij.util.containers.ConcurrentWeakKeySoftValueHashMap$SoftValue
  54:         29616        1421568  java.util.HashMap
  55:         58090        1416736  [Ljava.lang.Class;
  56:         43658        1397056  com.intellij.psi.impl.PsiCachedValueImpl
  57:         24097        1349432  java.util.stream.ReferencePipeline$Head
  58:         41679        1333728  com.intellij.util.containers.ConcurrentIntObjectHashMap$Node
  59:         32114        1284560  com.intellij.util.containers.ConcurrentWeakKeySoftValueHashMap$WeakKey
  60:         26655        1279440  net.sourceforge.pmd.lang.java.ast.Token
  61:         26546        1274208  com.intellij.psi.impl.java.stubs.impl.PsiClassReferenceListStubImpl
  62:         53055        1273320  com.intellij.openapi.util.TextRange
  63:         11800        1243152  [Lcom.intellij.util.containers.hash.LinkedHashMap$Entry;
  64:         28880        1155200  java.lang.ref.SoftReference
  65:         35895        1148640  com.intellij.util.containers.LockFreeCopyOnWriteArrayList$COWIterator
  66:         46998        1127952  com.intellij.openapi.util.Pair
  67:         15499        1123344  [D
  68:         27657        1106280  sun.nio.cs.ISO_8859_1$Decoder
  69:         34285        1097120  com.intellij.psi.impl.source.tree.AstPath$MilestoneChildPath
  70:         22660        1087680  com.intellij.codeInsight.daemon.impl.LocalInspectionsPass$5
  71:         19379        1085224  com.intellij.psi.impl.java.stubs.impl.PsiMethodStubImpl
  72:          5198        1081184  sun.java2d.SunGraphics2D
  73:         44596        1070304  com.intellij.psi.impl.cache.TypeInfo
  74:         18771        1051176  com.intellij.lang.javascript.psi.stubs.impl.TypeScriptParameterStubImpl
  75:         16290        1042560  java.util.stream.ReferencePipeline$3
  76:         30976         991232  com.intellij.lang.javascript.psi.types.JSTypeSource
  77:         12372         989760  com.intellij.openapi.editor.impl.RangeHighlighterImpl
  78:         13701         933368  [Lorg.jdom.Content;
  79:         19329         927792  gnu.trove.THashMap
  80:         19274         925152  com.intellij.psi.impl.java.stubs.impl.PsiParameterStubImpl
  81:         38280         918720  com.intellij.util.containers.ImmutableList$Itr
  82:         22679         907160  com.intellij.psi.impl.java.stubs.impl.PsiTypeParameterListStubImpl
  83:         16142         903952  java.util.concurrent.ConcurrentHashMap$EntryIterator
  84:         10202         897776  java.lang.reflect.Method
  85:         13529         865856  com.intellij.openapi.editor.impl.IntervalTreeImpl$1
  86:          9706         854016  [Lcom.intellij.util.KeyedLazyInstanceEP;
  87:         13294         850816  java.util.concurrent.ConcurrentHashMap
  88:         15056         843136  java.util.LinkedHashMap
  89:         26038         833216  [Lorg.jetbrains.uast.UastLanguagePlugin;
  90:         34554         829296  java.util.Collections$1
  91:         20090         803600  java.security.AccessControlContext
  92:         24842         794944  java.util.Hashtable$Entry
  93:          8686         793176  [Lcom.intellij.psi.impl.source.tree.CompositeElement;
  94:         19510         780400  com.intellij.psi.impl.source.xml.XmlTokenImpl
  95:         16256         780288  com.intellij.lang.javascript.psi.stubs.impl.TypeScriptPropertySignatureStubImpl
  96:         24330         778560  com.intellij.util.keyFMap.PairElementsFMap
  97:         48558         776928  java.lang.Integer
  98:         19379         775160  com.intellij.psi.impl.java.stubs.impl.PsiParameterListStubImpl
  99:         12056         771584  com.intellij.lang.javascript.psi.stubs.impl.JSPropertyStubImpl
 100:         19284         771360  com.intellij.psi.css.impl.descriptor.CssCommonDescriptorData
 101:         47990         767840  com.intellij.openapi.util.Ref
 102:         18889         755560  com.intellij.psi.impl.source.tree.java.PsiJavaTokenImpl
 103:         30963         743112  java.util.stream.ReferencePipeline$2$1
 104:         18441         737640  com.intellij.psi.impl.PsiCachedValuesFactory$3
 105:         30419         730056  com.intellij.psi.util.CachedValuesManager$$Lambda$1135/312702771
 106:         22666         725312  com.intellij.codeInspection.LocalInspectionToolSession
 107:         12523         701288  com.intellij.psi.impl.source.tree.java.PsiReferenceParameterListImpl
 108:         21841         698912  com.intellij.openapi.vfs.newvfs.impl.VirtualFileImpl
 109:         14500         696000  com.intellij.spellchecker.inspections.SpellCheckingInspection$MyTokenConsumer
 110:         10821         692544  com.intellij.openapi.editor.impl.RangeHighlighterTree$RHNode
 111:          9617         692424  com.intellij.lang.javascript.psi.impl.JSBlockStatementImpl
 112:         17236         689440  com.intellij.psi.css.impl.descriptor.value.CssValueDescriptorData
 113:         12253         686168  com.intellij.lang.javascript.psi.stubs.impl.JSParameterStubImpl
 114:         28348         680352  com.intellij.openapi.editor.impl.TextRangeInterval
 115:         10611         679104  com.intellij.lang.javascript.psi.impl.JSCommaExpressionImpl
 116:         21145         676640  java.util.ArrayList$Itr
 117:         27647         663528  org.jdom.ImmutableSameTypeAttributeList
 118:         13810         662880  com.intellij.util.containers.ConcurrentIntKeySoftValueHashMap$MyRef
 119:         26074         625776  kotlin.collections.ArrayAsCollection
 120:          9687         619968  com.intellij.lang.javascript.psi.impl.JSExpressionStatementImpl
 121:          8481         610632  com.intellij.psi.impl.source.PsiJavaCodeReferenceElementImpl
 122:         18315         586080  java.lang.ThreadLocal$ThreadLocalMap$Entry
 123:         14335         573400  com.intellij.util.ui.JBUI$ScaleContext
 124:         17710         566720  gnu.trove.TObjectHashIterator
 125:         14043         561720  com.intellij.openapi.extensions.impl.ExtensionComponentAdapter
 126:         34751         556016  com.intellij.psi.impl.source.SubstrateRef$StubRef
 127:          8650         553600  com.intellij.lang.javascript.psi.impl.JSIndexedPropertyAccessExpressionImpl
 128:          9834         550704  java.lang.invoke.MemberName
 129:         22804         547296  java.util.Arrays$ArrayList
 130:         18632         543808  [Ljava.awt.Component;
 131:         16983         543456  com.intellij.util.indexing.impl.ChangeTrackingValueContainer
 132:         13585         543400  com.intellij.psi.impl.source.tree.java.PsiIdentifierImpl
 133:         11194         537312  com.intellij.util.pico.CachingConstructorInjectionComponentAdapter
 134:         33560         536960  com.intellij.lang.javascript.psi.types.JSTypeBaseImpl$JSResolvedTypeIdImpl
 135:          8376         536064  java.net.URL
 136:          9434         528304  java.util.concurrent.ConcurrentHashMap$KeyIterator
 137:         16032         513024  java.awt.Insets
 138:         20911         501864  java.lang.StringBuilder
 139:         15605         499360  java.util.Spliterators$ArraySpliterator
 140:         12424         496960  com.intellij.openapi.vfs.newvfs.impl.VirtualDirectoryImpl
 141:         10252         492096  com.intellij.util.containers.SmartHashSet
 142:         20405         489720  com.intellij.codeInspection.SuppressionUtil$$Lambda$4169/805810776
 143:          6455         464760  com.intellij.spring.boot.application.metadata.SpringBootApplicationMetaConfigKeyImpl
 144:          7176         459264  com.intellij.lang.javascript.psi.stubs.impl.JSDefinitionExpressionStubImpl
 145:          5171         455048  com.intellij.openapi.editor.impl.view.VisualLineFragmentsIterator
 146:         14050         449600  com.intellij.psi.impl.source.resolve.reference.ProviderBinding$ProviderInfo
 147:          4315         448760  sun.awt.image.IntegerInterleavedRaster
 148:         11166         446640  com.intellij.codeInspection.ex.ScopeToolState
 149:          1937         445520  [S
 150:         13732         439424  java.lang.ref.WeakReference
 151:         13719         439008  java.util.stream.FindOps$FindOp
 152:         18256         438144  java.util.Collections$SingletonList
 153:         10920         436800  com.intellij.lang.javascript.psi.stubs.impl.TypeScriptParameterListStubImpl
 154:         18189         436536  java.util.Collections$UnmodifiableRandomAccessList
 155:         17963         431112  com.intellij.openapi.util.io.BufferExposingByteArrayOutputStream
 156:         26873         429968  com.intellij.util.indexing.FileBasedIndexImpl$ChangedFilesCollector$$Lambda$912/278824526
 157:          6654         425856  com.intellij.lang.javascript.psi.impl.JSThisExpressionImpl
 158:          6639         424896  com.intellij.openapi.actionSystem.Presentation
 159:         26349         421584  java.util.Collections$SingletonSet
 160:         10431         417240  com.intellij.psi.infos.CandidateInfo
 161:         12969         415008  java.util.concurrent.locks.AbstractQueuedSynchronizer$Node
 162:         17179         412296  com.intellij.util.indexing.impl.ValueContainerImpl
 163:         10275         411000  com.intellij.lang.javascript.psi.impl.JSParameterImpl
 164:         16982         407568  com.intellij.util.indexing.impl.MapIndexStorage$3$1
 165:         10104         404160  com.intellij.lang.javascript.psi.types.JSLocalNamedType
 166:          4991         399280  java.lang.reflect.Constructor
 167:          7044         394464  com.intellij.lang.javascript.psi.stubs.impl.JSFunctionExpressionStubImpl
 168:         16290         390960  java.util.stream.ReferencePipeline$3$1
 169:         12206         390592  com.intellij.lang.javascript.psi.ecmal4.impl.JSAttributeListImpl
 170:         12196         390272  com.intellij.lang.javascript.psi.impl.JSPropertyImpl
 171:          2125         388624  [Lcom.intellij.util.containers.ConcurrentIntObjectHashMap$Node;
 172:            33         388624  [Lcom.intellij.util.containers.IntObjectLinkedMap$MapEntry;
 173:         16140         387360  com.intellij.util.containers.ConcurrentRefHashMap$RefEntry
 174:         16140         387360  java.util.concurrent.ConcurrentHashMap$MapEntry
 175:          9587         383480  com.intellij.psi.impl.source.tree.AstBufferUtil$BufferVisitor
 176:          9578         383120  java.util.TreeMap$Entry
 177:          9497         379880  java.lang.invoke.MethodType
 178:          6584         368704  com.intellij.lang.javascript.psi.stubs.impl.TypeScriptFunctionSignatureStubImpl
 179:          4520         361536  [Lcom.intellij.lang.javascript.index.FrameworkIndexingHandler;
 180:         11166         357312  com.intellij.codeInspection.ex.ToolsImpl
 181:          3277         353168  [Ljava.util.Hashtable$Entry;
 182:         11012         352384  com.intellij.psi.css.impl.descriptor.value.CssNameValue
 183:         21878         350048  java.lang.Object
 184:          6229         348824  com.intellij.psi.impl.source.PsiImmediateClassType
 185:         10711         342752  java.awt.Rectangle
 186:          8526         341040  com.intellij.lang.javascript.psi.stubs.impl.JSParameterListStubImpl
 187:          2377         340472  [[I
 188:         14168         340032  com.intellij.openapi.editor.ex.MarkupIterator$2
 189:         10608         339456  com.intellij.util.text.CharSequenceSubSequence
 190:         14021         336504  org.kohsuke.rngom.ast.util.LocatorImpl
 191:          5955         333480  com.intellij.psi.impl.java.stubs.impl.PsiFieldStubImpl
 192:         13719         329256  java.util.stream.FindOps$FindSink$OfRef
 193:         10098         323136  com.intellij.util.containers.ConcurrentWeakValueHashMap$MyWeakReference
 194:         10067         322144  com.intellij.openapi.editor.impl.view.LineLayout$BidiRun
 195:         15099         322112  [Lcom.intellij.openapi.editor.impl.view.LineLayout$Chunk;
 196:          4981         318784  com.intellij.lang.javascript.psi.impl.JSPrefixExpressionImpl
 197:          7939         317560  com.intellij.psi.impl.smartPointers.SmartPointerTracker$PointerReference
 198:          9783         313056  com.intellij.psi.impl.smartPointers.SmartPsiElementPointerImpl
 199:         13041         312984  [Lcom.intellij.lang.MetaLanguage;
 200:          5575         312200  com.intellij.util.containers.SLRUMap$1
 201:          5575         312200  com.intellij.util.containers.SLRUMap$2
 202:         12997         311928  org.kohsuke.rngom.digested.DAnnotation
 203:          9501         304032  java.lang.invoke.MethodType$ConcurrentWeakInternSet$WeakEntry
 204:         12406         303376  [Lnet.sourceforge.pmd.lang.ast.Node;
 205:          7573         302920  com.intellij.psi.stubs.StubIndexImpl$2
 206:          4656         297984  com.intellij.lang.javascript.psi.impl.JSParenthesizedExpressionImpl
 207:          6124         293952  java.awt.geom.Rectangle2D$Double
 208:          7293         291720  com.intellij.lang.javascript.psi.resolve.JSReferenceExpressionResolver
 209:          5182         290192  java.lang.Package
 210:         12076         289824  com.intellij.openapi.vfs.newvfs.impl.VfsData$DirectoryData
 211:          5171         289576  com.intellij.openapi.editor.impl.view.LineLayout$VisualOrderIterator
 212:         12009         288216  com.intellij.patterns.StringPattern
 213:          8942         287528  [Lcom.intellij.psi.PsiElement;
 214:          7176         287040  com.intellij.lang.javascript.psi.stubs.impl.JSAssignmentExpressionStubImpl
 215:          7123         284920  com.intellij.psi.impl.compiled.ClsMethodImpl
 216:          5053         282968  com.intellij.lang.impl.PsiBuilderImpl$StartMarker
 217:          5822         279456  com.intellij.psi.impl.java.stubs.impl.PsiAnnotationStubImpl
 218:          3881         279432  com.intellij.psi.impl.source.tree.java.PsiReferenceExpressionImpl
 219:          6915         276600  com.intellij.lang.javascript.psi.impl.JSParameterListImpl
 220:          6839         273560  com.intellij.lang.javascript.psi.impl.JSDefinitionExpressionImpl
 221:          4204         269056  com.intellij.lang.javascript.psi.impl.JSArrayLiteralExpressionImpl
 222:         11138         267312  gnu.trove.TIntArrayList
 223:         11051         265224  com.intellij.codeInsight.daemon.impl.DaemonCodeAnalyzerEx$$Lambda$1942/2041753781
 224:          8281         264992  com.intellij.lang.javascript.psi.types.JSTopLevelNamespace
 225:          6535         261400  com.intellij.lang.javascript.psi.types.JSTypeImpl
 226:         16274         260384  com.intellij.util.containers.LockFreeCopyOnWriteArrayList
 227:         10832         259968  com.intellij.lang.ecmascript6.validation.ES6AnnotatingVisitor
 228:          9348         258672  [Lcom.intellij.psi.PsiMethod;
 229:         10776         258624  com.intellij.psi.impl.compiled.ClsMemberImpl$2
 230:          5384         258432  com.intellij.util.containers.ConcurrentSoftValueHashMap$MySoftReference
 231:          6455         258200  com.intellij.spring.boot.application.metadata.ConfigKeyDeclarationPsiElement
 232:          6380         255200  com.intellij.lang.javascript.psi.stubs.impl.TypeScriptUnionOrIntersectionTypeStubImpl
 233:         10464         251136  com.intellij.psi.util.CachedValueProvider$Result
 234:          6263         250520  com.intellij.lang.javascript.psi.impl.JSFunctionExpressionImpl
 235:         10373         248952  com.intellij.util.keyFMap.ArrayBackedFMap
 236:         10266         246376  [Lcom.intellij.psi.JavaResolveResult;
 237:         10193         244632  com.intellij.psi.impl.compiled.ClsModifierListImpl
 238:          5039         241872  com.intellij.openapi.editor.LogicalPosition
 239:         10067         241600  [Lcom.intellij.openapi.editor.impl.view.LineLayout$BidiRun;
 240:         10029         240696  java.beans.PropertyChangeSupport
 241:          7445         238240  com.intellij.patterns.TreeElementPattern$4
 242:          9788         234912  com.intellij.codeInsight.daemon.impl.DefaultHighlightInfoProcessor$$Lambda$1941/1199431871
 243:          4892         234816  com.intellij.codeInsight.daemon.impl.HighlightInfo$IntentionActionDescriptor
 244:          9646         231504  com.intellij.psi.impl.source.tree.RecursiveTreeElementWalkingVisitor$1
 245:          7171         229472  java.lang.invoke.DirectMethodHandle
 246:          4269         228408  [Z
 247:          9436         226464  com.intellij.codeInspection.ex.LocalInspectionToolWrapper
 248:          8344         223072  [Ljava.security.ProtectionDomain;
 249:          6971         223072  com.intellij.lang.javascript.psi.impl.JSAssignmentExpressionImpl
 250:          9196         220704  com.intellij.util.text.ImmutableText$CompositeNode
 251:          9108         218592  gnu.trove.TLongArrayList
 252:          9096         218304  com.intellij.util.containers.ConcurrentFactoryMap$4
 253:          9093         218232  com.intellij.util.containers.NotNullList
 254:          3328         212992  com.intellij.psi.impl.source.tree.injected.InjectionRegistrarImpl
 255:          3293         210752  java.awt.event.InvocationEvent
 256:         13095         209520  com.intellij.codeInsight.daemon.impl.LocalInspectionsPass$$Lambda$3986/237885926
 257:         13040         208640  com.intellij.lang.MetaLanguage$$Lambda$261/1818209976
 258:         13008         208128  com.intellij.lang.LanguageExtension$$Lambda$262/1314471419
 259:          5171         206840  com.intellij.openapi.editor.impl.view.LineLayout$VisualFragment
 260:          6455         206560  com.intellij.spring.boot.application.metadata.SpringBootApplicationMetaConfigKeyImpl$1
 261:          3655         204680  com.intellij.lang.javascript.psi.stubs.impl.JSDocCommentStubImpl
 262:          6342         202944  com.intellij.psi.impl.TypeCorrector$PsiCorrectedClassType
 263:         12568         201088  com.intellij.psi.impl.source.SubstrateRef$2
 264:          2504         200320  [Lcom.intellij.packaging.artifacts.ArtifactType;
 265:          6241         199712  java.io.File
 266:          3558         199248  com.intellij.lang.javascript.psi.stubs.impl.JSVariableStubImpl
 267:          4865         194600  com.intellij.util.containers.WeakHashMap$WeakKey
 268:         12136         194176  com.intellij.lang.javascript.psi.impl.JSImplicitElementProviderImpl$$Lambda$2140/1191232778
 269:          8070         193680  com.intellij.util.containers.ConcurrentRefHashMap$EntrySet$1
 270:          8047         193128  com.intellij.patterns.XmlAttributeValuePattern
 271:          6015         192480  com.intellij.lang.javascript.psi.JSTypeEvaluationResult$JSTypeEvaluationResultElement
 272:          2981         190784  com.intellij.lang.javascript.psi.impl.JSConditionalExpressionImpl
 273:          7880         189120  com.intellij.psi.stubs.StubIdList
 274:          7834         188016  com.intellij.openapi.vfs.newvfs.persistent.FSRecords$$Lambda$2058/900566601
 275:         11740         187840  java.util.HashSet
 276:          5821         186272  org.kohsuke.rngom.digested.DRefPattern
 277:          7753         186072  com.intellij.patterns.ObjectPattern$4
 278:          7745         185880  com.intellij.util.containers.SmartHashSet$1
 279:          4622         184880  org.jdom.Element
 280:          3300         184800  com.intellij.psi.impl.java.stubs.impl.PsiClassStubImpl
 281:          3139         180824  [F
 282:          4466         178640  java.util.HashMap$KeyIterator
 283:         11154         178464  com.intellij.psi.impl.source.tree.LazyParseableElement$ChameleonLock
 284:          3168         177408  com.intellij.psi.css.impl.util.table.CssColorValue$MyCssPropertyValueImpl
 285:          4411         176440  com.intellij.lang.javascript.psi.stubs.impl.JSObjectLiteralExpressionStubImpl
 286:          1994         175472  net.sourceforge.pmd.lang.java.ast.ASTPrimaryPrefix
 287:          1826         175296  com.intellij.codeInspection.LocalInspectionEP
 288:          4380         175200  org.jetbrains.kotlin.protobuf.SmallSortedMap$1
 289:          2412         173664  com.intellij.psi.impl.source.xml.XmlAttributeValueImpl
 290:          4336         173440  java.util.Spliterators$IteratorSpliterator
 291:         10835         173360  com.intellij.lang.javascript.dialects.ECMA6SyntaxHighlighterFactory$ECMA6SyntaxHighlighter
 292:         10832         173312  com.intellij.lang.javascript.validation.JSAnnotatorProblemReporter
 293:           492         173184  com.intellij.ui.components.JBScrollPane$Corner
 294:           849         169248  [Lcom.intellij.psi.tree.IElementType;
 295:          5284         169088  java.util.stream.Collectors$CollectorImpl
 296:          5284         169088  java.util.stream.ReduceOps$3
 297:          5284         169088  java.util.stream.ReduceOps$3ReducingSink
 298:         10519         168304  com.intellij.openapi.util.RecursionManager$2
 299:          2627         168128  com.intellij.util.concurrency.SchedulingWrapper$MyScheduledFutureTask
 300:           487         167528  javax.swing.JPanel
 301:          5188         166016  org.jdom.Attribute
 302:          4094         163760  com.intellij.psi.impl.compiled.ClsJavaCodeReferenceElementImpl
 303:          4089         163560  com.intellij.psi.impl.TypeCorrector$CorrectedResolveResult
 304:          4052         162080  com.intellij.lang.javascript.psi.stubs.impl.TypeScriptObjectTypeStubImpl
 305:         10075         161200  java.beans.PropertyChangeSupport$PropertyChangeListenerMap
 306:          6686         160464  com.intellij.psi.impl.smartPointers.HardElementInfo
 307:          1994         159520  net.sourceforge.pmd.lang.java.ast.ASTPrimaryExpression
 308:          9839         157424  java.lang.Boolean
 309:          9790         156640  com.intellij.psi.impl.cache.impl.id.IdIndexEntry
 310:          9767         156272  java.util.concurrent.atomic.AtomicBoolean
 311:          4842         154944  java.util.concurrent.SynchronousQueue$TransferStack$SNode
 312:          6455         154920  com.intellij.spring.boot.application.metadata.SpringBootApplicationMetaConfigKeyImpl$3
 313:          5386         154528  [Lcom.intellij.psi.PsiMember;
 314:          2414         154496  com.intellij.psi.impl.source.xml.XmlAttributeImpl
 315:          1357         151984  com.intellij.openapi.editor.impl.view.IterationState
 316:          3793         151720  com.intellij.lang.javascript.psi.stubs.impl.JSVarStatementStubImpl
 317:          3155         151440  java.util.Hashtable
 318:          6279         150696  com.intellij.psi.impl.compiled.ClsMethodImpl$1
 319:          6264         150336  com.intellij.patterns.XmlTagPattern$Capture
 320:          4685         149920  java.awt.Color
 321:          2321         148544  com.intellij.lang.javascript.psi.impl.JSIfStatementImpl
 322:          4641         148512  com.intellij.psi.PsiAnchor$StubIndexReference
 323:          4641         148512  org.jdom.ContentList
 324:          4622         147904  org.jdom.AttributeList
 325:          3696         147840  com.intellij.lang.javascript.psi.impl.JSVariableImpl
 326:          3048         146304  gnu.trove.TObjectIntHashMap
 327:          4549         145568  com.intellij.lang.javascript.psi.impl.JSObjectLiteralExpressionImpl
 328:          6049         145176  javassist.bytecode.Utf8Info
 329:          3616         144640  com.intellij.psi.impl.compiled.ClsTypeElementImpl
 330:          6010         144240  com.intellij.util.indexing.containers.ChangeBufferingList
 331:          2575         144200  com.intellij.lang.javascript.psi.stubs.impl.TypeScriptFunctionTypeStubImpl
 332:          4426         141632  gnu.trove.THashMap$Entry
 333:          5824         139776  com.intellij.openapi.util.Trinity
 334:          2494         139664  [Lcom.intellij.psi.css.CssElementDescriptorProvider;
 335:          3475         139000  com.intellij.codeInsight.daemon.impl.UpdateHighlightersUtil$$Lambda$2203/1677435147
 336:          5789         138936  java.awt.Point
 337:          8568         137088  javax.swing.event.EventListenerList
 338:          5704         136896  com.intellij.psi.impl.source.tree.injected.InjectedLanguageUtil$TokenInfo
 339:          8555         136880  com.intellij.util.text.ImmutableText$Leaf8BitNode
 340:          1898         136656  com.intellij.psi.impl.source.xml.XmlTextImpl
 341:           348         136416  javax.swing.JLabel
 342:          5672         136128  java.lang.Double
 343:          4225         135200  com.intellij.lang.javascript.psi.impl.JSCallExpressionImpl
 344:          5628         135072  com.intellij.psi.UastReferenceRegistrar$getOrCreateCachedElement$1
 345:          5628         135072  kotlin.sequences.FilteringSequence
 346:          5628         135072  kotlin.sequences.TransformingSequence
 347:          5628         135072  kotlin.sequences.TransformingSequence$iterator$1
 348:          5571         133704  com.intellij.lang.javascript.psi.resolve.JSResolveResult
 349:          5491         131784  java.lang.Long
 350:          2741         131568  com.intellij.lang.javascript.psi.stubs.impl.TypeScriptInterfaceStubImpl
 351:          1489         131032  net.sourceforge.pmd.lang.java.ast.ASTName
 352:          4800         130936  [Lcom.intellij.lang.ASTNode;
 353:          5372         128928  java.awt.AWTEventMulticaster
 354:          5336         128064  com.intellij.openapi.vcs.ex.PartialLocalLineStatusTracker$RangeState
 355:          5319         127656  com.intellij.semantic.SemServiceImpl$2$$Lambda$1457/1765536476
 356:          5244         125856  java.util.LinkedList$Node
 357:          5209         125792  [Lcom.intellij.psi.PsiReference;
 358:          5210         125040  com.intellij.util.indexing.impl.ValueContainerImpl$SingleValueIterator
 359:          1941         124224  com.intellij.openapi.util.IconLoader$CachedImageIcon$MyScaledIconsCache$1
 360:          3840         122880  org.intellij.plugins.relaxNG.model.descriptors.RngXmlAttributeDescriptor
 361:          3048         122136  [Lorg.jdom.Attribute;
 362:          5077         121848  com.intellij.patterns.ObjectPattern$1
 363:          3806         121792  com.intellij.lang.javascript.psi.types.JSTypeImpl$$Lambda$1623/1299914423
 364:          5055         121320  java.awt.Dimension
 365:          3017         120680  java.util.IdentityHashMap
 366:          3767         120544  com.intellij.lang.javascript.psi.resolve.AccessibilityProcessingHandler
 367:          4977         119448  [Lcom.intellij.lang.css.CssDialect;
 368:          2128         119168  com.intellij.util.containers.ConcurrentIntObjectHashMap
 369:          1238         118848  com.intellij.psi.impl.source.JavaDummyElement
 370:          1238         118848  com.intellij.psi.impl.source.JavaDummyHolder
 371:          2474         118752  com.intellij.spring.contexts.model.SpringCachingProcessor$1
 372:          2474         118752  com.intellij.spring.contexts.model.SpringCachingProcessor$2
 373:          1068         118008  [Lcom.intellij.lang.javascript.psi.ecma6.TypeScriptTypeMember;
 374:          2452         117696  gnu.trove.TIntObjectHashMap
 375:          3677         117664  com.intellij.lang.javascript.psi.impl.JSVarStatementImpl
 376:          7316         117056  com.intellij.openapi.editor.markup.TextAttributes
 377:          3631         116192  com.intellij.psi.impl.ScopedClassHierarchy
 378:          2419         116112  com.intellij.lang.javascript.psi.ecma6.impl.TypeScriptInterfaceImpl
 379:          3616         115712  com.intellij.psi.impl.compiled.ClsTypeElementImpl$1
 380:           282         115056  com.intellij.ui.SimpleColoredComponent
 381:          3572         114304  com.intellij.openapi.util.RecursionManager$MyKey
 382:          4760         114240  com.intellij.psi.impl.source.tree.injected.InjectedLanguageUtil$$Lambda$2114/1793017709
 383:          2825         113000  sun.java2d.pipe.Region
 384:          4700         112800  com.intellij.psi.impl.PsiSubstitutorImpl
 385:          7000         112000  org.angularjs.index.AngularIndexUtil$$Lambda$2104/1712721668
 386:          1393         111440  net.sourceforge.pmd.lang.java.ast.ASTExpression
 387:          1698         108672  com.intellij.psi.impl.java.stubs.impl.PsiJavaFileStubImpl
 388:          4527         108648  com.intellij.patterns.ObjectPattern$3
 389:          6693         107088  com.intellij.lang.javascript.psi.impl.JSPropertyImpl$$Lambda$2141/1539731147
 390:          3344         107008  com.intellij.xml.util.ColorSampleLookupValue
 391:          3329         106528  [Lcom.intellij.psi.LanguageInjector;
 392:          1481         106504  [Lcom.intellij.openapi.vfs.newvfs.impl.VirtualFileSystemEntry;
 393:          3318         106176  java.util.Vector
 394:          1202         105776  org.jetbrains.kotlin.serialization.ProtoBuf$Function
 395:          3302         105664  java.util.concurrent.locks.ReentrantLock$NonfairSync
 396:          4380         105120  org.jetbrains.kotlin.protobuf.FieldSet
 397:          4372         104928  sun.font.TrueTypeFont$DirectoryEntry
 398:          1868         104608  com.intellij.psi.impl.source.PsiTypeElementImpl
 399:          6533         104528  com.intellij.lang.javascript.psi.types.JSTypeImpl$$Lambda$1621/1742208284
 400:          3251         104032  com.intellij.lang.javascript.psi.ecma6.impl.TypeScriptSingleTypeImpl
 401:          1175         103400  org.jetbrains.kotlin.serialization.ProtoBuf$Type
 402:          6455         103280  com.intellij.spring.boot.application.metadata.SpringBootApplicationMetaConfigKeyImpl$2
 403:          2570         102800  com.intellij.psi.impl.source.javadoc.PsiDocTokenImpl
 404:          2133         102384  java.awt.event.ActionEvent
 405:           156         102336  io.netty.util.internal.shaded.org.jctools.queues.MpscArrayQueue
 406:          4257         102168  com.intellij.lang.javascript.psi.impl.JSPropertyImpl$$Lambda$2638/1056896998
 407:          2554         102160  com.intellij.openapi.util.objectTree.ObjectNode
 408:           215         101480  javax.swing.JCheckBox
 409:          2103         100944  java.awt.image.DataBufferInt
 410:          2103         100944  java.awt.image.SinglePixelPackedSampleModel
 411:          3153         100896  java.lang.StackTraceElement
 412:          1575         100800  com.intellij.codeInspection.ProblemDescriptorBase
 413:          4172         100128  gnu.trove.THashMap$EntryView
 414:          3127         100064  java.util.LinkedHashMap$LinkedKeyIterator
 415:          6241          99856  com.intellij.psi.impl.source.PsiClassReferenceType$DelegatingClassResolveResult
 416:          6222          99552  com.intellij.psi.impl.source.PsiImmediateClassType$1
 417:          1550          99200  com.intellij.openapi.vfs.impl.VirtualFilePointerContainerImpl
 418:          2060          98880  com.intellij.codeInsight.daemon.impl.LocalInspectionsPass$1
 419:           272          98152  [Lorg.apache.xerces.util.SymbolHash$Entry;
 420:          2444          97760  com.intellij.codeInsight.template.impl.LiveTemplatesOptionsTopHitProvider$Option
 421:          4066          97584  com.intellij.patterns.XmlAttributeValuePattern$2
 422:          3027          96864  [Lcom.intellij.openapi.module.ModuleTypeEP;
 423:          1726          96656  com.intellij.ide.projectView.PresentationData
 424:          1720          96320  com.intellij.lang.javascript.psi.stubs.impl.TypeScriptVariableStubImpl
 425:          2408          96320  com.intellij.psi.impl.smartPointers.SelfElementInfo
 426:           802          96240  org.jetbrains.idea.maven.navigator.MavenProjectsStructure$DependencyNode
 427:          1332          95904  java.util.regex.Pattern
 428:          1996          95808  com.intellij.psi.css.impl.stubs.CssSimpleSelectorStub
 429:          2965          94880  com.intellij.lang.javascript.psi.impl.JSLiteralExpressionImpl
 430:          2963          94816  com.intellij.util.indexing.FileBasedIndexImpl$$Lambda$1813/606631055
 431:          1066          93808  com.intellij.psi.impl.source.xml.XmlTagImpl
 432:          3890          93360  com.intellij.patterns.PsiElementPattern$Capture
 433:          1941          93168  com.intellij.openapi.util.IconLoader$CachedImageIcon
 434:          2901          92832  [Lcom.intellij.lang.javascript.psi.resolve.JSElementResolveScopeProvider;
 435:          3840          92160  com.intellij.psi.impl.source.html.dtd.HtmlAttributeDescriptorImpl
 436:          5743          91888  com.intellij.lang.javascript.psi.resolve.JSScopeNamesCache$$Lambda$2142/626031852
 437:          3826          91824  com.intellij.codeInsight.template.impl.TemplateSettings$TemplateKey
 438:          2295          91800  com.intellij.psi.css.impl.descriptor.value.CssGroupOrValue
 439:          1630          91280  com.intellij.psi.ClassFileViewProvider
 440:          1630          91280  com.intellij.psi.impl.compiled.ClsFileImpl
 441:          2253          90120  com.intellij.lang.javascript.psi.impl.JSReferenceSet
 442:          5628          90048  kotlin.collections.CollectionsKt___CollectionsKt$asSequence$$inlined$Sequence$1
 443:          1402          89728  com.intellij.openapi.extensions.impl.ExtensionPointImpl
 444:          2229          89160  com.intellij.psi.impl.compiled.ClsClassImpl
 445:          2786          89152  com.intellij.util.ui.JBUI$BaseScaleContext
 446:          2786          89152  com.intellij.util.ui.JBUI$JBIcon$1
 447:          1235          88920  com.intellij.lang.annotation.Annotation
 448:          1581          88536  com.intellij.psi.css.impl.util.table.CssPropertyValueImpl
 449:          2207          88280  com.intellij.psi.impl.source.tree.java.PsiKeywordImpl
 450:          5491          87856  com.intellij.spring.boot.application.metadata.SpringBootApplicationMetaConfigKey$DescriptionText
 451:          3648          87552  com.intellij.codeInspection.LocalInspectionTool$1
 452:          2188          87520  kotlin.reflect.jvm.internal.impl.protobuf.SmallSortedMap$1
 453:          2717          86944  com.intellij.util.indexing.containers.ChangeBufferingList$ChangesIterator
 454:          2714          86848  com.intellij.openapi.editor.impl.view.IterationState$HighlighterSweep
 455:          2714          86848  com.intellij.openapi.editor.impl.view.IterationState$HighlighterSweep$1
 456:          3616          86784  com.intellij.psi.impl.compiled.ClsTypeElementImpl$2
 457:          3610          86640  com.intellij.codeInsight.daemon.impl.LineMarkersPass$$Lambda$1923/341502877
 458:          1543          86408  com.intellij.openapi.actionSystem.ActionStub
 459:          5384          86144  com.intellij.openapi.extensions.PluginId
 460:          1538          86128  com.intellij.lang.javascript.psi.stubs.impl.TypeScriptCallSignatureStubImpl
 461:          2150          86000  com.intellij.psi.css.impl.stubs.CssStub
 462:          1343          85952  com.intellij.codeInsight.template.impl.TemplateImpl
 463:          1334          85376  com.intellij.lang.javascript.psi.impl.JSPostfixExpressionImpl
 464:          1427          85232  [Ljava.lang.ref.SoftReference;
 465:           545          85176  [Ljava.lang.reflect.Field;
 466:          1521          85176  com.intellij.util.containers.ConcurrentSoftHashMap$SoftKey
 467:          3528          84672  com.intellij.openapi.editor.VisualPosition
 468:          2631          84192  java.lang.ref.ReferenceQueue
 469:          3500          84000  sun.awt.EventQueueItem
 470:          2612          83584  com.intellij.psi.PsiRecursiveElementWalkingVisitor$1
 471:          1482          82992  com.intellij.lang.javascript.psi.stubs.impl.JSFunctionStubImpl
 472:          5179          82864  com.intellij.openapi.editor.impl.InlayModelImpl$$Lambda$1032/2095104298
 473:          5171          82736  com.intellij.openapi.editor.impl.view.VisualLineFragmentsIterator$Fragment
 474:          3428          82272  com.intellij.patterns.XmlNamedElementPattern$1
 475:          2570          82240  com.intellij.lang.javascript.psi.JSTypeUtils$2
 476:           922          81136  com.intellij.util.io.PagedFileStorage
 477:          2026          81040  com.intellij.lang.javascript.psi.stubs.impl.TypeScriptTypeArgumentListStubImpl
 478:          3359          80616  com.intellij.lang.javascript.JSLanguageInjector$$Lambda$2164/1407748683
 479:          3348          80352  java.awt.EventQueue$3
 480:          3330          79920  com.intellij.openapi.application.TransactionGuardImpl$1
 481:          3328          79872  com.intellij.psi.impl.source.tree.injected.InjectedLanguageManagerImpl$PsiManagerRegisteredInjectorsAdapter$$Lambda$2176/1192904017
 482:          2486          79552  javax.swing.text.html.parser.ContentModel
 483:          1655          79440  com.intellij.psi.css.impl.stubs.base.CssNamedStub
 484:          2479          79328  java.awt.geom.Rectangle2D$Float
 485:          3296          79104  com.intellij.lang.LanguageExtensionPoint$1
 486:          2443          78176  com.intellij.lang.javascript.JSInjectionController$PlaceInfo
 487:          1930          77200  org.apache.log4j.Logger
 488:           876          77088  sun.awt.image.BufImgSurfaceData
 489:          4814          77024  java.util.LinkedHashSet
 490:          2403          76896  org.kohsuke.rngom.digested.DDefine
 491:          3196          76704  com.intellij.codeInspection.AbstractBaseJavaLocalInspectionTool$1
 492:          1598          76704  com.intellij.lang.javascript.psi.stubs.impl.JSCallExpressionStubImpl
 493:          1596          76608  com.intellij.psi.impl.source.CharTableImpl$StringHashToCharSequencesMap
 494:          1914          76560  java.util.WeakHashMap$Entry
 495:          3178          76272  com.intellij.patterns.PsiAnnotationPattern
 496:          3170          76080  com.intellij.lang.javascript.psi.util.JSTreeUtil$JSScopeReferenceAssignments
 497:          3170          76080  com.intellij.psi.impl.source.PsiClassReferenceType
 498:          1354          75824  java.awt.BorderLayout
 499:           175          75688  [Lcom.intellij.psi.impl.smartPointers.SmartPointerTracker$PointerReference;
 500:          4700          75200  com.intellij.psi.impl.PsiSubstitutorImpl$SubstitutionVisitor
 501:          3131          75144  com.intellij.lang.javascript.psi.util.JSTreeUtil$JSScopeNameUsages
 502:          3131          75144  org.apache.log4j.CategoryKey
 503:          1877          75080  [Lcom.intellij.psi.injection.ReferenceInjector;
 504:          3114          74736  java.util.ArrayDeque
 505:          2332          74624  com.intellij.psi.impl.compiled.ClsReferenceListImpl
 506:          2761          74456  [Lcom.intellij.psi.ResolveResult;
 507:          1860          74400  com.intellij.ide.fileTemplates.impl.DefaultTemplate
 508:          1550          74400  com.intellij.openapi.fileEditor.impl.text.TextEditorState$CaretState
 509:           192          73728  com.intellij.ui.components.JBScrollBar
 510:          1822          72880  com.intellij.ui.JBColor
 511:          1518          72864  com.intellij.lang.javascript.psi.stubs.impl.TypeScriptTypeParameterStubImpl
 512:           206          72512  com.intellij.ui.components.panels.NonOpaquePanel
 513:          2265          72480  com.intellij.lang.javascript.psi.resolve.JSSymbolResolveStatus
 514:          1003          72216  com.intellij.lang.javascript.psi.resolve.SinkResolveProcessor
 515:          1119          71616  java.util.stream.ReferencePipeline$7
 516:          2974          71376  com.intellij.util.indexing.FileBasedIndexImpl$$Lambda$1769/1623219570
 517:          1115          71360  com.intellij.openapi.editor.impl.RangeMarkerTree$RMNode
 518:          2230          71360  org.jetbrains.kotlin.name.FqNameUnsafe
 519:           135          71280  [Ljavassist.bytecode.ConstInfo;
 520:            21          71160  [[J
 521:          2958          70992  com.intellij.ide.impl.DataManagerImpl$1
 522:          2216          70912  java.util.Collections$SynchronizedMap
 523:          2948          70752  com.intellij.psi.impl.TypeCorrector
 524:          2633          70680  [Lcom.intellij.openapi.editor.ex.RangeHighlighterEx;
 525:          2206          70592  com.intellij.spring.model.jam.JamSpringBeanPointerImpl
 526:          1461          70128  com.intellij.lang.javascript.psi.stubs.impl.JSReferenceListMemberStubImpl
 527:          2911          69864  com.intellij.psi.stubs.StubIndexImpl$3
 528:          2911          69864  com.intellij.spellchecker.compress.UnitBitSet
 529:          1452          69696  com.intellij.openapi.editor.impl.view.VisualLinesIterator$Location
 530:          1238          69328  com.intellij.psi.DummyHolderViewProvider
 531:          1717          68680  com.intellij.lang.javascript.psi.stubs.impl.TypeScriptStringLiteralTypeStubImpl
 532:          1219          68264  com.intellij.openapi.command.impl.EditorChangeAction
 533:          2784          67984  [Ljava.beans.PropertyChangeListener;
 534:          1060          67840  com.intellij.ui.components.TwoWayAnimator$MyAnimator
 535:          1688          67520  com.intellij.util.containers.ConcurrentIntKeyWeakValueHashMap$MyRef
 536:          1403          67344  com.intellij.psi.css.impl.stubs.CssSelectorStub
 537:          2785          66840  com.intellij.util.CachedValueImpl
 538:          2783          66792  java.lang.StringBuffer
 539:          2767          66408  java.util.stream.MatchOps$MatchOp
 540:          2766          66384  java.util.stream.MatchOps$$Lambda$380/2037207006
 541:          2766          66384  java.util.stream.MatchOps$1MatchSink
 542:          1037          66368  org.jetbrains.kotlin.serialization.ProtoBuf$ValueParameter
 543:          2752          66048  com.intellij.lang.javascript.psi.resolve.JSClassResolver$$Lambda$2264/1212456616
 544:          1651          66040  com.intellij.openapi.actionSystem.AnActionEvent
 545:           917          66024  sun.reflect.DelegatingClassLoader
 546:          2060          65920  com.intellij.codeInsight.daemon.impl.LocalInspectionsPass$InspectionContext
 547:          1368          65664  java.util.TreeMap
 548:           178          65504  com.intellij.util.ui.components.BorderLayoutPanel
 549:          2682          64680  [Lcom.intellij.lang.javascript.psi.JSExpression;
 550:          2665          63960  java.util.concurrent.Executors$RunnableAdapter
 551:          2664          63936  com.intellij.lang.javascript.psi.JSQualifiedNameImpl
 552:          2649          63576  java.util.concurrent.locks.AbstractQueuedSynchronizer$ConditionObject
 553:          2638          63312  kotlin.reflect.jvm.internal.ReflectProperties$LazySoftVal
 554:          2627          63048  com.intellij.lang.javascript.psi.resolve.JSContextLevel
 555:          1969          63008  org.kohsuke.rngom.digested.DOptionalPattern
 556:          2618          62832  com.intellij.codeInspection.JavaSuppressionUtil$$Lambda$2817/756950029
 557:          2613          62712  com.intellij.patterns.XmlNamedElementPattern$2
 558:          2604          62496  com.intellij.codeInsight.daemon.impl.HighlightInfoType$HighlightInfoTypeImpl
 559:          1952          62464  com.intellij.codeInsight.controlflow.impl.InstructionImpl
 560:          1556          62240  sun.font.FontStrikeDesc
 561:          2554          61296  com.intellij.openapi.actionSystem.impl.ProxyShortcutSet
 562:          1532          61280  com.intellij.lang.javascript.psi.impl.JSFunctionImpl
 563:           851          61272  com.intellij.ui.DeferredIconImpl
 564:          2547          61128  com.intellij.lang.javascript.psi.resolve.JSEvaluationResultContext$JSEvaluationResultContextImpl
 565:          1903          60896  com.intellij.openapi.components.impl.ServiceManagerImpl$MyComponentAdapter
 566:          1516          60640  com.intellij.lang.javascript.psi.ecma6.impl.TypeScriptVariableImpl
 567:          1894          60608  gnu.trove.THashMap$EntryView$EntryIterator
 568:          1892          60544  java.util.TreeMap$KeyIterator
 569:          1891          60512  java.lang.invoke.BoundMethodHandle$Species_L
 570:          1260          60480  com.intellij.testFramework.LightVirtualFile
 571:          1506          60240  com.intellij.ui.components.ScrollColorProducer
 572:          2510          60240  javax.xml.namespace.QName
 573:          1882          60224  com.intellij.ide.fileTemplates.impl.BundledFileTemplate
 574:          1879          60128  java.io.ObjectStreamClass$WeakClassKey
 575:          1241          59568  com.intellij.ui.RowIcon
 576:          1487          59480  com.intellij.psi.css.impl.descriptor.CssPropertyDescriptorImplEx
 577:           150          58800  com.intellij.ui.components.JBViewport
 578:           735          58800  net.sourceforge.pmd.lang.java.ast.ASTStatement
 579:          2443          58632  com.intellij.lang.javascript.JSInjectionController$1
 580:          1218          58464  com.intellij.openapi.vfs.impl.FilePointerPartNode
 581:          1460          58400  com.intellij.ide.ui.ToolOptionDescription
 582:           811          58392  com.intellij.util.JBHiDPIScaledImage
 583:          1040          58240  java.security.Provider$Service
 584:          2426          58224  com.intellij.util.containers.MultiMap
 585:          3631          58096  com.intellij.psi.impl.ScopedClassHierarchy$$Lambda$2406/371991964
 586:          2416          57984  com.intellij.psi.impl.PsiSubstitutorImpl$SubstitutionVisitor$1
 587:          1446          57840  org.kohsuke.rngom.digested.DAttributePattern
 588:          1443          57720  com.intellij.lang.javascript.psi.types.JSStringLiteralTypeImpl
 589:          2400          57600  com.intellij.openapi.util.Couple
 590:           797          57384  java.awt.Font
 591:          2388          57312  java.util.concurrent.locks.ReentrantReadWriteLock$Sync$HoldCounter
 592:          1421          56840  com.intellij.psi.impl.compiled.ClsFieldImpl
 593:          1418          56720  com.intellij.lang.javascript.psi.resolve.ResolveResultSink
 594:          1768          56576  com.intellij.util.containers.ContainerUtil$10
 595:          2357          56568  com.intellij.openapi.util.SimpleModificationTracker
 596:          1760          56320  [Lcom.intellij.lang.javascript.flex.JSResolveHelper;
 597:          1754          56128  com.intellij.psi.stubs.StubTree
 598:          2332          55968  com.intellij.psi.impl.compiled.ClsReferenceListImpl$1
 599:          2314          55536  com.intellij.psi.impl.source.ClassInnerStuffCache
 600:          1722          55104  com.intellij.diff.util.Range
 601:          1142          54816  org.kohsuke.rngom.digested.DValuePattern
 602:           977          54712  java.lang.invoke.MethodTypeForm
 603:           683          54640  net.sourceforge.pmd.lang.java.ast.ASTBlockStatement
 604:          3414          54624  com.intellij.ide.projectView.impl.nodes.PsiTreeAnchorizer$$Lambda$1303/1901807420
 605:          2270          54480  java.util.concurrent.ConcurrentLinkedQueue$Node
 606:           679          54320  org.jetbrains.kotlin.serialization.ProtoBuf$Annotation$Argument$Value
 607:          1696          54272  com.intellij.lang.javascript.psi.types.JSResolvedTypeInfoImpl
 608:          1693          54176  com.intellij.openapi.util.text.StringUtil$9
 609:          1354          54160  com.intellij.lang.javascript.psi.ecma6.impl.TypeScriptParameterImpl
 610:          3380          54080  com.intellij.lang.javascript.psi.JSTypeUtils$$Lambda$2306/1148590311
 611:          2249          53976  com.intellij.internal.statistic.beans.UsageDescriptor
 612:           843          53952  java.util.stream.IntPipeline$4
 613:          2234          53616  com.intellij.codeInsight.daemon.HighlightDisplayKey
 614:          1338          53520  com.intellij.lang.javascript.psi.stubs.impl.TypeScriptTypeParameterListStubImpl
 615:          3336          53376  java.util.LinkedHashMap$LinkedKeySet
 616:          2217          53208  [Lcom.intellij.openapi.command.undo.DocumentReference;
 617:          2206          52944  com.intellij.spring.model.SpringBaseBeanPointer$1
 618:          2204          52896  java.security.Provider$ServiceKey
 619:          3290          52640  java.util.concurrent.locks.ReentrantLock
 620:           597          52536  kotlin.reflect.jvm.internal.impl.serialization.ProtoBuf$Function
 621:          2188          52512  kotlin.reflect.jvm.internal.impl.protobuf.FieldSet
 622:          1641          52512  net.sourceforge.pmd.lang.java.symboltable.JavaNameOccurrence
 623:          1631          52192  com.intellij.openapi.editor.IndentGuideDescriptor
 624:           466          52192  java.awt.GridBagConstraints
 625:          2167          52008  com.intellij.patterns.PsiNameValuePairPattern
 626:           648          51840  net.sourceforge.pmd.lang.java.ast.ASTPrimarySuffix
 627:           132          51744  com.intellij.openapi.actionSystem.impl.ActionToolbarImpl$6
 628:          1617          51744  java.lang.invoke.DirectMethodHandle$Special
 629:           588          51744  kotlin.reflect.jvm.internal.impl.serialization.ProtoBuf$Type
 630:          2149          51576  com.intellij.configurationStore.properties.ObjectStoredProperty
 631:           920          51520  com.intellij.psi.impl.source.tree.java.PsiExpressionListImpl
 632:           641          51280  com.intellij.psi.impl.source.tree.java.PsiCodeBlockImpl
 633:           914          51184  java.util.ResourceBundle$CacheKey
 634:           799          51136  com.intellij.lang.javascript.psi.impl.JSForStatementImpl
 635:          3192          51072  com.intellij.psi.PsiLock
 636:          1276          51040  com.intellij.codeInsight.template.impl.Variable
 637:          2125          51000  com.intellij.codeInspection.ex.QuickFixWrapper
 638:          2125          51000  sun.java2d.StateTrackableDelegate
 639:          2122          50928  kotlin.sequences.GeneratorSequence
 640:          2122          50928  kotlin.sequences.GeneratorSequence$iterator$1
 641:          2122          50928  kotlin.sequences.SequencesKt__SequencesKt$generateSequence$2
 642:          3181          50896  com.intellij.lang.javascript.frameworks.amd.JSAmdUtil$$Lambda$4183/1444528059
 643:           706          50832  com.intellij.lang.javascript.validation.DuplicatesCheckUtil$MySinkResolveProcessor
 644:          3174          50784  com.intellij.psi.AbstractFileViewProvider$VirtualFileContent
 645:          1269          50760  com.intellij.lang.javascript.psi.resolve.JSEvaluateContext
 646:           793          50752  com.intellij.psi.impl.source.tree.java.PsiMethodCallExpressionImpl
 647:          3169          50704  com.intellij.lang.javascript.psi.util.JSTreeUtil$JSScopeDeclarationsAndAssignments
 648:            97          50488  [Lcom.intellij.xml.XmlAttributeDescriptor;
 649:          2103          50472  org.jetbrains.kotlin.name.FqName
 650:          2092          50208  sun.reflect.annotation.AnnotationInvocationHandler
 651:          1550          49600  com.intellij.openapi.fileEditor.impl.text.TextEditorState
 652:          1235          49400  com.intellij.lang.javascript.psi.stubs.impl.JSReferenceListStubImpl
 653:          2011          49264  [Lcom.intellij.openapi.vfs.VirtualFile;
 654:          1023          49104  com.intellij.lang.javascript.psi.types.TypeScriptJSFunctionTypeImpl
 655:          1227          49080  com.intellij.lang.javascript.psi.stubs.impl.TypeScriptParenthesizedTypeStubImpl
 656:          3046          48736  com.intellij.openapi.util.Computable$PredefinedValueComputable
 657:           868          48608  com.intellij.psi.impl.source.tree.java.ModifierListElement
 658:          1214          48560  com.intellij.util.xmlb.OptionTagBinding
 659:          1513          48416  java.util.RegularEnumSet
 660:          1210          48400  java.awt.image.BufferedImage
 661:          1206          48240  com.intellij.lang.javascript.psi.controlflow.instruction.JSReadWriteInstruction
 662:          2007          48168  com.intellij.openapi.application.QueryExecutorBase$$Lambda$2127/885524243
 663:          1502          48064  java.lang.ref.PhantomReference
 664:          1193          47720  com.intellij.psi.infos.ClassCandidateInfo
 665:           312          47424  com.intellij.ide.plugins.IdeaPluginDescriptorImpl
 666:          1975          47400  com.intellij.lang.javascript.psi.impl.JSTextReference
 667:           844          47264  java.util.stream.IntPipeline$Head
 668:          1475          47200  [Lcom.intellij.psi.search.scope.packageSet.CustomScopesProvider;
 669:          1471          47072  com.intellij.psi.impl.compiled.ClsAnnotationImpl
 670:          1945          46920  [Ljavax.swing.Icon;
 671:          1465          46880  com.intellij.psi.css.descriptor.value.CssValueMatchData
 672:          1946          46704  com.intellij.openapi.editor.impl.IndentsModelImpl$IntPair
 673:          1941          46584  [Ljava.awt.image.ImageFilter;
 674:          1941          46584  com.intellij.openapi.util.IconLoader$CachedImageIcon$MyScaledIconsCache
 675:          2901          46416  java.util.concurrent.atomic.AtomicReference
 676:          1448          46336  com.intellij.lang.javascript.psi.util.JSStubBasedPsiTreeUtil$1
 677:           964          46272  com.intellij.openapi.editor.impl.FoldRegionImpl
 678:           720          46080  com.intellij.openapi.components.impl.ComponentManagerImpl$ComponentConfigComponentAdapter
 679:          1424          45568  com.intellij.psi.impl.compiled.ClsFieldImpl$2
 680:           712          45568  com.intellij.psi.impl.source.tree.java.PsiBinaryExpressionImpl
 681:          1895          45480  com.intellij.patterns.compiler.PatternCompilerImpl$Node
 682:          2842          45472  com.intellij.util.Processors$1
 683:           947          45456  org.jetbrains.idea.maven.model.MavenArtifactNode
 684:          1136          45440  com.intellij.psi.css.impl.CssTokenImpl
 685:          2831          45296  com.intellij.lang.javascript.psi.impl.JSPropertyImpl$$Lambda$2267/190645011
 686:          2831          45296  java.util.HashMap$KeySet
 687:           565          45200  net.sourceforge.pmd.lang.java.ast.ASTType
 688:           805          45080  java.util.stream.DistinctOps$1
 689:          1403          44896  sun.java2d.DefaultDisposerRecord
 690:          2796          44736  com.intellij.lang.javascript.validation.JSReferenceChecker
 691:          1860          44640  [Lkotlin.sequences.Sequence;
 692:          1860          44640  kotlin.jvm.internal.ArrayIterator
 693:          1860          44640  kotlin.sequences.FlatteningSequence
 694:          1860          44640  kotlin.sequences.FlatteningSequence$iterator$1
 695:          2783          44528  com.intellij.lang.javascript.psi.JSTypeEvaluationResult
 696:          1387          44384  com.intellij.util.containers.UnsafeWeakList$MyReference
 697:          1833          43992  org.jdom.ImmutableText
 698:          1099          43960  com.intellij.psi.impl.source.html.dtd.HtmlElementDescriptorImpl
 699:          2741          43856  com.intellij.lang.javascript.psi.impl.JSPropertyNameReference
 700:           912          43776  org.jdom.ContentList$FilterListIterator
 701:          2729          43664  com.intellij.lang.javascript.psi.types.JSTypeImpl$$Lambda$2327/435351677
 702:           545          43600  net.sourceforge.pmd.lang.java.ast.ASTArguments
 703:          1812          43488  java.util.Collections$2
 704:           155          43400  javax.swing.CellRendererPane
 705:          1353          43296  com.intellij.psi.impl.source.PsiModifierListImpl$ModifierCache
 706:           491          43208  net.sourceforge.pmd.lang.java.ast.ASTLiteral
 707:           900          43200  java.util.ResourceBundle$BundleReference
 708:          1797          43128  com.intellij.patterns.PsiJavaElementPattern$Capture
 709:          1078          43120  java.security.ProtectionDomain
 710:          1779          42696  sun.reflect.generics.tree.SimpleClassTypeSignature
 711:          1777          42648  com.intellij.lang.javascript.psi.resolve.JSQualifiedNameResolver$$Lambda$2451/105753410
 712:          1773          42552  com.intellij.jam.reflect.JamAnnotationMeta$$Lambda$1473/704150684
 713:          1773          42552  com.intellij.patterns.ObjectPattern$2
 714:           409          42480  [Ljava.util.WeakHashMap$Entry;
 715:           663          42432  java.nio.DirectByteBuffer
 716:          1056          42240  org.kohsuke.rngom.digested.DChoicePattern
 717:          1319          42208  java.awt.geom.Path2D$Double
 718:          2636          42176  java.lang.ref.ReferenceQueue$Lock
 719:          2635          42160  com.intellij.util.containers.ContainerUtil$ImmutableListBackedByArray
 720:          1746          41896  [Lcom.intellij.psi.stubs.PsiFileStub;
 721:          1309          41888  com.intellij.openapi.editor.impl.IntervalTreeImpl$IntervalNode$WeakReferencedGetter
 722:          1304          41728  java.awt.geom.Path2D$Double$TxIterator
 723:          1730          41520  com.intellij.codeInspection.ex.GlobalInspectionToolWrapper
 724:          1037          41480  com.intellij.psi.impl.source.tree.injected.ShredImpl
 725:          1290          41280  com.intellij.psi.impl.source.PsiModifierListImpl
 726:          1030          41200  com.intellij.util.Alarm
 727:          1285          41120  java.util.regex.Pattern$Curly
 728:          2557          40912  org.jetbrains.plugins.javaFX.css.JavaFxCSSElementDescriptionProvider$$Lambda$2628/1188765698
 729:          1701          40824  com.intellij.lang.javascript.psi.resolve.JSTypeResolveResult
 730:          2547          40752  [Lcom.intellij.lang.javascript.psi.resolve.context.JSApplyContextElement;
 731:          1698          40752  kotlin.reflect.jvm.internal.ReflectProperties$LazySoftVal
 732:          1271          40672  com.intellij.util.indexing.impl.ValueContainerImpl$2
 733:           423          40608  net.sourceforge.pmd.lang.java.ast.ASTVariableDeclaratorId
 734:          1266          40512  java.lang.invoke.LambdaForm$Name
 735:           839          40272  com.intellij.psi.impl.file.PsiPackageImpl
 736:           719          40264  [Ljava.util.regex.Pattern$GroupHead;
 737:          1255          40160  com.intellij.openapi.components.ServiceDescriptor
 738:          2503          40048  com.intellij.util.containers.FilteringIterator$InstanceOf
 739:          1001          40040  com.intellij.lang.javascript.psi.stubs.impl.TypeScriptTypeParameterConstraintStubImpl
 740:          2494          39904  com.intellij.openapi.vfs.newvfs.persistent.FSRecords$$Lambda$114/925600488
 741:          2490          39840  javax.swing.ArrayTable
 742:          1658          39792  com.intellij.openapi.actionSystem.KeyboardShortcut
 743:           829          39792  gnu.trove.TIntIntHashMap
 744:          1655          39720  com.intellij.lang.javascript.inspections.JSNonASCIINamesInspection$Checker
 745:          2480          39680  com.intellij.jsf.references.libraries.providers.JsfWrappingReferenceProvider
 746:          1240          39680  kotlin.sequences.TakeWhileSequence$iterator$1
 747:          1238          39616  com.intellij.codeInsight.daemon.impl.HighlightingSessionImpl$$Lambda$2166/2071936433
 748:          1238          39616  com.intellij.codeInsight.daemon.impl.UpdateHighlightersUtil$$Lambda$2202/1265510
 749:          2473          39568  org.jetbrains.plugins.javaFX.css.refs.JavaFxStylesheetsIndex$$Lambda$2631/1293208254
 750:           613          39232  com.intellij.spring.model.jam.javaConfig.ContextJavaBean$$EnhancerByJetBrainsMainCglib$$4c9549eb
 751:          1223          39136  com.intellij.lang.javascript.psi.ecma6.impl.TypeScriptObjectTypeImpl
 752:           606          38784  com.intellij.ui.LayeredIcon
 753:          1608          38592  com.intellij.psi.impl.compiled.ClsTypeParametersListImpl
 754:           438          38544  com.intellij.psi.impl.source.html.HtmlTagImpl
 755:          1191          38112  org.apache.log4j.ProvisionNode
 756:          1586          38064  com.intellij.psi.impl.source.FileTrees
 757:          1560          37440  com.intellij.psi.impl.source.AstPathPsiMap
 758:           583          37312  com.intellij.lang.javascript.psi.resolve.JSSimpleTypeProcessor
 759:          2328          37248  com.intellij.codeInsight.daemon.impl.ShowIntentionsPass$$Lambda$2111/1782775380
 760:           388          37248  sun.awt.image.ImageRepresentation
 761:           931          37240  org.intellij.plugins.intelliLang.references.InjectedReferencesContributor$1$1
 762:          1550          37200  [Lcom.intellij.openapi.fileEditor.impl.text.TextEditorState$CaretState;
 763:          1160          37120  com.intellij.util.containers.ConcurrentWeakKeyWeakValueHashMap$WeakValue
 764:           772          37056  java.util.concurrent.locks.ReentrantReadWriteLock$NonfairSync
 765:           771          37008  com.intellij.util.ui.JBImageIcon
 766:          1152          36864  com.intellij.lang.javascript.psi.types.JSRecordTypeImpl$PropertySignatureImpl
 767:          1536          36864  com.intellij.openapi.editor.impl.view.SimpleTextFragment
 768:          1534          36816  com.intellij.openapi.util.Key
 769:          1526          36624  java.lang.Class$AnnotationData
 770:          2285          36560  com.intellij.psi.stubs.StubTreeBuilder$$Lambda$1531/353821280
 771:           415          36520  com.intellij.lang.javascript.psi.resolve.JavaScriptQualifiedItemProcessor$1
 772:           908          36320  com.intellij.lang.javascript.psi.stubs.impl.TypeScriptTypeOperatorStubImpl
 773:           648          36288  com.intellij.spring.boot.model.autoconfigure.AutoConfigLocalAnnotationModel
 774:          1507          36168  com.intellij.patterns.PsiMethodPattern
 775:           903          36120  com.intellij.lang.javascript.psi.stubs.impl.TypeScriptIndexedAccessTypeStubImpl
 776:          1121          35872  com.intellij.lang.javascript.psi.types.JSTypeParser
 777:           746          35808  com.intellij.lang.javascript.psi.types.JSTypeSubstitutor
 778:             5          35760  [Lcom.intellij.codeInspection.ex.InspectionToolWrapper;
 779:           745          35760  com.intellij.openapi.actionSystem.DefaultActionGroup
 780:          1117          35744  com.intellij.util.ui.JBInsets
 781:          1268          35648  [Lcom.intellij.util.lang.Loader;
 782:           342          35568  com.intellij.util.io.IntToIntBtree
 783:          1480          35520  com.intellij.lang.javascript.psi.impl.JSPropertyImpl$JSPropertyCachedData
 784:          1108          35456  com.intellij.semantic.SemKey
 785:          2214          35424  org.intellij.plugins.intelliLang.inject.InjectorUtils$$Lambda$2162/2027643942
 786:          1472          35328  [Lcom.intellij.psi.search.scope.packageSet.NamedScopesHolder;
 787:          1471          35304  com.intellij.psi.impl.compiled.ClsAnnotationImpl$1
 788:          1471          35304  com.intellij.psi.impl.compiled.ClsAnnotationImpl$2
 789:           881          35240  com.intellij.lang.LanguageExtensionPoint
 790:           400          35200  net.sourceforge.pmd.lang.java.ast.ASTReferenceType
 791:            40          35008  [Lcom.intellij.openapi.editor.FoldRegion;
 792:           875          35000  javassist.bytecode.CodeAttribute
 793:           875          35000  javassist.bytecode.MethodInfo
 794:          1404          34976  [Lcom.intellij.psi.css.CssSelector$Combinator;
 795:           138          34960  [[C
 796:            84          34944  com.intellij.ui.components.JBScrollPane
 797:          1451          34824  com.intellij.lang.javascript.highlighting.JSSemanticHighlightingUtil$TextAttributeKeyInfo
 798:          2175          34800  java.util.Collections$UnmodifiableSet
 799:           101          34744  javax.swing.Box$Filler
 800:          2168          34688  com.intellij.codeInspection.ex.InspectionProfileImpl$$Lambda$861/1739510031
 801:           865          34600  net.sourceforge.pmd.lang.java.dfa.JavaDataFlowNode
 802:           540          34560  io.netty.buffer.PoolSubpage
 803:           864          34560  org.kohsuke.rngom.digested.DInterleavePattern
 804:          2156          34496  java.util.HashMap$EntrySet
 805:          1074          34368  java.security.CodeSource
 806:          1162          34320  [Lcom.intellij.util.lang.Loader;
 807:          1411          34304  [Lcom.intellij.psi.css.descriptor.CssMediaGroup;
 808:          1313          34248  [Lcom.intellij.lang.javascript.psi.JSElement;
 809:          1424          34176  com.intellij.psi.impl.compiled.ClsFieldImpl$1
 810:          2133          34128  javax.swing.Timer$1
 811:           851          34040  com.intellij.lang.javascript.psi.stubs.impl.TypeScriptArrayTypeStubImpl
 812:          1409          33816  com.intellij.lang.javascript.psi.resolve.JSResolveStatus
 813:          1407          33768  com.intellij.openapi.command.impl.EditorAndState
 814:           702          33696  com.intellij.openapi.command.impl.UndoableGroup
 815:           701          33648  com.intellij.psi.impl.smartPointers.AnchorElementInfo
 816:          1779          33592  [Lsun.reflect.generics.tree.TypeArgument;
 817:          2097          33552  com.intellij.codeInsight.AnnotationUtil$$Lambda$1657/1905731483
 818:           232          33408  java.text.DecimalFormat
 819:          1392          33408  sun.reflect.NativeConstructorAccessorImpl
 820:           415          33200  com.intellij.lang.ecmascript6.resolve.ES6QualifiedItemProcessor
 821:          2071          33136  org.kohsuke.rngom.nc.SimpleNameClass
 822:           517          33088  kotlin.reflect.jvm.internal.impl.serialization.ProtoBuf$ValueParameter
 823:          1377          33048  com.intellij.openapi.editor.ex.util.LexerEditorHighlighter$HighlighterIteratorImpl
 824:          1376          33024  com.intellij.lang.javascript.psi.types.JSParameterTypeDecoratorImpl
 825:          1371          32904  java.util.concurrent.CopyOnWriteArrayList
 826:           411          32880  net.sourceforge.pmd.lang.java.ast.ASTClassOrInterfaceType
 827:           684          32832  org.kohsuke.rngom.parse.compact.Token
 828:           583          32648  com.intellij.lang.javascript.psi.resolve.JSTypeFromResolveResultProcessor
 829:           816          32640  com.intellij.lang.javascript.psi.ecma6.impl.TypeScriptParameterListImpl
 830:          1018          32576  javax.swing.SizeRequirements
 831:           507          32448  org.apache.xerces.dom.ElementNSImpl
 832:           811          32440  org.kohsuke.rngom.digested.DGroupPattern
 833:           337          32352  com.intellij.util.io.PersistentBTreeEnumerator
 834:          1345          32280  com.intellij.util.text.ImmutableText
 835:           209          31768  sun.font.TrueTypeFont
 836:           991          31712  com.intellij.ide.util.treeView.TreeState$PathElement
 837:            84          31584  java.lang.Thread
 838:          1311          31464  sun.swing.SwingUtilities2$AATextInfo$KeyPair
 839:           786          31440  java.util.HashMap$EntryIterator
 840:           783          31320  java.math.BigInteger
 841:          1295          31080  com.intellij.jam.JamClassGeneratorImpl$JamReferenceHolderImpl
 842:          1941          31056  com.intellij.openapi.util.IconLoader$CachedImageIcon$1
 843:          1941          31056  com.intellij.semantic.SemServiceImpl$SemCacheChunk
 844:           554          31024  sun.java2d.loops.FontInfo
 845:          1292          31008  kotlin.sequences.TakeWhileSequence
 846:          1926          30816  com.intellij.idea.IdeaLogger
 847:          1284          30816  java.util.BitSet
 848:           296          30784  com.intellij.ide.projectView.impl.nodes.PsiDirectoryNode
 849:          1279          30696  com.intellij.patterns.ObjectPattern$Capture
 850:           639          30672  com.intellij.spring.boot.run.lifecycle.beans.LiveBeanImpl
 851:          1274          30576  java.util.Collections$UnmodifiableCollection$1
 852:           318          30528  com.intellij.util.io.PersistentHashMapValueStorage
 853:           762          30480  com.intellij.openapi.editor.markup.AttributesFlyweight$FlyweightKey
 854:          1269          30456  com.intellij.lang.javascript.ecmascript6.TypeScriptTypeEvaluator
 855:           346          30448  com.intellij.codeInspection.InspectionEP
 856:           950          30400  com.intellij.psi.search.GlobalSearchScope$FileTypeRestrictionScope
 857:          1261          30264  com.intellij.psi.impl.source.resolve.reference.ArbitraryPlaceUrlReferenceProvider$1$$Lambda$2320/1356529732
 858:           756          30240  com.intellij.psi.impl.source.tree.PsiCommentImpl
 859:           375          30000  net.sourceforge.pmd.lang.java.ast.ASTArgumentList
 860:           931          29792  com.intellij.psi.impl.source.tree.java.PsiLiteralExpressionImpl
 861:           930          29760  java.awt.geom.Point2D$Double
 862:          1860          29760  kotlin.collections.ArraysKt___ArraysKt$asSequence$$inlined$Sequence$1
 863:           928          29696  com.intellij.lang.javascript.psi.ecma6.impl.TypeScriptPropertySignatureImpl
 864:          1237          29688  com.intellij.spring.contexts.model.AbstractSimpleSpringModel$1
 865:          1237          29688  com.intellij.spring.contexts.model.AbstractSimpleSpringModel$2
 866:          1237          29688  com.intellij.spring.contexts.model.CachedLocalModel$1
 867:           265          29680  org.jetbrains.kotlin.serialization.ProtoBuf$Class
 868:           927          29664  sun.reflect.UnsafeBooleanFieldAccessorImpl
 869:           463          29632  com.intellij.lang.javascript.psi.types.guard.JavaScriptTypeGuard
 870:           740          29600  com.intellij.openapi.editor.markup.AttributesFlyweight
 871:           740          29600  com.intellij.psi.impl.compiled.ClsReferenceExpressionImpl
 872:          1226          29552  [Lcom.intellij.psi.PsiType;
 873:          1838          29408  com.intellij.psi.impl.ScopedClassHierarchy$$Lambda$2405/1440221895
 874:           159          29376  [Lcom.intellij.openapi.fileTypes.FileType;
 875:          1222          29328  com.intellij.psi.impl.compiled.ClsParameterListImpl
 876:           458          29312  com.intellij.uiDesigner.core.GridConstraints
 877:           914          29248  java.util.ResourceBundle$LoaderReference
 878:          1825          29200  com.intellij.codeInspection.ex.InspectionToolRegistrar$$Lambda$650/1485140787
 879:           730          29200  java.awt.FlowLayout
 880:          1823          29168  java.util.concurrent.atomic.AtomicInteger
 881:            74          29008  com.intellij.openapi.wm.impl.ToolWindowHeader$ActionButton$1
 882:            82          28864  com.intellij.ui.components.panels.Wrapper
 883:           901          28832  com.intellij.openapi.vcs.ex.PartialLocalLineStatusTracker$MyUndoableAction
 884:          1201          28824  javax.swing.tree.TreePath
 885:           900          28800  com.intellij.psi.impl.compiled.ClsReferenceParameterListImpl
 886:           896          28672  org.jetbrains.kotlin.idea.core.script.KotlinScriptDependenciesClassFinder$findClassInPackage$1
 887:          1188          28512  com.intellij.lang.javascript.psi.resolve.JSTypeEvaluator$$Lambda$2315/1474817697
 888:          1188          28512  com.intellij.psi.filters.position.FilterPattern
 889:          1188          28512  com.intellij.psi.filters.position.FilterPattern$1
 890:          1188          28512  javassist.bytecode.NameAndTypeInfo
 891:          1187          28488  com.intellij.lang.javascript.psi.resolve.JSRecursionGuard
 892:           507          28392  [Ljava.text.Format;
 893:           887          28384  kotlin.reflect.jvm.internal.impl.name.FqNameUnsafe
 894:           706          28240  com.intellij.lang.javascript.validation.DuplicatesCheckUtil$MySinkResolveProcessor$1
 895:          1765          28240  sun.reflect.generics.tree.ClassTypeSignature
 896:            75          28080  [Lio.netty.util.Recycler$DefaultHandle;
 897:          1754          28064  com.intellij.psi.stubs.StubSpine
 898:           704          27920  [Lcom.intellij.lang.javascript.psi.JSStatement;
 899:           581          27888  com.intellij.codeInsight.intention.IntentionActionBean
 900:          1162          27888  com.intellij.psi.css.descriptor.BrowserVersion
 901:           696          27840  sun.misc.Cleaner
 902:           141          27832  [Ljava.lang.StackTraceElement;
 903:          1158          27792  com.intellij.ide.ProhibitAWTEvents
 904:           863          27616  sun.security.util.DerInputBuffer
 905:           863          27616  sun.security.util.DerValue
 906:           858          27456  com.intellij.util.ui.JBEmptyBorder
 907:           685          27400  com.intellij.util.io.ResizeableMappedFile
 908:           342          27360  net.sourceforge.pmd.lang.java.ast.ASTBlock
 909:           683          27320  javax.swing.text.GapContent$MarkData
 910:          1135          27240  java.util.regex.Pattern$Start
 911:           851          27232  com.intellij.ui.IconDeferrerImpl$$Lambda$1313/511512247
 912:           340          27200  kotlin.reflect.jvm.internal.impl.serialization.ProtoBuf$Annotation$Argument$Value
 913:          1699          27184  java.lang.ThreadLocal
 914:          1128          27072  java.util.regex.Pattern$Slice
 915:           376          27072  org.apache.xerces.impl.xs.XSElementDecl
 916:          1126          27024  com.intellij.lang.javascript.psi.types.JSRecordMemberSourceFactory$SingleMemberSource
 917:           307          27016  com.intellij.openapi.progress.util.ProgressIndicatorBase
 918:           844          27008  com.intellij.lang.javascript.psi.types.primitives.JSObjectType
 919:          1125          27000  kotlin.Pair
 920:           843          26976  java.util.Spliterators$IntIteratorSpliterator
 921:           514          26944  [Ljava.lang.invoke.LambdaForm$Name;
 922:           840          26880  org.jetbrains.plugins.groovy.lang.psi.impl.search.GrSourceFilterScope
 923:          1119          26856  java.util.stream.ReferencePipeline$7$1
 924:           305          26840  org.jetbrains.kotlin.serialization.ProtoBuf$Property
 925:           835          26720  com.intellij.psi.impl.compiled.ClsIdentifierImpl
 926:          1112          26688  com.intellij.javascript.JSFunctionWithSubstitutor
 927:           665          26600  com.intellij.openapi.editor.impl.view.EditorPainter$1
 928:           665          26600  com.intellij.openapi.editor.impl.view.EditorPainter$2
 929:          1106          26544  com.intellij.patterns.PsiClassPattern
 930:           828          26496  com.intellij.patterns.PsiAnnotationPattern$2
 931:          1108          26488  [Lcom.intellij.semantic.SemKey;
 932:           551          26448  com.intellij.codeInsight.intention.impl.config.IntentionActionMetaData
 933:            60          26400  com.intellij.openapi.actionSystem.impl.ActionToolbarImpl
 934:            66          26400  com.intellij.ui.tabs.impl.singleRow.SingleRowLayout$GhostComponent
 935:           548          26304  com.intellij.util.lang.JarLoader
 936:          1095          26280  com.intellij.openapi.fileTypes.ExtensionFileNameMatcher
 937:           818          26176  java.util.Collections$UnmodifiableMap
 938:           327          26160  java.awt.event.MouseEvent
 939:          1087          26088  org.jetbrains.kotlin.name.Name
 940:           815          26080  javax.swing.text.html.StyleSheet$SmallConversionSet
 941:           465          26040  com.intellij.psi.impl.source.tree.java.AnnotationElement
 942:           465          26040  com.intellij.psi.impl.source.tree.java.AnnotationParamListElement
 943:           812          25984  com.intellij.openapi.application.impl.LaterInvocator$RunnableInfo
 944:            72          25920  com.intellij.psi.codeStyle.CommonCodeStyleSettings
 945:           647          25880  com.intellij.util.text.StringTokenizer
 946:          1075          25800  com.intellij.patterns.PsiNameValuePairPattern$1
 947:           805          25760  java.io.DataInputStream
 948:          1067          25608  com.intellij.spring.contexts.model.graph.LocalModelDependency
 949:          1595          25520  com.intellij.psi.impl.source.CharTableImpl
 950:          1060          25440  com.intellij.spring.model.jam.stereotype.CustomSpringComponent
 951:           790          25280  com.intellij.lang.javascript.modules.JSModuleReferenceExpressionInfo
 952:          1050          25200  com.intellij.lang.javascript.psi.resolve.JSTaggedResolveResult
 953:           225          25200  com.intellij.util.indexing.impl.MapIndexStorage$2
 954:            77          25104  [Ljava.lang.ThreadLocal$ThreadLocalMap$Entry;
 955:           390          24960  org.jetbrains.idea.maven.model.MavenArtifact
 956:           622          24880  java.lang.ref.Finalizer
 957:          1551          24816  sun.reflect.DelegatingConstructorAccessorImpl
 958:          1033          24792  org.intellij.html.RelaxedHtmlFromRngElementDescriptor
 959:           771          24672  com.intellij.lang.javascript.ecmascript6.TypeScriptModuleDeclarationsProcessor
 960:           771          24672  com.intellij.lang.javascript.psi.resolve.JSQualifiedNameResolver$1
 961:          1025          24600  com.intellij.openapi.vfs.impl.local.LocalFileSystemImpl$WatchRequestImpl
 962:           768          24576  java.util.AbstractList$ListItr
 963:           767          24544  java.beans.PropertyChangeEvent
 964:           847          24480  [Lcom.intellij.psi.PsiClass;
 965:           611          24440  com.intellij.util.io.ReadWriteDirectBufferWrapper
 966:           509          24432  java.lang.invoke.LambdaForm
 967:           338          24336  com.intellij.codeInsight.daemon.impl.HighlightInfo$B
 968:           607          24280  com.intellij.lang.javascript.psi.ecma6.impl.TypeScriptFunctionSignatureImpl
 969:           121          24200  org.apache.xerces.impl.dv.xs.XSSimpleTypeDecl
 970:           755          24160  com.intellij.lang.javascript.psi.ecma6.impl.TypeScriptUnionOrIntersectionTypeImpl
 971:           755          24160  com.intellij.lang.javascript.psi.types.primitives.JSNumberType
 972:          1006          24144  javassist.bytecode.MethodrefInfo
 973:          1001          24024  javax.swing.ActionMap
 974:          1490          23840  com.intellij.util.CommonProcessors$FindFirstProcessor
 975:            56          23744  com.intellij.ui.TitledSeparator$1
 976:           742          23744  com.intellij.util.containers.FList
 977:           988          23712  com.intellij.psi.css.impl.descriptor.value.CssTextValue
 978:           740          23680  java.util.ArrayList$ArrayListSpliterator
 979:           739          23648  java.util.LinkedList
 980:          1478          23648  org.jetbrains.idea.maven.utils.MavenUtil$$Lambda$756/567644252
 981:          1473          23568  com.intellij.psi.impl.source.PsiTypeElementImpl$$Lambda$2625/1497779942
 982:           736          23552  com.google.common.collect.Iterators$10
 983:           977          23448  com.intellij.lang.javascript.psi.resolve.WalkUpResolveProcessor$JSResolveTypeProcessor$$Lambda$2630/1026180896
 984:           976          23424  com.intellij.lang.javascript.frameworks.amd.JSAmdUtil$$Lambda$4187/626086624
 985:           224          23296  com.intellij.lang.javascript.psi.jsdoc.impl.JSDocCommentCachedData
 986:           992          23280  [Ljava.lang.reflect.Type;
 987:           970          23280  javax.swing.InputMap
 988:           719          23008  com.intellij.psi.impl.compiled.ClsParameterImpl
 989:           318          22896  com.intellij.util.io.PersistentHashMapValueStorage$MyCompressedAppendableFile
 990:           953          22872  com.intellij.lang.javascript.psi.impl.JSDefinitionExpressionImpl$$Lambda$2587/366915938
 991:           474          22752  java.util.StringTokenizer
 992:           567          22680  com.intellij.psi.impl.java.stubs.impl.PsiTypeParameterStubImpl
 993:           708          22656  com.intellij.lang.javascript.psi.ecma6.impl.TypeScriptStringLiteralTypeImpl
 994:           470          22560  com.intellij.util.keyFMap.MapBackedFMap
 995:           939          22536  com.intellij.configurationStore.BindingCacheKey
 996:           352          22528  java.text.DecimalFormatSymbols
 997:           563          22520  org.jetbrains.kotlin.serialization.ProtoBuf$Annotation$Argument
 998:           938          22512  com.intellij.patterns.IElementTypePattern
 999:           402          22512  com.intellij.psi.impl.source.tree.java.PsiBlockStatementImpl
1000:           937          22488  com.intellij.psi.impl.source.xml.XmlTagImpl$$Lambda$2337/1783183627
1001:           930          22320  org.intellij.plugins.relaxNG.model.descriptors.RngElementDescriptor
1002:           307          22104  com.intellij.openapi.roots.impl.libraries.LibraryImpl
1003:           689          22048  com.intellij.lang.javascript.psi.types.primitives.JSStringType
1004:           551          22040  com.intellij.codeInsight.intention.impl.config.IntentionsOptionsTopHitProvider$Option
1005:           457          21936  com.intellij.lang.javascript.psi.stubs.impl.TypeScriptTypeAliasStubImpl
1006:           390          21840  javax.swing.Timer
1007:           682          21824  com.intellij.util.containers.ConcurrentLongObjectHashMap$Node
1008:           389          21784  com.intellij.psi.impl.source.javadoc.PsiDocTagImpl
1009:           680          21760  com.intellij.lang.javascript.intentions.ES6ConvertVarToLetConstQuickFix
1010:          1358          21728  com.intellij.util.SmartFMap
1011:           451          21648  org.jetbrains.kotlin.serialization.ProtoBuf$QualifiedNameTable$QualifiedName
1012:           900          21600  [Lcom.intellij.psi.impl.compiled.ClsTypeElementImpl;
1013:           674          21568  com.intellij.util.xmlb.PropertyAccessor
1014:           898          21552  com.intellij.psi.css.impl.util.scheme.CssValueDescriptorModificator$ValueFactory
1015:           673          21536  java.util.ArrayList$ListItr
1016:          1343          21488  com.intellij.codeInsight.template.impl.TemplateContext
1017:           894          21456  kotlin.reflect.jvm.internal.impl.name.FqName
1018:           670          21440  com.intellij.lang.javascript.psi.types.primitives.JSPrimitiveArrayType
1019:           669          21408  com.intellij.psi.impl.smartPointers.SmartPsiFileRangePointerImpl
1020:           888          21312  net.sourceforge.pmd.lang.dfa.VariableAccess
1021:           209          21248  [Lsun.font.TrueTypeFont$DirectoryEntry;
1022:           664          21248  com.intellij.concurrency.ConcurrentHashMap$Node
1023:           885          21240  com.intellij.spellchecker.quickfixes.SaveTo
1024:           379          21224  com.intellij.psi.impl.source.tree.java.PsiReturnStatementImpl
1025:           884          21216  [Lcom.intellij.spellchecker.quickfixes.SpellCheckerQuickFix;
1026:           663          21216  com.intellij.lang.javascript.index.JSTypeEvaluateManager$$Lambda$2506/450843813
1027:           663          21216  com.intellij.lang.javascript.psi.resolve.BaseJSSymbolProcessor$1
1028:           442          21216  com.intellij.openapi.actionSystem.impl.ActionManagerImpl$1
1029:           528          21120  org.apache.xerces.impl.xs.XSParticleDecl
1030:           875          21000  javassist.bytecode.ExceptionTable
1031:           875          21000  javassist.bytecode.LineNumberAttribute
1032:           656          20992  org.jetbrains.kotlin.idea.inspections.IntentionBasedInspection$buildVisitor$1
1033:           744          20976  [Lcom.intellij.psi.filters.ElementFilter;
1034:          1310          20960  com.intellij.codeInspection.bytecodeAnalysis.HMember
1035:           262          20960  com.intellij.notification.Notification
1036:           653          20896  java.text.FieldPosition
1037:           869          20856  javassist.bytecode.LocalVariableAttribute
1038:           371          20776  com.intellij.psi.impl.source.tree.java.ParameterElement
1039:           863          20712  sun.security.util.DerInputStream
1040:           862          20688  com.intellij.psi.impl.ElementBase$ElementIconRequest
1041:           235          20680  net.sourceforge.pmd.lang.java.ast.ASTFormalParameter
1042:           643          20576  com.intellij.util.ui.CenteredIcon
1043:           856          20544  org.jetbrains.kotlin.cli.common.arguments.Freezable$FreezableVar
1044:           853          20472  javax.swing.KeyStroke
1045:           852          20448  [Lsun.security.x509.AVA;
1046:           852          20448  sun.security.x509.AVA
1047:           852          20448  sun.security.x509.RDN
1048:           364          20384  com.intellij.lang.javascript.psi.resolve.WalkUpResolveProcessor
1049:           424          20352  com.intellij.openapi.vfs.newvfs.persistent.PersistentFSImpl$FsRoot
1050:           846          20304  com.intellij.spring.boot.application.metadata.SpringBootApplicationMetaConfigKey$Deprecation
1051:           507          20280  java.text.MessageFormat
1052:           843          20232  java.lang.CharSequence$1CodePointIterator
1053:           843          20232  java.util.stream.IntPipeline$4$1
1054:           631          20192  java.nio.DirectByteBuffer$Deallocator
1055:           840          20160  com.intellij.psi.NonClasspathClassFinder$$Lambda$2087/1215036930
1056:           840          20160  com.intellij.psi.NonClasspathClassFinder$$Lambda$2089/1802648898
1057:            56          20160  com.intellij.ui.TitledSeparator
1058:           358          20048  com.intellij.psi.impl.source.tree.java.NameValuePairElement
1059:          1252          20032  org.jetbrains.plugins.groovy.lang.psi.GroovyPsiElementVisitor
1060:          1250          20000  com.intellij.codeInsight.AnnotationUtil$$Lambda$2420/806026610
1061:          1248          19968  com.intellij.openapi.vfs.newvfs.persistent.FSRecords$$Lambda$88/1188747115
1062:           830          19920  com.intellij.spring.contexts.model.AbstractSimpleLocalModel$1
1063:           829          19896  com.intellij.util.indexing.impl.ValueContainerImpl$1
1064:           828          19872  com.intellij.jam.reflect.JamAnnotationAttributeMeta$JamCreator
1065:           828          19872  com.intellij.jam.reflect.JamAnnotationMeta$$Lambda$1479/1914223889
1066:          1241          19856  com.intellij.ui.RowIcon$$Lambda$1321/1658574357
1067:          1238          19808  com.intellij.psi.impl.source.DummyHolder$DummyHolderTreeLock
1068:           225          19800  net.sourceforge.pmd.lang.java.ast.ASTPrimitiveType
1069:          1237          19792  com.intellij.spring.contexts.model.CachedLocalModel$$Lambda$2546/1274605399
1070:           824          19776  sun.awt.image.BufImgSurfaceManager
1071:            56          19712  javax.swing.JSeparator
1072:           491          19640  com.intellij.util.containers.ConcurrentWeakHashMap$WeakKey
1073:           204          19584  com.intellij.ide.projectView.impl.nodes.NamedLibraryElementNode
1074:           406          19488  java.util.WeakHashMap
1075:           809          19416  java.util.regex.Pattern$GroupTail
1076:           806          19344  java.util.regex.Pattern$GroupHead
1077:           802          19248  com.intellij.psi.filters.position.ParentElementFilter
1078:           479          19160  com.intellij.lang.javascript.psi.ecma6.impl.TypeScriptFunctionTypeImpl
1079:           595          19040  com.intellij.lang.javascript.psi.impl.JSReturnStatementImpl
1080:           170          19040  java.util.GregorianCalendar
1081:            39          19032  com.intellij.ide.ui.laf.intellij.WinIntelliJComboBoxUI$1
1082:           592          18944  java.awt.font.FontRenderContext
1083:            55          18920  com.intellij.uiDesigner.core.Spacer
1084:            30          18880  [Lio.netty.buffer.PoolSubpage;
1085:           337          18872  com.intellij.util.io.Page
1086:           586          18752  org.apache.xerces.dom.TextImpl
1087:           468          18720  org.kohsuke.rngom.digested.DElementPattern
1088:           388          18624  javax.swing.text.html.HTMLDocument$BlockElement
1089:           388          18624  sun.awt.image.ToolkitImage
1090:           581          18592  com.intellij.codeInsight.intention.impl.config.IntentionActionWrapper
1091:           580          18560  com.intellij.psi.impl.source.tree.java.PsiAnnotationImpl
1092:          1158          18528  com.intellij.ide.ProhibitAWTEvents$1
1093:           771          18504  com.intellij.lang.javascript.ecmascript6.TypeScriptQualifiedNameResolver
1094:           771          18504  com.intellij.lang.javascript.ecmascript6.TypeScriptQualifiedNameResolver$$Lambda$2445/1572932095
1095:            39          18408  com.intellij.ide.ui.laf.intellij.WinIntelliJComboBoxUI$3$1
1096:           458          18320  org.jetbrains.kotlin.idea.stubindex.KotlinSourceFilterScope
1097:           572          18304  com.intellij.ide.impl.DataManagerImpl$MyDataContext
1098:           325          18200  java.util.HashMap$TreeNode
1099:           755          18120  com.intellij.psi.tree.TokenSet
1100:            39          18096  com.intellij.util.ui.ButtonlessScrollBarUI$EmptyButton
1101:           753          18072  com.intellij.patterns.PsiNamePatternCondition
1102:           751          18024  java.util.regex.Pattern$Ctype
1103:           748          17952  com.intellij.patterns.PsiModifierListOwnerPattern$3
1104:           224          17920  net.sourceforge.pmd.lang.java.ast.ASTStatementExpression
1105:           746          17904  com.intellij.xml.util.XmlPsiUtil$XmlElementProcessor
1106:           445          17800  com.intellij.lang.javascript.validation.fixes.CreateJSFunctionIntentionAction
1107:            39          17784  com.intellij.ide.ui.laf.intellij.WinIntelliJComboBoxUI$5
1108:           444          17760  com.intellij.util.io.IntToIntBtree$BtreeIndexNodeView
1109:           739          17728  [Lcom.intellij.psi.xml.XmlElement;
1110:           738          17712  com.intellij.psi.impl.source.xml.XmlElementImpl$1
1111:           369          17712  org.jetbrains.kotlin.serialization.ProtoBuf$Type$Argument
1112:           737          17688  java.util.concurrent.locks.ReentrantReadWriteLock
1113:          1097          17552  com.intellij.lang.javascript.psi.impl.JSLiteralExpressionImpl$$Lambda$2175/1583225176
1114:           730          17520  java.util.regex.Pattern$5
1115:          1093          17488  com.intellij.util.text.ImmutableText$WideLeafNode
1116:            42          17472  com.intellij.ui.components.JBLabel
1117:           543          17376  com.intellij.javaee.ExternalResourceManagerExImpl$Resource
1118:          1080          17280  com.intellij.util.CommonProcessors$CollectProcessor
1119:          1079          17264  java.security.ProtectionDomain$Key
1120:           719          17256  com.intellij.psi.impl.compiled.ClsParameterImpl$1
1121:          1078          17248  [Ljava.security.Principal;
1122:           215          17200  [Lcom.intellij.lang.javascript.psi.ecmal4.JSAttributeList$ModifierType;
1123:           715          17160  java.util.regex.Pattern$TreeInfo
1124:           536          17152  com.intellij.util.io.UnsyncByteArrayInputStream
1125:           428          17120  com.intellij.reference.SoftReference
1126:           237          17064  com.intellij.psi.impl.source.tree.java.ReferenceListElement
1127:           533          17056  com.intellij.configurationStore.ComponentInfoImpl
1128:            52          17056  java.util.concurrent.ForkJoinPool$WorkQueue
1129:           688          17024  [Lcom.intellij.codeInspection.LocalQuickFix;
1130:           708          16992  org.jetbrains.kotlin.protobuf.LiteralByteString
1131:           354          16992  org.kohsuke.rngom.digested.DDataPattern
1132:           265          16960  com.intellij.ui.components.DefaultScrollBarUI
1133:           705          16920  com.intellij.patterns.XmlNamedElementPattern$XmlAttributePattern
1134:           423          16920  com.intellij.psi.impl.search.JavaSourceFilterScope
1135:           421          16840  com.intellij.util.text.StringSearcher
1136:           420          16800  com.intellij.openapi.vfs.impl.jar.BasicJarHandler
1137:           420          16800  com.intellij.openapi.vfs.impl.jar.BasicJarHandler$ZipResourceHandle
1138:           300          16800  com.intellij.util.ui.UIUtil$21
1139:           639          16656  [Ljavax.swing.text.AbstractDocument$AbstractElement;
1140:           189          16632  com.intellij.openapi.wm.impl.WindowInfoImpl
1141:           623          16592  [Lcom.intellij.psi.css.descriptor.BrowserVersion;
1142:           691          16584  com.intellij.lang.javascript.psi.JSTypeUtils$$Lambda$2608/1585568041
1143:           691          16584  javassist.bytecode.AnnotationsAttribute
1144:            44          16544  com.intellij.openapi.fileEditor.impl.EditorComposite$TopBottomPanel
1145:           689          16536  javassist.bytecode.ClassInfo
1146:           516          16512  com.intellij.psi.impl.source.PsiMethodImpl
1147:           741          16368  [Ljavax.swing.text.AttributeSet;
1148:           682          16368  com.intellij.compiler.backwardRefs.CompilerReferenceServiceImpl$$Lambda$2160/1376872881
1149:           682          16368  com.intellij.compiler.backwardRefs.CompilerReferenceServiceImpl$HierarchySearchKey
1150:           170          16320  sun.util.calendar.Gregorian$Date
1151:           254          16256  com.intellij.psi.impl.source.tree.java.PsiLocalVariableImpl
1152:           225          16200  com.intellij.lang.javascript.psi.jsdoc.impl.JSDocTagImpl
1153:           506          16192  [Ljava.lang.StringBuilder;
1154:           674          16176  com.ansorgit.plugins.bash.editor.codecompletion.BashPathCompletionService$CompletionItem
1155:           674          16176  java.util.Comparator$$Lambda$500/1326472209
1156:          1009          16144  com.intellij.util.ConstantFunction
1157:           168          16128  com.intellij.ide.projectView.impl.nodes.ClassTreeNode
1158:           504          16128  com.intellij.lang.javascript.psi.types.JSCompositeTypeImpl
1159:            91          16032  [Lcom.intellij.codeInsight.controlflow.Instruction;
1160:            40          16000  javax.swing.JScrollPane
1161:           666          15984  [Lcom.intellij.openapi.editor.EditorLinePainter;
1162:           665          15960  kotlin.reflect.jvm.internal.ReflectProperties$LazyVal
1163:           498          15936  com.intellij.jam.JamClassGeneratorImpl$12
1164:           675          15912  [Lcom.intellij.lang.javascript.psi.JSParameterListElement;
1165:           663          15912  com.intellij.lang.javascript.index.JSTypeEvaluateManager$2
1166:            39          15912  javax.swing.plaf.basic.BasicComboPopup$1
1167:           284          15904  com.intellij.psi.impl.source.tree.java.PsiIfStatementImpl
1168:           397          15880  com.android.repository.impl.generated.v1.ArchiveType
1169:           992          15872  com.intellij.openapi.vfs.newvfs.persistent.FSRecords$$Lambda$101/1376070208
1170:           661          15864  sun.java2d.pipe.ShapeSpanIterator
1171:           164          15744  sun.font.CompositeFont
1172:           281          15736  com.intellij.psi.impl.source.tree.java.PsiExpressionStatementImpl
1173:           280          15680  javax.swing.tree.VariableHeightLayoutCache$TreeStateNode
1174:           651          15624  com.intellij.codeInsight.daemon.impl.UpdateHighlightersUtil$$Lambda$4044/777208976
1175:           487          15584  net.sourceforge.pmd.lang.java.ast.JavaParser$JJCalls
1176:           278          15568  com.intellij.psi.css.impl.stubs.CssPseudoSelectorStub
1177:            44          15488  com.intellij.ui.AbstractExpandableItemsHandler$1
1178:           484          15488  sun.reflect.UnsafeObjectFieldAccessorImpl
1179:           387          15480  com.intellij.spring.contexts.model.BeansSpringModel
1180:           387          15480  org.jetbrains.kotlin.serialization.ProtoBuf$Annotation
1181:           322          15456  sun.util.locale.LocaleObjectCache$CacheEntry
1182:           643          15432  org.apache.xerces.util.SymbolTable$Entry
1183:            41          15416  javax.swing.JScrollPane$ScrollBar
1184:           275          15400  com.intellij.openapi.editor.impl.RangeMarkerTree
1185:            30          15360  com.intellij.openapi.wm.impl.StripeButton
1186:           479          15328  com.android.repository.impl.generated.v1.RevisionType
1187:           958          15328  com.intellij.codeInsight.PsiEquivalenceUtil$ReferenceComparator
1188:           239          15296  java.text.DateFormatSymbols
1189:           478          15296  sun.security.util.ObjectIdentifier
1190:           318          15264  com.intellij.util.io.PersistentHashMap$5
1191:           190          15200  net.sourceforge.pmd.lang.java.ast.ASTReturnStatement
1192:           237          15168  com.intellij.util.io.AppendableStorageBackedByResizableMappedFile
1193:           474          15168  java.util.RandomAccessSubList
1194:           629          15096  org.jetbrains.kotlin.renderer.DescriptorRendererOptionsImpl$property$$inlined$vetoable$1
1195:           628          15072  sun.reflect.generics.factory.CoreReflectionFactory
1196:            40          15040  javax.swing.JViewport
1197:           313          15024  com.android.tools.lint.detector.api.Issue
1198:           268          15008  com.android.repository.impl.generated.v1.RemotePackage
1199:           625          15000  com.intellij.spellchecker.quickfixes.ChangeTo
1200:           624          14976  com.intellij.util.containers.MultiMap$5
1201:           312          14976  java.awt.geom.Line2D$Double
1202:           133          14896  kotlin.reflect.jvm.internal.impl.serialization.ProtoBuf$Class
1203:           620          14880  org.jetbrains.kotlin.idea.intentions.SelfTargetingIntention$getTarget$1
1204:           620          14880  org.jetbrains.kotlin.idea.intentions.SelfTargetingIntention$getTarget$2
1205:           463          14816  com.intellij.lang.javascript.psi.JSRecursiveWalkingElementVisitor$1
1206:           185          14800  net.sourceforge.pmd.lang.java.ast.ASTVariableDeclarator
1207:           616          14784  com.intellij.psi.impl.file.PsiJavaDirectoryImpl
1208:            40          14720  com.intellij.openapi.ui.OnePixelDivider
1209:           108          14688  [Lcom.intellij.ide.IconProvider;
1210:           367          14680  sun.nio.fs.WindowsPath
1211:           611          14664  java.util.SubList$1
1212:           602          14656  [Lcom.intellij.psi.PsiClassType;
1213:           912          14592  com.intellij.spellchecker.tokenizer.PsiIdentifierOwnerTokenizer
1214:           910          14560  kotlin.jvm.internal.Ref$ObjectRef
1215:           302          14496  com.intellij.lang.javascript.psi.types.JSSimpleRecordTypeImpl
1216:           601          14424  com.intellij.openapi.editor.impl.view.LineLayout$Chunk
1217:           600          14400  com.intellij.psi.css.impl.descriptor.value.CssInlineValue
1218:           257          14392  com.intellij.util.containers.hash.LinkedHashMap
1219:           597          14328  java.util.concurrent.ConcurrentLinkedQueue
1220:           597          14328  sun.reflect.generics.reflectiveObjects.ParameterizedTypeImpl
1221:           298          14304  com.intellij.openapi.util.registry.RegistryValue
1222:           357          14280  com.intellij.util.Alarm$Request
1223:           164          14272  [Lsun.font.PhysicalFont;
1224:           446          14272  com.intellij.util.containers.WeakValueHashMap$MyWeakReference
1225:           446          14272  com.intellij.util.io.DataOutputStream
1226:           137          14248  com.intellij.ide.plugins.cl.PluginClassLoader
1227:           444          14208  java.io.ByteArrayInputStream
1228:           887          14192  com.intellij.openapi.util.LowMemoryWatcher
1229:           197          14184  com.intellij.lang.javascript.psi.impl.JSBreakStatementImpl
1230:           443          14176  org.jdom.ContentList$FilterList
1231:           590          14160  sun.swing.SwingUtilities2$AATextInfo
1232:            36          14112  com.intellij.concurrency.IdeaForkJoinWorkerThreadFactory$1
1233:           252          14112  java.lang.Class$ReflectionData
1234:           117          14040  com.intellij.lang.impl.PsiBuilderImpl
1235:           350          14000  com.intellij.psi.css.impl.descriptor.value.CssGroupAllValue
1236:           580          13920  java.util.concurrent.atomic.AtomicLong
1237:           579          13896  com.intellij.util.containers.WeakValueHashMap
1238:           347          13880  java.io.FileDescriptor
1239:            34          13872  com.intellij.openapi.wm.impl.InternalDecorator
1240:           577          13848  com.intellij.patterns.StandardPatterns$4
1241:           346          13840  com.intellij.lang.javascript.psi.ecma6.impl.TypeScriptTypeAliasImpl
1242:            24          13824  com.intellij.execution.ui.layout.impl.GridCellImpl$2
1243:           144          13824  com.intellij.ide.projectView.impl.nodes.PsiFileNode
1244:           432          13824  com.intellij.lang.javascript.documentation.JSDocumentationUtils$DocTag
1245:           576          13824  com.intellij.psi.impl.file.PsiPackageImpl$$Lambda$2538/461129248
1246:           574          13776  com.intellij.openapi.util.NotNullLazyValue$2
1247:           573          13752  com.intellij.util.EventDispatcher
1248:           858          13728  com.intellij.lang.javascript.psi.resolve.JSScopeNamesCache$$Lambda$2427/462203581
1249:           429          13728  com.intellij.spring.boot.model.autoconfigure.AutoConfigureMetadataIndex$AutoConfigureMetadata
1250:           245          13720  com.intellij.psi.impl.source.javadoc.PsiDocParamRef
1251:           570          13680  com.intellij.lang.javascript.JSAnalysisHandlersFactory$1
1252:           567          13608  com.intellij.psi.impl.source.xml.TagNameReference
1253:            34          13600  com.intellij.openapi.wm.impl.InternalDecorator$1
1254:           424          13568  com.intellij.psi.impl.compiled.ClsAnnotationParameterListImpl
1255:           847          13552  sun.reflect.DelegatingMethodAccessorImpl
1256:           282          13536  com.intellij.psi.impl.java.stubs.impl.PsiImportStatementStubImpl
1257:           423          13536  javax.swing.text.html.CSS$LengthValue
1258:           422          13504  com.intellij.lang.javascript.psi.types.JSReferenceType
1259:           843          13488  com.intellij.util.xmlb.FieldAccessor
1260:           843          13488  java.lang.CharSequence$$Lambda$3973/84654256
1261:           561          13464  java.util.Date
1262:           558          13392  com.intellij.util.containers.MostlySingularMultiMap$ValueList
1263:           209          13376  com.intellij.lang.javascript.psi.impl.JSCaseClauseImpl
1264:           152          13376  kotlin.reflect.jvm.internal.impl.serialization.ProtoBuf$Property
1265:           417          13344  com.intellij.lang.javascript.psi.ecma6.impl.TypeScriptParenthesizedTypeImpl
1266:           556          13344  de.plushnikov.intellij.plugin.provider.LombokAugmentProvider$ClassLombokCachedValueProvider
1267:           139          13344  javax.swing.text.html.InlineView
1268:            34          13328  com.intellij.openapi.wm.impl.ToolWindowHeader$3
1269:            34          13328  com.intellij.openapi.wm.impl.ToolWindowHeader$6
1270:            37          13320  com.intellij.ui.content.impl.ContentManagerImpl$MyNonOpaquePanel
1271:           831          13296  com.intellij.jam.reflect.JamMemberMeta$$Lambda$1472/535485970
1272:           166          13280  net.sourceforge.pmd.lang.java.ast.ASTLocalVariableDeclaration
1273:           331          13240  javax.swing.text.html.HTMLDocument$RunElement
1274:           551          13224  com.intellij.codeInsight.intention.impl.config.IntentionManagerSettings$MetaDataKey
1275:           235          13160  com.intellij.ide.ui.laf.intellij.WinIntelliJCheckBoxUI
1276:           411          13152  com.intellij.lang.javascript.psi.types.primitives.JSBooleanType
1277:           547          13128  com.intellij.patterns.PsiAnnotationPattern$1
1278:           547          13128  org.zeroturnaround.bundled.org.bouncycastle.asn1.ASN1ObjectIdentifier
1279:           820          13120  com.intellij.codeInsight.AnnotationUtil$$Lambda$3568/618297084
1280:           205          13120  com.intellij.configurationStore.StateStorageManagerImpl$MyFileStorage
1281:           272          13056  ch.qos.logback.classic.Logger
1282:           272          13056  com.intellij.codeInsight.daemon.impl.ShowIntentionsPass$1
1283:           408          13056  com.intellij.openapi.vfs.impl.VirtualFilePointerImpl
1284:            34          13056  com.intellij.openapi.wm.impl.content.ToolWindowContentUi
1285:           544          13056  java.util.regex.Pattern$Single
1286:           326          13040  com.intellij.lang.javascript.psi.jsdoc.impl.JSDocCommentImpl
1287:           543          13032  java.lang.invoke.LambdaForm$NamedFunction
1288:           808          12928  com.intellij.psi.impl.source.tree.injected.InjectedLanguageUtil$$Lambda$2598/941175609
1289:           808          12928  javax.swing.event.ChangeEvent
1290:            31          12896  com.intellij.openapi.wm.impl.content.TabContentLayout$3
1291:           402          12864  java.text.StringCharacterIterator
1292:           479          12832  [Lcom.intellij.openapi.vfs.impl.FilePointerPartNode;
1293:           435          12800  [Lcom.intellij.lang.javascript.psi.JSProperty;
1294:           533          12792  kotlin.reflect.jvm.internal.ReflectProperties$LazyVal
1295:           399          12768  com.intellij.util.messages.impl.MessageBusConnectionImpl
1296:           531          12744  com.intellij.util.io.FileChunkKey
1297:           318          12720  com.intellij.xml.util.documentation.HtmlAttributeDescriptor
1298:           397          12704  com.android.repository.impl.generated.v1.CompleteType
1299:           529          12696  javassist.bytecode.StringInfo
1300:           395          12640  com.intellij.lang.javascript.modules.ES6ModulesSuggester
1301:           316          12640  com.intellij.openapi.components.OldComponentConfig
1302:           158          12640  net.sourceforge.pmd.lang.java.ast.ASTVariableInitializer
1303:           526          12624  javax.swing.text.GapContent$StickyPosition
1304:           524          12576  com.intellij.openapi.vfs.newvfs.impl.VfsData$Segment
1305:           314          12560  java.io.ObjectStreamField
1306:           523          12552  com.intellij.configurationStore.properties.NormalizedStringStoredProperty
1307:           523          12544  [Lcom.intellij.openapi.components.Storage;
1308:           224          12544  com.intellij.openapi.ui.ShadowAction
1309:           196          12544  com.intellij.psi.css.impl.CssTermImpl
1310:           224          12544  com.intellij.psi.impl.source.tree.java.PsiDeclarationStatementImpl
1311:            32          12544  javax.swing.plaf.basic.BasicComboBoxRenderer$UIResource
1312:           522          12528  com.intellij.psi.css.impl.descriptor.value.CssValueValidatorImpl$CssValueValidatingDescriptorVisitor
1313:            34          12512  com.intellij.openapi.wm.impl.InternalDecorator$MyDivider
1314:           223          12488  com.intellij.lang.javascript.psi.stubs.impl.TypeScriptFunctionStubImpl
1315:           223          12488  javax.swing.text.html.StyleSheet$BoxPainter
1316:           520          12480  net.sourceforge.pmd.lang.java.symboltable.LocalScope
1317:           777          12432  java.util.LinkedHashMap$LinkedEntrySet
1318:           776          12416  java.util.concurrent.locks.ReentrantReadWriteLock$Sync$ThreadLocalHoldCounter
1319:           776          12416  java.util.concurrent.locks.ReentrantReadWriteLock$WriteLock
1320:            30          12384  [Lcom.intellij.concurrency.ConcurrentHashMap$Node;
1321:           306          12384  [Ljavax.swing.text.GapContent$MarkData;
1322:           773          12368  java.util.concurrent.locks.ReentrantReadWriteLock$ReadLock
1323:           771          12336  com.intellij.lang.javascript.ecmascript6.TypeScriptImportHandler$$Lambda$2452/63614571
1324:           771          12336  com.intellij.lang.javascript.psi.resolve.JSQualifiedNameResolver$$Lambda$2446/245414290
1325:           771          12336  com.intellij.lang.javascript.psi.resolve.JSQualifiedNameResolver$$Lambda$2450/409116095
1326:            28          12320  com.intellij.openapi.wm.impl.content.ContentTabLabel
1327:           171          12312  com.intellij.psi.impl.source.javadoc.PsiDocCommentImpl
1328:           512          12288  com.intellij.lang.javascript.psi.resolve.JSIndexBasedResolveUtil$JSSymbolCollector$$Lambda$2586/601095697
1329:           512          12288  com.intellij.psi.impl.source.resolve.SymbolCollectingProcessor$ResultWithContext
1330:           219          12264  com.intellij.psi.impl.source.tree.java.PsiArrayInitializerMemberValueImpl
1331:           382          12224  com.intellij.configurationStore.properties.FloatStoredProperty
1332:           382          12224  com.intellij.psi.impl.source.PsiParameterImpl
1333:           509          12216  com.intellij.patterns.PsiJavaPatterns$4
1334:           254          12192  net.sourceforge.pmd.lang.dfa.StartOrEndDataFlowNode
1335:           169          12168  com.intellij.util.ui.JBFont$JBFontUIResource
1336:           101          12120  [Lcom.intellij.psi.codeStyle.LanguageCodeStyleSettingsProvider;
1337:           378          12096  com.intellij.openapi.components.BaseState$property$result$1
1338:            27          12096  com.intellij.openapi.editor.impl.EditorComponentImpl
1339:           216          12096  com.intellij.psi.impl.source.tree.java.TypeParameterListElement
1340:           502          12048  org.apache.xerces.util.SymbolHash$Entry
1341:           502          12048  sun.reflect.generics.scope.ClassScope
1342:           137          12016  [Lsun.font.CharToGlyphMapper;
1343:           375          12000  com.intellij.util.containers.TreeTraversal$P1
1344:            34          11968  com.intellij.openapi.wm.impl.ToolWindowHeader$1
1345:           213          11928  sun.security.ssl.CipherSuite
1346:           744          11904  com.intellij.psi.impl.source.xml.XmlTagImpl$$Lambda$1642/36913659
1347:            31          11904  com.intellij.util.ui.AsyncProcessIcon$Big
1348:           494          11856  java.util.concurrent.LinkedBlockingQueue$Node
1349:           245          11760  com.alibaba.p3c.idea.inspection.AliPmdInspection
1350:           366          11712  com.intellij.psi.impl.source.tree.java.PsiAnnotationParamListImpl
1351:           183          11712  com.intellij.spring.web.mvc.jam.SpringRequestMapping$MethodMapping$$EnhancerByJetBrainsMainCglib$$9f32432
1352:           487          11688  com.intellij.lang.javascript.psi.types.primitives.JSVoidType
1353:           146          11680  net.sourceforge.pmd.lang.java.ast.ASTClassOrInterfaceBodyDeclaration
1354:            27          11664  com.intellij.openapi.editor.impl.EditorGutterComponentImpl
1355:           468          11656  [Lcom.intellij.lang.Language;
1356:            31          11656  com.intellij.openapi.ui.LoadingDecorator$LoadingLayer
1357:           364          11648  com.intellij.lang.javascript.psi.resolve.JSIndexBasedResolveUtil$JSSymbolCollector
1358:           364          11648  com.intellij.lang.javascript.psi.resolve.JSTypeInfo
1359:           208          11648  com.intellij.psi.impl.source.tree.java.ParameterListElement
1360:           725          11600  com.intellij.psi.impl.source.ClassInnerStuffCache$$Lambda$2354/1959661028
1361:           161          11592  com.sun.xml.internal.bind.v2.model.impl.RuntimeElementPropertyInfoImpl
1362:           361          11552  java.util.regex.Pattern$Branch
1363:           361          11552  javax.swing.text.StyleContext$NamedStyle
1364:           359          11488  sun.awt.image.OffScreenImageSource
1365:           239          11472  java.util.logging.LogManager$LoggerWeakRef
1366:           179          11456  java.util.stream.ReferencePipeline$4
1367:            27          11448  com.intellij.openapi.editor.impl.EditorImpl$MyScrollPane
1368:           204          11424  com.intellij.util.io.CompressedAppendableFile$SegmentedChunkInputStream
1369:           714          11424  java.awt.RenderingHints
1370:            29          11368  com.intellij.ui.tabs.impl.ActionButton$1
1371:           284          11360  com.intellij.lang.javascript.psi.resolve.JSScopeNamesCache$JSNamesCacheVisitor
1372:           708          11328  com.intellij.psi.filters.AndFilter
1373:           283          11320  [Lcom.intellij.util.xmlb.Binding;
1374:           283          11320  javax.swing.JToggleButton$ToggleButtonModel
1375:           353          11296  com.intellij.psi.impl.source.PsiImportStatementImpl
1376:           282          11280  kotlin.reflect.jvm.internal.impl.serialization.ProtoBuf$Annotation$Argument
1377:           469          11256  com.intellij.patterns.PsiElementPattern$5
1378:           351          11232  com.intellij.openapi.editor.impl.DisplayedFoldingAnchor
1379:           280          11200  com.intellij.ide.browsers.actions.BaseOpenInBrowserActionKt$createRequest$1
1380:           350          11200  com.intellij.jam.JamClassGeneratorImpl$$Lambda$1474/1445650920
1381:           200          11200  com.intellij.psi.css.impl.util.table.CssLookupValue
1382:            31          11160  com.intellij.openapi.ui.LoadingDecorator$MyLayeredPane
1383:           465          11160  com.intellij.util.containers.HashSetQueue$QueueEntry
1384:           465          11160  org.apache.xerces.impl.xs.util.XSObjectListImpl
1385:           464          11136  com.intellij.openapi.vcs.impl.ModuleDefaultVcsRootPolicy$$Lambda$1040/1449603610
1386:           198          11088  com.intellij.psi.impl.source.tree.java.ImportStatementElement
1387:           346          11072  com.intellij.lang.javascript.validation.fixes.CreateJSVariableIntentionAction
1388:           346          11072  sun.reflect.generics.repository.ClassRepository
1389:           691          11056  javax.swing.Timer$DoPostEvent
1390:           460          11040  com.intellij.lang.javascript.psi.types.JSRecordTypeImpl$CallSignatureImpl
1391:           229          10992  com.intellij.util.containers.ObjectIntHashMap
1392:           229          10992  java.awt.GridBagLayout
1393:           196          10976  com.intellij.psi.css.impl.CssTermListImpl
1394:           457          10968  org.jetbrains.kotlin.name.ClassId
1395:           274          10960  com.intellij.ide.ui.PluginBooleanOptionDescriptor
1396:           228          10944  com.intellij.lang.javascript.psi.impl.JSFunctionCachedData
1397:           195          10920  com.intellij.psi.impl.source.tree.java.MethodElement
1398:           341          10912  sun.misc.FDBigInteger
1399:           454          10896  java.util.regex.Pattern$BitClass
1400:           340          10880  com.intellij.ui.SimpleTextAttributes
1401:            97          10864  com.intellij.openapi.editor.impl.DocumentImpl
1402:           226          10848  kotlin.reflect.jvm.internal.impl.serialization.ProtoBuf$QualifiedNameTable$QualifiedName
1403:            27          10800  com.intellij.openapi.editor.impl.EditorImpl$MyScrollBar
1404:           450          10800  com.intellij.psi.impl.PsiClassImplUtil$$Lambda$2424/1776705447
1405:           225          10800  com.intellij.util.indexing.impl.MapIndexStorage$3
1406:           337          10784  com.intellij.psi.impl.source.PsiReferenceListImpl
1407:           449          10776  kotlin.SynchronizedLazyImpl
1408:           673          10768  com.intellij.openapi.editor.impl.view.LineLayout$SingleChunk
1409:           415          10760  [Lcom.intellij.openapi.editor.colors.TextAttributesKey;
1410:           224          10752  com.intellij.lang.javascript.psi.resolve.ImplicitJSVariableImpl
1411:           192          10752  com.intellij.util.indexing.VfsAwareMapIndexStorage
1412:           445          10680  com.intellij.util.ui.update.UiNotifyConnector
1413:           267          10680  org.jetbrains.kotlin.serialization.ProtoBuf$TypeTable
1414:            23          10672  javax.swing.JButton
1415:           190          10640  com.intellij.spring.model.jam.SpringSemContributorUtil$1
1416:           663          10608  com.intellij.lang.javascript.index.JSTypeEvaluateManager$$Lambda$2504/1318068111
1417:            26          10608  com.intellij.ui.tabs.impl.TabLabel$4
1418:           265          10600  com.intellij.ui.components.DefaultScrollBarUI$1
1419:           265          10600  com.intellij.ui.components.DefaultScrollBarUI$2
1420:           361          10592  [Ljava.util.regex.Pattern$Node;
1421:            27          10584  com.intellij.openapi.editor.impl.EditorImpl$OpaqueAwareScrollBar
1422:           441          10584  com.intellij.openapi.vfs.impl.local.LocalFileSystemImpl$TreeNode
1423:            30          10560  com.intellij.openapi.actionSystem.impl.ActionToolbarImpl$MySeparator
1424:           132          10560  net.sourceforge.pmd.lang.java.ast.ASTFormalParameters
1425:           329          10528  com.intellij.psi.impl.source.tree.java.PsiNameValuePairImpl
1426:           219          10512  sun.security.x509.X500Name
1427:           163          10432  javax.swing.plaf.metal.MetalScrollPaneUI
1428:           649          10384  com.intellij.codeInsight.AnnotationUtil$$Lambda$3566/1494650824
1429:           647          10352  com.intellij.openapi.util.text.StringUtil$7
1430:           431          10344  com.intellij.spring.model.SpringModelSearchParameters$BeanClass
1431:           215          10320  com.intellij.psi.impl.source.tree.injected.DocumentWindowImpl
1432:           161          10304  org.apache.xerces.impl.xs.XSComplexTypeDecl
1433:           428          10272  [Lcom.intellij.openapi.roots.SourceFolder;
1434:           427          10248  com.google.common.collect.ImmutableMapEntry
1435:           427          10248  javax.swing.plaf.basic.BasicButtonListener
1436:           128          10240  com.intellij.psi.impl.source.tree.FileElement
1437:           320          10240  org.kohsuke.rngom.parse.compact.CompactSyntax$JJCalls
1438:           638          10208  com.android.tools.idea.AndroidPsiUtils$$Lambda$1645/389157255
1439:           319          10208  com.intellij.util.containers.LimitedPool
1440:            67          10184  [Lcom.intellij.execution.runners.ProgramRunner;
1441:           424          10176  com.intellij.openapi.editor.colors.TextAttributesKey
1442:           212          10176  sun.font.FontStrikeDisposer
1443:           212          10176  sun.font.StrikeCache$SoftDisposerRef
1444:           127          10160  net.sourceforge.pmd.lang.java.ast.ASTMethodDeclaration
1445:           127          10160  net.sourceforge.pmd.lang.java.ast.ASTMethodDeclarator
1446:           127          10160  net.sourceforge.pmd.lang.java.ast.ASTResultType
1447:           181          10136  com.intellij.psi.css.impl.CssElementImpl
1448:           211          10128  com.intellij.lang.javascript.psi.types.JSRecordTypeImpl
1449:           316          10112  java.awt.datatransfer.DataFlavor
1450:           158          10112  kotlin.reflect.jvm.internal.KMutableProperty1Impl
1451:           158          10112  kotlin.reflect.jvm.internal.KProperty1Impl
1452:            90          10080  com.intellij.ide.ui.laf.darcula.ui.TextFieldWithPopupHandlerUI$MyCaret
1453:           210          10080  com.intellij.lang.aspectj.search.AspectJSourceFilterScope
1454:           210          10080  java.util.concurrent.LinkedBlockingQueue
1455:           420          10080  java.util.regex.Pattern$1
1456:           157          10048  com.intellij.psi.impl.source.tree.java.PsiClassObjectAccessExpressionImpl
1457:           628          10048  com.intellij.psi.impl.source.xml.XmlTagImpl$$Lambda$2328/1681152680
1458:           313          10016  com.intellij.psi.impl.source.tree.java.PsiTypeParameterListImpl
1459:           313          10016  sun.security.x509.AlgorithmId
1460:            24           9984  com.intellij.ide.util.treeView.NodeRenderer
1461:           312           9984  com.intellij.patterns.compiler.PatternCompilerImpl$LazyPresentablePattern
1462:           311           9952  com.intellij.util.ui.JBDimension$Size2D
1463:           414           9936  com.intellij.patterns.PsiParameterPattern
1464:           621           9936  java.util.concurrent.atomic.AtomicReferenceArray
1465:           310           9920  com.intellij.util.containers.hash.HashMap$Entry
1466:           124           9920  net.sourceforge.pmd.lang.java.ast.ASTAssignmentOperator
1467:           177           9912  sun.util.calendar.ZoneInfo
1468:           618           9888  com.intellij.ui.LayeredIcon$$Lambda$132/194026195
1469:           246           9840  com.intellij.ui.components.Interpolator
1470:           245           9800  com.intellij.ui.components.JBScrollBar$Model
1471:           109           9792  [Ljava.lang.reflect.Method;
1472:           306           9792  java.util.TreeMap$ValueIterator
1473:           611           9776  com.intellij.ide.projectView.impl.nodes.PsiTreeAnchorizer$SmartPointerWrapper
1474:            20           9760  com.intellij.ide.ui.laf.intellij.WinIntelliJSpinnerUI$2
1475:           152           9728  com.intellij.openapi.editor.impl.InlayModelImpl$1$1
1476:            27           9720  com.intellij.openapi.editor.impl.EditorImpl
1477:           404           9696  com.intellij.util.containers.JBIterable$5
1478:           201           9648  com.intellij.util.lang.JarLoader
1479:           338           9600  [Lcom.intellij.patterns.ElementPattern;
1480:           200           9600  com.intellij.lang.javascript.psi.types.JSFreshObjectLiteralTypeImpl
1481:           398           9552  kotlin.reflect.jvm.internal.impl.name.Name
1482:           199           9552  sun.java2d.loops.Blit
1483:           296           9544  [Lcom.intellij.openapi.actionSystem.AnAction;
1484:            27           9504  com.intellij.openapi.editor.impl.EditorImpl$MyHeaderPanel
1485:           198           9504  org.iq80.snappy.SnappyFramedOutputStream
1486:           237           9480  com.intellij.util.io.AppendableStorageBackedByResizableMappedFile$MyBufferedIS
1487:           296           9472  com.intellij.util.ui.JBDimension
1488:           236           9440  [Lcom.intellij.ide.projectView.ProjectViewNodeDecorator;
1489:            20           9440  javax.swing.JTextField
1490:           131           9432  com.intellij.psi.css.impl.CssBlockImpl
1491:           294           9408  [Lcom.intellij.psi.css.EmbeddedCssProvider;
1492:           168           9408  sun.nio.cs.UTF_8$Encoder
1493:           326           9400  [Lcom.intellij.psi.css.descriptor.CssContextType;
1494:             5           9392  [Lcom.intellij.codeInsight.intention.IntentionAction;
1495:           117           9360  com.intellij.psi.stubs.StubIndexImpl$MyIndex
1496:           195           9360  com.intellij.util.io.AppendableStorageBackedByResizableMappedFile$4
1497:           117           9360  java.net.URI
1498:           388           9312  com.intellij.psi.PsiReferenceService$Hints
1499:           388           9312  com.intellij.spring.model.jam.stereotype.SpringConfiguration
1500:           388           9312  javax.swing.text.html.StyleSheet$ViewAttributeSet
1501:           387           9288  com.intellij.spring.contexts.model.AbstractSimpleLocalModel$1$1
1502:           290           9280  com.siyeh.ig.callMatcher.CallMatcher$Simple
1503:           232           9280  java.text.DigitList
1504:            24           9216  com.intellij.find.SearchTextArea$7
1505:           384           9216  com.intellij.lang.javascript.documentation.JSDocumentationUtils$4
1506:           288           9216  com.intellij.psi.impl.compiled.ClsNameValuePairImpl
1507:           575           9200  com.intellij.util.EventDispatcher$2
1508:           383           9192  [Lcom.intellij.openapi.roots.TestSourcesFilter;
1509:           383           9192  com.intellij.util.containers.ConcurrentSoftValueHashMap
1510:           574           9184  java.util.TreeSet
1511:           368           9168  [Lcom.intellij.openapi.actionSystem.Shortcut;
1512:           573           9168  com.intellij.util.EventDispatcher$1
1513:           286           9152  com.intellij.ui.Gray
1514:            26           9152  com.intellij.ui.tabs.impl.JBTabsImpl$Toolbar
1515:           127           9144  java.awt.geom.RoundRectIterator
1516:           189           9072  [Lcom.intellij.ide.scratch.RootType;
1517:           283           9056  com.sun.xml.internal.bind.v2.runtime.Name
1518:           376           9024  [Lorg.apache.xerces.impl.xs.identity.IdentityConstraint;
1519:           564           9024  com.intellij.psi.impl.ScopedClassHierarchy$$Lambda$2404/1075443562
1520:           281           8992  [Lcom.intellij.ide.browsers.WebBrowserUrlProvider;
1521:            51           8976  [Lcom.intellij.codeInsight.daemon.ImplicitUsageProvider;
1522:            11           8944  [Ljava.nio.ByteBuffer;
1523:           353           8936  [Ljavax.swing.text.View;
1524:           372           8928  com.intellij.util.concurrency.Invoker$$Lambda$1265/1344524478
1525:           372           8928  kotlin.reflect.jvm.internal.impl.protobuf.LiteralByteString
1526:           557           8912  com.intellij.lang.javascript.validation.JSTypeChecker
1527:           159           8904  com.intellij.psi.SingleRootFileViewProvider
1528:           424           8880  [Lcom.intellij.psi.impl.compiled.ClsNameValuePairImpl;
1529:           185           8880  kotlin.reflect.jvm.internal.impl.serialization.ProtoBuf$Type$Argument
1530:           111           8880  net.sourceforge.pmd.lang.java.ast.ASTIfStatement
1531:           553           8848  com.intellij.codeInspection.magicConstant.MagicConstantInspection$$Lambda$4156/354048600
1532:           221           8840  java.util.EnumMap
1533:            24           8832  com.intellij.openapi.ui.ThreeComponentsSplitter$Divider
1534:           138           8832  com.intellij.spring.boot.model.properties.jam.EnableConfigurationProperties$$EnhancerByJetBrainsMainCglib$$cf6c455d
1535:            22           8800  com.intellij.xml.breadcrumbs.PsiBreadcrumbs
1536:           274           8768  com.intellij.openapi.roots.impl.PackageDirectoryCache$PackageInfo
1537:           137           8768  com.intellij.psi.impl.source.tree.java.PsiAssignmentExpressionImpl
1538:           137           8768  com.intellij.psi.impl.source.tree.java.PsiNewExpressionImpl
1539:           274           8768  com.intellij.util.lang.IntObjectHashMap
1540:           364           8736  com.intellij.lang.javascript.psi.resolve.WalkUpResolveProcessor$JSResolveMatchData
1541:           182           8736  com.intellij.lexer.FlexAdapter
1542:           181           8688  org.jetbrains.kotlin.serialization.ProtoBuf$Constructor
1543:           542           8672  com.intellij.jsf.references.libraries.providers.MultiVariantsPsiReferenceProvider
1544:            23           8648  javax.swing.JProgressBar
1545:           432           8640  [Lcom.intellij.openapi.roots.ContentEntry;
1546:           108           8640  [Lcom.sun.xml.internal.bind.v2.util.QNameMap$Entry;
1547:           540           8640  com.intellij.codeInsight.intention.impl.config.ResourceTextDescriptor
1548:            24           8640  com.intellij.execution.ui.layout.impl.GridImpl$Placeholder
1549:           360           8640  com.intellij.javaee.ejb.inspections.AbstractEjbInspection$1
1550:           180           8640  com.intellij.lang.javascript.modules.JSModuleFixDescriptor
1551:           135           8640  com.intellij.psi.codeStyle.CommonCodeStyleSettings$IndentOptions
1552:           216           8640  com.intellij.ui.ClickListener$1
1553:            22           8624  com.intellij.openapi.fileEditor.impl.text.PsiAwareTextEditorImpl$PsiAwareTextEditorComponent
1554:           358           8592  java.awt.image.FilteredImageSource
1555:           134           8576  kotlin.reflect.jvm.internal.KMutableProperty1Impl
1556:           134           8576  net.sourceforge.pmd.lang.java.ast.FormalComment
1557:           357           8568  [Ljava.lang.CharSequence;
1558:           357           8568  java.util.regex.Pattern$SliceI
1559:           535           8560  com.intellij.psi.filters.TextFilter
1560:            11           8512  [Ljava.nio.channels.SelectionKey;
1561:           532           8512  com.intellij.lang.javascript.validation.fixes.RenameReferenceFix
1562:           152           8512  com.intellij.openapi.editor.impl.InlayImpl
1563:           354           8496  com.intellij.openapi.vfs.impl.VirtualFilePointerManagerImpl$2
1564:            18           8496  com.intellij.ui.components.JBCheckBox
1565:           177           8496  gnu.trove.TIntHashSet
1566:           265           8480  com.intellij.ui.components.DefaultScrollBarUI$Listener
1567:           353           8472  javax.swing.text.html.StyleSheet$ResolvedStyle
1568:            22           8448  com.intellij.ui.InplaceButton
1569:            88           8448  com.intellij.util.io.PersistentHashMap
1570:            22           8448  com.intellij.xml.breadcrumbs.BreadcrumbsXmlWrapper
1571:           525           8400  com.intellij.psi.filters.ScopeFilter
1572:           350           8400  com.intellij.util.io.PoolPageKey
1573:            30           8400  java.util.concurrent.ConcurrentHashMap$CounterCell
1574:           524           8384  java.util.concurrent.atomic.AtomicIntegerArray
1575:           349           8376  com.intellij.lang.javascript.psi.resolve.JSTypeEvaluator$$Lambda$2298/78469316
1576:           523           8368  com.intellij.psi.impl.source.resolve.ResolveCache$StrongValueReference
1577:           261           8352  com.intellij.psi.PsiAnchor$TreeRangeReference
1578:           522           8352  com.intellij.psi.css.impl.descriptor.value.CssValueValidatorImpl
1579:           174           8352  com.intellij.util.containers.RefHashMap$MyMap
1580:           348           8352  de.plushnikov.intellij.plugin.provider.LombokAugmentProvider$MethodLombokCachedValueProvider
1581:           347           8328  org.apache.xerces.impl.xs.XSAnnotationImpl
1582:           104           8320  sun.security.x509.X509CertImpl
1583:           346           8304  org.jetbrains.kotlin.diagnostics.DiagnosticFactory0
1584:           346           8304  sun.reflect.generics.tree.ClassSignature
1585:           345           8280  com.intellij.openapi.vcs.LocalFilePath
1586:             9           8280  com.intellij.psi.codeStyle.CodeStyleSettings
1587:           207           8280  com.intellij.psi.util.MethodSignatureBackedByPsiMethod
1588:           115           8280  net.sourceforge.pmd.lang.java.ast.JavadocElement
1589:           129           8256  com.intellij.lang.javascript.psi.impl.JSForInStatementImpl
1590:           515           8240  com.intellij.psi.impl.source.xml.XmlTagImpl$$Lambda$2281/522735977
1591:           171           8208  [Lcom.intellij.testIntegration.TestFramework;
1592:           342           8208  com.intellij.util.io.IntToIntBtree$BtreeRootNode
1593:           342           8208  com.intellij.util.io.PersistentEnumeratorBase$Version
1594:           256           8192  com.intellij.lang.javascript.frameworks.amd.JSAmdUtil$AmdLoaderCallParametersChecker
1595:           512           8192  com.intellij.lang.javascript.psi.resolve.JSIndexBasedResolveUtil$$Lambda$2585/117104164
1596:           256           8192  com.intellij.psi.css.impl.util.table.CssPropertyDescriptorImpl
1597:           256           8192  com.intellij.spring.boot.model.autoconfigure.conditions.ConditionalOnEvaluationContextBase
1598:           128           8192  java.text.SimpleDateFormat
1599:           255           8144  [Ljavax.swing.event.TreeModelListener;
1600:           254           8128  javax.swing.event.TreeModelEvent
1601:            22           8096  com.intellij.openapi.wm.impl.status.TextPanel
1602:           337           8088  com.intellij.lang.javascript.psi.resolve.WalkUpResolveProcessor$JSResolveTypeProcessor
1603:           337           8088  com.intellij.util.io.Page$Range
1604:           101           8080  com.intellij.uiDesigner.core.GridLayoutManager
1605:           336           8064  com.intellij.patterns.StandardPatterns$3
1606:           336           8064  com.intellij.psi.impl.source.tree.injected.InjectionResult
1607:           252           8064  com.intellij.ui.tree.StructureTreeModel$Node
1608:            18           8064  javax.swing.tree.DefaultTreeCellRenderer
1609:           473           8056  [Lsun.reflect.generics.tree.FormalTypeParameter;
1610:           251           8032  com.intellij.jam.reflect.JamAnnotationMeta
1611:           346           8024  [Lsun.reflect.generics.tree.ClassTypeSignature;
1612:           334           8016  com.intellij.patterns.PsiClassNamePatternCondition
1613:           143           8008  javax.swing.TransferHandler$SwingDropTarget
1614:           250           8000  javax.swing.border.EmptyBorder
1615:           100           8000  net.sourceforge.pmd.lang.java.ast.ASTAdditiveExpression
1616:           333           7992  com.intellij.util.xml.impl.DomImplementationClassEP
1617:           499           7984  java.util.LinkedHashMap$LinkedValues
1618:           332           7968  java.io.SerialCallbackContext
1619:            22           7920  com.intellij.openapi.editor.impl.EditorImpl$6
1620:           123           7872  com.intellij.psi.impl.source.tree.java.PsiParenthesizedExpressionImpl
1621:           328           7872  com.intellij.util.io.PersistentHashMapValueStorage$CreationTimeOptions
1622:           492           7872  com.intellij.xml.XmlExtension$$Lambda$1643/1924746971
1623:           164           7872  org.apache.xerces.impl.xs.XSAttributeGroupDecl
1624:           246           7872  sun.reflect.UnsafeIntegerFieldAccessorImpl
1625:           259           7840  [Lcom.intellij.lang.javascript.psi.ecmal4.JSReferenceListMember;
1626:            98           7840  java.util.zip.ZipEntry
1627:           163           7824  sun.java2d.loops.ScaledBlit
1628:            61           7808  sun.font.FileFontStrike
1629:           487           7792  org.jetbrains.idea.devkit.util.PsiUtil$$Lambda$3964/440476490
1630:           243           7776  com.intellij.lang.javascript.psi.resolve.JSContextResolver
1631:           486           7776  com.intellij.openapi.extensions.ExtensionPointName
1632:           194           7760  com.intellij.ide.ui.ConfigurableOptionsTopHitProvider$Option
1633:           194           7760  com.intellij.psi.search.GlobalSearchScope$3
1634:           194           7760  kotlin.reflect.jvm.internal.impl.serialization.ProtoBuf$Annotation
1635:            19           7752  com.intellij.openapi.ui.ComboBox
1636:            22           7744  com.intellij.openapi.fileEditor.impl.EditorComposite$MyComponent
1637:            22           7744  com.intellij.openapi.fileEditor.impl.EditorWindow$TComp
1638:           484           7744  com.intellij.psi.css.CssAttributeDescriptorsProvider$CssAttributeDescriptor
1639:           322           7728  com.intellij.psi.css.impl.descriptor.value.CssFunctionInvocationValue
1640:           241           7712  com.intellij.ui.tree.StructureTreeModel$$Lambda$1518/2096291507
1641:            74           7696  javax.swing.text.ParagraphView$Row
1642:           240           7680  com.intellij.configurationStore.KotlinAwareBeanBinding
1643:           240           7680  org.apache.velocity.runtime.parser.Parser$JJCalls
1644:           318           7632  com.intellij.psi.css.impl.descriptor.value.CssLengthValue
1645:           318           7632  com.intellij.util.io.PersistentHashMap$3
1646:           237           7584  com.intellij.util.io.AppendableStorageBackedByResizableMappedFile$MyDataIS
1647:           237           7584  com.intellij.util.io.MappedFileInputStream
1648:           316           7584  java.awt.datatransfer.MimeType
1649:           315           7560  kotlin.SafePublicationLazyImpl
1650:           315           7560  kotlin.reflect.jvm.internal.KCallableImpl$annotations_$1
1651:           315           7560  kotlin.reflect.jvm.internal.KCallableImpl$parameters_$1
1652:           315           7560  kotlin.reflect.jvm.internal.KCallableImpl$returnType_$1
1653:           315           7560  kotlin.reflect.jvm.internal.KCallableImpl$typeParameters_$1
1654:           315           7560  kotlin.reflect.jvm.internal.KPropertyImpl$descriptor_$1
1655:           315           7560  kotlin.reflect.jvm.internal.KPropertyImpl$javaField_$1
1656:           236           7552  com.intellij.psi.impl.source.resolve.reference.impl.providers.FileReference
1657:           470           7520  org.jetbrains.kotlin.idea.util.application.ApplicationUtilsKt$sam$Computable$0997cc15
1658:           134           7504  java.util.Calendar$Builder
1659:           219           7488  [Lsun.security.x509.RDN;
1660:           312           7488  com.intellij.ide.plugins.IdeaPluginDescriptorImpl$1
1661:           117           7488  com.intellij.psi.impl.source.tree.injected.InjectedFileViewProvider
1662:            55           7480  javax.swing.text.html.ParagraphView
1663:           311           7464  com.intellij.patterns.PsiMethodPattern$3
1664:           311           7464  com.intellij.util.ui.MyScaler
1665:           181           7448  [Lcom.intellij.lang.injection.MultiHostInjector;
1666:            19           7448  javax.swing.JComboBox
1667:           310           7440  org.intellij.plugins.intelliLang.inject.config.InjectionPlace
1668:           310           7440  org.jetbrains.kotlin.protobuf.SmallSortedMap$Entry
1669:           232           7424  java.util.logging.LogManager$LogNode
1670:            16           7424  javax.swing.JRadioButton
1671:           185           7400  com.intellij.codeInsight.intention.impl.IntentionActionWithTextCaching
1672:           230           7360  [Lcom.intellij.ide.IconLayerProvider;
1673:           230           7360  com.sun.xml.internal.bind.v2.util.QNameMap$Entry
1674:           153           7344  javax.swing.text.AbstractDocument$BidiRootElement
1675:           306           7344  kotlin.reflect.jvm.internal.impl.name.ClassId
1676:             1           7320  [Lcom.intellij.codeInspection.LocalInspectionEP;
1677:           228           7296  com.intellij.xml.util.documentation.HtmlTagDescriptor
1678:           114           7296  kotlin.reflect.jvm.internal.KProperty1Impl
1679:           453           7248  javax.swing.AbstractButton$Handler
1680:           181           7240  com.intellij.lang.javascript.psi.stubs.impl.JSReturnStatementStubImpl
1681:           226           7232  com.intellij.psi.impl.compiled.ClsArrayInitializerMemberValueImpl
1682:           180           7200  com.intellij.lang.javascript.modules.ImportES6ModuleFix
1683:           450           7200  com.intellij.psi.impl.PsiClassImplUtil$ByNameCachedValueProvider$$Lambda$2423/957752103
1684:           450           7200  com.intellij.psi.impl.PsiClassImplUtil$MembersMap
1685:           300           7200  com.intellij.sql.dialects.functions.SqlFunctionDefinition$Type
1686:            90           7200  javax.swing.text.FieldView
1687:           299           7176  javax.swing.text.html.StyleSheet$SelectorMapping
1688:           224           7168  [Lcom.intellij.openapi.editor.ElementColorProvider;
1689:           298           7152  com.intellij.patterns.PsiExpressionPattern$Capture
1690:           223           7136  com.intellij.psi.impl.source.PsiParameterListImpl
1691:           223           7136  org.kohsuke.rngom.digested.DEmptyPattern
1692:            99           7128  java.util.logging.Logger
1693:           275           7072  [Lcom.intellij.lang.javascript.psi.JSVariable;
1694:           442           7072  com.intellij.openapi.util.Disposer$2
1695:           221           7072  org.jetbrains.plugins.groovy.lang.lexer.GroovyElementType
1696:           147           7056  com.intellij.spring.boot.model.properties.EnableConfigurationPropertiesModel
1697:            16           7040  com.intellij.ide.navigationToolbar.NavBarItem
1698:           440           7040  com.intellij.psi.impl.source.xml.XmlTagImpl$$Lambda$1641/895450205
1699:           220           7040  com.intellij.psi.search.GlobalSearchScope$UnionScope
1700:           440           7040  com.intellij.spring.model.SpringBaseBeanPointer$$Lambda$3803/49325144
1701:            80           7040  com.sun.xml.internal.bind.v2.runtime.ClassBeanInfoImpl
1702:            55           7040  javax.swing.text.html.HTMLEditorKit$HTMLFactory$BodyBlockView
1703:           293           7032  com.intellij.openapi.progress.impl.CoreProgressManager$$Lambda$122/67481005
1704:           292           7008  kotlin.reflect.jvm.internal.KProperty1Impl$delegateField$1
1705:           292           7008  kotlin.reflect.jvm.internal.KProperty1Impl$getter_$1
1706:           125           7000  java.beans.MethodDescriptor
1707:           175           7000  java.util.HashMap$ValueIterator
1708:           125           7000  org.jetbrains.kotlin.serialization.ProtoBuf$TypeParameter
1709:            13           6968  com.intellij.openapi.actionSystem.impl.ActionMenu
1710:           289           6936  com.intellij.openapi.progress.util.ProgressIndicatorUtils$$Lambda$1057/1700527513
1711:           289           6936  com.intellij.openapi.progress.util.ProgressIndicatorUtils$$Lambda$1267/285254488
1712:           288           6912  com.intellij.lang.javascript.psi.impl.JSFunctionNodesVisitor$UnqualifiedNamesUsages
1713:           123           6888  com.intellij.ui.components.JBScrollPane$Layout
1714:            20           6880  com.intellij.util.ui.Centerizer
1715:            86           6880  net.sourceforge.pmd.lang.java.ast.ASTRelationalExpression
1716:           285           6840  javassist.bytecode.ParameterAnnotationsAttribute
1717:           171           6840  javax.swing.DefaultBoundedRangeModel
1718:           122           6832  com.intellij.psi.impl.source.javadoc.PsiDocTagValueImpl
1719:           290           6816  [Lorg.picocontainer.Parameter;
1720:           284           6816  com.intellij.util.containers.JBIterable$Intercepted
1721:           206           6800  [Lcom.intellij.openapi.extensions.PluginId;
1722:           170           6800  com.intellij.util.concurrency.BoundedTaskExecutor
1723:           283           6792  kotlin.SafePublicationLazyImpl
1724:           283           6792  kotlin.reflect.jvm.internal.KCallableImpl$annotations_$1
1725:           283           6792  kotlin.reflect.jvm.internal.KCallableImpl$parameters_$1
1726:           283           6792  kotlin.reflect.jvm.internal.KCallableImpl$returnType_$1
1727:           283           6792  kotlin.reflect.jvm.internal.KCallableImpl$typeParameters_$1
1728:           283           6792  kotlin.reflect.jvm.internal.KPropertyImpl$descriptor_$1
1729:           283           6792  kotlin.reflect.jvm.internal.KPropertyImpl$javaField_$1
1730:           424           6784  com.intellij.codeInsight.AnnotationUtil$$Lambda$1658/1883192849
1731:           106           6784  com.intellij.spring.boot.model.autoconfigure.conditions.jam.ConditionalOnClass$$EnhancerByJetBrainsMainCglib$$6ff3ae40
1732:           423           6768  net.sourceforge.pmd.lang.java.symboltable.VariableNameDeclaration
1733:           422           6752  com.intellij.openapi.editor.impl.RangeMarkerTree$1
1734:           281           6744  java.util.stream.Nodes$FixedNodeBuilder
1735:           280           6720  com.intellij.ide.browsers.actions.BaseOpenInBrowserActionKt$createRequest$1$_element$2
1736:           120           6720  com.intellij.openapi.editor.impl.RangeHighlighterTree
1737:           210           6720  org.jetbrains.kotlin.idea.caches.resolve.IDELightClassGenerationSupport$findClassOrObjectDeclarations$1
1738:           210           6720  org.jetbrains.kotlin.idea.caches.resolve.IDELightClassGenerationSupport$findFilesForFacade$1
1739:           210           6720  org.jetbrains.kotlin.idea.stubindex.StaticFacadeIndexUtil$getMultifileClassForPart$1
1740:           210           6704  [Lorg.apache.xerces.xs.XSObject;
1741:           209           6688  java.lang.reflect.WeakCache$CacheValue
1742:           209           6688  org.kohsuke.rngom.digested.DZeroOrMorePattern
1743:           417           6672  com.intellij.aop.jam.AopJavaAnnotator$$Lambda$3807/152110290
1744:           278           6672  com.intellij.psi.css.impl.descriptor.value.CssPercentageValue
1745:           417           6672  com.intellij.spring.factories.SpringFactoryBeansManagerImpl$$Lambda$3804/1418586846
1746:           417           6672  com.intellij.spring.model.SpringBeanFactoryAwareTypeProvider$$Lambda$3808/503061310
1747:           119           6664  com.intellij.openapi.vcs.changes.ChangeListChange
1748:           119           6664  com.intellij.psi.impl.source.tree.injected.VirtualFileWindowImpl
1749:            83           6640  com.intellij.concurrency.SensitiveProgressWrapper
1750:           166           6640  javax.swing.DefaultButtonModel
1751:           166           6640  javax.swing.text.html.parser.AttributeList
1752:           207           6624  com.intellij.configurationStore.properties.IntStoredProperty
1753:           206           6592  java.lang.reflect.Proxy$Key1
1754:           146           6584  [Lcom.intellij.ide.util.treeView.TreeState$PathElement;
1755:           274           6576  com.intellij.openapi.roots.impl.PackageDirectoryCache$PackageInfo$1
1756:           137           6576  com.intellij.util.lang.ClassPath
1757:           409           6544  com.intellij.psi.impl.source.ClassInnerStuffCache$$Lambda$2409/1404864646
1758:           272           6528  com.intellij.psi.PsiArrayType
1759:           102           6528  com.intellij.psi.impl.source.tree.java.PsiArrayAccessExpressionImpl
1760:           272           6528  kotlin.reflect.jvm.internal.KProperty1Impl$delegateField$1
1761:           272           6528  kotlin.reflect.jvm.internal.KProperty1Impl$getter_$1
1762:           272           6528  org.apache.xerces.util.SymbolHash
1763:           163           6520  sun.util.locale.BaseLocale$Key
1764:           226           6512  [Ljava.lang.Integer;
1765:           407           6512  com.intellij.util.messages.impl.MessageBusImpl$5
1766:           271           6504  com.intellij.patterns.PsiElementPattern$11
1767:           271           6504  java.util.Collections$SetFromMap
1768:            58           6496  javax.swing.text.html.BlockView
1769:           162           6480  com.intellij.codeInsight.completion.CompletionContributorEP
1770:            90           6480  com.intellij.ide.ui.laf.intellij.WinIntelliJTextFieldUI
1771:           162           6480  com.intellij.lang.javascript.psi.controlflow.instruction.JSConditionInstruction
1772:           270           6480  com.intellij.lang.javascript.psi.resolve.JSTypeEvaluator$$Lambda$2708/1151904647
1773:            18           6480  com.intellij.openapi.ui.Splitter$DividerImpl
1774:           162           6480  com.sun.xml.internal.bind.v2.model.impl.RuntimeTypeRefImpl
1775:           405           6480  java.lang.Short
1776:            90           6480  javax.swing.text.PlainDocument
1777:           404           6464  com.intellij.lang.ecmascript6.parsing.ES6FunctionParser$$Lambda$1128/2082409381
1778:           202           6464  org.kohsuke.rngom.digested.DNotAllowedPattern
1779:           268           6432  com.android.repository.api.UpdatablePackage
1780:           134           6432  com.intellij.jam.reflect.JamClassMeta
1781:           201           6432  com.intellij.psi.impl.compiled.ClsPackageStatementImpl
1782:           201           6432  com.intellij.psi.impl.source.xml.XmlTagValueImpl
1783:           268           6432  javassist.bytecode.IntegerInfo
1784:            80           6400  com.sun.xml.internal.bind.v2.model.impl.RuntimeClassInfoImpl
1785:            80           6400  net.sourceforge.pmd.lang.java.ast.ASTEqualityExpression
1786:           266           6384  com.intellij.util.containers.JBIterator$FilterOp
1787:           199           6368  com.android.repository.impl.generated.v1.PatchType
1788:           265           6360  com.intellij.lang.javascript.validation.fixes.CreateJSNamespaceIntentionAction
1789:           159           6360  com.intellij.psi.css.impl.descriptor.value.CssGroupAnyValue
1790:           159           6360  kotlin.reflect.jvm.internal.pcollections.IntTree
1791:           198           6336  com.intellij.openapi.editor.impl.FrozenDocument
1792:           158           6320  com.intellij.lang.javascript.psi.ecma6.impl.TypeScriptFunctionImpl
1793:           263           6312  com.intellij.psi.css.CssPropertyInfo
1794:           394           6304  sun.font.Font2DHandle
1795:           131           6288  java.util.TimSort
1796:           157           6280  com.intellij.psi.impl.java.stubs.impl.PsiAnnotationParameterListStubImpl
1797:           196           6272  com.intellij.configurationStore.FileBasedStorage$FileSaveSession
1798:           112           6272  com.intellij.psi.css.impl.stubs.CssAttributeStub
1799:           196           6272  com.intellij.util.ui.TimedDeadzone
1800:            87           6264  com.intellij.psi.impl.source.PsiJavaFileImpl
1801:            87           6264  org.apache.xerces.impl.xs.models.XSDFACM
1802:            17           6256  com.intellij.ui.tabs.impl.ActionPanel
1803:           130           6240  com.intellij.lang.ecmascript6.stubs.impl.ES6ComputedNameStubImpl
1804:            78           6240  com.intellij.lang.javascript.psi.impl.JSFileImpl
1805:           195           6240  com.intellij.spring.boot.run.lifecycle.beans.LiveResourceImpl
1806:           259           6208  [Lcom.intellij.psi.css.CssPropertyInfo;
1807:           258           6192  com.intellij.spellchecker.quickfixes.RenameTo
1808:           147           6168  [Lorg.jetbrains.idea.maven.navigator.MavenProjectsStructure$MavenSimpleNode;
1809:            22           6160  com.intellij.util.ui.tree.WideSelectionTreeUI$4
1810:            55           6160  javax.swing.text.html.HTMLEditorKit$HTMLFactory$1
1811:           110           6160  sun.security.util.MemoryCache$SoftCacheEntry
1812:           192           6144  com.intellij.util.indexing.MemoryIndexStorage
1813:            13           6136  com.intellij.openapi.actionSystem.impl.StubItem
1814:           153           6120  javax.swing.text.AbstractDocument$BidiElement
1815:           153           6120  javax.swing.text.GapContent
1816:           255           6120  javax.swing.text.html.parser.Entity
1817:           128           6112  [Ljava.lang.invoke.MethodHandle;
1818:           254           6096  com.intellij.plugins.drools.lang.lexer.DroolsElementType
1819:           164           6088  [Lorg.apache.xerces.impl.xs.XSAttributeUseImpl;
1820:           152           6080  one.util.streamex.UnknownSizeSpliterator$USOfRef
1821:           253           6072  com.intellij.lang.javascript.psi.resolve.JSGenericTypesEvaluator$$Lambda$2814/466129588
1822:           253           6072  com.intellij.ui.tree.Reference
1823:           253           6072  java.beans.MethodRef
1824:           252           6048  com.intellij.database.dialects.TypeNames$MyMultiMap
1825:            94           6016  javax.swing.DefaultListSelectionModel
1826:           125           6000  com.intellij.util.containers.WeakHashMap
1827:           187           5992  [Lcom.intellij.thymeleaf.dialects.ThymeleafDialect;
1828:           187           5984  com.intellij.util.xmlb.AttributeBinding
1829:           149           5960  javax.swing.BoxLayout
1830:            39           5928  com.intellij.ide.ui.laf.intellij.WinIntelliJComboBoxUI
1831:           185           5920  com.intellij.sql.psi.SqlReferenceElementType
1832:            74           5920  com.intellij.util.indexing.VfsAwareMapReduceIndex
1833:            74           5920  sun.net.www.protocol.jar.URLJarFile
1834:           244           5912  [Ljava.lang.reflect.Constructor;
1835:           339           5912  [Ljava.lang.reflect.TypeVariable;
1836:            82           5904  com.intellij.featureStatistics.FeatureDescriptor
1837:           369           5904  java.util.HashMap$Values
1838:           245           5880  com.jediterm.terminal.TerminalColor
1839:           244           5856  com.intellij.util.containers.JBIterator$NextOp
1840:            73           5840  sun.awt.shell.Win32ShellFolder2
1841:           243           5832  com.intellij.util.concurrency.Invoker$BackgroundThread$$Lambda$1266/761487265
1842:           364           5824  com.intellij.lang.javascript.psi.resolve.BaseJSSymbolProcessor$$Lambda$2324/871136379
1843:           364           5824  com.intellij.lang.javascript.psi.resolve.JSCoreLibraryElementsCollector
1844:           364           5824  com.intellij.lang.javascript.psi.resolve.JSCoreLibraryElementsCollector$1
1845:           104           5824  sun.security.x509.X509CertInfo
1846:           242           5808  [Lcom.intellij.openapi.ide.CutElementMarker;
1847:           145           5800  com.intellij.psi.impl.source.resolve.reference.PsiReferenceContributorEP
1848:           241           5784  com.sun.istack.internal.FinalArrayList
1849:           361           5776  java.util.regex.Pattern$BranchConn
1850:           218           5768  [Lcom.intellij.psi.css.CssTermType;
1851:           144           5760  com.intellij.ide.ui.laf.intellij.WinIntelliJButtonUI
1852:           240           5760  org.jetbrains.kotlin.idea.inspections.AbstractApplicabilityBasedInspection$buildVisitor$1
1853:            40           5760  org.kohsuke.rngom.parse.compact.CompactSyntax
1854:           102           5712  com.intellij.openapi.vcs.changes.ui.ChangesBrowserChangeNode
1855:            89           5696  com.intellij.lang.javascript.psi.impl.JSCatchBlockImpl
1856:            89           5696  com.intellij.lang.javascript.psi.impl.JSTryStatementImpl
1857:           178           5696  org.jaxen.expr.DefaultNameStep
1858:            79           5688  com.intellij.concurrency.ConcurrentHashMap
1859:           118           5664  com.intellij.psi.impl.source.HierarchicalMethodSignatureImpl
1860:           119           5656  [Lcom.intellij.openapi.editor.event.DocumentListener;
1861:           235           5640  com.intellij.compiler.backwardRefs.CompilerReferenceServiceImpl$$Lambda$2159/355470733
1862:           141           5640  com.intellij.lang.javascript.psi.controlflow.instruction.JSBranchInstruction
1863:           235           5640  com.intellij.util.containers.IntStack
1864:            88           5632  com.intellij.lang.javascript.psi.jsdoc.impl.JSDocTagValueImpl
1865:           117           5616  com.intellij.lang.impl.MarkerOptionalData
1866:           234           5616  com.intellij.util.messages.impl.MessageBusImpl$DeliveryJob
1867:           117           5616  sun.nio.cs.StreamDecoder
1868:           233           5592  com.intellij.ide.projectView.impl.nodes.AbstractPsiBasedNode$$Lambda$1312/1986364777
1869:           233           5592  com.intellij.psi.stubs.StubSerializationHelper$FileLocalStringEnumerator
1870:           227           5568  [Lcom.intellij.psi.PsiAnnotationMemberValue;
1871:           232           5568  com.intellij.lang.javascript.psi.types.primitives.JSNullType
1872:           231           5544  com.android.sdklib.repository.generated.common.v1.IdDisplayType
1873:           346           5536  com.intellij.codeInspection.ex.InspectionToolRegistrar$$Lambda$651/401239114
1874:           173           5536  com.intellij.util.containers.WeakKeyWeakValueHashMap$WeakValueReference
1875:           173           5536  com.intellij.util.xml.JavaMethod
1876:            67           5528  [Lcom.google.common.collect.ImmutableMapEntry;
1877:           229           5504  [Lcom.intellij.psi.impl.compiled.ClsJavaCodeReferenceElementImpl;
1878:            49           5488  com.intellij.ui.content.impl.ContentImpl
1879:           342           5472  com.intellij.util.io.PersistentBTreeEnumerator$RecordBufferHandler
1880:            62           5456  net.sourceforge.pmd.lang.java.ast.ASTImportDeclaration
1881:           227           5448  com.intellij.lang.javascript.psi.resolve.JSSinkResolveStatus
1882:           113           5424  sun.font.FontFamily
1883:             7           5416  [Lorg.apache.xerces.util.SymbolTable$Entry;
1884:           135           5400  [Lcom.intellij.openapi.roots.PersistentOrderRootType;
1885:           337           5392  com.intellij.util.io.Page$PageLock
1886:           168           5376  com.intellij.jam.JamStringAttributeElement
1887:           168           5376  com.intellij.lang.javascript.flex.flexunit.inspections.FlexUnitMethodInspectionBase$1
1888:           224           5376  com.intellij.lang.javascript.psi.resolve.context.JSApplyCallElement
1889:            14           5376  com.intellij.ui.tabs.impl.TabLabel
1890:           168           5376  java.util.Locale
1891:           134           5360  kotlin.reflect.jvm.internal.impl.serialization.ProtoBuf$TypeTable
1892:           223           5352  java.util.concurrent.ConcurrentHashMap$KeySetView
1893:           111           5328  com.intellij.codeInsight.daemon.impl.PassExecutorService$ScheduledPass
1894:           133           5320  com.intellij.openapi.wm.impl.content.ToolWindowContentUi$3
1895:           166           5312  com.intellij.lang.javascript.psi.types.JSCompositeFunctionPropertySignatureImpl
1896:           166           5312  com.intellij.patterns.PsiParameterPattern$1
1897:           166           5312  javax.swing.text.html.CSS$FontSize
1898:           221           5304  com.intellij.psi.impl.source.xml.XmlAttributeImpl$$Lambda$2594/1214553137
1899:           220           5280  [Lcom.intellij.psi.search.GlobalSearchScope;
1900:           220           5280  com.intellij.codeInspection.htmlInspections.HtmlLocalInspectionTool$1
1901:           220           5280  com.intellij.util.containers.Stack
1902:           220           5280  com.intellij.util.xml.JavaMethodSignature
1903:            14           5264  com.intellij.openapi.project.DumbUnawareHider
1904:            82           5248  com.intellij.spring.boot.model.properties.jam.ConfigurationProperties$$EnhancerByJetBrainsMainCglib$$609a6ba0
1905:           327           5232  com.intellij.util.containers.ImmutableList$Singleton
1906:           216           5184  com.intellij.configurationStore.BinaryXmlWriter
1907:           162           5184  com.intellij.patterns.TreeElementPattern$5
1908:           108           5184  com.sun.xml.internal.bind.v2.runtime.LeafBeanInfoImpl
1909:           162           5184  sun.util.locale.BaseLocale
1910:           215           5160  com.intellij.psi.impl.source.tree.injected.DocumentWindowImpl$CachedText
1911:           215           5160  com.intellij.psi.impl.source.tree.injected.Place
1912:            32           5144  [Lcom.intellij.util.QueryExecutor;
1913:           321           5136  com.intellij.patterns.XmlNamedElementPattern$XmlAttributePattern$1
1914:           107           5136  com.intellij.util.ui.update.MergingUpdateQueue
1915:            80           5120  com.intellij.lang.javascript._JSXLexer
1916:           318           5088  com.intellij.openapi.actionSystem.CustomShortcutSet
1917:           212           5088  com.intellij.psi.css.impl.descriptor.value.CssNumberValue
1918:           159           5088  com.intellij.psi.css.resolve.HtmlCssClassOrIdReference
1919:           318           5088  com.intellij.util.io.CompressedAppendableFile$1
1920:           318           5088  com.intellij.util.io.PersistentHashMap$1
1921:           318           5088  com.intellij.util.io.PersistentHashMap$2
1922:           318           5088  com.intellij.util.io.PersistentHashMap$4
1923:           212           5088  kotlin.sequences.TransformingSequence
1924:           127           5080  sun.reflect.generics.repository.MethodRepository
1925:           317           5072  com.intellij.lang.javascript.psi.util.JSTreeUtil$$Lambda$1202/1615904991
1926:           203           5064  [Lcom.intellij.psi.PsiAnnotation;
1927:           211           5064  com.intellij.codeInspection.dataFlow.NullityInference$$Lambda$3953/1475225067
1928:           211           5064  com.intellij.patterns.PsiMemberPattern$Capture
1929:           158           5056  com.intellij.psi.impl.smartPointers.SmartPointerTracker
1930:           316           5056  java.awt.datatransfer.MimeTypeParameterList
1931:           126           5040  com.intellij.psi.css.impl.CssDeclarationImpl
1932:           315           5040  com.intellij.psi.filters.position.NamespaceFilter
1933:            14           5040  com.intellij.ui.CaptionPanel
1934:           126           5040  com.intellij.util.containers.JBIterable$2$1
1935:           126           5040  javassist.bytecode.FieldInfo
1936:            10           5040  javax.swing.JFormattedTextField
1937:           210           5040  org.jetbrains.kotlin.idea.core.script.KotlinScriptDependenciesClassFinder$findClassInCache$1
1938:           210           5040  org.jetbrains.kotlin.idea.core.script.KotlinScriptDependenciesClassFinder$splitDotQualifiedName$1
1939:           201           5008  [Lcom.intellij.psi.xml.XmlTagChild;
1940:           125           5000  com.intellij.ui.InplaceButton$1
1941:           312           4992  com.intellij.lang.javascript.psi.resolve.JSIndexBasedResolveUtil$$Lambda$2601/1404391360
1942:            13           4992  com.intellij.openapi.ui.JBPopupMenu
1943:            27           4968  com.intellij.openapi.editor.impl.SettingsImpl
1944:           155           4960  com.intellij.patterns.PsiElementPattern$6
1945:           309           4944  com.sun.proxy.$Proxy54
1946:            22           4928  com.intellij.openapi.editor.impl.EditorMarkupModelImpl$MyErrorPanel
1947:            88           4928  com.intellij.openapi.vcs.changes.ui.ChangesBrowserFileNode
1948:           308           4928  java.lang.ProcessEnvironment$CheckedEntry
1949:           205           4920  com.intellij.lang.javascript.psi.resolve.JSGenericTypesEvaluator$$Lambda$2813/611001399
1950:           205           4920  com.intellij.openapi.actionSystem.impl.ToolbarUpdater$MyUpdateRunnable
1951:           204           4896  com.intellij.ide.projectView.impl.nodes.NamedLibraryElement
1952:            51           4896  javax.swing.plaf.basic.BasicHTML$BasicDocument
1953:           153           4896  javax.swing.text.GapContent$MarkVector
1954:           122           4880  com.intellij.openapi.editor.impl.view.VisualLinesIterator
1955:           122           4880  com.intellij.util.xmlb.CollectionBinding
1956:           122           4880  sun.nio.cs.UTF_8$Decoder
1957:           203           4872  com.intellij.util.ui.JBUI$Scale
1958:           152           4864  com.intellij.codeInsight.daemon.impl.ParameterHintsPresentationManager$MyRenderer
1959:           101           4848  com.intellij.execution.impl.RunnerAndConfigurationSettingsImpl
1960:           121           4840  com.intellij.spring.boot.model.properties.EnableConfigurationPropertiesModel$1
1961:           121           4840  com.intellij.ui.tree.AsyncTreeModel$Node
1962:           201           4824  com.intellij.compiler.impl.CompileDriver$MessagesActivationListener
1963:           201           4824  com.sun.xml.internal.bind.v2.model.impl.RuntimeClassInfoImpl$RuntimePropertySeed
1964:           301           4816  com.intellij.psi.css.impl.util.references.CssIdentifierReference
1965:            86           4816  com.intellij.ui.components.JBPanelWithEmptyText$1
1966:            43           4816  com.intellij.ui.tabs.TabInfo
1967:           150           4800  java.util.zip.ZipCoder
1968:           299           4784  com.intellij.codeInspection.dataFlow.ControlFlowAnalyzer$$Lambda$3992/231144543
1969:            85           4760  com.intellij.database.model.DataType
1970:           198           4752  kotlin.SynchronizedLazyImpl
1971:           148           4736  com.intellij.psi.impl.compiled.ClsClassObjectAccessExpressionImpl
1972:            10           4720  com.intellij.openapi.ui.FixedSizeButton
1973:           295           4720  org.intellij.plugins.intelliLang.util.AnnotationUtilEx$$Lambda$3572/1408053792
1974:           196           4704  com.google.common.collect.ImmutableMapEntry$NonTerminalImmutableMapEntry
1975:           294           4704  com.intellij.lang.javascript.psi.types.TypeScriptTypeParser$$Lambda$2722/739773662
1976:            12           4704  com.intellij.openapi.ui.ThreeComponentsSplitter
1977:            12           4704  com.intellij.openapi.wm.impl.Stripe
1978:           147           4704  com.intellij.psi.util.PsiTreeUtil$4
1979:            12           4704  com.intellij.ui.HyperlinkLabel
1980:           196           4704  com.intellij.util.io.PersistentHashMapValueStorage$ReadResult
1981:           196           4704  com.intellij.util.ui.BaseButtonBehavior$MyMouseListener
1982:           117           4680  com.intellij.lang.impl.MarkerPool
1983:            39           4680  java.net.SocksSocketImpl
1984:           195           4680  org.jetbrains.kotlin.diagnostics.DiagnosticFactory1
1985:           146           4672  org.apache.xerces.impl.xs.XSModelGroupImpl
1986:           145           4640  javax.swing.plaf.ColorUIResource
1987:           289           4624  com.intellij.openapi.progress.util.ProgressIndicatorUtils$2
1988:           192           4608  com.intellij.codeInspection.AbstractBaseUastLocalInspectionTool$1
1989:           192           4608  com.intellij.uast.UastVisitorAdapter
1990:           192           4608  com.intellij.util.indexing.IndexingStamp$IndexVersion
1991:           288           4608  com.sun.proxy.$Proxy20
1992:           192           4608  com.sun.xml.internal.bind.v2.model.impl.FieldPropertySeed
1993:           192           4608  com.sun.xml.internal.bind.v2.runtime.reflect.Accessor$FieldReflection
1994:           144           4608  io.netty.buffer.PoolThreadCache$SubPageMemoryRegionCache
1995:            64           4608  java.beans.PropertyDescriptor
1996:            78           4592  [Lcom.intellij.util.containers.hash.HashMap$Entry;
1997:           287           4592  com.sun.proxy.$Proxy55
1998:            82           4592  java.awt.geom.EllipseIterator
1999:            82           4592  java.awt.geom.RectIterator
2000:           287           4592  javax.swing.JScrollBar$ModelListener
2001:           139           4576  [Lcom.intellij.openapi.extensions.KeyedFactoryEPBean;
2002:           286           4576  com.sun.proxy.$Proxy15
2003:           143           4576  org.kohsuke.rngom.digested.DTextPattern
2004:            95           4560  com.intellij.jam.reflect.JamMethodMeta
2005:           285           4560  com.intellij.lang.javascript.psi.util.JSStubBasedPsiTreeUtil$$Lambda$2811/749232016
2006:           114           4560  com.intellij.openapi.vcs.ex.PartialLocalLineStatusTracker$LocalRange
2007:           189           4536  javax.management.ImmutableDescriptor
2008:           283           4528  com.intellij.psi.ref.AnnotationAttributeChildLink
2009:           231           4520  [Lsun.reflect.generics.tree.FieldTypeSignature;
2010:           141           4512  com.intellij.util.containers.hash.LinkedHashMap$KeySet$1
2011:           188           4512  com.sun.xml.internal.bind.v2.runtime.unmarshaller.ChildLoader
2012:           141           4512  java.util.LinkedHashMap$LinkedEntryIterator
2013:           187           4488  com.ansorgit.plugins.bash.lang.lexer.BashElementType
2014:           187           4488  com.intellij.psi.css.impl.descriptor.CssFunctionDescriptorImpl
2015:           127           4456  [Lcom.intellij.uiDesigner.core.GridConstraints;
2016:           278           4448  com.sun.proxy.$Proxy21
2017:           185           4440  [Lcom.intellij.openapi.fileEditor.impl.EditorTabColorProvider;
2018:           179           4440  [Lcom.intellij.psi.xml.XmlAttribute;
2019:           185           4440  com.intellij.codeInsight.intention.impl.IntentionActionWithTextCaching$MyIntentionAction
2020:            69           4416  [Lcom.intellij.openapi.projectRoots.JavaSdkVersion;
2021:           276           4416  com.intellij.openapi.util.Conditions$Not
2022:            69           4416  javassist.CtClassType
2023:            25           4400  com.intellij.util.ui.GridBag
2024:           110           4400  javax.swing.RepaintManager$4
2025:           183           4392  com.intellij.psi.impl.source.tree.JavaSharedImplUtil$FilteringTypeAnnotationProvider
2026:           137           4384  com.intellij.util.lang.ClasspathCache
2027:           137           4384  sun.font.CompositeGlyphMapper
2028:           273           4368  java.lang.Byte
2029:            91           4368  kotlin.reflect.jvm.internal.impl.serialization.ProtoBuf$Constructor
2030:            39           4368  org.jetbrains.idea.maven.navigator.MavenProjectsStructure$PluginGoalNode
2031:            78           4368  sun.font.StrikeMetrics
2032:           109           4360  com.intellij.lang.javascript.psi.stubs.impl.TypeScriptIndexSignatureStubImpl
2033:            52           4352  [Lcom.intellij.lang.LanguageExtensionPoint;
2034:           181           4344  java.awt.dnd.DropTargetContext
2035:           181           4344  javassist.bytecode.FieldrefInfo
2036:           180           4320  com.intellij.lang.javascript.modules.ImportES6ModuleFix$1
2037:           180           4320  com.intellij.psi.PsiElementResolveResult
2038:           135           4320  com.intellij.psi.impl.smartPointers.InjectedSelfElementInfo
2039:             9           4320  javax.swing.tree.DefaultTreeCellEditor$DefaultTextField
2040:            54           4320  net.sourceforge.pmd.lang.java.ast.ASTAllocationExpression
2041:            50           4304  [Lsun.font.PhysicalStrike;
2042:           269           4304  com.intellij.openapi.application.impl.LaterInvocator$$Lambda$431/1365473
2043:           146           4296  [Lorg.apache.xerces.impl.xs.XSParticleDecl;
2044:           179           4296  java.util.stream.ReferencePipeline$4$1
2045:           268           4288  com.android.repository.impl.generated.v1.ArchivesType
2046:           268           4288  com.android.repository.impl.generated.v1.ChannelRefType
2047:           268           4288  com.android.repository.impl.generated.v1.LicenseRefType
2048:            67           4288  com.intellij.lang.javascript.psi.impl.JSWhileStatementImpl
2049:            67           4288  com.intellij.openapi.roots.impl.LibraryOrderEntryImpl
2050:           134           4288  com.intellij.psi.impl.source.PsiFieldImpl
2051:            67           4288  javassist.bytecode.ClassFile
2052:           137           4280  [Ljava.lang.ClassLoader;
2053:           107           4280  cn.yiiguxing.plugin.translate.trans.Lang
2054:           178           4272  com.android.tools.lint.detector.api.Implementation
2055:           267           4272  com.intellij.psi.impl.source.ClassInnerStuffCache$$Lambda$2408/1067681536
2056:            89           4272  javax.swing.text.html.parser.Element
2057:           133           4256  com.intellij.sql.psi.stubs.SqlSpecificStubElementType
2058:           177           4248  com.intellij.lang.javascript.JSElementType
2059:            12           4224  com.intellij.execution.ui.layout.impl.RunnerContentUi$TwoSideComponent
2060:           176           4224  com.intellij.lang.javascript.psi.util.JSStubBasedPsiTreeUtil$3
2061:            44           4224  javax.swing.plaf.basic.BasicListUI
2062:            44           4224  kotlin.reflect.jvm.internal.KClassImpl$Data
2063:            88           4224  sun.java2d.loops.MaskBlit
2064:            95           4200  [Lcom.intellij.lang.javascript.documentation.JSDocumentationProcessor$MetaDocType;
2065:           174           4176  com.intellij.util.containers.RefHashMap$HardKey
2066:           104           4160  com.intellij.openapi.roots.impl.DirectoryInfoImpl
2067:           260           4160  com.intellij.psi.ref.AnnotationChildLink
2068:           104           4160  java.security.cert.TrustAnchor
2069:           130           4160  java.util.Stack
2070:            10           4160  sun.swing.table.DefaultTableCellHeaderRenderer
2071:           259           4144  com.intellij.psi.impl.source.resolve.reference.SimpleProviderBinding
2072:           172           4128  com.intellij.codeInsight.BaseExternalAnnotationsManager$AnnotationData
2073:           129           4128  com.intellij.patterns.PsiJavaElementPattern$2
2074:           172           4128  java.util.regex.Pattern$Dollar
2075:           129           4128  javax.swing.text.JTextComponent$MutableCaretEvent
2076:           172           4128  org.zeroturnaround.jrebel.client.logger.Log
2077:            57           4104  com.intellij.lang.javascript.frameworks.jquery.JQueryCssFileImpl
2078:           171           4104  com.intellij.lang.javascript.inspections.JSRemoveElementLocalQuickFix
2079:            57           4104  com.intellij.psi.css.impl.CssLazyStylesheet
2080:           171           4104  org.jdom.Text
2081:           171           4104  org.kohsuke.rngom.nc.ChoiceNameClass
2082:           256           4096  com.intellij.lang.javascript.frameworks.amd.JSAmdUtil$AmdLoaderCallParametersChecker$$Lambda$4224/702429233
2083:           128           4096  com.sun.beans.finder.Signature
2084:           128           4096  com.sun.jmx.mbeanserver.ConvertingMethod
2085:           170           4080  com.intellij.openapi.vcs.impl.ModuleDefaultVcsRootPolicy$$Lambda$1698/318188632
2086:           102           4080  javax.swing.plaf.basic.BasicTextUI$RootView
2087:           234           4072  [Lcom.intellij.ui.content.Content;
2088:           127           4064  com.intellij.ui.stripe.Updater$3
2089:           127           4064  com.intellij.ui.tree.AsyncTreeModel$1$$Lambda$1573/1405500220
2090:           127           4064  java.beans.EventHandler$1
2091:           127           4064  java.io.FileInputStream
2092:           127           4064  sun.reflect.generics.tree.MethodTypeSignature
2093:            39           4056  java.net.TwoStacksPlainSocketImpl
2094:           169           4056  java.util.regex.Pattern$CharProperty$1
2095:            22           4048  com.intellij.ide.ui.laf.darcula.ui.DarculaTreeUI
2096:           101           4040  com.intellij.execution.impl.RunnerAndConfigurationSettingsImpl$configurationPerRunnerSettings$1
2097:           101           4040  com.intellij.execution.impl.RunnerAndConfigurationSettingsImpl$runnerSettings$1
2098:           168           4032  com.intellij.patterns.VirtualFilePattern
2099:           168           4032  com.intellij.spring.model.jam.JamStringAttributeElementPsiElementPointer
2100:           168           4032  com.intellij.spring.web.mvc.model.SpringMVCRequestMappings$Mapping
2101:            63           4032  javax.swing.text.html.StyleSheet
2102:            84           4032  org.intellij.plugins.intelliLang.inject.config.BaseInjection
2103:           252           4032  org.jaxen.expr.PredicateSet
2104:           248           3968  com.intellij.lang.javascript.psi.JSTypeUtils$3
2105:           248           3968  com.intellij.psi.impl.source.xml.XmlAttributeImpl$$Lambda$2325/1137433624
2106:           248           3968  com.intellij.util.CollectionQuery
2107:           248           3968  java.util.regex.Pattern$Dot
2108:            55           3960  javax.swing.plaf.FontUIResource
2109:           247           3952  com.intellij.psi.css.impl.util.CssReferenceProvider$$Lambda$2487/1555019495
2110:           123           3936  com.intellij.psi.util.PsiTreeUtil$1
2111:           164           3936  com.intellij.sql.psi.SqlCompositeElementType
2112:           246           3936  com.intellij.ui.components.Interpolator$TimerListener
2113:           246           3936  com.intellij.ui.components.JBScrollBar$$Lambda$344/1603913449
2114:           246           3936  com.intellij.ui.components.JBScrollBar$$Lambda$345/1179591812
2115:            70           3920  com.intellij.concurrency.ConcurrentHashMap$KeyIterator
2116:            10           3920  javax.swing.DefaultListCellRenderer
2117:            98           3920  javax.swing.text.AbstractDocument$BranchElement
2118:            98           3920  javax.swing.text.AbstractDocument$LeafElement
2119:           163           3912  com.intellij.psi.filters.PsiMethodCallFilter
2120:           244           3904  com.intellij.psi.impl.smartPointers.ClsElementInfo
2121:           244           3904  com.intellij.psi.impl.source.xml.XmlTagImpl$$Lambda$2336/779972970
2122:            61           3904  sun.nio.ch.FileChannelImpl
2123:           162           3888  com.intellij.psi.impl.smartPointers.DirElementInfo
2124:            97           3880  com.intellij.ui.tree.AsyncTreeModel$CmdGetChildren
2125:           161           3864  com.sun.xml.internal.bind.v2.model.impl.ElementPropertyInfoImpl$1
2126:           241           3856  com.intellij.ide.projectView.ProjectViewNode$$Lambda$1269/1149559839
2127:            40           3840  com.intellij.tasks.impl.LocalTaskImpl
2128:            96           3840  com.intellij.ui.ScrollingUtil$MoveAction
2129:             8           3840  com.intellij.ui.SearchTextField$1
2130:            10           3840  com.intellij.util.ui.AsyncProcessIcon
2131:            80           3840  com.sun.xml.internal.bind.v2.runtime.unmarshaller.StructureLoader
2132:           160           3840  java.util.Locale$LocaleKey
2133:            60           3840  org.apache.oro.text.regex.Perl5Pattern
2134:             9           3816  com.intellij.ui.popup.list.ListPopupImpl$MyList
2135:           159           3816  kotlin.reflect.jvm.internal.pcollections.ConsPStack
2136:           119           3808  com.intellij.psi.search.GlobalSearchScope$FileScope
2137:            95           3800  sun.security.rsa.RSAPublicKeyImpl
2138:           158           3792  com.intellij.psi.impl.smartPointers.MarkerCache
2139:            79           3792  com.sun.xml.internal.bind.v2.runtime.property.SingleElementNodeProperty
2140:           158           3792  kotlin.reflect.jvm.internal.KMutableProperty1Impl$setter_$1
2141:           158           3792  kotlin.reflect.jvm.internal.pcollections.MapEntry
2142:           118           3776  com.intellij.lang.javascript.psi.stubs.impl.JSElementIndexingDataStructureImpl
2143:            10           3760  com.intellij.ui.table.JBTable$JBTableHeader
2144:            67           3752  com.intellij.psi.impl.light.LightClassReference
2145:           156           3744  com.android.tools.idea.lang.roomSql.psi.RoomTokenType
2146:           117           3744  com.intellij.lang.impl.MarkerProduction
2147:           117           3744  com.intellij.lang.impl.PsiBuilderImpl$RelativeTokenTypesView
2148:            52           3744  com.intellij.lang.javascript.inspections.JSReferencingMutableVariableFromClosureInspection$1$2
2149:           156           3744  org.jdom.filter.ElementFilter
2150:           156           3744  sun.reflect.generics.repository.FieldRepository
2151:           233           3728  java.lang.Character
2152:            93           3720  com.intellij.diagnostic.ApdexData
2153:           155           3720  com.intellij.psi.css.impl.descriptor.value.CssPropertyReferenceValue
2154:           155           3720  com.intellij.util.descriptors.ConfigFileVersion
2155:           155           3720  java.util.stream.ReduceOps$5
2156:           155           3720  java.util.stream.ReduceOps$5ReducingSink
2157:           155           3720  kotlin.reflect.jvm.internal.impl.protobuf.SmallSortedMap$Entry
2158:            58           3712  com.intellij.concurrency.ApplierCompleter
2159:           232           3712  com.intellij.lang.javascript.psi.types.TypeScriptTypeParser$$Lambda$2730/1405528163
2160:           116           3712  com.intellij.psi.impl.smartPointers.FileElementInfo
2161:             8           3712  javax.swing.JTextArea
2162:           154           3696  com.intellij.util.EventDispatcher$3
2163:            66           3696  sun.nio.cs.ext.DoubleByte$Decoder
2164:            10           3680  javax.swing.JSpinner
2165:             9           3672  com.intellij.ui.ErrorLabel
2166:            35           3640  java.io.ObjectStreamClass
2167:           151           3624  com.intellij.psi.css.impl.descriptor.value.CssStringValue
2168:           113           3616  com.intellij.openapi.vcs.ex.PartialLocalLineStatusTracker$MyBlockData
2169:           226           3616  com.intellij.psi.PsiElementRef
2170:           226           3616  com.intellij.psi.PsiElementRef$PsiRefColleague$Real
2171:             6           3608  [Lcom.intellij.openapi.editor.markup.RangeHighlighter;
2172:           225           3600  com.intellij.util.indexing.impl.MapIndexStorage$1
2173:           225           3600  com.intellij.util.indexing.impl.MapReduceIndex$1
2174:           225           3600  com.intellij.util.indexing.impl.MapReduceIndex$5
2175:           225           3600  com.intellij.util.indexing.impl.MapReduceIndex$6
2176:           225           3600  com.intellij.util.indexing.impl.MapReduceIndex$7
2177:           225           3600  com.intellij.util.indexing.impl.ValueContainerMap$ValueContainerExternalizer
2178:           224           3584  com.intellij.openapi.ui.ShadowAction$1
2179:           224           3584  com.intellij.openapi.ui.ShadowAction$2
2180:           112           3584  com.intellij.psi.css.impl.descriptor.CssMediaFeatureDescriptorImpl
2181:           112           3584  java.net.InetAddress$InetAddressHolder
2182:           223           3568  com.intellij.ui.ColorLineMarkerProvider
2183:           223           3568  javax.swing.text.html.CSSBorder
2184:            89           3560  com.intellij.lang.javascript.psi.ecma6.impl.TypeScriptCallSignatureImpl
2185:            89           3560  com.intellij.psi.impl.compiled.ClsLiteralExpressionImpl
2186:           111           3552  com.intellij.concurrency.JobLauncherImpl$VoidForkJoinTask
2187:           148           3552  com.intellij.lang.javascript.psi.resolve.JSClassResolver$$Lambda$2636/1768757631
2188:            74           3552  org.jetbrains.idea.maven.plugins.api.MavenPluginDescriptor$Param
2189:           221           3536  java.lang.Character$UnicodeBlock
2190:           147           3528  com.intellij.psi.impl.source.resolve.reference.impl.providers.AttributeValueSelfReference
2191:           147           3528  kotlin.reflect.jvm.internal.KClassImpl
2192:           147           3528  kotlin.reflect.jvm.internal.KClassImpl$data$1
2193:            63           3528  kotlin.reflect.jvm.internal.impl.serialization.ProtoBuf$TypeParameter
2194:           176           3520  [Lcom.intellij.openapi.progress.impl.CoreProgressManager$CheckCanceledHook;
2195:            88           3520  com.intellij.openapi.editor.colors.impl.FontPreferencesImpl
2196:           220           3520  com.intellij.openapi.util.UserDataHolderBase
2197:            55           3520  javax.swing.text.DefaultStyledDocument$ElementBuffer
2198:           219           3504  com.intellij.lang.javascript.psi.types.guard.TypeScriptTypeRelations$$Lambda$2632/1717567421
2199:           146           3504  com.intellij.psi.css.impl.descriptor.CssPseudoClassDescriptorImpl
2200:            73           3504  com.intellij.util.containers.FilteredTraverserBase$Meta
2201:           111           3488  [Lcom.intellij.psi.xml.XmlTag;
2202:           218           3488  com.intellij.openapi.actionSystem.DataKey
2203:           109           3488  org.jetbrains.concurrency.AsyncPromise
2204:           218           3488  org.jetbrains.kotlin.protobuf.SmallSortedMap$EntrySet
2205:           145           3480  com.intellij.database.model.ObjectKind
2206:           145           3480  com.intellij.jam.JamClassGeneratorImpl$$Lambda$1471/869411939
2207:           145           3480  com.intellij.patterns.StandardPatterns$5
2208:           145           3480  com.intellij.psi.impl.source.resolve.reference.PsiReferenceContributorEP$1
2209:            87           3480  com.intellij.spring.model.jam.SpringSemContributorUtil$$Lambda$1552/543260720
2210:             9           3456  com.intellij.openapi.actionSystem.impl.ActionButton
2211:           108           3456  com.sun.xml.internal.bind.v2.util.QNameMap
2212:            48           3456  net.sourceforge.pmd.lang.rule.RuleReference
2213:            10           3440  javax.swing.JSpinner$NumberEditor
2214:            86           3440  kotlin.reflect.jvm.internal.pcollections.IntTree
2215:           126           3424  [Ljavax.swing.SizeRequirements;
2216:           214           3424  com.intellij.codeInsight.intention.EmptyIntentionAction
2217:           107           3424  javax.swing.JComponent$ActionStandin
2218:            71           3408  com.intellij.openapi.MnemonicWrapper$LabelWrapper
2219:           142           3408  com.intellij.openapi.fileTypes.ExactFileNameMatcher
2220:            85           3400  com.intellij.psi.impl.source.PsiClassImpl
2221:             8           3392  com.intellij.find.SearchTextArea$3
2222:           106           3392  com.intellij.lang.javascript.psi.types.JSArrayTypeImpl
2223:           103           3384  [Lorg.kohsuke.rngom.digested.DElementPattern;
2224:           141           3384  com.intellij.util.ui.StatusText$1
2225:           141           3384  com.intellij.util.ui.StatusText$2
2226:           141           3384  javax.swing.text.html.CSS$FontFamily
2227:           140           3360  com.intellij.patterns.PsiMethodPattern$2
2228:            84           3360  io.netty.buffer.PoolChunkList
2229:           209           3344  sun.font.TrueTypeFont$TTDisposerRecord
2230:           139           3336  javassist.bytecode.StackMapTable
2231:           139           3336  net.sf.cglib.core.Signature
2232:           104           3328  com.intellij.execution.configurations.RunConfigurationOptions$OutputFileOptions
2233:            52           3328  com.intellij.lang.javascript.inspections.JSUnusedAssignmentInspection$SimpleControlFlowProcessor
2234:            52           3328  com.intellij.psi.impl.source.tree.java.PsiPolyadicExpressionImpl
2235:           104           3328  java.lang.Throwable
2236:           138           3312  [Lorg.apache.xerces.impl.xs.XSAnnotationImpl;
2237:           138           3312  com.intellij.jam.reflect.JamStringAttributeMeta$Single
2238:            59           3304  com.intellij.execution.configurations.coverage.JavaCoverageEnabledConfiguration
2239:            59           3304  com.intellij.openapi.paths.StaticPathReferenceProvider$1
2240:           103           3296  com.intellij.lang.javascript.psi.ecma6.impl.TypeScriptTypeParameterImpl
2241:           103           3296  org.intellij.plugins.relaxNG.model.descriptors.CompositeDescriptor
2242:           137           3288  com.intellij.util.concurrency.BoundedScheduledExecutorService
2243:           137           3288  com.intellij.util.lang.ClasspathCache$Name2LoaderFilter
2244:           205           3280  com.intellij.lang.javascript.psi.resolve.JSGenericTypesEvaluator$$Lambda$2721/2009864750
2245:           205           3280  com.intellij.spring.boot.application.metadata.RelaxedNames
2246:            51           3264  com.intellij.lang.javascript.psi.impl.JSEmptyStatementImpl
2247:           102           3264  javax.swing.plaf.basic.BasicTextUI$BasicHighlighter
2248:           102           3264  javax.swing.plaf.basic.BasicTextUI$FocusAction
2249:           102           3264  javax.swing.text.DefaultHighlighter$SafeDamager
2250:           136           3264  javax.swing.text.html.CSS$ColorValue
2251:           107           3256  [Lorg.intellij.plugins.intelliLang.inject.config.InjectionPlace;
2252:           135           3240  com.intellij.jpa.ql.psi.QlTokenType
2253:             9           3240  com.intellij.openapi.ui.SimpleToolWindowPanel
2254:             9           3240  com.intellij.ui.GroupedElementsRenderer$MyComponent
2255:             9           3240  com.intellij.ui.SeparatorWithText
2256:             9           3240  com.intellij.ui.components.JBLoadingPanel
2257:            67           3216  [[Ljavassist.bytecode.ConstInfo;
2258:           201           3216  com.intellij.compiler.progress.CompilerTask$IDObject
2259:           134           3216  com.intellij.psi.css.impl.descriptor.value.CssAnyValueImpl
2260:           134           3216  kotlin.reflect.jvm.internal.KMutableProperty1Impl$setter_$1
2261:            67           3216  net.miginfocom.layout.DimConstraint
2262:           100           3200  com.intellij.psi.search.PsiSearchRequest
2263:           200           3200  sun.reflect.BootstrapConstructorAccessorImpl
2264:           133           3192  com.intellij.openapi.wm.impl.content.ToolWindowContentUi$4
2265:            57           3192  com.intellij.psi.css.impl.CssSelectorSuffixListImpl
2266:            57           3192  com.intellij.psi.impl.source.tree.java.FieldElement
2267:           133           3192  java.util.Collections$SynchronizedSet
2268:           133           3192  org.apache.xerces.impl.xpath.regex.Op$RangeOp
2269:             9           3168  com.intellij.codeInsight.intention.impl.IntentionHintComponent$1
2270:           132           3168  com.intellij.ide.ui.laf.darcula.DarculaUIUtil$MouseHoverPropertyTrigger
2271:            99           3168  com.intellij.patterns.TreeElementPattern$6
2272:             9           3168  com.intellij.ui.TabbedPaneWrapper$TabWrapper
2273:            99           3168  java.net.URI$Parser
2274:           198           3168  org.iq80.snappy.Crc32C
2275:           132           3168  sun.reflect.NativeMethodAccessorImpl
2276:           131           3144  com.intellij.configurationStore.properties.ListStoredProperty
2277:           131           3144  com.intellij.openapi.vfs.impl.VirtualFilePointerManagerImpl$DelegatingDisposable
2278:           131           3144  java.text.FieldPosition$Delegate
2279:            44           3136  [[B
2280:             8           3136  com.intellij.find.SearchTextArea
2281:            49           3136  com.intellij.lang.javascript.psi.impl.JSThrowStatementImpl
2282:            98           3136  com.intellij.openapi.editor.impl.view.EditorPainter$$Lambda$1355/287079212
2283:            98           3136  com.intellij.openapi.editor.impl.view.EditorPainter$$Lambda$1357/726723398
2284:            98           3136  com.intellij.openapi.editor.impl.view.EditorPainter$$Lambda$1358/1018737170
2285:            56           3136  com.intellij.ui.border.IdeaTitledBorder
2286:           196           3136  com.intellij.util.ui.BaseButtonBehavior$MyMouseMotionListener
2287:            98           3136  io.netty.util.Recycler$DefaultHandle
2288:            98           3136  javax.swing.plaf.basic.BasicTextUI$TextActionWrapper
2289:            65           3120  com.intellij.psi.impl.source.resolve.JavaResolveUtil$1
2290:            39           3120  net.sourceforge.pmd.lang.java.ast.ASTNullLiteral
2291:            98           3112  [Lkotlin.reflect.KProperty;
2292:            97           3104  com.intellij.util.ui.JBInsets$JBInsetsUIResource
2293:            97           3104  java.util.LinkedList$ListItr
2294:           129           3096  com.intellij.lang.impl.TokenSequence
2295:           129           3096  com.intellij.util.containers.LinkedMultiMap
2296:            77           3080  com.intellij.lang.ecmascript6.parsing.ES6Parser
2297:            35           3080  javax.swing.JPanel$AccessibleJPanel
2298:           128           3072  com.intellij.psi.codeStyle.PackageEntry
2299:            96           3072  com.intellij.psi.impl.compiled.ClsTypeParameterImpl
2300:            96           3072  com.intellij.psi.impl.light.LightEmptyImplementsList
2301:           192           3072  com.intellij.util.indexing.VfsAwareMapReduceIndex$1
2302:            64           3072  com.sun.xml.internal.bind.v2.runtime.property.SingleElementLeafProperty
2303:            48           3072  net.sourceforge.pmd.lang.java.ast.SingleLineComment
2304:           192           3072  org.jetbrains.kotlin.psi.VisitorWrappersKt$propertyVisitor$1
2305:           128           3072  sun.reflect.generics.scope.MethodScope
2306:           127           3048  com.intellij.lang.javascript.parsing.ExpressionParser$MarkerData
2307:           127           3048  net.sourceforge.pmd.lang.java.symboltable.MethodScope
2308:            95           3040  com.android.sdklib.repository.generated.sysimg.v1.SysImgDetailsType
2309:           190           3040  com.intellij.spring.web.mvc.jam.SpringRequestMapping$$Lambda$4251/1116599761
2310:            95           3040  com.intellij.util.concurrency.Semaphore$Sync
2311:            95           3040  com.intellij.xml.util.HTMLControls$Control
2312:            95           3040  sun.security.x509.BasicConstraintsExtension
2313:            63           3024  [Lcom.intellij.xml.XmlAttributeDescriptorsProvider;
2314:             2           3024  [Lsun.java2d.loops.GraphicsPrimitive;
2315:           126           3024  com.sun.xml.internal.bind.v2.runtime.unmarshaller.XsiTypeLoader
2316:            21           3024  java.awt.image.DirectColorModel
2317:           188           3008  com.intellij.psi.impl.source.PsiMethodImpl$$Lambda$3604/1823052541
2318:             8           3008  com.intellij.ui.BalloonImpl$CloseButton
2319:           125           3000  com.intellij.openapi.vcs.changes.ChangeListManagerImpl$$Lambda$1041/872252967
2320:            22           2992  com.intellij.util.containers.ConcurrentIntObjectHashMap$CounterCell
2321:           124           2976  com.intellij.application.options.ReplacePathToMacroMap
2322:           124           2976  com.intellij.struts2.reference.StaticStringValuesReferenceProvider
2323:            62           2976  com.intellij.util.containers.TreeTraversal$BiOrderIt
2324:           124           2976  javax.swing.plaf.InputMapUIResource
2325:            74           2960  com.intellij.lang.javascript.psi.stubs.impl.TypeScriptTupleTypeStubImpl
2326:           185           2960  com.intellij.psi.impl.compiled.ClsFileImpl$$Lambda$2372/1978312650
2327:            74           2960  net.miginfocom.layout.UnitValue
2328:            37           2960  net.sourceforge.pmd.lang.java.ast.ASTPostfixExpression
2329:            74           2960  org.jetbrains.idea.maven.plugins.api.MavenPluginParamInfo$ParamInfo
2330:           123           2952  com.intellij.patterns.PsiMemberPattern$1
2331:           123           2952  com.intellij.util.containers.JBIterable$2
2332:           123           2952  javax.swing.text.StyleContext$FontKey
2333:            92           2944  com.intellij.lang.javascript.psi.ecma6.impl.TypeScriptTypeArgumentListImpl
2334:             8           2944  com.intellij.ui.BalloonImpl$MyComponent
2335:           184           2944  javax.swing.JViewport$ViewListener
2336:            92           2944  sun.security.x509.SubjectKeyIdentifierExtension
2337:           122           2928  com.intellij.ui.tree.AsyncTreeModel$CommandQueue
2338:            61           2928  com.intellij.util.xmlb.MapBinding
2339:            73           2920  javax.swing.LayoutFocusTraversalPolicy
2340:            73           2920  sun.awt.shell.Win32ShellFolder2$FolderDisposer
2341:            91           2912  com.intellij.lang.javascript.psi.controlflow.instruction.JSEntryPointInstruction
2342:            52           2912  com.intellij.openapi.MnemonicWrapper$ButtonWrapper
2343:            52           2912  com.intellij.util.io.RandomAccessFileWithLengthAndSizeTracking
2344:           121           2904  java.awt.geom.Point2D$Float
2345:           120           2880  com.intellij.codeInspection.bytecodeAnalysis.ProjectBytecodeAnalysis$$Lambda$3908/103700954
2346:            72           2880  com.intellij.lang.javascript.psi.stubs.impl.TypeScriptThisTypeStubImpl
2347:            60           2880  com.intellij.openapi.actionSystem.impl.ActionToolbarImpl$2
2348:           180           2880  com.intellij.openapi.ui.ShadowAction$3
2349:            36           2880  com.intellij.psi.impl.source.html.HtmlDocumentImpl
2350:            40           2880  com.intellij.psi.impl.source.html.HtmlFileImpl
2351:            36           2880  com.intellij.psi.impl.source.tree.HtmlFileElement
2352:           120           2880  com.intellij.spring.boot.application.metadata.SpringBootApplicationMetaConfigKey$ItemHint
2353:           120           2880  com.intellij.velocity.inspections.VtlInspectionBase$1
2354:           120           2880  com.intellij.ws.inspections.BaseWebServicesInspection$1
2355:            45           2880  javax.management.openmbean.OpenMBeanAttributeInfoSupport
2356:            10           2880  org.jetbrains.kotlin.cli.common.arguments.K2JVMCompilerArguments
2357:           120           2880  org.jetbrains.kotlin.idea.inspections.PropertyNameInspectionBase$buildVisitor$1
2358:            40           2880  org.kohsuke.rngom.parse.compact.UCode_UCodeESC_CharStream
2359:           119           2856  [Lcom.intellij.configurationStore.StreamProviderFactory;
2360:            17           2856  org.jetbrains.kotlin.renderer.DescriptorRendererOptionsImpl
2361:           178           2848  java.util.TreeMap$Values
2362:            59           2832  gnu.trove.TDoubleObjectHashMap
2363:            88           2816  com.intellij.lang.javascript.JSFlexAdapter
2364:           176           2816  gnu.trove.TIntStack
2365:           117           2808  com.intellij.lang.impl.PsiBuilderImpl$RelativeTokenTextView
2366:            27           2808  com.intellij.openapi.editor.impl.view.EditorView
2367:           117           2808  com.intellij.patterns.PsiFieldPattern
2368:           117           2808  com.intellij.psi.stubs.StubIndexImpl$1
2369:           117           2808  com.intellij.psi.stubs.StubIndexKey
2370:            39           2808  org.apache.velocity.runtime.parser.VelocityCharStream
2371:            35           2800  com.intellij.codeInsight.daemon.impl.ShowIntentionsPass
2372:           175           2800  java.util.TreeMap$KeySet
2373:           116           2784  com.intellij.lang.javascript.psi.resolve.JSTypeEvaluator$$Lambda$2775/779308153
2374:           174           2784  com.intellij.util.containers.RefHashMap$MyMap$1
2375:            87           2784  com.intellij.util.containers.hash.LinkedHashMap$EntrySet$1
2376:            87           2784  com.intellij.util.indexing.PerIndexDocumentVersionMap$IdVersionInfo
2377:           116           2784  com.jetbrains.quirksmode.HtmlTagPattern
2378:           174           2784  java.lang.Float
2379:           116           2784  java.util.regex.Pattern$Category
2380:           115           2760  com.intellij.spring.boot.application.metadata.SpringBootApplicationMetaConfigKey$ValueProvider
2381:            87           2752  [Lkotlin.reflect.KProperty;
2382:           172           2752  com.intellij.openapi.editor.impl.DocumentImpl$$Lambda$1147/1352987618
2383:            86           2752  com.sun.java.swing.plaf.windows.TMSchema$Part
2384:            43           2752  java.awt.geom.RoundRectangle2D$Double
2385:           172           2752  java.util.Collections$UnmodifiableMap$UnmodifiableEntrySet$UnmodifiableEntry
2386:            86           2752  sun.security.x509.KeyUsageExtension
2387:           114           2736  com.intellij.codeInsight.intention.impl.IntentionHintComponent$EditIntentionSettingsAction
2388:           114           2736  com.intellij.codeInsight.intention.impl.IntentionHintComponent$EnableDisableIntentionAction
2389:           114           2736  com.intellij.openapi.vcs.ex.LineStatusMarkerRenderer$1
2390:           114           2736  com.intellij.openapi.vcs.ex.LineStatusMarkerRenderer$MyActiveGutterRenderer
2391:           114           2736  com.intellij.psi.css.impl.descriptor.CssPseudoElementDescriptorImpl
2392:            57           2736  java.util.zip.ZipFile
2393:           114           2728  [Lcom.intellij.openapi.extensions.ExtensionPointListener;
2394:            85           2720  com.intellij.lang.javascript.psi.JSTypeUtils$1
2395:            85           2720  com.intellij.openapi.fileEditor.impl.IdeDocumentHistoryImpl$PlaceInfo
2396:            85           2720  com.intellij.psi.css.resolve.CssSelectorSelfReference
2397:            68           2720  com.intellij.psi.impl.java.stubs.impl.PsiImportListStubImpl
2398:            85           2720  java.util.regex.Pattern$BnM
2399:           113           2712  [Lcom.intellij.lang.javascript.ecmascript6.TypeScriptAnnotatorCheckerProvider;
2400:            80           2712  [Ljava.io.ObjectStreamField;
2401:           113           2712  com.android.repository.impl.generated.v1.DependencyType
2402:           113           2712  com.intellij.openapi.vcs.ex.DocumentTracker$Block
2403:           113           2712  java.util.regex.Pattern$Ques
2404:           169           2704  com.intellij.openapi.actionSystem.impl.ActionButton$1
2405:           169           2704  com.intellij.openapi.actionSystem.impl.ActionButton$2
2406:           169           2704  org.jetbrains.kotlin.container.InstanceComponentDescriptor
2407:           168           2688  [Lcom.intellij.spring.web.mvc.jam.RequestMethod;
2408:           112           2688  com.intellij.configurationStore.properties.StateObjectStoredProperty
2409:            42           2688  com.intellij.psi.impl.source.tree.java.PsiPrefixExpressionImpl
2410:           112           2688  java.lang.invoke.Invokers
2411:            24           2688  org.jetbrains.idea.maven.navigator.MavenProjectsStructure$StandardGoalNode
2412:           105           2680  [Lcom.intellij.psi.xml.XmlText;
2413:            67           2680  com.intellij.ide.TypeNameEP
2414:            67           2680  java.util.ArrayList$SubList$1
2415:           111           2664  com.intellij.concurrency.JobLauncherImpl$VoidForkJoinTask$1
2416:           111           2664  com.intellij.psi.css.impl.CssElementTypeImpl
2417:           111           2664  com.intellij.util.containers.ConcurrentWeakValueHashMap
2418:           111           2664  com.siyeh.ig.callMatcher.CallHandler
2419:           111           2664  org.jetbrains.kotlin.storage.LockBasedStorageManager$LockBasedNotNullLazyValue
2420:           166           2656  com.intellij.lang.javascript.psi.types.JSCompositeFunctionPropertySignatureImpl$$Lambda$2732/1574549557
2421:            83           2656  com.intellij.util.xmlb.TagBinding
2422:            66           2640  [Lcom.intellij.lang.javascript.library.JSPredefinedLibraryProvider;
2423:            66           2640  com.intellij.lang.javascript.psi.types.JSGenericTypeImpl
2424:            66           2640  com.intellij.openapi.fileTypes.SyntaxHighlighterFactoryEP
2425:           110           2640  com.intellij.spring.boot.application.metadata.SpringBootApplicationMetaConfigKey$ValueHint
2426:           110           2640  com.intellij.sql.psi.impl.SqlKeywordTokenType
2427:            55           2640  javax.swing.text.FlowView$LogicalView
2428:            33           2640  net.sourceforge.pmd.lang.java.ast.ASTForStatement
2429:            47           2632  com.intellij.lang.javascript.JSFileViewProviderFactory$JSFileViewProvider
2430:            47           2632  com.intellij.psi.css.impl.util.table.CssReferencePropertyValue
2431:            41           2624  com.intellij.lang.javascript.psi.impl.JSSwitchStatementImpl
2432:           106           2616  [Ljavax.xml.namespace.QName;
2433:           109           2616  javax.swing.ComponentInputMap
2434:           163           2608  javax.swing.plaf.basic.BasicScrollPaneUI$Handler
2435:           163           2608  javax.swing.plaf.metal.MetalScrollPaneUI$1
2436:            65           2600  com.intellij.lang.javascript.modules.NodeJSModulesSearcher
2437:            25           2600  net.miginfocom.layout.CC
2438:            81           2592  com.intellij.lang.javascript.psi.ecma6.impl.TypeScriptTypeParameterListImpl
2439:            27           2592  com.intellij.openapi.editor.impl.CaretImpl
2440:            27           2592  com.intellij.openapi.editor.impl.EditorMarkupModelImpl
2441:           108           2592  com.intellij.openapi.fileTypes.impl.FileTypeManagerImpl$StandardFileType
2442:           108           2592  com.intellij.patterns.CollectionPattern
2443:            81           2592  com.intellij.psi.impl.smartPointers.SmartTypePointerManagerImpl$ClassTypePointer
2444:             6           2592  com.intellij.spring.boot.run.lifecycle.tabs.RequestMappingsPanel$RequestMappingsTableCellRenderer
2445:           108           2592  com.sun.xml.internal.bind.v2.runtime.unmarshaller.TextLoader
2446:            54           2592  java.util.Properties
2447:            80           2560  com.sun.xml.internal.bind.v2.runtime.LifecycleMethods
2448:            40           2560  java.awt.GridBagLayoutInfo
2449:            80           2560  java.util.concurrent.FutureTask
2450:            80           2560  org.apache.xerces.xni.QName
2451:            40           2560  org.kohsuke.rngom.parse.compact.CompactSyntaxTokenManager
2452:            49           2544  [Ljavax.management.MBeanAttributeInfo;
2453:             6           2544  com.intellij.openapi.vcs.changes.shelf.ShelvedChangesViewManager$ShelfTreeCellRenderer
2454:           106           2544  com.sun.xml.internal.bind.v2.runtime.property.TagAndType
2455:           106           2544  javax.swing.plaf.ActionMapUIResource
2456:           106           2544  sun.security.util.BitArray
2457:           106           2544  sun.security.util.Cache$EqualByteArray
2458:           135           2536  [Lcom.sun.jmx.mbeanserver.MXBeanMapping;
2459:            79           2528  [Lcom.intellij.coverage.CoverageRunner;
2460:           104           2520  [Lcom.intellij.lang.javascript.psi.JSParameter;
2461:            76           2520  [Lorg.apache.xerces.impl.xs.XSElementDecl;
2462:           105           2520  com.intellij.execution.console.CustomizableConsoleFoldingBean
2463:            45           2520  com.intellij.lang.javascript._JSDocLexer
2464:           105           2520  com.intellij.openapi.vcs.changes.ui.RemoteStatusChangeNodeDecorator
2465:            35           2520  io.netty.channel.DefaultChannelHandlerContext
2466:            63           2520  java.awt.BasicStroke
2467:           105           2520  java.io.InputStreamReader
2468:            63           2520  java.util.ArrayList$SubList
2469:             9           2520  javax.swing.tree.DefaultTreeCellEditor$EditorContainer
2470:            63           2520  org.jetbrains.kotlin.serialization.ProtoBuf$EnumEntry
2471:           157           2512  com.intellij.spring.SpringLibraryUtil$$Lambda$2143/783021817
2472:            26           2496  com.intellij.ide.ui.laf.darcula.ui.DarculaProgressBarUI
2473:            52           2496  com.intellij.openapi.extensions.impl.ExtensionPointImpl$ObjectComponentAdapter
2474:            78           2496  com.intellij.psi.css.impl.CssRulesetImpl
2475:            78           2496  com.intellij.psi.css.impl.CssSelectorImpl
2476:            78           2496  com.intellij.psi.css.impl.CssSelectorListImpl
2477:            78           2496  com.intellij.psi.css.impl.CssSimpleSelectorImpl
2478:            78           2496  gnu.trove.TIntObjectIterator
2479:            52           2496  java.util.concurrent.ThreadPoolExecutor$Worker
2480:           104           2496  sun.security.x509.CertificateValidity
2481:           139           2488  [Ljavax.swing.MenuElement;
2482:            31           2480  net.sourceforge.pmd.lang.java.ast.ASTStatementExpressionList
2483:            31           2480  sun.font.FontDesignMetrics
2484:           103           2472  com.intellij.ide.IdeEventQueue$$Lambda$782/1291085306
2485:           103           2472  com.intellij.openapi.ui.popup.ActiveIcon
2486:           103           2472  com.intellij.openapi.vcs.ex.Range$InnerRange
2487:           103           2472  com.intellij.util.io.FileAccessorCache$Handle
2488:           103           2472  java.lang.Character$UnicodeScript
2489:           103           2472  org.jetbrains.plugins.groovy.lang.psi.impl.synthetic.GrGdkMethodImpl$$Lambda$4653/140218998
2490:            77           2464  com.intellij.openapi.fileTypes.FileTypeExtensionPoint
2491:             7           2464  com.intellij.ui.popup.WizardPopup$MyContainer
2492:            44           2464  com.intellij.util.ui.AnimatedIcon$1
2493:            77           2464  com.sun.xml.internal.bind.v2.runtime.unmarshaller.LeafPropertyXsiLoader
2494:           154           2464  java.util.concurrent.ConcurrentHashMap$EntrySetView
2495:             7           2464  javax.swing.JLayeredPane
2496:            44           2464  javax.swing.ScrollPaneLayout$UIResource
2497:            62           2456  [Lcom.intellij.openapi.components.OldComponentConfig;
2498:           102           2448  com.intellij.openapi.application.TransactionGuardImpl$2
2499:            34           2448  com.intellij.openapi.wm.impl.ToolWindowImpl
2500:           102           2448  com.intellij.psi.css.impl.descriptor.value.CssIntegerValue
2501:           102           2448  com.intellij.psi.impl.compiled.ClsMemberImpl$1
2502:           153           2448  com.intellij.psi.impl.compiled.ClsParameterImpl$$Lambda$3614/994105120
2503:            51           2448  javax.swing.plaf.basic.BasicHTML$Renderer
2504:           102           2448  javax.swing.plaf.basic.BasicTextUI$UpdateHandler
2505:           102           2448  javax.swing.text.JTextComponent$KeymapActionMap
2506:           102           2448  javax.swing.text.JTextComponent$KeymapWrapper
2507:           102           2448  org.jaxen.QualifiedName
2508:           101           2440  [Lcom.intellij.lang.annotation.HighlightSeverity;
2509:           152           2432  one.util.streamex.StreamEx$1
2510:           101           2424  org.jaxen.QualifiedName
2511:           134           2416  [Ljava.awt.event.ContainerListener;
2512:           100           2400  [Lcom.intellij.codeInsight.ContainerProvider;
2513:            60           2400  com.intellij.openapi.options.BeanConfigurable$1
2514:           100           2400  com.intellij.psi.impl.search.PsiSearchHelperImpl$RequestWithProcessor
2515:           150           2400  com.intellij.ui.components.JBViewport$2
2516:            75           2400  com.intellij.util.containers.WeakList
2517:            75           2400  com.intellij.util.indexing.FileBasedIndexImpl$DocumentUpdateTask
2518:           100           2400  com.intellij.util.messages.impl.MessageBusImpl$2
2519:            25           2400  javax.swing.text.html.BRView
2520:            30           2400  net.sourceforge.pmd.lang.java.ast.ASTAnnotation
2521:            15           2400  org.apache.xerces.impl.xs.SchemaGrammar
2522:           100           2400  org.jetbrains.kotlin.diagnostics.DiagnosticFactory2
2523:            50           2400  sun.font.CompositeStrike
2524:           149           2384  com.sun.proxy.$Proxy11
2525:            99           2376  com.intellij.lang.javascript.JSAnalysisHandlersFactory$2
2526:            27           2376  com.intellij.openapi.editor.impl.softwrap.mapping.SoftWrapApplianceManager$ProcessingContext
2527:            99           2376  com.intellij.openapi.editor.impl.view.LineLayout$WithSize
2528:           148           2368  com.intellij.codeInspection.dataFlow.InferenceFromSourceUtil$$Lambda$3711/1909939052
2529:            74           2368  com.intellij.concurrency.JobLauncherImpl$$Lambda$2772/1421820065
2530:            74           2368  com.intellij.psi.impl.search.PsiSearchHelperImpl$1
2531:            74           2368  com.intellij.ui.SideBorder
2532:             5           2360  com.intellij.openapi.editor.impl.EditorMarkupModelImpl$ErrorStripeButton
2533:            98           2352  com.intellij.codeInsight.template.impl.TemplateImpl$Segment
2534:             6           2352  com.intellij.execution.ui.layout.impl.GridCellImpl$2$1
2535:            42           2352  com.intellij.lang.javascript.psi.stubs.impl.JSFileStubImpl
2536:             6           2352  com.intellij.openapi.ui.Splitter
2537:             6           2352  com.intellij.openapi.wm.impl.ToolWindowHeader$13
2538:            49           2352  com.intellij.util.containers.SoftHashMap
2539:            98           2352  java.awt.ColorPaintContext
2540:            98           2352  java.security.Provider$UString
2541:            73           2336  com.intellij.openapi.util.ClassExtensionPoint
2542:            97           2328  com.intellij.openapi.editor.impl.LockFreeCOWSortedArray
2543:            97           2328  com.sun.xml.internal.bind.v2.runtime.reflect.TransducedAccessor$CompositeTransducedAccessorImpl
2544:            97           2328  javax.swing.plaf.ComponentInputMapUIResource
2545:            58           2320  com.intellij.util.containers.SLRUMap
2546:           145           2320  com.intellij.util.pico.CachingConstructorInjectionComponentAdapter$1
2547:            96           2304  com.intellij.aop.jam.AbstractAopInspection$1
2548:             6           2304  com.intellij.execution.ui.layout.impl.GridImpl
2549:             6           2304  com.intellij.execution.ui.layout.impl.JBRunnerTabs$MyTabLabel
2550:           144           2304  com.intellij.ide.ui.laf.intellij.WinIntelliJButtonUI$1
2551:            72           2304  com.intellij.lang.javascript.flex.flexunit.inspections.FlexUnitClassInspectionBase$1
2552:            48           2304  com.intellij.openapi.util.RecursionManager$CalculationStack
2553:             9           2304  com.intellij.ui.popup.list.ListPopupImpl
2554:            96           2304  com.intellij.util.xml.XmlName
2555:            72           2304  io.netty.util.internal.LongAdderCounter
2556:             4           2304  io.netty.util.internal.shaded.org.jctools.queues.MpscChunkedArrayQueue
2557:            48           2304  javax.management.MBeanInfo
2558:             6           2304  javax.swing.JRootPane
2559:            95           2280  com.intellij.openapi.actionSystem.impl.WeakTimerListener
2560:            95           2280  java.util.regex.Pattern$7
2561:            95           2280  sun.security.x509.CertificateExtensions
2562:           142           2272  com.intellij.jsf.references.libraries.providers.JsfWrappingPathReferenceProvider
2563:            71           2272  org.jetbrains.org.objectweb.asm.Type
2564:            71           2272  sun.reflect.generics.reflectiveObjects.TypeVariableImpl
2565:           141           2256  com.intellij.util.containers.hash.LinkedHashMap$KeySet
2566:            94           2256  com.intellij.util.messages.Topic
2567:            47           2256  sun.java2d.loops.MaskFill
2568:            47           2256  sun.java2d.pipe.AlphaPaintPipe$TileContext
2569:            80           2240  [Lcom.sun.xml.internal.bind.v2.runtime.property.Property;
2570:            35           2240  com.intellij.codeInsight.daemon.impl.JavaLineMarkerProvider$ArrowUpLineMarkerInfo
2571:           140           2240  com.intellij.openapi.vcs.changes.ui.DirectoryChangesGroupingPolicy$Factory
2572:            70           2240  com.intellij.openapi.vcs.changes.ui.StaticFilePath
2573:            35           2240  com.intellij.psi.impl.source.tree.java.PsiTypeCastExpressionImpl
2574:            70           2240  com.intellij.psi.tree.java.IJavaElementType
2575:            40           2240  com.intellij.ui.content.impl.ContentManagerImpl
2576:            56           2240  com.intellij.util.containers.ConcurrentSoftHashMap
2577:            56           2240  sun.java2d.pipe.GeneralCompositePipe$TileContext
2578:            93           2232  javax.swing.text.html.CSS$BorderStyle
2579:            69           2208  [Lcom.intellij.execution.RunConfigurationExtension;
2580:             6           2208  com.intellij.ui.ColorPanel
2581:            46           2208  com.intellij.ui.DeferredIconImpl$$Lambda$1371/1279769610
2582:            92           2208  com.intellij.ui.components.JBViewport$ResourceViewBorder
2583:            69           2208  com.intellij.util.indexing.VfsAwareMapReduceIndex$MyMapBasedForwardIndex
2584:            92           2208  com.jetbrains.quirksmode.CssDeclarationPattern
2585:            69           2208  javax.swing.text.html.CSS$BorderWidthValue
2586:            69           2208  net.miginfocom.layout.ResizeConstraint
2587:            69           2208  org.jetbrains.kotlin.util.slicedMap.BasicWritableSlice
2588:             5           2200  [Lcom.intellij.execution.console.CustomizableConsoleFoldingBean;
2589:            55           2200  com.intellij.lang.javascript.psi.types.JSGenericParameterImpl
2590:            55           2200  org.jetbrains.kotlin.config.LanguageFeature
2591:            91           2184  com.intellij.coldFusion.model.psi.CfmlElementType
2592:            34           2176  com.sun.xml.internal.bind.v2.model.impl.RuntimeAttributePropertyInfoImpl
2593:            16           2176  io.netty.util.internal.InternalThreadLocalMap
2594:           127           2160  [Lsun.reflect.generics.tree.TypeSignature;
2595:            90           2160  com.android.tools.idea.lang.roomSql.psi.RoomAstNodeType
2596:             6           2160  com.intellij.execution.ui.layout.impl.GridCellImpl$ProviderWrapper
2597:            27           2160  com.intellij.openapi.editor.impl.softwrap.mapping.SoftWrapApplianceManager
2598:            90           2160  com.intellij.tasks.timeTracking.model.WorkItem
2599:            30           2160  org.jetbrains.jps.backwardRefs.CompilerBackwardReferenceIndex$CompilerMapReduceIndex
2600:            67           2144  com.intellij.jarRepository.RepositoryLibraryDefinition
2601:            67           2144  com.intellij.psi.search.GlobalSearchScope$IntersectionScope
2602:           134           2144  com.intellij.ui.JBColor$5
2603:            67           2144  java.lang.Exception
2604:            67           2144  javassist.bytecode.ConstPool
2605:            67           2144  javax.swing.text.html.CSS$BackgroundPosition
2606:            67           2144  sun.reflect.annotation.AnnotationType
2607:            89           2136  javax.swing.text.html.CSS$FontWeight
2608:            38           2128  com.intellij.lexer.StringLiteralLexer
2609:            38           2128  com.intellij.psi.impl.source.xml.XmlPrologImpl
2610:            53           2120  io.netty.util.Recycler$WeakOrderQueue
2611:            53           2120  java.io.ObjectStreamClass$FieldReflectorKey
2612:            53           2120  net.sourceforge.pmd.benchmark.BenchmarkResult
2613:            53           2120  sun.security.ec.NamedCurve
2614:            88           2112  [Lcom.intellij.coverage.CoverageEngine;
2615:            88           2112  com.intellij.aop.jam.AbstractAopInspection$$Lambda$3991/989789299
2616:            44           2112  com.intellij.codeInsight.lookup.LookupElementBuilder
2617:            66           2112  com.intellij.lang.javascript.frameworks.react.JSXSpecificHandlersFactory$JSXExpectedTypeEvaluator
2618:           132           2112  com.intellij.psi.css.CssAttributeDescriptorsProvider$$Lambda$3447/116975760
2619:            33           2112  com.intellij.ui.tabs.impl.singleRow.ScrollableSingleRowLayout
2620:            66           2112  com.intellij.ui.tabs.impl.singleRow.SingleRowLayout$GhostComponent$1
2621:            66           2112  com.intellij.xml.util.HtmlUtil$CustomXmlTagDescriptor
2622:            66           2112  java.io.RandomAccessFile
2623:            87           2088  com.intellij.lang.ognl.psi.OgnlTokenType
2624:            87           2088  com.intellij.semantic.SemContributorEP
2625:            87           2088  com.intellij.spring.model.jam.SpringSemContributorUtil$$Lambda$1553/15123684
2626:            87           2088  org.intellij.lang.regexp.RegExpElementType
2627:            87           2088  org.jetbrains.kotlin.idea.inspections.IntentionBasedInspection$IntentionData
2628:            26           2080  [Lcom.intellij.ui.breadcrumbs.BreadcrumbsProvider;
2629:            65           2080  com.intellij.lang.javascript.modules.ModuleFixCreator
2630:            52           2080  com.intellij.psi.search.GlobalSearchScope$2
2631:            52           2080  com.intellij.util.containers.ConcurrentWeakHashMap
2632:            52           2080  java.util.regex.Pattern$Loop
2633:            52           2080  javax.swing.plaf.basic.BasicListUI$Handler
2634:            26           2080  net.sourceforge.pmd.lang.java.ast.ASTConditionalAndExpression
2635:            20           2080  org.apache.velocity.runtime.parser.Parser
2636:           129           2064  com.intellij.debugger.streams.trace.impl.interpret.SimplePeekCallTraceInterpreter
2637:           129           2064  com.intellij.patterns.PsiMemberPattern$Capture$1
2638:            86           2064  com.intellij.util.lang.JarLoader$MyResource
2639:            86           2064  kotlin.reflect.jvm.internal.pcollections.ConsPStack
2640:            60           2056  [Lcom.intellij.psi.impl.source.resolve.reference.impl.providers.FileReference;
2641:            32           2048  com.intellij.psi.impl.source.tree.java.PsiConditionalExpressionImpl
2642:            32           2048  com.intellij.spring.boot.model.autoconfigure.conditions.jam.ConditionalOnProperty$$EnhancerByJetBrainsMainCglib$$1181ebcd
2643:            51           2040  [Lcom.intellij.psi.codeStyle.LanguageCodeStyleSettingsProvider$SettingsType;
2644:             5           2040  com.intellij.codeInsight.daemon.impl.FileIncludeContextHectorPanel$MyListCellRenderer
2645:            51           2040  com.intellij.notification.NotificationGroup
2646:            51           2040  com.intellij.openapi.paths.PsiDynaReference
2647:            85           2040  com.intellij.psi.impl.smartPointers.Identikit$ByType
2648:            85           2040  kotlin.reflect.jvm.internal.pcollections.MapEntry
2649:            17           2040  sun.awt.image.ByteInterleavedRaster
2650:            85           2032  [Lcom.intellij.lang.javascript.psi.ecma6.TypeScriptTypeParameter;
2651:           127           2032  net.sourceforge.pmd.lang.java.symboltable.MethodNameDeclaration
2652:            36           2016  com.intellij.execution.lineMarker.ExecutorAction
2653:            84           2016  com.intellij.jpa.ql.psi.QlCompositeElementType
2654:            84           2016  com.intellij.lang.javascript.inspections.JSUnusedAssignmentInspection$SimpleControlFlowProcessor$DefinedValuesInfo
2655:           126           2016  com.intellij.openapi.util.StaticGetter
2656:            84           2016  com.intellij.sql.psi.impl.SqlTokenType
2657:            84           2016  net.sourceforge.pmd.lang.ast.xpath.AttributeAxisIterator$MethodWrapper
2658:            63           2016  org.jetbrains.kotlin.KtNodeType
2659:             5           2000  com.intellij.lang.javascript.library.ui.JSUsedLibrariesHectorProvider$MyPanel$2
2660:            50           2000  com.intellij.lang.javascript.psi.impl.JSFunctionBaseImpl$2
2661:            50           2000  com.intellij.plugins.jboss.arquillian.configuration.container.ArquillianContainerBean
2662:            50           2000  com.intellij.psi.search.searches.ReferencesSearch$SearchParameters
2663:           125           2000  javax.swing.LayoutComparator
2664:            50           2000  org.jetbrains.kotlin.idea.search.ideaExtensions.KotlinRequestResultProcessor
2665:            83           1992  org.jetbrains.idea.maven.utils.MavenPluginInfo$Mojo
2666:            83           1984  [Lcom.intellij.lang.javascript.psi.JSSourceElement;
2667:           124           1984  com.intellij.application.options.ReplacePathToMacroMap$$Lambda$695/1554127325
2668:           124           1984  com.intellij.codeInspection.dataFlow.ContractInference$$Lambda$3896/515132979
2669:            31           1984  com.intellij.ui.components.breadcrumbs.Breadcrumbs$CrumbView
2670:            62           1984  com.intellij.util.containers.TreeTraversal$1
2671:            82           1968  com.intellij.openapi.command.impl.NonUndoableAction
2672:           123           1968  com.intellij.ui.components.JBScrollPane$$Lambda$346/374920495
2673:            41           1968  java.awt.geom.Ellipse2D$Double
2674:           123           1968  java.util.regex.Pattern$Begin
2675:            49           1960  com.intellij.openapi.editor.impl.ClipDetector
2676:             5           1960  com.intellij.ui.popup.AbstractPopup$12
2677:           122           1952  com.intellij.lang.javascript.psi.resolve.JSTypeEvaluator$$Lambda$4194/902550081
2678:            61           1952  org.coffeescript.lang.lexer.CoffeeScriptElementType
2679:           122           1952  sun.security.x509.KeyIdentifier
2680:            27           1944  com.intellij.openapi.editor.impl.view.EditorSizeManager
2681:            81           1944  kotlin.reflect.jvm.internal.KClassImpl
2682:            81           1944  kotlin.reflect.jvm.internal.KClassImpl$data$1
2683:            80           1920  [Ljavax.swing.tree.TreeNode;
2684:            40           1920  [Lorg.kohsuke.rngom.parse.compact.CompactSyntax$JJCalls;
2685:            48           1920  [Lsun.awt.EventQueueItem;
2686:            24           1920  com.intellij.configurationStore.SchemeManagerImpl
2687:            80           1920  com.intellij.patterns.PsiElementPattern$2
2688:           120           1920  com.intellij.psi.impl.compiled.ClsMethodImpl$$Lambda$3615/240845717
2689:            40           1920  com.intellij.ui.SizedIcon
2690:            48           1920  com.intellij.util.containers.OpenTHashSet
2691:            20           1920  java.awt.image.IndexColorModel
2692:            48           1920  java.io.BufferedInputStream
2693:            48           1920  java.util.PropertyResourceBundle
2694:            60           1920  javax.management.MBeanAttributeInfo
2695:             5           1920  javax.swing.JSlider
2696:            60           1920  kotlin.sequences.FilteringSequence$iterator$1
2697:            60           1920  net.sf.cglib.asm.$Type
2698:            20           1920  org.apache.velocity.runtime.parser.ParserTokenManager
2699:            40           1920  org.apache.xerces.impl.xs.XSAttributeDecl
2700:            80           1920  org.intellij.plugins.relaxNG.compact.RncElementType
2701:           120           1920  org.jetbrains.kotlin.psi.VisitorWrappersKt$namedFunctionVisitor$1
2702:            34           1904  com.sun.tools.javac.main.Option
2703:           119           1904  org.jaxen.expr.iter.IterableChildAxis
2704:            34           1904  sun.security.provider.SHA
2705:            79           1896  com.intellij.lang.javascript.validation.JSFunctionSignatureChecker$DefaultReporter
2706:           118           1888  com.intellij.codeInspection.dataFlow.PurityInference$$Lambda$3906/1292495880
2707:            59           1888  com.intellij.javascript.JavaScriptCssReferenceContributor$MyCssClassOrIdReference
2708:            59           1888  com.intellij.psi.css.impl.CssRulesetListImpl
2709:            59           1888  com.intellij.psi.css.impl.CssStubStylesheet
2710:            47           1880  [Lcom.intellij.openapi.roots.GeneratedSourcesFilter;
2711:             5           1880  com.intellij.openapi.editor.impl.ContextMenuImpl
2712:            78           1872  com.intellij.lang.typescript.psi.TypeScriptPsiUtil$1
2713:            78           1872  com.intellij.psi.css.impl.util.completion.LengthUserLookup
2714:            26           1872  com.intellij.spring.model.jam.stereotype.SpringContextImport$$EnhancerByJetBrainsMainCglib$$6748da7f
2715:            58           1856  com.intellij.psi.search.LocalSearchScope
2716:            29           1856  com.intellij.ui.tabs.impl.ActionPanel$1
2717:           116           1856  com.intellij.util.xml.TypeChooserManager
2718:            58           1856  com.intellij.util.xmlb.AccessorBindingWrapper
2719:           116           1856  com.sun.proxy.$Proxy10
2720:            58           1856  javax.swing.tree.DefaultMutableTreeNode
2721:            21           1848  com.intellij.execution.application.ApplicationConfigurationOptions
2722:            77           1848  com.intellij.lang.ecmascript6.parsing.ES6ExpressionParser
2723:            77           1848  com.intellij.lang.ecmascript6.parsing.ES6FunctionParser
2724:            77           1848  com.intellij.lang.ecmascript6.parsing.ES6StatementParser
2725:            77           1848  com.intellij.lang.javascript.flow.psi.FlowJSPsiTypeParser
2726:            77           1848  com.intellij.lang.javascript.parsing.ExpressionParser
2727:            77           1848  com.intellij.lang.javascript.parsing.FunctionParser
2728:            77           1848  com.intellij.lang.javascript.parsing.JSPsiTypeParser
2729:            77           1848  com.intellij.lang.javascript.parsing.JSXmlTokensParser
2730:            77           1848  com.intellij.lang.javascript.parsing.StatementParser
2731:            77           1848  com.intellij.lang.javascript.psi.resolve.JSTypeEvaluator$$Lambda$2776/691092955
2732:            77           1848  com.intellij.openapi.fileTypes.FileTypeExtensionPoint$1
2733:            77           1848  com.intellij.openapi.util.KeyedExtensionCollector$2
2734:            77           1848  com.intellij.psi.impl.source.tree.LazyParseableElement$$Lambda$1113/2047080605
2735:            33           1848  com.intellij.ui.tabs.impl.JBTabsImpl$3
2736:            77           1848  com.sun.xml.internal.bind.v2.runtime.unmarshaller.LeafPropertyLoader
2737:            77           1848  javax.swing.text.html.HTML$Tag
2738:            77           1848  org.intellij.markdown.MarkdownElementType
2739:             5           1840  [Lnet.sourceforge.pmd.lang.java.ast.JavaParser$JJCalls;
2740:            46           1840  com.intellij.openapi.roots.impl.LibraryScopeCache$2
2741:            46           1840  com.intellij.ui.DeferredIconImpl$$Lambda$1366/1352309418
2742:           115           1840  com.intellij.util.containers.ConcurrentInstanceMap$1
2743:            23           1840  net.sourceforge.pmd.lang.java.ast.ASTForInit
2744:            23           1840  net.sourceforge.pmd.lang.java.ast.ASTForUpdate
2745:            57           1824  [Ljava.util.Set;
2746:            38           1824  com.intellij.execution.configurations.ModuleBasedConfigurationOptions
2747:           114           1824  com.intellij.lexer.MergingLexerAdapter$MyMergeFunction
2748:           114           1824  com.intellij.openapi.progress.util.AbstractProgressIndicatorExBase$$Lambda$412/260947467
2749:            76           1824  com.intellij.openapi.util.DifferenceFilter
2750:            57           1824  com.intellij.psi.css.impl.CssIdSelectorImpl
2751:            38           1824  java.awt.dnd.DropTarget
2752:            57           1824  org.apache.xerces.impl.xs.models.XSAllCM
2753:           114           1824  sun.security.x509.SerialNumber
2754:            72           1808  [Lcom.intellij.psi.css.descriptor.CssMediaType;
2755:            52           1800  [Lcom.intellij.codeInsight.daemon.impl.HighlightVisitor;
2756:            25           1800  [Lcom.intellij.pom.PomDeclarationSearcher;
2757:             5           1800  com.intellij.codeInsight.daemon.impl.HectorComponent
2758:            75           1800  com.intellij.codeInsight.daemon.impl.quickfix.SafeDeleteFix
2759:            45           1800  com.intellij.configurationStore.ComponentWithModificationTrackerInfo
2760:            45           1800  com.intellij.lang.javascript.JSDocLexer
2761:            45           1800  com.intellij.lang.javascript.psi.stubs.impl.TypeScriptTypeParameterDefaultStubImpl
2762:            75           1800  com.intellij.openapi.editor.impl.LineSet
2763:            25           1800  com.intellij.psi.codeStyle.TimeStampedIndentOptions
2764:             5           1800  com.intellij.ui.ComboboxWithBrowseButton
2765:            75           1800  com.intellij.util.indexing.FileBasedIndexImpl$FileIndexDataInitialization$$Lambda$224/1898345611
2766:            75           1800  com.intellij.util.indexing.ID
2767:            75           1800  com.intellij.util.ui.update.UiNotifyConnector$2
2768:            56           1792  com.intellij.codeInsight.daemon.NavigateAction
2769:            56           1792  com.intellij.lang.javascript.inspections.JSUnusedGlobalSymbolsInspection$1
2770:            28           1792  com.intellij.psi.css.impl.util.table.CssFunctionPropertyValue
2771:            28           1792  com.intellij.spring.boot.model.autoconfigure.conditions.jam.Conditional$$EnhancerByJetBrainsMainCglib$$d0254219
2772:            56           1792  de.plushnikov.intellij.plugin.lombokconfig.ConfigKey
2773:            74           1776  com.intellij.concurrency.JobLauncherImpl$$Lambda$2773/1958952381
2774:            74           1776  com.intellij.openapi.application.ReadActionProcessor$$Lambda$2544/860983831
2775:            74           1776  com.intellij.psi.impl.search.PsiSearchHelperImpl$3
2776:            74           1776  com.intellij.psi.impl.search.PsiSearchHelperImpl$3$$Lambda$2777/1421669481
2777:            74           1776  com.intellij.util.indexing.VfsAwareMapReduceIndex$MapDataExternalizer
2778:            74           1776  java.awt.EventQueue$4
2779:            37           1776  net.sourceforge.pmd.lang.java.ast.Token$GTToken
2780:            55           1760  com.intellij.lang.javascript.psi.ecma6.impl.TypeScriptArrayTypeImpl
2781:             5           1760  com.intellij.openapi.editor.impl.ContextMenuImpl$ContextMenuPanel
2782:            44           1760  com.intellij.ui.popup.MovablePopup
2783:            55           1760  com.intellij.util.concurrency.BoundedTaskExecutor$2
2784:            44           1760  java.lang.invoke.DirectMethodHandle$Constructor
2785:            73           1752  com.intellij.openapi.util.ClassExtensionPoint$1
2786:            73           1752  java.net.Inet4Address
2787:            31           1736  com.intellij.openapi.ui.LoadingDecorator$1
2788:            13           1728  [Ljava.beans.MethodDescriptor;
2789:            72           1728  com.intellij.codeInsight.daemon.impl.analysis.XmlPathReferenceInspection$1
2790:            36           1728  com.intellij.execution.lineMarker.LineMarkerActionWrapper
2791:             3           1728  com.intellij.execution.ui.layout.impl.JBRunnerTabs
2792:             4           1728  com.intellij.find.SearchReplaceComponent
2793:             9           1728  com.intellij.javaee.JavaeeCodeStyleSettings
2794:            72           1728  com.intellij.lang.javascript.ecmascript6.TypeScriptAnnotatorCheckerProvider$2
2795:            24           1728  com.intellij.lexer.HtmlHighlightingLexer
2796:            72           1728  com.intellij.openapi.editor.colors.ColorKey
2797:            27           1728  com.intellij.openapi.editor.impl.EditorImpl$MyColorSchemeDelegate
2798:            27           1728  com.intellij.openapi.editor.impl.EditorMarkupModelImpl$EditorFragmentRenderer
2799:            27           1728  com.intellij.openapi.editor.impl.SoftWrapModelImpl
2800:             3           1728  com.intellij.openapi.fileEditor.impl.EditorTabbedContainer$1
2801:            72           1728  com.intellij.psi.codeStyle.CodeStyleSettings$TypeToNameMap
2802:            24           1728  com.intellij.psi.impl.source.tree.LazyParseableElement
2803:            72           1728  com.intellij.spring.model.jam.stereotype.SpringService
2804:             3           1728  com.intellij.ui.JBTabsPaneImpl$1
2805:             4           1728  com.intellij.ui.components.labels.LinkLabel
2806:            72           1728  com.intellij.util.indexing.impl.InputIndexDataExternalizer
2807:            72           1728  javax.swing.text.html.CSS$LengthUnit
2808:            72           1728  org.jaxen.expr.DefaultAllNodeStep
2809:            26           1720  [Lcom.intellij.lang.javascript.index.flags.FlagsStructureElement;
2810:             2           1720  [Ljava.lang.Character$UnicodeScript;
2811:           107           1712  com.intellij.psi.css.impl.CssSimpleSelectorImpl$$Lambda$2734/1431053922
2812:            23           1704  [Ljava.awt.Font;
2813:            28           1704  [[Ljava.lang.String;
2814:            71           1704  com.intellij.configurationStore.StateMap
2815:             3           1704  com.intellij.designer.propertyTable.PropertyTablePanel$1
2816:            71           1704  com.intellij.ide.projectView.impl.ProjectViewFileNestingService$NestingRule
2817:            71           1704  com.intellij.patterns.PsiElementPattern$3
2818:             3           1704  com.intellij.uiDesigner.propertyInspector.PropertyInspectorTable
2819:            71           1704  com.sun.java.swing.plaf.windows.TMSchema$State
2820:            71           1704  java.lang.ThreadLocal$ThreadLocalMap
2821:            71           1704  org.jdom.ImmutableCDATA
2822:            71           1704  sun.reflect.generics.tree.FormalTypeParameter
2823:            53           1696  com.intellij.lang.javascript.psi.impl.JSNewExpressionImpl
2824:            53           1696  com.intellij.psi.impl.source.tree.JavaElementType$JavaCompositeElementType
2825:            53           1696  com.intellij.psi.tree.java.IKeywordElementType
2826:            53           1696  java.security.spec.EllipticCurve
2827:           106           1696  org.jaxen.expr.DefaultRelativeLocationPath
2828:            70           1680  [Lcom.intellij.psi.css.CssTerm;
2829:            42           1680  com.intellij.lang.javascript.psi.resolve.JSGenericParameterApplierImpl
2830:            70           1680  com.intellij.openapi.editor.impl.DocumentImpl$DocumentListenerDisposable
2831:            42           1680  com.intellij.psi.css.impl.descriptor.value.CssGroupAndValue
2832:            42           1680  com.intellij.psi.impl.source.PsiImportListImpl
2833:            30           1680  com.intellij.spring.contexts.model.LocalAnnotationModelImpl
2834:           105           1680  com.intellij.util.containers.hash.LinkedHashMap$EntrySet
2835:            70           1680  kotlin.sequences.GeneratorSequence
2836:            70           1680  kotlin.sequences.SequencesKt__SequencesKt$generateSequence$2
2837:            19           1672  [Lcom.intellij.codeInsight.highlighting.HighlightErrorFilter;
2838:            19           1672  net.sourceforge.pmd.lang.java.ast.ASTFieldDeclaration
2839:            91           1664  [Lcom.intellij.codeInsight.hint.HintManagerImpl$HintInfo;
2840:            38           1664  [Lnet.sf.cglib.asm.$Type;
2841:            52           1664  com.intellij.lang.folding.CustomFoldingBuilder$FoldingStack
2842:            52           1664  com.intellij.lang.javascript.frameworks.webpack.WebpackFileReferenceHelper$WebpackFileReferenceResolver
2843:            52           1664  com.intellij.lang.javascript.inspections.JSReferencingMutableVariableFromClosureInspection$1$1
2844:            13           1664  com.intellij.ui.plaf.beg.IdeaMenuUI
2845:            52           1664  com.sun.xml.internal.bind.v2.runtime.reflect.AdaptedAccessor
2846:            52           1664  io.netty.util.Recycler$WeakOrderQueue$Link
2847:           104           1664  javax.security.auth.x500.X500Principal
2848:           104           1664  javax.swing.text.html.CSS$StringValue
2849:           104           1664  sun.security.x509.CertificateAlgorithmId
2850:           104           1664  sun.security.x509.CertificateSerialNumber
2851:           104           1664  sun.security.x509.CertificateVersion
2852:           104           1664  sun.security.x509.CertificateX509Key
2853:            69           1656  com.intellij.codeInsight.folding.impl.DocumentFoldingInfo$Info
2854:            69           1656  com.intellij.psi.codeStyle.CodeStyleSettingsCustomizable$SpacingOption
2855:            69           1656  java.util.stream.ForEachOps$ForEachOp$OfRef
2856:            95           1648  [Lcom.intellij.lang.javascript.psi.jsdoc.JSDocTag;
2857:            41           1640  com.intellij.lang.javascript.psi.resolve.JSResolveUtil$9
2858:            48           1632  [Lcom.intellij.psi.PsiExpression;
2859:            34           1632  com.intellij.ide.actions.ToggleToolbarAction$OptionsGroup
2860:            51           1632  com.intellij.lang.javascript.inspections.JSUnusedGlobalSymbolsInspection$$Lambda$4232/1725007770
2861:            51           1632  com.intellij.openapi.fileEditor.impl.HistoryEntry
2862:            51           1632  com.intellij.openapi.vfs.newvfs.impl.MapReference
2863:            34           1632  com.intellij.openapi.wm.impl.ToolWindowHeader$10
2864:            51           1632  com.intellij.spring.web.mvc.SpringMVCReference
2865:            34           1632  java.awt.event.HierarchyEvent
2866:            68           1632  java.util.regex.Pattern$SingleI
2867:           102           1632  javax.swing.text.DefaultCaret$Handler
2868:            68           1632  org.jetbrains.idea.maven.utils.library.RepositoryLibraryDescription
2869:            34           1632  sun.font.FontDesignMetrics$KeyReference
2870:            67           1608  com.intellij.ide.TypeNameEP$1
2871:            67           1608  com.intellij.lang.javascript.psi.stubs.impl.JSFileCachedData
2872:            67           1608  java.io.BufferedOutputStream
2873:            67           1608  javassist.bytecode.LongVector
2874:            67           1608  javassist.bytecode.SourceFileAttribute
2875:            67           1608  javax.swing.text.html.CSS
2876:            67           1608  javax.swing.text.html.CSS$Attribute
2877:            67           1608  javax.swing.text.html.CSS$BackgroundImage
2878:            45           1600  [Lcom.intellij.openapi.util.Segment;
2879:           100           1600  com.android.repository.impl.generated.v1.DependenciesType
2880:            20           1600  com.intellij.find.FindModel
2881:             4           1600  com.intellij.find.editorHeaderActions.StatusTextAction$1
2882:            50           1600  com.intellij.lang.javascript.inspections.JSPotentiallyInvalidUsageOfThisInspection$1$2
2883:            50           1600  com.intellij.openapi.actionSystem.EmptyAction
2884:            50           1600  com.intellij.openapi.editor.impl.view.IterationState$CaretData
2885:            50           1600  com.intellij.plugins.jboss.arquillian.configuration.container.ArquillianContainerPredefined
2886:            50           1600  com.intellij.psi.search.SearchRequestCollector
2887:             8           1600  com.intellij.ui.BalloonImpl
2888:             4           1600  com.intellij.ui.OnePixelSplitter
2889:            50           1600  org.jetbrains.kotlin.idea.search.ideaExtensions.KotlinReferencesSearcher$QueryProcessor
2890:           100           1600  org.jetbrains.kotlin.psi.VisitorWrappersKt$callExpressionVisitor$1
2891:            50           1600  sun.java2d.loops.SurfaceType
2892:            66           1584  com.intellij.execution.ExecutorRegistryImpl$ExecutorAction$$Lambda$2117/707367905
2893:            66           1584  com.intellij.execution.compound.SettingsAndEffectiveTarget
2894:            33           1584  com.intellij.execution.configurations.LocatableRunConfigurationOptions
2895:            22           1584  com.intellij.openapi.fileEditor.impl.EditorWithProviderComposite
2896:            66           1584  com.intellij.psi.css.impl.descriptor.value.CssValueDescriptorMapper
2897:            22           1584  com.intellij.psi.impl.source.tree.injected.EditorWindowImpl
2898:            99           1584  com.intellij.psi.search.SearchRequestCollector$$Lambda$2741/1143764524
2899:            33           1584  com.intellij.ui.tabs.impl.JBTabsImpl$4
2900:            18           1584  com.intellij.ui.tabs.impl.singleRow.SingleRowPassInfo
2901:            18           1584  net.sourceforge.pmd.lang.java.ast.ASTCastExpression
2902:            49           1568  com.intellij.lang.javascript.buildTools.npm.rc.NpmCommand
2903:             4           1568  com.intellij.openapi.actionSystem.impl.ActionToolbarImpl$3
2904:            98           1568  com.intellij.openapi.actionSystem.impl.PresentationFactory
2905:            98           1568  com.intellij.psi.util.PsiUtilCore$$Lambda$2146/349845347
2906:             4           1568  javax.swing.DefaultListCellRenderer$UIResource
2907:            15           1560  [Lcom.intellij.execution.BeforeRunTaskProvider;
2908:            65           1560  com.intellij.lang.javascript.library.JSLibraryMappings$$Lambda$2241/1082741965
2909:            39           1560  com.intellij.openapi.compiler.util.InspectionValidatorWrapper
2910:            65           1560  com.intellij.webcore.libraries.ScriptingLibraryMappings$$Lambda$2242/163812460
2911:            65           1560  java.security.spec.ECPoint
2912:            65           1560  sun.nio.fs.NativeBuffer$Deallocator
2913:            97           1552  com.intellij.openapi.editor.impl.DocumentImpl$1
2914:            35           1536  [Lcom.intellij.util.containers.hash.HashSet$Entry;
2915:            96           1536  com.intellij.codeInspection.dataFlow.NullityInference$$Lambda$3952/1349214447
2916:            96           1536  com.intellij.ide.navigationToolbar.NavBarModel$$Lambda$1492/1653066578
2917:            48           1536  com.intellij.lang.javascript.flex.flexunit.inspections.FlexUnitSuiteInspectionBase$1
2918:            96           1536  com.intellij.lang.javascript.psi.types.JSTupleTypeImpl$$Lambda$3145/661983259
2919:            48           1536  com.intellij.lang.javascript.psi.util.JSTreeUtil$1
2920:            64           1536  com.intellij.openapi.util.BuildNumber
2921:            48           1536  com.intellij.openapi.util.VolatileNullableLazyValue$1
2922:            24           1536  com.intellij.psi.impl.source.tree.java.PsiPostfixExpressionImpl
2923:            24           1536  com.intellij.psi.impl.source.tree.java.PsiThisExpressionImpl
2924:             3           1536  com.intellij.uiDesigner.componentTree.ComponentTree
2925:            64           1536  com.intellij.util.ExecutorsQuery
2926:            32           1536  com.intellij.xml.util.documentation.CompositeAttributeTagDescriptor
2927:            48           1536  com.siyeh.ig.testFrameworks.SimplifiableAssertionInspection$SimplifiableJUnitAssertionVisitor
2928:            48           1536  java.awt.geom.GeneralPath
2929:            32           1536  java.net.SocketInputStream
2930:            32           1536  java.net.SocketOutputStream
2931:            64           1536  java.util.jar.Attributes$Name
2932:            32           1536  java.util.zip.Inflater
2933:            24           1536  net.miginfocom.layout.Grid$CompWrap
2934:            48           1536  net.miginfocom.swing.SwingComponentWrapper
2935:            32           1536  org.apache.xerces.impl.dv.xs.DecimalDV$XDecimal
2936:            24           1536  org.apache.xerces.impl.xpath.regex.RegularExpression
2937:            48           1536  org.apache.xerces.impl.xs.traversers.OneAttr
2938:            96           1536  org.jetbrains.kotlin.psi.VisitorWrappersKt$binaryExpressionVisitor$1
2939:            96           1536  org.jetbrains.kotlin.psi.VisitorWrappersKt$expressionVisitor$1
2940:            95           1520  com.intellij.util.concurrency.Semaphore
2941:            19           1520  net.sf.cglib.proxy.AdvancedEnhancer
2942:            19           1520  net.sourceforge.pmd.lang.java.ast.ASTMarkerAnnotation
2943:            63           1512  com.intellij.openapi.application.impl.ReadMostlyRWLock$Reader
2944:            27           1512  com.intellij.openapi.editor.impl.FoldingModelImpl
2945:            27           1512  com.intellij.openapi.editor.impl.InlayModelImpl$1
2946:             3           1512  org.jetbrains.idea.maven.navigator.MavenProjectsNavigator$6
2947:            63           1512  org.jetbrains.plugins.stylus.psi.StylusElementType
2948:            94           1504  com.intellij.openapi.actionSystem.impl.ToolbarUpdater$MyKeymapManagerListener
2949:            94           1504  com.intellij.openapi.actionSystem.impl.ToolbarUpdater$MyTimerListener
2950:            47           1504  com.intellij.openapi.module.impl.scopes.LibraryRuntimeClasspathScope
2951:            47           1504  org.jetbrains.kotlin.lexer.KtKeywordToken
2952:            62           1488  com.intellij.execution.configurations.JavaRunConfigurationModule
2953:            93           1488  com.intellij.psi.codeStyle.SoftMargins
2954:            62           1488  com.intellij.psi.css.impl.util.table.AbstractCssPropertyDescriptor$4
2955:            93           1488  com.intellij.psi.impl.PsiSuperMethodImplUtil$1
2956:             3           1488  com.intellij.ui.table.TableView
2957:            31           1488  com.intellij.util.xml.impl.FixedChildDescriptionImpl
2958:            37           1480  com.intellij.util.containers.hash.HashMap
2959:            46           1472  com.intellij.lang.javascript.psi.resolve.JSGenericTypesEvaluator$2
2960:            46           1472  com.intellij.ui.DeferredIconImpl$$Lambda$1367/11782327
2961:            23           1472  io.netty.util.Recycler$Stack
2962:            46           1472  org.kohsuke.rngom.digested.DListPattern
2963:            46           1472  org.kohsuke.rngom.digested.DOneOrMorePattern
2964:             3           1464  com.intellij.designer.componentTree.ComponentTree
2965:             3           1464  com.intellij.openapi.wm.impl.status.MemoryUsagePanel
2966:            61           1464  com.intellij.patterns.PsiFilePattern$Capture
2967:            61           1464  com.intellij.psi.tree.xml.IXmlLeafElementType
2968:            61           1464  sun.nio.ch.NativeThreadSet
2969:            91           1456  com.intellij.codeInsight.controlflow.impl.ControlFlowImpl
2970:            26           1456  com.intellij.lang.javascript.psi.stubs.impl.TypeScriptFieldStubImpl
2971:            26           1456  com.sun.xml.internal.bind.v2.runtime.property.ArrayElementNodeProperty
2972:            13           1456  org.jetbrains.kotlin.serialization.deserialization.descriptors.DeserializedSimpleFunctionDescriptor
2973:            26           1456  sun.misc.URLClassPath$JarLoader
2974:             4           1440  com.intellij.find.SearchReplaceComponent$2
2975:             4           1440  com.intellij.find.SearchReplaceComponent$3
2976:             4           1440  com.intellij.find.SearchReplaceComponent$5
2977:             3           1440  com.intellij.ide.IdeTooltipManager$5
2978:            30           1440  com.intellij.ide.dnd.DnDSupport
2979:            90           1440  com.intellij.ide.ui.laf.darcula.ui.TextFieldWithPopupHandlerUI$Handler
2980:            45           1440  com.intellij.lang.javascript.linter.JSLinterEditorPanelCreator$MyJSLinterEditorNotificationPanel
2981:            60           1440  com.intellij.openapi.paths.StaticPathReferenceProvider
2982:             3           1440  com.intellij.openapi.wm.impl.IdeFrameImpl
2983:            60           1440  com.intellij.patterns.uast.UElementPattern$filter$1
2984:             9           1440  com.intellij.psi.codeStyle.JavaCodeStyleSettings
2985:            60           1440  com.intellij.spring.model.jam.SpringSemContributorUtil$2
2986:            45           1440  com.intellij.ui.EngravedTextGraphics
2987:            90           1440  com.intellij.ws.references.WSReferenceContributor$MyReferenceProviderWrapper
2988:            30           1440  java.time.temporal.ValueRange
2989:            90           1440  javax.swing.JTextField$ScrollRepainter
2990:            60           1440  kotlin.sequences.FilteringSequence
2991:            18           1440  net.sourceforge.pmd.lang.java.ast.ASTTypeArguments
2992:            30           1440  org.jetbrains.jps.backwardRefs.CompilerBackwardReferenceIndex$3
2993:            45           1440  org.jetbrains.kotlin.lexer.KtSingleValueToken
2994:            30           1440  sun.java2d.loops.DrawGlyphListAA
2995:            59           1416  com.intellij.aop.psi.AopElementType
2996:             3           1416  com.intellij.openapi.vcs.changes.ui.ChangesListView
2997:             3           1416  com.intellij.ui.components.JBTextField
2998:            44           1408  com.android.sdklib.repository.generated.common.v1.LibraryType
2999:             4           1408  com.intellij.openapi.wm.impl.status.PresentationModeProgressPanel$1
3000:            22           1408  com.intellij.spring.boot.model.autoconfigure.conditions.jam.ConditionalOnWebApplication$$EnhancerByJetBrainsMainCglib$$57bae154
3001:             4           1408  com.intellij.ui.components.panels.Wrapper$North
3002:            22           1408  com.intellij.ui.treeStructure.Tree$MySelectionModel
3003:            44           1408  io.netty.buffer.PoolThreadCache$MemoryRegionCache$Entry
3004:             1           1400  [Lcom.intellij.codeInspection.InspectionEP;
3005:            25           1400  com.intellij.psi.css.impl.util.table.CssExpandedValue
3006:            35           1400  com.intellij.util.descriptors.ConfigFileMetaData
3007:            16           1392  [Ljava.lang.Byte;
3008:             3           1392  com.intellij.ide.projectView.impl.ProjectViewPane$1
3009:            58           1392  com.intellij.openapi.editor.event.EditorMouseEvent
3010:             3           1392  com.intellij.openapi.vcs.changes.shelf.ShelvedChangesViewManager$ShelfTree
3011:            58           1392  com.intellij.openapi.vcs.impl.ProjectLevelVcsManagerImpl$$Lambda$1345/2032836377
3012:            87           1392  com.intellij.psi.css.CssMinifiedFileChecker$$Lambda$3534/1361801354
3013:            87           1392  com.intellij.psi.impl.source.PsiJavaFileBaseImpl$MyCacheBuilder
3014:             3           1392  com.intellij.ui.treeStructure.Tree
3015:            58           1392  com.siyeh.ig.fixes.ChangeModifierFix
3016:            58           1392  javax.swing.DefaultSingleSelectionModel
3017:            36           1384  [Lcom.intellij.lang.javascript.psi.ecmal4.JSClass;
3018:             1           1376  [Lsun.misc.FDBigInteger;
3019:            43           1376  com.intellij.util.KeyedLazyInstanceEP
3020:            43           1376  com.intellij.util.xmlb.BeanBinding
3021:             2           1368  [Lcom.intellij.util.xml.impl.DomImplementationClassEP;
3022:             3           1368  [Ljava.util.Locale;
3023:            57           1368  com.intellij.freemarker.psi.FtlTokenType
3024:            57           1368  com.intellij.lang.javascript.documentation.JSDocumentationUtils$2
3025:             3           1368  com.intellij.spring.boot.run.lifecycle.tabs.LiveContextsPanel
3026:            57           1368  java.awt.image.BufferedImage$1
3027:            34           1360  com.intellij.ide.actions.ToggleToolbarAction
3028:             5           1360  com.intellij.ide.util.treeView.AbstractTreeUi
3029:            85           1360  com.intellij.lang.javascript.index.flags.BooleanStructureElement
3030:            34           1360  com.intellij.openapi.wm.impl.content.TabContentLayout
3031:            17           1360  com.intellij.psi.impl.source.tree.java.JavaFileElement
3032:            34           1360  com.intellij.util.containers.UnsafeWeakList$MyIterator
3033:            34           1360  com.intellij.xml.util.XmlRefCountHolder
3034:            34           1360  com.sun.xml.internal.bind.v2.runtime.property.AttributeProperty
3035:            34           1360  org.jetbrains.kotlin.protobuf.GeneratedMessageLite$GeneratedExtension
3036:            11           1352  [Ljava.util.Map$Entry;
3037:             3           1344  com.intellij.execution.impl.ConsoleViewImpl
3038:            56           1344  com.intellij.ide.util.treeView.PresentableNodeDescriptor$ColoredFragment
3039:            42           1344  com.intellij.lang.javascript.JSMinifiedFileUtil$CachedMinifiedStatus
3040:            56           1344  com.intellij.lang.javascript.documentation.JSDocumentationProcessor$MetaDocType
3041:            42           1344  com.intellij.lang.javascript.psi.controlflow.instruction.JSArrayModificationInstruction
3042:            42           1344  com.intellij.lang.javascript.psi.ecma6.impl.JSReferenceListMemberImpl
3043:            84           1344  com.intellij.lang.javascript.psi.resolve.JSGenericTypesEvaluator$$Lambda$5390/977071402
3044:            56           1344  com.intellij.patterns.StringPattern$2
3045:            42           1344  com.intellij.ui.PopupHandler$2
3046:            56           1344  com.intellij.util.Functions$2
3047:            56           1344  com.intellij.util.containers.hash.HashSet$Entry
3048:            84           1344  com.sun.proxy.$Proxy26
3049:            42           1344  java.io.FileOutputStream
3050:            21           1344  javax.swing.UIDefaults
3051:            12           1344  javax.swing.plaf.basic.BasicTextUI$BasicCaret
3052:            56           1344  javax.swing.plaf.metal.MetalSeparatorUI
3053:            42           1344  org.jetbrains.kotlin.descriptors.annotations.KotlinTarget
3054:            42           1344  org.kohsuke.rngom.digested.DAnnotation$Attribute
3055:            55           1320  com.intellij.lang.javascript.psi.resolve.JSTypeEvaluator$$Lambda$4386/1331399103
3056:            33           1320  com.intellij.openapi.editor.impl.MarkupModelImpl
3057:            55           1320  com.intellij.tasks.jira.jql.JqlElementType
3058:            33           1320  com.intellij.ui.tabs.impl.JBTabsImpl$SelectNextAction
3059:            33           1320  com.intellij.ui.tabs.impl.JBTabsImpl$SelectPreviousAction
3060:             3           1320  com.intellij.uiDesigner.propertyInspector.properties.ClassToBindProperty$MyEditor$1
3061:            55           1320  javax.swing.text.FlowView$FlowStrategy
3062:            15           1320  net.sourceforge.pmd.lang.java.ast.ASTConditionalExpression
3063:            41           1312  com.intellij.lang.impl.TokenSequence$Builder
3064:            41           1312  com.intellij.openapi.editor.impl.RangeMarkerImpl
3065:            41           1312  com.intellij.openapi.project.DumbAwareAction$1
3066:             5           1296  [Lcn.yiiguxing.plugin.translate.trans.Lang;
3067:            50           1296  [Lcom.intellij.lang.javascript.psi.JSFunction;
3068:            81           1296  [Lcom.intellij.psi.SmartPsiElementPointer;
3069:            27           1296  com.intellij.codeInsight.folding.impl.UpdateFoldRegionsOperation
3070:            18           1296  com.intellij.execution.application.ApplicationConfiguration
3071:            54           1296  com.intellij.lang.javascript.index.JSTypeEvaluateManager$$Lambda$4213/783250578
3072:            81           1296  com.intellij.lang.javascript.validation.fixes.CreateJSParameterIntentionAction
3073:            27           1296  com.intellij.openapi.editor.impl.CaretModelImpl
3074:            27           1296  com.intellij.openapi.editor.impl.EditorImpl$ScrollingTimer
3075:            27           1296  com.intellij.openapi.editor.impl.ScrollingModelImpl
3076:             3           1296  com.intellij.openapi.vcs.changes.ui.ChangesBrowserNodeRenderer
3077:            54           1296  com.intellij.patterns.XmlAttributeValuePattern$4
3078:            18           1296  com.intellij.psi.impl.source.xml.XmlFileImpl
3079:            54           1296  com.intellij.psi.tree.jsp.el.IELElementType
3080:             9           1296  com.intellij.sql.formatter.settings.SqlCodeStyleSettings
3081:             3           1296  com.intellij.ui.FinderRecursivePanel$MyListCellRenderer
3082:            27           1296  com.sun.jna.Function
3083:            81           1296  javax.swing.text.html.HTML$Attribute
3084:             9           1296  org.coffeescript.formatter.CoffeeScriptCodeStyleSettings
3085:            27           1296  sun.java2d.loops.BlitBg
3086:            32           1280  [Lcom.intellij.codeInsight.daemon.ProblemHighlightFilter;
3087:            16           1280  [Ljava.util.concurrent.RunnableScheduledFuture;
3088:            20           1280  [Lorg.apache.velocity.runtime.parser.Parser$JJCalls;
3089:            40           1280  com.intellij.lang.javascript.psi.jsdoc.impl.JSDocCommentCachedDataBuilder
3090:            80           1280  com.theoryinpractice.testng.util.TestNGUtil$$Lambda$2503/1519538479
3091:            40           1280  io.netty.channel.AbstractChannelHandlerContext$WriteAndFlushTask
3092:            32           1280  java.awt.event.ContainerEvent
3093:            16           1280  java.util.concurrent.ScheduledThreadPoolExecutor
3094:            20           1280  javax.swing.table.TableColumn
3095:            32           1280  kotlin.reflect.jvm.internal.impl.serialization.ProtoBuf$EnumEntry
3096:            32           1280  net.miginfocom.layout.Grid$LinkedDimGroup
3097:            16           1280  net.sourceforge.pmd.lang.java.ast.ASTTypeArgument
3098:            32           1280  org.apache.xerces.impl.dv.ValidatedInfo
3099:            40           1280  org.apache.xerces.impl.xs.XSAttributeUseImpl
3100:            40           1280  org.kohsuke.rngom.parse.compact.CompactSyntax$LookaheadSuccess
3101:            40           1280  org.zeroturnaround.javarebel.reporting.stats.repository.impl.DayHolder
3102:            26           1272  [Lcom.sun.java.swing.plaf.windows.TMSchema$State;
3103:             3           1272  com.intellij.designer.propertyTable.PropertyTable$PropertyCellRenderer$1
3104:             3           1272  com.intellij.openapi.wm.impl.IdeRootPane
3105:             3           1272  com.intellij.openapi.wm.impl.ToolWindowsPane
3106:             3           1272  com.intellij.openapi.wm.impl.status.ProcessPopup$3
3107:             3           1272  com.intellij.ui.components.JBList
3108:            53           1272  java.awt.AlphaComposite
3109:            53           1272  java.util.regex.Pattern$Prolog
3110:            53           1272  sun.font.FontLineMetrics
3111:            35           1264  [Lcom.intellij.util.descriptors.ConfigFileVersion;
3112:            41           1264  [Lorg.apache.xerces.impl.xs.traversers.OneAttr;
3113:            79           1264  com.intellij.openapi.editor.impl.view.EditorSizeManager$$Lambda$1027/936391625
3114:            39           1248  com.intellij.debugger.streams.lib.impl.FilterOperation
3115:             3           1248  com.intellij.designer.componentTree.ComponentTree$3
3116:             3           1248  com.intellij.designer.propertyTable.PropertyTable$PropertyCellRenderer$MyCellRenderer
3117:             3           1248  com.intellij.ide.projectView.impl.ProjectViewTree$1
3118:            26           1248  com.intellij.lang.LanguageExtension
3119:            52           1248  com.intellij.lang.javascript.psi.controlflow.JSControlFlowUtils$1
3120:            26           1248  com.intellij.lang.javascript.psi.impl.JSFunctionBaseImpl$MyJSDocumentationProcessor
3121:            39           1248  com.intellij.openapi.editor.actionSystem.EditorActionHandlerBean
3122:            39           1248  com.intellij.openapi.editor.impl.EditorImpl$CaretRectangle
3123:             3           1248  com.intellij.openapi.fileEditor.impl.EditorsSplitters
3124:            52           1248  com.intellij.openapi.util.ExecutionCallback
3125:            78           1248  com.intellij.openapi.vcs.changes.ui.TreeModelBuilder$$Lambda$2021/4882734
3126:             3           1248  com.intellij.openapi.wm.impl.content.ContentComboLabel
3127:            52           1248  com.intellij.play.language.PlayTokenType
3128:            52           1248  com.intellij.thymeleaf.dialects.beans.ThymeleafAttributeProcessorBean
3129:            12           1248  com.intellij.ui.components.WideSelectionListUI
3130:             3           1248  com.intellij.uiDesigner.componentTree.ComponentTree$MyTreeCellRenderer
3131:             3           1248  com.intellij.uiDesigner.propertyInspector.PropertyInspectorTable$MyCompositeTableCellRenderer$1
3132:             3           1248  com.intellij.uiDesigner.propertyInspector.PropertyInspectorTable$MyCompositeTableCellRenderer$2
3133:            39           1248  com.intellij.util.FileIconKey
3134:            52           1248  com.sun.xml.internal.bind.v2.model.core.Adapter
3135:            78           1248  java.util.Collections$UnmodifiableCollection
3136:            26           1248  java.util.Hashtable$Enumerator
3137:            13           1248  java.util.jar.JarFile$JarFileEntry
3138:             3           1248  javax.swing.Popup$HeavyWeightWindow
3139:            52           1248  javax.swing.plaf.basic.BasicPopupMenuUI
3140:            52           1248  javax.swing.plaf.basic.BasicPopupMenuUI$BasicMenuKeyListener
3141:            52           1248  sun.nio.fs.WindowsPathParser$Result
3142:            31           1240  com.intellij.ide.ui.AppearanceOptionsTopHitProvider$1
3143:            31           1240  com.intellij.ui.components.JBLoadingPanel$1
3144:            31           1240  java.util.MissingResourceException
3145:            77           1232  com.android.repository.impl.generated.v1.PatchesType
3146:            77           1232  com.intellij.lang.javascript.psi.ExpectedTypeEvaluator$$Lambda$2793/1037363632
3147:            77           1232  com.intellij.openapi.util.KeyedExtensionCollector$1
3148:            22           1232  com.intellij.ui.treeStructure.Tree$1
3149:            22           1232  com.intellij.util.ui.ButtonlessScrollBarUI$10
3150:            22           1232  com.intellij.util.ui.ButtonlessScrollBarUI$11
3151:            22           1232  com.intellij.util.ui.ButtonlessScrollBarUI$12
3152:            22           1232  javax.swing.tree.VariableHeightLayoutCache
3153:            51           1224  com.intellij.javaee.web.ServletMappingInfo$DefaultMappingInfo
3154:             9           1224  com.intellij.lang.typescript.formatter.TypeScriptCodeStyleSettings
3155:            51           1224  com.intellij.openapi.actionSystem.impl.ToolbarUpdater$$Lambda$712/1918884986
3156:             3           1224  com.intellij.openapi.vcs.changes.PreviewDiffSplitterComponent
3157:             3           1224  com.intellij.openapi.wm.impl.content.BaseLabel
3158:             3           1224  com.intellij.openapi.wm.impl.status.IdeStatusBarImpl$IconPresentationWrapper
3159:             3           1224  com.intellij.openapi.wm.impl.status.InfoAndProgressPanel
3160:            51           1224  com.intellij.plugins.jboss.arquillian.configuration.container.ArquillianContainerBean$MavenDependency
3161:            51           1224  com.intellij.plugins.jboss.arquillian.configuration.container.ArquillianMavenCoordinates
3162:            51           1224  com.intellij.psi.impl.source.xml.XmlDocumentImpl$$Lambda$2342/804975369
3163:            76           1216  java.util.Comparator$$Lambda$223/1917846243
3164:            19           1216  java.util.jar.JarFile
3165:            38           1216  javax.swing.text.Segment
3166:            38           1216  net.sf.cglib.proxy.MethodProxy
3167:            38           1216  net.sf.cglib.proxy.MethodProxy$CreateInfo
3168:            19           1216  org.jdom.input.SAXHandler
3169:            76           1216  org.jetbrains.kotlin.psi.VisitorWrappersKt$declarationVisitor$1
3170:            15           1200  com.intellij.application.options.editor.AutoImportOptionsProviderEP
3171:            50           1200  com.intellij.compiler.backwardRefs.CompilerReferenceServiceImpl$$Lambda$3898/61751647
3172:            50           1200  com.intellij.compiler.backwardRefs.CompilerReferenceServiceImpl$$Lambda$4576/2112056632
3173:            50           1200  com.intellij.lang.ecmascript6.findUsages.ES6ImportAliasReferenceSearcher$MyProcessor
3174:            50           1200  com.intellij.lang.javascript.inspections.JSPotentiallyInvalidUsageOfThisInspection$1$1
3175:            30           1200  com.intellij.openapi.wm.impl.ToolWindowManagerImpl$ToolWindowFocusWatcher
3176:             3           1200  com.intellij.openapi.wm.impl.status.ProcessPopup$1
3177:            50           1200  com.intellij.psi.codeStyle.CommonCodeStyleSettings$IndentOptions$1
3178:            50           1200  com.intellij.psi.codeStyle.LanguageCodeStyleSettingsProvider$SupportedFieldCollector
3179:            25           1200  com.intellij.psi.css.impl.lexing._CssLexer
3180:            25           1200  com.intellij.psi.impl.java.stubs.impl.PsiLiteralStub
3181:            25           1200  com.intellij.psi.impl.java.stubs.impl.PsiNameValuePairStubImpl
3182:            50           1200  com.intellij.psi.search.SearchRequestQuery
3183:            50           1200  com.intellij.psi.search.SingleTargetRequestResultProcessor
3184:            30           1200  com.intellij.psi.stubs.SerializedStubTree
3185:             3           1200  com.intellij.ui.EngravedLabel
3186:             3           1200  com.intellij.ui.JBSplitter
3187:             3           1200  com.intellij.uiDesigner.propertyInspector.PropertyInspector$2
3188:             3           1200  com.intellij.uiDesigner.propertyInspector.properties.BindingProperty$1
3189:             3           1200  com.intellij.uiDesigner.propertyInspector.properties.ButtonGroupProperty$1
3190:             3           1200  com.intellij.uiDesigner.propertyInspector.properties.LayoutManagerProperty$1
3191:             3           1200  com.intellij.uiDesigner.propertyInspector.renderers.ClassToBindRenderer
3192:            50           1200  com.intellij.util.MergeQuery
3193:            50           1200  com.intellij.util.UniqueResultsQuery
3194:            50           1200  com.intellij.util.UniqueResultsQuery$MyProcessor
3195:            50           1200  com.intellij.util.containers.BidirectionalMap
3196:            75           1200  com.intellij.util.indexing.FileBasedIndexImpl$$Lambda$227/2074169498
3197:            30           1200  com.intellij.util.ui.EmptyIcon
3198:            75           1200  com.intellij.util.ui.update.UiNotifyConnector$1
3199:            30           1200  com.intellij.util.xml.impl.CollectionChildDescriptionImpl
3200:            50           1200  com.jetbrains.quirksmode.BrowserSet
3201:            30           1200  java.time.temporal.ChronoField
3202:            50           1200  org.jetbrains.kotlin.idea.search.ideaExtensions.KotlinReferencesSearcher$processQuery$1
3203:            50           1200  org.jetbrains.plugins.cucumber.groovy.steps.search.GrCucumberStepDefinitionSearcher$$Lambda$2746/1317157952
3204:            30           1200  sun.security.x509.AuthorityKeyIdentifierExtension
3205:            38           1184  [Ljava.math.BigInteger;
3206:            37           1184  com.intellij.configurationStore.schemeManager.ExternalInfo
3207:            74           1184  com.intellij.openapi.wm.impl.ToolWindowHeader$ActionButton$$Lambda$745/885211773
3208:            37           1184  com.intellij.util.containers.JBIterator$1
3209:            74           1184  java.util.TreeMap$EntrySet
3210:            49           1176  [Lcom.intellij.codeInspection.lang.InspectionExtensionsFactory;
3211:            49           1176  com.alibaba.p3c.idea.inspection.AliLocalInspectionToolProvider$RuleInfo
3212:             3           1176  com.intellij.designer.DesignerToolWindow$1
3213:             3           1176  com.intellij.ide.palette.impl.PaletteWindow
3214:            49           1176  com.intellij.lang.javascript.psi.JSTypeUtils$$Lambda$4228/909946054
3215:            49           1176  com.intellij.openapi.editor.impl.view.EditorPainter$LineWhitespacePaintingStrategy
3216:            49           1176  com.intellij.patterns.CollectionPattern$3
3217:            21           1176  com.intellij.psi.impl.source.tree.java.ClassElement
3218:            49           1176  com.intellij.struts.inplace.reference.config.TilesReferenceProvider
3219:             3           1176  com.intellij.uiDesigner.propertyInspector.DesignerToolWindow$MyToolWindowPanel
3220:            49           1176  com.intellij.util.KeyedLazyInstanceEP$1
3221:            49           1176  com.intellij.util.ReflectionAssignabilityCache$1$1
3222:            49           1176  com.intellij.util.containers.ConcurrentRefHashMap$HardKey
3223:            49           1176  com.intellij.util.containers.MultiMap$7
3224:            73           1168  java.util.concurrent.ConcurrentHashMap$ValuesView
3225:            29           1160  com.intellij.jam.reflect.JamAnnotationAttributeMeta$Collection
3226:            48           1152  com.intellij.beanValidation.highlighting.BaseBeanValidationInspection$1
3227:            24           1152  com.intellij.codeInsight.daemon.impl.ThreadLocalAnnotatorMap$VersionedMap
3228:            36           1152  com.intellij.codeInsight.editorActions.QuoteHandlerEP
3229:            36           1152  com.intellij.coldFusion.model.psi.CfmlOperatorTokenType
3230:            24           1152  com.intellij.execution.ui.layout.impl.GridCellImpl
3231:            36           1152  com.intellij.ide.TypeIconEP
3232:             9           1152  com.intellij.lang.javascript.formatter.ECMA4CodeStyleSettings
3233:             9           1152  com.intellij.lang.javascript.formatter.JSCodeStyleSettings
3234:            72           1152  com.intellij.lang.javascript.validation.JSReferenceInspectionVisitor
3235:            72           1152  com.intellij.lang.javascript.validation.TypeScriptReferenceInspectionVisitor
3236:            24           1152  com.intellij.lexer._HtmlLexer
3237:            24           1152  com.intellij.openapi.editor.ex.util.LexerEditorHighlighter
3238:            48           1152  com.intellij.openapi.updateSettings.impl.PatchInfo
3239:            48           1152  com.intellij.openapi.wm.FocusWatcher
3240:             3           1152  com.intellij.openapi.wm.impl.IdeGlassPaneImpl
3241:             3           1152  com.intellij.openapi.wm.impl.status.IdeStatusBarImpl
3242:            48           1152  com.intellij.patterns.CaseInsensitiveValuePatternCondition
3243:            48           1152  com.intellij.patterns.PsiElementPattern$12
3244:            48           1152  com.intellij.patterns.PsiJavaPatterns$3
3245:            48           1152  com.intellij.patterns.VirtualFilePattern$3
3246:            48           1152  com.intellij.play.inspections.PlayBaseInspection$1
3247:            48           1152  com.intellij.psi.codeStyle.CommonCodeStyleSettings$SupportedFieldsDiffFilter
3248:            18           1152  com.intellij.psi.css.impl.util.table.CssColorValue
3249:            36           1152  com.intellij.psi.css.inspections.CssOptimizeSimilarPropertiesInspection$MarginRule
3250:            18           1152  com.intellij.spring.boot.model.autoconfigure.conditions.jam.ConditionalOnMissingBean$$EnhancerByJetBrainsMainCglib$$dd0e1cfe
3251:             3           1152  com.intellij.spring.boot.run.lifecycle.tabs.RequestMappingsPanel
3252:            36           1152  com.intellij.spring.model.SpringImplicitBean
3253:             3           1152  com.intellij.ui.SearchTextField
3254:             3           1152  com.intellij.ui.components.JBTabbedPane
3255:             3           1152  com.intellij.uiDesigner.propertyInspector.PropertyInspector
3256:            48           1152  com.intellij.util.containers.ConcurrentWeakKeySoftValueHashMap$HardKey
3257:            48           1152  com.intellij.util.containers.ThreadLocalRandom$Tlr
3258:            36           1152  com.intellij.util.lang.FileLoader
3259:            16           1152  com.intellij.util.ui.JBFont
3260:            48           1152  gnu.trove.THashMap$KeyView
3261:            12           1152  java.awt.event.MouseWheelEvent
3262:            72           1152  java.nio.channels.spi.AbstractInterruptibleChannel$1
3263:            16           1152  java.util.concurrent.ThreadPoolExecutor
3264:            72           1152  javax.swing.text.SimpleAttributeSet
3265:            36           1152  org.jetbrains.idea.maven.model.MavenPlugin$Execution
3266:            48           1152  org.jetbrains.kotlin.idea.inspections.AbstractPrimitiveRangeToInspection$buildVisitor$1
3267:            48           1152  org.jetbrains.kotlin.idea.inspections.collections.AbstractUselessCallInspection$QualifiedExpressionVisitor
3268:            72           1152  org.jetbrains.kotlin.psi.VisitorWrappersKt$dotQualifiedExpressionVisitor$1
3269:            72           1152  org.jetbrains.kotlin.psi.VisitorWrappersKt$ifExpressionVisitor$1
3270:            48           1152  org.jetbrains.plugins.groovy.codeInspection.GroovyLocalInspectionBase$1
3271:            36           1152  sun.reflect.UnsafeQualifiedObjectFieldAccessorImpl
3272:            38           1144  [Lcom.intellij.ide.b.t;
3273:            71           1136  com.intellij.refactoring.actions.BaseRefactoringAction$$Lambda$194/1335712498
3274:            71           1136  com.intellij.util.containers.ContainerUtil$ImmutableListBackedByList
3275:            71           1136  java.util.regex.Pattern$All
3276:             3           1128  com.intellij.designer.palette.PalettePanel
3277:             3           1128  com.intellij.designer.propertyTable.PropertyTablePanel
3278:             3           1128  com.intellij.diff.impl.DiffRequestProcessor$MyPanel
3279:             3           1128  com.intellij.diff.impl.DiffRequestProcessor$MyProgressBar
3280:            47           1128  com.intellij.jam.reflect.JamStringAttributeMeta$Collection
3281:             3           1128  com.intellij.openapi.wm.impl.status.StatusPanel$1
3282:            47           1128  com.intellij.psi.impl.source.PsiTypeElementImpl$1
3283:             3           1128  com.intellij.spring.boot.run.lifecycle.tabs.SpringBootApplicationEndpointsTab
3284:             3           1128  com.intellij.ui.TitlePanel
3285:             3           1128  com.intellij.ui.components.JBPanelWithEmptyText
3286:             3           1128  com.intellij.util.ui.RefreshFileSystemIcon
3287:            47           1120  [Ljavax.management.ObjectName$Property;
3288:            35           1120  com.intellij.codeInsight.daemon.impl.ShowIntentionsPass$IntentionsInfo
3289:            35           1120  com.intellij.codeInsight.template.impl.TemplateGroup
3290:            20           1120  com.intellij.execution.process.BaseOSProcessHandler$SimpleOutputReader
3291:            35           1120  com.intellij.ide.actions.ShowContentAction
3292:            20           1120  com.intellij.lang.java.lexer._JavaLexer
3293:            20           1120  com.intellij.lang.javascript.flex.run.FlashRunnerParameters$Emulator
3294:            28           1120  com.intellij.openapi.util.io.FileAttributes
3295:            70           1120  com.intellij.spring.factories.resolvers.SingleObjectTypeResolver
3296:            35           1120  com.intellij.util.containers.hash.HashSet
3297:            35           1120  sun.awt.windows.WMouseDragGestureRecognizer
3298:            10           1120  sun.nio.ch.SocketChannelImpl
3299:            35           1120  sun.nio.fs.NativeBuffer
3300:            41           1112  [Lcom.siyeh.ig.callMatcher.CallMatcher;
3301:            46           1104  com.intellij.concurrency.ConcurrentHashMap$KeySetView
3302:             3           1104  com.intellij.execution.impl.MyDiffContainer
3303:            69           1104  com.intellij.frameworks.reactor.util.ReactorLibraryUtil$$Lambda$3969/3989846
3304:            23           1104  com.intellij.lang.javascript.psi.jsdoc.impl.JSDocReferenceSet
3305:            23           1104  com.intellij.lang.javascript.psi.stubs.impl.JSLiteralExpressionStubImpl
3306:            46           1104  com.intellij.openapi.progress.util.ProgressIndicatorUtils$$Lambda$1056/1365722042
3307:             3           1104  com.intellij.openapi.wm.impl.IdePanePanel
3308:             3           1104  com.intellij.openapi.wm.impl.ToolWindowsPane$MyLayeredPane
3309:             3           1104  com.intellij.openapi.wm.impl.status.StatusPanel
3310:             3           1104  com.intellij.ui.speedSearch.ListWithFilter
3311:            23           1104  org.apache.velocity.runtime.parser.Token
3312:             3           1104  org.jetbrains.idea.maven.navigator.MavenProjectsNavigatorPanel
3313:             3           1104  org.jetbrains.kotlin.idea.formatter.KotlinCommonCodeStyleSettings
3314:            68           1088  com.intellij.lang.javascript.inspections.JSUnusedAssignmentInspection$SimpleControlFlowProcessor$BasicBlockInfo
3315:            34           1088  com.intellij.openapi.wm.impl.InternalDecorator$RemoveStripeButtonAction
3316:            34           1088  com.intellij.openapi.wm.impl.InternalDecorator$ToggleContentUiTypeAction
3317:            34           1088  com.intellij.openapi.wm.impl.InternalDecorator$ToggleDockModeAction
3318:            34           1088  com.intellij.openapi.wm.impl.InternalDecorator$ToggleFloatingModeAction
3319:            34           1088  com.intellij.openapi.wm.impl.InternalDecorator$TogglePinnedModeAction
3320:            34           1088  com.intellij.openapi.wm.impl.InternalDecorator$ToggleSideModeAction
3321:            34           1088  com.intellij.openapi.wm.impl.InternalDecorator$ToggleWindowedModeAction
3322:            34           1088  com.intellij.openapi.wm.impl.ToolWindowHeader$2
3323:            34           1088  com.intellij.openapi.wm.impl.ToolWindowHeader$4
3324:            34           1088  com.intellij.openapi.wm.impl.ToolWindowHeader$5
3325:            34           1088  com.intellij.openapi.wm.impl.content.TabContentLayout$1
3326:            34           1088  com.intellij.openapi.wm.impl.content.TabContentLayout$2
3327:            34           1088  com.intellij.ui.content.tabs.TabbedContentAction$CloseAllAction
3328:            34           1088  com.intellij.ui.content.tabs.TabbedContentAction$MyNextTabAction
3329:            34           1088  com.intellij.ui.content.tabs.TabbedContentAction$MyPreviousTabAction
3330:            34           1088  java.net.Socket
3331:            34           1088  java.security.MessageDigest$Delegate
3332:            34           1088  javax.swing.undo.UndoManager
3333:            34           1088  org.jetbrains.kotlin.protobuf.GeneratedMessageLite$ExtensionDescriptor
3334:            45           1080  [Lcom.intellij.aop.AopProvider;
3335:            15           1080  com.intellij.codeInsight.daemon.impl.analysis.HighlightVisitorImpl
3336:            45           1080  com.intellij.diagnostic.PerformanceWatcher$SwingThreadRunnable
3337:             3           1080  com.intellij.execution.ui.layout.impl.RunnerContentUi$MyComponent
3338:            27           1080  com.intellij.openapi.editor.impl.InlayModelImpl
3339:            27           1080  com.intellij.openapi.editor.impl.view.LogicalPositionCache
3340:            27           1080  com.intellij.openapi.editor.impl.view.TextLayoutCache
3341:            45           1080  com.intellij.openapi.roots.impl.PackageDirectoryCache
3342:             3           1080  com.intellij.openapi.ui.ComponentWithBrowseButton
3343:            45           1080  com.intellij.psi.tree.IFileElementType
3344:            45           1080  com.intellij.util.ui.update.UiNotifyConnector$Once
3345:            45           1080  com.intellij.util.xml.EvaluatedXmlNameImpl
3346:            45           1080  javax.swing.event.SwingPropertyChangeSupport
3347:            27           1080  org.jetbrains.idea.maven.model.MavenPlugin
3348:            45           1080  org.zeroturnaround.bundled.org.bouncycastle.asn1.ASN1ObjectIdentifier$OidHandle
3349:            67           1072  com.intellij.openapi.roots.impl.LibraryOrderEntryImpl$MyOrderEntryLibraryTableListener
3350:            67           1072  javax.swing.text.html.CSS$CssValue
3351:            67           1072  javax.swing.text.html.CSS$CssValueMapper
3352:            47           1064  [Lcom.intellij.openapi.editor.impl.EditorImpl$CaretRectangle;
3353:            19           1064  com.intellij.lang.java.lexer._JavaDocLexer
3354:            19           1064  sun.java2d.loops.GraphicsPrimitiveProxy
3355:             2           1056  [Ljava.lang.Long;
3356:             2           1056  [Ljava.lang.Short;
3357:            66           1056  com.intellij.codeInsight.intention.impl.IntentionListStep$$Lambda$2751/113203272
3358:            44           1056  com.intellij.codeInspection.ex.GlobalInspectionToolWrapper$1
3359:            66           1056  com.intellij.execution.ExecutorRegistryImpl$ExecutorAction$$Lambda$2116/499025567
3360:            66           1056  com.intellij.html.impl.Html5CustomAttributeDescriptorsProvider$$Lambda$3344/2015849584
3361:             3           1056  com.intellij.ide.projectView.impl.ProjectViewImpl$MyPanel
3362:            44           1056  com.intellij.injected.editor.MarkupModelWindow
3363:            22           1056  com.intellij.jam.reflect.JamMemberMeta
3364:            22           1056  com.intellij.openapi.fileEditor.impl.text.AsyncEditorLoader
3365:            22           1056  com.intellij.openapi.fileEditor.impl.text.PsiAwareTextEditorImpl
3366:            33           1056  com.intellij.openapi.vcs.actions.VcsContextWrapper
3367:            22           1056  com.intellij.openapi.vcs.changes.Change
3368:             3           1056  com.intellij.openapi.wm.impl.status.ProcessPopup$ActiveContent
3369:            44           1056  com.intellij.psi.SyntaxTraverser
3370:            66           1056  com.intellij.psi.impl.source.tree.injected.ListenerWrapperMap
3371:             3           1056  com.intellij.ui.TabbedPaneWrapper$JBTabsFactory$1
3372:            22           1056  com.intellij.ui.TreeExpandableItemsHandler
3373:             3           1056  com.intellij.ui.components.JBLayeredPane
3374:            33           1056  com.intellij.ui.tabs.impl.TabsBorder
3375:            33           1056  com.intellij.ui.tabs.impl.TabsSideSplitter
3376:            66           1056  com.intellij.util.Alarm$Request$1
3377:            22           1056  gnu.trove.TIntDoubleHashMap
3378:            22           1056  java.util.TreeMap$AscendingSubMap
3379:            33           1056  java.util.UUID
3380:            44           1056  java.util.function.BiConsumer$$Lambda$1101/2071318276
3381:            22           1056  javax.swing.plaf.basic.BasicTreeUI$Handler
3382:            44           1056  kotlin.reflect.jvm.internal.KClassImpl$Data$allMembers$2
3383:            44           1056  kotlin.reflect.jvm.internal.KClassImpl$Data$allNonStaticMembers$2
3384:            44           1056  kotlin.reflect.jvm.internal.KClassImpl$Data$allStaticMembers$2
3385:            44           1056  kotlin.reflect.jvm.internal.KClassImpl$Data$annotations$2
3386:            44           1056  kotlin.reflect.jvm.internal.KClassImpl$Data$constructors$2
3387:            44           1056  kotlin.reflect.jvm.internal.KClassImpl$Data$declaredMembers$2
3388:            44           1056  kotlin.reflect.jvm.internal.KClassImpl$Data$declaredNonStaticMembers$2
3389:            44           1056  kotlin.reflect.jvm.internal.KClassImpl$Data$declaredStaticMembers$2
3390:            44           1056  kotlin.reflect.jvm.internal.KClassImpl$Data$descriptor$2
3391:            44           1056  kotlin.reflect.jvm.internal.KClassImpl$Data$inheritedNonStaticMembers$2
3392:            44           1056  kotlin.reflect.jvm.internal.KClassImpl$Data$inheritedStaticMembers$2
3393:            44           1056  kotlin.reflect.jvm.internal.KClassImpl$Data$nestedClasses$2
3394:            44           1056  kotlin.reflect.jvm.internal.KClassImpl$Data$objectInstance$2
3395:            44           1056  kotlin.reflect.jvm.internal.KClassImpl$Data$qualifiedName$2
3396:            44           1056  kotlin.reflect.jvm.internal.KClassImpl$Data$simpleName$2
3397:            44           1056  kotlin.reflect.jvm.internal.KClassImpl$Data$supertypes$2
3398:            44           1056  kotlin.reflect.jvm.internal.KClassImpl$Data$typeParameters$2
3399:            44           1056  kotlin.reflect.jvm.internal.KDeclarationContainerImpl$Data$moduleData$2
3400:            12           1056  org.apache.xerces.impl.XMLEntityManager$ScannedEntity
3401:            66           1056  org.jaxen.expr.DefaultPredicate
3402:            44           1056  org.jetbrains.kotlin.psi.stubs.elements.KtStubElementType$$Lambda$295/1408662709
3403:            44           1056  org.jetbrains.kotlin.storage.LockBasedStorageManager$MapBasedMemoizedFunction
3404:             1           1040  [Lcom.intellij.ui.Gray;
3405:            28           1040  [Ljava.awt.Dimension;
3406:             1           1040  [Ljava.lang.Character$UnicodeBlock;
3407:            29           1040  [Ljavax.swing.text.html.CSS$Attribute;
3408:             1           1040  [Lsun.text.normalizer.UnicodeSet;
3409:            26           1040  com.intellij.lang.javascript.psi.stubs.impl.ES6FieldStatementStubImpl
3410:            65           1040  com.intellij.openapi.wm.impl.content.BaseLabel$1
3411:            65           1040  com.intellij.psi.impl.source.ClassInnerStuffCache$$Lambda$2491/445866233
3412:            65           1040  com.sun.proxy.$Proxy24
3413:            26           1040  java.awt.SystemColor
3414:            26           1040  java.io.ObjectStreamClass$FieldReflector
3415:            13           1040  javax.swing.plaf.basic.BasicMenuItemUI
3416:            13           1040  net.sourceforge.pmd.lang.java.ast.ASTCatchStatement
3417:            13           1040  net.sourceforge.pmd.lang.java.ast.ASTTryStatement
3418:             3           1032  com.intellij.designer.palette.PaletteContainer
3419:            43           1032  com.intellij.ui.SimpleColoredText
3420:             3           1032  com.intellij.ui.components.JBBox
3421:             3           1032  com.intellij.ui.components.panels.VerticalBox
3422:            43           1032  org.intellij.plugins.relaxNG.compact.RncParserDefinition$MyRncElement
3423:            16           1024  com.google.protobuf.CodedInputStream
3424:            16           1024  com.intellij.lang.javascript.psi.impl.JSDoWhileStatementImpl
3425:            32           1024  com.intellij.openapi.editor.impl.FoldRegionsTree$CachedData
3426:            64           1024  com.intellij.psi.codeStyle.PackageEntryTable
3427:            16           1024  com.intellij.psi.impl.source.tree.java.PsiCatchSectionImpl
3428:            16           1024  com.intellij.psi.impl.source.tree.java.PsiTryStatementImpl
3429:            64           1024  com.intellij.psi.search.FileNameIndexServiceImpl$$Lambda$1780/1550357351
3430:            32           1024  com.intellij.util.containers.IntObjectLinkedMap
3431:            64           1024  com.sun.proxy.$Proxy9
3432:            32           1024  org.jetbrains.kotlin.lexer.KtModifierKeywordToken
3433:            39           1008  [Ljavax.management.MBeanOperationInfo;
3434:            42           1008  com.intellij.jpa.model.annotations.mapping.JpaJamContributor$2
3435:            42           1008  com.intellij.lang.javascript.psi.resolve.JSGenericTypesEvaluator$$Lambda$5391/411984537
3436:            18           1008  com.intellij.lang.javascript.psi.stubs.impl.JSImplicitElementImpl$Builder
3437:            42           1008  com.intellij.openapi.util.TraceableDisposable
3438:            42           1008  com.intellij.psi.filters.ClassFilter
3439:            42           1008  com.intellij.util.xml.converters.values.NumberValueConverter
3440:            42           1008  com.intellij.ws.http.request.psi.HttpRequestTokenType
3441:             7           1008  io.netty.buffer.PoolArena$DirectArena
3442:             7           1008  io.netty.buffer.PoolArena$HeapArena
3443:            18           1008  org.apache.xerces.impl.xs.XSDDescription
3444:            14           1008  org.intellij.lang.regexp.RegExpFile
3445:             9           1008  org.jetbrains.idea.maven.navigator.MavenProjectsStructure$PluginNode
3446:            18           1008  org.jetbrains.jps.api.CmdlineRemoteProto$Message
3447:            25           1000  [Lcom.intellij.ide.navigationToolbar.NavBarModelExtension;
3448:            25           1000  com.intellij.openapi.module.impl.scopes.ModuleWithDependenciesScope
3449:            25           1000  com.intellij.psi.css.impl.lexing.CssLexer
3450:            25           1000  org.apache.xerces.impl.xpath.regex.RangeToken
3451:            25           1000  sun.security.ssl.SupportedEllipticCurvesExtension$NamedEllipticCurve
3452:            31            992  com.intellij.openapi.actionSystem.EmptyAction$MyDelegatingAction
3453:            62            992  com.intellij.util.containers.FilteredTraverserBase$1
3454:            62            992  com.intellij.util.indexing.FileBasedIndexImpl$$Lambda$1855/2083113115
3455:            31            992  com.jetbrains.ls.a.s
3456:            31            992  java.awt.GridLayout
3457:            45            984  [Lcom.intellij.openapi.fileEditor.FileEditor;
3458:            41            984  com.intellij.lang.javascript.psi.resolve.JSInheritanceUtil$1
3459:            41            984  com.intellij.psi.impl.source.tree.injected.InjectedLanguageManagerImpl$$Lambda$2211/281527920
3460:            41            984  java.io.PushbackInputStream
3461:             1            976  [Lcom.jediterm.terminal.TerminalColor;
3462:             2            976  com.intellij.execution.actions.RunConfigurationsComboBoxAction$1
3463:             2            976  com.intellij.tasks.actions.SwitchTaskAction$1
3464:            61            976  sun.nio.ch.FileDispatcherImpl
3465:            18            968  [Lcom.intellij.codeInsight.daemon.impl.HighlightInfoFilter;
3466:            10            968  [Lcom.intellij.openapi.wm.impl.WindowInfoImpl;
3467:            15            960  [Lcom.intellij.psi.impl.search.IndexPatternBuilder;
3468:            24            960  com.android.sdklib.repository.generated.addon.v1.AddonDetailsType
3469:            12            960  com.google.common.cache.LocalCache$Segment
3470:            24            960  com.intellij.codeInspection.uncheckedWarnings.UncheckedWarningLocalInspectionBase$1
3471:            24            960  com.intellij.execution.ui.layout.impl.ViewImpl
3472:            20            960  com.intellij.ide.RecentProjectsManagerBase$RecentProjectMetaInfo
3473:            30            960  com.intellij.ide.actions.ActivateToolWindowAction
3474:            40            960  com.intellij.lang.javascript.parsing.FunctionParser$ParseResult
3475:            30            960  com.intellij.lang.javascript.psi.ecma6.impl.TypeScriptTypeParameterConstraintImpl
3476:            30            960  com.intellij.lang.javascript.psi.stubs.impl.JSImplicitElementStructureImpl
3477:            24            960  com.intellij.lexer.MergingLexerAdapter
3478:            24            960  com.intellij.openapi.editor.impl.EditorFilteringMarkupModelEx$MyFilteringIterator
3479:            20            960  com.intellij.openapi.vfs.VirtualFileEvent
3480:            20            960  com.intellij.openapi.wm.ToolWindowEP
3481:            20            960  com.intellij.openapi.wm.impl.Stripe$LayoutData
3482:            24            960  com.intellij.psi.AbstractFileViewProvider$PsiFileContent
3483:            40            960  com.intellij.psi.impl.source.resolve.reference.impl.providers.CustomizingReferenceProvider
3484:            40            960  com.intellij.psi.tree.IElementType
3485:            24            960  com.intellij.spring.boot.run.lifecycle.tabs.RequestMappingsTab$LiveRequestMethodActionGroup$1
3486:            15            960  com.intellij.ui.HintHint
3487:            30            960  com.intellij.util.containers.ConcurrentWeakKeySoftValueHashMap
3488:            24            960  com.sixrr.inspectjs.confusing.PointlessBooleanExpressionJSInspection$PointlessBooleanExpressionVisitor
3489:            60            960  com.sun.proxy.$Proxy50
3490:            30            960  com.zeroturnaround.javarebel.idea.plugin.ui.RebelImage
3491:            30            960  java.security.Provider$EngineDescription
3492:            24            960  javax.management.ObjectName
3493:            40            960  kotlin.text.Regex
3494:            40            960  org.intellij.lang.xpath.XPathElementType
3495:            24            960  org.jetbrains.kotlin.psi.stubs.elements.KtPlaceHolderStubElementType
3496:            40            960  org.jetbrains.plugins.javaFX.fxml.refs.JavaFxLocationReferenceProvider
3497:            30            960  sun.java2d.loops.RenderCache$Entry
3498:            30            960  sun.misc.FloatingDecimal$ASCIIToBinaryBuffer
3499:            17            952  com.intellij.psi.impl.source.tree.java.ImportListElement
3500:            17            952  com.intellij.psi.impl.source.tree.java.PsiForStatementImpl
3501:            17            952  java.awt.image.PixelInterleavedSampleModel
3502:            29            944  [Lcom.intellij.openapi.fileEditor.impl.EditorWithProviderComposite;
3503:            59            944  com.intellij.codeInspection.ex.InspectionToolRegistrar$$Lambda$649/1036955773
3504:             2            944  com.intellij.ui.NonFocusableCheckBox
3505:            39            936  com.intellij.codeInsight.daemon.impl.LocalInspectionsPass$InspectionResult
3506:            39            936  com.intellij.framework.detection.FileContentPattern
3507:            39            936  com.intellij.ide.ui.laf.intellij.WinIntelliJComboBoxUI$3
3508:            39            936  com.intellij.ide.ui.laf.intellij.WinIntelliJComboBoxUI$4
3509:            39            936  com.intellij.ide.ui.laf.intellij.WinIntelliJComboBoxUI$5$2
3510:            39            936  com.intellij.openapi.actionSystem.MouseShortcut
3511:            39            936  com.intellij.patterns.DomElementPattern$Capture
3512:            39            936  com.intellij.util.containers.JBTreeTraverser
3513:            39            936  javax.swing.AncestorNotifier
3514:            39            936  javax.swing.plaf.basic.BasicComboBoxUI$DefaultKeySelectionManager
3515:            13            936  org.apache.log4j.spi.LoggingEvent
3516:            13            936  org.intellij.plugins.intelliLang.inject.config.XmlTagInjection
3517:            38            928  [Lcom.intellij.codeInsight.daemon.impl.analysis.FileHighlightingSetting;
3518:            28            928  [Lcom.intellij.psi.impl.source.resolve.reference.ProviderBinding;
3519:            58            928  com.android.repository.impl.generated.generic.v1.GenericDetailsType
3520:            29            928  com.android.resources.ResourceType
3521:            29            928  com.google.common.collect.RegularImmutableSet
3522:            58            928  com.intellij.codeInsight.daemon.impl.FileStatusMap$$Lambda$1877/5868403
3523:            29            928  com.intellij.debugger.streams.lib.impl.MappingOperation
3524:            58            928  com.intellij.spring.boot.library.SpringBootLibraryUtil$$Lambda$2091/16633643
3525:            29            928  com.intellij.util.containers.Queue
3526:             2            928  javax.swing.JToggleButton
3527:             5            920  com.intellij.ide.ui.laf.darcula.ui.DarculaTabbedPaneUI
3528:             5            920  com.intellij.ui.popup.AbstractPopup
3529:            38            912  [Lorg.jetbrains.kotlin.idea.KotlinLanguage;
3530:            19            912  com.google.gson.internal.bind.ReflectiveTypeAdapterFactory$1
3531:            19            912  com.intellij.lang.java.lexer.JavaDocLexer$AsteriskStripperLexer
3532:            38            912  com.intellij.lang.javascript.psi.types.guard.TypeScriptTypeRelations$$Lambda$2655/788346485
3533:            19            912  com.intellij.lexer.JavaHighlightingLexer
3534:            19            912  com.intellij.lexer.LayeredLexer
3535:            38            912  com.intellij.openapi.actionSystem.Constraints
3536:            57            912  com.intellij.openapi.editor.FoldingGroup
3537:            38            912  com.intellij.openapi.util.NullableLazyValue$1
3538:            38            912  com.intellij.util.containers.SingletonIterator
3539:            38            912  java.net.InetAddress
3540:            38            912  org.editorconfig.plugincomponents.SettingsProviderComponent$$Lambda$1016/1213682700
3541:            57            912  org.jaxen.expr.iter.IterableAttributeAxis
3542:            38            912  sun.util.logging.PlatformLogger
3543:            38            912  sun.util.logging.PlatformLogger$JavaLoggerProxy
3544:            38            904  [Lcom.intellij.jam.reflect.JamMemberMeta;
3545:            38            904  [Ljava.net.URL;
3546:            56            896  com.intellij.codeInsight.AnnotationUtil$$Lambda$2422/931549496
3547:            28            896  com.intellij.codeInsight.daemon.impl.PassExecutorService$$Lambda$1896/2004795242
3548:            16            896  com.intellij.ide.ui.laf.intellij.WinIntelliJRadioButtonUI
3549:            28            896  com.intellij.lang.javascript.psi.stubs.impl.JSElementIndexingDataImpl
3550:            28            896  com.intellij.openapi.wm.impl.content.ContentTabLabel$1
3551:            28            896  com.intellij.openapi.wm.impl.content.ContentTabLabel$2
3552:             7            896  com.intellij.openapi.wm.impl.status.InfoAndProgressPanel$MyInlineProgressIndicator
3553:            56            896  com.intellij.psi.impl.ElementPresentationUtil$$Lambda$1656/501797509
3554:            16            896  com.intellij.psi.impl.source.tree.java.PsiPackageStatementImpl
3555:            28            896  io.netty.channel.ChannelOption
3556:            56            896  javax.accessibility.AccessibleRelationSet
3557:            16            896  org.apache.xerces.impl.xpath.regex.RegularExpression$Context
3558:            16            896  org.jetbrains.idea.maven.utils.MavenMergingUpdateQueue
3559:            14            896  sun.nio.fs.WindowsFileAttributes
3560:            56            896  sun.reflect.generics.tree.TypeVariableSignature
3561:             3            888  [Lcom.intellij.psi.codeStyle.CodeStyleSettingsCustomizable$SpacingOption;
3562:            37            888  com.intellij.framework.library.impl.DownloadableLibraryServiceImpl$1
3563:            37            888  com.intellij.lang.javascript.dialects.JSLanguageFeature
3564:            37            888  com.intellij.openapi.progress.util.AbstractProgressIndicatorExBase$$Lambda$201/1772356773
3565:            37            888  org.jdom.Namespace
3566:            37            888  org.jdom.NamespaceKey
3567:            37            888  org.jetbrains.plugins.haml.psi.HAMLElementType
3568:            55            880  com.intellij.lang.javascript.psi.resolve.JSTypeEvaluator$$Lambda$4385/1276714791
3569:            22            880  com.intellij.lang.javascript.psi.stubs.impl.TypeScriptNumberLiteralTypeStubImpl
3570:            22            880  com.intellij.openapi.fileEditor.impl.EditorTabbedContainer$CloseTab
3571:            22            880  com.intellij.util.ui.ButtonlessScrollBarUI$9
3572:            22            880  com.intellij.util.xmlb.ArrayBinding
3573:            11            880  net.sourceforge.pmd.lang.java.ast.ASTMemberValue
3574:            11            880  net.sourceforge.pmd.lang.java.ast.ASTSingleMemberAnnotation
3575:            22            880  org.jetbrains.idea.maven.plugins.api.MavenPluginDescriptor
3576:            10            880  org.jetbrains.jps.api.CmdlineRemoteProto$Message$BuilderMessage$CompileMessage
3577:            22            880  org.kohsuke.rngom.digested.DDataPattern$Param
3578:            16            872  [Ljava.awt.Color;
3579:            36            864  [Lcom.intellij.codeInspection.XmlSuppressionProvider;
3580:            27            864  com.intellij.codeInsight.daemon.impl.AnnotationHolderImpl
3581:            36            864  com.intellij.codeInsight.editorActions.QuoteHandlerEP$1
3582:            36            864  com.intellij.compiler.CompilerConfigurationImpl$CompiledPattern
3583:            36            864  com.intellij.diagram.DiagramCategory
3584:            36            864  com.intellij.ide.TypeIconEP$1
3585:            27            864  com.intellij.javaee.run.configuration.J2EEConfigurationFactoryImpl$MyConfigurationFactory
3586:            27            864  com.intellij.lang.javascript.psi.impl.JSEmbeddedContentImpl
3587:            27            864  com.intellij.lang.javascript.psi.types.JSIntersectionTypeImpl
3588:            27            864  com.intellij.lang.javascript.psi.types.JSTupleTypeImpl
3589:            36            864  com.intellij.openapi.actionSystem.impl.ActionToolbarImpl$1ToolbarClicksCollectorListener
3590:            27            864  com.intellij.openapi.editor.impl.DefaultEditorTextRepresentationHelper
3591:            27            864  com.intellij.openapi.editor.impl.EditorImpl$CaretCursor
3592:            54            864  com.intellij.openapi.editor.impl.EditorImpl$OpaqueAwareScrollBar$$Lambda$992/870234969
3593:            27            864  com.intellij.openapi.editor.impl.EditorSizeAdjustmentStrategy
3594:            27            864  com.intellij.openapi.editor.impl.softwrap.mapping.SoftWrapApplianceManager$FontTypesStorage
3595:            27            864  com.intellij.openapi.editor.impl.softwrap.mapping.SoftWrapApplianceManager$LogicalLineData
3596:            27            864  com.intellij.openapi.editor.impl.view.EditorPainter
3597:            18            864  com.intellij.openapi.vcs.impl.VcsEP
3598:            36            864  com.intellij.openapi.wm.impl.InternalDecorator$InnerPanelBorder
3599:            36            864  com.intellij.psi.impl.meta.MetaRegistry$MyBinding
3600:            36            864  com.intellij.ui.components.JBViewport$ViewBorder
3601:            27            864  com.intellij.ui.tabs.impl.JBTabsImpl$5
3602:            36            864  git4idea.commands.GitCommand
3603:            36            864  org.apache.xerces.impl.xpath.regex.Token$UnionToken
3604:            36            864  org.apache.xerces.impl.xs.traversers.SmallContainer
3605:            18            864  org.jetbrains.jps.api.CmdlineRemoteProto$Message$UUID
3606:            36            864  sun.awt.SunHints$Value
3607:            27            856  [Ljava.time.format.DateTimeFormatterBuilder$DateTimePrinterParser;
3608:             2            848  com.intellij.ide.actions.SearchEverywhereAction$2
3609:            53            848  com.intellij.util.containers.MostlySingularMultiMap
3610:            53            848  com.siyeh.ig.callMatcher.CallMapper$$Lambda$2456/389016220
3611:            53            848  org.jaxen.expr.DefaultLiteralExpr
3612:            21            840  com.google.common.collect.RegularImmutableMap
3613:            15            840  com.intellij.lang.javascript.JSStringLiteralLexer
3614:            35            840  com.intellij.patterns.PsiClassPattern$7
3615:            35            840  com.intellij.psi.css.inspections.CssInspectionsUtil$1
3616:            35            840  com.intellij.util.messages.impl.Message
3617:            15            840  com.intellij.xdebugger.impl.breakpoints.BreakpointState
3618:            35            840  java.net.InetSocketAddress$InetSocketAddressHolder
3619:            35            840  javax.management.ObjectName$Property
3620:            15            840  javax.management.openmbean.ArrayType
3621:            35            840  org.jetbrains.plugins.scss.SCSSTokenType
3622:            35            840  org.slf4j.impl.Log4jLoggerAdapter
3623:            35            840  sun.font.FontDesignMetrics$MetricsKey
3624:            12            832  [Lio.netty.buffer.PoolThreadCache$MemoryRegionCache;
3625:            52            832  com.intellij.javaee.ejb.EjbUtil$$Lambda$4160/1483125718
3626:            52            832  com.intellij.lang.javascript.psi.JSTypeUtils$$Lambda$4226/1368071864
3627:            52            832  com.intellij.lang.javascript.psi.types.JSTypeImpl$$Lambda$3338/1299968487
3628:            26            832  com.intellij.openapi.actionSystem.Separator
3629:            52            832  com.intellij.openapi.actionSystem.impl.ActionButton$$Lambda$713/1077549291
3630:            52            832  com.intellij.openapi.editor.impl.view.TextLayoutCache$$Lambda$1047/1974901533
3631:            13            832  com.intellij.openapi.ui.JBPopupMenu$MyLayout
3632:            26            832  com.intellij.openapi.util.ActionCallback
3633:            52            832  com.intellij.psi.css.impl.util.completion.PercentageUserLookup
3634:            26            832  com.intellij.psi.impl.compiled.ClsMethodImpl$2
3635:            13            832  com.intellij.psi.impl.java.stubs.LambdaExpressionElementType$1
3636:            26            832  com.intellij.psi.impl.source.resolve.reference.PsiReferenceRegistrarImpl$1
3637:            52            832  com.sixrr.inspectjs.validity.UnreachableCodeJSInspection$Visitor$$Lambda$4199/143462699
3638:            52            832  com.sixrr.inspectjs.validity.UnreachableCodeJSInspection$Visitor$$Lambda$4201/1231994289
3639:            52            832  javax.swing.plaf.basic.BasicPopupMenuUI$BasicPopupMenuListener
3640:             8            832  net.miginfocom.layout.Grid
3641:            34            816  [Lcom.intellij.openapi.vcs.FilePath;
3642:            17            816  com.intellij.ide.navigationToolbar.NavBarPanel$1
3643:            51            816  com.intellij.javascript.nodejs.interpreter.NodeJsInterpreterRef
3644:            17            816  com.intellij.lang.javascript.DialectOptionHolder
3645:            34            816  com.intellij.lang.javascript.documentation.JSDocumentationUtils$1
3646:            51            816  com.intellij.lang.javascript.psi.JSTypeUtils$$Lambda$2778/1644521786
3647:            34            816  com.intellij.openapi.vcs.changes.ChangeListManagerImpl$$Lambda$2041/2130153978
3648:            34            816  com.intellij.openapi.wm.impl.ToolWindowHeader$11
3649:            34            816  com.intellij.openapi.wm.impl.ToolWindowHeader$7
3650:            34            816  com.intellij.openapi.wm.impl.ToolWindowHeader$8
3651:            34            816  com.intellij.openapi.wm.impl.ToolWindowHeader$9
3652:            34            816  com.intellij.openapi.wm.impl.ToolWindowImpl$1
3653:            34            816  com.intellij.openapi.wm.impl.ToolWindowImpl$3
3654:            34            816  com.intellij.openapi.wm.impl.content.ComboContentLayout
3655:            34            816  com.intellij.patterns.ElementPatternCondition
3656:            34            816  com.intellij.patterns.VirtualFilePattern$1
3657:            34            816  com.intellij.psi.PsiPrimitiveType
3658:            51            816  com.intellij.psi.impl.source.resolve.reference.impl.providers.JavaClassReferenceProvider$1
3659:            51            816  com.sun.proxy.$Proxy12
3660:            17            816  java.awt.image.DataBufferByte
3661:            34            816  java.util.stream.DistinctOps$1$2
3662:             2            816  javax.swing.plaf.metal.MetalFileChooserUI$AlignedLabel
3663:            34            816  org.jetbrains.kotlin.protobuf.ExtensionRegistryLite$ObjectIntPair
3664:            17            816  sun.java2d.loops.DrawGlyphList
3665:            17            816  sun.java2d.loops.FillRect
3666:            17            816  sun.util.locale.provider.LocaleResources$ResourceReference
3667:            25            800  [Lcom.intellij.spring.boot.run.update.SpringBootApplicationUpdatePolicy;
3668:            32            800  [Ljava.util.EnumSet;
3669:            20            800  [Ljava.util.Formatter$Flags;
3670:            34            800  [Ljavax.swing.tree.TreePath;
3671:            25            800  com.intellij.codeInsight.daemon.impl.TrafficLightRenderer$DaemonCodeAnalyzerStatus
3672:            20            800  com.intellij.ide.fileTemplates.impl.FTManager
3673:            20            800  com.intellij.lang.java.lexer.JavaLexer
3674:            50            800  com.intellij.lang.javascript.inspections.JSUnusedLocalSymbolsInspection$$Lambda$4211/1020100199
3675:            50            800  com.intellij.lang.javascript.psi.resolve.JSInheritanceUtil$$Lambda$4190/2137938859
3676:            50            800  com.intellij.lang.javascript.search.JSInHtmlReferencesSearcher$$Lambda$4212/134874119
3677:            25            800  com.intellij.packaging.impl.elements.LibraryPackagingElement
3678:            25            800  com.intellij.psi.WeigherExtensionPoint
3679:            50            800  com.intellij.psi.search.SearchSession
3680:            20            800  com.sun.jmx.mbeanserver.MXBeanSupport
3681:            25            800  java.lang.ProcessImpl
3682:            20            800  java.util.Formatter$FormatSpecifier
3683:            20            800  javax.management.MBeanOperationInfo
3684:            50            800  kotlin.reflect.jvm.internal.impl.load.java.typeEnhancement.TypeEnhancementInfo
3685:            20            800  kotlin.reflect.jvm.internal.impl.protobuf.GeneratedMessageLite$GeneratedExtension
3686:            10            800  net.sourceforge.pmd.lang.java.ast.ASTUnaryExpression
3687:            20            800  org.apache.xerces.util.XMLAttributesImpl$Attribute
3688:            10            800  org.intellij.plugins.intelliLang.inject.config.XmlAttributeInjection
3689:            50            800  org.jetbrains.kotlin.load.java.typeEnhancement.TypeEnhancementInfo
3690:            20            800  sun.nio.fs.WindowsException
3691:            36            792  [Lorg.apache.xerces.impl.xs.util.SimpleLocator;
3692:            30            792  [Lorg.jetbrains.kotlin.idea.inspections.NamingRule;
3693:            33            792  com.intellij.codeInsight.daemon.impl.TextEditorHighlightingPassRegistrarImpl$PassConfig
3694:            33            792  com.intellij.openapi.editor.impl.CaretImpl$VerticalInfo
3695:            33            792  com.intellij.openapi.keymap.impl.KeymapManagerImpl$addKeymapManagerListener$1
3696:            33            792  com.intellij.openapi.util.AtomicNotNullLazyValue$1
3697:            33            792  com.intellij.psi.UastPatternAdapter
3698:            33            792  com.intellij.psi.UastPatternAdapter$condition$1
3699:             9            792  com.intellij.psi.formatter.xml.HtmlCodeStyleSettings
3700:            33            792  com.intellij.ui.tabs.impl.DarculaEditorTabsPainter
3701:            33            792  com.intellij.ui.tabs.impl.DefaultEditorTabsPainter
3702:            33            792  com.intellij.ui.tabs.impl.JBTabsImpl$TabActionsAutoHideListener
3703:            33            792  com.intellij.ui.tabs.impl.singleRow.SingleRowLayout$1
3704:            33            792  com.intellij.ui.tabs.impl.singleRow.SingleRowLayoutStrategy$Bottom
3705:            33            792  com.intellij.ui.tabs.impl.singleRow.SingleRowLayoutStrategy$Left
3706:            33            792  com.intellij.ui.tabs.impl.singleRow.SingleRowLayoutStrategy$Right
3707:            33            792  com.intellij.ui.tabs.impl.singleRow.SingleRowLayoutStrategy$Top
3708:            33            792  com.intellij.ui.tabs.impl.table.TableLayout
3709:             9            792  com.jetbrains.plugins.webDeployment.config.PublishConfig$State
3710:            33            792  com.jetbrains.quirksmode.CssDeclarationPattern$1
3711:            33            792  com.jetbrains.quirksmode.HtmlTagPattern$2
3712:            33            792  gnu.trove.THashMap$ValueView
3713:            33            792  io.netty.util.internal.logging.Slf4JLogger
3714:            11            792  java.util.stream.SliceOps$1
3715:            33            792  java.util.zip.ZStreamRef
3716:            33            792  javassist.bytecode.InterfaceMethodrefInfo
3717:            33            792  javax.swing.DefaultComboBoxModel
3718:            33            792  org.jaxen.expr.DefaultEqualsExpr
3719:             9            792  org.jetbrains.plugins.groovy.codeStyle.GroovyCodeStyleSettings
3720:            33            792  org.jetbrains.yaml.YAMLElementType
3721:            28            784  [Lcom.intellij.openapi.util.Condition;
3722:            49            784  [Lcom.intellij.psi.PsiFile;
3723:            33            784  [Lcom.intellij.psi.PsiParameter;
3724:            49            784  com.intellij.lang.javascript.psi.JSElementVisitor
3725:            49            784  com.intellij.lang.javascript.psi.resolve.JSGenericTypesEvaluator$$Lambda$2795/88855097
3726:            49            784  com.intellij.psi.impl.search.PsiAnnotationMethodReferencesSearcher$$Lambda$2744/1276045084
3727:            49            784  com.intellij.uiDesigner.binding.FormReferencesSearcher$$Lambda$2745/911250166
3728:            49            784  java.util.Comparator$$Lambda$30/393478470
3729:            33            776  [Ljava.util.Collection;
3730:            16            768  [Lcom.intellij.lang.javascript.psi.resolve.JSModuleReferenceContributor;
3731:            24            768  com.intellij.codeInsight.daemon.impl.analysis.XmlUnboundNsPrefixInspection$1
3732:            48            768  com.intellij.codeInsight.template.TemplateContextType$$Lambda$547/828992781
3733:            24            768  com.intellij.codeInspection.deprecation.DeprecationInspectionBase$DeprecationElementVisitor
3734:            24            768  com.intellij.codeInspection.miscGenerics.SuspiciousCollectionsMethodCallsInspection$1
3735:            24            768  com.intellij.codeInspection.unused.UnusedPropertyInspection$1
3736:            24            768  com.intellij.codeInspection.unused.UnusedPropertyInspection$UnusedPropertiesSearchHelper
3737:            24            768  com.intellij.codeInspection.visibility.AccessCanBeTightenedInspection$MyVisitor
3738:            24            768  com.intellij.guice.inspections.BindingAnnotationWithoutInjectInspection$Visitor
3739:            24            768  com.intellij.guice.inspections.ConflictingAnnotationsInspection$Visitor
3740:            24            768  com.intellij.guice.inspections.InterceptionAnnotationWithoutRuntimeRetentionInspection$Visitor
3741:            24            768  com.intellij.guice.inspections.InvalidImplementedByInspection$Visitor
3742:            24            768  com.intellij.guice.inspections.InvalidProvidedByInspection$Visitor
3743:            24            768  com.intellij.guice.inspections.InvalidRequestParametersInspection$Visitor
3744:            24            768  com.intellij.guice.inspections.MultipleBindingAnnotationsInspection$Visitor
3745:            24            768  com.intellij.guice.inspections.MultipleInjectedConstructorsForClassInspection$Visitor
3746:            24            768  com.intellij.guice.inspections.PointlessBindingInspection$Visitor
3747:            24            768  com.intellij.guice.inspections.RedundantScopeBindingInspection$Visitor
3748:            24            768  com.intellij.guice.inspections.RedundantToBindingInspection$Visitor
3749:            24            768  com.intellij.guice.inspections.RedundantToProviderBindingInspection$Visitor
3750:            24            768  com.intellij.guice.inspections.SessionScopedInjectsRequestScopedInspection$Visitor
3751:            24            768  com.intellij.guice.inspections.SingletonInjectsScopedInspection$Visitor
3752:            24            768  com.intellij.guice.inspections.UninstantiableBindingInspection$Visitor
3753:            24            768  com.intellij.guice.inspections.UninstantiableImplementedByClassInspection$Visitor
3754:            24            768  com.intellij.guice.inspections.UninstantiableProvidedByClassInspection$Visitor
3755:            24            768  com.intellij.guice.inspections.UnnecessaryStaticInjectionInspection$Visitor
3756:            48            768  com.intellij.ide.navigationToolbar.NavBarPresentation$$Lambda$1497/1933853820
3757:            24            768  com.intellij.lang.javascript.completion.JSLookupPriority
3758:            24            768  com.intellij.lang.javascript.inspections.JSUnusedGlobalSymbolsInspection$MyJSElementVisitor
3759:            24            768  com.intellij.lang.javascript.intentions.ES6ConvertToTemplateStringHelper$Unit
3760:            32            768  com.intellij.lang.javascript.parsing.modifiers.JSModifiersStructureLeaf
3761:            48            768  com.intellij.lang.javascript.psi.resolve.context.JSApplyInstanceContextElement
3762:            16            768  com.intellij.lang.javascript.psi.types.JSTaggedLiteralKeyTypeImpl
3763:            48            768  com.intellij.lexer.BaseHtmlLexer$XmlTagEndHandler
3764:            24            768  com.intellij.openapi.editor.ex.util.SegmentArrayWithData
3765:            12            768  com.intellij.psi.impl.source.tree.java.PsiInstanceOfExpressionImpl
3766:            24            768  com.intellij.psi.util.PsiTreeUtil$2
3767:            32            768  com.intellij.spring.model.actions.patterns.PatternActionAdapter$1
3768:            12            768  com.intellij.sql.injection.SqlTypeBasedInjection
3769:            24            768  com.intellij.struts2.jsp.inspection.HardcodedActionUrlInspection$1
3770:            24            768  com.intellij.ui.tabs.impl.ShapeTransform$Top
3771:            16            768  com.intellij.util.containers.RecentStringInterner$1
3772:            16            768  com.intellij.util.containers.TransferToEDTQueue
3773:            12            768  com.intellij.util.ui.AsyncProcessIcon$ProcessIcon
3774:            32            768  com.intellij.ws.utils.WsReferenceProvidersHelper$MyCustomizingReferenceProvider
3775:            48            768  com.intellij.ws.utils.WsReferenceProvidersHelper$PsiReferenceProviderWrapper
3776:            24            768  com.jetbrains.quirksmode.ProblemDetectorImpl
3777:            24            768  com.sixrr.inspectjs.assignment.SillyAssignmentJSInspection$Visitor
3778:            24            768  com.sixrr.inspectjs.bitwise.IncompatibleMaskJSInspection$IncompatibleMaskVisitor
3779:            24            768  com.sixrr.inspectjs.bitwise.PointlessBitwiseExpressionJSInspection$PointlessBitwiseVisitor
3780:            24            768  com.sixrr.inspectjs.bitwise.ShiftOutOfRangeJSInspection$ShiftOutOfRange
3781:            24            768  com.sixrr.inspectjs.bugs.InfiniteLoopJSInspection$Visitor
3782:            24            768  com.sixrr.inspectjs.bugs.InfiniteRecursionJSInspection$InfiniteRecursionVisitor
3783:            24            768  com.sixrr.inspectjs.confusing.CallerJSInspection$Visitor
3784:            24            768  com.sixrr.inspectjs.confusing.CommaExpressionJSInspection$Visitor
3785:            24            768  com.sixrr.inspectjs.confusing.EmptyStatementBodyJSInspection$EmptyStatementVisitor
3786:            24            768  com.sixrr.inspectjs.confusing.OctalIntegerJSInspection$Visitor
3787:            24            768  com.sixrr.inspectjs.confusing.PointlessArithmeticExpressionJSInspection$PointlessArithmeticVisitor
3788:            24            768  com.sixrr.inspectjs.confusing.WithStatementJSInspection$Visitor
3789:            24            768  com.sixrr.inspectjs.control.ConstantConditionalExpressionJSInspection$ConstantConditionalExpressionVisitor
3790:            24            768  com.sixrr.inspectjs.control.ConstantIfStatementJSInspection$ConstantIfStatementVisitor
3791:            24            768  com.sixrr.inspectjs.control.FallThroughInSwitchStatementJSInspection$Visitor
3792:            24            768  com.sixrr.inspectjs.control.JSTypeOfValuesInspection$1
3793:            24            768  com.sixrr.inspectjs.control.LoopStatementThatDoesntLoopJSInspection$Visitor
3794:            24            768  com.sixrr.inspectjs.control.TrivialConditionalJSInspection$UnnecessaryConditionalExpressionVisitor
3795:            24            768  com.sixrr.inspectjs.control.TrivialIfJSInspection$TrivialIfVisitor
3796:            24            768  com.sixrr.inspectjs.control.UnnecessaryContinueJSInspection$Visitor
3797:            24            768  com.sixrr.inspectjs.control.UnnecessaryLabelJSInspection$UnusedLabelVisitor
3798:            24            768  com.sixrr.inspectjs.control.UnnecessaryLabelOnBreakStatementJSInspection$Visitor
3799:            24            768  com.sixrr.inspectjs.control.UnnecessaryLabelOnContinueStatementJSInspection$Visitor
3800:            24            768  com.sixrr.inspectjs.control.UnnecessaryReturnJSInspection$UnnecessaryReturnVisitor
3801:            24            768  com.sixrr.inspectjs.dataflow.UnnecessaryLocalVariableJSInspectionBase$UnnecessaryLocalVariableVisitor
3802:            24            768  com.sixrr.inspectjs.exception.ContinueOrBreakFromFinallyBlockJSInspection$Visitor
3803:            24            768  com.sixrr.inspectjs.exception.ExceptionCaughtLocallyJSInspection$Visitor
3804:            24            768  com.sixrr.inspectjs.exception.ReturnFromFinallyBlockJSInspection$Visitor
3805:            24            768  com.sixrr.inspectjs.exception.ThrowFromFinallyBlockJSInspection$Visitor
3806:            48            768  com.sixrr.inspectjs.utils.BinaryOperatorUtils$OperatorProperties
3807:            24            768  com.sixrr.inspectjs.validity.BadExpressionStatementJSInspection$Visitor
3808:            24            768  com.sixrr.inspectjs.validity.DuplicateCaseLabelJSInspection$Visitor
3809:            24            768  com.sixrr.inspectjs.validity.ReservedWordUsedAsNameJSInspection$ReservedWordAsNameVisitor
3810:            24            768  com.sixrr.inspectjs.validity.ThisExpressionReferencesGlobalObjectJSInspection$Visitor
3811:            24            768  com.sixrr.inspectjs.validity.UnreachableCodeJSInspection$Visitor
3812:            24            768  com.siyeh.ig.bitwise.PointlessBitwiseExpressionInspection$PointlessBitwiseVisitor
3813:            24            768  com.siyeh.ig.bugs.EmptyStatementBodyInspection$EmptyStatementVisitor
3814:            24            768  com.siyeh.ig.bugs.EqualsBetweenInconvertibleTypesInspection$EqualsBetweenInconvertibleTypesVisitor
3815:            24            768  com.siyeh.ig.bugs.EqualsOnSuspiciousObjectInspection$1
3816:            24            768  com.siyeh.ig.bugs.IgnoreResultOfCallInspectionBase$IgnoreResultOfCallVisitor
3817:            24            768  com.siyeh.ig.bugs.MalformedFormatStringInspectionBase$MalformedFormatStringVisitor
3818:            24            768  com.siyeh.ig.cloneable.CloneDeclaresCloneNotSupportedInspection$CloneDeclaresCloneNotSupportedExceptionVisitor
3819:            24            768  com.siyeh.ig.controlflow.LoopConditionNotUpdatedInsideLoopInspection$LoopConditionNotUpdatedInsideLoopVisitor
3820:            24            768  com.siyeh.ig.controlflow.PointlessBooleanExpressionInspection$PointlessBooleanExpressionVisitor
3821:            24            768  com.siyeh.ig.controlflow.PointlessNullCheckInspection$PointlessNullCheckVisitor
3822:            24            768  com.siyeh.ig.controlflow.UnnecessaryContinueInspection$UnnecessaryContinueVisitor
3823:            24            768  com.siyeh.ig.controlflow.UnnecessaryReturnInspection$UnnecessaryReturnVisitor
3824:            24            768  com.siyeh.ig.dataflow.UnnecessaryLocalVariableInspectionBase$UnnecessaryLocalVariableVisitor
3825:            24            768  com.siyeh.ig.errorhandling.ThrowFromFinallyBlockInspection$ThrowFromFinallyBlockVisitor
3826:            24            768  com.siyeh.ig.inheritance.RefusedBequestInspectionBase$RefusedBequestVisitor
3827:            24            768  com.siyeh.ig.junit.JUnit5PlatformInspection$1
3828:            24            768  com.siyeh.ig.memory.UnnecessaryEmptyArrayUsageInspection$1
3829:            24            768  com.siyeh.ig.migration.ForCanBeForeachInspectionBase$ForCanBeForeachVisitor
3830:            24            768  com.siyeh.ig.migration.IfCanBeSwitchInspection$IfCanBeSwitchVisitor
3831:            24            768  com.siyeh.ig.migration.UnnecessaryBoxingInspection$UnnecessaryBoxingVisitor
3832:            24            768  com.siyeh.ig.migration.UnnecessaryUnboxingInspection$UnnecessaryUnboxingVisitor
3833:            24            768  com.siyeh.ig.numeric.CachedNumberConstructorCallInspection$LongConstructorVisitor
3834:            24            768  com.siyeh.ig.numeric.PointlessArithmeticExpressionInspection$PointlessArithmeticVisitor
3835:            24            768  com.siyeh.ig.performance.StringConstructorInspection$StringConstructorVisitor
3836:            24            768  com.siyeh.ig.performance.ToArrayCallWithZeroLengthArrayArgumentInspection$1
3837:            24            768  com.siyeh.ig.threading.SynchronizationOnLocalVariableOrMethodParameterInspection$SynchronizationOnLocalVariableVisitor
3838:            24            768  com.siyeh.ig.threading.WhileLoopSpinsOnFieldInspection$WhileLoopSpinsOnFieldVisitor
3839:            32            768  com.sun.jmx.mbeanserver.DefaultMXBeanMappingFactory$IdentityMapping
3840:            24            768  com.sun.jna.Library$Handler$FunctionInfo
3841:            32            768  de.plushnikov.intellij.plugin.provider.LombokAugmentProvider$FieldLombokCachedValueProvider
3842:            24            768  java.awt.geom.Path2D$Float$TxIterator
3843:            24            768  java.util.TreeMap$EntryIterator
3844:            24            768  net.miginfocom.layout.BoundSize
3845:            24            768  net.miginfocom.layout.Grid$Cell
3846:            24            768  org.intellij.lang.regexp.inspection.RepeatedSpaceInspection$RepeatedSpaceVisitor
3847:            32            768  org.jaxen.expr.DefaultFunctionCallExpr
3848:            16            768  org.jetbrains.jps.api.CmdlineRemoteProto$Message$BuilderMessage
3849:            12            768  org.jetbrains.kotlin.builtins.BuiltInsPackageFragmentImpl
3850:            32            768  org.jetbrains.kotlin.diagnostics.DiagnosticFactory3
3851:            24            768  org.jetbrains.kotlin.idea.inspections.KotlinRedundantOverrideInspection$buildVisitor$1
3852:            24            768  org.jetbrains.kotlin.idea.inspections.NullableBooleanElvisInspection$buildVisitor$1
3853:            24            768  org.jetbrains.kotlin.idea.inspections.RedundantSamConstructorInspection$buildVisitor$1
3854:            24            768  org.jetbrains.kotlin.idea.inspections.gradle.DifferentKotlinGradleVersionInspection$MyVisitor
3855:            24            768  org.jetbrains.kotlin.idea.inspections.gradle.DifferentStdlibGradleVersionInspection$MyVisitor
3856:            48            768  org.jetbrains.kotlin.psi.VisitorWrappersKt$classOrObjectVisitor$1
3857:            48            768  org.jetbrains.kotlin.psi.VisitorWrappersKt$lambdaExpressionVisitor$1
3858:            48            768  org.jetbrains.kotlin.psi.VisitorWrappersKt$parameterVisitor$1
3859:            48            768  org.jetbrains.kotlin.psi.VisitorWrappersKt$prefixExpressionVisitor$1
3860:            48            768  org.jetbrains.kotlin.psi.VisitorWrappersKt$propertyAccessorVisitor$1
3861:            48            768  org.jetbrains.kotlin.psi.VisitorWrappersKt$whenExpressionVisitor$1
3862:            16            768  org.jetbrains.kotlin.serialization.deserialization.DeserializationContext
3863:            24            768  org.jetbrains.plugins.grails.i18n.GrailsI18nInspection$3
3864:            24            768  org.jetbrains.plugins.groovy.codeInspection.bugs.GroovyDocCheckInspection$1
3865:            24            768  org.jetbrains.plugins.groovy.codeInspection.bugs.NewInstanceOfSingletonInspection$1
3866:            24            768  org.jetbrains.plugins.groovy.codeInspection.changeToOperator.ChangeToOperatorInspection$1
3867:            24            768  org.jetbrains.plugins.groovy.codeInspection.confusing.ClashingTraitMethodsInspectionBase$1
3868:            24            768  org.jetbrains.plugins.groovy.codeInspection.confusing.DelegatesToInspection$1
3869:            24            768  org.jetbrains.plugins.groovy.codeInspection.confusing.GrDeprecatedAPIUsageInspection$1
3870:            24            768  org.jetbrains.plugins.groovy.codeInspection.confusing.GrPackageInspection$1
3871:            24            768  org.jetbrains.plugins.groovy.codeInspection.confusing.GrReassignedInClosureLocalVarInspection$1
3872:            24            768  org.jetbrains.plugins.groovy.codeInspection.confusing.GroovyPointlessBooleanInspection$PointlessBooleanExpressionVisitor
3873:            24            768  org.jetbrains.plugins.groovy.codeInspection.confusing.UnnecessaryQualifiedReferenceInspection$1
3874:            24            768  org.jetbrains.plugins.groovy.codeInspection.control.finalVar.GrFinalVariableAccessInspection$1
3875:            24            768  org.jetbrains.plugins.groovy.codeInspection.declaration.GrMethodMayBeStaticInspection$1
3876:            24            768  org.jetbrains.plugins.groovy.codeInspection.resources.TypeCustomizerInspection$1
3877:            24            768  org.jetbrains.plugins.groovy.lang.groovydoc.lexer.GroovyDocElementTypeImpl
3878:            24            768  sun.font.EAttribute
3879:            16            768  sun.java2d.loops.DrawLine
3880:            16            768  sun.java2d.loops.DrawPath
3881:            16            768  sun.java2d.loops.DrawPolygons
3882:            16            768  sun.java2d.loops.DrawRect
3883:            16            768  sun.java2d.loops.FillPath
3884:            16            768  sun.java2d.loops.FillSpans
3885:            24            768  sun.security.x509.OIDMap$OIDInfo
3886:            19            760  com.intellij.lang.java.lexer.JavaDocLexer
3887:            19            760  com.intellij.util.containers.JBIterable$FlattenFun$FlattenIt
3888:            47            752  com.intellij.execution.junit.JUnitUtil$$Lambda$2485/1813213072
3889:             2            752  com.intellij.ide.actions.SearchEverywhereAction$1
3890:             2            752  com.intellij.openapi.wm.impl.status.IdeStatusBarImpl$TextPresentationWrapper
3891:            47            752  com.sun.proxy.$Proxy111
3892:             2            752  javax.swing.JTabbedPane
3893:            47            752  org.jetbrains.android.AndroidColorAnnotator
3894:            31            744  com.intellij.execution.runners.ExecutionUtil$2
3895:            31            744  com.intellij.lang.annotation.AnnotationSession
3896:            31            744  com.intellij.lang.javascript.ecmascript6.TypeScriptCallExpressionResolver
3897:            31            744  com.intellij.openapi.updateSettings.impl.ButtonInfo
3898:            31            744  com.intellij.openapi.util.NotNullLazyKey
3899:            31            744  com.intellij.patterns.PsiJavaPatterns$2
3900:            31            744  com.intellij.patterns.PsiMethodPattern$4
3901:            31            744  com.intellij.patterns.PsiModifierListOwnerPattern$2
3902:            31            744  java.io.ObjectStreamClass$ClassDataSlot
3903:            31            744  java.util.regex.Pattern$Bound
3904:            31            744  kotlin.reflect.jvm.internal.impl.serialization.Flags$BooleanFlagField
3905:            31            744  org.jetbrains.kotlin.serialization.Flags$BooleanFlagField
3906:            31            744  org.jetbrains.kotlin.storage.LockBasedStorageManager$MapBasedMemoizedFunctionToNotNull
3907:            23            736  [Lcom.intellij.codeInsight.daemon.impl.analysis.DefaultHighlightingSettingProvider;
3908:            31            736  [Lcom.intellij.lang.javascript.psi.ecma6.TypeScriptType;
3909:            13            736  [Ljava.beans.PropertyDescriptor;
3910:            23            736  com.intellij.lang.javascript.psi.jsdoc.impl.JSDocReference
3911:            46            736  com.intellij.patterns.PsiFieldPattern$1
3912:            23            736  com.intellij.psi.impl.smartPointers.InjectedSelfElementInfo$AffixOffsets
3913:            46            736  com.intellij.psi.impl.source.ClassInnerStuffCache$$Lambda$2763/1600530107
3914:            23            736  com.intellij.sql.psi.stubs.SqlAlterStatementStubElementType
3915:            23            736  com.intellij.util.containers.WeakKeyIntValueHashMap$MyReference
3916:            23            736  sun.management.MappedMXBeanType$BasicMXBeanType
3917:            13            728  com.intellij.facet.ui.FacetDependentToolWindow
3918:            13            728  com.intellij.psi.css.impl.util.table.CssStringPropertyValue
3919:            13            728  org.jetbrains.kotlin.serialization.ProtoBuf$Package
3920:            13            728  org.jetbrains.kotlin.serialization.ProtoBuf$PackageFragment
3921:             7            728  org.jetbrains.kotlin.serialization.deserialization.descriptors.DeserializedClassDescriptor
3922:             5            720  [Lcom.intellij.psi.codeStyle.CodeStyleSettingsProvider;
3923:             1            720  [Lcom.intellij.xml.util.ColorSampleLookupValue;
3924:             2            720  [Lcom.sun.java.swing.plaf.windows.TMSchema$Part;
3925:            18            720  com.intellij.codeInsight.completion.PrioritizedLookupElement
3926:            45            720  com.intellij.codeInsight.daemon.impl.analysis.XmlNamespaceAnnotator
3927:            45            720  com.intellij.codeInsight.daemon.impl.analysis.XmlNsPrefixAnnotator
3928:            45            720  com.intellij.codeInspection.htmlInspections.XmlWrongClosingTagNameInspection
3929:            30            720  com.intellij.codeInspection.javaDoc.JavaDocLocalInspection$AddUnknownTagToCustoms
3930:            30            720  com.intellij.codeInspection.javaDoc.JavaDocLocalInspectionBase$Options
3931:            15            720  com.intellij.configurationStore.StateStorageManagerImpl$MyDirectoryStorage
3932:            30            720  com.intellij.ide.actions.ToggleToolbarAction$1
3933:            30            720  com.intellij.javascript.testFramework.AbstractTestFileStructureBuilder$$Lambda$2082/1577303698
3934:            45            720  com.intellij.jsf.FacesXmlAnnotator
3935:            15            720  com.intellij.lang.ecmascript6.psi.impl.JSModuleImportPathBuilder
3936:            15            720  com.intellij.lang.javascript.buildTools.npm.rc.NpmRunSettings
3937:            45            720  com.intellij.lang.javascript.frameworks.react.JSXLanguageLevelAnnotator
3938:            15            720  com.intellij.lang.javascript.psi.stubs.impl.TypeScriptTypePredicateStubImpl
3939:            45            720  com.intellij.lang.javascript.validation.JSAnnotator
3940:            18            720  com.intellij.lang.properties.psi.impl.PropertyKeyImpl
3941:            18            720  com.intellij.lang.properties.psi.impl.PropertyValueImpl
3942:            18            720  com.intellij.openapi.editor.impl.FontInfo
3943:            15            720  com.intellij.openapi.externalSystem.model.execution.ExternalSystemTaskExecutionSettings
3944:             2            720  com.intellij.openapi.ui.TextFieldWithBrowseButton
3945:            15            720  com.intellij.openapi.updateSettings.impl.BuildInfo
3946:            30            720  com.intellij.openapi.util.JDOMExternalizableStringList
3947:            30            720  com.intellij.openapi.wm.impl.ToolWindowManagerImpl$$Lambda$746/565434918
3948:             2            720  com.intellij.openapi.wm.impl.status.InlineProgressIndicator$MyComponent
3949:            30            720  com.intellij.psi.css.CssMinifiedFilesFilter$$Lambda$4204/1661948189
3950:            45            720  com.intellij.psi.css.browse.CssColorAnnotator
3951:            45            720  com.intellij.psi.css.impl.util.CssHighlightingAnnotator
3952:            30            720  com.intellij.refactoring.ui.TypeSelector$PsiTypeItem
3953:            30            720  com.intellij.spring.impl.SpringLocalModelFactoryImpl$$Lambda$2537/565853923
3954:            30            720  com.intellij.spring.impl.SpringLocalModelFactoryImpl$$Lambda$2539/1194852095
3955:            15            720  com.intellij.spring.model.custom.CustomComponentsDiscovererHelper$CustomComponentDiscovererBeansModel
3956:            45            720  com.intellij.spring.webflow.navigation.WebflowIdentifiedAnnotator
3957:            45            720  com.intellij.spring.ws.annotators.SpringWebServiceDispatcherServletGutterAnnotator
3958:            45            720  com.intellij.struts.highlighting.syntax.StrutsSyntaxAnnotator
3959:            45            720  com.intellij.struts.highlighting.syntax.TilesSyntaxAnnotator
3960:            45            720  com.intellij.struts.highlighting.syntax.ValidatorSyntaxAnnotator
3961:            45            720  com.intellij.struts2.annotators.StrutsFileSetCheckingAnnotator
3962:             9            720  com.intellij.ui.tabs.impl.DragHelper
3963:            30            720  com.intellij.util.io.FinalizationRequest
3964:            45            720  com.intellij.util.xml.impl.DefaultDomAnnotator
3965:            30            720  com.jediterm.terminal.model.CharBuffer
3966:            15            720  java.lang.management.PlatformComponent
3967:            10            720  javax.swing.JSpinner$NumberEditorFormatter
3968:             9            720  net.sourceforge.pmd.lang.java.ast.ASTArrayDimsAndInits
3969:             9            720  net.sourceforge.pmd.lang.java.ast.ASTWhileStatement
3970:            45            720  org.intellij.lang.xpath.xslt.validation.XsltXmlAnnotator
3971:            45            720  org.jetbrains.idea.maven.dom.annotator.MavenDomGutterAnnotator
3972:            10            720  org.jetbrains.kotlin.idea.core.formatter.KotlinCodeStyleSettings
3973:            45            720  org.jetbrains.plugins.javaFX.fxml.refs.JavaFxAnnotator
3974:            45            720  org.jetbrains.plugins.less.annotator.LessErrorsAnnotator
3975:            45            720  org.jetbrains.plugins.scss.annotator.SassScssAnnotator
3976:            18            720  sun.awt.image.ByteArrayImageSource
3977:            15            720  sun.java2d.loops.Blit$GeneralMaskBlit
3978:            18            720  sun.management.DiagnosticCommandArgumentInfo
3979:            22            704  [Lcom.intellij.psi.augment.PsiAugmentProvider;
3980:            22            704  com.intellij.codeInsight.daemon.impl.LocalInspectionsPass$4
3981:            44            704  com.intellij.codeInsight.folding.impl.EditorFoldingInfo
3982:            22            704  com.intellij.codeInsight.folding.impl.FoldingUpdate$$Lambda$2828/1747459587
3983:             8            704  com.intellij.execution.junit.JUnitConfiguration$Data
3984:             2            704  com.intellij.guice.model.renderers.GuiceBindingClassPsiElementListCellRenderer
3985:            22            704  com.intellij.lang.javascript.psi.ecma6.impl.TypeScriptIndexedAccessTypeImpl
3986:            22            704  com.intellij.openapi.extensions.KeyedFactoryEPBean
3987:            22            704  com.intellij.openapi.fileEditor.impl.EditorComposite$2
3988:            22            704  com.intellij.psi.impl.source.resolve.reference.impl.providers.JavaClassReferenceProvider
3989:            22            704  com.intellij.psi.impl.source.tree.injected.CaretModelWindow
3990:            22            704  com.intellij.spring.model.actions.GenerateSpringDomElementAction
3991:            44            704  com.intellij.ui.AbstractExpandableItemsHandler$2
3992:            44            704  com.intellij.ui.AbstractExpandableItemsHandler$3
3993:            44            704  com.intellij.ui.AbstractExpandableItemsHandler$4
3994:            44            704  com.intellij.ui.AbstractExpandableItemsHandler$5
3995:            44            704  com.intellij.ui.AbstractExpandableItemsHandler$6
3996:            44            704  com.intellij.ui.AbstractExpandableItemsHandler$7
3997:            11            704  com.intellij.ui.components.TextComponentEmptyText
3998:            22            704  com.intellij.ui.paint.EffectPainter$Cached$$Lambda$3361/868394024
3999:            44            704  com.intellij.ui.popup.MovablePopup$$Lambda$490/1167516396
4000:            44            704  com.intellij.util.ui.AnimatedIcon$2
4001:            22            704  com.intellij.util.ui.tree.WideSelectionTreeUI$2
4002:            22            704  com.intellij.util.ui.tree.WideSelectionTreeUI$3
4003:            22            704  com.intellij.xml.breadcrumbs.BreadcrumbsXmlWrapper$MyUpdate
4004:             8            704  com.sun.xml.internal.bind.v2.model.impl.RuntimeElementInfoImpl
4005:             8            704  com.theoryinpractice.testng.model.TestData
4006:            22            704  git4idea.GitContentRevision
4007:            22            704  java.lang.reflect.WeakCache$CacheKey
4008:            22            704  java.util.TreeMap$AscendingSubMap$AscendingEntrySetView
4009:            11            704  kotlin.reflect.jvm.internal.KProperty0Impl
4010:             8            704  net.miginfocom.swing.MigLayout
4011:             8            704  net.sourceforge.pmd.lang.java.ast.ASTBooleanLiteral
4012:            22            704  org.jaxen.BaseXPath
4013:            22            704  org.jaxen.ContextSupport
4014:             3            696  [Lcom.intellij.ui.EditorNotifications$Provider;
4015:            29            696  com.google.gson.reflect.TypeToken
4016:            29            696  com.intellij.velocity.psi.VtlTokenType
4017:            29            696  com.jediterm.terminal.model.TerminalLine$TextEntry
4018:            29            696  com.sun.xml.internal.bind.v2.runtime.property.ArrayERProperty$ReceiverImpl
4019:            29            696  java.util.Vector$1
4020:            29            696  javax.accessibility.AccessibleState
4021:            29            696  kotlin.reflect.jvm.internal.impl.storage.LockBasedStorageManager$LockBasedNotNullLazyValue
4022:            29            696  org.jetbrains.kotlin.resolve.scopes.LexicalScopeKind
4023:            29            696  org.jetbrains.plugins.cucumber.psi.GherkinElementType
4024:             2            688  [Lcom.intellij.codeInsight.editorActions.ExtendWordSelectionHandler;
4025:            43            688  com.intellij.openapi.util.Conditions$1
4026:             2            688  javax.swing.Box
4027:            27            680  [Lcom.intellij.openapi.util.Pair;
4028:            17            680  com.android.flags.Flag
4029:            17            680  com.intellij.formatting.SpacingImpl
4030:            17            680  java.lang.ClassLoader$NativeLibrary
4031:            21            672  [Lcom.intellij.openapi.vcs.changes.IgnoredFileProvider;
4032:            42            672  com.intellij.compiler.impl.FileProcessingCompilerAdapterTask
4033:            21            672  com.intellij.debugger.streams.lib.impl.FlatMappingOperation
4034:            14            672  com.intellij.jam.reflect.JamFieldMeta
4035:            14            672  com.intellij.lang.javascript.buildTools.npm.rc.NpmRunSettings$Builder
4036:            28            672  com.intellij.lang.javascript.documentation.JSDocumentationUtils$JSTagToParameterMap
4037:            42            672  com.intellij.lang.javascript.inspections.JSIgnoredPromiseFromCallInspection$$Lambda$5399/2038980798
4038:            42            672  com.intellij.lang.javascript.psi.JSTypeUtils$$Lambda$5394/1101748939
4039:            42            672  com.intellij.lang.javascript.psi.resolve.JSGenericTypesEvaluator$$Lambda$5392/281156862
4040:            42            672  com.intellij.lang.javascript.psi.resolve.JSGenericTypesEvaluator$$Lambda$5393/2066955989
4041:            42            672  com.intellij.lang.typescript.resolve.TypeScriptGenericTypesEvaluator$$Lambda$5389/1872129380
4042:            21            672  com.intellij.openapi.ui.GraphicsConfig
4043:             7            672  com.intellij.openapi.wm.impl.status.InfoAndProgressPanel$MyInlineProgressIndicator$1
4044:            28            672  com.intellij.patterns.DomPatterns$1
4045:            28            672  com.intellij.patterns.PsiBinaryExpressionPattern
4046:            28            672  com.intellij.patterns.XmlElementPattern$Capture
4047:            21            672  com.intellij.psi.css.impl.CssAttributeImpl
4048:            14            672  com.intellij.psi.css.impl.util.CssHighlighterLexer
4049:            28            672  com.intellij.psi.css.impl.util.completion.UriUserLookup
4050:            28            672  com.intellij.terminal.JBTerminalPanel$$Lambda$5559/1727668871
4051:            21            672  com.intellij.ui.SpeedSearchBase$4
4052:            12            672  com.intellij.ui.TreeSpeedSearch
4053:            28            672  com.intellij.ui.classFilter.ClassFilter
4054:            12            672  com.intellij.ui.components.JBList$1
4055:            12            672  com.intellij.ui.tabs.impl.JBTabsImpl$AccessibleTabPage
4056:            21            672  com.intellij.util.xml.reflect.DomExtenderEP
4057:            28            672  com.intellij.vcs.log.impl.HashImpl
4058:            28            672  com.intellij.ws.http.request.psi.HttpRequestElementType
4059:            14            672  com.rover12421.exTENdS.exTENdS.ThrOWS.PrIVatE
4060:            21            672  com.sun.jmx.mbeanserver.WeakIdentityHashMap$IdentityWeakReference
4061:            28            672  com.sun.jna.Pointer
4062:            21            672  com.sun.tools.javac.code.Lint$LintCategory
4063:            12            672  com.sun.xml.internal.bind.v2.runtime.ElementBeanInfoImpl
4064:            28            672  gnu.trove.ToObjectArrayProcedure
4065:            28            672  gnu.trove.decorator.TIntObjectHashMapDecorator
4066:            14            672  java.awt.ImageMediaEntry
4067:            21            672  java.security.AlgorithmParameters
4068:            14            672  java.text.ChoiceFormat
4069:            21            672  java.util.PropertyPermission
4070:            14            672  java.util.concurrent.ArrayBlockingQueue
4071:            21            672  javax.imageio.spi.DigraphNode
4072:            14            672  javax.swing.text.AbstractDocument$DefaultDocumentEvent
4073:            28            672  kotlin.reflect.jvm.internal.impl.load.java.typeEnhancement.PredefinedFunctionEnhancementInfo
4074:            21            672  org.jetbrains.idea.maven.utils.MavenPluginInfo
4075:            28            672  org.jetbrains.kotlin.load.java.typeEnhancement.PredefinedFunctionEnhancementInfo
4076:            14            672  sun.java2d.loops.TransformHelper
4077:            12            672  sun.security.ssl.CipherSuite$BulkCipher
4078:             1            664  [Lcom.intellij.codeInsight.completion.CompletionContributorEP;
4079:            28            664  [Lcom.intellij.execution.configurations.ConfigurationFactory;
4080:            20            656  [Lorg.jetbrains.idea.maven.plugins.api.MavenPluginDescriptor$Param;
4081:            41            656  com.intellij.debugger.streams.resolve.FilterResolver
4082:            41            656  com.intellij.util.containers.hash.HashMap$EntrySet
4083:            41            656  com.intellij.util.io.PagedFileStorage$StorageLock$2
4084:            41            656  com.siyeh.ig.callMatcher.CallMatcher$1
4085:            41            656  javax.swing.plaf.basic.BasicTreeUI$Actions
4086:            27            648  com.android.sdklib.repository.generated.repository.v1.PlatformDetailsType
4087:            27            648  com.intellij.codeInsight.folding.impl.UpdateFoldRegionsOperation$FoldingMap
4088:             9            648  com.intellij.codeInsight.intention.impl.IntentionHintComponent$MyComponentHint
4089:            27            648  com.intellij.javaee.oss.descriptor.JavaeeDescriptor$1
4090:             9            648  com.intellij.lang.javascript.psi.impl.JSContinueStatementImpl
4091:            27            648  com.intellij.lang.javascript.psi.resolve.JSTypeEvaluator$$Lambda$2797/820355763
4092:            27            648  com.intellij.openapi.editor.impl.DefaultEditorTextRepresentationHelper$Key
4093:            27            648  com.intellij.openapi.editor.impl.EditorComponentImpl$EditorAccessibilityDocument
4094:            27            648  com.intellij.openapi.editor.impl.EditorFilteringMarkupModelEx
4095:            27            648  com.intellij.openapi.editor.impl.EditorImpl$$Lambda$1005/806746547
4096:            27            648  com.intellij.openapi.editor.impl.EditorImpl$2
4097:            27            648  com.intellij.openapi.editor.impl.EditorImpl$MyTransferHandler
4098:            27            648  com.intellij.openapi.editor.impl.FoldingModelImpl$1
4099:            27            648  com.intellij.openapi.editor.impl.ImmediatePainter
4100:            27            648  com.intellij.openapi.editor.impl.IndentsModelImpl
4101:            27            648  com.intellij.openapi.editor.impl.ScrollingModelImpl$2
4102:            27            648  com.intellij.openapi.editor.impl.SelectionModelImpl
4103:            27            648  com.intellij.openapi.editor.impl.softwrap.CompositeSoftWrapPainter
4104:            27            648  com.intellij.openapi.editor.impl.softwrap.SoftWrapsStorage
4105:            27            648  com.intellij.openapi.editor.impl.softwrap.mapping.CachingSoftWrapDataMapper
4106:            27            648  com.intellij.openapi.editor.impl.softwrap.mapping.SoftWrapApplianceManager$PrimitiveIntMap
4107:            27            648  com.intellij.openapi.editor.impl.softwrap.mapping.SoftWrapApplianceManager$WidthsStorage
4108:            27            648  com.intellij.openapi.editor.impl.view.EditorCoordinateMapper
4109:            27            648  com.intellij.openapi.editor.impl.view.TabFragment
4110:            27            648  com.intellij.openapi.options.ConfigurableEP$ClassProducer
4111:            27            648  com.intellij.openapi.util.MutualMap
4112:            27            648  com.intellij.util.containers.WeakHashSet
4113:             9            648  io.netty.channel.DefaultChannelPipeline$HeadContext
4114:             9            648  io.netty.channel.DefaultChannelPipeline$TailContext
4115:            27            648  java.awt.CardLayout$Card
4116:            27            648  java.time.format.DateTimeFormatterBuilder$CompositePrinterParser
4117:             9            648  java.util.concurrent.ScheduledThreadPoolExecutor$ScheduledFutureTask
4118:            27            648  org.jetbrains.idea.maven.model.MavenId
4119:            27            648  org.jetbrains.kotlin.utils.SmartList
4120:            16            640  [Lnet.miginfocom.layout.ResizeConstraint;
4121:            16            640  com.intellij.codeInsight.daemon.impl.DefaultHighlightVisitor
4122:            20            640  com.intellij.codeInsight.daemon.impl.analysis.HighlightUtil$Feature
4123:            20            640  com.intellij.codeInsight.folding.impl.DocumentFoldingInfo
4124:             8            640  com.intellij.find.SearchTextArea$1
4125:            20            640  com.intellij.lang.javascript.psi.ecma6.impl.TypeScriptTypeOperatorTypeImpl
4126:            10            640  com.intellij.lang.javascript.psi.impl.JSTextReference$1
4127:            10            640  com.intellij.openapi.keymap.impl.DefaultKeymapImpl
4128:            40            640  com.intellij.openapi.ui.OnePixelDivider$MyMouseAdapter
4129:            16            640  com.intellij.openapi.vcs.configurable.VcsOptionsTopHitProvider$1
4130:            40            640  com.intellij.play.references.PlayPathViewsPsiReferenceProvider
4131:            20            640  com.intellij.psi.css.CssAttributeDescriptorsProvider$1
4132:            10            640  com.intellij.spring.boot.model.autoconfigure.conditions.jam.ConditionalOnBean$$EnhancerByJetBrainsMainCglib$$1b45eda8
4133:            10            640  com.intellij.spring.gutter.groups.SpringRelatedMergeableLineMarkerInfo
4134:            10            640  com.intellij.spring.model.jam.SpringOrder$$EnhancerByJetBrainsMainCglib$$f030032d
4135:            20            640  com.intellij.sql.psi.SqlDbElementType
4136:            20            640  com.intellij.util.io.BaseInputStreamReader
4137:            40            640  com.intellij.util.io.ReadWriteDirectBufferWrapper$FileContext
4138:            20            640  com.sun.java.swing.plaf.windows.TMSchema$Prop
4139:            40            640  com.sun.proxy.$Proxy99
4140:            10            640  java.security.SecureRandom
4141:            16            640  javax.swing.GrayFilter
4142:            20            640  javax.swing.TimerQueue$DelayedTimer
4143:             8            640  javax.swing.text.PlainView
4144:            10            640  kotlin.reflect.jvm.internal.KMutableProperty0Impl
4145:            20            640  kotlin.reflect.jvm.internal.impl.protobuf.GeneratedMessageLite$ExtensionDescriptor
4146:             8            640  net.miginfocom.layout.LC
4147:             8            640  net.sourceforge.pmd.lang.java.ast.ASTConditionalOrExpression
4148:             8            640  net.sourceforge.pmd.lang.java.ast.ASTLambdaExpression
4149:            20            640  org.apache.commons.lang.text.StrBuilder
4150:            20            640  org.apache.velocity.runtime.parser.JJTParserState
4151:            20            640  org.apache.velocity.runtime.parser.Parser$LookaheadSuccess
4152:            20            640  org.jetbrains.kotlin.idea.inspections.collections.SimplifiableCallChainInspection$Companion$Conversion
4153:            16            640  org.jetbrains.kotlin.serialization.deserialization.TypeDeserializer
4154:            20            640  org.objectweb.shadedzt.asm.Type
4155:            20            640  org.zeroturnaround.javarebel.reporting.MessageType
4156:            10            640  sun.nio.cs.ext.DoubleByte$Encoder
4157:             7            632  [Lsun.java2d.loops.RenderCache$Entry;
4158:            27            624  [Lcom.intellij.openapi.vcs.AbstractVcs;
4159:             3            624  [Ljava.lang.invoke.LambdaForm;
4160:            26            624  cn.yiiguxing.plugin.translate.trans.DictEntry
4161:            26            624  com.github.rjeschke.txtmark.MarkToken
4162:            39            624  com.intellij.codeInsight.daemon.impl.DaemonEditorPopup
4163:            39            624  com.intellij.codeInsight.folding.impl.AbstractElementSignatureProvider$$Lambda$1134/637834955
4164:            26            624  com.intellij.configurationStore.properties.MapStoredProperty
4165:            26            624  com.intellij.find.impl.FindResultImpl
4166:            39            624  com.intellij.ide.ui.laf.darcula.ui.DarculaComboBoxUI$2
4167:            39            624  com.intellij.ide.ui.laf.intellij.WinIntelliJComboBoxUI$$Lambda$612/1907741164
4168:            39            624  com.intellij.ide.ui.laf.intellij.WinIntelliJComboBoxUI$2
4169:            39            624  com.intellij.ide.ui.laf.intellij.WinIntelliJComboBoxUI$5$1
4170:            39            624  com.intellij.ide.ui.laf.intellij.WinIntelliJComboBoxUI$ComboBoxMouseListener
4171:            39            624  com.intellij.ide.ui.laf.intellij.WinIntelliJComboBoxUI$ComboBoxRendererWrapper
4172:            26            624  com.intellij.lang.javascript.highlighting.JavaScriptLineMarkerProvider$$Lambda$2228/617945150
4173:            26            624  com.intellij.lang.javascript.psi.stubs.impl.JSImplicitElementImpl
4174:            13            624  com.intellij.openapi.MnemonicWrapper$MenuWrapper
4175:            26            624  com.intellij.patterns.IElementTypePattern$1
4176:            26            624  com.intellij.patterns.StringPattern$4
4177:            26            624  com.intellij.psi.css.descriptor.value.CssValueType
4178:            26            624  com.intellij.psi.css.impl.descriptor.value.CssUrlValue
4179:            26            624  com.intellij.psi.impl.source.xml.XmlAttributeReference
4180:            26            624  com.intellij.psi.impl.source.xml.XmlAttributeReference$1
4181:            26            624  com.intellij.psi.search.searches.ReferenceDescriptor
4182:            26            624  com.intellij.ui.tabs.impl.TabLabel$1
4183:            26            624  com.intellij.util.containers.IntArrayList
4184:            26            624  gnu.trove.decorator.TIntObjectHashMapDecorator$1$1
4185:             6            624  io.netty.channel.socket.nio.NioSocketChannel
4186:            13            624  java.beans.BeanDescriptor
4187:            26            624  java.security.spec.ECFieldF2m
4188:            39            624  java.util.regex.Pattern$CharPropertyNames$1
4189:            39            624  javax.swing.JComboBox$1
4190:            39            624  javax.swing.plaf.basic.BasicComboBoxUI$Handler
4191:            39            624  javax.swing.plaf.basic.BasicComboPopup$Handler
4192:            26            624  org.jetbrains.plugins.groovy.lang.psi.patterns.GroovyElementPattern$Capture
4193:            13            624  sun.java2d.loops.DrawGlyphListLCD
4194:            13            624  sun.management.DiagnosticCommandInfo
4195:             7            616  com.intellij.openapi.editor.impl.EditorComponentImpl$AccessibleEditorComponentImpl
4196:            11            616  com.intellij.psi.css.impl.util.table.CssBorderWidthValue
4197:            11            616  com.intellij.psi.impl.source.tree.java.PsiWhileStatementImpl
4198:            11            616  javax.management.openmbean.CompositeType
4199:            30            608  [Lcom.intellij.util.ui.update.Update;
4200:             4            608  com.intellij.codeInsight.daemon.impl.WholeFileLocalInspectionsPassFactory$2
4201:            38            608  com.intellij.lang.javascript.psi.types.JSCompositeTypeImpl$$Lambda$2816/1524850663
4202:            19            608  com.intellij.lang.properties.psi.impl.PropertyImpl
4203:            38            608  com.sun.proxy.$Proxy104
4204:            38            608  com.sun.proxy.$Proxy105
4205:            19            608  gnu.trove.THashMap$ValueView$1
4206:            19            608  java.time.format.DateTimeFormatterBuilder$NumberPrinterParser
4207:            38            608  java.util.jar.Attributes
4208:             1            600  [Lcom.intellij.psi.impl.source.resolve.reference.PsiReferenceContributorEP;
4209:            15            600  com.intellij.codeInsight.completion.CompletionConfidenceEP
4210:            25            600  com.intellij.codeInsight.completion.PreferByKindWeigher$MyResult
4211:            15            600  com.intellij.codeInsight.daemon.impl.analysis.CustomHighlightInfoHolder
4212:            25            600  com.intellij.internal.statistic.beans.GroupDescriptor
4213:            25            600  com.intellij.internal.statistic.persistence.CollectedUsages
4214:            25            600  com.intellij.lang.javascript.patterns.JSElementPattern$Capture
4215:            25            600  com.intellij.lang.javascript.psi.jsdoc.impl.JSDocParamReference
4216:            25            600  com.intellij.patterns.uast.ULiteralExpressionPattern
4217:            25            600  com.intellij.psi.UastReferenceRegistrar$registerUastReferenceProvider$1
4218:            25            600  com.intellij.psi.WeigherExtensionPoint$1
4219:            25            600  java.time.LocalTime
4220:            15            600  java.time.format.DateTimeFormatter
4221:            25            600  java.util.OptionalInt
4222:            25            600  org.apache.commons.logging.impl.SLF4JLog
4223:            25            600  org.apache.xerces.impl.xpath.regex.Token$StringToken
4224:            25            600  org.intellij.plugins.markdown.lang.MarkdownElementType
4225:            25            600  sun.nio.cs.CharsetMapping$Entry
4226:            15            600  sun.swing.CachedPainter$PainterMultiResolutionCachedImage
4227:            37            592  com.intellij.framework.library.DownloadableLibraryType$1
4228:             2            592  com.intellij.openapi.application.impl.ApplicationInfoImpl
4229:            37            592  com.intellij.psi.filters.OrFilter
4230:            37            592  com.intellij.util.containers.JBIterable$Multi
4231:             2            584  [Lcom.intellij.ide.plugins.IdeaPluginDescriptorImpl;
4232:            15            576  [Lcom.intellij.psi.css.CssDeclaration;
4233:            24            576  [Lcom.sun.xml.internal.bind.v2.runtime.property.AttributeProperty;
4234:            24            576  [Ljava.io.ObjectStreamClass$ClassDataSlot;
4235:            24            576  com.ansorgit.plugins.bash.editor.inspections.inspections.DuplicateFunctionDefInspection$1
4236:            24            576  com.ansorgit.plugins.bash.editor.inspections.inspections.EvaluateArithmeticExpressionInspection$1
4237:            24            576  com.ansorgit.plugins.bash.editor.inspections.inspections.EvaluateExpansionInspection$1
4238:            24            576  com.ansorgit.plugins.bash.editor.inspections.inspections.FixShebangInspection$2
4239:            24            576  com.ansorgit.plugins.bash.editor.inspections.inspections.FloatArithmeticInspection$1
4240:            24            576  com.ansorgit.plugins.bash.editor.inspections.inspections.FunctionDefInspection$1
4241:            24            576  com.ansorgit.plugins.bash.editor.inspections.inspections.GlobalLocalVarDefInspection$1
4242:            24            576  com.ansorgit.plugins.bash.editor.inspections.inspections.GloballyRegisteredVariableInspection$GloballyRegisteredVarVisitor
4243:            24            576  com.ansorgit.plugins.bash.editor.inspections.inspections.InternalCommandFunctionOverrideInspection$1
4244:            24            576  com.ansorgit.plugins.bash.editor.inspections.inspections.InternalVariableInspection$1
4245:            24            576  com.ansorgit.plugins.bash.editor.inspections.inspections.ReadonlyVariableInspection$1
4246:            24            576  com.ansorgit.plugins.bash.editor.inspections.inspections.RecursiveIncludeFileInspection$1
4247:            24            576  com.ansorgit.plugins.bash.editor.inspections.inspections.SimpleArrayUseInspection$1
4248:            24            576  com.ansorgit.plugins.bash.editor.inspections.inspections.SimpleVarUsageInspection$1
4249:            24            576  com.ansorgit.plugins.bash.editor.inspections.inspections.UnknownFiledescriptorInspection$1
4250:            24            576  com.ansorgit.plugins.bash.editor.inspections.inspections.UnresolvedVariableInspection$UnresolvedVariableVisitor
4251:            24            576  com.ansorgit.plugins.bash.editor.inspections.inspections.UnusedFunctionParameterInspection$1
4252:            24            576  com.ansorgit.plugins.bash.editor.inspections.inspections.UseExtendedTestCommandInspection$ExtendedTestCommandVisitor
4253:            24            576  com.intellij.aop.jam.DeclareParentsInspection$1
4254:             4            576  com.intellij.codeInsight.daemon.impl.LocalInspectionsPassFactory$MyLocalInspectionsPass
4255:            18            576  com.intellij.codeInsight.daemon.impl.TextEditorBackgroundHighlighter
4256:            24            576  com.intellij.codeInsight.daemon.impl.analysis.XmlDefaultAttributeValueInspection$1
4257:            24            576  com.intellij.codeInsight.daemon.impl.analysis.XmlUnusedNamespaceInspection$1
4258:            24            576  com.intellij.codeInspection.AnonymousCanBeLambdaInspection$1
4259:            24            576  com.intellij.codeInspection.AnonymousCanBeMethodReferenceInspection$1
4260:            24            576  com.intellij.codeInspection.AnonymousHasLambdaAlternativeInspection$1
4261:            24            576  com.intellij.codeInspection.CollectionAddAllCanBeReplacedWithConstructorInspection$2
4262:            24            576  com.intellij.codeInspection.ComparatorCombinatorsInspection$1
4263:            24            576  com.intellij.codeInspection.ComparatorResultComparisonInspection$1
4264:            24            576  com.intellij.codeInspection.ConditionalBreakInInfiniteLoopInspection$1
4265:            24            576  com.intellij.codeInspection.DefaultAnnotationParamInspection$1
4266:            24            576  com.intellij.codeInspection.DeprecatedIsStillUsedInspection$1
4267:            24            576  com.intellij.codeInspection.EndlessStreamInspection$1
4268:            24            576  com.intellij.codeInspection.ExplicitTypeCanBeDiamondInspection$1
4269:            24            576  com.intellij.codeInspection.FunctionalExpressionCanBeFoldedInspection$1
4270:            24            576  com.intellij.codeInspection.IdempotentLoopBodyInspection$1
4271:            24            576  com.intellij.codeInspection.InvalidComparatorMethodReferenceInspection$1
4272:            24            576  com.intellij.codeInspection.LambdaCanBeMethodReferenceInspection$1
4273:            24            576  com.intellij.codeInspection.NumericOverflowInspection$1
4274:            24            576  com.intellij.codeInspection.ObviousNullCheckInspection$1
4275:            24            576  com.intellij.codeInspection.OptionalAssignedToNullInspection$1
4276:            24            576  com.intellij.codeInspection.OptionalIsPresentInspection$1
4277:            24            576  com.intellij.codeInspection.PossibleHeapPollutionVarargsInspection$1
4278:            24            576  com.intellij.codeInspection.RedundantComparatorComparingInspection$1
4279:            24            576  com.intellij.codeInspection.RedundantExplicitCloseInspection$1
4280:            24            576  com.intellij.codeInspection.RedundantLambdaCodeBlockInspection$1
4281:            24            576  com.intellij.codeInspection.RedundantStreamOptionalCallInspection$1
4282:            24            576  com.intellij.codeInspection.ReplaceInefficientStreamCountInspection$1
4283:            24            576  com.intellij.codeInspection.SimplifyCollectorInspection$1
4284:            24            576  com.intellij.codeInspection.SimplifyOptionalCallChainsInspection$1
4285:            24            576  com.intellij.codeInspection.SimplifyStreamApiCallChainsInspection$1
4286:            24            576  com.intellij.codeInspection.StringTokenizerDelimiterInspection$1
4287:            24            576  com.intellij.codeInspection.SuspiciousArrayMethodCallInspection$1
4288:            24            576  com.intellij.codeInspection.TrivialFunctionalExpressionUsageInspection$1
4289:            24            576  com.intellij.codeInspection.UseCompareMethodInspection$1
4290:            24            576  com.intellij.codeInspection.accessStaticViaInstance.AccessStaticViaInstanceBase$1
4291:            24            576  com.intellij.codeInspection.bulkOperation.UseBulkOperationInspection$1
4292:            24            576  com.intellij.codeInspection.capitalization.TitleCapitalizationInspection$1
4293:            24            576  com.intellij.codeInspection.compiler.JavacQuirksInspectionVisitor
4294:            24            576  com.intellij.codeInspection.dataFlow.ContractInspection$1
4295:            24            576  com.intellij.codeInspection.dataFlow.DataFlowInspectionBase$1
4296:            24            576  com.intellij.codeInspection.defUse.DefUseInspectionBase$1
4297:            24            576  com.intellij.codeInspection.duplicateThrows.DuplicateThrowsInspection$1
4298:            24            576  com.intellij.codeInspection.java15api.Java15APIUsageInspectionBase$MyVisitor
4299:            24            576  com.intellij.codeInspection.java18StreamApi.StaticPseudoFunctionalStyleMethodInspection$1
4300:            24            576  com.intellij.codeInspection.java18api.Java8CollectionRemoveIfInspection$1
4301:            24            576  com.intellij.codeInspection.java18api.Java8ListSortInspection$1
4302:            24            576  com.intellij.codeInspection.java18api.Java8MapApiInspection$1
4303:            24            576  com.intellij.codeInspection.java18api.Java8MapForEachInspection$1
4304:            24            576  com.intellij.codeInspection.javaDoc.JavaDocLocalInspectionBase$1
4305:            24            576  com.intellij.codeInspection.javaDoc.JavaDocReferenceInspectionBase$1
4306:            24            576  com.intellij.codeInspection.jsp.ELDeferredExpressionsInspection$1
4307:            24            576  com.intellij.codeInspection.jsp.ELSpecComplianceInspection$1
4308:            24            576  com.intellij.codeInspection.jsp.ELValidationInspection$1
4309:            24            576  com.intellij.codeInspection.jsp.ElMethodSignatureInspection$1
4310:            24            576  com.intellij.codeInspection.jsp.JspAbsolutePathInspection$1
4311:            24            576  com.intellij.codeInspection.jsp.JspDirectiveInspection$1
4312:            24            576  com.intellij.codeInspection.jsp.JspPropertiesInspection$1
4313:            24            576  com.intellij.codeInspection.jsp.JspTagBodyContentInspection$1
4314:            24            576  com.intellij.codeInspection.lambdaToExplicit.ExcessiveLambdaUsageInspection$1
4315:            24            576  com.intellij.codeInspection.magicConstant.MagicConstantInspection$1
4316:            24            576  com.intellij.codeInspection.reflectiveAccess.JavaLangInvokeHandleSignatureInspection$1
4317:            24            576  com.intellij.codeInspection.reflectiveAccess.JavaReflectionInvocationInspection$1
4318:            24            576  com.intellij.codeInspection.reflectiveAccess.JavaReflectionMemberAccessInspection$1
4319:            24            576  com.intellij.codeInspection.sillyAssignment.SillyAssignmentInspectionBase$1
4320:            24            576  com.intellij.codeInspection.streamMigration.FuseStreamOperationsInspection$1
4321:            24            576  com.intellij.codeInspection.suspiciousNameCombination.SuspiciousNameCombinationInspectionBase$MyVisitor
4322:            24            576  com.intellij.codeInspection.xml.DeprecatedClassUsageInspection$1
4323:            24            576  com.intellij.coldFusion.UI.inspections.CfmlFileReferenceInspection$1
4324:            24            576  com.intellij.coldFusion.UI.inspections.CfmlInspectionBase$1
4325:            24            576  com.intellij.configurationStore.schemeManager.SchemeListManager
4326:            24            576  com.intellij.freemarker.inspections.FtlCallsInspection$1
4327:            24            576  com.intellij.freemarker.inspections.FtlDeprecatedBuiltInsInspection$1
4328:            24            576  com.intellij.freemarker.inspections.FtlFileReferencesInspection$1
4329:            24            576  com.intellij.freemarker.inspections.FtlImportCallInspection$1
4330:            24            576  com.intellij.freemarker.inspections.FtlReferencesInspection$1
4331:            24            576  com.intellij.freemarker.inspections.FtlTypesInspection$1
4332:            24            576  com.intellij.freemarker.inspections.FtlWellformednessInspection$1
4333:            24            576  com.intellij.htmltools.xml.util.CheckImageSizeInspection$1
4334:            36            576  com.intellij.ide.navigationToolbar.NavBarPresentation$$Lambda$1716/466021074
4335:            24            576  com.intellij.j2meplugin.codeInspection.MissedExecutableInspection$1
4336:            24            576  com.intellij.jam.reflect.JamChildrenQuery$AnnotatedMethodsQuery
4337:            24            576  com.intellij.javaee.ejb.inspections.EjbClassBasicInspection$1
4338:            24            576  com.intellij.javaee.ejb.inspections.EjbClassWarningsInspection$1
4339:            24            576  com.intellij.javaee.ejb.inspections.EjbEntityClassInspection$1
4340:            24            576  com.intellij.javaee.ejb.inspections.EjbEntityHomeInspection$1
4341:            24            576  com.intellij.javaee.ejb.inspections.EjbEntityInterfaceInspection$1
4342:            24            576  com.intellij.javaee.ejb.inspections.EjbEnvironmentInspection$1
4343:            24            576  com.intellij.javaee.ejb.inspections.EjbInterceptorInspection$1
4344:            24            576  com.intellij.javaee.ejb.inspections.EjbInterceptorWarningsInspection$1
4345:            24            576  com.intellij.javaee.ejb.inspections.EjbInterfaceMethodInspection$1
4346:            24            576  com.intellij.javaee.ejb.inspections.EjbInterfaceSignatureInspection$1
4347:            24            576  com.intellij.javaee.ejb.inspections.EjbProhibitedPackageUsageInspection$1
4348:            24            576  com.intellij.javaee.ejb.inspections.EjbRemoteRequirementsInspection$1
4349:            24            576  com.intellij.javaee.ejb.inspections.EjbSessionHomeInterfaceInspection$1
4350:            24            576  com.intellij.javaee.ejb.inspections.EjbStaticAccessInspection$1
4351:            24            576  com.intellij.javaee.ejb.inspections.EjbThisExpressionInspection$1
4352:            24            576  com.intellij.javascript.nodejs.packageJson.codeInsight.PackageJsonMismatchedDependencyInspection$1
4353:            24            576  com.intellij.jpa.highlighting.JpaQueryApiInspection$1
4354:            24            576  com.intellij.json.codeinsight.JsonDuplicatePropertyKeysInspection$1
4355:            24            576  com.intellij.json.codeinsight.JsonStandardComplianceInspection$1
4356:            24            576  com.intellij.lang.javascript.EmbeddedJsonSchemaFileProvider
4357:            12            576  com.intellij.lang.javascript.buildTools.grunt.rc.GruntRunSettings
4358:            12            576  com.intellij.lang.javascript.buildTools.gulp.rc.GulpRunSettings
4359:            24            576  com.intellij.lang.javascript.ecmascript6.TypeScriptLiteralKeyUtil$$Lambda$4230/597596507
4360:            24            576  com.intellij.lang.javascript.ecmascript6.types.JSTypeWithSignature
4361:            24            576  com.intellij.lang.javascript.flow.FlowJSConfigInspection$1
4362:            24            576  com.intellij.lang.javascript.flow.inspections.FlowJSFlagCommentPlacementInspection$1
4363:            24            576  com.intellij.lang.javascript.inspections.ES6BindWithArrowFunctionInspection$1
4364:            24            576  com.intellij.lang.javascript.inspections.ES6ClassMemberInitializationOrderInspection$1
4365:            24            576  com.intellij.lang.javascript.inspections.ES6PossiblyAsyncFunctionInspection$1
4366:            24            576  com.intellij.lang.javascript.inspections.ES6UnusedImportsInspection$1
4367:            24            576  com.intellij.lang.javascript.inspections.JSAccessibilityCheckInspection$1
4368:            24            576  com.intellij.lang.javascript.inspections.JSBitwiseOperatorUsageInspection$1
4369:            24            576  com.intellij.lang.javascript.inspections.JSCheckFunctionSignaturesInspection$1
4370:            24            576  com.intellij.lang.javascript.inspections.JSClosureCompilerSyntaxInspection$1
4371:            24            576  com.intellij.lang.javascript.inspections.JSCommentMatchesSignatureInspection$1
4372:            24            576  com.intellij.lang.javascript.inspections.JSComparisonWithNaNInspection$1
4373:            24            576  com.intellij.lang.javascript.inspections.JSConsecutiveCommasInArrayLiteralInspection$1
4374:            24            576  com.intellij.lang.javascript.inspections.JSConstructorReturnsPrimitiveInspection$1
4375:            24            576  com.intellij.lang.javascript.inspections.JSDeprecatedSymbolsInspection$1
4376:            24            576  com.intellij.lang.javascript.inspections.JSEqualityComparisonWithCoercionInspection$1
4377:            24            576  com.intellij.lang.javascript.inspections.JSFileReferencesInspection$1
4378:            24            576  com.intellij.lang.javascript.inspections.JSIgnoredPromiseFromCallInspection$1
4379:            24            576  com.intellij.lang.javascript.inspections.JSJQueryEfficiencyInspection$1
4380:            24            576  com.intellij.lang.javascript.inspections.JSLastCommaInArrayLiteralInspection$1
4381:            24            576  com.intellij.lang.javascript.inspections.JSLastCommaInObjectLiteralInspection$1
4382:            24            576  com.intellij.lang.javascript.inspections.JSMethodCanBeStaticInspection$1
4383:            24            576  com.intellij.lang.javascript.inspections.JSMismatchedCollectionQueryUpdateInspectionBase$MismatchedCollectionQueryUpdateVisitor
4384:            24            576  com.intellij.lang.javascript.inspections.JSNonASCIINamesInspection$1
4385:            24            576  com.intellij.lang.javascript.inspections.JSPotentiallyInvalidConstructorUsageInspection$1
4386:            24            576  com.intellij.lang.javascript.inspections.JSPotentiallyInvalidTargetOfIndexedPropertyAccess$1
4387:            24            576  com.intellij.lang.javascript.inspections.JSPotentiallyInvalidUsageOfClassThisInspection$1
4388:            24            576  com.intellij.lang.javascript.inspections.JSPotentiallyInvalidUsageOfThisInspection$1
4389:            24            576  com.intellij.lang.javascript.inspections.JSPrimitiveTypeWrapperUsageInspection$1
4390:            24            576  com.intellij.lang.javascript.inspections.JSReferencingArgumentsOutsideOfFunctionInspection$1
4391:            24            576  com.intellij.lang.javascript.inspections.JSReferencingMutableVariableFromClosureInspection$1
4392:            24            576  com.intellij.lang.javascript.inspections.JSSuspiciousNameCombinationInspectionBase$1
4393:            24            576  com.intellij.lang.javascript.inspections.JSUndeclaredVariableInspection$1
4394:            24            576  com.intellij.lang.javascript.inspections.JSUndefinedPropertyAssignmentInspection$1
4395:            24            576  com.intellij.lang.javascript.inspections.JSUnfilteredForInLoopInspection$1
4396:            24            576  com.intellij.lang.javascript.inspections.JSUnnecessarySemicolonInspection$1
4397:            24            576  com.intellij.lang.javascript.inspections.JSUnresolvedExtXTypeInspection$1
4398:            24            576  com.intellij.lang.javascript.inspections.JSUnresolvedFunctionInspection$1
4399:            24            576  com.intellij.lang.javascript.inspections.JSUnresolvedLibraryURLInspection$1
4400:            24            576  com.intellij.lang.javascript.inspections.JSUnresolvedVariableInspection$1
4401:            24            576  com.intellij.lang.javascript.inspections.JSUnusedAssignmentInspection$1
4402:            24            576  com.intellij.lang.javascript.inspections.JSUnusedLocalSymbolsInspection$1
4403:            24            576  com.intellij.lang.javascript.inspections.JSValidateJSDocInspection$1
4404:            24            576  com.intellij.lang.javascript.inspections.JSXNamespaceValidationInspection$1
4405:            24            576  com.intellij.lang.javascript.inspections.UnterminatedStatementJSInspection$Visitor
4406:            24            576  com.intellij.lang.javascript.inspections.actionscript.JSImplicitlyInternalDeclarationInspection$1
4407:            24            576  com.intellij.lang.javascript.inspections.actionscript.JSUntypedDeclarationInspection$1
4408:            24            576  com.intellij.lang.javascript.intentions.ES6ConvertToTemplateStringHelper$Attributes
4409:            24            576  com.intellij.lang.javascript.intentions.ES6ConvertVarToLetConstInspection$1
4410:            24            576  com.intellij.lang.javascript.modules.AmdModulesDependenciesInspection$MyJSElementVisitor
4411:            24            576  com.intellij.lang.javascript.modules.ES6CheckImportInspection$createVisitor$1
4412:            24            576  com.intellij.lang.javascript.modules.ES6ModulesDependenciesInspection$MyJSElementVisitor
4413:            24            576  com.intellij.lang.javascript.modules.NpmUsedModulesInstalledInspection$1
4414:            24            576  com.intellij.lang.javascript.modules.TypeScriptCheckImportInspection$createVisitor$1
4415:            18            576  com.intellij.lang.javascript.psi.types.TypeScriptIndexedAccessJSTypeImpl
4416:            24            576  com.intellij.lang.javascript.psi.types.guard.JSTypeFacts$SimpleFact
4417:            24            576  com.intellij.lang.typescript.inspection.TypeScriptPreferShortImportInspection$1
4418:            24            576  com.intellij.lang.typescript.inspection.TypeScriptUMDGlobalInspection$1
4419:            24            576  com.intellij.lang.typescript.inspections.TypeScriptAbstractClassConstructorCanBeMadeProtectedInspection$1
4420:            24            576  com.intellij.lang.typescript.inspections.TypeScriptAccessibilityCheckInspection$1
4421:            24            576  com.intellij.lang.typescript.inspections.TypeScriptSuspiciousConstructorParameterAssignmentInspection$1
4422:            24            576  com.intellij.lang.typescript.inspections.TypeScriptUnresolvedFunctionInspection$1
4423:            24            576  com.intellij.lang.typescript.inspections.TypeScriptUnresolvedVariableInspection$1
4424:            24            576  com.intellij.lang.typescript.inspections.TypeScriptValidateJSTypesInspection$1
4425:            24            576  com.intellij.lang.typescript.inspections.TypeScriptValidateTypesInspection$1
4426:            24            576  com.intellij.lexer.BaseHtmlLexer$1
4427:            24            576  com.intellij.openapi.editor.impl.ComplementaryFontsRegistry$FontKey
4428:             6            576  com.intellij.openapi.editor.richcopy.view.HtmlTransferableData
4429:            24            576  com.intellij.openapi.roots.GeneratedSourcesFilter$$Lambda$3148/967473031
4430:            24            576  com.intellij.openapi.roots.GeneratedSourcesFilter$$Lambda$3149/1300291335
4431:            24            576  com.intellij.openapi.vcs.VcsShowOptionsSettingImpl
4432:            24            576  com.intellij.openapi.vcs.changes.VirtualFileHolder
4433:            24            576  com.intellij.patterns.PsiModifierListOwnerPattern$4
4434:            24            576  com.intellij.psi.css.impl.util.completion.FunctionUserLookup
4435:            24            576  com.intellij.psi.css.inspections.CssInvalidElementInspection$1
4436:            24            576  com.intellij.psi.css.inspections.CssNegativeValueInspection$1
4437:            24            576  com.intellij.psi.css.inspections.CssOptimizeSimilarPropertiesInspection$1
4438:            24            576  com.intellij.psi.css.inspections.CssOverwrittenPropertiesInspection$1
4439:            24            576  com.intellij.psi.css.inspections.CssUnknownPropertyInspectionBase$UnknownPropertyVisitor
4440:            24            576  com.intellij.psi.css.inspections.CssUnusedSymbolVisitor
4441:            24            576  com.intellij.psi.css.inspections.bugs.CssFloatPxLengthInspection$1
4442:            24            576  com.intellij.psi.css.inspections.bugs.CssMissingCommaInspection$1
4443:            24            576  com.intellij.psi.css.inspections.bugs.CssNoGenericFontNameInspection$1
4444:            24            576  com.intellij.psi.css.inspections.bugs.CssUnitlessNumberInspection$1
4445:            24            576  com.intellij.psi.css.inspections.invalid.CssInvalidAtRuleInspection$1
4446:            24            576  com.intellij.psi.css.inspections.invalid.CssInvalidCharsetRuleInspection$4
4447:            24            576  com.intellij.psi.css.inspections.invalid.CssInvalidFunctionInspection$1
4448:            24            576  com.intellij.psi.css.inspections.invalid.CssInvalidImportInspection$3
4449:            24            576  com.intellij.psi.css.inspections.invalid.CssInvalidMediaFeatureInspection$1
4450:            24            576  com.intellij.psi.css.inspections.invalid.CssInvalidPropertyValueInspection$1
4451:            24            576  com.intellij.psi.css.inspections.invalid.CssInvalidPseudoSelectorInspection$1
4452:            24            576  com.intellij.psi.css.inspections.invalid.CssUnknownTargetInspection$1
4453:            24            576  com.intellij.psi.css.inspections.invalid.CssUnresolvedClassInspection$1
4454:            24            576  com.intellij.psi.css.inspections.invalid.CssUnresolvedCustomPropertyInspection$1
4455:            24            576  com.intellij.psi.css.inspections.invalid.CssUnresolvedCustomPropertySetInspection$1
4456:            24            576  com.intellij.psi.css.inspections.style.CssRedundantUnitInspection$1
4457:            24            576  com.intellij.psi.css.inspections.suppress.CssSuppressionUtil$$Lambda$5405/1678627801
4458:            24            576  com.intellij.psi.impl.cache.impl.todo.TodoIndexEntry
4459:            24            576  com.intellij.psi.stubs.StubElementTypeHolderEP
4460:            24            576  com.intellij.refactoring.typeMigration.inspections.GuavaInspection$1
4461:            24            576  com.intellij.refactoring.typeMigration.inspections.GuavaInspection$1$1
4462:            24            576  com.intellij.spellchecker.inspections.SpellCheckingInspection$1
4463:            24            576  com.intellij.spring.el.inspections.SpringElInspection$1
4464:            24            576  com.intellij.spring.model.jam.stereotype.SpringController
4465:            24            576  com.intellij.spring.web.mvc.pathVariables.MVCPathVariableInspection$1
4466:            24            576  com.intellij.struts.inplace.reference.config.TilesValueReferenceProvider
4467:            24            576  com.intellij.thymeleaf.highlighting.ThymeleafMessagesResolveInspection$1
4468:            24            576  com.intellij.thymeleaf.highlighting.ThymeleafVariablesResolveInspection$1
4469:            24            576  com.intellij.ui.HighlightedRegion
4470:            12            576  com.intellij.ui.ListExpandableItemsHandler
4471:            18            576  com.intellij.ui.TableCellState
4472:            24            576  com.intellij.ui.speedSearch.SpeedSearchSupply$1
4473:            24            576  com.intellij.ui.tabs.impl.JBTabsImpl$$Lambda$1077/154487499
4474:            24            576  com.intellij.uiDesigner.inspections.BoundFieldAssignmentInspection$1
4475:            24            576  com.intellij.util.containers.DoubleArrayList
4476:            24            576  com.intellij.util.indexing.containers.SortedIdSet
4477:            12            576  com.intellij.webcore.libraries.ScriptingLibraryModel
4478:            24            576  com.intellij.ws.inspections.AbstractWebServicesReferenceInspection$1
4479:            24            576  com.intellij.ws.inspections.AbstractWebServicesReferenceInspection$1
4480:            24            576  com.intellij.xml.util.CheckDtdReferencesInspection$1
4481:            24            576  com.intellij.xml.util.CheckEmptyTagInspection$1
4482:            24            576  com.intellij.xml.util.CheckTagEmptyBodyInspection$1
4483:            24            576  com.intellij.xml.util.CheckValidXmlInScriptBodyInspectionBase$1
4484:            24            576  com.siyeh.ig.abstraction.InterfaceMethodClashesWithObjectInspection$InterfaceClashesWithObjectClassVisitor
4485:            24            576  com.siyeh.ig.abstraction.OptionalUsedAsFieldOrParameterTypeInspection$OptionUsedAsFieldOrParameterTypeVisitor
4486:            24            576  com.siyeh.ig.bitwise.IncompatibleMaskInspection$IncompatibleMaskVisitor
4487:            24            576  com.siyeh.ig.bitwise.ShiftOutOfRangeInspection$ShiftOutOfRange
4488:            24            576  com.siyeh.ig.bugs.ArrayEqualsInspection$ArrayEqualsVisitor
4489:            24            576  com.siyeh.ig.bugs.ArrayHashCodeInspection$ArrayHashCodeVisitor
4490:            24            576  com.siyeh.ig.bugs.ArrayObjectsEqualsInspection$ArrayObjectsEqualsVisitor
4491:            24            576  com.siyeh.ig.bugs.AssertWithSideEffectsInspection$AssertWithSideEffectsVisitor
4492:            24            576  com.siyeh.ig.bugs.CollectionAddedToSelfInspection$CollectionAddedToSelfVisitor
4493:            24            576  com.siyeh.ig.bugs.CopyConstructorMissesFieldInspection$CopyConstructorMissesFieldVisitor
4494:            24            576  com.siyeh.ig.bugs.EqualsWhichDoesntCheckParameterClassInspection$EqualsWhichDoesntCheckParameterClassVisitor
4495:            24            576  com.siyeh.ig.bugs.EqualsWithItselfInspection$EqualsWithIfSelfVisitor
4496:            24            576  com.siyeh.ig.bugs.ImplicitArrayToStringInspection$ImplicitArrayToStringVisitor
4497:            24            576  com.siyeh.ig.bugs.InfiniteRecursionInspection$InfiniteRecursionVisitor
4498:            24            576  com.siyeh.ig.bugs.MalformedRegexInspection$MalformedRegexVisitor
4499:            24            576  com.siyeh.ig.bugs.MalformedXPathInspection$MalformedXPathVisitor
4500:            24            576  com.siyeh.ig.bugs.MathRandomCastToIntInspection$MathRandomCastToIntegerVisitor
4501:            24            576  com.siyeh.ig.bugs.MismatchedArrayReadWriteInspection$MismatchedArrayReadWriteVisitor
4502:            24            576  com.siyeh.ig.bugs.NewStringBufferWithCharArgumentInspection$StringBufferWithCharArgumentVisitor
4503:            24            576  com.siyeh.ig.bugs.NullArgumentToVariableArgMethodInspection$NullArgumentToVariableArgVisitor
4504:            24            576  com.siyeh.ig.bugs.NumberEqualityInspection$NumberEqualityVisitor
4505:            24            576  com.siyeh.ig.bugs.ObjectEqualsNullInspection$ObjectEqualsNullVisitor
4506:            24            576  com.siyeh.ig.bugs.PrimitiveArrayArgumentToVariableArgMethodInspection$PrimitiveArrayArgumentToVariableArgVisitor
4507:            24            576  com.siyeh.ig.bugs.ReflectionForUnavailableAnnotationInspection$ReflectionForUnavailableAnnotationVisitor
4508:            24            576  com.siyeh.ig.bugs.ReplaceAllDotInspection$ReplaceAllDotVisitor
4509:            24            576  com.siyeh.ig.bugs.StringEqualityInspection$ObjectEqualityVisitor
4510:            24            576  com.siyeh.ig.bugs.StringEqualsCharSequenceInspection$StringEqualsCharSequenceVisitor
4511:            24            576  com.siyeh.ig.bugs.SuspiciousComparatorCompareInspection$SuspiciousComparatorCompareVisitor
4512:            24            576  com.siyeh.ig.bugs.SuspiciousSystemArraycopyInspection$SuspiciousSystemArraycopyVisitor
4513:            24            576  com.siyeh.ig.bugs.SuspiciousToArrayCallInspection$SuspiciousToArrayCallVisitor
4514:            24            576  com.siyeh.ig.bugs.ThrowableNotThrownInspection$ThrowableResultOfMethodCallIgnoredVisitor
4515:            24            576  com.siyeh.ig.classlayout.FinalPrivateMethodInspection$FinalPrivateMethodVisitor
4516:            24            576  com.siyeh.ig.classlayout.FinalStaticMethodInspection$FinalStaticMethodVisitor
4517:            24            576  com.siyeh.ig.controlflow.ConstantConditionalExpressionInspection$ConstantConditionalExpressionVisitor
4518:            24            576  com.siyeh.ig.controlflow.DoubleNegationInspection$DoubleNegationVisitor
4519:            24            576  com.siyeh.ig.controlflow.InfiniteLoopStatementInspection$InfiniteLoopStatementsVisitor
4520:            24            576  com.siyeh.ig.controlflow.LoopStatementsThatDontLoopInspection$LoopStatementsThatDontLoopVisitor
4521:            24            576  com.siyeh.ig.controlflow.SimplifiableBooleanExpressionInspection$SimplifiableBooleanExpressionVisitor
4522:            24            576  com.siyeh.ig.controlflow.SimplifiableConditionalExpressionInspection$SimplifiableConditionalExpressionVisitor
4523:            24            576  com.siyeh.ig.controlflow.TrivialIfInspection$TrivialIfVisitor
4524:            24            576  com.siyeh.ig.controlflow.UnnecessaryBreakInspection$UnnecessaryBreakVisitor
4525:            24            576  com.siyeh.ig.controlflow.UnnecessaryConditionalExpressionInspection$UnnecessaryConditionalExpressionVisitor
4526:            24            576  com.siyeh.ig.controlflow.UnnecessaryLabelOnBreakStatementInspection$UnnecessaryLabelOnBreakStatementVisitor
4527:            24            576  com.siyeh.ig.controlflow.UnnecessaryLabelOnContinueStatementInspection$UnnecessaryLabelOnContinueStatementVisitor
4528:            24            576  com.siyeh.ig.errorhandling.CatchMayIgnoreExceptionInspection$1
4529:            24            576  com.siyeh.ig.errorhandling.CaughtExceptionImmediatelyRethrownInspection$CaughtExceptionImmediatelyRethrownVisitor
4530:            24            576  com.siyeh.ig.errorhandling.ContinueOrBreakFromFinallyBlockInspection$ContinueOrBreakFromFinallyBlockVisitor
4531:            24            576  com.siyeh.ig.errorhandling.EmptyFinallyBlockInspection$EmptyFinallyBlockVisitor
4532:            24            576  com.siyeh.ig.errorhandling.EmptyTryBlockInspection$EmptyTryBlockVisitor
4533:            24            576  com.siyeh.ig.errorhandling.FinallyBlockCannotCompleteNormallyInspection$FinallyBlockCannotCompleteNormallyVisitor
4534:            24            576  com.siyeh.ig.errorhandling.ReturnFromFinallyBlockInspection$ReturnFromFinallyBlockVisitor
4535:            24            576  com.siyeh.ig.errorhandling.UnnecessaryInitCauseInspectionBase$UnnecessaryInitCauseVisitor
4536:            24            576  com.siyeh.ig.finalization.NoExplicitFinalizeCallsInspection$NoExplicitFinalizeCallsVisitor
4537:            24            576  com.siyeh.ig.inheritance.ExtendsAnnotationInspection$ExtendsAnnotationVisitor
4538:            24            576  com.siyeh.ig.javadoc.DanglingJavadocInspection$DanglingJavadocVisitor
4539:            24            576  com.siyeh.ig.junit.AssertEqualsBetweenInconvertibleTypesInspection$AssertEqualsBetweenInconvertibleTypesVisitor
4540:            24            576  com.siyeh.ig.junit.JUnit4AnnotatedMethodInJUnit3TestCaseInspectionBase$Junit4AnnotatedMethodInJunit3TestCaseVisitor
4541:            24            576  com.siyeh.ig.maturity.ThrowablePrintedToSystemOutInspection$ThrowablePrintedToSystemOutVisitor
4542:            24            576  com.siyeh.ig.migration.IndexOfReplaceableByContainsInspection$IndexOfReplaceableByContainsVisitor
4543:            24            576  com.siyeh.ig.migration.StringBufferReplaceableByStringBuilderInspection$StringBufferReplaceableByStringBuilderVisitor
4544:            24            576  com.siyeh.ig.migration.TryFinallyCanBeTryWithResourcesInspection$TryFinallyCanBeTryWithResourcesVisitor
4545:            24            576  com.siyeh.ig.migration.TryWithIdenticalCatchesInspection$TryWithIdenticalCatchesVisitor
4546:            24            576  com.siyeh.ig.migration.WhileCanBeForeachInspectionBase$WhileCanBeForeachVisitor
4547:            24            576  com.siyeh.ig.naming.MethodNameSameAsClassNameInspectionBase$MethodNameSameAsClassNameVisitor
4548:            24            576  com.siyeh.ig.numeric.BigDecimalMethodWithoutRoundingCalledInspection$BigDecimalMethodWithoutRoundingCalledVisitor
4549:            24            576  com.siyeh.ig.numeric.DivideByZeroInspection$DivisionByZeroVisitor
4550:            24            576  com.siyeh.ig.numeric.LongLiteralsEndingWithLowercaseLInspection$LongLiteralWithLowercaseLVisitor
4551:            24            576  com.siyeh.ig.numeric.OctalLiteralInspection$OctalLiteralVisitor
4552:            24            576  com.siyeh.ig.performance.ArraysAsListWithZeroOrOneArgumentInspection$ArrayAsListWithOneArgumentVisitor
4553:            24            576  com.siyeh.ig.performance.BooleanConstructorInspection$BooleanConstructorVisitor
4554:            24            576  com.siyeh.ig.performance.BoxingBoxedValueInspection$BoxingBoxedValueVisitor
4555:            24            576  com.siyeh.ig.performance.ClassInitializerMayBeStaticInspection$ClassInitializerCanBeStaticVisitor
4556:            24            576  com.siyeh.ig.performance.InstantiatingObjectToGetClassObjectInspection$InstantiatingObjectToGetClassObjectVisitor
4557:            24            576  com.siyeh.ig.performance.ManualArrayCopyInspection$ManualArrayCopyVisitor
4558:            24            576  com.siyeh.ig.performance.ManualArrayToCollectionCopyInspection$ManualArrayToCollectionCopyVisitor
4559:            24            576  com.siyeh.ig.performance.RedundantStringFormatCallInspection$RedundantStringFormatCallVisitor
4560:            24            576  com.siyeh.ig.performance.StringConcatenationInLoopsInspection$StringConcatenationInLoopsVisitor
4561:            24            576  com.siyeh.ig.performance.StringConcatenationInsideStringBufferAppendInspection$StringConcatenationInsideStringBufferAppendVisitor
4562:            24            576  com.siyeh.ig.performance.UnnecessaryTemporaryOnConversionFromStringInspection$UnnecessaryTemporaryObjectVisitor
4563:            24            576  com.siyeh.ig.performance.UnnecessaryTemporaryOnConversionToStringInspection$UnnecessaryTemporaryObjectVisitor
4564:            24            576  com.siyeh.ig.redundancy.RedundantCollectionOperationInspection$1
4565:            24            576  com.siyeh.ig.redundancy.RedundantStringOperationInspection$1
4566:            24            576  com.siyeh.ig.redundancy.UnusedLabelInspection$UnusedLabelVisitor
4567:            24            576  com.siyeh.ig.serialization.ExternalizableWithoutPublicNoArgConstructorInspectionBase$ExternalizableWithoutPublicNoArgConstructorVisitor
4568:            24            576  com.siyeh.ig.style.ExtendsObjectInspection$ExtendsObjectVisitor
4569:            24            576  com.siyeh.ig.style.StringBufferReplaceableByStringInspectionBase$StringBufferReplaceableByStringVisitor
4570:            24            576  com.siyeh.ig.style.TypeParameterExtendsObjectInspection$ExtendsObjectVisitor
4571:            24            576  com.siyeh.ig.style.UnnecessaryEnumModifierInspection$UnnecessaryEnumModifierVisitor
4572:            24            576  com.siyeh.ig.style.UnnecessaryInterfaceModifierInspection$UnnecessaryInterfaceModifierVisitor
4573:            24            576  com.siyeh.ig.style.UnnecessarySemicolonInspection$UnnecessarySemicolonVisitor
4574:            24            576  com.siyeh.ig.threading.AtomicFieldUpdaterIssuesInspection$AtomicFieldUpdaterIssuesVisitor
4575:            24            576  com.siyeh.ig.threading.AtomicFieldUpdaterNotStaticFinalInspection$AtomicFieldUpdaterNotStaticFinalVisitor
4576:            24            576  com.siyeh.ig.threading.NonAtomicOperationOnVolatileFieldInspection$NonAtomicOperationOnVolatileFieldVisitor
4577:            24            576  com.siyeh.ig.threading.StaticInitializerReferencesSubClassInspection$1
4578:            24            576  com.siyeh.ig.threading.SynchronizationOnGetClassInspection$SynchronizationOnGetClassVisitor
4579:            24            576  com.siyeh.ig.threading.SynchronizeOnNonFinalFieldInspection$SynchronizeOnNonFinalFieldVisitor
4580:            24            576  com.siyeh.ig.visibility.TypeParameterHidesVisibleTypeInspectionBase$TypeParameterHidesVisibleTypeVisitor
4581:            24            576  com.theoryinpractice.testng.inspection.AssertEqualsBetweenInconvertibleTypesTestNGInspection$1
4582:            24            576  com.theoryinpractice.testng.inspection.TestNGDataProviderInspection$1
4583:            24            576  de.plushnikov.intellij.plugin.inspection.LombokInspection$LombokElementVisitor
4584:             9            576  git4idea.GitCommit
4585:            24            576  java.util.concurrent.CompletableFuture
4586:            24            576  java.util.stream.ReduceOps$6
4587:            24            576  java.util.stream.ReduceOps$6ReducingSink
4588:             9            576  java.util.stream.ReferencePipeline$5
4589:            18            576  javax.management.MBeanParameterInfo
4590:            24            576  javax.swing.tree.DefaultTreeModel
4591:            36            576  kotlin.reflect.jvm.internal.impl.protobuf.SmallSortedMap$EntrySet
4592:            18            576  kotlin.reflect.jvm.internal.impl.util.Checks
4593:            24            576  org.angularjs.inspections.EmptyEventHandlerInspection$1
4594:            18            576  org.apache.xerces.impl.xpath.regex.Token$ClosureToken
4595:            18            576  org.apache.xerces.util.XMLResourceIdentifierImpl
4596:            24            576  org.apache.xerces.util.XMLStringBuffer
4597:            12            576  org.apache.xerces.xni.parser.XMLConfigurationException
4598:            24            576  org.intellij.lang.regexp.inspection.DuplicateAlternationBranchInspection$DuplicateAlternationBranchVisitor
4599:            24            576  org.intellij.plugins.intelliLang.inject.java.validation.InjectionNotApplicable$1
4600:            24            576  org.intellij.plugins.intelliLang.inject.java.validation.LanguageMismatch$1
4601:            24            576  org.intellij.plugins.intelliLang.inject.java.validation.UnknownLanguageID$1
4602:            24            576  org.intellij.plugins.intelliLang.pattern.PatternAnnotationNotApplicable$1
4603:            24            576  org.intellij.plugins.intelliLang.pattern.PatternOverriddenByNonAnnotatedMethod$1
4604:            24            576  org.intellij.plugins.intelliLang.pattern.PatternValidator$2
4605:            24            576  org.intellij.plugins.intelliLang.references.InjectedReferencesInspection$1
4606:            24            576  org.intellij.plugins.markdown.lang.references.MarkdownUnresolvedFileReferenceInspection$buildVisitor$1
4607:             8            576  org.intellij.plugins.relaxNG.compact.psi.impl.RncFileImpl
4608:            24            576  org.jetbrains.android.inspections.AndroidNonConstantResIdsInSwitchInspection$1
4609:            24            576  org.jetbrains.idea.devkit.inspections.InspectionMappingConsistencyInspection$1
4610:            24            576  org.jetbrains.idea.devkit.inspections.PsiElementConcatenationInspection$1
4611:            18            576  org.jetbrains.idea.maven.project.MavenProjectsProcessor
4612:            36            576  org.jetbrains.jps.backwardRefs.index.CompilerIndices$6
4613:            24            576  org.jetbrains.kotlin.android.inspection.IllegalIdentifierInspection$buildVisitor$1
4614:            24            576  org.jetbrains.kotlin.idea.inspections.AddVarianceModifierInspection$buildVisitor$1
4615:            24            576  org.jetbrains.kotlin.idea.inspections.ArrayInDataClassInspection$buildVisitor$1
4616:            24            576  org.jetbrains.kotlin.idea.inspections.CanBeParameterInspection$buildVisitor$1
4617:            24            576  org.jetbrains.kotlin.idea.inspections.CanBePrimaryConstructorPropertyInspection$buildVisitor$1
4618:            24            576  org.jetbrains.kotlin.idea.inspections.CanBeValInspection$buildVisitor$1
4619:            24            576  org.jetbrains.kotlin.idea.inspections.CascadeIfInspection$buildVisitor$1
4620:            24            576  org.jetbrains.kotlin.idea.inspections.ClassNameInspection$buildVisitor$1
4621:            24            576  org.jetbrains.kotlin.idea.inspections.ConstantConditionIfInspection$buildVisitor$1
4622:            24            576  org.jetbrains.kotlin.idea.inspections.CopyWithoutNamedArgumentsInspection$buildVisitor$1
4623:            24            576  org.jetbrains.kotlin.idea.inspections.DataClassPrivateConstructorInspection$buildVisitor$1
4624:            24            576  org.jetbrains.kotlin.idea.inspections.DestructuringWrongNameInspection$buildVisitor$1
4625:            24            576  org.jetbrains.kotlin.idea.inspections.EnumEntryNameInspection$buildVisitor$1
4626:            24            576  org.jetbrains.kotlin.idea.inspections.EqualsOrHashCodeInspection$buildVisitor$1
4627:            24            576  org.jetbrains.kotlin.idea.inspections.FunctionNameInspection$buildVisitor$1
4628:            24            576  org.jetbrains.kotlin.idea.inspections.JavaCollectionsStaticMethodInspection$buildVisitor$1
4629:            24            576  org.jetbrains.kotlin.idea.inspections.KotlinDoubleNegationInspection$buildVisitor$1
4630:            24            576  org.jetbrains.kotlin.idea.inspections.KotlinInternalInJavaInspection$buildVisitor$1
4631:            24            576  org.jetbrains.kotlin.idea.inspections.LeakingThisInspection$buildVisitor$1
4632:            24            576  org.jetbrains.kotlin.idea.inspections.LiftReturnOrAssignmentInspection$buildVisitor$1
4633:            24            576  org.jetbrains.kotlin.idea.inspections.MayBeConstantInspection$buildVisitor$1
4634:            24            576  org.jetbrains.kotlin.idea.inspections.MemberVisibilityCanBePrivateInspection$buildVisitor$1
4635:            24            576  org.jetbrains.kotlin.idea.inspections.MigrateDiagnosticSuppressionInspection$buildVisitor$1
4636:            24            576  org.jetbrains.kotlin.idea.inspections.MoveSuspiciousCallableReferenceIntoParenthesesInspection$buildVisitor$1
4637:            24            576  org.jetbrains.kotlin.idea.inspections.NullChecksToSafeCallInspection$buildVisitor$1
4638:            24            576  org.jetbrains.kotlin.idea.inspections.OverridingDeprecatedMemberInspection$buildVisitor$1
4639:            24            576  org.jetbrains.kotlin.idea.inspections.PackageNameInspection$buildVisitor$1
4640:            24            576  org.jetbrains.kotlin.idea.inspections.PlatformExtensionReceiverOfInlineInspection$buildVisitor$1
4641:            24            576  org.jetbrains.kotlin.idea.inspections.ProtectedInFinalInspection$buildVisitor$1
4642:            24            576  org.jetbrains.kotlin.idea.inspections.RecursivePropertyAccessorInspection$buildVisitor$1
4643:            24            576  org.jetbrains.kotlin.idea.inspections.RedundantExplicitTypeInspection$buildVisitor$1
4644:            24            576  org.jetbrains.kotlin.idea.inspections.RedundantGetterInspection$buildVisitor$1
4645:            24            576  org.jetbrains.kotlin.idea.inspections.RedundantIfInspection$buildVisitor$1
4646:            24            576  org.jetbrains.kotlin.idea.inspections.RedundantLambdaArrowInspection$buildVisitor$1
4647:            24            576  org.jetbrains.kotlin.idea.inspections.RedundantModalityModifierInspection$buildVisitor$1
4648:            24            576  org.jetbrains.kotlin.idea.inspections.RedundantSemicolonInspection$buildVisitor$1
4649:            24            576  org.jetbrains.kotlin.idea.inspections.RedundantSetterInspection$buildVisitor$1
4650:            24            576  org.jetbrains.kotlin.idea.inspections.RedundantSuspendModifierInspection$buildVisitor$1
4651:            24            576  org.jetbrains.kotlin.idea.inspections.RedundantUnitExpressionInspection$buildVisitor$1
4652:            24            576  org.jetbrains.kotlin.idea.inspections.RedundantUnitReturnTypeInspection$buildVisitor$1
4653:            24            576  org.jetbrains.kotlin.idea.inspections.RedundantVisibilityModifierInspection$buildVisitor$1
4654:            24            576  org.jetbrains.kotlin.idea.inspections.RemoveRedundantBackticksInspection$buildVisitor$1
4655:            24            576  org.jetbrains.kotlin.idea.inspections.RemoveRedundantSpreadOperatorInspection$buildVisitor$1
4656:            24            576  org.jetbrains.kotlin.idea.inspections.RemoveSetterParameterTypeInspection$buildVisitor$1
4657:            24            576  org.jetbrains.kotlin.idea.inspections.RemoveToStringInStringTemplateInspection$buildVisitor$1
4658:            24            576  org.jetbrains.kotlin.idea.inspections.ReplaceArrayOfWithLiteralInspection$buildVisitor$1
4659:            24            576  org.jetbrains.kotlin.idea.inspections.ReplaceToWithInfixFormInspection$buildVisitor$1
4660:            24            576  org.jetbrains.kotlin.idea.inspections.SelfAssignmentInspection$buildVisitor$1
4661:            24            576  org.jetbrains.kotlin.idea.inspections.SimplifyWhenWithBooleanConstantConditionInspection$buildVisitor$1
4662:            24            576  org.jetbrains.kotlin.idea.inspections.SuspiciousEqualsCombination$buildVisitor$1
4663:            24            576  org.jetbrains.kotlin.idea.inspections.TestFunctionNameInspection$buildVisitor$1
4664:            24            576  org.jetbrains.kotlin.idea.inspections.UnsafeCastFromDynamicInspection$buildVisitor$1
4665:            24            576  org.jetbrains.kotlin.idea.inspections.UnusedLambdaExpressionBodyInspection$buildVisitor$1
4666:            24            576  org.jetbrains.kotlin.idea.inspections.WhenWithOnlyElseInspection$buildVisitor$1
4667:            24            576  org.jetbrains.kotlin.idea.inspections.WrapUnaryOperatorInspection$buildVisitor$1
4668:            24            576  org.jetbrains.kotlin.idea.inspections.collections.SimplifiableCallChainInspection$buildVisitor$1
4669:            24            576  org.jetbrains.kotlin.idea.inspections.gradle.DeprecatedGradleDependencyInspection$DependencyFinder
4670:            24            576  org.jetbrains.kotlin.idea.spring.inspections.KotlinSpringFacetCodeInspection$buildVisitor$1
4671:            24            576  org.jetbrains.kotlin.idea.spring.inspections.SpringKotlinAutowiredMembersInspection$buildVisitor$1
4672:            24            576  org.jetbrains.kotlin.idea.spring.inspections.SpringKotlinAutowiringInspection$buildVisitor$1
4673:            18            576  org.jetbrains.kotlin.util.Checks
4674:            24            576  org.jetbrains.lang.manifest.highlighting.MisspelledHeaderInspection$1
4675:            24            576  org.jetbrains.plugins.cucumber.inspections.CucumberExamplesColonInspection$1
4676:            24            576  org.jetbrains.plugins.cucumber.inspections.CucumberMissedExamplesInspection$1
4677:            24            576  org.jetbrains.plugins.cucumber.inspections.CucumberStepInspection$1
4678:            24            576  org.jetbrains.plugins.cucumber.inspections.CucumberTableInspection$1
4679:            24            576  org.jetbrains.plugins.cucumber.inspections.GherkinBrokenTableInspection$1
4680:            24            576  org.jetbrains.plugins.cucumber.inspections.GherkinMisplacedBackgroundInspection$1
4681:            24            576  org.jetbrains.plugins.gradle.codeInspection.MultipleRepositoryUrlsInspection$MyVisitor
4682:            24            576  org.jetbrains.plugins.grails.lang.gsp.GspTagInspection$1
4683:            24            576  org.jetbrains.plugins.groovy.codeInspection.assignment.GroovySillyAssignmentInspection$Visitor
4684:            24            576  org.jetbrains.plugins.groovy.codeInspection.assignment.GroovyUncheckedAssignmentOfMemberOfRawTypeInspection$Visitor
4685:            24            576  org.jetbrains.plugins.groovy.codeInspection.bugs.GrEqualsBetweenInconvertibleTypesInspection$MyVisitor
4686:            24            576  org.jetbrains.plugins.groovy.codeInspection.bugs.GroovyConstructorNamedArgumentsInspection$MyVisitor
4687:            24            576  org.jetbrains.plugins.groovy.codeInspection.bugs.GroovyDivideByZeroInspection$Visitor
4688:            24            576  org.jetbrains.plugins.groovy.codeInspection.bugs.GroovyInArgumentCheckInspection$MyVisitor
4689:            24            576  org.jetbrains.plugins.groovy.codeInspection.bugs.GroovyInfiniteLoopStatementInspection$Visitor
4690:            24            576  org.jetbrains.plugins.groovy.codeInspection.bugs.GroovyInfiniteRecursionInspection$Visitor
4691:            24            576  org.jetbrains.plugins.groovy.codeInspection.bugs.GroovyLabeledStatementInspection$MyVisitor
4692:            24            576  org.jetbrains.plugins.groovy.codeInspection.bugs.GroovyResultOfObjectAllocationIgnoredInspection$Visitor
4693:            24            576  org.jetbrains.plugins.groovy.codeInspection.confusing.GrUnusedIncDecInspection$GrUnusedIncDecInspectionVisitor
4694:            24            576  org.jetbrains.plugins.groovy.codeInspection.confusing.GroovyDoubleNegationInspection$DoubleNegationVisitor
4695:            24            576  org.jetbrains.plugins.groovy.codeInspection.confusing.GroovyEmptyStatementBodyInspection$Visitor
4696:            24            576  org.jetbrains.plugins.groovy.codeInspection.confusing.GroovyGStringKeyInspection$Visitor
4697:            24            576  org.jetbrains.plugins.groovy.codeInspection.control.GroovyConditionalWithIdenticalBranchesInspection$Visitor
4698:            24            576  org.jetbrains.plugins.groovy.codeInspection.control.GroovyConstantConditionalInspection$ConstantConditionalExpressionVisitor
4699:            24            576  org.jetbrains.plugins.groovy.codeInspection.control.GroovyConstantIfStatementInspection$ConstantIfStatementVisitor
4700:            24            576  org.jetbrains.plugins.groovy.codeInspection.control.GroovyFallthroughInspection$Visitor
4701:            24            576  org.jetbrains.plugins.groovy.codeInspection.control.GroovyIfStatementWithIdenticalBranchesInspection$IfStatementWithIdenticalBranchesVisitor
4702:            24            576  org.jetbrains.plugins.groovy.codeInspection.control.GroovyTrivialConditionalInspection$UnnecessaryConditionalExpressionVisitor
4703:            24            576  org.jetbrains.plugins.groovy.codeInspection.control.GroovyTrivialIfInspection$TrivialIfVisitor
4704:            24            576  org.jetbrains.plugins.groovy.codeInspection.control.GroovyUnnecessaryContinueInspection$Visitor
4705:            24            576  org.jetbrains.plugins.groovy.codeInspection.control.GroovyUnnecessaryReturnInspection$Visitor
4706:            24            576  org.jetbrains.plugins.groovy.codeInspection.exception.GroovyUnusedCatchParameterInspection$Visitor
4707:            24            576  org.jetbrains.plugins.groovy.codeInspection.noReturnMethod.MissingReturnInspection$1
4708:            24            576  org.jetbrains.plugins.groovy.codeInspection.secondUnsafeCall.SecondUnsafeCallInspection$1
4709:            24            576  org.jetbrains.plugins.groovy.codeInspection.style.GrUnnecessaryDefModifierInspection$buildVisitor$1
4710:            24            576  org.jetbrains.plugins.groovy.codeInspection.style.GrUnnecessaryPublicModifierInspection$1
4711:            24            576  org.jetbrains.plugins.groovy.codeInspection.style.GrUnnecessarySemicolonInspection$2
4712:            24            576  org.jetbrains.plugins.groovy.codeInspection.threading.GroovyAccessToStaticFieldLockedOnInstanceInspection$Visitor
4713:            24            576  org.jetbrains.plugins.groovy.codeInspection.threading.GroovySynchronizationOnNonFinalFieldInspection$Visitor
4714:            24            576  org.jetbrains.plugins.groovy.codeInspection.threading.GroovySynchronizationOnVariableInitializedWithLiteralInspection$Visitor
4715:            24            576  org.jetbrains.plugins.groovy.codeInspection.threading.GroovyUnsynchronizedMethodOverridesSynchronizedMethodInspection$Visitor
4716:            24            576  org.jetbrains.plugins.groovy.codeInspection.type.GroovyTypeCheckVisitor
4717:            24            576  org.jetbrains.plugins.groovy.codeInspection.validity.GroovyDuplicateSwitchBranchInspection$Visitor
4718:            24            576  org.jetbrains.plugins.groovy.codeInspection.validity.GroovyUnreachableStatementInspection$Visitor
4719:            24            576  org.jetbrains.plugins.haml.codeInsight.inspections.HamlNestedTagContentInspection$1
4720:            24            576  org.jetbrains.plugins.javaFX.css.inspections.JavaFxUnresolvedStyleClassReferenceInspection$1
4721:            24            576  org.jetbrains.plugins.less.inspections.LessResolvedByNameOnlyInspection$1
4722:            24            576  org.jetbrains.plugins.less.inspections.LessUnresolvedMixinInspection$1
4723:            24            576  org.jetbrains.plugins.less.inspections.LessUnresolvedVariableInspection$1
4724:            24            576  org.jetbrains.plugins.scss.inspections.SassScssResolvedByNameOnlyInspection$1
4725:            24            576  org.jetbrains.plugins.scss.inspections.SassScssUnresolvedMixinInspection$1
4726:            24            576  org.jetbrains.plugins.scss.inspections.SassScssUnresolvedPlaceholderSelectorInspection$1
4727:            24            576  org.jetbrains.plugins.scss.inspections.SassScssUnresolvedVariableInspection$1
4728:            18            576  sun.font.TrueTypeGlyphMapper
4729:            36            576  sun.java2d.loops.GraphicsPrimitiveMgr$PrimitiveSpec
4730:             9            576  sun.java2d.loops.RenderLoops
4731:            24            576  sun.nio.ch.SocketOptionRegistry$RegistryKey
4732:            25            560  [Lcom.intellij.openapi.util.TextRange;
4733:             7            560  com.intellij.codeInsight.daemon.impl.DaemonProgressIndicator
4734:             5            560  com.intellij.ide.plugins.PluginNode
4735:            14            560  com.intellij.ide.ui.EditorOptionDescription
4736:             5            560  com.intellij.ide.ui.laf.intellij.WinIntelliJSliderUI
4737:            14            560  com.intellij.openapi.editor.impl.CaretImpl$PositionMarker
4738:             5            560  com.intellij.openapi.vcs.ex.PartialLocalLineStatusTracker
4739:            10            560  com.intellij.psi.css.impl.util.table.CssMarginWidthValue
4740:            35            560  com.intellij.psi.css.inspections.style.CssRedundantUnitInspection$1$$Lambda$4267/1045388090
4741:            35            560  com.intellij.psi.impl.source.ClassInnerStuffCache$$Lambda$3608/131781131
4742:            10            560  com.intellij.psi.impl.source.xml.XmlCommentImpl
4743:            14            560  com.intellij.ui.popup.AbstractPopup$1
4744:            10            560  com.intellij.ui.table.JBTable$1
4745:            14            560  com.intellij.uiDesigner.core.HorizontalInfo
4746:            14            560  com.intellij.uiDesigner.core.LayoutState
4747:            14            560  com.intellij.uiDesigner.core.VerticalInfo
4748:            10            560  com.intellij.util.SingleAlarm
4749:            35            560  com.intellij.util.containers.hash.LinkedHashMap$Values
4750:            35            560  java.net.InetSocketAddress
4751:            14            560  javax.management.openmbean.SimpleType
4752:            10            560  sun.invoke.util.Wrapper
4753:            23            552  [Lcom.intellij.lang.folding.CustomFoldingProvider;
4754:            23            552  [Lcom.intellij.openapi.actionSystem.KeyboardShortcut;
4755:            23            552  com.android.ide.common.repository.GradleVersion$VersionSegment
4756:            23            552  com.intellij.compiler.server.CompileServerPlugin
4757:            23            552  com.intellij.lang.javascript.psi.ecmal4.impl.JSClassBase$ClassesUserDataCache$1$1
4758:            23            552  com.intellij.psi.UastReferenceRegistrar$uastLiteralReferenceProvider$1
4759:            23            552  com.intellij.util.containers.FactoryMap$3
4760:            23            552  com.jediterm.terminal.TextStyle
4761:            23            552  com.sun.jmx.mbeanserver.PerInterface$MethodAndSig
4762:            23            552  java.util.Collections$UnmodifiableNavigableSet
4763:            23            552  javax.swing.RepaintManager$3
4764:            23            544  [Lcom.intellij.openapi.fileEditor.FileEditorProvider;
4765:            27            544  [Lcom.intellij.openapi.util.objectTree.ObjectNode;
4766:            17            544  [Lcom.intellij.openapi.vfs.WritingAccessProvider;
4767:             2            544  [Ljava.lang.Character;
4768:             2            544  [Ljava.util.concurrent.atomic.AtomicBoolean;
4769:            17            544  [Lsun.nio.fs.NativeBuffer;
4770:            17            544  com.intellij.codeInsight.intention.impl.IntentionHintComponent$4
4771:            17            544  com.intellij.database.settings.UserPatterns$ParameterPattern
4772:            34            544  com.intellij.ide.actions.ToggleToolbarAction$$Lambda$743/1547502395
4773:            17            544  com.intellij.lang.javascript.psi.resolve.JSIndexBasedResolveUtil$1
4774:            34            544  com.intellij.openapi.wm.impl.$Proxy100
4775:            34            544  com.intellij.openapi.wm.impl.InternalDecorator$$Lambda$744/1505553130
4776:            34            544  com.intellij.openapi.wm.impl.InternalDecorator$2
4777:            34            544  com.intellij.openapi.wm.impl.InternalDecorator$MyDivider$MyMouseAdapter
4778:            34            544  com.intellij.openapi.wm.impl.ToolWindowHeader$12
4779:            34            544  com.intellij.openapi.wm.impl.content.ToolWindowContentUi$1
4780:            34            544  com.intellij.ui.tabs.impl.TabLabel$$Lambda$1364/507575016
4781:            34            544  com.intellij.ui.tabs.impl.TabLabel$$Lambda$1365/10425998
4782:            17            544  com.intellij.util.containers.hash.LinkedHashMap$Values$1
4783:            17            544  com.intellij.xml.breadcrumbs.PsiCrumb
4784:            17            544  com.siyeh.ig.ui.ExternalizableStringSet
4785:            17            544  java.util.PriorityQueue
4786:             4            544  org.jetbrains.kotlin.cli.common.arguments.CommonCompilerArguments$DummyImpl
4787:            17            544  sun.nio.fs.WindowsChannelFactory$Flags
4788:            17            544  sun.security.x509.DistributionPoint
4789:            17            544  sun.security.x509.URIName
4790:            11            528  [Lcom.intellij.compiler.server.BuildProcessParametersProvider;
4791:             2            528  [Lcom.sun.tools.javac.main.Option;
4792:             1            528  [Lorg.apache.commons.collections.map.AbstractHashedMap$HashEntry;
4793:            22            528  com.google.gson.internal.bind.TypeAdapters$32
4794:             6            528  com.intellij.codeInsight.daemon.impl.DaemonCodeAnalyzerImpl$3
4795:            22            528  com.intellij.codeInsight.daemon.impl.DefaultHighlightInfoProcessor$$Lambda$1917/716328501
4796:            22            528  com.intellij.concurrency.ApplierCompleter$$Lambda$1986/346730191
4797:            11            528  com.intellij.lang.javascript.inspections.JSReferencingMutableVariableFromClosureInspection$1$3
4798:            11            528  com.intellij.lang.javascript.psi.stubs.impl.TypeScriptMappedTypeParameterStubImpl
4799:            22            528  com.intellij.openapi.util.KeyedExtensionCollector$$Lambda$265/190438427
4800:            22            528  com.intellij.openapi.vcs.FileStatusFactory$FileStatusImpl
4801:            22            528  com.intellij.openapi.vcs.changes.ChangeListsIndexes$Data
4802:            22            528  com.intellij.openapi.wm.impl.status.ProgressButton
4803:            22            528  com.intellij.psi.CustomHighlighterTokenType$CustomElementType
4804:            33            528  com.intellij.psi.UastReferenceProviderAdapter
4805:            22            528  com.intellij.psi.css.impl.descriptor.value.CssPositionValue
4806:            22            528  com.intellij.psi.impl.source.codeStyle.lineIndent.JavaLikeLangLineIndentProvider$JavaLikeElement
4807:            22            528  com.intellij.psi.impl.source.tree.injected.FoldingModelWindow
4808:            33            528  com.intellij.psi.impl.source.tree.injected.JavaConcatenationInjectorManager$BaseConcatenation2InjectorAdapter$$Lambda$3718/2031176519
4809:            22            528  com.intellij.psi.impl.source.tree.injected.SelectionModelWindow
4810:            22            528  com.intellij.psi.tree.jsp.IJspElementType
4811:            22            528  com.intellij.psi.tree.xml.IXmlElementType
4812:            22            528  com.intellij.ui.TreeExpandableItemsHandler$1
4813:            22            528  com.intellij.ui.TreeExpandableItemsHandler$2
4814:            22            528  com.intellij.ui.TreeExpandableItemsHandler$3
4815:            22            528  com.intellij.ui.TreeExpandableItemsHandler$4
4816:            33            528  com.intellij.ui.tabs.impl.JBTabsImpl$$Lambda$932/296931079
4817:            33            528  com.intellij.ui.tabs.impl.JBTabsImpl$1
4818:            33            528  com.intellij.ui.tabs.impl.JBTabsImpl$2
4819:            33            528  com.intellij.ui.tabs.impl.JBTabsImpl$6
4820:            22            528  com.intellij.util.containers.JBIterable$Appended
4821:            22            528  com.intellij.util.ui.ButtonlessScrollBarUI$1
4822:            22            528  com.intellij.util.ui.ButtonlessScrollBarUI$7
4823:            22            528  com.intellij.util.ui.ButtonlessScrollBarUI$8
4824:            22            528  com.intellij.util.ui.tree.WideSelectionTreeUI$1
4825:            33            528  com.intellij.util.xml.impl.InvocationCache$15
4826:            22            528  com.sun.jmx.mbeanserver.NamedObject
4827:            22            528  java.util.Collections$SynchronizedCollection
4828:            22            528  java.util.Collections$SynchronizedRandomAccessList
4829:            22            528  javax.swing.plaf.basic.BasicScrollBarUI$ScrollListener
4830:             6            528  javax.swing.text.html.ImageView
4831:            22            528  kotlin.reflect.jvm.internal.impl.incremental.components.NoLookupLocation
4832:            22            528  org.apache.commons.imaging.ImageFormats
4833:            22            528  org.apache.xerces.util.AugmentationsImpl$SmallContainer
4834:            22            528  org.intellij.lang.regexp.RegExpCapability
4835:            22            528  org.jaxen.expr.DefaultAndExpr
4836:            22            528  org.jetbrains.kotlin.incremental.components.NoLookupLocation
4837:            11            528  org.jetbrains.plugins.grails.util.GrailsArtifact
4838:            11            528  sun.swing.ImageIconUIResource
4839:            13            520  com.intellij.ide.util.treeView.AbstractTreeUi$ElementNode
4840:            13            520  com.intellij.spring.facet.SpringFileSetData
4841:             5            520  com.intellij.util.indexing.SnapshotInputMappings$1
4842:            13            520  com.sun.tools.jdi.ConnectorImpl$StringArgumentImpl
4843:            13            520  java.beans.GenericBeanInfo
4844:            13            520  java.lang.invoke.MethodHandleImpl$IntrinsicMethodHandle
4845:            13            520  javax.swing.plaf.basic.BasicLookAndFeel$AudioAction
4846:            32            512  com.android.sdklib.repository.generated.addon.v1.MavenType
4847:            16            512  com.ansorgit.plugins.bash.lang.parser.BashElementTypes$BashCompositeElementType
4848:             4            512  com.intellij.codeInsight.daemon.impl.ChameleonSyntaxHighlightingPass
4849:             4            512  com.intellij.codeInsight.daemon.impl.ExternalToolPass
4850:             4            512  com.intellij.codeInsight.daemon.impl.GeneralHighlightingPass
4851:             4            512  com.intellij.codeInsight.daemon.impl.InjectedGeneralHighlightingPass
4852:             8            512  com.intellij.codeInsight.daemon.impl.UpdateHighlightersUtil$$Lambda$2085/248706516
4853:            16            512  com.intellij.codeInsight.folding.impl.FoldingUpdate$RegionInfo
4854:            32            512  com.intellij.codeInsight.intention.impl.IntentionListStep$$Lambda$2752/1410334369
4855:            16            512  com.intellij.codeInspection.naming.NamingConventionBean
4856:             8            512  com.intellij.ide.highlighter.custom.SyntaxTable
4857:            16            512  com.intellij.ide.ui.laf.darcula.ui.TextFieldWithPopupHandlerUI$IconHolder
4858:             8            512  com.intellij.lang.javascript._E4XLexer
4859:            16            512  com.intellij.lang.javascript.psi.ecmal4.impl.JSReferenceListImpl
4860:            16            512  com.intellij.lang.javascript.psi.types.JSApplyCallType
4861:            16            512  com.intellij.lang.javascript.psi.types.TypeScriptTypeOperatorJSTypeImpl
4862:            16            512  com.intellij.openapi.editor.impl.EditorMarkupModelImpl$PositionedStripe
4863:            16            512  com.intellij.openapi.util.WriteExternalException
4864:            16            512  com.intellij.openapi.vcs.changes.SwitchedFileHolder
4865:            16            512  com.intellij.psi.css.descriptor.CssContextType
4866:            16            512  com.intellij.psi.impl.source.xml.XmlAttributeImpl$VolatileState
4867:             8            512  com.intellij.spring.boot.model.autoconfigure.conditions.jam.ConditionalOnSingleCandidate$$EnhancerByJetBrainsMainCglib$$ae4404e3
4868:             8            512  com.intellij.spring.boot.run.SpringBootApplicationRunConfiguration$SpringBootApplicationRunConfigurationBean
4869:            16            512  com.intellij.util.IntSLRUCache
4870:            32            512  com.intellij.util.text.UniqueNameGenerator
4871:            16            512  com.intellij.velocity.psi.VtlCompositeStarterTokenType
4872:             8            512  com.intellij.webcore.libraries.ScriptingLibraryMappings$CompoundLibrary
4873:             8            512  io.netty.channel.ChannelOutboundBuffer
4874:            16            512  java.awt.geom.Path2D$Float
4875:            16            512  java.rmi.server.UID
4876:            16            512  java.security.Permissions
4877:            16            512  java.time.temporal.ChronoUnit
4878:            32            512  java.util.Optional
4879:            16            512  java.util.concurrent.ScheduledThreadPoolExecutor$DelayedWorkQueue
4880:            16            512  javax.swing.plaf.basic.BasicRadioButtonUI$SelectNextBtn
4881:            16            512  javax.swing.plaf.basic.BasicRadioButtonUI$SelectPreviousBtn
4882:             8            512  kotlin.reflect.jvm.internal.KProperty0Impl
4883:            16            512  org.jetbrains.plugins.javaFX.fxml.refs.FxmlReferencesContributor$MyJavaClassReferenceProvider
4884:            16            512  sun.reflect.generics.reflectiveObjects.WildcardTypeImpl
4885:            16            512  sun.security.ssl.CipherSuite$KeyExchange
4886:             6            504  [Ljavax.swing.Action;
4887:            18            504  [Lkotlin.reflect.jvm.internal.impl.util.Check;
4888:            18            504  [Lorg.jetbrains.kotlin.util.Check;
4889:             9            504  com.intellij.codeInsight.daemon.impl.Divider$DividedElements
4890:             7            504  com.intellij.codeInsight.daemon.impl.ShowAutoImportPass
4891:             9            504  com.intellij.codeInsight.intention.impl.IntentionHintComponent
4892:             9            504  com.intellij.codeInsight.intention.impl.IntentionListStep
4893:            21            504  com.intellij.database.util.Casing
4894:            21            504  com.intellij.execution.process.ProcessEvent
4895:            21            504  com.intellij.lang.folding.LanguageFolding$$Lambda$1112/1563087341
4896:            21            504  com.intellij.openapi.util.objectTree.ObjectNode$1
4897:            21            504  com.intellij.patterns.PsiModifierListOwnerPattern$1
4898:            21            504  com.intellij.persistence.ManipulatorsRegistryImpl$1MyFactory
4899:             7            504  com.intellij.psi.impl.source.PsiPlainTextFileImpl
4900:            21            504  com.intellij.ui.SpeedSearchComparator
4901:            21            504  com.intellij.util.text.VersionComparatorUtil$VersionTokenType
4902:            21            504  com.jetbrains.quirksmode.CssSelectorPattern
4903:             9            504  freemarker.template.Version
4904:             7            504  io.netty.channel.AdaptiveRecvByteBufAllocator$HandleImpl
4905:            21            504  java.lang.Class$MethodArray
4906:            21            504  java.util.AbstractMap$SimpleImmutableEntry
4907:            21            504  java.util.Formatter$FixedString
4908:            21            504  kotlin.reflect.jvm.internal.impl.load.java.NameAndSignature
4909:            21            504  org.apache.xerces.impl.xpath.regex.Op$StringOp
4910:            21            504  org.intellij.plugins.relaxNG.compact.psi.impl.RncDefineImpl
4911:            21            504  org.jetbrains.kotlin.load.java.NameAndSignature
4912:            21            504  org.jetbrains.plugins.scss.SCSSElementType
4913:             9            504  sun.awt.image.SunVolatileImage
4914:            21            504  sun.security.x509.AVAKeyword
4915:            21            496  [Lcom.intellij.openapi.module.Module;
4916:             1            496  [Lcom.intellij.ui.stripe.ErrorStripePainter$Value;
4917:             6            496  [Lorg.apache.xerces.xni.QName;
4918:             1            496  com.intellij.execution.util.ListTableWithButtons$1
4919:            31            496  com.intellij.jam.reflect.JamInstantiator$1
4920:            31            496  com.intellij.lang.javascript.ecmascript6.TypeScriptCallExpressionResolver$$Lambda$2699/1363585790
4921:            31            496  com.intellij.lang.javascript.ecmascript6.TypeScriptCallExpressionResolver$$Lambda$2700/180378940
4922:            31            496  com.intellij.openapi.command.impl.DocumentReferenceByVirtualFile
4923:            31            496  com.intellij.psi.css.impl.util.completion.IntegerUserLookup
4924:             1            496  com.intellij.terminal.JBTerminalPanel
4925:             1            488  [Lcom.intellij.psi.stubs.StubIndexExtension;
4926:             1            488  sun.swing.FilePane
4927:             6            480  [Lcom.intellij.ide.projectView.TreeStructureProvider;
4928:             1            480  [Lcom.intellij.util.xml.DomFileDescription;
4929:            13            480  [Lde.plushnikov.intellij.plugin.processor.AbstractProcessor;
4930:             8            480  [Lnet.sourceforge.pmd.lang.ast.xpath.AttributeAxisIterator$MethodWrapper;
4931:            18            480  [Lorg.apache.xerces.impl.xs.XSComplexTypeDecl;
4932:            10            480  [Lsun.awt.SunHints$Value;
4933:             4            480  [[Ljava.lang.Object;
4934:             6            480  com.intellij.application.options.editor.EditorSmartKeysConfigurableEP
4935:            30            480  com.intellij.codeInsight.daemon.impl.DaemonTooltipRendererProvider
4936:            10            480  com.intellij.codeInsight.navigation.NavigationGutterIconBuilder$MyNavigationGutterIconRenderer
4937:             6            480  com.intellij.codeInspection.ex.InspectionProfileImpl
4938:            15            480  com.intellij.database.model.MetaModelImpl
4939:            12            480  com.intellij.designer.AbstractToolWindowManager$1
4940:            15            480  com.intellij.execution.impl.TimedIconCache$get$$inlined$write$lambda$1
4941:             3            480  com.intellij.execution.ui.layout.impl.RunnerContentUi
4942:            20            480  com.intellij.htmltools.xml.util.HtmlReferenceProvider$HtmlIdSelfReference
4943:            10            480  com.intellij.ide.actions.NonTrivialActionGroup
4944:            12            480  com.intellij.ide.browsers.LaunchBrowserBeforeRunTaskState
4945:             5            480  com.intellij.ide.scratch.ScratchProjectViewPane$MyProjectNode
4946:            15            480  com.intellij.javascript.nodejs.ForRequireModuleInfo
4947:            12            480  com.intellij.lang.javascript.buildTools.grunt.rc.GruntRunSettings$Builder
4948:            12            480  com.intellij.lang.javascript.buildTools.gulp.rc.GulpRunSettings$Builder
4949:            15            480  com.intellij.lang.javascript.modules.JSModuleNameInfo
4950:            12            480  com.intellij.lang.javascript.psi.stubs.impl.TypeScriptTypeofTypeStubImpl
4951:            20            480  com.intellij.openapi.editor.colors.impl.AdditionalTextAttributesEP
4952:             4            480  com.intellij.openapi.vcs.VcsConfiguration
4953:            20            480  com.intellij.openapi.vcs.changes.ChangeListManagerImpl$$Lambda$2215/1441939489
4954:            15            480  com.intellij.openapi.vcs.changes.RecursiveFileHolder
4955:            15            480  com.intellij.openapi.vcs.impl.ContentRevisionCache$Key
4956:            20            480  com.intellij.openapi.vfs.newvfs.FileAttribute
4957:            30            480  com.intellij.openapi.wm.impl.StripeButton$1
4958:            30            480  com.intellij.openapi.wm.impl.StripeButton$MyKeymapListener
4959:            30            480  com.intellij.openapi.wm.impl.StripeButton$MyPopupHandler
4960:            30            480  com.intellij.openapi.wm.impl.ToolWindowImpl$2
4961:            30            480  com.intellij.openapi.wm.impl.content.ToolWindowContentUi$2
4962:            20            480  com.intellij.patterns.XmlAttributeValuePattern$3
4963:            15            480  com.intellij.psi.PsiWildcardType
4964:            15            480  com.intellij.psi.impl.source.javadoc.SimpleDocTagInfo
4965:            30            480  com.intellij.spring.contexts.model.LocalAnnotationModelImpl$$Lambda$2565/318118204
4966:            20            480  com.intellij.spring.references.StaticStringValuesReferenceProvider
4967:            10            480  com.intellij.ui.TableExpandableItemsHandler
4968:            15            480  com.intellij.ui.TreeSpeedSearch$MySelectAllAction
4969:            10            480  com.intellij.ui.plaf.beg.BegTableUI
4970:            30            480  com.intellij.ui.tabs.impl.JBTabsImpl$$Lambda$3002/1236371467
4971:            12            480  com.intellij.uiDesigner.AbstractToolWindowManager$1
4972:            20            480  com.intellij.util.containers.ConcurrentWeakKeySoftValueHashMap$HardKey
4973:            20            480  com.intellij.util.io.BaseDataReader$1
4974:            15            480  com.intellij.util.xml.ModelMergerImpl
4975:            20            480  com.jetbrains.quirksmode.CssDeclarationPattern$2
4976:            12            480  com.sun.jmx.mbeanserver.PerInterface
4977:            15            480  java.awt.Toolkit$SelectiveAWTEventListener
4978:            15            480  java.io.DataOutputStream
4979:            20            480  java.lang.RuntimePermission
4980:            20            480  java.lang.ThreadLocal$SuppliedThreadLocal
4981:            12            480  java.lang.reflect.Proxy$Key2
4982:            10            480  java.util.ComparableTimSort
4983:            30            480  java.util.Formatter$Flags
4984:            12            480  java.util.stream.Nodes$SpinedNodeBuilder
4985:            30            480  javax.swing.plaf.basic.BasicListUI$Actions
4986:            20            480  kotlin.reflect.jvm.internal.impl.protobuf.ExtensionRegistryLite$ObjectIntPair
4987:            15            480  net.sourceforge.pmd.benchmark.Benchmark
4988:            20            480  net.sourceforge.pmd.lang.dfa.SequenceChecker$Status
4989:             6            480  net.sourceforge.pmd.lang.java.ast.ASTMultiplicativeExpression
4990:             6            480  net.sourceforge.pmd.lang.java.ast.ASTUnaryExpressionNotPlusMinus
4991:            12            480  net.sourceforge.pmd.lang.rule.xpath.JaxenXPathRuleQuery
4992:             3            480  org.apache.xerces.impl.xs.SchemaGrammar$BuiltinSchemaGrammar
4993:            15            480  org.apache.xerces.util.XMLGrammarPoolImpl$Entry
4994:            12            480  org.apache.xerces.xni.parser.XMLInputSource
4995:             3            480  org.jetbrains.idea.maven.project.MavenProject$State
4996:            20            480  org.jetbrains.uast.java.JavaAbstractUElement$uastParent$2
4997:            12            480  org.xml.sax.SAXNotRecognizedException
4998:            20            480  org.zeroturnaround.javarebel.reporting.MessageType$Strategy
4999:             3            480  org.zmlx.hg4idea.HgVcs
5000:            10            480  sun.font.CMap$CMapFormat4
5001:            30            480  sun.security.x509.GeneralName
5002:            20            480  sun.swing.SwingLazyValue
5003:             1            472  com.intellij.ui.components.JBLabel$1
5004:             1            472  javax.swing.plaf.metal.MetalFileChooserUI$3
5005:            29            464  com.intellij.debugger.streams.resolve.MapResolver
5006:             1            464  com.intellij.ide.errorTreeView.NewErrorTreeViewPanel$4
5007:             1            464  com.intellij.openapi.wm.impl.IdeMenuBar$MyExitFullScreenButton
5008:            29            464  com.intellij.psi.css.descriptor.CssVersionDescriptorComparator
5009:            29            464  com.intellij.usages.impl.rules.UsageType
5010:            29            464  java.util.IdentityHashMap$KeySet
5011:            29            464  sun.security.x509.GeneralNames
5012:             8            456  [Lcom.intellij.openapi.fileTypes.FileTypeExtensionPoint;
5013:            19            456  [Lcom.intellij.psi.search.IndexPatternProvider;
5014:            19            456  [Ljava.lang.Iterable;
5015:            19            456  [Ljavax.management.MBeanParameterInfo;
5016:             6            456  [Lsun.invoke.util.Wrapper;
5017:            19            456  com.intellij.cvsSupport2.actions.actionVisibility.CvsActionVisibility
5018:             3            456  com.intellij.ide.projectView.impl.ProjectViewImpl
5019:            19            456  com.intellij.lang.javascript.psi.resolve.JSNamedElementKind
5020:            19            456  com.intellij.openapi.ui.ComboBox$MyEditor
5021:            19            456  com.intellij.openapi.ui.ComboBoxWithWidePopup$AdjustingListCellRenderer
5022:            19            456  com.intellij.openapi.ui.ThreeComponentsSplitter$Divider$1
5023:            19            456  com.intellij.psi.css.impl.descriptor.value.CssAngleValue
5024:            19            456  com.intellij.refactoring.rename.inplace.MyLookupExpression$1
5025:            19            456  com.intellij.util.ui.UIUtil$17
5026:            19            456  com.rover12421.exTENdS.synCHrOnIZED.ThrOWS
5027:            19            456  java.time.Duration
5028:            19            456  org.apache.xerces.util.SecurityManager
5029:            19            456  org.jdom.Document
5030:            19            456  org.jdom.input.TextBuffer
5031:            19            456  org.jetbrains.kotlin.lexer.KtToken
5032:            19            456  org.zeroturnaround.javarebel.IDENotifications$IDENotificationType
5033:            19            456  sun.java2d.loops.CompositeType
5034:            19            456  sun.security.jca.GetInstance$Instance
5035:             8            448  [Lcom.intellij.psi.ResolveScopeProvider;
5036:             5            448  [Ljava.lang.Thread;
5037:            16            448  [Ljava.util.ArrayList;
5038:             8            448  com.google.common.collect.RegularImmutableBiMap
5039:            28            448  com.intellij.database.DatabaseFamilyId
5040:            14            448  com.intellij.lang.folding.FoldingDescriptor
5041:            14            448  com.intellij.openapi.actionSystem.impl.ActionToolbarImpl$ToolbarReference
5042:            28            448  com.intellij.openapi.fileEditor.impl.text.FileDropHandler
5043:             4            448  com.intellij.openapi.roots.impl.ProjectRootManagerComponent
5044:            28            448  com.intellij.openapi.wm.impl.content.ContentTabLabel$3
5045:            14            448  com.intellij.openapi.wm.impl.status.IdeStatusBarImpl$WidgetBean
5046:            28            448  com.intellij.patterns.XmlElementPattern$Capture$1
5047:             8            448  com.intellij.psi.css.impl.util.table.CssElementDescriptorFactory$1
5048:             8            448  com.intellij.psi.impl.source.PsiDiamondTypeElementImpl
5049:            28            448  com.intellij.psi.impl.source.tree.AstPath$RootPath
5050:            14            448  com.intellij.psi.search.searches.IndexPatternSearch$SearchParameters
5051:             7            448  com.intellij.spring.web.mvc.jam.SpringRequestMapping$ClassMapping$$EnhancerByJetBrainsMainCglib$$b138afd1
5052:            28            448  com.intellij.ui.components.ScrollPainter$SubtractComposite
5053:             8            448  com.intellij.ui.tabs.impl.JBTabsImpl$ShapeInfo
5054:            14            448  com.intellij.util.PatchedWeakReference
5055:            14            448  com.intellij.util.containers.ConcurrentWeakKeyWeakValueHashMap
5056:            14            448  com.intellij.util.containers.WeakHashSet$HardRef
5057:            14            448  com.intellij.util.indexing.impl.UpdateData
5058:            14            448  com.intellij.util.xml.model.impl.BaseDomModelFactory$1
5059:            14            448  com.intellij.util.xml.model.impl.BaseDomModelFactory$2
5060:            14            448  com.intellij.velocity.psi.VtlOperatorTokenType
5061:            28            448  com.sun.proxy.$Proxy106
5062:            28            448  com.sun.proxy.$Proxy32
5063:            14            448  java.util.concurrent.ConcurrentHashMap$ForwardingNode
5064:             8            448  javax.management.openmbean.OpenMBeanParameterInfoSupport
5065:             1            448  javax.swing.JFrame
5066:            14            448  kotlin.reflect.jvm.internal.impl.protobuf.WireFormat$FieldType
5067:             2            448  org.apache.xerces.impl.XMLNSDocumentScannerImpl
5068:            14            448  org.intellij.plugins.relaxNG.compact.RncElementTypeEx
5069:             4            448  org.jetbrains.idea.maven.project.MavenProjectsManager
5070:            14            448  org.jetbrains.kotlin.protobuf.WireFormat$FieldType
5071:             7            448  org.jetbrains.kotlin.serialization.deserialization.descriptors.DeserializedClassDescriptor$DeserializedClassMemberScope
5072:            14            448  org.jetbrains.kotlin.types.SimpleTypeImpl
5073:            14            448  sun.font.FreetypeFontScaler
5074:             7            448  sun.java2d.windows.GDIBlitLoops
5075:            14            448  sun.security.util.MemoryCache
5076:            14            448  sun.security.x509.CRLDistributionPointsExtension
5077:            14            440  [[S
5078:            11            440  com.intellij.codeInspection.lambdaToExplicit.LambdaAndExplicitMethodPair
5079:             5            440  com.intellij.ide.util.treeView.AbstractTreeBuilder$AbstractTreeNodeWrapper
5080:            11            440  com.intellij.lang.javascript.psi.stubs.impl.TypeScriptMappedTypeStubImpl
5081:            11            440  com.intellij.psi.stubs.StubInputStream
5082:             1            440  com.intellij.ui.MultilineTreeCellRenderer$3
5083:            11            440  com.jediterm.terminal.ui.TerminalAction
5084:            11            440  io.netty.util.DefaultAttributeMap$DefaultAttribute
5085:            11            440  java.util.stream.SliceOps$1$1
5086:            11            440  javax.swing.text.GapContent$InsertUndo
5087:             5            440  net.sourceforge.pmd.lang.java.ast.ASTClassOrInterfaceDeclaration
5088:             5            440  net.sourceforge.pmd.lang.java.ast.ASTCompilationUnit
5089:             5            440  net.sourceforge.pmd.lang.java.ast.JavaParser
5090:             5            440  net.sourceforge.pmd.lang.java.ast.JavaParserTokenManager
5091:            11            440  org.jetbrains.kotlin.storage.LockBasedStorageManager$3
5092:            11            440  org.zeroturnaround.jrebel.ide.common.notifications.NotificationType
5093:            11            440  sun.security.ec.ECPublicKeyImpl
5094:             9            432  [Lcom.intellij.psi.impl.source.xml.XmlElementDescriptorProvider;
5095:            24            432  [Ljava.nio.file.LinkOption;
5096:             9            432  [Lorg.ini4j.spi.AbstractBeanInvocationHandler$Prefix;
5097:             1            432  [[[C
5098:            27            432  com.android.sdklib.repository.generated.repository.v1.LayoutlibType
5099:            27            432  com.intellij.codeInsight.daemon.impl.DefaultHighlightInfoProcessor
5100:            18            432  com.intellij.codeInsight.unwrap.ScopeHighlighter
5101:            18            432  com.intellij.codeInspection.java18StreamApi.StaticPseudoFunctionalStyleMethodOptions$PipelineElement
5102:             6            432  com.intellij.compiler.server.BuildManager$6
5103:             6            432  com.intellij.execution.lineMarker.RunLineMarkerProvider$1
5104:             9            432  com.intellij.execution.ui.layout.impl.TabImpl
5105:             9            432  com.intellij.execution.ui.layout.impl.TabImpl$Default
5106:            27            432  com.intellij.ide.dnd.DnDSupport$DnDNativeTargetWrapper
5107:            18            432  com.intellij.jam.reflect.JamAnnotationArchetype
5108:             9            432  com.intellij.jam.reflect.JamParameterMeta
5109:             9            432  com.intellij.lang.javascript.psi.stubs.impl.TypeScriptModuleStubImpl
5110:            18            432  com.intellij.lang.javascript.psi.types.primitives.JSUndefinedType
5111:            18            432  com.intellij.lang.javascript.types.JSFileElementType
5112:            27            432  com.intellij.openapi.editor.impl.EditorComponentImpl$1
5113:            27            432  com.intellij.openapi.editor.impl.EditorComponentImpl$EditorAccessibilityCaret
5114:            27            432  com.intellij.openapi.editor.impl.EditorComponentImpl$EditorAccessibilityTextUI
5115:            27            432  com.intellij.openapi.editor.impl.EditorFilteringMarkupModelEx$$Lambda$994/579615377
5116:            27            432  com.intellij.openapi.editor.impl.EditorGutterComponentImpl$$Lambda$1008/663506222
5117:            27            432  com.intellij.openapi.editor.impl.EditorGutterComponentImpl$$Lambda$1009/663981360
5118:            27            432  com.intellij.openapi.editor.impl.EditorGutterComponentImpl$$Lambda$1010/2097450853
5119:            27            432  com.intellij.openapi.editor.impl.EditorGutterComponentImpl$$Lambda$1011/1026546111
5120:            27            432  com.intellij.openapi.editor.impl.EditorImpl$$Lambda$1006/1818465404
5121:            27            432  com.intellij.openapi.editor.impl.EditorImpl$$Lambda$1012/149836015
5122:            27            432  com.intellij.openapi.editor.impl.EditorImpl$$Lambda$1035/1036264921
5123:            27            432  com.intellij.openapi.editor.impl.EditorImpl$1
5124:            27            432  com.intellij.openapi.editor.impl.EditorImpl$10
5125:            27            432  com.intellij.openapi.editor.impl.EditorImpl$11
5126:            27            432  com.intellij.openapi.editor.impl.EditorImpl$3
5127:            27            432  com.intellij.openapi.editor.impl.EditorImpl$7
5128:            27            432  com.intellij.openapi.editor.impl.EditorImpl$8
5129:            27            432  com.intellij.openapi.editor.impl.EditorImpl$EditorDocumentBulkUpdateAdapter
5130:            27            432  com.intellij.openapi.editor.impl.EditorImpl$MyMouseAdapter
5131:            27            432  com.intellij.openapi.editor.impl.EditorImpl$MyMouseMotionListener
5132:            27            432  com.intellij.openapi.editor.impl.EditorImpl$MyTextDrawingCallback
5133:            27            432  com.intellij.openapi.editor.impl.FoldingAnchorsOverlayStrategy
5134:            27            432  com.intellij.openapi.editor.impl.ScrollingModelImpl$1
5135:            27            432  com.intellij.openapi.editor.impl.SoftWrapModelImpl$1
5136:            27            432  com.intellij.openapi.editor.impl.softwrap.mapping.SoftWrapApplianceManager$$Lambda$1001/1130283222
5137:            27            432  com.intellij.openapi.editor.impl.softwrap.mapping.SoftWrapApplianceManager$DefaultVisibleAreaWidthProvider
5138:            27            432  com.intellij.openapi.editor.impl.view.EditorPainter$XCorrector$LeftAligned
5139:            27            432  com.intellij.openapi.editor.impl.view.EditorSizeManager$1
5140:            27            432  com.intellij.openapi.options.ConfigurableEP$$Lambda$1338/1728977167
5141:            18            432  com.intellij.openapi.util.MultiValuesMap
5142:            18            432  com.intellij.openapi.vcs.changes.UpdatingChangeListBuilder$$Lambda$2214/1375717436
5143:            18            432  com.intellij.openapi.vfs.impl.LightFilePointer
5144:            18            432  com.intellij.patterns.PsiStatementPattern$Capture
5145:            27            432  com.intellij.psi.css.impl.CssTermTypeImpl
5146:             9            432  com.intellij.psi.formatter.xml.XmlCodeStyleSettings
5147:            18            432  com.intellij.psi.tree.java.IJavaDocElementType
5148:            18            432  com.intellij.sql.psi.SqlPrimitiveType
5149:            18            432  com.intellij.sql.psi.SqlType$Category
5150:             6            432  com.intellij.ui.RelativeFont$MyFont
5151:            18            432  com.intellij.ui.components.ScrollPainter$$Lambda$343/378493104
5152:             9            432  com.intellij.ui.popup.list.ListPopupModel
5153:             9            432  com.intellij.ui.popup.list.PopupListElementRenderer
5154:            18            432  com.intellij.util.containers.ConcurrentRefHashMap$EntrySet
5155:            18            432  com.intellij.util.containers.MultiMap$3
5156:            27            432  com.intellij.util.io.PersistentHashMapValueStorage$ReaderOverRandomAccessFileCache
5157:            18            432  com.intellij.xml.util.UserColorLookup
5158:            18            432  com.rover12421.exTENdS.exTENdS.ThrOWS.SyNchRONiZed
5159:            18            432  com.rover12421.exTENdS.exTENdS.ThrOWS.SyNchRONiZed
5160:            27            432  com.sun.proxy.$Proxy131
5161:            18            432  com.sun.xml.internal.bind.v2.runtime.SchemaTypeTransducer
5162:             9            432  io.netty.channel.DefaultChannelPipeline
5163:            18            432  io.netty.channel.VoidChannelPromise
5164:            27            432  java.security.spec.ECFieldFp
5165:            18            432  java.text.DateFormat$Field
5166:             9            432  javassist.CtPrimitiveType
5167:            18            432  kotlin.reflect.jvm.internal.KProperty0Impl$delegateFieldValue$1
5168:            18            432  kotlin.reflect.jvm.internal.KProperty0Impl$getter_$1
5169:            18            432  org.jetbrains.kotlin.serialization.deserialization.AnnotationDeserializer
5170:             9            432  sun.awt.image.BufImgVolatileSurfaceManager
5171:             9            432  sun.java2d.loops.DrawGlyphListColor$General
5172:            10            424  [Ljava.lang.Float;
5173:             1            424  com.intellij.compiler.impl.ProblemsViewPanel
5174:             1            424  javax.swing.JFileChooser
5175:             1            424  javax.swing.SwingUtilities$SharedOwnerFrame
5176:             2            416  [Lcom.intellij.codeInsight.template.TemplateContextType;
5177:            14            416  [Lcom.intellij.psi.PsiAnnotation$TargetType;
5178:             1            416  com.intellij.diagnostic.IdeFatalErrorsIcon
5179:             1            416  com.intellij.diff.util.DiffUtil$1
5180:            26            416  com.intellij.facet.FacetTypeId
5181:             1            416  com.intellij.ide.errorTreeView.CallingBackColoredTreeCellRenderer
5182:            26            416  com.intellij.lang.javascript.index.flags.FlagsStructure
5183:             1            416  com.intellij.openapi.wm.impl.IdeMenuBar
5184:            13            416  com.intellij.patterns.PsiClassPattern$2
5185:            13            416  com.intellij.psi.impl.source.tree.java.PsiLambdaExpressionImpl
5186:            26            416  com.intellij.ui.JBColor$7
5187:             4            416  com.intellij.ui.popup.BalloonPopupBuilderImpl
5188:            26            416  com.intellij.util.containers.hash.HashMap$Values
5189:            13            416  com.intellij.util.ui.JBRectangle
5190:            13            416  com.intellij.util.ui.tree.TreeUtil$1
5191:            13            416  com.intellij.util.ui.tree.TreeUtil$2
5192:            13            416  com.intellij.util.ui.tree.TreeUtil$3
5193:            13            416  com.intellij.util.ui.tree.TreeUtil$4
5194:            26            416  com.sun.xml.internal.bind.v2.runtime.reflect.Lister$CollectionLister
5195:            26            416  gnu.trove.decorator.TIntObjectHashMapDecorator$1
5196:            13            416  java.awt.GradientPaint
5197:            13            416  java.beans.EventHandler
5198:            13            416  java.lang.invoke.SimpleMethodHandle
5199:            13            416  java.nio.file.attribute.FileTime
5200:            13            416  java.util.regex.Pattern$3
5201:            26            416  javax.swing.JMenuItem$MenuItemFocusListener
5202:            26            416  javax.swing.JProgressBar$ModelListener
5203:            26            416  javax.swing.plaf.basic.BasicProgressBarUI$Handler
5204:             4            416  org.apache.xerces.impl.dv.xs.AbstractDateTimeDV$DateTimeData
5205:            13            416  org.jetbrains.kotlin.serialization.ProtoBuf$QualifiedNameTable
5206:            13            416  org.jetbrains.kotlin.serialization.ProtoBuf$StringTable
5207:            13            416  org.picocontainer.defaults.InstanceComponentAdapter
5208:            13            416  sun.management.DiagnosticCommandImpl$Wrapper
5209:             1            416  sun.swing.FilePane$4
5210:            15            408  [Lcom.intellij.diagram.DiagramCategory;
5211:             3            408  [Lcom.intellij.semantic.SemContributorEP;
5212:            15            408  [Lcom.intellij.ui.classFilter.ClassFilter;
5213:            17            408  [Lcom.intellij.util.Function;
5214:            17            408  com.intellij.codeInsight.guess.impl.MethodPattern
5215:            17            408  com.intellij.coldFusion.model.psi.CfmlCompositeElementType
5216:             1            408  com.intellij.ide.errorTreeView.NewErrorTreeRenderer
5217:             1            408  com.intellij.ide.errorTreeView.NewErrorTreeRenderer$MyNotSelectedColoredTreeCellRenderer
5218:             1            408  com.intellij.ide.navigationToolbar.NavBarPanel
5219:            17            408  com.intellij.ide.navigationToolbar.NavBarPanel$2
5220:            17            408  com.intellij.lang.javascript.inspections.JSEqualityComparisonWithCoercionInspection$MyQuickfix
5221:            17            408  com.intellij.lang.javascript.psi.JSLiteralExpressionKind
5222:            17            408  com.intellij.openapi.editor.impl.EditorImpl$$Lambda$996/860680569
5223:            17            408  com.intellij.openapi.editor.impl.MarkupModelImpl$$Lambda$1003/1417410011
5224:             3            408  com.intellij.openapi.progress.impl.BackgroundableProcessIndicator
5225:            17            408  com.intellij.openapi.vcs.impl.FileStatusManagerImpl$$Lambda$2225/1932629126
5226:            17            408  com.intellij.openapi.wm.impl.IdeGlassPaneImpl$1
5227:             1            408  com.intellij.openapi.wm.impl.status.IdeStatusBarImpl$MultipleTextValuesPresentationWrapper
5228:             1            408  com.intellij.openapi.wm.impl.status.ToolWindowsWidget
5229:            17            408  com.intellij.psi.css.impl.descriptor.value.CssTimeValue
5230:            17            408  com.intellij.spring.model.actions.generate.SpringBeanGenerateProvider
5231:            17            408  com.intellij.tasks.jira.jql.codeinsight.JqlFieldType
5232:             1            408  com.intellij.terminal.JBTerminalWidget
5233:            17            408  com.sun.jna.FunctionParameterContext
5234:            17            408  com.sun.xml.internal.bind.v2.runtime.unmarshaller.XsiNilLoader$Array
5235:            17            408  git4idea.GitRevisionNumber
5236:             3            408  git4idea.GitVcs
5237:            17            408  java.util.concurrent.Executors$DefaultThreadFactory
5238:            17            408  javax.swing.plaf.basic.LazyActionMap
5239:            17            408  net.jpountz.lz4.LZ4HCJavaUnsafeCompressor
5240:            17            408  org.intellij.lang.regexp.psi.RegExpSimpleClass$Kind
5241:            17            408  org.jetbrains.kotlin.renderer.DescriptorRendererImpl
5242:            17            408  org.jetbrains.kotlin.renderer.DescriptorRendererImpl$functionTypeAnnotationsRenderer$2
5243:            17            408  org.jetbrains.kotlin.renderer.DescriptorRendererImpl$functionTypeParameterTypesRenderer$2
5244:            17            408  sun.swing.ImageCache
5245:             1            400  [Lcom.intellij.openapi.fileTypes.FileTypeFactory;
5246:             1            400  [Lcom.intellij.xml.util.HTMLControls$Control;
5247:            20            400  [Lorg.jetbrains.uast.UMethod;
5248:             5            400  com.intellij.application.options.editor.CodeFoldingOptionsProviderEP
5249:             5            400  com.intellij.codeInsight.daemon.impl.IdentifierHighlighterPass
5250:             5            400  com.intellij.execution.junit.JUnitConfiguration
5251:            10            400  com.intellij.ide.ui.laf.intellij.WinIntelliJSpinnerUI
5252:            25            400  com.intellij.lang.javascript.inspections.JSPrimitiveTypeWrapperUsageInspection$ReplaceWithSimpleInstantiation
5253:            10            400  com.intellij.lang.javascript.psi.stubs.impl.TypeScriptConditionalTypeStubImpl
5254:             5            400  com.intellij.lang.javascript.service.highlighting.JSLanguageServiceHighlightingPass
5255:             1            400  com.intellij.notification.impl.IdeNotificationArea
5256:            10            400  com.intellij.psi.impl.search.PsiSearchHelperImpl$4
5257:            25            400  com.intellij.psi.impl.source.ClassInnerStuffCache$$Lambda$2762/35649279
5258:            10            400  com.intellij.util.concurrency.QueueProcessor
5259:            10            400  com.sun.java.swing.plaf.windows.DesktopProperty$WeakPCL
5260:             5            400  com.theoryinpractice.testng.configuration.TestNGConfiguration
5261:            10            400  java.lang.invoke.DirectMethodHandle$Accessor
5262:            10            400  java.nio.file.NoSuchFileException
5263:            25            400  java.util.Hashtable$KeySet
5264:            10            400  javax.swing.SpinnerNumberModel
5265:            10            400  javax.swing.plaf.basic.BasicTableUI$Handler
5266:             1            400  javax.swing.plaf.metal.MetalFileChooserUI$DirectoryComboBoxRenderer
5267:             1            400  javax.swing.plaf.metal.MetalFileChooserUI$FilterComboBoxRenderer
5268:            10            400  javax.swing.table.DefaultTableColumnModel
5269:            25            400  javax.swing.text.html.CSS$Value
5270:             5            400  net.sourceforge.pmd.lang.ast.JavaCharStream
5271:             5            400  net.sourceforge.pmd.lang.java.ast.ASTClassOrInterfaceBody
5272:             5            400  net.sourceforge.pmd.lang.java.ast.ASTPackageDeclaration
5273:             5            400  net.sourceforge.pmd.lang.java.ast.ASTTypeDeclaration
5274:            25            400  org.jaxen.expr.iter.IterableSelfAxis
5275:            10            400  org.jetbrains.uast.java.JavaUClass
5276:            10            400  org.jetbrains.uast.java.JavaUMethod
5277:            10            400  sun.rmi.transport.tcp.TCPEndpoint
5278:             1            400  sun.swing.FilePane$FileRenderer
5279:             7            392  com.intellij.spring.boot.run.SpringBootApplicationRunConfiguration
5280:             7            392  com.intellij.util.messages.impl.MessageBusImpl
5281:             1            392  java.awt.EventDispatchThread
5282:             7            392  java.util.prefs.WindowsPreferences
5283:             7            392  java.util.zip.ZipFile$ZipFileInputStream
5284:             1            392  javax.swing.plaf.basic.BasicDirectoryModel$LoadFilesThread
5285:             1            392  javax.swing.plaf.metal.MetalFileChooserUI$1
5286:             7            392  kotlin.reflect.jvm.internal.impl.serialization.ProtoBuf$Package
5287:             7            392  kotlin.reflect.jvm.internal.impl.serialization.ProtoBuf$PackageFragment
5288:             1            392  org.jetbrains.plugins.terminal.JBTabbedTerminalWidget
5289:            13            384  [Lcom.intellij.lang.javascript.parsing.modifiers.JSModifiersStructure;
5290:             8            384  com.android.ide.common.repository.GradleVersion
5291:            16            384  com.android.repository.impl.generated.v1.LicenseType
5292:            24            384  com.ansorgit.plugins.bash.editor.inspections.inspections.MissingIncludeFileInspection$IncludeFileVisitor
5293:            24            384  com.ansorgit.plugins.bash.editor.inspections.inspections.UnusedFunctionDefInspection$1
5294:            16            384  com.google.common.collect.ImmutableList$1
5295:            24            384  com.intellij.codeInsight.daemon.impl.PassExecutorService$ScheduledPass$$Lambda$1883/613080463
5296:            24            384  com.intellij.codeInsight.daemon.impl.PassExecutorService$ScheduledPass$$Lambda$1886/548756934
5297:            24            384  com.intellij.codeInsight.daemon.impl.PassExecutorService$ScheduledPass$$Lambda$1890/81976721
5298:            24            384  com.intellij.codeInsight.daemon.impl.quickfix.GenerifyFileFix
5299:            24            384  com.intellij.codeInspection.OverwrittenKeyInspection$OverwrittenKeyVisitor
5300:            12            384  com.intellij.designer.propertyTable.PropertyTable$MyExpandCurrentAction
5301:            16            384  com.intellij.execution.filters.ExceptionInfoCache
5302:            12            384  com.intellij.execution.impl.RunConfigurationBeforeRunProvider$RunConfigurableBeforeRunTask
5303:            16            384  com.intellij.execution.junit.codeInsight.references.JUnitReferenceContributor$TestAnnotationFilter
5304:            24            384  com.intellij.execution.ui.layout.impl.GridCellImpl$1
5305:            24            384  com.intellij.execution.ui.layout.impl.GridCellImpl$4
5306:            24            384  com.intellij.gwt.references.GwtModuleReferencesProvider
5307:            16            384  com.intellij.ide.navigationToolbar.NavBarPanel$3
5308:            16            384  com.intellij.ide.navigationToolbar.NavBarPanel$4
5309:            16            384  com.intellij.ide.navigationToolbar.ui.AbstractNavBarUI$$Lambda$1506/1029109853
5310:            12            384  com.intellij.j2ee.webSphere.configuration.WebSphereBuildLooseAppBeforeRunTask
5311:            24            384  com.intellij.javascript.JavaScriptReferenceContributor$8
5312:            12            384  com.intellij.lang.ant.config.impl.AntBeforeRunTask
5313:            12            384  com.intellij.lang.javascript.buildTools.gulp.beforeRun.GulpBeforeRunTask
5314:            16            384  com.intellij.lang.javascript.index.JSImplicitElementsIndex$JSElementProxy
5315:            24            384  com.intellij.lang.javascript.inspections.JSUnusedGlobalSymbolsInspection$$Lambda$3972/885242963
5316:            24            384  com.intellij.lang.javascript.inspections.actionscript.JSFieldCanBeLocalInspection$MyVisitor
5317:            12            384  com.intellij.lang.javascript.psi.ExpectedTypeEvaluator
5318:            12            384  com.intellij.lang.javascript.psi.ecma6.impl.TypeScriptTypeofTypeImpl
5319:            12            384  com.intellij.lang.javascript.psi.types.primitives.JSPrimitiveFunctionType
5320:            12            384  com.intellij.lang.javascript.types.JSEmbeddedContentElementType
5321:            24            384  com.intellij.lang.javascript.validation.JSTypeInspectionVisitor
5322:            12            384  com.intellij.lang.typescript.compiler.action.before.TypeScriptCompileBeforeRunTask
5323:            24            384  com.intellij.lexer.BaseHtmlLexer$XmlAttributeValueEndHandler
5324:            24            384  com.intellij.lexer.BaseHtmlLexer$XmlAttributeValueHandler
5325:            24            384  com.intellij.lexer.BaseHtmlLexer$XmlNameHandler
5326:            24            384  com.intellij.lexer.BaseHtmlLexer$XmlTagClosedHandler
5327:            24            384  com.intellij.lexer.HtmlHighlightingLexer$XmlEmbeddmentHandler
5328:            12            384  com.intellij.openapi.application.TransactionGuardImpl$TransactionIdImpl
5329:            24            384  com.intellij.openapi.editor.impl.view.EditorSizeManager$$Lambda$1029/426178004
5330:             6            384  com.intellij.openapi.editor.impl.view.TextLayoutCache$1
5331:            16            384  com.intellij.openapi.progress.EmptyProgressIndicator
5332:            24            384  com.intellij.openapi.ui.ThreeComponentsSplitter$Divider$MyMouseAdapter
5333:            12            384  com.intellij.openapi.util.ZipperUpdater
5334:             1            384  com.intellij.openapi.util.io.FileUtilRt$FilesToDeleteHolder$1
5335:            12            384  com.intellij.openapi.vcs.StartedActivated$MySection
5336:            16            384  com.intellij.openapi.vcs.changes.ChangeListWorker$ChangeListUpdater$$Lambda$3260/1753570379
5337:             6            384  com.intellij.openapi.vcs.changes.ui.ChangesBrowserChangeListNode
5338:             8            384  com.intellij.openapi.vcs.changes.ui.ChangesBrowserNode
5339:             6            384  com.intellij.openapi.vcs.changes.ui.ChangesBrowserUnversionedFilesNode
5340:             4            384  com.intellij.openapi.vcs.impl.ProjectLevelVcsManagerImpl
5341:            12            384  com.intellij.packaging.impl.run.BuildArtifactsBeforeRunTask
5342:            16            384  com.intellij.patterns.StringPattern$3
5343:            12            384  com.intellij.patterns.StringPattern$6
5344:            16            384  com.intellij.patterns.uast.UElementPattern$withSourcePsiCondition$1
5345:            24            384  com.intellij.play.references.PlayFakeRenameableReferenceProvider
5346:            16            384  com.intellij.psi.augment.PsiAugmentProvider$$Lambda$1672/1838357331
5347:            24            384  com.intellij.psi.css.inspections.invalid.CssInvalidHtmlTagReferenceInspection$UnknownTagVisitor
5348:            24            384  com.intellij.psi.impl.source.PsiClassImpl$$Lambda$2819/949282664
5349:            16            384  com.intellij.spring.boot.model.autoconfigure.conditions.ConditionOutcome
5350:            12            384  com.intellij.spring.contexts.model.AnnotationSpringModelImpl
5351:            16            384  com.intellij.spring.model.utils.SpringCommonUtils$$Lambda$2124/43663864
5352:            16            384  com.intellij.sql.psi.stubs.SqlFileElementType
5353:            16            384  com.intellij.ui.ExpandedItemListCellRendererWrapper
5354:            12            384  com.intellij.ui.ScrollingUtil$1
5355:            12            384  com.intellij.ui.ScrollingUtil$2
5356:            12            384  com.intellij.ui.ScrollingUtil$3
5357:            12            384  com.intellij.ui.ScrollingUtil$4
5358:            12            384  com.intellij.ui.ScrollingUtil$5
5359:            12            384  com.intellij.ui.ScrollingUtil$6
5360:            12            384  com.intellij.ui.components.JBList$2
5361:            16            384  com.intellij.util.containers.JBIterable$10
5362:            12            384  com.intellij.util.io.PersistentHashMap$AppendStream
5363:            24            384  com.intellij.util.io.PersistentHashMapValueStorage$OutputStreamOverRandomAccessFileCache
5364:            16            384  com.jetbrains.quirksmode.CssSimpleSelectorPattern
5365:             1            384  com.pty4j.windows.WinPty$WaitForExitThread
5366:            16            384  com.sun.java.swing.plaf.windows.TMSchema$Control
5367:            12            384  com.sun.jna.Memory
5368:             4            384  com.sun.xml.internal.bind.v2.runtime.JAXBContextImpl
5369:            16            384  dk.brics.automaton.RegExp$Kind
5370:            12            384  io.netty.buffer.PoolThreadCache$NormalMemoryRegionCache
5371:             6            384  io.netty.channel.socket.nio.NioSocketChannel$NioSocketChannelConfig
5372:             1            384  io.netty.util.concurrent.FastThreadLocalThread
5373:            12            384  java.awt.CardLayout
5374:             1            384  java.lang.ref.Finalizer$FinalizerThread
5375:            16            384  java.util.Collections$SynchronizedList
5376:            12            384  java.util.concurrent.atomic.AtomicReferenceFieldUpdater$AtomicReferenceFieldUpdaterImpl
5377:             1            384  java.util.logging.LogManager$Cleaner
5378:             6            384  javax.swing.JRootPane$1
5379:             8            384  javax.swing.plaf.basic.BasicProgressBarUI$Animator
5380:             4            384  javax.swing.text.html.HTMLDocument
5381:             8            384  javax.swing.text.html.HTMLEditorKit$InsertHTMLTextAction
5382:             6            384  javax.swing.tree.DefaultTreeCellEditor
5383:             6            384  kotlin.reflect.jvm.internal.impl.builtins.BuiltInsPackageFragmentImpl
5384:            16            384  net.miginfocom.layout.AC
5385:            16            384  net.miginfocom.layout.Grid$FlowSizeSpec
5386:            12            384  org.apache.commons.lang3.JavaVersion
5387:            12            384  org.apache.xerces.impl.xs.XSWildcardDecl
5388:             2            384  org.apache.xerces.parsers.XIncludeAwareParserConfiguration
5389:            16            384  org.apache.xerces.xni.XMLString
5390:            24            384  org.intellij.lang.regexp.inspection.EmptyAlternationBranchInspection$EmptyAlternationBranchVisitor
5391:            24            384  org.intellij.lang.regexp.inspection.RedundantEscapeInspection$RedundantEscapeVisitor
5392:            24            384  org.intellij.lang.regexp.inspection.SingleCharAlternationInspection$SingleCharAlternationVisitor
5393:            24            384  org.intellij.lang.regexp.inspection.UnexpectedAnchorInspection$UnexpectedAnchorVisitor
5394:            24            384  org.jaxen.expr.iter.IterableParentAxis
5395:            12            384  org.jetbrains.idea.maven.tasks.MavenBeforeRunTask
5396:            24            384  org.jetbrains.kotlin.idea.i18n.inspections.KotlinInvalidBundleOrPropertyInspection$buildVisitor$1
5397:            24            384  org.jetbrains.kotlin.idea.inspections.FakeJvmFieldConstantInspection$buildVisitor$1
5398:            24            384  org.jetbrains.kotlin.idea.inspections.RecursiveEqualsCallInspection$buildVisitor$1
5399:            24            384  org.jetbrains.kotlin.idea.inspections.RedundantObjectTypeCheckInspection$buildVisitor$1
5400:            24            384  org.jetbrains.kotlin.idea.inspections.SortModifiersInspection$buildVisitor$1
5401:            24            384  org.jetbrains.kotlin.idea.inspections.UnusedEqualsInspection$buildVisitor$1
5402:            24            384  org.jetbrains.kotlin.idea.inspections.UnusedReceiverParameterInspection$buildVisitor$1
5403:            24            384  org.jetbrains.kotlin.idea.kdoc.KDocUnresolvedReferenceInspection$KDocUnresolvedReferenceVisitor
5404:            24            384  org.jetbrains.kotlin.idea.refactoring.move.changePackage.PackageDirectoryMismatchInspection$buildVisitor$1
5405:            24            384  org.jetbrains.kotlin.idea.spring.inspections.KotlinSpringComponentScanInspection$buildVisitor$1
5406:            24            384  org.jetbrains.kotlin.psi.KtVisitorVoid
5407:            24            384  org.jetbrains.kotlin.psi.VisitorWrappersKt$annotationEntryVisitor$1
5408:            24            384  org.jetbrains.kotlin.psi.VisitorWrappersKt$classVisitor$1
5409:            24            384  org.jetbrains.kotlin.psi.VisitorWrappersKt$destructuringDeclarationVisitor$1
5410:            24            384  org.jetbrains.kotlin.psi.VisitorWrappersKt$enumEntryVisitor$1
5411:            24            384  org.jetbrains.kotlin.psi.VisitorWrappersKt$packageDirectiveVisitor$1
5412:            24            384  org.jetbrains.kotlin.psi.VisitorWrappersKt$primaryConstructorVisitor$1
5413:            24            384  org.jetbrains.kotlin.psi.VisitorWrappersKt$qualifiedExpressionVisitor$1
5414:            24            384  org.jetbrains.kotlin.psi.VisitorWrappersKt$referenceExpressionVisitor$1
5415:            24            384  org.jetbrains.kotlin.psi.VisitorWrappersKt$simpleNameExpressionVisitor$1
5416:            24            384  org.jetbrains.kotlin.psi.VisitorWrappersKt$valueArgumentVisitor$1
5417:            16            384  org.jetbrains.kotlin.serialization.deserialization.MemberDeserializer
5418:            16            384  org.jetbrains.kotlin.serialization.deserialization.TypeDeserializer$classDescriptors$1
5419:            16            384  org.jetbrains.kotlin.serialization.deserialization.TypeDeserializer$typeAliasDescriptors$1
5420:            24            384  org.jetbrains.plugins.cucumber.java.inspections.CucumberJavaStepDefClassInDefaultPackageInspection$CucumberJavaStepDefClassIsPublicVisitor
5421:            24            384  org.jetbrains.plugins.cucumber.java.inspections.CucumberJavaStepDefClassIsPublicInspections$CucumberJavaStepDefClassIsPublicVisitor
5422:            24            384  org.jetbrains.plugins.groovy.codeInspection.style.GrUnnecessaryAliasInspection$buildVisitor$1
5423:            24            384  org.jetbrains.plugins.groovy.transformations.singleton.SingletonConstructorInspection$buildVisitor$1
5424:             4            384  sun.font.AttributeValues
5425:             8            384  sun.font.CMap$CMapFormat12
5426:            16            384  sun.misc.MetaIndex
5427:            16            384  sun.nio.ch.OptionKey
5428:             8            384  sun.nio.fs.WindowsDirectoryStream
5429:            16            384  sun.reflect.generics.tree.Wildcard
5430:            16            376  [Lcom.intellij.psi.css.CssSimpleSelector;
5431:            16            376  [Lcom.siyeh.ig.InspectionGadgetsFix;
5432:             1            376  com.intellij.openapi.wm.impl.status.EncodingPanel$1
5433:             1            376  com.intellij.openapi.wm.impl.status.LineSeparatorPanel$1
5434:             1            376  java.lang.ref.Reference$ReferenceHandler
5435:             1            376  sun.misc.GC$Daemon
5436:            17            368  [Ljavax.management.MBeanNotificationInfo;
5437:            23            368  com.intellij.codeInspection.magicConstant.MagicConstantInspection$$Lambda$4158/1155283196
5438:             1            368  com.intellij.diagnostic.IdeMessagePanel
5439:            23            368  com.intellij.jam.reflect.JamClassAttributeMeta$Collection
5440:            23            368  com.intellij.lang.javascript.psi.ecmal4.impl.JSClassBase$ClassesUserDataCache$1
5441:            23            368  com.intellij.openapi.editor.impl.EditorGutterComponentImpl$$Lambda$1359/1043525447
5442:             1            368  com.intellij.ui.CommonActionsPanel
5443:            23            368  com.intellij.util.HiDPIScaledGraphics
5444:            23            368  com.zeroturnaround.javarebel.idea.plugin.module.IntellijIdeModule$Storage
5445:            23            368  java.awt.font.TextAttribute
5446:             1            368  javax.swing.plaf.metal.MetalFileChooserUI
5447:            23            368  org.jaxen.expr.iter.IterableDescendantOrSelfAxis
5448:             1            368  org.jetbrains.plugins.terminal.TerminalToolWindowPanel
5449:             2            368  sun.awt.windows.WFramePeer
5450:            15            360  [Ljava.util.concurrent.ConcurrentHashMap$CounterCell;
5451:            15            360  [Ljavax.swing.KeyStroke;
5452:             7            360  [Lorg.intellij.plugins.intelliLang.inject.LanguageInjectionSupport;
5453:            15            360  ch.qos.logback.core.spi.ContextAwareBase
5454:            15            360  com.android.sdklib.repository.generated.repository.v1.SourceDetailsType
5455:            15            360  com.android.tools.lint.detector.api.Scope
5456:            15            360  com.intellij.codeInsight.daemon.JavaRainbowVisitor
5457:             5            360  com.intellij.codeInsight.daemon.impl.CodeFoldingPass
5458:             5            360  com.intellij.codeInsight.daemon.impl.IndentsPass
5459:             5            360  com.intellij.codeInsight.daemon.impl.InjectedCodeFoldingPass
5460:            15            360  com.intellij.codeInsight.daemon.impl.PsiChangeHandler$1$$Lambda$2868/990714650
5461:             3            360  com.intellij.codeInsight.daemon.impl.WolfPassFactory$1
5462:            15            360  com.intellij.codeInsight.daemon.impl.analysis.HighlightVisitorImpl$1
5463:            15            360  com.intellij.codeInsight.navigation.NavigationGutterIconBuilder$2
5464:            15            360  com.intellij.codeInspection.bytecodeAnalysis.Member
5465:             5            360  com.intellij.find.impl.livePreview.SearchResults
5466:            15            360  com.intellij.ide.IdeEventQueue$$Lambda$54/1275989093
5467:             9            360  com.intellij.ide.ui.SystemOptionsTopHitProvider$1
5468:            15            360  com.intellij.jam.reflect.JamEnumAttributeMeta$Single
5469:            15            360  com.intellij.javaee.model.annotations.ejb.EjbJamContributor$2
5470:            15            360  com.intellij.javascript.nodejs.NodeModuleSearchUtil$ModuleMainFiles
5471:            15            360  com.intellij.javascript.nodejs.util.NodePackageRef
5472:            15            360  com.intellij.json.JsonTokenType
5473:             9            360  com.intellij.json.formatter.JsonCodeStyleSettings
5474:            15            360  com.intellij.lang.BracePair
5475:            15            360  com.intellij.lang.annotation.HighlightSeverity
5476:            15            360  com.intellij.lang.ecmascript6.psi.impl.JSImportPathBuilder$$Lambda$5400/803449093
5477:            15            360  com.intellij.lang.javascript.highlighting.JSRainbowVisitor
5478:            15            360  com.intellij.lang.javascript.inspections.UnterminatedStatementJSInspection$TerminateStatementFix
5479:            15            360  com.intellij.lang.javascript.psi.ecmal4.JSAttributeList$ModifierType
5480:             5            360  com.intellij.lang.properties.psi.impl.PropertiesFileImpl
5481:            15            360  com.intellij.openapi.actionSystem.impl.ActionManagerImpl$3
5482:             5            360  com.intellij.openapi.editor.colors.impl.EditorColorsSchemeImpl
5483:            15            360  com.intellij.openapi.editor.impl.EditorImpl$MyInputMethodHandler
5484:            15            360  com.intellij.openapi.util.NotNullLazyValue$1
5485:             9            360  com.intellij.openapi.util.io.win32.FileInfo
5486:             3            360  com.intellij.openapi.vcs.changes.ChangesViewManager$MyChangeViewContent
5487:             1            360  com.intellij.openapi.wm.impl.status.ClockPanel
5488:            15            360  com.intellij.psi.codeStyle.CodeStyleSettingsCustomizable$BlankLinesOption
5489:             9            360  com.intellij.psi.css.codeStyle.CssCodeStyleSettings
5490:            15            360  com.intellij.psi.css.impl.util.editor.CssFoldingBuilder$1
5491:             9            360  com.intellij.psi.impl.java.stubs.FunctionalExpressionStub
5492:             1            360  com.intellij.spring.gutter.SpringBeansPsiElementCellRenderer$1
5493:            15            360  com.intellij.spring.model.custom.CustomComponentsDiscovererHelper$1$1
5494:             1            360  com.intellij.struts2.annotators.ActionAnnotatorBase$1
5495:            15            360  com.sun.xml.internal.bind.v2.model.annotation.XmlSchemaQuick
5496:            15            360  com.zeroturnaround.licensing.LicensingLog
5497:            15            360  com.zeroturnaround.licensing.LicensingLoggerImpl
5498:             9            360  git4idea.GitCommit$UnparsedChanges
5499:             9            360  io.netty.channel.AbstractChannel$CloseFuture
5500:            15            360  java.awt.Cursor$CursorDisposer
5501:            15            360  java.awt.Toolkit$ToolkitEventMulticaster
5502:             9            360  java.util.IdentityHashMap$KeyIterator
5503:            15            360  javax.management.StandardMBean
5504:             9            360  javax.swing.tree.DefaultTreeCellEditor$1
5505:            15            360  kotlin.annotation.AnnotationTarget
5506:            15            360  org.angularjs.index.AngularJSIndexingHandler$1
5507:             9            360  org.apache.commons.lang3.concurrent.BasicThreadFactory
5508:            15            360  org.intellij.plugins.intelliLang.inject.LanguageInjectionConfigBean
5509:            15            360  org.intellij.plugins.relaxNG.model.descriptors.RngNsDescriptor$$Lambda$2646/1486487786
5510:             9            360  org.jetbrains.android.formatter.AndroidXmlCodeStyleSettings
5511:             9            360  org.jetbrains.kotlin.cli.common.arguments.ArgumentParseErrors
5512:            15            360  org.jetbrains.kotlin.idea.highlighter.KotlinRainbowVisitor
5513:            15            360  org.jetbrains.kotlin.idea.inspections.IntentionBasedInspection$1
5514:             5            360  org.jetbrains.kotlin.idea.refactoring.cutPaste.MoveDeclarationsPassFactory$MyPass
5515:            15            360  org.jetbrains.plugins.less.LESSElementType
5516:            15            360  org.jetbrains.plugins.less.LESSTokenType
5517:            15            360  org.yaml.snakeyaml.nodes.Tag
5518:            15            360  sun.awt.windows.WDesktopProperties$WinPlaySound
5519:             9            360  sun.nio.ch.SelectionKeyImpl
5520:             9            360  sun.security.util.DisabledAlgorithmConstraints$KeySizeConstraint
5521:            11            352  [Lcom.intellij.coverage.JavaCoverageEngineExtension;
5522:            11            352  [Lcom.intellij.openapi.util.Trinity;
5523:            22            352  com.android.sdklib.repository.generated.addon.v1.LibrariesType
5524:             1            352  com.intellij.cdi.gutter.CdiEventsModelClassAnnotator$1
5525:             1            352  com.intellij.cdi.gutter.CdiInjectionsClassAnnotator$CdiInjectionPointOwnerCellRenderer
5526:             1            352  com.intellij.cdi.gutter.CdiInjectionsClassAnnotator$InjectedBeansCellRenderer
5527:             1            352  com.intellij.diff.util.DiffUtil$CenteredPanel
5528:            22            352  com.intellij.facet.impl.ProjectFacetManagerImpl$$Lambda$1347/464844228
5529:             1            352  com.intellij.ide.errorTreeView.NewErrorTreeRenderer$MyWrapperRenderer$MyPanel
5530:             1            352  com.intellij.ide.navigationToolbar.NavBarRootPaneExtension$1
5531:             1            352  com.intellij.ide.navigationToolbar.NavBarRootPaneExtension$2
5532:             1            352  com.intellij.ide.navigationToolbar.NavBarRootPaneExtension$3
5533:            11            352  com.intellij.lang.javascript.psi.ecma6.impl.TypeScriptMappedTypeImpl
5534:            11            352  com.intellij.lang.javascript.psi.ecma6.impl.TypeScriptMappedTypeParameterImpl
5535:            11            352  com.intellij.lang.javascript.psi.util.JSTreeUtil$2
5536:            22            352  com.intellij.openapi.editor.impl.EditorMarkupModelImpl$BasicTooltipRendererProvider
5537:            22            352  com.intellij.openapi.fileEditor.impl.EditorTabbedContainer$MyQueryable
5538:            22            352  com.intellij.openapi.fileEditor.impl.EditorWindow$TComp$1
5539:            22            352  com.intellij.openapi.fileEditor.impl.EditorWindow$TComp$2
5540:            22            352  com.intellij.openapi.vcs.changes.CurrentContentRevision
5541:             1            352  com.intellij.openapi.vcs.changes.ui.ChangesViewContentManager$ContentStub
5542:            11            352  com.intellij.patterns.XmlTagPattern$2
5543:            22            352  com.intellij.psi.css.inspections.CssOptimizeSimilarPropertiesInspection$ShorthandRuleContainer
5544:            11            352  com.intellij.psi.impl.source.resolve.ResolveCache$2
5545:            22            352  com.intellij.psi.impl.source.tree.injected.InjectedLanguageUtil$$Lambda$2198/1165461085
5546:            22            352  com.intellij.psi.impl.source.tree.injected.InlayModelWindow
5547:            22            352  com.intellij.psi.impl.source.tree.injected.SoftWrapModelWindow
5548:             1            352  com.intellij.spring.gutter.SpringBeansPsiElementCellRenderer
5549:             1            352  com.intellij.spring.model.cacheable.annotator.SpringCacheableAnnotator$1
5550:            22            352  com.intellij.spring.model.jam.converters.SpringBeanReferenceJamConverter
5551:             1            352  com.intellij.ui.ToolbarDecorator$1
5552:            22            352  com.intellij.ui.components.breadcrumbs.Breadcrumbs$$Lambda$1097/1478214576
5553:            22            352  com.intellij.ui.components.breadcrumbs.Breadcrumbs$$Lambda$1098/682680631
5554:            22            352  com.intellij.ui.components.breadcrumbs.Breadcrumbs$MouseHandler
5555:            22            352  com.intellij.ui.treeStructure.Tree$2
5556:            22            352  com.intellij.ui.treeStructure.Tree$MyFocusListener
5557:            22            352  com.intellij.ui.treeStructure.Tree$MyMouseListener
5558:            22            352  com.intellij.util.containers.JBIterable$Single
5559:            22            352  com.intellij.util.ui.ButtonlessScrollBarUI$2
5560:            22            352  com.intellij.util.ui.ButtonlessScrollBarUI$3
5561:            22            352  com.intellij.util.ui.ButtonlessScrollBarUI$4
5562:            22            352  com.intellij.util.ui.ButtonlessScrollBarUI$5
5563:            22            352  com.intellij.util.ui.ButtonlessScrollBarUI$6
5564:            22            352  com.intellij.util.ui.ButtonlessScrollBarUI$WeakLestener
5565:            11            352  com.intellij.util.ui.JBDimension$JBDimensionUIResource
5566:            22            352  com.intellij.util.xml.converters.values.GenericDomValueConvertersRegistry$$Lambda$963/1511093364
5567:            22            352  com.intellij.xml.breadcrumbs.BreadcrumbsXmlWrapper$$Lambda$1100/572262126
5568:            22            352  com.intellij.xml.breadcrumbs.BreadcrumbsXmlWrapper$$Lambda$1102/416265760
5569:             4            352  com.sun.jna.platform.win32.WinBase$OVERLAPPED
5570:             4            352  io.netty.buffer.PooledUnsafeDirectByteBuf
5571:            11            352  java.awt.geom.Line2D$Float
5572:            22            352  javax.swing.JTree$TreeModelHandler
5573:            22            352  javax.swing.plaf.basic.BasicScrollBarUI$Handler
5574:            22            352  javax.swing.plaf.basic.BasicTreeUI$NodeDimensionsHandler
5575:             4            352  org.apache.oro.text.regex.Perl5Matcher
5576:             2            352  org.apache.xerces.impl.dtd.XMLNSDTDValidator
5577:            22            352  org.apache.xerces.util.AugmentationsImpl
5578:            22            352  org.jaxen.SimpleNamespaceContext
5579:            22            352  org.jaxen.SimpleVariableContext
5580:            22            352  org.jaxen.expr.DefaultXPathExpr
5581:             4            352  org.jetbrains.idea.svn.SvnConfigurationState
5582:            11            352  org.jetbrains.kotlin.compiler.plugin.CliOption
5583:            11            352  org.jetbrains.kotlin.parsing.KotlinExpressionParsing$Precedence
5584:            22            352  org.kohsuke.rngom.digested.Annotation
5585:            11            352  sun.security.provider.SecureRandom
5586:            11            352  sun.security.ssl.SignatureAndHashAlgorithm
5587:            11            352  sun.util.locale.provider.LocaleServiceProviderPool
5588:             3            344  [Lcom.intellij.openapi.util.ClassExtensionPoint;
5589:             9            344  [Ljava.awt.datatransfer.DataFlavor;
5590:            10            344  [Ljava.lang.Boolean;
5591:             1            344  [Ljavax.swing.text.html.HTML$Attribute;
5592:             1            344  com.intellij.util.ui.update.MergingUpdateQueue$1
5593:             2            336  [Lcom.intellij.lang.javascript.dialects.JSLanguageFeature;
5594:             7            336  [Lcom.intellij.psi.util.TypeConversionUtil$Caster;
5595:            14            336  [Lcom.intellij.vcs.log.VcsLogProvider;
5596:            14            336  [Ljava.lang.StringBuffer;
5597:             9            336  [Lorg.jetbrains.kotlin.lexer.KtModifierKeywordToken;
5598:             3            336  [Lsun.font.EAttribute;
5599:            14            336  com.android.resources.ResourceFolderType
5600:            14            336  com.google.gson.internal.bind.TypeAdapters$32
5601:            14            336  com.intellij.codeInspection.dataFlow.ExpressionRange
5602:            14            336  com.intellij.codeInspection.dataFlow.NullabilityProblemKind
5603:            14            336  com.intellij.codeInspection.dataFlow.value.DfaValueFactory$FieldChecker
5604:            21            336  com.intellij.debugger.streams.resolve.FlatMapResolver
5605:            21            336  com.intellij.designer.LightToolWindowManager$$Lambda$570/1502812442
5606:            21            336  com.intellij.designer.LightToolWindowManager$$Lambda$571/1605601261
5607:            21            336  com.intellij.designer.LightToolWindowManager$$Lambda$572/760112040
5608:             7            336  com.intellij.execution.process.ColoredOutputTypeRegistry$AnsiConsoleViewContentType
5609:             7            336  com.intellij.ide.actions.NonEmptyActionGroup
5610:            14            336  com.intellij.lang.javascript.psi.JSRecordType$MemberSourceKind
5611:            14            336  com.intellij.lang.javascript.psi.resolve.JSEvaluateContext$JSEvaluationPlace
5612:            14            336  com.intellij.openapi.actionSystem.impl.ActionToolbarImpl$9
5613:            14            336  com.intellij.openapi.keymap.impl.KeymapImpl$gestureToListOfIds$2
5614:             7            336  com.intellij.openapi.keymap.impl.ModifierKeyDoubleClickHandler$MyDispatcher
5615:            14            336  com.intellij.openapi.util.registry.RegistryValue$4
5616:             3            336  com.intellij.openapi.vcs.changes.ChangeListManagerImpl
5617:             3            336  com.intellij.openapi.vcs.changes.ChangesViewManager$MyChangeProcessor
5618:             6            336  com.intellij.openapi.wm.impl.PaintersHelper$1
5619:            14            336  com.intellij.patterns.PsiMethodCallPattern
5620:             6            336  com.intellij.psi.impl.source.tree.java.PsiForeachStatementImpl
5621:            21            336  com.intellij.refactoring.actions.BasePlatformRefactoringAction$$Lambda$264/525684840
5622:            21            336  com.intellij.refactoring.actions.BasePlatformRefactoringAction$1
5623:             2            336  com.intellij.refactoring.introduceVariable.JavaVariableInplaceIntroducer
5624:            14            336  com.intellij.spring.web.mvc.model.SpringMVCRequestMappings$PatternMapping
5625:            14            336  com.intellij.terminal.JBTerminalWidget$3
5626:            14            336  com.intellij.ui.PopupBorder$BaseBorder
5627:            21            336  com.intellij.ui.SpeedSearchBase$1
5628:            21            336  com.intellij.ui.SpeedSearchBase$2
5629:            21            336  com.intellij.ui.SpeedSearchBase$3
5630:            21            336  com.intellij.ui.SpeedSearchBase$MyToolWindowManagerListener
5631:            14            336  com.intellij.util.containers.JBIterator$TransformOp
5632:            14            336  com.intellij.util.indexing.impl.MapInputDataDiffBuilder
5633:             6            336  com.intellij.util.io.RandomAccessDataFile
5634:            14            336  com.intellij.util.xml.model.impl.CachedMultipleDomModelFactory$1
5635:            14            336  com.intellij.util.xml.model.impl.CachedMultipleDomModelFactory$2
5636:            14            336  com.intellij.util.xml.model.impl.CachedSimpleDomModelFactory$1
5637:             6            336  com.intellij.xdebugger.impl.breakpoints.XBreakpointBase
5638:             7            336  com.sun.jmx.mbeanserver.DefaultMXBeanMappingFactory$CompositeMapping
5639:             7            336  com.sun.jna.NativeLibrary
5640:             7            336  com.sun.jna.Structure$StructField
5641:            21            336  com.sun.proxy.$Proxy112
5642:            21            336  com.sun.proxy.$Proxy16
5643:             7            336  com.sun.tools.jdi.ConnectorImpl$IntegerArgumentImpl
5644:             6            336  com.sun.xml.internal.bind.v2.model.impl.RuntimeValuePropertyInfoImpl
5645:             6            336  freemarker.core.TextBlock
5646:            14            336  git4idea.history.GitLogParser$GitLogOption
5647:            14            336  java.lang.invoke.LambdaFormEditor$Transform$Kind
5648:             6            336  java.nio.DirectLongBufferU
5649:            21            336  java.util.concurrent.CopyOnWriteArraySet
5650:            14            336  javax.swing.KeyboardManager$ComponentKeyStrokePair
5651:             7            336  org.jetbrains.idea.perforce.perforce.PerforceOptionsTopHitProvider$1
5652:             7            336  org.jetbrains.jps.model.java.impl.compiler.ProcessorConfigProfileImpl
5653:            14            336  org.jetbrains.kotlin.idea.search.ideaExtensions.KotlinTodoSearcher$processQuery$2
5654:             7            336  org.jetbrains.kotlin.serialization.deserialization.ProtoContainer$Class
5655:            14            336  org.jetbrains.kotlin.storage.LockBasedStorageManager$LockBasedLazyValue
5656:            14            336  org.jetbrains.lang.manifest.psi.ManifestTokenType
5657:             6            336  org.jetbrains.osgi.bnd.run.BndRunConfigurationOptions
5658:            14            336  org.zeroturnaround.common.ListenerList
5659:            14            336  sun.awt.CausedFocusEvent$Cause
5660:             7            336  sun.java2d.pipe.PixelToParallelogramConverter
5661:             6            336  sun.management.MemoryPoolImpl
5662:             6            336  sun.rmi.transport.tcp.TCPChannel
5663:             6            336  sun.rmi.transport.tcp.TCPConnection
5664:            21            336  sun.security.ec.ECParameters
5665:            16            328  [Ljava.lang.management.PlatformComponent;
5666:            10            328  [Ljava.util.Formatter$FormatString;
5667:             1            320  [Lcom.intellij.util.indexing.FileBasedIndexExtension;
5668:            10            320  [Lnet.miginfocom.layout.UnitValue;
5669:             5            320  [Lorg.apache.xerces.util.XMLGrammarPoolImpl$Entry;
5670:            10            320  com.android.repository.api.SchemaModule$SchemaModuleVersion
5671:             5            320  com.google.common.cache.LocalCache$StrongAccessWriteEntry
5672:            20            320  com.google.common.collect.RegularImmutableList
5673:             2            320  com.intellij.application.options.editor.EditorOptionsPanel
5674:             4            320  com.intellij.codeInsight.daemon.impl.DaemonCodeAnalyzerImpl
5675:            10            320  com.intellij.codeInsight.daemon.impl.DaemonCodeAnalyzerImpl$$Lambda$2095/693724302
5676:             5            320  com.intellij.codeInsight.daemon.impl.TrafficLightRenderer
5677:             8            320  com.intellij.codeInspection.naming.NamingConventionWithFallbackBean
5678:             4            320  com.intellij.compiler.CompilerConfigurationImpl
5679:            10            320  com.intellij.configurationStore.DirectoryBasedStorage$MySaveSession
5680:            10            320  com.intellij.ide.ui.laf.darcula.DarculaTableHeaderUI
5681:            10            320  com.intellij.lang.javascript.dialects.JSLanguageLevel
5682:            10            320  com.intellij.lang.javascript.psi.ecma6.impl.TypeScriptConditionalTypeImpl
5683:            10            320  com.intellij.lang.javascript.psi.types.TypeScriptTypeOfJSTypeImpl
5684:             5            320  com.intellij.lang.javascript.validation.JSSemanticKeywordHighlighter
5685:            20            320  com.intellij.openapi.actionSystem.ex.CheckboxAction$1
5686:             8            320  com.intellij.openapi.command.impl.UndoRedoStacksHolder
5687:             8            320  com.intellij.openapi.fileTypes.impl.AbstractFileType
5688:            10            320  com.intellij.openapi.ui.ComponentWithBrowseButton$MyDoClickAction
5689:            20            320  com.intellij.openapi.util.LowMemoryWatcher$1
5690:             8            320  com.intellij.openapi.vcs.VcsShowConfirmationOptionImpl
5691:             8            320  com.intellij.openapi.vcs.changes.LocalChangeListImpl
5692:            10            320  com.intellij.openapi.vcs.ex.DocumentTracker$MyDocumentListener
5693:            20            320  com.intellij.psi.filters.XmlTextFilter
5694:            10            320  com.intellij.psi.impl.PomTargetPsiElementImpl
5695:            20            320  com.intellij.psi.impl.include.FileIncludeIndex$IncludeKey
5696:            10            320  com.intellij.psi.impl.search.PsiSearchHelperImpl$$Lambda$3890/1354845171
5697:            10            320  com.intellij.psi.search.searches.ExtensibleQueryFactory$1
5698:             5            320  com.intellij.spring.gutter.groups.SpringGroupRelatedItemLineMarkerInfo
5699:            10            320  com.intellij.spring.osgi.patterns.GenerateOsgiPatternsGroup$OsgiBeanGenerateAction
5700:             8            320  com.intellij.spring.web.config.ServletFileSet
5701:             8            320  com.intellij.struts.inplace.reference.StrutsReferenceContributor$2
5702:             8            320  com.intellij.ui.BalloonImpl$ActionButton$1
5703:            10            320  com.intellij.util.containers.FilteredTraverserBase$Cond
5704:            20            320  com.intellij.util.containers.TransferToEDTQueue$1
5705:            20            320  com.intellij.util.io.BaseDataReader$1$1
5706:             8            320  com.siyeh.ig.psiutils.MethodMatcher
5707:             4            320  git4idea.config.GitVcsSettings$State
5708:            10            320  io.netty.channel.AdaptiveRecvByteBufAllocator
5709:             8            320  java.awt.Cursor
5710:             5            320  java.awt.GradientPaintContext
5711:            10            320  java.lang.OutOfMemoryError
5712:            10            320  java.security.cert.PolicyQualifierInfo
5713:            20            320  java.util.AbstractMap$1
5714:            10            320  java.util.Formatter
5715:            10            320  javax.swing.DefaultCellEditor$1
5716:             8            320  javax.swing.plaf.basic.BasicTextAreaUI
5717:            10            320  javax.swing.text.DefaultFormatterFactory
5718:             5            320  kotlin.reflect.jvm.internal.KMutableProperty2Impl
5719:             8            320  kotlin.reflect.jvm.internal.impl.builtins.PrimitiveType
5720:             8            320  kotlin.reflect.jvm.internal.impl.resolve.jvm.JvmPrimitiveType
5721:             8            320  org.jetbrains.kotlin.builtins.PrimitiveType
5722:             8            320  org.jetbrains.kotlin.resolve.jvm.JvmPrimitiveType
5723:            10            320  org.jetbrains.uast.java.JavaUFile
5724:             8            320  sun.nio.ch.SocketAdaptor
5725:            10            320  sun.security.jca.ProviderConfig
5726:             8            320  sun.security.ssl.SignatureAndHashAlgorithm$HashAlgorithm
5727:             2            312  [Lcom.intellij.openapi.roots.OrderEntry;
5728:             3            312  [Lcom.intellij.psi.PsiElementFinder;
5729:             1            312  [Ljavax.swing.text.html.HTML$Tag;
5730:            18            312  [Lorg.apache.xerces.impl.xs.XSGroupDecl;
5731:             3            312  ch.qos.logback.classic.LoggerContext
5732:            13            312  com.github.rjeschke.txtmark.LineType
5733:            13            312  com.intellij.codeInsight.folding.impl.FoldingUpdate$$Lambda$1898/15023124
5734:            13            312  com.intellij.database.dialects.AbstractDatabaseDialect$1
5735:            13            312  com.intellij.database.dialects.TypeNames
5736:             3            312  com.intellij.ide.scratch.ScratchProjectViewPane$MyRootNode$1$1
5737:             3            312  com.intellij.lang.javascript.flex.run.FlashRunnerParameters
5738:            13            312  com.intellij.lang.jvm.JvmModifier
5739:            13            312  com.intellij.openapi.keymap.impl.WeakKeymapManagerListener
5740:            13            312  com.intellij.openapi.ui.JBPopupMenu$MyLayout$1
5741:            13            312  com.intellij.openapi.util.io.ByteArraySequence
5742:             3            312  com.intellij.openapi.wm.impl.ToolWindowManagerImpl
5743:            13            312  com.intellij.patterns.uast.UCallExpressionPattern
5744:            13            312  com.intellij.patterns.uast.UElementPattern$inCall$1
5745:            13            312  com.intellij.uiDesigner.propertyInspector.editors.IntEnumEditor$Pair
5746:            13            312  com.intellij.util.containers.ContainerUtil$17
5747:            13            312  com.sun.jna.platform.win32.WinNT$HANDLE
5748:            13            312  de.plushnikov.intellij.plugin.action.delombok.BaseDelombokHandler
5749:             3            312  io.netty.channel.socket.nio.NioServerSocketChannel
5750:             1            312  java.util.concurrent.ForkJoinPool
5751:            13            312  javax.swing.JMenu$MenuChangeListener
5752:            13            312  javax.swing.JMenu$WinListener
5753:            13            312  javax.swing.plaf.basic.BasicMenuUI$Handler
5754:            13            312  kotlin.reflect.jvm.internal.impl.serialization.ProtoBuf$Annotation$Argument$Value$Type
5755:            13            312  org.apache.log4j.Level
5756:            13            312  org.intellij.lang.regexp.psi.impl.RegExpCharImpl
5757:            13            312  org.jetbrains.kotlin.protobuf.LazyStringArrayList
5758:            13            312  org.jetbrains.kotlin.protobuf.UnmodifiableLazyStringList
5759:            13            312  org.jetbrains.kotlin.serialization.ProtoBuf$Annotation$Argument$Value$Type
5760:             3            312  org.jetbrains.plugins.cucumber.java.run.CucumberJavaConfigurationOptions
5761:            13            312  sun.security.ssl.ExtensionType
5762:            19            304  com.android.tools.idea.gradle.project.GradleProjectInfo$$Lambda$880/2013389202
5763:            19            304  com.intellij.execution.testframework.TestSearchScope$Wrapper
5764:            19            304  com.intellij.ide.highlighter.JavaFileHighlighter
5765:             1            304  com.intellij.ide.ui.UISettings
5766:            19            304  com.intellij.lang.properties.PropertiesReferenceProvider
5767:            19            304  com.intellij.openapi.ui.ComboBox$$Lambda$613/1366975846
5768:            19            304  com.intellij.openapi.ui.ComboBox$1
5769:            19            304  com.intellij.openapi.ui.ComboBox$MyEditor$$Lambda$611/100479966
5770:            19            304  com.intellij.psi.impl.PsiSuperMethodImplUtil$$Lambda$3571/827200232
5771:             2            304  io.netty.channel.nio.NioEventLoop
5772:             2            304  org.apache.xerces.impl.XMLDTDScannerImpl
5773:            19            304  org.apache.xerces.parsers.AbstractSAXParser$LocatorProxy
5774:            19            304  org.jdom.input.BuilderErrorHandler
5775:            19            304  org.jetbrains.kotlin.idea.inspections.collections.AbstractUselessCallInspection$Companion$Conversion
5776:            16            296  [Lorg.apache.xerces.impl.xpath.regex.RegularExpression$ClosureContext;
5777:            13            296  [Lsun.management.DiagnosticCommandArgumentInfo;
5778:             1            288  [Lcom.intellij.ide.TypeNameEP;
5779:             1            288  [Lcom.intellij.jarRepository.RepositoryLibraryDefinition;
5780:             9            288  [Lcom.intellij.lang.javascript.psi.stubs.JSImplicitElement$Property;
5781:             4            288  [Lcom.intellij.thymeleaf.dialects.beans.ThymeleafAttributeProcessorBean;
5782:             2            288  [Lcom.intellij.util.containers.ConcurrentLongObjectHashMap$Node;
5783:             3            288  com.android.tools.idea.run.AndroidRunConfiguration
5784:             3            288  com.android.tools.idea.testartifacts.instrumented.AndroidTestRunConfiguration
5785:            12            288  com.android.tools.lint.detector.api.Category
5786:            12            288  com.ansorgit.plugins.bash.editor.codecompletion.BashPsiPattern
5787:            12            288  com.github.rjeschke.txtmark.BlockType
5788:            12            288  com.google.common.cache.LocalCache$AccessQueue$1
5789:            12            288  com.google.common.cache.LocalCache$WriteQueue$1
5790:            12            288  com.google.common.collect.ImmutableEnumSet
5791:            12            288  com.intellij.codeInsight.HardcodedDefaultTypesKt$takeClassTypeArgument$1
5792:            12            288  com.intellij.codeInsight.MethodArgument
5793:            12            288  com.intellij.codeInsight.daemon.GutterIconDescriptor$Option
5794:            18            288  com.intellij.codeInsight.daemon.LineMarkerInfo$LineMarkerGutterIconRenderer
5795:             4            288  com.intellij.codeInsight.daemon.impl.LineMarkersPass
5796:             9            288  com.intellij.codeInsight.intention.impl.IntentionHintComponent$$Lambda$2755/1918590389
5797:             9            288  com.intellij.coldFusion.model.formatter.CfmlCodeStyleSettings
5798:            12            288  com.intellij.compiler.options.CompileStepBeforeRun$MakeBeforeRunTask
5799:            12            288  com.intellij.compiler.options.CompileStepBeforeRunNoErrorCheck$MakeBeforeRunTaskNoErrorCheck
5800:            12            288  com.intellij.compiler.options.MakeProjectStepBeforeRun$MakeProjectBeforeRunTask
5801:             3            288  com.intellij.compiler.progress.CompilerTask
5802:            18            288  com.intellij.concurrency.ApplierCompleter$$Lambda$1985/602835789
5803:            18            288  com.intellij.configurationStore.DigestOutputStream
5804:            12            288  com.intellij.configurationStore.StateStorageManagerImpl$Macro
5805:            18            288  com.intellij.dvcs.branch.BranchStorage
5806:             6            288  com.intellij.execution.actions.RunContextAction
5807:            12            288  com.intellij.execution.dashboard.tree.RunDashboardGrouper
5808:            12            288  com.intellij.execution.process.ProcessHandler$TasksRunner
5809:            12            288  com.intellij.execution.process.ProcessWaitFor
5810:            12            288  com.intellij.execution.ui.layout.impl.RunnerContentUi$CommonToolbarLayout
5811:             9            288  com.intellij.ide.TypePresentationServiceImpl$AnnotationBasedTemplate
5812:            12            288  com.intellij.ide.browsers.LaunchBrowserBeforeRunTask
5813:             3            288  com.intellij.ide.projectView.impl.nodes.ExternalLibrariesNode
5814:             3            288  com.intellij.ide.projectView.impl.nodes.ProjectViewProjectNode
5815:             3            288  com.intellij.ide.scratch.ScratchProjectViewPane$MyRootNode
5816:            18            288  com.intellij.jsf.references.libraries.providers.JsfWrappingPsiClassReferenceProvider
5817:             4            288  com.intellij.json.psi.impl.JsonFileImpl
5818:            12            288  com.intellij.lang.java.parser.ExpressionParser$ExprType
5819:            12            288  com.intellij.lang.javascript.buildTools.grunt.beforeRun.GruntBeforeRunTask
5820:            12            288  com.intellij.lang.javascript.buildTools.npm.beforeRun.NpmBeforeRunTask
5821:             6            288  com.intellij.lang.javascript.highlighting.JavaScriptLineMarkerProvider$9
5822:             6            288  com.intellij.lang.javascript.psi.stubs.impl.TypeScriptClassStubImpl
5823:            12            288  com.intellij.lang.javascript.psi.util.ExpressionUtil$IsConstantExpressionVisitor
5824:             9            288  com.intellij.lang.properties.psi.codeStyle.PropertiesCodeStyleSettings
5825:             9            288  com.intellij.notification.impl.IdeNotificationArea$TextIcon
5826:             6            288  com.intellij.openapi.actionSystem.DefaultCompactActionGroup
5827:            12            288  com.intellij.openapi.editor.impl.FoldingModelImpl$$Lambda$1004/1796973082
5828:             6            288  com.intellij.openapi.extensions.impl.ExtensionsAreaImpl
5829:            12            288  com.intellij.openapi.externalSystem.service.execution.ExternalSystemBeforeRunTask
5830:             3            288  com.intellij.openapi.fileEditor.impl.IdeDocumentHistoryImpl
5831:             4            288  com.intellij.openapi.module.impl.ModuleManagerComponent
5832:             4            288  com.intellij.openapi.progress.util.StandardProgressIndicatorBase
5833:            12            288  com.intellij.openapi.project.DumbService$$Lambda$1514/1931445690
5834:            12            288  com.intellij.openapi.vcs.impl.LineStatusTrackerManager$ContentInfo
5835:             6            288  com.intellij.openapi.vcs.impl.VcsFileStatusProvider
5836:             9            288  com.intellij.patterns.compiler.PatternClassBean
5837:            12            288  com.intellij.patterns.uast.UElementPattern$Capture
5838:            12            288  com.intellij.patterns.uast.ULiteralExpressionPattern$annotationParam$1
5839:            12            288  com.intellij.psi.PsiAnnotation$TargetType
5840:             9            288  com.intellij.psi.css.descriptor.CssElementDescriptor$CssVersion
5841:            12            288  com.intellij.psi.css.descriptor.CssMediaGroup
5842:            12            288  com.intellij.psi.css.descriptor.CssMediaType
5843:            12            288  com.intellij.psi.impl.PsiManagerImpl$3
5844:            12            288  com.intellij.psi.impl.PsiTreeChangeEventImpl$PsiEventType
5845:            12            288  com.intellij.psi.impl.source.tree.LazyParseableElement$$Lambda$1109/768660476
5846:             9            288  com.intellij.psi.impl.source.tree.injected.RangeMarkerWindow
5847:            12            288  com.intellij.psi.jsp.JspElementType$Kind
5848:             4            288  com.intellij.spring.model.aliasFor.SpringAliasFor$$EnhancerByJetBrainsMainCglib$$cf52f1bf
5849:            12            288  com.intellij.spring.model.aliasFor.SpringAliasForUtils$$Lambda$1575/500868699
5850:             9            288  com.intellij.spring.web.config.anno.PsiBasedServlet
5851:            12            288  com.intellij.tools.ToolBeforeRunTask
5852:            12            288  com.intellij.ui.HighlightedText
5853:            12            288  com.intellij.ui.HyperlinkLabel$Win10TextAttributes
5854:            12            288  com.intellij.ui.ListExpandableItemsHandler$1
5855:            12            288  com.intellij.ui.ListExpandableItemsHandler$2
5856:            12            288  com.intellij.ui.ListExpandableItemsHandler$3
5857:            12            288  com.intellij.ui.ListExpandableItemsHandler$4
5858:            12            288  com.intellij.ui.popup.HintUpdateSupply$1
5859:             9            288  com.intellij.ui.popup.WizardPopup$1
5860:             9            288  com.intellij.ui.popup.WizardPopup$2
5861:             9            288  com.intellij.ui.popup.list.ListPopupImpl$1
5862:             9            288  com.intellij.ui.popup.list.ListPopupImpl$2
5863:             9            288  com.intellij.ui.popup.list.ListPopupImpl$3
5864:             9            288  com.intellij.ui.popup.list.ListPopupImpl$4
5865:            12            288  com.intellij.ui.tabs.FileColorConfiguration
5866:            12            288  com.intellij.util.concurrency.AtomicFieldUpdater
5867:            12            288  com.intellij.util.containers.ConcurrentFactoryMap$5
5868:             6            288  com.intellij.util.containers.ObjectLongHashMap
5869:            12            288  com.intellij.util.containers.WeakList$1
5870:            12            288  com.intellij.util.lang.JarLoader$MyResource
5871:             4            288  com.intellij.util.net.HttpConfigurable
5872:             4            288  com.intellij.util.xml.impl.DomRootInvocationHandler
5873:            18            288  com.intellij.util.xmlb.SkipDefaultValuesSerializationFilters
5874:            18            288  com.intellij.xml.util.UserColorLookup$1
5875:            18            288  com.intellij.xml.util.XmlRefCountHolder$1$$Lambda$4255/64616406
5876:            12            288  com.jediterm.terminal.TerminalMode
5877:            12            288  com.jetbrains.ls.data.ProductData
5878:            12            288  com.jetbrains.plugins.remotesdk.tools.RemoteToolBeforeRunTask
5879:             9            288  com.rover12421.ThrOWS.SYNchRonIZEd
5880:             9            288  com.sun.jna.platform.win32.BaseTSD$ULONG_PTR
5881:            12            288  com.zeroturnaround.javarebel.idea.plugin.module.IntellijIdeModule
5882:             9            288  io.netty.channel.DefaultChannelId
5883:             9            288  java.util.logging.Level
5884:            18            288  java.util.regex.Pattern$CharPropertyNames$4
5885:             9            288  java.util.stream.ReduceOps$8
5886:             9            288  java.util.stream.ReduceOps$8ReducingSink
5887:            12            288  javassist.ClassPathList
5888:             9            288  javax.swing.text.StyledEditorKit$FontSizeAction
5889:             9            288  jdk.internal.org.objectweb.asm.Type
5890:            12            288  org.apache.http.entity.ContentType
5891:            12            288  org.apache.xerces.impl.xpath.regex.Token$CharToken
5892:            12            288  org.coffeescript.run.before.CoffeeScriptSourceMapsTask
5893:             4            288  org.jetbrains.idea.maven.project.MavenGeneralSettings
5894:             3            288  org.jetbrains.idea.maven.project.MavenProjectsTree
5895:             6            288  org.jetbrains.kotlin.descriptors.impl.ValueParameterDescriptorImpl
5896:            12            288  org.jetbrains.kotlin.idea.core.script.ClearableLazyValue
5897:            12            288  org.jetbrains.kotlin.idea.formatter.KotlinLanguageCodeStyleSettingsProvider$customizeSettings$1
5898:            12            288  org.jetbrains.kotlin.serialization.deserialization.DeserializedPackageFragment$memberScope$1
5899:            12            288  org.jetbrains.kotlin.serialization.deserialization.DeserializedPackageFragmentImpl$classDataFinder$1
5900:            12            288  org.jetbrains.kotlin.serialization.deserialization.NameResolverImpl
5901:            12            288  org.jetbrains.kotlin.serialization.deserialization.ProtoBasedClassDataFinder
5902:            12            288  org.jetbrains.plugins.groovy.lang.psi.patterns.GroovyMethodCallPattern
5903:             9            288  org.zmlx.hg4idea.util.HgVersion
5904:             6            288  sun.awt.image.URLImageSource
5905:             6            288  sun.font.SunFontManager$FamilyDescription
5906:             6            288  sun.misc.SoftCache$ValueCell
5907:             3            288  sun.nio.ch.ServerSocketChannelImpl
5908:             3            288  sun.nio.ch.WindowsAsynchronousSocketChannelImpl
5909:             6            288  sun.nio.cs.StreamEncoder
5910:             9            288  sun.reflect.UnsafeLongFieldAccessorImpl
5911:             9            288  sun.rmi.transport.LiveRef
5912:             6            288  sun.text.normalizer.CharTrie
5913:            14            280  [Lcom.intellij.codeInsight.folding.impl.FoldingUpdate$RegionInfo;
5914:             1            280  [Lcom.intellij.execution.configurations.ConfigurationType;
5915:             1            280  [Lcom.intellij.openapi.fileTypes.SyntaxHighlighterFactoryEP;
5916:             7            280  [Lcom.intellij.openapi.roots.OrderEnumerationHandler$Factory;
5917:             7            280  com.google.common.collect.ImmutableSortedMap
5918:             5            280  com.intellij.codeInsight.daemon.impl.ProgressableTextEditorHighlightingPass$EmptyPass
5919:             5            280  com.intellij.codeInspection.javaDoc.JavaDocLocalInspection
5920:             7            280  com.intellij.configurationStore.properties.LongStoredProperty
5921:             7            280  com.intellij.lang.javascript.psi.ecma6.impl.TypeScriptModuleImpl
5922:             5            280  com.intellij.lang.typescript.compiler.TypeScriptCompilerSettings$CompilerSettings
5923:             5            280  com.intellij.openapi.updateSettings.impl.PluginDownloader
5924:             5            280  com.intellij.openapi.wm.ext.LibraryDependentToolWindow
5925:             7            280  com.intellij.openapi.wm.impl.FrameInfo
5926:             7            280  com.intellij.psi.css.impl.stubs.CssMediaStub
5927:             7            280  com.intellij.psi.css.inspections.CssUnusedSymbolVisitor$MyRecursiveElementVisitor
5928:             7            280  com.intellij.psi.impl.source.tree.injected.FoldingRegionWindow
5929:             7            280  com.intellij.spellchecker.compress.CompressedDictionary
5930:             5            280  com.intellij.spring.boot.model.autoconfigure.EnableAutoConfigurationModel
5931:             5            280  com.intellij.spring.contexts.model.SpringComponentScanModel
5932:             7            280  com.intellij.spring.java.SpringJavaClassInfo
5933:             7            280  git4idea.config.GitVersion
5934:             5            280  git4idea.repo.GitRepoInfo
5935:             7            280  java.io.StringReader
5936:             7            280  java.util.Collections$SingletonMap
5937:             5            280  java.util.concurrent.ConcurrentHashMap$ValueIterator
5938:             1            280  kotlin.reflect.jvm.internal.impl.builtins.KotlinBuiltIns$FqNames
5939:             5            280  org.jetbrains.jps.api.CmdlineRemoteProto$Message$BuilderMessage$BuildEvent
5940:             7            280  org.jetbrains.jps.api.CmdlineRemoteProto$Message$ControllerMessage$ParametersMessage$TargetTypeBuildScope
5941:             1            280  org.jetbrains.kotlin.builtins.KotlinBuiltIns$FqNames
5942:             7            280  org.jetbrains.kotlin.config.CompilerSettings
5943:             7            280  sun.awt.windows.WCustomCursor
5944:             2            272  [Lcom.android.resources.ResourceType;
5945:             1            272  [Lcom.intellij.openapi.startup.StartupActivity;
5946:            17            272  com.android.sdklib.repository.generated.addon.v1.ExtraDetailsType
5947:            17            272  com.intellij.ui.tabs.impl.TabLabel$5
5948:            17            272  com.sun.proxy.$Proxy64
5949:            17            272  java.time.format.DateTimeFormatterBuilder$CharLiteralPrinterParser
5950:            17            272  kotlin.properties.NotNullVar
5951:            17            272  sun.security.x509.DNSName
5952:            11            264  com.android.repository.impl.generated.v1.ChannelType
5953:             3            264  com.android.tools.idea.gradle.project.sync.GradleSyncState
5954:            11            264  com.android.tools.idea.lang.rs.RenderscriptTokenType
5955:             3            264  com.android.tools.idea.testartifacts.junit.AndroidJUnitConfiguration$1
5956:            11            264  com.google.gson.internal.bind.TypeAdapters$33
5957:            11            264  com.intellij.codeHighlighting.HighlightDisplayLevel
5958:            11            264  com.intellij.codeInsight.daemon.impl.LineMarkersPass$$Lambda$2206/2071300696
5959:             3            264  com.intellij.codeInsight.template.impl.TemplateState
5960:             3            264  com.intellij.compiler.progress.CompilerTask$2
5961:            11            264  com.intellij.database.scripting.SqlWords$WordSets
5962:            11            264  com.intellij.debugger.impl.DebuggerSession$Event
5963:            11            264  com.intellij.execution.ExecutionTargetManagerImpl$$Lambda$1343/1360622926
5964:            11            264  com.intellij.lang.LanguageExtension$$Lambda$1912/1584173487
5965:            11            264  com.intellij.openapi.command.impl.CoreCommandProcessor$1
5966:             3            264  com.intellij.openapi.progress.util.ProgressDialog
5967:             3            264  com.intellij.openapi.progress.util.ProgressWindow$1
5968:            11            264  com.intellij.openapi.projectRoots.JavaSdkVersion
5969:            11            264  com.intellij.openapi.vcs.changes.actions.RollbackAction$$Lambda$1598/733148414
5970:            11            264  com.intellij.openapi.vfs.impl.local.FileWatcher$DirtyPaths
5971:            11            264  com.intellij.openapi.vfs.impl.local.NativeFileWatcherImpl$WatcherOp
5972:            11            264  com.intellij.openapi.wm.impl.status.InfoAndProgressPanel$MyInlineProgressIndicator$$Lambda$865/1737313377
5973:            11            264  com.intellij.openapi.wm.impl.status.InlineProgressIndicator$$Lambda$866/2068264968
5974:            11            264  com.intellij.patterns.XmlFilePattern$Capture
5975:            11            264  com.intellij.patterns.uast.ULiteralExpressionPattern$annotationParam$2
5976:             3            264  com.intellij.plugins.jboss.arquillian.runConfiguration.ArquillianTestNGRunConfiguration
5977:            11            264  com.intellij.psi.impl.PsiClassImplUtil$ClassIconRequest
5978:            11            264  com.intellij.spring.index.SpringBeanIndexType
5979:            11            264  com.intellij.ui.stripe.ErrorStripePainter$SingleValue
5980:            11            264  com.intellij.util.indexing.FileBasedIndexImpl$$Lambda$1767/985761083
5981:            11            264  com.intellij.vcsUtil.VcsUtil$$Lambda$1043/858868493
5982:            11            264  com.jediterm.terminal.model.TerminalLine
5983:            11            264  com.jediterm.terminal.model.TerminalLine$TextEntries
5984:            11            264  com.jetbrains.quirksmode.BrowserImpl
5985:            11            264  com.sun.jna.DefaultTypeMapper$Entry
5986:            11            264  java.awt.geom.LineIterator
5987:            11            264  java.net.StandardSocketOptions$StdSocketOption
5988:            11            264  kotlin.reflect.jvm.internal.KPackageImpl
5989:            11            264  kotlin.reflect.jvm.internal.KPackageImpl$data$1
5990:            11            264  kotlin.reflect.jvm.internal.KProperty0Impl$delegateFieldValue$1
5991:            11            264  kotlin.reflect.jvm.internal.KProperty0Impl$getter_$1
5992:            11            264  org.intellij.lang.regexp.psi.RegExpGroup$Type
5993:            11            264  org.intellij.lang.regexp.psi.impl.RegExpBranchImpl
5994:            11            264  org.intellij.lang.regexp.psi.impl.RegExpPatternImpl
5995:            11            264  org.jetbrains.kotlin.types.AbstractTypeConstructor$supertypes$1
5996:            11            264  org.jetbrains.kotlin.types.AbstractTypeConstructor$supertypes$3
5997:            11            264  org.jetbrains.kotlin.utils.SmartSet
5998:            11            264  org.jetbrains.plugins.terminal.JBTabbedTerminalWidget$$Lambda$5555/1645605062
5999:            11            264  org.zeroturnaround.bundled.org.bouncycastle.jcajce.provider.asymmetric.ec.KeyFactorySpi$EC
6000:            11            264  org.zeroturnaround.javarebel.reporting.stats.repository.DailyFieldId
6001:            11            264  org.zeroturnaround.jrebel.client.logger.ConsoleLog
6002:             3            264  sun.java2d.windows.GDIWindowSurfaceData
6003:             7            256  [Lcom.intellij.ide.ui.search.BooleanOptionDescription;
6004:             7            256  [Lcom.intellij.openapi.roots.impl.FilePropertyPusher;
6005:             8            256  [Lcom.intellij.psi.ResolveScopeEnlarger;
6006:             2            256  com.google.common.cache.LocalCache
6007:             8            256  com.intellij.codeInsight.daemon.impl.LocalInspectionsPass$3
6008:             8            256  com.intellij.codeInsight.daemon.impl.UpdateHighlightersUtil$$Lambda$2083/781834555
6009:            16            256  com.intellij.codeInsight.template.postfix.util.JavaPostfixTemplatesUtils$3
6010:             8            256  com.intellij.codeInspection.dataFlow.rangeSet.LongRangeSet$Range
6011:             8            256  com.intellij.compiler.CompilerConfigurationImpl$State
6012:             8            256  com.intellij.compiler.impl.CompileDriver$$Lambda$837/1371155531
6013:             8            256  com.intellij.debugger.streams.lib.impl.OptionalResultOperation
6014:             8            256  com.intellij.find.SearchReplaceComponent$10
6015:             8            256  com.intellij.find.SearchTextArea$5
6016:             8            256  com.intellij.find.SearchTextArea$ClearAction
6017:             8            256  com.intellij.find.SearchTextArea$NewLineAction
6018:             8            256  com.intellij.find.SearchTextArea$ShowHistoryAction
6019:             8            256  com.intellij.find.editorHeaderActions.NextOccurrenceAction
6020:             8            256  com.intellij.find.editorHeaderActions.PrevOccurrenceAction
6021:             8            256  com.intellij.find.editorHeaderActions.VariantsCompletionAction
6022:            16            256  com.intellij.gwt.references.GwtToCssClassReferenceProvider
6023:            16            256  com.intellij.gwt.uiBinder.references.GwtUiReferenceContributor$UiFieldReferenceProvider
6024:            16            256  com.intellij.ide.UiActivity$Focus
6025:            16            256  com.intellij.jam.reflect.JamClassAttributeMeta$Single
6026:             4            256  com.intellij.javascript.nodejs.library.NodeModulesDirectoryManager
6027:            16            256  com.intellij.jsf.composite.references.AbstractForAttributeReferenceProvider$1
6028:            16            256  com.intellij.lang.javascript.frameworks.react.ReactHighlightVisitor
6029:            16            256  com.intellij.lang.javascript.index.JSSymbolUtil$$Lambda$2610/1291364998
6030:             8            256  com.intellij.lang.javascript.psi.types.JSTypeComparingCache
6031:            16            256  com.intellij.lang.properties.ResourceBundleReferenceProvider
6032:             8            256  com.intellij.lang.typescript.compiler.TypeScriptLanguageServiceToolWindowManager$1
6033:             8            256  com.intellij.openapi.command.impl.ChangeRange
6034:             8            256  com.intellij.openapi.command.impl.FileUndoProvider$MyUndoableAction
6035:             4            256  com.intellij.openapi.command.impl.UndoManagerImpl
6036:            16            256  com.intellij.openapi.components.ServiceManager$$Lambda$438/1676813911
6037:             8            256  com.intellij.openapi.keymap.KeymapUtil$RedispatchEventAction
6038:            16            256  com.intellij.openapi.progress.util.AbstractProgressIndicatorExBase$$Lambda$2805/12363537
6039:             8            256  com.intellij.openapi.vcs.changes.ChangeListWorker$ListData
6040:             8            256  com.intellij.openapi.vcs.changes.IgnoredFilesCompositeHolder
6041:             8            256  com.intellij.patterns.TreeElementPattern$10
6042:            16            256  com.intellij.play.references.PlayControllerActionPsiReferenceProvider
6043:             4            256  com.intellij.profile.codeInspection.ProjectInspectionProfileManager
6044:            16            256  com.intellij.psi.css.impl.util.CssInHtmlReferenceProvider$CssInHtmlElementFilter
6045:             8            256  com.intellij.psi.impl.PsiModificationTrackerImpl$2
6046:             8            256  com.intellij.psi.impl.source.resolve.reference.PsiReferenceRegistrarImpl
6047:            16            256  com.intellij.psi.impl.source.resolve.reference.impl.providers.CustomizableReferenceProvider$CustomizationKey
6048:             8            256  com.intellij.psi.impl.source.resolve.reference.impl.providers.JavaClassListReferenceProvider
6049:            16            256  com.intellij.psi.impl.source.resolve.reference.impl.providers.XmlBaseReferenceProvider
6050:            16            256  com.intellij.seam.converters.jam.SeamJamAnnotationParameterReferenceProvider
6051:            16            256  com.intellij.spring.boot.model.autoconfigure.conditions.ConditionMessage
6052:            16            256  com.intellij.spring.integration.model.jam.converters.MessageChannelReferenceConverter
6053:            16            256  com.intellij.spring.references.SpringReferenceContributor$ClassPathResourceReferenceProvider
6054:            16            256  com.intellij.struts.inplace.reference.ReferenceProviderUtils$2
6055:             8            256  com.intellij.struts.inplace.reference.StrutsReferenceContributor$6
6056:             8            256  com.intellij.struts.inplace.reference.StrutsReferenceContributor$7
6057:             8            256  com.intellij.struts.inplace.reference.StrutsReferenceContributor$8
6058:             8            256  com.intellij.struts.inplace.reference.property.SetPropertyReferenceProvider
6059:            16            256  com.intellij.struts2.reference.StrutsTaglibReferenceContributorBase$HtmlIdWithAdditionalVariantsReferenceProvider
6060:             8            256  com.intellij.ui.SearchTextField$MyModel
6061:            16            256  com.intellij.ui.tree.AsyncTreeModel$$Lambda$1272/1270117606
6062:             8            256  com.intellij.util.indexing.VfsAwareMapReduceIndex$$Lambda$3143/416685078
6063:             8            256  com.intellij.util.io.CompressedAppendableFile$2
6064:            16            256  com.intellij.util.xml.converters.values.GenericDomValueConvertersRegistry$$Lambda$962/1402365685
6065:            16            256  com.siyeh.ig.callMatcher.CallMapper
6066:             8            256  com.sun.xml.internal.bind.v2.model.impl.RegistryInfoImpl
6067:             8            256  java.awt.event.ComponentEvent
6068:             8            256  java.io.FilePermission
6069:             8            256  java.util.LinkedHashMap$LinkedValueIterator
6070:             8            256  java.util.Random
6071:             8            256  java.util.concurrent.Semaphore$NonfairSync
6072:             8            256  javax.management.MBeanNotificationInfo
6073:             8            256  javax.swing.event.ListSelectionEvent
6074:             4            256  javax.swing.plaf.basic.BasicEditorPaneUI$StyleSheetUIResource
6075:            16            256  javax.swing.plaf.basic.BasicRadioButtonUI$KeyHandler
6076:             8            256  javax.swing.text.DefaultEditorKit$NextVisualPositionAction
6077:             8            256  javax.swing.text.DefaultStyledDocument$AbstractChangeHandler$DocReference
6078:             8            256  javax.swing.tree.VariableHeightLayoutCache$VisibleTreeStateNodeEnumeration
6079:             8            256  net.miginfocom.swing.SwingContainerWrapper
6080:            16            256  org.apache.xerces.impl.xpath.regex.RegularExpression$StringTarget
6081:             8            256  org.ini4j.spi.AbstractBeanInvocationHandler$Prefix
6082:            16            256  org.jetbrains.kotlin.serialization.deserialization.TypeTable
6083:             8            256  org.jetbrains.kotlin.util.slicedMap.SetSlice
6084:            16            256  org.jetbrains.plugins.javaFX.css.refs.JavaFxCSSReferenceContributor$JavaFxCssReferenceProvider
6085:            16            256  org.jetbrains.plugins.javaFX.fxml.refs.JavaFxComponentIdReferenceProvider
6086:            16            256  org.jetbrains.plugins.javaFX.fxml.refs.JavaFxSourceReferenceProvider
6087:             8            256  org.jetbrains.plugins.sass.extensions.SassExtensionFunctionInfoImpl
6088:             8            256  sun.misc.ProxyGenerator$PrimitiveTypeInfo
6089:             2            256  sun.nio.ch.WindowsSelectorImpl
6090:             8            256  sun.nio.ch.WindowsSelectorImpl$MapEntry
6091:             8            256  sun.nio.fs.WindowsNativeDispatcher$FirstFile
6092:             8            256  sun.reflect.UnsafeQualifiedBooleanFieldAccessorImpl
6093:             8            256  sun.security.x509.CertificatePoliciesExtension
6094:             1            248  [Lcom.intellij.execution.actions.RunConfigurationProducer;
6095:             2            248  [Lcom.intellij.refactoring.rename.RenameHandler;
6096:             8            248  [Ljava.lang.invoke.LambdaForm$BasicType;
6097:             3            240  [Lcom.intellij.psi.codeStyle.CodeStyleSettingsCustomizable$BlankLinesOption;
6098:             1            240  [Lde.plushnikov.intellij.plugin.lombokconfig.ConfigKey;
6099:             6            240  [Ljava.lang.invoke.BoundMethodHandle$SpeciesData;
6100:            10            240  [Ljava.util.HashMap;
6101:             1            240  [Lorg.jetbrains.kotlin.config.LanguageFeature;
6102:             1            240  [Lorg.jetbrains.plugins.groovy.lang.resolve.NonCodeMembersContributor;
6103:             2            240  [Lsun.nio.cs.CharsetMapping$Entry;
6104:            10            240  ch.qos.logback.core.pattern.LiteralConverter
6105:             5            240  com.alibaba.p3c.pmd.fix.FixClassTypeResolver
6106:            15            240  com.android.ide.common.repository.GradleCoordinate$NumberComponent
6107:             6            240  com.android.tools.idea.profiling.view.AnalysisResultsManager$2
6108:             6            240  com.android.tools.idea.profiling.view.EmptyManager$1
6109:             3            240  com.android.tools.idea.testartifacts.junit.AndroidJUnitConfiguration
6110:             6            240  com.android.tools.idea.uibuilder.editor.NlAbstractWindowManager$2
6111:             3            240  com.android.tools.idea.uibuilder.layeredimage.LayersManager
6112:             3            240  com.ansorgit.plugins.bash.runner.BashRunConfiguration
6113:            10            240  com.google.common.collect.SingletonImmutableSet
6114:            10            240  com.google.gson.stream.JsonToken
6115:            10            240  com.google.gson.stream.JsonToken
6116:            10            240  com.intellij.codeInsight.MetaAnnotationUtil$$Lambda$2135/1143112341
6117:            15            240  com.intellij.codeInsight.daemon.RelatedItemLineMarkerInfo$RelatedItemLineMarkerGutterIconRenderer
6118:             5            240  com.intellij.codeInsight.daemon.impl.SeverityRegistrar$OrderMap
6119:            15            240  com.intellij.codeInsight.daemon.impl.analysis.XmlHighlightVisitor
6120:            10            240  com.intellij.codeInsight.folding.impl.actions.BaseExpandToLevelAction$1
6121:             3            240  com.intellij.codeInsight.hint.LineTooltipRenderer$1
6122:             3            240  com.intellij.codeInsight.navigation.CtrlMouseHandler
6123:            10            240  com.intellij.codeInsight.navigation.NavigationGutterIconBuilder$1
6124:            10            240  com.intellij.codeInspection.ProblemHighlightType
6125:            10            240  com.intellij.codeInspection.SimplifyStreamApiCallChainsInspection$ReplaceCollectorFix$$Lambda$5309/603282631
6126:             6            240  com.intellij.codeInspection.dataFlow.MethodData
6127:            10            240  com.intellij.diagram.VisibilityLevel
6128:            10            240  com.intellij.diagram.settings.DiagramConfigElement
6129:             3            240  com.intellij.execution.impl.RunManagerImpl
6130:            10            240  com.intellij.execution.process.BaseOSProcessHandler$2$1
6131:             3            240  com.intellij.execution.process.KillableColoredProcessHandler
6132:            10            240  com.intellij.execution.process.ProcessOutputType
6133:            10            240  com.intellij.execution.process.ProcessWaitFor$1
6134:             3            240  com.intellij.execution.scratch.JavaScratchConfiguration
6135:            10            240  com.intellij.featureStatistics.GroupDescriptor
6136:             6            240  com.intellij.find.findUsages.JavaClassFindUsagesOptions
6137:             6            240  com.intellij.find.findUsages.JavaMethodFindUsagesOptions
6138:             5            240  com.intellij.find.impl.livePreview.LivePreview
6139:            10            240  com.intellij.formatting.IndentImpl
6140:             1            240  com.intellij.ide.IdeEventQueue
6141:             3            240  com.intellij.ide.IdeTooltipManager$6
6142:            10            240  com.intellij.ide.b.u
6143:             6            240  com.intellij.ide.browsers.ConfigurableWebBrowser
6144:            10            240  com.intellij.ide.ui.laf.darcula.ui.DarculaSpinnerUI$2
6145:            10            240  com.intellij.ide.ui.laf.intellij.WinIntelliJSpinnerUI$3
6146:            10            240  com.intellij.javaee.ejb.role.EjbClassRoleEnum
6147:             6            240  com.intellij.javaee.model.common.ejb.EjbDescriptorVersion
6148:            10            240  com.intellij.json.JsonElementType
6149:             5            240  com.intellij.lang.javascript.JavaScriptHighlightingLexer
6150:            10            240  com.intellij.lang.javascript.linter.FilesMirror
6151:             6            240  com.intellij.lang.javascript.psi.ecma6.impl.TypeScriptClassImpl
6152:             3            240  com.intellij.lang.typescript.compiler.TypeScriptLanguageServiceToolWindowManager
6153:            10            240  com.intellij.openapi.components.ExpandMacroToPathMap
6154:            15            240  com.intellij.openapi.editor.impl.EditorImpl$MyInputMethodHandleSwingThreadWrapper
6155:             6            240  com.intellij.openapi.editor.richcopy.model.SyntaxInfo
6156:            10            240  com.intellij.openapi.externalSystem.configurationStore.ExternalStorageSpec
6157:            10            240  com.intellij.openapi.fileEditor.impl.FileEditorManagerImpl$MyFileStatusListener$$Lambda$1513/1762466206
6158:             3            240  com.intellij.openapi.fileEditor.impl.PsiAwareFileEditorManagerImpl
6159:             3            240  com.intellij.openapi.project.DumbServiceImpl
6160:             6            240  com.intellij.openapi.vcs.changes.IgnoredFileBean
6161:             6            240  com.intellij.openapi.vcs.ex.DocumentTracker
6162:             3            240  com.intellij.openapi.vcs.impl.LineStatusTrackerManager
6163:            10            240  com.intellij.openapi.vcs.impl.SingleThreadLoader$handleSingleRequest$$inlined$runInEdt$1
6164:            15            240  com.intellij.openapi.wm.impl.ToolWindowManagerImpl$$Lambda$773/279422664
6165:            15            240  com.intellij.openapi.wm.impl.ToolWindowManagerImpl$$Lambda$774/298712678
6166:            10            240  com.intellij.patterns.ObjectPattern$8
6167:            10            240  com.intellij.patterns.TreeElementPattern$2
6168:             3            240  com.intellij.plugins.jboss.arquillian.runConfiguration.ArquillianJUnitRunConfiguration
6169:             5            240  com.intellij.psi.impl.search.LazyConcurrentCollection
6170:            10            240  com.intellij.psi.impl.search.PsiSearchHelperImpl$$Lambda$3891/704044475
6171:            10            240  com.intellij.psi.impl.source.jsp.el.impl.ELResolveUtil$VariableInfoBean
6172:             3            240  com.intellij.psi.refResolve.RefResolveServiceImpl
6173:             5            240  com.intellij.psi.stubs.PsiFileStubImpl
6174:             5            240  com.intellij.remoteServer.impl.configuration.deployment.DeployToServerConfigurationType
6175:             6            240  com.intellij.spring.boot.model.autoconfigure.conditions.ConditionalContributorEP
6176:            10            240  com.intellij.spring.model.jam.stereotype.SpringStereotypeElement$1
6177:            10            240  com.intellij.spring.osgi.patterns.OsgiSpringBeanGenerateProvider
6178:            10            240  com.intellij.sql.psi.impl.SqlTokenType$Synthetic
6179:             3            240  com.intellij.tapestry.intellij.view.TapestryProjectViewPane
6180:            10            240  com.intellij.ui.TableExpandableItemsHandler$1
6181:            10            240  com.intellij.ui.TableExpandableItemsHandler$2
6182:            10            240  com.intellij.ui.TableExpandableItemsHandler$3
6183:            10            240  com.intellij.ui.TableExpandableItemsHandler$4
6184:            10            240  com.intellij.ui.TableExpandableItemsHandler$5
6185:            10            240  com.intellij.ui.table.JBTable$4
6186:             3            240  com.intellij.ui.table.JBTable$DefaultColumnInfoBasedRowSorter
6187:            10            240  com.intellij.ui.table.JBTable$JBTableHeader$1
6188:            10            240  com.intellij.ui.table.JBTable$MyCellEditorRemover
6189:            15            240  com.intellij.util.containers.ClassMap
6190:            15            240  com.intellij.util.containers.MultiMap$1
6191:            10            240  com.intellij.util.indexing.FileBasedIndexImpl$$Lambda$3892/1494068443
6192:             6            240  com.intellij.util.pico.DefaultPicoContainer
6193:            15            240  com.intellij.util.ui.update.MergingUpdateQueue$$Lambda$892/819641333
6194:            15            240  com.intellij.util.xml.ModelMergerImpl$$Lambda$961/1841337286
6195:            15            240  com.intellij.util.xml.ModelMergerImpl$1
6196:            15            240  com.intellij.util.xml.ModelMergerImpl$2
6197:            15            240  com.intellij.util.xml.ModelMergerImpl$3
6198:            15            240  com.intellij.util.xml.ModelMergerImpl$4
6199:            15            240  com.intellij.util.xml.ModelMergerImpl$5
6200:            15            240  com.intellij.util.xml.ModelMergerImpl$6
6201:            15            240  com.intellij.util.xml.ModelMergerImpl$7
6202:            15            240  com.intellij.util.xml.ModelMergerImpl$8
6203:             6            240  com.intellij.util.xml.impl.FileDescriptionCachedValueProvider
6204:             3            240  com.intellij.vcs.commit.CommitMessageInspectionProfile
6205:             5            240  com.intellij.xdebugger.impl.BreakpointManagerState
6206:             3            240  com.jetbrains.plugins.webDeployment.config.OldPublishConfigStateHolder$State
6207:            10            240  com.jetbrains.quirksmode.HtmlFilePattern
6208:            10            240  com.rover12421.exTENdS.syNCHRonIzEd.syNCHRonIzEd
6209:            15            240  com.sun.proxy.$Proxy73
6210:             5            240  git4idea.config.GitOptionsTopHitProvider$2
6211:             6            240  io.netty.channel.socket.nio.NioSocketChannel$NioSocketChannelUnsafe
6212:            10            240  java.awt.Window$WindowDisposerRecord
6213:             6            240  java.io.ObjectOutputStream$HandleTable
6214:            10            240  java.lang.annotation.ElementType
6215:            10            240  java.nio.file.StandardOpenOption
6216:            10            240  java.rmi.server.ObjID
6217:            10            240  java.security.CryptoPrimitive
6218:             5            240  java.util.WeakHashMap$KeyIterator
6219:            10            240  java.util.concurrent.Executors$DelegatedScheduledExecutorService
6220:            15            240  java.util.concurrent.atomic.AtomicLongArray
6221:            10            240  javax.swing.plaf.basic.BasicSpinnerUI$Handler
6222:            10            240  javax.swing.plaf.basic.BasicTableHeaderUI$MouseInputHandler
6223:            10            240  kotlin.reflect.jvm.internal.KMutableProperty0Impl$setter_$1
6224:            10            240  kotlin.reflect.jvm.internal.KPackageImpl
6225:            10            240  kotlin.reflect.jvm.internal.KPackageImpl$data$1
6226:            10            240  kotlin.reflect.jvm.internal.impl.resolve.scopes.DescriptorKindFilter
6227:            10            240  kotlin.reflect.jvm.internal.impl.resolve.scopes.DescriptorKindFilter$Companion$MaskToName
6228:            10            240  kotlin.text.Regex
6229:            10            240  net.sourceforge.pmd.RuleSetReference
6230:            10            240  one.util.streamex.StreamEx
6231:             2            240  org.apache.xerces.impl.XMLEntityManager
6232:            10            240  org.apache.xerces.impl.XMLEntityManager$EncodingInfo
6233:            10            240  org.intellij.images.options.impl.ImagesOptionsComponent$SpinnerOptionsListener
6234:            10            240  org.intellij.lang.xpath.context.functions.Parameter
6235:            15            240  org.jaxen.expr.DefaultAbsoluteLocationPath
6236:            10            240  org.jetbrains.idea.maven.model.MavenExplicitProfiles
6237:             5            240  org.jetbrains.idea.maven.project.MavenImportingSettings
6238:             5            240  org.jetbrains.idea.svn.SvnOptionsTopHitProvider$1
6239:             6            240  org.jetbrains.jps.api.RequestFuture
6240:             6            240  org.jetbrains.jps.backwardRefs.CompilerBackwardReferenceIndex
6241:             3            240  org.jetbrains.kotlin.idea.run.KotlinRunConfiguration
6242:            10            240  org.jetbrains.kotlin.resolve.scopes.DescriptorKindFilter
6243:            10            240  org.jetbrains.kotlin.resolve.scopes.DescriptorKindFilter$Companion$MaskToName
6244:             3            240  org.jetbrains.plugins.cucumber.java.run.CucumberJavaRunConfiguration
6245:             3            240  org.jetbrains.plugins.grails.runner.GrailsRunConfiguration
6246:            10            240  org.jetbrains.uast.java.AbstractJavaUClass$uastDeclarations$2
6247:            10            240  org.jetbrains.uast.java.AbstractJavaUClass$uastSuperTypes$2
6248:            10            240  org.jetbrains.uast.java.JavaUFile$allCommentsInFile$2
6249:            10            240  org.jetbrains.uast.java.JavaUFile$classes$2
6250:            10            240  org.jetbrains.uast.java.JavaUFile$imports$2
6251:            10            240  org.jetbrains.uast.java.JavaUMethod$annotations$2
6252:            10            240  org.jetbrains.uast.java.JavaUMethod$uastBody$2
6253:            10            240  org.jetbrains.uast.java.JavaUMethod$uastParameters$2
6254:            10            240  org.jetbrains.uast.java.JavaUastLanguagePlugin$convertDeclaration$1
6255:            10            240  sun.awt.SunHints$Key
6256:            10            240  sun.font.FileFont$CreatedFontFileDisposerRecord
6257:             5            240  sun.java2d.loops.DrawParallelogram
6258:             5            240  sun.java2d.loops.FillParallelogram
6259:             6            240  sun.management.MemoryPoolImpl$CollectionSensor
6260:             6            240  sun.management.MemoryPoolImpl$PoolSensor
6261:             6            240  sun.misc.FloatingDecimal$BinaryToASCIIBuffer
6262:            10            240  sun.rmi.runtime.Log$LoggerLog
6263:            10            240  sun.security.x509.Extension
6264:            10            240  sun.swing.table.DefaultTableCellHeaderRenderer$EmptyIcon
6265:             4            224  [Lcom.intellij.ide.ui.search.OptionDescription;
6266:             2            224  [Lcom.intellij.lang.javascript.psi.types.guard.JSTypeFacts$SimpleFact;
6267:             2            224  [Lcom.jediterm.terminal.TerminalMode;
6268:             7            224  com.android.tools.idea.res.ResourceHelper$UnitEntry
6269:             7            224  com.google.common.collect.RegularImmutableSortedSet
6270:            14            224  com.intellij.aop.jam.AopJavaAnnotator$$Lambda$3763/843640702
6271:            14            224  com.intellij.codeInsight.TestFrameworks$$Lambda$3709/1713854951
6272:             7            224  com.intellij.codeInsight.completion.OffsetMap
6273:             4            224  com.intellij.codeInsight.daemon.impl.EditorTracker
6274:             4            224  com.intellij.codeInsight.template.postfix.templates.ForeachPostfixTemplate
6275:            14            224  com.intellij.codeInspection.dataFlow.NullnessUtil$$Lambda$4138/594569922
6276:            14            224  com.intellij.codeInspection.dataFlow.value.DfaValueFactory$FieldChecker$$Lambda$3997/531302378
6277:             7            224  com.intellij.codeInspection.streamMigration.OperationReductionMigration$ReductionOperation
6278:            14            224  com.intellij.configurationStore.SchemeManagerImpl$SchemeFileTracker
6279:             7            224  com.intellij.debugger.streams.lib.impl.SortedOperation
6280:             7            224  com.intellij.ide.actions.CollapseAllToolbarAction
6281:             7            224  com.intellij.jam.reflect.JamMemberArchetype
6282:            14            224  com.intellij.lang.javascript.template.postfix.JSPostfixTemplateUtils$3
6283:             7            224  com.intellij.lang.typescript.tsconfig.TypeScriptConfigService$Provider$1
6284:            14            224  com.intellij.openapi.actionSystem.impl.ActionToolbarImpl$8
6285:             4            224  com.intellij.openapi.command.impl.CommandMerger
6286:             7            224  com.intellij.openapi.editor.impl.StripedIDGenerator$NextPair
6287:             4            224  com.intellij.openapi.externalSystem.configurationStore.ExternalProjectFilteringStorage
6288:             7            224  com.intellij.openapi.roots.impl.libraries.LibraryTableBase$LibraryModel
6289:             4            224  com.intellij.openapi.vcs.changes.ChangeListWorker
6290:             4            224  com.intellij.openapi.vcs.changes.VcsAnnotationLocalChangesListenerImpl
6291:             7            224  com.intellij.openapi.vcs.impl.VcsInitObject
6292:             4            224  com.intellij.openapi.vcs.impl.projectlevelman.NewMappings
6293:             7            224  com.intellij.psi.XmlRecursiveElementWalkingVisitor$1
6294:             4            224  com.intellij.psi.impl.PsiDocumentManagerImpl
6295:             4            224  com.intellij.psi.impl.PsiManagerImpl
6296:             7            224  com.intellij.psi.impl.source.PostprocessReformattingAspect$Context
6297:             4            224  com.intellij.refactoring.ui.TypeSelectorManagerImpl
6298:             4            224  com.intellij.tasks.impl.TaskManagerImpl$Config
6299:            14            224  com.intellij.ws.index.FileBasedWSIndex$$Lambda$3756/2121638987
6300:            14            224  com.intellij.ws.inspections.BaseWebServicesInspection$$Lambda$3974/2120353620
6301:             7            224  com.sun.jna.Library$Handler
6302:            14            224  com.sun.proxy.$Proxy123
6303:             4            224  com.sun.xml.internal.bind.v2.model.impl.RuntimeModelBuilder
6304:             4            224  com.sun.xml.internal.bind.v2.model.impl.RuntimeTypeInfoSetImpl
6305:             7            224  com.theoryinpractice.testng.model.TestType
6306:             4            224  java.net.SocketPermission
6307:             7            224  javax.swing.text.html.HTMLEditorKit$LinkController
6308:             7            224  kotlin.reflect.jvm.internal.impl.serialization.ProtoBuf$QualifiedNameTable
6309:             7            224  kotlin.reflect.jvm.internal.impl.serialization.ProtoBuf$StringTable
6310:             7            224  org.apache.xerces.util.SymbolTable
6311:             2            224  org.intellij.images.options.impl.ImagesOptionsComponent
6312:             7            224  org.intellij.lang.xpath.xslt.validation.inspections.TemplateInvocationInspection$1
6313:             4            224  org.jetbrains.java.debugger.breakpoints.properties.JavaExceptionBreakpointProperties
6314:             7            224  org.jetbrains.jps.model.serialization.facet.FacetState
6315:             7            224  org.jetbrains.kotlin.idea.intentions.SpecifyTypeExplicitlyIntention
6316:             7            224  org.jetbrains.kotlin.serialization.deserialization.descriptors.DeserializedClassDescriptor$DeserializedClassTypeConstructor
6317:             2            224  org.jetbrains.kotlin.serialization.deserialization.descriptors.DeserializedPropertyDescriptor
6318:            14            224  org.picocontainer.defaults.DelegatingComponentMonitor
6319:             4            224  sun.rmi.transport.Target
6320:             9            216  [Lcom.android.tools.idea.run.editor.AndroidDebugger;
6321:             9            216  [Lcom.intellij.codeInsight.folding.impl.ElementSignatureProvider;
6322:             1            216  [Lcom.intellij.lang.javascript.buildTools.npm.rc.NpmCommand;
6323:             3            216  [Lcom.intellij.openapi.compiler.util.InspectionValidator;
6324:             9            216  [Lcom.intellij.openapi.vcs.impl.VcsBaseContentProvider;
6325:             1            216  [Lcom.intellij.plugins.jboss.arquillian.configuration.container.ArquillianContainerBean;
6326:            11            216  [Lcom.intellij.ui.HintListener;
6327:            13            216  [Ljavax.management.MBeanConstructorInfo;
6328:             9            216  [Ljavax.swing.text.Position$Bias;
6329:             3            216  ch.qos.logback.classic.spi.LoggingEvent
6330:             3            216  com.android.tools.idea.experimental.PermissionUsageInspection
6331:             9            216  com.intellij.application.options.JspCodeStyleSettings
6332:             9            216  com.intellij.cloudConfig.StatusInfo
6333:             3            216  com.intellij.codeInsight.CodeInsightSettings
6334:             3            216  com.intellij.codeInsight.documentation.DocumentationManager
6335:             9            216  com.intellij.codeInsight.intention.impl.IntentionHintComponent$3
6336:             9            216  com.intellij.codeInsight.problems.WolfTheProblemSolverImpl$6
6337:             9            216  com.intellij.dvcs.branch.DvcsBranchSettings
6338:             3            216  com.intellij.execution.dashboard.RunDashboardManagerImpl
6339:             3            216  com.intellij.execution.ui.RunContentDescriptor
6340:             9            216  com.intellij.framework.detection.FileContentPattern$1
6341:             9            216  com.intellij.framework.detection.FileContentPattern$4
6342:             9            216  com.intellij.ide.TypePresentationServiceImpl$AnnotationBasedTemplate$1
6343:             9            216  com.intellij.ide.TypePresentationServiceImpl$AnnotationBasedTemplate$2
6344:             9            216  com.intellij.ide.navigationToolbar.NavBarKeyboardCommand
6345:             9            216  com.intellij.ide.navigationToolbar.NavBarUpdateQueue$ID
6346:             9            216  com.intellij.ide.navigationToolbar.ui.AbstractNavBarUI$ImageType
6347:             3            216  com.intellij.ide.projectView.impl.PackageViewPane
6348:             3            216  com.intellij.ide.projectView.impl.ProjectViewPane
6349:             3            216  com.intellij.ide.scopeView.ScopeViewPane
6350:             3            216  com.intellij.ide.scratch.ScratchProjectViewPane
6351:             9            216  com.intellij.jam.reflect.JamAnnotationMeta$1
6352:             3            216  com.intellij.javaee.ProjectResources
6353:             3            216  com.intellij.lang.javascript.flex.build.FlexCompilerHandler
6354:             3            216  com.intellij.lang.javascript.flex.flexunit.FlexUnitRunnerParameters
6355:             9            216  com.intellij.lang.javascript.index.flags.EnumStructureElement
6356:             9            216  com.intellij.lang.javascript.psi.resolve.JSTaggedResolveResult$ResolveResultTag
6357:             9            216  com.intellij.lang.typescript.compiler.action.TypeScriptCompileAllAction
6358:             9            216  com.intellij.openapi.editor.impl.SweepProcessor$$Lambda$1021/1041279345
6359:             9            216  com.intellij.openapi.fileEditor.impl.text.TextEditorProvider$$Lambda$1068/433002533
6360:             3            216  com.intellij.openapi.module.impl.ModuleImpl
6361:             3            216  com.intellij.openapi.project.impl.ProjectImpl
6362:             3            216  com.intellij.openapi.ui.impl.ShadowPainter
6363:             3            216  com.intellij.openapi.vcs.changes.committed.CommittedChangesCache
6364:             9            216  com.intellij.openapi.vcs.changes.issueLinks.IssueLinkRenderer
6365:             3            216  com.intellij.openapi.vcs.changes.shelf.ShelvedChangesViewManager$2
6366:             3            216  com.intellij.openapi.vcs.impl.PartialLineStatusTrackerManagerState
6367:             9            216  com.intellij.openapi.wm.impl.IdeBackgroundUtil$Anchor
6368:             9            216  com.intellij.openapi.wm.impl.PaintersHelper
6369:             9            216  com.intellij.patterns.PsiBinaryExpressionPattern$3
6370:             9            216  com.intellij.patterns.compiler.PatternCompilerImpl$State
6371:             9            216  com.intellij.pom.java.LanguageLevel
6372:             9            216  com.intellij.psi.codeStyle.CommonCodeStyleSettingsManager
6373:             9            216  com.intellij.psi.css.browse.ColorDeclarationType
6374:             9            216  com.intellij.psi.impl.source.codeStyle.javadoc.JDTag
6375:             3            216  com.intellij.spring.boot.run.lifecycle.tabs.HealthTab
6376:             3            216  com.intellij.spring.boot.run.lifecycle.tabs.HealthTreeStructure$1
6377:             9            216  com.intellij.thymeleaf.dialects.beans.ThymeleafExpressionObjectBean
6378:             9            216  com.intellij.ui.RelativeFont
6379:             9            216  com.intellij.ui.popup.WizardPopup$3
6380:             9            216  com.intellij.ui.popup.list.ListPopupImpl$MyMouseMotionListener
6381:             9            216  com.intellij.uiDesigner.propertyInspector.editors.ComboBoxPropertyEditor$MyPopupMenuListener
6382:             9            216  com.intellij.util.xmlb.SmartSerializer
6383:             3            216  com.intellij.vcs.log.data.index.VcsLogFullDetailsIndex$MyMapReduceIndex
6384:             3            216  com.intellij.xdebugger.impl.breakpoints.XBreakpointManagerImpl
6385:             9            216  com.sun.xml.internal.bind.v2.model.annotation.MethodLocatable
6386:             9            216  com.sun.xml.internal.bind.v2.model.annotation.XmlElementDeclQuick
6387:             9            216  com.sun.xml.internal.bind.v2.model.impl.GetterSetterPropertySeed
6388:             9            216  com.sun.xml.internal.bind.v2.runtime.reflect.Accessor$GetterSetterReflection
6389:             3            216  freemarker.core.DollarVariable
6390:             9            216  git4idea.log.GitRefManager$RefType
6391:             9            216  io.netty.channel.SucceededChannelFuture
6392:             9            216  java.util.logging.Level$KnownLevel
6393:             9            216  java.util.stream.ReferencePipeline$5$1
6394:             1            216  javax.swing.ImageIcon$2$1
6395:             1            216  javax.swing.ImageIcon$3
6396:             9            216  javax.swing.plaf.basic.BasicRootPaneUI$RootPaneInputMap
6397:             9            216  kotlin.reflect.jvm.internal.impl.descriptors.annotations.AnnotationUseSiteTarget
6398:             9            216  kotlin.reflect.jvm.internal.impl.protobuf.WireFormat$JavaType
6399:             9            216  kotlin.reflect.jvm.internal.impl.storage.LockBasedStorageManager$MapBasedMemoizedFunction
6400:             9            216  kotlin.reflect.jvm.internal.impl.storage.LockBasedStorageManager$MapBasedMemoizedFunctionToNotNull
6401:             3            216  org.angularjs.service.Angular2LanguageService
6402:             3            216  org.apache.commons.collections.ExtendedProperties
6403:             9            216  org.apache.xerces.impl.xpath.regex.Token$ConcatToken
6404:             9            216  org.editorconfig.settings.EditorConfigSettings
6405:             9            216  org.intellij.lang.regexp.psi.RegExpBoundary$Type
6406:             9            216  org.jetbrains.android.formatter.AndroidXmlCodeStyleSettings$LayoutSettings
6407:             9            216  org.jetbrains.android.formatter.AndroidXmlCodeStyleSettings$ManifestSettings
6408:             9            216  org.jetbrains.android.formatter.AndroidXmlCodeStyleSettings$OtherSettings
6409:             9            216  org.jetbrains.android.formatter.AndroidXmlCodeStyleSettings$ValueResourceFileSettings
6410:             9            216  org.jetbrains.idea.maven.plugins.api.MavenPluginDescriptor$ModelProperty
6411:             9            216  org.jetbrains.kotlin.descriptors.annotations.AnnotationUseSiteTarget
6412:             3            216  org.jetbrains.kotlin.idea.run.script.standalone.KotlinStandaloneScriptRunConfiguration
6413:             9            216  org.jetbrains.kotlin.protobuf.WireFormat$JavaType
6414:             9            216  org.jetbrains.kotlin.renderer.DescriptorRendererModifier
6415:             9            216  org.jetbrains.kotlin.serialization.deserialization.descriptors.DeserializedMemberScope$classNames$2
6416:             9            216  org.jetbrains.kotlin.serialization.deserialization.descriptors.DeserializedMemberScope$functionNamesLazy$2
6417:             9            216  org.jetbrains.kotlin.serialization.deserialization.descriptors.DeserializedMemberScope$functions$1
6418:             9            216  org.jetbrains.kotlin.serialization.deserialization.descriptors.DeserializedMemberScope$properties$1
6419:             9            216  org.jetbrains.kotlin.serialization.deserialization.descriptors.DeserializedMemberScope$typeAliasByName$1
6420:             9            216  org.jetbrains.kotlin.serialization.deserialization.descriptors.DeserializedMemberScope$variableNamesLazy$2
6421:             3            216  org.jetbrains.plugins.grails.projectView.GrailsProjectViewPane
6422:             9            216  org.zeroturnaround.javarebel.LicenceType
6423:             9            216  sun.awt.OSInfo$WindowsVersion
6424:             3            216  sun.nio.ch.Iocp
6425:             9            216  sun.nio.ch.Util$BufferCache
6426:             9            216  sun.security.util.DisabledAlgorithmConstraints$DisabledConstraint
6427:             9            216  sun.util.logging.PlatformLogger$Level
6428:            13            208  [Lcom.intellij.tasks.TaskRepository;
6429:             2            208  [Lcom.intellij.util.text.VersionComparatorUtil$VersionTokenType;
6430:             7            208  [Ljava.lang.invoke.LambdaForm$NamedFunction;
6431:             2            208  [Lorg.intellij.lang.regexp.RegExpCapability;
6432:            13            208  com.intellij.lang.javascript.psi.resolve.JSTypeEvaluator$$Lambda$4218/761931324
6433:            13            208  com.intellij.openapi.actionSystem.impl.ActionMenu$MenuItemSynchronizer
6434:            13            208  com.intellij.openapi.actionSystem.impl.ActionMenu$MenuListenerImpl
6435:            13            208  com.intellij.openapi.actionSystem.impl.actionholder.IdActionRef
6436:            13            208  com.intellij.openapi.ui.SimpleToolWindowPanel$1
6437:            13            208  com.intellij.openapi.vcs.changes.ChangeListManagerImpl$$Lambda$1597/1478652208
6438:             2            208  com.intellij.openapi.vfs.newvfs.persistent.ContentHashesUtil$HashEnumerator
6439:            13            208  com.intellij.psi.impl.source.tree.AstSpine
6440:            13            208  com.intellij.ui.JBColor$6
6441:             1            208  com.intellij.util.ImageLoader$1
6442:             1            208  freemarker.template.Template
6443:            13            208  javax.swing.JList$ListSelectionHandler
6444:            13            208  javax.swing.plaf.basic.BasicMenuItemUI$Handler
6445:            13            208  org.jetbrains.kotlin.psi.UserDataProperty
6446:             1            200  [Lcom.intellij.framework.FrameworkTypeEx;
6447:             4            200  [Lcom.intellij.openapi.compiler.CompileTask;
6448:             7            200  [Lcom.intellij.psi.PsiField;
6449:            10            200  [Ljava.awt.event.MouseMotionListener;
6450:             2            200  [Ljava.text.DateFormat$Field;
6451:             5            200  com.android.tools.idea.gradle.project.sync.compatibility.version.VersionRange
6452:             5            200  com.intellij.codeInsight.folding.impl.FoldingUpdate$$Lambda$1922/1499111961
6453:             5            200  com.intellij.openapi.roots.impl.ModuleOrderEnumerator
6454:             5            200  com.intellij.openapi.vfs.newvfs.persistent.VfsDependentEnum
6455:             5            200  com.intellij.spring.contexts.model.graph.LazyModelDependenciesGraph
6456:             5            200  com.intellij.struts.core.PsiBeanPropertyImpl
6457:             5            200  com.intellij.ui.popup.AbstractPopup$4
6458:             5            200  com.intellij.util.indexing.SnapshotInputMappings
6459:             5            200  freemarker.core.Identifier
6460:             1            200  freemarker.template.Configuration
6461:             5            200  io.netty.handler.codec.protobuf.ProtobufVarint32FrameDecoder
6462:             5            200  java.lang.invoke.BoundMethodHandle$SpeciesData
6463:             5            200  java.lang.invoke.MethodHandleImpl$AsVarargsCollector
6464:             5            200  java.util.stream.StreamOpFlag
6465:             1            200  org.jetbrains.kotlin.cli.common.arguments.K2JSCompilerArguments
6466:             5            200  sun.awt.FontDescriptor
6467:             5            200  sun.rmi.transport.tcp.TCPTransport$ConnectionHandler
6468:             1            192  [Lcom.intellij.codeInsight.editorActions.TypedHandlerDelegate;
6469:             6            192  [Lcom.intellij.database.psi.DbPsiManagerSpi;
6470:             2            192  [Lcom.intellij.find.findUsages.FindUsagesHandlerFactory;
6471:             2            192  [Lcom.intellij.lang.javascript.flex.run.FlashRunnerParameters$Emulator;
6472:             8            192  [Lcom.intellij.openapi.command.impl.UndoProvider;
6473:             1            192  [Lcom.intellij.openapi.roots.libraries.LibraryType;
6474:             3            192  [Lcom.intellij.psi.impl.PsiTreeChangePreprocessor;
6475:             4            192  [Lcom.intellij.psi.search.PsiShortNamesCache;
6476:             6            192  [Lcom.intellij.psi.search.scope.packageSet.NamedScope;
6477:             7            192  [Lcom.intellij.spring.websocket.model.messaging.SpringMessagingType;
6478:             3            192  [Lcom.intellij.xml.XmlExtension;
6479:            12            192  [Ljava.nio.file.attribute.FileAttribute;
6480:             5            192  [Lorg.jetbrains.kotlin.name.FqName;
6481:             8            192  [[[B
6482:             6            192  ch.qos.logback.core.util.COWArrayList
6483:             6            192  cn.yiiguxing.plugin.translate.trans.CacheKey
6484:             8            192  com.android.repository.api.SchemaModule
6485:             6            192  com.android.sdklib.repository.sources.generated.v3.SysImgSiteType
6486:             8            192  com.android.tools.idea.lang.proguard.psi.ProguardTokenType
6487:             3            192  com.android.tools.idea.navigator.AndroidProjectViewPane
6488:             3            192  com.android.tools.idea.profiling.view.AnalysisResultsManager
6489:             3            192  com.android.tools.idea.profiling.view.EmptyManager
6490:             8            192  com.android.tools.idea.res.ResourceNotificationManager$Reason
6491:             8            192  com.baomidou.plugin.idea.mybatisx.annotation.Annotation
6492:            12            192  com.google.common.cache.LocalCache$AccessQueue
6493:            12            192  com.google.common.cache.LocalCache$WriteQueue
6494:             6            192  com.google.common.collect.HashMultiset
6495:             8            192  com.google.common.collect.ImmutableEntry
6496:            12            192  com.google.common.collect.SingletonImmutableList
6497:             6            192  com.google.gson.internal.ConstructorConstructor$14
6498:             8            192  com.google.protobuf.GeneratedMessageLite$MethodToInvoke
6499:             8            192  com.google.protobuf.ProtobufArrayList
6500:             8            192  com.intellij.codeInsight.completion.OffsetKey
6501:             6            192  com.intellij.codeInsight.controlflow.impl.DetachedInstructionImpl
6502:             3            192  com.intellij.codeInsight.daemon.impl.DaemonListeners
6503:            12            192  com.intellij.codeInsight.daemon.impl.GeneralHighlightingPass$$Lambda$1870/1012142944
6504:             4            192  com.intellij.codeInsight.daemon.impl.HighlightingSessionImpl$1
6505:             6            192  com.intellij.codeInsight.editorActions.TextBlockTransferable
6506:            12            192  com.intellij.codeInsight.hint.HintManagerImpl$4
6507:            12            192  com.intellij.codeInsight.hint.HintManagerImpl$5
6508:             3            192  com.intellij.codeInsight.hint.LineTooltipRenderer$2
6509:             6            192  com.intellij.codeInsight.hint.TooltipLinkHandlerEP
6510:             4            192  com.intellij.codeInsight.template.postfix.templates.NotExpressionPostfixTemplate
6511:             4            192  com.intellij.codeInsight.template.postfix.templates.NotNullCheckPostfixTemplate
6512:            12            192  com.intellij.codeInsight.template.postfix.templates.editable.JavaPostfixTemplateExpressionCondition$JavaPostfixTemplateExpressionFqnCondition
6513:            12            192  com.intellij.codeInsight.template.postfix.util.JavaPostfixTemplatesUtils$2
6514:             8            192  com.intellij.codeInspection.bytecodeAnalysis.Value
6515:             8            192  com.intellij.codeInspection.dataFlow.value.DfaRelationValue$RelationType
6516:             4            192  com.intellij.codeInspection.deadCode.UnusedDeclarationInspection
6517:             4            192  com.intellij.codeInspection.unusedSymbol.UnusedSymbolLocalInspection
6518:             3            192  com.intellij.compiler.backwardRefs.DirtyScopeHolder
6519:             3            192  com.intellij.compiler.impl.CompileContextImpl
6520:             6            192  com.intellij.compiler.server.BuildMessageDispatcher$SessionData
6521:             3            192  com.intellij.database.dataSource.DataSourceStorage$Prj
6522:             6            192  com.intellij.database.settings.DatabaseSettings$ExecOption
6523:             4            192  com.intellij.debugger.impl.DebuggerManagerImpl
6524:             3            192  com.intellij.debugger.settings.DebuggerSettings
6525:             6            192  com.intellij.debugger.streams.lib.impl.MatchingOperation
6526:             8            192  com.intellij.debugger.streams.trace.impl.handler.type.ClassTypeImpl
6527:             3            192  com.intellij.designer.DesignerToolWindowManager
6528:             6            192  com.intellij.designer.inspection.AbstractQuickFixManager$3
6529:             3            192  com.intellij.designer.palette.PaletteToolWindowManager
6530:             6            192  com.intellij.designer.propertyTable.PropertyTable$MySelectNextPreviousRowAction
6531:             6            192  com.intellij.execution.ExecutorRegistryImpl$ExecutorAction
6532:             6            192  com.intellij.execution.impl.RunConfigurationSchemeManager
6533:            12            192  com.intellij.execution.process.ProcessHandler$5
6534:             3            192  com.intellij.execution.runners.ExecutionEnvironment
6535:             6            192  com.intellij.execution.testDiscovery.TestDiscoveryIndex$TestDataController
6536:             4            192  com.intellij.execution.ui.layout.impl.RunnerLayout
6537:             4            192  com.intellij.find.EditorSearchSession
6538:             8            192  com.intellij.find.SearchReplaceComponent$9
6539:             8            192  com.intellij.find.SearchTextArea$$Lambda$5414/1964115691
6540:             8            192  com.intellij.find.SearchTextArea$Win10LafHelper
6541:             8            192  com.intellij.find.SearchTextArea$Win10LafHelper$1
6542:             6            192  com.intellij.find.findUsages.JavaPackageFindUsagesOptions
6543:             6            192  com.intellij.find.findUsages.JavaThrowFindUsagesOptions
6544:             6            192  com.intellij.find.findUsages.JavaVariableFindUsagesOptions
6545:             4            192  com.intellij.find.impl.livePreview.LivePreviewController
6546:             6            192  com.intellij.ide.browsers.actions.BaseWebBrowserAction
6547:             3            192  com.intellij.ide.palette.impl.PaletteToolWindowManager
6548:             8            192  com.intellij.ide.ui.laf.darcula.ui.TextFieldWithPopupHandlerUI$SearchExtension
6549:             8            192  com.intellij.ide.util.treeView.TreeState
6550:             8            192  com.intellij.jam.JamReferenceContributor$registerReferenceProviders$2
6551:             8            192  com.intellij.jam.reflect.JamBooleanAttributeMeta
6552:             3            192  com.intellij.javascript.debugger.execution.JavaScriptDebugConfiguration
6553:             6            192  com.intellij.javascript.nodejs.library.NodeModulesRequestMerger
6554:             4            192  com.intellij.javascript.nodejs.packageJson.PackageJsonUpdateNotifier
6555:            12            192  com.intellij.jpa.model.annotations.mapping.JpaJamContributor$1
6556:            12            192  com.intellij.jpa.model.annotations.mapping.JpaJamContributor$2$$Lambda$3713/2046258127
6557:             8            192  com.intellij.jsf.composite.references.CompositeActionSourceForAttributeReferenceProvider
6558:             8            192  com.intellij.jsf.composite.references.CompositeValueHolderForAttributeReferenceProvider
6559:             8            192  com.intellij.jsf.references.JsfConverterIdXmlAttributeReferencesProvider$2
6560:             8            192  com.intellij.lang.javascript.JSDocElementType
6561:             4            192  com.intellij.lang.javascript.buildTools.webpack.WebPackConfigManager
6562:             6            192  com.intellij.lang.javascript.flex.run.LauncherParameters
6563:            12            192  com.intellij.lang.javascript.intentions.JSStringConcatenationToES6TemplateHelper$$Lambda$4173/1339957137
6564:             4            192  com.intellij.lang.javascript.library.JSLibraryMappings
6565:             6            192  com.intellij.lang.javascript.linter.LinterCodeStyleImportSourceTracker
6566:             8            192  com.intellij.lang.javascript.psi.resolve.JSInheritanceUtil$$Lambda$2791/954692422
6567:             8            192  com.intellij.lang.javascript.psi.resolve.JSInheritanceUtil$$Lambda$2792/568737331
6568:             4            192  com.intellij.lang.javascript.psi.stubs.impl.TypeScriptInferTypeStubImpl
6569:             6            192  com.intellij.lang.javascript.psi.types.JSAnyType
6570:             6            192  com.intellij.lang.javascript.psi.types.TypeScriptObjectJSTypeImpl
6571:             8            192  com.intellij.lang.properties.PropertiesReferenceContributor$2
6572:            12            192  com.intellij.lang.properties.xml.XmlPropertiesFileImpl$$Lambda$1334/2055277989
6573:             4            192  com.intellij.openapi.actionSystem.ex.ComboBoxAction$ComboBoxButton$MyButtonModel
6574:             6            192  com.intellij.openapi.application.TransactionGuardImpl$$Lambda$148/325780748
6575:             6            192  com.intellij.openapi.components.impl.TrackingPathMacroSubstitutorImpl
6576:             8            192  com.intellij.openapi.editor.actions.NextPrevWordHandler
6577:            12            192  com.intellij.openapi.editor.colors.DelegatingFontPreferences
6578:             8            192  com.intellij.openapi.editor.colors.EditorFontType
6579:             6            192  com.intellij.openapi.editor.impl.ComplementaryFontsRegistry$FallBackInfo
6580:             8            192  com.intellij.openapi.editor.markup.EffectType
6581:             6            192  com.intellij.openapi.editor.richcopy.view.RtfTransferableData
6582:             4            192  com.intellij.openapi.externalSystem.configurationStore.ExternalProjectStorage
6583:             8            192  com.intellij.openapi.externalSystem.model.ProjectSystemId
6584:             4            192  com.intellij.openapi.module.impl.ModuleManagerImpl$ModuleModelImpl
6585:             8            192  com.intellij.openapi.project.DumbServiceImpl$3
6586:             8            192  com.intellij.openapi.roots.impl.ProjectRootManagerImpl$BatchSession
6587:            12            192  com.intellij.openapi.ui.ThreeComponentsSplitter$MyFocusTraversalPolicy
6588:             6            192  com.intellij.openapi.ui.popup.IconButton
6589:             3            192  com.intellij.openapi.vcs.changes.ChangesViewManager
6590:             8            192  com.intellij.openapi.vcs.changes.FileHolder$HolderType
6591:             8            192  com.intellij.openapi.vcs.changes.LogicallyLockedHolder
6592:            12            192  com.intellij.openapi.vcs.changes.ui.NoneChangesGroupingPolicy
6593:             6            192  com.intellij.openapi.vcs.changes.ui.TreeModelBuilder
6594:             8            192  com.intellij.openapi.vcs.ex.PartialLocalLineStatusTracker$getAffectedChangeListsIds$1
6595:             8            192  com.intellij.openapi.vcs.impl.FileStatusManagerImpl$4
6596:             8            192  com.intellij.openapi.vcs.impl.VcsFileStatusProvider$BaseContentImpl
6597:             4            192  com.intellij.openapi.vfs.encoding.EncodingProjectManagerImpl
6598:             8            192  com.intellij.openapi.vfs.impl.win32.Win32FsCache
6599:             8            192  com.intellij.openapi.vfs.impl.win32.Win32LocalFileSystem
6600:            12            192  com.intellij.openapi.wm.impl.Stripe$AdaptiveBorder
6601:            12            192  com.intellij.openapi.wm.impl.Stripe$MyKeymapManagerListener
6602:             4            192  com.intellij.packageDependencies.DependencyValidationManagerImpl
6603:             8            192  com.intellij.patterns.CharPattern
6604:             8            192  com.intellij.patterns.PsiElementPattern$8
6605:             8            192  com.intellij.patterns.PsiStatementPattern$1
6606:             8            192  com.intellij.patterns.XmlElementPattern$XmlTextPattern
6607:             8            192  com.intellij.patterns.uast.UElementPattern$sourcePsiFilter$1
6608:            12            192  com.intellij.persistence.util.PersistenceModelBrowserImpl$$Lambda$4293/78940319
6609:             8            192  com.intellij.play.references.PlayRenderViewsPsiReferenceProvider
6610:             8            192  com.intellij.profile.codeInspection.ProjectInspectionProfileManager$State
6611:             8            192  com.intellij.psi.css.CssAttribute$OperatorType
6612:             6            192  com.intellij.psi.css.descriptor.BrowserVersion$Browser
6613:             6            192  com.intellij.psi.css.impl.stubs.CssStylesheetStubElementType
6614:            12            192  com.intellij.psi.css.impl.util.CssInHtmlClassOrIdReferenceProvider
6615:             4            192  com.intellij.psi.impl.file.impl.FileManagerImpl
6616:             3            192  com.intellij.psi.impl.source.tree.PsiErrorElementImpl
6617:             8            192  com.intellij.psi.impl.source.xml.XmlTagImpl$5
6618:             2            192  com.intellij.psi.scope.processor.MethodCandidatesProcessor$1
6619:             6            192  com.intellij.psi.search.GlobalSearchScope$FilesScope
6620:             6            192  com.intellij.psi.search.IndexPattern
6621:             6            192  com.intellij.psi.statistics.StatisticsExtensionPoint
6622:             8            192  com.intellij.refactoring.typeMigration.rules.guava.GuavaFluentIterableConversionRule$TypeConversionDescriptorFactory
6623:             8            192  com.intellij.spellchecker.compress.Alphabet
6624:             8            192  com.intellij.spring.boot.model.autoconfigure.jam.EnableAutoConfiguration
6625:             3            192  com.intellij.spring.boot.run.lifecycle.tabs.LiveBeansTab
6626:             3            192  com.intellij.spring.boot.run.lifecycle.tabs.RequestMappingsTab
6627:            12            192  com.intellij.spring.factories.resolvers.FactoryPropertiesDependentTypeResolver
6628:             6            192  com.intellij.spring.model.jam.componentScan.CustomJamComponentScan
6629:             8            192  com.intellij.sql.psi.stubs.SqlDefinitionStubElementType
6630:             8            192  com.intellij.struts.inplace.reference.StrutsReferenceContributor$4
6631:             8            192  com.intellij.struts.inplace.reference.code.FindForwardReferenceProvider
6632:             8            192  com.intellij.struts.inplace.reference.config.FormReferenceProvider
6633:             8            192  com.intellij.struts.inplace.reference.config.TilesJSPPutsReferenceProvider
6634:             8            192  com.intellij.struts.inplace.reference.config.TilesPutsReferenceProvider
6635:             8            192  com.intellij.struts.inplace.reference.config.ValidatorFormReferenceProvider
6636:             8            192  com.intellij.struts.inplace.reference.property.IndexedFormPropertyReferenceProvider
6637:             8            192  com.intellij.struts.inplace.reference.property.ValidatorFormPropertyReferenceProvider
6638:             3            192  com.intellij.tasks.impl.TaskManagerImpl
6639:             3            192  com.intellij.tasks.impl.TaskManagerImpl$1
6640:             8            192  com.intellij.ui.BalloonImpl$7
6641:             6            192  com.intellij.ui.TableSpeedSearch$MySelectAllAction
6642:             8            192  com.intellij.ui.border.CustomLineBorder
6643:             3            192  com.intellij.uiDesigner.propertyInspector.DesignerToolWindowManager
6644:             6            192  com.intellij.uiDesigner.propertyInspector.PropertyInspectorTable$MyExpandCurrentAction
6645:             6            192  com.intellij.uiDesigner.propertyInspector.properties.BorderProperty$MyTitleIntEnumProperty
6646:             6            192  com.intellij.uiDesigner.quickFixes.ShowHintAction
6647:             4            192  com.intellij.util.containers.HashMap
6648:             8            192  com.intellij.util.containers.HashSetQueue
6649:             8            192  com.intellij.util.containers.SoftValueHashMap
6650:            12            192  com.intellij.util.indexing.DefaultFileTypeSpecificInputFilter
6651:             6            192  com.intellij.util.indexing.FileBasedIndexImpl$ProjectIndexableFilesFilter
6652:             8            192  com.intellij.util.indexing.VfsAwareMapReduceIndex$$Lambda$3142/786130042
6653:             8            192  com.intellij.util.indexing.impl.MapReduceIndex$2
6654:            12            192  com.intellij.util.indexing.impl.ValueContainerImpl$3
6655:             6            192  com.intellij.util.io.AppendableStorageBackedByResizableMappedFile$1
6656:             4            192  com.intellij.util.io.FileAccessorCache$1
6657:             6            192  com.intellij.util.lang.JavaVersion
6658:             8            192  com.intellij.util.xmlb.JDOMElementBinding
6659:             2            192  com.intellij.vcs.log.util.PersistentSetImpl
6660:             8            192  com.intellij.ws.references.CxfXmlReferenceProvider
6661:             8            192  com.intellij.ws.references.JBossWSXmlReferenceProvider
6662:             8            192  com.intellij.ws.references.JaxRPCRiXmlReferenceProvider
6663:             8            192  com.intellij.ws.references.JaxWSXmlReferenceProvider
6664:             8            192  com.rover12421.exTENdS.exTENdS.ThrOWS.STRICtfP
6665:             8            192  com.rover12421.exTENdS.exTENdS.ThrOWS.STRICtfP
6666:             8            192  com.sixrr.inspectjs.utils.ComparisonUtils$OperatorTexts
6667:             8            192  com.sun.jmx.remote.util.ClassLogger
6668:            12            192  com.sun.proxy.$Proxy18
6669:             6            192  com.sun.xml.internal.bind.v2.model.impl.ClassInfoImpl$SecondaryAnnotation
6670:             8            192  com.sun.xml.internal.bind.v2.model.impl.RuntimeElementInfoImpl$RuntimePropertyImpl
6671:            12            192  com.sun.xml.internal.bind.v2.model.impl.RuntimeModelBuilder$IDTransducerImpl
6672:             8            192  com.sun.xml.internal.bind.v2.runtime.ElementBeanInfoImpl$IntercepterLoader
6673:             6            192  com.sun.xml.internal.bind.v2.runtime.property.ValueProperty
6674:             8            192  com.sun.xml.internal.bind.v2.runtime.unmarshaller.XsiNilLoader$Single
6675:             6            192  com.zeroturnaround.http.proxy.ProxySource
6676:             6            192  git4idea.repo.GitRemote
6677:             4            192  gnu.trove.TObjectFloatHashMap
6678:             4            192  gnu.trove.TObjectLongHashMap
6679:             3            192  io.netty.channel.socket.nio.NioServerSocketChannel$NioServerSocketChannelConfig
6680:             6            192  io.netty.handler.codec.CodecOutputList
6681:             8            192  java.awt.Queue
6682:             4            192  java.awt.event.AdjustmentEvent
6683:             6            192  java.io.EOFException
6684:             8            192  java.io.FilePermissionCollection
6685:             6            192  java.lang.IllegalArgumentException
6686:             4            192  java.lang.ProcessEnvironment
6687:             4            192  java.lang.ThreadGroup
6688:             6            192  java.lang.invoke.LambdaForm$BasicType
6689:             8            192  java.lang.invoke.MethodHandleImpl$Intrinsic
6690:             8            192  java.lang.management.ManagementPermission
6691:             8            192  java.math.RoundingMode
6692:             6            192  java.security.BasicPermissionCollection
6693:             6            192  java.time.format.TextStyle
6694:            12            192  java.util.EnumMap$Values
6695:            12            192  java.util.WeakHashMap$Values
6696:             6            192  java.util.concurrent.ConcurrentLinkedQueue$CLQSpliterator
6697:             4            192  java.util.concurrent.locks.ReentrantReadWriteLock$FairSync
6698:            12            192  javassist.ClassClassPath
6699:             8            192  javax.swing.ButtonGroup
6700:             8            192  javax.swing.DropMode
6701:             4            192  javax.swing.JEditorPane$1
6702:             2            192  javax.swing.JTabbedPane$Page
6703:            12            192  javax.swing.JTree$TreeSelectionRedirector
6704:            12            192  javax.swing.plaf.basic.BasicComboBoxUI$Actions
6705:             6            192  javax.swing.text.DefaultHighlighter$HighlightInfo
6706:             6            192  kotlin.reflect.jvm.internal.impl.load.kotlin.TypeMappingMode
6707:             8            192  kotlin.reflect.jvm.internal.impl.platform.JavaToKotlinClassMap$PlatformMutabilityMapping
6708:             6            192  net.sf.cglib.core.AbstractClassGenerator$ClassLoaderData
6709:             8            192  net.sourceforge.pmd.lang.java.javadoc.JavadocTag
6710:             2            192  org.apache.xerces.impl.dtd.XMLDTDProcessor
6711:             4            192  org.apache.xerces.impl.xs.SchemaGrammar$BuiltinAttrDecl
6712:             6            192  org.apache.xerces.impl.xs.XSGroupDecl
6713:             2            192  org.apache.xerces.jaxp.SAXParserImpl$JAXPSAXParser
6714:             8            192  org.ini4j.BasicMultiMap$ShadowEntry
6715:             8            192  org.intellij.images.options.impl.ImagesOptionsComponent$CheckboxOptionsListener
6716:             8            192  org.intellij.plugins.markdown.lang.stubs.impl.MarkdownHeaderStubElementType
6717:             8            192  org.intellij.plugins.relaxNG.compact.psi.impl.RncDocument
6718:             8            192  org.intellij.plugins.relaxNG.compact.psi.impl.RncGrammarImpl
6719:             8            192  org.jaxen.expr.DefaultOrExpr
6720:             8            192  org.jetbrains.idea.devkit.references.TestDataFilesReferencesContributor$1
6721:             6            192  org.jetbrains.idea.maven.execution.MavenExecutionOptions$LoggingLevel
6722:             3            192  org.jetbrains.idea.maven.indices.MavenIndex
6723:             6            192  org.jetbrains.idea.maven.model.MavenResource
6724:             3            192  org.jetbrains.idea.maven.project.MavenProjectsTree$MavenProjectTimestamp
6725:             6            192  org.jetbrains.idea.maven.tasks.MavenTasksManagerState
6726:            12            192  org.jetbrains.jps.backwardRefs.index.CompilerIndices$UnsignedByteExternalizer
6727:             6            192  org.jetbrains.jps.model.java.compiler.JpsJavaCompilerOptions
6728:             3            192  org.jetbrains.kotlin.idea.caches.resolve.ProjectResolutionFacade
6729:             8            192  org.jetbrains.kotlin.kdoc.lexer.KDocToken
6730:             6            192  org.jetbrains.kotlin.load.kotlin.TypeMappingMode
6731:             8            192  org.jetbrains.kotlin.platform.JavaToKotlinClassMap$PlatformMutabilityMapping
6732:            12            192  org.jetbrains.kotlin.resolve.jvm.KotlinJavaPsiFacade$KotlinPsiElementFinderWrapperImpl
6733:             8            192  org.jetbrains.kotlin.resolve.jvm.jvmSignature.JvmMethodParameterKind
6734:             8            192  org.jetbrains.kotlin.storage.LockBasedStorageManager
6735:             6            192  org.jetbrains.kotlin.types.ErrorType
6736:             4            192  org.jetbrains.plugins.gradle.settings.GradleLocalSettings$MyState
6737:             8            192  org.jetbrains.plugins.groovy.lang.psi.patterns.GroovyAssignmentExpressionPattern
6738:             8            192  org.jetbrains.plugins.javaFX.css.refs.JavaFxCSSReferenceContributor$1
6739:             8            192  org.jetbrains.plugins.javaFX.fxml.refs.JavaFxReferencesContributor$3
6740:             4            192  org.jetbrains.tfsIntegration.core.configuration.TFSOptionsTopHitProvider$Option
6741:            12            192  org.zeroturnaround.jrebel.client.config.JRebelConfiguration$$Lambda$1
6742:             6            192  org.zeroturnaround.jrebel.client.config.LogLevel
6743:             6            192  org.zeroturnaround.jrebel.client.logger.Log$LogLevel
6744:             8            192  org.zmlx.hg4idea.HgFileStatusEnum
6745:             8            192  org.zmlx.hg4idea.log.HgRefManager$SimpleRefType
6746:             4            192  sun.awt.image.BufferedImageGraphicsConfig
6747:             6            192  sun.awt.image.FileImageSource
6748:             3            192  sun.font.CoreMetrics
6749:             2            192  sun.security.jgss.SunProvider
6750:             6            192  sun.security.ssl.EphemeralKeyManager$EphemeralKeyPair
6751:             6            192  sun.security.ssl.SSLSessionContextImpl
6752:            12            192  sun.security.x509.CertificatePolicyId
6753:             8            192  sun.security.x509.PolicyInformation
6754:             8            192  sun.text.bidi.BidiBase$ImpTabPair
6755:             8            184  [Lcom.intellij.lang.folding.FoldingDescriptor;
6756:             3            184  [Lkotlin.annotation.AnnotationTarget;
6757:             1            184  [Lorg.jetbrains.kotlin.descriptors.annotations.KotlinTarget;
6758:             1            184  sun.java2d.marlin.Renderer
6759:             8            176  [Lcom.intellij.lang.javascript.psi.JSField;
6760:             1            176  [Lcom.intellij.openapi.editor.actionSystem.EditorActionHandlerBean;
6761:             7            176  [Lcom.intellij.openapi.util.RequestsMerger$MyExitAction;
6762:             4            176  [Lcom.intellij.refactoring.ui.TypeSelector$PsiTypeItem;
6763:             3            176  [Lorg.jetbrains.plugins.grails.util.GrailsArtifact;
6764:             3            176  [[D
6765:             2            176  com.intellij.application.options.editor.EditorSmartKeysConfigurable
6766:            11            176  com.intellij.codeInsight.template.emmet.tokens.ZenCodingTokenImpl
6767:            11            176  com.intellij.codeInsight.template.impl.TemplateManagerImpl$$Lambda$3448/973221166
6768:            11            176  com.intellij.debugger.streams.resolve.IdentityResolver
6769:            11            176  com.intellij.diagram.EmptyDiagramVisibilityManager
6770:            11            176  com.intellij.execution.actions.RunConfigurationsComboBoxAction$$Lambda$1346/137222741
6771:            11            176  com.intellij.execution.junit.JUnitConfiguration$1
6772:            11            176  com.intellij.execution.junit.JUnitConfiguration$2
6773:            11            176  com.intellij.execution.junit.JUnitConfiguration$3
6774:            11            176  com.intellij.execution.junit.JUnitUtil$$Lambda$3880/1872362227
6775:            11            176  com.intellij.ide.projectView.impl.ProjectViewImpl$$Lambda$1240/624803404
6776:             2            176  com.intellij.openapi.editor.impl.PersistentRangeHighlighterImpl
6777:            11            176  com.intellij.openapi.fileEditor.impl.EditorsSplitters$$Lambda$1083/1901946554
6778:            11            176  com.intellij.openapi.vfs.newvfs.persistent.FSRecords$$Lambda$103/1919857710
6779:            11            176  com.intellij.openapi.wm.impl.status.InfoAndProgressPanel$MyInlineProgressIndicator$$Lambda$864/859428490
6780:            11            176  com.intellij.openapi.wm.impl.status.InlineProgressIndicator$1
6781:             2            176  com.intellij.refactoring.JavaRefactoringSettings
6782:             2            176  com.intellij.ui.LightweightHint$1
6783:            11            176  com.intellij.ui.components.TextComponentEmptyText$1
6784:            11            176  com.intellij.ui.tabs.impl.JBEditorTabs$1
6785:            11            176  com.intellij.util.indexing.FileBasedIndexImpl$$Lambda$1766/786406161
6786:            11            176  com.intellij.vcsUtil.VcsUtil$$Lambda$1042/2085921420
6787:            11            176  com.intellij.xml.util.CheckTagEmptyBodyInspection$Fix
6788:             2            176  com.zeroturnaround.javarebel.u
6789:             2            176  io.netty.buffer.PoolChunk
6790:            11            176  java.text.NumberFormat$Field
6791:            11            176  java.util.Collections$UnmodifiableMap$UnmodifiableEntrySet
6792:            11            176  java.util.WeakHashMap$KeySet
6793:            11            176  java.util.concurrent.Semaphore
6794:             2            176  javax.management.remote.rmi.NoCallStackClassLoader
6795:            11            176  net.sourceforge.pmd.lang.ast.xpath.DocumentNavigator
6796:            11            176  org.apache.xerces.impl.xs.util.XInt
6797:            11            176  org.jetbrains.dekaf.Rdbms
6798:            11            176  org.jetbrains.jps.model.serialization.facet.FacetManagerState
6799:             2            176  sun.rmi.transport.ConnectionInputStream
6800:             9            168  [Lcom.intellij.openapi.util.ModificationTracker;
6801:             3            168  [Lcom.intellij.pom.java.LanguageLevel;
6802:             5            168  [Lcom.intellij.util.containers.ConcurrentIntObjectHashMap$CounterCell;
6803:             3            168  [Lgit4idea.log.GitRefManager$RefType;
6804:             4            168  [Lkotlin.reflect.jvm.internal.impl.name.FqName;
6805:             7            168  [Lorg.intellij.lang.xpath.context.functions.Parameter;
6806:             1            168  [[Ljava.math.BigInteger;
6807:             7            168  ch.qos.logback.classic.Level
6808:             3            168  cn.yiiguxing.plugin.translate.trans.Translation
6809:             3            168  com.android.tools.idea.editors.theme.AndroidThemePreviewToolWindowManager
6810:             3            168  com.android.tools.idea.res.ResourceNotificationManager
6811:             7            168  com.google.gson.internal.$Gson$Types$ParameterizedTypeImpl
6812:             7            168  com.intellij.codeInsight.completion.CompletionContext
6813:             7            168  com.intellij.codeInsight.daemon.impl.FileStatusMap$FileStatus
6814:             7            168  com.intellij.codeInsight.daemon.impl.HintRenderer$MyFontMetrics
6815:             7            168  com.intellij.codeInsight.daemon.impl.ParameterHintsPresentationManager$AnimationStep
6816:             7            168  com.intellij.codeInsight.daemon.impl.quickfix.WrapWithAdapterMethodCallFix$Wrapper
6817:             7            168  com.intellij.codeInsight.intention.impl.IntentionHintComponent$5
6818:             3            168  com.intellij.codeInspection.ex.EntryPointsManagerImpl
6819:             3            168  com.intellij.coldFusion.UI.runner.CfmlRunConfiguration
6820:             3            168  com.intellij.compiler.CompilerManagerImpl
6821:             3            168  com.intellij.compiler.backwardRefs.CompilerReferenceServiceImpl
6822:             3            168  com.intellij.configurationStore.ProjectStateStorageManager
6823:             3            168  com.intellij.designer.propertyTable.PropertyTable$1
6824:             3            168  com.intellij.diff.impl.DiffRequestProcessor$MyFocusTraversalPolicy
6825:             3            168  com.intellij.execution.jar.JarApplicationConfiguration
6826:             3            168  com.intellij.ide.fileTemplates.impl.FileTemplateSettings
6827:             3            168  com.intellij.ide.projectView.impl.AbstractProjectViewPSIPane$MySpeedSearch
6828:             7            168  com.intellij.jam.reflect.JamChildrenQuery$AnnotatedFieldsQuery
6829:             7            168  com.intellij.javaee.ejb.NewEjbRoleHolder$Info
6830:             7            168  com.intellij.javascript.jest.JestPkgInfo
6831:             7            168  com.intellij.lang.PerFileMappingsBase$1
6832:             7            168  com.intellij.lang.javascript.psi.JSTypeUtils$OverloadPriority
6833:             7            168  com.intellij.lang.javascript.psi.stubs.JSImplicitElement$Type
6834:             7            168  com.intellij.openapi.editor.ex.util.EditorUtil$2
6835:             3            168  com.intellij.openapi.externalSystem.service.project.manage.ExternalProjectsManagerImpl
6836:             7            168  com.intellij.openapi.externalSystem.service.project.manage.ExternalSystemTaskActivator$Phase
6837:             3            168  com.intellij.openapi.fileEditor.impl.EditorsSplitters$MyFocusTraversalPolicy
6838:             7            168  com.intellij.openapi.options.FontSize
6839:             7            168  com.intellij.openapi.util.Pair
6840:             3            168  com.intellij.openapi.vcs.changes.UpdateRequestsQueue
6841:             3            168  com.intellij.openapi.vcs.changes.conflicts.ChangelistConflictTracker
6842:             3            168  com.intellij.openapi.vcs.changes.shelf.ShelvedChangesViewManager
6843:             7            168  com.intellij.openapi.vfs.impl.BulkVirtualFileListenerAdapter
6844:             7            168  com.intellij.openapi.vfs.newvfs.VirtualFileFilteringListener
6845:             3            168  com.intellij.openapi.wm.impl.IdeFrameImpl$2
6846:             7            168  com.intellij.openapi.wm.impl.status.StatusPanel$5
6847:             7            168  com.intellij.patterns.ObjectPattern$10
6848:             7            168  com.intellij.patterns.TreeElementPattern$1
6849:             7            168  com.intellij.patterns.compiler.PatternCompilerImpl
6850:             7            168  com.intellij.psi.css.impl.descriptor.value.CssColorValue
6851:             7            168  com.intellij.psi.impl.smartPointers.Identikit$ByAnchor
6852:             7            168  com.intellij.psi.impl.source.resolve.reference.impl.providers.JavaClassListReferenceProvider$1
6853:             3            168  com.intellij.psi.impl.source.xml.XmlDoctypeImpl
6854:             7            168  com.intellij.psi.stubs.StubIndexImpl$$Lambda$3147/1827012316
6855:             3            168  com.intellij.spring.boot.run.lifecycle.tabs.RequestMappingsTab$LiveRequestMethodActionGroup
6856:             7            168  com.intellij.spring.java.SpringJavaClassInfo$$Lambda$3795/1874733506
6857:             7            168  com.intellij.spring.java.SpringJavaClassInfo$$Lambda$3796/197880738
6858:             7            168  com.intellij.spring.java.SpringJavaClassInfo$$Lambda$3797/712131364
6859:             7            168  com.intellij.spring.java.SpringJavaClassInfo$$Lambda$3798/1258723337
6860:             7            168  com.intellij.spring.java.SpringJavaClassInfo$$Lambda$3799/1432901778
6861:             7            168  com.intellij.spring.web.mvc.model.SpringMVCRequestMappings
6862:             7            168  com.intellij.spring.web.mvc.model.SpringMVCRequestMappings$1
6863:             7            168  com.intellij.spring.webflow.actions.patterns.WebflowSpringBeanGenerateProvider
6864:             7            168  com.intellij.sql.psi.SqlCompositeElementType$External
6865:             3            168  com.intellij.ui.TabbedPaneWrapper$_MyFocusTraversalPolicy
6866:             3            168  com.intellij.ui.TableSpeedSearch
6867:             7            168  com.intellij.ui.components.ScrollPainter$$Lambda$342/2064084982
6868:             7            168  com.intellij.ui.layout.LCFlags
6869:             3            168  com.intellij.uiDesigner.propertyInspector.properties.ButtonGroupProperty$MyPropertyEditor$1
6870:             3            168  com.intellij.uiDesigner.propertyInspector.properties.LayoutManagerProperty$LayoutManagerEditor$1
6871:             7            168  com.intellij.util.EditSourceOnDoubleClickHandler$TreeMouseListener
6872:             7            168  com.intellij.util.containers.RefHashMap$EntrySet
6873:             7            168  com.intellij.xml.util.XmlRefCountHolder$IdGatheringRecursiveVisitor
6874:             7            168  com.jediterm.terminal.TextStyle$Option
6875:             7            168  com.sun.xml.internal.bind.v2.model.impl.ClassInfoImpl$PropertyGroup
6876:             7            168  com.zeroturnaround.jrebel.ide.common.guide.metrics.SetupGuideMessenger$OverallState
6877:             7            168  de.plushnikov.intellij.plugin.language.psi.LombokConfigTokenType
6878:             7            168  java.lang.ProcessEnvironment$CheckedEntrySet$1
6879:             7            168  java.net.NetPermission
6880:             7            168  java.util.concurrent.FutureTask$WaitNode
6881:             7            168  java.util.stream.Streams$StreamBuilderImpl
6882:             7            168  javax.crypto.spec.SecretKeySpec
6883:             3            168  javax.management.openmbean.OpenMBeanOperationInfoSupport
6884:             7            168  javax.swing.text.StyledEditorKit$1
6885:             7            168  javax.swing.text.html.StyleSheet$LargeConversionSet
6886:             7            168  javax.swing.text.html.StyleSheet$SearchBuffer
6887:             7            168  kotlin.reflect.jvm.internal.impl.protobuf.LazyStringArrayList
6888:             7            168  kotlin.reflect.jvm.internal.impl.protobuf.UnmodifiableLazyStringList
6889:             7            168  kotlin.reflect.jvm.internal.impl.serialization.ProtoBuf$Class$Kind
6890:             7            168  net.sf.cglib.proxy.CallbackInfo
6891:             7            168  net.sourceforge.pmd.lang.LanguageVersion
6892:             7            168  org.apache.xerces.impl.xpath.regex.Token$ParenToken
6893:             7            168  org.intellij.lang.xpath.xslt.validation.inspections.VariableShadowingInspection$1
6894:             7            168  org.intellij.lang.xpath.xslt.validation.inspections.XsltDeclarationInspection$1
6895:             3            168  org.jetbrains.idea.maven.project.MavenProjectsManagerWatcher
6896:             3            168  org.jetbrains.idea.svn.SvnConfiguration
6897:             3            168  org.jetbrains.jps.api.CmdlineRemoteProto$Message$ControllerMessage$ParametersMessage
6898:             7            168  org.jetbrains.kotlin.idea.caches.resolve.ModuleProductionSourceInfo
6899:             7            168  org.jetbrains.kotlin.idea.inspections.NamingRule
6900:             7            168  org.jetbrains.kotlin.serialization.ProtoBuf$Class$Kind
6901:             7            168  org.jetbrains.kotlin.serialization.deserialization.ClassDeserializer$ClassKey
6902:             7            168  org.jetbrains.kotlin.serialization.deserialization.descriptors.DeserializedClassDescriptor$DeserializedClassMemberScope$2$1
6903:             7            168  org.jetbrains.kotlin.serialization.deserialization.descriptors.DeserializedClassDescriptor$DeserializedClassMemberScope$allDescriptors$1
6904:             7            168  org.jetbrains.kotlin.serialization.deserialization.descriptors.DeserializedClassDescriptor$DeserializedClassTypeConstructor$parameters$1
6905:             7            168  org.jetbrains.kotlin.serialization.deserialization.descriptors.DeserializedClassDescriptor$companionObjectDescriptor$1
6906:             7            168  org.jetbrains.kotlin.serialization.deserialization.descriptors.DeserializedClassDescriptor$constructors$1
6907:             7            168  org.jetbrains.kotlin.serialization.deserialization.descriptors.DeserializedClassDescriptor$primaryConstructor$1
6908:             7            168  org.jetbrains.kotlin.serialization.deserialization.descriptors.DeserializedClassDescriptor$sealedSubclasses$1
6909:             7            168  org.jetbrains.plugins.groovy.lang.psi.patterns.GroovyFieldPattern
6910:             7            168  org.jetbrains.plugins.sass.psi.SASSElementType
6911:             7            168  org.zeroturnaround.common.util.ExecutorUtil$RunnableWrapper
6912:             7            168  org.zeroturnaround.jrebel.client.feature.external.RebelXmlAction
6913:             7            168  sun.security.x509.NetscapeCertTypeExtension$MapEntry
6914:             2            160  [Lcom.android.tools.lint.detector.api.Scope;
6915:             5            160  [Lcom.intellij.codeInsight.daemon.impl.IntentionActionFilter;
6916:             1            160  [Lcom.intellij.codeInsight.editorActions.QuoteHandlerEP;
6917:             5            160  [Lcom.intellij.database.script.PersistenceConsoleProvider;
6918:             4            160  [Lcom.intellij.dupLocator.DuplicatesProfile;
6919:             1            160  [Lcom.intellij.ide.TypeIconEP;
6920:             4            160  [Lcom.intellij.ide.fileTemplates.impl.FTManager;
6921:             5            160  [Lcom.intellij.lang.javascript.psi.ecmal4.JSAttributeList$AccessType;
6922:             5            160  [Lcom.intellij.lang.javascript.psi.types.JSContext;
6923:             3            160  [Lcom.intellij.lang.jvm.JvmModifier;
6924:             4            160  [Lcom.intellij.openapi.roots.impl.DirectoryIndexExcludePolicy;
6925:             5            160  [Lcom.intellij.openapi.roots.ui.configuration.ModuleSourceRootEditHandler;
6926:             2            160  [Lcom.intellij.util.containers.SLRUMap;
6927:             4            160  [Ljava.lang.annotation.ElementType;
6928:             9            160  [Ljava.nio.file.AccessMode;
6929:             2            160  [Ljava.util.concurrent.locks.Lock;
6930:             5            160  [Lorg.jetbrains.plugins.grails.runner.GrailsCommandExecutor;
6931:             5            160  [[Lsun.awt.FontDescriptor;
6932:             5            160  AbstractClassShouldStartWithAbstractNamingRuleInspection
6933:             5            160  AbstractMethodOrInterfaceMethodMustUseJavadocRuleInspection
6934:             5            160  AvoidApacheBeanUtilsCopyRuleInspection
6935:             5            160  AvoidCallStaticSimpleDateFormatRuleInspection
6936:             5            160  AvoidCommentBehindStatementRuleInspection
6937:             5            160  AvoidComplexConditionRuleInspection
6938:             5            160  AvoidConcurrentCompetitionRandomRuleInspection
6939:             5            160  AvoidManuallyCreateThreadRuleInspection
6940:             5            160  AvoidMissUseOfMathRandomRuleInspection
6941:             5            160  AvoidNegationOperatorRuleInspection
6942:             5            160  AvoidNewDateGetTimeRuleInspection
6943:             5            160  AvoidPatternCompileInMethodRuleInspection
6944:             5            160  AvoidReturnInFinallyRuleInspection
6945:             5            160  AvoidStartWithDollarAndUnderLineNamingRuleInspection
6946:             5            160  AvoidUseTimerRuleInspection
6947:             5            160  BooleanPropertyShouldNotStartWithIsRuleInspection
6948:             5            160  ClassCastExceptionWithSubListToArrayListRuleInspection
6949:             5            160  ClassCastExceptionWithToArrayRuleInspection
6950:             5            160  ClassMustHaveAuthorRuleInspection
6951:             5            160  ClassNamingShouldBeCamelRuleInspection
6952:             5            160  CollectionInitShouldAssignCapacityRuleInspection
6953:             5            160  CommentsMustBeJavadocFormatRuleInspection
6954:             5            160  ConcurrentExceptionWithModifyOriginSubListRuleInspection
6955:             5            160  ConstantFieldShouldBeUpperCaseRuleInspection
6956:             5            160  CountDownShouldInFinallyRuleInspection
6957:             5            160  DelegateAliAccessStaticViaInstanceInspection
6958:             5            160  DelegateAliArrayNamingShouldHaveBracketInspection
6959:             5            160  DelegateAliControlFlowStatementWithoutBracesInspection
6960:             5            160  DelegateAliDeprecationInspection
6961:             5            160  DelegateAliEqualsAvoidNullInspection
6962:             5            160  DelegateAliLongLiteralsEndingWithLowercaseLInspection
6963:             5            160  DelegateAliMissingOverrideAnnotationInspection
6964:             5            160  DelegateAliWrapperTypeEqualityInspection
6965:             5            160  DelegateMapOrSetKeyShouldOverrideHashCodeEqualsInspection
6966:             5            160  DontModifyInForeachCircleRuleInspection
6967:             5            160  EnumConstantsMustHaveCommentRuleInspection
6968:             5            160  ExceptionClassShouldEndWithExceptionRuleInspection
6969:             5            160  IbatisMethodQueryForListRuleInspection
6970:             5            160  LowerCamelCaseVariableNamingRuleInspection
6971:             5            160  MethodReturnWrapperTypeRuleInspection
6972:             5            160  MethodTooLongRuleInspection
6973:             5            160  PackageNamingRuleInspection
6974:             5            160  PojoMustOverrideToStringRuleInspection
6975:             5            160  PojoMustUsePrimitiveFieldRuleInspection
6976:             5            160  PojoNoDefaultValueRuleInspection
6977:             5            160  RemoveCommentedCodeRuleInspection
6978:             5            160  ServiceOrDaoClassShouldEndWithImplRuleInspection
6979:             5            160  StringConcatRuleInspection
6980:             5            160  SwitchStatementRuleInspection
6981:             5            160  TestClassShouldEndWithTestNamingRuleInspection
6982:             5            160  ThreadLocalShouldRemoveRuleInspection
6983:             5            160  ThreadPoolCreationRuleInspection
6984:             5            160  ThreadShouldSetNameRuleInspection
6985:             5            160  TransactionMustHaveRollbackRuleInspection
6986:             5            160  UndefineMagicConstantRuleInspection
6987:             5            160  UnsupportedExceptionWithModifyAsListRuleInspection
6988:             5            160  UseQuietReferenceNotationRuleInspection
6989:             5            160  UseRightCaseForDateFormatRuleInspection
6990:             4            160  ch.qos.logback.core.status.InfoStatus
6991:             5            160  com.alibaba.p3c.idea.inspection.AliArrayNamingShouldHaveBracketInspection
6992:             5            160  com.alibaba.p3c.idea.inspection.AliWrapperTypeEqualityInspection
6993:             5            160  com.alibaba.p3c.idea.inspection.standalone.AliDeprecationInspection
6994:             5            160  com.alibaba.p3c.idea.inspection.standalone.AliMissingOverrideAnnotationInspection
6995:             5            160  com.alibaba.p3c.idea.inspection.standalone.MapOrSetKeyShouldOverrideHashCodeEqualsInspection
6996:             5            160  com.android.ide.common.repository.GradleCoordinate
6997:             5            160  com.android.prefs.AndroidLocation$Global
6998:             5            160  com.android.tools.idea.gradle.project.sync.compatibility.Component
6999:            10            160  com.google.gson.TypeAdapter$1
7000:             2            160  com.intellij.application.options.editor.EditorTabsConfigurable
7001:             5            160  com.intellij.codeInsight.daemon.DaemonCodeAnalyzerSettingsImpl
7002:             5            160  com.intellij.codeInsight.daemon.impl.DaemonTooltipRendererProvider$MyRenderer
7003:             5            160  com.intellij.codeInsight.daemon.impl.EditorTracker$MyEditorFactoryListener$$Lambda$1038/138652876
7004:             5            160  com.intellij.codeInsight.daemon.impl.FileIncludeContextHectorPanel
7005:            10            160  com.intellij.codeInsight.daemon.impl.HighlightersRecycler
7006:             4            160  com.intellij.codeInsight.daemon.impl.HighlightingSessionImpl
7007:             5            160  com.intellij.codeInsight.daemon.impl.ImportPopupHectorComponentProvider$1
7008:             5            160  com.intellij.codeInsight.daemon.impl.SeverityRegistrar
7009:             4            160  com.intellij.codeInsight.daemon.impl.ShowIntentionsPass$$Lambda$3740/593008743
7010:             5            160  com.intellij.codeInsight.editorActions.XmlTagNameSynchronizer$TagNameSynchronizer
7011:             5            160  com.intellij.codeInsight.folding.impl.CodeFoldingManagerImpl$$Lambda$1924/1411095861
7012:             5            160  com.intellij.codeInsight.intention.impl.IntentionHintComponent$MyComponentHint$$Lambda$2759/1623491577
7013:             5            160  com.intellij.codeInsight.navigation.NavigationGutterIconBuilder$3
7014:             4            160  com.intellij.codeInsight.template.postfix.templates.InstanceofExpressionPostfixTemplate
7015:             5            160  com.intellij.database.csv.PersistentCsvFormat$Quotes
7016:             5            160  com.intellij.database.run.actions.TransactionAction$IsolationLevelAction
7017:             2            160  com.intellij.database.settings.DatabaseSettings
7018:             5            160  com.intellij.debugger.streams.lib.impl.DistinctOperation
7019:            10            160  com.intellij.diff.tools.util.text.LineOffsetsUtil$LineOffsetsDocumentWrapper
7020:             4            160  com.intellij.execution.jar.JarApplicationConfiguration$JarApplicationConfigurationBean
7021:            10            160  com.intellij.execution.process.BaseOSProcessHandler$2
7022:            10            160  com.intellij.execution.util.ProgramParametersConfigurator
7023:             4            160  com.intellij.find.EditorSearchSession$ExcludeAction
7024:             4            160  com.intellij.find.EditorSearchSession$ReplaceAction
7025:             4            160  com.intellij.find.EditorSearchSession$ReplaceAllAction
7026:             5            160  com.intellij.ide.actions.EditSourceAction
7027:             5            160  com.intellij.ide.errorTreeView.ErrorTreeElementKind
7028:             4            160  com.intellij.ide.navigationToolbar.NavBarUpdateQueue$3
7029:             4            160  com.intellij.ide.startup.impl.StartupManagerImpl
7030:             4            160  com.intellij.ide.ui.laf.darcula.ui.DarculaEditorPaneUI
7031:            10            160  com.intellij.ide.ui.laf.darcula.ui.DarculaSpinnerUI$1
7032:            10            160  com.intellij.ide.ui.laf.intellij.WinIntelliJSpinnerUI$1
7033:             4            160  com.intellij.ide.util.treeView.TreeState$3
7034:             5            160  com.intellij.javaee.JavaeeVersion
7035:             4            160  com.intellij.javascript.testFramework.jasmine.JasmineFileStructure
7036:             5            160  com.intellij.jpa.JpaDataSourceDetectorBase$$Lambda$2480/1659839045
7037:             5            160  com.intellij.lang.javascript.JavaScriptHighlightingLexer$1
7038:             4            160  com.intellij.lang.javascript.library.JSLibraryManager
7039:             4            160  com.intellij.lang.javascript.library.JSPredefinedLibrariesData$1
7040:             5            160  com.intellij.lang.javascript.patterns.JSPatterns$3
7041:            10            160  com.intellij.lang.javascript.psi.JSImplicitElementProvider$$Lambda$4174/750767548
7042:             4            160  com.intellij.lang.javascript.psi.ecma6.impl.TypeScriptFieldImpl
7043:             5            160  com.intellij.lang.javascript.psi.ecma6.impl.TypeScriptIndexSignatureImpl
7044:            10            160  com.intellij.lang.javascript.psi.resolve.JSPropertyNameResolver
7045:            10            160  com.intellij.lang.javascript.psi.resolve.JSResolveUtil$StructureResolveProcessor$StructureProcessingOptions
7046:             5            160  com.intellij.lang.javascript.psi.types.primitives.JSSymbolType
7047:             5            160  com.intellij.lang.javascript.refactoring.JSVisibilityUtil$PresentableAccessModifier
7048:             4            160  com.intellij.lang.javascript.validation.fixes.ChangeSignatureFix
7049:             4            160  com.intellij.openapi.command.impl.FileUndoProvider
7050:             2            160  com.intellij.openapi.editor.ex.EditorSettingsExternalizable$OptionSet
7051:             5            160  com.intellij.openapi.fileEditor.impl.text.PsiAwareTextEditorProvider$PsiAwareEditorWrapper
7052:            10            160  com.intellij.openapi.module.impl.scopes.ModuleWithDependentsScope$$Lambda$3925/1540865322
7053:            10            160  com.intellij.openapi.util.ClassConditionKey
7054:             4            160  com.intellij.openapi.util.RequestsMerger
7055:            10            160  com.intellij.openapi.util.text.StringUtil$3
7056:             5            160  com.intellij.openapi.vcs.changes.DirtBuilder
7057:             4            160  com.intellij.openapi.vcs.changes.LocalChangeListImpl$Builder
7058:             4            160  com.intellij.openapi.vcs.configurable.VcsOptionsTopHitProvider$3
7059:             4            160  com.intellij.openapi.vcs.impl.FileStatusManagerImpl
7060:            10            160  com.intellij.openapi.vcs.impl.LineStatusTrackerManager$RefreshRequest
7061:             4            160  com.intellij.openapi.vcs.impl.VcsInitialization
7062:             4            160  com.intellij.openapi.wm.impl.status.PresentationModeProgressPanel
7063:             5            160  com.intellij.patterns.PsiExpressionPattern$2
7064:             5            160  com.intellij.patterns.PsiJavaElementPattern$3
7065:             4            160  com.intellij.pom.core.impl.PomModelImpl
7066:             5            160  com.intellij.psi.css.CssSelector$Combinator
7067:            10            160  com.intellij.psi.filters.TagNameFilter
7068:             4            160  com.intellij.psi.impl.PsiModificationTrackerImpl
7069:            10            160  com.intellij.psi.impl.search.PsiSearchHelperImpl$$Lambda$3888/529769407
7070:             5            160  com.intellij.psi.impl.source.PsiEnumConstantImpl
7071:             2            160  com.intellij.psi.impl.source.tree.XmlFileElement
7072:             2            160  com.intellij.psi.impl.source.xml.XmlDocumentImpl
7073:             5            160  com.intellij.psi.jsp.JspElementTypeEx$JspOuterLanguageElementType
7074:             2            160  com.intellij.psi.scope.processor.MethodResolverProcessor
7075:             5            160  com.intellij.spring.SpringLibraryUtil$SpringVersion
7076:            10            160  com.intellij.spring.boot.application.SpringBootApplicationServiceImpl$$Lambda$2511/1555121650
7077:             5            160  com.intellij.spring.boot.model.SpringBootApplicationFileSet
7078:             5            160  com.intellij.spring.gutter.SpringBeanAnnotator$2
7079:             5            160  com.intellij.spring.web.config.SpringWebModelProvider$$Lambda$2453/2086890808
7080:             4            160  com.intellij.spring.web.mvc.model.SpringMVCModelImpl
7081:            10            160  com.intellij.struts2.reference.WrappedPropertiesReferenceProvider
7082:             5            160  com.intellij.ui.awt.RelativePoint
7083:             4            160  com.intellij.ui.components.ScrollPainter$EditorThumbPainter
7084:            10            160  com.intellij.ui.plaf.beg.BegTableUI$1
7085:            10            160  com.intellij.ui.table.JBTable$2
7086:            10            160  com.intellij.ui.table.JBTable$3
7087:            10            160  com.intellij.ui.table.JBTable$MyMouseListener
7088:             4            160  com.intellij.util.containers.ConcurrentWeakKeySoftValueHashMap$WeakKey
7089:            10            160  com.intellij.util.containers.FilteredTraverserBase$Cond$1
7090:            10            160  com.intellij.util.containers.FilteredTraverserBase$Cond$2
7091:             5            160  com.intellij.util.containers.HashSetQueue$1
7092:             5            160  com.intellij.util.containers.OrderedSet
7093:            10            160  com.intellij.util.indexing.FileBasedIndexImpl$$Lambda$3894/441130229
7094:             5            160  com.intellij.util.text.SemVer
7095:             4            160  com.intellij.util.ui.EmptyIcon$EmptyIconUIResource
7096:             4            160  com.intellij.util.ui.ListTableModel
7097:            10            160  com.intellij.util.xml.ReadOnlyGenericValue$1
7098:             4            160  com.intellij.util.xml.impl.DomFileElementImpl
7099:             4            160  com.intellij.util.xml.impl.DynamicGenericInfo
7100:            10            160  com.intellij.util.xml.impl.GetFixedChildInvocation
7101:             4            160  com.intellij.webcore.libraries.ScriptingLibraryTable
7102:             5            160  com.intellij.xml.breadcrumbs.BreadcrumbsXmlWrapper$$Lambda$1103/310233719
7103:             2            160  com.pty4j.windows.NamedPipe
7104:             5            160  com.siyeh.ig.naming.FieldNamingConventionInspection$FieldNamingConventionBean
7105:            10            160  com.sun.java.swing.plaf.windows.WindowsRootPaneUI
7106:             5            160  com.sun.jna.Structure$AutoAllocated
7107:             5            160  com.sun.jna.platform.win32.WinDef$DWORD
7108:             5            160  com.sun.jna.platform.win32.WinDef$ULONGLONG
7109:            10            160  com.sun.proxy.$Proxy113
7110:            10            160  com.sun.proxy.$Proxy167
7111:            10            160  com.sun.proxy.$Proxy96
7112:             5            160  com.sun.xml.internal.bind.v2.model.core.PropertyKind
7113:             4            160  com.sun.xml.internal.bind.v2.runtime.AnyTypeBeanInfo
7114:             4            160  io.netty.channel.DefaultChannelPromise
7115:             5            160  io.netty.handler.codec.protobuf.ProtobufDecoder
7116:             5            160  java.nio.channels.ClosedChannelException
7117:             5            160  java.util.concurrent.TimeoutException
7118:             5            160  java.util.concurrent.atomic.AtomicIntegerFieldUpdater$AtomicIntegerFieldUpdaterImpl
7119:             5            160  javax.imageio.spi.SubRegistry
7120:             5            160  javax.management.StandardEmitterMBean
7121:            10            160  javax.swing.JFormattedTextField$DocumentHandler
7122:            10            160  javax.swing.JSpinner$ModelListener
7123:            10            160  javax.swing.UIDefaults$LazyInputMap
7124:            10            160  javax.swing.plaf.basic.BasicScrollPaneUI$Actions
7125:             5            160  javax.swing.plaf.basic.BasicSliderUI$TrackListener
7126:            10            160  javax.swing.text.DefaultCaret$DefaultFilterBypass
7127:            10            160  javax.swing.text.DefaultFormatter$DefaultDocumentFilter
7128:            10            160  javax.swing.text.DefaultFormatter$DefaultNavigationFilter
7129:             5            160  javax.swing.text.JTextComponent$DefaultKeymap
7130:             5            160  kotlin.reflect.jvm.internal.impl.types.ErrorType
7131:             5            160  net.sourceforge.pmd.RulePriority
7132:             2            160  net.sourceforge.pmd.lang.java.ast.ASTDoStatement
7133:             5            160  net.sourceforge.pmd.lang.java.ast.JJTJavaParserState
7134:             5            160  net.sourceforge.pmd.lang.java.ast.JavaParser$LookaheadSuccess
7135:             5            160  net.sourceforge.pmd.lang.java.symboltable.ClassScope
7136:             5            160  net.sourceforge.pmd.lang.java.symboltable.SourceFileScope
7137:             5            160  net.sourceforge.pmd.lang.java.symboltable.TypeSet
7138:             5            160  org.apache.log4j.helpers.PatternParser$LiteralPatternConverter
7139:             4            160  org.apache.xerces.impl.dtd.XMLEntityDecl
7140:             4            160  org.apache.xerces.impl.dtd.XMLSimpleType
7141:             5            160  org.apache.xerces.impl.xpath.regex.Op$ModifierOp
7142:             4            160  org.ini4j.BasicProfileSection
7143:             5            160  org.ini4j.spi.UnicodeInputStreamReader$Bom
7144:             4            160  org.jdom.output.Format
7145:             4            160  org.jetbrains.android.actions.CreateTypedResourceFileAction
7146:             4            160  org.jetbrains.idea.maven.execution.MavenRunnerSettings
7147:             4            160  org.jetbrains.jps.api.CmdlineRemoteProto$Message$KeyValuePair
7148:            10            160  org.jetbrains.kotlin.config.MavenComparableVersion$IntegerItem
7149:             4            160  org.jetbrains.kotlin.idea.intentions.RemoveForLoopIndicesIntention
7150:             4            160  org.jetbrains.kotlin.idea.intentions.RemoveRedundantCallsOfConversionMethodsIntention
7151:             4            160  org.jetbrains.kotlin.idea.intentions.loopToCallChain.LoopToCallChainIntention
7152:             4            160  org.jetbrains.kotlin.idea.intentions.loopToCallChain.LoopToLazyCallChainIntention
7153:             2            160  org.jetbrains.kotlin.serialization.deserialization.DeserializationComponents
7154:            10            160  org.jetbrains.org.objectweb.asm.tree.analysis.BasicValue
7155:             4            160  org.jetbrains.plugins.gradle.execution.GradleConsoleFilterProvider$1
7156:            10            160  org.jetbrains.plugins.groovy.lang.psi.patterns.GroovyPatterns$4
7157:             5            160  org.zeroturnaround.jrebel.ide.common.notifications.NotificationLevel
7158:             4            160  org.zmlx.hg4idea.HgProjectSettings$State
7159:             1            160  sun.awt.Win32FontManager
7160:             4            160  sun.awt.shell.ShellFolderColumnInfo
7161:             5            160  sun.font.Underline$StandardUnderline
7162:             4            160  sun.rmi.server.UnicastServerRef
7163:             4            160  sun.rmi.transport.WeakRef
7164:             5            160  sun.security.ssl.CipherSuite$MacAlg
7165:             5            160  sun.security.ssl.SignatureAndHashAlgorithm$SignatureAlgorithm
7166:             5            160  sun.security.x509.NetscapeCertTypeExtension
7167:             5            160  sun.util.locale.provider.LocaleProviderAdapter$Type
7168:             5            152  [Ljava.util.List;
7169:             1            152  com.intellij.ide.actions.SearchEverywhereAction
7170:             1            152  com.intellij.util.indexing.FileBasedIndexImpl
7171:             2            144  [Lcom.android.resources.ResourceFolderType;
7172:             6            144  [Lcom.intellij.dvcs.repo.VcsRepositoryCreator;
7173:             6            144  [Lcom.intellij.ide.palette.PaletteItemProvider;
7174:             3            144  [Lcom.intellij.ide.projectView.impl.AbstractProjectViewPane;
7175:             1            144  [Lcom.intellij.ide.projectView.impl.ProjectViewFileNestingService$NestingRule;
7176:             1            144  [Lcom.intellij.javaee.StandardResourceProvider;
7177:             5            144  [Lcom.intellij.lang.aspectj.highlight.analysis.ElementAnnotator;
7178:             3            144  [Lcom.intellij.lang.javascript.psi.stubs.JSImplicitElement$Type;
7179:             2            144  [Lcom.intellij.openapi.fileTypes.LanguageFileType;
7180:             6            144  [Lcom.intellij.openapi.vcs.impl.FileStatusProvider;
7181:             3            144  [Lcom.intellij.util.indexing.IndexableSetContributor;
7182:             5            144  [Lcom.intellij.webcore.libraries.ScriptingLibraryModel;
7183:             1            144  [Lde.plushnikov.intellij.plugin.processor.Processor;
7184:             2            144  [Ljava.awt.Cursor;
7185:             7            144  [Ljava.awt.Rectangle;
7186:             7            144  [Ljava.io.File;
7187:             9            144  [Ljava.nio.file.OpenOption;
7188:             1            144  [Ljava.util.concurrent.ForkJoinPool$WorkQueue;
7189:             1            144  [Ljava.util.concurrent.ForkJoinTask$ExceptionNode;
7190:             9            144  ch.qos.logback.core.spi.LogbackLock
7191:             6            144  com.android.flags.FlagGroup
7192:             6            144  com.android.sdklib.AndroidVersion
7193:             3            144  com.android.tools.idea.databinding.DataBindingPackageFinder$1
7194:             3            144  com.android.tools.idea.databinding.DataBindingShortNamesCache$NameCacheProvider
7195:             6            144  com.android.tools.idea.run.editor.AndroidDebuggerContext
7196:             6            144  com.android.tools.idea.run.editor.DeployTargetContext
7197:             3            144  com.android.tools.idea.uibuilder.editor.NlPreviewManager
7198:             6            144  com.google.common.collect.ImmutableSortedMap$1EntrySet
7199:             6            144  com.google.gson.internal.UnsafeAllocator$1
7200:             6            144  com.google.gson.internal.bind.CollectionTypeAdapterFactory$Adapter
7201:             6            144  com.google.gson.internal.bind.ReflectiveTypeAdapterFactory$Adapter
7202:             6            144  com.google.gson.internal.bind.TypeAdapterRuntimeTypeWrapper
7203:             3            144  com.intellij.codeInsight.ExternalAnnotationsManagerImpl
7204:             6            144  com.intellij.codeInsight.MetaAnnotationUtil$$Lambda$2136/1276091878
7205:             9            144  com.intellij.codeInsight.MetaAnnotationUtil$$Lambda$2416/235766709
7206:             9            144  com.intellij.codeInsight.MetaAnnotationUtil$$Lambda$2418/1842413554
7207:             6            144  com.intellij.codeInsight.hint.HintManagerImpl$HintInfo
7208:             3            144  com.intellij.codeInsight.hint.LineTooltipRenderer$3
7209:             6            144  com.intellij.codeInsight.hint.TooltipLinkHandlerEP$1
7210:             3            144  com.intellij.codeInsight.lookup.LookupElementPresentation
7211:             6            144  com.intellij.codeInspection.booleanIsAlwaysInverted.BooleanMethodIsAlwaysInvertedLocalInspection
7212:             9            144  com.intellij.codeInspection.dataFlow.CommonDataflow$$Lambda$4723/1989891346
7213:             6            144  com.intellij.codeInspection.dataFlow.ContractValue$IndependentValue
7214:             6            144  com.intellij.codeInspection.dataFlow.MethodContract$ValueConstraint
7215:             6            144  com.intellij.codeInspection.dataFlow.MethodData$methodBody$1
7216:             6            144  com.intellij.codeInspection.htmlInspections.AddCustomHtmlElementIntentionAction
7217:             6            144  com.intellij.codeInspection.visibility.AccessCanBeTightenedInspection
7218:             6            144  com.intellij.compiler.backwardRefs.CompilerReferenceReader
7219:             3            144  com.intellij.compiler.impl.CompileDriver$1
7220:             6            144  com.intellij.compiler.server.BuildManager$StdOutputCollector
7221:             6            144  com.intellij.compiler.server.BuildMessageDispatcher$1
7222:             3            144  com.intellij.configurationStore.ProjectWithModulesStoreImpl
7223:             6            144  com.intellij.configurationStore.StateStorageManagerImpl$startExternalization$1
7224:             3            144  com.intellij.coverage.CoveragePluginDataManagerImpl
7225:             3            144  com.intellij.cvsSupport2.actions.Cvs2Group
7226:             3            144  com.intellij.database.csv.PersistentCsvFormat$Record
7227:             3            144  com.intellij.database.psi.DbPsiFacadeImpl
7228:             3            144  com.intellij.designer.componentTree.QuickFixManager
7229:             3            144  com.intellij.dmserver.editor.AvailableBundlesProvider
7230:             3            144  com.intellij.dvcs.repo.VcsRepositoryManager
7231:             3            144  com.intellij.execution.configurations.GeneralCommandLine
7232:             3            144  com.intellij.execution.configurations.GeneralCommandLine$MyTHashMap
7233:             6            144  com.intellij.execution.lineMarker.RunLineMarkerContributor$Info
7234:             6            144  com.intellij.execution.lineMarker.RunLineMarkerProvider$1$1
7235:             6            144  com.intellij.find.FindModel$SearchContext
7236:             6            144  com.intellij.htmltools.xml.util.HtmlReferenceProvider$ContentTypeReference
7237:             6            144  com.intellij.ide.NativeIconProvider$Ext
7238:             9            144  com.intellij.ide.UiActivity$AsyncBgOperation
7239:             3            144  com.intellij.ide.fileTemplates.impl.FileTemplateManagerImpl
7240:             6            144  com.intellij.ide.highlighter.custom.impl.CustomFileTypeBraceMatcher$1
7241:             3            144  com.intellij.ide.projectView.impl.ProjectViewImpl$6
7242:             3            144  com.intellij.ide.ui.customization.CustomizationUtil$1
7243:             3            144  com.intellij.ide.util.treeView.TreeUpdatePass
7244:             3            144  com.intellij.jam.reflect.JamPackageMeta
7245:             6            144  com.intellij.javaee.oss.descriptor.JavaeeDescriptorsManager
7246:             3            144  com.intellij.javascript.jest.JestRunConfiguration
7247:             3            144  com.intellij.javascript.jest.JestRunSettings
7248:             6            144  com.intellij.javascript.nodejs.ModuleType
7249:             3            144  com.intellij.javascript.protractor.ProtractorRunConfiguration
7250:             9            144  com.intellij.jpa.model.annotations.mapping.JpaJamContributor$3
7251:             3            144  com.intellij.lang.javascript.buildTools.gulp.rc.GulpRunConfiguration
7252:             3            144  com.intellij.lang.javascript.buildTools.npm.rc.NpmRunConfiguration
7253:             3            144  com.intellij.lang.javascript.flex.flexunit.FlexUnitRunConfiguration
7254:             3            144  com.intellij.lang.javascript.flex.run.FlashRunConfiguration
7255:             6            144  com.intellij.lang.javascript.formatter.JSCodeStyleSettings$JSFileNameStyle
7256:             3            144  com.intellij.lang.javascript.index.JavaScriptIndex
7257:             9            144  com.intellij.lang.javascript.parsing.modifiers.JSOneOfModifiersStructure
7258:             6            144  com.intellij.lang.javascript.psi.controlflow.instruction.JSBranchInstruction$BranchOwner
7259:             6            144  com.intellij.lang.javascript.psi.types.JSRecordTypeImpl$IndexSignatureImpl
7260:             9            144  com.intellij.lang.javascript.service.highlighting.JSLanguageServiceHighlightingStateHolder
7261:             3            144  com.intellij.lang.typescript.compiler.TypeScriptLanguageServiceToolWindowManager$3
7262:             6            144  com.intellij.openapi.application.TransactionGuardImpl$Transaction
7263:             6            144  com.intellij.openapi.application.impl.ApplicationImpl$1
7264:             6            144  com.intellij.openapi.components.impl.ServiceManagerImpl$1
7265:             6            144  com.intellij.openapi.editor.CaretStateTransferableData
7266:             2            144  com.intellij.openapi.editor.colors.impl.DefaultColorsScheme
7267:             6            144  com.intellij.openapi.editor.colors.impl.TextAttributesReader$Effect
7268:             6            144  com.intellij.openapi.editor.impl.ComplementaryFontsRegistry$FontFaceKey
7269:             6            144  com.intellij.openapi.editor.impl.EditorImpl$$Lambda$1036/1295663695
7270:             6            144  com.intellij.openapi.editor.richcopy.model.ColorRegistry
7271:             6            144  com.intellij.openapi.editor.richcopy.model.FontNameRegistry
7272:             3            144  com.intellij.openapi.externalSystem.service.execution.ExternalSystemRunConfiguration
7273:             6            144  com.intellij.openapi.externalSystem.service.project.manage.ExternalSystemTaskActivator$1MyCompileTask
7274:             2            144  com.intellij.openapi.fileChooser.ex.FileTextFieldImpl$Vfs
7275:             2            144  com.intellij.openapi.updateSettings.impl.UpdateOptions
7276:             6            144  com.intellij.openapi.vcs.VcsConfiguration$StandardOption
7277:             6            144  com.intellij.openapi.vcs.changes.InvokeAfterUpdateMode
7278:             3            144  com.intellij.openapi.vcs.changes.RemoteRevisionsCache
7279:             3            144  com.intellij.openapi.vcs.changes.RemoteRevisionsNumbersCache
7280:             3            144  com.intellij.openapi.vcs.changes.VcsDirtyScopeManagerImpl
7281:             6            144  com.intellij.openapi.vcs.changes.issueLinks.TreeLinkMouseListener
7282:             3            144  com.intellij.openapi.vcs.changes.ui.ChangesViewContentManager
7283:             6            144  com.intellij.openapi.vcs.ex.DocumentTracker$FreezeHelper
7284:             6            144  com.intellij.openapi.vcs.ex.DocumentTracker$Lock
7285:             6            144  com.intellij.openapi.vcs.ex.LineTracker
7286:             9            144  com.intellij.openapi.vcs.ex.PartialLocalLineStatusTracker$ChangeListMarker
7287:             3            144  com.intellij.openapi.vcs.impl.LineStatusTrackerManager$MyBaseRevisionLoader
7288:             6            144  com.intellij.openapi.vfs.encoding.EncodingUtil$FailReason
7289:             3            144  com.intellij.openapi.wm.ex.LayoutFocusTraversalPolicyExt
7290:             3            144  com.intellij.openapi.wm.impl.status.IdeStatusBarImpl$2
7291:             3            144  com.intellij.openapi.wm.impl.status.ProcessPopup
7292:             6            144  com.intellij.patterns.PsiClassPattern$3
7293:             6            144  com.intellij.patterns.PsiElementPattern$15
7294:             6            144  com.intellij.patterns.PsiJavaPatterns$1
7295:             6            144  com.intellij.patterns.StringPattern$9
7296:             6            144  com.intellij.patterns.XmlElementPattern$XmlEntityRefPattern
7297:             9            144  com.intellij.psi.ReferenceProviderType
7298:             6            144  com.intellij.psi.codeStyle.LanguageCodeStyleSettingsProvider$SettingsType
7299:             6            144  com.intellij.psi.codeStyle.autodetect.LineIndentInfo$LineType
7300:             2            144  com.intellij.psi.css.impl.CssFileImpl
7301:             9            144  com.intellij.psi.css.impl.util.CssReferenceProvider$CssReferenceFilter
7302:             3            144  com.intellij.psi.impl.JavaPsiFacadeImpl
7303:             6            144  com.intellij.psi.impl.include.FileIncludeManagerImpl$IncludeCacheHolder$1
7304:             6            144  com.intellij.psi.impl.include.FileIncludeManagerImpl$IncludeCacheHolder$2
7305:             9            144  com.intellij.psi.impl.source.PsiFileImpl$$Lambda$1534/277391985
7306:             9            144  com.intellij.psi.impl.source.resolve.reference.ArbitraryPlaceUrlReferenceProvider
7307:             9            144  com.intellij.psi.impl.source.resolve.reference.impl.providers.WebPathReferenceProvider
7308:             6            144  com.intellij.psi.scope.ElementClassHint$DeclarationKind
7309:             6            144  com.intellij.psi.search.TodoAttributes
7310:             6            144  com.intellij.psi.search.TodoPattern
7311:             6            144  com.intellij.refactoring.introduceVariable.IntroduceVariableBase$JavaReplaceChoice
7312:             6            144  com.intellij.remoteServer.util.importProject.CloudGitRemoteDetector$CloudTypeDelegate
7313:             6            144  com.intellij.semantic.SemServiceImpl$2$$Lambda$1579/1133364512
7314:             6            144  com.intellij.spring.boot.library.SpringBootLibraryUtil$SpringBootVersion
7315:             6            144  com.intellij.spring.boot.model.autoconfigure.conditions.ConditionalContributorEP$1
7316:             9            144  com.intellij.spring.boot.run.lifecycle.tabs.EndpointTab$1
7317:             3            144  com.intellij.spring.webflow.el.inject.ExpressionLanguageConfiguration
7318:             3            144  com.intellij.ui.ColorUtil$2
7319:             9            144  com.intellij.ui.MouseDragHelper$1
7320:             9            144  com.intellij.ui.content.impl.ContentImpl$$Lambda$747/657894842
7321:             3            144  com.intellij.ui.docking.impl.DockManagerImpl
7322:             6            144  com.intellij.ui.layout.CCFlags
7323:             6            144  com.intellij.ui.popup.AbstractPopup$State
7324:             9            144  com.intellij.ui.popup.HintUpdateSupply$4
7325:             9            144  com.intellij.ui.popup.list.ListPopupImpl$MyMouseListener
7326:             9            144  com.intellij.ui.popup.list.PopupListElementRenderer$1
7327:             3            144  com.intellij.ui.speedSearch.NameFilteringListModel
7328:             3            144  com.intellij.ui.tabs.FileColorsOptionsTopHitProvider$Option
7329:             6            144  com.intellij.ui.tabs.impl.JBTabsImpl$$Lambda$1076/974303844
7330:             3            144  com.intellij.ui.tree.AsyncTreeModel$2
7331:             3            144  com.intellij.uiDesigner.propertyInspector.PropertyInspectorTable$MyCompositeTableCellRenderer
7332:             3            144  com.intellij.uiDesigner.propertyInspector.properties.ClassToBindProperty$MyEditor
7333:             6            144  com.intellij.uiDesigner.quickFixes.QuickFixManager$1
7334:             6            144  com.intellij.uiDesigner.quickFixes.QuickFixManager$MyShowHintRequest
7335:             6            144  com.intellij.uiDesigner.quickFixes.VisibilityWatcherImpl
7336:             9            144  com.intellij.util.concurrency.QueueProcessor$$Lambda$1449/927408529
7337:             9            144  com.intellij.util.containers.StringInterner
7338:             9            144  com.intellij.util.containers.WeakInterner
7339:             6            144  com.intellij.util.indexing.MemoryIndexStorage$$Lambda$2627/172518412
7340:             6            144  com.intellij.util.io.EnumDataDescriptor
7341:             6            144  com.intellij.util.io.OpenChannelsCache$ChannelDescriptor
7342:             6            144  com.intellij.util.lang.Resource$Attribute
7343:             6            144  com.intellij.util.lang.Resource$Attribute
7344:             6            144  com.intellij.util.messages.impl.MessageListenerList$1
7345:             6            144  com.intellij.util.pico.DefaultPicoContainer$LinkedHashSetWrapper
7346:             6            144  com.intellij.util.text.DateFormatUtil$Period
7347:             6            144  com.intellij.util.ui.IndentedIcon
7348:             6            144  com.intellij.util.xml.impl.ChildrenDescriptionsHolder
7349:             3            144  com.intellij.util.xml.impl.DomManagerImpl
7350:             6            144  com.intellij.util.xml.impl.FileDescriptionCachedValueProvider$MyCondition
7351:             9            144  com.intellij.util.xmlb.SmartSerializer$1
7352:             6            144  com.intellij.vaadin.templates.VaadinTemplateNames$ClientWidgetClassTemplate
7353:             3            144  com.intellij.vcs.log.data.index.VcsLogFullDetailsIndex$MyMapIndexStorage
7354:             2            144  com.intellij.xdebugger.impl.breakpoints.LineBreakpointState
7355:             3            144  com.intellij.xdebugger.impl.ui.ExecutionPointHighlighter
7356:             6            144  com.jediterm.terminal.emulator.mouse.MouseMode
7357:             6            144  com.jetbrains.plugins.webDeployment.config.sftp.SftpAdvancedOptions
7358:             6            144  com.jetbrains.quirksmode.CssSimpleSelectorPattern$1
7359:             3            144  com.sun.jna.NativeLibrary$1
7360:             6            144  com.sun.jna.NativeMappedConverter
7361:             6            144  com.sun.jna.platform.win32.WinDef$HWND
7362:             6            144  com.sun.xml.internal.bind.v2.runtime.reflect.TransducedAccessor$IDREFTransducedAccessorImpl
7363:             6            144  com.sun.xml.internal.bind.v2.runtime.unmarshaller.ValuePropertyLoader
7364:             6            144  de.plushnikov.intellij.plugin.processor.ValProcessor
7365:             3            144  de.plushnikov.intellij.plugin.processor.clazz.DataProcessor
7366:             6            144  de.plushnikov.intellij.plugin.processor.clazz.ToStringProcessor
7367:             6            144  de.plushnikov.intellij.plugin.processor.clazz.constructor.NoArgsConstructorProcessor
7368:             6            144  de.plushnikov.intellij.plugin.processor.clazz.constructor.RequiredArgsConstructorProcessor
7369:             6            144  de.plushnikov.intellij.plugin.processor.field.GetterFieldProcessor
7370:             6            144  dk.brics.automaton.Transition
7371:             2            144  freemarker.template.DefaultObjectWrapper
7372:             9            144  git4idea.GitCommit$GitChangesDescriptor
7373:             2            144  io.netty.buffer.PoolThreadCache
7374:             9            144  io.netty.channel.nio.AbstractNioChannel$1
7375:             6            144  io.netty.util.Recycler$2
7376:             3            144  java.awt.SentEvent
7377:             6            144  java.io.OutputStreamWriter
7378:             6            144  java.lang.Thread$State
7379:             9            144  java.rmi.server.Operation
7380:             6            144  java.util.regex.Pattern$CharPropertyNames$2
7381:             3            144  java.util.regex.Pattern$GroupCurly
7382:             6            144  javassist.bytecode.ConstantAttribute
7383:             6            144  javassist.bytecode.InnerClassesAttribute
7384:             6            144  javax.swing.text.GapContent$UndoPosRef
7385:             9            144  javax.swing.text.StyleConstants$ParagraphConstants
7386:             6            144  javax.xml.datatype.DatatypeConstants$Field
7387:             6            144  kotlin.reflect.jvm.internal.impl.descriptors.ClassKind
7388:             6            144  kotlin.reflect.jvm.internal.impl.load.kotlin.header.KotlinClassHeader$Kind
7389:             6            144  kotlin.reflect.jvm.internal.impl.serialization.ProtoBuf$Visibility
7390:             3            144  kotlin.reflect.jvm.internal.impl.serialization.deserialization.DeserializationContext
7391:             6            144  kotlin.reflect.jvm.internal.impl.serialization.deserialization.DeserializedPackageFragment$memberScope$1
7392:             6            144  kotlin.reflect.jvm.internal.impl.serialization.deserialization.DeserializedPackageFragmentImpl$classDataFinder$1
7393:             6            144  kotlin.reflect.jvm.internal.impl.serialization.deserialization.NameResolverImpl
7394:             6            144  kotlin.reflect.jvm.internal.impl.serialization.deserialization.ProtoBasedClassDataFinder
7395:             6            144  kotlinx.coroutines.experimental.ExecutorCoroutineDispatcher
7396:             6            144  net.sf.cglib.core.internal.LoadingCache
7397:             3            144  one.util.streamex.TakeDrop$TDOfRef
7398:             1            144  org.apache.xerces.dom.DocumentImpl
7399:             6            144  org.intellij.images.options.impl.ImagesOptionsComponent$ColorOptionsListener
7400:             6            144  org.intellij.lang.xpath.psi.XPathType
7401:             6            144  org.intellij.lang.xpath.xslt.impl.XsltChecker$State
7402:             6            144  org.jetbrains.idea.devkit.dom.impl.PropertyKeyReferenceProvider
7403:             6            144  org.jetbrains.idea.devkit.inspections.RegistrationCheckerUtil$RegistrationType
7404:             3            144  org.jetbrains.idea.maven.indices.MavenIndex$IndexData
7405:             9            144  org.jetbrains.idea.maven.indices.MavenIndex$SetDescriptor
7406:             9            144  org.jetbrains.idea.maven.javadoc.MojoAnnotationInfo
7407:             6            144  org.jetbrains.idea.maven.model.MavenWorkspaceMap$Data
7408:             3            144  org.jetbrains.idea.maven.navigator.MavenProjectsNavigator
7409:             6            144  org.jetbrains.idea.maven.tasks.MavenTasksManager$1MyCompileTask
7410:             6            144  org.jetbrains.idea.svn.api.Depth
7411:             6            144  org.jetbrains.jps.api.CmdlineRemoteProto$Message$BuilderMessage$CompileMessage$Kind
7412:             3            144  org.jetbrains.jps.api.CmdlineRemoteProto$Message$ControllerMessage
7413:             3            144  org.jetbrains.jps.api.CmdlineRemoteProto$Message$ControllerMessage$FSEvent
7414:             6            144  org.jetbrains.jps.api.CmdlineRemoteProto$Message$ControllerMessage$ParametersMessage$TargetTypeBuildScope$Builder
7415:             6            144  org.jetbrains.jps.backwardRefs.CompilerBackwardReferenceIndex$2
7416:             6            144  org.jetbrains.jps.backwardRefs.NameEnumerator
7417:             6            144  org.jetbrains.kotlin.config.AnalysisFlag
7418:             3            144  org.jetbrains.kotlin.config.KotlinFacetSettings
7419:             6            144  org.jetbrains.kotlin.container.ComponentState
7420:             6            144  org.jetbrains.kotlin.descriptors.ClassKind
7421:             9            144  org.jetbrains.kotlin.descriptors.impl.AbstractClassDescriptor$1
7422:             9            144  org.jetbrains.kotlin.descriptors.impl.AbstractClassDescriptor$2
7423:             9            144  org.jetbrains.kotlin.descriptors.impl.AbstractClassDescriptor$3
7424:             3            144  org.jetbrains.kotlin.idea.inspections.ConstPropertyNameInspection
7425:             3            144  org.jetbrains.kotlin.idea.inspections.LocalVariableNameInspection
7426:             3            144  org.jetbrains.kotlin.idea.inspections.ObjectPropertyNameInspection
7427:             3            144  org.jetbrains.kotlin.idea.inspections.PrivatePropertyNameInspection
7428:             3            144  org.jetbrains.kotlin.idea.inspections.PropertyNameInspection
7429:             6            144  org.jetbrains.kotlin.idea.vfilefinder.KotlinFileIndexBase$indexer$1
7430:             6            144  org.jetbrains.kotlin.load.kotlin.header.KotlinClassHeader$Kind
7431:             6            144  org.jetbrains.kotlin.serialization.ProtoBuf$Visibility
7432:             6            144  org.jetbrains.kotlin.types.ErrorUtils$2
7433:             3            144  org.jetbrains.osgi.bnd.run.BndRunConfigurationBase$Launch
7434:             3            144  org.jetbrains.osgi.bnd.run.BndRunConfigurationBase$Test
7435:             9            144  org.jetbrains.plugins.groovy.codeInspection.naming.NewGroovyClassNamingConventionInspection$1
7436:             6            144  org.jetbrains.plugins.groovy.griffon.GriffonToolWindowFactory$GriffonDirectoryMetadata
7437:             6            144  org.objectweb.shadedzt.asm.commons.Method
7438:             9            144  org.zeroturnaround.common.util.ExecutorUtil$ExecutorServiceWrapper
7439:             1            144  org.zeroturnaround.javarebel.SDKLicenseInfoImpl
7440:             6            144  org.zeroturnaround.javarebel.reporting.stats.repository.CommonFieldId
7441:             3            144  org.zeroturnaround.jrebel.client.util.CachedValueKeeper
7442:             6            144  org.zeroturnaround.jrebel.ide.common.notifications.Area
7443:             6            144  org.zeroturnaround.jrebel.ide.common.notifications.Level
7444:             6            144  sun.misc.PerfCounter
7445:             3            144  sun.misc.URLClassPath
7446:             2            144  sun.rmi.transport.ConnectionOutputStream
7447:             6            144  sun.rmi.transport.ObjectEndpoint
7448:             6            144  sun.security.ssl.ProtocolVersion
7449:             6            144  sun.security.util.DisabledAlgorithmConstraints$Constraint$Operator
7450:             9            144  sun.swing.StringUIClientPropertyKey
7451:             6            144  sun.swing.SwingUtilities2$2
7452:             3            136  [Lcom.intellij.codeInspection.naming.NamingConvention;
7453:             1            136  [Lcom.intellij.ide.SearchTopHitProvider;
7454:             4            136  [Lcom.intellij.lang.BracePair;
7455:             5            136  [Lcom.intellij.ui.popup.AbstractPopup$State;
7456:             4            136  [Lcom.intellij.uiDesigner.propertyInspector.Property;
7457:             1            136  [Lcom.zeroturnaround.javarebel.idea.plugin.ui.RebelImage;
7458:             6            136  [Ljava.lang.Runnable;
7459:             1            136  [Ljava.time.temporal.ChronoField;
7460:             1            136  [Lorg.apache.xerces.impl.dv.xs.TypeValidator;
7461:             1            136  [Lorg.jetbrains.kotlin.resolve.scopes.LexicalScopeKind;
7462:             1            136  sun.java2d.marlin.Stroker
7463:             4            128  [Lcom.intellij.codeInsight.daemon.ReferenceImporter;
7464:             1            128  [Lcom.intellij.codeInsight.editorActions.enter.EnterHandlerDelegate;
7465:             2            128  [Lcom.intellij.codeInsight.highlighting.HighlightUsagesHandlerFactory;
7466:             3            128  [Lcom.intellij.codeInsight.lookup.LookupElement;
7467:             1            128  [Lcom.intellij.codeInsight.template.impl.DefaultLiveTemplatesProvider;
7468:             4            128  [Lcom.intellij.execution.update.RunningApplicationUpdaterProvider;
7469:             2            128  [Lcom.intellij.openapi.application.PathMacroFilter;
7470:             4            128  [Lcom.intellij.openapi.compiler.Compiler;
7471:             5            128  [Lcom.intellij.openapi.roots.OrderRootType;
7472:             2            128  [Lcom.intellij.openapi.vfs.impl.local.NativeFileWatcherImpl$WatcherOp;
7473:             2            128  [Lcom.intellij.psi.impl.include.FileIncludeProvider;
7474:             3            128  [Lcom.intellij.vcs.log.VcsRefType;
7475:             4            128  [Lio.netty.channel.ChannelHandler;
7476:             4            128  [Lorg.apache.xerces.impl.XMLEntityManager$CharacterBuffer;
7477:             3            128  [Lorg.apache.xerces.util.XMLAttributesImpl$Attribute;
7478:             2            128  [Lorg.intellij.lang.regexp.psi.RegExpGroup$Type;
7479:             2            128  [Lsun.awt.image.BufferedImageGraphicsConfig;
7480:             2            128  ch.qos.logback.classic.PatternLayout
7481:             2            128  cn.yiiguxing.plugin.translate.Settings
7482:             4            128  com.android.tools.idea.databinding.DataBindingProjectComponent
7483:             4            128  com.android.tools.idea.gradle.project.sync.compatibility.CompatibilityChecksMetadataUpdater$CheckInterval
7484:             8            128  com.android.tools.idea.lang.databinding.DataBindingXmlReferenceContributor$1
7485:             8            128  com.android.tools.idea.lang.databinding.DataBindingXmlReferenceContributor$2
7486:             8            128  com.android.tools.idea.lang.databinding.DataBindingXmlReferenceContributor$3
7487:             4            128  com.google.common.base.Splitter
7488:             4            128  com.google.common.collect.ImmutableMap$Builder
7489:             4            128  com.google.common.collect.ImmutableMapEntry$NonTerminalImmutableBiMapEntry
7490:             4            128  com.google.common.collect.ImmutableSortedMap$Builder
7491:             8            128  com.intellij.batch.references.BatchJobOperatorReferenceProvider
7492:             8            128  com.intellij.batch.references.BatchJobXmlReferenceProvider
7493:             4            128  com.intellij.codeInsight.daemon.impl.PassExecutorService
7494:             4            128  com.intellij.codeInsight.daemon.impl.ShowIntentionsPass$$Lambda$2096/1892573605
7495:             8            128  com.intellij.codeInsight.daemon.impl.analysis.encoding.XmlEncodingReferenceProvider
7496:             8            128  com.intellij.codeInsight.template.postfix.templates.editable.JavaPostfixTemplateExpressionCondition$JavaPostfixTemplateArrayExpressionCondition
7497:             8            128  com.intellij.codeInsight.template.postfix.templates.editable.JavaPostfixTemplateExpressionCondition$JavaPostfixTemplateNonVoidExpressionCondition
7498:             8            128  com.intellij.codeInspection.dataFlow.ContractValue$Argument
7499:             8            128  com.intellij.codeInspection.dataFlow.HardcodedContracts$ContractProvider$$Lambda$3685/1027576726
7500:             8            128  com.intellij.codeInspection.ex.InspectionProfileWrapper
7501:             4            128  com.intellij.codeInspection.sameParameterValue.SameParameterValueInspectionBase$LocalSameParameterValueInspection
7502:             8            128  com.intellij.coldFusion.UI.editorActions.completionProviders.CfmlAttributeNamesCompletionProvider
7503:             4            128  com.intellij.compiler.CompilerWorkspaceConfiguration
7504:             4            128  com.intellij.configurationStore.SchemeManagerFactoryBase$ProjectSchemeManagerFactory
7505:             4            128  com.intellij.credentialStore.CredentialAttributes
7506:             4            128  com.intellij.database.csv.CsvRecordFormat$Quotes
7507:             4            128  com.intellij.debugger.streams.lib.impl.CollapseOperation
7508:             4            128  com.intellij.debugger.streams.lib.impl.ToCollectionOperation
7509:             8            128  com.intellij.debugger.streams.resolve.OptionalOrderResolver
7510:             8            128  com.intellij.debugger.streams.trace.impl.interpret.OptionalTraceInterpreter
7511:             4            128  com.intellij.debugger.ui.breakpoints.BreakpointManager
7512:             4            128  com.intellij.diagnostic.VMOptions$MemoryKind
7513:             8            128  com.intellij.execution.filters.ExceptionFilter
7514:             4            128  com.intellij.execution.impl.ConsoleViewImpl$ClearAllAction
7515:             8            128  com.intellij.execution.junit.codeInsight.references.JUnitReferenceContributor$1
7516:             8            128  com.intellij.execution.junit.codeInsight.references.JUnitReferenceContributor$2
7517:             8            128  com.intellij.execution.ui.layout.impl.GridCellImpl$3
7518:             8            128  com.intellij.execution.ui.layout.impl.GridCellImpl$5
7519:             8            128  com.intellij.find.SearchTextArea$$Lambda$5415/1783602265
7520:             8            128  com.intellij.find.SearchTextArea$2
7521:             8            128  com.intellij.find.SearchTextArea$4
7522:             8            128  com.intellij.find.SearchTextArea$6
7523:             4            128  com.intellij.find.editorHeaderActions.ShowMoreOptions
7524:             4            128  com.intellij.find.editorHeaderActions.ToggleAnywhereAction
7525:             4            128  com.intellij.find.editorHeaderActions.ToggleExceptCommentsAction
7526:             4            128  com.intellij.find.editorHeaderActions.ToggleExceptCommentsAndLiteralsAction
7527:             4            128  com.intellij.find.editorHeaderActions.ToggleExceptLiteralsAction
7528:             4            128  com.intellij.find.editorHeaderActions.ToggleInCommentsAction
7529:             4            128  com.intellij.find.editorHeaderActions.ToggleInLiteralsOnlyAction
7530:             4            128  com.intellij.find.findUsages.JavaFindUsagesHandlerFactory
7531:             4            128  com.intellij.formatting.FormattingStateId
7532:             8            128  com.intellij.gwt.references.GeneratedJsReferenceProvider
7533:             8            128  com.intellij.gwt.references.GwtReferenceContributor$1
7534:             8            128  com.intellij.gwt.references.GwtReferenceContributor$2
7535:             8            128  com.intellij.gwt.references.GwtToHtmlReferencesProvider
7536:             8            128  com.intellij.gwt.uiBinder.references.GwtUiReferenceContributor$1
7537:             8            128  com.intellij.gwt.uiBinder.references.GwtUiReferenceContributor$2
7538:             8            128  com.intellij.gwt.uiBinder.references.GwtUiReferenceContributor$3
7539:             8            128  com.intellij.gwt.uiBinder.references.GwtUiReferenceContributor$CssFileReferenceProvider
7540:             8            128  com.intellij.gwt.uiBinder.references.QualifiedUiXmlReferenceProvider
7541:             8            128  com.intellij.html.impl.providers.MicrodataReferenceProvider
7542:             8            128  com.intellij.htmltools.codeInsight.daemon.impl.analysis.encoding.HtmlHttpEquivEncodingReferenceProvider
7543:             8            128  com.intellij.htmltools.xml.util.HtmlReferenceProvider
7544:             8            128  com.intellij.htmltools.xml.util.HtmlReferenceProvider$1
7545:             4            128  com.intellij.ide.actions.ExpandAllToolbarAction
7546:             4            128  com.intellij.ide.actions.NextOccurenceToolbarAction
7547:             4            128  com.intellij.ide.actions.PreviousOccurenceToolbarAction
7548:             8            128  com.intellij.ide.highlighter.custom.impl.CustomFileTypeQuoteHandler
7549:             8            128  com.intellij.ide.highlighter.custom.impl.StandardFileTypeRegistrator$MyCommenter
7550:             4            128  com.intellij.ide.navigationToolbar.NavBarUpdateQueue$2
7551:             8            128  com.intellij.ide.ui.laf.darcula.ui.TextFieldWithPopupHandlerUI$ClearExtension
7552:             4            128  com.intellij.ide.util.ProjectPropertiesComponentImpl
7553:             8            128  com.intellij.j2ee.web.WebReferenceContributor$1
7554:             8            128  com.intellij.j2ee.web.WebReferenceContributor$ServletPushPublisherPsiReferenceProvider
7555:             8            128  com.intellij.javascript.JavaScriptCssReferenceContributor$1
7556:             8            128  com.intellij.javascript.JavaScriptCssReferenceContributor$2
7557:             8            128  com.intellij.javascript.JavaScriptCssReferenceContributor$3
7558:             8            128  com.intellij.javascript.JavaScriptCssReferenceContributor$4
7559:             8            128  com.intellij.javascript.JavaScriptReferenceContributor$4
7560:             8            128  com.intellij.javascript.JavaScriptReferenceContributor$5
7561:             8            128  com.intellij.javascript.JavaScriptReferenceContributor$6
7562:             8            128  com.intellij.javascript.JavaScriptReferenceContributor$7
7563:             4            128  com.intellij.javascript.nodejs.library.NodeModulesDirectoryScanner
7564:             4            128  com.intellij.javascript.nodejs.packageJson.PackageJsonFileManager
7565:             4            128  com.intellij.javascript.testFramework.qunit.DefaultQUnitModuleStructure
7566:             4            128  com.intellij.javascript.testFramework.qunit.QUnitFileStructure
7567:             8            128  com.intellij.jboss.jpdl.providers.ProcessNamesReferenceProvider
7568:             8            128  com.intellij.jpa.ORMReferencesUtil$3
7569:             4            128  com.intellij.jpa.actions.AddJpaProviderSupport$1
7570:             8            128  com.intellij.jsf.composite.references.CompositeComponentTypeReferenceProvider
7571:             8            128  com.intellij.jsf.composite.references.CompositeURIReferenceProvider
7572:             8            128  com.intellij.jsf.composite.references.CompositeValueHolderTargetsReferenceProvider
7573:             8            128  com.intellij.jsf.facelets.providers.FaceletsUiDefineReferenceProvider
7574:             8            128  com.intellij.jsf.flows.references.FlowReferenceContributor$1
7575:             8            128  com.intellij.jsf.flows.references.FlowReferenceContributor$2
7576:             8            128  com.intellij.jsf.flows.references.FlowReferenceContributor$3
7577:             8            128  com.intellij.jsf.flows.references.FlowReferenceContributor$4
7578:             8            128  com.intellij.jsf.html5.references.PassThroughIdPsiReferenceProvider
7579:             8            128  com.intellij.jsf.html5.references.PassThroughIdPsiReferenceProvider$2
7580:             8            128  com.intellij.jsf.providers.ELResolverManagedBeanReferenceProvider
7581:             8            128  com.intellij.jsf.providers.FaceletLabrariesPathListProvider
7582:             8            128  com.intellij.jsf.providers.FacesConfigWebPathProvider
7583:             8            128  com.intellij.jsf.references.JsfActionXmlAttributeReferencesProvider
7584:             8            128  com.intellij.jsf.references.JsfConverterIdXmlAttributeReferencesProvider
7585:             8            128  com.intellij.jsf.references.JsfLibraryAttributeReferencesProvider
7586:             8            128  com.intellij.jsf.references.JsfReferenceContributor$1
7587:             8            128  com.intellij.jsf.references.JsfReferenceContributor$2
7588:             8            128  com.intellij.jsf.references.JsfResourceIdentifierAttributeReferencesProvider
7589:             8            128  com.intellij.jsf.references.JsfUrlXmlAttributeReferencesProvider
7590:             8            128  com.intellij.jsf.references.JsfViewContractsAttributeReferencesProvider
7591:             8            128  com.intellij.jsf.references.JsfXmlTagReferencesProvider
7592:             8            128  com.intellij.jsf.references.JsfcIdXmlAttributeReferencesProvider
7593:             8            128  com.intellij.jsf.references.JsfcIdXmlAttributeReferencesProvider$2
7594:             8            128  com.intellij.lang.aspectj.augment.AjPsiAugmentProvider$$Lambda$2357/1898510364
7595:             4            128  com.intellij.lang.aspectj.build.config.AjCompilerSettings
7596:             4            128  com.intellij.lang.ecmascript6.psi.impl.ES6FieldStatementImpl
7597:             8            128  com.intellij.lang.javascript.ecmascript6.TypeScriptReferenceContributor$2
7598:             8            128  com.intellij.lang.javascript.ecmascript6.TypeScriptReferenceContributor$3
7599:             8            128  com.intellij.lang.javascript.ecmascript6.TypeScriptReferenceContributor$4
7600:             8            128  com.intellij.lang.javascript.frameworks.amd.JSAmdReferenceContributor$1
7601:             8            128  com.intellij.lang.javascript.frameworks.amd.JSAmdReferenceContributor$2
7602:             8            128  com.intellij.lang.javascript.frameworks.amd.JSAmdReferenceContributor$3
7603:             8            128  com.intellij.lang.javascript.frameworks.amd.JSAmdReferenceContributor$4
7604:             8            128  com.intellij.lang.javascript.frameworks.bindows.BindowsReferenceContributor$1
7605:             8            128  com.intellij.lang.javascript.frameworks.bindows.BindowsReferenceContributor$2
7606:             8            128  com.intellij.lang.javascript.frameworks.dojo.DojoReferenceContributor$1
7607:             8            128  com.intellij.lang.javascript.frameworks.extjs.ExtReferenceContributor$1
7608:             8            128  com.intellij.lang.javascript.frameworks.extjs.ExtReferenceContributor$2
7609:             8            128  com.intellij.lang.javascript.frameworks.react.JSXReferenceContributor$1
7610:             8            128  com.intellij.lang.javascript.intentions.ES6ConvertToTemplateStringHelper
7611:             4            128  com.intellij.lang.javascript.library.JSPredefinedLibrariesData
7612:             8            128  com.intellij.lang.javascript.patterns.JSPatterns$2
7613:             4            128  com.intellij.lang.javascript.psi.ecma6.impl.TypeScriptInferTypeImpl
7614:             4            128  com.intellij.lang.javascript.service.JSLanguageServiceToolWindowInfoReporter
7615:             8            128  com.intellij.lang.javascript.template.postfix.JSPostfixTemplateUtils$4
7616:             8            128  com.intellij.lang.properties.PropertiesReferenceContributor$3
7617:             4            128  com.intellij.notification.LogModel
7618:             4            128  com.intellij.openapi.actionSystem.ex.DefaultCustomComponentAction
7619:             1            128  com.intellij.openapi.application.impl.ApplicationImpl
7620:             2            128  com.intellij.openapi.diagnostic.FrequentEventDetector$1
7621:             8            128  com.intellij.openapi.editor.colors.impl.TextAttributesReader
7622:             2            128  com.intellij.openapi.keymap.impl.MacOSDefaultKeymap
7623:             8            128  com.intellij.openapi.module.EjbReferenceContributor$1
7624:             8            128  com.intellij.openapi.module.EjbReferenceContributor$2
7625:             8            128  com.intellij.openapi.module.EjbReferenceContributor$3
7626:             4            128  com.intellij.openapi.module.ModuleTypeEP
7627:             4            128  com.intellij.openapi.project.ExternalStorageConfiguration
7628:             4            128  com.intellij.openapi.roots.DependencyScope
7629:             4            128  com.intellij.openapi.roots.impl.DirectoryIndexImpl
7630:             4            128  com.intellij.openapi.roots.impl.ProjectFileIndexImpl
7631:             4            128  com.intellij.openapi.roots.impl.ProjectRootManagerImpl$JdkTableMultiListener
7632:             4            128  com.intellij.openapi.roots.impl.libraries.ProjectLibraryTable
7633:             4            128  com.intellij.openapi.updateSettings.impl.ChannelStatus
7634:             8            128  com.intellij.openapi.vcs.VcsKey
7635:             8            128  com.intellij.openapi.vcs.changes.DeletedFilesHolder
7636:             8            128  com.intellij.openapi.vcs.changes.FileHolderComposite
7637:             4            128  com.intellij.openapi.vcs.changes.committed.CommittedChangesCache$State
7638:             8            128  com.intellij.openapi.vcs.changes.ui.ChangesBrowserNode$Tag
7639:             4            128  com.intellij.openapi.vcs.changes.ui.ChangesViewContentEP
7640:             4            128  com.intellij.openapi.vcs.contentAnnotation.VcsContentAnnotationExceptionFilter
7641:             4            128  com.intellij.openapi.vcs.impl.ContentRevisionCache
7642:             8            128  com.intellij.openapi.vcs.impl.Result$Canceled
7643:             4            128  com.intellij.openapi.vcs.impl.projectlevelman.FileWatchRequestModifier
7644:             4            128  com.intellij.openapi.wm.impl.CommandProcessor
7645:             4            128  com.intellij.openapi.wm.impl.DesktopLayout
7646:             4            128  com.intellij.packaging.impl.elements.DirectoryPackagingElement
7647:             8            128  com.intellij.play.references.PlayControllerMethodsReferenceProvider
7648:             8            128  com.intellij.play.references.PlayCustomTagPsiReferenceProvider
7649:             8            128  com.intellij.play.references.PlayMessagePsiReferenceProvider
7650:             8            128  com.intellij.play.references.PlayRoutesPsiReferenceProvider
7651:             4            128  com.intellij.plugins.jboss.arquillian.configuration.container.ArquillianContainer$Scope
7652:             8            128  com.intellij.psi.LambdaUtil$$Lambda$3624/1299751794
7653:             8            128  com.intellij.psi.PsiDiamondTypeImpl$$Lambda$3635/720100319
7654:             4            128  com.intellij.psi.codeStyle.CodeStyleSettingsManager
7655:             2            128  com.intellij.psi.codeStyle.FixingLayoutMatcher
7656:             8            128  com.intellij.psi.css.impl.util.CssReferenceProvider
7657:             4            128  com.intellij.psi.impl.PsiToDocumentSynchronizer
7658:             4            128  com.intellij.psi.impl.compiled.ClsJavaTokenImpl
7659:             4            128  com.intellij.psi.impl.compiled.ClsPrefixExpressionImpl
7660:             4            128  com.intellij.psi.impl.smartPointers.SmartPointerManagerImpl
7661:             4            128  com.intellij.psi.impl.source.PostprocessReformattingAspect
7662:             8            128  com.intellij.psi.impl.source.resolve.reference.PsiReferenceRegistrarImpl$$Lambda$2186/244111587
7663:             8            128  com.intellij.psi.impl.source.resolve.reference.impl.providers.DtdReferencesProvider
7664:             8            128  com.intellij.psi.impl.source.resolve.reference.impl.providers.DtdReferencesProvider$2
7665:             8            128  com.intellij.psi.impl.source.resolve.reference.impl.providers.FilePathReferenceProvider
7666:             8            128  com.intellij.psi.impl.source.resolve.reference.impl.providers.IdReferenceProvider
7667:             8            128  com.intellij.psi.impl.source.resolve.reference.impl.providers.IdReferenceProvider$1
7668:             8            128  com.intellij.psi.impl.source.resolve.reference.impl.providers.JavaReferenceContributor$1
7669:             8            128  com.intellij.psi.impl.source.resolve.reference.impl.providers.SchemaReferencesProvider
7670:             8            128  com.intellij.psi.impl.source.resolve.reference.impl.providers.URIReferenceProvider
7671:             4            128  com.intellij.psi.impl.source.tree.JavaDocElementType$JavaDocCompositeElementType
7672:             4            128  com.intellij.psi.search.scope.packageSet.NamedScopeManager
7673:             4            128  com.intellij.refactoring.ui.TypeSelector
7674:             4            128  com.intellij.refactoring.ui.TypeSelector$MyComboBoxModel
7675:             8            128  com.intellij.seam.converters.jam.SeamContextVariableReferenceProvider
7676:             8            128  com.intellij.seam.model.references.SeamEventTypeReferenceProvider
7677:             8            128  com.intellij.seam.model.references.SeamObserverEventTypeReferenceProvider
7678:             8            128  com.intellij.seam.model.references.SeamRaiseEventRefernceProvider
7679:             8            128  com.intellij.seam.model.references.SeamValidatorReferenceProvider
7680:             2            128  com.intellij.spring.boot.model.autoconfigure.conditions.jam.ConditionalOnEnabledResourceChain$$EnhancerByJetBrainsMainCglib$$8cb9db8a
7681:             2            128  com.intellij.spring.boot.model.autoconfigure.conditions.jam.ConditionalOnInitializedRestarter$$EnhancerByJetBrainsMainCglib$$4818f480
7682:             2            128  com.intellij.spring.boot.model.autoconfigure.conditions.jam.ConditionalOnResource$$EnhancerByJetBrainsMainCglib$$385fd206
7683:             2            128  com.intellij.spring.boot.model.autoconfigure.jam.AutoConfigureAfter$$EnhancerByJetBrainsMainCglib$$1440c5e
7684:             2            128  com.intellij.spring.boot.run.lifecycle.ReadyStateLiveProperty
7685:             2            128  com.intellij.spring.boot.run.lifecycle.SpringBootApplicationInfoImpl$3
7686:             2            128  com.intellij.spring.boot.run.lifecycle.SpringBootApplicationInfoImpl$4
7687:             4            128  com.intellij.spring.facet.beans.CustomSetting$STRING
7688:             4            128  com.intellij.spring.model.highlighting.config.SpringFacetInspection
7689:             4            128  com.intellij.spring.persistence.integration.utils.SpringDataSourceDetector$$Lambda$2486/1496483100
7690:             8            128  com.intellij.spring.references.SpringPlaceholderReferenceProvider
7691:             8            128  com.intellij.spring.references.SpringReferenceContributor$1
7692:             8            128  com.intellij.spring.references.SpringReferenceContributor$2
7693:             8            128  com.intellij.spring.references.SpringReferenceContributor$3
7694:             8            128  com.intellij.spring.references.SpringReferenceContributor$4
7695:             8            128  com.intellij.spring.references.SpringReferenceContributor$5
7696:             8            128  com.intellij.spring.security.references.SpringSecurityRolePsiReferenceProvider$PsiLiteralExpressionProvider
7697:             4            128  com.intellij.spring.websocket.model.messaging.SpringMessagingType
7698:             4            128  com.intellij.sql.editor.SqlEditorOptions
7699:             8            128  com.intellij.struts.inplace.reference.ReferenceProviderUtils$1
7700:             8            128  com.intellij.struts.inplace.reference.StrutsReferenceContributor$3
7701:             8            128  com.intellij.struts.inplace.reference.StrutsReferenceContributor$5
7702:             8            128  com.intellij.struts.inplace.reference.config.WebAppPathListProvider
7703:             8            128  com.intellij.tasks.jira.jql.codeinsight.JqlCompletionContributor$JqlKeywordCompletionProvider
7704:             4            128  com.intellij.tasks.timeTracking.TimeTrackingManager$Config
7705:             4            128  com.intellij.ui.AutoScrollToSourceHandler$AutoscrollToSourceAction
7706:             8            128  com.intellij.ui.BalloonImpl$$Lambda$875/1722144924
7707:             8            128  com.intellij.ui.BalloonImpl$1
7708:             8            128  com.intellij.ui.BalloonImpl$2
7709:             2            128  com.intellij.ui.BalloonImpl$9
7710:             4            128  com.intellij.ui.LoadingNode
7711:             8            128  com.intellij.ui.SearchTextField$2
7712:             8            128  com.intellij.ui.SearchTextField$6
7713:             1            128  com.intellij.ui.TableToolbarDecorator
7714:             4            128  com.intellij.ui.components.ScrollPainter
7715:             4            128  com.intellij.ui.plaf.beg.BegTableUI$StartEditingAction
7716:             4            128  com.intellij.uiDesigner.actions.SurroundAction
7717:             4            128  com.intellij.util.IconUtil$4
7718:             4            128  com.intellij.util.containers.ConcurrentWeakKeyWeakValueHashMap$WeakValue
7719:             4            128  com.intellij.util.gist.VirtualFileGistImpl
7720:             2            128  com.intellij.util.indexing.FileBasedIndexImpl$$Lambda$3139/1869763122
7721:             8            128  com.intellij.util.indexing.IndexId
7722:             8            128  com.intellij.util.text.SyncDateFormat
7723:             4            128  com.intellij.util.xml.impl.DomRootInvocationHandler$1
7724:             2            128  com.intellij.util.xml.impl.StaticGenericInfo
7725:             8            128  com.intellij.vcs.log.VcsLogFilterCollection$FilterKey
7726:             4            128  com.intellij.vcs.log.graph.utils.impl.SmartDeltaCompressor
7727:             8            128  com.intellij.ws.references.Axis2ServicesXmlReferenceProvider
7728:             8            128  com.intellij.ws.references.JAXBSchemaReferenceProvider
7729:             8            128  com.intellij.ws.references.JaxRPCMappingReferenceProvider
7730:             8            128  com.intellij.ws.references.JaxbPrefixesReferenceProvider
7731:             8            128  com.intellij.ws.references.WADLXmlReferenceProvider
7732:             8            128  com.intellij.ws.references.WSDDReferenceProvider
7733:             8            128  com.intellij.ws.references.WSDLReferenceProvider
7734:             4            128  com.intellij.xdebugger.impl.WatchesManagerState
7735:             4            128  com.intellij.xdebugger.impl.XDebuggerState
7736:             2            128  com.intellij.xdebugger.impl.breakpoints.XLineBreakpointImpl
7737:             8            128  com.intellij.xml.util.XmlEnumeratedValueReferenceProvider
7738:             8            128  com.intellij.xml.util.XmlEnumeratedValueReferenceProvider$1
7739:             8            128  com.intellij.xml.util.XmlPrefixReferenceProvider
7740:             8            128  com.intellij.xml.util.XmlReferenceContributor$1
7741:             4            128  com.siyeh.ig.abstraction.StaticMethodOnlyUsedInOneClassInspection$StaticMethodOnlyUsedInOneClassLocalInspection
7742:             4            128  com.siyeh.ig.bugs.ObjectEqualityInspection$ObjectEqualityVisitor
7743:             4            128  com.siyeh.ig.classlayout.ClassMayBeInterfaceInspection$ClassMayBeInterfaceVisitor
7744:             4            128  com.siyeh.ig.controlflow.ConditionalCanBePushedInsideExpressionInspection$ConditionalCanBePushedInsideExpressionVisitor
7745:             4            128  com.siyeh.ig.controlflow.ConditionalExpressionInspection$ConditionalExpressionVisitor
7746:             4            128  com.siyeh.ig.controlflow.ConfusingElseInspection$ConfusingElseVisitor
7747:             4            128  com.siyeh.ig.controlflow.ForLoopReplaceableByWhileInspection$ForLoopReplaceableByWhileVisitor
7748:             4            128  com.siyeh.ig.dataflow.TooBroadScopeInspectionBase$TooBroadScopeVisitor
7749:             4            128  com.siyeh.ig.javadoc.MissingPackageInfoInspection$LocalMissingPackageInfoInspection
7750:             4            128  com.siyeh.ig.migration.EqualsReplaceableByObjectsCallInspection$EqualsReplaceableByObjectsCallVisitor
7751:             4            128  com.siyeh.ig.migration.MethodCanBeVariableArityMethodInspection$MethodCanBeVariableArityMethodVisitor
7752:             4            128  com.siyeh.ig.naming.PackageNamingConventionInspection$LocalPackageNamingConventionInspection
7753:             4            128  com.siyeh.ig.style.CStyleArrayDeclarationInspection$CStyleArrayDeclarationVisitor
7754:             4            128  com.siyeh.ig.style.UnnecessaryBlockStatementInspection$UnnecessaryBlockStatementVisitor
7755:             4            128  com.siyeh.ig.style.UnnecessaryFullyQualifiedNameInspection$UnnecessaryFullyQualifiedNameVisitor
7756:             4            128  com.siyeh.ig.style.UnnecessaryParenthesesInspection$UnnecessaryParenthesesVisitor
7757:             4            128  com.sun.java.swing.plaf.windows.WindowsLookAndFeel$TriggerDesktopProperty
7758:             4            128  com.sun.jmx.mbeanserver.DefaultMXBeanMappingFactory$ArrayMapping
7759:             8            128  com.sun.proxy.$Proxy101
7760:             8            128  com.sun.proxy.$Proxy103
7761:             4            128  com.sun.xml.internal.bind.v2.runtime.CompositeStructureBeanInfo
7762:             4            128  com.sun.xml.internal.bind.v2.runtime.NameList
7763:             8            128  com.theoryinpractice.testng.configuration.TestNGConfiguration$1
7764:             8            128  com.theoryinpractice.testng.configuration.TestNGConfiguration$2
7765:             4            128  freemarker.ext.beans.BooleanModel
7766:             2            128  io.netty.channel.ChannelOutboundBuffer$Entry
7767:             2            128  java.awt.color.ICC_ColorSpace
7768:             4            128  java.awt.im.InputMethodHighlight
7769:             2            128  java.io.ExpiringCache$1
7770:             8            128  java.lang.ProcessEnvironment$CheckedEntrySet
7771:             4            128  java.util.StringJoiner
7772:             4            128  java.util.concurrent.CountDownLatch$Sync
7773:             4            128  java.util.concurrent.SynchronousQueue
7774:             4            128  java.util.regex.Pattern$Behind
7775:             8            128  java.util.regex.Pattern$Caret
7776:             8            128  java.util.regex.Pattern$CharPropertyNames$3
7777:             4            128  java.util.regex.Pattern$NotBehind
7778:             4            128  javax.swing.DefaultCellEditor$2
7779:             4            128  javax.swing.JTable$BooleanEditor
7780:             8            128  javax.swing.plaf.IconUIResource
7781:             4            128  javax.swing.text.DefaultEditorKit$VerticalPageAction
7782:             2            128  javax.swing.text.html.HTMLEditorKit
7783:             8            128  org.angularjs.codeInsight.refs.AngularJSControllerReferencesProvider
7784:             8            128  org.angularjs.codeInsight.refs.AngularJSDIReferencesProvider
7785:             8            128  org.angularjs.codeInsight.refs.AngularJSModuleReferencesProvider
7786:             8            128  org.angularjs.codeInsight.refs.AngularJSNgAppReferencesProvider
7787:             8            128  org.angularjs.codeInsight.refs.AngularJSReferencesContributor$4
7788:             8            128  org.angularjs.codeInsight.refs.AngularJSTemplateReferencesProvider
7789:             8            128  org.angularjs.codeInsight.refs.AngularJSUiRouterStatesReferencesProvider
7790:             8            128  org.angularjs.codeInsight.refs.AngularJSUiRouterViewReferencesProvider
7791:             4            128  org.apache.xerces.impl.XMLEntityManager$ByteBufferPool
7792:             8            128  org.coffeescript.lang.psi.CoffeeScriptReferenceContributor$1
7793:             8            128  org.coffeescript.lang.psi.CoffeeScriptReferenceContributor$2
7794:             8            128  org.intellij.plugins.intelliLang.references.InjectedReferencesContributor$1
7795:             8            128  org.intellij.plugins.markdown.lang.references.MarkdownReferenceProvider$LinkDestinationReferenceProvider
7796:             8            128  org.jetbrains.idea.devkit.references.ExperimentalFeatureIdContributor$1
7797:             8            128  org.jetbrains.idea.devkit.references.IconsReferencesContributor$1
7798:             8            128  org.jetbrains.idea.devkit.references.IconsReferencesContributor$2
7799:             8            128  org.jetbrains.idea.devkit.references.PluginDescriptorXIncludeReferenceContributor$1
7800:             8            128  org.jetbrains.idea.devkit.references.PluginDescriptorXIncludeReferenceContributor$XIncludeReferenceProvider
7801:             8            128  org.jetbrains.idea.maven.dom.references.MavenFilteredPropertyPsiReferenceProvider
7802:             8            128  org.jetbrains.idea.maven.dom.references.MavenPropertyPsiReferenceProvider
7803:             4            128  org.jetbrains.idea.maven.execution.MavenExecutionOptions$FailureMode
7804:             1            128  org.jetbrains.idea.maven.navigator.MavenProjectsStructure$ProjectNode
7805:             4            128  org.jetbrains.idea.maven.project.MavenEmbeddersManager
7806:             4            128  org.jetbrains.idea.maven.project.MavenWorkspaceSettings
7807:             4            128  org.jetbrains.jps.ant.model.impl.artifacts.AntArtifactExtensionProperties
7808:             4            128  org.jetbrains.kotlin.config.LanguageVersion
7809:             2            128  org.jetbrains.kotlin.descriptors.impl.PropertyGetterDescriptorImpl
7810:             8            128  org.jetbrains.kotlin.diagnostics.PositioningStrategies$modifierSetPosition$1
7811:             4            128  org.jetbrains.kotlin.idea.caches.resolve.KotlinCacheServiceImpl$kotlinSuppressCache$1$1
7812:             4            128  org.jetbrains.kotlin.idea.inspections.UseExpressionBodyInspection$buildVisitor$1
7813:             4            128  org.jetbrains.kotlin.idea.intentions.ConvertSecondaryConstructorToPrimaryIntention
7814:             4            128  org.jetbrains.kotlin.idea.intentions.ConvertToStringTemplateIntention
7815:             4            128  org.jetbrains.kotlin.idea.intentions.ConvertTryFinallyToUseCallIntention
7816:             4            128  org.jetbrains.kotlin.idea.intentions.ConvertTwoComparisonsToRangeCheckIntention
7817:             4            128  org.jetbrains.kotlin.idea.intentions.DeprecatedCallableAddReplaceWithIntention
7818:             4            128  org.jetbrains.kotlin.idea.intentions.FoldInitializerAndIfToElvisIntention
7819:             4            128  org.jetbrains.kotlin.idea.intentions.JoinDeclarationAndAssignmentIntention
7820:             4            128  org.jetbrains.kotlin.idea.intentions.ObjectLiteralToLambdaIntention
7821:             4            128  org.jetbrains.kotlin.idea.intentions.RemoveCurlyBracesFromTemplateIntention
7822:             4            128  org.jetbrains.kotlin.idea.intentions.RemoveEmptyClassBodyIntention
7823:             4            128  org.jetbrains.kotlin.idea.intentions.RemoveEmptyParenthesesFromLambdaCallIntention
7824:             4            128  org.jetbrains.kotlin.idea.intentions.RemoveEmptyPrimaryConstructorIntention
7825:             4            128  org.jetbrains.kotlin.idea.intentions.RemoveEmptySecondaryConstructorBodyIntention
7826:             4            128  org.jetbrains.kotlin.idea.intentions.RemoveExplicitSuperQualifierIntention
7827:             4            128  org.jetbrains.kotlin.idea.intentions.RemoveExplicitTypeArgumentsIntention
7828:             4            128  org.jetbrains.kotlin.idea.intentions.RemoveSingleExpressionStringTemplateIntention
7829:             4            128  org.jetbrains.kotlin.idea.intentions.ReplaceSingleLineLetIntention
7830:             4            128  org.jetbrains.kotlin.idea.intentions.ReplaceSizeCheckWithIsNotEmptyIntention
7831:             4            128  org.jetbrains.kotlin.idea.intentions.ReplaceSizeZeroCheckWithIsEmptyIntention
7832:             4            128  org.jetbrains.kotlin.idea.intentions.SimplifyBooleanWithConstantsIntention
7833:             4            128  org.jetbrains.kotlin.idea.intentions.UsePropertyAccessSyntaxIntention
7834:             4            128  org.jetbrains.kotlin.idea.intentions.loopToCallChain.UseWithIndexIntention
7835:             4            128  org.jetbrains.kotlin.idea.stubindex.SubpackagesIndexService$SubpackagesIndex
7836:             8            128  org.jetbrains.kotlin.idea.vfilefinder.KotlinFileIndexBase$KEY_DESCRIPTOR$1
7837:             2            128  org.jetbrains.kotlin.serialization.deserialization.descriptors.DeserializedPackageMemberScope
7838:             2            128  org.jetbrains.kotlin.serialization.deserialization.descriptors.DeserializedTypeParameterDescriptor
7839:             8            128  org.jetbrains.plugins.grails.i18n.GrailsI18nPropertyReferenceProvider
7840:             8            128  org.jetbrains.plugins.grails.lang.gsp.psi.gsp.impl.gtag.reference.contributor.GspCssClassReferenceContributor$1
7841:             8            128  org.jetbrains.plugins.grails.pluginSupport.assetPipeline.AssetReferenceProvider
7842:             4            128  org.jetbrains.plugins.groovy.codeInspection.changeToMethod.ChangeToMethodInspection$1
7843:             4            128  org.jetbrains.plugins.groovy.execution.filters.GrCompilationErrorsFilterProvider$getDefaultFilters$1
7844:             8            128  org.jetbrains.plugins.groovy.ext.spock.SpockUnrollReferenceProvider
7845:             8            128  org.jetbrains.plugins.groovy.gpp.GppReferenceContributor$1
7846:             8            128  org.jetbrains.plugins.groovy.lang.resolve.providers.PropertiesReferenceProvider
7847:             8            128  org.jetbrains.plugins.groovy.transformations.impl.synch.SynchronizedReferenceProvider
7848:             8            128  org.jetbrains.plugins.javaFX.css.refs.JavaFxCSSReferenceContributor$JavaFxDefaultStyleClassReferenceProvider
7849:             8            128  org.jetbrains.plugins.javaFX.css.refs.JavaFxCSSReferenceContributor$JavaFxIdCssReferenceProvider
7850:             8            128  org.jetbrains.plugins.javaFX.fxml.refs.ImportReferenceProvider
7851:             8            128  org.jetbrains.plugins.javaFX.fxml.refs.JavaFxColorReferenceProvider
7852:             8            128  org.jetbrains.plugins.javaFX.fxml.refs.JavaFxEventHandlerReferenceProvider
7853:             8            128  org.jetbrains.plugins.javaFX.fxml.refs.JavaFxFactoryReferenceProvider
7854:             8            128  org.jetbrains.plugins.javaFX.fxml.refs.JavaFxFieldIdReferenceProvider
7855:             8            128  org.jetbrains.plugins.javaFX.fxml.refs.JavaFxFileReferenceProvider
7856:             8            128  org.jetbrains.plugins.javaFX.fxml.refs.JavaFxStaticPropertyReferenceProvider
7857:             8            128  org.jetbrains.plugins.javaFX.resources.JavaFxResourcePropertyReferenceProvider
7858:             8            128  org.jetbrains.plugins.less.references.LESSReferenceContributor$LESSReferenceProvider
7859:             8            128  org.jetbrains.plugins.less.references.LESSReferenceContributor$LessReferencePattern
7860:             8            128  org.jetbrains.plugins.scss.references.SassScssReferenceContributor$SassScssReferenceProvider
7861:             4            128  org.osmorc.settings.ProjectSettings
7862:             4            128  org.zeroturnaround.bundled.org.bouncycastle.jcajce.provider.config.ProviderConfigurationPermission
7863:             4            128  org.zeroturnaround.common.options.BooleanOption
7864:             4            128  org.zeroturnaround.javarebel.LicensingMessage
7865:             4            128  org.zeroturnaround.jrebel.client.logger.Log$Product
7866:             4            128  org.zeroturnaround.jrebel.ide.debugger.AbstractDebuggerConfiguration$Ide
7867:             2            128  sun.awt.im.InputMethodContext
7868:             4            128  sun.awt.image.BufferedImageDevice
7869:             4            128  sun.nio.ch.PendingIoCache
7870:             2            128  sun.nio.cs.SingleByte$Encoder
7871:             2            128  sun.nio.cs.ext.DoubleByte$Encoder_DBCSONLY
7872:             4            128  sun.security.ssl.CipherSuite$PRF
7873:             4            128  sun.security.x509.ExtendedKeyUsageExtension
7874:             4            128  sun.swing.FilePane$ViewTypeAction
7875:             6            120  [Lch.qos.logback.core.Appender;
7876:             1            120  [Lcom.github.rjeschke.txtmark.MarkToken;
7877:             3            120  [Lcom.intellij.application.options.editor.AutoImportOptionsProviderEP;
7878:             1            120  [Lcom.intellij.codeInsight.completion.PreferByKindWeigher$MyResult;
7879:             1            120  [Lcom.intellij.facet.FacetType;
7880:             3            120  [Lcom.intellij.ide.errorTreeView.ErrorTreeElementKind;
7881:             3            120  [Lcom.intellij.openapi.vcs.impl.VcsEP;
7882:             1            120  [Lcom.intellij.psi.ElementDescriptionProvider;
7883:             1            120  [Lcom.intellij.psi.WeigherExtensionPoint;
7884:             1            120  [Lcom.intellij.psi.css.descriptor.value.CssValueType;
7885:             3            120  [Lcom.intellij.psi.xml.XmlFileNSInfoProvider;
7886:             5            120  [Lcom.intellij.thymeleaf.dialects.beans.ThymeleafExpressionObjectBean;
7887:             1            120  [Ljava.awt.SystemColor;
7888:             6            120  [Ljava.awt.event.MouseListener;
7889:             1            120  [Lsun.security.ssl.SupportedEllipticCurvesExtension$NamedEllipticCurve;
7890:             3            120  ch.qos.logback.core.BasicStatusManager
7891:             5            120  ch.qos.logback.core.pattern.parser.TokenStream$TokenizerState
7892:             5            120  com.alibaba.p3c.idea.inspection.AliControlFlowStatementWithoutBracesInspection
7893:             5            120  com.alibaba.p3c.idea.inspection.AliEqualsAvoidNullInspection
7894:             5            120  com.alibaba.p3c.idea.inspection.AliLongLiteralsEndingWithLowercaseLInspection
7895:             5            120  com.alibaba.p3c.idea.inspection.standalone.AliAccessStaticViaInstanceInspection
7896:             5            120  com.alibaba.p3c.pmd.lang.java.rule.comment.RemoveCommentedCodeRule$CommentPatternEnum
7897:             3            120  com.android.tools.adtui.workbench.DetachedToolWindowManager
7898:             3            120  com.android.tools.idea.databinding.DataBindingShortNamesCache
7899:             3            120  com.android.tools.idea.gradle.project.GradleProjectInfo
7900:             5            120  com.android.tools.idea.lang.proguard.psi.ProguardElementType
7901:             5            120  com.android.tools.idea.run.TargetSelectionMode
7902:             5            120  com.android.tools.lint.detector.api.Severity
7903:             5            120  com.google.gson.internal.bind.TypeAdapters$33
7904:             5            120  com.intellij.codeInsight.completion.JavaCompletionSorting$ExpectedTypeMatching
7905:             5            120  com.intellij.codeInsight.daemon.PowerSaveHectorProvider$1
7906:             5            120  com.intellij.codeInsight.daemon.impl.EditorTracker$MyEditorFactoryListener$1
7907:             5            120  com.intellij.codeInsight.daemon.impl.EditorTracker$MyEditorFactoryListener$2
7908:             5            120  com.intellij.codeInsight.daemon.impl.HectorComponent$$Lambda$5381/1468229020
7909:             5            120  com.intellij.codeInsight.daemon.impl.HectorComponent$$Lambda$5386/1888710551
7910:             5            120  com.intellij.codeInsight.editorActions.enter.EnterHandlerDelegate$Result
7911:             5            120  com.intellij.codeInsight.hint.HintManagerImpl$10
7912:             5            120  com.intellij.codeInsight.hint.TooltipGroup
7913:             5            120  com.intellij.codeInsight.intention.impl.config.QuickFixFactoryImpl$1
7914:             3            120  com.intellij.codeInsight.problems.WolfTheProblemSolverImpl
7915:             5            120  com.intellij.codeInsight.template.emmet.configuration.CssPrefix
7916:             5            120  com.intellij.codeInspection.dataFlow.ContractValue$Condition
7917:             5            120  com.intellij.codeInspection.dataFlow.MethodContract$2
7918:             5            120  com.intellij.codeInspection.dataFlow.RunnerResult
7919:             5            120  com.intellij.codeInspection.dataFlow.instructions.MethodCallInstruction$MethodType
7920:             5            120  com.intellij.codeInspection.java18StreamApi.PseudoLambdaReplaceTemplate
7921:             3            120  com.intellij.codeInspection.suspiciousNameCombination.SuspiciousNameCombinationInspection
7922:             5            120  com.intellij.compiler.impl.MessagesContainer
7923:             3            120  com.intellij.compiler.impl.ModuleCompileScope
7924:             5            120  com.intellij.compiler.impl.ProjectCompileScope
7925:             5            120  com.intellij.compiler.progress.CompilerTask$2$$Lambda$2972/325083915
7926:             5            120  com.intellij.compiler.server.BuildManager$NotifyingMessageHandler
7927:             5            120  com.intellij.debugger.streams.trace.impl.handler.type.GenericTypeImpl
7928:             3            120  com.intellij.designer.propertyTable.QuickFixManager
7929:             3            120  com.intellij.dmserver.editor.AvailableBundlesProvider$RepositoryIndex
7930:             5            120  com.intellij.dvcs.DvcsUtil$$Lambda$1719/1873153838
7931:             5            120  com.intellij.execution.configurations.ParametersList
7932:             3            120  com.intellij.execution.configurations.RunConfigurationOptions
7933:             3            120  com.intellij.execution.impl.ConsoleViewImpl$7
7934:             3            120  com.intellij.execution.impl.ProcessExecutionListener
7935:             5            120  com.intellij.execution.ui.ConsoleViewContentType
7936:             3            120  com.intellij.execution.ui.RunContentManagerImpl$5
7937:             3            120  com.intellij.execution.ui.actions.CloseAction
7938:             5            120  com.intellij.find.impl.livePreview.SelectionManager
7939:             3            120  com.intellij.framework.detection.impl.FrameworkDetectionManager
7940:             3            120  com.intellij.history.core.changes.ChangeSet
7941:             3            120  com.intellij.ide.GeneratedSourceFileChangeTrackerImpl
7942:             3            120  com.intellij.ide.bookmarks.BookmarkManager
7943:             3            120  com.intellij.ide.browsers.BrowserFamily
7944:             3            120  com.intellij.ide.dnd.DnDAction
7945:             3            120  com.intellij.ide.favoritesTreeView.FavoritesManager
7946:             3            120  com.intellij.ide.impl.FlattenModulesToggleAction
7947:             3            120  com.intellij.ide.navigationToolbar.NavBarRootPaneExtension
7948:             3            120  com.intellij.ide.projectView.impl.ProjectViewImpl$5
7949:             3            120  com.intellij.ide.projectView.impl.ProjectViewImpl$7
7950:             3            120  com.intellij.ide.projectView.impl.ProjectViewImpl$HideEmptyMiddlePackagesAction
7951:             3            120  com.intellij.ide.ui.DaemonCodeAnalyzerOptionDescription
7952:             5            120  com.intellij.ide.ui.UINumericRange
7953:             5            120  com.intellij.ide.util.treeView.AbstractTreeUi$2
7954:             5            120  com.intellij.ide.util.treeView.AbstractTreeUi$4
7955:             3            120  com.intellij.javaee.oss.descriptor.JavaeeWebDescriptor
7956:             5            120  com.intellij.javascript.debugger.settings.CustomObjectPresentationState
7957:             3            120  com.intellij.javascript.debugger.settings.JavaScriptDebuggerSettings
7958:             3            120  com.intellij.javascript.nodejs.util.JSLinterPackage
7959:             5            120  com.intellij.jpa.ql.JpqlLanguage$4
7960:             5            120  com.intellij.lang.ecmascript6.psi.impl.ES6ImportPsiUtil$ImportExportType
7961:             5            120  com.intellij.lang.javascript.JSPsiGeneratorElementType
7962:             3            120  com.intellij.lang.javascript.buildTools.grunt.GruntfileManager
7963:             3            120  com.intellij.lang.javascript.buildTools.gulp.GulpfileManager
7964:             3            120  com.intellij.lang.javascript.buildTools.npm.PackageJsonFileManager
7965:             5            120  com.intellij.lang.javascript.index.JSPackageIndexInfo$Kind
7966:             3            120  com.intellij.lang.javascript.inspections.JSMismatchedCollectionQueryUpdateInspection
7967:             3            120  com.intellij.lang.javascript.inspections.JSSuspiciousNameCombinationInspection
7968:             5            120  com.intellij.lang.javascript.library.ui.JSUsedLibrariesHectorProvider$MyPanel
7969:             5            120  com.intellij.lang.javascript.psi.jsdoc.impl.JSDocTagReferencesHolderImpl$2
7970:             3            120  com.intellij.lang.javascript.psi.stubs.impl.JSEmbeddedContentStubImpl
7971:             5            120  com.intellij.lang.javascript.statistics.JSResolveStatisticsCollector$ResolveSource
7972:             5            120  com.intellij.lang.javascript.uml.FlashUmlDependenciesSettingsOption
7973:             5            120  com.intellij.lang.ognl.completion.OgnlKeywordCompletionContributor$1
7974:             5            120  com.intellij.lang.typescript.settings.exclude.TypeScriptGeneratedFilesManager$State
7975:             3            120  com.intellij.lang.typescript.tsconfig.TypeScriptConfigServiceImpl
7976:             5            120  com.intellij.navigation.GotoRelatedItem
7977:             5            120  com.intellij.notification.impl.NotificationSettings
7978:             5            120  com.intellij.openapi.components.RoamingType
7979:             5            120  com.intellij.openapi.components.impl.ServiceManagerImpl
7980:             5            120  com.intellij.openapi.editor.EditorKind
7981:             5            120  com.intellij.openapi.editor.ScrollType
7982:             3            120  com.intellij.openapi.editor.colors.impl.AppEditorFontOptions$PersistentFontPreferences
7983:             5            120  com.intellij.openapi.editor.impl.ContextMenuImpl$1
7984:             5            120  com.intellij.openapi.editor.impl.ContextMenuImpl$2
7985:             3            120  com.intellij.openapi.externalSystem.configurationStore.ExternalSystemStreamProviderFactory
7986:             3            120  com.intellij.openapi.fileEditor.impl.EditorWindow
7987:             5            120  com.intellij.openapi.fileEditor.impl.LoadTextUtil$DetectResult
7988:             5            120  com.intellij.openapi.fileEditor.impl.text.TextEditorComponent$$Lambda$1053/391624633
7989:             5            120  com.intellij.openapi.fileEditor.impl.text.TextEditorComponent$MyDocumentListener
7990:             5            120  com.intellij.openapi.keymap.impl.KeyState
7991:             3            120  com.intellij.openapi.module.impl.scopes.ModuleWithDependentsScope
7992:             3            120  com.intellij.openapi.roots.impl.CompilerModuleExtensionImpl
7993:             5            120  com.intellij.openapi.roots.impl.OrderRootsCache
7994:             3            120  com.intellij.openapi.vcs.changes.IgnoredFilesComponent
7995:             3            120  com.intellij.openapi.vcs.changes.RemoteRevisionsStateCache
7996:             3            120  com.intellij.openapi.vcs.changes.shelf.ShelveChangesManager
7997:             5            120  com.intellij.openapi.vcs.ex.PartialLocalLineStatusTracker$MyLineStatusMarkerRenderer
7998:             5            120  com.intellij.openapi.vcs.ex.PartialLocalLineStatusTracker$PartialDocumentTrackerHandler
7999:             5            120  com.intellij.openapi.vcs.impl.LineStatusTrackerManager$TrackerData
8000:             5            120  com.intellij.openapi.vcs.impl.VcsBackgroundableActions
8001:             3            120  com.intellij.openapi.vfs.newvfs.persistent.FSRecords$AttributeOutputStream
8002:             5            120  com.intellij.openapi.wm.impl.IdeMenuBar$State
8003:             5            120  com.intellij.openapi.wm.impl.status.IdeStatusBarImpl$$Lambda$946/497069621
8004:             3            120  com.intellij.openapi.wm.impl.status.TogglePopupHintsPanel
8005:             3            120  com.intellij.packaging.impl.artifacts.ArtifactManagerImpl
8006:             5            120  com.intellij.patterns.uast.UCallExpressionPattern$withMethodName$1
8007:             5            120  com.intellij.patterns.uast.UCallExpressionPattern$withReceiver$1
8008:             5            120  com.intellij.psi.PsiReferenceList$Role
8009:             3            120  com.intellij.psi.codeStyle.ProjectCodeStyleSettingsManager
8010:             5            120  com.intellij.psi.codeStyle.VariableKind
8011:             5            120  com.intellij.psi.codeStyle.autodetect.LineIndentInfo
8012:             3            120  com.intellij.psi.controlFlow.ControlFlowImpl
8013:             5            120  com.intellij.psi.css.impl.descriptor.value.CssFrequencyValue
8014:             5            120  com.intellij.psi.css.impl.descriptor.value.CssResolutionValue
8015:             5            120  com.intellij.psi.css.impl.util.CssStylesheetLazyElementType
8016:             3            120  com.intellij.psi.css.inspections.CssUnknownPropertyInspection
8017:             3            120  com.intellij.psi.impl.compiled.ClsEnumConstantImpl
8018:             3            120  com.intellij.psi.impl.file.impl.PsiVFSListener
8019:             3            120  com.intellij.psi.impl.include.FileIncludeManagerImpl
8020:             3            120  com.intellij.psi.impl.include.FileIncludeManagerImpl$1
8021:             3            120  com.intellij.psi.impl.include.FileIncludeManagerImpl$2
8022:             3            120  com.intellij.psi.impl.java.stubs.impl.PsiClassInitializerStubImpl
8023:             5            120  com.intellij.psi.impl.source.resolve.reference.impl.providers.TypeOrElementOrAttributeReference$ReferenceType
8024:             5            120  com.intellij.psi.search.NonClasspathDirectoriesScope
8025:             3            120  com.intellij.psi.search.ProjectScopeBuilderImpl$1
8026:             5            120  com.intellij.psi.tree.IStubFileElementType
8027:             5            120  com.intellij.refactoring.typeMigration.rules.guava.BaseGuavaTypeConversionRule$1
8028:             3            120  com.intellij.refactoring.typeMigration.rules.guava.GuavaLambda
8029:             5            120  com.intellij.remoteServer.impl.configuration.deployment.DeployToServerConfigurationType$MultiSourcesConfigurationFactory
8030:             3            120  com.intellij.spellchecker.settings.SpellCheckerSettings
8031:             5            120  com.intellij.spring.boot.model.SpringBootModelProvider$$Lambda$2115/403754775
8032:             5            120  com.intellij.spring.boot.run.lifecycle.gutter.LiveBeansNavigationHandler$BeanNavigationItem
8033:             5            120  com.intellij.spring.contexts.model.AbstractSimpleLocalModel$$Lambda$2566/1723190176
8034:             5            120  com.intellij.spring.contexts.model.AbstractSimpleLocalModel$$Lambda$2567/1324560837
8035:             5            120  com.intellij.spring.contexts.model.SpringComponentScanModel$1
8036:             5            120  com.intellij.spring.factories.SpringFactoryBeanEP
8037:             5            120  com.intellij.spring.impl.SpringManagerImpl$$Lambda$2823/1788941287
8038:             5            120  com.intellij.spring.impl.SpringManagerImpl$$Lambda$3800/970744722
8039:             3            120  com.intellij.spring.model.aliasFor.SpringAliasForUtils$1
8040:             3            120  com.intellij.spring.model.jam.SpringSemContributorUtil$$Lambda$1578/2006638495
8041:             5            120  com.intellij.spring.model.utils.SpringCommonUtils$$Lambda$2125/1688992464
8042:             5            120  com.intellij.spring.web.mvc.model.SpringMVCRequestMappingsCollector
8043:             5            120  com.intellij.spring.web.mvc.model.SpringMVCRequestMappingsCollector$$Lambda$4249/1055401372
8044:             5            120  com.intellij.sql.psi.stubs.SqlTableElementType
8045:             5            120  com.intellij.sql.psi.stubs.SqlTypedDefinitionElementType
8046:             3            120  com.intellij.tasks.timeTracking.TimeTrackingManager
8047:             5            120  com.intellij.thymeleaf.lang.ThymeleafLanguage$5
8048:             5            120  com.intellij.ui.CommonActionsPanel$Buttons
8049:             3            120  com.intellij.ui.speedSearch.ListWithFilter$MySpeedSearch
8050:             5            120  com.intellij.ui.tree.AbstractTreeWalker$State
8051:             3            120  com.intellij.uiDesigner.componentTree.QuickFixManagerImpl
8052:             3            120  com.intellij.uiDesigner.propertyInspector.QuickFixManagerImpl
8053:             3            120  com.intellij.util.containers.hash.HashSet$1
8054:             5            120  com.intellij.util.xml.model.DomModelCache$$Lambda$4248/382155600
8055:             5            120  com.intellij.util.xmlb.CompactCollectionBinding
8056:             3            120  com.intellij.vcs.ProgressManagerQueue
8057:             3            120  com.intellij.vcs.ProgressManagerQueue$1
8058:             5            120  com.intellij.vcs.commit.BodyLimitInspection
8059:             5            120  com.intellij.vcs.commit.SubjectLimitInspection
8060:             5            120  com.intellij.vcs.log.graph.api.EdgeFilter
8061:             5            120  com.intellij.vcs.log.graph.api.elements.GraphEdgeType
8062:             3            120  com.intellij.xdebugger.impl.XDebuggerManagerImpl
8063:             5            120  com.intellij.xdebugger.impl.settings.XDebuggerDataViewSettings
8064:             5            120  com.intellij.xdebugger.impl.settings.XDebuggerGeneralSettings
8065:             5            120  com.intellij.xdebugger.impl.settings.XDebuggerSettingManagerImpl$SpecificSettingsState
8066:             5            120  com.intellij.xml.breadcrumbs.BreadcrumbsInitializingActivity$$Lambda$1104/1142458819
8067:             5            120  com.intellij.xml.breadcrumbs.BreadcrumbsXmlWrapper$3
8068:             5            120  com.intellij.xml.breadcrumbs.BreadcrumbsXmlWrapper$5
8069:             5            120  com.intellij.xml.breadcrumbs.BreadcrumbsXmlWrapper$6
8070:             5            120  com.jetbrains.quirksmode.HtmlFilePattern$1
8071:             3            120  com.siyeh.ig.bugs.MalformedFormatStringInspection
8072:             3            120  com.siyeh.ig.bugs.MismatchedCollectionQueryUpdateInspection
8073:             3            120  com.siyeh.ig.naming.PackageNamingConventionInspection
8074:             5            120  de.plushnikov.intellij.plugin.inspection.LombokInspection
8075:             5            120  de.plushnikov.intellij.plugin.processor.LombokPsiElementUsage
8076:             5            120  de.plushnikov.intellij.plugin.processor.clazz.EqualsAndHashCodeProcessor
8077:             5            120  de.plushnikov.intellij.plugin.processor.clazz.GetterProcessor
8078:             3            120  de.plushnikov.intellij.plugin.processor.clazz.ValueProcessor
8079:             5            120  de.plushnikov.intellij.plugin.processor.clazz.constructor.AllArgsConstructorProcessor
8080:             5            120  de.plushnikov.intellij.plugin.processor.field.SetterFieldProcessor
8081:             5            120  de.plushnikov.intellij.plugin.processor.field.WitherFieldProcessor
8082:             5            120  git4idea.GitStandardRemoteBranch
8083:             3            120  git4idea.checkin.GitCheckinEnvironment
8084:             3            120  git4idea.config.GitVcsConfigurable
8085:             5            120  git4idea.config.GitVersion$Type
8086:             3            120  git4idea.log.GitLogProvider
8087:             5            120  git4idea.log.GitRefManager$SimpleRefType
8088:             5            120  git4idea.repo.GitBranchTrackInfo
8089:             3            120  io.netty.bootstrap.ServerBootstrap$ServerBootstrapAcceptor
8090:             3            120  io.netty.channel.nio.AbstractNioMessageChannel$NioMessageUnsafe
8091:             5            120  io.netty.handler.codec.protobuf.ProtobufEncoder
8092:             5            120  io.netty.handler.codec.protobuf.ProtobufVarint32LengthFieldPrepender
8093:             5            120  java.awt.AWTKeyStroke
8094:             3            120  java.io.BufferedWriter
8095:             3            120  java.io.ObjectOutputStream$BlockDataOutputStream
8096:             5            120  java.io.ObjectStreamClass$ExceptionInfo
8097:             3            120  java.lang.invoke.BoundMethodHandle$Species_LL
8098:             5            120  java.time.format.SignStyle
8099:             5            120  java.util.stream.StreamOpFlag$Type
8100:             5            120  javassist.bytecode.stackmap.TypeData$BasicType
8101:             5            120  javax.imageio.spi.PartiallyOrderedSet
8102:             3            120  javax.swing.JTable$SortManager
8103:             5            120  javax.swing.UIManager$LookAndFeelInfo
8104:             5            120  javax.swing.border.LineBorder
8105:             5            120  javax.swing.plaf.basic.BasicSliderUI$ScrollListener
8106:             3            120  javax.swing.text.GapContent$RemoveUndo
8107:             5            120  kotlin.reflect.jvm.internal.KMutableProperty2Impl$setter_$1
8108:             5            120  kotlin.reflect.jvm.internal.KProperty2Impl$delegateField$1
8109:             5            120  kotlin.reflect.jvm.internal.KProperty2Impl$getter_$1
8110:             3            120  kotlin.reflect.jvm.internal.impl.serialization.deserialization.TypeDeserializer
8111:             3            120  kotlin.reflect.jvm.internal.impl.storage.LockBasedStorageManager$3
8112:             5            120  kotlin.reflect.jvm.internal.impl.types.ErrorUtils$2
8113:             5            120  org.apache.http.auth.AuthProtocolState
8114:             5            120  org.apache.xerces.impl.xpath.regex.Op$UnionOp
8115:             5            120  org.apache.xerces.impl.xpath.regex.RegularExpression$ClosureContext
8116:             3            120  org.apache.xerces.impl.xs.AttributePSVImpl
8117:             5            120  org.apache.xerces.impl.xs.traversers.LargeContainer
8118:             3            120  org.apache.xerces.util.XMLAttributesImpl
8119:             5            120  org.imgscalr.Scalr$Method
8120:             5            120  org.intellij.lang.regexp.psi.RegExpChar$Type
8121:             3            120  org.intellij.lang.xpath.validation.inspections.ImplicitTypeConversion
8122:             3            120  org.intellij.lang.xpath.xslt.associations.impl.FileAssociationsManagerImpl
8123:             3            120  org.intellij.plugins.intelliLang.Configuration$Prj
8124:             3            120  org.intellij.plugins.intelliLang.inject.TemporaryPlacesRegistry
8125:             3            120  org.intellij.plugins.xpathView.Config
8126:             3            120  org.intellij.plugins.xpathView.search.SearchScope
8127:             5            120  org.jetbrains.idea.maven.model.MavenArtifactState
8128:             5            120  org.jetbrains.idea.maven.model.MavenProjectProblem$ProblemType
8129:             3            120  org.jetbrains.idea.maven.model.MavenRemoteRepository
8130:             5            120  org.jetbrains.idea.maven.project.MavenProjectsManagerState
8131:             3            120  org.jetbrains.idea.maven.server.MavenIndexerWrapper$IndexData
8132:             3            120  org.jetbrains.idea.maven.tasks.MavenTasksManager
8133:             3            120  org.jetbrains.idea.perforce.application.PerforceNumberNameSynchronizer
8134:             5            120  org.jetbrains.idea.svn.SvnConfigurationState$ConfigurationDirectory
8135:             3            120  org.jetbrains.jps.api.CmdlineRemoteProto$Message$ControllerMessage$GlobalSettings
8136:             5            120  org.jetbrains.kotlin.config.ApiVersion
8137:             5            120  org.jetbrains.kotlin.config.MavenComparableVersion
8138:             5            120  org.jetbrains.kotlin.config.MavenComparableVersion$ListItem
8139:             3            120  org.jetbrains.kotlin.idea.core.script.KotlinScriptDependenciesClassFinder
8140:             3            120  org.jetbrains.kotlin.idea.core.script.ScriptDependenciesCache
8141:             3            120  org.jetbrains.kotlin.idea.core.script.ScriptDependenciesUpdater
8142:             3            120  org.jetbrains.kotlin.idea.injection.KotlinLanguageInjector
8143:             3            120  org.jetbrains.kotlin.idea.inspections.ClassNameInspection
8144:             3            120  org.jetbrains.kotlin.idea.inspections.EnumEntryNameInspection
8145:             3            120  org.jetbrains.kotlin.idea.inspections.FunctionNameInspection
8146:             3            120  org.jetbrains.kotlin.idea.inspections.HasPlatformTypeInspection
8147:             5            120  org.jetbrains.kotlin.idea.inspections.KotlinJUnitStaticEntryPoint
8148:             3            120  org.jetbrains.kotlin.idea.inspections.PackageNameInspection
8149:             5            120  org.jetbrains.kotlin.idea.inspections.PropertyNameInspectionBase$PropertyKind
8150:             3            120  org.jetbrains.kotlin.idea.inspections.TestFunctionNameInspection
8151:             3            120  org.jetbrains.kotlin.idea.inspections.UnnecessaryVariableInspection
8152:             3            120  org.jetbrains.kotlin.idea.inspections.branchedTransformations.IfThenToSafeAccessInspection
8153:             3            120  org.jetbrains.kotlin.idea.intentions.RemoveSingleExpressionStringTemplateInspection
8154:             3            120  org.jetbrains.kotlin.idea.intentions.UsePropertyAccessSyntaxInspection
8155:             3            120  org.jetbrains.kotlin.idea.project.KotlinCodeBlockModificationListener
8156:             5            120  org.jetbrains.kotlin.js.PredefinedAnnotation
8157:             5            120  org.jetbrains.kotlin.types.AbstractTypeConstructor$Supertypes
8158:             5            120  org.jetbrains.kotlin.types.TypeProjectionImpl
8159:             3            120  org.jetbrains.plugins.gradle.config.GradleClassFinder
8160:             5            120  org.jetbrains.plugins.grails.config.GrailsStructure$1
8161:             5            120  org.jetbrains.uast.UastVisibility
8162:             5            120  org.zeroturnaround.bundled.org.bouncycastle.jcajce.provider.asymmetric.ec.KeyFactorySpi$ECMQV
8163:             5            120  org.zeroturnaround.jrebel.client.spi.Product
8164:             5            120  sun.awt.OSInfo$OSType
8165:             5            120  sun.misc.FloatingDecimal$PreparedASCIIToBinaryBuffer
8166:             5            120  sun.nio.fs.WindowsPathType
8167:             5            120  sun.security.jca.ServiceId
8168:             3            120  sun.security.ssl.SSLContextImpl$TLSContext
8169:             5            120  sun.swing.SwingUtilities2$LSBCacheEntry
8170:             2            112  [Lcom.android.tools.idea.common.model.NlLayoutType;
8171:             1            112  [Lcom.intellij.compiler.server.CompileServerPlugin;
8172:             4            112  [Lcom.intellij.execution.ui.ConsoleViewContentType;
8173:             1            112  [Lcom.intellij.lang.javascript.completion.JSLookupPriority;
8174:             2            112  [Lcom.intellij.lang.javascript.dialects.JSLanguageLevel;
8175:             2            112  [Lcom.intellij.lang.javascript.psi.resolve.JSTaggedResolveResult$ResolveResultTag;
8176:             3            112  [Lcom.intellij.openapi.util.Key;
8177:             2            112  [Lcom.intellij.openapi.wm.impl.IdeBackgroundUtil$Anchor;
8178:             2            112  [Lcom.intellij.packaging.elements.PackagingElementType;
8179:             1            112  [Lcom.intellij.psi.stubs.StubElementTypeHolderEP;
8180:             5            112  [Lcom.intellij.util.ui.ColumnInfo;
8181:             2            112  [Ljava.io.ObjectInputStream$HandleTable$HandleList;
8182:             2            112  [Ljava.lang.invoke.MethodType;
8183:             2            112  [Ljava.nio.file.StandardOpenOption;
8184:             2            112  [Ljava.security.CryptoPrimitive;
8185:             1            112  [Ljava.time.LocalTime;
8186:             7            112  [Ljava.util.prefs.NodeChangeListener;
8187:             7            112  [Ljava.util.prefs.PreferenceChangeListener;
8188:             1            112  [Ljavax.swing.text.html.CSS$Value;
8189:             2            112  ch.qos.logback.classic.encoder.PatternLayoutEncoder
8190:             7            112  com.google.protobuf.GeneratedMessageLite$DefaultInstanceBasedParser
8191:             2            112  com.intellij.application.options.editor.EditorOptionsPanel$2
8192:             7            112  com.intellij.codeInsight.CharTailType
8193:             2            112  com.intellij.codeInsight.daemon.impl.DefaultHighlightInfoProcessor$$Lambda$1909/406521980
8194:             7            112  com.intellij.codeInsight.daemon.impl.ParameterHintsPresentationManager$AnimationStep$$Lambda$4751/548986691
8195:             7            112  com.intellij.codeInsight.intention.impl.IntentionHintComponent$$Lambda$2756/296952470
8196:             2            112  com.intellij.codeInsight.template.postfix.templates.ArgumentPostfixTemplate
8197:             2            112  com.intellij.codeInsight.template.postfix.templates.AssertStatementPostfixTemplate
8198:             2            112  com.intellij.codeInsight.template.postfix.templates.ForAscendingPostfixTemplate
8199:             2            112  com.intellij.codeInsight.template.postfix.templates.ForDescendingPostfixTemplate
8200:             2            112  com.intellij.codeInsight.template.postfix.templates.FormatPostfixTemplate
8201:             2            112  com.intellij.codeInsight.template.postfix.templates.LambdaPostfixTemplate
8202:             2            112  com.intellij.codeInsight.template.postfix.templates.ObjectsRequireNonNullPostfixTemplate
8203:             2            112  com.intellij.codeInsight.template.postfix.templates.OptionalPostfixTemplate
8204:             2            112  com.intellij.codeInsight.template.postfix.templates.ReturnStatementPostfixTemplate
8205:             2            112  com.intellij.codeInsight.template.postfix.templates.SoutPostfixTemplate
8206:             2            112  com.intellij.codeInsight.template.postfix.templates.SynchronizedStatementPostfixTemplate
8207:             2            112  com.intellij.codeInsight.template.postfix.templates.ThrowExceptionPostfixTemplate
8208:             2            112  com.intellij.codeInsight.template.postfix.templates.WhileStatementPostfixTemplate
8209:             7            112  com.intellij.codeInspection.bytecodeAnalysis.Final
8210:             2            112  com.intellij.compiler.server.BuildManager$$Lambda$843/199190376
8211:             2            112  com.intellij.compiler.server.BuildManager$$Lambda$847/1743943264
8212:             2            112  com.intellij.find.impl.FindSettingsImpl
8213:             7            112  com.intellij.ide.projectView.impl.AbstractProjectViewPane$1
8214:             2            112  com.intellij.ide.util.treeView.AbstractTreeUpdater$1
8215:             7            112  com.intellij.jsf.utils.JsfCommonUtils$$Lambda$4023/615284329
8216:             7            112  com.intellij.lang.javascript.service.JSLanguageServiceBase$$Lambda$1848/1271499487
8217:             7            112  com.intellij.openapi.application.ReadAction$$Lambda$676/222005968
8218:             7            112  com.intellij.openapi.components.impl.ComponentManagerImpl$$Lambda$376/1286565955
8219:             7            112  com.intellij.openapi.editor.colors.impl.AbstractColorsScheme$$Lambda$475/807029992
8220:             7            112  com.intellij.openapi.editor.impl.EditorImpl$$Lambda$3468/331103441
8221:             7            112  com.intellij.openapi.extensions.impl.UndefinedPluginDescriptor
8222:             7            112  com.intellij.openapi.externalSystem.ModuleOptionDelegate
8223:             7            112  com.intellij.openapi.fileTypes.LanguageFileTypeHighlighterProvider
8224:             2            112  com.intellij.openapi.keymap.impl.KeymapImpl
8225:             7            112  com.intellij.openapi.progress.util.AbstractProgressIndicatorExBase$$Lambda$185/657427992
8226:             2            112  com.intellij.openapi.projectRoots.impl.ProjectJdkImpl
8227:             7            112  com.intellij.openapi.vcs.changes.ChangesViewManager$$Lambda$787/1413747321
8228:             2            112  com.intellij.openapi.wm.impl.content.TabContentLayout$LayoutData
8229:             2            112  com.intellij.psi.css.impl.util.table.CssFontFamilyValue
8230:             2            112  com.intellij.psi.css.impl.util.table.CssImageValue
8231:             7            112  com.intellij.psi.impl.source.html.ScriptSupportUtil$$Lambda$4233/1672528251
8232:             2            112  com.intellij.psi.impl.source.tree.java.PsiContinueStatementImpl
8233:             2            112  com.intellij.psi.impl.source.xml.XmlProcessingInstructionImpl
8234:             2            112  com.intellij.psi.stubs.StubUpdatingIndex$3$1
8235:             7            112  com.intellij.psi.tree.DefaultRoleFinder
8236:             7            112  com.intellij.spellchecker.compress.Encoder
8237:             7            112  com.intellij.spellchecker.tokenizer.CommentTokenizer
8238:             7            112  com.intellij.spellchecker.tokenizer.SpellcheckingStrategy$XmlAttributeValueTokenizer
8239:             2            112  com.intellij.spring.boot.run.lifecycle.ServerConfigurationLiveProperty
8240:             2            112  com.intellij.spring.boot.run.lifecycle.SpringBootApplicationInfoImpl
8241:             7            112  com.intellij.spring.web.mvc.SpringControllerClassInfo$$Lambda$3970/1964683632
8242:             2            112  com.intellij.ui.CommonActionsPanel$MyActionButton
8243:             2            112  com.intellij.util.containers.ConcurrentLongObjectHashMap
8244:             7            112  com.intellij.velocity.psi.VtlExpressionTypeCalculator$BooleanExpressionTypeCalculator
8245:             7            112  com.siyeh.ig.migration.IfCanBeSwitchInspection$IfCanBeSwitchFix
8246:             7            112  com.sun.jna.ptr.IntByReference
8247:             7            112  com.sun.proxy.$Proxy57
8248:             2            112  freemarker.ext.beans.ClassIntrospector
8249:             2            112  io.netty.buffer.PooledSlicedByteBuf
8250:             7            112  io.netty.channel.DefaultMaxMessagesRecvByteBufAllocator$MaxMessageHandle$1
8251:             2            112  java.io.ObjectInputStream$BlockDataInputStream
8252:             7            112  java.util.Hashtable$EntrySet
8253:             2            112  java.util.concurrent.ConcurrentHashMap$KeySpliterator
8254:             7            112  javax.swing.text.StyleConstants$CharacterConstants
8255:             7            112  javax.swing.text.StyledEditorKit$AttributeTracker
8256:             2            112  org.apache.http.client.config.RequestConfig
8257:             7            112  org.intellij.lang.xpath.xslt.validation.inspections.UnusedElementInspection$MyVisitor
8258:             1            112  org.jetbrains.idea.maven.navigator.MavenProjectsStructure$DependenciesNode
8259:             1            112  org.jetbrains.idea.maven.navigator.MavenProjectsStructure$RootNode
8260:             2            112  org.jetbrains.kotlin.descriptors.impl.ModuleDescriptorImpl
8261:             7            112  org.jetbrains.uast.UastPrefixOperator
8262:             7            112  org.kohsuke.rngom.nc.NsNameClass
8263:             2            112  sun.awt.windows.WDefaultFontCharset$Encoder
8264:             7            112  sun.java2d.loops.RenderCache
8265:             2            112  sun.nio.ch.SinkChannelImpl
8266:             2            112  sun.nio.ch.SourceChannelImpl
8267:             2            112  sun.nio.cs.ext.DoubleByte$Decoder_DBCSONLY
8268:             7            112  sun.rmi.server.UnicastRef
8269:             3            104  [Lcom.intellij.psi.impl.source.PsiImportStatementImpl;
8270:             1            104  [Lcom.intellij.psi.impl.source.codeStyle.lineIndent.JavaLikeLangLineIndentProvider$JavaLikeElement;
8271:             1            104  [Lcom.intellij.util.xml.reflect.DomExtenderEP;
8272:             1            104  [Lcom.sun.tools.javac.code.Lint$LintCategory;
8273:             1            104  [Lgit4idea.config.GitVersionSpecialty;
8274:             4            104  [Ljava.util.Comparator;
8275:             1            104  [Lkotlin.reflect.jvm.internal.impl.incremental.components.NoLookupLocation;
8276:             1            104  [Lorg.apache.commons.imaging.ImageFormats;
8277:             1            104  [Lorg.jetbrains.idea.maven.plugins.api.MavenPluginDescriptor;
8278:             1            104  [Lorg.jetbrains.kotlin.incremental.components.NoLookupLocation;
8279:             1            104  com.android.tools.idea.model.MergedManifest
8280:             1            104  com.intellij.cloudConfig.CloudConfigManager
8281:             1            104  com.intellij.openapi.actionSystem.impl.ActionManagerImpl
8282:             1            104  git4idea.commands.GitLineHandler
8283:             1            104  java.awt.image.ComponentColorModel
8284:             1            104  kotlin.reflect.jvm.internal.impl.serialization.deserialization.descriptors.DeserializedClassDescriptor
8285:             1            104  org.jetbrains.idea.maven.navigator.MavenProjectsStructure$LifecycleNode
8286:             1            104  org.jetbrains.idea.maven.navigator.MavenProjectsStructure$ModulesNode
8287:             1            104  org.jetbrains.idea.maven.navigator.MavenProjectsStructure$PluginsNode
8288:             1            104  org.jetbrains.idea.maven.navigator.MavenProjectsStructure$ProfilesNode
8289:             1            104  org.jetbrains.idea.maven.navigator.MavenProjectsStructure$RunConfigurationsNode
8290:             1            104  sun.awt.windows.WFontConfiguration
8291:             1            104  sun.net.www.protocol.file.FileURLConnection
8292:             1            104  sun.security.ssl.SSLSessionImpl
8293:             2             96  [Lcom.android.tools.idea.res.ResourceNotificationManager$Reason;
8294:             2             96  [Lcom.google.common.cache.LocalCache$EntryFactory;
8295:             1             96  [Lcom.intellij.codeInsight.daemon.impl.analysis.HighlightUtil$Feature;
8296:             6             96  [Lcom.intellij.codeInsight.editorActions.FoldingData;
8297:             1             96  [Lcom.intellij.codeInspection.ex.InspectionElementsMerger;
8298:             2             96  [Lcom.intellij.compiler.impl.BuildTargetScopeProvider;
8299:             2             96  [Lcom.intellij.ide.FileIconProvider;
8300:             3             96  [Lcom.intellij.lang.javascript.psi.JSFile$ModuleStatus;
8301:             3             96  [Lcom.intellij.lang.javascript.psi.JSFunction$FunctionKind;
8302:             1             96  [Lcom.intellij.lang.javascript.psi.JSStubElementType;
8303:             3             96  [Lcom.intellij.lang.javascript.psi.jsdoc.JSDocComment$BrowserFamily;
8304:             1             96  [Lcom.intellij.lang.javascript.psi.resolve.JSNamedElementKind;
8305:             4             96  [Lcom.intellij.lang.javascript.service.JSLanguageServiceProvider;
8306:             6             96  [Lcom.intellij.openapi.compiler.options.ExcludeEntryDescription;
8307:             2             96  [Lcom.intellij.openapi.editor.colors.EditorFontType;
8308:             1             96  [Lcom.intellij.openapi.editor.colors.impl.AdditionalTextAttributesEP;
8309:             3             96  [Lcom.intellij.openapi.externalSystem.service.project.manage.ExternalSystemTaskActivator$Phase;
8310:             3             96  [Lcom.intellij.openapi.roots.WatchedRootsProvider;
8311:             1             96  [Lcom.intellij.openapi.wm.ToolWindowEP;
8312:             2             96  [Lcom.jediterm.terminal.TextStyle$Option;
8313:             2             96  [Lcom.sun.beans.util.Cache$CacheEntry;
8314:             1             96  [Lcom.sun.java.swing.plaf.windows.TMSchema$Prop;
8315:             4             96  [Lcom.sun.jna.platform.win32.WinNT$HANDLE;
8316:             3             96  [Lfreemarker.core.TemplateElement;
8317:             2             96  [Lio.netty.buffer.PoolArena;
8318:             2             96  [Ljava.awt.Image;
8319:             6             96  [Ljava.awt.event.MouseWheelListener;
8320:             4             96  [Ljavax.swing.JComponent;
8321:             2             96  [Lkotlin.reflect.jvm.internal.impl.builtins.PrimitiveType;
8322:             2             96  [Lkotlin.reflect.jvm.internal.impl.serialization.ProtoBuf$Class$Kind;
8323:             1             96  [Lorg.apache.xerces.impl.xpath.regex.RegularExpression;
8324:             4             96  [Lorg.jetbrains.jps.api.CmdlineRemoteProto$Message$ControllerMessage$ParametersMessage$TargetTypeBuildScope;
8325:             4             96  [Lorg.jetbrains.jps.api.TaskFuture;
8326:             2             96  [Lorg.jetbrains.kotlin.builtins.PrimitiveType;
8327:             3             96  [Lorg.jetbrains.kotlin.extensions.StorageComponentContainerContributor;
8328:             3             96  [Lorg.jetbrains.kotlin.idea.core.script.ScriptDefinitionContributor;
8329:             1             96  [Lorg.jetbrains.kotlin.idea.inspections.collections.SimplifiableCallChainInspection$Companion$Conversion;
8330:             1             96  [Lorg.jetbrains.kotlin.resolve.calls.checkers.CallChecker;
8331:             2             96  [Lorg.jetbrains.kotlin.serialization.ProtoBuf$Class$Kind;
8332:             1             96  [Lorg.zeroturnaround.javarebel.reporting.MessageType;
8333:             2             96  [Lorg.zmlx.hg4idea.HgFileStatusEnum;
8334:             1             96  [Lsun.font.CompositeFont;
8335:             1             96  [Lsun.font.FileFont;
8336:             2             96  [Lsun.nio.ch.SelectionKeyImpl;
8337:             2             96  ch.qos.logback.classic.pattern.DateConverter
8338:             2             96  ch.qos.logback.classic.pattern.ThrowableProxyConverter
8339:             3             96  ch.qos.logback.classic.spi.LoggerContextVO
8340:             3             96  ch.qos.logback.core.helpers.CyclicBuffer
8341:             4             96  ch.qos.logback.core.pattern.FormatInfo
8342:             4             96  ch.qos.logback.core.pattern.parser.Token
8343:             2             96  ch.qos.logback.core.recovery.ResilientFileOutputStream
8344:             4             96  cn.yiiguxing.plugin.translate.util.PasswordSafeDelegate
8345:             3             96  com.alibaba.p3c.idea.component.AliProjectComponent
8346:             4             96  com.android.repository.Revision$Precision
8347:             4             96  com.android.repository.Revision$PreviewComparison
8348:             6             96  com.android.repository.impl.generated.v1.ArchiveType$JaxbAccessorF_hostBits
8349:             6             96  com.android.repository.impl.generated.v1.ArchiveType$JaxbAccessorF_jvmBits
8350:             6             96  com.android.repository.impl.generated.v1.RevisionType$JaxbAccessorF_micro
8351:             6             96  com.android.repository.impl.generated.v1.RevisionType$JaxbAccessorF_minor
8352:             6             96  com.android.repository.impl.generated.v1.RevisionType$JaxbAccessorF_preview
8353:             1             96  com.android.repository.impl.manager.RepoManagerImpl
8354:             6             96  com.android.repository.impl.meta.Archive$ArchiveFile$JaxbAccessorM_getChecksum_setChecksum_java_lang_String
8355:             6             96  com.android.repository.impl.meta.Archive$ArchiveFile$JaxbAccessorM_getUrl_setUrl_java_lang_String
8356:             6             96  com.android.sdklib.repository.generated.common.v1.ApiDetailsType$JaxbAccessorF_codename
8357:             3             96  com.android.sdklib.repository.sources.generated.v3.AddonSiteType
8358:             4             96  com.android.tools.idea.databinding.DataBindingProjectComponent$$Lambda$646/1371397237
8359:             4             96  com.android.tools.idea.databinding.DataBindingProjectComponent$$Lambda$647/1660927615
8360:             3             96  com.android.tools.idea.editors.theme.AndroidThemePreviewToolWindowManager$1
8361:             3             96  com.android.tools.idea.gradle.project.sync.GradleSyncSummary
8362:             3             96  com.android.tools.idea.gradle.run.MakeBeforeRunTaskProvider
8363:             3             96  com.android.tools.idea.lint.AndroidLintAaptCrashInspection
8364:             3             96  com.android.tools.idea.lint.AndroidLintAccidentalOctalInspection
8365:             3             96  com.android.tools.idea.lint.AndroidLintAdapterViewChildrenInspection
8366:             3             96  com.android.tools.idea.lint.AndroidLintAddJavascriptInterfaceInspection
8367:             3             96  com.android.tools.idea.lint.AndroidLintAllCapsInspection
8368:             3             96  com.android.tools.idea.lint.AndroidLintAllowAllHostnameVerifierInspection
8369:             3             96  com.android.tools.idea.lint.AndroidLintAllowBackupInspection
8370:             3             96  com.android.tools.idea.lint.AndroidLintAlwaysShowActionInspection
8371:             3             96  com.android.tools.idea.lint.AndroidLintAnimatorKeepInspection
8372:             3             96  com.android.tools.idea.lint.AndroidLintAppCompatCustomViewInspection
8373:             3             96  com.android.tools.idea.lint.AndroidLintAppCompatMethodInspection
8374:             3             96  com.android.tools.idea.lint.AndroidLintAppCompatResourceInspection
8375:             3             96  com.android.tools.idea.lint.AndroidLintAppLinkUrlErrorInspection
8376:             3             96  com.android.tools.idea.lint.AndroidLintAppLinksAutoVerifyErrorInspection
8377:             3             96  com.android.tools.idea.lint.AndroidLintAppLinksAutoVerifyWarningInspection
8378:             3             96  com.android.tools.idea.lint.AndroidLintApplySharedPrefInspection
8379:             3             96  com.android.tools.idea.lint.AndroidLintAssertInspection
8380:             3             96  com.android.tools.idea.lint.AndroidLintAuthLeakInspection
8381:             3             96  com.android.tools.idea.lint.AndroidLintBackButtonInspection
8382:             3             96  com.android.tools.idea.lint.AndroidLintBadHostnameVerifierInspection
8383:             3             96  com.android.tools.idea.lint.AndroidLintBatteryLifeInspection
8384:             3             96  com.android.tools.idea.lint.AndroidLintButtonCaseInspection
8385:             3             96  com.android.tools.idea.lint.AndroidLintButtonOrderInspection
8386:             3             96  com.android.tools.idea.lint.AndroidLintButtonStyleInspection
8387:             3             96  com.android.tools.idea.lint.AndroidLintByteOrderMarkInspection
8388:             3             96  com.android.tools.idea.lint.AndroidLintCheckResultInspection
8389:             3             96  com.android.tools.idea.lint.AndroidLintClickableViewAccessibilityInspection
8390:             3             96  com.android.tools.idea.lint.AndroidLintCommitPrefEditsInspection
8391:             3             96  com.android.tools.idea.lint.AndroidLintCommitTransactionInspection
8392:             3             96  com.android.tools.idea.lint.AndroidLintContentDescriptionInspection
8393:             3             96  com.android.tools.idea.lint.AndroidLintConvertToWebpInspection
8394:             3             96  com.android.tools.idea.lint.AndroidLintCustomViewStyleableInspection
8395:             3             96  com.android.tools.idea.lint.AndroidLintCutPasteIdInspection
8396:             3             96  com.android.tools.idea.lint.AndroidLintDefaultLocaleInspection
8397:             3             96  com.android.tools.idea.lint.AndroidLintDeprecatedInspection
8398:             3             96  com.android.tools.idea.lint.AndroidLintDevModeObsoleteInspection
8399:             3             96  com.android.tools.idea.lint.AndroidLintDeviceAdminInspection
8400:             3             96  com.android.tools.idea.lint.AndroidLintDisableBaselineAlignmentInspection
8401:             3             96  com.android.tools.idea.lint.AndroidLintDrawAllocationInspection
8402:             3             96  com.android.tools.idea.lint.AndroidLintDuplicateActivityInspection
8403:             3             96  com.android.tools.idea.lint.AndroidLintDuplicateDefinitionInspection
8404:             3             96  com.android.tools.idea.lint.AndroidLintDuplicateDividerInspection
8405:             3             96  com.android.tools.idea.lint.AndroidLintDuplicateIdsInspection
8406:             3             96  com.android.tools.idea.lint.AndroidLintDuplicateIncludedIdsInspection
8407:             3             96  com.android.tools.idea.lint.AndroidLintDuplicatePlatformClassesInspection
8408:             3             96  com.android.tools.idea.lint.AndroidLintDuplicateUsesFeatureInspection
8409:             3             96  com.android.tools.idea.lint.AndroidLintEasterEggInspection
8410:             3             96  com.android.tools.idea.lint.AndroidLintEllipsizeMaxLinesInspection
8411:             3             96  com.android.tools.idea.lint.AndroidLintEnforceUTF8Inspection
8412:             3             96  com.android.tools.idea.lint.AndroidLintExifInterfaceInspection
8413:             3             96  com.android.tools.idea.lint.AndroidLintExportedContentProviderInspection
8414:             3             96  com.android.tools.idea.lint.AndroidLintExportedPreferenceActivityInspection
8415:             3             96  com.android.tools.idea.lint.AndroidLintExportedReceiverInspection
8416:             3             96  com.android.tools.idea.lint.AndroidLintExportedServiceInspection
8417:             3             96  com.android.tools.idea.lint.AndroidLintExtraTextInspection
8418:             3             96  com.android.tools.idea.lint.AndroidLintExtraTranslationInspection
8419:             3             96  com.android.tools.idea.lint.AndroidLintFindViewByIdCastInspection
8420:             3             96  com.android.tools.idea.lint.AndroidLintFloatMathInspection
8421:             3             96  com.android.tools.idea.lint.AndroidLintFontValidationErrorInspection
8422:             3             96  com.android.tools.idea.lint.AndroidLintFontValidationWarningInspection
8423:             3             96  com.android.tools.idea.lint.AndroidLintFullBackupContentInspection
8424:             3             96  com.android.tools.idea.lint.AndroidLintGetContentDescriptionOverrideInspection
8425:             3             96  com.android.tools.idea.lint.AndroidLintGetInstanceInspection
8426:             3             96  com.android.tools.idea.lint.AndroidLintGetLocalesInspection
8427:             3             96  com.android.tools.idea.lint.AndroidLintGifUsageInspection
8428:             3             96  com.android.tools.idea.lint.AndroidLintGoogleAppIndexingApiWarningInspection
8429:             3             96  com.android.tools.idea.lint.AndroidLintGoogleAppIndexingWarningInspection
8430:             3             96  com.android.tools.idea.lint.AndroidLintGradleCompatibleInspection
8431:             3             96  com.android.tools.idea.lint.AndroidLintGradleDependencyInspection
8432:             3             96  com.android.tools.idea.lint.AndroidLintGradleDeprecatedInspection
8433:             3             96  com.android.tools.idea.lint.AndroidLintGradleDynamicVersionInspection
8434:             3             96  com.android.tools.idea.lint.AndroidLintGradleGetterInspection
8435:             3             96  com.android.tools.idea.lint.AndroidLintGradleIdeErrorInspection
8436:             3             96  com.android.tools.idea.lint.AndroidLintGradleOverridesInspection
8437:             3             96  com.android.tools.idea.lint.AndroidLintGradlePathInspection
8438:             3             96  com.android.tools.idea.lint.AndroidLintGradlePluginVersionInspection
8439:             3             96  com.android.tools.idea.lint.AndroidLintGrantAllUrisInspection
8440:             3             96  com.android.tools.idea.lint.AndroidLintGridLayoutInspection
8441:             3             96  com.android.tools.idea.lint.AndroidLintHandlerLeakInspection
8442:             3             96  com.android.tools.idea.lint.AndroidLintHardcodedDebugModeInspection
8443:             3             96  com.android.tools.idea.lint.AndroidLintHardcodedTextInspection
8444:             3             96  com.android.tools.idea.lint.AndroidLintHardwareIdsInspection
8445:             3             96  com.android.tools.idea.lint.AndroidLintHighAppVersionCodeInspection
8446:             3             96  com.android.tools.idea.lint.AndroidLintIconColorsInspection
8447:             3             96  com.android.tools.idea.lint.AndroidLintIconDensitiesInspection
8448:             3             96  com.android.tools.idea.lint.AndroidLintIconDipSizeInspection
8449:             3             96  com.android.tools.idea.lint.AndroidLintIconDuplicatesConfigInspection
8450:             3             96  com.android.tools.idea.lint.AndroidLintIconDuplicatesInspection
8451:             3             96  com.android.tools.idea.lint.AndroidLintIconExpectedSizeInspection
8452:             3             96  com.android.tools.idea.lint.AndroidLintIconExtensionInspection
8453:             3             96  com.android.tools.idea.lint.AndroidLintIconLauncherShapeInspection
8454:             3             96  com.android.tools.idea.lint.AndroidLintIconLocationInspection
8455:             3             96  com.android.tools.idea.lint.AndroidLintIconMissingDensityFolderInspection
8456:             3             96  com.android.tools.idea.lint.AndroidLintIconMixedNinePatchInspection
8457:             3             96  com.android.tools.idea.lint.AndroidLintIconNoDpiInspection
8458:             3             96  com.android.tools.idea.lint.AndroidLintIconXmlAndPngInspection
8459:             3             96  com.android.tools.idea.lint.AndroidLintIllegalResourceRefInspection
8460:             3             96  com.android.tools.idea.lint.AndroidLintImpliedQuantityInspection
8461:             3             96  com.android.tools.idea.lint.AndroidLintImpliedTouchscreenHardwareInspection
8462:             3             96  com.android.tools.idea.lint.AndroidLintInOrMmUsageInspection
8463:             3             96  com.android.tools.idea.lint.AndroidLintIncludeLayoutParamInspection
8464:             3             96  com.android.tools.idea.lint.AndroidLintIncompatibleMediaBrowserServiceCompatVersionInspection
8465:             3             96  com.android.tools.idea.lint.AndroidLintInconsistentArraysInspection
8466:             3             96  com.android.tools.idea.lint.AndroidLintInconsistentLayoutInspection
8467:             3             96  com.android.tools.idea.lint.AndroidLintInefficientWeightInspection
8468:             3             96  com.android.tools.idea.lint.AndroidLintInflateParamsInspection
8469:             3             96  com.android.tools.idea.lint.AndroidLintInlinedApiInspection
8470:             3             96  com.android.tools.idea.lint.AndroidLintInnerclassSeparatorInspection
8471:             3             96  com.android.tools.idea.lint.AndroidLintInstantAppsInspection
8472:             3             96  com.android.tools.idea.lint.AndroidLintInvalidAnalyticsNameInspection
8473:             3             96  com.android.tools.idea.lint.AndroidLintInvalidIdInspection
8474:             3             96  com.android.tools.idea.lint.AndroidLintInvalidImeActionIdInspection
8475:             3             96  com.android.tools.idea.lint.AndroidLintInvalidPermissionInspection
8476:             3             96  com.android.tools.idea.lint.AndroidLintInvalidResourceFolderInspection
8477:             3             96  com.android.tools.idea.lint.AndroidLintInvalidUsesTagAttributeInspection
8478:             3             96  com.android.tools.idea.lint.AndroidLintInvalidVectorPathInspection
8479:             3             96  com.android.tools.idea.lint.AndroidLintInvalidWearFeatureAttributeInspection
8480:             3             96  com.android.tools.idea.lint.AndroidLintJavascriptInterfaceInspection
8481:             3             96  com.android.tools.idea.lint.AndroidLintJobSchedulerServiceInspection
8482:             3             96  com.android.tools.idea.lint.AndroidLintKeyboardInaccessibleWidgetInspection
8483:             3             96  com.android.tools.idea.lint.AndroidLintLabelForInspection
8484:             3             96  com.android.tools.idea.lint.AndroidLintLibraryCustomViewInspection
8485:             3             96  com.android.tools.idea.lint.AndroidLintLintBaselineInspection
8486:             3             96  com.android.tools.idea.lint.AndroidLintLocalSuppressInspection
8487:             3             96  com.android.tools.idea.lint.AndroidLintLocaleFolderInspection
8488:             3             96  com.android.tools.idea.lint.AndroidLintLogConditionalInspection
8489:             3             96  com.android.tools.idea.lint.AndroidLintLogTagMismatchInspection
8490:             3             96  com.android.tools.idea.lint.AndroidLintLongLogTagInspection
8491:             3             96  com.android.tools.idea.lint.AndroidLintMangledCRLFInspection
8492:             3             96  com.android.tools.idea.lint.AndroidLintManifestOrderInspection
8493:             3             96  com.android.tools.idea.lint.AndroidLintManifestResourceInspection
8494:             3             96  com.android.tools.idea.lint.AndroidLintMenuTitleInspection
8495:             3             96  com.android.tools.idea.lint.AndroidLintMergeMarkerInspection
8496:             3             96  com.android.tools.idea.lint.AndroidLintMergeRootFrameInspection
8497:             3             96  com.android.tools.idea.lint.AndroidLintMinSdkTooLowInspection
8498:             3             96  com.android.tools.idea.lint.AndroidLintMipmapIconsInspection
8499:             3             96  com.android.tools.idea.lint.AndroidLintMissingApplicationIconInspection
8500:             3             96  com.android.tools.idea.lint.AndroidLintMissingBackupPinInspection
8501:             3             96  com.android.tools.idea.lint.AndroidLintMissingConstraintsInspection
8502:             3             96  com.android.tools.idea.lint.AndroidLintMissingFirebaseInstanceTokenRefreshInspection
8503:             3             96  com.android.tools.idea.lint.AndroidLintMissingIdInspection
8504:             3             96  com.android.tools.idea.lint.AndroidLintMissingIntentFilterForMediaSearchInspection
8505:             3             96  com.android.tools.idea.lint.AndroidLintMissingLeanbackLauncherInspection
8506:             3             96  com.android.tools.idea.lint.AndroidLintMissingLeanbackSupportInspection
8507:             3             96  com.android.tools.idea.lint.AndroidLintMissingMediaBrowserServiceIntentFilterInspection
8508:             3             96  com.android.tools.idea.lint.AndroidLintMissingOnPlayFromSearchInspection
8509:             3             96  com.android.tools.idea.lint.AndroidLintMissingPermissionInspection
8510:             3             96  com.android.tools.idea.lint.AndroidLintMissingPrefixInspection
8511:             3             96  com.android.tools.idea.lint.AndroidLintMissingQuantityInspection
8512:             3             96  com.android.tools.idea.lint.AndroidLintMissingSuperCallInspection
8513:             3             96  com.android.tools.idea.lint.AndroidLintMissingTranslationInspection
8514:             3             96  com.android.tools.idea.lint.AndroidLintMissingTvBannerInspection
8515:             3             96  com.android.tools.idea.lint.AndroidLintMissingVersionInspection
8516:             3             96  com.android.tools.idea.lint.AndroidLintMockLocationInspection
8517:             3             96  com.android.tools.idea.lint.AndroidLintMultipleUsesSdkInspection
8518:             3             96  com.android.tools.idea.lint.AndroidLintNamespaceTypoInspection
8519:             3             96  com.android.tools.idea.lint.AndroidLintNegativeMarginInspection
8520:             3             96  com.android.tools.idea.lint.AndroidLintNestedScrollingInspection
8521:             3             96  com.android.tools.idea.lint.AndroidLintNestedWeightsInspection
8522:             3             96  com.android.tools.idea.lint.AndroidLintNetworkSecurityConfigInspection
8523:             3             96  com.android.tools.idea.lint.AndroidLintNewApiInspection
8524:             3             96  com.android.tools.idea.lint.AndroidLintNewerVersionAvailableInspection
8525:             3             96  com.android.tools.idea.lint.AndroidLintNfcTechWhitespaceInspection
8526:             3             96  com.android.tools.idea.lint.AndroidLintNotInterpolatedInspection
8527:             3             96  com.android.tools.idea.lint.AndroidLintNotSiblingInspection
8528:             3             96  com.android.tools.idea.lint.AndroidLintObjectAnimatorBindingInspection
8529:             3             96  com.android.tools.idea.lint.AndroidLintObsoleteLayoutParamInspection
8530:             3             96  com.android.tools.idea.lint.AndroidLintObsoleteSdkIntInspection
8531:             3             96  com.android.tools.idea.lint.AndroidLintOldTargetApiInspection
8532:             3             96  com.android.tools.idea.lint.AndroidLintOnClickInspection
8533:             3             96  com.android.tools.idea.lint.AndroidLintOrientationInspection
8534:             3             96  com.android.tools.idea.lint.AndroidLintOverdrawInspection
8535:             3             96  com.android.tools.idea.lint.AndroidLintOverrideAbstractInspection
8536:             3             96  com.android.tools.idea.lint.AndroidLintOverrideInspection
8537:             3             96  com.android.tools.idea.lint.AndroidLintPackageManagerGetSignaturesInspection
8538:             3             96  com.android.tools.idea.lint.AndroidLintPackagedPrivateKeyInspection
8539:             3             96  com.android.tools.idea.lint.AndroidLintParcelClassLoaderInspection
8540:             3             96  com.android.tools.idea.lint.AndroidLintParcelCreatorInspection
8541:             3             96  com.android.tools.idea.lint.AndroidLintPendingBindingsInspection
8542:             3             96  com.android.tools.idea.lint.AndroidLintPermissionImpliesUnsupportedChromeOsHardwareInspection
8543:             3             96  com.android.tools.idea.lint.AndroidLintPermissionImpliesUnsupportedHardwareInspection
8544:             3             96  com.android.tools.idea.lint.AndroidLintPinSetExpiryInspection
8545:             3             96  com.android.tools.idea.lint.AndroidLintPluralsCandidateInspection
8546:             3             96  com.android.tools.idea.lint.AndroidLintPrivateApiInspection
8547:             3             96  com.android.tools.idea.lint.AndroidLintPrivateResourceInspection
8548:             3             96  com.android.tools.idea.lint.AndroidLintProguardInspection
8549:             3             96  com.android.tools.idea.lint.AndroidLintProguardSplitInspection
8550:             3             96  com.android.tools.idea.lint.AndroidLintPropertyEscapeInspection
8551:             3             96  com.android.tools.idea.lint.AndroidLintProtectedPermissionsInspection
8552:             3             96  com.android.tools.idea.lint.AndroidLintPxUsageInspection
8553:             3             96  com.android.tools.idea.lint.AndroidLintRangeInspection
8554:             3             96  com.android.tools.idea.lint.AndroidLintRecycleInspection
8555:             3             96  com.android.tools.idea.lint.AndroidLintRecyclerViewInspection
8556:             3             96  com.android.tools.idea.lint.AndroidLintReferenceTypeInspection
8557:             3             96  com.android.tools.idea.lint.AndroidLintRegisteredInspection
8558:             3             96  com.android.tools.idea.lint.AndroidLintRelativeOverlapInspection
8559:             3             96  com.android.tools.idea.lint.AndroidLintRequiredSizeInspection
8560:             3             96  com.android.tools.idea.lint.AndroidLintResAutoInspection
8561:             3             96  com.android.tools.idea.lint.AndroidLintResourceAsColorInspection
8562:             3             96  com.android.tools.idea.lint.AndroidLintResourceCycleInspection
8563:             3             96  com.android.tools.idea.lint.AndroidLintResourceNameInspection
8564:             3             96  com.android.tools.idea.lint.AndroidLintResourceTypeInspection
8565:             3             96  com.android.tools.idea.lint.AndroidLintRestrictedApiInspection
8566:             3             96  com.android.tools.idea.lint.AndroidLintRtlCompatInspection
8567:             3             96  com.android.tools.idea.lint.AndroidLintRtlEnabledInspection
8568:             3             96  com.android.tools.idea.lint.AndroidLintRtlHardcodedInspection
8569:             3             96  com.android.tools.idea.lint.AndroidLintRtlSymmetryInspection
8570:             3             96  com.android.tools.idea.lint.AndroidLintSQLiteStringInspection
8571:             3             96  com.android.tools.idea.lint.AndroidLintSSLCertificateSocketFactoryCreateSocketInspection
8572:             3             96  com.android.tools.idea.lint.AndroidLintSSLCertificateSocketFactoryGetInsecureInspection
8573:             3             96  com.android.tools.idea.lint.AndroidLintScrollViewCountInspection
8574:             3             96  com.android.tools.idea.lint.AndroidLintScrollViewSizeInspection
8575:             3             96  com.android.tools.idea.lint.AndroidLintSdCardPathInspection
8576:             3             96  com.android.tools.idea.lint.AndroidLintSecureRandomInspection
8577:             3             96  com.android.tools.idea.lint.AndroidLintSelectableTextInspection
8578:             3             96  com.android.tools.idea.lint.AndroidLintServiceCastInspection
8579:             3             96  com.android.tools.idea.lint.AndroidLintSetJavaScriptEnabledInspection
8580:             3             96  com.android.tools.idea.lint.AndroidLintSetTextI18nInspection
8581:             3             96  com.android.tools.idea.lint.AndroidLintSetWorldReadableInspection
8582:             3             96  com.android.tools.idea.lint.AndroidLintSetWorldWritableInspection
8583:             3             96  com.android.tools.idea.lint.AndroidLintShiftFlagsInspection
8584:             3             96  com.android.tools.idea.lint.AndroidLintShortAlarmInspection
8585:             3             96  com.android.tools.idea.lint.AndroidLintShowToastInspection
8586:             3             96  com.android.tools.idea.lint.AndroidLintSignatureOrSystemPermissionsInspection
8587:             3             96  com.android.tools.idea.lint.AndroidLintSimpleDateFormatInspection
8588:             3             96  com.android.tools.idea.lint.AndroidLintSmallSpInspection
8589:             3             96  com.android.tools.idea.lint.AndroidLintSpUsageInspection
8590:             3             96  com.android.tools.idea.lint.AndroidLintStateListReachableInspection
8591:             3             96  com.android.tools.idea.lint.AndroidLintStaticFieldLeakInspection
8592:             3             96  com.android.tools.idea.lint.AndroidLintStopShipInspection
8593:             3             96  com.android.tools.idea.lint.AndroidLintStringEscapingInspection
8594:             3             96  com.android.tools.idea.lint.AndroidLintStringFormatCountInspection
8595:             3             96  com.android.tools.idea.lint.AndroidLintStringFormatInvalidInspection
8596:             3             96  com.android.tools.idea.lint.AndroidLintStringFormatMatchesInspection
8597:             3             96  com.android.tools.idea.lint.AndroidLintStringShouldBeIntInspection
8598:             3             96  com.android.tools.idea.lint.AndroidLintSupportAnnotationUsageInspection
8599:             3             96  com.android.tools.idea.lint.AndroidLintSuspicious0dpInspection
8600:             3             96  com.android.tools.idea.lint.AndroidLintSuspiciousImportInspection
8601:             3             96  com.android.tools.idea.lint.AndroidLintSwitchIntDefInspection
8602:             3             96  com.android.tools.idea.lint.AndroidLintTestAppLinkInspection
8603:             3             96  com.android.tools.idea.lint.AndroidLintTextFieldsInspection
8604:             3             96  com.android.tools.idea.lint.AndroidLintTextViewEditsInspection
8605:             3             96  com.android.tools.idea.lint.AndroidLintTooDeepLayoutInspection
8606:             3             96  com.android.tools.idea.lint.AndroidLintTooManyViewsInspection
8607:             3             96  com.android.tools.idea.lint.AndroidLintTrustAllX509TrustManagerInspection
8608:             3             96  com.android.tools.idea.lint.AndroidLintTypographyDashesInspection
8609:             3             96  com.android.tools.idea.lint.AndroidLintTypographyEllipsisInspection
8610:             3             96  com.android.tools.idea.lint.AndroidLintTypographyFractionsInspection
8611:             3             96  com.android.tools.idea.lint.AndroidLintTypographyOtherInspection
8612:             3             96  com.android.tools.idea.lint.AndroidLintTypographyQuotesInspection
8613:             3             96  com.android.tools.idea.lint.AndroidLintTyposInspection
8614:             3             96  com.android.tools.idea.lint.AndroidLintUniqueConstantsInspection
8615:             3             96  com.android.tools.idea.lint.AndroidLintUniquePermissionInspection
8616:             3             96  com.android.tools.idea.lint.AndroidLintUnknownIdInLayoutInspection
8617:             3             96  com.android.tools.idea.lint.AndroidLintUnknownIdInspection
8618:             3             96  com.android.tools.idea.lint.AndroidLintUnlocalizedSmsInspection
8619:             3             96  com.android.tools.idea.lint.AndroidLintUnpackedNativeCodeInspection
8620:             3             96  com.android.tools.idea.lint.AndroidLintUnprotectedSMSBroadcastReceiverInspection
8621:             3             96  com.android.tools.idea.lint.AndroidLintUnsafeDynamicallyLoadedCodeInspection
8622:             3             96  com.android.tools.idea.lint.AndroidLintUnsafeNativeCodeLocationInspection
8623:             3             96  com.android.tools.idea.lint.AndroidLintUnsafeProtectedBroadcastReceiverInspection
8624:             3             96  com.android.tools.idea.lint.AndroidLintUnsupportedChromeOsHardwareInspection
8625:             3             96  com.android.tools.idea.lint.AndroidLintUnsupportedTvHardwareInspection
8626:             3             96  com.android.tools.idea.lint.AndroidLintUnusedAttributeInspection
8627:             3             96  com.android.tools.idea.lint.AndroidLintUnusedIdsInspection
8628:             3             96  com.android.tools.idea.lint.AndroidLintUnusedQuantityInspection
8629:             3             96  com.android.tools.idea.lint.AndroidLintUnusedResourcesInspection
8630:             3             96  com.android.tools.idea.lint.AndroidLintUseAlpha2Inspection
8631:             3             96  com.android.tools.idea.lint.AndroidLintUseCheckPermissionInspection
8632:             3             96  com.android.tools.idea.lint.AndroidLintUseCompoundDrawablesInspection
8633:             3             96  com.android.tools.idea.lint.AndroidLintUseOfBundledGooglePlayServicesInspection
8634:             3             96  com.android.tools.idea.lint.AndroidLintUseSparseArraysInspection
8635:             3             96  com.android.tools.idea.lint.AndroidLintUseValueOfInspection
8636:             3             96  com.android.tools.idea.lint.AndroidLintUselessLeafInspection
8637:             3             96  com.android.tools.idea.lint.AndroidLintUselessParentInspection
8638:             3             96  com.android.tools.idea.lint.AndroidLintUsesMinSdkAttributesInspection
8639:             3             96  com.android.tools.idea.lint.AndroidLintUsingHttpInspection
8640:             3             96  com.android.tools.idea.lint.AndroidLintValidFragmentInspection
8641:             3             96  com.android.tools.idea.lint.AndroidLintValidRestrictionsInspection
8642:             3             96  com.android.tools.idea.lint.AndroidLintVectorDrawableCompatInspection
8643:             3             96  com.android.tools.idea.lint.AndroidLintVectorPathInspection
8644:             3             96  com.android.tools.idea.lint.AndroidLintVectorRasterInspection
8645:             3             96  com.android.tools.idea.lint.AndroidLintViewConstructorInspection
8646:             3             96  com.android.tools.idea.lint.AndroidLintViewHolderInspection
8647:             3             96  com.android.tools.idea.lint.AndroidLintViewTagInspection
8648:             3             96  com.android.tools.idea.lint.AndroidLintVisibleForTestsInspection
8649:             3             96  com.android.tools.idea.lint.AndroidLintWakelockTimeoutInspection
8650:             3             96  com.android.tools.idea.lint.AndroidLintWearStandaloneAppFlagInspection
8651:             3             96  com.android.tools.idea.lint.AndroidLintWearableBindListenerInspection
8652:             3             96  com.android.tools.idea.lint.AndroidLintWebViewLayoutInspection
8653:             3             96  com.android.tools.idea.lint.AndroidLintWebpUnsupportedInspection
8654:             3             96  com.android.tools.idea.lint.AndroidLintWifiManagerLeakInspection
8655:             3             96  com.android.tools.idea.lint.AndroidLintWifiManagerPotentialLeakInspection
8656:             3             96  com.android.tools.idea.lint.AndroidLintWorldReadableFilesInspection
8657:             3             96  com.android.tools.idea.lint.AndroidLintWorldWriteableFilesInspection
8658:             3             96  com.android.tools.idea.lint.AndroidLintWrongCallInspection
8659:             3             96  com.android.tools.idea.lint.AndroidLintWrongCaseInspection
8660:             3             96  com.android.tools.idea.lint.AndroidLintWrongConstantInspection
8661:             3             96  com.android.tools.idea.lint.AndroidLintWrongFolderInspection
8662:             3             96  com.android.tools.idea.lint.AndroidLintWrongRegionInspection
8663:             3             96  com.android.tools.idea.lint.AndroidLintWrongThreadInspection
8664:             3             96  com.android.tools.idea.lint.AndroidLintWrongThreadInterproceduralInspection
8665:             3             96  com.android.tools.idea.lint.AndroidLintWrongViewCastInspection
8666:             4             96  com.android.tools.idea.project.messages.MessageType
8667:             6             96  com.android.tools.idea.run.AndroidRunConfigurationBase$DefaultPostBuildModelProvider
8668:             6             96  com.android.tools.idea.run.editor.AndroidDebuggerState
8669:             6             96  com.android.tools.idea.run.editor.EmulatorTargetProvider$State
8670:             6             96  com.android.tools.idea.run.editor.ProfilerState
8671:             6             96  com.android.tools.idea.run.editor.ShowChooserTargetProvider$State
8672:             6             96  com.android.tools.idea.run.editor.UsbDeviceTargetProvider$State
8673:             4             96  com.android.tools.idea.startup.DelayedInitialization$GradleBuildStatus
8674:             3             96  com.android.tools.idea.uibuilder.handlers.ViewHandlerManager
8675:             3             96  com.android.tools.idea.uibuilder.property.editors.NlPropertyEditors
8676:             3             96  com.android.tools.idea.uibuilder.property.editors.NlXmlEditors
8677:             4             96  com.android.tools.lint.detector.api.TextFormat
8678:             4             96  com.google.common.base.AbstractIterator$State
8679:             6             96  com.google.common.base.CharMatcher$Is
8680:             4             96  com.google.common.collect.AbstractIterator$State
8681:             6             96  com.google.common.collect.AbstractMultiset$EntrySet
8682:             6             96  com.google.common.collect.Count
8683:             6             96  com.google.common.collect.ImmutableSortedMap$1EntrySet$1
8684:             4             96  com.google.common.collect.RegularImmutableAsList
8685:             3             96  com.google.common.collect.RegularImmutableBiMap$Inverse
8686:             6             96  com.google.common.collect.RegularImmutableMap$Values
8687:             2             96  com.google.common.collect.TreeMultimap
8688:             2             96  com.google.gson.Gson
8689:             6             96  com.google.gson.internal.ConstructorConstructor$8
8690:             4             96  com.google.wireless.android.sdk.stats.GradleSyncStats$Trigger
8691:             6             96  com.intellij.application.options.OptionId
8692:             2             96  com.intellij.application.options.editor.EditorTabsConfigurable$MyTabsPlacementComboBoxRenderer
8693:             2             96  com.intellij.application.options.editor.WebEditorOptionsProvider
8694:             4             96  com.intellij.codeHighlighting.TextEditorHighlightingPassRegistrar$Anchor
8695:             6             96  com.intellij.codeInsight.AnnotationUtil$$Lambda$3567/84961704
8696:             6             96  com.intellij.codeInsight.MetaAnnotationUtil$$Lambda$2139/1202322607
8697:             3             96  com.intellij.codeInsight.NullableNotNullManagerImpl
8698:             4             96  com.intellij.codeInsight.completion.AbstractExpectedTypeSkipper$Result
8699:             4             96  com.intellij.codeInsight.completion.AddSpaceInsertHandler
8700:             4             96  com.intellij.codeInsight.completion.RecursionWeigher$Result
8701:             4             96  com.intellij.codeInsight.completion.impl.CompletionSorterImpl$1
8702:             6             96  com.intellij.codeInsight.daemon.impl.DaemonCodeAnalyzerImpl$$Lambda$2097/1153671328
8703:             4             96  com.intellij.codeInsight.daemon.impl.FileStatusMap
8704:             4             96  com.intellij.codeInsight.daemon.impl.HighlightInfoType$HighlightInfoTypeSeverityByKey
8705:             4             96  com.intellij.codeInsight.daemon.impl.MarkerType
8706:             6             96  com.intellij.codeInsight.daemon.impl.SeverityRegistrar$$Lambda$2843/1025183726
8707:             4             96  com.intellij.codeInsight.daemon.impl.analysis.FileHighlightingSetting
8708:             3             96  com.intellij.codeInsight.daemon.impl.analysis.annotator.EjbValidator
8709:             4             96  com.intellij.codeInsight.daemon.impl.quickfix.CreateClassKind
8710:             4             96  com.intellij.codeInsight.daemon.impl.quickfix.FetchExtResourceAction
8711:             6             96  com.intellij.codeInsight.editorActions.FoldingTransferableData
8712:             2             96  com.intellij.codeInsight.folding.impl.FoldingUpdate$$Lambda$2830/878914888
8713:             4             96  com.intellij.codeInsight.generation.GenerateGetterHandler
8714:             4             96  com.intellij.codeInsight.generation.GenerateSetterHandler
8715:             3             96  com.intellij.codeInsight.hint.LineTooltipRenderer$4
8716:             4             96  com.intellij.codeInsight.hints.Option
8717:             4             96  com.intellij.codeInsight.hints.ParameterHintsUpdater$InlayUpdateInfo$Action
8718:             4             96  com.intellij.codeInsight.lookup.AutoCompletionPolicy
8719:             4             96  com.intellij.codeInsight.lookup.impl.actions.ChooseItemAction$Handler
8720:             4             96  com.intellij.codeInsight.navigation.CtrlMouseHandler$BrowseMode
8721:             4             96  com.intellij.codeInsight.template.impl.MacroCallNode
8722:             3             96  com.intellij.codeInsight.template.postfix.settings.PostfixTemplatesSettings
8723:             2             96  com.intellij.codeInsight.template.postfix.templates.ElseStatementPostfixTemplate
8724:             2             96  com.intellij.codeInsight.template.postfix.templates.IfStatementPostfixTemplate
8725:             2             96  com.intellij.codeInsight.template.postfix.templates.IsNullCheckPostfixTemplate
8726:             2             96  com.intellij.codeInsight.template.postfix.templates.ParenthesizedExpressionPostfixTemplate
8727:             4             96  com.intellij.codeInspection.ConditionalCanBeOptionalInspection$1
8728:             4             96  com.intellij.codeInspection.LambdaCanBeMethodCallInspection$1
8729:             4             96  com.intellij.codeInspection.MoveFieldAssignmentToInitializerInspection$1
8730:             3             96  com.intellij.codeInspection.NonAsciiCharactersInspection
8731:             6             96  com.intellij.codeInspection.RedundantLambdaCodeBlockInspection$ReplaceWithExprFix
8732:             3             96  com.intellij.codeInspection.RedundantSuppressInspection
8733:             3             96  com.intellij.codeInspection.SetInspectionOptionFix
8734:             3             96  com.intellij.codeInspection.dataFlow.DataFlowInspection
8735:             6             96  com.intellij.codeInspection.dataFlow.MethodData$methodBody$1$1
8736:             4             96  com.intellij.codeInspection.dataFlow.Mutability
8737:             6             96  com.intellij.codeInspection.dataFlow.NullityInferenceResult$FromDelegate
8738:             4             96  com.intellij.codeInspection.dataFlow.inliner.CollectionFactoryInliner$FactoryInfo
8739:             4             96  com.intellij.codeInspection.deadCode.UnusedParametersInspection
8740:             3             96  com.intellij.codeInspection.deprecation.DeprecationInspection
8741:             3             96  com.intellij.codeInspection.duplicatePropertyInspection.DuplicatePropertyInspection
8742:             3             96  com.intellij.codeInspection.emptyMethod.EmptyMethodInspection
8743:             3             96  com.intellij.codeInspection.ex.InspectionManagerEx
8744:             3             96  com.intellij.codeInspection.htmlInspections.HtmlUnknownAttributeInspection
8745:             3             96  com.intellij.codeInspection.htmlInspections.HtmlUnknownBooleanAttributeInspection
8746:             3             96  com.intellij.codeInspection.htmlInspections.HtmlUnknownTagInspection
8747:             6             96  com.intellij.codeInspection.htmlInspections.RemoveAttributeIntentionAction
8748:             3             96  com.intellij.codeInspection.i18n.inconsistentResourceBundle.InconsistentResourceBundleInspection
8749:             3             96  com.intellij.codeInspection.inheritance.ImplicitSubclassInspection
8750:             4             96  com.intellij.codeInspection.intermediaryVariable.ReturnSeparatedFromComputationInspection$1
8751:             4             96  com.intellij.codeInspection.java18api.Java8ArraySetAllInspection$1
8752:             3             96  com.intellij.codeInspection.java18api.Java8MapApiInspection
8753:             4             96  com.intellij.codeInspection.lambda.RedundantLambdaParameterTypeInspection$1
8754:             4             96  com.intellij.codeInspection.lambdaToExplicit.ExplicitArgumentCanBeLambdaInspection$1
8755:             4             96  com.intellij.codeInspection.miscGenerics.RawTypeCanBeGenericInspection$1
8756:             3             96  com.intellij.codeInspection.nullable.NullableStuffInspection
8757:             3             96  com.intellij.codeInspection.redundantCast.RedundantCastInspection
8758:             3             96  com.intellij.codeInspection.reflectiveAccess.JavaReflectionMemberAccessInspection
8759:             4             96  com.intellij.codeInspection.streamMigration.SimplifyForEachInspection$1
8760:             4             96  com.intellij.codeInspection.streamMigration.StreamApiMigrationInspection$StreamApiMigrationVisitor
8761:             4             96  com.intellij.codeInspection.streamToLoop.StreamToLoopInspection$1
8762:             3             96  com.intellij.codeInspection.uncheckedWarnings.UncheckedWarningLocalInspection
8763:             3             96  com.intellij.codeInspection.unneededThrows.RedundantThrowsDeclarationInspection
8764:             4             96  com.intellij.codeInspection.unusedReturnValue.UnusedReturnValueLocalInspection
8765:             3             96  com.intellij.codeInspection.varScopeCanBeNarrowed.FieldCanBeLocalInspection
8766:             3             96  com.intellij.codeInspection.visibility.VisibilityInspection
8767:             3             96  com.intellij.coldFusion.injection.CfmlSplittedInjectionManager
8768:             3             96  com.intellij.coldFusion.injection.CfmlSplittedInjector
8769:             3             96  com.intellij.coldFusion.model.psi.CfmlLiteralExpressionType
8770:             4             96  com.intellij.compiler.ExternalCompilerConfigurationStorage
8771:             3             96  com.intellij.compiler.impl.CompileDriver
8772:             3             96  com.intellij.compiler.impl.CompileDriver$$Lambda$2954/1022184938
8773:             3             96  com.intellij.compiler.impl.CompileDriver$$Lambda$2955/1364477576
8774:             3             96  com.intellij.compiler.impl.CompilerCacheManager
8775:             3             96  com.intellij.compiler.progress.CompilerTask$CloseListener
8776:             2             96  com.intellij.compiler.server.AutoMakeMessageHandler
8777:             6             96  com.intellij.compiler.server.BuildManager$7
8778:             6             96  com.intellij.compiler.server.BuildManager$CancelBuildSessionAction
8779:             6             96  com.intellij.concurrency.IdeaForkJoinWorkerThreadFactory$$Lambda$993/785891011
8780:             4             96  com.intellij.configurationStore.SchemeManagerIprProvider
8781:             4             96  com.intellij.configurationStore.TypeMarker
8782:             4             96  com.intellij.credentialStore.ProviderType
8783:             2             96  com.intellij.credentialStore.kdbx.KdbxGroup
8784:             2             96  com.intellij.database.csv.CsvRecordFormat
8785:             3             96  com.intellij.database.csv.PersistentCsvFormat
8786:             4             96  com.intellij.database.dataSource.DataSourceStorage$$Lambda$1314/1338493984
8787:             4             96  com.intellij.database.dataSource.DataSourceStorage$Format
8788:             6             96  com.intellij.database.dataSource.srcStorage.DbSrcFileStatusProvider
8789:             3             96  com.intellij.database.psi.DbPsiFacadeImpl$State
8790:             4             96  com.intellij.database.run.ReservedCellValue
8791:             4             96  com.intellij.database.run.actions.ColumnFiltersGroup$FilterTemplate
8792:             3             96  com.intellij.database.run.actions.TransactionAction$TxIsolation
8793:             4             96  com.intellij.database.util.Case
8794:             4             96  com.intellij.database.view.DatabaseColorManager$LocalColors
8795:             3             96  com.intellij.debugger.impl.AlternativeJreClassFinder
8796:             4             96  com.intellij.debugger.impl.DebuggerManagerImpl$MyDebuggerStateManager
8797:             4             96  com.intellij.debugger.memory.component.InstancesTracker$MyState
8798:             6             96  com.intellij.debugger.streams.resolve.AllToResultResolver
8799:             4             96  com.intellij.debugger.ui.breakpoints.BreakpointManager$1
8800:             3             96  com.intellij.designer.DesignerToolWindow
8801:             3             96  com.intellij.designer.actions.StartInplaceEditing
8802:             3             96  com.intellij.designer.componentTree.ComponentTree$1
8803:             6             96  com.intellij.designer.inspection.AbstractQuickFixManager$$Lambda$737/716017540
8804:             6             96  com.intellij.designer.inspection.AbstractQuickFixManager$1
8805:             6             96  com.intellij.designer.inspection.AbstractQuickFixManager$2
8806:             6             96  com.intellij.designer.inspection.AbstractQuickFixManager$4
8807:             3             96  com.intellij.designer.palette.PalettePanel$4
8808:             3             96  com.intellij.designer.propertyTable.PropertyTable$MyEnterAction
8809:             3             96  com.intellij.designer.propertyTable.PropertyTable$MyRestoreDefaultAction
8810:             3             96  com.intellij.designer.propertyTable.PropertyTable$MyStartEditingAction
8811:             3             96  com.intellij.designer.propertyTable.PropertyTable$PropertyCellEditor
8812:             3             96  com.intellij.designer.propertyTable.actions.RestoreDefault
8813:             3             96  com.intellij.designer.propertyTable.actions.ShowColumns
8814:             3             96  com.intellij.designer.propertyTable.actions.ShowExpert
8815:             3             96  com.intellij.designer.propertyTable.actions.ShowJavadoc
8816:             3             96  com.intellij.diff.actions.impl.OpenInEditorAction
8817:             3             96  com.intellij.diff.impl.DiffRequestProcessor$MyNextChangeAction
8818:             3             96  com.intellij.diff.impl.DiffRequestProcessor$MyNextDifferenceAction
8819:             3             96  com.intellij.diff.impl.DiffRequestProcessor$MyPrevChangeAction
8820:             3             96  com.intellij.diff.impl.DiffRequestProcessor$MyPrevDifferenceAction
8821:             4             96  com.intellij.diff.impl.DiffSettingsHolder$State
8822:             2             96  com.intellij.diff.tools.external.ExternalDiffSettings$State
8823:             4             96  com.intellij.diff.util.TextDiffTypeFactory$TextDiffTypeImpl
8824:             4             96  com.intellij.dmserver.artifacts.plan.DMArtifactElementType
8825:             3             96  com.intellij.dmserver.editor.AvailableBundlesProvider$ProjectIndex
8826:             3             96  com.intellij.dmserver.editor.AvailableBundlesProvider$RepositoryIndex$BundlesCollector
8827:             3             96  com.intellij.dmserver.editor.AvailableBundlesProvider$RepositoryIndex$LibrariesCollector
8828:             4             96  com.intellij.dmserver.facet.DMUnitType
8829:             3             96  com.intellij.execution.ExecutionTargetManagerImpl
8830:             3             96  com.intellij.execution.ShortenCommandLine
8831:             6             96  com.intellij.execution.application.ApplicationRunLineMarkerProvider$$Lambda$5094/623315958
8832:             3             96  com.intellij.execution.console.ConsoleFoldingSettings$MyBean
8833:             6             96  com.intellij.execution.impl.ConsoleViewImpl$$Lambda$3056/1846471857
8834:             3             96  com.intellij.execution.impl.ConsoleViewImpl$HyperlinkNavigationAction
8835:             3             96  com.intellij.execution.impl.DefaultJavaProgramRunner$ControlBreakAction
8836:             3             96  com.intellij.execution.impl.DefaultJavaProgramRunner$SoftExitAction
8837:             3             96  com.intellij.execution.impl.RunConfigurationListManagerHelper
8838:             3             96  com.intellij.execution.impl.TimedIconCache
8839:             3             96  com.intellij.execution.impl.TokenBuffer
8840:             6             96  com.intellij.execution.lineMarker.RunLineMarkerProvider$$Lambda$5095/449618511
8841:             3             96  com.intellij.execution.process.AnsiEscapeDecoder
8842:             4             96  com.intellij.execution.process.ProcessHandler$State
8843:             3             96  com.intellij.execution.runners.ProcessProxyImpl
8844:             3             96  com.intellij.execution.ui.RunContentManagerImpl
8845:             3             96  com.intellij.execution.ui.RunContentManagerImpl$2
8846:             4             96  com.intellij.execution.ui.RunContentManagerImpl$3
8847:             4             96  com.intellij.execution.ui.RunContentManagerImpl$4
8848:             4             96  com.intellij.execution.ui.layout.PlaceInGrid
8849:             6             96  com.intellij.execution.ui.layout.impl.GridImpl$$Lambda$3005/466403173
8850:             4             96  com.intellij.execution.ui.layout.impl.RunnerLayout$General
8851:             4             96  com.intellij.facet.impl.FacetFinderImpl$AllFacetsOfTypeModificationTracker
8852:             3             96  com.intellij.facet.impl.ProjectWideFacetListenersRegistryImpl
8853:             4             96  com.intellij.facet.impl.ProjectWideFacetListenersRegistryImpl$2
8854:             3             96  com.intellij.facet.impl.ui.FacetDependentToolWindowManager
8855:             4             96  com.intellij.find.EditorSearchSession$$Lambda$5416/565336864
8856:             4             96  com.intellij.find.SearchReplaceComponent$1
8857:             4             96  com.intellij.find.editorHeaderActions.AddOccurrenceAction
8858:             4             96  com.intellij.find.editorHeaderActions.FindAllAction
8859:             4             96  com.intellij.find.editorHeaderActions.RemoveOccurrenceAction
8860:             4             96  com.intellij.find.editorHeaderActions.RestorePreviousSettingsAction
8861:             4             96  com.intellij.find.editorHeaderActions.SelectAllAction
8862:             4             96  com.intellij.find.editorHeaderActions.StatusTextAction
8863:             4             96  com.intellij.find.editorHeaderActions.SwitchToFind
8864:             4             96  com.intellij.find.editorHeaderActions.SwitchToReplace
8865:             4             96  com.intellij.find.editorHeaderActions.ToggleMatchCase
8866:             4             96  com.intellij.find.editorHeaderActions.TogglePreserveCaseAction
8867:             4             96  com.intellij.find.editorHeaderActions.ToggleRegex
8868:             4             96  com.intellij.find.editorHeaderActions.ToggleSelectionOnlyAction
8869:             4             96  com.intellij.find.editorHeaderActions.ToggleWholeWordsOnlyAction
8870:             6             96  com.intellij.formatting.Indent$Type
8871:             4             96  com.intellij.formatting.WrapImpl$Type
8872:             4             96  com.intellij.formatting.WrapType
8873:             3             96  com.intellij.framework.detection.impl.FrameworkDetectionManager$1
8874:             3             96  com.intellij.framework.detection.impl.exclude.DetectionExcludesConfigurationImpl
8875:             4             96  com.intellij.freemarker.FtlStackTraceFilterProvider$1
8876:             3             96  com.intellij.freemarker.FtlValidator
8877:             6             96  com.intellij.gwt.codeInsight.GwtPatterns$2
8878:             3             96  com.intellij.gwt.superSource.GwtSuperSourceElementFinder
8879:             3             96  com.intellij.hibernate.highlighting.HibernateValidator
8880:             6             96  com.intellij.hibernate.model.annotations.mapping.HibernateJamContributor$1
8881:             2             96  com.intellij.ide.GeneralSettings
8882:             6             96  com.intellij.ide.IdeEventQueue$$Lambda$43/1112692410
8883:             2             96  com.intellij.ide.RecentProjectsManagerBase$State
8884:             4             96  com.intellij.ide.b.g.g$a
8885:             4             96  com.intellij.ide.diff.DirDiffSettings$CompareMode
8886:             4             96  com.intellij.ide.fileTemplates.impl.FileTemplateManagerImpl$State
8887:             6             96  com.intellij.ide.highlighter.custom.impl.CustomFileTypeBraceMatcher
8888:             4             96  com.intellij.ide.impl.ContentManagerWatcher
8889:             3             96  com.intellij.ide.palette.impl.PaletteWindow$ClearActiveItemAction
8890:             3             96  com.intellij.ide.projectView.impl.ProjectViewImpl$FoldersAlwaysOnTopAction
8891:             3             96  com.intellij.ide.projectView.impl.ProjectViewImpl$ManualOrderAction
8892:             3             96  com.intellij.ide.projectView.impl.ProjectViewImpl$MyAutoScrollFromSourceHandler
8893:             3             96  com.intellij.ide.projectView.impl.ProjectViewImpl$ScrollFromSourceAction
8894:             3             96  com.intellij.ide.projectView.impl.ProjectViewImpl$SortByTypeAction
8895:             3             96  com.intellij.ide.projectView.impl.ProjectViewPane$ConfigureFilesNestingAction
8896:             3             96  com.intellij.ide.projectView.impl.ProjectViewPane$ProjectViewPaneTreeStructure
8897:             3             96  com.intellij.ide.projectView.impl.ProjectViewPane$ShowExcludedFilesAction
8898:             3             96  com.intellij.ide.scratch.ScratchProjectViewPane$MyRootNode$1
8899:             4             96  com.intellij.ide.todo.TodoPanelSettings
8900:             3             96  com.intellij.ide.ui.AntialiasingType
8901:             6             96  com.intellij.ide.util.frameworkSupport.FrameworkRole
8902:             2             96  com.intellij.ide.util.treeView.AbstractTreeUpdater
8903:             2             96  com.intellij.ide.util.treeView.AbstractTreeUpdater$1$1
8904:             3             96  com.intellij.internal.statistic.configurable.SendPeriod
8905:             3             96  com.intellij.j2ee.web.highlighting.MimeTypeInspection
8906:             3             96  com.intellij.j2ee.web.highlighting.WebXmlValidator
8907:             3             96  com.intellij.j2meplugin.module.J2MEModuleExtension
8908:             4             96  com.intellij.javaee.ExternalResourceManagerExImpl$1
8909:             3             96  com.intellij.javaee.PsiExternalResourceNotifier
8910:             3             96  com.intellij.javaee.view.ServersConfigManager
8911:             3             96  com.intellij.javaee.web.validation.JasperArtifactValidator
8912:             4             96  com.intellij.javascript.debugger.breakpoints.JavaScriptExceptionBreakpointProperties
8913:             3             96  com.intellij.javascript.flex.mxml.schema.CodeContextHolder
8914:             2             96  com.intellij.javascript.jest.JestRunSettings$Builder
8915:             4             96  com.intellij.javascript.nodejs.interpreter.NodeJsInterpreterManager
8916:             4             96  com.intellij.javascript.nodejs.library.NodeModulesLibrariesSnapshot
8917:             4             96  com.intellij.javascript.nodejs.packageJson.DefaultPackageJsonNotifierConfiguration
8918:             4             96  com.intellij.javascript.testFramework.interfaces.mochaTdd.MochaTddFileStructure
8919:             3             96  com.intellij.jboss.jbpm.model.impl.BpmnDomModelFactory
8920:             3             96  com.intellij.jpa.highlighting.JpaValidator
8921:             3             96  com.intellij.jsf.highlighting.FacesValidator
8922:             3             96  com.intellij.json.formatter.JsonCodeStyleSettings$PropertyAlignment
8923:             4             96  com.intellij.lang.ParserDefinition$SpaceRequirements
8924:             4             96  com.intellij.lang.ant.config.impl.artifacts.AntArtifactProperties
8925:             6             96  com.intellij.lang.aspectj.completion.AspectJKeywordCompletionContributor$1
8926:             4             96  com.intellij.lang.java.parser.DeclarationParser$Context
8927:             4             96  com.intellij.lang.java.parser.DeclarationParser$ListType
8928:             4             96  com.intellij.lang.javascript.buildTools.webpack.WebPackExcludePolicy
8929:             4             96  com.intellij.lang.javascript.buildTools.webpack.WebPackExecutor
8930:             3             96  com.intellij.lang.javascript.buildTools.webpack.WebPackResolve
8931:             6             96  com.intellij.lang.javascript.copyright.JSUpdateCopyrightsProvider
8932:             4             96  com.intellij.lang.javascript.flex.run.FlashRunnerParameters$AirMobileRunTarget
8933:             4             96  com.intellij.lang.javascript.formatter.JSCodeStyleSettings$JSXAttributeValuePresentation
8934:             4             96  com.intellij.lang.javascript.frameworks.webpack.WebpackUtil$WebpackVersion
8935:             4             96  com.intellij.lang.javascript.inspections.ES6ConvertModuleExportToExportInspection$1
8936:             3             96  com.intellij.lang.javascript.inspections.ES6ConvertRequireIntoImportInspection
8937:             4             96  com.intellij.lang.javascript.inspections.ES6ConvertRequireIntoImportInspection$1
8938:             4             96  com.intellij.lang.javascript.inspections.ES6ConvertToForOfInspection$1
8939:             4             96  com.intellij.lang.javascript.inspections.ES6MissingAwaitInspection$1
8940:             4             96  com.intellij.lang.javascript.inspections.ES6ShorthandObjectPropertyInspection$1
8941:             4             96  com.intellij.lang.javascript.inspections.JSArrowFunctionBracesCanBeRemovedInspection$1
8942:             3             96  com.intellij.lang.javascript.inspections.JSCheckFunctionSignaturesInspection
8943:             3             96  com.intellij.lang.javascript.inspections.JSEqualityComparisonWithCoercionInspection
8944:             3             96  com.intellij.lang.javascript.inspections.JSFileReferencesInspection
8945:             4             96  com.intellij.lang.javascript.inspections.JSFunctionExpressionToArrowFunctionInspection$1
8946:             4             96  com.intellij.lang.javascript.inspections.JSFunctionExpressionToArrowFunctionQuickFix$NameChecker
8947:             3             96  com.intellij.lang.javascript.inspections.JSJQueryEfficiencyInspection
8948:             3             96  com.intellij.lang.javascript.inspections.JSNonASCIINamesInspection
8949:             3             96  com.intellij.lang.javascript.inspections.JSPotentiallyInvalidConstructorUsageInspection
8950:             4             96  com.intellij.lang.javascript.inspections.JSRemoveUnnecessaryParenthesesInspection$1
8951:             4             96  com.intellij.lang.javascript.inspections.JSStringConcatenationToES6TemplateInspection$1
8952:             3             96  com.intellij.lang.javascript.inspections.JSUndeclaredVariableInspection
8953:             3             96  com.intellij.lang.javascript.inspections.JSUnfilteredForInLoopInspection
8954:             3             96  com.intellij.lang.javascript.inspections.JSUnresolvedFunctionInspection
8955:             3             96  com.intellij.lang.javascript.inspections.JSUnresolvedVariableInspection
8956:             3             96  com.intellij.lang.javascript.inspections.JSUnusedGlobalSymbolsInspection
8957:             3             96  com.intellij.lang.javascript.inspections.JSUnusedLocalSymbolsInspection
8958:             3             96  com.intellij.lang.javascript.inspections.JSXNamespaceValidationInspection
8959:             3             96  com.intellij.lang.javascript.inspections.UnterminatedStatementJSInspection
8960:             3             96  com.intellij.lang.javascript.intentions.ES6ConvertVarToLetConstInspection
8961:             2             96  com.intellij.lang.javascript.json.ProxyingAnnotationHolder
8962:             4             96  com.intellij.lang.javascript.library.JSPredefinedLibrariesData$2
8963:             6             96  com.intellij.lang.javascript.linter.LinterCodeStyleImportSourceTracker$$Lambda$1177/1997565203
8964:             3             96  com.intellij.lang.javascript.linter.jscs.JscsExternalAnnotator
8965:             4             96  com.intellij.lang.javascript.parsing.ExpressionParser$BinaryParsingState
8966:             4             96  com.intellij.lang.javascript.parsing.StatementParser$BlockType
8967:             3             96  com.intellij.lang.javascript.patterns.JSPatterns$4
8968:             4             96  com.intellij.lang.javascript.psi.JSFile$ModuleStatus
8969:             4             96  com.intellij.lang.javascript.psi.JSFunction$FunctionKind
8970:             4             96  com.intellij.lang.javascript.psi.JSType$TypeTextFormat
8971:             4             96  com.intellij.lang.javascript.psi.JSTypeUtils$RecordTypeNode
8972:             3             96  com.intellij.lang.javascript.psi.ecma6.impl.TypeScriptTypeParameterDefaultImpl
8973:             4             96  com.intellij.lang.javascript.psi.ecmal4.JSAttributeList$AccessType
8974:             4             96  com.intellij.lang.javascript.psi.jsdoc.JSDocComment$BrowserFamily
8975:             4             96  com.intellij.lang.javascript.psi.resolve.BaseJSSymbolProcessor$MatchType
8976:             4             96  com.intellij.lang.javascript.psi.resolve.QualifiedItemProcessor$TypeResolveState
8977:             4             96  com.intellij.lang.javascript.psi.stubs.JSImplicitElement$Property
8978:             4             96  com.intellij.lang.javascript.psi.types.JSCompositeTypeBaseImpl$$Lambda$2649/2017648984
8979:             4             96  com.intellij.lang.javascript.psi.types.JSCompositeTypeImpl$OptimizedKind
8980:             4             96  com.intellij.lang.javascript.psi.types.JSTypeCastUtil$AssignableResult
8981:             4             96  com.intellij.lang.javascript.psi.types.JSTypeContext
8982:             4             96  com.intellij.lang.javascript.service.JSLanguageServiceProcessConnector
8983:             4             96  com.intellij.lang.javascript.settings.JSRootConfigurationImpl
8984:             2             96  com.intellij.lang.javascript.template.postfix.JSNotExpressionPostfixTemplate
8985:             4             96  com.intellij.lang.jvm.JvmClassKind
8986:             3             96  com.intellij.lang.jvm.facade.JvmFacadeImpl
8987:             4             96  com.intellij.lang.properties.parsing.PropertiesElementType
8988:             3             96  com.intellij.lang.properties.psi.impl.PropertiesListImpl
8989:             4             96  com.intellij.lang.typescript.TypeScriptSettings$TypeScriptSettingsState
8990:             4             96  com.intellij.lang.typescript.compiler.TypeScriptCompilerSettings
8991:             3             96  com.intellij.lang.typescript.compiler.TypeScriptLanguageServiceToolWindowManager$4
8992:             3             96  com.intellij.lang.typescript.compiler.TypeScriptToolWindowProvider$1
8993:             4             96  com.intellij.lang.typescript.compiler.languageService.TypeScriptServerServiceImpl$$Lambda$1861/962245024
8994:             4             96  com.intellij.lang.typescript.inspection.TypeScriptMissingAugmentationImportInspection$1
8995:             3             96  com.intellij.lang.typescript.inspection.TypescriptExplicitMemberTypeInspection
8996:             4             96  com.intellij.lang.typescript.inspection.TypescriptExplicitMemberTypeInspection$1
8997:             4             96  com.intellij.lang.typescript.settings.exclude.TypeScriptGeneratedFilesManager
8998:             4             96  com.intellij.lang.typescript.tsconfig.TypeScriptConfig$LanguageTarget
8999:             3             96  com.intellij.lang.typescript.tsconfig.TypeScriptJsonSchemaProviderFactory$1
9000:             6             96  com.intellij.lang.xml.XmlCommenter
9001:             3             96  com.intellij.notification.EventLog$ProjectTracker
9002:             4             96  com.intellij.notification.NotificationDisplayType
9003:             4             96  com.intellij.openapi.actionSystem.ActionToolbarPosition
9004:             4             96  com.intellij.openapi.actionSystem.AnAction$$Lambda$418/959213513
9005:             4             96  com.intellij.openapi.actionSystem.ex.ComboBoxAction$ComboBoxButton$1
9006:             4             96  com.intellij.openapi.actionSystem.ex.ComboBoxAction$ComboBoxButton$2
9007:             4             96  com.intellij.openapi.actionSystem.ex.ComboBoxAction$ComboBoxButton$3
9008:             4             96  com.intellij.openapi.compiler.generic.GenericCompiler$CompileOrderPlace
9009:             4             96  com.intellij.openapi.compiler.options.ExcludedEntriesConfiguration
9010:             4             96  com.intellij.openapi.components.impl.ProjectPathMacroManager
9011:             2             96  com.intellij.openapi.diagnostic.FrequentEventDetector
9012:             3             96  com.intellij.openapi.diff.actions.HighlightModeAction$HighlightingModeAction
9013:             3             96  com.intellij.openapi.diff.actions.IgnoreWhiteSpacesAction$IgnoringPolicyAction
9014:             4             96  com.intellij.openapi.editor.actionSystem.EditorTypedHandlerBean
9015:             3             96  com.intellij.openapi.editor.actions.ScrollToTheEndToolbarAction
9016:             4             96  com.intellij.openapi.editor.colors.impl.TextAttributesReader$FontStyle
9017:             4             96  com.intellij.openapi.editor.event.VisibleAreaEvent
9018:             2             96  com.intellij.openapi.editor.impl.CaretImpl$SelectionMarker
9019:             6             96  com.intellij.openapi.editor.impl.CaretModelImpl$1
9020:             4             96  com.intellij.openapi.editor.impl.EditorComponentImpl$AccessibleEditorComponentImpl$1
9021:             6             96  com.intellij.openapi.editor.impl.EditorGutterComponentImpl$1
9022:             6             96  com.intellij.openapi.editor.impl.EditorImpl$4
9023:             6             96  com.intellij.openapi.editor.impl.EditorImpl$5
9024:             6             96  com.intellij.openapi.editor.impl.EditorImpl$9
9025:             6             96  com.intellij.openapi.editor.impl.EditorImpl$EditorDocumentAdapter
9026:             6             96  com.intellij.openapi.editor.impl.EditorImpl$MyEditable
9027:             6             96  com.intellij.openapi.editor.impl.ImmediatePainter$$Lambda$1002/114349842
9028:             6             96  com.intellij.openapi.editor.impl.InlayModelImpl$2
9029:             6             96  com.intellij.openapi.editor.impl.view.TextLayoutCache$2
9030:             3             96  com.intellij.openapi.extensions.LoadingOrder
9031:             6             96  com.intellij.openapi.extensions.impl.ExtensionsAreaImpl$1
9032:             3             96  com.intellij.openapi.externalSystem.service.project.manage.ExternalProjectsDataStorage
9033:             4             96  com.intellij.openapi.externalSystem.service.project.manage.ExternalProjectsState
9034:             2             96  com.intellij.openapi.fileChooser.FileChooserDescriptor
9035:             4             96  com.intellij.openapi.fileEditor.FileEditorPolicy
9036:             3             96  com.intellij.openapi.fileEditor.impl.EditorTabbedContainer
9037:             3             96  com.intellij.openapi.fileEditor.impl.EditorTabbedContainer$MyTransferHandler
9038:             3             96  com.intellij.openapi.fileEditor.impl.EditorWindow$2
9039:             3             96  com.intellij.openapi.fileEditor.impl.EditorsSplitters$MyFocusWatcher
9040:             3             96  com.intellij.openapi.fileEditor.impl.EditorsSplitters$MyTransferHandler
9041:             3             96  com.intellij.openapi.fileEditor.impl.LoadTextUtil$SevenBitCharset
9042:             4             96  com.intellij.openapi.fileTypes.WildcardFileNameMatcher
9043:             3             96  com.intellij.openapi.fileTypes.impl.FileTypeAssocTable
9044:             1             96  com.intellij.openapi.fileTypes.impl.FileTypeManagerImpl
9045:             4             96  com.intellij.openapi.module.impl.ExternalModuleListStorage
9046:             3             96  com.intellij.openapi.module.impl.ModulePointerManagerImpl
9047:             3             96  com.intellij.openapi.module.impl.scopes.ModuleWithDependentsTestScope
9048:             4             96  com.intellij.openapi.options.ex.ConfigurableWrapper
9049:             6             96  com.intellij.openapi.progress.util.AbstractProgressIndicatorExBase$$Lambda$200/277615374
9050:             1             96  com.intellij.openapi.progress.util.StatusBarProgress
9051:             4             96  com.intellij.openapi.project.DumbServiceImpl$State
9052:             4             96  com.intellij.openapi.project.impl.ProjectImpl$1
9053:             3             96  com.intellij.openapi.roots.LanguageLevelModuleExtensionImpl
9054:             3             96  com.intellij.openapi.roots.impl.LanguageLevelProjectExtensionImpl
9055:             4             96  com.intellij.openapi.roots.impl.ProjectFileIndexFacade
9056:             4             96  com.intellij.openapi.roots.impl.ProjectRootManagerImpl$RootProviderChangeListener
9057:             3             96  com.intellij.openapi.roots.impl.PushedFilePropertiesUpdaterImpl
9058:             3             96  com.intellij.openapi.roots.impl.SourceFolderImpl
9059:             3             96  com.intellij.openapi.ui.MultiLineLabelUI
9060:             4             96  com.intellij.openapi.ui.popup.Balloon$Position
9061:             4             96  com.intellij.openapi.ui.popup.LightweightWindowEvent
9062:             4             96  com.intellij.openapi.ui.popup.ListSeparator
9063:             4             96  com.intellij.openapi.util.Conditions$And
9064:             4             96  com.intellij.openapi.util.Conditions$Or
9065:             4             96  com.intellij.openapi.util.NullableLazyKey
9066:             4             96  com.intellij.openapi.util.RequestsMerger$MyExitAction
9067:             4             96  com.intellij.openapi.util.RequestsMerger$MyWorker
9068:             3             96  com.intellij.openapi.vcs.IssueNavigationConfiguration
9069:             6             96  com.intellij.openapi.vcs.StartedActivated$$Lambda$583/363728820
9070:             6             96  com.intellij.openapi.vcs.StartedActivated$$Lambda$584/1220281456
9071:             6             96  com.intellij.openapi.vcs.StartedActivated$$Lambda$585/1052203614
9072:             6             96  com.intellij.openapi.vcs.StartedActivated$$Lambda$586/1463809900
9073:             4             96  com.intellij.openapi.vcs.VcsFileListenerContextHelper
9074:             2             96  com.intellij.openapi.vcs.actions.VcsActionGroup
9075:             4             96  com.intellij.openapi.vcs.changes.Change$Type
9076:             3             96  com.intellij.openapi.vcs.changes.ChangeListManagerImpl$MyChangesDeltaForwarder
9077:             4             96  com.intellij.openapi.vcs.changes.ChangeListWorker$PartialChangeTrackerDump
9078:             4             96  com.intellij.openapi.vcs.changes.ChangeListsIndexes
9079:             4             96  com.intellij.openapi.vcs.changes.ChangesViewManager$State
9080:             3             96  com.intellij.openapi.vcs.changes.ChangesViewManager$ToggleDetailsAction
9081:             3             96  com.intellij.openapi.vcs.changes.ChangesViewManager$ToggleShowIgnoredAction
9082:             3             96  com.intellij.openapi.vcs.changes.ControlledCycle
9083:             3             96  com.intellij.openapi.vcs.changes.ControlledCycle$1
9084:             3             96  com.intellij.openapi.vcs.changes.Modifier
9085:             4             96  com.intellij.openapi.vcs.changes.VirtualFileHolder$$Lambda$3257/1664621255
9086:             3             96  com.intellij.openapi.vcs.changes.committed.CachesHolder
9087:             3             96  com.intellij.openapi.vcs.changes.committed.OutdatedVersionNotifier
9088:             4             96  com.intellij.openapi.vcs.changes.issueLinks.IssueLinkRenderer$$Lambda$2035/231540688
9089:             6             96  com.intellij.openapi.vcs.changes.ui.ChangeListRemoteState
9090:             6             96  com.intellij.openapi.vcs.changes.ui.ChangesBrowserUnversionedFilesNode$$Lambda$2234/542311319
9091:             3             96  com.intellij.openapi.vcs.changes.ui.ChangesGroupingSupport$Companion$collectFactories$1
9092:             6             96  com.intellij.openapi.vcs.changes.ui.ChangesGroupingSupport$grouping$1
9093:             4             96  com.intellij.openapi.vcs.contentAnnotation.VcsContentAnnotationSettings$State
9094:             4             96  com.intellij.openapi.vcs.history.VcsHistoryCache
9095:             4             96  com.intellij.openapi.vcs.impl.FileStatusManagerImpl$1
9096:             4             96  com.intellij.openapi.vcs.impl.ModuleDefaultVcsRootPolicy
9097:             6             96  com.intellij.openapi.vcs.impl.VcsFileStatusProvider$1
9098:             4             96  com.intellij.openapi.vcs.impl.projectlevelman.FileWatchRequestsManager
9099:             4             96  com.intellij.openapi.vcs.impl.projectlevelman.MappingsToRoots
9100:             4             96  com.intellij.openapi.vcs.impl.projectlevelman.OptionsAndConfirmations
9101:             3             96  com.intellij.openapi.vcs.readOnlyHandler.ReadonlyStatusHandlerImpl
9102:             4             96  com.intellij.openapi.vfs.CharsetToolkit$GuessedEncoding
9103:             4             96  com.intellij.openapi.wm.ToolWindowType
9104:             4             96  com.intellij.openapi.wm.impl.ToolWindowManagerImpl$KeyState
9105:             4             96  com.intellij.openapi.wm.impl.status.IdeStatusBarImpl$$Lambda$718/1615205439
9106:             3             96  com.intellij.openapi.wm.impl.status.InfoAndProgressPanel$1
9107:             4             96  com.intellij.openapi.wm.impl.status.InfoAndProgressPanel$1MyListener
9108:             3             96  com.intellij.openapi.wm.impl.status.StatusPanel$4
9109:             4             96  com.intellij.packageDependencies.DependencyValidationManagerImpl$State
9110:             2             96  com.intellij.packaging.impl.artifacts.ArtifactImpl
9111:             3             96  com.intellij.packaging.impl.artifacts.ArtifactManagerImpl$ArtifactManagerModel
9112:             3             96  com.intellij.patterns.PsiElementPattern$7
9113:             4             96  com.intellij.patterns.PsiFilePattern$2
9114:             4             96  com.intellij.patterns.PsiFilePattern$3
9115:             3             96  com.intellij.patterns.PsiJavaElementPattern$4
9116:             4             96  com.intellij.persistence.roles.PersistenceClassRoleEnum
9117:             6             96  com.intellij.plugins.jboss.arquillian.runConfiguration.ArquillianRunConfiguration
9118:             4             96  com.intellij.plugins.jboss.arquillian.runConfiguration.ArquillianTestNGRunConfigurationType$ArqConfigurationFactory
9119:             4             96  com.intellij.profile.codeInspection.ProjectInspectionProfileManager$schemeManager$1
9120:             6             96  com.intellij.psi.NonClasspathClassFinder$$Lambda$800/1064909982
9121:             6             96  com.intellij.psi.NonClasspathClassFinder$1
9122:             4             96  com.intellij.psi.availability.PsiAvailabilityServiceImpl$ParsedState
9123:             4             96  com.intellij.psi.codeStyle.CodeStyleSettings$$Lambda$822/617725208
9124:             4             96  com.intellij.psi.codeStyle.CodeStyleSettingsManager$1
9125:             3             96  com.intellij.psi.controlFlow.ControlFlowFactory$ControlFlowContext
9126:             3             96  com.intellij.psi.css.descriptor.CssFunctionDescriptorStub
9127:             4             96  com.intellij.psi.css.impl.descriptor.value.CssGroupValue$Type
9128:             4             96  com.intellij.psi.css.impl.descriptor.value.CssIdValue
9129:             4             96  com.intellij.psi.css.impl.util.completion.AngleUserLookup
9130:             4             96  com.intellij.psi.css.impl.util.table.CssTableValue$Type
9131:             6             96  com.intellij.psi.filters.position.RootTagFilter
9132:             4             96  com.intellij.psi.impl.ElementBase$IconLayer
9133:             3             96  com.intellij.psi.impl.JavaPsiFacadeImpl$2
9134:             4             96  com.intellij.psi.impl.PsiCachedValuesFactory
9135:             4             96  com.intellij.psi.impl.PsiManagerImpl$4
9136:             2             96  com.intellij.psi.impl.file.PsiBinaryFileImpl
9137:             2             96  com.intellij.psi.impl.file.PsiLargeBinaryFileImpl
9138:             3             96  com.intellij.psi.impl.file.impl.JavaFileManagerImpl
9139:             4             96  com.intellij.psi.impl.java.stubs.FunctionalExpressionKey$CoarseType
9140:             3             96  com.intellij.psi.impl.source.AstPathPsiMap$MyReferenceQueue
9141:             3             96  com.intellij.psi.impl.source.jsp.JspContextManagerImpl
9142:             4             96  com.intellij.psi.impl.source.parsing.xml.XmlBuilder$ProcessingOrder
9143:             2             96  com.intellij.psi.impl.source.resolve.ClassResolverProcessor
9144:             3             96  com.intellij.psi.impl.source.resolve.ResolveCache$$Lambda$1677/11346598
9145:             3             96  com.intellij.psi.impl.source.tree.injected.ClassMapCachingNulls
9146:             3             96  com.intellij.psi.impl.source.tree.injected.InjectedLanguageManagerImpl
9147:             3             96  com.intellij.psi.impl.source.tree.injected.JavaConcatenationInjectorManager
9148:             6             96  com.intellij.psi.scope.ElementClassFilter
9149:             3             96  com.intellij.psi.search.ProjectAndLibrariesScope
9150:             4             96  com.intellij.psi.util.proximity.ReferenceListWeigher$ReferenceListApplicability
9151:             3             96  com.intellij.remoteServer.util.importProject.CloudGitRemoteDetector
9152:             3             96  com.intellij.semantic.SemServiceImpl
9153:             4             96  com.intellij.spellchecker.state.ProjectDictionaryState
9154:             4             96  com.intellij.spring.boot.application.metadata.SpringBootApplicationMetaConfigKey$AccessType
9155:             4             96  com.intellij.spring.boot.application.metadata.SpringBootApplicationMetaConfigKey$DeclarationResolveResult
9156:             4             96  com.intellij.spring.boot.application.metadata.SpringBootApplicationMetaConfigKeyManagerImpl$$Lambda$2619/453706626
9157:             4             96  com.intellij.spring.boot.model.SpringBootModelConfigFileNameContributor$CustomSettingDescriptor
9158:             6             96  com.intellij.spring.boot.model.jam.StringLiteralPsiClassConverter
9159:             2             96  com.intellij.spring.boot.run.lifecycle.ApplicationAdminJmxNameLiveProperty
9160:             2             96  com.intellij.spring.boot.run.lifecycle.ApplicationUrlLiveProperty
9161:             2             96  com.intellij.spring.boot.run.lifecycle.ServerPortLiveProperty
9162:             2             96  com.intellij.spring.boot.run.lifecycle.SpringBootApplicationInfoImpl$1
9163:             2             96  com.intellij.spring.boot.run.lifecycle.SpringBootApplicationInfoImpl$2
9164:             3             96  com.intellij.spring.boot.run.lifecycle.tabs.HealthTab$3
9165:             3             96  com.intellij.spring.boot.run.lifecycle.tabs.HealthTab$CollapseAllAction
9166:             3             96  com.intellij.spring.boot.run.lifecycle.tabs.HealthTab$ExpandAllAction
9167:             3             96  com.intellij.spring.boot.run.lifecycle.tabs.LiveBeansTab$2
9168:             3             96  com.intellij.spring.boot.run.lifecycle.tabs.LiveBeansTab$3
9169:             3             96  com.intellij.spring.boot.run.lifecycle.tabs.LiveBeansTab$4
9170:             3             96  com.intellij.spring.boot.run.lifecycle.tabs.LiveBeansTab$5
9171:             3             96  com.intellij.spring.boot.run.lifecycle.tabs.RequestMappingsPanel$1
9172:             3             96  com.intellij.spring.boot.run.lifecycle.tabs.RequestMappingsPanel$2
9173:             3             96  com.intellij.spring.boot.run.lifecycle.tabs.RequestMappingsPanel$5
9174:             3             96  com.intellij.spring.boot.run.lifecycle.tabs.RequestMappingsTab$3
9175:             3             96  com.intellij.spring.boot.run.lifecycle.tabs.RequestMappingsTab$MarkAsDefaultAction
9176:             3             96  com.intellij.spring.boot.run.lifecycle.tabs.RequestMappingsTab$OpenInBrowserAction
9177:             3             96  com.intellij.spring.boot.run.lifecycle.tabs.RequestMappingsTab$RestoreEmptyDefaultPathAction
9178:             3             96  com.intellij.spring.boot.run.lifecycle.tabs.SpringBootApplicationEndpointsTab$1
9179:             3             96  com.intellij.spring.boot.run.lifecycle.tabs.SpringBootApplicationEndpointsTab$5
9180:             3             96  com.intellij.spring.boot.run.lifecycle.tabs.SpringBootApplicationEndpointsTab$FocusOnStartAction
9181:             4             96  com.intellij.spring.contexts.model.graph.LocalModelDependencyType
9182:             3             96  com.intellij.spring.impl.SpringModificationTrackersManagerImpl
9183:             4             96  com.intellij.spring.model.custom.CustomComponentsDiscovererHelper$1$$Lambda$2826/256354814
9184:             3             96  com.intellij.spring.model.highlighting.SpringValidator
9185:             4             96  com.intellij.spring.model.highlighting.config.SpringFacetCodeInspection
9186:             4             96  com.intellij.spring.model.highlighting.config.SpringFacetProgrammaticInspection
9187:             4             96  com.intellij.spring.model.utils.SpringCacheUtils$$Lambda$3866/740339059
9188:             4             96  com.intellij.spring.web.mvc.model.SpringMVCModelImpl$1
9189:             4             96  com.intellij.spring.web.mvc.model.SpringMVCModelImpl$2
9190:             4             96  com.intellij.spring.web.mvc.model.SpringMVCModelImpl$3
9191:             3             96  com.intellij.spring.webflow.actions.patterns.GenerateWebflowPatternsGroup$WebflowBeanGenerateAction
9192:             3             96  com.intellij.spring.webflow.inspections.WebflowModelInspectionValidator
9193:             3             96  com.intellij.sql.database.SqlDataSourceUpdateQueue
9194:             3             96  com.intellij.sql.database.SqlDbManager
9195:             4             96  com.intellij.sql.dialects.ReservedEntity
9196:             3             96  com.intellij.sql.psi.stubs.SqlSpecificChildStubElementType
9197:             4             96  com.intellij.sql.psi.stubs.SqlTableKeyElementType
9198:             3             96  com.intellij.structuralsearch.IdeaOpenApiClassFinder
9199:             3             96  com.intellij.struts.highlighting.StrutsValidator
9200:             3             96  com.intellij.struts.highlighting.TilesValidator
9201:             3             96  com.intellij.struts.highlighting.ValidationValidator
9202:             3             96  com.intellij.struts2.dom.inspection.Struts2ModelInspection
9203:             3             96  com.intellij.struts2.dom.inspection.Struts2ModelValidator
9204:             3             96  com.intellij.struts2.dom.inspection.ValidatorModelValidator
9205:             4             96  com.intellij.tasks.ChangeListInfo
9206:             4             96  com.intellij.tasks.TaskType
9207:             4             96  com.intellij.tasks.impl.TaskManagerImpl$$Lambda$589/1544094001
9208:             4             96  com.intellij.tasks.impl.TaskProjectConfiguration
9209:             3             96  com.intellij.ui.AutoScrollFromSourceHandler$AutoScrollFromSourceAction
9210:             4             96  com.intellij.ui.AutoScrollToSourceHandler$1
9211:             4             96  com.intellij.ui.AutoScrollToSourceHandler$2
9212:             4             96  com.intellij.ui.AutoScrollToSourceHandler$3
9213:             4             96  com.intellij.ui.DeferredIconImpl$RepaintRequest
9214:             3             96  com.intellij.ui.FinderRecursivePanel$3
9215:             3             96  com.intellij.ui.FinderRecursivePanel$4
9216:             3             96  com.intellij.ui.FinderRecursivePanel$5
9217:             6             96  com.intellij.ui.LightweightHint$MyEscListener
9218:             4             96  com.intellij.ui.components.JBScrollPane$Alignment
9219:             4             96  com.intellij.ui.components.JBScrollPane$Flip
9220:             4             96  com.intellij.ui.components.ScrollPainter$ColorFunction
9221:             3             96  com.intellij.ui.components.ScrollPainter$Round
9222:             4             96  com.intellij.ui.paint.LinePainter2D$StrokeType
9223:             4             96  com.intellij.ui.popup.BalloonPopupBuilderImpl$2
9224:             3             96  com.intellij.ui.tabs.FileColorsModel
9225:             4             96  com.intellij.ui.tabs.JBTabsPosition
9226:             4             96  com.intellij.ui.tabs.impl.JBTabsImpl$Max
9227:             3             96  com.intellij.ui.tree.AsyncTreeModel$CmdGetRoot
9228:             4             96  com.intellij.ui.tree.TreeVisitor$Action
9229:             3             96  com.intellij.ui.treeStructure.PatchedDefaultMutableTreeNode
9230:             4             96  com.intellij.ui.treeStructure.SimpleTreeBuilder
9231:             4             96  com.intellij.uiDesigner.GuiDesignerConfiguration
9232:             4             96  com.intellij.uiDesigner.actions.ShowJavadocAction
9233:             3             96  com.intellij.uiDesigner.actions.StartInplaceEditingAction
9234:             3             96  com.intellij.uiDesigner.componentTree.ComponentTree$1
9235:             3             96  com.intellij.uiDesigner.propertyInspector.DesignerToolWindow
9236:             3             96  com.intellij.uiDesigner.propertyInspector.PropertyInspectorTable$MyCellEditor
9237:             3             96  com.intellij.uiDesigner.propertyInspector.PropertyInspectorTable$MyEnterAction
9238:             3             96  com.intellij.uiDesigner.propertyInspector.PropertyInspectorTable$MySelectNextRowAction
9239:             3             96  com.intellij.uiDesigner.propertyInspector.PropertyInspectorTable$MySelectPreviousRowAction
9240:             3             96  com.intellij.uiDesigner.propertyInspector.PropertyInspectorTable$MyStartEditingAction
9241:             3             96  com.intellij.uiDesigner.propertyInspector.editors.BindingEditor$2
9242:             3             96  com.intellij.uiDesigner.propertyInspector.properties.BindingProperty
9243:             3             96  com.intellij.uiDesigner.propertyInspector.properties.BorderProperty
9244:             3             96  com.intellij.uiDesigner.propertyInspector.properties.BorderProperty$MyBorderColorProperty
9245:             3             96  com.intellij.uiDesigner.propertyInspector.properties.BorderProperty$MyTitleFontProperty
9246:             3             96  com.intellij.uiDesigner.propertyInspector.properties.BorderProperty$MyTitleProperty
9247:             3             96  com.intellij.uiDesigner.propertyInspector.properties.BorderProperty$MyTypeProperty
9248:             3             96  com.intellij.uiDesigner.propertyInspector.properties.ButtonGroupProperty
9249:             3             96  com.intellij.uiDesigner.propertyInspector.properties.ButtonGroupProperty$MyPropertyEditor
9250:             3             96  com.intellij.uiDesigner.propertyInspector.properties.ClassToBindProperty
9251:             3             96  com.intellij.uiDesigner.propertyInspector.properties.ClassToBindProperty$MyEditor$MyCancelEditingAction
9252:             3             96  com.intellij.uiDesigner.propertyInspector.properties.LayoutManagerProperty
9253:             6             96  com.intellij.uiDesigner.quickFixes.FocusListenerImpl
9254:             1             96  com.intellij.usages.ShowUsageViewSettings
9255:             1             96  com.intellij.usages.UsageViewSettings
9256:             4             96  com.intellij.util.Alarm$ThreadToUse
9257:             4             96  com.intellij.util.CachedValuesManagerImpl
9258:             3             96  com.intellij.util.LineSeparator
9259:             4             96  com.intellij.util.config.StringProperty
9260:             6             96  com.intellij.util.containers.ConcurrentBitSet
9261:             4             96  com.intellij.util.containers.ContainerUtil$13
9262:             4             96  com.intellij.util.containers.JBIterable$6
9263:             4             96  com.intellij.util.containers.JBIterator$WhileOp
9264:             4             96  com.intellij.util.containers.MultiMap$4
9265:             4             96  com.intellij.util.containers.WeakKeyWeakValueHashMap
9266:             4             96  com.intellij.util.diff.DiffTree$CompareResult
9267:             4             96  com.intellij.util.graph.DFSTBuilder$2$1$1$1
9268:             6             96  com.intellij.util.io.EnumeratorStringDescriptor
9269:             6             96  com.intellij.util.io.fs.FilePath
9270:             4             96  com.intellij.util.messages.impl.MessageListenerList
9271:             4             96  com.intellij.util.ui.JBUI$ScaleType
9272:             4             96  com.intellij.util.ui.UIUtil$ComponentStyle
9273:             4             96  com.intellij.util.ui.UIUtil$JBHtmlEditorKit$2
9274:             4             96  com.intellij.util.ui.tree.TreeModelAdapter$EventType
9275:             4             96  com.intellij.util.ui.tree.TreeUtil$$Lambda$2038/2042972886
9276:             6             96  com.intellij.util.ui.update.UiNotifyConnector$$Lambda$369/1625120996
9277:             3             96  com.intellij.util.xml.XmlFileHeader
9278:             6             96  com.intellij.util.xml.impl.DomSemContributor$1$$Lambda$2639/1025598463
9279:             6             96  com.intellij.util.xml.impl.GenericValueReferenceProvider
9280:             4             96  com.intellij.vcs.commit.CommitMessageSpellCheckingInspection
9281:             4             96  com.intellij.vcs.commit.SubjectBodySeparationInspection
9282:             1             96  com.intellij.vcs.log.data.VcsLogStorageImpl$MyPersistentBTreeEnumerator
9283:             3             96  com.intellij.vcs.log.data.index.VcsLogFullDetailsIndex$MyIndexExtension
9284:             2             96  com.intellij.vcs.log.impl.VcsLogUiPropertiesImpl$State
9285:             3             96  com.intellij.vcs.log.impl.VcsRefImpl
9286:             4             96  com.intellij.vcs.log.impl.VcsUserImpl
9287:             4             96  com.intellij.ws.http.request.completion.HttpSuffixInsertHandler
9288:             1             96  com.intellij.xdebugger.impl.XDebuggerSupport
9289:             3             96  com.intellij.xdebugger.impl.breakpoints.XDependentBreakpointManager
9290:             3             96  com.intellij.xdebugger.impl.breakpoints.XLineBreakpointManager
9291:             4             96  com.intellij.xml.impl.schema.ComplexTypeDescriptor$CanContainAttributeType
9292:             4             96  com.jediterm.terminal.emulator.charset.GraphicSet
9293:             4             96  com.jediterm.terminal.emulator.mouse.MouseFormat
9294:             3             96  com.jetbrains.jsonSchema.JsonSchemaVfsListener$MyUpdater
9295:             3             96  com.jetbrains.jsonSchema.impl.JsonSchemaServiceImpl
9296:             2             96  com.jetbrains.plugins.webDeployment.actions.DeploymentActionGroup
9297:             3             96  com.jetbrains.plugins.webDeployment.config.PublishConfig
9298:             4             96  com.jetbrains.plugins.webDeployment.config.WebServersConfigManagerBaseImpl$AppState
9299:             3             96  com.jetbrains.plugins.webDeployment.config.WebServersConfigManagerBaseImpl$Project
9300:             6             96  com.jetbrains.plugins.webDeployment.config.WebServersConfigManagerBaseImpl$State
9301:             3             96  com.jetbrains.plugins.webDeployment.config.sftp.HostKeyCheckingLevel
9302:             3             96  com.jetbrains.plugins.webDeployment.conflicts.RemoteChangeNotifier
9303:             4             96  com.jetbrains.quirksmode.BrowserFamily
9304:             4             96  com.jetbrains.quirksmode.HtmlTagPattern$3
9305:             3             96  com.rover12421.exTENdS.pROTecteD
9306:             3             96  com.rover12421.exTENdS.pROTecteD
9307:             6             96  com.rover12421.exTENdS.privAte
9308:             6             96  com.rover12421.exTENdS.privAte
9309:             3             96  com.sixrr.inspectjs.bitwise.PointlessBitwiseExpressionJSInspection
9310:             3             96  com.sixrr.inspectjs.confusing.EmptyStatementBodyJSInspection
9311:             3             96  com.sixrr.inspectjs.confusing.PointlessArithmeticExpressionJSInspection
9312:             3             96  com.sixrr.inspectjs.confusing.PointlessBooleanExpressionJSInspection
9313:             3             96  com.sixrr.inspectjs.control.TrivialIfJSInspection
9314:             3             96  com.sixrr.inspectjs.control.UnnecessaryContinueJSInspection
9315:             3             96  com.sixrr.inspectjs.control.UnnecessaryLabelOnBreakStatementJSInspection
9316:             3             96  com.sixrr.inspectjs.control.UnnecessaryLabelOnContinueStatementJSInspection
9317:             3             96  com.sixrr.inspectjs.control.UnnecessaryReturnJSInspection
9318:             3             96  com.sixrr.inspectjs.dataflow.UnnecessaryLocalVariableJSInspection
9319:             3             96  com.siyeh.ig.abstraction.StaticMethodOnlyUsedInOneClassInspection
9320:             4             96  com.siyeh.ig.annotation.SingleElementAnnotationInspection$ExpandAnnotationVisitor
9321:             4             96  com.siyeh.ig.asserttoif.AssertionCanBeIfInspection$AssertToIfVisitor
9322:             4             96  com.siyeh.ig.asserttoif.IfCanBeAssertionInspection$IfToAssertionVisitor
9323:             3             96  com.siyeh.ig.bitwise.PointlessBitwiseExpressionInspection
9324:             3             96  com.siyeh.ig.bugs.EmptyStatementBodyInspection
9325:             3             96  com.siyeh.ig.bugs.EqualsBetweenInconvertibleTypesInspection
9326:             3             96  com.siyeh.ig.bugs.EqualsOnSuspiciousObjectInspection
9327:             3             96  com.siyeh.ig.bugs.IgnoreResultOfCallInspection
9328:             3             96  com.siyeh.ig.bugs.ObjectEqualityInspection
9329:             3             96  com.siyeh.ig.classlayout.ClassMayBeInterfaceInspection
9330:             3             96  com.siyeh.ig.cloneable.CloneDeclaresCloneNotSupportedInspection
9331:             3             96  com.siyeh.ig.controlflow.ConditionalCanBePushedInsideExpressionInspection
9332:             3             96  com.siyeh.ig.controlflow.ConditionalExpressionInspection
9333:             3             96  com.siyeh.ig.controlflow.ConfusingElseInspection
9334:             3             96  com.siyeh.ig.controlflow.ForLoopReplaceableByWhileInspection
9335:             3             96  com.siyeh.ig.controlflow.LoopConditionNotUpdatedInsideLoopInspection
9336:             3             96  com.siyeh.ig.controlflow.PointlessBooleanExpressionInspection
9337:             3             96  com.siyeh.ig.controlflow.PointlessNullCheckInspection
9338:             3             96  com.siyeh.ig.controlflow.UnnecessaryContinueInspection
9339:             3             96  com.siyeh.ig.controlflow.UnnecessaryReturnInspection
9340:             3             96  com.siyeh.ig.dataflow.TooBroadScopeInspection
9341:             3             96  com.siyeh.ig.dataflow.UnnecessaryLocalVariableInspection
9342:             3             96  com.siyeh.ig.dependency.ClassWithTooManyDependenciesInspection
9343:             3             96  com.siyeh.ig.dependency.ClassWithTooManyDependentsInspection
9344:             3             96  com.siyeh.ig.dependency.ClassWithTooManyTransitiveDependenciesInspection
9345:             3             96  com.siyeh.ig.dependency.ClassWithTooManyTransitiveDependentsInspection
9346:             3             96  com.siyeh.ig.errorhandling.ThrowFromFinallyBlockInspection
9347:             4             96  com.siyeh.ig.exceptions.MultiCatchCanBeSplitInspection$SplitMultiCatchVisitor
9348:             4             96  com.siyeh.ig.exceptions.TryStatementWithMultipleResourcesInspection$SplitTryWithResourcesVisitor
9349:             4             96  com.siyeh.ig.inheritance.MissingOverrideAnnotationInspection$2
9350:             3             96  com.siyeh.ig.inheritance.RefusedBequestInspection
9351:             4             96  com.siyeh.ig.j2me.SimplifiableIfStatementInspection$SimplifiableIfStatementVisitor
9352:             4             96  com.siyeh.ig.jdk.VarargParameterInspection$VarargParameterVisitor
9353:             3             96  com.siyeh.ig.migration.EqualsReplaceableByObjectsCallInspection
9354:             3             96  com.siyeh.ig.migration.ForCanBeForeachInspection
9355:             3             96  com.siyeh.ig.migration.IfCanBeSwitchInspection
9356:             3             96  com.siyeh.ig.migration.MethodCanBeVariableArityMethodInspection
9357:             3             96  com.siyeh.ig.migration.UnnecessaryBoxingInspection
9358:             3             96  com.siyeh.ig.migration.UnnecessaryUnboxingInspection
9359:             3             96  com.siyeh.ig.modularization.ModuleWithTooFewClassesInspection
9360:             3             96  com.siyeh.ig.modularization.ModuleWithTooManyClassesInspection
9361:             3             96  com.siyeh.ig.numeric.CachedNumberConstructorCallInspection
9362:             3             96  com.siyeh.ig.numeric.PointlessArithmeticExpressionInspection
9363:             3             96  com.siyeh.ig.packaging.EmptyDirectoryInspection
9364:             3             96  com.siyeh.ig.packaging.PackageWithTooFewClassesInspection
9365:             3             96  com.siyeh.ig.packaging.PackageWithTooManyClassesInspection
9366:             4             96  com.siyeh.ig.performance.ObjectEqualsCanBeEqualityInspection$ObjectEqualsMayBeEqualityVisitor
9367:             3             96  com.siyeh.ig.performance.StringConstructorInspection
9368:             4             96  com.siyeh.ig.performance.TailRecursionInspection$TailRecursionVisitor
9369:             3             96  com.siyeh.ig.performance.ToArrayCallWithZeroLengthArrayArgumentInspection
9370:             4             96  com.siyeh.ig.psiutils.ControlFlowUtils$InitializerUsageStatus
9371:             4             96  com.siyeh.ig.style.ArrayCreationWithoutNewKeywordInspection$ArrayCreationExpressionVisitor
9372:             3             96  com.siyeh.ig.style.CStyleArrayDeclarationInspection
9373:             4             96  com.siyeh.ig.style.ConstantExpressionInspection$1
9374:             4             96  com.siyeh.ig.style.ControlFlowStatementWithoutBracesInspection$ControlFlowStatementVisitor
9375:             4             96  com.siyeh.ig.style.DiamondCanBeReplacedWithExplicitTypeArgumentsInspection$DiamondTypeVisitor
9376:             4             96  com.siyeh.ig.style.LambdaBodyCanBeCodeBlockInspection$OneLineLambda2CodeBlockVisitor
9377:             4             96  com.siyeh.ig.style.LambdaCanBeReplacedWithAnonymousInspection$LambdaToAnonymousVisitor
9378:             4             96  com.siyeh.ig.style.LambdaParameterTypeCanBeSpecifiedInspection$InferLambdaParameterTypeVisitor
9379:             4             96  com.siyeh.ig.style.MethodRefCanBeReplacedWithLambdaInspection$MethodRefToLambdaVisitor
9380:             4             96  com.siyeh.ig.style.SingleStatementInBlockInspection$SingleStatementInBlockVisitor
9381:             3             96  com.siyeh.ig.style.UnnecessaryBlockStatementInspection
9382:             3             96  com.siyeh.ig.style.UnnecessaryFullyQualifiedNameInspection
9383:             3             96  com.siyeh.ig.style.UnnecessaryParenthesesInspection
9384:             3             96  com.siyeh.ig.threading.SynchronizationOnLocalVariableOrMethodParameterInspection
9385:             3             96  com.siyeh.ig.threading.WhileLoopSpinsOnFieldInspection
9386:             4             96  com.siyeh.ipp.switchtoif.ReplaceSwitchWithIfIntention
9387:             2             96  com.sun.beans.util.Cache$Kind$Soft
9388:             1             96  com.sun.crypto.provider.SunJCE
9389:             3             96  com.sun.jmx.mbeanserver.DefaultMXBeanMappingFactory$EnumMapping
9390:             4             96  com.sun.jna.StructureReadContext
9391:             1             96  com.sun.net.ssl.internal.ssl.Provider
9392:             6             96  com.sun.proxy.$Proxy138
9393:             6             96  com.sun.proxy.$Proxy139
9394:             6             96  com.sun.proxy.$Proxy189
9395:             6             96  com.sun.proxy.$Proxy198
9396:             6             96  com.sun.proxy.$Proxy3
9397:             6             96  com.sun.proxy.$Proxy42
9398:             6             96  com.sun.proxy.$Proxy53
9399:             6             96  com.sun.proxy.$Proxy78
9400:             1             96  com.sun.security.sasl.Provider
9401:             4             96  com.sun.tools.javac.main.Option$OptionGroup
9402:             4             96  com.sun.xml.internal.bind.v2.model.annotation.RuntimeInlineAnnotationReader
9403:             4             96  com.sun.xml.internal.bind.v2.runtime.ElementBeanInfoImpl$1
9404:             4             96  com.sun.xml.internal.bind.v2.runtime.JAXBContextImpl$1
9405:             4             96  com.sun.xml.internal.bind.v2.runtime.JAXBContextImpl$2
9406:             3             96  com.zeroturnaround.http.proxy.ProxyType
9407:             4             96  com.zeroturnaround.jrebel.ide.common.guide.model.GuideModel$Step
9408:             4             96  com.zeroturnaround.jrebel.ide.common.guide.model.GuideModel$StepState
9409:             4             96  com.zeroturnaround.jrebel.remoting.RemoteServerConfigurations$ServerSelection
9410:             4             96  de.plushnikov.intellij.plugin.processor.clazz.SetterProcessor
9411:             3             96  de.plushnikov.intellij.plugin.processor.clazz.builder.BuilderProcessor
9412:             3             96  de.plushnikov.intellij.plugin.processor.clazz.log.CommonsLogProcessor
9413:             3             96  de.plushnikov.intellij.plugin.processor.clazz.log.FloggerProcessor
9414:             3             96  de.plushnikov.intellij.plugin.processor.clazz.log.JBossLogProcessor
9415:             3             96  de.plushnikov.intellij.plugin.processor.clazz.log.Log4j2Processor
9416:             3             96  de.plushnikov.intellij.plugin.processor.clazz.log.Log4jProcessor
9417:             3             96  de.plushnikov.intellij.plugin.processor.clazz.log.LogProcessor
9418:             3             96  de.plushnikov.intellij.plugin.processor.clazz.log.Slf4jProcessor
9419:             3             96  de.plushnikov.intellij.plugin.processor.clazz.log.XSlf4jProcessor
9420:             4             96  de.plushnikov.intellij.plugin.processor.field.FieldNameConstantsFieldProcessor
9421:             3             96  dk.brics.automaton.State
9422:             3             96  git4idea.GitUserRegistry
9423:             2             96  git4idea.actions.GitMenu
9424:             3             96  git4idea.config.GitExecutableValidator
9425:             1             96  git4idea.repo.GitRepositoryFiles
9426:             3             96  git4idea.repo.GitRepositoryManager
9427:             3             96  git4idea.status.GitChangeProvider
9428:             2             96  gnu.trove.TLongObjectHashMap
9429:             2             96  io.netty.buffer.UnpooledHeapByteBuf
9430:             4             96  io.netty.util.ResourceLeakDetector$Level
9431:             3             96  io.netty.util.concurrent.DefaultPromise
9432:             6             96  io.netty.util.internal.TypeParameterMatcher$ReflectiveMatcher
9433:             2             96  java.awt.DefaultKeyboardFocusManager$DefaultKeyboardFocusManagerSentEvent
9434:             4             96  java.awt.Dialog$ModalityType
9435:             2             96  java.awt.LightweightDispatcher
9436:             1             96  java.awt.event.KeyEvent
9437:             3             96  java.lang.ProcessBuilder
9438:             3             96  java.nio.file.FileTreeWalker
9439:             3             96  java.nio.file.FileTreeWalker$Event
9440:             4             96  java.nio.file.FileVisitResult
9441:             4             96  java.text.Normalizer$Form
9442:             4             96  java.time.format.DateTimeFormatterBuilder$OffsetIdPrinterParser
9443:             4             96  java.time.format.DateTimeFormatterBuilder$SettingsParser
9444:             4             96  java.util.Collections$UnmodifiableMap$UnmodifiableEntrySet$1
9445:             3             96  java.util.RegularEnumSet$EnumSetIterator
9446:             4             96  java.util.concurrent.CopyOnWriteArrayList$COWIterator
9447:             3             96  java.util.concurrent.DelayQueue
9448:             3             96  java.util.concurrent.Semaphore$FairSync
9449:             3             96  java.util.concurrent.atomic.AtomicLongFieldUpdater$CASUpdater
9450:             3             96  java.util.concurrent.atomic.LongAdder
9451:             4             96  java.util.regex.Pattern$BackRef
9452:             4             96  java.util.regex.Pattern$Neg
9453:             4             96  java.util.regex.Pattern$Pos
9454:             4             96  java.util.stream.Collectors$$Lambda$2650/1100043047
9455:             3             96  java.util.stream.ReduceOps$4
9456:             3             96  java.util.stream.ReduceOps$4ReducingSink
9457:             4             96  java.util.stream.StreamShape
9458:             4             96  javassist.bytecode.AttributeInfo
9459:             2             96  javax.management.openmbean.TabularType
9460:             4             96  javax.swing.ClientPropertyKey
9461:             6             96  javax.swing.JRootPane$RootLayout
9462:             4             96  javax.swing.event.TreeExpansionEvent
9463:             6             96  javax.swing.plaf.basic.BasicPopupMenuUI$Actions
9464:             3             96  javax.swing.text.DefaultEditorKit$BeginLineAction
9465:             3             96  javax.swing.text.DefaultEditorKit$BeginParagraphAction
9466:             3             96  javax.swing.text.DefaultEditorKit$BeginWordAction
9467:             3             96  javax.swing.text.DefaultEditorKit$EndLineAction
9468:             3             96  javax.swing.text.DefaultEditorKit$EndParagraphAction
9469:             3             96  javax.swing.text.DefaultEditorKit$EndWordAction
9470:             3             96  javax.swing.text.StyledEditorKit$AlignmentAction
9471:             3             96  javax.swing.text.StyledEditorKit$FontFamilyAction
9472:             6             96  javax.swing.text.html.ImageView$ImageHandler
9473:             4             96  javax.swing.tree.DefaultMutableTreeNode$PreorderEnumeration
9474:             4             96  javax.xml.bind.annotation.XmlAccessType
9475:             4             96  kotlin.reflect.KVisibility
9476:             3             96  kotlin.reflect.jvm.internal.impl.builtins.functions.FunctionClassDescriptor$Kind
9477:             4             96  kotlin.reflect.jvm.internal.impl.descriptors.CallableMemberDescriptor$Kind
9478:             4             96  kotlin.reflect.jvm.internal.impl.descriptors.Modality
9479:             1             96  kotlin.reflect.jvm.internal.impl.descriptors.impl.ClassConstructorDescriptorImpl
9480:             4             96  kotlin.reflect.jvm.internal.impl.load.java.AnnotationTypeQualifierResolver$QualifierApplicabilityType
9481:             4             96  kotlin.reflect.jvm.internal.impl.load.java.descriptors.JavaMethodDescriptor$ParameterNamesStatus
9482:             4             96  kotlin.reflect.jvm.internal.impl.load.java.typeEnhancement.JavaTypeQualifiers
9483:             3             96  kotlin.reflect.jvm.internal.impl.load.kotlin.JvmMetadataVersion
9484:             4             96  kotlin.reflect.jvm.internal.impl.resolve.ExternalOverridabilityCondition$Result
9485:             4             96  kotlin.reflect.jvm.internal.impl.serialization.Flags$EnumLiteFlagField
9486:             4             96  kotlin.reflect.jvm.internal.impl.serialization.ProtoBuf$MemberKind
9487:             4             96  kotlin.reflect.jvm.internal.impl.serialization.ProtoBuf$Modality
9488:             4             96  kotlin.reflect.jvm.internal.impl.serialization.ProtoBuf$Type$Argument$Projection
9489:             4             96  kotlin.reflect.jvm.internal.impl.serialization.deserialization.AnnotatedCallableKind
9490:             4             96  kotlin.reflect.jvm.internal.impl.serialization.deserialization.AnnotationDeserializer
9491:             3             96  kotlin.reflect.jvm.internal.impl.types.Variance
9492:             4             96  kotlin.reflect.jvm.internal.impl.util.ValueParameterCountCheck$AtLeast
9493:             3             96  kotlin.reflect.jvm.internal.impl.utils.Jsr305State
9494:             4             96  kotlinx.coroutines.experimental.CoroutineStart
9495:             6             96  net.sf.cglib.core.AbstractClassGenerator$ClassLoaderData$1
9496:             6             96  net.sf.cglib.core.AbstractClassGenerator$ClassLoaderData$3
9497:             4             96  net.sourceforge.pmd.lang.java.symboltable.TypeSet$CurrentPackageResolver
9498:             4             96  net.sourceforge.pmd.lang.java.symboltable.TypeSet$ExplicitImportResolver
9499:             4             96  net.sourceforge.pmd.lang.java.symboltable.TypeSet$ImportOnDemandResolver
9500:             3             96  net.sourceforge.pmd.lang.rule.properties.StringProperty
9501:             4             96  org.apache.commons.lang3.tuple.ImmutablePair
9502:             3             96  org.apache.log4j.helpers.PatternParser$BasicPatternConverter
9503:             4             96  org.apache.velocity.util.introspection.ClassMap
9504:             4             96  org.apache.velocity.util.introspection.ClassMap$MethodCache
9505:             2             96  org.apache.xerces.jaxp.SAXParserImpl
9506:             4             96  org.apache.xerces.jaxp.validation.XMLSchema
9507:             4             96  org.apache.xerces.jaxp.validation.XMLSchemaFactory$XMLGrammarPoolImplExtension
9508:             2             96  org.apache.xerces.util.URI
9509:             3             96  org.coffeescript.codeinsight.inspections.CoffeeScriptFunctionSignaturesInspection
9510:             3             96  org.coffeescript.codeinsight.inspections.CoffeeScriptUnusedLocalSymbolsInspection
9511:             4             96  org.imgscalr.Scalr$Mode
9512:             3             96  org.intellij.images.options.impl.EditorOptionsImpl
9513:             3             96  org.intellij.images.options.impl.GridOptionsImpl
9514:             3             96  org.intellij.images.options.impl.TransparencyChessboardOptionsImpl
9515:             3             96  org.intellij.images.options.impl.ZoomOptionsImpl
9516:             1             96  org.intellij.images.util.imageio.CommonsImagingImageReaderSpi
9517:             6             96  org.intellij.lang.regexp.RegExpCompletionContributor$NamedCharacterCompletionProvider
9518:             3             96  org.intellij.lang.xpath.xslt.validation.inspections.XsltDeclarationInspection
9519:             4             96  org.intellij.plugins.intelliLang.Configuration$DfaOption
9520:             3             96  org.intellij.plugins.intelliLang.inject.java.ConcatenationInjector
9521:             3             96  org.intellij.plugins.intelliLang.pattern.PatternValidator
9522:             4             96  org.intellij.plugins.intelliLang.util.AnnotationUtilEx$LookupType
9523:             3             96  org.intellij.plugins.markdown.ui.split.SplitFileEditor$SplitEditorLayout
9524:             4             96  org.intellij.plugins.xpathView.search.SearchScope$ScopeType
9525:             1             96  org.jcp.xml.dsig.internal.dom.XMLDSigRI
9526:             3             96  org.jdom.output.Format$DefaultEscapeStrategy
9527:             6             96  org.jetbrains.android.compiler.AndroidBuildProcessParametersProvider
9528:             6             96  org.jetbrains.android.inspections.lint.AndroidLintExternalAnnotator
9529:             3             96  org.jetbrains.idea.devkit.inspections.DescriptionType
9530:             3             96  org.jetbrains.idea.devkit.util.ComponentType
9531:             3             96  org.jetbrains.idea.maven.dom.generate.MavenGenerateDomElementProvider
9532:             3             96  org.jetbrains.idea.maven.dom.generate.MavenGenerateTemplateAction
9533:             3             96  org.jetbrains.idea.maven.execution.MavenExecutionOptions$ChecksumPolicy
9534:             3             96  org.jetbrains.idea.maven.execution.MavenExecutionOptions$PluginUpdatePolicy
9535:             3             96  org.jetbrains.idea.maven.navigator.MavenProjectsNavigatorPanel$MyTransferHandler
9536:             4             96  org.jetbrains.idea.maven.navigator.MavenProjectsNavigatorState
9537:             4             96  org.jetbrains.idea.maven.project.MavenImportingSettings$GeneratedSourcesFolder
9538:             4             96  org.jetbrains.idea.maven.project.MavenModificationTracker
9539:             6             96  org.jetbrains.idea.maven.project.MavenProjectsManager$$Lambda$755/1889352797
9540:             3             96  org.jetbrains.idea.maven.tasks.MavenShortcutsManager
9541:             4             96  org.jetbrains.idea.maven.tasks.MavenTasksManager$Phase
9542:             3             96  org.jetbrains.idea.maven.utils.MavenImportNotifier
9543:             4             96  org.jetbrains.idea.perforce.application.PerforceNumberNameSynchronizer$ConfigBean
9544:             2             96  org.jetbrains.idea.svn.actions.SubversionGroup
9545:             3             96  org.jetbrains.io.ChannelRegistrar
9546:             2             96  org.jetbrains.java.debugger.breakpoints.properties.JavaMethodBreakpointProperties
9547:             2             96  org.jetbrains.jps.api.CmdlineRemoteProto$Message$BuilderMessage$BuildEvent$CustomBuilderMessage
9548:             4             96  org.jetbrains.jps.api.CmdlineRemoteProto$Message$BuilderMessage$BuildEvent$Status
9549:             4             96  org.jetbrains.jps.api.CmdlineRemoteProto$Message$BuilderMessage$Type
9550:             4             96  org.jetbrains.jps.api.CmdlineRemoteProto$Message$ControllerMessage$Type
9551:             6             96  org.jetbrains.jps.backwardRefs.CompilerBackwardReferenceIndex$1
9552:             6             96  org.jetbrains.jps.backwardRefs.index.CompilerIndices$1
9553:             6             96  org.jetbrains.jps.backwardRefs.index.CompilerIndices$2
9554:             6             96  org.jetbrains.jps.backwardRefs.index.CompilerIndices$3
9555:             6             96  org.jetbrains.jps.backwardRefs.index.CompilerIndices$4
9556:             6             96  org.jetbrains.jps.backwardRefs.index.CompilerIndices$5
9557:             6             96  org.jetbrains.jps.backwardRefs.index.CompilerIndices$7
9558:             4             96  org.jetbrains.jps.model.ex.JpsElementCollectionRole
9559:             3             96  org.jetbrains.jps.model.module.impl.JpsModuleSourceRootImpl
9560:             3             96  org.jetbrains.kotlin.builtins.functions.FunctionClassDescriptor$Kind
9561:             6             96  org.jetbrains.kotlin.config.AnalysisFlag$Flag
9562:             3             96  org.jetbrains.kotlin.config.JVMConstructorCallNormalizationMode
9563:             4             96  org.jetbrains.kotlin.config.LanguageFeature$State
9564:             3             96  org.jetbrains.kotlin.container.ComponentStorage
9565:             4             96  org.jetbrains.kotlin.container.ComponentStorageState
9566:             4             96  org.jetbrains.kotlin.descriptors.CallableMemberDescriptor$Kind
9567:             4             96  org.jetbrains.kotlin.descriptors.Modality
9568:             1             96  org.jetbrains.kotlin.descriptors.impl.ClassConstructorDescriptorImpl
9569:             3             96  org.jetbrains.kotlin.descriptors.impl.LazyClassReceiverParameterDescriptor
9570:             2             96  org.jetbrains.kotlin.idea.actions.internal.KotlinInternalActionGroup
9571:             3             96  org.jetbrains.kotlin.idea.core.script.ScriptDefinitionsManager
9572:             3             96  org.jetbrains.kotlin.idea.core.script.StandardIdeScriptDefinition
9573:             4             96  org.jetbrains.kotlin.idea.filters.KotlinExceptionFilter
9574:             3             96  org.jetbrains.kotlin.idea.inspections.ImplicitNullableNothingTypeInspection
9575:             3             96  org.jetbrains.kotlin.idea.inspections.PlatformExtensionReceiverOfInlineInspection
9576:             3             96  org.jetbrains.kotlin.idea.inspections.ReplaceArrayEqualityOpWithArraysEqualsInspection
9577:             3             96  org.jetbrains.kotlin.idea.inspections.ReplacePutWithAssignmentInspection
9578:             3             96  org.jetbrains.kotlin.idea.inspections.ReplaceWithOperatorAssignmentInspection
9579:             4             96  org.jetbrains.kotlin.idea.inspections.ScopeFunctionConversionInspection$buildVisitor$1
9580:             3             96  org.jetbrains.kotlin.idea.inspections.SimplifyAssertNotNullInspection
9581:             3             96  org.jetbrains.kotlin.idea.inspections.SimplifyNegatedBinaryExpressionInspection
9582:             3             96  org.jetbrains.kotlin.idea.inspections.branchedTransformations.IntroduceWhenSubjectInspection
9583:             3             96  org.jetbrains.kotlin.idea.inspections.collections.UselessCallOnCollectionInspection
9584:             3             96  org.jetbrains.kotlin.idea.inspections.collections.UselessCallOnNotNullInspection
9585:             3             96  org.jetbrains.kotlin.idea.inspections.conventionNameCalls.ReplaceCallWithBinaryOperatorInspection
9586:             3             96  org.jetbrains.kotlin.idea.inspections.conventionNameCalls.ReplaceGetOrSetInspection
9587:             3             96  org.jetbrains.kotlin.idea.intentions.ConvertLambdaToReferenceInspection
9588:             3             96  org.jetbrains.kotlin.idea.intentions.ConvertLambdaToReferenceIntention
9589:             3             96  org.jetbrains.kotlin.idea.intentions.ConvertReferenceToLambdaInspection
9590:             3             96  org.jetbrains.kotlin.idea.intentions.ConvertReferenceToLambdaIntention
9591:             3             96  org.jetbrains.kotlin.idea.intentions.ConvertSecondaryConstructorToPrimaryInspection
9592:             3             96  org.jetbrains.kotlin.idea.intentions.ConvertToStringTemplateInspection
9593:             3             96  org.jetbrains.kotlin.idea.intentions.ConvertTryFinallyToUseCallInspection
9594:             3             96  org.jetbrains.kotlin.idea.intentions.ConvertTwoComparisonsToRangeCheckInspection
9595:             3             96  org.jetbrains.kotlin.idea.intentions.DeprecatedCallableAddReplaceWithInspection
9596:             3             96  org.jetbrains.kotlin.idea.intentions.FoldInitializerAndIfToElvisInspection
9597:             3             96  org.jetbrains.kotlin.idea.intentions.JoinDeclarationAndAssignmentInspection
9598:             3             96  org.jetbrains.kotlin.idea.intentions.ObjectLiteralToLambdaInspection
9599:             3             96  org.jetbrains.kotlin.idea.intentions.RemoveCurlyBracesFromTemplateInspection
9600:             3             96  org.jetbrains.kotlin.idea.intentions.RemoveEmptyClassBodyInspection
9601:             3             96  org.jetbrains.kotlin.idea.intentions.RemoveEmptyParenthesesFromLambdaCallInspection
9602:             3             96  org.jetbrains.kotlin.idea.intentions.RemoveEmptyPrimaryConstructorInspection
9603:             3             96  org.jetbrains.kotlin.idea.intentions.RemoveEmptySecondaryConstructorBodyInspection
9604:             3             96  org.jetbrains.kotlin.idea.intentions.RemoveExplicitSuperQualifierInspection
9605:             3             96  org.jetbrains.kotlin.idea.intentions.RemoveExplicitTypeArgumentsInspection
9606:             3             96  org.jetbrains.kotlin.idea.intentions.RemoveForLoopIndicesInspection
9607:             3             96  org.jetbrains.kotlin.idea.intentions.RemoveRedundantCallsOfConversionMethodsInspection
9608:             3             96  org.jetbrains.kotlin.idea.intentions.ReplaceSingleLineLetInspection
9609:             3             96  org.jetbrains.kotlin.idea.intentions.ReplaceSizeCheckWithIsNotEmptyInspection
9610:             3             96  org.jetbrains.kotlin.idea.intentions.ReplaceSizeZeroCheckWithIsEmptyInspection
9611:             3             96  org.jetbrains.kotlin.idea.intentions.SimplifyBooleanWithConstantsInspection
9612:             3             96  org.jetbrains.kotlin.idea.intentions.branchedTransformations.intentions.IfThenToElvisInspection
9613:             3             96  org.jetbrains.kotlin.idea.intentions.branchedTransformations.intentions.IfThenToElvisIntention
9614:             4             96  org.jetbrains.kotlin.idea.intentions.loopToCallChain.LoopToCallChainInspection$buildVisitor$1
9615:             3             96  org.jetbrains.kotlin.idea.intentions.loopToCallChain.UseWithIndexInspection
9616:             3             96  org.jetbrains.kotlin.idea.maven.inspections.DifferentKotlinMavenVersionInspection
9617:             4             96  org.jetbrains.kotlin.idea.run.KotlinConsoleFilter
9618:             3             96  org.jetbrains.kotlin.idea.spring.inspections.SpringKotlinAutowiringInspection
9619:             6             96  org.jetbrains.kotlin.idea.versions.KotlinMetadataVersionIndexBase$getKeyDescriptor$1
9620:             4             96  org.jetbrains.kotlin.idea.versions.LibInfo
9621:             4             96  org.jetbrains.kotlin.idea.vfilefinder.KotlinMetadataFileIndexBase$INDEXER$1
9622:             4             96  org.jetbrains.kotlin.load.java.AnnotationTypeQualifierResolver$QualifierApplicabilityType
9623:             4             96  org.jetbrains.kotlin.load.java.descriptors.JavaMethodDescriptor$ParameterNamesStatus
9624:             4             96  org.jetbrains.kotlin.load.java.typeEnhancement.JavaTypeQualifiers
9625:             4             96  org.jetbrains.kotlin.load.kotlin.JvmBuiltInsSettings$JDKMemberStatus
9626:             3             96  org.jetbrains.kotlin.load.kotlin.JvmMetadataVersion
9627:             4             96  org.jetbrains.kotlin.parsing.KotlinParsing$AnnotationParsingMode
9628:             4             96  org.jetbrains.kotlin.resolve.ExternalOverridabilityCondition$Result
9629:             4             96  org.jetbrains.kotlin.resolve.diagnostics.KotlinSuppressCache$filter$1
9630:             3             96  org.jetbrains.kotlin.resolve.scopes.SubstitutingScope
9631:             4             96  org.jetbrains.kotlin.serialization.Flags$EnumLiteFlagField
9632:             4             96  org.jetbrains.kotlin.serialization.ProtoBuf$MemberKind
9633:             4             96  org.jetbrains.kotlin.serialization.ProtoBuf$Modality
9634:             4             96  org.jetbrains.kotlin.serialization.ProtoBuf$Type$Argument$Projection
9635:             4             96  org.jetbrains.kotlin.serialization.deserialization.AnnotatedCallableKind
9636:             6             96  org.jetbrains.kotlin.types.ErrorUtils$ErrorScope
9637:             3             96  org.jetbrains.kotlin.types.Variance
9638:             4             96  org.jetbrains.kotlin.types.checker.TypeCheckerContext$SeveralSupertypesWithSameConstructorPolicy
9639:             4             96  org.jetbrains.kotlin.types.checker.TypeCheckingProcedure$EnrichedProjectionKind
9640:             4             96  org.jetbrains.kotlin.util.ExtensionProvider
9641:             4             96  org.jetbrains.kotlin.util.ValueParameterCountCheck$AtLeast
9642:             3             96  org.jetbrains.kotlin.utils.Jsr305State
9643:             3             96  org.jetbrains.lang.manifest.highlighting.MisspelledHeaderInspection
9644:             4             96  org.jetbrains.plugins.gradle.execution.GradleConsoleFilter
9645:             4             96  org.jetbrains.plugins.gradle.execution.GradleConsoleFilterProvider$1$$Lambda$2990/168763796
9646:             4             96  org.jetbrains.plugins.gradle.settings.DistributionType
9647:             3             96  org.jetbrains.plugins.gradle.settings.GradleSettings
9648:             2             96  org.jetbrains.plugins.grails.actions.GrailsActionGroup
9649:             3             96  org.jetbrains.plugins.grails.references.TraitInjectorService
9650:             4             96  org.jetbrains.plugins.grails.spring.GrailsSpringBeanDiscoverer$$Lambda$3875/1048020308
9651:             3             96  org.jetbrains.plugins.groovy.bundled.BundledGroovyClassFinder
9652:             3             96  org.jetbrains.plugins.groovy.gant.GantClassFinder
9653:             4             96  org.jetbrains.plugins.groovy.lang.parser.parsing.statements.expressions.BinaryExpression
9654:             4             96  org.jetbrains.plugins.groovy.lang.parser.parsing.statements.expressions.arithmetic.PathExpression$Result
9655:             4             96  org.jetbrains.plugins.groovy.lang.parser.parsing.statements.typeDefinitions.ReferenceElement$ReferenceElementResult
9656:             4             96  org.jetbrains.plugins.groovy.lang.psi.patterns.GroovyMethodCallPattern$2
9657:             3             96  org.jetbrains.plugins.groovy.mvc.MvcModuleStructureSynchronizer
9658:             4             96  org.jetbrains.plugins.groovy.util.FieldInitializerTailTypes
9659:             3             96  org.jetbrains.plugins.terminal.TerminalView
9660:             2             96  org.jetbrains.tfsIntegration.core.TFSGroup
9661:             6             96  org.jetbrains.w3validators.css.W3CssExternalAnnotator
9662:             3             96  org.osmorc.OsmorcProjectComponent
9663:             1             96  org.zeroturnaround.bundled.org.bouncycastle.jce.provider.BouncyCastleProvider
9664:             3             96  org.zeroturnaround.common.options.IntegerOption
9665:             3             96  org.zeroturnaround.common.options.StringOption
9666:             4             96  org.zeroturnaround.jrebel.client.JRebelJar$ManifestEntry
9667:             3             96  org.zeroturnaround.jrebel.ide.common.notifications.NotificationServer
9668:             2             96  org.zmlx.hg4idea.HgOptionsTopHitProvider$1
9669:             3             96  org.zmlx.hg4idea.log.HgLogProvider
9670:             3             96  org.zmlx.hg4idea.provider.commit.HgCheckinEnvironment
9671:             4             96  org.zmlx.hg4idea.provider.update.HgUpdateConfigurationSettings$State
9672:             3             96  org.zmlx.hg4idea.repo.HgRepositoryManager
9673:             2             96  sun.awt.CausedFocusEvent
9674:             4             96  sun.awt.shell.Win32ShellFolder2$ColumnComparator
9675:             2             96  sun.awt.windows.WInputMethod
9676:             4             96  sun.java2d.StateTrackable$State
9677:             1             96  sun.java2d.marlin.Dasher
9678:             3             96  sun.java2d.marlin.OffHeapArray
9679:             3             96  sun.java2d.marlin.OffHeapArray$OffHeapReference
9680:             1             96  sun.java2d.marlin.RendererContext
9681:             6             96  sun.java2d.pipe.AAShapePipe
9682:             6             96  sun.java2d.pipe.TextRenderer
9683:             2             96  sun.management.GarbageCollectorImpl
9684:             4             96  sun.misc.FormattedFloatingDecimal$Form
9685:             1             96  sun.misc.Launcher$AppClassLoader
9686:             3             96  sun.nio.ch.ServerSocketAdaptor
9687:             2             96  sun.nio.ch.WindowsSelectorImpl$FdMap
9688:             3             96  sun.reflect.UnsafeFloatFieldAccessorImpl
9689:             6             96  sun.rmi.server.WeakClassHashMap$ValueCell
9690:             1             96  sun.security.ec.SunEC
9691:             1             96  sun.security.jca.ProviderList$1
9692:             1             96  sun.security.mscapi.SunMSCAPI
9693:             1             96  sun.security.provider.Sun
9694:             1             96  sun.security.rsa.SunRsaSign
9695:             1             96  sun.security.smartcardio.SunPCSC
9696:             3             96  sun.security.ssl.ProtocolList
9697:             3             96  sun.security.ssl.X509TrustManagerImpl
9698:             4             96  sun.security.util.DisabledAlgorithmConstraints
9699:             3             96  sun.swing.FilePane$1FilePaneAction
9700:             6             96  sun.text.normalizer.CharTrie$FriendAgent
9701:             3             96  sun.util.locale.provider.LocaleResources
9702:             2             88  [Lcom.intellij.codeHighlighting.TextEditorHighlightingPass;
9703:             1             88  [Lcom.intellij.codeInsight.quickfix.UnresolvedReferenceQuickFixProvider;
9704:             1             88  [Lcom.intellij.diagram.DiagramProvider;
9705:             1             88  [Lcom.intellij.lang.javascript.DialectOptionHolder;
9706:             1             88  [Lcom.intellij.lang.javascript.psi.JSLiteralExpressionKind;
9707:             4             88  [Lcom.intellij.openapi.editor.Document;
9708:             4             88  [Lcom.intellij.openapi.vcs.VcsDirectoryMapping;
9709:             2             88  [Lcom.intellij.psi.tree.TokenSet;
9710:             1             88  [Lcom.intellij.sql.psi.SqlType$Category;
9711:             1             88  [Lcom.intellij.tasks.jira.jql.codeinsight.JqlFieldType;
9712:             2             88  [Lcom.intellij.uiDesigner.propertyInspector.editors.IntEnumEditor$Pair;
9713:             1             88  [Ljava.awt.geom.AffineTransform;
9714:             3             88  [Ljava.rmi.server.Operation;
9715:             4             88  [Ljavax.swing.RowSorter$SortKey;
9716:             1             88  [Lkotlin.reflect.jvm.internal.impl.protobuf.WireFormat$FieldType;
9717:             1             88  [Lkotlin.reflect.jvm.internal.impl.util.Checks;
9718:             1             88  [Lnet.jpountz.lz4.LZ4Compressor;
9719:             1             88  [Lorg.intellij.lang.regexp.psi.RegExpSimpleClass$Kind;
9720:             3             88  [Lorg.jetbrains.idea.maven.plugins.api.MavenPluginDescriptor$ModelProperty;
9721:             1             88  [Lorg.jetbrains.kotlin.protobuf.WireFormat$FieldType;
9722:             1             88  [Lorg.jetbrains.kotlin.util.Checks;
9723:             1             88  [Lsun.security.util.ObjectIdentifier;
9724:             1             88  [[Ljava.lang.Byte;
9725:             1             88  ch.qos.logback.core.rolling.RollingFileAppender
9726:             1             88  com.android.tools.idea.rendering.webp.WebpImageReaderSpi
9727:             1             88  com.android.tools.idea.rendering.webp.WebpImageWriterSpi
9728:             1             88  com.intellij.compiler.server.BuildManager
9729:             1             88  com.intellij.openapi.vfs.impl.local.NativeFileWatcherImpl$MyProcessHandler
9730:             1             88  com.intellij.openapi.vfs.newvfs.RefreshProgress
9731:             1             88  com.intellij.psi.stubs.StubUpdatingIndex$MyIndex
9732:             1             88  com.intellij.util.lang.UrlClassLoader
9733:             1             88  com.intellij.ws.WebServicesPluginSettings
9734:             1             88  com.jediterm.terminal.model.JediTerminal
9735:             1             88  com.sun.imageio.plugins.bmp.BMPImageReaderSpi
9736:             1             88  com.sun.imageio.plugins.bmp.BMPImageWriterSpi
9737:             1             88  com.sun.imageio.plugins.gif.GIFImageReaderSpi
9738:             1             88  com.sun.imageio.plugins.gif.GIFImageWriterSpi
9739:             1             88  com.sun.imageio.plugins.jpeg.JPEGImageReaderSpi
9740:             1             88  com.sun.imageio.plugins.jpeg.JPEGImageWriterSpi
9741:             1             88  com.sun.imageio.plugins.png.PNGImageReaderSpi
9742:             1             88  com.sun.imageio.plugins.png.PNGImageWriterSpi
9743:             1             88  com.sun.imageio.plugins.wbmp.WBMPImageReaderSpi
9744:             1             88  com.sun.imageio.plugins.wbmp.WBMPImageWriterSpi
9745:             1             88  com.twelvemonkeys.imageio.plugins.tiff.TIFFImageReaderSpi
9746:             1             88  com.twelvemonkeys.imageio.plugins.tiff.TIFFImageWriterSpi
9747:             1             88  git4idea.vfs.GitVFSListener
9748:             1             88  javax.swing.ToolTipManager
9749:             1             88  javax.swing.text.html.parser.DTD
9750:             1             88  kotlin.reflect.jvm.internal.impl.descriptors.impl.PropertyDescriptorImpl
9751:             1             88  org.apache.log4j.RollingFileAppender
9752:             1             88  org.jetbrains.kotlin.descriptors.impl.PropertyDescriptorImpl
9753:             1             88  org.zeroturnaround.jrebel.client.config.JRebelConfiguration
9754:             1             88  sun.font.GlyphList
9755:             1             88  sun.java2d.marlin.MarlinCache
9756:             1             88  sun.misc.Launcher$ExtClassLoader
9757:             1             88  sun.nio.cs.CharsetMapping
9758:             1             88  sun.swing.FilePane$DetailsTableRowSorter
9759:             2             80  [Lcom.google.common.cache.LocalCache$Segment;
9760:             1             80  [Lcom.intellij.codeInsight.completion.CompletionConfidenceEP;
9761:             1             80  [Lcom.intellij.codeInsight.editorActions.BackspaceHandlerDelegate;
9762:             1             80  [Lcom.intellij.codeInsight.lookup.CharFilter;
9763:             1             80  [Lcom.intellij.conversion.ConverterProvider;
9764:             3             80  [Lcom.intellij.diagram.actions.DiagramCreateNewNodeElementAction;
9765:             3             80  [Lcom.intellij.facet.Facet;
9766:             1             80  [Lcom.intellij.framework.detection.FrameworkDetector;
9767:             2             80  [Lcom.intellij.lang.javascript.index.JSPackageIndexInfo$Kind;
9768:             2             80  [Lcom.intellij.openapi.actionSystem.DataKey;
9769:             2             80  [Lcom.intellij.openapi.components.RoamingType;
9770:             2             80  [Lcom.intellij.openapi.editor.StripTrailingSpacesFilterFactory;
9771:             2             80  [Lcom.intellij.openapi.editor.colors.impl.TextAttributesReader$Effect;
9772:             4             80  [Lcom.intellij.openapi.wm.impl.IdeFrameImpl;
9773:             2             80  [Lcom.intellij.psi.codeStyle.VariableKind;
9774:             2             80  [Lcom.intellij.ui.CommonActionsPanel$Buttons;
9775:             1             80  [Lcom.intellij.util.IntSLRUCache;
9776:             1             80  [Lcom.intellij.util.containers.SLRUCache;
9777:             2             80  [Lcom.intellij.util.indexing.IndexExtension;
9778:             2             80  [Lcom.intellij.util.lang.Resource$Attribute;
9779:             2             80  [Lcom.intellij.util.lang.Resource$Attribute;
9780:             2             80  [Lcom.intellij.util.text.DateFormatUtil$Period;
9781:             1             80  [Lcom.intellij.xml.XmlSchemaProvider;
9782:             1             80  [Lcom.sun.java.swing.plaf.windows.TMSchema$Control;
9783:             2             80  [Lcom.sun.xml.internal.bind.v2.model.impl.ClassInfoImpl$SecondaryAnnotation;
9784:             1             80  [Ldk.brics.automaton.RegExp$Kind;
9785:             4             80  [Ljava.awt.AWTKeyStroke;
9786:             1             80  [Ljava.time.temporal.ChronoUnit;
9787:             1             80  [Ljava.util.concurrent.locks.ReadWriteLock;
9788:             2             80  [Ljava.util.stream.StreamOpFlag$Type;
9789:             2             80  [Ljavax.swing.plaf.FontUIResource;
9790:             2             80  [Lkotlin.reflect.jvm.internal.impl.serialization.ProtoBuf$Visibility;
9791:             1             80  [Lnet.sourceforge.pmd.benchmark.Benchmark;
9792:             2             80  [Lorg.apache.http.HttpRequestInterceptor;
9793:             2             80  [Lorg.ini4j.spi.UnicodeInputStreamReader$Bom;
9794:             1             80  [Lorg.intellij.plugins.intelliLang.inject.LanguageInjectionConfigBean;
9795:             2             80  [Lorg.jetbrains.idea.maven.model.MavenArtifactState;
9796:             1             80  [Lorg.jetbrains.kotlin.idea.codeInsight.KotlinBreadcrumbsInfoProvider$ElementHandler;
9797:             1             80  [Lorg.jetbrains.kotlin.resolve.jvm.KotlinJavaPsiFacade$KotlinPsiElementFinderWrapper;
9798:             2             80  [Lorg.jetbrains.kotlin.serialization.ProtoBuf$Visibility;
9799:             2             80  [Lorg.zeroturnaround.jrebel.client.config.LogLevel;
9800:             1             80  [Lsun.security.ssl.CipherSuite$KeyExchange;
9801:             2             80  ch.qos.logback.classic.pattern.LoggerConverter
9802:             1             80  ch.qos.logback.core.FileAppender
9803:             2             80  com.alibaba.p3c.idea.config.P3cConfig
9804:             2             80  com.alibaba.p3c.pmd.I18nResources$XmlResourceBundle
9805:             1             80  com.alibaba.p3c.pmd.lang.java.rule.comment.AbstractMethodOrInterfaceMethodMustUseJavadocRule
9806:             1             80  com.alibaba.p3c.pmd.lang.java.rule.comment.AvoidCommentBehindStatementRule
9807:             1             80  com.alibaba.p3c.pmd.lang.java.rule.comment.ClassMustHaveAuthorRule
9808:             1             80  com.alibaba.p3c.pmd.lang.java.rule.comment.CommentsMustBeJavadocFormatRule
9809:             1             80  com.alibaba.p3c.pmd.lang.java.rule.comment.EnumConstantsMustHaveCommentRule
9810:             1             80  com.alibaba.p3c.pmd.lang.java.rule.comment.RemoveCommentedCodeRule
9811:             1             80  com.alibaba.p3c.pmd.lang.java.rule.concurrent.AvoidCallStaticSimpleDateFormatRule
9812:             1             80  com.alibaba.p3c.pmd.lang.java.rule.concurrent.AvoidConcurrentCompetitionRandomRule
9813:             1             80  com.alibaba.p3c.pmd.lang.java.rule.concurrent.AvoidManuallyCreateThreadRule
9814:             1             80  com.alibaba.p3c.pmd.lang.java.rule.concurrent.AvoidUseTimerRule
9815:             1             80  com.alibaba.p3c.pmd.lang.java.rule.concurrent.CountDownShouldInFinallyRule
9816:             1             80  com.alibaba.p3c.pmd.lang.java.rule.concurrent.ThreadLocalShouldRemoveRule
9817:             1             80  com.alibaba.p3c.pmd.lang.java.rule.concurrent.ThreadPoolCreationRule
9818:             1             80  com.alibaba.p3c.pmd.lang.java.rule.concurrent.ThreadShouldSetNameRule
9819:             1             80  com.alibaba.p3c.pmd.lang.java.rule.constant.UndefineMagicConstantRule
9820:             1             80  com.alibaba.p3c.pmd.lang.java.rule.exception.AvoidReturnInFinallyRule
9821:             1             80  com.alibaba.p3c.pmd.lang.java.rule.exception.MethodReturnWrapperTypeRule
9822:             1             80  com.alibaba.p3c.pmd.lang.java.rule.exception.TransactionMustHaveRollbackRule
9823:             1             80  com.alibaba.p3c.pmd.lang.java.rule.flowcontrol.AvoidComplexConditionRule
9824:             1             80  com.alibaba.p3c.pmd.lang.java.rule.flowcontrol.AvoidNegationOperatorRule
9825:             1             80  com.alibaba.p3c.pmd.lang.java.rule.flowcontrol.SwitchStatementRule
9826:             1             80  com.alibaba.p3c.pmd.lang.java.rule.naming.AbstractClassShouldStartWithAbstractNamingRule
9827:             1             80  com.alibaba.p3c.pmd.lang.java.rule.naming.AvoidStartWithDollarAndUnderLineNamingRule
9828:             1             80  com.alibaba.p3c.pmd.lang.java.rule.naming.BooleanPropertyShouldNotStartWithIsRule
9829:             1             80  com.alibaba.p3c.pmd.lang.java.rule.naming.ClassNamingShouldBeCamelRule
9830:             1             80  com.alibaba.p3c.pmd.lang.java.rule.naming.ConstantFieldShouldBeUpperCaseRule
9831:             1             80  com.alibaba.p3c.pmd.lang.java.rule.naming.ExceptionClassShouldEndWithExceptionRule
9832:             1             80  com.alibaba.p3c.pmd.lang.java.rule.naming.LowerCamelCaseVariableNamingRule
9833:             1             80  com.alibaba.p3c.pmd.lang.java.rule.naming.PackageNamingRule
9834:             1             80  com.alibaba.p3c.pmd.lang.java.rule.naming.ServiceOrDaoClassShouldEndWithImplRule
9835:             1             80  com.alibaba.p3c.pmd.lang.java.rule.naming.TestClassShouldEndWithTestNamingRule
9836:             1             80  com.alibaba.p3c.pmd.lang.java.rule.oop.PojoMustOverrideToStringRule
9837:             1             80  com.alibaba.p3c.pmd.lang.java.rule.oop.PojoMustUsePrimitiveFieldRule
9838:             1             80  com.alibaba.p3c.pmd.lang.java.rule.oop.PojoNoDefaultValueRule
9839:             1             80  com.alibaba.p3c.pmd.lang.java.rule.oop.StringConcatRule
9840:             1             80  com.alibaba.p3c.pmd.lang.java.rule.orm.IbatisMethodQueryForListRule
9841:             1             80  com.alibaba.p3c.pmd.lang.java.rule.other.AvoidApacheBeanUtilsCopyRule
9842:             1             80  com.alibaba.p3c.pmd.lang.java.rule.other.AvoidMissUseOfMathRandomRule
9843:             1             80  com.alibaba.p3c.pmd.lang.java.rule.other.AvoidNewDateGetTimeRule
9844:             1             80  com.alibaba.p3c.pmd.lang.java.rule.other.AvoidPatternCompileInMethodRule
9845:             1             80  com.alibaba.p3c.pmd.lang.java.rule.other.MethodTooLongRule
9846:             1             80  com.alibaba.p3c.pmd.lang.java.rule.other.UseRightCaseForDateFormatRule
9847:             1             80  com.alibaba.p3c.pmd.lang.java.rule.set.ClassCastExceptionWithSubListToArrayListRule
9848:             1             80  com.alibaba.p3c.pmd.lang.java.rule.set.ClassCastExceptionWithToArrayRule
9849:             1             80  com.alibaba.p3c.pmd.lang.java.rule.set.CollectionInitShouldAssignCapacityRule
9850:             1             80  com.alibaba.p3c.pmd.lang.java.rule.set.ConcurrentExceptionWithModifyOriginSubListRule
9851:             1             80  com.alibaba.p3c.pmd.lang.java.rule.set.DontModifyInForeachCircleRule
9852:             1             80  com.alibaba.p3c.pmd.lang.java.rule.set.UnsupportedExceptionWithModifyAsListRule
9853:             1             80  com.alibaba.p3c.pmd.lang.vm.rule.other.UseQuietReferenceNotationRule
9854:             2             80  com.android.repository.Revision
9855:             2             80  com.github.rjeschke.txtmark.Configuration
9856:             5             80  com.google.common.cache.LocalCache$StrongValueReference
9857:             2             80  com.google.common.collect.SingletonImmutableBiMap
9858:             2             80  com.google.gson.internal.bind.TreeTypeAdapter
9859:             2             80  com.intellij.application.options.editor.ErrorHighlightingPanel
9860:             2             80  com.intellij.application.options.emmet.EmmetOptions
9861:             5             80  com.intellij.codeInsight.daemon.impl.HectorComponent$$Lambda$5382/104338077
9862:             5             80  com.intellij.codeInsight.daemon.impl.TrafficLightRenderer$1
9863:             1             80  com.intellij.codeInsight.daemon.impl.analysis.RefCountHolder$1
9864:             1             80  com.intellij.codeInsight.daemon.impl.analysis.RefCountHolder$2
9865:             2             80  com.intellij.codeInsight.daemon.impl.quickfix.DeleteSideEffectsAwareFix
9866:             5             80  com.intellij.codeInsight.daemon.impl.quickfix.EnableOptimizeImportsOnTheFlyFix
9867:             5             80  com.intellij.codeInsight.daemon.impl.quickfix.OptimizeImportsFix
9868:             5             80  com.intellij.codeInsight.daemon.impl.quickfix.RemoveUnusedVariableFix
9869:             5             80  com.intellij.codeInsight.intention.impl.IntentionHintComponent$2
9870:             5             80  com.intellij.codeInsight.template.impl.EmptyNode
9871:             2             80  com.intellij.codeInsight.template.postfix.templates.CastExpressionPostfixTemplate
9872:             2             80  com.intellij.codeInsight.template.postfix.templates.IntroduceFieldPostfixTemplate
9873:             2             80  com.intellij.codeInsight.template.postfix.templates.IntroduceVariablePostfixTemplate
9874:             2             80  com.intellij.codeInsight.template.postfix.templates.StreamPostfixTemplate
9875:             2             80  com.intellij.codeInsight.template.postfix.templates.SwitchStatementPostfixTemplate
9876:             2             80  com.intellij.codeInsight.template.postfix.templates.TryStatementPostfixTemplate
9877:             2             80  com.intellij.codeInsight.template.postfix.templates.TryWithResourcesPostfixTemplate
9878:             5             80  com.intellij.codeInspection.bytecodeAnalysis.Direction$1
9879:             5             80  com.intellij.codeInspection.dataFlow.HardcodedContracts$ContractProvider$$Lambda$3681/808189467
9880:             2             80  com.intellij.codeInspection.dataFlow.SpecialField
9881:             5             80  com.intellij.codeInspection.deadCode.DeprecatedEntryPoint
9882:             5             80  com.intellij.codeInspection.ejb.EjbEntryPoint
9883:             5             80  com.intellij.codeInspection.java19modules.Java9ModuleEntryPoint
9884:             5             80  com.intellij.compiler.backwardRefs.DirtyScopeHolder$$Lambda$3900/833144493
9885:             2             80  com.intellij.compiler.server.AutomakeCompileContext
9886:             5             80  com.intellij.compiler.server.PreloadedProcessMessageHandler
9887:             5             80  com.intellij.configurationStore.CompoundStreamProvider
9888:             2             80  com.intellij.configurationStore.DefaultProjectStorage$createSaveSession$1
9889:             2             80  com.intellij.copyright.CopyrightManager
9890:             2             80  com.intellij.credentialStore.kdbx.KdbxEntry
9891:             2             80  com.intellij.cvsSupport2.config.CvsOptionsTopHitProvider$1
9892:             5             80  com.intellij.debugger.streams.resolve.DistinctResolver
9893:             5             80  com.intellij.debugger.streams.trace.impl.interpret.DistinctCallTraceInterpreter
9894:             1             80  com.intellij.diagnostic.PerformanceWatcher
9895:             5             80  com.intellij.diagram.BaseDiagramProvider$1
9896:             5             80  com.intellij.execution.junit2.inspection.JUnitEntryPoint
9897:             1             80  com.intellij.execution.process.ProcessIOExecutorService
9898:             5             80  com.intellij.execution.runners.ProcessProxyImpl$$Lambda$2988/217726509
9899:             1             80  com.intellij.ide.dnd.DnDManagerImpl
9900:             2             80  com.intellij.ide.ui.laf.darcula.ui.DarculaButtonUI
9901:             5             80  com.intellij.ide.ui.laf.intellij.WinIntelliJSliderUI$1
9902:             5             80  com.intellij.ide.util.treeView.AbstractTreeBuilder$$Lambda$1447/1431552900
9903:             5             80  com.intellij.ide.util.treeView.AbstractTreeUi$1
9904:             5             80  com.intellij.ide.util.treeView.AbstractTreeUi$3
9905:             5             80  com.intellij.ide.util.treeView.AbstractTreeUi$76
9906:             5             80  com.intellij.ide.util.treeView.AbstractTreeUi$MyExpansionListener
9907:             5             80  com.intellij.ide.util.treeView.AbstractTreeUi$MySelectionListener
9908:             2             80  com.intellij.jam.reflect.JamAnnotationAttributeMeta$Single
9909:             2             80  com.intellij.javaee.oss.descriptor.JavaeeAppDescriptor
9910:             2             80  com.intellij.javaee.oss.descriptor.JavaeeCmpDescriptor
9911:             2             80  com.intellij.javaee.oss.descriptor.JavaeeEjbDescriptor
9912:             5             80  com.intellij.jpa.ql.QlFileType
9913:             5             80  com.intellij.lang.aspectj.highlight.AjEntryPoint
9914:             2             80  com.intellij.lang.folding.NamedFoldingDescriptor
9915:             5             80  com.intellij.lang.javascript.buildTools.webpack.WebPackConfiguration
9916:             2             80  com.intellij.lang.javascript.findUsages.JSWordsScanner
9917:             2             80  com.intellij.lang.javascript.inspections.ES6CreateClassOrInterfaceFix
9918:             5             80  com.intellij.lang.javascript.library.ui.JSUsedLibrariesHectorProvider$MyPanel$1
9919:             2             80  com.intellij.lang.javascript.template.postfix.JSForInPostfixTemplate
9920:             5             80  com.intellij.openapi.diagnostic.DefaultLogger
9921:             5             80  com.intellij.openapi.editor.event.EditorMouseEventArea
9922:             2             80  com.intellij.openapi.externalSystem.ExternalStateComponent
9923:             5             80  com.intellij.openapi.fileEditor.impl.EditorComposite$1
9924:             5             80  com.intellij.openapi.fileEditor.impl.text.TextEditorComponent$1
9925:             5             80  com.intellij.openapi.fileEditor.impl.text.TextEditorComponent$MyDocumentListener$$Lambda$972/272427637
9926:             5             80  com.intellij.openapi.fileEditor.impl.text.TextEditorComponent$MyFileTypeListener
9927:             5             80  com.intellij.openapi.fileEditor.impl.text.TextEditorComponent$MyVirtualFileListener
9928:             5             80  com.intellij.openapi.roots.impl.FileIndexBase$$Lambda$459/552078559
9929:             2             80  com.intellij.openapi.roots.impl.RootIndex
9930:             5             80  com.intellij.openapi.vcs.ex.DocumentTracker$MyApplicationListener
9931:             5             80  com.intellij.openapi.vcs.ex.DocumentTracker$MyDocumentBulkUpdateListener
9932:             1             80  com.intellij.profile.codeInspection.ui.ErrorOptionsProviderEP
9933:             2             80  com.intellij.psi.impl.PsiClassImplUtil$3
9934:             5             80  com.intellij.psi.impl.PsiConstantEvaluationHelperImpl
9935:             2             80  com.intellij.psi.impl.light.LightPackageReference
9936:             5             80  com.intellij.psi.impl.search.JavaClassInheritorsSearcher$$Lambda$2524/1188030935
9937:             5             80  com.intellij.psi.impl.source.PsiEnumConstantImpl$MyReference
9938:             5             80  com.intellij.spring.boot.application.SpringBootApplicationServiceImpl$$Lambda$2133/564260053
9939:             5             80  com.intellij.spring.boot.application.metadata.SpringBootApplicationMetaConfigKeyManagerImpl$$Lambda$2618/1013106079
9940:             5             80  com.intellij.spring.boot.application.metadata.SpringBootConfigurationMetadataParser$$Lambda$2621/332579760
9941:             5             80  com.intellij.spring.boot.application.metadata.SpringBootConfigurationMetadataParser$$Lambda$2622/1894619598
9942:             5             80  com.intellij.spring.boot.model.autoconfigure.AutoConfigurationModelBase$$Lambda$2580/1364816890
9943:             5             80  com.intellij.spring.boot.run.lifecycle.gutter.LiveBeansNavigationHandler
9944:             5             80  com.intellij.spring.contexts.model.SpringComponentScanModel$$Lambda$3859/2071039055
9945:             5             80  com.intellij.tasks.timeTracking.TimeTrackingManager$$Lambda$1507/699172104
9946:             5             80  com.intellij.thymeleaf.lang.ThymeleafExpressionsFileType
9947:             5             80  com.intellij.ui.MouseDragHelper$3
9948:             2             80  com.intellij.ui.components.ScrollPainter$TrackPainter
9949:             5             80  com.intellij.ui.popup.AbstractPopup$7
9950:             2             80  com.intellij.uml.diff.DiffUmlProvider
9951:             2             80  com.intellij.usages.impl.UsageNode
9952:             2             80  com.intellij.util.concurrency.SequentialTaskExecutor
9953:             2             80  com.intellij.util.io.storage.AbstractStorage$StorageDataOutput
9954:             2             80  com.intellij.util.io.storage.RefCountingStorage$CustomInflaterInputStream
9955:             5             80  com.intellij.util.proxy.PropertiesEncryptionSupport
9956:             2             80  com.intellij.util.xml.impl.AttributeChildDescriptionImpl
9957:             2             80  com.intellij.util.xml.impl.InvocationCache
9958:             2             80  com.intellij.vaadin.framework.VaadinVersionImpl
9959:             1             80  com.intellij.vcs.log.data.VcsLogData
9960:             1             80  com.intellij.vcs.log.data.index.VcsLogPersistentIndex
9961:             5             80  com.intellij.xml.breadcrumbs.BreadcrumbsXmlWrapper$$Lambda$1099/1539872553
9962:             5             80  com.intellij.xml.breadcrumbs.BreadcrumbsXmlWrapper$1
9963:             5             80  com.intellij.xml.breadcrumbs.BreadcrumbsXmlWrapper$2
9964:             5             80  com.intellij.xml.breadcrumbs.BreadcrumbsXmlWrapper$4
9965:             2             80  com.sun.jmx.mbeanserver.DefaultMXBeanMappingFactory$TabularMapping
9966:             2             80  com.sun.jna.Structure$LayoutInfo
9967:             5             80  com.sun.proxy.$Proxy14
9968:             5             80  com.sun.proxy.$Proxy149
9969:             5             80  com.sun.proxy.$Proxy163
9970:             5             80  com.sun.proxy.$Proxy58
9971:             5             80  com.theoryinpractice.testng.inspection.TestNGEntryPoint
9972:             2             80  com.zeroturnaround.javarebel.idea.plugin.xml.RebelXML
9973:             2             80  freemarker.ext.beans.BeansModelCache
9974:             5             80  freemarker.log._Log4jLoggerFactory$Log4jLogger
9975:             5             80  git4idea.GitLocalBranch
9976:             1             80  git4idea.commands.GitLineHandler$1
9977:             5             80  git4idea.repo.GitHooksInfo
9978:             2             80  io.netty.util.Signal
9979:             1             80  java.awt.EventQueue
9980:             2             80  java.awt.image.RescaleOp
9981:             2             80  java.io.ExpiringCache
9982:             2             80  java.lang.reflect.InvocationTargetException
9983:             2             80  java.nio.file.FileAlreadyExistsException
9984:             5             80  java.rmi.server.RemoteObjectInvocationHandler
9985:             5             80  java.util.AbstractMap$2
9986:             2             80  java.util.Collections$SynchronizedSortedMap
9987:             5             80  java.util.EventObject
9988:             2             80  java.util.Locale$Category
9989:             5             80  javax.swing.JSlider$ModelListener
9990:             5             80  javax.swing.JTabbedPane$ModelListener
9991:             1             80  javax.swing.RepaintManager
9992:             5             80  javax.swing.plaf.basic.BasicSliderUI$Handler
9993:             2             80  javax.swing.plaf.basic.BasicSpinnerUI$ArrowButtonHandler
9994:             5             80  javax.swing.plaf.basic.BasicTabbedPaneUI$Handler
9995:             5             80  javax.swing.plaf.basic.BasicTabbedPaneUI$TabbedPaneLayout
9996:             1             80  kotlin.reflect.jvm.internal.impl.serialization.deserialization.DeserializationComponents
9997:             5             80  kotlin.reflect.jvm.internal.impl.types.ErrorUtils$ErrorScope
9998:             1             80  net.sourceforge.pmd.lang.java.ast.ASTContinueStatement
9999:             1             80  net.sourceforge.pmd.lang.java.ast.ASTImplementsList
10000:             1             80  net.sourceforge.pmd.lang.java.ast.ASTNameList
10001:             5             80  net.sourceforge.pmd.lang.java.symboltable.ClassNameDeclaration
10002:             1             80  org.apache.xerces.dom.CoreDOMImplementationImpl
10003:             1             80  org.apache.xerces.dom.DOMImplementationImpl
10004:             2             80  org.apache.xerces.impl.XMLEntityManager$CharacterBufferPool
10005:             2             80  org.apache.xerces.impl.XMLErrorReporter
10006:             2             80  org.apache.xerces.impl.dtd.XMLDTDDescription
10007:             2             80  org.apache.xerces.impl.validation.ValidationState
10008:             2             80  org.intellij.plugins.xpathView.XPathAppComponent$MyFindAction
10009:             5             80  org.jaxen.expr.DefaultNumberExpr
10010:             5             80  org.jetbrains.android.inspections.AndroidComponentEntryPoint
10011:             2             80  org.jetbrains.concurrency.MessageError
10012:             2             80  org.jetbrains.idea.svn.actions.AddToIgnoreListAction
10013:             2             80  org.jetbrains.idea.svn.actions.RemoveFromIgnoreListAction
10014:             2             80  org.jetbrains.java.debugger.breakpoints.properties.JavaLineBreakpointProperties
10015:             2             80  org.jetbrains.jps.api.CmdlineRemoteProto$Message$BuilderMessage$BuildEvent$GeneratedFile
10016:             5             80  org.jetbrains.jps.model.ex.JpsElementChildRoleBase
10017:             5             80  org.jetbrains.kotlin.codegen.ClassBuilderMode
10018:             2             80  org.jetbrains.kotlin.idea.findUsages.KotlinClassFindUsagesOptions
10019:             2             80  org.jetbrains.kotlin.idea.findUsages.KotlinFunctionFindUsagesOptions
10020:             2             80  org.jetbrains.kotlin.idea.findUsages.KotlinPropertyFindUsagesOptions
10021:             2             80  org.jetbrains.kotlin.psi.stubs.elements.KtClassElementType
10022:             5             80  org.jetbrains.osgi.highlighting.OsgiEntryPoint
10023:             2             80  org.jetbrains.plugins.github.util.GithubSettings$State
10024:             5             80  org.jetbrains.plugins.javaFX.JavaFxEntryPoint
10025:             5             80  org.jetbrains.uast.UastCallKind
10026:             5             80  org.picocontainer.defaults.ImmutablePicoContainerProxyFactory
10027:             5             80  org.zeroturnaround.javarebel.reporting.stats.MetricsStatistics$DailyStatType
10028:             2             80  org.zeroturnaround.javarebel.reporting.stats.repository.impl.StatsHolder
10029:             1             80  sun.awt.Win32GraphicsDevice
10030:             2             80  sun.awt.windows.WDefaultFontCharset
10031:             2             80  sun.font.GlyphLayout$SDCache
10032:             2             80  sun.java2d.pipe.Region$ImmutableRegion
10033:             2             80  sun.management.MappedMXBeanType$CompositeDataMXBeanType
10034:             2             80  sun.management.MemoryManagerImpl
10035:             1             80  sun.reflect.misc.MethodUtil
10036:             1             80  sun.rmi.transport.DGCClient$EndpointEntry
10037:             5             80  sun.rmi.transport.tcp.TCPTransport$ConnectionHandler$$Lambda$2207/256653099
10038:             2             80  sun.swing.PrintColorUIResource
10039:             1             72  [Lcom.github.rjeschke.txtmark.LineType;
10040:             3             72  [Lcom.intellij.compiler.CompileTaskBean;
10041:             3             72  [Lcom.intellij.compiler.impl.javaCompiler.BackendCompiler;
10042:             3             72  [Lcom.intellij.diagram.DiagramElementsProvider;
10043:             3             72  [Lcom.intellij.diagram.actions.DiagramCreateNewElementAction;
10044:             1             72  [Lcom.intellij.facet.ui.FacetDependentToolWindow;
10045:             1             72  [Lcom.intellij.javaee.appServerIntegrations.AppServerIntegration;
10046:             3             72  [Lcom.intellij.lang.cacheBuilder.CacheBuilderEP;
10047:             1             72  [Lcom.intellij.lang.javascript.psi.JSRecordType$MemberSourceKind;
10048:             1             72  [Lcom.intellij.lang.javascript.psi.resolve.JSEvaluateContext$JSEvaluationPlace;
10049:             3             72  [Lcom.intellij.lang.javascript.service.highlighting.JSLanguageServiceFilter;
10050:             3             72  [Lcom.intellij.openapi.externalSystem.ExternalSystemManager;
10051:             2             72  [Lcom.intellij.openapi.fileTypes.ex.FileTypeIdentifiableByVirtualFile;
10052:             3             72  [Lcom.intellij.openapi.roots.ProjectExtension;
10053:             2             72  [Lcom.intellij.openapi.vcs.FileStatus;
10054:             3             72  [Lcom.intellij.openapi.vcs.VcsRootChecker;
10055:             3             72  [Lcom.intellij.openapi.wm.IdeRootPaneNorthExtension;
10056:             3             72  [Lcom.intellij.psi.JavaModuleSystem;
10057:             3             72  [Lcom.intellij.psi.codeStyle.CodeStyleSettingsCustomizable$CommenterOption;
10058:             1             72  [Lcom.intellij.psi.impl.source.resolve.reference.impl.providers.FileReferenceHelper;
10059:             3             72  [Lcom.intellij.psi.impl.source.resolve.reference.impl.providers.ImplicitIdRefProvider;
10060:             3             72  [Lcom.intellij.psi.javadoc.JavadocTagInfo;
10061:             1             72  [Lcom.intellij.psi.meta.MetaDataContributor;
10062:             3             72  [Lcom.intellij.psi.search.IndexPattern;
10063:             3             72  [Lcom.intellij.psi.search.TodoPattern;
10064:             1             72  [Lcom.intellij.psi.search.UseScopeEnlarger;
10065:             1             72  [Lcom.intellij.refactoring.typeMigration.rules.TypeConversionRule;
10066:             3             72  [Lcom.intellij.spring.boot.model.SpringBootModelConfigFileNameContributor;
10067:             1             72  [Lcom.intellij.tasks.TaskRepositoryType;
10068:             1             72  [Lcom.jediterm.terminal.emulator.charset.CharacterSet;
10069:             3             72  [Lcom.sun.jna.Structure;
10070:             1             72  [Lgit4idea.history.GitLogParser$GitLogOption;
10071:             1             72  [Ljava.lang.invoke.LambdaFormEditor$Transform$Kind;
10072:             3             72  [Ljava.net.InetAddress;
10073:             1             72  [Ljavax.management.openmbean.OpenType;
10074:             1             72  [Ljavax.management.openmbean.SimpleType;
10075:             1             72  [Lkotlin.reflect.jvm.internal.impl.serialization.ProtoBuf$Annotation$Argument$Value$Type;
10076:             3             72  [Lorg.jetbrains.kotlin.KtNodeType;
10077:             3             72  [Lorg.jetbrains.kotlin.descriptors.TypeParameterDescriptor;
10078:             1             72  [Lorg.jetbrains.kotlin.parsing.KotlinExpressionParsing$Precedence;
10079:             3             72  [Lorg.jetbrains.kotlin.resolve.extensions.SyntheticResolveExtension;
10080:             3             72  [Lorg.jetbrains.kotlin.resolve.jvm.extensions.PackageFragmentProviderExtension;
10081:             1             72  [Lorg.jetbrains.kotlin.serialization.ProtoBuf$Annotation$Argument$Value$Type;
10082:             3             72  [Lorg.jetbrains.kotlin.types.TypeProjection;
10083:             3             72  [Lorg.jetbrains.plugins.sass.extensions.SassRubyIntegrationHelper;
10084:             1             72  [Lsun.awt.CausedFocusEvent$Cause;
10085:             2             72  [Lsun.security.jca.ProviderConfig;
10086:             3             72  [Lsun.security.ssl.EphemeralKeyManager$EphemeralKeyPair;
10087:             3             72  ch.qos.logback.classic.spi.TurboFilterList
10088:             3             72  ch.qos.logback.core.rolling.helper.CompressionMode
10089:             3             72  ch.qos.logback.core.spi.FilterReply
10090:             3             72  ch.qos.logback.core.util.FileSize
10091:             3             72  com.alibaba.p3c.idea.inspection.standalone.MapOrSetKeyShouldOverrideHashCodeEqualsInspection$ClassType
10092:             3             72  com.android.tools.idea.AndroidPsiUtils$ResourceReferenceType
10093:             3             72  com.android.tools.idea.apk.debugging.DexSourceFiles
10094:             3             72  com.android.tools.idea.apk.debugging.editor.SmaliFileNotificationProvider
10095:             3             72  com.android.tools.idea.databinding.BrClassFinder
10096:             3             72  com.android.tools.idea.databinding.BrShortNamesCache
10097:             3             72  com.android.tools.idea.databinding.DataBindingComponentClassFinder
10098:             3             72  com.android.tools.idea.databinding.DataBindingComponentClassFinder$$Lambda$799/2125842850
10099:             3             72  com.android.tools.idea.databinding.DataBindingComponentShortNamesCache
10100:             3             72  com.android.tools.idea.databinding.DataBindingPackageFinder
10101:             3             72  com.android.tools.idea.databinding.DataBindingShortNamesCache$$Lambda$802/1448236506
10102:             3             72  com.android.tools.idea.databinding.DataBindingShortNamesCache$$Lambda$803/1475460215
10103:             3             72  com.android.tools.idea.databinding.DataBindingShortNamesCache$$Lambda$804/195980885
10104:             3             72  com.android.tools.idea.databinding.DataBindingShortNamesCache$$Lambda$805/1523197438
10105:             3             72  com.android.tools.idea.databinding.DataBindingShortNamesCache$$Lambda$806/519194616
10106:             3             72  com.android.tools.idea.editors.strings.StringResourceEditorNotificationProvider
10107:             3             72  com.android.tools.idea.editors.theme.ThemeEditorNotificationProvider
10108:             3             72  com.android.tools.idea.gradle.notification.AutoImportNotificationProvider
10109:             3             72  com.android.tools.idea.gradle.notification.GeneratedFileNotificationProvider
10110:             3             72  com.android.tools.idea.gradle.notification.ProjectSyncStatusNotificationProvider
10111:             3             72  com.android.tools.idea.gradle.project.AndroidGradleProjectComponent
10112:             3             72  com.android.tools.idea.gradle.project.AndroidGradleProjectComponent$$Lambda$642/1718203251
10113:             3             72  com.android.tools.idea.gradle.project.sync.GradleFiles
10114:             3             72  com.android.tools.idea.gradle.run.MakeBeforeRunTaskProvider$GradleTaskRunnerFactory
10115:             3             72  com.android.tools.idea.lang.roomSql.RoomSchemaManager
10116:             3             72  com.android.tools.idea.lint.ParcelableQuickFix
10117:             3             72  com.android.tools.idea.lint.ParcelableQuickFix$Operation
10118:             3             72  com.android.tools.idea.navigator.AndroidProjectViewPane$1
10119:             3             72  com.android.tools.idea.profiling.view.AnalysisResultsContent
10120:             3             72  com.android.tools.idea.res.PsiProjectListener
10121:             3             72  com.android.tools.idea.res.ResourceClassRegistry
10122:             3             72  com.ansorgit.plugins.bash.editor.inspections.inspections.AddShebangInspection
10123:             3             72  com.ansorgit.plugins.bash.editor.inspections.inspections.DuplicateFunctionDefInspection
10124:             3             72  com.ansorgit.plugins.bash.editor.inspections.inspections.EvaluateArithmeticExpressionInspection
10125:             3             72  com.ansorgit.plugins.bash.editor.inspections.inspections.EvaluateExpansionInspection
10126:             3             72  com.ansorgit.plugins.bash.editor.inspections.inspections.FixShebangInspection
10127:             3             72  com.ansorgit.plugins.bash.editor.inspections.inspections.FloatArithmeticInspection
10128:             3             72  com.ansorgit.plugins.bash.editor.inspections.inspections.FunctionDefInspection
10129:             3             72  com.ansorgit.plugins.bash.editor.inspections.inspections.GlobalLocalVarDefInspection
10130:             3             72  com.ansorgit.plugins.bash.editor.inspections.inspections.GloballyRegisteredVariableInspection
10131:             3             72  com.ansorgit.plugins.bash.editor.inspections.inspections.InternalCommandFunctionOverrideInspection
10132:             3             72  com.ansorgit.plugins.bash.editor.inspections.inspections.InternalVariableInspection
10133:             3             72  com.ansorgit.plugins.bash.editor.inspections.inspections.MissingIncludeFileInspection
10134:             3             72  com.ansorgit.plugins.bash.editor.inspections.inspections.ReadonlyVariableInspection
10135:             3             72  com.ansorgit.plugins.bash.editor.inspections.inspections.RecursiveIncludeFileInspection
10136:             3             72  com.ansorgit.plugins.bash.editor.inspections.inspections.SimpleArrayUseInspection
10137:             3             72  com.ansorgit.plugins.bash.editor.inspections.inspections.SimpleVarUsageInspection
10138:             3             72  com.ansorgit.plugins.bash.editor.inspections.inspections.UnknownFiledescriptorInspection
10139:             3             72  com.ansorgit.plugins.bash.editor.inspections.inspections.UnresolvedVariableInspection
10140:             3             72  com.ansorgit.plugins.bash.editor.inspections.inspections.UnusedFunctionDefInspection
10141:             3             72  com.ansorgit.plugins.bash.editor.inspections.inspections.UnusedFunctionParameterInspection
10142:             3             72  com.ansorgit.plugins.bash.editor.inspections.inspections.UseExtendedTestCommandInspection
10143:             1             72  com.ansorgit.plugins.bash.lang.psi.impl.BashFileImpl
10144:             3             72  com.baomidou.plugin.idea.mybatisx.inspection.MapperMethodInspection
10145:             3             72  com.baomidou.plugin.idea.mybatisx.inspection.MapperXmlInspection
10146:             3             72  com.google.common.collect.ConcurrentHashMultiset
10147:             3             72  com.google.common.collect.ImmutableMapKeySet
10148:             3             72  com.google.common.collect.RegularImmutableBiMap$Inverse$InverseEntrySet
10149:             3             72  com.google.common.collect.RegularImmutableMap$KeySet
10150:             3             72  com.intellij.analysis.PackagesScopesProvider
10151:             3             72  com.intellij.aop.jam.AopJavaAnnotator$$Lambda$3774/1079231820
10152:             3             72  com.intellij.aop.jam.ArgNamesErrorsInspection
10153:             3             72  com.intellij.aop.jam.ArgNamesWarningsInspection
10154:             3             72  com.intellij.aop.jam.AroundAdviceStyleInspection
10155:             3             72  com.intellij.aop.jam.DeclareParentsInspection
10156:             3             72  com.intellij.aop.jam.PointcutMethodStyleInspection
10157:             3             72  com.intellij.appengine.inspections.AppEngineForbiddenCodeInspection
10158:             3             72  com.intellij.batch.inspections.BatchJobDomInspection
10159:             3             72  com.intellij.batch.inspections.BatchXmlDomInspection
10160:             3             72  com.intellij.batch.inspections.RequiredArtifactTypeInspection
10161:             3             72  com.intellij.beanValidation.highlighting.BvConfigDomInspection
10162:             3             72  com.intellij.beanValidation.highlighting.BvConstraintMappingsInspection
10163:             3             72  com.intellij.beanValidation.highlighting.ConstraintValidatorCreator
10164:             3             72  com.intellij.beanValidation.highlighting.MinMaxValuesInspection
10165:             3             72  com.intellij.cdi.highlighting.CdiAlternativeInspection
10166:             3             72  com.intellij.cdi.highlighting.CdiDecoratorInspection
10167:             3             72  com.intellij.cdi.highlighting.CdiDisposerMethodInspection
10168:             3             72  com.intellij.cdi.highlighting.CdiDomBeansInspection
10169:             3             72  com.intellij.cdi.highlighting.CdiInjectInspection
10170:             3             72  com.intellij.cdi.highlighting.CdiInjectionPointsInspection
10171:             3             72  com.intellij.cdi.highlighting.CdiInterceptorInspection
10172:             3             72  com.intellij.cdi.highlighting.CdiManagedBeanInconsistencyInspection
10173:             3             72  com.intellij.cdi.highlighting.CdiNormalScopeInspection
10174:             3             72  com.intellij.cdi.highlighting.CdiObservesInspection
10175:             3             72  com.intellij.cdi.highlighting.CdiScopeInspection
10176:             3             72  com.intellij.cdi.highlighting.CdiSpecializesInspection
10177:             3             72  com.intellij.cdi.highlighting.CdiStereotypeInspection
10178:             3             72  com.intellij.cdi.highlighting.CdiStereotypeRestrictionsInspection
10179:             3             72  com.intellij.cdi.highlighting.CdiTypedAnnotationInspection
10180:             3             72  com.intellij.cdi.highlighting.CdiUnknownProducersForDisposerMethodInspection
10181:             3             72  com.intellij.cdi.highlighting.CdiUnproxyableBeanTypesInspection
10182:             3             72  com.intellij.codeInsight.actions.TextRangeType
10183:             3             72  com.intellij.codeInsight.completion.CompletionType
10184:             3             72  com.intellij.codeInsight.completion.JavaCompletionSorting$PreferAccessible$MyEnum
10185:             3             72  com.intellij.codeInsight.completion.impl.BetterPrefixMatcher$MatchingOutcome
10186:             3             72  com.intellij.codeInsight.completion.scope.JavaCompletionProcessor$StaticProblem
10187:             3             72  com.intellij.codeInsight.controlflow.ControlFlowUtil$Operation
10188:             3             72  com.intellij.codeInsight.daemon.impl.CachedAnnotators$1
10189:             3             72  com.intellij.codeInsight.daemon.impl.DaemonListeners$Result
10190:             3             72  com.intellij.codeInsight.daemon.impl.DefaultHighlightVisitorBasedInspection$AnnotatorBasedInspection
10191:             3             72  com.intellij.codeInsight.daemon.impl.DefaultHighlightVisitorBasedInspection$SyntaxErrorInspection
10192:             3             72  com.intellij.codeInsight.daemon.impl.ExternalToolPassFactory
10193:             3             72  com.intellij.codeInsight.daemon.impl.ShowAutoImportPass$$Lambda$2190/289695739
10194:             3             72  com.intellij.codeInsight.daemon.impl.ShowAutoImportPass$$Lambda$2194/978115794
10195:             3             72  com.intellij.codeInsight.daemon.impl.ThreadLocalAnnotatorMap$1
10196:             1             72  com.intellij.codeInsight.daemon.impl.UpdateHighlightersUtil$$Lambda$2152/1694731029
10197:             3             72  com.intellij.codeInsight.daemon.impl.WholeFileLocalInspectionsPassFactory
10198:             3             72  com.intellij.codeInsight.daemon.impl.WolfPassFactory
10199:             3             72  com.intellij.codeInsight.daemon.impl.analysis.HighlightUtil$SelectorKind
10200:             3             72  com.intellij.codeInsight.daemon.impl.analysis.HighlightingSettingsPerFile
10201:             3             72  com.intellij.codeInsight.daemon.impl.analysis.HtmlUnknownAnchorTargetInspection
10202:             3             72  com.intellij.codeInsight.daemon.impl.analysis.HtmlUnknownTargetInspection
10203:             3             72  com.intellij.codeInsight.daemon.impl.analysis.XmlDefaultAttributeValueInspection
10204:             3             72  com.intellij.codeInsight.daemon.impl.analysis.XmlHighlightVisitorBasedInspection
10205:             3             72  com.intellij.codeInsight.daemon.impl.analysis.XmlPathReferenceInspection
10206:             3             72  com.intellij.codeInsight.daemon.impl.analysis.XmlUnboundNsPrefixInspection
10207:             3             72  com.intellij.codeInsight.daemon.impl.analysis.XmlUnusedNamespaceInspection
10208:             3             72  com.intellij.codeInsight.daemon.impl.quickfix.CreateGetterOrSetterFix
10209:             3             72  com.intellij.codeInsight.daemon.impl.quickfix.ImportClassFixBase$Result
10210:             3             72  com.intellij.codeInsight.editorActions.SmartBackspaceMode
10211:             3             72  com.intellij.codeInsight.editorActions.TypedHandlerDelegate$Result
10212:             3             72  com.intellij.codeInsight.editorActions.XmlTagNameSynchronizer$TagNameSynchronizer$State
10213:             3             72  com.intellij.codeInsight.folding.impl.CodeFoldingManagerImpl
10214:             3             72  com.intellij.codeInsight.folding.impl.UpdateFoldRegionsOperation$ApplyDefaultStateMode
10215:             3             72  com.intellij.codeInsight.generation.CommentByLineCommentHandler$CaretUpdate
10216:             3             72  com.intellij.codeInsight.highlighting.HighlightManagerImpl
10217:             3             72  com.intellij.codeInsight.highlighting.ReadWriteAccessDetector$Access
10218:             3             72  com.intellij.codeInsight.intention.PriorityAction$Priority
10219:             3             72  com.intellij.codeInsight.intention.impl.IntentionHintComponent$PopupUpdateResult
10220:             3             72  com.intellij.codeInsight.javadoc.AnnotationFormat
10221:             3             72  com.intellij.codeInsight.lookup.CharFilter$Result
10222:             3             72  com.intellij.codeInsight.lookup.impl.LookupImpl$FocusDegree
10223:             3             72  com.intellij.codeInsight.navigation.DocPreviewUtil$State
10224:             3             72  com.intellij.codeInsight.preview.ImageOrColorPreviewManager$2
10225:             3             72  com.intellij.codeInsight.template.impl.TemplateState$6
10226:             3             72  com.intellij.codeInspection.AnonymousCanBeLambdaInspection
10227:             3             72  com.intellij.codeInspection.AnonymousCanBeMethodReferenceInspection
10228:             3             72  com.intellij.codeInspection.AnonymousHasLambdaAlternativeInspection
10229:             3             72  com.intellij.codeInspection.CapturingCleanerInspection
10230:             3             72  com.intellij.codeInspection.CollectionAddAllCanBeReplacedWithConstructorInspection
10231:             3             72  com.intellij.codeInspection.CollectionAddAllCanBeReplacedWithConstructorInspection$1
10232:             3             72  com.intellij.codeInspection.ComparatorCombinatorsInspection
10233:             3             72  com.intellij.codeInspection.ComparatorResultComparisonInspection
10234:             3             72  com.intellij.codeInspection.ConditionalBreakInInfiniteLoopInspection
10235:             3             72  com.intellij.codeInspection.ConditionalCanBeOptionalInspection
10236:             3             72  com.intellij.codeInspection.DefaultAnnotationParamInspection
10237:             3             72  com.intellij.codeInspection.DeprecatedIsStillUsedInspection
10238:             3             72  com.intellij.codeInspection.EndlessStreamInspection
10239:             3             72  com.intellij.codeInspection.ExplicitTypeCanBeDiamondInspection
10240:             3             72  com.intellij.codeInspection.FunctionalExpressionCanBeFoldedInspection
10241:             3             72  com.intellij.codeInspection.IdempotentLoopBodyInspection
10242:             3             72  com.intellij.codeInspection.InvalidComparatorMethodReferenceInspection
10243:             3             72  com.intellij.codeInspection.LambdaCanBeMethodCallInspection
10244:             3             72  com.intellij.codeInspection.LambdaCanBeMethodReferenceInspection
10245:             3             72  com.intellij.codeInspection.LossyEncodingInspection
10246:             3             72  com.intellij.codeInspection.MoveFieldAssignmentToInitializerInspection
10247:             3             72  com.intellij.codeInspection.NumericOverflowInspection
10248:             3             72  com.intellij.codeInspection.ObviousNullCheckInspection
10249:             3             72  com.intellij.codeInspection.OptionalAssignedToNullInspection
10250:             3             72  com.intellij.codeInspection.OptionalIsPresentInspection
10251:             3             72  com.intellij.codeInspection.OverwrittenKeyInspection
10252:             3             72  com.intellij.codeInspection.PossibleHeapPollutionVarargsInspection
10253:             3             72  com.intellij.codeInspection.RedundantComparatorComparingInspection
10254:             3             72  com.intellij.codeInspection.RedundantExplicitCloseInspection
10255:             3             72  com.intellij.codeInspection.RedundantExplicitVariableTypeInspection
10256:             3             72  com.intellij.codeInspection.RedundantLambdaCodeBlockInspection
10257:             3             72  com.intellij.codeInspection.RedundantStreamOptionalCallInspection
10258:             3             72  com.intellij.codeInspection.ReplaceInefficientStreamCountInspection
10259:             3             72  com.intellij.codeInspection.ReplaceNullCheckInspection
10260:             3             72  com.intellij.codeInspection.SimplifyCollectorInspection
10261:             3             72  com.intellij.codeInspection.SimplifyOptionalCallChainsInspection
10262:             3             72  com.intellij.codeInspection.SimplifyStreamApiCallChainsInspection
10263:             3             72  com.intellij.codeInspection.StringTokenizerDelimiterInspection
10264:             3             72  com.intellij.codeInspection.SuspiciousArrayMethodCallInspection
10265:             3             72  com.intellij.codeInspection.TrailingSpacesInPropertyInspection
10266:             3             72  com.intellij.codeInspection.TrivialFunctionalExpressionUsageInspection
10267:             3             72  com.intellij.codeInspection.UseCompareMethodInspection
10268:             3             72  com.intellij.codeInspection.VariableTypeCanBeExplicitInspection
10269:             3             72  com.intellij.codeInspection.WrongPropertyKeyValueDelimiterInspection
10270:             3             72  com.intellij.codeInspection.accessStaticViaInstance.AccessStaticViaInstance
10271:             3             72  com.intellij.codeInspection.booleanIsAlwaysInverted.BooleanMethodIsAlwaysInvertedInspection
10272:             3             72  com.intellij.codeInspection.bulkOperation.BulkMethodInfo
10273:             3             72  com.intellij.codeInspection.bulkOperation.UseBulkOperationInspection
10274:             3             72  com.intellij.codeInspection.bytecodeAnalysis.ProjectBytecodeAnalysis
10275:             3             72  com.intellij.codeInspection.bytecodeAnalysis.ProjectBytecodeAnalysis$IndexedEquationProvider
10276:             3             72  com.intellij.codeInspection.canBeFinal.CanBeFinalInspection
10277:             3             72  com.intellij.codeInspection.capitalization.TitleCapitalizationInspection
10278:             3             72  com.intellij.codeInspection.compiler.JavacQuirksInspection
10279:             3             72  com.intellij.codeInspection.dataFlow.ContractInspection
10280:             3             72  com.intellij.codeInspection.dataFlow.Nullness
10281:             3             72  com.intellij.codeInspection.defUse.DefUseInspection
10282:             3             72  com.intellij.codeInspection.defaultFileTemplateUsage.DefaultFileTemplateUsageInspection
10283:             3             72  com.intellij.codeInspection.dependencyViolation.DependencyInspection
10284:             3             72  com.intellij.codeInspection.deprecation.MarkedForRemovalInspection
10285:             3             72  com.intellij.codeInspection.duplicateThrows.DuplicateThrowsInspection
10286:             3             72  com.intellij.codeInspection.ejb.EjbDomInspection
10287:             3             72  com.intellij.codeInspection.ejb.EjbQlInspection
10288:             3             72  com.intellij.codeInspection.ex.InspectionManagerEx$2
10289:             3             72  com.intellij.codeInspection.htmlInspections.HtmlExtraClosingTagInspection
10290:             3             72  com.intellij.codeInspection.htmlInspections.HtmlMissingClosingTagInspection
10291:             3             72  com.intellij.codeInspection.htmlInspections.RequiredAttributesInspection
10292:             3             72  com.intellij.codeInspection.htmlInspections.XmlWrongRootElementInspection
10293:             3             72  com.intellij.codeInspection.i18n.InvalidPropertyKeyInspection
10294:             3             72  com.intellij.codeInspection.i18n.inconsistentResourceBundle.InconsistentResourceBundleInspection$1
10295:             3             72  com.intellij.codeInspection.inconsistentLanguageLevel.InconsistentLanguageLevelInspection
10296:             3             72  com.intellij.codeInspection.intermediaryVariable.ReturnSeparatedFromComputationInspection
10297:             3             72  com.intellij.codeInspection.java15api.Java15APIUsageInspection
10298:             3             72  com.intellij.codeInspection.java18StreamApi.StaticPseudoFunctionalStyleMethodInspection
10299:             3             72  com.intellij.codeInspection.java18api.Java8ArraySetAllInspection
10300:             3             72  com.intellij.codeInspection.java18api.Java8CollectionRemoveIfInspection
10301:             3             72  com.intellij.codeInspection.java18api.Java8ListSortInspection
10302:             3             72  com.intellij.codeInspection.java18api.Java8MapForEachInspection
10303:             3             72  com.intellij.codeInspection.java19api.Java9CollectionFactoryInspection
10304:             3             72  com.intellij.codeInspection.java19api.Java9UndeclaredServiceUsageInspection
10305:             3             72  com.intellij.codeInspection.java19modules.Java9ModuleExportsPackageToItselfInspection
10306:             3             72  com.intellij.codeInspection.java19modules.Java9RedundantRequiresStatementInspection
10307:             3             72  com.intellij.codeInspection.java19modules.JavaModuleNamingInspection
10308:             3             72  com.intellij.codeInspection.java19modules.JavaRequiresAutoModuleInspection
10309:             3             72  com.intellij.codeInspection.javaDoc.JavaDocReferenceInspection
10310:             3             72  com.intellij.codeInspection.jsp.ELDeferredExpressionsInspection
10311:             3             72  com.intellij.codeInspection.jsp.ELSpecComplianceInspection
10312:             3             72  com.intellij.codeInspection.jsp.ELValidationInspection
10313:             3             72  com.intellij.codeInspection.jsp.ElMethodSignatureInspection
10314:             3             72  com.intellij.codeInspection.jsp.JspAbsolutePathInspection
10315:             3             72  com.intellij.codeInspection.jsp.JspDirectiveInspection
10316:             3             72  com.intellij.codeInspection.jsp.JspPropertiesInspection
10317:             3             72  com.intellij.codeInspection.jsp.JspTagBodyContentInspection
10318:             3             72  com.intellij.codeInspection.jsp.ReferencesToClassesFromDefaultPackageInJSPFileInspection
10319:             3             72  com.intellij.codeInspection.jsp.SelfIncludingJspFilesInspection
10320:             3             72  com.intellij.codeInspection.jsp.UnhandledExceptionInJSP
10321:             3             72  com.intellij.codeInspection.lambda.RedundantLambdaParameterTypeInspection
10322:             3             72  com.intellij.codeInspection.lambdaToExplicit.ExcessiveLambdaUsageInspection
10323:             3             72  com.intellij.codeInspection.lambdaToExplicit.ExplicitArgumentCanBeLambdaInspection
10324:             3             72  com.intellij.codeInspection.magicConstant.MagicConstantInspection
10325:             3             72  com.intellij.codeInspection.miscGenerics.RawTypeCanBeGenericInspection
10326:             3             72  com.intellij.codeInspection.miscGenerics.RedundantArrayForVarargsCallInspection
10327:             3             72  com.intellij.codeInspection.miscGenerics.RedundantTypeArgsInspection
10328:             3             72  com.intellij.codeInspection.miscGenerics.SuspiciousCollectionsMethodCallsInspection
10329:             3             72  com.intellij.codeInspection.reflectiveAccess.Java9ReflectionClassVisibilityInspection
10330:             3             72  com.intellij.codeInspection.reflectiveAccess.JavaLangInvokeHandleSignatureInspection
10331:             3             72  com.intellij.codeInspection.reflectiveAccess.JavaReflectionInvocationInspection
10332:             3             72  com.intellij.codeInspection.sameParameterValue.SameParameterValueInspection
10333:             3             72  com.intellij.codeInspection.sameReturnValue.SameReturnValueInspection
10334:             3             72  com.intellij.codeInspection.sillyAssignment.SillyAssignmentInspection
10335:             3             72  com.intellij.codeInspection.streamMigration.FuseStreamOperationsInspection
10336:             3             72  com.intellij.codeInspection.streamMigration.SimplifyForEachInspection
10337:             3             72  com.intellij.codeInspection.streamMigration.StreamApiMigrationInspection
10338:             3             72  com.intellij.codeInspection.streamToLoop.StreamToLoopInspection
10339:             3             72  com.intellij.codeInspection.unnecessaryModuleDependency.UnnecessaryModuleDependencyInspection
10340:             3             72  com.intellij.codeInspection.unneededThrows.RedundantThrowsDeclarationLocalInspection
10341:             3             72  com.intellij.codeInspection.unused.UnusedPropertyInspection
10342:             3             72  com.intellij.codeInspection.unusedImport.UnusedImportInspection
10343:             3             72  com.intellij.codeInspection.unusedLibraries.UnusedLibrariesInspection
10344:             3             72  com.intellij.codeInspection.unusedReturnValue.UnusedReturnValue
10345:             3             72  com.intellij.codeInspection.varScopeCanBeNarrowed.ParameterCanBeLocalInspection
10346:             3             72  com.intellij.codeInspection.wrongPackageStatement.WrongPackageStatementInspection
10347:             3             72  com.intellij.codeInspection.xml.DeprecatedClassUsageInspection
10348:             3             72  com.intellij.coldFusion.UI.inspections.CfmlFileReferenceInspection
10349:             3             72  com.intellij.coldFusion.UI.inspections.CfmlReferenceInspection
10350:             3             72  com.intellij.coldFusion.UI.runner.CfmlRunnerParameters
10351:             3             72  com.intellij.coldFusion.injection.CfmlSplittedMultiHostInjector
10352:             3             72  com.intellij.compiler.CompilerManagerImpl$ListenerNotificator
10353:             3             72  com.intellij.compiler.ModuleSourceSet
10354:             3             72  com.intellij.compiler.backwardRefs.CompilerReferenceReader$DefCount
10355:             3             72  com.intellij.compiler.backwardRefs.CompilerReferenceServiceImpl$IndexCloseReason
10356:             3             72  com.intellij.compiler.impl.javaCompiler.javac.JavacConfiguration
10357:             3             72  com.intellij.compiler.inspection.FrequentlyUsedInheritorInspection
10358:             3             72  com.intellij.compiler.server.BuildMessageDispatcher$SessionData$State
10359:             3             72  com.intellij.configurationStore.FileStorageAnnotation
10360:             3             72  com.intellij.configurationStore.StateLoadPolicy
10361:             3             72  com.intellij.core.CoreProjectScopeBuilder$ContentSearchScope
10362:             3             72  com.intellij.coverage.CoverageDataManagerImpl$3
10363:             3             72  com.intellij.credentialStore.kdbx.KdbxHeader$ProtectedStreamAlgorithm
10364:             1             72  com.intellij.credentialStore.windows.WindowsCryptUtils$Crypt32$DATA_BLOB
10365:             3             72  com.intellij.database.autoconfig.DatabaseConfigFileWatcher
10366:             3             72  com.intellij.database.dataSource.srcStorage.DbSrcFileSystem$ItemType
10367:             3             72  com.intellij.database.datagrid.DataRequest$3
10368:             3             72  com.intellij.database.introspection.DBIntrospectionOptions$SourceLoading
10369:             3             72  com.intellij.database.model.properties.DataTypeFactory$Variant
10370:             3             72  com.intellij.database.psi.DefaultDbPsiManager
10371:             3             72  com.intellij.database.settings.UserPatterns
10372:             3             72  com.intellij.debugger.impl.HotSwapManager
10373:             3             72  com.intellij.debugger.memory.component.InstancesTracker
10374:             3             72  com.intellij.debugger.ui.HotSwapUIImpl
10375:             3             72  com.intellij.debugger.ui.HotSwapUIImpl$1
10376:             3             72  com.intellij.designer.propertyTable.PropertyTable$PropertyCellRenderer
10377:             3             72  com.intellij.designer.propertyTable.PropertyTable$PropertyTableModel
10378:             3             72  com.intellij.designer.propertyTable.PropertyTablePanel$2
10379:             1             72  com.intellij.diagnostic.IdeFatalErrorsIcon$2
10380:             3             72  com.intellij.diagnostic.IdeFatalErrorsIcon$State
10381:             3             72  com.intellij.diagram.settings.DiagramConfigElement$Type
10382:             3             72  com.intellij.diff.comparison.ComparisonPolicy
10383:             3             72  com.intellij.diff.impl.DiffRequestProcessor$IterationState
10384:             3             72  com.intellij.diff.impl.DiffRequestProcessor$MyDiffContext
10385:             3             72  com.intellij.diff.impl.DiffSettingsHolder$DiffSettings
10386:             3             72  com.intellij.diff.impl.DiffSettingsHolder$PlaceSettings
10387:             3             72  com.intellij.diff.tools.util.SoftHardCacheMap
10388:             3             72  com.intellij.dmserver.editor.AvailableBundlesProvider$1
10389:             3             72  com.intellij.dmserver.editor.AvailableBundlesProvider$2
10390:             3             72  com.intellij.dmserver.editor.AvailableBundlesProvider$3
10391:             3             72  com.intellij.dupLocator.index.DuplicatesInspection
10392:             3             72  com.intellij.dvcs.branch.DvcsSyncSettings$Value
10393:             3             72  com.intellij.ee.websocket.highlighting.IncorrectOnMessageMethodsInspection
10394:             3             72  com.intellij.ee.websocket.highlighting.ServerEndpointInconsistencyInspection
10395:             3             72  com.intellij.execution.actions.CreateAction$BaseCreatePolicy$ActionType
10396:             3             72  com.intellij.execution.application.ApplicationConfigurationType$1
10397:             3             72  com.intellij.execution.configurations.GeneralCommandLine$ParentEnvironmentType
10398:             1             72  com.intellij.execution.configurations.JavaParameters
10399:             3             72  com.intellij.execution.configurations.RunConfigurationModule
10400:             3             72  com.intellij.execution.filters.CompositeFilter
10401:             3             72  com.intellij.execution.impl.ConsoleViewImpl$BackSpaceHandler
10402:             3             72  com.intellij.execution.impl.ConsoleViewImpl$ClearRunnable
10403:             3             72  com.intellij.execution.impl.ConsoleViewImpl$DeleteHandler
10404:             3             72  com.intellij.execution.impl.ConsoleViewImpl$EnterHandler
10405:             3             72  com.intellij.execution.impl.ConsoleViewImpl$PasteHandler
10406:             3             72  com.intellij.execution.impl.ConsoleViewUtil$NullEditorHighlighter
10407:             3             72  com.intellij.execution.impl.DefaultJavaProgramRunner$1
10408:             3             72  com.intellij.execution.impl.DisposedPsiManagerCheck
10409:             3             72  com.intellij.execution.impl.RunConfigurationLevel
10410:             3             72  com.intellij.execution.impl.RunManagerImpl$configurationFactories$2
10411:             3             72  com.intellij.execution.impl.RunManagerImpl$stringIdToBeforeRunProvider$2
10412:             3             72  com.intellij.execution.junit.codeInsight.JUnit5MalformedParameterizedInspection
10413:             3             72  com.intellij.execution.junit.codeInsight.JUnit5MalformedRepeatedTestInspection
10414:             1             72  com.intellij.execution.process.OSProcessHandler
10415:             3             72  com.intellij.execution.process.ProcessHandler$4
10416:             3             72  com.intellij.execution.process.ProcessTerminatedListener
10417:             3             72  com.intellij.execution.testDiscovery.TestDiscoveryIndex
10418:             3             72  com.intellij.execution.ui.layout.impl.RunnerContentUi$MyDragOutDelegate
10419:             3             72  com.intellij.execution.ui.layout.impl.RunnerLayoutUiImpl
10420:             3             72  com.intellij.externalDependencies.impl.ExternalDependenciesManagerImpl
10421:             3             72  com.intellij.facet.impl.FacetFinderImpl$$Lambda$954/289652406
10422:             3             72  com.intellij.facet.impl.ProjectFacetManagerImpl
10423:             3             72  com.intellij.facet.impl.pointers.FacetPointersManagerImpl
10424:             3             72  com.intellij.find.findUsages.FindUsagesOptions
10425:             1             72  com.intellij.formatting.FormatterImpl
10426:             3             72  com.intellij.formatting.FormatterTagHandler$FormatterTag
10427:             3             72  com.intellij.formatting.FormattingMode
10428:             3             72  com.intellij.framework.detection.impl.exclude.old.OldFacetDetectionExcludesConfiguration
10429:             3             72  com.intellij.frameworks.reactor.inspections.PublisherImplementationInspection
10430:             3             72  com.intellij.frameworks.reactor.inspections.SubscriberImplementationInspection
10431:             3             72  com.intellij.frameworks.reactor.inspections.UnassignedFluxMonoInstanceInspection
10432:             3             72  com.intellij.freemarker.inspections.FtlCallsInspection
10433:             3             72  com.intellij.freemarker.inspections.FtlDeprecatedBuiltInsInspection
10434:             3             72  com.intellij.freemarker.inspections.FtlFileReferencesInspection
10435:             3             72  com.intellij.freemarker.inspections.FtlImportCallInspection
10436:             3             72  com.intellij.freemarker.inspections.FtlReferencesInspection
10437:             3             72  com.intellij.freemarker.inspections.FtlTypesInspection
10438:             3             72  com.intellij.freemarker.inspections.FtlWellformednessInspection
10439:             3             72  com.intellij.guice.inspections.BindingAnnotationWithoutInjectInspection
10440:             3             72  com.intellij.guice.inspections.ConflictingAnnotationsInspection
10441:             3             72  com.intellij.guice.inspections.InterceptionAnnotationWithoutRuntimeRetentionInspection
10442:             3             72  com.intellij.guice.inspections.InvalidImplementedByInspection
10443:             3             72  com.intellij.guice.inspections.InvalidProvidedByInspection
10444:             3             72  com.intellij.guice.inspections.InvalidRequestParametersInspection
10445:             3             72  com.intellij.guice.inspections.MultipleBindingAnnotationsInspection
10446:             3             72  com.intellij.guice.inspections.MultipleInjectedConstructorsForClassInspection
10447:             3             72  com.intellij.guice.inspections.PointlessBindingInspection
10448:             3             72  com.intellij.guice.inspections.RedundantScopeBindingInspection
10449:             3             72  com.intellij.guice.inspections.RedundantToBindingInspection
10450:             3             72  com.intellij.guice.inspections.RedundantToProviderBindingInspection
10451:             3             72  com.intellij.guice.inspections.SessionScopedInjectsRequestScopedInspection
10452:             3             72  com.intellij.guice.inspections.SingletonInjectsScopedInspection
10453:             3             72  com.intellij.guice.inspections.UninstantiableBindingInspection
10454:             3             72  com.intellij.guice.inspections.UninstantiableImplementedByClassInspection
10455:             3             72  com.intellij.guice.inspections.UninstantiableProvidedByClassInspection
10456:             3             72  com.intellij.guice.inspections.UnnecessaryStaticInjectionInspection
10457:             3             72  com.intellij.guice.model.GuiceInjectorManager$$Lambda$3968/1182071617
10458:             3             72  com.intellij.gwt.clientBundle.CssResourceClassErrorsInspection
10459:             3             72  com.intellij.gwt.inspections.ClientClassFromNonInheritedModuleUsageInspection
10460:             3             72  com.intellij.gwt.inspections.GwtCreateMethodCallInspection
10461:             3             72  com.intellij.gwt.inspections.GwtDefaultPackageNotRegisteredInspection
10462:             3             72  com.intellij.gwt.inspections.GwtDeprecatedPropertyKeyJavadocTagInspection
10463:             3             72  com.intellij.gwt.inspections.GwtInconsistentAsyncInterfaceInspection
10464:             3             72  com.intellij.gwt.inspections.GwtInconsistentLocalizableInterfaceInspection
10465:             3             72  com.intellij.gwt.inspections.GwtInconsistentSerializableClassInspection
10466:             3             72  com.intellij.gwt.inspections.GwtJavaFromJSMethodCallsInspection
10467:             3             72  com.intellij.gwt.inspections.GwtJavaScriptReferencesInspection
10468:             3             72  com.intellij.gwt.inspections.GwtMethodWithParametersInConstantsInterfaceInspection
10469:             3             72  com.intellij.gwt.inspections.GwtNonSerializableRemoteServiceMethodParametersInspection
10470:             3             72  com.intellij.gwt.inspections.GwtObsoleteTypeArgsJavadocTagInspection
10471:             3             72  com.intellij.gwt.inspections.GwtOverlayTypeRestrictionsInspection
10472:             3             72  com.intellij.gwt.inspections.GwtRawAsyncCallbackInspection
10473:             3             72  com.intellij.gwt.inspections.GwtServiceNotRegisteredInspection
10474:             3             72  com.intellij.gwt.inspections.GwtToCssClassReferencesInspection
10475:             3             72  com.intellij.gwt.inspections.GwtToHtmlTagReferencesInspection
10476:             3             72  com.intellij.gwt.inspections.GwtUiBinderErrorsInspection
10477:             3             72  com.intellij.gwt.inspections.GwtUiFieldAssignmentInspection
10478:             3             72  com.intellij.gwt.inspections.GwtUiFieldErrorsInspection
10479:             3             72  com.intellij.gwt.inspections.GwtUiHandlerErrorsInspection
10480:             3             72  com.intellij.gwt.inspections.NonJREEmulationClassesInClientCodeInspection
10481:             3             72  com.intellij.gwt.inspections.RedundantSetServiceEntryPointMethodCallsInspection
10482:             3             72  com.intellij.gwt.inspections.UiXmlUnresolvedReferencesInspection
10483:             3             72  com.intellij.gwt.inspections.eventListeners.GwtDeprecatedEventListenersInspection
10484:             3             72  com.intellij.gwt.refactorings.KeyTagInfo
10485:             3             72  com.intellij.hibernate.highlighting.HibernateConfigDomFacetInspection
10486:             3             72  com.intellij.hibernate.highlighting.HibernateConfigDomInspection
10487:             3             72  com.intellij.hibernate.highlighting.HibernateMappingDatasourceDomInspection
10488:             3             72  com.intellij.hibernate.highlighting.HibernateMappingDomInspection
10489:             3             72  com.intellij.htmltools.codeInspection.htmlInspections.HtmlDeprecatedTagInspection
10490:             3             72  com.intellij.htmltools.codeInspection.htmlInspections.HtmlFormInputWithoutLabelInspection
10491:             3             72  com.intellij.htmltools.codeInspection.htmlInspections.HtmlPresentationalElementInspection
10492:             3             72  com.intellij.htmltools.xml.util.CheckImageSizeInspection
10493:             3             72  com.intellij.ide.ApplicationActivationStateManager$State
10494:             3             72  com.intellij.ide.CopyPasteDelegator
10495:             3             72  com.intellij.ide.GeneralSettings$ProcessCloseConfirmation
10496:             3             72  com.intellij.ide.IdeEventQueue$SearchEverywhereTypeaheadState
10497:             1             72  com.intellij.ide.IdeKeyboardFocusManager
10498:             1             72  com.intellij.ide.IdeTooltipManager
10499:             3             72  com.intellij.ide.b.a.e
10500:             1             72  com.intellij.ide.b.g.l
10501:             1             72  com.intellij.ide.b.g.q
10502:             3             72  com.intellij.ide.browsers.DefaultBrowserPolicy
10503:             3             72  com.intellij.ide.favoritesTreeView.FavoritesViewSettings
10504:             3             72  com.intellij.ide.fileTemplates.impl.FileTemplateManagerImpl$1
10505:             3             72  com.intellij.ide.gdpr.ConsentOptions$Permission
10506:             3             72  com.intellij.ide.impl.PackagesPaneSelectInTarget
10507:             3             72  com.intellij.ide.impl.ProjectPaneSelectInTarget
10508:             3             72  com.intellij.ide.impl.convert.ProjectFileVersionImpl
10509:             1             72  com.intellij.ide.navigationToolbar.NavBarUpdateQueue
10510:             3             72  com.intellij.ide.projectView.impl.AbstractProjectViewPane$$Lambda$1282/324411701
10511:             3             72  com.intellij.ide.projectView.impl.AsyncProjectViewSupport$$Lambda$1517/2108881266
10512:             3             72  com.intellij.ide.projectView.impl.ProjectViewImpl$2
10513:             3             72  com.intellij.ide.projectView.impl.ProjectViewImpl$3
10514:             3             72  com.intellij.ide.projectView.impl.ProjectViewImpl$MyPanel$1
10515:             3             72  com.intellij.ide.scopeView.ScopePaneSelectInTarget
10516:             3             72  com.intellij.ide.scopeView.ScopeViewPane$1
10517:             3             72  com.intellij.ide.scratch.ScratchesNamedScope
10518:             3             72  com.intellij.ide.scratch.ScratchesNamedScope$1
10519:             3             72  com.intellij.ide.scratch.ScratchesSearchScope
10520:             3             72  com.intellij.idea.SocketLock$ActivateStatus
10521:             3             72  com.intellij.idea.StartupUtil$ActivationResult
10522:             3             72  com.intellij.impl.ConversionResultImpl
10523:             3             72  com.intellij.j2ee.appServerIntegrations.impl.AppServerDescriptorsMetaDataRegistryImpl
10524:             3             72  com.intellij.j2ee.web.WebProjectComponent$1
10525:             3             72  com.intellij.j2ee.web.highlighting.ServletWithoutMappingInspection
10526:             3             72  com.intellij.j2ee.web.highlighting.WebWarningInspection
10527:             3             72  com.intellij.j2ee.web.highlighting.WebXmlInspection
10528:             3             72  com.intellij.j2ee.webSphere.configuration.WebSphereBuildLooseAppsBeforeRunTaskProvider
10529:             3             72  com.intellij.j2meplugin.codeInspection.MissedExecutableInspection
10530:             3             72  com.intellij.jam.JamClassGeneratorImpl$$Lambda$1485/1317691536
10531:             3             72  com.intellij.jam.reflect.JamChildrenQuery$AnnotatedParametersQuery
10532:             1             72  com.intellij.javaee.ExternalResourceManagerExImpl
10533:             3             72  com.intellij.javaee.JavaeeApplicationDomInspection
10534:             3             72  com.intellij.javaee.ejb.inspections.EjbClassBasicInspection
10535:             3             72  com.intellij.javaee.ejb.inspections.EjbClassWarningsInspection
10536:             3             72  com.intellij.javaee.ejb.inspections.EjbEntityClassInspection
10537:             3             72  com.intellij.javaee.ejb.inspections.EjbEntityHomeInspection
10538:             3             72  com.intellij.javaee.ejb.inspections.EjbEntityInterfaceInspection
10539:             3             72  com.intellij.javaee.ejb.inspections.EjbEnvironmentInspection
10540:             3             72  com.intellij.javaee.ejb.inspections.EjbInterceptorInspection
10541:             3             72  com.intellij.javaee.ejb.inspections.EjbInterceptorWarningsInspection
10542:             3             72  com.intellij.javaee.ejb.inspections.EjbInterfaceMethodInspection
10543:             3             72  com.intellij.javaee.ejb.inspections.EjbInterfaceSignatureInspection
10544:             3             72  com.intellij.javaee.ejb.inspections.EjbProhibitedPackageUsageInspection
10545:             3             72  com.intellij.javaee.ejb.inspections.EjbRemoteRequirementsInspection
10546:             3             72  com.intellij.javaee.ejb.inspections.EjbSessionHomeInterfaceInspection
10547:             3             72  com.intellij.javaee.ejb.inspections.EjbStaticAccessInspection
10548:             3             72  com.intellij.javaee.ejb.inspections.EjbThisExpressionInspection
10549:             3             72  com.intellij.javaee.make.J2EECompilerManager
10550:             3             72  com.intellij.javaee.make.J2EECompilerManager$1
10551:             3             72  com.intellij.javaee.managedbean.inspections.ManagedBeanClassInspection
10552:             3             72  com.intellij.javaee.model.annotations.ejb.EjbJamContributor$1
10553:             3             72  com.intellij.javaee.model.enums.SessionType
10554:             3             72  com.intellij.javaee.model.xml.impl.WebAppImpl$$EnhancerByJetBrainsMainCglib$$397ba65e
10555:             3             72  com.intellij.javaee.oss.geronimo.server.GeronimoInspection
10556:             3             72  com.intellij.javaee.oss.glassfish.server.GlassfishInspection
10557:             3             72  com.intellij.javaee.oss.jboss.server.JBossInspection
10558:             3             72  com.intellij.javaee.view.ServerProcessState
10559:             3             72  com.intellij.javaee.view.tool.ArtifactSyncTracker
10560:             3             72  com.intellij.javaee.weblogic.WeblogicDomInspection
10561:             3             72  com.intellij.javascript.jest.JestSchemaProviderFactory$1
10562:             3             72  com.intellij.javascript.nodejs.packageJson.codeInsight.PackageJsonMismatchedDependencyInspection
10563:             3             72  com.intellij.javascript.protractor.ProtractorRunSettings
10564:             3             72  com.intellij.jboss.jbpm.highlighting.BpmnConfigDomInspection
10565:             3             72  com.intellij.jboss.jbpm.model.impl.BpmnDomModelManagerImpl
10566:             3             72  com.intellij.jboss.jpdl.inspections.JpdlModelInspection
10567:             3             72  com.intellij.jpa.AttributeRefactoringSupport
10568:             3             72  com.intellij.jpa.highlighting.JpaDataSourceORMDomInspection
10569:             3             72  com.intellij.jpa.highlighting.JpaDataSourceORMInspection
10570:             3             72  com.intellij.jpa.highlighting.JpaDomFacetInspection
10571:             3             72  com.intellij.jpa.highlighting.JpaDomInspection
10572:             3             72  com.intellij.jpa.highlighting.JpaOrmDomInspection
10573:             3             72  com.intellij.jpa.highlighting.JpaQlInspection
10574:             3             72  com.intellij.jpa.highlighting.JpaQueryApiInspection
10575:             3             72  com.intellij.jpa.inspections.JpaAttributeMemberSignatureInspection
10576:             3             72  com.intellij.jpa.inspections.JpaAttributeTypeInspection
10577:             3             72  com.intellij.jpa.inspections.JpaEntityListenerInspection
10578:             3             72  com.intellij.jpa.inspections.JpaEntityListenerWarningsInspection
10579:             3             72  com.intellij.jpa.inspections.JpaMissingIdInspection
10580:             3             72  com.intellij.jpa.inspections.JpaModelReferenceInspection
10581:             3             72  com.intellij.jpa.inspections.JpaObjectClassSignatureInspection
10582:             3             72  com.intellij.jsf.highlighting.jam.JsfJamExtendsClassInconsistencyInspection
10583:             3             72  com.intellij.jsf.highlighting.xml.JsfDomModelInspection
10584:             3             72  com.intellij.jsf.highlighting.xml.JsfManagedBeansInconsistencyInspection
10585:             3             72  com.intellij.json.codeinsight.JsonDuplicatePropertyKeysInspection
10586:             3             72  com.intellij.json.codeinsight.JsonStandardComplianceInspection
10587:             3             72  com.intellij.jsp.taglibs.TaglibDomModelInspection
10588:             1             72  com.intellij.lang.ant.config.impl.AntConfigurationImpl
10589:             3             72  com.intellij.lang.ant.dom.AntResolveInspection
10590:             3             72  com.intellij.lang.ant.validation.AntDuplicateTargetsInspection
10591:             3             72  com.intellij.lang.ant.validation.AntMissingPropertiesFileInspection
10592:             3             72  com.intellij.lang.css.CssDialectMappings
10593:             3             72  com.intellij.lang.java.beans.PropertyKind
10594:             3             72  com.intellij.lang.java.parser.ExpressionParser$BreakPoint
10595:             3             72  com.intellij.lang.javascript.buildTools.base.JsbtService$2
10596:             3             72  com.intellij.lang.javascript.buildTools.webpack.WebPackConfig
10597:             3             72  com.intellij.lang.javascript.dialects.JSDialectsMappings
10598:             3             72  com.intellij.lang.javascript.flex.build.FlexBuildConfiguration$Type
10599:             3             72  com.intellij.lang.javascript.flex.build.FlexCompilerDependenciesCache
10600:             3             72  com.intellij.lang.javascript.flex.flexunit.FlexUnitRunnerParameters$Scope
10601:             3             72  com.intellij.lang.javascript.flex.flexunit.inspections.FlexUnitClassInProductSourceInspection
10602:             3             72  com.intellij.lang.javascript.flex.flexunit.inspections.FlexUnitClassVisibilityInspection
10603:             3             72  com.intellij.lang.javascript.flex.flexunit.inspections.FlexUnitClassWithNoTestsInspection
10604:             3             72  com.intellij.lang.javascript.flex.flexunit.inspections.FlexUnitEmptySuiteInspection
10605:             3             72  com.intellij.lang.javascript.flex.flexunit.inspections.FlexUnitMethodHasParametersInspection
10606:             3             72  com.intellij.lang.javascript.flex.flexunit.inspections.FlexUnitMethodInSuiteInspection
10607:             3             72  com.intellij.lang.javascript.flex.flexunit.inspections.FlexUnitMethodIsPropertyInspection
10608:             3             72  com.intellij.lang.javascript.flex.flexunit.inspections.FlexUnitMethodIsStaticInspection
10609:             3             72  com.intellij.lang.javascript.flex.flexunit.inspections.FlexUnitMethodReturnTypeInspection
10610:             3             72  com.intellij.lang.javascript.flex.flexunit.inspections.FlexUnitMethodVisibilityInspection
10611:             3             72  com.intellij.lang.javascript.flex.flexunit.inspections.FlexUnitMixedAPIInspection
10612:             3             72  com.intellij.lang.javascript.flex.flexunit.inspections.FlexUnitSuiteWithNoRunnerInspection
10613:             3             72  com.intellij.lang.javascript.flex.projectStructure.ui.ActiveBuildConfigurationWidget
10614:             3             72  com.intellij.lang.javascript.flex.run.LauncherParameters$LauncherType
10615:             3             72  com.intellij.lang.javascript.flow.FlowJSConfigInspection
10616:             3             72  com.intellij.lang.javascript.flow.FlowJSServiceHighlightingPassFactory
10617:             3             72  com.intellij.lang.javascript.flow.inspections.FlowJSFlagCommentPlacementInspection
10618:             3             72  com.intellij.lang.javascript.formatter.JSCodeStyleSettings$TrailingCommaOption
10619:             3             72  com.intellij.lang.javascript.frameworks.webpack.WebpackConfigHighlightingInspection
10620:             3             72  com.intellij.lang.javascript.index.flags.NullableEnumStructureElement
10621:             3             72  com.intellij.lang.javascript.inspections.ES6BindWithArrowFunctionInspection
10622:             3             72  com.intellij.lang.javascript.inspections.ES6ClassMemberInitializationOrderInspection
10623:             3             72  com.intellij.lang.javascript.inspections.ES6ConvertModuleExportToExportInspection
10624:             3             72  com.intellij.lang.javascript.inspections.ES6ConvertToForOfInspection
10625:             3             72  com.intellij.lang.javascript.inspections.ES6MissingAwaitInspection
10626:             3             72  com.intellij.lang.javascript.inspections.ES6PossiblyAsyncFunctionInspection
10627:             3             72  com.intellij.lang.javascript.inspections.ES6ShorthandObjectPropertyInspection
10628:             3             72  com.intellij.lang.javascript.inspections.ES6UnusedImportsInspection
10629:             3             72  com.intellij.lang.javascript.inspections.JSAccessibilityCheckInspection
10630:             3             72  com.intellij.lang.javascript.inspections.JSAnnotatorInspection
10631:             3             72  com.intellij.lang.javascript.inspections.JSArrowFunctionBracesCanBeRemovedInspection
10632:             3             72  com.intellij.lang.javascript.inspections.JSBitwiseOperatorUsageInspection
10633:             3             72  com.intellij.lang.javascript.inspections.JSClosureCompilerSyntaxInspection
10634:             3             72  com.intellij.lang.javascript.inspections.JSCommentMatchesSignatureInspection
10635:             3             72  com.intellij.lang.javascript.inspections.JSComparisonWithNaNInspection
10636:             3             72  com.intellij.lang.javascript.inspections.JSConsecutiveCommasInArrayLiteralInspection
10637:             3             72  com.intellij.lang.javascript.inspections.JSConstructorReturnsPrimitiveInspection
10638:             3             72  com.intellij.lang.javascript.inspections.JSDeprecatedSymbolsInspection
10639:             3             72  com.intellij.lang.javascript.inspections.JSDuplicatedDeclarationInspection
10640:             3             72  com.intellij.lang.javascript.inspections.JSEqualityComparisonWithCoercionInspection$Severity
10641:             3             72  com.intellij.lang.javascript.inspections.JSFunctionExpressionToArrowFunctionInspection
10642:             3             72  com.intellij.lang.javascript.inspections.JSIgnoredPromiseFromCallInspection
10643:             3             72  com.intellij.lang.javascript.inspections.JSLastCommaInArrayLiteralInspection
10644:             3             72  com.intellij.lang.javascript.inspections.JSLastCommaInObjectLiteralInspection
10645:             3             72  com.intellij.lang.javascript.inspections.JSMethodCanBeStaticInspection
10646:             3             72  com.intellij.lang.javascript.inspections.JSPotentiallyInvalidTargetOfIndexedPropertyAccess
10647:             3             72  com.intellij.lang.javascript.inspections.JSPotentiallyInvalidUsageOfClassThisInspection
10648:             3             72  com.intellij.lang.javascript.inspections.JSPotentiallyInvalidUsageOfThisInspection
10649:             3             72  com.intellij.lang.javascript.inspections.JSPrimitiveTypeWrapperUsageInspection
10650:             3             72  com.intellij.lang.javascript.inspections.JSRedeclarationOfBlockScopeInspection
10651:             3             72  com.intellij.lang.javascript.inspections.JSReferencingArgumentsOutsideOfFunctionInspection
10652:             3             72  com.intellij.lang.javascript.inspections.JSReferencingMutableVariableFromClosureInspection
10653:             3             72  com.intellij.lang.javascript.inspections.JSRemoveUnnecessaryParenthesesInspection
10654:             3             72  com.intellij.lang.javascript.inspections.JSStringConcatenationToES6TemplateInspection
10655:             3             72  com.intellij.lang.javascript.inspections.JSUndefinedPropertyAssignmentInspection
10656:             3             72  com.intellij.lang.javascript.inspections.JSUnnecessarySemicolonInspection
10657:             3             72  com.intellij.lang.javascript.inspections.JSUnresolvedExtXTypeInspection
10658:             3             72  com.intellij.lang.javascript.inspections.JSUnresolvedLibraryURLInspection
10659:             3             72  com.intellij.lang.javascript.inspections.JSUnusedAssignmentInspection
10660:             3             72  com.intellij.lang.javascript.inspections.JSValidateJSDocInspection
10661:             3             72  com.intellij.lang.javascript.inspections.JSValidateTypesInspection
10662:             3             72  com.intellij.lang.javascript.inspections.actionscript.JSFieldCanBeLocalInspection
10663:             3             72  com.intellij.lang.javascript.inspections.actionscript.JSImplicitlyInternalDeclarationInspection
10664:             3             72  com.intellij.lang.javascript.inspections.actionscript.JSUntypedDeclarationInspection
10665:             3             72  com.intellij.lang.javascript.linter.JSLinterEditorPanelCreator
10666:             3             72  com.intellij.lang.javascript.linter.eslint.standardjs.StandardJSCodeStyleNotifierProvider
10667:             3             72  com.intellij.lang.javascript.linter.tslint.highlight.TsLintExternalAnnotator
10668:             3             72  com.intellij.lang.javascript.modules.AmdModulesDependenciesInspection
10669:             3             72  com.intellij.lang.javascript.modules.ES6CheckImportInspection
10670:             3             72  com.intellij.lang.javascript.modules.ES6ModulesDependenciesInspection
10671:             3             72  com.intellij.lang.javascript.modules.ModuleFixCreator$ModuleType
10672:             3             72  com.intellij.lang.javascript.modules.NpmUsedModulesInstalledInspection
10673:             3             72  com.intellij.lang.javascript.modules.TypeScriptCheckImportInspection
10674:             3             72  com.intellij.lang.javascript.parsing.FunctionParser$Context
10675:             3             72  com.intellij.lang.javascript.psi.JSElementBase$ClassOrInterface
10676:             3             72  com.intellij.lang.javascript.psi.JSRecordType$IndexSignatureKind
10677:             3             72  com.intellij.lang.javascript.psi.JSTestFileType
10678:             3             72  com.intellij.lang.javascript.psi.JSVarStatement$VarKeyword
10679:             3             72  com.intellij.lang.javascript.psi.controlflow.instruction.JSConditionInstruction$ConditionState
10680:             3             72  com.intellij.lang.javascript.psi.resolve.JSCompletionPlaceFilter$ContextKind
10681:             3             72  com.intellij.lang.javascript.psi.resolve.JSTypeInfo$GlobalStatusHint
10682:             3             72  com.intellij.lang.javascript.psi.types.JSContext
10683:             3             72  com.intellij.lang.javascript.psi.types.JSTypeSource$SourceLanguage
10684:             3             72  com.intellij.lang.javascript.template.postfix.JSPostfixTemplateUtils$2
10685:             3             72  com.intellij.lang.jvm.actions.ExpectedType$Kind
10686:             3             72  com.intellij.lang.parameterInfo.ParameterInfoUIContextEx$Flag
10687:             3             72  com.intellij.lang.properties.ResourceBundleManagerState
10688:             3             72  com.intellij.lang.properties.UnusedMessageFormatParameterInspection
10689:             3             72  com.intellij.lang.properties.editor.inspections.incomplete.IncompletePropertyInspection
10690:             3             72  com.intellij.lang.typescript.compiler.TypeScriptCompilerSettings$TypeScriptCompilerVersionType
10691:             3             72  com.intellij.lang.typescript.compiler.TypeScriptLanguageServiceAnnotatorCheckerProvider
10692:             3             72  com.intellij.lang.typescript.compiler.TypeScriptLanguageServiceToolWindowManager$2
10693:             3             72  com.intellij.lang.typescript.compiler.TypeScriptServiceHighlightingPassFactory
10694:             1             72  com.intellij.lang.typescript.compiler.languageService.TypeScriptServerServiceImpl
10695:             3             72  com.intellij.lang.typescript.compiler.ui.TypeScriptCompilerEditorNotificationProvider
10696:             3             72  com.intellij.lang.typescript.inspection.SuspiciousInstanceOfGuardInspection
10697:             3             72  com.intellij.lang.typescript.inspection.SuspiciousTypeOfGuardInspection
10698:             3             72  com.intellij.lang.typescript.inspection.TypeScriptFieldCanBeMadeReadonlyInspection
10699:             3             72  com.intellij.lang.typescript.inspection.TypeScriptMissingAugmentationImportInspection
10700:             3             72  com.intellij.lang.typescript.inspection.TypeScriptPreferShortImportInspection
10701:             3             72  com.intellij.lang.typescript.inspection.TypeScriptUMDGlobalInspection
10702:             3             72  com.intellij.lang.typescript.inspections.TypeScriptAbstractClassConstructorCanBeMadeProtectedInspection
10703:             3             72  com.intellij.lang.typescript.inspections.TypeScriptAccessibilityCheckInspection
10704:             3             72  com.intellij.lang.typescript.inspections.TypeScriptSuspiciousConstructorParameterAssignmentInspection
10705:             3             72  com.intellij.lang.typescript.inspections.TypeScriptUnresolvedFunctionInspection
10706:             3             72  com.intellij.lang.typescript.inspections.TypeScriptUnresolvedVariableInspection
10707:             3             72  com.intellij.lang.typescript.inspections.TypeScriptValidateJSTypesInspection
10708:             3             72  com.intellij.lang.typescript.inspections.TypeScriptValidateTypesInspection
10709:             3             72  com.intellij.lang.typescript.tsconfig.TypeScriptConfigLibraryUpdater
10710:             3             72  com.intellij.lang.typescript.tsconfig.graph.TypeScriptConfigGraphCache
10711:             3             72  com.intellij.notification.NotificationType
10712:             1             72  com.intellij.openapi.actionSystem.impl.ActionManagerImpl$MyTimer
10713:             1             72  com.intellij.openapi.application.Preloader$1
10714:             3             72  com.intellij.openapi.command.UndoConfirmationPolicy
10715:             3             72  com.intellij.openapi.command.impl.UndoManagerImpl$OperationState
10716:             3             72  com.intellij.openapi.components.StateStorageChooserEx$Resolution
10717:             3             72  com.intellij.openapi.diagnostic.FrequentEventDetector$Level
10718:             3             72  com.intellij.openapi.diff.impl.processing.HighlightMode
10719:             3             72  com.intellij.openapi.editor.CaretVisualAttributes$Weight
10720:             1             72  com.intellij.openapi.editor.colors.impl.EmptyColorScheme
10721:             3             72  com.intellij.openapi.editor.ex.BidiTextDirection
10722:             3             72  com.intellij.openapi.editor.ex.util.EmptyEditorHighlighter$1
10723:             3             72  com.intellij.openapi.editor.impl.DisplayedFoldingAnchor$Type
10724:             3             72  com.intellij.openapi.editor.impl.DocumentMarkupModelManager
10725:             3             72  com.intellij.openapi.editor.impl.softwrap.SoftWrapAppliancePlaces
10726:             3             72  com.intellij.openapi.editor.markup.GutterIconRenderer$Alignment
10727:             3             72  com.intellij.openapi.editor.markup.LineMarkerRendererEx$Position
10728:             3             72  com.intellij.openapi.extensions.impl.ExtensionPointImpl$$Lambda$1872/197636510
10729:             3             72  com.intellij.openapi.externalSystem.configurationStore.ModuleFileSystemExternalSystemStorage
10730:             3             72  com.intellij.openapi.externalSystem.configurationStore.ProjectFileSystemExternalSystemStorage
10731:             3             72  com.intellij.openapi.externalSystem.service.project.manage.ExternalSystemRunManagerListener
10732:             3             72  com.intellij.openapi.externalSystem.service.project.manage.ExternalSystemShortcutsManager
10733:             3             72  com.intellij.openapi.externalSystem.service.project.manage.ExternalSystemShortcutsManager$ExternalSystemKeyMapListener
10734:             3             72  com.intellij.openapi.externalSystem.service.project.manage.ExternalSystemTaskActivator
10735:             3             72  com.intellij.openapi.file.exclude.ProjectPlainTextFileTypeManager
10736:             3             72  com.intellij.openapi.fileEditor.FileEditorStateLevel
10737:             3             72  com.intellij.openapi.fileEditor.impl.DockableEditorContainerFactory
10738:             3             72  com.intellij.openapi.fileEditor.impl.EditorHistoryManager
10739:             3             72  com.intellij.openapi.fileEditor.impl.EditorTabbedContainer$MyDragOutDelegate
10740:             3             72  com.intellij.openapi.fileEditor.impl.EditorTabbedContainer$TabMouseListener
10741:             3             72  com.intellij.openapi.module.impl.ModulePath
10742:             3             72  com.intellij.openapi.module.impl.ModulePointerImpl
10743:             3             72  com.intellij.openapi.module.impl.scopes.ModuleScopeProviderImpl
10744:             3             72  com.intellij.openapi.options.SchemeState
10745:             3             72  com.intellij.openapi.progress.util.TooManyUsagesStatus$Status
10746:             3             72  com.intellij.openapi.project.DumbModeAction
10747:             3             72  com.intellij.openapi.project.FileContentQueue$PreloadState
10748:             1             72  com.intellij.openapi.project.impl.DefaultProject
10749:             3             72  com.intellij.openapi.roots.OrderEnumerationHandler$AddDependencyType
10750:             3             72  com.intellij.openapi.roots.impl.JavaModuleExternalPathsImpl
10751:             3             72  com.intellij.openapi.roots.impl.OrderEnumeratorBase$$Lambda$2948/863004535
10752:             3             72  com.intellij.openapi.roots.impl.OrderEnumeratorBase$ProcessEntryActionType
10753:             1             72  com.intellij.openapi.roots.impl.RootIndex$RootInfo
10754:             3             72  com.intellij.openapi.ui.DialogWrapper$ErrorPaintingType
10755:             3             72  com.intellij.openapi.ui.DialogWrapper$IdeModalityType
10756:             3             72  com.intellij.openapi.ui.MessageType
10757:             3             72  com.intellij.openapi.ui.Splitter$LackOfSpaceStrategy
10758:             3             72  com.intellij.openapi.updateSettings.impl.UpdateChecker$NotificationUniqueType
10759:             3             72  com.intellij.openapi.updateSettings.impl.UpdateStrategy$State
10760:             3             72  com.intellij.openapi.updateSettings.impl.pluginsAdvertisement.PluginAdvertiserEditorNotificationProvider
10761:             3             72  com.intellij.openapi.updateSettings.impl.pluginsAdvertisement.UnknownFeaturesCollector
10762:             3             72  com.intellij.openapi.util.BusyObject$Impl$Simple
10763:             3             72  com.intellij.openapi.util.RequestsMerger$MyAction
10764:             3             72  com.intellij.openapi.util.io.FileAttributes$Type
10765:             3             72  com.intellij.openapi.vcs.VcsDirectoryMapping
10766:             3             72  com.intellij.openapi.vcs.VcsRoot
10767:             3             72  com.intellij.openapi.vcs.VcsShowConfirmationOption$Value
10768:             3             72  com.intellij.openapi.vcs.VcsVFSListener$VcsDeleteType
10769:             3             72  com.intellij.openapi.vcs.annotate.AnnotationsPreloader
10770:             3             72  com.intellij.openapi.vcs.changes.ChangeListManagerImpl$$Lambda$778/1625937201
10771:             3             72  com.intellij.openapi.vcs.changes.ChangeListManagerImpl$Scheduler
10772:             3             72  com.intellij.openapi.vcs.changes.DelayedNotificator
10773:             3             72  com.intellij.openapi.vcs.changes.IgnoreSettingsType
10774:             3             72  com.intellij.openapi.vcs.changes.RemoteRevisionsCache$$Lambda$507/1798997707
10775:             3             72  com.intellij.openapi.vcs.changes.VcsGuess
10776:             3             72  com.intellij.openapi.vcs.changes.actions.IgnoredSettingsAction
10777:             3             72  com.intellij.openapi.vcs.changes.committed.CommittedChangesCache$$Lambda$542/11938733
10778:             3             72  com.intellij.openapi.vcs.changes.committed.IncomingChangesIndicator
10779:             3             72  com.intellij.openapi.vcs.changes.committed.RepositoryLocationCache
10780:             3             72  com.intellij.openapi.vcs.changes.conflicts.ChangelistConflictAccessProvider
10781:             3             72  com.intellij.openapi.vcs.changes.conflicts.ChangelistConflictFileStatusProvider
10782:             3             72  com.intellij.openapi.vcs.changes.conflicts.ChangelistConflictTracker$$Lambda$506/1027605196
10783:             3             72  com.intellij.openapi.vcs.changes.conflicts.ChangelistConflictTracker$1
10784:             3             72  com.intellij.openapi.vcs.changes.conflicts.ChangelistConflictTracker$Options
10785:             3             72  com.intellij.openapi.vcs.changes.patch.CreatePatchCommitExecutor
10786:             3             72  com.intellij.openapi.vcs.changes.shelf.ShelveChangesManager$2
10787:             3             72  com.intellij.openapi.vcs.changes.shelf.ShelvedChangesViewManager$3
10788:             3             72  com.intellij.openapi.vcs.changes.shelf.ShelvedChangesViewManager$4
10789:             3             72  com.intellij.openapi.vcs.changes.ui.ChangesGroupingSupport
10790:             3             72  com.intellij.openapi.vcs.ex.LineStatusTracker$Mode
10791:             3             72  com.intellij.openapi.vcs.impl.ModuleVcsDetector
10792:             3             72  com.intellij.openapi.vcs.impl.VcsDirectoryMappingStorage
10793:             3             72  com.intellij.openapi.vcs.impl.VcsInitialization$Status
10794:             3             72  com.intellij.openapi.vcs.update.RestoreUpdateTree
10795:             3             72  com.intellij.openapi.vfs.CharsetToolkit
10796:             3             72  com.intellij.openapi.vfs.VFileProperty
10797:             3             72  com.intellij.openapi.vfs.encoding.EncodingProjectManagerImpl$BOMForNewUTF8Files
10798:             3             72  com.intellij.openapi.vfs.impl.VirtualFileManagerImpl$$Lambda$155/644209355
10799:             1             72  com.intellij.openapi.vfs.impl.VirtualFilePointerManagerImpl
10800:             3             72  com.intellij.openapi.wm.ex.WindowManagerEx$WindowShadowMode
10801:             3             72  com.intellij.openapi.wm.impl.ActiveStack
10802:             3             72  com.intellij.openapi.wm.impl.IdeBackgroundUtil$1
10803:             3             72  com.intellij.openapi.wm.impl.IdeBackgroundUtil$Fill
10804:             3             72  com.intellij.openapi.wm.impl.IdeRootPane$$Lambda$360/564745241
10805:             3             72  com.intellij.openapi.wm.impl.IdeRootPane$MyRootLayout
10806:             3             72  com.intellij.openapi.wm.impl.ProjectFrameBounds
10807:             3             72  com.intellij.openapi.wm.impl.content.ContentComboLabel$1
10808:             3             72  com.intellij.openapi.wm.impl.status.IdeStatusBarImpl$$Lambda$856/878385037
10809:             3             72  com.intellij.openapi.wm.impl.status.IdeStatusBarImpl$Position
10810:             3             72  com.intellij.openapi.wm.impl.status.InfoAndProgressPanel$3
10811:             3             72  com.intellij.openapi.wm.impl.status.MemoryUsagePanel$1
10812:             3             72  com.intellij.openapi.wm.impl.status.StatusPanel$2
10813:             3             72  com.intellij.packageDependencies.DefaultScopesProvider
10814:             3             72  com.intellij.packageDependencies.ProblemScope
10815:             3             72  com.intellij.packageDependencies.ProblemScope$1
10816:             3             72  com.intellij.packaging.impl.artifacts.DefaultPackagingElementResolvingContext
10817:             3             72  com.intellij.packaging.impl.run.BuildArtifactsBeforeRunTaskProvider
10818:             3             72  com.intellij.patterns.PsiElementPattern$1
10819:             3             72  com.intellij.patterns.PsiElementPattern$17
10820:             3             72  com.intellij.patterns.PsiMethodPattern$1
10821:             3             72  com.intellij.patterns.PsiModifierListOwnerPattern$Capture
10822:             3             72  com.intellij.patterns.PsiNameValuePairPattern$2
10823:             3             72  com.intellij.play.inspections.PlayCustomTagNameInspection
10824:             3             72  com.intellij.play.inspections.PlayI18nInspection
10825:             3             72  com.intellij.plugins.jboss.arquillian.configuration.container.ArquillianContainerKind
10826:             3             72  com.intellij.plugins.jboss.arquillian.configuration.persistent.ArquillianContainersManager
10827:             3             72  com.intellij.plugins.jboss.arquillian.inspection.ArquillianClassEnabledInspection
10828:             3             72  com.intellij.plugins.jboss.arquillian.inspection.ArquillianDeploymentAbsentInspection
10829:             3             72  com.intellij.plugins.jboss.arquillian.inspection.ArquillianDeploymentReturnTypeInspection
10830:             3             72  com.intellij.plugins.jboss.arquillian.inspection.ArquillianDeploymentSignatureInspection
10831:             3             72  com.intellij.plugins.jboss.arquillian.inspection.ArquillianTooManyDeploymentInspection
10832:             3             72  com.intellij.plugins.jboss.arquillian.runConfiguration.ArquillianJUnitRunConfigurationType$ArqConfigurationFactory
10833:             3             72  com.intellij.pom.xml.impl.XmlAspectImpl
10834:             3             72  com.intellij.psi.ConstraintType
10835:             3             72  com.intellij.psi.availability.PsiAvailabilityServiceImpl
10836:             3             72  com.intellij.psi.codeStyle.CodeStyleSettings$QuoteStyle
10837:             3             72  com.intellij.psi.codeStyle.CodeStyleSettingsCustomizable$OptionAnchor
10838:             3             72  com.intellij.psi.codeStyle.CommonCodeStyleSettings$WrapOnTyping
10839:             3             72  com.intellij.psi.codeStyle.NameUtil$MatchingCaseSensitivity
10840:             3             72  com.intellij.psi.controlFlow.BranchingInstruction$Role
10841:             3             72  com.intellij.psi.controlFlow.ControlFlowAnalyzer$Shortcut
10842:             3             72  com.intellij.psi.controlFlow.GoToInstruction
10843:             3             72  com.intellij.psi.css.CssSelectorSuffixType
10844:             3             72  com.intellij.psi.css.impl.descriptor.value.CssDecibelValue
10845:             3             72  com.intellij.psi.css.impl.descriptor.value.CssUrangeValue
10846:             3             72  com.intellij.psi.css.impl.util.completion.TimeUserLookup
10847:             3             72  com.intellij.psi.css.impl.util.completion.handler.CssPropertyNameInsertHandler
10848:             3             72  com.intellij.psi.css.inspections.CssInvalidElementInspection
10849:             3             72  com.intellij.psi.css.inspections.CssNegativeValueInspection
10850:             3             72  com.intellij.psi.css.inspections.CssOptimizeSimilarPropertiesInspection
10851:             3             72  com.intellij.psi.css.inspections.CssOverwrittenPropertiesInspection
10852:             3             72  com.intellij.psi.css.inspections.CssUnusedSymbolInspection
10853:             3             72  com.intellij.psi.css.inspections.bugs.CssFloatPxLengthInspection
10854:             3             72  com.intellij.psi.css.inspections.bugs.CssMissingCommaInspection
10855:             3             72  com.intellij.psi.css.inspections.bugs.CssNoGenericFontNameInspection
10856:             3             72  com.intellij.psi.css.inspections.bugs.CssUnitlessNumberInspection
10857:             3             72  com.intellij.psi.css.inspections.invalid.CssInvalidAtRuleInspection
10858:             3             72  com.intellij.psi.css.inspections.invalid.CssInvalidCharsetRuleInspection
10859:             3             72  com.intellij.psi.css.inspections.invalid.CssInvalidFunctionInspection
10860:             3             72  com.intellij.psi.css.inspections.invalid.CssInvalidHtmlTagReferenceInspection
10861:             3             72  com.intellij.psi.css.inspections.invalid.CssInvalidImportInspection
10862:             3             72  com.intellij.psi.css.inspections.invalid.CssInvalidMediaFeatureInspection
10863:             3             72  com.intellij.psi.css.inspections.invalid.CssInvalidPropertyValueInspection
10864:             3             72  com.intellij.psi.css.inspections.invalid.CssInvalidPseudoSelectorInspection
10865:             3             72  com.intellij.psi.css.inspections.invalid.CssUnknownTargetInspection
10866:             3             72  com.intellij.psi.css.inspections.invalid.CssUnresolvedClassInspection
10867:             3             72  com.intellij.psi.css.inspections.invalid.CssUnresolvedCustomPropertyInspection
10868:             3             72  com.intellij.psi.css.inspections.invalid.CssUnresolvedCustomPropertySetInspection
10869:             3             72  com.intellij.psi.css.inspections.style.CssRedundantUnitInspection
10870:             3             72  com.intellij.psi.impl.PackagePrefixElementFinder
10871:             3             72  com.intellij.psi.impl.PackagePrefixIndex
10872:             3             72  com.intellij.psi.impl.PsiClassImplUtil$MemberType
10873:             3             72  com.intellij.psi.impl.PsiElementFinderImpl
10874:             3             72  com.intellij.psi.impl.search.PsiSearchHelperImpl$Options
10875:             3             72  com.intellij.psi.impl.source.PsiImmediateClassType$TextType
10876:             3             72  com.intellij.psi.impl.source.javadoc.SeeDocTagInfo
10877:             3             72  com.intellij.psi.impl.source.jsp.NewJspFileIndex
10878:             3             72  com.intellij.psi.impl.source.resolve.Domination
10879:             3             72  com.intellij.psi.impl.source.resolve.JavaResolveCache
10880:             3             72  com.intellij.psi.impl.source.resolve.graphInference.InferenceBound
10881:             3             72  com.intellij.psi.impl.source.resolve.graphInference.PsiPolyExpressionUtil$ConditionalKind
10882:             1             72  com.intellij.psi.impl.source.tree.java.TypeParameterExtendsBoundsListElement
10883:             3             72  com.intellij.psi.scope.conflictResolvers.JavaMethodsConflictResolver$Specifics
10884:             3             72  com.intellij.psi.search.ProjectScopeImpl
10885:             3             72  com.intellij.psi.search.PsiSearchHelper$SearchCostResult
10886:             3             72  com.intellij.psi.search.scope.NonProjectFilesScope
10887:             3             72  com.intellij.psi.search.scope.NonProjectFilesScope$1
10888:             3             72  com.intellij.psi.search.scope.ProjectFilesScope
10889:             3             72  com.intellij.psi.search.scope.ProjectFilesScope$1
10890:             3             72  com.intellij.psi.search.scope.ProjectProductionScope
10891:             3             72  com.intellij.psi.search.scope.ProjectProductionScope$1
10892:             3             72  com.intellij.psi.search.scope.TestsScope
10893:             3             72  com.intellij.psi.search.scope.TestsScope$1
10894:             3             72  com.intellij.psi.stubs.StubUpdatingIndex$StubUpdatingIndexKeys
10895:             3             72  com.intellij.psi.templateLanguages.TemplateDataLanguageMappings
10896:             3             72  com.intellij.psi.util.PropertyUtilBase$GetterFlavour
10897:             3             72  com.intellij.psi.util.proximity.ReferenceListWeigher$Preference
10898:             3             72  com.intellij.refactoring.introduce.inplace.OccurrencesChooser$ReplaceChoice
10899:             3             72  com.intellij.refactoring.typeMigration.inspections.GuavaInspection
10900:             3             72  com.intellij.remoteServer.impl.runtime.ui.DefaultServersToolWindowManager
10901:             3             72  com.intellij.seam.highlighting.jam.SeamAnnotationIncorrectSignatureInspection
10902:             3             72  com.intellij.seam.highlighting.jam.SeamAnnotationsInconsistencyInspection
10903:             3             72  com.intellij.seam.highlighting.jam.SeamBijectionIllegalScopeParameterInspection
10904:             3             72  com.intellij.seam.highlighting.jam.SeamBijectionTypeMismatchInspection
10905:             3             72  com.intellij.seam.highlighting.jam.SeamBijectionUndefinedContextVariableInspection
10906:             3             72  com.intellij.seam.highlighting.jam.SeamDuplicateComponentsInspection
10907:             3             72  com.intellij.seam.highlighting.jam.SeamIllegalComponentScopeInspection
10908:             3             72  com.intellij.seam.highlighting.jam.SeamJamComponentInspection
10909:             3             72  com.intellij.seam.highlighting.xml.SeamDomModelInspection
10910:             3             72  com.intellij.seam.inspections.PageflowModelInspection
10911:             3             72  com.intellij.seam.inspections.PagesFileModelInspection
10912:             3             72  com.intellij.seam.inspections.PagesModelInspection
10913:             3             72  com.intellij.spellchecker.SpellCheckerManager$DictionaryLevel
10914:             3             72  com.intellij.spellchecker.dictionary.ProjectDictionary
10915:             3             72  com.intellij.spellchecker.inspections.SpellCheckingInspection
10916:             3             72  com.intellij.spring.batch.inspections.SpringBatchModelInspection
10917:             3             72  com.intellij.spring.boot.application.metadata.SpringBootMetadataEditorNotificationsProvider
10918:             3             72  com.intellij.spring.boot.application.metadata.additional.SpringBootAdditionalConfigInspection
10919:             3             72  com.intellij.spring.boot.application.properties.SpringBootApplicationPropertiesInspection
10920:             3             72  com.intellij.spring.boot.application.yaml.SpringBootApplicationYamlInspection
10921:             3             72  com.intellij.spring.boot.cloud.model.bootstrap.SpringBootBootstrapConfigurationInspection
10922:             3             72  com.intellij.spring.boot.model.autoconfigure.conditions.jam.ConditionalOnWebApplication$Type
10923:             3             72  com.intellij.spring.boot.run.lifecycle.beans.LiveContextImpl
10924:             3             72  com.intellij.spring.boot.run.lifecycle.tabs.HealthTreeStructure
10925:             3             72  com.intellij.spring.boot.run.lifecycle.tabs.RequestMappingsPanel$7
10926:             3             72  com.intellij.spring.boot.run.lifecycle.tabs.RequestMappingsPanel$RequestMappingLinkMouseListener
10927:             3             72  com.intellij.spring.boot.run.lifecycle.tabs.SpringBootApplicationEndpointsTab$$Lambda$3024/439069280
10928:             3             72  com.intellij.spring.boot.run.update.SpringBootApplicationUpdaterProvider$SpringBootApplicationUpdater
10929:             3             72  com.intellij.spring.data.commons.inspections.SpringDataMethodInconsistencyInspection
10930:             3             72  com.intellij.spring.data.commons.inspections.SpringDataRepositoryMethodParametersInspection
10931:             3             72  com.intellij.spring.data.commons.inspections.SpringDataRepositoryMethodReturnTypeInspection
10932:             3             72  com.intellij.spring.el.inspections.SpringElInspection
10933:             3             72  com.intellij.spring.el.inspections.SpringElStaticFieldInjectionInspection
10934:             3             72  com.intellij.spring.impl.SpringOuterModelsModificationTracker
10935:             3             72  com.intellij.spring.integration.inspections.SpringIntegrationDeprecations21Inspection
10936:             3             72  com.intellij.spring.integration.inspections.SpringIntegrationModelInspection
10937:             3             72  com.intellij.spring.integration.inspections.jam.UnresolvedMessageChannelInspection
10938:             3             72  com.intellij.spring.model.cacheable.highlighting.SpringCacheAnnotationsOnInterfaceInspection
10939:             3             72  com.intellij.spring.model.cacheable.highlighting.SpringCacheNamesInspection
10940:             3             72  com.intellij.spring.model.cacheable.highlighting.SpringCacheableAndCachePutInspection
10941:             3             72  com.intellij.spring.model.cacheable.highlighting.SpringCacheableComponentsInspection
10942:             3             72  com.intellij.spring.model.events.highlighting.SpringEventListenerInspection
10943:             3             72  com.intellij.spring.model.highlighting.JdkProxiedBeanTypeInspection
10944:             3             72  com.intellij.spring.model.highlighting.MissingAspectjAutoproxyInspection
10945:             3             72  com.intellij.spring.model.highlighting.SpringAopErrorsInspection
10946:             3             72  com.intellij.spring.model.highlighting.SpringAopWarningsInspection
10947:             3             72  com.intellij.spring.model.highlighting.autowire.SpringJavaAutowiredMembersInspection
10948:             3             72  com.intellij.spring.model.highlighting.autowire.SpringJavaConstructorAutowiringInspection
10949:             3             72  com.intellij.spring.model.highlighting.autowire.SpringJavaStaticMembersAutowiringInspection
10950:             3             72  com.intellij.spring.model.highlighting.autowire.SpringUastInjectionPointsAutowiringInspection
10951:             3             72  com.intellij.spring.model.highlighting.autowire.xml.SpringXmlAutowireExplicitlyInspection
10952:             3             72  com.intellij.spring.model.highlighting.autowire.xml.SpringXmlAutowiringInspection
10953:             3             72  com.intellij.spring.model.highlighting.jam.AsyncMethodInspection
10954:             3             72  com.intellij.spring.model.highlighting.jam.ContextJavaBeanUnresolvedMethodsInspection
10955:             3             72  com.intellij.spring.model.highlighting.jam.ScheduledMethodInspection
10956:             3             72  com.intellij.spring.model.highlighting.jam.SpringComponentScanInspection
10957:             3             72  com.intellij.spring.model.highlighting.jam.SpringJavaAutowiredFieldsWarningInspection
10958:             3             72  com.intellij.spring.model.highlighting.jam.SpringJavaConfigExternalBeansErrorInspection
10959:             3             72  com.intellij.spring.model.highlighting.jam.SpringJavaConfigInconsistencyInspection
10960:             3             72  com.intellij.spring.model.highlighting.jam.SpringRequiredAnnotationInspection
10961:             3             72  com.intellij.spring.model.highlighting.xml.AbstractBeanReferencesInspection
10962:             3             72  com.intellij.spring.model.highlighting.xml.ContextComponentScanInconsistencyInspection
10963:             3             72  com.intellij.spring.model.highlighting.xml.DuplicatedBeanNamesInspection
10964:             3             72  com.intellij.spring.model.highlighting.xml.FactoryMethodInspection
10965:             3             72  com.intellij.spring.model.highlighting.xml.InjectionValueConsistencyInspection
10966:             3             72  com.intellij.spring.model.highlighting.xml.InjectionValueStyleInspection
10967:             3             72  com.intellij.spring.model.highlighting.xml.InjectionValueTypeInspection
10968:             3             72  com.intellij.spring.model.highlighting.xml.LookupMethodInspection
10969:             3             72  com.intellij.spring.model.highlighting.xml.RequiredBeanTypeInspection
10970:             3             72  com.intellij.spring.model.highlighting.xml.SpringBeanAttributesInspection
10971:             3             72  com.intellij.spring.model.highlighting.xml.SpringBeanInstantiationInspection
10972:             3             72  com.intellij.spring.model.highlighting.xml.SpringBeanNameConventionInspection
10973:             3             72  com.intellij.spring.model.highlighting.xml.SpringConstructorArgInspection
10974:             3             72  com.intellij.spring.model.highlighting.xml.SpringDependencyCheckInspection
10975:             3             72  com.intellij.spring.model.highlighting.xml.SpringInactiveProfileHighlightingInspection
10976:             3             72  com.intellij.spring.model.highlighting.xml.SpringIncorrectResourceTypeInspection
10977:             3             72  com.intellij.spring.model.highlighting.xml.SpringPlaceholdersInspection
10978:             3             72  com.intellij.spring.model.highlighting.xml.SpringPublicFactoryMethodInspection
10979:             3             72  com.intellij.spring.model.highlighting.xml.SpringRequiredPropertyInspection
10980:             3             72  com.intellij.spring.model.highlighting.xml.SpringScopesInspection
10981:             3             72  com.intellij.spring.model.highlighting.xml.SpringXmlModelInspection
10982:             3             72  com.intellij.spring.model.highlighting.xml.UnparsedCustomBeanInspection
10983:             3             72  com.intellij.spring.model.highlighting.xml.UtilSchemaInspection
10984:             3             72  com.intellij.spring.model.jam.SpringSemContributorUtil$$Lambda$1580/129737302
10985:             3             72  com.intellij.spring.model.jam.lookup.SpringLookupInjectionInspection
10986:             3             72  com.intellij.spring.model.jam.testContexts.SpringContextConfigurationInspection
10987:             3             72  com.intellij.spring.model.jam.testContexts.SpringTestingDirtiesContextInspection
10988:             3             72  com.intellij.spring.model.jam.testContexts.SpringTestingTransactionalInspection
10989:             3             72  com.intellij.spring.model.jam.transaction.SpringTransactionalComponentInspection
10990:             3             72  com.intellij.spring.model.xml.custom.registration.SpringHandlersSchemasHighlightingInspection
10991:             3             72  com.intellij.spring.osgi.inspections.SpringOsgiElementsInconsistencyInspection
10992:             3             72  com.intellij.spring.osgi.inspections.SpringOsgiListenerInspection
10993:             3             72  com.intellij.spring.osgi.inspections.SpringOsgiServiceCommonInspection
10994:             3             72  com.intellij.spring.security.highlighting.SpringSecurityAnnotationBeanPointersResolveInspection
10995:             3             72  com.intellij.spring.security.inspections.SpringSecurityDebugActivatedInspection
10996:             3             72  com.intellij.spring.security.inspections.SpringSecurityFiltersConfiguredInspection
10997:             3             72  com.intellij.spring.security.inspections.SpringSecurityModelInspection
10998:             3             72  com.intellij.spring.web.mvc.jam.SpringMVCInitBinderInspection
10999:             3             72  com.intellij.spring.web.mvc.pathVariables.MVCPathVariableInspection
11000:             3             72  com.intellij.spring.web.mvc.views.SpringMVCViewInspection
11001:             3             72  com.intellij.spring.webflow.inspections.FlowRequiredBeanTypeInspection
11002:             3             72  com.intellij.spring.webflow.inspections.WebflowConfigModelInspection
11003:             3             72  com.intellij.spring.webflow.inspections.WebflowModelInspection
11004:             3             72  com.intellij.spring.webflow.inspections.WebflowSetupInspection
11005:             3             72  com.intellij.spring.websocket.inspections.SpringWebSocketConfigurationInspection
11006:             3             72  com.intellij.spring.ws.inspections.SpringMessageDispatcherWebXmlInspection
11007:             3             72  com.intellij.spring.ws.inspections.configuration.SpringWebServicesConfigurationsInspection
11008:             3             72  com.intellij.spring.ws.inspections.jam.SpringWebServiceAnnotationsInconsistencyInspection
11009:             3             72  com.intellij.sql.database.SqlDataSourceStorage
11010:             3             72  com.intellij.sql.dialects.SqlDialectMappings
11011:             3             72  com.intellij.sql.dialects.mysql.inspections.MysqlParsingInspection
11012:             3             72  com.intellij.sql.dialects.oracle.inspections.SqlDeprecateTypeInspection
11013:             3             72  com.intellij.sql.dialects.postgres.inspections.SqlPostgresqlSelectFromProcedureInspection
11014:             3             72  com.intellij.sql.injection.SqlTypeBasedInjector
11015:             3             72  com.intellij.sql.inspections.SqlAddNotNullColumnInspection
11016:             3             72  com.intellij.sql.inspections.SqlAmbiguousColumnInspection
11017:             3             72  com.intellij.sql.inspections.SqlAutoIncrementDuplicateInspection
11018:             3             72  com.intellij.sql.inspections.SqlCheckUsingColumnsInspection
11019:             3             72  com.intellij.sql.inspections.SqlConstantConditionInspection
11020:             3             72  com.intellij.sql.inspections.SqlDerivedTableAliasInspection
11021:             3             72  com.intellij.sql.inspections.SqlDialectInspection
11022:             3             72  com.intellij.sql.inspections.SqlDropIndexedColumnInspection
11023:             3             72  com.intellij.sql.inspections.SqlIdentifierInspection
11024:             3             72  com.intellij.sql.inspections.SqlInsertValuesInspection
11025:             3             72  com.intellij.sql.inspections.SqlNoDataSourceInspection
11026:             3             72  com.intellij.sql.inspections.SqlNullComparisonInspection
11027:             3             72  com.intellij.sql.inspections.SqlResolveInspection
11028:             3             72  com.intellij.sql.inspections.SqlShouldBeInGroupByInspection
11029:             3             72  com.intellij.sql.inspections.SqlSideEffectsInspection
11030:             3             72  com.intellij.sql.inspections.SqlSignatureInspection
11031:             3             72  com.intellij.sql.inspections.SqlStorageInspection
11032:             3             72  com.intellij.sql.inspections.SqlTypeInspection
11033:             3             72  com.intellij.sql.inspections.SqlUnusedVariableInspection
11034:             3             72  com.intellij.sql.psi.SqlElementType
11035:             3             72  com.intellij.sql.psi.SqlTokens$SqlStringLeafTokenType
11036:             3             72  com.intellij.struts.highlighting.StrutsInspection
11037:             3             72  com.intellij.struts.highlighting.TilesInspection
11038:             3             72  com.intellij.struts.highlighting.ValidatorInspection
11039:             3             72  com.intellij.struts.inplace.inspections.ValidatorFormInspection
11040:             3             72  com.intellij.struts2.dom.inspection.ValidatorConfigModelInspection
11041:             3             72  com.intellij.struts2.dom.inspection.ValidatorModelInspection
11042:             3             72  com.intellij.struts2.jsp.inspection.HardcodedActionUrlInspection
11043:             3             72  com.intellij.tapestry.intellij.actions.navigation.ClassTemplateNavigation
11044:             3             72  com.intellij.thymeleaf.dialects.xml.ThymeleafDialectDomInspection
11045:             3             72  com.intellij.thymeleaf.highlighting.ThymeleafMessagesResolveInspection
11046:             3             72  com.intellij.thymeleaf.highlighting.ThymeleafVariablesResolveInspection
11047:             3             72  com.intellij.ui.CollectionListModel
11048:             3             72  com.intellij.ui.EditorNotificationsImpl
11049:             3             72  com.intellij.ui.FinderRecursivePanel$6
11050:             3             72  com.intellij.ui.JBTabsPaneImpl
11051:             3             72  com.intellij.ui.RowIcon$Alignment
11052:             3             72  com.intellij.ui.TabbedPaneWrapper$JBTabsFactory
11053:             3             72  com.intellij.ui.content.ContentManagerEvent$ContentOperation
11054:             3             72  com.intellij.ui.docking.impl.DockManagerImpl$1
11055:             3             72  com.intellij.ui.docking.impl.DockManagerImpl$2
11056:             3             72  com.intellij.ui.popup.HintUpdateSupply$3
11057:             3             72  com.intellij.ui.speedSearch.ListWithFilter$MySpeedSearch$1
11058:             3             72  com.intellij.ui.speedSearch.NameFilteringListModel$$Lambda$3014/822753746
11059:             3             72  com.intellij.ui.stripe.ErrorStripePainter$Alignment
11060:             3             72  com.intellij.ui.table.JBTable$DefaultColumnInfoBasedRowSorter$TableRowSorterModelWrapper
11061:             3             72  com.intellij.ui.tabs.FileColorManagerImpl
11062:             3             72  com.intellij.ui.tree.AsyncTreeModel$$Lambda$1515/1989044899
11063:             1             72  com.intellij.ui.treeStructure.NullNode
11064:             3             72  com.intellij.uiDesigner.i18n.I18nFormInspection
11065:             3             72  com.intellij.uiDesigner.i18n.InvalidPropertyKeyFormInspection
11066:             3             72  com.intellij.uiDesigner.inspections.BoundFieldAssignmentInspection
11067:             3             72  com.intellij.uiDesigner.inspections.DuplicateMnemonicInspection
11068:             3             72  com.intellij.uiDesigner.inspections.FormSpellCheckingInspection
11069:             3             72  com.intellij.uiDesigner.inspections.MissingMnemonicInspection
11070:             3             72  com.intellij.uiDesigner.inspections.NoButtonGroupInspection
11071:             3             72  com.intellij.uiDesigner.inspections.NoLabelForInspection
11072:             3             72  com.intellij.uiDesigner.inspections.NoScrollPaneInspection
11073:             3             72  com.intellij.uiDesigner.inspections.OneButtonGroupInspection
11074:             3             72  com.intellij.uiDesigner.palette.UIDesignerPaletteProvider
11075:             3             72  com.intellij.uiDesigner.propertyInspector.PropertyInspector$1
11076:             3             72  com.intellij.uiDesigner.propertyInspector.PropertyInspectorTable$2
11077:             3             72  com.intellij.uiDesigner.propertyInspector.PropertyInspectorTable$MyModel
11078:             3             72  com.intellij.uiDesigner.propertyInspector.editors.BindingEditor
11079:             3             72  com.intellij.uiDesigner.propertyInspector.properties.BorderProperty$1
11080:             3             72  com.intellij.uiDesigner.propertyInspector.properties.ClassToBindProperty$MyEditor$MyActionListener
11081:             3             72  com.intellij.uiDesigner.propertyInspector.properties.LayoutManagerProperty$LayoutManagerEditor
11082:             3             72  com.intellij.uml.undo.UmlUndoProvider
11083:             3             72  com.intellij.util.ThreeState
11084:             3             72  com.intellij.util.VirtualFileLogicalRoot
11085:             1             72  com.intellij.util.concurrency.AppScheduledExecutorService$BackendThreadPoolExecutor
11086:             3             72  com.intellij.util.config.BooleanProperty
11087:             3             72  com.intellij.util.config.Storage$PropertiesComponentStorage
11088:             3             72  com.intellij.util.containers.ConcurrentMultiMap
11089:             3             72  com.intellij.util.containers.JBIterator$Do
11090:             3             72  com.intellij.util.containers.MultiMap$6
11091:             3             72  com.intellij.util.containers.TreeTraversal$BiOrderIt$Order
11092:             3             72  com.intellij.util.containers.WeakKeyIntValueHashMap
11093:             3             72  com.intellij.util.containers.WeakStringInterner
11094:             3             72  com.intellij.util.descriptors.impl.ConfigFileMetaDataRegistryImpl
11095:             3             72  com.intellij.util.indexing.FileBasedIndexProjectHandler
11096:             3             72  com.intellij.util.indexing.FileBasedIndexScanRunnableCollectorImpl
11097:             3             72  com.intellij.util.indexing.IndexingStamp$Timestamps
11098:             3             72  com.intellij.util.indexing.RebuildStatus
11099:             3             72  com.intellij.util.indexing.SnapshotInputMappings$Snapshot
11100:             3             72  com.intellij.util.io.ResizeableMappedFile$1
11101:             3             72  com.intellij.util.io.storage.DataTable
11102:             3             72  com.intellij.util.messages.Topic$BroadcastDirection
11103:             3             72  com.intellij.util.ui.UIUtil$FontSize
11104:             1             72  com.intellij.util.ui.UIUtil$JBHtmlEditorKit
11105:             3             72  com.intellij.util.xml.impl.DomSemContributor$1
11106:             3             72  com.intellij.util.xmlb.TextBinding
11107:             3             72  com.intellij.vcs.log.data.VcsLogData$State
11108:             3             72  com.intellij.vcs.log.data.VcsUserRegistryImpl
11109:             3             72  com.intellij.vcs.log.graph.utils.impl.CompressedIntList
11110:             3             72  com.intellij.vcs.log.impl.VcsLogTabsProperties
11111:             3             72  com.intellij.vcs.log.util.SequentialLimitedLifoExecutor
11112:             3             72  com.intellij.velocity.inspections.VtlDirectiveArgsInspection
11113:             3             72  com.intellij.velocity.inspections.VtlFileReferencesInspection
11114:             3             72  com.intellij.velocity.inspections.VtlReferencesInspection
11115:             3             72  com.intellij.velocity.inspections.VtlTypesInspection
11116:             3             72  com.intellij.velocity.inspections.wellformedness.VtlInterpolationsInspection
11117:             3             72  com.intellij.webcore.libraries.ScriptingLibraryModel$LibraryLevel
11118:             3             72  com.intellij.ws.inspections.EmptyWebServiceInspection
11119:             3             72  com.intellij.ws.inspections.NonJaxWsWebServicesInspection
11120:             3             72  com.intellij.ws.inspections.OneWayWebMethodInspection
11121:             3             72  com.intellij.ws.inspections.ValidExternallyBoundObjectInspection
11122:             3             72  com.intellij.ws.inspections.WSReferenceInspection
11123:             3             72  com.intellij.ws.inspections.WebMethodExposedImplicitlyInspection
11124:             3             72  com.intellij.ws.rest.inspections.MultipleMethodDesignatorsInspection
11125:             3             72  com.intellij.ws.rest.inspections.PathAnnotationInspection
11126:             3             72  com.intellij.ws.rest.inspections.RSReferenceInspection
11127:             3             72  com.intellij.ws.rest.inspections.RestParamTypeInspection
11128:             3             72  com.intellij.ws.rest.inspections.RestResourceMethodInspection
11129:             3             72  com.intellij.ws.rest.inspections.RestWrongDefaultValueInspection
11130:             3             72  com.intellij.ws.rest.inspections.VoidMethodMarkedWithGETInspection
11131:             3             72  com.intellij.ws.rest.inspections.WadlDomInspection
11132:             3             72  com.intellij.ws.wsdl.WsdlHighlightingInspection
11133:             3             72  com.intellij.xdebugger.breakpoints.SuspendPolicy
11134:             3             72  com.intellij.xdebugger.impl.settings.XDebuggerSettingManagerImpl$SettingsState
11135:             3             72  com.intellij.xml.index.XmlIndex$3
11136:             3             72  com.intellij.xml.util.CheckDtdReferencesInspection
11137:             3             72  com.intellij.xml.util.CheckEmptyTagInspection
11138:             3             72  com.intellij.xml.util.CheckTagEmptyBodyInspection
11139:             3             72  com.intellij.xml.util.CheckValidXmlInScriptBodyInspection
11140:             3             72  com.intellij.xml.util.CheckXmlFileWithXercesValidatorInspection
11141:             3             72  com.intellij.xml.util.HTMLControls$TagState
11142:             3             72  com.intellij.xml.util.XmlDuplicatedIdInspection
11143:             3             72  com.intellij.xml.util.XmlInvalidIdInspection
11144:             3             72  com.intellij.xml.util.documentation.HtmlDocumentationProvider
11145:             3             72  com.jediterm.terminal.HyperlinkStyle$HighlightMode
11146:             3             72  com.jediterm.terminal.ui.TerminalPanel$TerminalCursorState
11147:             3             72  com.jetbrains.jsonSchema.JsonSchemaMappingsProjectConfiguration
11148:             3             72  com.jetbrains.jsonSchema.JsonSchemaVfsListener$MyUpdater$$Lambda$1172/73331951
11149:             3             72  com.jetbrains.jsonSchema.extension.JsonSchemaProjectSelfProviderFactory$MyJsonSchemaFileProvider
11150:             3             72  com.jetbrains.jsonSchema.extension.SchemaType
11151:             3             72  com.jetbrains.jsonSchema.impl.JsonSchemaConflictNotificationProvider
11152:             3             72  com.jetbrains.jsonSchema.impl.JsonSchemaServiceImpl$MyState
11153:             3             72  com.jetbrains.jsonSchema.impl.JsonSchemaServiceImpl$MyState$1
11154:             3             72  com.jetbrains.plugins.webDeployment.AutoUploadComponent
11155:             3             72  com.jetbrains.plugins.webDeployment.config.OldPublishConfigStateHolder
11156:             3             72  com.jetbrains.plugins.webDeployment.config.PublishConfig$PromptOnRemoteOverwrite
11157:             3             72  com.jetbrains.plugins.webDeployment.config.PublishConfig$TraceLevel
11158:             3             72  com.jetbrains.quirksmode.CssSelectorPattern$4
11159:             3             72  com.rover12421.exTENdS.synCHrOnIZED.ThrOWS
11160:             3             72  com.sixrr.inspectjs.assignment.SillyAssignmentJSInspection
11161:             3             72  com.sixrr.inspectjs.bitwise.IncompatibleMaskJSInspection
11162:             3             72  com.sixrr.inspectjs.bitwise.ShiftOutOfRangeJSInspection
11163:             3             72  com.sixrr.inspectjs.bugs.InfiniteLoopJSInspection
11164:             3             72  com.sixrr.inspectjs.bugs.InfiniteRecursionJSInspection
11165:             3             72  com.sixrr.inspectjs.confusing.CallerJSInspection
11166:             3             72  com.sixrr.inspectjs.confusing.CommaExpressionJSInspection
11167:             3             72  com.sixrr.inspectjs.confusing.OctalIntegerJSInspection
11168:             3             72  com.sixrr.inspectjs.confusing.WithStatementJSInspection
11169:             3             72  com.sixrr.inspectjs.control.ConstantConditionalExpressionJSInspection
11170:             3             72  com.sixrr.inspectjs.control.ConstantIfStatementJSInspection
11171:             3             72  com.sixrr.inspectjs.control.FallThroughInSwitchStatementJSInspection
11172:             3             72  com.sixrr.inspectjs.control.JSTypeOfValuesInspection
11173:             3             72  com.sixrr.inspectjs.control.LoopStatementThatDoesntLoopJSInspection
11174:             3             72  com.sixrr.inspectjs.control.TrivialConditionalJSInspection
11175:             3             72  com.sixrr.inspectjs.control.UnnecessaryLabelJSInspection
11176:             3             72  com.sixrr.inspectjs.exception.ContinueOrBreakFromFinallyBlockJSInspection
11177:             3             72  com.sixrr.inspectjs.exception.ExceptionCaughtLocallyJSInspection
11178:             3             72  com.sixrr.inspectjs.exception.ReturnFromFinallyBlockJSInspection
11179:             3             72  com.sixrr.inspectjs.exception.ThrowFromFinallyBlockJSInspection
11180:             3             72  com.sixrr.inspectjs.validity.BadExpressionStatementJSInspection
11181:             3             72  com.sixrr.inspectjs.validity.DuplicateCaseLabelJSInspection
11182:             3             72  com.sixrr.inspectjs.validity.ReservedWordUsedAsNameJSInspection
11183:             3             72  com.sixrr.inspectjs.validity.ThisExpressionReferencesGlobalObjectJSInspection
11184:             3             72  com.sixrr.inspectjs.validity.UnreachableCodeJSInspection
11185:             3             72  com.siyeh.ig.abstraction.InterfaceMethodClashesWithObjectInspection
11186:             3             72  com.siyeh.ig.abstraction.OptionalUsedAsFieldOrParameterTypeInspection
11187:             3             72  com.siyeh.ig.annotation.MetaAnnotationWithoutRuntimeRetentionInspection
11188:             3             72  com.siyeh.ig.annotation.SingleElementAnnotationInspection
11189:             3             72  com.siyeh.ig.asserttoif.AssertionCanBeIfInspection
11190:             3             72  com.siyeh.ig.asserttoif.IfCanBeAssertionInspection
11191:             3             72  com.siyeh.ig.bitwise.IncompatibleMaskInspection
11192:             3             72  com.siyeh.ig.bitwise.ShiftOutOfRangeInspection
11193:             3             72  com.siyeh.ig.bugs.ArrayEqualsInspection
11194:             3             72  com.siyeh.ig.bugs.ArrayHashCodeInspection
11195:             3             72  com.siyeh.ig.bugs.ArrayObjectsEqualsInspection
11196:             3             72  com.siyeh.ig.bugs.AssertWithSideEffectsInspection
11197:             3             72  com.siyeh.ig.bugs.CollectionAddedToSelfInspection
11198:             3             72  com.siyeh.ig.bugs.CopyConstructorMissesFieldInspection
11199:             3             72  com.siyeh.ig.bugs.EqualsWhichDoesntCheckParameterClassInspection
11200:             3             72  com.siyeh.ig.bugs.EqualsWithItselfInspection
11201:             3             72  com.siyeh.ig.bugs.ImplicitArrayToStringInspection
11202:             3             72  com.siyeh.ig.bugs.InfiniteRecursionInspection
11203:             3             72  com.siyeh.ig.bugs.MalformedRegexInspection
11204:             3             72  com.siyeh.ig.bugs.MalformedXPathInspection
11205:             3             72  com.siyeh.ig.bugs.MathRandomCastToIntInspection
11206:             3             72  com.siyeh.ig.bugs.MismatchedArrayReadWriteInspection
11207:             3             72  com.siyeh.ig.bugs.MismatchedStringBuilderQueryUpdateInspection
11208:             3             72  com.siyeh.ig.bugs.NewStringBufferWithCharArgumentInspection
11209:             3             72  com.siyeh.ig.bugs.NullArgumentToVariableArgMethodInspection
11210:             3             72  com.siyeh.ig.bugs.NumberEqualityInspection
11211:             3             72  com.siyeh.ig.bugs.ObjectEqualsNullInspection
11212:             3             72  com.siyeh.ig.bugs.PrimitiveArrayArgumentToVariableArgMethodInspection
11213:             3             72  com.siyeh.ig.bugs.ReflectionForUnavailableAnnotationInspection
11214:             3             72  com.siyeh.ig.bugs.ReplaceAllDotInspection
11215:             3             72  com.siyeh.ig.bugs.StringEqualityInspection
11216:             3             72  com.siyeh.ig.bugs.StringEqualsCharSequenceInspection
11217:             3             72  com.siyeh.ig.bugs.SuspiciousComparatorCompareInspection
11218:             3             72  com.siyeh.ig.bugs.SuspiciousSystemArraycopyInspection
11219:             3             72  com.siyeh.ig.bugs.SuspiciousToArrayCallInspection
11220:             3             72  com.siyeh.ig.bugs.ThrowableNotThrownInspection
11221:             3             72  com.siyeh.ig.classlayout.FinalPrivateMethodInspection
11222:             3             72  com.siyeh.ig.classlayout.FinalStaticMethodInspection
11223:             3             72  com.siyeh.ig.classlayout.MethodReturnAlwaysConstantInspection
11224:             3             72  com.siyeh.ig.controlflow.ConstantConditionalExpressionInspection
11225:             3             72  com.siyeh.ig.controlflow.DoubleNegationInspection
11226:             3             72  com.siyeh.ig.controlflow.InfiniteLoopStatementInspection
11227:             3             72  com.siyeh.ig.controlflow.LoopStatementsThatDontLoopInspection
11228:             3             72  com.siyeh.ig.controlflow.PointlessBooleanExpressionInspection$BooleanExpressionKind
11229:             3             72  com.siyeh.ig.controlflow.SimplifiableBooleanExpressionInspection
11230:             3             72  com.siyeh.ig.controlflow.SimplifiableConditionalExpressionInspection
11231:             3             72  com.siyeh.ig.controlflow.TrivialIfInspection
11232:             3             72  com.siyeh.ig.controlflow.UnnecessaryBreakInspection
11233:             3             72  com.siyeh.ig.controlflow.UnnecessaryConditionalExpressionInspection
11234:             3             72  com.siyeh.ig.controlflow.UnnecessaryLabelOnBreakStatementInspection
11235:             3             72  com.siyeh.ig.controlflow.UnnecessaryLabelOnContinueStatementInspection
11236:             3             72  com.siyeh.ig.dependency.CyclicClassDependencyInspection
11237:             3             72  com.siyeh.ig.dependency.CyclicPackageDependencyInspection
11238:             3             72  com.siyeh.ig.errorhandling.CatchMayIgnoreExceptionInspection
11239:             3             72  com.siyeh.ig.errorhandling.CaughtExceptionImmediatelyRethrownInspection
11240:             3             72  com.siyeh.ig.errorhandling.ContinueOrBreakFromFinallyBlockInspection
11241:             3             72  com.siyeh.ig.errorhandling.EmptyFinallyBlockInspection
11242:             3             72  com.siyeh.ig.errorhandling.EmptyTryBlockInspection
11243:             3             72  com.siyeh.ig.errorhandling.FinallyBlockCannotCompleteNormallyInspection
11244:             3             72  com.siyeh.ig.errorhandling.ReturnFromFinallyBlockInspection
11245:             3             72  com.siyeh.ig.errorhandling.UnnecessaryInitCauseInspection
11246:             3             72  com.siyeh.ig.exceptions.MultiCatchCanBeSplitInspection
11247:             3             72  com.siyeh.ig.exceptions.TryStatementWithMultipleResourcesInspection
11248:             3             72  com.siyeh.ig.finalization.NoExplicitFinalizeCallsInspection
11249:             3             72  com.siyeh.ig.inheritance.ExtendsAnnotationInspection
11250:             3             72  com.siyeh.ig.inheritance.MissingOverrideAnnotationInspection
11251:             3             72  com.siyeh.ig.j2me.SimplifiableIfStatementInspection
11252:             3             72  com.siyeh.ig.javadoc.DanglingJavadocInspection
11253:             3             72  com.siyeh.ig.javadoc.MissingPackageInfoInspection
11254:             3             72  com.siyeh.ig.jdk.VarargParameterInspection
11255:             3             72  com.siyeh.ig.junit.AssertEqualsBetweenInconvertibleTypesInspection
11256:             3             72  com.siyeh.ig.junit.JUnit4AnnotatedMethodInJUnit3TestCaseInspection
11257:             3             72  com.siyeh.ig.junit.JUnit5PlatformInspection
11258:             3             72  com.siyeh.ig.junit.SimplifiableJUnitAssertionInspection
11259:             3             72  com.siyeh.ig.maturity.ThrowablePrintedToSystemOutInspection
11260:             3             72  com.siyeh.ig.memory.UnnecessaryEmptyArrayUsageInspection
11261:             3             72  com.siyeh.ig.migration.IndexOfReplaceableByContainsInspection
11262:             3             72  com.siyeh.ig.migration.StringBufferReplaceableByStringBuilderInspection
11263:             3             72  com.siyeh.ig.migration.TryFinallyCanBeTryWithResourcesInspection
11264:             3             72  com.siyeh.ig.migration.TryWithIdenticalCatchesInspection
11265:             3             72  com.siyeh.ig.migration.WhileCanBeForeachInspection
11266:             3             72  com.siyeh.ig.modularization.ClassIndependentOfModuleInspection
11267:             3             72  com.siyeh.ig.modularization.ClassOnlyUsedInOneModuleInspection
11268:             3             72  com.siyeh.ig.naming.MethodNameSameAsClassNameInspection
11269:             3             72  com.siyeh.ig.numeric.BigDecimalMethodWithoutRoundingCalledInspection
11270:             3             72  com.siyeh.ig.numeric.DivideByZeroInspection
11271:             3             72  com.siyeh.ig.numeric.LongLiteralsEndingWithLowercaseLInspection
11272:             3             72  com.siyeh.ig.numeric.OctalLiteralInspection
11273:             3             72  com.siyeh.ig.packaging.ClassOnlyUsedInOnePackageInspection
11274:             3             72  com.siyeh.ig.packaging.ClassUnconnectedToPackageInspection
11275:             3             72  com.siyeh.ig.packaging.DisjointPackageInspection
11276:             3             72  com.siyeh.ig.packaging.ExceptionPackageInspection
11277:             3             72  com.siyeh.ig.packaging.PackageInMultipleModulesInspection
11278:             3             72  com.siyeh.ig.performance.ArraysAsListWithZeroOrOneArgumentInspection
11279:             3             72  com.siyeh.ig.performance.BooleanConstructorInspection
11280:             3             72  com.siyeh.ig.performance.BoxingBoxedValueInspection
11281:             3             72  com.siyeh.ig.performance.ClassInitializerMayBeStaticInspection
11282:             3             72  com.siyeh.ig.performance.InstantiatingObjectToGetClassObjectInspection
11283:             3             72  com.siyeh.ig.performance.ManualArrayCopyInspection
11284:             3             72  com.siyeh.ig.performance.ManualArrayToCollectionCopyInspection
11285:             3             72  com.siyeh.ig.performance.ObjectEqualsCanBeEqualityInspection
11286:             3             72  com.siyeh.ig.performance.RedundantStringFormatCallInspection
11287:             3             72  com.siyeh.ig.performance.StringConcatenationInLoopsInspection
11288:             3             72  com.siyeh.ig.performance.StringConcatenationInsideStringBufferAppendInspection
11289:             3             72  com.siyeh.ig.performance.TailRecursionInspection
11290:             3             72  com.siyeh.ig.performance.ToArrayCallWithZeroLengthArrayArgumentInspection$PreferEmptyArray
11291:             3             72  com.siyeh.ig.performance.UnnecessaryTemporaryOnConversionFromStringInspection
11292:             3             72  com.siyeh.ig.performance.UnnecessaryTemporaryOnConversionToStringInspection
11293:             3             72  com.siyeh.ig.redundancy.RedundantCollectionOperationInspection
11294:             3             72  com.siyeh.ig.redundancy.RedundantStringOperationInspection
11295:             3             72  com.siyeh.ig.redundancy.UnusedLabelInspection
11296:             3             72  com.siyeh.ig.serialization.ExternalizableWithoutPublicNoArgConstructorInspection
11297:             3             72  com.siyeh.ig.style.ArrayCreationWithoutNewKeywordInspection
11298:             3             72  com.siyeh.ig.style.ConstantExpressionInspection
11299:             3             72  com.siyeh.ig.style.ControlFlowStatementWithoutBracesInspection
11300:             3             72  com.siyeh.ig.style.DiamondCanBeReplacedWithExplicitTypeArgumentsInspection
11301:             3             72  com.siyeh.ig.style.ExtendsObjectInspection
11302:             3             72  com.siyeh.ig.style.LambdaBodyCanBeCodeBlockInspection
11303:             3             72  com.siyeh.ig.style.LambdaCanBeReplacedWithAnonymousInspection
11304:             3             72  com.siyeh.ig.style.LambdaParameterTypeCanBeSpecifiedInspection
11305:             3             72  com.siyeh.ig.style.MethodRefCanBeReplacedWithLambdaInspection
11306:             3             72  com.siyeh.ig.style.SingleStatementInBlockInspection
11307:             3             72  com.siyeh.ig.style.StringBufferReplaceableByStringInspection
11308:             3             72  com.siyeh.ig.style.TypeParameterExtendsObjectInspection
11309:             3             72  com.siyeh.ig.style.UnnecessaryEnumModifierInspection
11310:             3             72  com.siyeh.ig.style.UnnecessaryInterfaceModifierInspection
11311:             3             72  com.siyeh.ig.style.UnnecessarySemicolonInspection
11312:             3             72  com.siyeh.ig.threading.AtomicFieldUpdaterIssuesInspection
11313:             3             72  com.siyeh.ig.threading.AtomicFieldUpdaterNotStaticFinalInspection
11314:             3             72  com.siyeh.ig.threading.NonAtomicOperationOnVolatileFieldInspection
11315:             3             72  com.siyeh.ig.threading.StaticInitializerReferencesSubClassInspection
11316:             3             72  com.siyeh.ig.threading.SynchronizationOnGetClassInspection
11317:             3             72  com.siyeh.ig.threading.SynchronizeOnNonFinalFieldInspection
11318:             3             72  com.siyeh.ig.visibility.ClassEscapesItsScopeInspection
11319:             3             72  com.siyeh.ig.visibility.TypeParameterHidesVisibleTypeInspection
11320:             3             72  com.sun.awt.AWTUtilities$Translucency
11321:             3             72  com.sun.jna.Structure$StructureSet
11322:             3             72  com.sun.nio.file.ExtendedOpenOption
11323:             3             72  com.sun.tools.javac.main.Option$OptionKind
11324:             3             72  com.sun.xml.internal.bind.v2.model.annotation.ClassLocatable
11325:             3             72  com.sun.xml.internal.bind.v2.model.core.ID
11326:             3             72  com.theoryinpractice.testng.inspection.AssertEqualsBetweenInconvertibleTypesTestNGInspection
11327:             3             72  com.theoryinpractice.testng.inspection.DataProviderReturnTypeInspection
11328:             3             72  com.theoryinpractice.testng.inspection.DependsOnGroupsInspection
11329:             3             72  com.theoryinpractice.testng.inspection.DependsOnMethodInspection
11330:             3             72  com.theoryinpractice.testng.inspection.DuplicatedDataProviderNamesInspection
11331:             3             72  com.theoryinpractice.testng.inspection.SimplifiedTestNGAssertionInspection
11332:             3             72  com.theoryinpractice.testng.inspection.TestNGDataProviderInspection
11333:             3             72  com.zeroturnaround.http.proxy.HttpProxyHolder
11334:             3             72  com.zeroturnaround.javarebel.m$a
11335:             3             72  com.zeroturnaround.jrebel.ide.common.guide.model.StepCompleteNotificationListener
11336:             3             72  de.plushnikov.intellij.plugin.LombokPluginProjectValidatorComponent
11337:             3             72  de.plushnikov.intellij.plugin.LombokPluginUpdateProjectComponent
11338:             3             72  de.plushnikov.intellij.plugin.language.psi.LombokConfigElementType
11339:             3             72  de.plushnikov.intellij.plugin.processor.clazz.FieldNameConstantsProcessor
11340:             3             72  de.plushnikov.intellij.plugin.processor.clazz.WitherProcessor
11341:             3             72  de.plushnikov.intellij.plugin.processor.clazz.builder.BuilderClassProcessor
11342:             3             72  de.plushnikov.intellij.plugin.processor.clazz.builder.BuilderPreDefinedInnerClassFieldProcessor
11343:             3             72  de.plushnikov.intellij.plugin.processor.clazz.builder.BuilderPreDefinedInnerClassMethodProcessor
11344:             3             72  de.plushnikov.intellij.plugin.processor.field.DelegateFieldProcessor
11345:             3             72  de.plushnikov.intellij.plugin.processor.handler.BuilderHandler
11346:             3             72  de.plushnikov.intellij.plugin.processor.method.BuilderClassMethodProcessor
11347:             3             72  de.plushnikov.intellij.plugin.processor.method.BuilderMethodProcessor
11348:             3             72  de.plushnikov.intellij.plugin.processor.method.DelegateMethodProcessor
11349:             3             72  git4idea.annotate.GitAnnotationProvider
11350:             3             72  git4idea.config.GitVcsConfigurable$GitVcsSettingsHolder
11351:             3             72  git4idea.config.GitVcsSettings
11352:             3             72  git4idea.config.UpdateMethod
11353:             3             72  git4idea.diff.GitDiffProvider
11354:             3             72  git4idea.history.GitLogUtil$DiffRenameLimit
11355:             3             72  git4idea.log.GitRefManager
11356:             3             72  git4idea.update.GitUpdateEnvironment
11357:             3             72  gnu.trove.SerializationProcedure
11358:             3             72  io.netty.bootstrap.ServerBootstrap$ServerBootstrapAcceptor$1
11359:             3             72  io.netty.buffer.PoolArena$SizeClass
11360:             3             72  java.awt.Dialog$ModalExclusionType
11361:             3             72  java.awt.EventFilter$FilterAction
11362:             3             72  java.awt.Window$Type
11363:             3             72  java.io.ObjectOutputStream$ReplaceTable
11364:             3             72  java.lang.ProcessImpl$2
11365:             3             72  java.lang.annotation.RetentionPolicy
11366:             3             72  java.net.Proxy$Type
11367:             3             72  java.nio.file.AccessMode
11368:             3             72  java.nio.file.FileTreeWalker$EventType
11369:             3             72  java.rmi.dgc.VMID
11370:             3             72  java.security.SecurityPermission
11371:             3             72  java.time.Instant
11372:             3             72  java.time.ZoneOffset
11373:             3             72  java.time.format.ResolverStyle
11374:             3             72  java.util.Base64$Encoder
11375:             3             72  java.util.Comparator$$Lambda$999/808462341
11376:             3             72  java.util.Currency
11377:             1             72  java.util.ResourceBundle$RBClassLoader
11378:             1             72  java.util.logging.LogManager$RootLogger
11379:             3             72  java.util.regex.Pattern$6
11380:             3             72  java.util.stream.Collector$Characteristics
11381:             3             72  java.util.stream.MatchOps$MatchKind
11382:             3             72  javax.swing.RowSorter$SortKey
11383:             3             72  javax.swing.SortOrder
11384:             3             72  javax.swing.border.CompoundBorder
11385:             3             72  javax.swing.plaf.BorderUIResource$LineBorderUIResource
11386:             3             72  javax.swing.plaf.metal.MetalLookAndFeel$FontActiveValue
11387:             3             72  javax.swing.text.StyleContext$SmallAttributeSet
11388:             3             72  javax.xml.bind.annotation.XmlNsForm
11389:             3             72  kotlin.DeprecationLevel
11390:             3             72  kotlin.LazyThreadSafetyMode
11391:             3             72  kotlin.LazyThreadSafetyMode
11392:             3             72  kotlin.annotation.AnnotationRetention
11393:             3             72  kotlin.ranges.IntRange
11394:             3             72  kotlin.reflect.KParameter$Kind
11395:             1             72  kotlin.reflect.jvm.internal.impl.descriptors.impl.MutableClassDescriptor
11396:             3             72  kotlin.reflect.jvm.internal.impl.load.java.BuiltinMethodsWithSpecialGenericSignature$TypeSafeBarrierDescription
11397:             3             72  kotlin.reflect.jvm.internal.impl.load.java.lazy.types.JavaTypeFlexibility
11398:             3             72  kotlin.reflect.jvm.internal.impl.load.java.typeEnhancement.NullabilityQualifier
11399:             3             72  kotlin.reflect.jvm.internal.impl.load.java.typeEnhancement.TypeComponentPosition
11400:             3             72  kotlin.reflect.jvm.internal.impl.resolve.ExternalOverridabilityCondition$Contract
11401:             3             72  kotlin.reflect.jvm.internal.impl.resolve.OverridingUtil$OverrideCompatibilityInfo$Result
11402:             3             72  kotlin.reflect.jvm.internal.impl.serialization.ProtoBuf$QualifiedNameTable$QualifiedName$Kind
11403:             3             72  kotlin.reflect.jvm.internal.impl.serialization.ProtoBuf$TypeParameter$Variance
11404:             3             72  kotlin.reflect.jvm.internal.impl.serialization.deserialization.MemberDeserializer
11405:             3             72  kotlin.reflect.jvm.internal.impl.serialization.deserialization.TypeDeserializer$classDescriptors$1
11406:             3             72  kotlin.reflect.jvm.internal.impl.serialization.deserialization.TypeDeserializer$typeAliasDescriptors$1
11407:             3             72  kotlin.reflect.jvm.internal.impl.serialization.jvm.JvmProtoBuf$StringTableTypes$Record$Operation
11408:             3             72  kotlin.reflect.jvm.internal.impl.storage.LockBasedStorageManager$NotValue
11409:             3             72  kotlin.reflect.jvm.internal.impl.types.AbstractTypeConstructor$supertypes$1
11410:             3             72  kotlin.reflect.jvm.internal.impl.types.AbstractTypeConstructor$supertypes$3
11411:             3             72  kotlin.reflect.jvm.internal.impl.utils.Jsr305State$description$2
11412:             3             72  kotlin.reflect.jvm.internal.impl.utils.ReportLevel
11413:             3             72  net.sf.cglib.proxy.AdvancedProxy$ProxyDescription
11414:             1             72  net.sourceforge.pmd.lang.java.typeresolution.PMDASMClassLoader
11415:             3             72  net.sourceforge.pmd.lang.rule.xpath.JaxenXPathRuleQuery$InitializationStatus
11416:             3             72  org.angularjs.inspections.EmptyEventHandlerInspection
11417:             3             72  org.angularjs.service.Angular2HighlightingPassFactory
11418:             1             72  org.apache.commons.lang3.builder.ToStringStyle$DefaultToStringStyle
11419:             1             72  org.apache.commons.lang3.builder.ToStringStyle$JsonToStringStyle
11420:             1             72  org.apache.commons.lang3.builder.ToStringStyle$MultiLineToStringStyle
11421:             1             72  org.apache.commons.lang3.builder.ToStringStyle$NoClassNameToStringStyle
11422:             1             72  org.apache.commons.lang3.builder.ToStringStyle$NoFieldNameToStringStyle
11423:             1             72  org.apache.commons.lang3.builder.ToStringStyle$ShortPrefixToStringStyle
11424:             1             72  org.apache.commons.lang3.builder.ToStringStyle$SimpleToStringStyle
11425:             3             72  org.apache.commons.lang3.time.DateUtils$ModifyType
11426:             3             72  org.apache.http.HttpVersion
11427:             1             72  org.apache.http.impl.conn.CPool
11428:             1             72  org.apache.http.impl.conn.CPoolEntry
11429:             1             72  org.apache.http.impl.conn.LoggingManagedHttpClientConnection
11430:             3             72  org.apache.log4j.helpers.OnlyOnceErrorHandler
11431:             1             72  org.apache.velocity.runtime.RuntimeInstance
11432:             3             72  org.coffeescript.codeinsight.inspections.CoffeeScriptArgumentsOutsideFunctionInspection
11433:             3             72  org.coffeescript.codeinsight.inspections.CoffeeScriptInfiniteLoopInspection
11434:             3             72  org.coffeescript.codeinsight.inspections.CoffeeScriptLiteralNotFunctionInspection
11435:             3             72  org.coffeescript.codeinsight.inspections.CoffeeScriptSillyAssignmentInspection
11436:             3             72  org.coffeescript.codeinsight.inspections.CoffeeScriptSwitchStatementWithNoDefaultBranchInspection
11437:             3             72  org.intellij.images.options.impl.ExternalEditorOptionsImpl
11438:             3             72  org.intellij.images.options.impl.OptionsImpl
11439:             3             72  org.intellij.lang.regexp.inspection.DuplicateAlternationBranchInspection
11440:             3             72  org.intellij.lang.regexp.inspection.EmptyAlternationBranchInspection
11441:             3             72  org.intellij.lang.regexp.inspection.EscapedMetaCharacterInspection
11442:             3             72  org.intellij.lang.regexp.inspection.OctalEscapeInspection
11443:             3             72  org.intellij.lang.regexp.inspection.RedundantEscapeInspection
11444:             3             72  org.intellij.lang.regexp.inspection.RepeatedSpaceInspection
11445:             3             72  org.intellij.lang.regexp.inspection.SingleCharAlternationInspection
11446:             3             72  org.intellij.lang.regexp.inspection.UnexpectedAnchorInspection
11447:             3             72  org.intellij.lang.xpath.context.ContextType
11448:             3             72  org.intellij.lang.xpath.context.functions.Parameter$Kind
11449:             3             72  org.intellij.lang.xpath.validation.inspections.CheckNodeTest
11450:             3             72  org.intellij.lang.xpath.validation.inspections.HardwiredNamespacePrefix
11451:             3             72  org.intellij.lang.xpath.validation.inspections.IndexZeroPredicate
11452:             3             72  org.intellij.lang.xpath.validation.inspections.RedundantTypeConversion
11453:             3             72  org.intellij.lang.xpath.xslt.impl.XsltChecker$LanguageLevel
11454:             3             72  org.intellij.lang.xpath.xslt.validation.inspections.TemplateInvocationInspection
11455:             3             72  org.intellij.lang.xpath.xslt.validation.inspections.UnusedElementInspection
11456:             3             72  org.intellij.lang.xpath.xslt.validation.inspections.VariableShadowingInspection
11457:             3             72  org.intellij.plugins.intelliLang.Configuration$InstrumentationType
11458:             3             72  org.intellij.plugins.intelliLang.inject.CommentLanguageInjector
11459:             3             72  org.intellij.plugins.intelliLang.inject.DefaultLanguageInjector
11460:             3             72  org.intellij.plugins.intelliLang.inject.groovy.GrConcatenationAwareInjector
11461:             3             72  org.intellij.plugins.intelliLang.inject.java.validation.InjectionNotApplicable
11462:             3             72  org.intellij.plugins.intelliLang.inject.java.validation.LanguageMismatch
11463:             3             72  org.intellij.plugins.intelliLang.inject.java.validation.UnknownLanguageID
11464:             3             72  org.intellij.plugins.intelliLang.inject.xml.XmlLanguageInjector
11465:             3             72  org.intellij.plugins.intelliLang.pattern.PatternAnnotationNotApplicable
11466:             3             72  org.intellij.plugins.intelliLang.pattern.PatternOverriddenByNonAnnotatedMethod
11467:             3             72  org.intellij.plugins.intelliLang.references.InjectedReferencesInspection
11468:             3             72  org.intellij.plugins.intelliLang.util.StringMatcher$Any
11469:             1             72  org.intellij.plugins.markdown.lang.psi.impl.MarkdownFile
11470:             3             72  org.intellij.plugins.markdown.lang.references.MarkdownUnresolvedFileReferenceInspection
11471:             3             72  org.intellij.plugins.relaxNG.config.NoNamespaceConfigImpl
11472:             3             72  org.intellij.plugins.relaxNG.inspections.RngDomInspection
11473:             3             72  org.iq80.snappy.AbstractSnappyInputStream$FrameAction
11474:             3             72  org.jetbrains.android.AndroidProjectComponent
11475:             3             72  org.jetbrains.android.AndroidPropertyFilesUpdater
11476:             3             72  org.jetbrains.android.AndroidPropertyFilesUpdater$$Lambda$641/1908032747
11477:             3             72  org.jetbrains.android.augment.AndroidPsiElementFinder
11478:             3             72  org.jetbrains.android.database.AndroidDbManager
11479:             3             72  org.jetbrains.android.formatter.AndroidCodeStyleNotificationProvider
11480:             3             72  org.jetbrains.android.inspections.AndroidDomInspection
11481:             3             72  org.jetbrains.android.inspections.AndroidElementNotAllowedInspection
11482:             3             72  org.jetbrains.android.inspections.AndroidMissingOnClickHandlerInspection
11483:             3             72  org.jetbrains.android.inspections.AndroidNonConstantResIdsInSwitchInspection
11484:             3             72  org.jetbrains.android.inspections.AndroidUnknownAttributeInspection
11485:             3             72  org.jetbrains.android.inspections.XmlWrongFileTypeInspection
11486:             3             72  org.jetbrains.android.sdk.AndroidSdkNotConfiguredNotificationProvider
11487:             3             72  org.jetbrains.annotations.Nls$Capitalization
11488:             3             72  org.jetbrains.concurrency.Promise$State
11489:             3             72  org.jetbrains.idea.devkit.inspections.ComponentNotRegisteredInspection
11490:             3             72  org.jetbrains.idea.devkit.inspections.InspectionDescriptionNotFoundInspection
11491:             3             72  org.jetbrains.idea.devkit.inspections.InspectionMappingConsistencyInspection
11492:             3             72  org.jetbrains.idea.devkit.inspections.IntentionDescriptionNotFoundInspection
11493:             3             72  org.jetbrains.idea.devkit.inspections.PluginXmlDomInspection
11494:             3             72  org.jetbrains.idea.devkit.inspections.PostfixTemplateDescriptionNotFoundInspection
11495:             3             72  org.jetbrains.idea.devkit.inspections.PresentationAnnotationInspection
11496:             3             72  org.jetbrains.idea.devkit.inspections.PsiElementConcatenationInspection
11497:             3             72  org.jetbrains.idea.devkit.inspections.QuickFixGetFamilyNameViolationInspection
11498:             3             72  org.jetbrains.idea.devkit.inspections.RegistrationProblemsInspection
11499:             3             72  org.jetbrains.idea.devkit.inspections.StatefulEpInspection
11500:             3             72  org.jetbrains.idea.devkit.inspections.UElementAsPsiInspection
11501:             3             72  org.jetbrains.idea.devkit.inspections.UniqueToolbarIdInspection
11502:             3             72  org.jetbrains.idea.devkit.inspections.UseGrayInspection
11503:             3             72  org.jetbrains.idea.devkit.inspections.internal.DontUseNewPairInspection
11504:             3             72  org.jetbrains.idea.devkit.inspections.internal.FileEqualsUsageInspection
11505:             3             72  org.jetbrains.idea.devkit.inspections.internal.GtkPreferredJComboBoxRendererInspection
11506:             3             72  org.jetbrains.idea.devkit.inspections.internal.UndesirableClassUsageInspection
11507:             3             72  org.jetbrains.idea.devkit.inspections.internal.UnsafeReturnStatementVisitorInspection
11508:             3             72  org.jetbrains.idea.devkit.inspections.internal.UnsafeVfsRecursionInspection
11509:             3             72  org.jetbrains.idea.devkit.inspections.internal.UseDPIAwareEmptyBorderInspection
11510:             3             72  org.jetbrains.idea.devkit.inspections.internal.UseDPIAwareInsetsInspection
11511:             3             72  org.jetbrains.idea.devkit.inspections.internal.UseJBColorInspection
11512:             3             72  org.jetbrains.idea.devkit.inspections.internal.UsePrimitiveTypesInspection
11513:             3             72  org.jetbrains.idea.devkit.inspections.internal.UseVirtualFileEqualsInspection
11514:             3             72  org.jetbrains.idea.maven.dom.MavenModelDocumentationProvider$DescKind
11515:             3             72  org.jetbrains.idea.maven.dom.inspections.MavenDuplicateDependenciesInspection
11516:             3             72  org.jetbrains.idea.maven.dom.inspections.MavenDuplicatePluginInspection
11517:             3             72  org.jetbrains.idea.maven.dom.inspections.MavenModelInspection
11518:             3             72  org.jetbrains.idea.maven.dom.inspections.MavenPropertyInParentInspection
11519:             3             72  org.jetbrains.idea.maven.dom.inspections.MavenRedundantGroupIdInspection
11520:             3             72  org.jetbrains.idea.maven.execution.MavenRunner
11521:             3             72  org.jetbrains.idea.maven.indices.MavenProjectIndicesManager
11522:             3             72  org.jetbrains.idea.maven.model.MavenRemoteRepository$Policy
11523:             3             72  org.jetbrains.idea.maven.navigator.MavenProjectsNavigatorPanel$1
11524:             3             72  org.jetbrains.idea.maven.navigator.MavenProjectsNavigatorPanel$2
11525:             3             72  org.jetbrains.idea.maven.navigator.MavenProjectsStructure$DisplayKind
11526:             3             72  org.jetbrains.idea.maven.project.MavenProject
11527:             3             72  org.jetbrains.idea.maven.project.MavenProjectChanges
11528:             3             72  org.jetbrains.idea.maven.project.MavenWorkspaceSettingsComponent
11529:             3             72  org.jetbrains.idea.maven.tasks.MavenShortcutsManager$MyKeymapListener
11530:             3             72  org.jetbrains.idea.maven.tasks.MavenShortcutsManager$MyProjectsTreeListener
11531:             3             72  org.jetbrains.idea.maven.utils.MavenRehighlighter$MavenRehighlighterPostStartupActivity$1
11532:             3             72  org.jetbrains.idea.maven.utils.MavenRehighlighter$MavenRehighlighterPostStartupActivity$2
11533:             3             72  org.jetbrains.idea.perforce.application.PerforceChangeListListener
11534:             3             72  org.jetbrains.idea.svn.SvnConfiguration$SSLProtocols
11535:             3             72  org.jetbrains.idea.svn.SvnConfiguration$SshConnectionType
11536:             1             72  org.jetbrains.idea.svn.actions.IgnoreActionGroup
11537:             3             72  org.jetbrains.java.generate.template.TemplatesState
11538:             3             72  org.jetbrains.jps.api.CmdlineRemoteProto$Message$BuilderMessage$BuildEvent$Type
11539:             3             72  org.jetbrains.jps.api.CmdlineRemoteProto$Message$ControllerMessage$ParametersMessage$Type
11540:             3             72  org.jetbrains.jps.api.CmdlineRemoteProto$Message$KeyValuePair$Builder
11541:             3             72  org.jetbrains.jps.api.CmdlineRemoteProto$Message$Type
11542:             3             72  org.jetbrains.jps.model.ex.JpsElementContainerImpl
11543:             3             72  org.jetbrains.kotlin.analyzer.ModuleInfo$DependencyOnBuiltIns
11544:             3             72  org.jetbrains.kotlin.android.inspection.IllegalIdentifierInspection
11545:             3             72  org.jetbrains.kotlin.android.inspection.TypeParameterFindViewByIdInspection
11546:             3             72  org.jetbrains.kotlin.android.synthetic.idea.AndroidPsiTreeChangePreprocessor
11547:             3             72  org.jetbrains.kotlin.asJava.finder.JavaElementFinder
11548:             3             72  org.jetbrains.kotlin.codegen.OwnerKind
11549:             3             72  org.jetbrains.kotlin.console.ConsoleScriptDefinitionContributor
11550:             3             72  org.jetbrains.kotlin.container.ComponentResolveContext
11551:             3             72  org.jetbrains.kotlin.container.StorageComponentContainer
11552:             3             72  org.jetbrains.kotlin.context.GlobalContextImpl
11553:             3             72  org.jetbrains.kotlin.descriptors.impl.AbstractTypeParameterDescriptor$1
11554:             3             72  org.jetbrains.kotlin.descriptors.impl.AbstractTypeParameterDescriptor$2
11555:             1             72  org.jetbrains.kotlin.descriptors.impl.MutableClassDescriptor
11556:             3             72  org.jetbrains.kotlin.diagnostics.Severity
11557:             3             72  org.jetbrains.kotlin.idea.caches.resolve.IDELightClassGenerationSupport
11558:             3             72  org.jetbrains.kotlin.idea.caches.resolve.ModuleOrigin
11559:             3             72  org.jetbrains.kotlin.idea.compiler.configuration.Kotlin2JvmCompilerArgumentsHolder
11560:             3             72  org.jetbrains.kotlin.idea.compiler.configuration.KotlinBuildProcessParametersProvider
11561:             3             72  org.jetbrains.kotlin.idea.compiler.configuration.KotlinCommonCompilerArgumentsHolder
11562:             3             72  org.jetbrains.kotlin.idea.compiler.configuration.KotlinCompilerSettings
11563:             3             72  org.jetbrains.kotlin.idea.completion.CompletionBindingContextProvider
11564:             3             72  org.jetbrains.kotlin.idea.completion.LookupCancelWatcher
11565:             3             72  org.jetbrains.kotlin.idea.configuration.ui.KotlinConfigurationCheckerComponent
11566:             3             72  org.jetbrains.kotlin.idea.core.script.GradleScriptDefinitionsContributor
11567:             3             72  org.jetbrains.kotlin.idea.core.script.KotlinScriptDependenciesClassFinder$myCaches$2
11568:             3             72  org.jetbrains.kotlin.idea.core.script.KotlinScriptDependenciesClassFinder$myCaches$2$1
11569:             3             72  org.jetbrains.kotlin.idea.core.script.ScriptDependenciesCache$allLibrarySources$2
11570:             3             72  org.jetbrains.kotlin.idea.core.script.ScriptDependenciesCache$allLibrarySourcesScope$2
11571:             3             72  org.jetbrains.kotlin.idea.core.script.ScriptDependenciesCache$allScriptsClasspath$2
11572:             3             72  org.jetbrains.kotlin.idea.core.script.ScriptDependenciesCache$allScriptsClasspathScope$2
11573:             3             72  org.jetbrains.kotlin.idea.core.script.ScriptDependenciesManager
11574:             3             72  org.jetbrains.kotlin.idea.core.script.StandardScriptDefinitionContributor
11575:             3             72  org.jetbrains.kotlin.idea.debugger.KotlinDebuggerSettings
11576:             3             72  org.jetbrains.kotlin.idea.i18n.inspections.KotlinInvalidBundleOrPropertyInspection
11577:             3             72  org.jetbrains.kotlin.idea.inspections.AddVarianceModifierInspection
11578:             3             72  org.jetbrains.kotlin.idea.inspections.ArrayInDataClassInspection
11579:             3             72  org.jetbrains.kotlin.idea.inspections.CanBeParameterInspection
11580:             3             72  org.jetbrains.kotlin.idea.inspections.CanBePrimaryConstructorPropertyInspection
11581:             3             72  org.jetbrains.kotlin.idea.inspections.CanBeValInspection
11582:             3             72  org.jetbrains.kotlin.idea.inspections.CascadeIfInspection
11583:             3             72  org.jetbrains.kotlin.idea.inspections.ConflictingExtensionPropertyInspection
11584:             3             72  org.jetbrains.kotlin.idea.inspections.ConstantConditionIfInspection
11585:             3             72  org.jetbrains.kotlin.idea.inspections.CopyWithoutNamedArgumentsInspection
11586:             3             72  org.jetbrains.kotlin.idea.inspections.DataClassPrivateConstructorInspection
11587:             3             72  org.jetbrains.kotlin.idea.inspections.DestructuringWrongNameInspection
11588:             3             72  org.jetbrains.kotlin.idea.inspections.EmptyRangeInspection
11589:             3             72  org.jetbrains.kotlin.idea.inspections.EqualsOrHashCodeInspection
11590:             3             72  org.jetbrains.kotlin.idea.inspections.ExplicitThisInspection
11591:             3             72  org.jetbrains.kotlin.idea.inspections.FakeJvmFieldConstantInspection
11592:             3             72  org.jetbrains.kotlin.idea.inspections.ImplicitThisInspection
11593:             3             72  org.jetbrains.kotlin.idea.inspections.JavaCollectionsStaticMethodInspection
11594:             3             72  org.jetbrains.kotlin.idea.inspections.KotlinCleanupInspection
11595:             3             72  org.jetbrains.kotlin.idea.inspections.KotlinDoubleNegationInspection
11596:             3             72  org.jetbrains.kotlin.idea.inspections.KotlinInternalInJavaInspection
11597:             3             72  org.jetbrains.kotlin.idea.inspections.KotlinRedundantOverrideInspection
11598:             3             72  org.jetbrains.kotlin.idea.inspections.KotlinUnusedImportInspection
11599:             3             72  org.jetbrains.kotlin.idea.inspections.LeakingThisInspection
11600:             3             72  org.jetbrains.kotlin.idea.inspections.LiftReturnOrAssignmentInspection
11601:             3             72  org.jetbrains.kotlin.idea.inspections.MayBeConstantInspection
11602:             3             72  org.jetbrains.kotlin.idea.inspections.MemberVisibilityCanBePrivateInspection
11603:             3             72  org.jetbrains.kotlin.idea.inspections.MigrateDiagnosticSuppressionInspection
11604:             3             72  org.jetbrains.kotlin.idea.inspections.MoveSuspiciousCallableReferenceIntoParenthesesInspection
11605:             3             72  org.jetbrains.kotlin.idea.inspections.NullChecksToSafeCallInspection
11606:             3             72  org.jetbrains.kotlin.idea.inspections.NullableBooleanElvisInspection
11607:             3             72  org.jetbrains.kotlin.idea.inspections.OverridingDeprecatedMemberInspection
11608:             3             72  org.jetbrains.kotlin.idea.inspections.ProtectedInFinalInspection
11609:             3             72  org.jetbrains.kotlin.idea.inspections.RecursiveEqualsCallInspection
11610:             3             72  org.jetbrains.kotlin.idea.inspections.RecursivePropertyAccessorInspection
11611:             3             72  org.jetbrains.kotlin.idea.inspections.RedundantExplicitTypeInspection
11612:             3             72  org.jetbrains.kotlin.idea.inspections.RedundantGetterInspection
11613:             3             72  org.jetbrains.kotlin.idea.inspections.RedundantIfInspection
11614:             3             72  org.jetbrains.kotlin.idea.inspections.RedundantLambdaArrowInspection
11615:             3             72  org.jetbrains.kotlin.idea.inspections.RedundantModalityModifierInspection
11616:             3             72  org.jetbrains.kotlin.idea.inspections.RedundantObjectTypeCheckInspection
11617:             3             72  org.jetbrains.kotlin.idea.inspections.RedundantSamConstructorInspection
11618:             3             72  org.jetbrains.kotlin.idea.inspections.RedundantSemicolonInspection
11619:             3             72  org.jetbrains.kotlin.idea.inspections.RedundantSetterInspection
11620:             3             72  org.jetbrains.kotlin.idea.inspections.RedundantSuspendModifierInspection
11621:             3             72  org.jetbrains.kotlin.idea.inspections.RedundantUnitExpressionInspection
11622:             3             72  org.jetbrains.kotlin.idea.inspections.RedundantUnitReturnTypeInspection
11623:             3             72  org.jetbrains.kotlin.idea.inspections.RedundantVisibilityModifierInspection
11624:             3             72  org.jetbrains.kotlin.idea.inspections.RemoveRedundantBackticksInspection
11625:             3             72  org.jetbrains.kotlin.idea.inspections.RemoveRedundantSpreadOperatorInspection
11626:             3             72  org.jetbrains.kotlin.idea.inspections.RemoveSetterParameterTypeInspection
11627:             3             72  org.jetbrains.kotlin.idea.inspections.RemoveToStringInStringTemplateInspection
11628:             3             72  org.jetbrains.kotlin.idea.inspections.ReplaceArrayOfWithLiteralInspection
11629:             3             72  org.jetbrains.kotlin.idea.inspections.ReplaceRangeToWithUntilInspection
11630:             3             72  org.jetbrains.kotlin.idea.inspections.ReplaceToWithInfixFormInspection
11631:             3             72  org.jetbrains.kotlin.idea.inspections.ScopeFunctionConversionInspection
11632:             3             72  org.jetbrains.kotlin.idea.inspections.SelfAssignmentInspection
11633:             3             72  org.jetbrains.kotlin.idea.inspections.SimplifyWhenWithBooleanConstantConditionInspection
11634:             3             72  org.jetbrains.kotlin.idea.inspections.SortModifiersInspection
11635:             3             72  org.jetbrains.kotlin.idea.inspections.SuspiciousEqualsCombination
11636:             3             72  org.jetbrains.kotlin.idea.inspections.UnsafeCastFromDynamicInspection
11637:             3             72  org.jetbrains.kotlin.idea.inspections.UnusedEqualsInspection
11638:             3             72  org.jetbrains.kotlin.idea.inspections.UnusedLambdaExpressionBodyInspection
11639:             3             72  org.jetbrains.kotlin.idea.inspections.UnusedReceiverParameterInspection
11640:             3             72  org.jetbrains.kotlin.idea.inspections.UnusedSymbolInspection
11641:             3             72  org.jetbrains.kotlin.idea.inspections.UseExpressionBodyInspection
11642:             3             72  org.jetbrains.kotlin.idea.inspections.WhenWithOnlyElseInspection
11643:             3             72  org.jetbrains.kotlin.idea.inspections.WrapUnaryOperatorInspection
11644:             3             72  org.jetbrains.kotlin.idea.inspections.collections.SimplifiableCallChainInspection
11645:             3             72  org.jetbrains.kotlin.idea.inspections.gradle.DeprecatedGradleDependencyInspection
11646:             3             72  org.jetbrains.kotlin.idea.inspections.gradle.DifferentKotlinGradleVersionInspection
11647:             3             72  org.jetbrains.kotlin.idea.inspections.gradle.DifferentStdlibGradleVersionInspection
11648:             3             72  org.jetbrains.kotlin.idea.intentions.loopToCallChain.LoopToCallChainInspection
11649:             3             72  org.jetbrains.kotlin.idea.kdoc.KDocUnresolvedReferenceInspection
11650:             3             72  org.jetbrains.kotlin.idea.maven.inspections.DeprecatedMavenDependencyInspection
11651:             3             72  org.jetbrains.kotlin.idea.maven.inspections.DifferentMavenStdlibVersionInspection
11652:             3             72  org.jetbrains.kotlin.idea.maven.inspections.KotlinMavenPluginPhaseInspection
11653:             3             72  org.jetbrains.kotlin.idea.maven.inspections.KotlinTestJUnitInspection
11654:             3             72  org.jetbrains.kotlin.idea.project.KotlinCodeBlockModificationListener$1
11655:             3             72  org.jetbrains.kotlin.idea.refactoring.move.changePackage.PackageDirectoryMismatchInspection
11656:             3             72  org.jetbrains.kotlin.idea.script.ScriptTemplatesFromCompilerSettingsProvider
11657:             3             72  org.jetbrains.kotlin.idea.spring.generate.SpringDependencyInjectionKind
11658:             3             72  org.jetbrains.kotlin.idea.spring.inspections.KotlinSpringComponentScanInspection
11659:             3             72  org.jetbrains.kotlin.idea.spring.inspections.KotlinSpringFacetCodeInspection
11660:             3             72  org.jetbrains.kotlin.idea.spring.inspections.SpringKotlinAutowiredMembersInspection
11661:             3             72  org.jetbrains.kotlin.idea.versions.UnsupportedAbiVersionNotificationPanelProvider
11662:             3             72  org.jetbrains.kotlin.load.java.BuiltinMethodsWithSpecialGenericSignature$TypeSafeBarrierDescription
11663:             3             72  org.jetbrains.kotlin.load.java.lazy.types.JavaTypeFlexibility
11664:             3             72  org.jetbrains.kotlin.load.java.typeEnhancement.NullabilityQualifier
11665:             3             72  org.jetbrains.kotlin.load.java.typeEnhancement.TypeComponentPosition
11666:             3             72  org.jetbrains.kotlin.name.State
11667:             3             72  org.jetbrains.kotlin.renderer.AnnotationArgumentsRenderingPolicy
11668:             3             72  org.jetbrains.kotlin.renderer.OverrideRenderingPolicy
11669:             3             72  org.jetbrains.kotlin.renderer.ParameterNameRenderingPolicy
11670:             3             72  org.jetbrains.kotlin.resolve.ExternalOverridabilityCondition$Contract
11671:             3             72  org.jetbrains.kotlin.resolve.OverridingUtil$OverrideCompatibilityInfo$Result
11672:             3             72  org.jetbrains.kotlin.resolve.scopes.SubstitutingScope$_allDescriptors$2
11673:             3             72  org.jetbrains.kotlin.resolve.scopes.receivers.ImplicitClassReceiver
11674:             3             72  org.jetbrains.kotlin.samWithReceiver.ide.IdeSamWithReceiverComponentContributor
11675:             3             72  org.jetbrains.kotlin.serialization.ProtoBuf$QualifiedNameTable$QualifiedName$Kind
11676:             3             72  org.jetbrains.kotlin.serialization.ProtoBuf$TypeParameter$Variance
11677:             3             72  org.jetbrains.kotlin.storage.LockBasedStorageManager$NotValue
11678:             3             72  org.jetbrains.kotlin.types.IndexedParametersSubstitution
11679:             3             72  org.jetbrains.kotlin.types.TypeSubstitutor$VarianceConflictType
11680:             3             72  org.jetbrains.kotlin.types.checker.CaptureStatus
11681:             3             72  org.jetbrains.kotlin.types.checker.TypeCheckerContext$LowerCapturedTypePolicy
11682:             3             72  org.jetbrains.kotlin.utils.Jsr305State$description$2
11683:             3             72  org.jetbrains.kotlin.utils.ReportLevel
11684:             3             72  org.jetbrains.lang.manifest.highlighting.MissingFinalNewlineInspection
11685:             3             72  org.jetbrains.plugins.cucumber.inspections.CucumberExamplesColonInspection
11686:             3             72  org.jetbrains.plugins.cucumber.inspections.CucumberMissedExamplesInspection
11687:             3             72  org.jetbrains.plugins.cucumber.inspections.CucumberStepInspection
11688:             3             72  org.jetbrains.plugins.cucumber.inspections.CucumberTableInspection
11689:             3             72  org.jetbrains.plugins.cucumber.inspections.GherkinBrokenTableInspection
11690:             3             72  org.jetbrains.plugins.cucumber.inspections.GherkinMisplacedBackgroundInspection
11691:             3             72  org.jetbrains.plugins.cucumber.java.inspections.CucumberJavaStepDefClassInDefaultPackageInspection
11692:             3             72  org.jetbrains.plugins.cucumber.java.inspections.CucumberJavaStepDefClassIsPublicInspections
11693:             3             72  org.jetbrains.plugins.github.util.GithubAuthData$AuthType
11694:             3             72  org.jetbrains.plugins.gradle.codeInspection.MultipleRepositoryUrlsInspection
11695:             3             72  org.jetbrains.plugins.gradle.compiler.GradleBuildProcessParametersProvider
11696:             3             72  org.jetbrains.plugins.gradle.config.GradleResourceCompilerConfigurationGenerator
11697:             3             72  org.jetbrains.plugins.gradle.execution.GradleBeforeRunTaskProvider
11698:             3             72  org.jetbrains.plugins.gradle.integrations.maven.MavenRepositoriesHolder
11699:             3             72  org.jetbrains.plugins.gradle.service.GradleBuildClasspathManager
11700:             3             72  org.jetbrains.plugins.gradle.service.project.GradleStartupActivity$1
11701:             3             72  org.jetbrains.plugins.gradle.service.project.data.ExternalProjectDataCache
11702:             3             72  org.jetbrains.plugins.gradle.settings.GradleLocalSettings
11703:             3             72  org.jetbrains.plugins.gradle.settings.GradleSystemRunningSettings$MyState
11704:             3             72  org.jetbrains.plugins.gradle.settings.GradleSystemRunningSettings$PreferredTestRunner
11705:             3             72  org.jetbrains.plugins.gradle.settings.GradleSystemSettings$MyState
11706:             3             72  org.jetbrains.plugins.grails.i18n.GrailsI18nInspection
11707:             3             72  org.jetbrains.plugins.grails.lang.gsp.GspTagInspection
11708:             3             72  org.jetbrains.plugins.groovy.annotator.intentions.dynamic.DynamicManagerImpl
11709:             3             72  org.jetbrains.plugins.groovy.codeInspection.GroovyUnusedDeclarationInspection
11710:             3             72  org.jetbrains.plugins.groovy.codeInspection.assignment.GroovyAssignabilityCheckInspection
11711:             3             72  org.jetbrains.plugins.groovy.codeInspection.assignment.GroovySillyAssignmentInspection
11712:             3             72  org.jetbrains.plugins.groovy.codeInspection.assignment.GroovyUncheckedAssignmentOfMemberOfRawTypeInspection
11713:             3             72  org.jetbrains.plugins.groovy.codeInspection.bugs.GrEqualsBetweenInconvertibleTypesInspection
11714:             3             72  org.jetbrains.plugins.groovy.codeInspection.bugs.GroovyAccessibilityInspection
11715:             3             72  org.jetbrains.plugins.groovy.codeInspection.bugs.GroovyConstructorNamedArgumentsInspection
11716:             3             72  org.jetbrains.plugins.groovy.codeInspection.bugs.GroovyDivideByZeroInspection
11717:             3             72  org.jetbrains.plugins.groovy.codeInspection.bugs.GroovyDocCheckInspection
11718:             3             72  org.jetbrains.plugins.groovy.codeInspection.bugs.GroovyInArgumentCheckInspection
11719:             3             72  org.jetbrains.plugins.groovy.codeInspection.bugs.GroovyInfiniteLoopStatementInspection
11720:             3             72  org.jetbrains.plugins.groovy.codeInspection.bugs.GroovyInfiniteRecursionInspection
11721:             3             72  org.jetbrains.plugins.groovy.codeInspection.bugs.GroovyLabeledStatementInspection
11722:             3             72  org.jetbrains.plugins.groovy.codeInspection.bugs.GroovyResultOfObjectAllocationIgnoredInspection
11723:             3             72  org.jetbrains.plugins.groovy.codeInspection.bugs.NewInstanceOfSingletonInspection
11724:             3             72  org.jetbrains.plugins.groovy.codeInspection.changeToMethod.ChangeToMethodInspection
11725:             3             72  org.jetbrains.plugins.groovy.codeInspection.changeToOperator.ChangeToOperatorInspection
11726:             3             72  org.jetbrains.plugins.groovy.codeInspection.confusing.ClashingTraitMethodsInspection
11727:             3             72  org.jetbrains.plugins.groovy.codeInspection.confusing.DelegatesToInspection
11728:             3             72  org.jetbrains.plugins.groovy.codeInspection.confusing.GrDeprecatedAPIUsageInspection
11729:             3             72  org.jetbrains.plugins.groovy.codeInspection.confusing.GrPackageInspection
11730:             3             72  org.jetbrains.plugins.groovy.codeInspection.confusing.GrReassignedInClosureLocalVarInspection
11731:             3             72  org.jetbrains.plugins.groovy.codeInspection.confusing.GrUnusedIncDecInspection
11732:             3             72  org.jetbrains.plugins.groovy.codeInspection.confusing.GroovyDoubleNegationInspection
11733:             3             72  org.jetbrains.plugins.groovy.codeInspection.confusing.GroovyEmptyStatementBodyInspection
11734:             3             72  org.jetbrains.plugins.groovy.codeInspection.confusing.GroovyGStringKeyInspection
11735:             3             72  org.jetbrains.plugins.groovy.codeInspection.confusing.GroovyPointlessBooleanInspection
11736:             3             72  org.jetbrains.plugins.groovy.codeInspection.confusing.UnnecessaryQualifiedReferenceInspection
11737:             3             72  org.jetbrains.plugins.groovy.codeInspection.control.GroovyConditionalWithIdenticalBranchesInspection
11738:             3             72  org.jetbrains.plugins.groovy.codeInspection.control.GroovyConstantConditionalInspection
11739:             3             72  org.jetbrains.plugins.groovy.codeInspection.control.GroovyConstantIfStatementInspection
11740:             3             72  org.jetbrains.plugins.groovy.codeInspection.control.GroovyFallthroughInspection
11741:             3             72  org.jetbrains.plugins.groovy.codeInspection.control.GroovyIfStatementWithIdenticalBranchesInspection
11742:             3             72  org.jetbrains.plugins.groovy.codeInspection.control.GroovyTrivialConditionalInspection
11743:             3             72  org.jetbrains.plugins.groovy.codeInspection.control.GroovyTrivialIfInspection
11744:             3             72  org.jetbrains.plugins.groovy.codeInspection.control.GroovyUnnecessaryContinueInspection
11745:             3             72  org.jetbrains.plugins.groovy.codeInspection.control.GroovyUnnecessaryReturnInspection
11746:             3             72  org.jetbrains.plugins.groovy.codeInspection.control.finalVar.GrFinalVariableAccessInspection
11747:             3             72  org.jetbrains.plugins.groovy.codeInspection.declaration.GrMethodMayBeStaticInspection
11748:             3             72  org.jetbrains.plugins.groovy.codeInspection.exception.GroovyUnusedCatchParameterInspection
11749:             3             72  org.jetbrains.plugins.groovy.codeInspection.noReturnMethod.MissingReturnInspection
11750:             3             72  org.jetbrains.plugins.groovy.codeInspection.resources.TypeCustomizerInspection
11751:             3             72  org.jetbrains.plugins.groovy.codeInspection.secondUnsafeCall.SecondUnsafeCallInspection
11752:             3             72  org.jetbrains.plugins.groovy.codeInspection.style.GrUnnecessaryAliasInspection
11753:             3             72  org.jetbrains.plugins.groovy.codeInspection.style.GrUnnecessaryDefModifierInspection
11754:             3             72  org.jetbrains.plugins.groovy.codeInspection.style.GrUnnecessaryPublicModifierInspection
11755:             3             72  org.jetbrains.plugins.groovy.codeInspection.style.GrUnnecessarySemicolonInspection
11756:             3             72  org.jetbrains.plugins.groovy.codeInspection.threading.GroovyAccessToStaticFieldLockedOnInstanceInspection
11757:             3             72  org.jetbrains.plugins.groovy.codeInspection.threading.GroovySynchronizationOnNonFinalFieldInspection
11758:             3             72  org.jetbrains.plugins.groovy.codeInspection.threading.GroovySynchronizationOnVariableInitializedWithLiteralInspection
11759:             3             72  org.jetbrains.plugins.groovy.codeInspection.threading.GroovyUnsynchronizedMethodOverridesSynchronizedMethodInspection
11760:             3             72  org.jetbrains.plugins.groovy.codeInspection.unassignedVariable.UnassignedVariableAccessInspection
11761:             3             72  org.jetbrains.plugins.groovy.codeInspection.untypedUnresolvedAccess.GrUnresolvedAccessInspection
11762:             3             72  org.jetbrains.plugins.groovy.codeInspection.unusedDef.UnusedDefInspection
11763:             3             72  org.jetbrains.plugins.groovy.codeInspection.validity.GroovyDuplicateSwitchBranchInspection
11764:             3             72  org.jetbrains.plugins.groovy.codeInspection.validity.GroovyUnreachableStatementInspection
11765:             3             72  org.jetbrains.plugins.groovy.compiler.GroovyCompilerLoader
11766:             3             72  org.jetbrains.plugins.groovy.config.ConfigureGroovyLibraryNotificationProvider
11767:             3             72  org.jetbrains.plugins.groovy.console.GroovyConsoleStateService
11768:             3             72  org.jetbrains.plugins.groovy.debugger.GroovyDebuggerSettings
11769:             3             72  org.jetbrains.plugins.groovy.gant.GantSettings
11770:             3             72  org.jetbrains.plugins.groovy.intentions.conversions.ClassNameDiffersFromFileNamePredicate
11771:             3             72  org.jetbrains.plugins.groovy.lang.parser.parsing.statements.expressions.ExpressionStatement$Result
11772:             3             72  org.jetbrains.plugins.groovy.lang.psi.api.types.CodeReferenceKind
11773:             3             72  org.jetbrains.plugins.groovy.lang.psi.patterns.GroovyAnnotationArgumentPattern$Capture
11774:             3             72  org.jetbrains.plugins.groovy.mvc.MvcFramework$$Lambda$1653/2052519735
11775:             3             72  org.jetbrains.plugins.groovy.transformations.singleton.SingletonConstructorInspection
11776:             3             72  org.jetbrains.plugins.haml.codeInsight.inspections.HamlNestedTagContentInspection
11777:             3             72  org.jetbrains.plugins.javaFX.css.inspections.JavaFxUnresolvedStyleClassReferenceInspection
11778:             3             72  org.jetbrains.plugins.javaFX.fxml.codeInsight.inspections.JavaFxColorRgbInspection
11779:             3             72  org.jetbrains.plugins.javaFX.fxml.codeInsight.inspections.JavaFxDefaultTagInspection
11780:             3             72  org.jetbrains.plugins.javaFX.fxml.codeInsight.inspections.JavaFxEventHandlerInspection
11781:             3             72  org.jetbrains.plugins.javaFX.fxml.codeInsight.inspections.JavaFxRedundantPropertyValueInspection
11782:             3             72  org.jetbrains.plugins.javaFX.fxml.codeInsight.inspections.JavaFxUnresolvedFxIdReferenceInspection
11783:             3             72  org.jetbrains.plugins.javaFX.fxml.codeInsight.inspections.JavaFxUnusedImportsInspection
11784:             3             72  org.jetbrains.plugins.javaFX.resources.JavaFxResourcePropertyValueInspection
11785:             3             72  org.jetbrains.plugins.less.inspections.LessResolvedByNameOnlyInspection
11786:             3             72  org.jetbrains.plugins.less.inspections.LessUnresolvedMixinInspection
11787:             3             72  org.jetbrains.plugins.less.inspections.LessUnresolvedVariableInspection
11788:             3             72  org.jetbrains.plugins.scss.inspections.SassScssResolvedByNameOnlyInspection
11789:             3             72  org.jetbrains.plugins.scss.inspections.SassScssUnresolvedMixinInspection
11790:             3             72  org.jetbrains.plugins.scss.inspections.SassScssUnresolvedPlaceholderSelectorInspection
11791:             3             72  org.jetbrains.plugins.scss.inspections.SassScssUnresolvedVariableInspection
11792:             3             72  org.jetbrains.settingsRepository.SyncType
11793:             3             72  org.osmorc.inspection.ClassInDefaultPackageInspection
11794:             3             72  org.osmorc.inspection.PackageAccessibilityInspection
11795:             3             72  org.osmorc.inspection.UnregisteredActivatorInspection
11796:             3             72  org.osmorc.inspection.WrongImportPackageInspection
11797:             3             72  org.osmorc.maven.inspection.NonOsgiMavenDependencyInspection
11798:             3             72  org.picocontainer.defaults.ComponentParameter
11799:             3             72  org.yaml.snakeyaml.DumperOptions$FlowStyle
11800:             1             72  org.zeroturnaround.javarebel.reporting.MixpanelMetrics
11801:             3             72  org.zeroturnaround.jrebel.client.metrics.DialogShowCause
11802:             3             72  org.zeroturnaround.jrebel.client.spi.JRebelClientSettings$SyncOnBuildState
11803:             3             72  org.zeroturnaround.jrebel.ide.common.notifications.NotificationEvent
11804:             3             72  org.zmlx.hg4idea.HgProjectSettings
11805:             3             72  org.zmlx.hg4idea.provider.HgChangeProvider
11806:             3             72  org.zmlx.hg4idea.provider.HgCommittedChangesProvider
11807:             3             72  org.zmlx.hg4idea.provider.update.HgUpdateEnvironment
11808:             3             72  org.zmlx.hg4idea.provider.update.HgUpdateType
11809:             3             72  sun.awt.AppContext$State
11810:             3             72  sun.awt.im.InputMethodLocator
11811:             1             72  sun.awt.shell.Win32ShellFolderManager2$ComInvoker
11812:             1             72  sun.awt.windows.WToolkit
11813:             3             72  sun.font.GlyphLayout$LayoutEngineKey
11814:             3             72  sun.font.SunLayoutEngine
11815:             3             72  sun.java2d.cmm.lcms.LCMSProfile$TagData
11816:             1             72  sun.java2d.marlin.Dasher$LengthIterator
11817:             3             72  sun.java2d.marlin.MarlinRenderingEngine$NormMode
11818:             3             72  sun.misc.FloatingDecimal$ExceptionalBinaryToASCIIBuffer
11819:             3             72  sun.misc.ObjectInputFilter$Status
11820:             3             72  sun.net.www.protocol.http.HttpURLConnection$TunnelState
11821:             3             72  sun.nio.ch.ThreadPool
11822:             1             72  sun.nio.ch.WindowsAsynchronousServerSocketChannelImpl
11823:             3             72  sun.rmi.transport.SequenceEntry
11824:             3             72  sun.security.provider.PolicyFile$PolicyEntry
11825:             3             72  sun.security.ssl.CipherSuite$CipherType
11826:             3             72  sun.security.ssl.CipherSuiteList
11827:             3             72  sun.swing.FilePane$DirectoriesFirstComparatorWrapper
11828:             1             72  sun.util.locale.provider.JRELocaleProviderAdapter
11829:             2             64  [Lcom.android.tools.idea.run.editor.DeployTargetProvider;
11830:             1             64  [Lcom.github.rjeschke.txtmark.BlockType;
11831:             2             64  [Lcom.google.wireless.android.sdk.stats.GradleSyncStats$Trigger;
11832:             1             64  [Lcom.intellij.codeInsight.editorActions.CopyPastePreProcessor;
11833:             1             64  [Lcom.intellij.codeInsight.editorActions.moveUpDown.StatementUpDownMover;
11834:             1             64  [Lcom.intellij.codeInsight.highlighting.ReadWriteAccessDetector;
11835:             1             64  [Lcom.intellij.codeInsight.navigation.actions.GotoDeclarationHandler;
11836:             1             64  [Lcom.intellij.codeInspection.lambdaToExplicit.LambdaAndExplicitMethodPair;
11837:             2             64  [Lcom.intellij.database.run.actions.ColumnFiltersGroup$FilterTemplate;
11838:             2             64  [Lcom.intellij.database.settings.UserPatterns$ParameterPattern;
11839:             1             64  [Lcom.intellij.debugger.impl.DebuggerSession$Event;
11840:             3             64  [Lcom.intellij.diagram.settings.DiagramConfigGroup;
11841:             2             64  [Lcom.intellij.dvcs.branch.DvcsSyncSettings$Value;
11842:             1             64  [Lcom.intellij.execution.junit.RuntimeConfigurationProducer;
11843:             2             64  [Lcom.intellij.execution.ui.layout.PlaceInGrid;
11844:             2             64  [Lcom.intellij.formatting.WrapImpl$Type;
11845:             2             64  [Lcom.intellij.ide.FileIconPatcher;
11846:             3             64  [Lcom.intellij.javaee.deployment.DeploymentMethod;
11847:             1             64  [Lcom.intellij.lang.java.parser.ExpressionParser$ExprType;
11848:             2             64  [Lcom.intellij.lang.javascript.flex.build.FlexBuildConfiguration$Type;
11849:             2             64  [Lcom.intellij.lang.javascript.psi.JSTestFileType;
11850:             2             64  [Lcom.intellij.lang.javascript.psi.JSVarStatement$VarKeyword;
11851:             2             64  [Lcom.intellij.openapi.compiler.CompilerMessageCategory;
11852:             2             64  [Lcom.intellij.openapi.diff.impl.ComparisonPolicy;
11853:             2             64  [Lcom.intellij.openapi.diff.impl.processing.HighlightMode;
11854:             2             64  [Lcom.intellij.openapi.editor.colors.impl.TextAttributesReader$FontStyle;
11855:             2             64  [Lcom.intellij.openapi.editor.impl.softwrap.SoftWrapAppliancePlaces;
11856:             2             64  [Lcom.intellij.openapi.fileEditor.FileDocumentSynchronizationVetoer;
11857:             1             64  [Lcom.intellij.openapi.fileEditor.impl.EditorTabTitleProvider;
11858:             2             64  [Lcom.intellij.openapi.paths.PathReferenceProvider;
11859:             2             64  [Lcom.intellij.openapi.roots.DependencyScope;
11860:             2             64  [Lcom.intellij.openapi.vcs.changes.conflicts.ChangelistConflictResolution;
11861:             2             64  [Lcom.intellij.openapi.wm.ToolWindowType;
11862:             2             64  [Lcom.intellij.openapi.wm.impl.IdeBackgroundUtil$Fill;
11863:             2             64  [Lcom.intellij.plugins.jboss.arquillian.configuration.container.ArquillianContainerKind;
11864:             3             64  [Lcom.intellij.psi.PsiImportList;
11865:             3             64  [Lcom.intellij.psi.PsiJavaCodeReferenceElement;
11866:             1             64  [Lcom.intellij.psi.Weigher;
11867:             2             64  [Lcom.intellij.psi.compiled.ClassFileDecompilers$Decompiler;
11868:             2             64  [Lcom.intellij.psi.css.impl.descriptor.value.CssGroupValue$Type;
11869:             2             64  [Lcom.intellij.psi.css.impl.util.table.CssTableValue$Type;
11870:             2             64  [Lcom.intellij.psi.css.index.CssSupportedFileTypesProvider;
11871:             1             64  [Lcom.intellij.psi.impl.PsiTreeChangeEventImpl$PsiEventType;
11872:             2             64  [Lcom.intellij.psi.impl.search.PsiSearchHelperImpl$Options;
11873:             1             64  [Lcom.intellij.psi.jsp.JspElementType$Kind;
11874:             2             64  [Lcom.intellij.spellchecker.SpellCheckerManager$DictionaryLevel;
11875:             2             64  [Lcom.intellij.spring.boot.model.autoconfigure.conditions.jam.ConditionalOnWebApplication$Type;
11876:             1             64  [Lcom.intellij.spring.index.SpringBeanIndexType;
11877:             2             64  [Lcom.intellij.struts.inplace.gutter.ClassAnnotator;
11878:             2             64  [Lcom.intellij.util.ThreeState;
11879:             2             64  [Lcom.intellij.util.ui.JBUI$ScaleType;
11880:             2             64  [Lcom.intellij.vaadin.templates.VaadinTemplateNames$ClientWidgetClassTemplate;
11881:             1             64  [Lcom.intellij.xdebugger.breakpoints.XBreakpointType;
11882:             2             64  [Lcom.intellij.xml.util.HTMLControls$TagState;
11883:             1             64  [Lcom.jetbrains.quirksmode.Browser;
11884:             2             64  [Lcom.sun.awt.AWTUtilities$Translucency;
11885:             2             64  [Lcom.sun.tools.javac.main.Option$OptionGroup;
11886:             2             64  [Lcom.zeroturnaround.http.proxy.ProxyType;
11887:             2             64  [Lde.plushnikov.intellij.plugin.processor.modifier.ModifierProcessor;
11888:             2             64  [Ljava.awt.Queue;
11889:             2             64  [Ljava.lang.ThreadGroup;
11890:             4             64  [Ljava.lang.annotation.Annotation;
11891:             2             64  [Ljava.lang.annotation.RetentionPolicy;
11892:             3             64  [Ljava.util.Iterator;
11893:             2             64  [Ljava.util.stream.Collector$Characteristics;
11894:             2             64  [Ljavax.swing.UIManager$LookAndFeelInfo;
11895:             2             64  [Ljavax.xml.bind.annotation.XmlAccessType;
11896:             2             64  [Ljavax.xml.bind.annotation.XmlNsForm;
11897:             2             64  [Lkotlin.DeprecationLevel;
11898:             2             64  [Lkotlin.annotation.AnnotationRetention;
11899:             2             64  [Lkotlin.reflect.KClass;
11900:             2             64  [Lkotlin.reflect.jvm.internal.impl.serialization.ProtoBuf$MemberKind;
11901:             2             64  [Lkotlin.reflect.jvm.internal.impl.serialization.ProtoBuf$Modality;
11902:             1             64  [Lnet.sf.cglib.proxy.Callback;
11903:             1             64  [Lorg.apache.commons.lang3.JavaVersion;
11904:             1             64  [Lorg.jetbrains.kotlin.resolve.checkers.DeclarationChecker;
11905:             2             64  [Lorg.jetbrains.kotlin.serialization.ProtoBuf$MemberKind;
11906:             2             64  [Lorg.jetbrains.kotlin.serialization.ProtoBuf$Modality;
11907:             2             64  [Lorg.jetbrains.org.objectweb.asm.Type;
11908:             2             64  [Lorg.jetbrains.plugins.github.util.GithubAuthData$AuthType;
11909:             1             64  [Lorg.jetbrains.plugins.gradle.service.project.GradleProjectResolverExtension;
11910:             1             64  [Lorg.zeroturnaround.common.options.Option;
11911:             1             64  [Lorg.zeroturnaround.javarebel.reporting.stats.repository.DailyFieldId;
11912:             1             64  [Lorg.zeroturnaround.jrebel.ide.common.notifications.NotificationType;
11913:             2             64  ch.qos.logback.classic.pattern.LevelConverter
11914:             2             64  ch.qos.logback.classic.pattern.LineSeparatorConverter
11915:             2             64  ch.qos.logback.classic.pattern.MessageConverter
11916:             2             64  ch.qos.logback.classic.pattern.ThreadConverter
11917:             1             64  ch.qos.logback.core.rolling.FixedWindowRollingPolicy
11918:             2             64  ch.qos.logback.core.util.CachingDateFormatter
11919:             1             64  ch.qos.logback.core.util.DefaultInvocationGate
11920:             2             64  cn.yiiguxing.plugin.translate.AppStorage
11921:             2             64  cn.yiiguxing.plugin.translate.BaiduTranslateSettings
11922:             2             64  cn.yiiguxing.plugin.translate.YoudaoTranslateSettings
11923:             4             64  com.android.sdklib.repository.generated.common.v1.IdDisplayType$JaxbAccessorF_display
11924:             2             64  com.android.tools.idea.fd.actions.HotswapAction
11925:             4             64  com.android.tools.idea.gradle.project.settings.AndroidStudioGradleProjectSettings
11926:             4             64  com.android.tools.idea.naveditor.scene.layout.ManualLayoutAlgorithm$LayoutPositions
11927:             2             64  com.ansorgit.plugins.bash.settings.BashProjectSettings
11928:             4             64  com.google.common.base.Splitter$1
11929:             1             64  com.google.common.cache.CacheStats
11930:             4             64  com.google.gson.TypeAdapter$1
11931:             2             64  com.google.gson.internal.bind.ReflectiveTypeAdapterFactory
11932:             2             64  com.google.gson.internal.bind.TreeTypeAdapter$SingleTypeFactory
11933:             2             64  com.google.protobuf.CodedOutputStream$ArrayEncoder
11934:             4             64  com.intellij.a.g.a.b
11935:             2             64  com.intellij.application.options.editor.CodeFoldingConfigurable
11936:             2             64  com.intellij.application.options.editor.WebEditorOptions
11937:             4             64  com.intellij.codeHighlighting.HighlightDisplayLevel$SingleColorIcon
11938:             4             64  com.intellij.codeInsight.CodeInsightWorkspaceSettings
11939:             4             64  com.intellij.codeInsight.ExpectedTypeUtil$ExpectedClassesFromSetProvider
11940:             4             64  com.intellij.codeInsight.JavaProjectCodeInsightSettings
11941:             4             64  com.intellij.codeInsight.TestFrameworks$$Lambda$4939/1984903167
11942:             4             64  com.intellij.codeInsight.daemon.impl.DaemonCodeAnalyzerImpl$2
11943:             4             64  com.intellij.codeInsight.daemon.impl.DaemonCodeAnalyzerImpl$UpdateRunnable
11944:             4             64  com.intellij.codeInsight.daemon.impl.HighlightingSessionImpl$$Lambda$1903/1837203568
11945:             4             64  com.intellij.codeInsight.daemon.impl.MarkerType$$Lambda$4440/809227675
11946:             4             64  com.intellij.codeInsight.daemon.impl.ShowAutoImportPass$$Lambda$2148/551604571
11947:             2             64  com.intellij.codeInsight.generation.GenerateGetterAndSetterHandler
11948:             1             64  com.intellij.codeInsight.hint.HintManagerImpl
11949:             4             64  com.intellij.codeInsight.template.impl.TemplateContext$1
11950:             4             64  com.intellij.codeInsight.template.postfix.templates.editable.JavaPostfixTemplateExpressionCondition$JavaPostfixTemplateBooleanExpressionCondition
11951:             4             64  com.intellij.codeInsight.template.postfix.templates.editable.JavaPostfixTemplateExpressionCondition$JavaPostfixTemplateNotPrimitiveTypeExpressionCondition
11952:             4             64  com.intellij.codeInsight.template.postfix.templates.editable.JavaPostfixTemplateExpressionCondition$JavaPostfixTemplateNumberExpressionCondition
11953:             2             64  com.intellij.codeInspection.AnonymousHasLambdaAlternativeInspection$AnonymousLambdaAlternative
11954:             4             64  com.intellij.codeInspection.RemoveInitializerFix
11955:             4             64  com.intellij.codeInspection.bytecodeAnalysis.AbstractValues$NotNullValue
11956:             2             64  com.intellij.compiler.CompileTaskBean
11957:             4             64  com.intellij.compiler.impl.ExitStatus
11958:             2             64  com.intellij.compiler.server.BuildManager$$Lambda$1460/727582829
11959:             4             64  com.intellij.concurrency.ApplierCompleter$$Lambda$3741/840326982
11960:             4             64  com.intellij.concurrency.ConcurrentHashMap$ValuesView
11961:             1             64  com.intellij.configurationStore.ModuleStateStorageManager$ModuleFileStorage
11962:             1             64  com.intellij.configurationStore.StoreAwareProjectManager
11963:             2             64  com.intellij.credentialStore.windows.W32API$DWORD
11964:             2             64  com.intellij.database.csv.CsvFormat
11965:             4             64  com.intellij.database.dataSource.DataSourceStorage$$Lambda$1310/616002385
11966:             4             64  com.intellij.database.model.LengthUnit
11967:             4             64  com.intellij.database.util.DbSqlUtil$$Lambda$2711/319524662
11968:             4             64  com.intellij.database.util.DbSqlUtil$$Lambda$2713/1443142716
11969:             2             64  com.intellij.database.util.TokenPatternCache
11970:             4             64  com.intellij.debugger.impl.DebuggerManagerImpl$1
11971:             4             64  com.intellij.debugger.memory.component.MemoryViewManagerState
11972:             2             64  com.intellij.debugger.streams.action.TraceStreamAction$SupportedLibrary
11973:             2             64  com.intellij.debugger.streams.lib.impl.ConcatOperation
11974:             2             64  com.intellij.debugger.streams.lib.impl.OrderBasedOperation
11975:             2             64  com.intellij.debugger.streams.lib.impl.ParallelOperation
11976:             2             64  com.intellij.debugger.streams.lib.impl.StandardLibrarySupport
11977:             4             64  com.intellij.debugger.streams.resolve.CollapseResolver
11978:             4             64  com.intellij.debugger.streams.trace.impl.interpret.CollectIdentityTraceInterpreter
11979:             2             64  com.intellij.diff.actions.ShowDiffAction
11980:             4             64  com.intellij.diff.impl.DiffSettingsHolder$SharedSettings
11981:             4             64  com.intellij.dmserver.artifacts.DMArtifactTypeBase$ByExtensionFilter
11982:             4             64  com.intellij.execution.filters.ExceptionExFilterFactory$MyFilter
11983:             4             64  com.intellij.execution.filters.UrlFilter
11984:             4             64  com.intellij.execution.filters.YourkitFilter
11985:             4             64  com.intellij.execution.startup.ProjectStartupLocalConfiguration
11986:             4             64  com.intellij.execution.startup.ProjectStartupSharedConfiguration
11987:             4             64  com.intellij.facet.impl.ProjectFacetManagerImpl$ProjectFacetManagerState
11988:             4             64  com.intellij.find.EditorSearchSession$$Lambda$5409/1905013432
11989:             4             64  com.intellij.find.EditorSearchSession$$Lambda$5411/409916264
11990:             4             64  com.intellij.find.EditorSearchSession$$Lambda$5412/863287948
11991:             4             64  com.intellij.find.EditorSearchSession$$Lambda$5413/1848334133
11992:             4             64  com.intellij.find.EditorSearchSession$1
11993:             4             64  com.intellij.find.EditorSearchSession$2
11994:             4             64  com.intellij.find.SearchReplaceComponent$11
11995:             4             64  com.intellij.find.SearchReplaceComponent$4
11996:             4             64  com.intellij.find.SearchReplaceComponent$6
11997:             4             64  com.intellij.find.SearchReplaceComponent$7
11998:             4             64  com.intellij.find.SearchReplaceComponent$8
11999:             4             64  com.intellij.find.impl.livePreview.LivePreviewController$$Lambda$5410/1028457241
12000:             4             64  com.intellij.find.impl.livePreview.LivePreviewController$1
12001:             4             64  com.intellij.freemarker.inspections.FtlErrorFilter
12002:             2             64  com.intellij.history.integration.IdeaGateway$VfsEventDispatchContext
12003:             4             64  com.intellij.html.HtmlLineMarkerProvider
12004:             4             64  com.intellij.htmltools.codeInspection.htmlInspections.HtmlLabelsHolder
12005:             2             64  com.intellij.ide.GeneratedSourceFileChangeTrackerImpl$1
12006:             2             64  com.intellij.ide.a.e$$Lambda$2370/1951910664
12007:             2             64  com.intellij.ide.browsers.chrome.ChromeSettings
12008:             1             64  com.intellij.ide.errorTreeView.ErrorTreeNodeDescriptor
12009:             4             64  com.intellij.ide.impl.ContentManagerWatcher$1
12010:             4             64  com.intellij.ide.impl.ContentManagerWatcher$2
12011:             4             64  com.intellij.ide.scratch.ScratchFileServiceImpl$Highlighter
12012:             4             64  com.intellij.ide.util.treeView.TreeState$$Lambda$2030/486629540
12013:             4             64  com.intellij.ide.util.treeView.TreeState$$Lambda$2031/1372636527
12014:             2             64  com.intellij.ide.util.treeView.TreeState$1
12015:             4             64  com.intellij.j2meplugin.module.ExcludeExplodedDirectoryPolicy
12016:             4             64  com.intellij.javaee.ExternalResourceManagerExImpl$$Lambda$574/1516624713
12017:             2             64  com.intellij.javaee.StandardResourceEP
12018:             2             64  com.intellij.javaee.artifact.JavaeeArtifactUtilImpl$ContainingArtifactsCachedValueProvider
12019:             1             64  com.intellij.javaee.web.facet.WebFacetImpl
12020:             4             64  com.intellij.javascript.nodejs.library.NodeModulesDirectoryManager$$Lambda$823/1184029042
12021:             4             64  com.intellij.javascript.nodejs.library.NodeModulesDirectoryManager$$Lambda$824/647303034
12022:             4             64  com.intellij.javascript.nodejs.library.NodeModulesExcludePolicy
12023:             2             64  com.intellij.javascript.nodejs.packageJson.PackageJsonDependenciesExternalUpdateManager
12024:             4             64  com.intellij.lang.cacheBuilder.WordOccurrence$Kind
12025:             4             64  com.intellij.lang.css.CssDialectPusher
12026:             2             64  com.intellij.lang.javascript.JSInjectionBracesUtil$$Lambda$3269/1241038681
12027:             4             64  com.intellij.lang.javascript.StringInterpolationErrorFilter
12028:             4             64  com.intellij.lang.javascript.buildTools.webpack.WebPackConfigManager$config$1
12029:             4             64  com.intellij.lang.javascript.buildTools.webpack.WebPackNotifier
12030:             4             64  com.intellij.lang.javascript.dialects.JSLanguageLevelPusher
12031:             4             64  com.intellij.lang.javascript.flex.FlexStackTraceFilter
12032:             2             64  com.intellij.lang.javascript.frameworks.webpack.WebpackConfigHighlightingInspection$1
12033:             4             64  com.intellij.lang.javascript.inspections.JSFunctionExpressionToArrowFunctionQuickFix
12034:             4             64  com.intellij.lang.javascript.inspections.JSSharedUsageInformation
12035:             2             64  com.intellij.lang.javascript.inspections.JSSuppressByCommentFix
12036:             4             64  com.intellij.lang.javascript.linter.tslint.execution.TsLintConfigFileSearcher
12037:             4             64  com.intellij.lang.javascript.parsing.modifiers.JSOrderedModifiersStructure
12038:             2             64  com.intellij.lang.javascript.psi.controlflow.instruction.JSLoopJunctionInstruction
12039:             4             64  com.intellij.lang.javascript.psi.ecmal4.impl.JSClassBase$$Lambda$4326/458961802
12040:             1             64  com.intellij.lang.javascript.psi.impl.JSLabeledStatementImpl
12041:             2             64  com.intellij.lang.typescript.library.TypeScriptServiceDirectoryWatcher
12042:             4             64  com.intellij.lang.typescript.settings.exclude.TypeScriptGeneratedFilesExcludePolicy
12043:             2             64  com.intellij.lang.typescript.tsconfig.TypeScriptConfigLibraryUpdater$1
12044:             1             64  com.intellij.lexer.__XmlLexer
12045:             4             64  com.intellij.openapi.actionSystem.Anchor
12046:             4             64  com.intellij.openapi.application.impl.ModalityStateEx
12047:             2             64  com.intellij.openapi.command.impl.FinishMarkAction
12048:             4             64  com.intellij.openapi.command.impl.FocusBasedCurrentEditorProvider
12049:             2             64  com.intellij.openapi.command.impl.StartMarkAction
12050:             2             64  com.intellij.openapi.editor.actions.DeleteToWordStartAction$Handler
12051:             4             64  com.intellij.openapi.editor.colors.impl.AbstractColorsScheme$$Lambda$477/854109958
12052:             1             64  com.intellij.openapi.editor.impl.event.DocumentEventImpl
12053:             4             64  com.intellij.openapi.externalSystem.service.execution.ExternalSystemRunConfiguration$1
12054:             4             64  com.intellij.openapi.externalSystem.service.project.manage.ExternalProjectsDataStorage$State
12055:             2             64  com.intellij.openapi.fileChooser.ex.FileTextFieldImpl$4
12056:             4             64  com.intellij.openapi.fileEditor.impl.IdeDocumentHistoryImpl$RecentlyChangedFilesState
12057:             4             64  com.intellij.openapi.fileTypes.FileTypeEditorHighlighterProviders$1
12058:             4             64  com.intellij.openapi.fileTypes.WildcardFileNameMatcher$SuffixMatcher
12059:             1             64  com.intellij.openapi.keymap.impl.keyGestures.KeyboardGestureProcessor
12060:             4             64  com.intellij.openapi.module.impl.ModuleManagerComponent$$Lambda$466/882483616
12061:             4             64  com.intellij.openapi.module.impl.UnloadedModulesListStorage
12062:             4             64  com.intellij.openapi.project.ExternalStorageConfigurationManager
12063:             2             64  com.intellij.openapi.roots.LanguageLevelState
12064:             2             64  com.intellij.openapi.roots.PersistentOrderRootType
12065:             4             64  com.intellij.openapi.roots.impl.DirectoryIndexImpl$1
12066:             4             64  com.intellij.openapi.roots.impl.DirectoryIndexImpl$2
12067:             4             64  com.intellij.openapi.roots.impl.DirectoryIndexImpl$3
12068:             4             64  com.intellij.openapi.roots.impl.ExcludeCompilerOutputPolicy
12069:             4             64  com.intellij.openapi.roots.impl.ProjectRootManagerComponent$1
12070:             4             64  com.intellij.openapi.roots.impl.ProjectRootManagerComponent$3
12071:             4             64  com.intellij.openapi.roots.impl.ProjectRootManagerComponent$4
12072:             4             64  com.intellij.openapi.roots.impl.ProjectRootManagerImpl$1
12073:             2             64  com.intellij.openapi.roots.impl.RootIndex$1
12074:             1             64  com.intellij.openapi.roots.impl.RootModelImpl
12075:             4             64  com.intellij.openapi.roots.ui.configuration.DefaultModulesProvider
12076:             4             64  com.intellij.openapi.roots.ui.configuration.actions.ModuleDeleteProvider
12077:             2             64  com.intellij.openapi.util.io.UniqueNameBuilder
12078:             2             64  com.intellij.openapi.util.io.UniqueNameBuilder$Node
12079:             4             64  com.intellij.openapi.vcs.VcsConfiguration$AddRemoveInBackgroundOption
12080:             4             64  com.intellij.openapi.vcs.VcsConfiguration$CheckoutInBackgroundOption
12081:             4             64  com.intellij.openapi.vcs.VcsConfiguration$CommitInBackgroundOption
12082:             4             64  com.intellij.openapi.vcs.VcsConfiguration$EditInBackgroundOption
12083:             4             64  com.intellij.openapi.vcs.VcsConfiguration$UpdateInBackgroundOption
12084:             2             64  com.intellij.openapi.vcs.changes.ChangeListManagerSerialization$RevisionSide
12085:             4             64  com.intellij.openapi.vcs.changes.VcsAnnotationLocalChangesListenerImpl$$Lambda$488/844669893
12086:             4             64  com.intellij.openapi.vcs.changes.VcsAnnotationLocalChangesListenerImpl$1
12087:             4             64  com.intellij.openapi.vcs.changes.ui.ChangesGroupingSupport$grouping$1$createGroupingPolicy$$inlined$sortedByDescending$1
12088:             4             64  com.intellij.openapi.vcs.ex.PartialLocalLineStatusTracker$1
12089:             4             64  com.intellij.openapi.vcs.ex.PartialLocalLineStatusTracker$MyBatchFileChangeListener
12090:             4             64  com.intellij.openapi.vcs.ex.PartialLocalLineStatusTracker$MyUndoCommandListener
12091:             4             64  com.intellij.openapi.vcs.ex.PartialLocalLineStatusTracker$MyUndoDocumentListener
12092:             1             64  com.intellij.openapi.vcs.ex.SimpleLocalLineStatusTracker
12093:             4             64  com.intellij.openapi.vcs.impl.ProjectLevelVcsManagerImpl$1
12094:             4             64  com.intellij.openapi.vcs.impl.ProjectLevelVcsManagerImpl$2
12095:             4             64  com.intellij.openapi.vcs.impl.projectlevelman.FileWatchRequestsManager$$Lambda$483/497678597
12096:             4             64  com.intellij.openapi.vcs.impl.projectlevelman.NewMappings$$Lambda$484/2058295286
12097:             4             64  com.intellij.openapi.vcs.impl.projectlevelman.ProjectLevelVcsManagerSerialization
12098:             4             64  com.intellij.openapi.vcs.readOnlyHandler.ReadonlyStatusHandlerImpl$State
12099:             4             64  com.intellij.openapi.vfs.impl.VirtualFilePointerManagerImpl$$Lambda$1987/334001550
12100:             4             64  com.intellij.openapi.wm.ToolWindowAnchor
12101:             1             64  com.intellij.openapi.wm.impl.FocusManagerImpl
12102:             2             64  com.intellij.openapi.wm.impl.FocusManagerImpl$$Lambda$781/471247677
12103:             2             64  com.intellij.openapi.wm.impl.status.InfoAndProgressPanel$MyInlineProgressIndicator$2
12104:             4             64  com.intellij.packageDependencies.DependencyValidationManagerImpl$$Lambda$472/974844859
12105:             2             64  com.intellij.patterns.CollectionPattern$4
12106:             4             64  com.intellij.patterns.XmlElementPattern$XmlTextPattern$1
12107:             4             64  com.intellij.plugins.jboss.arquillian.configuration.persistent.ArquillianContainersState
12108:             4             64  com.intellij.pom.tree.TreeAspect
12109:             4             64  com.intellij.pom.wrappers.PsiEventWrapperAspect
12110:             4             64  com.intellij.profile.codeInspection.ProjectInspectionProfileManager$skipDefaultsSerializationFilter$1
12111:             4             64  com.intellij.psi.css.impl.descriptor.value.CssValueDescriptorMapper$$Lambda$5387/705372726
12112:             4             64  com.intellij.psi.css.impl.util.completion.provider.CssAndOrKeywordsCompletionProvider
12113:             4             64  com.intellij.psi.filters.position.TargetNamespaceFilter
12114:             4             64  com.intellij.psi.impl.file.impl.FileManagerImpl$1
12115:             2             64  com.intellij.psi.impl.java.stubs.JavaPackageAccessibilityStatementElementType
12116:             4             64  com.intellij.psi.impl.source.PsiJavaFileBaseImpl$1
12117:             4             64  com.intellij.psi.impl.source.PsiJavaFileBaseImpl$1$1
12118:             2             64  com.intellij.psi.impl.source.resolve.reference.impl.providers.JspImportListReferenceProvider
12119:             2             64  com.intellij.psi.impl.source.tree.JavaElementType$TypeTextElementType
12120:             2             64  com.intellij.psi.search.GlobalSearchScope$NotScope
12121:             4             64  com.intellij.psi.search.scope.packageSet.NamedScopeManager$OrderState
12122:             2             64  com.intellij.psi.statistics.impl.StatisticsUnit
12123:             2             64  com.intellij.psi.templateLanguages.TemplateDataElementType
12124:             4             64  com.intellij.psi.templateLanguages.TemplateDataLanguagePusher
12125:             2             64  com.intellij.psi.util.PsiCacheKey
12126:             2             64  com.intellij.refactoring.introduce.inplace.InplaceVariableIntroducer$MyIntroduceLookupExpression
12127:             2             64  com.intellij.refactoring.introduceVariable.IntroduceVariableBase$6
12128:             2             64  com.intellij.spellchecker.state.CachedDictionaryState
12129:             4             64  com.intellij.spring.boot.options.SpringBootSettingsImpl
12130:             2             64  com.intellij.spring.boot.run.lifecycle.ServerConfigurationLiveProperty$MyApplicationServerConfiguration
12131:             2             64  com.intellij.spring.boot.run.lifecycle.SpringBootApplicationInfoImpl$$Lambda$3030/347010209
12132:             2             64  com.intellij.spring.boot.run.lifecycle.tabs.SpringBootEndpointsTabSettings$Settings
12133:             2             64  com.intellij.spring.facet.beans.CustomSetting$BOOLEAN
12134:             4             64  com.intellij.spring.model.jam.testContexts.converters.ApplicationContextReferenceConverter
12135:             4             64  com.intellij.spring.run.AutowireMethodFieldLinkFilter
12136:             4             64  com.intellij.spring.run.BeanNameFilter
12137:             4             64  com.intellij.spring.settings.SpringGeneralSettingsImpl
12138:             4             64  com.intellij.spring.web.mvc.model.SpringMVCModelImpl$1$1
12139:             4             64  com.intellij.spring.web.mvc.model.SpringMVCModelServiceImpl$$Lambda$4246/372384026
12140:             2             64  com.intellij.spring.webflow.model.impl.WebflowDomModelFactory
12141:             4             64  com.intellij.spring.webflow.navigation.WebflowRelatedItemLineMarkerProvider$MyRelatedDomItemProvider
12142:             4             64  com.intellij.spring.websocket.references.SpringMessagingReferenceProvider
12143:             4             64  com.intellij.sql.dialects.generic.GenericDialectErrorFilter
12144:             2             64  com.intellij.sql.editor.SqlEditorOptionsProvider
12145:             4             64  com.intellij.sql.psi.SqlDialectPusher
12146:             2             64  com.intellij.sql.psi.stubs.SqlUseDatabaseStatementElementType
12147:             2             64  com.intellij.struts.inplace.reference.PathReferenceAdapter
12148:             1             64  com.intellij.struts.inplace.reference.StrutsReferenceContributor
12149:             2             64  com.intellij.struts.inplace.reference.config.RolesReferenceProvider
12150:             2             64  com.intellij.struts2.dom.struts.model.StrutsModelFactory
12151:             2             64  com.intellij.tapestry.intellij.TapestryModuleSupportLoader$ModuleConfiguration
12152:             4             64  com.intellij.tasks.jira.jql.codeinsight.JqlCompletionContributor$2
12153:             4             64  com.intellij.testIntegration.BaseGenerateTestSupportMethodAction$MyHandler
12154:             4             64  com.intellij.ui.BalloonImpl$8
12155:             1             64  com.intellij.ui.BalloonLayoutImpl
12156:             4             64  com.intellij.ui.DeferredIconImpl$RepaintScheduler$$Lambda$1475/66146638
12157:             2             64  com.intellij.ui.DottedBorder
12158:             1             64  com.intellij.ui.IconDeferrerImpl$1
12159:             4             64  com.intellij.ui.ListenerUtil$$Lambda$1498/1036996131
12160:             4             64  com.intellij.ui.ListenerUtil$$Lambda$2760/51635943
12161:             2             64  com.intellij.ui.TableToolbarDecorator$1MoveRunnable
12162:             2             64  com.intellij.ui.components.ScrollPainter$SubtractColor
12163:             4             64  com.intellij.ui.components.labels.LinkLabel$2
12164:             4             64  com.intellij.ui.components.labels.LinkLabel$3
12165:             4             64  com.intellij.ui.components.labels.LinkLabel$MyMouseHandler
12166:             4             64  com.intellij.ui.table.TableView$1
12167:             4             64  com.intellij.ui.tabs.impl.singleRow.SingleRowLayout$$Lambda$1329/1848890587
12168:             2             64  com.intellij.uml.project.actions.ShowModuleCyclesAction
12169:             2             64  com.intellij.uml.project.actions.ShowPathsToModuleAction
12170:             2             64  com.intellij.util.IconUtil$2
12171:             4             64  com.intellij.util.MethodInvocator
12172:             2             64  com.intellij.util.SpinAllocator
12173:             4             64  com.intellij.util.concurrency.BoundedTaskExecutor$1
12174:             2             64  com.intellij.util.containers.FilteredTraverserBase$Cond
12175:             4             64  com.intellij.util.containers.JBIterator$CountDown
12176:             2             64  com.intellij.util.graph.DFSTBuilder$2$1$1
12177:             2             64  com.intellij.util.graph.DFSTBuilder$Tarjan$Frame
12178:             2             64  com.intellij.util.indexing.AdditionalIndexableFileSet
12179:             1             64  com.intellij.util.io.PagePool
12180:             1             64  com.intellij.util.io.PagePool$1
12181:             1             64  com.intellij.util.io.PagePool$2
12182:             2             64  com.intellij.util.lang.IntObjectHashMap
12183:             1             64  com.intellij.util.messages.impl.MessageBusImpl$RootBus
12184:             4             64  com.intellij.util.net.HttpConfigurable$$Lambda$164/905055472
12185:             4             64  com.intellij.util.ui.UIUtil$JBHtmlEditorKit$1
12186:             4             64  com.intellij.util.ui.tree.TreeUtil$$Lambda$2039/1459836907
12187:             4             64  com.intellij.util.xml.converters.values.BooleanValueConverter
12188:             4             64  com.intellij.util.xml.converters.values.CharacterValueConverter
12189:             4             64  com.intellij.util.xml.impl.RootDomParentStrategy
12190:             4             64  com.intellij.util.xmlb.SkipDefaultsSerializationFilter
12191:             2             64  com.intellij.vaadin.templates.VaadinTemplateNames
12192:             4             64  com.intellij.vcs.commit.CommitMessageInspectionProfile$CommitMessageInspectionToolSupplier
12193:             2             64  com.intellij.vcs.log.data.DataPack
12194:             2             64  com.intellij.vcs.log.data.RefsModel
12195:             4             64  com.intellij.vcs.log.data.index.VcsLogBigRepositoriesList$State
12196:             4             64  com.intellij.vcs.log.impl.VcsLogTabsProperties$State
12197:             4             64  com.intellij.velocity.inspections.VtlErrorFilter
12198:             2             64  com.intellij.velocity.psi.VtlCommentType
12199:             2             64  com.jediterm.terminal.TextStyle$1
12200:             1             64  com.jediterm.terminal.model.TerminalTextBuffer
12201:             4             64  com.jetbrains.jsonSchema.JsonSchemaMappingsProjectConfiguration$MyState
12202:             4             64  com.siyeh.ipp.modifiers.ModifierPredicate
12203:             4             64  com.siyeh.ipp.switchtoif.SwitchPredicate
12204:             4             64  com.sun.java.swing.plaf.windows.WindowsIconFactory$FrameButtonIcon
12205:             1             64  com.sun.java.swing.plaf.windows.WindowsLookAndFeel
12206:             2             64  com.sun.jmx.mbeanserver.DefaultMXBeanMappingFactory$CollectionMapping
12207:             2             64  com.sun.jna.Pointer$Opaque
12208:             2             64  com.sun.jna.platform.win32.WinNT$HRESULT
12209:             4             64  com.sun.proxy.$Proxy128
12210:             4             64  com.sun.proxy.$Proxy136
12211:             4             64  com.sun.proxy.$Proxy142
12212:             4             64  com.sun.proxy.$Proxy152
12213:             4             64  com.sun.proxy.$Proxy172
12214:             4             64  com.sun.proxy.$Proxy186
12215:             4             64  com.sun.proxy.$Proxy187
12216:             4             64  com.sun.proxy.$Proxy19
12217:             4             64  com.sun.proxy.$Proxy204
12218:             4             64  com.sun.proxy.$Proxy66
12219:             4             64  com.sun.proxy.$Proxy67
12220:             4             64  com.sun.proxy.$Proxy68
12221:             4             64  com.sun.proxy.$Proxy75
12222:             4             64  com.sun.proxy.$Proxy81
12223:             4             64  com.sun.proxy.$Proxy82
12224:             4             64  com.sun.proxy.$Proxy86
12225:             4             64  com.sun.proxy.$Proxy87
12226:             4             64  com.sun.proxy.$Proxy88
12227:             4             64  com.sun.proxy.$Proxy97
12228:             4             64  com.sun.tools.jdi.SharedMemoryTransportService
12229:             4             64  com.sun.xml.internal.bind.v2.model.impl.ModelBuilder$1
12230:             4             64  com.sun.xml.internal.bind.v2.model.impl.TypeInfoSetImpl$1
12231:             4             64  com.sun.xml.internal.bind.v2.runtime.IllegalAnnotationsException$Builder
12232:             4             64  com.theoryinpractice.testng.TestNGReferenceContributor$TestAnnotationFilter
12233:             2             64  com.zeroturnaround.http.ProxySelector
12234:             2             64  com.zeroturnaround.javarebel.idea.plugin.settings.JRebelSettings
12235:             4             64  com.zeroturnaround.javarebel.idea.plugin.settings.state.JRebelProjectProperties
12236:             2             64  dk.brics.automaton.Automaton
12237:             1             64  freemarker.core.IteratorBlock
12238:             2             64  freemarker.ext.beans.ClassIntrospectorBuilder
12239:             4             64  git4idea.config.GitSharedSettings$State
12240:             4             64  git4idea.repo.GitRepoInfo$BranchesComparingStrategy
12241:             1             64  git4idea.repo.GitUntrackedFilesHolder
12242:             2             64  gnu.trove.decorator.TIntObjectHashMapDecorator$1$1$1
12243:             2             64  io.netty.buffer.EmptyByteBuf
12244:             1             64  io.netty.buffer.PooledByteBufAllocator
12245:             2             64  io.netty.util.Signal$SignalConstant
12246:             2             64  io.netty.util.concurrent.DefaultThreadFactory
12247:             2             64  java.awt.DefaultFocusTraversalPolicy
12248:             1             64  java.awt.image.ColorConvertOp
12249:             2             64  java.io.FileNotFoundException
12250:             1             64  java.io.LineNumberReader
12251:             2             64  java.io.ObjectInputStream$HandleTable
12252:             2             64  java.io.ObjectInputStream$PeekInputStream
12253:             2             64  java.io.PrintStream
12254:             2             64  java.lang.ClassValue$Entry
12255:             2             64  java.lang.IllegalStateException
12256:             2             64  java.lang.VirtualMachineError
12257:             2             64  java.lang.ref.ReferenceQueue$Null
12258:             2             64  java.time.format.DateTimeFormatterBuilder$TextPrinterParser
12259:             2             64  java.time.temporal.IsoFields$Unit
12260:             2             64  java.util.EnumMap$EntryIterator
12261:             2             64  java.util.concurrent.CancellationException
12262:             4             64  java.util.concurrent.CountDownLatch
12263:             4             64  java.util.concurrent.SynchronousQueue$TransferStack
12264:             2             64  javax.swing.ActionPropertyChangeListener$OwnedWeakReference
12265:             1             64  javax.swing.MultiUIDefaults
12266:             2             64  javax.swing.border.BevelBorder
12267:             2             64  javax.swing.plaf.BorderUIResource$EmptyBorderUIResource
12268:             1             64  javax.swing.plaf.basic.BasicHTML$BasicEditorKit
12269:             2             64  javax.swing.plaf.metal.MetalLookAndFeel$AATextListener
12270:             2             64  javax.swing.text.DefaultEditorKit$BeginAction
12271:             2             64  javax.swing.text.DefaultEditorKit$EndAction
12272:             2             64  javax.swing.text.DefaultEditorKit$NextWordAction
12273:             2             64  javax.swing.text.DefaultEditorKit$PageAction
12274:             2             64  javax.swing.text.DefaultEditorKit$PreviousWordAction
12275:             4             64  javax.swing.text.DefaultStyledDocument$StyleChangeHandler
12276:             4             64  javax.swing.text.DefaultStyledDocument$StyleContextChangeHandler
12277:             4             64  javax.swing.text.JTextComponent$InputMethodRequestsHandler
12278:             4             64  javax.swing.text.StyleConstants
12279:             4             64  javax.swing.text.StyleConstants$FontConstants
12280:             2             64  javax.swing.text.html.HTMLEditorKit$BeginAction
12281:             2             64  javax.swing.text.html.HTMLEditorKit$NavigateLinkAction
12282:             2             64  kotlin.ranges.IntProgressionIterator
12283:             2             64  kotlin.reflect.jvm.internal.impl.builtins.BuiltInsBinaryVersion
12284:             1             64  kotlin.reflect.jvm.internal.impl.descriptors.impl.TypeParameterDescriptorImpl
12285:             2             64  kotlin.reflect.jvm.internal.impl.load.java.JvmBytecodeBinaryVersion
12286:             1             64  kotlin.reflect.jvm.internal.impl.serialization.deserialization.descriptors.DeserializedClassDescriptor$DeserializedClassMemberScope
12287:             1             64  kotlin.reflect.jvm.internal.impl.serialization.deserialization.descriptors.DeserializedPackageMemberScope
12288:             1             64  kotlin.reflect.jvm.internal.impl.serialization.jvm.JvmProtoBuf$StringTableTypes$Record
12289:             2             64  kotlin.reflect.jvm.internal.impl.types.ClassTypeConstructorImpl
12290:             1             64  kotlin.reflect.jvm.internal.impl.types.ErrorUtils$ErrorClassDescriptor
12291:             4             64  net.sourceforge.pmd.lang.java.symboltable.TypeSet$FullyQualifiedNameResolver
12292:             4             64  net.sourceforge.pmd.lang.java.symboltable.TypeSet$ImplicitImportResolver
12293:             4             64  net.sourceforge.pmd.lang.java.symboltable.TypeSet$PrimitiveTypeResolver
12294:             4             64  net.sourceforge.pmd.lang.java.symboltable.TypeSet$VoidResolver
12295:             4             64  net.sourceforge.pmd.util.TypeMap
12296:             1             64  org.apache.commons.collections.map.LRUMap
12297:             2             64  org.apache.log4j.varia.LevelRangeFilter
12298:             1             64  org.apache.velocity.runtime.directive.Foreach
12299:             4             64  org.apache.velocity.util.introspection.MethodMap
12300:             2             64  org.apache.xerces.impl.XMLEntityScanner
12301:             2             64  org.apache.xerces.impl.XMLVersionDetector
12302:             2             64  org.apache.xerces.impl.dtd.XMLElementDecl
12303:             1             64  org.apache.xerces.impl.xs.SchemaGrammar$XSAnyType
12304:             4             64  org.apache.xerces.jaxp.validation.ReadOnlyGrammarPool
12305:             2             64  org.apache.xerces.util.NamespaceSupport
12306:             2             64  org.ini4j.spi.BeanTool$BeanInvocationHandler
12307:             4             64  org.intellij.idea.lang.javascript.intention.number.JSConvertIntegerIntentionBase$ConvertPredicate
12308:             4             64  org.intellij.lang.regexp.inspection.EscapedMetaCharacterInspection$EscapedMetaCharacterVisitor
12309:             4             64  org.intellij.lang.regexp.inspection.OctalEscapeInspection$OctalEscapeVisitor
12310:             4             64  org.intellij.lang.xpath.completion.XPathCompletionContributor$9
12311:             4             64  org.intellij.plugins.intelliLang.Configuration$$Lambda$1929/981628256
12312:             4             64  org.intellij.plugins.intelliLang.inject.FrankensteinErrorFilter
12313:             2             64  org.intellij.plugins.xpathView.support.jaxen.PsiXPath
12314:             2             64  org.jaxen.ContextSupport
12315:             2             64  org.jaxen.expr.DefaultNameStep
12316:             4             64  org.jdom.output.Format$TextMode
12317:             2             64  org.jetbrains.idea.maven.importing.MavenSourceFoldersModuleExtension
12318:             4             64  org.jetbrains.idea.maven.project.MavenModificationTracker$1
12319:             2             64  org.jetbrains.idea.maven.project.MavenProjectsManager$3
12320:             2             64  org.jetbrains.idea.maven.server.MavenServerManager$State
12321:             2             64  org.jetbrains.io.BuiltInServer$1
12322:             4             64  org.jetbrains.jps.model.JpsElementChildRole
12323:             2             64  org.jetbrains.kotlin.KtNodeType$KtLeftBoundNodeType
12324:             2             64  org.jetbrains.kotlin.builtins.BuiltInsBinaryVersion
12325:             2             64  org.jetbrains.kotlin.builtins.BuiltInsInitializer
12326:             2             64  org.jetbrains.kotlin.builtins.KotlinBuiltIns$PackageFragments
12327:             2             64  org.jetbrains.kotlin.config.JvmTarget
12328:             2             64  org.jetbrains.kotlin.descriptors.NotFoundClasses
12329:             1             64  org.jetbrains.kotlin.descriptors.impl.TypeParameterDescriptorImpl
12330:             4             64  org.jetbrains.kotlin.idea.compiler.configuration.KotlinCompilerWorkspaceSettings
12331:             2             64  org.jetbrains.kotlin.idea.configuration.RepositoryDescription
12332:             2             64  org.jetbrains.kotlin.idea.decompiler.common.KotlinMetadataStubBuilder
12333:             2             64  org.jetbrains.kotlin.idea.findUsages.KotlinFindUsagesHandlerFactory
12334:             4             64  org.jetbrains.kotlin.idea.inspections.ExplicitThisInspection$buildVisitor$1
12335:             4             64  org.jetbrains.kotlin.idea.inspections.ImplicitThisInspection$buildVisitor$1
12336:             2             64  org.jetbrains.kotlin.idea.maven.actions.KotlinMavenExecutionProvider
12337:             2             64  org.jetbrains.kotlin.idea.versions.DeprecatedLibInfo
12338:             2             64  org.jetbrains.kotlin.idea.vfilefinder.KotlinMetadataFileIndex
12339:             2             64  org.jetbrains.kotlin.idea.vfilefinder.KotlinMetadataFilePackageIndex
12340:             1             64  org.jetbrains.kotlin.js.resolve.JsPlatformConfigurator
12341:             2             64  org.jetbrains.kotlin.load.java.JvmBytecodeBinaryVersion
12342:             2             64  org.jetbrains.kotlin.load.java.lazy.types.JavaTypeAttributes
12343:             4             64  org.jetbrains.kotlin.protobuf.ExtensionRegistryLite
12344:             1             64  org.jetbrains.kotlin.resolve.TargetPlatform$Common$platformConfigurator$1
12345:             1             64  org.jetbrains.kotlin.resolve.jvm.platform.JvmPlatformConfigurator
12346:             2             64  org.jetbrains.kotlin.types.ClassTypeConstructorImpl
12347:             1             64  org.jetbrains.kotlin.types.ErrorUtils$ErrorClassDescriptor
12348:             4             64  org.jetbrains.kotlin.types.TypeSubstitutor
12349:             2             64  org.jetbrains.kotlin.utils.JsMetadataVersion
12350:             2             64  org.jetbrains.osgi.jps.model.LibraryBundlificationRule
12351:             4             64  org.jetbrains.plugins.grails.util.GrailsPluginCondition
12352:             4             64  org.jetbrains.plugins.groovy.annotator.intentions.dynamic.elements.DRootElement
12353:             2             64  org.jetbrains.plugins.groovy.codeInspection.bugs.GrRemoveModifierFix
12354:             2             64  org.jetbrains.plugins.groovy.findUsages.GroovyFieldFindUsagesHandlerFactory
12355:             2             64  org.jetbrains.plugins.haml.psi.HamlWrapperTokenType
12356:             4             64  org.jetbrains.plugins.javaFX.indexing.JavaFxControllerClassIndex$MyInputFilter
12357:             2             64  org.jetbrains.plugins.sass.extensions.compass.CompassSettings
12358:             2             64  org.jetbrains.plugins.scss.psi.SassScssFileElementType
12359:             2             64  org.jetbrains.plugins.terminal.TerminalOptionsProvider$State
12360:             4             64  org.kohsuke.rngom.nc.AnyNameExceptNameClass
12361:             1             64  sun.awt.windows.WDropTargetContextPeer
12362:             1             64  sun.font.GlyphLayout
12363:             2             64  sun.java2d.cmm.lcms.LCMSProfile
12364:             1             64  sun.java2d.marlin.Curve
12365:             2             64  sun.java2d.marlin.TransformingPathConsumer2D$DeltaTransformFilter
12366:             2             64  sun.management.NotificationEmitterSupport$ListenerInfo
12367:             2             64  sun.misc.GC$LatencyRequest
12368:             2             64  sun.misc.SoftCache
12369:             4             64  sun.net.www.protocol.jar.Handler
12370:             2             64  sun.nio.ch.AllocatedNativeObject
12371:             2             64  sun.nio.ch.PollArrayWrapper
12372:             2             64  sun.nio.ch.WindowsSelectorImpl$SubSelector
12373:             2             64  sun.rmi.transport.DGCClient$EndpointEntry$RefEntry
12374:             2             64  sun.rmi.transport.DGCClient$EndpointEntry$RefEntry$PhantomLiveRef
12375:             2             64  sun.rmi.transport.StreamRemoteCall
12376:             4             64  sun.rmi.transport.Transport$$Lambda$2208/1316044048
12377:             2             64  sun.rmi.transport.Transport$1
12378:             4             64  sun.security.util.DisabledAlgorithmConstraints$Constraints
12379:             2             64  sun.security.x509.PolicyMappingsExtension
12380:             2             64  sun.security.x509.PrivateKeyUsageExtension
12381:             2             64  sun.swing.ImageCache$Entry
12382:             2             64  sun.util.locale.UnicodeLocaleExtension
12383:             1             64  sun.util.locale.provider.RuleBasedBreakIterator
12384:             1             56  [Lcom.google.gson.stream.JsonToken;
12385:             1             56  [Lcom.google.gson.stream.JsonToken;
12386:             1             56  [Lcom.intellij.cloudConfig.StatusInfo;
12387:             1             56  [Lcom.intellij.codeInsight.editorActions.CopyPastePostProcessor;
12388:             1             56  [Lcom.intellij.codeInspection.ProblemHighlightType;
12389:             1             56  [Lcom.intellij.codeInspection.reference.EntryPoint;
12390:             1             56  [Lcom.intellij.execution.filters.ConsoleFilterProvider;
12391:             3             56  [Lcom.intellij.execution.process.ProcessHandler;
12392:             2             56  [Lcom.intellij.ide.PasteProvider;
12393:             1             56  [Lcom.intellij.ide.b.u;
12394:             1             56  [Lcom.intellij.ide.navigationToolbar.NavBarKeyboardCommand;
12395:             1             56  [Lcom.intellij.ide.navigationToolbar.NavBarUpdateQueue$ID;
12396:             1             56  [Lcom.intellij.ide.navigationToolbar.ui.AbstractNavBarUI$ImageType;
12397:             1             56  [Lcom.intellij.ide.ui.search.SearchableOptionContributor;
12398:             1             56  [Lcom.intellij.javaee.ejb.role.EjbClassRoleEnum;
12399:             1             56  [Lcom.intellij.lang.documentation.DocumentationProvider;
12400:             2             56  [Lcom.intellij.lang.jvm.JvmClassKind;
12401:             2             56  [Lcom.intellij.openapi.editor.Editor;
12402:             2             56  [Lcom.intellij.openapi.util.Couple;
12403:             3             56  [Lcom.intellij.packaging.artifacts.Artifact;
12404:             1             56  [Lcom.intellij.patterns.compiler.PatternClassBean;
12405:             1             56  [Lcom.intellij.patterns.compiler.PatternCompilerImpl$State;
12406:             1             56  [Lcom.intellij.plugins.drools.lang.psi.util.processors.DroolsDeclarationsProcessor;
12407:             1             56  [Lcom.intellij.psi.css.browse.ColorDeclarationType;
12408:             1             56  [Lcom.intellij.psi.css.descriptor.CssElementDescriptor$CssVersion;
12409:             1             56  [Lcom.intellij.psi.impl.source.codeStyle.javadoc.JDTag;
12410:             2             56  [Lcom.intellij.psi.search.ScopeOptimizer;
12411:             2             56  [Lcom.intellij.spring.boot.application.metadata.SpringBootApplicationMetaConfigKey$AccessType;
12412:             1             56  [Lcom.intellij.spring.dom.SpringCustomNamespaces;
12413:             1             56  [Lcom.intellij.spring.factories.ObjectTypeResolver;
12414:             1             56  [Lcom.rover12421.exTENdS.syNCHRonIzEd.syNCHRonIzEd;
12415:             1             56  [Ljavassist.CtClass;
12416:             1             56  [Lkotlin.reflect.jvm.internal.impl.descriptors.annotations.AnnotationUseSiteTarget;
12417:             1             56  [Lkotlin.reflect.jvm.internal.impl.protobuf.WireFormat$JavaType;
12418:             1             56  [Lorg.apache.xerces.impl.dv.XSSimpleType;
12419:             1             56  [Lorg.apache.xerces.impl.xs.util.XInt;
12420:             1             56  [Lorg.intellij.lang.regexp.psi.RegExpBoundary$Type;
12421:             1             56  [Lorg.jetbrains.kotlin.descriptors.annotations.AnnotationUseSiteTarget;
12422:             1             56  [Lorg.jetbrains.kotlin.protobuf.WireFormat$JavaType;
12423:             1             56  [Lorg.jetbrains.kotlin.renderer.DescriptorRendererModifier;
12424:             1             56  [Lorg.jetbrains.kotlin.util.slicedMap.WritableSlice;
12425:             2             56  [Lorg.zeroturnaround.bundled.org.bouncycastle.asn1.ASN1ObjectIdentifier;
12426:             1             56  [Lorg.zeroturnaround.javarebel.LicenceType;
12427:             1             56  [Lsun.util.logging.PlatformLogger$Level;
12428:             1             56  [[Lsun.awt.SunHints$Value;
12429:             1             56  com.alibaba.p3c.pmd.lang.java.util.namelist.NameListServiceImpl$LinkedProperties
12430:             1             56  com.android.repository.impl.meta.RepositoryPackages
12431:             1             56  com.android.tools.idea.dom.xml.PathsDomFileDescription
12432:             1             56  com.intellij.a.g.a.a
12433:             1             56  com.intellij.codeHighlighting.HighlightDisplayLevel$MyColorIcon
12434:             1             56  com.intellij.codeInsight.daemon.impl.DefaultHighlightInfoProcessor$$Lambda$1910/2111427184
12435:             1             56  com.intellij.configurationStore.DefaultProjectStorage
12436:             1             56  com.intellij.database.dataSource.DataSourceStorage$App
12437:             1             56  com.intellij.database.dataSource.srcStorage.backend.DbSrcBackendUtils$1
12438:             1             56  com.intellij.find.findUsages.UsageHistory$1
12439:             1             56  com.intellij.find.impl.FindManagerImpl
12440:             1             56  com.intellij.ide.actionMacro.ActionMacroManager
12441:             1             56  com.intellij.ide.actions.SmartPopupActionGroup
12442:             1             56  com.intellij.ide.fileTemplates.impl.ExportableFileTemplateSettings
12443:             1             56  com.intellij.idea.RareLogger$1
12444:             1             56  com.intellij.javaee.oss.geronimo.server.GeronimoAppDescription
12445:             1             56  com.intellij.javaee.oss.geronimo.server.GeronimoEjbDescription
12446:             1             56  com.intellij.javaee.oss.geronimo.server.GeronimoWebDescription
12447:             1             56  com.intellij.javaee.oss.glassfish.server.GlassfishCmpDescription
12448:             1             56  com.intellij.javaee.oss.glassfish.server.GlassfishOracleAppDescription
12449:             1             56  com.intellij.javaee.oss.glassfish.server.GlassfishOracleEjbDescription
12450:             1             56  com.intellij.javaee.oss.glassfish.server.GlassfishOracleWebDescription
12451:             1             56  com.intellij.javaee.oss.glassfish.server.GlassfishSunAppDescription
12452:             1             56  com.intellij.javaee.oss.glassfish.server.GlassfishSunEjbDescription
12453:             1             56  com.intellij.javaee.oss.glassfish.server.GlassfishSunWebDescription
12454:             1             56  com.intellij.javaee.oss.jboss.server.JBossAppDescription
12455:             1             56  com.intellij.javaee.oss.jboss.server.JBossCmpDescription
12456:             1             56  com.intellij.javaee.oss.jboss.server.JBossEjbDescription
12457:             1             56  com.intellij.javaee.oss.jboss.server.JBossWebDescription
12458:             1             56  com.intellij.lang.javascript.linter.eslint.service.ESLintLanguageService
12459:             1             56  com.intellij.lang.javascript.linter.eslint.service.StandardJSService
12460:             1             56  com.intellij.lang.javascript.linter.tslint.service.TsLintLanguageService
12461:             1             56  com.intellij.openapi.editor.impl.FontFallbackIterator
12462:             1             56  com.intellij.openapi.editor.impl.event.EditorEventMulticasterImpl
12463:             1             56  com.intellij.openapi.externalSystem.service.project.autoimport.ExternalSystemProjectsWatcherImpl
12464:             1             56  com.intellij.openapi.keymap.impl.IdeKeyEventDispatcher
12465:             1             56  com.intellij.openapi.roots.impl.ModuleJdkOrderEntryImpl
12466:             1             56  com.intellij.openapi.util.JDOMUtil$2
12467:             1             56  com.intellij.openapi.vcs.actions.VcsGroupsWrapper
12468:             1             56  com.intellij.openapi.vfs.impl.jar.BasicJarHandler$1
12469:             1             56  com.intellij.openapi.vfs.impl.local.NativeFileWatcherImpl
12470:             1             56  com.intellij.openapi.vfs.newvfs.RefreshSessionImpl
12471:             1             56  com.intellij.openapi.vfs.newvfs.impl.UserDataInterner$1
12472:             1             56  com.intellij.openapi.vfs.newvfs.persistent.PersistentFSImpl$2
12473:             1             56  com.intellij.openapi.wm.impl.IdeMenuBar$MyAnimator
12474:             1             56  com.intellij.openapi.wm.impl.ProjectWindowActionGroup
12475:             1             56  com.intellij.openapi.wm.impl.WindowManagerImpl
12476:             1             56  com.intellij.psi.impl.source.tree.java.PsiDoWhileStatementImpl
12477:             1             56  com.intellij.psi.impl.source.tree.java.TypeParameterElement
12478:             1             56  com.intellij.sql.dialects.db2.Db2Dialect
12479:             1             56  com.intellij.sql.dialects.derby.DerbyDialect
12480:             1             56  com.intellij.sql.dialects.exasol.ExasolDialect
12481:             1             56  com.intellij.sql.dialects.generic.GenericDialect
12482:             1             56  com.intellij.sql.dialects.h2.H2Dialect
12483:             1             56  com.intellij.sql.dialects.hsqldb.HsqldbDialect
12484:             1             56  com.intellij.sql.dialects.mssql.MssqlDialect
12485:             1             56  com.intellij.sql.dialects.mysql.MysqlDialect
12486:             1             56  com.intellij.sql.dialects.oracle.OracleDialect
12487:             1             56  com.intellij.sql.dialects.oracle.plus.OrapDialect
12488:             1             56  com.intellij.sql.dialects.postgres.PostgresDialect
12489:             1             56  com.intellij.sql.dialects.postgres.PostgresDialect$PlDialect
12490:             1             56  com.intellij.sql.dialects.redshift.RedshiftDialect
12491:             1             56  com.intellij.sql.dialects.sql92.Sql92Dialect
12492:             1             56  com.intellij.sql.dialects.sqlite.SqliteDialect
12493:             1             56  com.intellij.sql.dialects.sybase.SybaseDialect
12494:             1             56  com.intellij.struts.ValidatorDomFactory
12495:             1             56  com.intellij.struts.dom.StrutsDomFileDescription
12496:             1             56  com.intellij.struts.dom.TilesDomFileDescription
12497:             1             56  com.intellij.struts.dom.ValidatorDomFileDescription
12498:             1             56  com.intellij.tapestry.core.TapestryProject
12499:             1             56  com.intellij.ui.stripe.ErrorStripePainter
12500:             1             56  com.intellij.uiDesigner.GuiDesignerConfigurable$1
12501:             1             56  com.intellij.util.JdomKt$getSaxBuilder$1
12502:             1             56  com.intellij.util.PausesStat
12503:             1             56  com.intellij.util.containers.ConcurrentIntObjectHashMap$EntryIterator
12504:             1             56  com.intellij.util.containers.ConcurrentIntObjectHashMap$ValueIterator
12505:             1             56  com.intellij.util.graph.DFSTBuilder$Tarjan
12506:             1             56  com.intellij.util.indexing.FileBasedIndexImpl$ChangedFilesCollector
12507:             1             56  com.intellij.util.indexing.FileContentImpl
12508:             1             56  com.intellij.util.io.PagedFileStorage$StorageLock
12509:             1             56  com.intellij.util.io.PagedFileStorage$StorageLock$1
12510:             1             56  com.intellij.vcs.log.data.VcsLogRefresherImpl
12511:             1             56  com.intellij.vcs.log.graph.GraphColorManagerImpl$HeadsComparator$1
12512:             1             56  com.jetbrains.ls.data.LicenseData
12513:             1             56  com.sun.tools.javac.main.Option$1
12514:             1             56  com.sun.tools.javac.main.Option$10
12515:             1             56  com.sun.tools.javac.main.Option$11
12516:             1             56  com.sun.tools.javac.main.Option$12
12517:             1             56  com.sun.tools.javac.main.Option$13
12518:             1             56  com.sun.tools.javac.main.Option$14
12519:             1             56  com.sun.tools.javac.main.Option$15
12520:             1             56  com.sun.tools.javac.main.Option$16
12521:             1             56  com.sun.tools.javac.main.Option$17
12522:             1             56  com.sun.tools.javac.main.Option$18
12523:             1             56  com.sun.tools.javac.main.Option$19
12524:             1             56  com.sun.tools.javac.main.Option$2
12525:             1             56  com.sun.tools.javac.main.Option$20
12526:             1             56  com.sun.tools.javac.main.Option$21
12527:             1             56  com.sun.tools.javac.main.Option$22
12528:             1             56  com.sun.tools.javac.main.Option$23
12529:             1             56  com.sun.tools.javac.main.Option$24
12530:             1             56  com.sun.tools.javac.main.Option$25
12531:             1             56  com.sun.tools.javac.main.Option$26
12532:             1             56  com.sun.tools.javac.main.Option$27
12533:             1             56  com.sun.tools.javac.main.Option$3
12534:             1             56  com.sun.tools.javac.main.Option$4
12535:             1             56  com.sun.tools.javac.main.Option$5
12536:             1             56  com.sun.tools.javac.main.Option$6
12537:             1             56  com.sun.tools.javac.main.Option$7
12538:             1             56  com.sun.tools.javac.main.Option$8
12539:             1             56  com.sun.tools.javac.main.Option$9
12540:             1             56  freemarker.core.ConditionalBlock
12541:             1             56  git4idea.repo.GitRepositoryImpl
12542:             1             56  git4idea.status.GitNewChangesCollector
12543:             1             56  io.netty.util.concurrent.GlobalEventExecutor
12544:             1             56  io.netty.util.concurrent.ScheduledFutureTask
12545:             1             56  java.io.ObjectOutputStream
12546:             1             56  java.lang.invoke.LambdaFormEditor$Transform
12547:             1             56  java.nio.StringCharBuffer
12548:             1             56  java.security.cert.PKIXBuilderParameters
12549:             1             56  java.util.logging.LogManager
12550:             1             56  java.util.zip.Deflater
12551:             1             56  java.util.zip.ZipFile$ZipFileInflaterInputStream
12552:             1             56  kotlin.reflect.jvm.internal.impl.builtins.BuiltInSerializerProtocol
12553:             1             56  kotlin.reflect.jvm.internal.impl.descriptors.impl.ModuleDescriptorImpl
12554:             1             56  org.apache.commons.logging.impl.WeakHashtable
12555:             1             56  org.apache.http.impl.client.InternalHttpClient
12556:             1             56  org.apache.http.impl.execchain.MainClientExec
12557:             1             56  org.apache.http.impl.io.SessionInputBufferImpl
12558:             1             56  org.jetbrains.android.actions.CreateResourceFileActionGroup
12559:             1             56  org.jetbrains.android.dom.animation.fileDescriptions.GridLayoutAnimationControllerDomFileDescription
12560:             1             56  org.jetbrains.android.dom.animation.fileDescriptions.InterpolatorDomFileDescription
12561:             1             56  org.jetbrains.android.dom.animation.fileDescriptions.LayoutAnimationControllerDomFileDescription
12562:             1             56  org.jetbrains.android.dom.animation.fileDescriptions.TweenAlphaFileDescription
12563:             1             56  org.jetbrains.android.dom.animation.fileDescriptions.TweenRotateFileDescription
12564:             1             56  org.jetbrains.android.dom.animation.fileDescriptions.TweenScaleFileDescription
12565:             1             56  org.jetbrains.android.dom.animation.fileDescriptions.TweenSetFileDescription
12566:             1             56  org.jetbrains.android.dom.animation.fileDescriptions.TweenTranslateFileDescription
12567:             1             56  org.jetbrains.android.dom.animator.fileDescriptions.AnimatorDomFileDescription
12568:             1             56  org.jetbrains.android.dom.animator.fileDescriptions.AnimatorSetDomFileDescription
12569:             1             56  org.jetbrains.android.dom.animator.fileDescriptions.AnimatorStateListDomFileDescription
12570:             1             56  org.jetbrains.android.dom.animator.fileDescriptions.ObjectAnimatorDomFileDescription
12571:             1             56  org.jetbrains.android.dom.color.ColorDomFileDescription
12572:             1             56  org.jetbrains.android.dom.drawable.fileDescriptions.AdaptiveIconDomFileDescription
12573:             1             56  org.jetbrains.android.dom.drawable.fileDescriptions.AnimatedRotateDomFileDescription
12574:             1             56  org.jetbrains.android.dom.drawable.fileDescriptions.AnimatedStateListDomFileDescription
12575:             1             56  org.jetbrains.android.dom.drawable.fileDescriptions.AnimatedVectorDomFileDescription
12576:             1             56  org.jetbrains.android.dom.drawable.fileDescriptions.AnimationListDomFileDescription
12577:             1             56  org.jetbrains.android.dom.drawable.fileDescriptions.BitmapDomFileDescription
12578:             1             56  org.jetbrains.android.dom.drawable.fileDescriptions.ClipDomFileDescription
12579:             1             56  org.jetbrains.android.dom.drawable.fileDescriptions.ColorDrawableDomFileDescription
12580:             1             56  org.jetbrains.android.dom.drawable.fileDescriptions.CustomDrawableDomFileDescription
12581:             1             56  org.jetbrains.android.dom.drawable.fileDescriptions.DrawableStateListDomFileDescription
12582:             1             56  org.jetbrains.android.dom.drawable.fileDescriptions.InsetDomFileDescription
12583:             1             56  org.jetbrains.android.dom.drawable.fileDescriptions.LayerListDomFileDescription
12584:             1             56  org.jetbrains.android.dom.drawable.fileDescriptions.LevelListDomFileDescription
12585:             1             56  org.jetbrains.android.dom.drawable.fileDescriptions.NinePatchDomFileDescription
12586:             1             56  org.jetbrains.android.dom.drawable.fileDescriptions.RippleDomFileDescription
12587:             1             56  org.jetbrains.android.dom.drawable.fileDescriptions.RotateDomFileDescription
12588:             1             56  org.jetbrains.android.dom.drawable.fileDescriptions.ScaleDomFileDescription
12589:             1             56  org.jetbrains.android.dom.drawable.fileDescriptions.ShapeDomFileDescription
12590:             1             56  org.jetbrains.android.dom.drawable.fileDescriptions.VectorDomFileDescription
12591:             1             56  org.jetbrains.android.dom.font.FontFamilyDomFileDescription
12592:             1             56  org.jetbrains.android.dom.layout.DataBindingDomFileDescription
12593:             1             56  org.jetbrains.android.dom.layout.FragmentLayoutDomFileDescription
12594:             1             56  org.jetbrains.android.dom.layout.ViewLayoutDomFileDescription
12595:             1             56  org.jetbrains.android.dom.menu.MenuDomFileDescription
12596:             1             56  org.jetbrains.android.dom.navigation.NavigationDomFileDescription
12597:             1             56  org.jetbrains.android.dom.raw.RawDomFileDescription
12598:             1             56  org.jetbrains.android.dom.transition.TransitionDomFileDescription
12599:             1             56  org.jetbrains.android.dom.transitionManager.TransitionManagerDomFileDescription
12600:             1             56  org.jetbrains.android.dom.xml.XmlResourceDomFileDescription
12601:             1             56  org.jetbrains.kotlin.builtins.BuiltInSerializerProtocol
12602:             1             56  org.jetbrains.kotlin.serialization.js.JsSerializerProtocol
12603:             1             56  org.jetbrains.settingsRepository.IcsManager
12604:             1             56  org.zeroturnaround.jrebel.client.licensing.Watcher
12605:             1             56  sun.awt.AppContext
12606:             1             56  sun.awt.TimedWindowEvent
12607:             1             56  sun.awt.im.ExecutableInputMethodManager
12608:             1             56  sun.awt.windows.WClipboard
12609:             1             56  sun.java2d.NullSurfaceData
12610:             1             56  sun.rmi.runtime.Log$InternalStreamHandler
12611:             1             56  sun.text.normalizer.UCharacterProperty
12612:             3             48  [Lch.qos.logback.core.filter.Filter;
12613:             1             48  [Lcom.android.tools.idea.res.ResourceHelper$UnitEntry;
12614:             1             48  [Lcom.google.protobuf.GeneratedMessageLite$MethodToInvoke;
12615:             2             48  [Lcom.intellij.beanValidation.highlighting.checkers.BvChecker;
12616:             2             48  [Lcom.intellij.codeInsight.daemon.impl.analysis.XmlNSColorProvider;
12617:             1             48  [Lcom.intellij.codeInsight.daemon.impl.quickfix.WrapWithAdapterMethodCallFix$Wrapper;
12618:             2             48  [Lcom.intellij.codeInsight.generation.PsiElementClassMember;
12619:             2             48  [Lcom.intellij.codeInsight.runner.JavaMainMethodProvider;
12620:             2             48  [Lcom.intellij.codeInspection.bulkOperation.BulkMethodInfo;
12621:             1             48  [Lcom.intellij.codeInspection.bytecodeAnalysis.Value;
12622:             2             48  [Lcom.intellij.codeInspection.dataFlow.Nullness;
12623:             1             48  [Lcom.intellij.codeInspection.dataFlow.value.DfaRelationValue$RelationType;
12624:             2             48  [Lcom.intellij.compiler.CompileTaskBean$CompileTaskExecutionPhase;
12625:             1             48  [Lcom.intellij.database.autoconfig.DataSourceDetector;
12626:             2             48  [Lcom.intellij.database.csv.CsvRecordFormat$Quotes;
12627:             2             48  [Lcom.intellij.diagram.VisibilityLevel;
12628:             2             48  [Lcom.intellij.diagram.actions.DiagramNodeIntentionAction;
12629:             1             48  [Lcom.intellij.diff.DiffTool;
12630:             2             48  [Lcom.intellij.formatting.Alignment$Anchor;
12631:             3             48  [Lcom.intellij.ide.errorTreeView.ErrorTreeElement;
12632:             1             48  [Lcom.intellij.ide.favoritesTreeView.FavoriteNodeProvider;
12633:             1             48  [Lcom.intellij.ide.macro.Macro;
12634:             1             48  [Lcom.intellij.ide.projectView.ProjectViewNestingRulesProvider;
12635:             1             48  [Lcom.intellij.javaee.facet.DescriptorMetaDataProvider;
12636:             1             48  [Lcom.intellij.javaee.toolwindow.view.JavaeeViewFrameworkProvider;
12637:             2             48  [Lcom.intellij.lang.ExternalAnnotatorsFilter;
12638:             1             48  [Lcom.intellij.lang.ecmascript6.psi.impl.ES6ImportPsiUtil$ImportExportType;
12639:             2             48  [Lcom.intellij.lang.javascript.buildTools.base.JsbtSortingMode;
12640:             1             48  [Lcom.intellij.lang.javascript.documentation.JSQuickNavigateBuilder$ObjectKind;
12641:             2             48  [Lcom.intellij.lang.javascript.highlighting.JSSpellcheckerProvider;
12642:             1             48  [Lcom.intellij.lang.javascript.linter.JSLinterDescriptor;
12643:             1             48  [Lcom.intellij.lang.javascript.psi.JSTypeUtils$OverloadPriority;
12644:             3             48  [Lcom.intellij.lang.jvm.facade.JvmElementProvider;
12645:             1             48  [Lcom.intellij.lexer.EmbeddedTokenTypesProvider;
12646:             3             48  [Lcom.intellij.openapi.compiler.CompilerFactory;
12647:             2             48  [Lcom.intellij.openapi.components.StorageScheme;
12648:             1             48  [Lcom.intellij.openapi.editor.HectorComponentPanelsProvider;
12649:             1             48  [Lcom.intellij.openapi.editor.markup.EffectType;
12650:             1             48  [Lcom.intellij.openapi.options.FontSize;
12651:             2             48  [Lcom.intellij.openapi.project.Project;
12652:             1             48  [Lcom.intellij.openapi.vcs.changes.FileHolder$HolderType;
12653:             1             48  [Lcom.intellij.openapi.vcs.impl.VcsInitObject;
12654:             2             48  [Lcom.intellij.openapi.vfs.local.PluggableFileWatcher;
12655:             1             48  [Lcom.intellij.packaging.artifacts.ArtifactPropertiesProvider;
12656:             1             48  [Lcom.intellij.play.utils.processors.PlayDeclarationsProcessor;
12657:             1             48  [Lcom.intellij.psi.PsiPrimitiveType;
12658:             1             48  [Lcom.intellij.psi.css.CssAttribute$OperatorType;
12659:             1             48  [Lcom.intellij.psi.impl.source.codeStyle.javadoc.JDParser$TagParser;
12660:             2             48  [Lcom.intellij.psi.scope.PsiConflictResolver;
12661:             2             48  [Lcom.intellij.psi.stubsHierarchy.StubHierarchyIndexer;
12662:             1             48  [Lcom.intellij.spring.boot.application.metadata.RelaxedNames$Manipulation;
12663:             1             48  [Lcom.intellij.ui.layout.LCFlags;
12664:             2             48  [Lcom.intellij.ui.paint.LinePainter2D$Align;
12665:             2             48  [Lcom.intellij.util.indexing.StorageException;
12666:             2             48  [Lcom.intellij.util.xml.highlighting.DomCustomAnnotationChecker;
12667:             2             48  [Lcom.intellij.util.xmlb.annotations.Property$Style;
12668:             2             48  [Lcom.intellij.util.xmlb.annotations.XCollection$Style;
12669:             1             48  [Lcom.intellij.xdebugger.breakpoints.XLineBreakpointType;
12670:             2             48  [Lcom.intellij.xml.breadcrumbs.BreadcrumbsPresentationProvider;
12671:             1             48  [Lcom.jetbrains.jsonSchema.extension.JsonSchemaProviderFactory;
12672:             1             48  [Lcom.sun.xml.internal.bind.v2.model.impl.ClassInfoImpl$PropertyGroup;
12673:             1             48  [Lcom.theoryinpractice.testng.model.TestType;
12674:             1             48  [Lcom.zeroturnaround.jrebel.ide.common.guide.metrics.SetupGuideMessenger$OverallState;
12675:             2             48  [Lgit4idea.config.GitVcsApplicationSettings$SshExecutable;
12676:             2             48  [Ljava.awt.event.ActionListener;
12677:             1             48  [Ljava.beans.WeakIdentityMap$Entry;
12678:             1             48  [Ljava.lang.invoke.MethodHandleImpl$Intrinsic;
12679:             1             48  [Ljava.math.RoundingMode;
12680:             2             48  [Ljava.net.InetSocketAddress;
12681:             2             48  [Ljava.nio.file.FileVisitOption;
12682:             3             48  [Ljava.security.cert.X509Certificate;
12683:             1             48  [Ljava.util.concurrent.TimeUnit;
12684:             3             48  [Ljavax.swing.DefaultRowSorter$Row;
12685:             1             48  [Ljavax.swing.DropMode;
12686:             1             48  [Lkotlin.reflect.jvm.internal.impl.platform.JavaToKotlinClassMap$PlatformMutabilityMapping;
12687:             1             48  [Lkotlin.reflect.jvm.internal.impl.resolve.jvm.JvmPrimitiveType;
12688:             1             48  [Lnet.sf.cglib.proxy.CallbackInfo;
12689:             2             48  [Lorg.jetbrains.idea.maven.indices.MavenIndex$Kind;
12690:             1             48  [Lorg.jetbrains.kotlin.platform.JavaToKotlinClassMap$PlatformMutabilityMapping;
12691:             1             48  [Lorg.jetbrains.kotlin.resolve.jvm.JvmPrimitiveType;
12692:             1             48  [Lorg.jetbrains.kotlin.resolve.jvm.jvmSignature.JvmMethodParameterKind;
12693:             3             48  [Lorg.jetbrains.kotlin.script.ScriptTemplatesProvider;
12694:             1             48  [Lorg.zeroturnaround.jrebel.client.feature.external.RebelXmlAction;
12695:             1             48  [Lorg.zeroturnaround.jrebel.ide.common.notifications.handlers.NotificationHandler;
12696:             1             48  [Lorg.zmlx.hg4idea.provider.HgChangeProvider$HgChangeProcessor;
12697:             1             48  [Lsun.font.FontStrike;
12698:             1             48  [Lsun.security.ssl.SignatureAndHashAlgorithm$HashAlgorithm;
12699:             1             48  [Lsun.security.x509.NetscapeCertTypeExtension$MapEntry;
12700:             1             48  [[Lcom.intellij.psi.util.TypeConversionUtil$Caster;
12701:             1             48  [[Z
12702:             3             48  ch.qos.logback.core.spi.AppenderAttachableImpl
12703:             3             48  ch.qos.logback.core.spi.FilterAttachableImpl
12704:             2             48  cn.yiiguxing.plugin.translate.AppStorage$$special$$inlined$vetoable$1
12705:             2             48  cn.yiiguxing.plugin.translate.GoogleTranslateSettings
12706:             2             48  cn.yiiguxing.plugin.translate.Settings$$special$$inlined$observable$1
12707:             2             48  cn.yiiguxing.plugin.translate.Settings$$special$$inlined$observable$2
12708:             2             48  cn.yiiguxing.plugin.translate.Settings$$special$$inlined$observable$3
12709:             2             48  cn.yiiguxing.plugin.translate.Settings$$special$$inlined$observable$4
12710:             2             48  cn.yiiguxing.plugin.translate.Settings$$special$$inlined$observable$5
12711:             3             48  cn.yiiguxing.plugin.translate.TranslationProjectComponent
12712:             2             48  cn.yiiguxing.plugin.translate.trans.Dict
12713:             2             48  cn.yiiguxing.plugin.translate.ui.StyledDictViewer$EntryType
12714:             1             48  cn.yiiguxing.plugin.translate.util.LruCache
12715:             2             48  cn.yiiguxing.plugin.translate.util.SelectionMode
12716:             3             48  com.alibaba.p3c.idea.component.AliProjectComponent$1
12717:             2             48  com.alibaba.p3c.idea.config.SmartFoxProjectConfig
12718:             3             48  com.android.repository.impl.generated.v1.ArchiveType$JaxbAccessorF_complete
12719:             3             48  com.android.repository.impl.generated.v1.ArchiveType$JaxbAccessorF_minJvmVersion
12720:             3             48  com.android.repository.impl.generated.v1.ArchiveType$JaxbAccessorF_patches
12721:             3             48  com.android.repository.impl.generated.v1.ArchivesType$JaxbAccessorF_archive
12722:             3             48  com.android.repository.impl.generated.v1.CompleteType$JaxbAccessorF_size
12723:             3             48  com.android.repository.impl.generated.v1.DependenciesType$JaxbAccessorF_dependency
12724:             3             48  com.android.repository.impl.generated.v1.DependencyType$JaxbAccessorF_minRevision
12725:             3             48  com.android.repository.impl.generated.v1.LocalPackage$JaxbAccessorF_dependencies
12726:             3             48  com.android.repository.impl.generated.v1.LocalPackage$JaxbAccessorF_obsolete
12727:             3             48  com.android.repository.impl.generated.v1.LocalPackage$JaxbAccessorF_revision
12728:             3             48  com.android.repository.impl.generated.v1.LocalPackage$JaxbAccessorF_typeDetails
12729:             3             48  com.android.repository.impl.generated.v1.LocalPackage$JaxbAccessorF_usesLicense
12730:             3             48  com.android.repository.impl.generated.v1.PatchType$JaxbAccessorF_basedOn
12731:             3             48  com.android.repository.impl.generated.v1.PatchType$JaxbAccessorF_size
12732:             3             48  com.android.repository.impl.generated.v1.PatchesType$JaxbAccessorF_patch
12733:             3             48  com.android.repository.impl.generated.v1.RemotePackage$JaxbAccessorF_archives
12734:             3             48  com.android.repository.impl.generated.v1.RemotePackage$JaxbAccessorF_channelRef
12735:             3             48  com.android.repository.impl.generated.v1.RemotePackage$JaxbAccessorF_dependencies
12736:             3             48  com.android.repository.impl.generated.v1.RemotePackage$JaxbAccessorF_obsolete
12737:             3             48  com.android.repository.impl.generated.v1.RemotePackage$JaxbAccessorF_revision
12738:             3             48  com.android.repository.impl.generated.v1.RemotePackage$JaxbAccessorF_typeDetails
12739:             3             48  com.android.repository.impl.generated.v1.RemotePackage$JaxbAccessorF_usesLicense
12740:             3             48  com.android.repository.impl.generated.v1.RepositoryType$JaxbAccessorF_channel
12741:             3             48  com.android.repository.impl.generated.v1.RepositoryType$JaxbAccessorF_license
12742:             3             48  com.android.repository.impl.generated.v1.RepositoryType$JaxbAccessorF_localPackage
12743:             3             48  com.android.repository.impl.generated.v1.RepositoryType$JaxbAccessorF_remotePackage
12744:             3             48  com.android.repository.impl.generated.v1.RevisionType$JaxbAccessorF_major
12745:             3             48  com.android.repository.impl.meta.Archive$ArchiveFile$JaxbAccessorM_getSize_setSize_long
12746:             1             48  com.android.sdklib.repository.AndroidSdkHandler
12747:             3             48  com.android.sdklib.repository.generated.common.v1.ApiDetailsType$JaxbAccessorF_apiLevel
12748:             3             48  com.android.tools.idea.databinding.BrClassFinder$$Lambda$798/468419499
12749:             3             48  com.android.tools.idea.databinding.BrShortNamesCache$$Lambda$801/1165365245
12750:             3             48  com.android.tools.idea.databinding.DataBindingClassFinder
12751:             2             48  com.android.tools.idea.databinding.config.DataBindingConfiguration$CodeNavigationMode
12752:             3             48  com.android.tools.idea.editors.AttachAndroidSdkSourcesNotificationProvider
12753:             3             48  com.android.tools.idea.editors.theme.AndroidThemePreviewToolWindowManager$2
12754:             3             48  com.android.tools.idea.editors.theme.AndroidThemePreviewToolWindowManager$MyCaretListener
12755:             3             48  com.android.tools.idea.editors.theme.AndroidThemePreviewToolWindowManager$MyDocumentListener
12756:             3             48  com.android.tools.idea.fd.InstantRunManager
12757:             2             48  com.android.tools.idea.folding.AndroidCodeFoldingOptionsProvider
12758:             3             48  com.android.tools.idea.gradle.project.LegacyAndroidProjects
12759:             1             48  com.android.tools.idea.gradle.project.subset.ProjectSubsetGroup
12760:             3             48  com.android.tools.idea.gradle.project.sync.GradleSyncState$StateChangeNotification
12761:             2             48  com.android.tools.idea.gradle.project.sync.compatibility.CompatibilityCheck
12762:             1             48  com.android.tools.idea.gradle.project.sync.idea.AndroidGradleProjectResolver
12763:             3             48  com.android.tools.idea.gradle.projectView.AndroidTreeStructureProvider
12764:             3             48  com.android.tools.idea.gradle.projectView.BuildNodeDecorator
12765:             3             48  com.android.tools.idea.gradle.projectView.ModuleNodeIconDecorator
12766:             3             48  com.android.tools.idea.instantapp.provision.ProvisionBeforeRunTaskProvider
12767:             3             48  com.android.tools.idea.lang.roomSql.RoomSchemaManager$getSchema$1
12768:             3             48  com.android.tools.idea.lang.roomSql.RoomSqlLanguageInjector
12769:             3             48  com.android.tools.idea.naveditor.scene.layout.ManualLayoutAlgorithm$Storage
12770:             3             48  com.android.tools.idea.project.AndroidProjectInfo
12771:             3             48  com.android.tools.idea.run.editor.DeepLinkLaunch$State
12772:             3             48  com.android.tools.idea.run.editor.DefaultActivityLaunch$State
12773:             3             48  com.android.tools.idea.run.editor.NoLaunch$State
12774:             3             48  com.android.tools.idea.run.editor.SpecificActivityLaunch$State
12775:             3             48  com.android.tools.idea.testartifacts.scopes.TestArtifactCustomScopeProvider
12776:             3             48  com.android.tools.idea.uibuilder.editor.LayoutNavigationManager
12777:             1             48  com.android.tools.idea.updater.AndroidSdkUpdaterPlugin$AndroidAuthenticator
12778:             3             48  com.ansorgit.plugins.bash.settings.BashProjectSettingsComponent
12779:             1             48  com.baomidou.plugin.idea.mybatisx.dom.description.ConfigurationDescription
12780:             1             48  com.baomidou.plugin.idea.mybatisx.dom.description.MapperDescription
12781:             3             48  com.google.common.base.Joiner
12782:             1             48  com.google.common.collect.ArrayListMultimap
12783:             3             48  com.google.common.collect.ImmutableSet$Indexed$1
12784:             1             48  com.google.common.collect.LinkedHashMultimap
12785:             1             48  com.google.common.collect.LinkedHashMultimap$ValueEntry
12786:             3             48  com.google.common.collect.RegularImmutableBiMap$Inverse$InverseEntrySet$1
12787:             2             48  com.google.gson.internal.bind.MapTypeAdapterFactory
12788:             2             48  com.google.gson.internal.bind.TypeAdapters$35
12789:             2             48  com.google.gson.internal.bind.TypeAdapters$35
12790:             3             48  com.intellij.aop.jam.AopHighlightErrorFilter
12791:             3             48  com.intellij.aop.jam.AopLanguageInjector
12792:             1             48  com.intellij.appengine.descriptor.dom.AppEngineWebFileDescription
12793:             2             48  com.intellij.application.options.JavadocOptionsProvider
12794:             2             48  com.intellij.application.options.JspSmartKeysConfigurable
12795:             2             48  com.intellij.application.options.editor.BaseCodeFoldingOptionsProvider
12796:             1             48  com.intellij.application.options.editor.ExcludeTable
12797:             1             48  com.intellij.application.options.editor.JavaAutoImportOptions
12798:             2             48  com.intellij.application.options.editor.JavaCodeFoldingOptionsProvider
12799:             2             48  com.intellij.application.options.editor.XmlCodeFoldingOptionsProvider
12800:             1             48  com.intellij.batch.model.BatchJobDomFileDescription
12801:             1             48  com.intellij.batch.model.BatchXmlDomFileDescription
12802:             1             48  com.intellij.beanValidation.BvConfigDomFileDescription
12803:             1             48  com.intellij.beanValidation.BvMappingDomFileDescription
12804:             1             48  com.intellij.cdi.CdiDomFileDescription
12805:             3             48  com.intellij.cdi.jam.CdiSemContributor
12806:             3             48  com.intellij.cdi.jam.CdiSemContributor$$Lambda$1483/1278953232
12807:             1             48  com.intellij.cloudConfig.StatusBarInfoManager$MenuGroup
12808:             3             48  com.intellij.codeInsight.InferredAnnotationsManagerImpl
12809:             3             48  com.intellij.codeInsight.NullableNotNullManagerImpl$$Lambda$4014/852560571
12810:             3             48  com.intellij.codeInsight.NullableNotNullManagerImpl$$Lambda$4015/1813221646
12811:             3             48  com.intellij.codeInsight.NullableNotNullManagerImpl$$Lambda$4019/298558092
12812:             2             48  com.intellij.codeInsight.TargetElementUtil$$Lambda$2449/1187824678
12813:             2             48  com.intellij.codeInsight.actions.OptimizeImportsProcessor$NotificationInfo
12814:             1             48  com.intellij.codeInsight.completion.CompletionConfidenceEP$1
12815:             1             48  com.intellij.codeInsight.completion.CompletionContributor$1
12816:             3             48  com.intellij.codeInsight.completion.JspCompletionContributor
12817:             3             48  com.intellij.codeInsight.completion.JspCompletionContributor$1
12818:             1             48  com.intellij.codeInsight.completion.actions.CodeCompletionGroup
12819:             1             48  com.intellij.codeInsight.daemon.LineMarkerProviders
12820:             3             48  com.intellij.codeInsight.daemon.impl.AttachSourcesNotificationProvider
12821:             3             48  com.intellij.codeInsight.daemon.impl.CachedAnnotators
12822:             3             48  com.intellij.codeInsight.daemon.impl.ChameleonSyntaxHighlightingPass$Factory
12823:             3             48  com.intellij.codeInsight.daemon.impl.CodeFoldingPassFactory
12824:             3             48  com.intellij.codeInsight.daemon.impl.GeneralHighlightingPassFactory
12825:             3             48  com.intellij.codeInsight.daemon.impl.IdentifierHighlighterPassFactory
12826:             3             48  com.intellij.codeInsight.daemon.impl.IndentsPassFactory
12827:             3             48  com.intellij.codeInsight.daemon.impl.InjectedCodeFoldingPassFactory
12828:             3             48  com.intellij.codeInsight.daemon.impl.InjectedGeneralHighlightingPassFactory
12829:             1             48  com.intellij.codeInsight.daemon.impl.JavaLineMarkerProvider
12830:             3             48  com.intellij.codeInsight.daemon.impl.JavaSoftKeywordHighlightingPassFactory
12831:             3             48  com.intellij.codeInsight.daemon.impl.LibrarySourceNotificationProvider
12832:             3             48  com.intellij.codeInsight.daemon.impl.LineMarkersPassFactory
12833:             3             48  com.intellij.codeInsight.daemon.impl.LocalInspectionsPassFactory
12834:             3             48  com.intellij.codeInsight.daemon.impl.SdkSetupNotificationProvider
12835:             3             48  com.intellij.codeInsight.daemon.impl.ShowAutoImportPassFactory
12836:             3             48  com.intellij.codeInsight.daemon.impl.ShowIntentionsPassFactory
12837:             2             48  com.intellij.codeInsight.daemon.impl.StatusBarUpdater
12838:             2             48  com.intellij.codeInsight.daemon.impl.actions.GotoElementUnderCaretUsageBase$Direction
12839:             3             48  com.intellij.codeInsight.daemon.impl.analysis.JspErrorFilter
12840:             2             48  com.intellij.codeInsight.daemon.impl.quickfix.AddMethodQualifierFix$SearchMode
12841:             2             48  com.intellij.codeInsight.daemon.impl.quickfix.StaticMembersProcessor$SearchMode
12842:             3             48  com.intellij.codeInsight.daemon.impl.tagTreeHighlighting.XmlTagTreeHighlightingPassFactory
12843:             2             48  com.intellij.codeInsight.editorActions.JavaMethodOverloadSwitchHandler
12844:             1             48  com.intellij.codeInsight.editorActions.LanguageBackspaceModeOverride
12845:             2             48  com.intellij.codeInsight.editorActions.moveLeftRight.MoveElementLeftRightActionHandler
12846:             2             48  com.intellij.codeInsight.editorActions.moveUpDown.MoveLineHandler
12847:             2             48  com.intellij.codeInsight.editorActions.moveUpDown.MoveStatementHandler
12848:             2             48  com.intellij.codeInsight.folding.CodeFoldingSettingsImpl
12849:             2             48  com.intellij.codeInsight.folding.impl.JavaCodeFoldingSettingsImpl
12850:             3             48  com.intellij.codeInsight.highlighting.HtmlClosingTagErrorFilter
12851:             3             48  com.intellij.codeInsight.highlighting.InjectedHtmlErrorFilter
12852:             2             48  com.intellij.codeInsight.hint.PrevNextParameterHandler
12853:             3             48  com.intellij.codeInsight.hints.AnnotationHintsPassFactory
12854:             1             48  com.intellij.codeInsight.hints.InlayParameterHintsExtension
12855:             3             48  com.intellij.codeInsight.hints.ParameterHintsPassFactory
12856:             1             48  com.intellij.codeInsight.intention.JvmCommonIntentionActionsFactory$Companion
12857:             2             48  com.intellij.codeInsight.javadoc.JavaDocInfoGenerator$SignaturePlace
12858:             2             48  com.intellij.codeInsight.lookup.impl.LookupActionHandler$UpDownInEditorHandler
12859:             3             48  com.intellij.codeInsight.navigation.CtrlMouseHandler$1
12860:             3             48  com.intellij.codeInsight.navigation.CtrlMouseHandler$2
12861:             3             48  com.intellij.codeInsight.navigation.CtrlMouseHandler$3
12862:             3             48  com.intellij.codeInsight.navigation.CtrlMouseHandler$4
12863:             3             48  com.intellij.codeInsight.navigation.CtrlMouseHandler$5
12864:             3             48  com.intellij.codeInsight.problems.WolfTheProblemSolverImpl$1
12865:             3             48  com.intellij.codeInsight.problems.WolfTheProblemSolverImpl$2
12866:             3             48  com.intellij.codeInsight.problems.WolfTheProblemSolverImpl$4
12867:             2             48  com.intellij.codeInsight.template.emmet.EmmetAbbreviationBalloon$EmmetContextHelp
12868:             2             48  com.intellij.codeInsight.template.emmet.configuration.CssEmmetOptions
12869:             2             48  com.intellij.codeInsight.template.impl.TemplateSettings$State
12870:             2             48  com.intellij.codeInsight.template.impl.editorActions.ExpandLiveTemplateCustomAction$1
12871:             1             48  com.intellij.codeInsight.template.postfix.templates.LanguagePostfixTemplate
12872:             2             48  com.intellij.codeInsight.template.postfix.util.JavaPostfixTemplatesUtils$1
12873:             3             48  com.intellij.codeInspection.ExplicitTypeCanBeDiamondInspection$ReplaceWithDiamondFix
12874:             1             48  com.intellij.codeInspection.LanguageInspectionSuppressors
12875:             2             48  com.intellij.codeInspection.NonAsciiCharactersInspection$1
12876:             2             48  com.intellij.codeInspection.SimplifyStreamApiCallChainsInspection$ReplaceCollectionStreamFix
12877:             2             48  com.intellij.codeInspection.SuppressIntentionActionFromFix
12878:             2             48  com.intellij.codeInspection.actions.CleanupInspectionIntention
12879:             3             48  com.intellij.codeInspection.bytecodeAnalysis.ProjectBytecodeAnalysis$$Lambda$3947/1498286213
12880:             3             48  com.intellij.codeInspection.bytecodeAnalysis.ProjectBytecodeAnalysis$$Lambda$3954/867390587
12881:             3             48  com.intellij.codeInspection.bytecodeAnalysis.ProjectBytecodeAnalysis$$Lambda$4292/1044163973
12882:             2             48  com.intellij.codeInspection.bytecodeAnalysis.asm.IParamsValue
12883:             2             48  com.intellij.codeInspection.dataFlow.ContractValue$Spec
12884:             2             48  com.intellij.codeInspection.dataFlow.DelegationContract
12885:             2             48  com.intellij.codeInspection.dataFlow.MethodCallContract
12886:             2             48  com.intellij.codeInspection.dataFlow.MutationSignature
12887:             3             48  com.intellij.codeInspection.htmlInspections.HtmlUnknownAttributeInspectionBase$RenameAttributeFix
12888:             1             48  com.intellij.codeInspection.i18n.I18nInspection
12889:             2             48  com.intellij.codeInspection.java18StreamApi.PseudoLambdaReplaceTemplate$LambdaRole
12890:             3             48  com.intellij.codeInspection.java18StreamApi.StaticPseudoFunctionalStyleMethodOptions
12891:             3             48  com.intellij.codeInspection.redundantCast.RedundantCastInspection$AcceptSuggested
12892:             3             48  com.intellij.coldFusion.UI.editorActions.CfmlScriptNodeSuppressor
12893:             2             48  com.intellij.coldFusion.UI.editorActions.completionProviders.CfmlCompletionContributor$1
12894:             2             48  com.intellij.coldFusion.UI.editorActions.completionProviders.CfmlCompletionContributor$4
12895:             3             48  com.intellij.coldFusion.injection.CfmlSplittedInjectionManagerKt$1
12896:             3             48  com.intellij.coldFusion.model.CfmlErrorFilter
12897:             2             48  com.intellij.compiler.CompileTaskBean$1
12898:             2             48  com.intellij.compiler.CompileTaskBean$CompileTaskExecutionPhase
12899:             2             48  com.intellij.compiler.CompilerConfigurationImpl$2
12900:             3             48  com.intellij.compiler.CompilerReferenceIndexBuildParametersProvider
12901:             2             48  com.intellij.compiler.ModuleCompilerUtil$2$$Lambda$2950/1500938204
12902:             2             48  com.intellij.compiler.ModuleSourceSet$Type
12903:             2             48  com.intellij.compiler.backwardRefs.CompilerReferenceServiceImpl$2$$Lambda$2255/599460865
12904:             2             48  com.intellij.compiler.backwardRefs.CompilerReferenceServiceImpl$2$$Lambda$2256/2092049522
12905:             2             48  com.intellij.compiler.backwardRefs.CompilerReferenceServiceImpl$ElementPlace
12906:             2             48  com.intellij.compiler.backwardRefs.CompilerReferenceServiceImpl$IndexOpenReason
12907:             2             48  com.intellij.compiler.backwardRefs.DirtyScopeHolder$$Lambda$2259/1819839070
12908:             2             48  com.intellij.compiler.backwardRefs.ExcludedFromCompileFilesUtil$$Lambda$1660/1024874321
12909:             2             48  com.intellij.compiler.impl.CompileDriver$$Lambda$2949/6090109
12910:             2             48  com.intellij.compiler.impl.ProblemsViewImpl$$Lambda$1452/1378134625
12911:             1             48  com.intellij.compiler.impl.TranslatingCompilerFilesMonitor$1
12912:             3             48  com.intellij.compiler.impl.javaCompiler.eclipse.EclipseCompiler
12913:             3             48  com.intellij.compiler.impl.javaCompiler.javac.JavacCompiler
12914:             3             48  com.intellij.compiler.options.CompileStepBeforeRun
12915:             3             48  com.intellij.compiler.options.CompileStepBeforeRunNoErrorCheck
12916:             3             48  com.intellij.compiler.options.MakeProjectStepBeforeRun
12917:             2             48  com.intellij.compiler.options.ValidationConfiguration
12918:             2             48  com.intellij.compiler.server.BuildManager$DelegateFuture
12919:             2             48  com.intellij.compiler.server.BuildManager$DelegateFuture$$Lambda$851/1639048509
12920:             2             48  com.intellij.compiler.server.BuildManager$ProjectWatcher$3$$Lambda$2254/1787033393
12921:             2             48  com.intellij.compiler.server.BuildManager$ProjectWatcher$3$$Lambda$2260/1105166655
12922:             2             48  com.intellij.concurrency.JobLauncherImpl$VoidForkJoinTask$Status
12923:             1             48  com.intellij.configurationStore.ApplicationStorageManager
12924:             2             48  com.intellij.configurationStore.ExportSettingsAction
12925:             2             48  com.intellij.configurationStore.ImportSettingsAction
12926:             1             48  com.intellij.configurationStore.ModuleStateStorageManager
12927:             2             48  com.intellij.configurationStore.StateStorageManagerImpl$Companion$createDefaultVirtualTracker$1
12928:             2             48  com.intellij.copyright.CopyrightManager$schemeManager$1
12929:             2             48  com.intellij.copyright.CopyrightManager$schemeWriter$1
12930:             3             48  com.intellij.coverage.CoverageProjectViewClassNodeDecorator
12931:             3             48  com.intellij.coverage.CoverageProjectViewDirectoryNodeDecorator
12932:             2             48  com.intellij.credentialStore.kdbx.KdbxHeader$CompressionFlags
12933:             1             48  com.intellij.cvsSupport2.actions.AddFileOrDirectoryAction
12934:             1             48  com.intellij.database.actions.DatabaseViewActions$AddActionGroupPopup
12935:             1             48  com.intellij.database.actions.GenerateDbObjectGroup
12936:             2             48  com.intellij.database.actions.OpenConsoleAction$CreateNew
12937:             3             48  com.intellij.database.console.StatementHighlightingPassFactory
12938:             2             48  com.intellij.database.csv.CsvRecordFormat$QuotationPolicy
12939:             2             48  com.intellij.database.dataSource.DataSourceStorage$5
12940:             1             48  com.intellij.database.dataSource.srcStorage.DbSrcChangesTracker$App
12941:             2             48  com.intellij.database.dataSource.srcStorage.DbSrcFileSystem$MyDataSourceUpdater
12942:             3             48  com.intellij.database.introspection.IntrospectionScope
12943:             3             48  com.intellij.database.psi.BasicDbPsiManager$1
12944:             3             48  com.intellij.database.psi.DbPsiFacadeImpl$State$$Lambda$1318/350338898
12945:             2             48  com.intellij.database.run.actions.ColumnFiltersGroup$LikeFilterTemplate
12946:             2             48  com.intellij.database.run.actions.ColumnFiltersGroup$NullFilterTemplate
12947:             1             48  com.intellij.database.run.actions.TransactionAction$ChangeIsolationLevel
12948:             1             48  com.intellij.database.run.actions.TransactionAction$TxSettings
12949:             3             48  com.intellij.database.vfs.DbTreeStructureProvider
12950:             3             48  com.intellij.database.view.DatabaseColorManager$Local
12951:             1             48  com.intellij.debugger.actions.ViewAsGroup
12952:             3             48  com.intellij.debugger.impl.AlternativeJreClassFinder$1
12953:             3             48  com.intellij.debugger.impl.HotSwapManager$1
12954:             3             48  com.intellij.debugger.streams.lib.impl.LibrarySupportBase$interpreterFactory$1
12955:             3             48  com.intellij.debugger.streams.lib.impl.LibrarySupportBase$resolverFactory$1
12956:             2             48  com.intellij.debugger.streams.psi.impl.JavaStreamChainBuilder
12957:             2             48  com.intellij.debugger.streams.psi.impl.JavaStreamChainBuilder$MyStreamChainExistenceChecker
12958:             3             48  com.intellij.debugger.ui.AlternativeSourceNotificationProvider
12959:             3             48  com.intellij.debugger.ui.DebuggerPanelsManager
12960:             3             48  com.intellij.debugger.ui.breakpoints.BreakpointManager$2
12961:             3             48  com.intellij.designer.DesignerToolWindow$2
12962:             3             48  com.intellij.designer.palette.PaletteContainer$PaletteContainerLayout
12963:             3             48  com.intellij.designer.palette.PalettePanel$1
12964:             3             48  com.intellij.designer.palette.PalettePanel$2
12965:             3             48  com.intellij.designer.palette.PalettePanel$3
12966:             3             48  com.intellij.designer.propertyTable.PropertyTable$MouseTableListener
12967:             3             48  com.intellij.designer.propertyTable.PropertyTable$PropertyCellEditorListener
12968:             3             48  com.intellij.designer.propertyTable.RadPropertyTable$1
12969:             3             48  com.intellij.designer.propertyTable.RadPropertyTable$2
12970:             3             48  com.intellij.designer.propertyTable.RadPropertyTable$MyCopyProvider
12971:             2             48  com.intellij.diagnostic.DebugLogManager$DebugLogLevel
12972:             1             48  com.intellij.diagnostic.DialogAppender
12973:             2             48  com.intellij.diagram.settings.DiagramConfigGroup
12974:             2             48  com.intellij.diff.actions.CompareFilesAction
12975:             3             48  com.intellij.diff.impl.DiffRequestProcessor$$Lambda$779/1137152167
12976:             2             48  com.intellij.diff.impl.DiffRequestProcessor$ApplyData
12977:             3             48  com.intellij.diff.util.DiffTaskQueue
12978:             2             48  com.intellij.diff.util.Side
12979:             3             48  com.intellij.dmserver.artifacts.ArtifactSynchronizer
12980:             1             48  com.intellij.dmserver.artifacts.plan.PlanDomFileDescription
12981:             3             48  com.intellij.dmserver.editor.AvailableBundlesProvider$4
12982:             3             48  com.intellij.dmserver.editor.AvailableBundlesProvider$5
12983:             3             48  com.intellij.dmserver.editor.AvailableBundlesProvider$7
12984:             2             48  com.intellij.dmserver.facet.DMCompositeType
12985:             3             48  com.intellij.dmserver.osmorc.DMSourceBundleFinder
12986:             2             48  com.intellij.dvcs.repo.Repository$State
12987:             3             48  com.intellij.execution.CommandLineUtil$QuoteFlag
12988:             2             48  com.intellij.execution.Platform
12989:             3             48  com.intellij.execution.RunManagerConfig
12990:             2             48  com.intellij.execution.actions.EditRunConfigurationsAction
12991:             3             48  com.intellij.execution.dashboard.RunDashboardManagerImpl$$Lambda$1297/1167038734
12992:             3             48  com.intellij.execution.dashboard.RunDashboardManagerImpl$DashboardContentManagerListener
12993:             3             48  com.intellij.execution.dashboard.tree.RunDashboardLinkMouseListenerBase$1
12994:             2             48  com.intellij.execution.filters.Filter$NextAction
12995:             3             48  com.intellij.execution.impl.ConsoleViewImpl$$Lambda$3001/1801403983
12996:             3             48  com.intellij.execution.impl.ConsoleViewImpl$1
12997:             3             48  com.intellij.execution.impl.ConsoleViewImpl$4
12998:             3             48  com.intellij.execution.impl.ConsoleViewImpl$CommandLineFolding
12999:             3             48  com.intellij.execution.impl.ConsoleViewImpl$FlushRunnable
13000:             3             48  com.intellij.execution.impl.ConsoleViewUtil$1
13001:             3             48  com.intellij.execution.impl.MyDiffContainer$MyOverlayLayout
13002:             3             48  com.intellij.execution.impl.MyDiffContainer$MyPanelLayout
13003:             3             48  com.intellij.execution.impl.ProjectRunConfigurationInitializer
13004:             3             48  com.intellij.execution.impl.RunConfigurationBeforeRunProvider
13005:             3             48  com.intellij.execution.jshell.SnippetEditorDecorator
13006:             2             48  com.intellij.execution.junit.JUnitConfigurationType$1
13007:             2             48  com.intellij.execution.rmi.RemoteUtil$2
13008:             3             48  com.intellij.execution.runners.ExecutionEnvironment$CachingDataContext
13009:             1             48  com.intellij.execution.runners.RunContentBuilder
13010:             3             48  com.intellij.execution.scratch.JavaScratchCompilationSupport
13011:             1             48  com.intellij.execution.testframework.sm.runner.history.actions.ImportTestsGroup
13012:             3             48  com.intellij.execution.ui.RunContentManagerImpl$1
13013:             3             48  com.intellij.execution.ui.layout.impl.RunnerContentUi$1
13014:             3             48  com.intellij.execution.ui.layout.impl.RunnerContentUi$3
13015:             3             48  com.intellij.externalDependencies.impl.ExternalDependenciesManagerImpl$ExternalDependenciesState
13016:             3             48  com.intellij.facet.impl.ProjectWideFacetListenersRegistryImpl$MyFacetManagerAdapter
13017:             1             48  com.intellij.featureStatistics.FeatureStatisticsBundle$ProvidersBundles
13018:             2             48  com.intellij.featureStatistics.FeatureStatisticsBundleEP
13019:             2             48  com.intellij.find.FindUtil$Direction
13020:             2             48  com.intellij.find.impl.FindInProjectRecents
13021:             2             48  com.intellij.find.impl.livePreview.SearchResults$Direction
13022:             2             48  com.intellij.flex.build.FlexResourceBuildTargetType
13023:             2             48  com.intellij.formatting.Alignment$Anchor
13024:             2             48  com.intellij.formatting.ChildAttributes
13025:             2             48  com.intellij.formatting.DependentSpacingRule$Anchor
13026:             2             48  com.intellij.formatting.DependentSpacingRule$Trigger
13027:             2             48  com.intellij.formatting.FormattingProgressCallback$EventType
13028:             2             48  com.intellij.framework.detection.FileContentPattern$2
13029:             3             48  com.intellij.framework.detection.impl.exclude.DetectionExcludesConfigurationImpl$$Lambda$1803/1540077635
13030:             3             48  com.intellij.freemarker.FtlFileIndex$2
13031:             2             48  com.intellij.freemarker.psi.FtlCompositeElementType
13032:             1             48  com.intellij.guice.actions.GuiceActionGroup
13033:             1             48  com.intellij.gwt.actions.GwtCreateActionGroup
13034:             3             48  com.intellij.gwt.codeInsight.GwtPatterns$1
13035:             3             48  com.intellij.gwt.inspections.GwtNonSerializableRemoteServiceMethodParametersInspection$GwtSerializableInspectionState
13036:             3             48  com.intellij.gwt.jsinject.JsInjector
13037:             1             48  com.intellij.gwt.module.GwtDomFileDescription
13038:             3             48  com.intellij.gwt.refactorings.TypeArgsTagInfo
13039:             3             48  com.intellij.gwt.superSource.GwtModuleSuperSourceIndex$2
13040:             3             48  com.intellij.gwt.superSource.GwtSuperSourceElementFinder$3
13041:             3             48  com.intellij.gwt.uiBinder.css.UiBinderCssInjector
13042:             1             48  com.intellij.hibernate.HibernateConfigurationDomFileDescription
13043:             1             48  com.intellij.hibernate.HibernateMappingDomFileDescription
13044:             2             48  com.intellij.history.core.changes.ChangeSet$$Lambda$2848/158466536
13045:             1             48  com.intellij.history.integration.LocalHistoryImpl
13046:             1             48  com.intellij.history.integration.ui.actions.LocalHistoryGroup
13047:             2             48  com.intellij.htmltools.lang.annotation.HtmlNonExistentInternetResourcesAnnotator
13048:             3             48  com.intellij.htmltools.xml.util.XHtmlErrorFilter
13049:             3             48  com.intellij.ide.CopyPasteDelegator$MyEditable
13050:             3             48  com.intellij.ide.DefaultTreeExpander
13051:             3             48  com.intellij.ide.FileChangedNotificationProvider
13052:             3             48  com.intellij.ide.GeneratedFileEditingNotificationProvider
13053:             3             48  com.intellij.ide.IdeEventQueue$$Lambda$399/1530160282
13054:             3             48  com.intellij.ide.IdeEventQueue$$Lambda$404/2006499837
13055:             2             48  com.intellij.ide.IdeEventQueue$BlockMode
13056:             2             48  com.intellij.ide.IdeEventQueue$MyFireIdleRequest
13057:             3             48  com.intellij.ide.IdeTooltipManager$6$1
13058:             1             48  com.intellij.ide.SaveAndSyncHandlerImpl
13059:             2             48  com.intellij.ide.actions.CreateDesktopEntryAction
13060:             2             48  com.intellij.ide.actions.EditCustomPropertiesAction
13061:             2             48  com.intellij.ide.actions.EditCustomVmOptionsAction
13062:             2             48  com.intellij.ide.actions.ImportProjectAction
13063:             2             48  com.intellij.ide.actions.NewProjectAction
13064:             2             48  com.intellij.ide.actions.OpenFileAction
13065:             2             48  com.intellij.ide.actions.RegisterAction
13066:             1             48  com.intellij.ide.actions.ResizeToolWindowAction$Down
13067:             1             48  com.intellij.ide.actions.ResizeToolWindowAction$Left
13068:             1             48  com.intellij.ide.actions.ResizeToolWindowAction$Right
13069:             1             48  com.intellij.ide.actions.ResizeToolWindowAction$Up
13070:             2             48  com.intellij.ide.actions.SearchEverywhereAction$3
13071:             2             48  com.intellij.ide.actions.ShowSettingsAction
13072:             2             48  com.intellij.ide.actions.TemplateProjectPropertiesAction
13073:             1             48  com.intellij.ide.actions.TemplateProjectSettingsGroup
13074:             2             48  com.intellij.ide.actions.TemplateProjectStructureAction
13075:             2             48  com.intellij.ide.actions.ViewToolbarAction
13076:             1             48  com.intellij.ide.actions.WeighingNewActionGroup
13077:             1             48  com.intellij.ide.b.a.c
13078:             3             48  com.intellij.ide.bookmarks.BookmarkManager$2
13079:             2             48  com.intellij.ide.bookmarks.actions.GotoBookmarkActionBase$1
13080:             3             48  com.intellij.ide.browsers.LaunchBrowserBeforeRunTaskProvider
13081:             2             48  com.intellij.ide.browsers.actions.OpenFileInDefaultBrowserAction
13082:             1             48  com.intellij.ide.browsers.actions.OpenInBrowserBaseGroupAction$OpenInBrowserEditorContextBarGroupAction
13083:             1             48  com.intellij.ide.browsers.actions.OpenInBrowserBaseGroupAction$OpenInBrowserGroupAction
13084:             1             48  com.intellij.ide.caches.FileContent
13085:             1             48  com.intellij.ide.errorTreeView.ErrorViewStructure
13086:             2             48  com.intellij.ide.gdpr.Version
13087:             1             48  com.intellij.ide.hierarchy.LanguageCallHierarchy
13088:             1             48  com.intellij.ide.hierarchy.LanguageMethodHierarchy
13089:             1             48  com.intellij.ide.hierarchy.LanguageTypeHierarchy
13090:             3             48  com.intellij.ide.impl.PsiElementDataValidator
13091:             3             48  com.intellij.ide.impl.convert.ProjectFileVersionState
13092:             3             48  com.intellij.ide.palette.impl.PaletteWindow$1
13093:             3             48  com.intellij.ide.palette.impl.PaletteWindow$MyListSelectionListener
13094:             3             48  com.intellij.ide.palette.impl.PaletteWindow$MyPropertyChangeListener
13095:             3             48  com.intellij.ide.palette.impl.PaletteWindow$MyScrollPanePopupHandler
13096:             1             48  com.intellij.ide.plugins.PluginManager$1
13097:             1             48  com.intellij.ide.projectView.actions.MarkRootGroup
13098:             1             48  com.intellij.ide.projectView.impl.AbstractProjectViewPSIPane$1
13099:             3             48  com.intellij.ide.projectView.impl.AbstractProjectViewPSIPane$3
13100:             3             48  com.intellij.ide.projectView.impl.AbstractProjectViewPSIPane$4
13101:             3             48  com.intellij.ide.projectView.impl.AbstractProjectViewPane$$Lambda$1283/1812829074
13102:             3             48  com.intellij.ide.projectView.impl.AbstractProjectViewPane$$Lambda$1284/751635579
13103:             2             48  com.intellij.ide.projectView.impl.AsyncProjectViewSupport$7
13104:             3             48  com.intellij.ide.projectView.impl.ClassesTreeStructureProvider
13105:             3             48  com.intellij.ide.projectView.impl.NestingTreeStructureProvider
13106:             3             48  com.intellij.ide.projectView.impl.PackageViewPane$MyDeletePSIElementProvider
13107:             3             48  com.intellij.ide.projectView.impl.ProjectViewImpl$1
13108:             3             48  com.intellij.ide.projectView.impl.ProjectViewImpl$8
13109:             3             48  com.intellij.ide.projectView.impl.ProjectViewImpl$MyDeletePSIElementProvider
13110:             3             48  com.intellij.ide.projectView.impl.ProjectViewImpl$MyIdeView
13111:             3             48  com.intellij.ide.projectView.impl.ProjectViewPane$$Lambda$1281/1191139907
13112:             2             48  com.intellij.ide.projectView.impl.ProjectViewSharedSettings
13113:             3             48  com.intellij.ide.scratch.ScratchProjectViewPane$MyStructureProvider
13114:             2             48  com.intellij.ide.ui.OptionsTopHitProvider$CachedOptions
13115:             3             48  com.intellij.ide.ui.SplitterProportionsDataImpl
13116:             3             48  com.intellij.ide.ui.laf.darcula.ui.DarculaComboBoxUI$3
13117:             3             48  com.intellij.ide.ui.laf.intellij.WinIntelliJTextBorder
13118:             1             48  com.intellij.ide.ui.search.IndexedCharsInterner$1
13119:             2             48  com.intellij.ide.util.treeView.TreeState$1$$Lambda$2036/2019675151
13120:             2             48  com.intellij.ide.util.treeView.TreeState$2
13121:             2             48  com.intellij.ide.util.treeView.TreeState$Match
13122:             1             48  com.intellij.j2ee.openapi.impl.JavaeeAppDomFileDescription
13123:             1             48  com.intellij.j2ee.web.WebDomFileDescription
13124:             1             48  com.intellij.j2ee.web.WebFragmentDomFileDescription
13125:             3             48  com.intellij.j2ee.web.WebProjectComponent
13126:             1             48  com.intellij.j2ee.webSphere.descriptor.WebSphereWebDescription
13127:             3             48  com.intellij.j2meplugin.module.ExplodedDirectoryWatchedRootProvider
13128:             3             48  com.intellij.jam.JamSemContributor
13129:             3             48  com.intellij.jam.JamSemContributor$$Lambda$1466/288098435
13130:             3             48  com.intellij.jam.model.util.JamCommonUtil$$Lambda$3987/467320141
13131:             2             48  com.intellij.jam.reflect.JamNumberAttributeMeta$Single
13132:             2             48  com.intellij.javaee.ExternalResourceManagerEx$XMLSchemaVersion
13133:             3             48  com.intellij.javaee.ejb.NewEjbRoleHolder
13134:             3             48  com.intellij.javaee.ejb.NewEjbRoleHolder$$Lambda$2309/362849814
13135:             3             48  com.intellij.javaee.ejb.NewEjbRoleHolder$$Lambda$2310/1086497194
13136:             3             48  com.intellij.javaee.model.annotations.ejb.EjbJamContributor
13137:             3             48  com.intellij.javaee.model.annotations.ejb.EjbJamContributor$3
13138:             3             48  com.intellij.javaee.model.annotations.ejb.EjbJamContributor$4
13139:             1             48  com.intellij.javaee.module.view.ejb.actions.OpenEjbERDiagramAction$EjbDiagramProvider
13140:             1             48  com.intellij.javaee.module.view.web.WebPageActionGroup
13141:             3             48  com.intellij.javaee.openshift.cloud.view.OS3ToolWindowFactory
13142:             3             48  com.intellij.javaee.openshift.cloud.view.OS3ViewContribution
13143:             1             48  com.intellij.javaee.oss.geronimo.editor.GeronimoAppRootProvider
13144:             1             48  com.intellij.javaee.oss.geronimo.editor.GeronimoEjbRootProvider
13145:             1             48  com.intellij.javaee.oss.geronimo.editor.GeronimoWebRootProvider
13146:             1             48  com.intellij.javaee.oss.glassfish.editor.GlassfishWebRootProvider
13147:             1             48  com.intellij.javaee.oss.jboss.editor.JBossAppRootProvider
13148:             1             48  com.intellij.javaee.oss.jboss.editor.JBossCmpRootProvider
13149:             1             48  com.intellij.javaee.oss.jboss.editor.JBossEjbRootProvider
13150:             1             48  com.intellij.javaee.oss.jboss.editor.JBossWebRootProvider
13151:             1             48  com.intellij.javaee.oss.jetty.server.JettyWebDescription
13152:             2             48  com.intellij.javaee.validation.AppServerSpecificValidatorsProperties
13153:             3             48  com.intellij.javaee.web.WebContextManagerImpl$State
13154:             3             48  com.intellij.javaee.web.validation.JasperValidationTask
13155:             1             48  com.intellij.javaee.weblogic.model.WeblogicEjbJarDomFileDescription
13156:             1             48  com.intellij.javaee.weblogic.model.WeblogicRdbmsJarDomFileDescription
13157:             3             48  com.intellij.javascript.flex.FlexApplicationComponent
13158:             2             48  com.intellij.javascript.flex.mxml.FlexXmlBackedClassesIndex$2
13159:             3             48  com.intellij.javascript.flex.mxml.MxmlLanguageInjector
13160:             3             48  com.intellij.javascript.nodejs.library.NodeModulesDirectoryDecorator
13161:             2             48  com.intellij.javascript.nodejs.library.NodeModulesDirectoryManager$1
13162:             2             48  com.intellij.javascript.protractor.ProtractorRunSettings$Builder
13163:             2             48  com.intellij.javascript.testFramework.qunit.QUnitFileStructureBuilder$Builder
13164:             1             48  com.intellij.javascript.trace.execution.fileDependency.actions.LayoutActionGroup
13165:             1             48  com.intellij.jboss.jbpm.providers.JbpmDomFileDescription
13166:             1             48  com.intellij.jboss.jpdl.JpdlDomFileDescription
13167:             3             48  com.intellij.jboss.jpdl.el.JpdlElInjector
13168:             3             48  com.intellij.jpa.JpaProjectComponent
13169:             3             48  com.intellij.jpa.JpaProjectComponent$$Lambda$638/704930798
13170:             1             48  com.intellij.jpa.MappingDomFileDescription
13171:             2             48  com.intellij.jpa.ORMReferencesUtil$1
13172:             3             48  com.intellij.jpa.OrderByInJavaInjector
13173:             3             48  com.intellij.jpa.OrderByInXmlInjector
13174:             1             48  com.intellij.jpa.PersistenceDomFileDescription
13175:             1             48  com.intellij.jpa.actions.AddJpaProviderSupport
13176:             1             48  com.intellij.jpa.actions.GenerateJpaMappingActionGroup
13177:             1             48  com.intellij.jpa.actions.OpenJpaERDiagramAction$JpaDiagramProvider
13178:             3             48  com.intellij.jpa.model.annotations.mapping.JpaJamContributor$4
13179:             3             48  com.intellij.jpa.model.annotations.mapping.JpaJamContributor$5
13180:             1             48  com.intellij.jsf.FacesDomFileDescription
13181:             3             48  com.intellij.jsf.el.AnnotatedManagedBeanELClassInjector
13182:             3             48  com.intellij.jsf.el.FacesConfigElProvider
13183:             3             48  com.intellij.jsf.flows.el.AnnotatedFlowsELInjector
13184:             3             48  com.intellij.jsf.injection.CssOutputStyleSheetInjector
13185:             3             48  com.intellij.jsf.injection.JsfCssLanguageInjector
13186:             3             48  com.intellij.jsf.references.libraries.JsfJSInjector
13187:             3             48  com.intellij.json.psi.impl.JsonTreeChangePreprocessor
13188:             3             48  com.intellij.jsp.JspElInCssInjector
13189:             1             48  com.intellij.jsp.taglibs.TaglibDomFileDescription
13190:             1             48  com.intellij.jsp.taglibs.TaglibDomFileDescription11
13191:             1             48  com.intellij.lang.ExternalLanguageAnnotators
13192:             1             48  com.intellij.lang.LanguageASTFactory
13193:             1             48  com.intellij.lang.LanguageAnnotators
13194:             1             48  com.intellij.lang.LanguageBraceMatching
13195:             1             48  com.intellij.lang.LanguageCommenters
13196:             1             48  com.intellij.lang.LanguageDocumentation
13197:             1             48  com.intellij.lang.LanguageFormatting
13198:             1             48  com.intellij.lang.LanguageHtmlInlineScriptTokenTypesProvider
13199:             1             48  com.intellij.lang.LanguageImportStatements
13200:             1             48  com.intellij.lang.LanguageNamesValidation
13201:             1             48  com.intellij.lang.LanguageParserDefinitions
13202:             1             48  com.intellij.lang.LanguageRefactoringSupport
13203:             1             48  com.intellij.lang.LanguageTokenSeparatorGenerators
13204:             3             48  com.intellij.lang.ant.config.impl.AntBeforeRunTaskProvider
13205:             3             48  com.intellij.lang.ant.config.impl.AntToolwindowRegistrar
13206:             3             48  com.intellij.lang.ant.config.impl.AntToolwindowRegistrar$1
13207:             3             48  com.intellij.lang.ant.config.impl.AntToolwindowRegistrar$2
13208:             1             48  com.intellij.lang.ant.dom.AntDomFileDescription
13209:             1             48  com.intellij.lang.ant.dom.AntlibDomFileDescription
13210:             3             48  com.intellij.lang.aspectj.build.AjIdeaCompiler
13211:             3             48  com.intellij.lang.aspectj.build.config.AjBuildProcessParametersProvider
13212:             3             48  com.intellij.lang.aspectj.build.config.AjIdeaCompilerSettings
13213:             3             48  com.intellij.lang.aspectj.search.AjClassFinder
13214:             3             48  com.intellij.lang.css.linter.stylelint.StylelintExternalAnnotator
13215:             3             48  com.intellij.lang.documentation.CompositeDocumentationProvider
13216:             1             48  com.intellij.lang.findUsages.LanguageFindUsages
13217:             1             48  com.intellij.lang.folding.LanguageFolding
13218:             3             48  com.intellij.lang.java.JavaCommenter
13219:             2             48  com.intellij.lang.java.parser.StatementParser$BraceMode
13220:             3             48  com.intellij.lang.javascript.JSLanguageInjector
13221:             3             48  com.intellij.lang.javascript.JsErrorFilter
13222:             3             48  com.intellij.lang.javascript.buildTools.base.JsbtFileManager$1
13223:             2             48  com.intellij.lang.javascript.buildTools.base.JsbtSortingMode
13224:             3             48  com.intellij.lang.javascript.buildTools.grunt.beforeRun.GruntBeforeRunTaskProvider
13225:             3             48  com.intellij.lang.javascript.buildTools.gulp.beforeRun.GulpBeforeRunTaskProvider
13226:             3             48  com.intellij.lang.javascript.buildTools.npm.beforeRun.NpmBeforeRunTaskProvider
13227:             3             48  com.intellij.lang.javascript.buildTools.webpack.WebPackOutput
13228:             2             48  com.intellij.lang.javascript.completion.JSInsertHandler$ForcedCompleteFunctionType
13229:             2             48  com.intellij.lang.javascript.editor.JSSmartKeysConfigurable
13230:             3             48  com.intellij.lang.javascript.flex.ActionScriptUnusedImportsPassFactory
13231:             3             48  com.intellij.lang.javascript.flex.build.ValidateFlashConfigurationsPrecompileTask
13232:             3             48  com.intellij.lang.javascript.flex.flexunit.FlexUnitAfterCompileTask
13233:             3             48  com.intellij.lang.javascript.flex.flexunit.FlexUnitPrecompileTask
13234:             3             48  com.intellij.lang.javascript.flex.presentation.FlexTreeStructureProvider
13235:             3             48  com.intellij.lang.javascript.flex.presentation.SwfProjectViewStructureProvider
13236:             3             48  com.intellij.lang.javascript.flex.projectStructure.ui.FlexCompositeSdkProjectViewStructureProvider
13237:             2             48  com.intellij.lang.javascript.flex.run.FlashRunnerParameters$AirMobileDebugTransport
13238:             2             48  com.intellij.lang.javascript.flex.run.FlashRunnerParameters$AppDescriptorForEmulator
13239:             2             48  com.intellij.lang.javascript.folding.JSCodeFoldingOptionsProvider
13240:             2             48  com.intellij.lang.javascript.folding.JSCodeFoldingSettingsImpl
13241:             3             48  com.intellij.lang.javascript.frameworks.bindows.BindowsLanguageInjector
13242:             3             48  com.intellij.lang.javascript.frameworks.dojo.DojoLanguageInjector
13243:             2             48  com.intellij.lang.javascript.frameworks.gcl.JSGclReferenceContributor$2
13244:             3             48  com.intellij.lang.javascript.frameworks.mozilla.XulLanguageInjector
13245:             2             48  com.intellij.lang.javascript.index.JSFileCachedDataEvaluator
13246:             3             48  com.intellij.lang.javascript.index.JSImplicitElementsIndex$2
13247:             1             48  com.intellij.lang.javascript.index.JSTodoIndexer$1
13248:             2             48  com.intellij.lang.javascript.index.JSTypeEvaluateManager$$Lambda$4214/1441396949
13249:             2             48  com.intellij.lang.javascript.index.JSTypeEvaluateManager$3
13250:             3             48  com.intellij.lang.javascript.index.JavaScriptPsiTreeChangePreprocessor
13251:             2             48  com.intellij.lang.javascript.index.flags.EnumSetStructureElement
13252:             2             48  com.intellij.lang.javascript.library.JSCorePredefinedLibrariesProvider$3
13253:             3             48  com.intellij.lang.javascript.library.JSLibraryExtDocProviderFactory
13254:             1             48  com.intellij.lang.javascript.library.ui.JSLibrariesMenuGroup
13255:             2             48  com.intellij.lang.javascript.linter.LinterCodeStyleImportSourceTracker$1
13256:             3             48  com.intellij.lang.javascript.linter.eslint.EslintExternalAnnotator
13257:             3             48  com.intellij.lang.javascript.linter.eslint.importer.EslintImportCodeStyleEditorNotificationProvider
13258:             2             48  com.intellij.lang.javascript.linter.gjslint.GjsLintExternalAnnotator
13259:             2             48  com.intellij.lang.javascript.linter.jshint.JSHintExternalAnnotator
13260:             3             48  com.intellij.lang.javascript.linter.tslint.editor.TsLintCodeStyleEditorNotificationProvider
13261:             3             48  com.intellij.lang.javascript.macro.JSSuggestVariableNameMacro
13262:             3             48  com.intellij.lang.javascript.psi.JSTypeUtils$$Lambda$4229/1464093702
13263:             2             48  com.intellij.lang.javascript.psi.ecmal4.impl.JSClassBase$ListType
13264:             2             48  com.intellij.lang.javascript.psi.impl.JSPsiImplUtils$NamedEntityKind
13265:             1             48  com.intellij.lang.javascript.psi.stubs.impl.JSFileStubBuilder$1
13266:             1             48  com.intellij.lang.javascript.psi.stubs.impl.TypeScriptExportAssignmentStubImpl
13267:             1             48  com.intellij.lang.javascript.psi.stubs.impl.TypeScriptGlobalModuleExportDeclarationStubImpl
13268:             3             48  com.intellij.lang.javascript.psi.types.JSCompositeTypeBaseImpl$$Lambda$2659/121380696
13269:             3             48  com.intellij.lang.javascript.psi.types.JSRecordTypeCache
13270:             3             48  com.intellij.lang.javascript.psi.types.JSTypeSerializer$createListSerializer$1
13271:             1             48  com.intellij.lang.javascript.psi.types.JSTypeSubstitutor$1
13272:             2             48  com.intellij.lang.javascript.refactoring.BasicJavascriptNamesValidator
13273:             1             48  com.intellij.lang.javascript.service.JSLanguageServiceAnnotationResult
13274:             3             48  com.intellij.lang.javascript.service.JSLanguageServiceBase$1
13275:             2             48  com.intellij.lang.javascript.service.highlighting.JSLanguageServiceFilter$$Lambda$2550/733629429
13276:             1             48  com.intellij.lang.javascript.template.postfix.JSElseStatementPostfixTemplate
13277:             1             48  com.intellij.lang.javascript.template.postfix.JSIfStatementPostfixTemplate
13278:             1             48  com.intellij.lang.javascript.template.postfix.JSNotNullStatementPostfixTemplate
13279:             1             48  com.intellij.lang.javascript.template.postfix.JSNullStatementPostfixTemplate
13280:             1             48  com.intellij.lang.javascript.template.postfix.JSParenthesizedPostfixTemplate
13281:             1             48  com.intellij.lang.javascript.template.postfix.JSUndefPostfixTemplate
13282:             2             48  com.intellij.lang.javascript.types.JSReferenceListElementType
13283:             2             48  com.intellij.lang.javascript.validation.DuplicatesCheckUtil$BlockContext
13284:             3             48  com.intellij.lang.javascript.validation.JSSemanticKeywordHighlighterFactory
13285:             1             48  com.intellij.lang.parameterInfo.LanguageParameterInfo
13286:             3             48  com.intellij.lang.properties.PropertiesFilesManager
13287:             3             48  com.intellij.lang.properties.PropertiesUtil$2
13288:             3             48  com.intellij.lang.properties.ResourceBundleManager
13289:             3             48  com.intellij.lang.properties.ResourceBundleManager$1
13290:             3             48  com.intellij.lang.properties.projectView.ResourceBundleGrouper
13291:             3             48  com.intellij.lang.properties.psi.impl.PropertiesPsiTreeChangePreprocessor
13292:             3             48  com.intellij.lang.typescript.TypeScriptSettings
13293:             3             48  com.intellij.lang.typescript.compiler.TypeScriptLanguageServiceProvider
13294:             3             48  com.intellij.lang.typescript.compiler.TypeScriptToolWindowProvider
13295:             3             48  com.intellij.lang.typescript.compiler.action.before.TypeScriptCompileBeforeRunTaskProvider
13296:             2             48  com.intellij.lang.typescript.compiler.languageService.TypeScriptServerServiceImpl$$Lambda$1866/967184410
13297:             1             48  com.intellij.lang.typescript.library.TypeScriptLibraries
13298:             1             48  com.intellij.lang.typescript.settings.JSImportOptionsProvider
13299:             3             48  com.intellij.lang.typescript.tsconfig.TypeScriptConfigServiceImpl$$Lambda$1851/1026185354
13300:             3             48  com.intellij.lang.typescript.tsconfig.graph.JSPsiTreeChangeListener
13301:             1             48  com.intellij.lexer._XmlLexer
13302:             3             48  com.intellij.notification.impl.IdeNotificationArea$$Lambda$2517/1314977596
13303:             3             48  com.intellij.notification.impl.MacEventReader$ProjectTracker
13304:             3             48  com.intellij.notification.impl.NotificationsManagerImpl$ProjectNotificationsComponent
13305:             1             48  com.intellij.openapi.actionSystem.EmptyActionGroup
13306:             2             48  com.intellij.openapi.actionSystem.KeyboardGestureAction$ModifierType
13307:             2             48  com.intellij.openapi.actionSystem.KeyboardModifierGestureShortcut$DblClick
13308:             3             48  com.intellij.openapi.actionSystem.ex.ComboBoxAction$ComboBoxButton$MyButtonSynchronizer
13309:             3             48  com.intellij.openapi.actionSystem.impl.ActionManagerImpl$$Lambda$2906/1390115974
13310:             2             48  com.intellij.openapi.actionSystem.impl.SimpleDataContext
13311:             3             48  com.intellij.openapi.application.TransactionGuardImpl$$Lambda$392/1566649987
13312:             2             48  com.intellij.openapi.application.impl.ApplicationInfoImpl$UpdateUrlsImpl
13313:             2             48  com.intellij.openapi.command.impl.UndoManagerImpl$1
13314:             2             48  com.intellij.openapi.components.StateStorageOperation
13315:             2             48  com.intellij.openapi.components.StorageScheme
13316:             3             48  com.intellij.openapi.diagnostic.DefaultLogger
13317:             2             48  com.intellij.openapi.editor.actions.CloneCaretActionHandler
13318:             2             48  com.intellij.openapi.editor.actions.ConvertIndentsActionBase$Handler
13319:             2             48  com.intellij.openapi.editor.actions.CutLineActionHandler
13320:             2             48  com.intellij.openapi.editor.actions.DeleteToWordEndAction$Handler
13321:             2             48  com.intellij.openapi.editor.actions.IncrementalFindAction$Handler
13322:             2             48  com.intellij.openapi.editor.actions.IndentSelectionAction$Handler
13323:             2             48  com.intellij.openapi.editor.actions.KillRingSaveAction$Handler
13324:             2             48  com.intellij.openapi.editor.actions.MoveCaretLeftOrRightHandler
13325:             2             48  com.intellij.openapi.editor.actions.MoveCaretLeftOrRightHandler$Direction
13326:             2             48  com.intellij.openapi.editor.actions.MoveCaretLeftOrRightWithSelectionHandler
13327:             1             48  com.intellij.openapi.editor.colors.impl.AbstractColorsScheme$1
13328:             2             48  com.intellij.openapi.editor.colors.impl.EditorColorsManagerImpl$State
13329:             2             48  com.intellij.openapi.editor.impl.EditorFactoryImpl$1$$Lambda$413/1954771810
13330:             3             48  com.intellij.openapi.editor.impl.ForcedSoftWrapsNotificationProvider
13331:             2             48  com.intellij.openapi.editor.impl.softwrap.SoftWrapDrawingType
13332:             2             48  com.intellij.openapi.editor.markup.HighlighterTargetArea
13333:             2             48  com.intellij.openapi.editor.richcopy.settings.RichCopySettings
13334:             2             48  com.intellij.openapi.extensions.ExtensionPoint$Kind
13335:             2             48  com.intellij.openapi.extensions.Extensions$AreaClassConfiguration
13336:             1             48  com.intellij.openapi.externalSystem.ExternalStateModule
13337:             1             48  com.intellij.openapi.externalSystem.action.ExternalSystemRunConfigurationMenu
13338:             3             48  com.intellij.openapi.externalSystem.util.CompositeRunnable
13339:             1             48  com.intellij.openapi.file.exclude.ui.MarkFileGroup
13340:             1             48  com.intellij.openapi.fileChooser.FileSaverDescriptor
13341:             2             48  com.intellij.openapi.fileChooser.ex.LocalFsFinder$FileChooserFilter
13342:             3             48  com.intellij.openapi.fileEditor.impl.EditorTabbedContainer$$Lambda$935/17873739
13343:             3             48  com.intellij.openapi.fileEditor.impl.EditorTabbedContainer$3
13344:             3             48  com.intellij.openapi.fileEditor.impl.EditorTabbedContainer$4
13345:             3             48  com.intellij.openapi.fileEditor.impl.EditorTabbedContainer$MyDataProvider
13346:             3             48  com.intellij.openapi.fileEditor.impl.EditorTabbedContainer$MyShadowBorder
13347:             3             48  com.intellij.openapi.fileEditor.impl.EditorsSplitters$UIBuilder
13348:             1             48  com.intellij.openapi.fileEditor.impl.FileDocumentManagerImpl
13349:             3             48  com.intellij.openapi.fileEditor.impl.FileEditorManagerImpl$MyBorder
13350:             3             48  com.intellij.openapi.fileEditor.impl.FileEditorManagerImpl$MyEditorPropertyChangeListener
13351:             2             48  com.intellij.openapi.fileEditor.impl.FileEditorProviderManagerImpl
13352:             3             48  com.intellij.openapi.fileEditor.impl.IdeDocumentHistoryImpl$1
13353:             2             48  com.intellij.openapi.fileEditor.impl.LoadTextUtil$AutoDetectionReason
13354:             2             48  com.intellij.openapi.fileEditor.impl.LoadTextUtil$ConvertResult
13355:             3             48  com.intellij.openapi.fileEditor.impl.NonProjectFileWritingAccessProvider
13356:             3             48  com.intellij.openapi.fileEditor.impl.PsiAwareFileEditorManagerImpl$MyProblemListener
13357:             3             48  com.intellij.openapi.fileEditor.impl.PsiAwareFileEditorManagerImpl$MyPsiTreeChangeListener
13358:             3             48  com.intellij.openapi.fileEditor.impl.text.LargeFileNotificationProvider
13359:             3             48  com.intellij.openapi.fileEditor.impl.text.TextEditorPsiDataProvider
13360:             1             48  com.intellij.openapi.fileTypes.SyntaxHighlighterLanguageFactory
13361:             1             48  com.intellij.openapi.keymap.impl.keyGestures.StateContext
13362:             2             48  com.intellij.openapi.module.CmpFieldRefactoringSupport
13363:             2             48  com.intellij.openapi.module.CmrFieldRefactoringSupport
13364:             1             48  com.intellij.openapi.module.EjbDomFileDescription
13365:             3             48  com.intellij.openapi.module.impl.ModuleFileListener
13366:             3             48  com.intellij.openapi.module.impl.ModuleManagerComponent$1
13367:             3             48  com.intellij.openapi.module.impl.ModuleRenamingHistoryState
13368:             3             48  com.intellij.openapi.module.impl.scopes.ModuleWithDependentsScope$$Lambda$2806/1051466803
13369:             2             48  com.intellij.openapi.progress.impl.CoreProgressManager$$Lambda$654/2120975924
13370:             2             48  com.intellij.openapi.progress.util.BackgroundTaskUtil$$Lambda$1710/2007577551
13371:             3             48  com.intellij.openapi.progress.util.ProgressDialog$$Lambda$381/1022485822
13372:             3             48  com.intellij.openapi.progress.util.ProgressDialog$1
13373:             3             48  com.intellij.openapi.progress.util.ProgressDialog$3
13374:             2             48  com.intellij.openapi.project.DumbService$$Lambda$1758/301719677
13375:             2             48  com.intellij.openapi.projectRoots.impl.ProjectJdkImpl$MyRootProvider
13376:             2             48  com.intellij.openapi.projectRoots.impl.RootsAsVirtualFilePointers
13377:             2             48  com.intellij.openapi.roots.impl.CompilerProjectExtensionImpl
13378:             3             48  com.intellij.openapi.roots.impl.CompilerProjectExtensionImpl$MyProjectExtension
13379:             3             48  com.intellij.openapi.roots.impl.CompilerProjectExtensionImpl$MyWatchedRootsProvider
13380:             2             48  com.intellij.openapi.roots.impl.DirectoryIndexImpl$4
13381:             3             48  com.intellij.openapi.roots.impl.LanguageLevelProjectExtensionImpl$MyProjectExtension
13382:             1             48  com.intellij.openapi.roots.impl.ModuleRootManagerComponent
13383:             2             48  com.intellij.openapi.roots.impl.ModuleRootManagerComponent$$Lambda$2863/1013500522
13384:             3             48  com.intellij.openapi.roots.impl.NonProjectDirectoryInfo
13385:             2             48  com.intellij.openapi.roots.impl.OrderEnumeratorBase$ProcessEntryAction
13386:             2             48  com.intellij.openapi.roots.impl.OrderRootsCache$CacheKey
13387:             3             48  com.intellij.openapi.roots.impl.ProjectPackageIndexImpl
13388:             1             48  com.intellij.openapi.roots.impl.RootIndex$OrderEntryGraph
13389:             1             48  com.intellij.openapi.roots.impl.RootIndex$OrderEntryGraph$1
13390:             1             48  com.intellij.openapi.roots.impl.RootIndex$OrderEntryGraph$2
13391:             3             48  com.intellij.openapi.roots.impl.libraries.ProjectLibraryTable$LibraryStateSplitter
13392:             2             48  com.intellij.openapi.ui.DialogWrapper$DialogStyle
13393:             2             48  com.intellij.openapi.ui.impl.ShadowBorderPainter$Shadow
13394:             2             48  com.intellij.openapi.ui.popup.Balloon$Layer
13395:             2             48  com.intellij.openapi.updateSettings.impl.CheckForUpdateAction
13396:             1             48  com.intellij.openapi.updateSettings.impl.UpdateChecker$showUpdateResult$runnable$1
13397:             2             48  com.intellij.openapi.util.ActionCallback$ExecutedExecutionCallback
13398:             2             48  com.intellij.openapi.util.ActionCallback$IgnoreExecutionCallback
13399:             2             48  com.intellij.openapi.util.Bitness
13400:             1             48  com.intellij.openapi.util.IconLoader$1
13401:             2             48  com.intellij.openapi.util.IconLoader$2
13402:             2             48  com.intellij.openapi.util.KeyWithDefaultValue$2
13403:             2             48  com.intellij.openapi.util.RecursionManager$2$1
13404:             3             48  com.intellij.openapi.util.ThreadLocalCachedByteArray
13405:             3             48  com.intellij.openapi.util.ThreadLocalCachedIntArray
13406:             2             48  com.intellij.openapi.util.ZipperUpdater$1
13407:             2             48  com.intellij.openapi.util.io.PathExecLazyValue
13408:             2             48  com.intellij.openapi.util.io.PathExecLazyValue
13409:             1             48  com.intellij.openapi.util.objectTree.ObjectTree
13410:             2             48  com.intellij.openapi.vcs.RemoteDifferenceStrategy
13411:             2             48  com.intellij.openapi.vcs.VcsApplicationSettings
13412:             2             48  com.intellij.openapi.vcs.VcsConfiguration$StandardConfirmation
13413:             2             48  com.intellij.openapi.vcs.VcsType
13414:             1             48  com.intellij.openapi.vcs.actions.VcsQuickListPopupAction$NonVcsAware
13415:             1             48  com.intellij.openapi.vcs.actions.VcsQuickListPopupAction$VcsAware
13416:             3             48  com.intellij.openapi.vcs.changes.ChangeListManagerImpl$$Lambda$510/1221546285
13417:             3             48  com.intellij.openapi.vcs.changes.ChangeListManagerImpl$1
13418:             3             48  com.intellij.openapi.vcs.changes.ChangeListManagerImpl$6
13419:             2             48  com.intellij.openapi.vcs.changes.ChangesViewManager$$Lambda$1829/334227935
13420:             3             48  com.intellij.openapi.vcs.changes.ChangesViewManager$$Lambda$505/2139712332
13421:             3             48  com.intellij.openapi.vcs.changes.ChangesViewManager$1
13422:             3             48  com.intellij.openapi.vcs.changes.ChangesViewManager$Expander
13423:             3             48  com.intellij.openapi.vcs.changes.DnDActivateOnHoldTargetContent$$Lambda$786/1595213036
13424:             3             48  com.intellij.openapi.vcs.changes.UpdateRequestsQueue$MyRunnable
13425:             1             48  com.intellij.openapi.vcs.changes.UpdatingChangeListBuilder
13426:             1             48  com.intellij.openapi.vcs.changes.VcsDirtyScopeImpl
13427:             3             48  com.intellij.openapi.vcs.changes.VcsDirtyScopeManagerImpl$$Lambda$789/169818569
13428:             2             48  com.intellij.openapi.vcs.changes.VcsDirtyScopeVfsListener$FilesAndDirs
13429:             3             48  com.intellij.openapi.vcs.changes.VcsEventWatcher
13430:             2             48  com.intellij.openapi.vcs.changes.VcsInvalidated
13431:             2             48  com.intellij.openapi.vcs.changes.actions.DeleteUnversionedFilesAction
13432:             2             48  com.intellij.openapi.vcs.changes.actions.ScheduleForAdditionAction
13433:             1             48  com.intellij.openapi.vcs.changes.actions.SelectChangesGroupingActionGroup
13434:             3             48  com.intellij.openapi.vcs.changes.committed.CommittedChangesCache$1
13435:             3             48  com.intellij.openapi.vcs.changes.conflicts.ChangelistConflictNotificationProvider
13436:             3             48  com.intellij.openapi.vcs.changes.conflicts.ChangelistConflictTracker$2
13437:             3             48  com.intellij.openapi.vcs.changes.shelf.ShelvedChangesViewManager$5
13438:             3             48  com.intellij.openapi.vcs.changes.shelf.ShelvedChangesViewManager$MyShelveDeleteProvider
13439:             3             48  com.intellij.openapi.vcs.changes.ui.ChangesBrowserNodeCopyProvider
13440:             3             48  com.intellij.openapi.vcs.changes.ui.ChangesListView$$Lambda$502/527251970
13441:             3             48  com.intellij.openapi.vcs.changes.ui.ChangesViewContentManager$MyVcsListener
13442:             1             48  com.intellij.openapi.vcs.checkout.CheckoutActionGroup
13443:             1             48  com.intellij.openapi.vcs.checkout.NewProjectFromVCSGroup
13444:             1             48  com.intellij.openapi.vcs.configurable.VcsOptionsTopHitProvider$2
13445:             3             48  com.intellij.openapi.vcs.contentAnnotation.VcsContentAnnotationSettings
13446:             2             48  com.intellij.openapi.vcs.impl.ContentRevisionCache$UniqueType
13447:             3             48  com.intellij.openapi.vcs.impl.LineStatusTrackerManager$MyChangeListListener
13448:             2             48  com.intellij.openapi.vcs.impl.ProjectLevelVcsManagerImpl$$Lambda$1809/1204768599
13449:             3             48  com.intellij.openapi.vcs.impl.ProjectLevelVcsManagerImpl$$Lambda$776/2018097480
13450:             1             48  com.intellij.openapi.vcs.roots.VcsRootProblemNotifier
13451:             2             48  com.intellij.openapi.vfs.VirtualFileVisitor$Result
13452:             2             48  com.intellij.openapi.vfs.encoding.EncodingManagerImpl$$Lambda$721/337083678
13453:             1             48  com.intellij.openapi.vfs.newvfs.events.VFileContentChangeEvent
13454:             3             48  com.intellij.openapi.vfs.newvfs.persistent.FSRecords$AttributeOutputStream$$Lambda$942/297053374
13455:             1             48  com.intellij.openapi.vfs.newvfs.persistent.FSRecords$DbConnection$2
13456:             2             48  com.intellij.openapi.wm.StatusBarWidget$PlatformType
13457:             3             48  com.intellij.openapi.wm.impl.IdeFocusManagerImpl
13458:             3             48  com.intellij.openapi.wm.impl.IdeFrameImpl$$Lambda$363/1312791689
13459:             3             48  com.intellij.openapi.wm.impl.IdeFrameImpl$3
13460:             3             48  com.intellij.openapi.wm.impl.IdeGlassPaneImpl$$Lambda$361/1322059860
13461:             3             48  com.intellij.openapi.wm.impl.IdeGlassPaneImpl$$Lambda$362/1836994794
13462:             3             48  com.intellij.openapi.wm.impl.IdeRootPane$1
13463:             3             48  com.intellij.openapi.wm.impl.SideStack
13464:             3             48  com.intellij.openapi.wm.impl.ToolWindowManagerImpl$$Lambda$444/248051276
13465:             3             48  com.intellij.openapi.wm.impl.ToolWindowManagerImpl$4
13466:             3             48  com.intellij.openapi.wm.impl.ToolWindowManagerImpl$MyInternalDecoratorListener
13467:             3             48  com.intellij.openapi.wm.impl.ToolWindowManagerImpl$MyToolWindowPropertyChangeListener
13468:             3             48  com.intellij.openapi.wm.impl.WindowDressing
13469:             3             48  com.intellij.openapi.wm.impl.content.ContentComboLabel$2
13470:             1             48  com.intellij.openapi.wm.impl.status.EncodingPanel
13471:             3             48  com.intellij.openapi.wm.impl.status.IdeStatusBarImpl$IconPresentationWrapper$1
13472:             3             48  com.intellij.openapi.wm.impl.status.InfoAndProgressPanel$$Lambda$350/1443890667
13473:             3             48  com.intellij.openapi.wm.impl.status.InfoAndProgressPanel$2
13474:             2             48  com.intellij.openapi.wm.impl.status.InlineProgressIndicator$MyComponent$1
13475:             3             48  com.intellij.openapi.wm.impl.status.MemoryUsagePanel$$Lambda$353/631640714
13476:             3             48  com.intellij.openapi.wm.impl.status.StatusBarUI
13477:             3             48  com.intellij.openapi.wm.impl.status.StatusPanel$3
13478:             1             48  com.intellij.openapi.wm.impl.welcomeScreen.MoveProjectToGroupActionGroup
13479:             3             48  com.intellij.packageDependencies.ChangeListsScopesProvider
13480:             3             48  com.intellij.packageDependencies.DependencyValidationManagerImpl$ScopesStateSplitter
13481:             3             48  com.intellij.packaging.impl.artifacts.ArtifactManagerStateSplitter
13482:             3             48  com.intellij.packaging.impl.compiler.ArtifactsCompiler
13483:             2             48  com.intellij.patterns.CharPattern$1
13484:             2             48  com.intellij.patterns.GenericDomValuePattern
13485:             3             48  com.intellij.patterns.PsiJavaPatterns$5
13486:             2             48  com.intellij.patterns.PsiMethodCallPattern$1
13487:             2             48  com.intellij.patterns.PsiTypeCastExpressionPattern
13488:             2             48  com.intellij.patterns.PsiTypePattern
13489:             2             48  com.intellij.patterns.StringPattern$8
13490:             3             48  com.intellij.patterns.XmlElementPattern$XmlEntityRefPattern$1
13491:             2             48  com.intellij.patterns.XmlTagPattern$5
13492:             2             48  com.intellij.persistence.diagram.PersistenceDiagramProvider$4
13493:             2             48  com.intellij.persistence.diagram.PersistenceDiagramProvider$5
13494:             3             48  com.intellij.play.console.PlayConsoleCompletionContributor$ModulesAsParametersFunction
13495:             3             48  com.intellij.plugins.drools.lang.psi.searchers.DroolsClassFinder
13496:             3             48  com.intellij.plugins.intelliLang.inject.JSCommentInjector
13497:             3             48  com.intellij.plugins.intelliLang.inject.JSConfigurationInjector
13498:             3             48  com.intellij.plugins.jboss.arquillian.runConfiguration.ArquillianRunConfigurationCoordinator
13499:             2             48  com.intellij.profile.codeInspection.ProjectInspectionProfileManager$2
13500:             3             48  com.intellij.profile.codeInspection.ProjectInspectionProfileManager$ProjectInspectionProfileStartUpActivity$runActivity$1$2
13501:             1             48  com.intellij.psi.JVMElementFactories
13502:             1             48  com.intellij.psi.LanguageFileViewProviders
13503:             1             48  com.intellij.psi.LanguageSubstitutors
13504:             2             48  com.intellij.psi.PsiEllipsisType
13505:             3             48  com.intellij.psi.RefQueueIndex$2
13506:             3             48  com.intellij.psi.RefQueueIndex$3
13507:             3             48  com.intellij.psi.SyntaxTraverser$Api$1
13508:             3             48  com.intellij.psi.SyntaxTraverser$Api$2
13509:             3             48  com.intellij.psi.SyntaxTraverser$Api$3
13510:             3             48  com.intellij.psi.SyntaxTraverser$ApiEx$1
13511:             2             48  com.intellij.psi.codeStyle.CodeStyleSettings$HtmlTagNewLineStyle
13512:             3             48  com.intellij.psi.codeStyle.LegacyCodeStyleSettingsManager
13513:             3             48  com.intellij.psi.codeStyle.ProjectCodeStyleSettingsManager$StateSplitter
13514:             1             48  com.intellij.psi.codeStyle.ReferenceAdjuster$Extension
13515:             3             48  com.intellij.psi.codeStyle.autodetect.DetectedIndentOptionsNotificationProvider
13516:             3             48  com.intellij.psi.controlFlow.ControlFlowFactory
13517:             3             48  com.intellij.psi.controlFlow.ReadVariableInstruction
13518:             3             48  com.intellij.psi.css.CssErrorFilter
13519:             3             48  com.intellij.psi.css.CssLanguageInjector
13520:             3             48  com.intellij.psi.css.CssPsiTreeChangeProcessor
13521:             3             48  com.intellij.psi.css.UpdateCssCopyrightsProvider
13522:             2             48  com.intellij.psi.css.descriptor.CssPseudoSelectorDescriptorStub
13523:             2             48  com.intellij.psi.css.impl.CssElementTypes$CssDeclarationBlockElementType
13524:             2             48  com.intellij.psi.css.impl.descriptor.value.CssSelectorValue
13525:             2             48  com.intellij.psi.css.impl.descriptor.value.CssSemitonesValue
13526:             2             48  com.intellij.psi.css.impl.util.completion.provider.CssCustomPropertiesCompletionProvider
13527:             2             48  com.intellij.psi.css.impl.util.completion.provider.CssCustomPropertySetCompletionProvider
13528:             3             48  com.intellij.psi.css.impl.util.completion.provider.CssPropertyValueCompletionProvider
13529:             2             48  com.intellij.psi.css.impl.util.completion.provider.CssSelectorSuffixCompletionProvider
13530:             3             48  com.intellij.psi.css.impl.util.completion.provider.PseudoSelectorsCompletionProvider
13531:             3             48  com.intellij.psi.css.impl.util.completion.provider.TagsCompletionProvider
13532:             3             48  com.intellij.psi.css.resolve.impl.XhtmlFileInfo$$Lambda$3401/2135063958
13533:             3             48  com.intellij.psi.filters.position.PatternFilter
13534:             1             48  com.intellij.psi.formatter.LanguageWhiteSpaceFormattingStrategy
13535:             3             48  com.intellij.psi.formatter.StaticSymbolWhiteSpaceDefinitionStrategy
13536:             3             48  com.intellij.psi.impl.JavaCodeBlockModificationListener
13537:             3             48  com.intellij.psi.impl.JavaPsiFacadeImpl$$Lambda$797/1673848440
13538:             3             48  com.intellij.psi.impl.JavaSimplePropertyIndex$getValueExternalizer$1
13539:             3             48  com.intellij.psi.impl.JvmPsiConversionHelperImpl
13540:             1             48  com.intellij.psi.impl.LanguageConstantExpressionEvaluator
13541:             2             48  com.intellij.psi.impl.PsiDocumentManagerImpl$$Lambda$465/1354299311
13542:             2             48  com.intellij.psi.impl.PsiDocumentManagerImpl$2
13543:             3             48  com.intellij.psi.impl.PsiFileFactoryImpl
13544:             2             48  com.intellij.psi.impl.PsiManagerImpl$5
13545:             3             48  com.intellij.psi.impl.PsiShortNamesCacheImpl
13546:             3             48  com.intellij.psi.impl.compiled.ClassFileStubBuilder
13547:             3             48  com.intellij.psi.impl.file.PsiPackageImpl$PackageAnnotationValueProvider
13548:             3             48  com.intellij.psi.impl.include.FileIncludeIndex$2
13549:             3             48  com.intellij.psi.impl.include.FileIncludeIndex$3
13550:             3             48  com.intellij.psi.impl.include.FileIncludeIndex$FileKey
13551:             3             48  com.intellij.psi.impl.java.JavaFunctionalExpressionIndex$3
13552:             3             48  com.intellij.psi.impl.migration.MigrationElementFinder
13553:             3             48  com.intellij.psi.impl.search.JavaNullMethodArgumentIndex$1
13554:             2             48  com.intellij.psi.impl.source.PostprocessReformattingAspect$1
13555:             3             48  com.intellij.psi.impl.source.html.HtmlConditionalCommentInjector
13556:             3             48  com.intellij.psi.impl.source.html.HtmlScriptLanguageInjector
13557:             3             48  com.intellij.psi.impl.source.jsp.TaglibIndex$4
13558:             3             48  com.intellij.psi.impl.source.resolve.PsiResolveHelperImpl
13559:             2             48  com.intellij.psi.impl.source.resolve.PsiResolveHelperImpl$$Lambda$2400/1353763550
13560:             3             48  com.intellij.psi.impl.source.resolve.graphInference.InferenceSessionContainer$$Lambda$5289/187071158
13561:             2             48  com.intellij.psi.impl.source.resolve.reference.ReferenceProvidersRegistryImpl$1
13562:             3             48  com.intellij.psi.impl.source.resolve.reference.impl.providers.XsdRegExpInjector
13563:             3             48  com.intellij.psi.impl.source.tree.injected.JavaConcatenationInjectorManager$1
13564:             3             48  com.intellij.psi.impl.source.tree.injected.JavaConcatenationInjectorManager$Concatenation2InjectorAdapter
13565:             3             48  com.intellij.psi.scope.JavaScopeProcessorEvent
13566:             2             48  com.intellij.psi.scope.conflictResolvers.JavaMethodsConflictResolver
13567:             2             48  com.intellij.psi.search.ProjectScope$1
13568:             3             48  com.intellij.psi.search.ProjectScopeBuilderImpl
13569:             3             48  com.intellij.psi.search.scope.packageSet.UpdatingScopeOnProjectStructureChangeListener
13570:             2             48  com.intellij.psi.stubs.StubUpdatingIndex$2
13571:             3             48  com.intellij.psi.stubsHierarchy.impl.StubHierarchyIndex$1
13572:             3             48  com.intellij.psi.util.TypeConversionUtil$$Lambda$3659/1255176028
13573:             3             48  com.intellij.refactoring.changeSignature.inplace.ChangeSignaturePassFactory
13574:             1             48  com.intellij.refactoring.changeSignature.inplace.LanguageChangeSignatureDetectors
13575:             2             48  com.intellij.refactoring.introduceParameter.AbstractJavaInplaceIntroducer$1
13576:             2             48  com.intellij.refactoring.introduceVariable.JavaVariableInplaceIntroducer$1
13577:             2             48  com.intellij.refactoring.rename.inplace.InplaceRefactoring$3
13578:             2             48  com.intellij.refactoring.rename.inplace.JavaResolveSnapshot
13579:             3             48  com.intellij.refactoring.rename.inplace.MemberInplaceRenameHandler
13580:             3             48  com.intellij.refactoring.rename.inplace.VariableInplaceRenameHandler
13581:             3             48  com.intellij.refactoring.util.ClsElementWritingAccessProvider
13582:             3             48  com.intellij.remoteServer.impl.configuration.RemoteServersManagerState
13583:             3             48  com.intellij.remoteServer.util.CloudNotifier
13584:             1             48  com.intellij.seam.PageflowDomFileDescription
13585:             1             48  com.intellij.seam.PagesDomFileDescription
13586:             1             48  com.intellij.seam.PagesFileDomFileDescription
13587:             1             48  com.intellij.seam.SeamDomFileDescription
13588:             3             48  com.intellij.seam.SeamElXmlConfigProvider
13589:             3             48  com.intellij.seam.el.SeamClassELInjector
13590:             1             48  com.intellij.spellchecker.SpellCheckerManager
13591:             3             48  com.intellij.spellchecker.state.ProjectDictionarySplitter
13592:             1             48  com.intellij.spellchecker.tokenizer.LanguageSpellchecking
13593:             3             48  com.intellij.spring.SpringResourceProvider
13594:             3             48  com.intellij.spring.aop.SpringAopInjector
13595:             3             48  com.intellij.spring.aop.SpringAopProvider$$Lambda$3769/1561079931
13596:             2             48  com.intellij.spring.boot.application.metadata.SpringBootApplicationMetaConfigKey$Deprecation$DeprecationLevel
13597:             3             48  com.intellij.spring.boot.application.metadata.SpringBootMetadataEditorNotificationsProvider$1
13598:             3             48  com.intellij.spring.boot.application.properties.SpringBootApplicationPropertiesValueRegexInjector
13599:             2             48  com.intellij.spring.boot.model.SpringBootModelConfigFileNameContributor$CustomizationPresentation
13600:             3             48  com.intellij.spring.boot.model.autoconfigure.AutoConfigureMetadataIndex$getValueExternalizer$1
13601:             2             48  com.intellij.spring.boot.model.autoconfigure.conditions.jam.ConditionalOnEndpointBase$PrefixSuffixApplicationMetaConfigKeyConverter
13602:             3             48  com.intellij.spring.boot.model.autoconfigure.jam.SpringBootAutoconfigureSpringELInjector
13603:             2             48  com.intellij.spring.boot.run.lifecycle.SpringBootApplicationInfoImpl$6
13604:             2             48  com.intellij.spring.boot.run.lifecycle.beans.LiveBeansModelImpl
13605:             2             48  com.intellij.spring.boot.run.lifecycle.tabs.HealthEndpointTabSettings
13606:             3             48  com.intellij.spring.boot.run.lifecycle.tabs.HealthTab$1
13607:             3             48  com.intellij.spring.boot.run.lifecycle.tabs.RequestMappingsPanel$$Lambda$3015/1564447399
13608:             3             48  com.intellij.spring.boot.run.lifecycle.tabs.SpringBootApplicationEndpointsTab$2
13609:             3             48  com.intellij.spring.boot.run.lifecycle.tabs.SpringBootApplicationEndpointsTab$3
13610:             3             48  com.intellij.spring.boot.run.lifecycle.tabs.SpringBootApplicationEndpointsTab$4
13611:             3             48  com.intellij.spring.contexts.chooser.SpringMultipleContextsEditorNotification
13612:             3             48  com.intellij.spring.data.commons.ql.SpringDataQLInjector
13613:             3             48  com.intellij.spring.data.commons.util.SpringDataUtil$$Lambda$3577/789762027
13614:             1             48  com.intellij.spring.dom.SpringDomFileDescription
13615:             3             48  com.intellij.spring.el.SpringElContextInjector
13616:             3             48  com.intellij.spring.el.SpringElInjector
13617:             1             48  com.intellij.spring.facet.SpringFacetImpl
13618:             3             48  com.intellij.spring.impl.SpringManagerImpl
13619:             3             48  com.intellij.spring.index.SpringXmlBeansIndex$2
13620:             3             48  com.intellij.spring.injection.SpringContextSchemaInjector
13621:             3             48  com.intellij.spring.integration.injection.SpringIntegrationGroovyInjector
13622:             3             48  com.intellij.spring.integration.injection.SpringIntegrationXPathInjector
13623:             3             48  com.intellij.spring.integration.injection.el.SpringIntegrationELInjector
13624:             3             48  com.intellij.spring.model.SpringModelSearchParameters$BeanName
13625:             1             48  com.intellij.spring.model.actions.GenerateSpringDomElementActionGroup
13626:             1             48  com.intellij.spring.model.actions.patterns.frameworks.FrameworkIntegrationActionGroup
13627:             2             48  com.intellij.spring.model.jam.JamCustomImplementationBean
13628:             3             48  com.intellij.spring.model.jam.converters.PropertiesFileConverter
13629:             3             48  com.intellij.spring.profiles.SpringProfilesEditorNotificationsProvider
13630:             3             48  com.intellij.spring.security.highlighting.SpringSecurityAopPointcutExpressionInjector
13631:             3             48  com.intellij.spring.security.highlighting.SpringSecuritySpElAccessInjector
13632:             3             48  com.intellij.spring.web.mvc.SpringMVCUastReferenceContributor$$Lambda$3652/1996415556
13633:             3             48  com.intellij.spring.web.mvc.pathVariables.MVCRequestMappingRegexInjector
13634:             3             48  com.intellij.spring.web.mvc.taglib.SpringJsInjector
13635:             3             48  com.intellij.spring.web.mvc.taglib.SpringTaglibELInjector
13636:             3             48  com.intellij.spring.webflow.el.inject.WebflowELInjector
13637:             1             48  com.intellij.spring.webflow.model.WebflowDomFileDescription
13638:             2             48  com.intellij.spring.webflow.model.impl.WebflowDomModelManagerImpl
13639:             3             48  com.intellij.sql.SqlRoutineIndex$getKeyDescriptor$1
13640:             3             48  com.intellij.sql.SqlRoutineIndex$getValueExternalizer$1
13641:             3             48  com.intellij.sql.database.SqlDataSourceStorage$State
13642:             3             48  com.intellij.sql.dialects.exasol.psi.ExaScriptBodyInjector
13643:             3             48  com.intellij.sql.dialects.postgres.PostgresElementFactory
13644:             3             48  com.intellij.sql.dialects.postgres.psi.FunctionBodyInjector
13645:             3             48  com.intellij.sql.injection.SqlParserSuggestionInjector
13646:             3             48  com.intellij.sql.psi.SqlTreeChangePreprocessor
13647:             3             48  com.intellij.sql.psi.fragments.SqlCodeFragmentImpl$ErrorFilter
13648:             2             48  com.intellij.sql.psi.impl.SqlCompletionUtil$TemplateSafeInsertHandler
13649:             2             48  com.intellij.sql.psi.stubs.SqlColumnDefinitionElementType
13650:             2             48  com.intellij.sql.psi.stubs.SqlConstraintStubElementType
13651:             2             48  com.intellij.sql.psi.stubs.SqlSynonymDefinitionElementType
13652:             1             48  com.intellij.struts.TilesDomFactory
13653:             1             48  com.intellij.struts.inplace.generate.StrutsGenerateActionsGroup
13654:             2             48  com.intellij.struts.inplace.gutter.StrutsClassAnnotator$1
13655:             2             48  com.intellij.struts.inplace.gutter.StrutsClassAnnotator$2
13656:             2             48  com.intellij.struts.inplace.gutter.StrutsClassAnnotator$3
13657:             2             48  com.intellij.struts.inplace.gutter.StrutsClassAnnotator$4
13658:             3             48  com.intellij.struts.inplace.inject.StrutsJavascriptInjector
13659:             3             48  com.intellij.struts.inplace.inject.TilesELInjector
13660:             1             48  com.intellij.struts2.dom.struts.Struts2DomFileDescription
13661:             1             48  com.intellij.struts2.dom.validator.ValidatorConfigDomFileDescription
13662:             1             48  com.intellij.struts2.dom.validator.ValidatorDomFileDescription
13663:             3             48  com.intellij.struts2.freemarker.FreeMarkerCssInlineStyleInjector
13664:             3             48  com.intellij.struts2.freemarker.FreeMarkerJavaScriptInjector
13665:             3             48  com.intellij.struts2.freemarker.FreeMarkerOgnlInjector
13666:             2             48  com.intellij.struts2.freemarker.FreeMarkerOgnlInjector$1
13667:             3             48  com.intellij.struts2.jsp.TaglibCssInlineStyleInjector
13668:             3             48  com.intellij.struts2.jsp.TaglibJavaScriptInjector
13669:             3             48  com.intellij.struts2.jsp.TaglibOgnlInjector
13670:             3             48  com.intellij.struts2.tiles.TilesOgnlInjector
13671:             3             48  com.intellij.tapestry.intellij.TapestryListenersSupportLoader
13672:             3             48  com.intellij.tapestry.intellij.TapestryListenersSupportLoader$1
13673:             1             48  com.intellij.tapestry.intellij.actions.navigation.TemplatesNavigation
13674:             3             48  com.intellij.tapestry.intellij.lang.TelLanguageInjector
13675:             3             48  com.intellij.tapestry.intellij.view.TapestryIdeView
13676:             3             48  com.intellij.tapestry.intellij.view.TapestryProjectViewPane$1
13677:             2             48  com.intellij.tasks.config.TaskSettings
13678:             3             48  com.intellij.tasks.context.WorkingContextManager
13679:             3             48  com.intellij.tasks.impl.TaskManagerImpl$2
13680:             3             48  com.intellij.tasks.impl.TaskManagerImpl$5
13681:             3             48  com.intellij.tasks.timeTracking.TimeTrackingManager$$Lambda$1309/1139327828
13682:             3             48  com.intellij.tasks.timeTracking.TimeTrackingManager$1
13683:             1             48  com.intellij.thymeleaf.dialects.xml.ThymeleafDialectDomFileDescription
13684:             3             48  com.intellij.thymeleaf.lang.injectors.ThymeleafExpressionsInjector
13685:             3             48  com.intellij.thymeleaf.lang.injectors.ThymeleafExpressionsInjector$$Lambda$1977/340656569
13686:             1             48  com.intellij.tools.ExternalToolsGroup
13687:             3             48  com.intellij.tools.ToolBeforeRunTaskProvider
13688:             3             48  com.intellij.ui.ColorUtil$1
13689:             3             48  com.intellij.ui.EditorTextField$1
13690:             3             48  com.intellij.ui.EditorTextField$Jdk7DelegatingToRootTraversalPolicy
13691:             3             48  com.intellij.ui.FinderRecursivePanel$$Lambda$3010/1114005849
13692:             3             48  com.intellij.ui.FinderRecursivePanel$1
13693:             3             48  com.intellij.ui.FinderRecursivePanel$2
13694:             3             48  com.intellij.ui.MouseDragHelper$2
13695:             2             48  com.intellij.ui.RecentsManager
13696:             3             48  com.intellij.ui.SmartExpander$1
13697:             3             48  com.intellij.ui.SmartExpander$2
13698:             2             48  com.intellij.ui.components.ScrollPainter$Protected
13699:             2             48  com.intellij.ui.docking.impl.DockManagerImpl$3
13700:             2             48  com.intellij.ui.layout.GrowPolicy
13701:             2             48  com.intellij.ui.paint.LinePainter2D$Align
13702:             2             48  com.intellij.ui.paint.PaintUtil$ParityMode
13703:             3             48  com.intellij.ui.popup.HintUpdateSupply$$Lambda$1260/936895975
13704:             3             48  com.intellij.ui.speedSearch.FilteringListModel$1
13705:             3             48  com.intellij.ui.speedSearch.ListWithFilter$$Lambda$3012/1336686700
13706:             3             48  com.intellij.ui.speedSearch.NameFilteringListModel$$Lambda$3013/304022881
13707:             3             48  com.intellij.ui.table.TableView$2
13708:             3             48  com.intellij.ui.tabs.FileColorProjectLevelConfigurationManager
13709:             3             48  com.intellij.ui.tabs.impl.JBTabsImpl$5$1
13710:             3             48  com.intellij.ui.tabs.impl.JBTabsImpl$5$2
13711:             2             48  com.intellij.ui.tabs.impl.singleRow.SingleRowLayout$RowDropPolicy
13712:             3             48  com.intellij.ui.treeStructure.SimpleTree$1
13713:             3             48  com.intellij.ui.treeStructure.SimpleTree$2
13714:             3             48  com.intellij.ui.treeStructure.SimpleTree$MyMouseListener
13715:             1             48  com.intellij.uiDesigner.actions.SurroundActionGroup
13716:             3             48  com.intellij.uiDesigner.componentTree.ComponentTree$MyDeleteProvider
13717:             3             48  com.intellij.uiDesigner.componentTree.ComponentTree$MyDropTargetListener
13718:             3             48  com.intellij.uiDesigner.componentTree.QuickFixManagerImpl$MyTreeSelectionListener
13719:             3             48  com.intellij.uiDesigner.make.Form2SourceCompiler
13720:             3             48  com.intellij.uiDesigner.projectView.FormMergerTreeStructureProvider
13721:             3             48  com.intellij.uiDesigner.propertyInspector.PropertyInspector$3
13722:             3             48  com.intellij.uiDesigner.propertyInspector.PropertyInspector$MyComponentSelectionListener
13723:             3             48  com.intellij.uiDesigner.propertyInspector.PropertyInspectorTable$1
13724:             3             48  com.intellij.uiDesigner.propertyInspector.PropertyInspectorTable$MyLafManagerListener
13725:             3             48  com.intellij.uiDesigner.propertyInspector.PropertyInspectorTable$MyPropertyEditorListener
13726:             3             48  com.intellij.uiDesigner.propertyInspector.QuickFixManagerImpl$MyListSelectionListener
13727:             3             48  com.intellij.uiDesigner.propertyInspector.editors.BindingEditor$1
13728:             3             48  com.intellij.uiDesigner.propertyInspector.properties.ButtonGroupProperty$MyPropertyEditor$2
13729:             2             48  com.intellij.uml.core.actions.UmlViewStructure
13730:             1             48  com.intellij.uml.java.JavaUmlProvider
13731:             1             48  com.intellij.uml.project.ModulesUmlProvider
13732:             3             48  com.intellij.util.Alarm$2
13733:             2             48  com.intellij.util.ComponentTreeEventDispatcher
13734:             2             48  com.intellij.util.ComponentTreeEventDispatcher$1
13735:             3             48  com.intellij.util.EditSourceOnEnterKeyHandler$1
13736:             1             48  com.intellij.util.IconUtil$3
13737:             2             48  com.intellij.util.ImageLoader$ImageDesc$Type
13738:             2             48  com.intellij.util.PathUtilRt$Platform
13739:             2             48  com.intellij.util.PathsList
13740:             2             48  com.intellij.util.concurrency.FixedFuture
13741:             2             48  com.intellij.util.concurrency.QueueProcessor$ThreadToUse
13742:             2             48  com.intellij.util.config.ExternalizablePropertyContainer
13743:             2             48  com.intellij.util.config.ValueProperty
13744:             3             48  com.intellij.util.containers.ConcurrentMostlySingularMultiMap
13745:             1             48  com.intellij.util.containers.EmptyIntHashSet
13746:             3             48  com.intellij.util.containers.FactoryMap$2
13747:             1             48  com.intellij.util.containers.FilteredTraverserBase$Meta
13748:             3             48  com.intellij.util.containers.Interner
13749:             2             48  com.intellij.util.containers.MultiMap$1$1
13750:             1             48  com.intellij.util.containers.SoftValueHashMap$MySoftReference
13751:             1             48  com.intellij.util.descriptors.impl.ConfigFileContainerImpl
13752:             2             48  com.intellij.util.gist.PsiFileGistImpl$$Lambda$4961/1479812122
13753:             2             48  com.intellij.util.graph.CachingSemiGraph
13754:             1             48  com.intellij.util.graph.DFSTBuilder
13755:             2             48  com.intellij.util.graph.GraphGenerator
13756:             2             48  com.intellij.util.indexing.FileBasedIndexImpl$$Lambda$3136/1244459286
13757:             2             48  com.intellij.util.indexing.FileBasedIndexImpl$$Lambda$3137/185727789
13758:             3             48  com.intellij.util.indexing.FileBasedIndexImpl$$Lambda$887/1311286752
13759:             1             48  com.intellij.util.indexing.IndexedFilesListener$1
13760:             2             48  com.intellij.util.indexing.VfsEventsMerger$ChangeInfo
13761:             1             48  com.intellij.util.io.CompressedAppendableFile$FileChunkReadCache
13762:             3             48  com.intellij.util.io.IntInlineKeyDescriptor
13763:             3             48  com.intellij.util.io.NullableDataExternalizer
13764:             2             48  com.intellij.util.io.PagedFileStorage$StorageLockContext
13765:             2             48  com.intellij.util.io.PathKt$sanitizeFileName$1
13766:             2             48  com.intellij.util.io.PersistentStringEnumerator
13767:             1             48  com.intellij.util.lang.ClassPath
13768:             1             48  com.intellij.util.net.IdeaWideAuthenticator
13769:             1             48  com.intellij.util.net.ssl.ConfirmingTrustManager$MutableTrustManager
13770:             2             48  com.intellij.util.net.ssl.UntrustedCertificateStrategy
13771:             1             48  com.intellij.util.proxy.CommonProxy$CommonAuthenticator
13772:             3             48  com.intellij.util.ui.Animator$$Lambda$876/185284314
13773:             2             48  com.intellij.util.ui.NSScrollerHelper$ClickBehavior
13774:             2             48  com.intellij.util.ui.NSScrollerHelper$Style
13775:             3             48  com.intellij.util.ui.UIUtil$10
13776:             3             48  com.intellij.util.ui.UIUtil$11
13777:             2             48  com.intellij.util.ui.UIUtil$FontColor
13778:             2             48  com.intellij.util.ui.tree.TreeModelListenerList
13779:             3             48  com.intellij.util.xml.CanonicalPsiTypeConverterImpl
13780:             1             48  com.intellij.util.xml.NanoXmlUtil$ParserStoppedXmlException
13781:             1             48  com.intellij.util.xml.impl.DomApplicationComponent
13782:             3             48  com.intellij.util.xml.impl.DomSemContributor
13783:             3             48  com.intellij.util.xml.impl.DomSemContributor$$Lambda$1458/638582772
13784:             3             48  com.intellij.util.xml.impl.DomServiceImpl$1$$Lambda$1630/1902996405
13785:             2             48  com.intellij.util.xml.impl.ImplementationClassCache
13786:             2             48  com.intellij.util.xml.impl.SofterCache
13787:             1             48  com.intellij.util.xml.tree.actions.AddDomElementActionGroup
13788:             2             48  com.intellij.util.xmlb.annotations.Property$Style
13789:             2             48  com.intellij.util.xmlb.annotations.XCollection$Style
13790:             3             48  com.intellij.vcs.ProgressManagerQueue$MyWorker
13791:             3             48  com.intellij.vcs.commit.CommitMessageInspectionProfile$State
13792:             3             48  com.intellij.vcs.log.VcsLogProperties$VcsLogProperty
13793:             1             48  com.intellij.vcs.log.data.CommitDetailsGetter
13794:             1             48  com.intellij.vcs.log.data.MiniDetailsGetter
13795:             3             48  com.intellij.vcs.log.data.VcsUserRegistryImpl$MyDescriptor
13796:             3             48  com.intellij.vcs.log.data.index.VcsLogFullDetailsIndex$EmptyForwardIndex
13797:             1             48  com.intellij.vcs.log.data.index.VcsLogPathsIndex
13798:             1             48  com.intellij.vcs.log.data.index.VcsLogPersistentIndex$IndexStorage
13799:             1             48  com.intellij.vcs.log.data.index.VcsLogUserIndex
13800:             2             48  com.intellij.vcs.log.graph.utils.impl.BitSetFlags
13801:             3             48  com.intellij.vcs.log.impl.VcsLogObjectsFactoryImpl
13802:             3             48  com.intellij.vcs.log.util.SequentialLimitedLifoExecutor$DetailsLoadingTask
13803:             3             48  com.intellij.vcs.log.util.VcsLogUtil$$Lambda$1926/993164670
13804:             2             48  com.intellij.vfs.AsyncVfsEventsPostProcessorImpl$ListenerAndDisposable
13805:             2             48  com.intellij.vfs.AsyncVfsEventsPostProcessorImpl$addListener$1
13806:             2             48  com.intellij.vfs.AsyncVfsEventsPostProcessorImpl$processEvents$1
13807:             3             48  com.intellij.ws.http.request.environment.HttpRequestEnvironmentIndex$HttpRequestEnvironmentExternalizer
13808:             3             48  com.intellij.ws.http.request.injection.HttpRequestBodyInjector
13809:             3             48  com.intellij.ws.rest.completion.RSCompletionContributor$1
13810:             1             48  com.intellij.ws.rest.model.dom.wadl.WadlDomFileDescription
13811:             1             48  com.intellij.ws.wsdl.WsdlDomFileDescription
13812:             2             48  com.intellij.xdebugger.evaluation.EvaluationMode
13813:             3             48  com.intellij.xdebugger.impl.XDebuggerManagerImpl$3
13814:             3             48  com.intellij.xdebugger.impl.XDebuggerWatchesManager
13815:             3             48  com.intellij.xdebugger.impl.breakpoints.XDependentBreakpointManager$1
13816:             3             48  com.intellij.xml.XmlPsiTreeChangePreprocessor
13817:             1             48  com.intellij.xml.actions.XmlActionsGroup
13818:             3             48  com.intellij.xml.index.SchemaTypeInheritanceIndex$2
13819:             3             48  com.intellij.xml.index.XmlNamespaceIndex$2
13820:             1             48  com.jediterm.pty.PtyProcessTtyConnector
13821:             2             48  com.jediterm.terminal.RequestOrigin
13822:             2             48  com.jediterm.terminal.model.LinesBuffer
13823:             3             48  com.jetbrains.jsonSchema.JsonSchemaVfsListener$1
13824:             3             48  com.jetbrains.jsonSchema.impl.JsonSchemaServiceImpl$$Lambda$1169/1818800579
13825:             3             48  com.jetbrains.jsonSchema.impl.JsonSchemaServiceImpl$$Lambda$1170/1085004524
13826:             3             48  com.jetbrains.plugins.reactnative.ReactNativePackagerBeforeRunTaskProvider
13827:             1             48  com.jetbrains.plugins.remotesdk.tools.RemoteExternalToolActionGroup
13828:             3             48  com.jetbrains.plugins.remotesdk.tools.RemoteToolBeforeRunTaskProvider
13829:             3             48  com.jetbrains.plugins.webDeployment.DeploymentNotificationsComponent
13830:             3             48  com.jetbrains.plugins.webDeployment.UploadBeforeRunTaskProvider
13831:             2             48  com.jetbrains.plugins.webDeployment.actions.createproject.CreateWebProjectAction
13832:             2             48  com.jetbrains.quirksmode.CssDeclarationPattern$5
13833:             2             48  com.jetbrains.quirksmode.CssRulesetPattern
13834:             2             48  com.jetbrains.quirksmode.CssSelectorPattern$1
13835:             1             48  com.pty4j.windows.WinPty
13836:             2             48  com.rover12421.exTENdS.exTENdS.SyNcHroNiZEd
13837:             2             48  com.rover12421.exTENdS.exTENdS.ThrOWS.INSTaNCEOF
13838:             2             48  com.rover12421.exTENdS.exTENdS.ThrOWS.SYnCHRoNizeD
13839:             2             48  com.rover12421.exTENdS.exTENdS.ThrOWS.SYnCHRoNizeD
13840:             3             48  com.sixrr.inspectjs.confusing.PointlessArithmeticExpressionJSInspection$PointlessArithmeticFix
13841:             3             48  com.sixrr.inspectjs.confusing.PointlessBooleanExpressionJSInspection$BooleanLiteralComparisonFix
13842:             3             48  com.sixrr.inspectjs.control.TrivialIfJSInspection$TrivialIfFix
13843:             3             48  com.sixrr.inspectjs.control.UnnecessaryContinueJSInspection$UnnecessaryContinueFix
13844:             3             48  com.sixrr.inspectjs.control.UnnecessaryLabelOnBreakStatementJSInspection$UnnecessaryLabelOnBreakStatementFix
13845:             3             48  com.sixrr.inspectjs.control.UnnecessaryLabelOnContinueStatementJSInspection$UnnecessaryLabelOnContinueStatementFix
13846:             3             48  com.sixrr.inspectjs.control.UnnecessaryReturnJSInspection$UnnecessaryReturnFix
13847:             1             48  com.sixrr.xrp.RefactorXMenuGroup
13848:             2             48  com.siyeh.ig.controlflow.PointlessNullCheckInspection$DoNotReportOnCallsFix
13849:             2             48  com.siyeh.ig.controlflow.PointlessNullCheckInspection$PointlessNullCheckFix
13850:             2             48  com.siyeh.ig.psiutils.EquivalenceChecker$Match
13851:             2             48  com.siyeh.ig.redundancy.RedundantStringOperationInspection$FixType
13852:             2             48  com.siyeh.ig.redundancy.RedundantStringOperationInspection$RemoveRedundantStringCallFix
13853:             1             48  com.siyeh.ig.resources.AutoCloseableResourceInspection
13854:             2             48  com.sun.jmx.mbeanserver.ClassLoaderRepositorySupport$LoaderEntry
13855:             1             48  com.sun.jmx.mbeanserver.DefaultMXBeanMappingFactory$Mappings
13856:             1             48  com.sun.jmx.mbeanserver.MBeanIntrospector$MBeanInfoMap
13857:             1             48  com.sun.jmx.mbeanserver.MBeanIntrospector$PerInterfaceMap
13858:             2             48  com.sun.jmx.mbeanserver.WeakIdentityHashMap
13859:             1             48  com.sun.jna.win32.W32APIOptions$1
13860:             1             48  com.sun.jna.win32.W32APIOptions$2
13861:             2             48  com.sun.jna.win32.W32APITypeMapper
13862:             3             48  com.sun.proxy.$Proxy108
13863:             3             48  com.sun.proxy.$Proxy120
13864:             3             48  com.sun.proxy.$Proxy129
13865:             3             48  com.sun.proxy.$Proxy130
13866:             3             48  com.sun.proxy.$Proxy133
13867:             3             48  com.sun.proxy.$Proxy135
13868:             3             48  com.sun.proxy.$Proxy145
13869:             3             48  com.sun.proxy.$Proxy148
13870:             3             48  com.sun.proxy.$Proxy150
13871:             3             48  com.sun.proxy.$Proxy151
13872:             3             48  com.sun.proxy.$Proxy155
13873:             3             48  com.sun.proxy.$Proxy161
13874:             3             48  com.sun.proxy.$Proxy162
13875:             3             48  com.sun.proxy.$Proxy188
13876:             3             48  com.sun.proxy.$Proxy2
13877:             3             48  com.sun.proxy.$Proxy63
13878:             3             48  com.sun.proxy.$Proxy70
13879:             3             48  com.sun.proxy.$Proxy71
13880:             3             48  com.sun.proxy.$Proxy72
13881:             3             48  com.sun.proxy.$Proxy76
13882:             3             48  com.sun.proxy.$Proxy77
13883:             3             48  com.sun.proxy.$Proxy79
13884:             3             48  com.sun.proxy.$Proxy83
13885:             3             48  com.sun.proxy.$Proxy84
13886:             3             48  com.sun.proxy.$Proxy85
13887:             3             48  com.sun.proxy.$Proxy93
13888:             3             48  com.sun.proxy.$Proxy94
13889:             3             48  com.sun.proxy.$Proxy95
13890:             2             48  com.sun.tools.javac.main.Option$ChoiceKind
13891:             2             48  com.zeroturnaround.http.JVMProxyProvider
13892:             2             48  com.zeroturnaround.http.PreferencesProxyProvider$Proxy
13893:             2             48  com.zeroturnaround.http.proxy.ProxySource$Context
13894:             1             48  com.zeroturnaround.javarebel.idea.plugin.facet.JRebelFacet
13895:             1             48  com.zeroturnaround.javarebel.idea.plugin.facet.JRebelFacetConfiguration
13896:             3             48  com.zeroturnaround.javarebel.idea.plugin.feature.autocompile.AutoCompileProjectComponent
13897:             3             48  com.zeroturnaround.javarebel.idea.plugin.guide.actions.SetupGuideProjectComponent
13898:             3             48  com.zeroturnaround.javarebel.idea.plugin.notifications.IdeaNotificationServer
13899:             3             48  com.zeroturnaround.javarebel.idea.plugin.runner.BootstrapPreGenerator
13900:             3             48  com.zeroturnaround.javarebel.idea.plugin.settings.IntelliJStorage
13901:             1             48  com.zeroturnaround.javarebel.idea.plugin.toolwindow.actions.ToolWindowOpenFacet
13902:             2             48  com.zeroturnaround.javarebel.idea.plugin.xml.XMLEntity$XMLLocation
13903:             3             48  com.zeroturnaround.javarebel.idea.plugin.xml.external.ExternalAutoConvertProjectComponent
13904:             3             48  com.zeroturnaround.javarebel.idea.plugin.xml.external.ExternalXmlBuildHook$$Lambda$1
13905:             2             48  com.zeroturnaround.jrebel.ide.common.BooleanProperty
13906:             2             48  com.zeroturnaround.jrebel.ide.common.CoreType
13907:             3             48  de.plushnikov.intellij.plugin.extension.LombokElementFinder
13908:             1             48  de.plushnikov.intellij.plugin.extension.postfix.LombokValPostfixTemplate
13909:             1             48  de.plushnikov.intellij.plugin.extension.postfix.LombokVarPostfixTemplate
13910:             3             48  de.plushnikov.intellij.plugin.lombokconfig.LombokConfigIndex$2
13911:             3             48  de.plushnikov.intellij.plugin.processor.handler.DelegateHandler
13912:             2             48  de.plushnikov.intellij.plugin.settings.LombokPluginState
13913:             1             48  freemarker.cache.SoftCacheStorage$SoftValueReference
13914:             1             48  freemarker.cache.TemplateCache
13915:             1             48  freemarker.core.MixedContent
13916:             2             48  freemarker.ext.beans.StaticModels
13917:             2             48  freemarker.ext.beans._EnumModels
13918:             3             48  git4idea.GitRevisionSelector
13919:             3             48  git4idea.changes.GitCommittedChangeListProvider
13920:             3             48  git4idea.changes.GitOutgoingChangesProvider
13921:             3             48  git4idea.checkin.GitCommitAndPushExecutor
13922:             2             48  git4idea.commands.GitCommand$LockingPolicy
13923:             3             48  git4idea.commands.GitLineHandler$1$1
13924:             3             48  git4idea.config.GitSharedSettings
13925:             2             48  git4idea.config.GitVcsApplicationSettings$SshExecutable
13926:             2             48  git4idea.config.GitVcsApplicationSettings$State
13927:             2             48  git4idea.config.GitVcsSettings$UpdateChangesPolicy
13928:             3             48  git4idea.history.GitHistoryProvider
13929:             2             48  git4idea.history.GitLogParser$NameStatus
13930:             3             48  git4idea.log.GitRefManager$GitBranchLayoutComparator
13931:             3             48  git4idea.log.GitRefManager$GitLabelComparator
13932:             2             48  git4idea.repo.GitConfig
13933:             3             48  git4idea.repo.GitRepositoryCreator
13934:             2             48  git4idea.repo.GitRepositoryReader$$Lambda$1721/1391702459
13935:             3             48  git4idea.rollback.GitRollbackEnvironment
13936:             1             48  git4idea.ui.branch.GitBranchWidget
13937:             3             48  git4idea.util.GitVcsConsoleWriter
13938:             2             48  gnu.trove.TByteArrayList
13939:             2             48  io.netty.bootstrap.ServerBootstrap$ServerBootstrapAcceptor$2
13940:             2             48  io.netty.channel.AbstractChannel$AbstractUnsafe$7
13941:             2             48  io.netty.channel.ChannelMetadata
13942:             2             48  io.netty.channel.DefaultChannelPipeline$PendingHandlerAddedTask
13943:             2             48  io.netty.channel.nio.SelectedSelectionKeySet
13944:             2             48  io.netty.channel.nio.SelectedSelectionKeySetSelector
13945:             2             48  io.netty.util.ThreadDeathWatcher$Entry
13946:             3             48  java.awt.ComponentOrientation
13947:             2             48  java.awt.MediaTracker
13948:             2             48  java.awt.PointerInfo
13949:             1             48  java.awt.SequencedEvent
13950:             1             48  java.awt.event.KeyEvent$2
13951:             1             48  java.awt.event.WindowEvent
13952:             2             48  java.io.File$PathStatus
13953:             1             48  java.lang.invoke.BoundMethodHandle$Species_L4
13954:             2             48  java.lang.invoke.MethodHandles$Lookup
13955:             2             48  java.lang.management.MemoryType
13956:             2             48  java.lang.reflect.ReflectPermission
13957:             2             48  java.net.InetAddress$Cache
13958:             2             48  java.net.InetAddress$Cache$Type
13959:             1             48  java.net.NetworkInterface
13960:             2             48  java.net.ServerSocket
13961:             2             48  java.net.SocketPermissionCollection
13962:             2             48  java.net.StandardProtocolFamily
13963:             2             48  java.nio.charset.CoderResult
13964:             3             48  java.nio.charset.CodingErrorAction
13965:             2             48  java.security.AllPermissionCollection
13966:             3             48  java.text.AttributedCharacterIterator$Attribute
13967:             1             48  java.text.AttributedString$AttributedStringIterator
13968:             2             48  java.time.LocalDate
13969:             2             48  java.time.LocalDateTime
13970:             2             48  java.time.format.DateTimeFormatterBuilder$1
13971:             2             48  java.time.format.DateTimeFormatterBuilder$ZoneIdPrinterParser
13972:             2             48  java.time.format.DateTimeTextProvider$LocaleStore
13973:             3             48  java.util.Base64$Decoder
13974:             2             48  java.util.Collections$3
13975:             2             48  java.util.Collections$UnmodifiableSortedSet
13976:             2             48  java.util.EnumMap$EntryIterator$Entry
13977:             2             48  java.util.logging.Logger$LoggerBundle
13978:             3             48  java.util.regex.Pattern$CharPropertyNames$16
13979:             2             48  java.util.stream.Collectors$$Lambda$554/443638997
13980:             2             48  java.util.stream.ReduceOps$2
13981:             2             48  java.util.stream.ReduceOps$2ReducingSink
13982:             1             48  javassist.compiler.KeywordTable
13983:             2             48  javax.crypto.CryptoPermissions
13984:             2             48  javax.net.ssl.SSLContext
13985:             2             48  javax.swing.AbstractButton$ButtonActionPropertyChangeListener
13986:             1             48  javax.swing.TransferHandler$DropHandler
13987:             3             48  javax.swing.TransferHandler$TransferAction
13988:             1             48  javax.swing.UIDefaults$TextAndMnemonicHashMap
13989:             1             48  javax.swing.UIManager$LAFState
13990:             3             48  javax.swing.event.DocumentEvent$EventType
13991:             3             48  javax.swing.event.HyperlinkEvent$EventType
13992:             2             48  javax.swing.event.RowSorterEvent$Type
13993:             3             48  javax.swing.plaf.basic.BasicBorders$MarginBorder
13994:             1             48  javax.swing.plaf.basic.BasicDirectoryModel
13995:             1             48  javax.swing.plaf.basic.BasicPopupMenuUI$MenuKeyboardHelper
13996:             3             48  javax.swing.plaf.basic.BasicRootPaneUI$Actions
13997:             1             48  javax.swing.plaf.basic.BasicTextUI$TextTransferHandler
13998:             2             48  javax.swing.text.DefaultEditorKit$DefaultKeyTypedAction
13999:             2             48  javax.swing.text.DefaultEditorKit$DeleteWordAction
14000:             1             48  javax.swing.text.html.HTMLEditorKit$InsertHRAction
14001:             2             48  javax.swing.text.html.StyleSheet$BoxPainter$HorizontalMargin
14002:             2             48  javax.xml.bind.annotation.XmlAccessOrder
14003:             2             48  kotlin.UnsafeLazyImpl
14004:             2             48  kotlin.collections.CollectionsKt___CollectionsKt$withIndex$1
14005:             2             48  kotlin.reflect.jvm.internal.KDeclarationContainerImpl$MemberBelonginess
14006:             2             48  kotlin.reflect.jvm.internal.WeakClassLoaderBox
14007:             3             48  kotlin.reflect.jvm.internal.impl.descriptors.impl.AbstractClassDescriptor$1
14008:             3             48  kotlin.reflect.jvm.internal.impl.descriptors.impl.AbstractClassDescriptor$2
14009:             3             48  kotlin.reflect.jvm.internal.impl.descriptors.impl.AbstractClassDescriptor$3
14010:             2             48  kotlin.reflect.jvm.internal.impl.load.java.components.TypeUsage
14011:             2             48  kotlin.reflect.jvm.internal.impl.load.java.structure.LightClassOriginKind
14012:             2             48  kotlin.reflect.jvm.internal.impl.load.java.typeEnhancement.MutabilityQualifier
14013:             3             48  kotlin.reflect.jvm.internal.impl.protobuf.ExtensionRegistryLite
14014:             1             48  kotlin.reflect.jvm.internal.impl.serialization.deserialization.ProtoContainer$Class
14015:             3             48  kotlin.reflect.jvm.internal.impl.serialization.deserialization.TypeTable
14016:             2             48  kotlin.reflect.jvm.internal.impl.serialization.deserialization.descriptors.DeserializedMemberScope$classNames$2
14017:             2             48  kotlin.reflect.jvm.internal.impl.serialization.deserialization.descriptors.DeserializedMemberScope$functionNamesLazy$2
14018:             2             48  kotlin.reflect.jvm.internal.impl.serialization.deserialization.descriptors.DeserializedMemberScope$functions$1
14019:             2             48  kotlin.reflect.jvm.internal.impl.serialization.deserialization.descriptors.DeserializedMemberScope$properties$1
14020:             2             48  kotlin.reflect.jvm.internal.impl.serialization.deserialization.descriptors.DeserializedMemberScope$typeAliasByName$1
14021:             2             48  kotlin.reflect.jvm.internal.impl.serialization.deserialization.descriptors.DeserializedMemberScope$variableNamesLazy$2
14022:             1             48  kotlin.reflect.jvm.internal.impl.serialization.jvm.JvmProtoBuf$JvmPropertySignature
14023:             2             48  kotlin.reflect.jvm.internal.impl.storage.LockBasedStorageManager$LockBasedLazyValue
14024:             2             48  kotlin.reflect.jvm.internal.pcollections.HashPMap
14025:             2             48  kotlin.reflect.jvm.internal.pcollections.HashPMap
14026:             2             48  kotlin.sequences.TransformingSequence$iterator$1
14027:             1             48  net.sourceforge.pmd.lang.rule.properties.EnumeratedProperty
14028:             2             48  one.util.streamex.StreamContext
14029:             3             48  org.angularjs.codeInsight.Angular2ServiceCompletionContributor
14030:             3             48  org.angularjs.editor.Angular2Injector
14031:             3             48  org.angularjs.editor.AngularJSInjector
14032:             3             48  org.angularjs.lang.AngularJSErrorFilter
14033:             3             48  org.angularjs.service.Angular2LanguageServiceProvider
14034:             3             48  org.angularjs.service.Angular2LanguageServiceProvider$$Lambda$631/666957463
14035:             1             48  org.apache.commons.logging.impl.LogFactoryImpl
14036:             3             48  org.apache.http.config.Registry
14037:             2             48  org.apache.http.conn.routing.RouteInfo$LayerType
14038:             2             48  org.apache.http.conn.routing.RouteInfo$TunnelType
14039:             1             48  org.apache.http.impl.conn.DefaultHttpResponseParser
14040:             2             48  org.apache.http.impl.cookie.BrowserCompatSpecFactory$SecurityLevel
14041:             2             48  org.apache.http.impl.cookie.RFC2965SpecFactory
14042:             2             48  org.apache.http.impl.io.HttpTransportMetricsImpl
14043:             2             48  org.apache.http.protocol.ImmutableHttpProcessor
14044:             2             48  org.apache.http.util.ByteArrayBuffer
14045:             2             48  org.apache.http.util.CharArrayBuffer
14046:             1             48  org.apache.log4j.Hierarchy
14047:             1             48  org.apache.log4j.helpers.PatternParser
14048:             1             48  org.apache.oro.text.regex.Perl5Repetition
14049:             1             48  org.apache.velocity.runtime.directive.Define
14050:             2             48  org.apache.velocity.util.introspection.Introspector
14051:             2             48  org.apache.velocity.util.introspection.IntrospectorCacheImpl
14052:             2             48  org.apache.xerces.impl.XMLDocumentFragmentScannerImpl$ElementStack
14053:             2             48  org.apache.xerces.impl.XMLEntityManager$CharacterBuffer
14054:             2             48  org.apache.xerces.impl.XMLNSDocumentScannerImpl$NSContentDispatcher
14055:             2             48  org.apache.xerces.impl.dtd.DTDGrammarBucket
14056:             2             48  org.apache.xerces.impl.dtd.XMLAttributeDecl
14057:             3             48  org.apache.xerces.impl.dv.dtd.ListDatatypeValidator
14058:             2             48  org.apache.xerces.impl.msg.XMLMessageFormatter
14059:             2             48  org.apache.xerces.impl.validation.ValidationManager
14060:             2             48  org.apache.xerces.impl.xs.util.ShortListImpl
14061:             3             48  org.coffeescript.highlighter.CoffeeScriptErrorFilter
14062:             3             48  org.coffeescript.lang.injection.CoffeeScriptInjector
14063:             3             48  org.coffeescript.lang.injection.CoffeeScriptJSLanguageInjector
14064:             3             48  org.coffeescript.lang.injection.CoffeeScriptSqlLanguageInjector
14065:             3             48  org.coffeescript.run.before.CoffeeScriptSourceMapTaskProvider
14066:             3             48  org.editorconfig.plugincomponents.SettingsProviderComponent$$Lambda$1015/1708523453
14067:             2             48  org.ini4j.BasicOptionMap$Access
14068:             1             48  org.ini4j.Config
14069:             2             48  org.intellij.images.options.impl.ImagesConfigurable
14070:             2             48  org.intellij.images.options.impl.ImagesOptionsComponent$TextDocumentOptionsListener
14071:             3             48  org.intellij.lang.regexp.RegExpCompletionContributor$CharacterClassesNameCompletionProvider
14072:             3             48  org.intellij.lang.regexp.RegExpCompletionContributor$PropertyCompletionProvider
14073:             3             48  org.intellij.lang.regexp.RegExpCompletionContributor$PropertyNameCompletionProvider
14074:             2             48  org.intellij.lang.regexp.RegExpHighlighter
14075:             2             48  org.intellij.lang.regexp.psi.impl.RegExpClassImpl
14076:             2             48  org.intellij.lang.xpath.context.XPathVersion
14077:             3             48  org.intellij.lang.xpath.xslt.impl.XPathLanguageInjector
14078:             3             48  org.intellij.lang.xpath.xslt.impl.XsltTreeStructureProvider
14079:             1             48  org.intellij.plugins.intelliLang.Configuration$AdvancedConfiguration
14080:             3             48  org.intellij.plugins.intelliLang.inject.CommentLanguageInjector$1
14081:             3             48  org.intellij.plugins.intelliLang.inject.TemporaryPlacesInjector
14082:             3             48  org.intellij.plugins.intelliLang.inject.TemporaryPlacesRegistry$1
14083:             1             48  org.intellij.plugins.intelliLang.inject.config.XPathSupportProxyImpl$Provider$1
14084:             3             48  org.intellij.plugins.intelliLang.inject.groovy.GrConcatenation2InjectorAdapter
14085:             3             48  org.intellij.plugins.intelliLang.inject.groovy.GrConcatenationInjector
14086:             3             48  org.intellij.plugins.markdown.injection.CodeFenceInjector
14087:             3             48  org.intellij.plugins.markdown.injection.CodeFenceTemporaryLangInjector
14088:             2             48  org.intellij.plugins.markdown.lang.MarkdownLazyElementType
14089:             1             48  org.intellij.plugins.relaxNG.RngDomFileDescription$RngChoiceDescription
14090:             1             48  org.intellij.plugins.relaxNG.RngDomFileDescription$RngElementDescription
14091:             1             48  org.intellij.plugins.relaxNG.RngDomFileDescription$RngGrammarDescription
14092:             1             48  org.intellij.plugins.relaxNG.RngDomFileDescription$RngGroupDescription
14093:             1             48  org.intellij.plugins.relaxNG.RngDomFileDescription$RngInterleaveDescription
14094:             2             48  org.intellij.plugins.xpathView.XPathAppComponent
14095:             2             48  org.jaxen.expr.DefaultEqualsExpr
14096:             2             48  org.jaxen.expr.DefaultFilterExpr
14097:             2             48  org.jaxen.expr.DefaultUnionExpr
14098:             3             48  org.jaxen.function.BooleanFunction
14099:             3             48  org.jaxen.function.CeilingFunction
14100:             3             48  org.jaxen.function.ConcatFunction
14101:             3             48  org.jaxen.function.ContainsFunction
14102:             3             48  org.jaxen.function.CountFunction
14103:             3             48  org.jaxen.function.FalseFunction
14104:             3             48  org.jaxen.function.FloorFunction
14105:             3             48  org.jaxen.function.IdFunction
14106:             3             48  org.jaxen.function.LangFunction
14107:             3             48  org.jaxen.function.LastFunction
14108:             3             48  org.jaxen.function.LocalNameFunction
14109:             3             48  org.jaxen.function.NameFunction
14110:             3             48  org.jaxen.function.NamespaceUriFunction
14111:             3             48  org.jaxen.function.NormalizeSpaceFunction
14112:             3             48  org.jaxen.function.NotFunction
14113:             3             48  org.jaxen.function.NumberFunction
14114:             3             48  org.jaxen.function.PositionFunction
14115:             3             48  org.jaxen.function.RoundFunction
14116:             3             48  org.jaxen.function.StartsWithFunction
14117:             3             48  org.jaxen.function.StringFunction
14118:             3             48  org.jaxen.function.StringLengthFunction
14119:             3             48  org.jaxen.function.SubstringAfterFunction
14120:             3             48  org.jaxen.function.SubstringBeforeFunction
14121:             3             48  org.jaxen.function.SubstringFunction
14122:             3             48  org.jaxen.function.SumFunction
14123:             3             48  org.jaxen.function.TranslateFunction
14124:             3             48  org.jaxen.function.TrueFunction
14125:             3             48  org.jaxen.function.ext.EndsWithFunction
14126:             3             48  org.jaxen.function.ext.EvaluateFunction
14127:             3             48  org.jaxen.function.ext.LowerFunction
14128:             3             48  org.jaxen.function.ext.UpperFunction
14129:             3             48  org.jaxen.function.xslt.DocumentFunction
14130:             1             48  org.jetbrains.android.actions.AndroidToolsActionGroup
14131:             1             48  org.jetbrains.android.actions.CreateMultiRootResourceFileAction
14132:             1             48  org.jetbrains.android.actions.CreateResourceFileActionGroup$1
14133:             1             48  org.jetbrains.android.actions.CreateResourceFileActionGroup$2
14134:             1             48  org.jetbrains.android.actions.CreateResourceFileActionGroup$3
14135:             1             48  org.jetbrains.android.actions.CreateResourceFileActionGroup$4
14136:             1             48  org.jetbrains.android.actions.CreateResourceFileActionGroup$5
14137:             3             48  org.jetbrains.android.compiler.AndroidPrecompileTask
14138:             3             48  org.jetbrains.android.database.AndroidDataSourceProjectComponent
14139:             3             48  org.jetbrains.android.database.AndroidDataSourceStorage
14140:             1             48  org.jetbrains.android.dom.lint.LintSettingsFileDescription
14141:             1             48  org.jetbrains.android.dom.manifest.ManifestDomFileDescription
14142:             1             48  org.jetbrains.android.dom.resources.ResourcesDomFileDescription
14143:             2             48  org.jetbrains.builtInWebServer.BuiltInServerOptions
14144:             1             48  org.jetbrains.idea.devkit.dom.impl.PluginDescriptorDomFileDescription
14145:             3             48  org.jetbrains.idea.devkit.testAssistant.TestDataHighlightingPassFactory
14146:             3             48  org.jetbrains.idea.devkit.util.PsiUtil$$Lambda$3661/963996569
14147:             1             48  org.jetbrains.idea.maven.dom.MavenDomOldProfilesModelDescription
14148:             1             48  org.jetbrains.idea.maven.dom.MavenDomPluginModelDescription
14149:             1             48  org.jetbrains.idea.maven.dom.MavenDomProfilesModelDescription
14150:             1             48  org.jetbrains.idea.maven.dom.MavenDomProjectModelDescription
14151:             1             48  org.jetbrains.idea.maven.dom.MavenDomSettingsModelDescription
14152:             1             48  org.jetbrains.idea.maven.dom.generate.MavenGenerateDomActionGroup
14153:             2             48  org.jetbrains.idea.maven.indices.MavenIndex$Kind
14154:             3             48  org.jetbrains.idea.maven.indices.MavenIndex$MyIndexRepositoryIdsProvider
14155:             1             48  org.jetbrains.idea.maven.indices.MavenIndicesManager
14156:             3             48  org.jetbrains.idea.maven.indices.MavenProjectIndicesManager$1
14157:             3             48  org.jetbrains.idea.maven.indices.MavenProjectIndicesManager$2
14158:             3             48  org.jetbrains.idea.maven.model.MavenWorkspaceMap
14159:             3             48  org.jetbrains.idea.maven.navigator.MavenProjectsNavigator$1
14160:             3             48  org.jetbrains.idea.maven.navigator.MavenProjectsNavigator$2
14161:             3             48  org.jetbrains.idea.maven.navigator.MavenProjectsNavigator$3
14162:             3             48  org.jetbrains.idea.maven.navigator.MavenProjectsNavigator$MyProjectsListener
14163:             1             48  org.jetbrains.idea.maven.navigator.MavenProjectsStructure
14164:             2             48  org.jetbrains.idea.maven.navigator.MavenProjectsStructure$ErrorLevel
14165:             1             48  org.jetbrains.idea.maven.navigator.actions.MavenRunConfigurationMenu
14166:             3             48  org.jetbrains.idea.maven.project.MavenProjectsManager$1
14167:             3             48  org.jetbrains.idea.maven.project.MavenProjectsManager$4
14168:             3             48  org.jetbrains.idea.maven.project.MavenProjectsManager$5
14169:             3             48  org.jetbrains.idea.maven.project.MavenProjectsTree$1
14170:             1             48  org.jetbrains.idea.maven.project.actions.DownloadActionGroup
14171:             2             48  org.jetbrains.idea.maven.server.MavenServerSettings$UpdatePolicy
14172:             3             48  org.jetbrains.idea.maven.tasks.MavenBeforeRunTasksProvider
14173:             3             48  org.jetbrains.idea.maven.utils.MavenEditorTabTitleUpdater
14174:             3             48  org.jetbrains.idea.maven.utils.MavenEditorTabTitleUpdater$1
14175:             3             48  org.jetbrains.idea.maven.utils.MavenImportNotifier$1
14176:             2             48  org.jetbrains.idea.maven.utils.MavenMergingUpdateQueue$3
14177:             1             48  org.jetbrains.idea.maven.utils.actions.MavenActionGroup
14178:             1             48  org.jetbrains.idea.perforce.actions.PerforceMenu
14179:             3             48  org.jetbrains.idea.perforce.application.PerforceLocalChangeListDecorator
14180:             2             48  org.jetbrains.io.BuiltInServer
14181:             2             48  org.jetbrains.jps.api.CmdlineRemoteProto$Message$Builder
14182:             2             48  org.jetbrains.jps.api.CmdlineRemoteProto$Message$ControllerMessage$Builder
14183:             2             48  org.jetbrains.jps.api.CmdlineRemoteProto$Message$ControllerMessage$FSEvent$Builder
14184:             2             48  org.jetbrains.jps.api.CmdlineRemoteProto$Message$ControllerMessage$GlobalSettings$Builder
14185:             2             48  org.jetbrains.jps.api.CmdlineRemoteProto$Message$ControllerMessage$ParametersMessage$Builder
14186:             2             48  org.jetbrains.jps.api.CmdlineRemoteProto$Message$UUID$Builder
14187:             2             48  org.jetbrains.jps.builders.java.JavaModuleBuildTargetType
14188:             2             48  org.jetbrains.jps.model.java.JavaSourceRootProperties
14189:             3             48  org.jetbrains.jps.model.serialization.artifact.ArtifactManagerState
14190:             3             48  org.jetbrains.kotlin.android.actions.KotlinNewActivityNotification
14191:             3             48  org.jetbrains.kotlin.android.facet.KotlinAndroidStartupManager
14192:             3             48  org.jetbrains.kotlin.android.parcel.IDEParcelableResolveExtension
14193:             3             48  org.jetbrains.kotlin.android.synthetic.AndroidExtensionPropertiesComponentContainerContributor
14194:             3             48  org.jetbrains.kotlin.android.synthetic.idea.res.IDEAndroidPackageFragmentProviderExtension
14195:             3             48  org.jetbrains.kotlin.asJava.finder.JavaElementFinder$$Lambda$814/28944536
14196:             2             48  org.jetbrains.kotlin.builtins.functions.BuiltInFictitiousFunctionClassFactory
14197:             2             48  org.jetbrains.kotlin.config.TargetPlatformKind$Jvm
14198:             3             48  org.jetbrains.kotlin.container.ComponentRegistry
14199:             3             48  org.jetbrains.kotlin.descriptors.ModuleDescriptor$Capability
14200:             2             48  org.jetbrains.kotlin.descriptors.NotFoundClasses$classes$1
14201:             2             48  org.jetbrains.kotlin.descriptors.NotFoundClasses$packageFragments$1
14202:             2             48  org.jetbrains.kotlin.descriptors.impl.AbstractTypeParameterDescriptor$TypeParameterTypeConstructor
14203:             2             48  org.jetbrains.kotlin.descriptors.impl.ModuleDependenciesImpl
14204:             2             48  org.jetbrains.kotlin.descriptors.impl.ModuleDescriptorImpl$packages$1
14205:             1             48  org.jetbrains.kotlin.idea.actions.KotlinActionGroup
14206:             3             48  org.jetbrains.kotlin.idea.caches.KotlinPackageContentModificationListener
14207:             2             48  org.jetbrains.kotlin.idea.caches.KotlinPackageContentModificationListener$1$onEvents$2
14208:             3             48  org.jetbrains.kotlin.idea.caches.KotlinPackageStatementPsiTreeChangePreprocessor
14209:             3             48  org.jetbrains.kotlin.idea.caches.KotlinShortNamesCache
14210:             2             48  org.jetbrains.kotlin.idea.caches.resolve.CompositeExceptionTracker
14211:             1             48  org.jetbrains.kotlin.idea.caches.resolve.KotlinCacheServiceImpl$facadesForScriptDependencies$1
14212:             1             48  org.jetbrains.kotlin.idea.caches.resolve.KotlinCacheServiceImpl$globalFacadesPerPlatformAndSdk$1
14213:             3             48  org.jetbrains.kotlin.idea.caches.resolve.ModuleProductionSourceInfo$dependencies$1
14214:             2             48  org.jetbrains.kotlin.idea.caches.resolve.PlatformAnalysisSettings
14215:             3             48  org.jetbrains.kotlin.idea.caches.resolve.ProjectResolutionFacade$analysisResults$1
14216:             3             48  org.jetbrains.kotlin.idea.caches.resolve.ProjectResolutionFacade$cachedValue$1
14217:             3             48  org.jetbrains.kotlin.idea.compiler.KotlinCompilerManager
14218:             3             48  org.jetbrains.kotlin.idea.completion.LookupCancelWatcher$lookupCancelListener$1
14219:             3             48  org.jetbrains.kotlin.idea.configuration.KotlinSetupEnvironmentNotificationProvider
14220:             3             48  org.jetbrains.kotlin.idea.core.script.BundledKotlinScriptDependenciesResolver
14221:             3             48  org.jetbrains.kotlin.idea.core.script.dependencies.JavaClassesInScriptDependenciesShortNameCache
14222:             3             48  org.jetbrains.kotlin.idea.debugger.KotlinAlternativeSourceNotificationProvider
14223:             1             48  org.jetbrains.kotlin.idea.decompiler.builtIns.KotlinBuiltInDecompiler
14224:             2             48  org.jetbrains.kotlin.idea.decompiler.common.KotlinMetadataDecompiler$stubBuilder$1
14225:             1             48  org.jetbrains.kotlin.idea.decompiler.js.KotlinJavaScriptMetaFileDecompiler
14226:             2             48  org.jetbrains.kotlin.idea.editor.KotlinEditorOptionsConfigurable
14227:             2             48  org.jetbrains.kotlin.idea.formatter.KotlinCommonCodeStyleSettings$SupportedFieldsDiffFilter
14228:             3             48  org.jetbrains.kotlin.idea.highlighter.KotlinBeforeResolveHighlightingPass$Factory
14229:             3             48  org.jetbrains.kotlin.idea.highlighter.ScriptExternalHighlightingPass$Factory
14230:             3             48  org.jetbrains.kotlin.idea.injection.KotlinLanguageInjector$injectableTargetClassShortNames$1
14231:             3             48  org.jetbrains.kotlin.idea.internal.DecompiledFileWritingAccessProvider
14232:             3             48  org.jetbrains.kotlin.idea.maven.KotlinImporterComponent$State
14233:             3             48  org.jetbrains.kotlin.idea.project.KotlinCodeBlockModificationListener$2
14234:             3             48  org.jetbrains.kotlin.idea.project.PlatformKt$createCachedValueForLanguageVersionSettings$1
14235:             3             48  org.jetbrains.kotlin.idea.project.ProjectStructureUtil$1
14236:             3             48  org.jetbrains.kotlin.idea.projectView.KotlinExpandNodeProjectViewProvider
14237:             3             48  org.jetbrains.kotlin.idea.projectView.KotlinSelectInProjectViewProvider
14238:             3             48  org.jetbrains.kotlin.idea.refactoring.cutPaste.MoveDeclarationsPassFactory
14239:             3             48  org.jetbrains.kotlin.idea.spring.el.KotlinSpringELInjector
14240:             2             48  org.jetbrains.kotlin.idea.versions.KotlinJsMetadataVersionIndex
14241:             2             48  org.jetbrains.kotlin.idea.versions.KotlinJvmMetadataVersionIndex
14242:             3             48  org.jetbrains.kotlin.idea.versions.UnsupportedAbiVersionNotificationPanelProvider$updateNotifications$1
14243:             2             48  org.jetbrains.kotlin.idea.vfilefinder.KotlinClassFileIndex
14244:             2             48  org.jetbrains.kotlin.idea.vfilefinder.KotlinJavaScriptMetaFileIndex
14245:             2             48  org.jetbrains.kotlin.load.java.components.TypeUsage
14246:             2             48  org.jetbrains.kotlin.load.java.lazy.NullabilityQualifierWithApplicability
14247:             2             48  org.jetbrains.kotlin.load.java.structure.LightClassOriginKind
14248:             2             48  org.jetbrains.kotlin.load.java.typeEnhancement.MutabilityQualifier
14249:             2             48  org.jetbrains.kotlin.load.java.typeEnhancement.NullabilityQualifierWithMigrationStatus
14250:             2             48  org.jetbrains.kotlin.load.kotlin.ModuleMapping
14251:             3             48  org.jetbrains.kotlin.noarg.ide.IdeNoArgComponentContainerContributor
14252:             2             48  org.jetbrains.kotlin.psi.PlainTextArgumentType
14253:             2             48  org.jetbrains.kotlin.psi.PsiElementArgumentType
14254:             3             48  org.jetbrains.kotlin.resolve.scopes.LazyScopeAdapter
14255:             3             48  org.jetbrains.kotlin.samWithReceiver.ide.IdeSamWithReceiverComponentContributor$cache$1
14256:             3             48  org.jetbrains.kotlin.script.ScriptContentLoader
14257:             2             48  org.jetbrains.kotlin.serialization.deserialization.AnnotationAndConstantLoaderImpl
14258:             2             48  org.jetbrains.kotlin.serialization.deserialization.ClassDeserializer
14259:             2             48  org.jetbrains.kotlin.serialization.deserialization.ClassDeserializer$classes$1
14260:             2             48  org.jetbrains.kotlin.serialization.deserialization.DeserializedPackageFragmentImpl$computeMemberScope$1
14261:             2             48  org.jetbrains.kotlin.serialization.deserialization.descriptors.DeserializedTypeParameterDescriptor$annotations$1
14262:             1             48  org.jetbrains.kotlin.serialization.jvm.JvmProtoBuf$JvmPropertySignature
14263:             3             48  org.jetbrains.plugins.cucumber.java.CucumberJavaInjector
14264:             3             48  org.jetbrains.plugins.gradle.codeInsight.UseDistributionWithSourcesNotificationProvider
14265:             3             48  org.jetbrains.plugins.gradle.config.DelegatingGradleSettingsListenerAdapter
14266:             3             48  org.jetbrains.plugins.gradle.config.GradleClassFinder$$Lambda$807/1985953555
14267:             3             48  org.jetbrains.plugins.gradle.projectView.GradleTreeStructureProvider
14268:             2             48  org.jetbrains.plugins.gradle.service.project.data.javaee.GradleArtifactProperties
14269:             3             48  org.jetbrains.plugins.gradle.settings.GradleSettings$MyState
14270:             3             48  org.jetbrains.plugins.grails.addins.js.GrailsJavaScriptInjector
14271:             3             48  org.jetbrains.plugins.grails.editor.GrailsEditorDecorator
14272:             1             48  org.jetbrains.plugins.grails.editor.toolbar.GoToControllerAction
14273:             1             48  org.jetbrains.plugins.grails.editor.toolbar.GoToDomainAction
14274:             1             48  org.jetbrains.plugins.grails.editor.toolbar.GoToServiceAction
14275:             3             48  org.jetbrains.plugins.grails.lang.gsp.GspCssInjector
14276:             3             48  org.jetbrains.plugins.grails.lang.gsp.GspErrorFilter
14277:             3             48  org.jetbrains.plugins.grails.lang.gsp.psi.gsp.impl.gtag.GspTagRuleProvider
14278:             3             48  org.jetbrains.plugins.grails.pluginSupport.assetPipeline.AssetScriptInjector
14279:             3             48  org.jetbrains.plugins.grails.projectView.GrailsTreeStructureProvider
14280:             3             48  org.jetbrains.plugins.grails.references.constraints.GormRegexInjector
14281:             1             48  org.jetbrains.plugins.grails.util.GrailsArtifact$1
14282:             1             48  org.jetbrains.plugins.grails.util.GrailsArtifact$2
14283:             3             48  org.jetbrains.plugins.groovy.annotator.GrReferenceHighlighterFactory
14284:             1             48  org.jetbrains.plugins.groovy.codeInsight.GroovyLineMarkerProvider
14285:             3             48  org.jetbrains.plugins.groovy.codeInspection.local.GroovyUnusedImportsPassFactory
14286:             1             48  org.jetbrains.plugins.groovy.compiler.CheckResourcesAction$Group
14287:             3             48  org.jetbrains.plugins.groovy.compiler.GrBuildProcessParametersProvider
14288:             3             48  org.jetbrains.plugins.groovy.compiler.GreclipseIdeaCompiler
14289:             3             48  org.jetbrains.plugins.groovy.compiler.GroovyStubNotificationProvider
14290:             3             48  org.jetbrains.plugins.groovy.console.GroovyConsoleEditorDecorator
14291:             3             48  org.jetbrains.plugins.groovy.grails.annotator.GrailsForkSettingsNotificator
14292:             3             48  org.jetbrains.plugins.groovy.highlighter.GroovyDeclarationHighlightingPassFactory
14293:             3             48  org.jetbrains.plugins.groovy.intentions.declaration.GrChangeMemberVisibilityModifierBase$1
14294:             3             48  org.jetbrains.plugins.groovy.lang.psi.impl.javaView.GroovyClassFinder
14295:             3             48  org.jetbrains.plugins.groovy.lang.psi.impl.javaView.GroovyLightInnerClassFinder
14296:             2             48  org.jetbrains.plugins.groovy.lang.psi.patterns.GroovyAssignmentExpressionPattern$1
14297:             2             48  org.jetbrains.plugins.groovy.lang.psi.patterns.GroovyAssignmentExpressionPattern$3
14298:             2             48  org.jetbrains.plugins.groovy.lang.psi.patterns.GroovyClosurePattern
14299:             2             48  org.jetbrains.plugins.groovy.lang.psi.patterns.GroovyClosurePattern$inMethod$1
14300:             3             48  org.jetbrains.plugins.groovy.lang.psi.patterns.GroovyFieldPattern$1
14301:             3             48  org.jetbrains.plugins.groovy.lang.stubs.GroovyShortNamesCache
14302:             1             48  org.jetbrains.plugins.groovy.mvc.MvcActionGroup
14303:             3             48  org.jetbrains.plugins.groovy.mvc.MvcWatchedRootProvider
14304:             3             48  org.jetbrains.plugins.groovy.util.LightCacheKey
14305:             3             48  org.jetbrains.plugins.haml.filters.HamlFilterInjector
14306:             3             48  org.jetbrains.plugins.haml.highlighter.HamlInjectionErrorFilter
14307:             3             48  org.jetbrains.plugins.javaFX.fxml.JavaFxModuleUtil$$Lambda$2056/329123103
14308:             3             48  org.jetbrains.plugins.javaFX.fxml.JavaFxModuleUtil$$Lambda$2057/1074728734
14309:             3             48  org.jetbrains.plugins.javaFX.fxml.ScriptLanguageInjector
14310:             3             48  org.jetbrains.plugins.javaFX.indexing.FxmlDataExternalizer
14311:             3             48  org.jetbrains.plugins.sass.completion.SassScssPropertyNamesCompletionProvider
14312:             2             48  org.jetbrains.plugins.terminal.ValueWithDefault
14313:             3             48  org.jetbrains.uast.UastPostfixOperator
14314:             3             48  org.jetbrains.uast.UastSpecialExpressionKind
14315:             3             48  org.jetbrains.yaml.psi.YAMLPsiManager
14316:             2             48  org.kohsuke.rngom.util.Localizer
14317:             2             48  org.osmorc.settings.ApplicationSettings
14318:             2             48  org.picocontainer.defaults.CollectionComponentParameter
14319:             3             48  org.zeroturnaround.common.args.ArgFormatter
14320:             1             48  org.zeroturnaround.javarebel.reporting.MetricsExecutor
14321:             2             48  org.zeroturnaround.javarebel.reporting.backend.LazyInitMessageBackendDecorator
14322:             2             48  org.zeroturnaround.javarebel.reporting.backend.impl.SegmentIOBackend$METHOD
14323:             1             48  org.zeroturnaround.javarebel.reporting.stats.repository.impl.RepositoryMetricsStatistics$AppSizeStatsListener
14324:             1             48  org.zeroturnaround.jrebel.client.logger.Log$BufferingLogger$1
14325:             2             48  org.zeroturnaround.jrebel.client.spi.JRebelClientSettings$AgentSelection
14326:             2             48  org.zeroturnaround.jrebel.ide.common.notifications.Repeat
14327:             2             48  org.zmlx.hg4idea.HgGlobalSettings$State
14328:             1             48  org.zmlx.hg4idea.action.HgMercurialMenu
14329:             3             48  org.zmlx.hg4idea.log.HgRefManager
14330:             3             48  org.zmlx.hg4idea.provider.HgDiffProvider
14331:             3             48  org.zmlx.hg4idea.provider.HgHistoryProvider
14332:             3             48  org.zmlx.hg4idea.provider.HgMergeProvider
14333:             3             48  org.zmlx.hg4idea.provider.HgRollbackEnvironment
14334:             3             48  org.zmlx.hg4idea.provider.annotate.HgAnnotationProvider
14335:             3             48  org.zmlx.hg4idea.provider.commit.HgCloseBranchExecutor
14336:             3             48  org.zmlx.hg4idea.provider.commit.HgCommitAndPushExecutor
14337:             3             48  org.zmlx.hg4idea.provider.commit.HgMQNewExecutor
14338:             3             48  org.zmlx.hg4idea.provider.update.HgUpdateConfigurationSettings
14339:             3             48  org.zmlx.hg4idea.repo.HgRepositoryCreator
14340:             2             48  sun.awt.MostRecentKeyValue
14341:             1             48  sun.awt.Symbol$Encoder
14342:             2             48  sun.awt.datatransfer.TransferableProxy
14343:             2             48  sun.awt.util.IdentityArrayList
14344:             1             48  sun.awt.windows.WDragSourceContextPeer
14345:             1             48  sun.awt.windows.WingDings$Encoder
14346:             2             48  sun.font.GlyphLayout$SDCache$SDKey
14347:             1             48  sun.font.ScriptRun
14348:             1             48  sun.java2d.SurfaceData$PixelToPgramLoopConverter
14349:             2             48  sun.java2d.cmm.lcms.LCMSProfile$TagCache
14350:             1             48  sun.java2d.loops.DrawGlyphListColor
14351:             1             48  sun.java2d.marlin.Stroker$PolyStack
14352:             2             48  sun.java2d.marlin.TransformingPathConsumer2D$DeltaScaleFilter
14353:             3             48  sun.java2d.pipe.PixelToShapeConverter
14354:             3             48  sun.java2d.pipe.SpanClipRenderer
14355:             2             48  sun.management.ManagementFactoryHelper$1
14356:             2             48  sun.misc.NativeSignalHandler
14357:             2             48  sun.misc.Signal
14358:             1             48  sun.net.www.http.KeepAliveCache
14359:             2             48  sun.nio.ch.PipeImpl
14360:             2             48  sun.nio.ch.WindowsSelectorImpl$FinishLock
14361:             2             48  sun.nio.ch.WindowsSelectorImpl$StartLock
14362:             1             48  sun.nio.cs.US_ASCII$Decoder
14363:             2             48  sun.nio.cs.ext.JIS_X_0208_MS5022X
14364:             2             48  sun.nio.cs.ext.JIS_X_0212_MS5022X
14365:             2             48  sun.security.jca.ProviderList
14366:             2             48  sun.security.jca.ProviderList$3
14367:             3             48  sun.security.ssl.AbstractTrustManagerWrapper
14368:             1             48  sun.security.ssl.CipherBox
14369:             3             48  sun.security.ssl.EphemeralKeyManager
14370:             2             48  sun.security.ssl.SSLAlgorithmConstraints
14371:             3             48  sun.security.ssl.SSLSocketFactoryImpl
14372:             3             48  sun.security.ssl.SessionId
14373:             2             48  sun.security.util.DisabledAlgorithmConstraints$UsageConstraint
14374:             2             48  sun.security.util.DisabledAlgorithmConstraints$jdkCAConstraint
14375:             1             48  sun.security.validator.PKIXValidator
14376:             2             48  sun.security.x509.CertificatePolicyMap
14377:             1             48  sun.text.normalizer.IntTrie
14378:             3             48  sun.text.normalizer.NormalizerBase$QuickCheckResult
14379:             3             48  sun.text.normalizer.Trie$DefaultGetFoldingOffset
14380:             3             48  sun.text.normalizer.VersionInfo
14381:             2             48  sun.util.locale.LocaleExtensions
14382:             1             40  [Lch.qos.logback.core.pattern.parser.TokenStream$TokenizerState;
14383:             1             40  [Lcom.alibaba.p3c.pmd.lang.java.rule.comment.RemoveCommentedCodeRule$CommentPatternEnum;
14384:             1             40  [Lcom.android.prefs.AndroidLocation$Global;
14385:             1             40  [Lcom.android.tools.idea.gradle.notification.ProjectSyncStatusNotificationProvider$NotificationPanel$Type;
14386:             1             40  [Lcom.android.tools.idea.gradle.project.sync.cleanup.ProjectCleanUpTask;
14387:             1             40  [Lcom.android.tools.idea.profiling.capture.CaptureType;
14388:             1             40  [Lcom.android.tools.idea.run.TargetSelectionMode;
14389:             1             40  [Lcom.android.tools.lint.detector.api.Severity;
14390:             1             40  [Lcom.google.common.cache.RemovalCause;
14391:             1             40  [Lcom.google.gson.FieldNamingPolicy;
14392:             1             40  [Lcom.google.gson.FieldNamingPolicy;
14393:             1             40  [Lcom.intellij.application.options.editor.CodeFoldingOptionsProviderEP;
14394:             1             40  [Lcom.intellij.application.options.editor.EditorSmartKeysConfigurableEP;
14395:             1             40  [Lcom.intellij.codeInsight.completion.JavaCompletionSorting$ExpectedTypeMatching;
14396:             1             40  [Lcom.intellij.codeInsight.daemon.ChangeLocalityDetector;
14397:             1             40  [Lcom.intellij.codeInsight.daemon.quickFix.ExternalLibraryResolver;
14398:             1             40  [Lcom.intellij.codeInsight.editorActions.enter.EnterHandlerDelegate$Result;
14399:             1             40  [Lcom.intellij.codeInsight.generation.PatternProvider;
14400:             1             40  [Lcom.intellij.codeInsight.hint.TooltipLinkHandlerEP;
14401:             1             40  [Lcom.intellij.codeInsight.lookup.LookupActionProvider;
14402:             1             40  [Lcom.intellij.codeInsight.template.emmet.configuration.CssPrefix;
14403:             1             40  [Lcom.intellij.codeInsight.template.impl.TemplateOptionalProcessor;
14404:             1             40  [Lcom.intellij.codeInspection.bytecodeAnalysis.Direction;
14405:             1             40  [Lcom.intellij.codeInspection.dataFlow.MethodContract$ValueConstraint;
14406:             1             40  [Lcom.intellij.codeInspection.dataFlow.MethodContract;
14407:             1             40  [Lcom.intellij.codeInspection.dataFlow.RunnerResult;
14408:             1             40  [Lcom.intellij.codeInspection.dataFlow.inliner.CallInliner;
14409:             1             40  [Lcom.intellij.codeInspection.dataFlow.instructions.MethodCallInstruction$MethodType;
14410:             1             40  [Lcom.intellij.codeInspection.streamMigration.OperationReductionMigration$ReductionOperation;
14411:             1             40  [Lcom.intellij.database.run.actions.TransactionAction$TxIsolation;
14412:             1             40  [Lcom.intellij.dupLocator.DuplicatesPresentation;
14413:             1             40  [Lcom.intellij.dvcs.repo.Repository$State;
14414:             1             40  [Lcom.intellij.execution.Executor;
14415:             1             40  [Lcom.intellij.find.FindModel$SearchContext;
14416:             1             40  [Lcom.intellij.ide.browsers.BrowserFamily;
14417:             1             40  [Lcom.intellij.ide.fileTemplates.CreateFromTemplateHandler;
14418:             1             40  [Lcom.intellij.jam.reflect.JamChildrenQuery;
14419:             1             40  [Lcom.intellij.jam.reflect.JamMethodMeta;
14420:             1             40  [Lcom.intellij.javaee.ImplicitNamespaceDescriptorProvider;
14421:             1             40  [Lcom.intellij.javaee.JavaeeVersion;
14422:             1             40  [Lcom.intellij.javaee.model.common.ejb.EjbDescriptorVersion;
14423:             1             40  [Lcom.intellij.javascript.nodejs.ModuleType;
14424:             1             40  [Lcom.intellij.jsf.references.libraries.JsfComponentLibraryReferenceProvider;
14425:             1             40  [Lcom.intellij.lang.javascript.formatter.JSCodeStyleSettings$JSFileNameStyle;
14426:             1             40  [Lcom.intellij.lang.javascript.psi.controlflow.instruction.JSBranchInstruction$BranchOwner;
14427:             1             40  [Lcom.intellij.lang.javascript.refactoring.JSVisibilityUtil$PresentableAccessModifier;
14428:             1             40  [Lcom.intellij.lang.javascript.statistics.JSResolveStatisticsCollector$ResolveSource;
14429:             1             40  [Lcom.intellij.lang.javascript.uml.FlashUmlDependenciesSettingsOption;
14430:             1             40  [Lcom.intellij.navigation.ChooseByNameContributor;
14431:             1             40  [Lcom.intellij.openapi.actionSystem.ActionPromoter;
14432:             1             40  [Lcom.intellij.openapi.application.PreloadingActivity;
14433:             1             40  [Lcom.intellij.openapi.editor.EditorKind;
14434:             1             40  [Lcom.intellij.openapi.editor.ScrollType;
14435:             1             40  [Lcom.intellij.openapi.editor.colors.ColorKey;
14436:             1             40  [Lcom.intellij.openapi.fileEditor.impl.NonProjectFileWritingAccessExtension;
14437:             1             40  [Lcom.intellij.openapi.keymap.impl.KeyState;
14438:             1             40  [Lcom.intellij.openapi.projectRoots.SdkType;
14439:             1             40  [Lcom.intellij.openapi.roots.AdditionalLibraryRootsProvider;
14440:             1             40  [Lcom.intellij.openapi.roots.ModuleExtension;
14441:             1             40  [Lcom.intellij.openapi.util.Pair;
14442:             1             40  [Lcom.intellij.openapi.vcs.CheckoutProvider;
14443:             1             40  [Lcom.intellij.openapi.vcs.VcsConfiguration$StandardOption;
14444:             1             40  [Lcom.intellij.openapi.vcs.changes.InvokeAfterUpdateMode;
14445:             1             40  [Lcom.intellij.openapi.vcs.impl.VcsBackgroundableActions;
14446:             1             40  [Lcom.intellij.openapi.vfs.VirtualFileSystem;
14447:             1             40  [Lcom.intellij.openapi.vfs.encoding.EncodingUtil$FailReason;
14448:             1             40  [Lcom.intellij.openapi.wm.ext.LibraryDependentToolWindow;
14449:             1             40  [Lcom.intellij.openapi.wm.impl.IdeMenuBar$State;
14450:             1             40  [Lcom.intellij.psi.PsiReferenceList$Role;
14451:             1             40  [Lcom.intellij.psi.codeStyle.autodetect.LineIndentInfo$LineType;
14452:             1             40  [Lcom.intellij.psi.css.descriptor.BrowserVersion$Browser;
14453:             1             40  [Lcom.intellij.psi.css.index.CssIndexValue;
14454:             1             40  [Lcom.intellij.psi.impl.search.CustomPropertyScopeProvider;
14455:             1             40  [Lcom.intellij.psi.impl.source.codeStyle.PostFormatProcessor;
14456:             1             40  [Lcom.intellij.psi.impl.source.codeStyle.PreFormatProcessor;
14457:             1             40  [Lcom.intellij.psi.impl.source.resolve.reference.impl.providers.TypeOrElementOrAttributeReference$ReferenceType;
14458:             1             40  [Lcom.intellij.psi.scope.ElementClassHint$DeclarationKind;
14459:             1             40  [Lcom.intellij.psi.statistics.StatisticsExtensionPoint;
14460:             1             40  [Lcom.intellij.psi.templateLanguages.MultipleLangCommentProvider;
14461:             1             40  [Lcom.intellij.refactoring.copy.CopyHandlerDelegate;
14462:             1             40  [Lcom.intellij.remoteServer.ServerType;
14463:             1             40  [Lcom.intellij.spellchecker.BundledDictionaryProvider;
14464:             1             40  [Lcom.intellij.spring.SpringLibraryUtil$SpringVersion;
14465:             1             40  [Lcom.intellij.spring.boot.library.SpringBootLibraryUtil$SpringBootVersion;
14466:             1             40  [Lcom.intellij.spring.boot.model.autoconfigure.conditions.ConditionalContributorEP;
14467:             1             40  [Lcom.intellij.spring.boot.mvc.config.viewresolver.TemplateAvailabilityProvider;
14468:             1             40  [Lcom.intellij.spring.contexts.model.LocalAnnotationModelDependentModelsProvider;
14469:             1             40  [Lcom.intellij.spring.factories.SpringFactoryBeanEP;
14470:             1             40  [Lcom.intellij.spring.model.SpringBeanEffectiveTypeProvider;
14471:             1             40  [Lcom.intellij.spring.model.custom.CustomLocalComponentsDiscoverer;
14472:             1             40  [Lcom.intellij.spring.model.custom.CustomModuleComponentsDiscoverer;
14473:             1             40  [Lcom.intellij.struts.core.PsiBeanProperty;
14474:             1             40  [Lcom.intellij.testIntegration.TestIntegrationUtils$MethodKind;
14475:             1             40  [Lcom.intellij.ui.JBColor;
14476:             1             40  [Lcom.intellij.ui.layout.CCFlags;
14477:             1             40  [Lcom.intellij.ui.paint.EffectPainter;
14478:             1             40  [Lcom.intellij.ui.tree.AbstractTreeWalker$State;
14479:             2             40  [Lcom.intellij.usages.rules.UsageGroupingRule;
14480:             1             40  [Lcom.intellij.vcs.log.graph.api.EdgeFilter;
14481:             1             40  [Lcom.intellij.vcs.log.graph.api.elements.GraphEdgeType;
14482:             1             40  [Lcom.jediterm.terminal.emulator.mouse.MouseMode;
14483:             1             40  [Lcom.jetbrains.javascript.debugger.JavaScriptDebugAware;
14484:             1             40  [Lcom.rover12421.exTENdS.syNCHRonIzEd;
14485:             1             40  [Lcom.rover12421.exTENdS.syNCHRonIzEd;
14486:             2             40  [Lcom.sun.jmx.mbeanserver.ClassLoaderRepositorySupport$LoaderEntry;
14487:             1             40  [Lcom.sun.xml.internal.bind.v2.model.core.PropertyKind;
14488:             1             40  [Lcom.zeroturnaround.http.proxy.ProxySource;
14489:             1             40  [Lde.plushnikov.intellij.plugin.processor.LombokPsiElementUsage;
14490:             1             40  [Lgit4idea.config.GitVersion$Type;
14491:             1             40  [Ljava.lang.Thread$State;
14492:             2             40  [Ljava.lang.Throwable;
14493:             1             40  [Ljava.lang.management.MemoryPoolMXBean;
14494:             1             40  [Ljava.nio.charset.Charset;
14495:             1             40  [Ljava.time.format.SignStyle;
14496:             1             40  [Ljava.time.format.TextStyle;
14497:             1             40  [Ljava.util.UUID;
14498:             1             40  [Ljava.util.stream.StreamOpFlag;
14499:             1             40  [Lkotlin.Pair;
14500:             1             40  [Lkotlin.reflect.jvm.internal.impl.descriptors.ClassKind;
14501:             1             40  [Lkotlin.reflect.jvm.internal.impl.load.kotlin.header.KotlinClassHeader$Kind;
14502:             1             40  [Lnet.sourceforge.pmd.RulePriority;
14503:             2             40  [Lorg.apache.http.HttpResponseInterceptor;
14504:             1             40  [Lorg.apache.http.auth.AuthProtocolState;
14505:             1             40  [Lorg.imgscalr.Scalr$Method;
14506:             1             40  [Lorg.intellij.lang.regexp.psi.RegExpChar$Type;
14507:             1             40  [Lorg.intellij.lang.xpath.xslt.impl.XsltChecker$State;
14508:             1             40  [Lorg.jetbrains.idea.devkit.inspections.RegistrationCheckerUtil$RegistrationType;
14509:             1             40  [Lorg.jetbrains.idea.maven.execution.MavenExecutionOptions$LoggingLevel;
14510:             1             40  [Lorg.jetbrains.idea.maven.model.MavenId;
14511:             1             40  [Lorg.jetbrains.idea.maven.model.MavenProjectProblem$ProblemType;
14512:             1             40  [Lorg.jetbrains.idea.svn.api.Depth;
14513:             1             40  [Lorg.jetbrains.jps.api.CmdlineRemoteProto$Message$BuilderMessage$CompileMessage$Kind;
14514:             1             40  [Lorg.jetbrains.kotlin.container.ComponentState;
14515:             1             40  [Lorg.jetbrains.kotlin.descriptors.ClassKind;
14516:             1             40  [Lorg.jetbrains.kotlin.idea.inspections.PropertyNameInspectionBase$PropertyKind;
14517:             1             40  [Lorg.jetbrains.kotlin.js.PredefinedAnnotation;
14518:             1             40  [Lorg.jetbrains.kotlin.load.kotlin.header.KotlinClassHeader$Kind;
14519:             1             40  [Lorg.jetbrains.kotlin.psi.ArgumentType;
14520:             1             40  [Lorg.jetbrains.plugins.groovy.lang.parser.parsing.statements.expressions.BinaryExpression;
14521:             1             40  [Lorg.jetbrains.plugins.groovy.mvc.MvcModuleStructureSynchronizer$SyncAction;
14522:             1             40  [Lorg.jetbrains.uast.UastVisibility;
14523:             1             40  [Lorg.zeroturnaround.javarebel.reporting.stats.repository.CommonFieldId;
14524:             1             40  [Lorg.zeroturnaround.jrebel.client.logger.Log$LogLevel;
14525:             1             40  [Lorg.zeroturnaround.jrebel.client.spi.Product;
14526:             1             40  [Lorg.zeroturnaround.jrebel.ide.common.notifications.Area;
14527:             1             40  [Lorg.zeroturnaround.jrebel.ide.common.notifications.Level;
14528:             1             40  [Lorg.zeroturnaround.jrebel.ide.common.notifications.NotificationLevel;
14529:             1             40  [Lsun.awt.FontDescriptor;
14530:             1             40  [Lsun.awt.OSInfo$OSType;
14531:             1             40  [Lsun.font.FontDesignMetrics;
14532:             1             40  [Lsun.font.Underline;
14533:             1             40  [Lsun.java2d.loops.RenderLoops;
14534:             1             40  [Lsun.java2d.loops.SurfaceType;
14535:             1             40  [Lsun.nio.fs.WindowsPathType;
14536:             1             40  [Lsun.security.jca.ServiceId;
14537:             1             40  [Lsun.security.ssl.SignatureAndHashAlgorithm$SignatureAlgorithm;
14538:             1             40  [Lsun.security.util.DisabledAlgorithmConstraints$Constraint$Operator;
14539:             1             40  [Lsun.swing.SwingUtilities2$LSBCacheEntry;
14540:             1             40  [Lsun.util.locale.provider.LocaleProviderAdapter$Type;
14541:             1             40  [[F
14542:             1             40  [[Ljava.lang.invoke.LambdaForm$Name;
14543:             1             40  [[[I
14544:             1             40  [[[Lsun.awt.FontDescriptor;
14545:             1             40  [[[S
14546:             1             40  ch.qos.logback.core.rolling.SizeBasedTriggeringPolicy
14547:             1             40  com.android.repository.api.SimpleRepositorySource
14548:             1             40  com.android.tools.idea.gradle.project.build.GradleBuildState
14549:             1             40  com.android.tools.idea.gradle.project.build.invoker.GradleBuildInvoker
14550:             1             40  com.android.tools.idea.startup.DelayedInitialization
14551:             1             40  com.google.gson.internal.Excluder
14552:             1             40  com.google.gson.internal.Excluder
14553:             1             40  com.intellij.cdi.diagram.CdiDiagramProvider
14554:             1             40  com.intellij.codeInsight.ExpectedTypeInfoImpl
14555:             1             40  com.intellij.codeInsight.completion.CompletionData$1
14556:             1             40  com.intellij.codeInsight.daemon.impl.ExternalToolPass$1
14557:             1             40  com.intellij.codeInsight.daemon.impl.TextEditorHighlightingPassRegistrarImpl$$Lambda$1845/1328993760
14558:             1             40  com.intellij.codeInsight.daemon.impl.UpdateHighlightersUtil$$Lambda$2149/1148282341
14559:             1             40  com.intellij.codeInsight.generation.VelocityIncludesClassLoader
14560:             1             40  com.intellij.codeInsight.template.impl.TemplateSettings
14561:             1             40  com.intellij.codeInsight.template.postfix.settings.PostfixTemplateMetaData
14562:             1             40  com.intellij.codeInsight.template.postfix.settings.PostfixTemplateStorage
14563:             1             40  com.intellij.codeInspection.actions.CodeCleanupAction
14564:             1             40  com.intellij.codeInspection.actions.CodeInspectionAction
14565:             1             40  com.intellij.codeInspection.dataFlow.SpecialField$1
14566:             1             40  com.intellij.codeInspection.dataFlow.SpecialField$2
14567:             1             40  com.intellij.codeInspection.inferNullity.InferNullityAnnotationsAction
14568:             1             40  com.intellij.codeInspection.ui.actions.QuickFixesViewActionGroup
14569:             1             40  com.intellij.codeInspection.ui.actions.suppress.SuppressActionWrapper
14570:             1             40  com.intellij.compiler.impl.CompileDriver$$Lambda$2976/165871734
14571:             1             40  com.intellij.compiler.server.BuildManager$ProjectData
14572:             1             40  com.intellij.configurationStore.ComponentWithStateModificationTrackerInfo
14573:             1             40  com.intellij.configurationStore.DefaultProjectStoreImpl
14574:             1             40  com.intellij.cvsSupport2.actions.BranchAction
14575:             1             40  com.intellij.cvsSupport2.actions.BrowseCvsRepositoryAction
14576:             1             40  com.intellij.cvsSupport2.actions.CheckoutFileAction
14577:             1             40  com.intellij.cvsSupport2.actions.CreateTagAction
14578:             1             40  com.intellij.cvsSupport2.actions.DeleteTagAction
14579:             1             40  com.intellij.cvsSupport2.actions.EditAction
14580:             1             40  com.intellij.cvsSupport2.actions.GetFileFromRepositoryAction
14581:             1             40  com.intellij.cvsSupport2.actions.ImportAction
14582:             1             40  com.intellij.cvsSupport2.actions.UneditAction
14583:             1             40  com.intellij.cvsSupport2.actions.ViewEditorsAction
14584:             1             40  com.intellij.cvsSupport2.actions.ViewWatchersAction
14585:             1             40  com.intellij.cvsSupport2.actions.WatchAddAction
14586:             1             40  com.intellij.cvsSupport2.actions.WatchOffAction
14587:             1             40  com.intellij.cvsSupport2.actions.WatchOnAction
14588:             1             40  com.intellij.cvsSupport2.actions.WatchRemoveAction
14589:             1             40  com.intellij.cyclicDependencies.actions.CyclicDependenciesAction
14590:             1             40  com.intellij.database.actions.DatabaseViewActions$AddDataSourcesGroup
14591:             1             40  com.intellij.database.actions.GenerateDbObjectGroup$1
14592:             1             40  com.intellij.database.actions.GenerateDbObjectGroup$2
14593:             1             40  com.intellij.database.actions.GenerateDbObjectGroup$3
14594:             1             40  com.intellij.database.actions.GenerateDbObjectGroup$4
14595:             1             40  com.intellij.database.actions.RunExtensionScriptActionGroup
14596:             1             40  com.intellij.database.diagram.DbDiagramProvider
14597:             1             40  com.intellij.database.dialects.Db2Dialect
14598:             1             40  com.intellij.database.run.actions.ChooseExtractorAction$ChooserGroup
14599:             1             40  com.intellij.database.run.actions.ChoosePasteFormatAction
14600:             1             40  com.intellij.database.run.actions.ColumnFiltersGroup
14601:             1             40  com.intellij.database.run.actions.CompareWithGroup
14602:             1             40  com.intellij.database.run.actions.DumpAction$FileGroup
14603:             1             40  com.intellij.debugger.impl.DebuggerContextImpl
14604:             1             40  com.intellij.debugger.streams.action.TraceStreamAction
14605:             1             40  com.intellij.diff.impl.DiffRequestProcessor$MyChangeDiffToolAction
14606:             1             40  com.intellij.execution.ExecutorRegistryImpl
14607:             1             40  com.intellij.execution.actions.CreateAction
14608:             1             40  com.intellij.execution.impl.ExecutionManagerKtImpl
14609:             1             40  com.intellij.execution.impl.ExecutionManagerKtImpl$startRunProfile$startRunnable$1
14610:             1             40  com.intellij.execution.testframework.export.ExportTestResultsAction
14611:             1             40  com.intellij.featureStatistics.CompletionStatistics
14612:             1             40  com.intellij.featureStatistics.CumulativeStatistics
14613:             1             40  com.intellij.featureStatistics.FeatureUsageTrackerImpl
14614:             1             40  com.intellij.find.actions.ShowUsagesAction
14615:             1             40  com.intellij.find.impl.ShowRecentFindUsagesGroup
14616:             1             40  com.intellij.freemarker.psi.FtlLanguage$AngleDialect
14617:             1             40  com.intellij.freemarker.psi.FtlLanguage$InjectableFtlDialect
14618:             1             40  com.intellij.freemarker.psi.FtlLanguage$SquareDialect
14619:             1             40  com.intellij.history.core.changes.ContentChange
14620:             1             40  com.intellij.history.core.changes.PutSystemLabelChange
14621:             1             40  com.intellij.ide.RecentProjectsManagerImpl
14622:             1             40  com.intellij.ide.actionMacro.actions.MacrosGroup
14623:             1             40  com.intellij.ide.actions.NewActionGroup
14624:             1             40  com.intellij.ide.actions.RecentProjectsGroup
14625:             1             40  com.intellij.ide.actions.ToolWindowsGroup
14626:             1             40  com.intellij.ide.b.g.n
14627:             1             40  com.intellij.ide.browsers.BrowserFamily$1
14628:             1             40  com.intellij.ide.browsers.BrowserFamily$2
14629:             1             40  com.intellij.ide.browsers.WebBrowserManager
14630:             1             40  com.intellij.ide.favoritesTreeView.actions.AddAllToFavoritesActionGroup
14631:             1             40  com.intellij.ide.favoritesTreeView.actions.AddToFavoritesActionGroup
14632:             1             40  com.intellij.ide.favoritesTreeView.actions.SendToFavoritesGroup
14633:             1             40  com.intellij.ide.fileTemplates.actions.CreateFromTemplateGroup
14634:             1             40  com.intellij.ide.navigationToolbar.NavBarModel
14635:             1             40  com.intellij.ide.navigationToolbar.NavBarUpdateQueue$1
14636:             1             40  com.intellij.ide.projectView.actions.MarkSourceRootActionGroup
14637:             1             40  com.intellij.ide.projectView.impl.MoveModuleToGroupTopLevel
14638:             1             40  com.intellij.ide.ui.AppearanceOptionsTopHitProvider$2
14639:             1             40  com.intellij.ide.ui.laf.IntelliJLaf
14640:             1             40  com.intellij.internal.statistic.persistence.UsageStatisticsPersistenceComponent
14641:             1             40  com.intellij.j2ee.webSphere.descriptor.WebSphereAppBndDescriptor
14642:             1             40  com.intellij.j2ee.webSphere.descriptor.WebSphereAppExtDescriptor
14643:             1             40  com.intellij.j2ee.webSphere.descriptor.WebSphereAppExtPmeDescriptor
14644:             1             40  com.intellij.j2ee.webSphere.descriptor.WebSphereEjbBndDescriptor
14645:             1             40  com.intellij.j2ee.webSphere.descriptor.WebSphereEjbExtDescriptor
14646:             1             40  com.intellij.j2ee.webSphere.descriptor.WebSphereEjbExtPmeDescriptor
14647:             1             40  com.intellij.j2ee.webSphere.descriptor.WebSphereWebBndDescriptor
14648:             1             40  com.intellij.j2ee.webSphere.descriptor.WebSphereWebExtDescriptor
14649:             1             40  com.intellij.j2ee.webSphere.descriptor.WebSphereWebExtPmeDescriptor
14650:             1             40  com.intellij.javadoc.actions.GenerateJavadocAction
14651:             1             40  com.intellij.javaee.model.xml.web.actions.GenerateFilterAction
14652:             1             40  com.intellij.javaee.model.xml.web.actions.GenerateServletAction
14653:             1             40  com.intellij.javaee.oss.geronimo.editor.GeronimoBeanProvider
14654:             1             40  com.intellij.javaee.oss.glassfish.descriptor.GlassfishOracleAppDescriptor
14655:             1             40  com.intellij.javaee.oss.glassfish.descriptor.GlassfishOracleEjbDescriptor
14656:             1             40  com.intellij.javaee.oss.glassfish.descriptor.GlassfishOracleWebDescriptor
14657:             1             40  com.intellij.javaee.oss.glassfish.descriptor.GlassfishSunAppDescriptor
14658:             1             40  com.intellij.javaee.oss.glassfish.descriptor.GlassfishSunEjbDescriptor
14659:             1             40  com.intellij.javaee.oss.glassfish.descriptor.GlassfishSunWebDescriptor
14660:             1             40  com.intellij.javaee.oss.jboss.descriptor.JBoss7AppDescriptor
14661:             1             40  com.intellij.javaee.oss.jboss.descriptor.JBoss7WebDescriptor
14662:             1             40  com.intellij.javaee.oss.jboss.editor.JBossBeanProvider
14663:             1             40  com.intellij.jboss.jbpm.diagram.BpmnDiagramProvider
14664:             1             40  com.intellij.jpa.actions.NewGroupPersistence
14665:             1             40  com.intellij.jpa.providers.EclipseLinkProvider
14666:             1             40  com.intellij.jpa.providers.HibernateProvider
14667:             1             40  com.intellij.jpa.providers.OpenJPAProvider
14668:             1             40  com.intellij.jpa.providers.ToplinkProvider
14669:             1             40  com.intellij.jsp.taglibs.actions.GenerateJspFunctionAction
14670:             1             40  com.intellij.jsp.taglibs.actions.GenerateJspTagAction
14671:             1             40  com.intellij.lang.ant.config.actions.AntBuildGroup
14672:             1             40  com.intellij.lang.dtd.DTDLanguage
14673:             1             40  com.intellij.lang.ecmascript6.stubs.impl.ES6ReferenceListStubImpl
14674:             1             40  com.intellij.lang.html.HTMLLanguage
14675:             1             40  com.intellij.lang.java.parser.JavaParser
14676:             1             40  com.intellij.lang.javascript.dialects.AppleJSLanguageDialect
14677:             1             40  com.intellij.lang.javascript.dialects.ECMA6LanguageDialect
14678:             1             40  com.intellij.lang.javascript.dialects.ECMAL4LanguageDialect
14679:             1             40  com.intellij.lang.javascript.dialects.FlowJSLanguageDialect
14680:             1             40  com.intellij.lang.javascript.dialects.GwtLanguageDialect
14681:             1             40  com.intellij.lang.javascript.dialects.JS15LanguageDialect
14682:             1             40  com.intellij.lang.javascript.dialects.JS16LanguageDialect
14683:             1             40  com.intellij.lang.javascript.dialects.JS17LanguageDialect
14684:             1             40  com.intellij.lang.javascript.dialects.JS18LanguageDialect
14685:             1             40  com.intellij.lang.javascript.dialects.JSXHarmonyLanguageDialect
14686:             1             40  com.intellij.lang.javascript.dialects.TypeScriptJSXLanguageDialect
14687:             1             40  com.intellij.lang.javascript.dialects.TypeScriptLanguageDialect
14688:             1             40  com.intellij.lang.javascript.flex.MxmlLanguage
14689:             1             40  com.intellij.lang.javascript.flex.build.BuiltInFlexCompilerHandler
14690:             1             40  com.intellij.lang.javascript.highlighting.JSSpellcheckingStrategy
14691:             1             40  com.intellij.lang.javascript.inspections.JSUnusedGlobalDeclarationsWorker
14692:             1             40  com.intellij.lang.javascript.library.ui.JSLibraryListGroup
14693:             1             40  com.intellij.lang.javascript.linter.jscs.JscsConfiguration
14694:             1             40  com.intellij.lang.javascript.nashorn.NashornJSLanguageDialect
14695:             1             40  com.intellij.lang.javascript.template.postfix.JSAwaitPostfixTemplate
14696:             1             40  com.intellij.lang.javascript.template.postfix.JSForOfPostfixTemplate
14697:             1             40  com.intellij.lang.javascript.template.postfix.JSIfInstanceOfPostfixTemplate
14698:             1             40  com.intellij.lang.javascript.template.postfix.JSIfTypeOfPostfixTemplate
14699:             1             40  com.intellij.lang.javascript.template.postfix.JSIntroduceConstPostfixTemplate
14700:             1             40  com.intellij.lang.javascript.template.postfix.JSIntroduceLetPostfixTemplate
14701:             1             40  com.intellij.lang.javascript.template.postfix.JSIntroduceVarPostfixTemplate
14702:             1             40  com.intellij.lang.javascript.template.postfix.JSLogPostfixTemplate
14703:             1             40  com.intellij.lang.javascript.template.postfix.JSReturnStatementPostfixTemplate
14704:             1             40  com.intellij.lang.javascript.template.postfix.JSThrowStatementPostfixTemplate
14705:             1             40  com.intellij.lang.javascript.template.postfix.JSTypeOfExpressionPostfixTemplate
14706:             1             40  com.intellij.lang.javascript.uml.FlashUmlProvider
14707:             1             40  com.intellij.lang.jsp.NewJspLanguage
14708:             1             40  com.intellij.lang.jspx.JSPXLanguage
14709:             1             40  com.intellij.lang.properties.psi.impl.PropertyStubImpl
14710:             1             40  com.intellij.lang.typescript.compiler.TypeScriptCompileStartupActivity$1
14711:             1             40  com.intellij.lang.typescript.template.postfix.TypeScriptCastPostfixTemplate
14712:             1             40  com.intellij.lang.xhtml.XHTMLLanguage
14713:             1             40  com.intellij.lang.xml.XMLLanguage
14714:             1             40  com.intellij.lexer.XmlLexer
14715:             1             40  com.intellij.openapi.actionSystem.ActionGroup$1
14716:             1             40  com.intellij.openapi.actionSystem.ex.InvokeQuickListAction
14717:             1             40  com.intellij.openapi.application.impl.ReadMostlyRWLock
14718:             1             40  com.intellij.openapi.diff.actions.HighlightModeAction
14719:             1             40  com.intellij.openapi.diff.actions.IgnoreWhiteSpacesAction
14720:             1             40  com.intellij.openapi.editor.ex.EditorSettingsExternalizable
14721:             1             40  com.intellij.openapi.externalSystem.service.ExternalSystemFacadeManager
14722:             1             40  com.intellij.openapi.fileEditor.impl.DockableEditorTabbedContainer
14723:             1             40  com.intellij.openapi.fileTypes.FileTypeEditorHighlighterProviders
14724:             1             40  com.intellij.openapi.graph.builder.actions.ZoomInAction
14725:             1             40  com.intellij.openapi.graph.builder.actions.ZoomOutAction
14726:             1             40  com.intellij.openapi.keymap.impl.IdeMouseEventDispatcher
14727:             1             40  com.intellij.openapi.keymap.impl.KeyProcessorContext
14728:             1             40  com.intellij.openapi.progress.impl.CoreProgressManager$4
14729:             1             40  com.intellij.openapi.progress.util.ProgressDialog$4
14730:             1             40  com.intellij.openapi.projectRoots.impl.JavaAwareProjectJdkTableImpl
14731:             1             40  com.intellij.openapi.roots.impl.ContentEntryImpl
14732:             1             40  com.intellij.openapi.roots.impl.LibraryScopeCache
14733:             1             40  com.intellij.openapi.util.ClassExtension
14734:             1             40  com.intellij.openapi.vcs.actions.VcsQuickListPopupAction$Providers
14735:             1             40  com.intellij.openapi.vcs.actions.VcsQuickListPopupAction$VcsNameSeparator
14736:             1             40  com.intellij.openapi.vcs.changes.VcsDirtyScopeVfsListener
14737:             1             40  com.intellij.openapi.vcs.update.CommonIntegrateFileOrDirectoryAction
14738:             1             40  com.intellij.openapi.vcs.update.CommonIntegrateProjectAction
14739:             1             40  com.intellij.openapi.vcs.update.CommonStatusFileOrDirectoryAction
14740:             1             40  com.intellij.openapi.vcs.update.CommonUpdateFileOrDirectoryAction
14741:             1             40  com.intellij.openapi.vcs.update.CommonUpdateProjectAction
14742:             1             40  com.intellij.openapi.vfs.PlatformVirtualFileManager
14743:             1             40  com.intellij.openapi.vfs.ex.temp.TempFileSystem$FSDir
14744:             1             40  com.intellij.openapi.vfs.impl.VirtualFileManagerImpl$1
14745:             1             40  com.intellij.openapi.vfs.impl.http.RemoteFileManagerImpl
14746:             1             40  com.intellij.openapi.vfs.impl.local.FileWatcher
14747:             1             40  com.intellij.openapi.vfs.impl.local.LocalFileSystemBase$1
14748:             1             40  com.intellij.openapi.vfs.impl.local.LocalFileSystemImpl
14749:             1             40  com.intellij.openapi.vfs.newvfs.impl.VirtualDirectoryImpl$1
14750:             1             40  com.intellij.openapi.vfs.newvfs.persistent.FSRecords$ContentOutputStream
14751:             1             40  com.intellij.openapi.vfs.newvfs.persistent.PersistentFSImpl
14752:             1             40  com.intellij.openapi.wm.impl.IdeFrameImpl$$Lambda$724/1821354077
14753:             1             40  com.intellij.openapi.wm.impl.ProjectWindowAction
14754:             1             40  com.intellij.openapi.wm.impl.StripeButtonUI
14755:             1             40  com.intellij.openapi.wm.impl.Windows$ToolWindowProvider
14756:             1             40  com.intellij.openapi.wm.impl.status.LineSeparatorPanel
14757:             1             40  com.intellij.openapi.wm.impl.status.PositionPanel
14758:             1             40  com.intellij.packageDependencies.actions.AnalyzeDependenciesAction
14759:             1             40  com.intellij.packageDependencies.actions.BackwardDependenciesAction
14760:             1             40  com.intellij.plugins.drools.completion.DroolsCompletionContributor$1
14761:             1             40  com.intellij.plugins.jboss.arquillian.configuration.ArquillianContainersAppManager
14762:             1             40  com.intellij.psi.ElementManipulators
14763:             1             40  com.intellij.psi.FileTypeFileViewProviders
14764:             1             40  com.intellij.psi.ReferenceProviderType$1
14765:             1             40  com.intellij.psi.WeighingService$1
14766:             1             40  com.intellij.psi.availability.PsiAvailabilityServiceImpl$MyTask
14767:             1             40  com.intellij.psi.css.impl.util.scheme.CssDescriptorsHolder
14768:             1             40  com.intellij.psi.css.impl.util.table.VoiceFamilyPropertyDescriptor
14769:             1             40  com.intellij.psi.impl.DocumentCommitThread
14770:             1             40  com.intellij.psi.impl.cache.impl.id.IdIndexers
14771:             1             40  com.intellij.psi.impl.cache.impl.todo.TodoIndexers
14772:             1             40  com.intellij.psi.impl.source.codeStyle.CodeStyleSchemeImpl
14773:             1             40  com.intellij.psi.statistics.StatisticsManager$1
14774:             1             40  com.intellij.psi.stubs.BinaryFileStubBuilders
14775:             1             40  com.intellij.psi.stubs.PrebuiltStubsProviders
14776:             1             40  com.intellij.psi.stubs.SerializationManagerImpl
14777:             1             40  com.intellij.psi.stubs.StubIndexImpl
14778:             1             40  com.intellij.psi.stubs.StubOutputStream
14779:             1             40  com.intellij.psi.util.MethodSignatureHandMade
14780:             1             40  com.intellij.refactoring.actions.ChangeSignatureAction
14781:             1             40  com.intellij.refactoring.actions.ExtractClassAction
14782:             1             40  com.intellij.refactoring.actions.ExtractIncludeAction
14783:             1             40  com.intellij.refactoring.actions.ExtractInterfaceAction
14784:             1             40  com.intellij.refactoring.actions.ExtractMethodAction
14785:             1             40  com.intellij.refactoring.actions.ExtractModuleAction
14786:             1             40  com.intellij.refactoring.actions.ExtractSuperclassAction
14787:             1             40  com.intellij.refactoring.actions.InlineAction
14788:             1             40  com.intellij.refactoring.actions.IntroduceConstantAction
14789:             1             40  com.intellij.refactoring.actions.IntroduceFieldAction
14790:             1             40  com.intellij.refactoring.actions.IntroduceFunctionalParameterAction
14791:             1             40  com.intellij.refactoring.actions.IntroduceFunctionalVariableAction
14792:             1             40  com.intellij.refactoring.actions.IntroduceParameterAction
14793:             1             40  com.intellij.refactoring.actions.IntroduceVariableAction
14794:             1             40  com.intellij.refactoring.actions.PullUpAction
14795:             1             40  com.intellij.refactoring.actions.PushDownAction
14796:             1             40  com.intellij.spellchecker.JavaSpellcheckingStrategy
14797:             1             40  com.intellij.spellchecker.actions.SpellingPopupActionGroup
14798:             1             40  com.intellij.spellchecker.engine.BaseSpellChecker
14799:             1             40  com.intellij.spring.boot.model.autoconfigure.conditions.ConditionalContributors
14800:             1             40  com.intellij.spring.facet.SpringFacetConfigurationImpl
14801:             1             40  com.intellij.spring.perspectives.diagrams.SpringDiagramProvider
14802:             1             40  com.intellij.spring.webflow.diagram.WebflowDiagramProvider
14803:             1             40  com.intellij.sql.generation.SqlGenerateGroup
14804:             1             40  com.intellij.struts.StrutsDomFactory
14805:             1             40  com.intellij.tapestry.lang.TmlLanguage
14806:             1             40  com.intellij.terminal.JBTerminalSystemSettingsProviderBase$MyColorSchemeDelegate
14807:             1             40  com.intellij.uast.UastMetaLanguage
14808:             1             40  com.intellij.ui.JBColor$4
14809:             1             40  com.intellij.ui.tree.AsyncTreeModel
14810:             1             40  com.intellij.ui.tree.StructureTreeModel
14811:             1             40  com.intellij.uiDesigner.GuiDesignerConfigurable$MyGeneralUI
14812:             1             40  com.intellij.uiDesigner.actions.ChooseLocaleAction
14813:             1             40  com.intellij.uml.diff.ShowChangesAction
14814:             1             40  com.intellij.util.concurrency.AppDelayQueue
14815:             1             40  com.intellij.util.concurrency.AppScheduledExecutorService
14816:             1             40  com.intellij.util.containers.OpenTHashSet
14817:             1             40  com.intellij.util.indexing.FileBasedIndexImpl$ChangedFilesCollector$1
14818:             1             40  com.intellij.util.indexing.FileBasedIndexImpl$FileIndexDataInitialization
14819:             1             40  com.intellij.util.io.storage.HeavyProcessLatch
14820:             1             40  com.intellij.vcs.log.data.ContainingBranchesGetter
14821:             1             40  com.intellij.vcs.log.data.VcsLogRefresherImpl$1
14822:             1             40  com.intellij.vcs.log.data.index.VcsLogMessagesTrigramIndex
14823:             1             40  com.intellij.vcs.log.data.index.VcsLogPersistentIndex$MySingleTaskController
14824:             1             40  com.intellij.vcs.log.graph.impl.facade.PermanentGraphImpl
14825:             1             40  com.intellij.vcs.log.impl.VcsLogManager
14826:             1             40  com.intellij.vcs.log.ui.actions.HighlightersActionGroup
14827:             1             40  com.maddyhome.idea.copyright.CopyrightUpdaters
14828:             1             40  com.maddyhome.idea.copyright.actions.UpdateCopyrightAction
14829:             1             40  com.maddyhome.idea.copyright.options.LanguageOptions
14830:             1             40  com.rover12421.exTENdS.exTENdS.COnST
14831:             1             40  com.rover12421.exTENdS.exTENdS.COnST
14832:             1             40  com.rover12421.exTENdS.sYNcHRONIzEd
14833:             1             40  com.rover12421.exTENdS.syNchRoNIZEd
14834:             1             40  com.rover12421.exTENdS.syNchRoNIZEd
14835:             1             40  com.sixrr.inspectjs.naming.FunctionNamingConventionJSInspection
14836:             1             40  com.sixrr.inspectjs.naming.ParameterNamingConventionJSInspection
14837:             1             40  com.siyeh.ig.errorhandling.BadExceptionDeclaredInspection
14838:             1             40  com.siyeh.ig.naming.FieldNamingConventionInspection
14839:             1             40  com.siyeh.ig.naming.NewClassNamingConventionInspection
14840:             1             40  com.siyeh.ig.naming.NewMethodNamingConventionInspection
14841:             1             40  com.siyeh.ig.naming.NonBooleanMethodNameMayNotStartWithQuestionInspection
14842:             1             40  com.siyeh.ig.naming.ParameterNamingConventionInspection
14843:             1             40  com.siyeh.ig.serialization.SerializableHasSerialVersionUIDFieldInspection
14844:             1             40  com.siyeh.ig.serialization.SerializableHasSerializationMethodsInspection
14845:             1             40  com.sun.beans.finder.MethodFinder$1
14846:             1             40  com.sun.java.swing.plaf.windows.WindowsLookAndFeel$FontDesktopProperty
14847:             1             40  com.sun.jmx.interceptor.DefaultMBeanServerInterceptor
14848:             1             40  com.sun.jmx.mbeanserver.JmxMBeanServer
14849:             1             40  com.sun.jmx.mbeanserver.MBeanServerDelegateImpl
14850:             1             40  com.sun.tools.jdi.ConnectorImpl$BooleanArgumentImpl
14851:             1             40  com.sun.tools.jdi.SunCommandLineLauncher
14852:             1             40  com.sun.tools.jdi.VirtualMachineManagerImpl
14853:             1             40  com.sun.tools.jdi.VirtualMachineManagerImpl$$$jr
14854:             1             40  com.sun.tools.jdi.resources.jdi
14855:             1             40  com.sun.tools.jdi.resources.jdi_zh_CN
14856:             1             40  com.zeroturnaround.javarebel.idea.plugin.logger.IntellijNativeLog$1
14857:             1             40  com.zeroturnaround.jrebel.ide.common.guide.model.ActivationModelStep
14858:             1             40  com.zeroturnaround.jrebel.ide.common.guide.model.ProjectConfigurationModelStep
14859:             1             40  com.zeroturnaround.jrebel.ide.common.guide.model.ReloadModelStep
14860:             1             40  com.zeroturnaround.jrebel.ide.common.guide.model.StartupConfigurationModelStep
14861:             1             40  dk.brics.automaton.RunAutomaton
14862:             1             40  freemarker.core.ExistsExpression
14863:             1             40  freemarker.template.DefaultObjectWrapperBuilder
14864:             1             40  git4idea.rebase.GitRewordAction
14865:             1             40  git4idea.repo.GitRepositoryUpdater
14866:             1             40  git4idea.ui.branch.GitLogBranchOperationsActionGroup
14867:             1             40  java.awt.datatransfer.SystemFlavorMap
14868:             1             40  java.awt.dnd.DropTargetDropEvent
14869:             1             40  java.beans.WeakIdentityMap$Entry
14870:             1             40  java.text.AttributedString
14871:             1             40  java.time.format.DateTimeFormatterBuilder
14872:             1             40  java.util.HashMap$KeySpliterator
14873:             1             40  java.util.ResourceBundle$1
14874:             1             40  java.util.concurrent.LinkedBlockingDeque
14875:             1             40  java.util.regex.Pattern$LazyLoop
14876:             1             40  javassist.ClassPool
14877:             1             40  javax.crypto.CryptoAllPermission
14878:             1             40  javax.swing.plaf.basic.BasicDirectoryModel$DoChangeContents
14879:             1             40  javax.swing.plaf.basic.BasicTextUI$BasicCursor
14880:             1             40  javax.swing.plaf.basic.DefaultMenuLayout
14881:             1             40  javax.swing.plaf.metal.MetalFileChooserUI$DirectoryComboBoxModel
14882:             1             40  javax.swing.text.JTextComponent$4
14883:             1             40  javax.swing.text.StyleContext
14884:             1             40  kotlin.reflect.jvm.internal.impl.builtins.DefaultBuiltIns
14885:             1             40  kotlin.reflect.jvm.internal.impl.serialization.jvm.JvmProtoBuf$JvmFieldSignature
14886:             1             40  kotlin.reflect.jvm.internal.impl.serialization.jvm.JvmProtoBuf$JvmMethodSignature
14887:             1             40  kotlin.reflect.jvm.internal.impl.serialization.jvm.JvmProtoBuf$StringTableTypes
14888:             1             40  net.jpountz.lz4.LZ4Factory
14889:             1             40  net.sourceforge.pmd.lang.java.JavaLanguageModule
14890:             1             40  net.sourceforge.pmd.lang.vm.VmLanguageModule
14891:             1             40  org.angularjs.html.Angular2HTMLLanguage
14892:             1             40  org.angularjs.lang.AngularJSLanguage
14893:             1             40  org.apache.commons.collections.map.AbstractLinkedMap$LinkEntry
14894:             1             40  org.apache.http.config.ConnectionConfig
14895:             1             40  org.apache.http.conn.routing.HttpRoute
14896:             1             40  org.apache.http.impl.HttpConnectionMetricsImpl
14897:             1             40  org.apache.http.impl.io.SessionOutputBufferImpl
14898:             1             40  org.apache.http.pool.AbstractConnPool$1
14899:             1             40  org.apache.log4j.helpers.CountingQuietWriter
14900:             1             40  org.apache.log4j.helpers.PatternParser$CategoryPatternConverter
14901:             1             40  org.apache.log4j.helpers.PatternParser$DatePatternConverter
14902:             1             40  org.apache.log4j.spi.RootLogger
14903:             1             40  org.apache.velocity.app.event.EventCartridge
14904:             1             40  org.apache.velocity.runtime.VelocimacroFactory
14905:             1             40  org.apache.velocity.runtime.directive.Break
14906:             1             40  org.apache.velocity.runtime.directive.Include
14907:             1             40  org.apache.velocity.runtime.directive.Literal
14908:             1             40  org.apache.velocity.runtime.directive.Parse
14909:             1             40  org.apache.velocity.runtime.directive.Stop
14910:             1             40  org.apache.velocity.runtime.directive.StopCommand
14911:             1             40  org.apache.velocity.runtime.resource.ResourceManagerImpl
14912:             1             40  org.coffeescript.CoffeeScriptLanguage
14913:             1             40  org.coffeescript.CoffeeScriptLiterateLanguage
14914:             1             40  org.ini4j.Ini
14915:             1             40  org.ini4j.spi.IniSource
14916:             1             40  org.intellij.html.RelaxedHtmlFromRngNSDescriptor
14917:             1             40  org.intellij.lang.regexp.RegExpLanguageHosts
14918:             1             40  org.intellij.lang.xpath.xslt.associations.impl.AssociationsGroup
14919:             1             40  org.intellij.plugins.intelliLang.Configuration$App
14920:             1             40  org.jetbrains.android.actions.CreateResourceFileAction
14921:             1             40  org.jetbrains.idea.maven.server.MavenServerManager
14922:             1             40  org.jetbrains.idea.tomcat.descriptor.TomcatContextDescriptor
14923:             1             40  org.jetbrains.kotlin.builtins.DefaultBuiltIns
14924:             1             40  org.jetbrains.kotlin.codegen.state.KotlinTypeMapper
14925:             1             40  org.jetbrains.kotlin.descriptors.impl.LazyPackageViewDescriptorImpl
14926:             1             40  org.jetbrains.kotlin.idea.actions.generate.KotlinGenerateTestSupportActionBase$Data
14927:             1             40  org.jetbrains.kotlin.idea.actions.generate.KotlinGenerateTestSupportActionBase$SetUp
14928:             1             40  org.jetbrains.kotlin.idea.actions.generate.KotlinGenerateTestSupportActionBase$TearDown
14929:             1             40  org.jetbrains.kotlin.idea.actions.generate.KotlinGenerateTestSupportActionBase$Test
14930:             1             40  org.jetbrains.kotlin.idea.caches.resolve.KotlinCacheServiceImpl
14931:             1             40  org.jetbrains.kotlin.idea.caches.resolve.KotlinCacheServiceImpl$GlobalFacade
14932:             1             40  org.jetbrains.kotlin.idea.completion.KotlinCompletionContributor
14933:             1             40  org.jetbrains.kotlin.idea.intentions.AddForLoopIndicesIntention
14934:             1             40  org.jetbrains.kotlin.idea.intentions.AddJvmStaticIntention
14935:             1             40  org.jetbrains.kotlin.idea.intentions.AddPropertyAccessorsIntention
14936:             1             40  org.jetbrains.kotlin.idea.intentions.AddPropertyGetterIntention
14937:             1             40  org.jetbrains.kotlin.idea.intentions.AddPropertySetterIntention
14938:             1             40  org.jetbrains.kotlin.idea.intentions.ChangeVisibilityModifierIntention$Internal
14939:             1             40  org.jetbrains.kotlin.idea.intentions.ChangeVisibilityModifierIntention$Private
14940:             1             40  org.jetbrains.kotlin.idea.intentions.ChangeVisibilityModifierIntention$Protected
14941:             1             40  org.jetbrains.kotlin.idea.intentions.ChangeVisibilityModifierIntention$Public
14942:             1             40  org.jetbrains.kotlin.idea.intentions.ChopArgumentListIntention
14943:             1             40  org.jetbrains.kotlin.idea.intentions.ChopParameterListIntention
14944:             1             40  org.jetbrains.kotlin.idea.intentions.ConvertForEachToForLoopIntention
14945:             1             40  org.jetbrains.kotlin.idea.intentions.ConvertFunctionToPropertyIntention
14946:             1             40  org.jetbrains.kotlin.idea.intentions.ConvertToApplyIntention
14947:             1             40  org.jetbrains.kotlin.idea.intentions.ConvertToRunIntention
14948:             1             40  org.jetbrains.kotlin.idea.intentions.ConvertToWithIntention
14949:             1             40  org.jetbrains.kotlin.idea.intentions.ReplaceAddWithPlusAssignIntention
14950:             1             40  org.jetbrains.kotlin.idea.intentions.ReplaceMathMaxWithCoerceAtLeastIntention
14951:             1             40  org.jetbrains.kotlin.idea.intentions.ReplaceMathMinWithCoerceAtMostIntention
14952:             1             40  org.jetbrains.kotlin.idea.refactoring.introduce.extractFunction.ExtractFunctionAction
14953:             1             40  org.jetbrains.kotlin.idea.refactoring.introduce.extractFunction.ExtractFunctionToScopeAction
14954:             1             40  org.jetbrains.kotlin.idea.refactoring.introduce.introduceProperty.IntroducePropertyAction
14955:             1             40  org.jetbrains.kotlin.idea.refactoring.introduce.introduceTypeAlias.IntroduceTypeAliasAction
14956:             1             40  org.jetbrains.kotlin.idea.refactoring.introduce.introduceTypeParameter.IntroduceTypeParameterAction
14957:             1             40  org.jetbrains.kotlin.load.kotlin.FallbackBuiltIns
14958:             1             40  org.jetbrains.kotlin.psi.stubs.elements.KtAnnotationEntryElementType
14959:             1             40  org.jetbrains.kotlin.psi.stubs.elements.KtAnnotationUseSiteTargetElementType
14960:             1             40  org.jetbrains.kotlin.psi.stubs.elements.KtDotQualifiedExpressionElementType
14961:             1             40  org.jetbrains.kotlin.psi.stubs.elements.KtEnumEntrySuperClassReferenceExpressionElementType
14962:             1             40  org.jetbrains.kotlin.psi.stubs.elements.KtFunctionElementType
14963:             1             40  org.jetbrains.kotlin.psi.stubs.elements.KtImportAliasElementType
14964:             1             40  org.jetbrains.kotlin.psi.stubs.elements.KtImportDirectiveElementType
14965:             1             40  org.jetbrains.kotlin.psi.stubs.elements.KtModifierListElementType
14966:             1             40  org.jetbrains.kotlin.psi.stubs.elements.KtNameReferenceExpressionElementType
14967:             1             40  org.jetbrains.kotlin.psi.stubs.elements.KtObjectElementType
14968:             1             40  org.jetbrains.kotlin.psi.stubs.elements.KtParameterElementType
14969:             1             40  org.jetbrains.kotlin.psi.stubs.elements.KtPropertyAccessorElementType
14970:             1             40  org.jetbrains.kotlin.psi.stubs.elements.KtPropertyElementType
14971:             1             40  org.jetbrains.kotlin.psi.stubs.elements.KtScriptElementType
14972:             1             40  org.jetbrains.kotlin.psi.stubs.elements.KtTypeAliasElementType
14973:             1             40  org.jetbrains.kotlin.psi.stubs.elements.KtTypeParameterElementType
14974:             1             40  org.jetbrains.kotlin.psi.stubs.elements.KtTypeProjectionElementType
14975:             1             40  org.jetbrains.kotlin.psi.stubs.elements.KtUserTypeElementType
14976:             1             40  org.jetbrains.kotlin.serialization.jvm.JvmProtoBuf$JvmFieldSignature
14977:             1             40  org.jetbrains.kotlin.serialization.jvm.JvmProtoBuf$JvmMethodSignature
14978:             1             40  org.jetbrains.kotlin.util.slicedMap.Slices$SliceBuilder$1
14979:             1             40  org.jetbrains.plugins.grails.editor.toolbar.GoToTestAction
14980:             1             40  org.jetbrains.plugins.grails.editor.toolbar.GoToViewAction
14981:             1             40  org.jetbrains.plugins.grails.lang.gsp.GspLanguage
14982:             1             40  org.jetbrains.plugins.groovy.codeInspection.naming.GroovyInstanceMethodNamingConventionInspection
14983:             1             40  org.jetbrains.plugins.groovy.codeInspection.naming.GroovyInstanceVariableNamingConventionInspection
14984:             1             40  org.jetbrains.plugins.groovy.codeInspection.naming.GroovyStaticMethodNamingConventionInspection
14985:             1             40  org.jetbrains.plugins.groovy.codeInspection.naming.NewGroovyClassNamingConventionInspection
14986:             1             40  org.jetbrains.plugins.groovy.shell.GroovyShellAction
14987:             1             40  org.jetbrains.plugins.haml.HAMLEnterHandler
14988:             1             40  org.jetbrains.plugins.sass.editor.SASSEnterHandler
14989:             1             40  org.jetbrains.settingsRepository.git.GitRepositoryManager
14990:             1             40  org.kohsuke.rngom.digested.DGrammarPattern
14991:             1             40  org.osmorc.make.ViewGeneratedManifestGroup
14992:             1             40  org.yaml.snakeyaml.representer.BaseRepresenter$1
14993:             1             40  org.zeroturnaround.common.args.ArgTriple$WithValuesMatchingRegex
14994:             1             40  org.zeroturnaround.common.jvm.JavaExeJVM
14995:             1             40  org.zeroturnaround.javarebel.preferences.FileStore
14996:             1             40  org.zeroturnaround.javarebel.reporting.stats.repository.impl.RepositoryMetricsStatistics
14997:             1             40  org.zeroturnaround.javarebel.reporting.stats.repository.impl.StatisticsRepositoryImpl
14998:             1             40  org.zeroturnaround.jrebel.ide.common.notifications.UserNotifications
14999:             1             40  sun.awt.AWTAutoShutdown
15000:             1             40  sun.awt.resources.awt
15001:             1             40  sun.awt.resources.awt_zh_CN
15002:             1             40  sun.awt.windows.WFontPeer
15003:             1             40  sun.font.FontRunIterator
15004:             1             40  sun.font.GlyphLayout$EngineRecord
15005:             1             40  sun.java2d.SurfaceDataProxy$1
15006:             1             40  sun.java2d.marlin.CollinearSimplifier
15007:             1             40  sun.java2d.marlin.Curve$BreakPtrIterator
15008:             1             40  sun.java2d.marlin.MarlinRenderingEngine$NormalizingPathIterator$NearestPixelCenter
15009:             1             40  sun.java2d.marlin.MarlinRenderingEngine$NormalizingPathIterator$NearestPixelQuarter
15010:             1             40  sun.management.DiagnosticCommandImpl
15011:             1             40  sun.net.idn.StringPrep
15012:             1             40  sun.nio.cs.StandardCharsets$Aliases
15013:             1             40  sun.nio.cs.StandardCharsets$Cache
15014:             1             40  sun.nio.cs.StandardCharsets$Classes
15015:             1             40  sun.nio.cs.ext.ExtendedCharsets
15016:             1             40  sun.security.provider.JavaKeyStore$DualFormatJKS
15017:             1             40  sun.swing.FilePane$1
15018:             1             40  sun.swing.FilePane$DetailsTableModel
15019:             1             40  sun.util.locale.InternalLocaleBuilder
15020:             1             40  sun.util.locale.LanguageTag
15021:             1             40  sun.util.locale.StringTokenIterator
15022:             1             40  sun.util.logging.resources.logging
15023:             1             40  sun.util.logging.resources.logging_zh_CN
15024:             1             32  [Lch.qos.logback.core.rolling.helper.CompressionMode;
15025:             1             32  [Lch.qos.logback.core.spi.FilterReply;
15026:             1             32  [Lcom.alibaba.p3c.idea.inspection.standalone.MapOrSetKeyShouldOverrideHashCodeEqualsInspection$ClassType;
15027:             1             32  [Lcom.android.repository.Revision$Precision;
15028:             1             32  [Lcom.android.repository.Revision$PreviewComparison;
15029:             1             32  [Lcom.android.tools.idea.AndroidPsiUtils$ResourceReferenceType;
15030:             1             32  [Lcom.android.tools.idea.gradle.project.sync.compatibility.CompatibilityChecksMetadataUpdater$CheckInterval;
15031:             1             32  [Lcom.android.tools.idea.lint.ParcelableQuickFix$Operation;
15032:             1             32  [Lcom.android.tools.idea.project.messages.MessageType;
15033:             1             32  [Lcom.android.tools.idea.run.editor.LaunchOption;
15034:             1             32  [Lcom.android.tools.idea.startup.DelayedInitialization$GradleBuildStatus;
15035:             1             32  [Lcom.android.tools.lint.detector.api.TextFormat;
15036:             1             32  [Lcom.google.common.base.AbstractIterator$State;
15037:             1             32  [Lcom.google.common.base.Predicates$ObjectPredicate;
15038:             1             32  [Lcom.google.common.cache.LocalCache$Strength;
15039:             1             32  [Lcom.google.common.collect.AbstractIterator$State;
15040:             1             32  [Lcom.intellij.a.g.Address;
15041:             1             32  [Lcom.intellij.codeHighlighting.TextEditorHighlightingPassRegistrar$Anchor;
15042:             1             32  [Lcom.intellij.codeInsight.MethodImplementor;
15043:             1             32  [Lcom.intellij.codeInsight.actions.TextRangeType;
15044:             1             32  [Lcom.intellij.codeInsight.completion.AbstractExpectedTypeSkipper$Result;
15045:             1             32  [Lcom.intellij.codeInsight.completion.CompletionType;
15046:             1             32  [Lcom.intellij.codeInsight.completion.JavaCompletionSorting$PreferAccessible$MyEnum;
15047:             1             32  [Lcom.intellij.codeInsight.completion.RecursionWeigher$Result;
15048:             1             32  [Lcom.intellij.codeInsight.completion.impl.BetterPrefixMatcher$MatchingOutcome;
15049:             1             32  [Lcom.intellij.codeInsight.completion.scope.JavaCompletionProcessor$StaticProblem;
15050:             1             32  [Lcom.intellij.codeInsight.controlflow.ControlFlowUtil$Operation;
15051:             1             32  [Lcom.intellij.codeInsight.daemon.impl.DaemonListeners$Result;
15052:             1             32  [Lcom.intellij.codeInsight.daemon.impl.analysis.ErrorQuickFixProvider;
15053:             1             32  [Lcom.intellij.codeInsight.daemon.impl.analysis.HighlightUtil$SelectorKind;
15054:             1             32  [Lcom.intellij.codeInsight.daemon.impl.quickfix.CreateClassKind;
15055:             1             32  [Lcom.intellij.codeInsight.daemon.impl.quickfix.ImportClassFixBase$Result;
15056:             1             32  [Lcom.intellij.codeInsight.editorActions.SmartBackspaceMode;
15057:             1             32  [Lcom.intellij.codeInsight.editorActions.TypedHandlerDelegate$Result;
15058:             1             32  [Lcom.intellij.codeInsight.editorActions.XmlTagNameSynchronizer$TagNameSynchronizer$State;
15059:             1             32  [Lcom.intellij.codeInsight.folding.impl.UpdateFoldRegionsOperation$ApplyDefaultStateMode;
15060:             1             32  [Lcom.intellij.codeInsight.generation.CommentByLineCommentHandler$CaretUpdate;
15061:             1             32  [Lcom.intellij.codeInsight.highlighting.ReadWriteAccessDetector$Access;
15062:             1             32  [Lcom.intellij.codeInsight.hints.ParameterHintsUpdater$InlayUpdateInfo$Action;
15063:             1             32  [Lcom.intellij.codeInsight.intention.PriorityAction$Priority;
15064:             1             32  [Lcom.intellij.codeInsight.intention.impl.AnnotateIntentionAction$AnnotationProvider;
15065:             1             32  [Lcom.intellij.codeInsight.intention.impl.ConvertToBasicLatinAction$Handler;
15066:             1             32  [Lcom.intellij.codeInsight.intention.impl.IntentionHintComponent$PopupUpdateResult;
15067:             1             32  [Lcom.intellij.codeInsight.javadoc.AnnotationFormat;
15068:             1             32  [Lcom.intellij.codeInsight.lookup.AutoCompletionPolicy;
15069:             1             32  [Lcom.intellij.codeInsight.lookup.CharFilter$Result;
15070:             1             32  [Lcom.intellij.codeInsight.lookup.impl.LookupImpl$FocusDegree;
15071:             1             32  [Lcom.intellij.codeInsight.navigation.CtrlMouseHandler$BrowseMode;
15072:             1             32  [Lcom.intellij.codeInsight.navigation.DocPreviewUtil$State;
15073:             1             32  [Lcom.intellij.codeInsight.preview.PreviewHintProvider;
15074:             1             32  [Lcom.intellij.codeInsight.template.emmet.generators.ZenCodingGenerator;
15075:             1             32  [Lcom.intellij.codeInspection.OptionalIsPresentInspection$OptionalIsPresentCase;
15076:             2             32  [Lcom.intellij.codeInspection.ProblemDescriptor;
15077:             1             32  [Lcom.intellij.codeInspection.dataFlow.Mutability;
15078:             1             32  [Lcom.intellij.codeInspection.dataFlow.SpecialField;
15079:             1             32  [Lcom.intellij.codeInspection.inheritance.ImplicitSubclassProvider;
15080:             1             32  [Lcom.intellij.codeInspection.reflectiveAccess.JavaLangInvokeHandleSignatureInspection$CallChecker;
15081:             1             32  [Lcom.intellij.compiler.backwardRefs.CompilerReferenceReader$DefCount;
15082:             1             32  [Lcom.intellij.compiler.backwardRefs.CompilerReferenceServiceImpl$IndexCloseReason;
15083:             1             32  [Lcom.intellij.compiler.server.BuildMessageDispatcher$SessionData$State;
15084:             2             32  [Lcom.intellij.configurationStore.BundledSchemeEP;
15085:             1             32  [Lcom.intellij.configurationStore.StateLoadPolicy;
15086:             1             32  [Lcom.intellij.configurationStore.TypeMarker;
15087:             1             32  [Lcom.intellij.credentialStore.ProviderType;
15088:             1             32  [Lcom.intellij.credentialStore.kdbx.KdbxHeader$ProtectedStreamAlgorithm;
15089:             1             32  [Lcom.intellij.database.dataSource.DataSourceStorage$Format;
15090:             1             32  [Lcom.intellij.database.dataSource.srcStorage.DbSrcFileSystem$ItemType;
15091:             1             32  [Lcom.intellij.database.introspection.DBIntrospectionOptions$SourceLoading;
15092:             1             32  [Lcom.intellij.database.model.ObjectKind;
15093:             1             32  [Lcom.intellij.database.model.properties.DataTypeFactory$Variant;
15094:             1             32  [Lcom.intellij.database.run.ReservedCellValue;
15095:             1             32  [Lcom.intellij.database.util.Case;
15096:             1             32  [Lcom.intellij.diagnostic.IdeFatalErrorsIcon$State;
15097:             1             32  [Lcom.intellij.diagnostic.VMOptions$MemoryKind;
15098:             1             32  [Lcom.intellij.diagram.settings.DiagramConfigElement$Type;
15099:             1             32  [Lcom.intellij.diff.comparison.ComparisonPolicy;
15100:             1             32  [Lcom.intellij.diff.impl.DiffRequestProcessor$IterationState;
15101:             1             32  [Lcom.intellij.dmserver.artifacts.plan.DMArtifactElementType;
15102:             1             32  [Lcom.intellij.dmserver.facet.DMUnitType;
15103:             1             32  [Lcom.intellij.execution.ConsoleFolding;
15104:             1             32  [Lcom.intellij.execution.ShortenCommandLine;
15105:             1             32  [Lcom.intellij.execution.actions.CreateAction$BaseCreatePolicy$ActionType;
15106:             1             32  [Lcom.intellij.execution.configurations.GeneralCommandLine$ParentEnvironmentType;
15107:             1             32  [Lcom.intellij.execution.dashboard.RunDashboardGroupingRule;
15108:             1             32  [Lcom.intellij.execution.filters.ExceptionFilterFactory;
15109:             1             32  [Lcom.intellij.execution.impl.RunConfigurationLevel;
15110:             1             32  [Lcom.intellij.execution.process.ProcessHandler$State;
15111:             1             32  [Lcom.intellij.execution.runners.JavaProgramPatcher;
15112:             1             32  [Lcom.intellij.formatting.FormatterTagHandler$FormatterTag;
15113:             1             32  [Lcom.intellij.formatting.FormattingMode;
15114:             1             32  [Lcom.intellij.formatting.FormattingStateId;
15115:             1             32  [Lcom.intellij.formatting.WrapType;
15116:             1             32  [Lcom.intellij.ide.ApplicationActivationStateManager$State;
15117:             1             32  [Lcom.intellij.ide.ApplicationLoadListener;
15118:             1             32  [Lcom.intellij.ide.GeneralSettings$ProcessCloseConfirmation;
15119:             1             32  [Lcom.intellij.ide.IdeEventQueue$SearchEverywhereTypeaheadState;
15120:             1             32  [Lcom.intellij.ide.b.g.g$a;
15121:             1             32  [Lcom.intellij.ide.b.r;
15122:             1             32  [Lcom.intellij.ide.browsers.DefaultBrowserPolicy;
15123:             1             32  [Lcom.intellij.ide.diff.DirDiffSettings$CompareMode;
15124:             1             32  [Lcom.intellij.ide.dnd.DnDAction;
15125:             1             32  [Lcom.intellij.ide.gdpr.ConsentOptions$Permission;
15126:             1             32  [Lcom.intellij.ide.ui.AntialiasingType;
15127:             1             32  [Lcom.intellij.idea.SocketLock$ActivateStatus;
15128:             1             32  [Lcom.intellij.idea.StartupUtil$ActivationResult;
15129:             1             32  [Lcom.intellij.internal.statistic.configurable.SendPeriod;
15130:             1             32  [Lcom.intellij.javaee.model.enums.SessionType;
15131:             1             32  [Lcom.intellij.javaee.view.ServerProcessState;
15132:             1             32  [Lcom.intellij.javaee.web.CustomServletReferenceProvider;
15133:             1             32  [Lcom.intellij.javaee.web.ServletMappingType;
15134:             1             32  [Lcom.intellij.javascript.JSModuleBaseReference$ModuleTypes;
15135:             1             32  [Lcom.intellij.javascript.jest.scope.JestScopeKind;
15136:             1             32  [Lcom.intellij.javascript.testFramework.AbstractTestFileStructureBuilder;
15137:             1             32  [Lcom.intellij.jpa.JpaImplementationProvider;
15138:             1             32  [Lcom.intellij.json.formatter.JsonCodeStyleSettings$PropertyAlignment;
15139:             1             32  [Lcom.intellij.lang.ParserDefinition$SpaceRequirements;
15140:             1             32  [Lcom.intellij.lang.java.beans.PropertyKind;
15141:             1             32  [Lcom.intellij.lang.java.parser.DeclarationParser$Context;
15142:             1             32  [Lcom.intellij.lang.java.parser.DeclarationParser$ListType;
15143:             1             32  [Lcom.intellij.lang.java.parser.ExpressionParser$BreakPoint;
15144:             1             32  [Lcom.intellij.lang.javascript.buildTools.base.JsbtService;
15145:             1             32  [Lcom.intellij.lang.javascript.flex.flexunit.FlexUnitRunnerParameters$Scope;
15146:             1             32  [Lcom.intellij.lang.javascript.flex.run.FlashRunnerParameters$AirMobileRunTarget;
15147:             1             32  [Lcom.intellij.lang.javascript.flex.run.LauncherParameters$LauncherType;
15148:             1             32  [Lcom.intellij.lang.javascript.formatter.JSCodeStyleSettings$BooleanWithGlobalOption;
15149:             1             32  [Lcom.intellij.lang.javascript.formatter.JSCodeStyleSettings$JSXAttributeValuePresentation;
15150:             1             32  [Lcom.intellij.lang.javascript.formatter.JSCodeStyleSettings$TrailingCommaOption;
15151:             1             32  [Lcom.intellij.lang.javascript.frameworks.webpack.WebpackUtil$WebpackVersion;
15152:             1             32  [Lcom.intellij.lang.javascript.inspections.JSEqualityComparisonWithCoercionInspection$Severity;
15153:             1             32  [Lcom.intellij.lang.javascript.modules.ModuleFixCreator$ModuleType;
15154:             1             32  [Lcom.intellij.lang.javascript.parsing.ExpressionParser$BinaryParsingState;
15155:             1             32  [Lcom.intellij.lang.javascript.parsing.FunctionParser$Context;
15156:             1             32  [Lcom.intellij.lang.javascript.parsing.StatementParser$BlockType;
15157:             1             32  [Lcom.intellij.lang.javascript.psi.JSElementBase$ClassOrInterface;
15158:             1             32  [Lcom.intellij.lang.javascript.psi.JSExpectedTypeKind;
15159:             1             32  [Lcom.intellij.lang.javascript.psi.JSRecordType$IndexSignatureKind;
15160:             1             32  [Lcom.intellij.lang.javascript.psi.JSType$TypeTextFormat;
15161:             1             32  [Lcom.intellij.lang.javascript.psi.JSVarStatement;
15162:             1             32  [Lcom.intellij.lang.javascript.psi.controlflow.instruction.JSConditionInstruction$ConditionState;
15163:             1             32  [Lcom.intellij.lang.javascript.psi.resolve.BaseJSSymbolProcessor$MatchType;
15164:             1             32  [Lcom.intellij.lang.javascript.psi.resolve.JSCompletionPlaceFilter$ContextKind;
15165:             1             32  [Lcom.intellij.lang.javascript.psi.resolve.JSTypeInfo$GlobalStatusHint;
15166:             1             32  [Lcom.intellij.lang.javascript.psi.resolve.QualifiedItemProcessor$TypeResolveState;
15167:             1             32  [Lcom.intellij.lang.javascript.psi.types.JSCompositeTypeImpl$OptimizedKind;
15168:             1             32  [Lcom.intellij.lang.javascript.psi.types.JSTypeCastUtil$AssignableResult;
15169:             1             32  [Lcom.intellij.lang.javascript.psi.types.JSTypeContext;
15170:             1             32  [Lcom.intellij.lang.javascript.psi.types.JSTypeSource$SourceLanguage;
15171:             1             32  [Lcom.intellij.lang.jvm.actions.ExpectedType$Kind;
15172:             1             32  [Lcom.intellij.lang.jvm.actions.JvmElementActionsFactory;
15173:             1             32  [Lcom.intellij.lang.parameterInfo.ParameterInfoUIContextEx$Flag;
15174:             1             32  [Lcom.intellij.lang.typescript.compiler.TypeScriptCompilerSettings$TypeScriptCompilerVersionType;
15175:             1             32  [Lcom.intellij.notification.NotificationDisplayType;
15176:             1             32  [Lcom.intellij.notification.NotificationType;
15177:             2             32  [Lcom.intellij.notification.impl.NotificationSettings;
15178:             1             32  [Lcom.intellij.openapi.actionSystem.ActionToolbarPosition;
15179:             1             32  [Lcom.intellij.openapi.command.UndoConfirmationPolicy;
15180:             1             32  [Lcom.intellij.openapi.command.impl.UndoManagerImpl$OperationState;
15181:             1             32  [Lcom.intellij.openapi.compiler.generic.GenericCompiler$CompileOrderPlace;
15182:             1             32  [Lcom.intellij.openapi.components.StateStorageChooserEx$Resolution;
15183:             1             32  [Lcom.intellij.openapi.diagnostic.FrequentEventDetector$Level;
15184:             1             32  [Lcom.intellij.openapi.editor.CaretVisualAttributes$Weight;
15185:             2             32  [Lcom.intellij.openapi.editor.RangeMarker;
15186:             1             32  [Lcom.intellij.openapi.editor.actionSystem.EditorTypedHandlerBean;
15187:             1             32  [Lcom.intellij.openapi.editor.ex.BidiTextDirection;
15188:             1             32  [Lcom.intellij.openapi.editor.impl.DisplayedFoldingAnchor$Type;
15189:             1             32  [Lcom.intellij.openapi.editor.markup.GutterIconRenderer$Alignment;
15190:             1             32  [Lcom.intellij.openapi.editor.markup.LineMarkerRendererEx$Position;
15191:             1             32  [Lcom.intellij.openapi.fileEditor.FileEditorPolicy;
15192:             1             32  [Lcom.intellij.openapi.fileEditor.FileEditorStateLevel;
15193:             1             32  [Lcom.intellij.openapi.fileTypes.FileTypeRegistry$FileTypeDetector;
15194:             1             32  [Lcom.intellij.openapi.options.SchemeState;
15195:             1             32  [Lcom.intellij.openapi.paths.DynamicContextProvider;
15196:             1             32  [Lcom.intellij.openapi.progress.util.TooManyUsagesStatus$Status;
15197:             1             32  [Lcom.intellij.openapi.project.DumbModeAction;
15198:             1             32  [Lcom.intellij.openapi.project.DumbServiceImpl$State;
15199:             1             32  [Lcom.intellij.openapi.project.FileContentQueue$PreloadState;
15200:             2             32  [Lcom.intellij.openapi.project.impl.ProjectManagerImpl$UnableToSaveProjectNotification;
15201:             1             32  [Lcom.intellij.openapi.roots.OrderEnumerationHandler$AddDependencyType;
15202:             1             32  [Lcom.intellij.openapi.roots.impl.OrderEnumeratorBase$ProcessEntryActionType;
15203:             1             32  [Lcom.intellij.openapi.ui.DialogWrapper$ErrorPaintingType;
15204:             1             32  [Lcom.intellij.openapi.ui.DialogWrapper$IdeModalityType;
15205:             1             32  [Lcom.intellij.openapi.ui.Splitter$LackOfSpaceStrategy;
15206:             1             32  [Lcom.intellij.openapi.ui.popup.Balloon$Position;
15207:             1             32  [Lcom.intellij.openapi.updateSettings.impl.ChannelStatus;
15208:             1             32  [Lcom.intellij.openapi.updateSettings.impl.UpdateChecker$NotificationUniqueType;
15209:             1             32  [Lcom.intellij.openapi.updateSettings.impl.UpdateStrategy$State;
15210:             1             32  [Lcom.intellij.openapi.util.RequestsMerger$MyAction;
15211:             1             32  [Lcom.intellij.openapi.util.RequestsMerger$MyState;
15212:             1             32  [Lcom.intellij.openapi.util.io.FileAttributes$Type;
15213:             1             32  [Lcom.intellij.openapi.vcs.VcsShowConfirmationOption$Value;
15214:             1             32  [Lcom.intellij.openapi.vcs.VcsVFSListener$VcsDeleteType;
15215:             1             32  [Lcom.intellij.openapi.vcs.changes.Change$Type;
15216:             1             32  [Lcom.intellij.openapi.vcs.changes.IgnoreSettingsType;
15217:             1             32  [Lcom.intellij.openapi.vcs.changes.ui.ChangesViewContentEP;
15218:             1             32  [Lcom.intellij.openapi.vcs.ex.LineStatusTracker$Mode;
15219:             1             32  [Lcom.intellij.openapi.vcs.impl.VcsInitialization$Status;
15220:             1             32  [Lcom.intellij.openapi.vfs.CharsetToolkit$GuessedEncoding;
15221:             1             32  [Lcom.intellij.openapi.vfs.VFileProperty;
15222:             2             32  [Lcom.intellij.openapi.vfs.VirtualFileVisitor$Option;
15223:             1             32  [Lcom.intellij.openapi.vfs.encoding.EncodingProjectManagerImpl$BOMForNewUTF8Files;
15224:             1             32  [Lcom.intellij.openapi.wm.ex.WindowManagerEx$WindowShadowMode;
15225:             1             32  [Lcom.intellij.openapi.wm.impl.ToolWindowManagerImpl$KeyState;
15226:             1             32  [Lcom.intellij.openapi.wm.impl.status.IdeStatusBarImpl$Position;
15227:             1             32  [Lcom.intellij.persistence.roles.PersistenceClassRoleEnum;
15228:             1             32  [Lcom.intellij.plugins.jboss.arquillian.configuration.container.ArquillianContainer$Scope;
15229:             1             32  [Lcom.intellij.psi.ConstraintType;
15230:             1             32  [Lcom.intellij.psi.availability.PsiAvailabilityServiceImpl$ParsedState;
15231:             1             32  [Lcom.intellij.psi.codeStyle.CodeStyleSettings$QuoteStyle;
15232:             1             32  [Lcom.intellij.psi.codeStyle.CodeStyleSettingsCustomizable$OptionAnchor;
15233:             1             32  [Lcom.intellij.psi.codeStyle.CommonCodeStyleSettings$WrapOnTyping;
15234:             1             32  [Lcom.intellij.psi.codeStyle.NameUtil$MatchingCaseSensitivity;
15235:             1             32  [Lcom.intellij.psi.codeStyle.lineIndent.LineIndentProvider;
15236:             1             32  [Lcom.intellij.psi.controlFlow.BranchingInstruction$Role;
15237:             1             32  [Lcom.intellij.psi.controlFlow.ControlFlowAnalyzer$Shortcut;
15238:             1             32  [Lcom.intellij.psi.css.resolve.CssInclusionContext;
15239:             1             32  [Lcom.intellij.psi.impl.PsiClassImplUtil$MemberType;
15240:             1             32  [Lcom.intellij.psi.impl.java.stubs.FunctionalExpressionKey$CoarseType;
15241:             1             32  [Lcom.intellij.psi.impl.smartPointers.SmartPointerAnchorProvider;
15242:             1             32  [Lcom.intellij.psi.impl.source.PsiImmediateClassType$TextType;
15243:             1             32  [Lcom.intellij.psi.impl.source.parsing.xml.XmlBuilder$ProcessingOrder;
15244:             1             32  [Lcom.intellij.psi.impl.source.resolve.Domination;
15245:             1             32  [Lcom.intellij.psi.impl.source.resolve.graphInference.InferenceBound;
15246:             1             32  [Lcom.intellij.psi.impl.source.resolve.graphInference.PsiPolyExpressionUtil$ConditionalKind;
15247:             1             32  [Lcom.intellij.psi.impl.source.tree.TreeGenerator;
15248:             1             32  [Lcom.intellij.psi.scope.conflictResolvers.JavaMethodsConflictResolver$Specifics;
15249:             1             32  [Lcom.intellij.psi.search.PsiSearchHelper$SearchCostResult;
15250:             2             32  [Lcom.intellij.psi.search.SearchScopeProvider;
15251:             1             32  [Lcom.intellij.psi.util.PropertyUtilBase$GetterFlavour;
15252:             1             32  [Lcom.intellij.psi.util.proximity.ReferenceListWeigher$Preference;
15253:             1             32  [Lcom.intellij.psi.util.proximity.ReferenceListWeigher$ReferenceListApplicability;
15254:             1             32  [Lcom.intellij.refactoring.introduce.inplace.OccurrencesChooser$ReplaceChoice;
15255:             1             32  [Lcom.intellij.refactoring.typeMigration.rules.guava.GuavaLambda;
15256:             1             32  [Lcom.intellij.seam.el.SeamElFileProvider;
15257:             1             32  [Lcom.intellij.spring.boot.application.metadata.RelaxedNames$Variation;
15258:             1             32  [Lcom.intellij.spring.boot.application.metadata.SpringBootApplicationMetaConfigKey$DeclarationResolveResult;
15259:             1             32  [Lcom.intellij.spring.contexts.model.graph.LocalModelDependencyType;
15260:             1             32  [Lcom.intellij.spring.web.config.SpringWebModelContributor;
15261:             1             32  [Lcom.intellij.spring.webflow.el.inject.ExpressionLanguageConfiguration;
15262:             1             32  [Lcom.intellij.sql.editor.SqlEditorOptions$QualificationType;
15263:             1             32  [Lcom.intellij.task.ProjectTaskRunner;
15264:             1             32  [Lcom.intellij.tasks.TaskType;
15265:             1             32  [Lcom.intellij.ui.RowIcon$Alignment;
15266:             1             32  [Lcom.intellij.ui.components.JBScrollPane$Alignment;
15267:             1             32  [Lcom.intellij.ui.components.JBScrollPane$Flip;
15268:             1             32  [Lcom.intellij.ui.components.ScrollSource;
15269:             1             32  [Lcom.intellij.ui.content.ContentManagerEvent$ContentOperation;
15270:             1             32  [Lcom.intellij.ui.paint.LinePainter2D$StrokeType;
15271:             1             32  [Lcom.intellij.ui.paint.PaintUtil$RoundingMode;
15272:             1             32  [Lcom.intellij.ui.stripe.ErrorStripePainter$Alignment;
15273:             1             32  [Lcom.intellij.ui.tabs.JBTabsPosition;
15274:             1             32  [Lcom.intellij.ui.tree.TreeVisitor$Action;
15275:             1             32  [Lcom.intellij.util.Alarm$ThreadToUse;
15276:             1             32  [Lcom.intellij.util.Consumer;
15277:             1             32  [Lcom.intellij.util.LineSeparator;
15278:             1             32  [Lcom.intellij.util.containers.JBIterator$Do;
15279:             1             32  [Lcom.intellij.util.containers.TreeTraversal$BiOrderIt$Order;
15280:             1             32  [Lcom.intellij.util.diff.DiffTree$CompareResult;
15281:             1             32  [Lcom.intellij.util.indexing.RebuildStatus;
15282:             1             32  [Lcom.intellij.util.messages.Topic$BroadcastDirection;
15283:             1             32  [Lcom.intellij.util.ui.UIUtil$ComponentStyle;
15284:             1             32  [Lcom.intellij.util.ui.UIUtil$FontSize;
15285:             1             32  [Lcom.intellij.util.ui.tree.TreeModelAdapter$EventType;
15286:             1             32  [Lcom.intellij.vcs.log.data.VcsLogData$State;
15287:             1             32  [Lcom.intellij.webcore.libraries.ScriptingLibraryModel$LibraryLevel;
15288:             1             32  [Lcom.intellij.xdebugger.breakpoints.SuspendPolicy;
15289:             1             32  [Lcom.intellij.xdebugger.impl.DebuggerSupport;
15290:             1             32  [Lcom.intellij.xdebugger.settings.XDebuggerSettings;
15291:             1             32  [Lcom.intellij.xml.impl.schema.ComplexTypeDescriptor$CanContainAttributeType;
15292:             1             32  [Lcom.jediterm.terminal.HyperlinkStyle$HighlightMode;
15293:             1             32  [Lcom.jediterm.terminal.emulator.charset.GraphicSet;
15294:             1             32  [Lcom.jediterm.terminal.emulator.mouse.MouseFormat;
15295:             1             32  [Lcom.jediterm.terminal.ui.TerminalPanel$TerminalCursorState;
15296:             1             32  [Lcom.jetbrains.jsonSchema.extension.SchemaType;
15297:             1             32  [Lcom.jetbrains.plugins.webDeployment.config.PublishConfig$AutoUploadState;
15298:             1             32  [Lcom.jetbrains.plugins.webDeployment.config.PublishConfig$PromptOnRemoteOverwrite;
15299:             1             32  [Lcom.jetbrains.plugins.webDeployment.config.PublishConfig$TraceLevel;
15300:             1             32  [Lcom.jetbrains.plugins.webDeployment.config.sftp.HostKeyCheckingLevel;
15301:             1             32  [Lcom.jetbrains.quirksmode.BrowserFamily;
15302:             1             32  [Lcom.siyeh.ig.controlflow.PointlessBooleanExpressionInspection$BooleanExpressionKind;
15303:             1             32  [Lcom.siyeh.ig.methodmetrics.ParametersPerConstructorInspectionBase$Scope;
15304:             1             32  [Lcom.siyeh.ig.performance.ToArrayCallWithZeroLengthArrayArgumentInspection$PreferEmptyArray;
15305:             1             32  [Lcom.siyeh.ig.psiutils.ControlFlowUtils$InitializerUsageStatus;
15306:             1             32  [Lcom.sun.beans.util.Cache$Kind;
15307:             1             32  [Lcom.sun.nio.file.ExtendedOpenOption;
15308:             1             32  [Lcom.sun.tools.javac.main.Option$OptionKind;
15309:             1             32  [Lcom.sun.xml.internal.bind.v2.model.core.ID;
15310:             1             32  [Lcom.zeroturnaround.http.proxy.ProxySource$Destination;
15311:             1             32  [Lcom.zeroturnaround.javarebel.m$a;
15312:             1             32  [Lcom.zeroturnaround.jrebel.ide.common.guide.model.GuideModel$Step;
15313:             1             32  [Lcom.zeroturnaround.jrebel.ide.common.guide.model.GuideModel$StepState;
15314:             1             32  [Lcom.zeroturnaround.jrebel.remoting.RemoteServerConfigurations$ServerSelection;
15315:             1             32  [Lde.plushnikov.intellij.plugin.action.lombok.BaseLombokHandler;
15316:             1             32  [Lgit4idea.config.UpdateMethod;
15317:             1             32  [Lgit4idea.history.GitLogUtil$DiffRenameLimit;
15318:             1             32  [Lio.netty.buffer.PoolArena$SizeClass;
15319:             1             32  [Lio.netty.util.ResourceLeakDetector$Level;
15320:             1             32  [Ljava.awt.Dialog$ModalExclusionType;
15321:             1             32  [Ljava.awt.Dialog$ModalityType;
15322:             1             32  [Ljava.awt.EventFilter$FilterAction;
15323:             1             32  [Ljava.awt.Window$Type;
15324:             1             32  [Ljava.awt.image.ColorModel;
15325:             2             32  [Ljava.lang.Enum;
15326:             1             32  [Ljava.lang.OutOfMemoryError;
15327:             1             32  [Ljava.lang.management.MemoryManagerMXBean;
15328:             1             32  [Ljava.net.Proxy$Type;
15329:             1             32  [Ljava.nio.file.FileTreeWalker$EventType;
15330:             1             32  [Ljava.nio.file.FileVisitResult;
15331:             1             32  [Ljava.text.Normalizer$Form;
15332:             1             32  [Ljava.time.format.DateTimeFormatterBuilder$SettingsParser;
15333:             1             32  [Ljava.time.format.ResolverStyle;
15334:             1             32  [Ljava.time.temporal.IsoFields$Field;
15335:             1             32  [Ljava.time.temporal.TemporalUnit;
15336:             1             32  [Ljava.util.Map;
15337:             1             32  [Ljava.util.stream.MatchOps$MatchKind;
15338:             1             32  [Ljava.util.stream.StreamShape;
15339:             1             32  [Ljavax.imageio.ImageIO$SpiInfo;
15340:             1             32  [Ljavax.swing.ClientPropertyKey;
15341:             1             32  [Ljavax.swing.SortOrder;
15342:             1             32  [Ljavax.swing.text.html.CSS$CssValue;
15343:             1             32  [Lkotlin.LazyThreadSafetyMode;
15344:             1             32  [Lkotlin.LazyThreadSafetyMode;
15345:             1             32  [Lkotlin.reflect.KParameter$Kind;
15346:             1             32  [Lkotlin.reflect.KVisibility;
15347:             1             32  [Lkotlin.reflect.jvm.internal.impl.builtins.functions.FunctionClassDescriptor$Kind;
15348:             1             32  [Lkotlin.reflect.jvm.internal.impl.descriptors.CallableMemberDescriptor$Kind;
15349:             1             32  [Lkotlin.reflect.jvm.internal.impl.descriptors.Modality;
15350:             1             32  [Lkotlin.reflect.jvm.internal.impl.load.java.AnnotationTypeQualifierResolver$QualifierApplicabilityType;
15351:             1             32  [Lkotlin.reflect.jvm.internal.impl.load.java.BuiltinMethodsWithSpecialGenericSignature$TypeSafeBarrierDescription;
15352:             1             32  [Lkotlin.reflect.jvm.internal.impl.load.java.descriptors.JavaMethodDescriptor$ParameterNamesStatus;
15353:             1             32  [Lkotlin.reflect.jvm.internal.impl.load.java.lazy.types.JavaTypeFlexibility;
15354:             1             32  [Lkotlin.reflect.jvm.internal.impl.load.java.typeEnhancement.NullabilityQualifier;
15355:             1             32  [Lkotlin.reflect.jvm.internal.impl.load.java.typeEnhancement.TypeComponentPosition;
15356:             1             32  [Lkotlin.reflect.jvm.internal.impl.resolve.ExternalOverridabilityCondition$Contract;
15357:             1             32  [Lkotlin.reflect.jvm.internal.impl.resolve.ExternalOverridabilityCondition$Result;
15358:             1             32  [Lkotlin.reflect.jvm.internal.impl.resolve.OverridingUtil$OverrideCompatibilityInfo$Result;
15359:             1             32  [Lkotlin.reflect.jvm.internal.impl.serialization.ProtoBuf$QualifiedNameTable$QualifiedName$Kind;
15360:             1             32  [Lkotlin.reflect.jvm.internal.impl.serialization.ProtoBuf$Type$Argument$Projection;
15361:             1             32  [Lkotlin.reflect.jvm.internal.impl.serialization.ProtoBuf$TypeParameter$Variance;
15362:             1             32  [Lkotlin.reflect.jvm.internal.impl.serialization.deserialization.AnnotatedCallableKind;
15363:             1             32  [Lkotlin.reflect.jvm.internal.impl.serialization.jvm.JvmProtoBuf$StringTableTypes$Record$Operation;
15364:             1             32  [Lkotlin.reflect.jvm.internal.impl.storage.LockBasedStorageManager$NotValue;
15365:             1             32  [Lkotlin.reflect.jvm.internal.impl.types.Variance;
15366:             1             32  [Lkotlin.reflect.jvm.internal.impl.utils.ReportLevel;
15367:             1             32  [Lkotlinx.coroutines.experimental.CoroutineStart;
15368:             1             32  [Lnet.sourceforge.pmd.lang.rule.xpath.JaxenXPathRuleQuery$InitializationStatus;
15369:             1             32  [Lorg.apache.commons.lang3.time.DateUtils$ModifyType;
15370:             1             32  [Lorg.apache.xerces.impl.dv.xs.AbstractDateTimeDV$DateTimeData;
15371:             1             32  [Lorg.imgscalr.Scalr$Mode;
15372:             1             32  [Lorg.intellij.lang.xpath.context.functions.Parameter$Kind;
15373:             1             32  [Lorg.intellij.lang.xpath.xslt.impl.XsltChecker$LanguageLevel;
15374:             1             32  [Lorg.intellij.plugins.intelliLang.Configuration$DfaOption;
15375:             1             32  [Lorg.intellij.plugins.intelliLang.Configuration$InstrumentationType;
15376:             1             32  [Lorg.intellij.plugins.intelliLang.util.AnnotationUtilEx$LookupType;
15377:             1             32  [Lorg.intellij.plugins.markdown.ui.split.SplitFileEditor$SplitEditorLayout;
15378:             1             32  [Lorg.intellij.plugins.xpathView.search.SearchScope$ScopeType;
15379:             1             32  [Lorg.iq80.snappy.AbstractSnappyInputStream$FrameAction;
15380:             1             32  [Lorg.jetbrains.annotations.Nls$Capitalization;
15381:             1             32  [Lorg.jetbrains.concurrency.Promise$State;
15382:             1             32  [Lorg.jetbrains.idea.devkit.inspections.DescriptionType;
15383:             1             32  [Lorg.jetbrains.idea.devkit.util.ComponentType;
15384:             1             32  [Lorg.jetbrains.idea.maven.dom.MavenDomElementDescriptorHolder$FileKind;
15385:             1             32  [Lorg.jetbrains.idea.maven.dom.MavenModelDocumentationProvider$DescKind;
15386:             1             32  [Lorg.jetbrains.idea.maven.execution.MavenExecutionOptions$ChecksumPolicy;
15387:             1             32  [Lorg.jetbrains.idea.maven.execution.MavenExecutionOptions$FailureMode;
15388:             1             32  [Lorg.jetbrains.idea.maven.execution.MavenExecutionOptions$PluginUpdatePolicy;
15389:             1             32  [Lorg.jetbrains.idea.maven.navigator.MavenProjectsStructure$DisplayKind;
15390:             1             32  [Lorg.jetbrains.idea.maven.project.MavenImportingSettings$GeneratedSourcesFolder;
15391:             1             32  [Lorg.jetbrains.idea.maven.tasks.MavenTasksManager$Phase;
15392:             1             32  [Lorg.jetbrains.idea.svn.SvnConfiguration$SSLProtocols;
15393:             1             32  [Lorg.jetbrains.idea.svn.SvnConfiguration$SshConnectionType;
15394:             1             32  [Lorg.jetbrains.jps.api.CmdlineRemoteProto$Message$BuilderMessage$BuildEvent$Status;
15395:             1             32  [Lorg.jetbrains.jps.api.CmdlineRemoteProto$Message$BuilderMessage$BuildEvent$Type;
15396:             1             32  [Lorg.jetbrains.jps.api.CmdlineRemoteProto$Message$BuilderMessage$Type;
15397:             1             32  [Lorg.jetbrains.jps.api.CmdlineRemoteProto$Message$ControllerMessage$ParametersMessage$Type;
15398:             1             32  [Lorg.jetbrains.jps.api.CmdlineRemoteProto$Message$ControllerMessage$Type;
15399:             1             32  [Lorg.jetbrains.jps.api.CmdlineRemoteProto$Message$Type;
15400:             1             32  [Lorg.jetbrains.jps.model.serialization.JpsGlobalExtensionSerializer;
15401:             1             32  [Lorg.jetbrains.kotlin.analyzer.ModuleInfo$DependencyOnBuiltIns;
15402:             1             32  [Lorg.jetbrains.kotlin.builtins.functions.FunctionClassDescriptor$Kind;
15403:             1             32  [Lorg.jetbrains.kotlin.caches.resolve.IdePlatformSupport;
15404:             1             32  [Lorg.jetbrains.kotlin.codegen.OwnerKind;
15405:             1             32  [Lorg.jetbrains.kotlin.config.JVMConstructorCallNormalizationMode;
15406:             1             32  [Lorg.jetbrains.kotlin.config.LanguageFeature$State;
15407:             1             32  [Lorg.jetbrains.kotlin.config.LanguageVersion;
15408:             1             32  [Lorg.jetbrains.kotlin.container.ComponentStorageState;
15409:             1             32  [Lorg.jetbrains.kotlin.descriptors.CallableMemberDescriptor$Kind;
15410:             1             32  [Lorg.jetbrains.kotlin.descriptors.Modality;
15411:             1             32  [Lorg.jetbrains.kotlin.diagnostics.Severity;
15412:             1             32  [Lorg.jetbrains.kotlin.idea.caches.resolve.ModuleOrigin;
15413:             1             32  [Lorg.jetbrains.kotlin.idea.spring.generate.SpringDependencyInjectionKind;
15414:             1             32  [Lorg.jetbrains.kotlin.idea.util.KotlinBinaryExtension;
15415:             1             32  [Lorg.jetbrains.kotlin.load.java.AnnotationTypeQualifierResolver$QualifierApplicabilityType;
15416:             1             32  [Lorg.jetbrains.kotlin.load.java.BuiltinMethodsWithSpecialGenericSignature$TypeSafeBarrierDescription;
15417:             1             32  [Lorg.jetbrains.kotlin.load.java.descriptors.JavaMethodDescriptor$ParameterNamesStatus;
15418:             1             32  [Lorg.jetbrains.kotlin.load.java.lazy.types.JavaTypeFlexibility;
15419:             1             32  [Lorg.jetbrains.kotlin.load.java.typeEnhancement.NullabilityQualifier;
15420:             1             32  [Lorg.jetbrains.kotlin.load.java.typeEnhancement.TypeComponentPosition;
15421:             1             32  [Lorg.jetbrains.kotlin.load.kotlin.JvmBuiltInsSettings$JDKMemberStatus;
15422:             1             32  [Lorg.jetbrains.kotlin.name.State;
15423:             1             32  [Lorg.jetbrains.kotlin.parsing.KotlinParsing$AnnotationParsingMode;
15424:             2             32  [Lorg.jetbrains.kotlin.psi.KtClass;
15425:             1             32  [Lorg.jetbrains.kotlin.renderer.AnnotationArgumentsRenderingPolicy;
15426:             1             32  [Lorg.jetbrains.kotlin.renderer.OverrideRenderingPolicy;
15427:             1             32  [Lorg.jetbrains.kotlin.renderer.ParameterNameRenderingPolicy;
15428:             1             32  [Lorg.jetbrains.kotlin.resolve.ExternalOverridabilityCondition$Contract;
15429:             1             32  [Lorg.jetbrains.kotlin.resolve.ExternalOverridabilityCondition$Result;
15430:             1             32  [Lorg.jetbrains.kotlin.resolve.OverridingUtil$OverrideCompatibilityInfo$Result;
15431:             1             32  [Lorg.jetbrains.kotlin.resolve.checkers.ClassifierUsageChecker;
15432:             1             32  [Lorg.jetbrains.kotlin.serialization.ProtoBuf$QualifiedNameTable$QualifiedName$Kind;
15433:             1             32  [Lorg.jetbrains.kotlin.serialization.ProtoBuf$Type$Argument$Projection;
15434:             1             32  [Lorg.jetbrains.kotlin.serialization.ProtoBuf$TypeParameter$Variance;
15435:             1             32  [Lorg.jetbrains.kotlin.serialization.deserialization.AnnotatedCallableKind;
15436:             1             32  [Lorg.jetbrains.kotlin.storage.LockBasedStorageManager$NotValue;
15437:             1             32  [Lorg.jetbrains.kotlin.types.TypeSubstitutor$VarianceConflictType;
15438:             1             32  [Lorg.jetbrains.kotlin.types.Variance;
15439:             1             32  [Lorg.jetbrains.kotlin.types.checker.CaptureStatus;
15440:             1             32  [Lorg.jetbrains.kotlin.types.checker.TypeCheckerContext$LowerCapturedTypePolicy;
15441:             1             32  [Lorg.jetbrains.kotlin.types.checker.TypeCheckerContext$SeveralSupertypesWithSameConstructorPolicy;
15442:             1             32  [Lorg.jetbrains.kotlin.types.checker.TypeCheckingProcedure$EnrichedProjectionKind;
15443:             1             32  [Lorg.jetbrains.kotlin.utils.ReportLevel;
15444:             1             32  [Lorg.jetbrains.plugins.gradle.settings.DistributionType;
15445:             1             32  [Lorg.jetbrains.plugins.gradle.settings.GradleSystemRunningSettings$PreferredTestRunner;
15446:             1             32  [Lorg.jetbrains.plugins.groovy.extensions.GroovyScriptTypeDetector;
15447:             1             32  [Lorg.jetbrains.plugins.groovy.lang.parser.parsing.statements.expressions.ExpressionStatement$Result;
15448:             1             32  [Lorg.jetbrains.plugins.groovy.lang.parser.parsing.statements.expressions.arithmetic.PathExpression$Result;
15449:             1             32  [Lorg.jetbrains.plugins.groovy.lang.parser.parsing.statements.typeDefinitions.ReferenceElement$ReferenceElementResult;
15450:             1             32  [Lorg.jetbrains.plugins.groovy.lang.psi.api.types.CodeReferenceKind;
15451:             1             32  [Lorg.jetbrains.settingsRepository.SyncType;
15452:             1             32  [Lorg.yaml.snakeyaml.DumperOptions$FlowStyle;
15453:             1             32  [Lorg.zeroturnaround.javarebel.reporting.MessageType$SendFilterImpl;
15454:             1             32  [Lorg.zeroturnaround.jrebel.client.JRebelJar$ManifestEntry;
15455:             1             32  [Lorg.zeroturnaround.jrebel.client.logger.Log$Product;
15456:             1             32  [Lorg.zeroturnaround.jrebel.client.metrics.DialogShowCause;
15457:             1             32  [Lorg.zeroturnaround.jrebel.client.spi.JRebelClientSettings$SyncOnBuildState;
15458:             1             32  [Lorg.zeroturnaround.jrebel.ide.common.notifications.NotificationEvent;
15459:             1             32  [Lorg.zeroturnaround.jrebel.ide.debugger.AbstractDebuggerConfiguration$Ide;
15460:             1             32  [Lorg.zmlx.hg4idea.provider.update.HgUpdateType;
15461:             1             32  [Lsun.awt.AppContext$State;
15462:             1             32  [Lsun.awt.shell.ShellFolderColumnInfo;
15463:             1             32  [Lsun.java2d.StateTrackable$State;
15464:             1             32  [Lsun.java2d.marlin.Dasher$LengthIterator$Side;
15465:             1             32  [Lsun.java2d.marlin.MarlinRenderingEngine$NormMode;
15466:             1             32  [Lsun.misc.FormattedFloatingDecimal$Form;
15467:             1             32  [Lsun.misc.ObjectInputFilter$Status;
15468:             1             32  [Lsun.net.www.protocol.http.HttpURLConnection$TunnelState;
15469:             1             32  [Lsun.security.ssl.CipherSuite$CipherType;
15470:             1             32  [Lsun.security.ssl.CipherSuite$PRF;
15471:             1             32  [[Ljava.awt.AWTKeyStroke;
15472:             1             32  [[Ljavax.swing.text.html.CSS$Attribute;
15473:             2             32  ch.qos.logback.classic.pattern.EnsureExceptionHandling
15474:             2             32  ch.qos.logback.classic.pattern.TargetLengthBasedClassNameAbbreviator
15475:             1             32  ch.qos.logback.core.rolling.helper.Compressor
15476:             1             32  ch.qos.logback.core.rolling.helper.FileNamePattern
15477:             1             32  ch.qos.logback.core.rolling.helper.IntegerTokenConverter
15478:             1             32  cn.yiiguxing.plugin.translate.action.ChooseTranslatorAction
15479:             1             32  cn.yiiguxing.plugin.translate.action.EditorTranslateAction
15480:             1             32  cn.yiiguxing.plugin.translate.action.ExclusiveTranslateAction
15481:             1             32  cn.yiiguxing.plugin.translate.action.InclusiveTranslateAction
15482:             1             32  cn.yiiguxing.plugin.translate.action.TranslateAndReplaceAction
15483:             1             32  cn.yiiguxing.plugin.translate.action.TranslateTextComponentAction
15484:             1             32  cn.yiiguxing.plugin.translate.trans.TranslateService
15485:             1             32  cn.yiiguxing.plugin.translate.ui.TranslatorWidget
15486:             2             32  cn.yiiguxing.plugin.translate.ui.icon.SuspendIcon
15487:             1             32  com.alibaba.p3c.idea.action.SwitchLanguageAction
15488:             1             32  com.alibaba.p3c.idea.action.ToggleProjectInspectionAction
15489:             1             32  com.alibaba.p3c.idea.quickfix.DecorateInspectionGadgetsFix
15490:             2             32  com.android.ide.common.repository.GradleCoordinate$GradleCoordinateComparator
15491:             1             32  com.android.repository.impl.meta.Archive$HostConfig
15492:             2             32  com.android.repository.impl.meta.SchemaModuleUtil$SchemaModuleResourceResolver
15493:             1             32  com.android.repository.impl.sources.LocalSourceProvider
15494:             1             32  com.android.repository.impl.sources.RemoteListSourceProviderImpl
15495:             2             32  com.android.sdklib.repository.generated.addon.v1.AddonDetailsType$JaxbAccessorF_defaultSkin
15496:             2             32  com.android.sdklib.repository.generated.common.v1.LibraryType$JaxbAccessorF_description
15497:             2             32  com.android.sdklib.repository.generated.sysimg.v1.SysImgDetailsType$JaxbAccessorF_abi
15498:             2             32  com.android.sdklib.repository.sources.generated.v1.AddonSiteType$JaxbAccessorF_name
15499:             2             32  com.android.sdklib.repository.sources.generated.v2.AddonSiteType$JaxbAccessorF_name
15500:             2             32  com.android.sdklib.repository.sources.generated.v2.SysImgSiteType$JaxbAccessorF_name
15501:             1             32  com.android.tools.idea.actions.annotations.InferSupportAnnotationsAction
15502:             1             32  com.android.tools.idea.apk.ApkFacetType
15503:             1             32  com.android.tools.idea.common.actions.RestoreDefaultWindowLayoutAction
15504:             1             32  com.android.tools.idea.common.actions.StoreDefaultWindowLayoutAction
15505:             2             32  com.android.tools.idea.databinding.config.DataBindingConfiguration
15506:             2             32  com.android.tools.idea.flags.StudioFlagSettings
15507:             2             32  com.android.tools.idea.folding.AndroidCodeFoldingOptionsProvider$$Lambda$1443/38821124
15508:             2             32  com.android.tools.idea.folding.AndroidCodeFoldingOptionsProvider$$Lambda$1444/1468662646
15509:             2             32  com.android.tools.idea.folding.AndroidFoldingSettings
15510:             1             32  com.android.tools.idea.folding.InlinedResource
15511:             2             32  com.android.tools.idea.folding.ResourceFoldingBuilder
15512:             1             32  com.android.tools.idea.gradle.actions.CleanProjectAction
15513:             1             32  com.android.tools.idea.gradle.actions.EditBuildTypesAction
15514:             1             32  com.android.tools.idea.gradle.actions.EditFlavorsAction
15515:             1             32  com.android.tools.idea.gradle.actions.EditLibraryAndDependenciesAction
15516:             1             32  com.android.tools.idea.gradle.actions.LinkExternalCppProjectAction
15517:             1             32  com.android.tools.idea.gradle.actions.MakeGradleModuleAction
15518:             1             32  com.android.tools.idea.gradle.actions.MakeGradleProjectAction
15519:             1             32  com.android.tools.idea.gradle.actions.RebuildGradleProjectAction
15520:             1             32  com.android.tools.idea.gradle.actions.RefreshLinkedCppProjectsAction
15521:             1             32  com.android.tools.idea.gradle.actions.SelectBuildVariantAction
15522:             1             32  com.android.tools.idea.gradle.actions.SyncProjectAction
15523:             1             32  com.android.tools.idea.gradle.project.facet.gradle.GradleFacetType
15524:             1             32  com.android.tools.idea.gradle.project.facet.java.JavaFacetType
15525:             1             32  com.android.tools.idea.gradle.project.facet.ndk.NdkFacetType
15526:             1             32  com.android.tools.idea.gradle.project.sync.GradleSyncInvoker
15527:             1             32  com.android.tools.idea.gradle.project.sync.common.CommandLineArgs
15528:             2             32  com.android.tools.idea.gradle.project.sync.compatibility.version.AndroidGradlePluginVersionReader
15529:             1             32  com.android.tools.idea.lang.aidl.AidlLanguage
15530:             1             32  com.android.tools.idea.lang.databinding.DbLanguage
15531:             1             32  com.android.tools.idea.lang.proguard.ProguardLanguage
15532:             1             32  com.android.tools.idea.lang.roomSql.ROOM_SQL_LANGUAGE
15533:             1             32  com.android.tools.idea.lang.rs.RenderscriptLanguage
15534:             1             32  com.android.tools.idea.profiling.view.AnalysisResultsManager$1
15535:             1             32  com.android.tools.idea.refactoring.modularize.AndroidModularizeAction
15536:             1             32  com.android.tools.idea.sdk.IdeSdks
15537:             2             32  com.android.tools.idea.sdk.StudioSettingsController$PersistentState
15538:             1             32  com.android.tools.idea.smali.SmaliLanguage
15539:             2             32  com.android.tools.idea.uibuilder.api.ViewHandler
15540:             1             32  com.android.tools.idea.uibuilder.editor.NlPreviewManager$2
15541:             1             32  com.ansorgit.plugins.bash.actions.AddReplAction
15542:             1             32  com.ansorgit.plugins.bash.lang.BashLanguage
15543:             1             32  com.ansorgit.plugins.bash.runner.BashConfigurationType
15544:             2             32  com.github.rjeschke.txtmark.DefaultDecorator
15545:             2             32  com.google.common.cache.LocalCache$LocalManualCache
15546:             2             32  com.google.common.collect.ComparisonChain$InactiveComparisonChain
15547:             2             32  com.google.gson.Gson$1
15548:             2             32  com.google.gson.Gson$2
15549:             2             32  com.google.gson.Gson$4
15550:             2             32  com.google.gson.Gson$5
15551:             2             32  com.google.gson.internal.ConstructorConstructor
15552:             2             32  com.google.gson.internal.bind.CollectionTypeAdapterFactory
15553:             2             32  com.google.gson.internal.bind.JsonAdapterAnnotationTypeAdapterFactory
15554:             2             32  com.google.gson.internal.bind.TreeTypeAdapter$GsonContextImpl
15555:             1             32  com.google.protobuf.ExtensionRegistry
15556:             1             32  com.google.protobuf.UnknownFieldSetLite
15557:             1             32  com.intellij.a.d.a.a
15558:             1             32  com.intellij.aop.psi.AopPointcutExpressionLanguage
15559:             1             32  com.intellij.appengine.facet.AppEngineFacetType
15560:             1             32  com.intellij.appengine.server.run.AppEngineServerConfigurationProducer
15561:             2             32  com.intellij.application.options.JspSmartKeysConfigurable$$Lambda$1391/807401707
15562:             2             32  com.intellij.application.options.JspSmartKeysConfigurable$$Lambda$1392/1036628522
15563:             2             32  com.intellij.application.options.XmlSettings
15564:             1             32  com.intellij.application.options.editor.AutoImportOptionsConfigurable
15565:             2             32  com.intellij.application.options.editor.BaseCodeFoldingOptionsProvider$$Lambda$1397/1640405573
15566:             2             32  com.intellij.application.options.editor.BaseCodeFoldingOptionsProvider$$Lambda$1398/412532560
15567:             2             32  com.intellij.application.options.editor.BaseCodeFoldingOptionsProvider$$Lambda$1399/748820032
15568:             2             32  com.intellij.application.options.editor.BaseCodeFoldingOptionsProvider$$Lambda$1400/964425717
15569:             2             32  com.intellij.application.options.editor.BaseCodeFoldingOptionsProvider$$Lambda$1401/1824146989
15570:             2             32  com.intellij.application.options.editor.BaseCodeFoldingOptionsProvider$$Lambda$1402/1098586325
15571:             2             32  com.intellij.application.options.editor.BaseCodeFoldingOptionsProvider$$Lambda$1403/2111243948
15572:             2             32  com.intellij.application.options.editor.BaseCodeFoldingOptionsProvider$$Lambda$1404/460690108
15573:             2             32  com.intellij.application.options.editor.BaseCodeFoldingOptionsProvider$$Lambda$1405/624964817
15574:             2             32  com.intellij.application.options.editor.BaseCodeFoldingOptionsProvider$$Lambda$1406/1021586716
15575:             2             32  com.intellij.application.options.editor.EditorOptions
15576:             2             32  com.intellij.application.options.editor.EditorOptionsPanel$1
15577:             2             32  com.intellij.application.options.editor.EditorOptionsPanel$3
15578:             2             32  com.intellij.application.options.editor.EditorOptionsPanel$4
15579:             2             32  com.intellij.application.options.editor.EditorOptionsPanel$5
15580:             2             32  com.intellij.application.options.editor.EditorTabsConfigurable$1
15581:             2             32  com.intellij.application.options.editor.EditorTabsConfigurable$2
15582:             2             32  com.intellij.application.options.editor.JavaCodeFoldingOptionsProvider$$Lambda$1415/194586038
15583:             2             32  com.intellij.application.options.editor.JavaCodeFoldingOptionsProvider$$Lambda$1416/564949749
15584:             2             32  com.intellij.application.options.editor.JavaCodeFoldingOptionsProvider$$Lambda$1417/167457765
15585:             2             32  com.intellij.application.options.editor.JavaCodeFoldingOptionsProvider$$Lambda$1418/1490431944
15586:             2             32  com.intellij.application.options.editor.JavaCodeFoldingOptionsProvider$$Lambda$1419/438306289
15587:             2             32  com.intellij.application.options.editor.JavaCodeFoldingOptionsProvider$$Lambda$1420/1490675610
15588:             2             32  com.intellij.application.options.editor.JavaCodeFoldingOptionsProvider$$Lambda$1421/149783423
15589:             2             32  com.intellij.application.options.editor.JavaCodeFoldingOptionsProvider$$Lambda$1422/1638684101
15590:             2             32  com.intellij.application.options.editor.JavaCodeFoldingOptionsProvider$$Lambda$1423/2075777932
15591:             2             32  com.intellij.application.options.editor.JavaCodeFoldingOptionsProvider$$Lambda$1424/1816856150
15592:             2             32  com.intellij.application.options.editor.JavaCodeFoldingOptionsProvider$$Lambda$1425/140084955
15593:             2             32  com.intellij.application.options.editor.JavaCodeFoldingOptionsProvider$$Lambda$1426/190376040
15594:             2             32  com.intellij.application.options.editor.JavaCodeFoldingOptionsProvider$$Lambda$1427/1049110324
15595:             2             32  com.intellij.application.options.editor.JavaCodeFoldingOptionsProvider$$Lambda$1428/180743941
15596:             2             32  com.intellij.application.options.editor.JavaCodeFoldingOptionsProvider$$Lambda$1429/1324277720
15597:             2             32  com.intellij.application.options.editor.JavaCodeFoldingOptionsProvider$$Lambda$1430/45704645
15598:             2             32  com.intellij.application.options.editor.JavaCodeFoldingOptionsProvider$$Lambda$1431/2104972065
15599:             2             32  com.intellij.application.options.editor.JavaCodeFoldingOptionsProvider$$Lambda$1432/1492067917
15600:             2             32  com.intellij.application.options.editor.JavaCodeFoldingOptionsProvider$$Lambda$1433/1623663255
15601:             2             32  com.intellij.application.options.editor.JavaCodeFoldingOptionsProvider$$Lambda$1434/697955335
15602:             2             32  com.intellij.application.options.editor.XmlCodeFoldingOptionsProvider$$Lambda$1407/2009541768
15603:             2             32  com.intellij.application.options.editor.XmlCodeFoldingOptionsProvider$$Lambda$1408/2088023513
15604:             2             32  com.intellij.application.options.editor.XmlCodeFoldingOptionsProvider$$Lambda$1409/628818988
15605:             2             32  com.intellij.application.options.editor.XmlCodeFoldingOptionsProvider$$Lambda$1410/1796656999
15606:             2             32  com.intellij.application.options.editor.XmlCodeFoldingOptionsProvider$$Lambda$1411/1877894044
15607:             2             32  com.intellij.application.options.editor.XmlCodeFoldingOptionsProvider$$Lambda$1412/913168837
15608:             2             32  com.intellij.application.options.editor.XmlCodeFoldingOptionsProvider$$Lambda$1413/1271591232
15609:             2             32  com.intellij.application.options.editor.XmlCodeFoldingOptionsProvider$$Lambda$1414/385508009
15610:             2             32  com.intellij.application.options.editor.XmlFoldingSettings$State
15611:             1             32  com.intellij.batch.config.BatchLibraryType
15612:             1             32  com.intellij.beanValidation.config.BeanValidationLibraryType
15613:             1             32  com.intellij.cdi.config.CdiLibraryType
15614:             1             32  com.intellij.codeInsight.ConcurrencyAnnotationsManager
15615:             1             32  com.intellij.codeInsight.ExpectedTypeInfoImpl$1
15616:             2             32  com.intellij.codeInsight.ExternalAnnotationsLineMarkerProvider
15617:             2             32  com.intellij.codeInsight.JavaTargetElementEvaluator
15618:             1             32  com.intellij.codeInsight.actions.GenerateDTDAction
15619:             1             32  com.intellij.codeInsight.completion.CompletionVariant
15620:             2             32  com.intellij.codeInsight.completion.ConstructorInsertHandler
15621:             1             32  com.intellij.codeInsight.completion.NextPrevParameterAction$Next
15622:             1             32  com.intellij.codeInsight.completion.NextPrevParameterAction$Prev
15623:             1             32  com.intellij.codeInsight.completion.actions.HippieBackwardCompletionAction
15624:             1             32  com.intellij.codeInsight.completion.actions.HippieCompletionAction
15625:             1             32  com.intellij.codeInsight.completion.impl.CamelHumpMatcher
15626:             2             32  com.intellij.codeInsight.completion.scope.JavaCompletionProcessor$Options
15627:             2             32  com.intellij.codeInsight.daemon.impl.DaemonCodeAnalyzerImpl$$Lambda$473/1792427028
15628:             1             32  com.intellij.codeInsight.daemon.impl.ExternalToolPass$$Lambda$2833/852044692
15629:             1             32  com.intellij.codeInsight.daemon.impl.InjectedGeneralHighlightingPass$$Lambda$2271/86733186
15630:             2             32  com.intellij.codeInsight.daemon.impl.JavaDocAnnotator
15631:             2             32  com.intellij.codeInsight.daemon.impl.JavaProjectSdkSetupValidator
15632:             2             32  com.intellij.codeInsight.daemon.impl.LineMarkerSettingsImpl
15633:             1             32  com.intellij.codeInsight.daemon.impl.LocalInspectionsPass$$Lambda$3963/971589905
15634:             1             32  com.intellij.codeInsight.daemon.impl.LocalInspectionsPass$$Lambda$4203/795721515
15635:             2             32  com.intellij.codeInsight.daemon.impl.PassExecutorService$$Lambda$1878/1959103673
15636:             1             32  com.intellij.codeInsight.daemon.impl.PsiChangeHandler
15637:             2             32  com.intellij.codeInsight.daemon.impl.StatusBarUpdater$1
15638:             2             32  com.intellij.codeInsight.daemon.impl.StatusBarUpdater$2
15639:             2             32  com.intellij.codeInsight.daemon.impl.StatusBarUpdater$3
15640:             1             32  com.intellij.codeInsight.daemon.impl.TextEditorHighlightingPassRegistrarImpl
15641:             1             32  com.intellij.codeInsight.daemon.impl.actions.GotoNextElementUnderCaretUsageAction
15642:             1             32  com.intellij.codeInsight.daemon.impl.actions.GotoNextErrorAction
15643:             1             32  com.intellij.codeInsight.daemon.impl.actions.GotoPrevElementUnderCaretUsageAction
15644:             1             32  com.intellij.codeInsight.daemon.impl.actions.GotoPreviousErrorAction
15645:             1             32  com.intellij.codeInsight.daemon.impl.actions.ShowErrorDescriptionAction
15646:             1             32  com.intellij.codeInsight.daemon.impl.analysis.RefCountHolder
15647:             2             32  com.intellij.codeInsight.daemon.impl.analysis.encoding.JspEncodingInAttributeReferenceProvider
15648:             1             32  com.intellij.codeInsight.daemon.impl.quickfix.JetBrainsAnnotationsExternalLibraryResolver$1
15649:             1             32  com.intellij.codeInsight.daemon.impl.quickfix.JetBrainsAnnotationsExternalLibraryResolver$2
15650:             1             32  com.intellij.codeInsight.documentation.actions.ShowQuickDocInfoAction
15651:             1             32  com.intellij.codeInsight.editorActions.CodeBlockEndAction
15652:             1             32  com.intellij.codeInsight.editorActions.CodeBlockEndWithSelectionAction
15653:             1             32  com.intellij.codeInsight.editorActions.CodeBlockStartAction
15654:             1             32  com.intellij.codeInsight.editorActions.CodeBlockStartWithSelectionAction
15655:             1             32  com.intellij.codeInsight.editorActions.EmacsStyleIndentAction
15656:             1             32  com.intellij.codeInsight.editorActions.FixDocCommentAction
15657:             1             32  com.intellij.codeInsight.editorActions.JavaMethodOverloadSwitchDownAction
15658:             1             32  com.intellij.codeInsight.editorActions.JavaMethodOverloadSwitchUpAction
15659:             1             32  com.intellij.codeInsight.editorActions.MatchBraceAction
15660:             1             32  com.intellij.codeInsight.editorActions.SmartIndentingBackspaceHandler
15661:             2             32  com.intellij.codeInsight.editorActions.XmlQuoteHandler
15662:             1             32  com.intellij.codeInsight.editorActions.enter.EnterAfterJavadocTagHandler$Context
15663:             1             32  com.intellij.codeInsight.editorActions.fillParagraph.FillParagraphAction
15664:             1             32  com.intellij.codeInsight.editorActions.moveLeftRight.MoveElementLeftAction
15665:             1             32  com.intellij.codeInsight.editorActions.moveLeftRight.MoveElementRightAction
15666:             1             32  com.intellij.codeInsight.editorActions.moveUpDown.MoveLineDownAction
15667:             1             32  com.intellij.codeInsight.editorActions.moveUpDown.MoveLineUpAction
15668:             1             32  com.intellij.codeInsight.editorActions.moveUpDown.MoveStatementDownAction
15669:             1             32  com.intellij.codeInsight.editorActions.moveUpDown.MoveStatementUpAction
15670:             1             32  com.intellij.codeInsight.editorActions.smartEnter.SmartEnterAction
15671:             1             32  com.intellij.codeInsight.folding.impl.actions.CollapseAllRegionsAction
15672:             1             32  com.intellij.codeInsight.folding.impl.actions.CollapseBlockAction
15673:             1             32  com.intellij.codeInsight.folding.impl.actions.CollapseDocCommentsAction
15674:             1             32  com.intellij.codeInsight.folding.impl.actions.CollapseRegionAction
15675:             1             32  com.intellij.codeInsight.folding.impl.actions.CollapseRegionRecursivelyAction
15676:             1             32  com.intellij.codeInsight.folding.impl.actions.CollapseSelectionAction
15677:             1             32  com.intellij.codeInsight.folding.impl.actions.ExpandAllRegionsAction
15678:             1             32  com.intellij.codeInsight.folding.impl.actions.ExpandAllToLevel1Action
15679:             1             32  com.intellij.codeInsight.folding.impl.actions.ExpandAllToLevel2Action
15680:             1             32  com.intellij.codeInsight.folding.impl.actions.ExpandAllToLevel3Action
15681:             1             32  com.intellij.codeInsight.folding.impl.actions.ExpandAllToLevel4Action
15682:             1             32  com.intellij.codeInsight.folding.impl.actions.ExpandAllToLevel5Action
15683:             1             32  com.intellij.codeInsight.folding.impl.actions.ExpandDocCommentsAction
15684:             1             32  com.intellij.codeInsight.folding.impl.actions.ExpandRegionAction
15685:             1             32  com.intellij.codeInsight.folding.impl.actions.ExpandRegionRecursivelyAction
15686:             1             32  com.intellij.codeInsight.folding.impl.actions.ExpandToLevel1Action
15687:             1             32  com.intellij.codeInsight.folding.impl.actions.ExpandToLevel2Action
15688:             1             32  com.intellij.codeInsight.folding.impl.actions.ExpandToLevel3Action
15689:             1             32  com.intellij.codeInsight.folding.impl.actions.ExpandToLevel4Action
15690:             1             32  com.intellij.codeInsight.folding.impl.actions.ExpandToLevel5Action
15691:             1             32  com.intellij.codeInsight.generation.GenerateEqualsHandler
15692:             1             32  com.intellij.codeInsight.generation.OverrideImplementExploreUtil$1
15693:             1             32  com.intellij.codeInsight.generation.actions.AutoIndentLinesAction
15694:             1             32  com.intellij.codeInsight.generation.actions.DelegateMethodsAction
15695:             1             32  com.intellij.codeInsight.generation.actions.GenerateCreateUIAction
15696:             1             32  com.intellij.codeInsight.generation.actions.GenerateEJBFinderOrSelectorMethod
15697:             1             32  com.intellij.codeInsight.generation.actions.GenerateEJBReference
15698:             1             32  com.intellij.codeInsight.generation.actions.GenerateEqualsAction
15699:             1             32  com.intellij.codeInsight.generation.actions.GenerateGetterAction
15700:             1             32  com.intellij.codeInsight.generation.actions.GenerateGetterAndSetterAction
15701:             1             32  com.intellij.codeInsight.generation.actions.GenerateInterceptorMethods
15702:             1             32  com.intellij.codeInsight.generation.actions.GeneratePersistenceContextReference
15703:             1             32  com.intellij.codeInsight.generation.actions.GenerateResourceReference
15704:             1             32  com.intellij.codeInsight.generation.actions.GenerateSetterAction
15705:             1             32  com.intellij.codeInsight.generation.actions.GenerateSuperMethodCallAction
15706:             1             32  com.intellij.codeInsight.generation.actions.ImplementMethodsAction
15707:             1             32  com.intellij.codeInsight.generation.actions.OverrideMethodsAction
15708:             1             32  com.intellij.codeInsight.generation.actions.SurroundWithAction
15709:             1             32  com.intellij.codeInsight.hint.actions.NextParameterAction
15710:             1             32  com.intellij.codeInsight.hint.actions.PrevParameterAction
15711:             1             32  com.intellij.codeInsight.hint.actions.ShowContainerInfoAction
15712:             1             32  com.intellij.codeInsight.hint.actions.ShowExpressionTypeAction
15713:             1             32  com.intellij.codeInsight.hint.actions.ShowImplementationsAction
15714:             1             32  com.intellij.codeInsight.hint.actions.ShowParameterInfoAction
15715:             1             32  com.intellij.codeInsight.hint.actions.ShowSiblingsAction
15716:             1             32  com.intellij.codeInsight.hints.JavaInlayParameterHintsProvider
15717:             2             32  com.intellij.codeInsight.hints.settings.ParameterNameHintsSettings$getState$2
15718:             1             32  com.intellij.codeInsight.intention.actions.ShowIntentionActionsAction
15719:             2             32  com.intellij.codeInsight.intention.impl.TypeExpression
15720:             1             32  com.intellij.codeInsight.intention.impl.config.IntentionManagerImpl
15721:             1             32  com.intellij.codeInsight.lookup.impl.LookupActionHandler$DownAction
15722:             1             32  com.intellij.codeInsight.lookup.impl.LookupActionHandler$UpAction
15723:             1             32  com.intellij.codeInsight.lookup.impl.LookupManagerImpl
15724:             1             32  com.intellij.codeInsight.lookup.impl.actions.ChooseItemAction$ChooseWithDot
15725:             1             32  com.intellij.codeInsight.lookup.impl.actions.ChooseItemAction$CompletingStatement
15726:             1             32  com.intellij.codeInsight.lookup.impl.actions.ChooseItemAction$FocusedOnly
15727:             1             32  com.intellij.codeInsight.lookup.impl.actions.ChooseItemAction$Replacing
15728:             1             32  com.intellij.codeInsight.navigation.ShowQuickDocAtPinnedWindowFromTooltipAction
15729:             1             32  com.intellij.codeInsight.navigation.actions.GotoDeclarationAction
15730:             1             32  com.intellij.codeInsight.navigation.actions.GotoImplementationAction
15731:             1             32  com.intellij.codeInsight.navigation.actions.GotoSuperAction
15732:             1             32  com.intellij.codeInsight.navigation.actions.GotoTypeDeclarationAction
15733:             1             32  com.intellij.codeInsight.navigation.actions.MethodDownAction
15734:             1             32  com.intellij.codeInsight.navigation.actions.MethodUpAction
15735:             1             32  com.intellij.codeInsight.template.HtmlContextType
15736:             1             32  com.intellij.codeInsight.template.JspContextType
15737:             1             32  com.intellij.codeInsight.template.emmet.EmmetPreviewAction
15738:             1             32  com.intellij.codeInsight.template.emmet.EmmetUpdateTagAction
15739:             1             32  com.intellij.codeInsight.template.emmet.SurroundWithEmmetAction
15740:             1             32  com.intellij.codeInsight.template.emmet.actions.GoToEditPointAction$Backward
15741:             1             32  com.intellij.codeInsight.template.emmet.actions.GoToEditPointAction$Forward
15742:             2             32  com.intellij.codeInsight.template.emmet.completion.EmmetAbbreviationCompletionProvider
15743:             2             32  com.intellij.codeInsight.template.emmet.generators.XmlZenCodingGeneratorImpl
15744:             1             32  com.intellij.codeInsight.template.emmet.tokens.TemplateToken
15745:             1             32  com.intellij.codeInsight.template.impl.actions.ListTemplatesAction
15746:             1             32  com.intellij.codeInsight.template.impl.actions.NextVariableAction
15747:             1             32  com.intellij.codeInsight.template.impl.actions.PreviousVariableAction
15748:             1             32  com.intellij.codeInsight.template.impl.actions.SurroundWithTemplateAction
15749:             1             32  com.intellij.codeInsight.template.impl.editorActions.ExpandLiveTemplateByTabAction
15750:             1             32  com.intellij.codeInsight.template.impl.editorActions.ExpandLiveTemplateCustomAction
15751:             2             32  com.intellij.codeInsight.template.postfix.templates.EmptyPostfixTemplateProvider
15752:             1             32  com.intellij.codeInsight.unwrap.UnwrapAction
15753:             2             32  com.intellij.codeInspection.LambdaCanBeMethodReferenceInspection$ReplaceWithMethodRefFix
15754:             2             32  com.intellij.codeInspection.SuppressManagerImpl
15755:             1             32  com.intellij.codeInspection.actions.RunInspectionAction
15756:             2             32  com.intellij.codeInspection.actions.RunInspectionIntention
15757:             1             32  com.intellij.codeInspection.concurrencyAnnotations.JCiPExternalLibraryResolver$1
15758:             2             32  com.intellij.codeInspection.ex.DisableInspectionToolAction
15759:             2             32  com.intellij.codeInspection.ex.EditInspectionToolsSettingsAction
15760:             1             32  com.intellij.codeInspection.localCanBeFinal.LocalCanBeFinal
15761:             1             32  com.intellij.codeStyle.ConvertToMacLineSeparatorsAction
15762:             1             32  com.intellij.codeStyle.ConvertToUnixLineSeparatorsAction
15763:             1             32  com.intellij.codeStyle.ConvertToWindowsLineSeparatorsAction
15764:             2             32  com.intellij.coldFusion.UI.editorActions.completionProviders.CfmlArgumentValuesCompletionProvider
15765:             2             32  com.intellij.coldFusion.UI.editorActions.completionProviders.CfmlAttributeValuesCompletionProvider
15766:             2             32  com.intellij.coldFusion.UI.editorActions.completionProviders.CfmlCompletionContributor
15767:             2             32  com.intellij.coldFusion.UI.editorActions.completionProviders.CfmlCompletionContributor$2
15768:             2             32  com.intellij.coldFusion.UI.editorActions.completionProviders.CfmlCompletionContributor$3
15769:             2             32  com.intellij.coldFusion.UI.editorActions.completionProviders.CfmlCompletionContributor$PropertyPatternCondition
15770:             2             32  com.intellij.coldFusion.UI.editorActions.completionProviders.CfmlFunctionNamesCompletionProvider
15771:             2             32  com.intellij.coldFusion.UI.editorActions.completionProviders.CfmlJavaClassNamesCompletion
15772:             2             32  com.intellij.coldFusion.UI.editorActions.completionProviders.CfmlPredefinedVariablesCompletion
15773:             2             32  com.intellij.coldFusion.UI.editorActions.completionProviders.CfmlTagNamesCompletionProvider
15774:             1             32  com.intellij.coldFusion.model.CfmlLanguage
15775:             1             32  com.intellij.coldFusion.model.psi.CfmlStringLiteralExpressionType
15776:             2             32  com.intellij.compiler.CompilerConfigurationImpl$1
15777:             2             32  com.intellij.compiler.backwardRefs.DirtyScopeHolder$$Lambda$2257/2028515861
15778:             2             32  com.intellij.compiler.backwardRefs.DirtyScopeHolder$$Lambda$2258/594694896
15779:             2             32  com.intellij.compiler.backwardRefs.ExcludedFromCompileFilesUtil$$Lambda$1659/103875350
15780:             1             32  com.intellij.compiler.impl.GenericCompilerRunner
15781:             1             32  com.intellij.compiler.impl.ProblemsViewImpl
15782:             2             32  com.intellij.compiler.impl.ProblemsViewImpl$$Lambda$1453/295763935
15783:             1             32  com.intellij.compiler.impl.generic.GenericCompilerPersistentData
15784:             2             32  com.intellij.compiler.server.BuildManager$$Lambda$849/815303496
15785:             2             32  com.intellij.compiler.server.BuildManager$$Lambda$854/1862845783
15786:             1             32  com.intellij.compiler.server.BuildManager$1
15787:             1             32  com.intellij.compiler.server.BuildManager$2
15788:             2             32  com.intellij.compiler.server.BuildManager$BuildManagerPeriodicTask$$Lambda$244/1790998715
15789:             2             32  com.intellij.compiler.server.BuildManager$ProjectWatcher$3$$Lambda$2261/1382365823
15790:             2             32  com.intellij.compiler.server.BuildManager$ProjectWatcher$3$$Lambda$2262/226059015
15791:             2             32  com.intellij.compiler.server.BuildManager$WinInternedPath
15792:             1             32  com.intellij.compiler.server.BuildMessageDispatcher
15793:             1             32  com.intellij.configurationStore.ApplicationStoreImpl
15794:             1             32  com.intellij.configurationStore.ModuleStoreImpl
15795:             2             32  com.intellij.configurationStore.MyExternalizationSession
15796:             1             32  com.intellij.configurationStore.StorageVirtualFileTracker
15797:             1             32  com.intellij.credentialStore.KeePassCredentialStore
15798:             2             32  com.intellij.credentialStore.SecureString
15799:             1             32  com.intellij.cvsSupport2.actions.IgnoreFileAction
15800:             1             32  com.intellij.cvsSupport2.actions.MigrateCvsRootAction
15801:             1             32  com.intellij.cvsSupport2.actions.UnmarkAddedAction
15802:             1             32  com.intellij.cvsSupport2.actions.merge.MergeAction
15803:             1             32  com.intellij.database.actions.DatabaseObjectRefactoring
15804:             1             32  com.intellij.database.actions.DatabaseViewActions$AddDataSourceFromPathAction
15805:             1             32  com.intellij.database.actions.DatabaseViewActions$AddDataSourceFromThatAction
15806:             1             32  com.intellij.database.actions.DatabaseViewActions$AddDataSourceFromUrlAction
15807:             1             32  com.intellij.database.actions.DatabaseViewActions$AddDataSourceHereAction
15808:             1             32  com.intellij.database.actions.OracleRecompileAction
15809:             1             32  com.intellij.database.actions.RunQueryAction$Alt1
15810:             1             32  com.intellij.database.actions.RunQueryAction$Alt2
15811:             1             32  com.intellij.database.actions.RunQueryAction$Alt3
15812:             1             32  com.intellij.database.actions.ToolActions$RefreshMatViewAction
15813:             1             32  com.intellij.database.actions.ToolActions$TruncateTablesAction
15814:             2             32  com.intellij.database.dataSource.srcStorage.DbSrcExtensions$FilePresentation
15815:             1             32  com.intellij.database.dialects.DerbyDialect
15816:             1             32  com.intellij.database.dialects.ExasolDialect
15817:             1             32  com.intellij.database.dialects.GenericDialect
15818:             1             32  com.intellij.database.dialects.H2Dialect
15819:             1             32  com.intellij.database.dialects.HsqldbDialect
15820:             2             32  com.intellij.database.dialects.KeywordHelper$PostgresKeywords
15821:             1             32  com.intellij.database.dialects.MssqlDialect
15822:             1             32  com.intellij.database.dialects.MysqlDialect
15823:             1             32  com.intellij.database.dialects.OracleDialect
15824:             1             32  com.intellij.database.dialects.PostgresDialect
15825:             1             32  com.intellij.database.dialects.RedshiftDialect
15826:             1             32  com.intellij.database.dialects.SqliteDialect
15827:             1             32  com.intellij.database.dialects.SybaseDialect
15828:             2             32  com.intellij.database.dialects.TypeHelper$PostgresTypeHelper
15829:             2             32  com.intellij.database.psi.DbFindUsagesHandlerFactory
15830:             1             32  com.intellij.database.run.actions.ChangeCellEditorFileEncodingAction
15831:             1             32  com.intellij.database.run.actions.SetValueAction$SetDefaultAction
15832:             1             32  com.intellij.database.run.actions.SetValueAction$SetNullAction
15833:             1             32  com.intellij.database.run.actions.TransactionAction$TxIsolation$1
15834:             1             32  com.intellij.database.run.actions.TransactionAction$TxIsolation$2
15835:             1             32  com.intellij.database.run.actions.TransactionAction$TxSettings$1
15836:             1             32  com.intellij.database.run.actions.TransactionAction$TxSettings$2
15837:             2             32  com.intellij.database.util.TokenPatternCache$$Lambda$3483/1890507418
15838:             2             32  com.intellij.database.view.DatabaseColorManager$Shared
15839:             2             32  com.intellij.database.view.DatabaseColorManager$SharedColors
15840:             1             32  com.intellij.debugger.actions.ShowTypesAction
15841:             1             32  com.intellij.debugger.streams.lib.impl.StreamExLibrarySupport
15842:             2             32  com.intellij.debugger.streams.psi.impl.JavaChainTransformerImpl
15843:             1             32  com.intellij.debugger.streams.trace.dsl.impl.DslImpl
15844:             2             32  com.intellij.debugger.streams.trace.dsl.impl.TextExpression
15845:             2             32  com.intellij.debugger.streams.trace.impl.interpret.AllMatchTraceInterpreter
15846:             2             32  com.intellij.debugger.streams.trace.impl.interpret.AnyMatchTraceInterpreter
15847:             2             32  com.intellij.debugger.streams.trace.impl.interpret.NoneMatchTraceInterpreter
15848:             1             32  com.intellij.designer.DesignerToolWindow$3
15849:             1             32  com.intellij.designer.DesignerToolWindow$4
15850:             1             32  com.intellij.diagnostic.MessagePool$MessageGrouper
15851:             1             32  com.intellij.diagnostic.PerformanceWatcher$2
15852:             1             32  com.intellij.diagram.actions.DiagramDefaultAddElementAction
15853:             2             32  com.intellij.diff.impl.DiffRequestProcessor$$Lambda$780/970486466
15854:             1             32  com.intellij.diff.impl.DiffRequestProcessor$ShowActionGroupPopupAction
15855:             1             32  com.intellij.diff.impl.DiffRequestProcessor$ShowInExternalToolAction
15856:             2             32  com.intellij.diff.impl.DiffSettingsHolder$copyStateWithoutDefaults$1
15857:             1             32  com.intellij.dmserver.artifacts.ManifestManager$1
15858:             1             32  com.intellij.dmserver.artifacts.ManifestManager$2
15859:             1             32  com.intellij.dmserver.facet.DMBundleFacetType
15860:             1             32  com.intellij.dmserver.facet.DMCompositeFacetType
15861:             1             32  com.intellij.dmserver.facet.DMConfigFacetType
15862:             1             32  com.intellij.dmserver.run.DMServerRunConfigurationType
15863:             1             32  com.intellij.dmserver.run.DMServerRunConfigurationType$1
15864:             1             32  com.intellij.dmserver.run.DMServerRunConfigurationType$2
15865:             1             32  com.intellij.dsm.actions.DsmAnalysisAction
15866:             2             32  com.intellij.dupLocator.CssDuplicatesProfile
15867:             1             32  com.intellij.dupLocator.DuplocateAction
15868:             1             32  com.intellij.dupLocator.resultUI.DuplicatesForm$SendToLeftAction
15869:             1             32  com.intellij.dupLocator.resultUI.DuplicatesForm$SendToRightAction
15870:             1             32  com.intellij.execution.DefaultExecutionResult
15871:             2             32  com.intellij.execution.RunConfigurationProducerService$State
15872:             1             32  com.intellij.execution.ShortenCommandLine$1
15873:             1             32  com.intellij.execution.actions.RunConfigurationsComboBoxAction
15874:             1             32  com.intellij.execution.actions.StopAction
15875:             1             32  com.intellij.execution.actions.StopBackgroundProcessesAction
15876:             1             32  com.intellij.execution.applet.AppletConfigurationProducer
15877:             1             32  com.intellij.execution.compound.CompoundRunConfigurationType
15878:             2             32  com.intellij.execution.configurations.UnknownConfigurationType
15879:             1             32  com.intellij.execution.filters.TextConsoleBuilderImpl
15880:             1             32  com.intellij.execution.impl.AsyncFilterRunner
15881:             1             32  com.intellij.execution.impl.ConsoleViewImpl$2
15882:             1             32  com.intellij.execution.impl.ConsoleViewRunningState
15883:             1             32  com.intellij.execution.impl.ExecutionManagerKtImpl$startRunProfile$1
15884:             1             32  com.intellij.execution.jar.JarApplicationConfigurationType
15885:             1             32  com.intellij.execution.rmi.RemoteProcessSupport$RunningInfo
15886:             2             32  com.intellij.execution.rmi.RemoteUtil$2$1
15887:             1             32  com.intellij.execution.runners.GenericProgramRunnerKt$startRunProfile$$inlined$runProfileStarter$1
15888:             1             32  com.intellij.execution.runners.RunContentBuilder$ConsoleToFrontListener
15889:             1             32  com.intellij.execution.runners.RunTab$1
15890:             1             32  com.intellij.execution.ui.actions.FocusOnStartAction
15891:             1             32  com.intellij.execution.ui.layout.impl.ViewImpl$Default
15892:             1             32  com.intellij.facet.FacetManagerImpl
15893:             1             32  com.intellij.facet.FacetManagerImpl$FacetManagerModel
15894:             1             32  com.intellij.facet.impl.FacetFinderImpl
15895:             1             32  com.intellij.facet.impl.pointers.FacetPointerImpl
15896:             1             32  com.intellij.featureStatistics.ProductivityFeaturesRegistryImpl
15897:             2             32  com.intellij.find.findUsages.DefaultFindUsagesHandlerFactory
15898:             1             32  com.intellij.find.findUsages.FindUsagesManager
15899:             2             32  com.intellij.find.ngrams.TrigramIndex$1
15900:             1             32  com.intellij.formatting.AlignmentImpl
15901:             2             32  com.intellij.formatting.RangesAssert
15902:             1             32  com.intellij.formatting.WrapImpl
15903:             1             32  com.intellij.formatting.alignment.AlignmentInColumnsConfig
15904:             1             32  com.intellij.framework.detection.impl.FrameworkDetectorRegistryImpl
15905:             1             32  com.intellij.freemarker.psi.FtlLanguage
15906:             2             32  com.intellij.freemarker.psi.files.FtlFindUsagesHandlerFactory
15907:             1             32  com.intellij.guice.actions.NewGuiceBindingAnnotationAction
15908:             1             32  com.intellij.guice.actions.NewGuiceMethodInterceptorAction
15909:             1             32  com.intellij.guice.actions.NewGuiceModuleAction
15910:             1             32  com.intellij.guice.actions.NewGuiceProviderAction
15911:             1             32  com.intellij.guice.actions.NewGuiceScopeAnnotationAction
15912:             1             32  com.intellij.gwt.actions.CreateGwtEventWithHandlerAction
15913:             1             32  com.intellij.gwt.actions.CreateGwtModuleAction
15914:             1             32  com.intellij.gwt.actions.CreateGwtUiBinderAction
15915:             1             32  com.intellij.gwt.actions.GenerateUiHandlerMethodAction
15916:             1             32  com.intellij.gwt.actions.GenerateUiHandlerMethodHandler
15917:             1             32  com.intellij.gwt.clientBundle.css.language.GwtCssLanguage
15918:             2             32  com.intellij.gwt.clientBundle.jam.SourceFileJamConverter
15919:             1             32  com.intellij.gwt.facet.GwtFacetType
15920:             2             32  com.intellij.gwt.refactorings.GwtFindUsagesHandlerFactory
15921:             1             32  com.intellij.gwt.run.GwtConfigurationProvider
15922:             2             32  com.intellij.hibernate.HibernateResourceProvider
15923:             1             32  com.intellij.hibernate.facet.HibernateFacetType
15924:             1             32  com.intellij.hibernate.facet.HibernateLibraryType
15925:             1             32  com.intellij.history.core.ChangeList
15926:             1             32  com.intellij.history.core.ChangeListStorageImpl
15927:             1             32  com.intellij.history.core.LocalHistoryStorage
15928:             2             32  com.intellij.history.core.changes.ChangeSet$$Lambda$2849/2094268341
15929:             1             32  com.intellij.htmltools.xml.actions.HtmlAddTableColumnAfterAction
15930:             1             32  com.intellij.htmltools.xml.actions.HtmlAddTableColumnBeforeAction
15931:             1             32  com.intellij.htmltools.xml.actions.navigation.HtmlTableCellNavigateDownAction
15932:             1             32  com.intellij.htmltools.xml.actions.navigation.HtmlTableCellNavigateLeftAction
15933:             1             32  com.intellij.htmltools.xml.actions.navigation.HtmlTableCellNavigateRightAction
15934:             1             32  com.intellij.htmltools.xml.actions.navigation.HtmlTableCellNavigateUpAction
15935:             1             32  com.intellij.ide.CopyPasteManagerEx
15936:             1             32  com.intellij.ide.FrameStateManagerImpl
15937:             1             32  com.intellij.ide.a.b
15938:             1             32  com.intellij.ide.a.e$$Lambda$257/2032073687
15939:             2             32  com.intellij.ide.actions.ActionsCollector$State
15940:             1             32  com.intellij.ide.actions.ContextHelpAction
15941:             1             32  com.intellij.ide.actions.CreateClassAction
15942:             1             32  com.intellij.ide.actions.CreateDesktopEntryAction$1
15943:             1             32  com.intellij.ide.actions.ExportToTextFileToolbarAction
15944:             1             32  com.intellij.ide.actions.GotoActionAction
15945:             1             32  com.intellij.ide.actions.GotoClassAction
15946:             1             32  com.intellij.ide.actions.GotoFileAction
15947:             1             32  com.intellij.ide.actions.GotoSymbolAction
15948:             1             32  com.intellij.ide.actions.JetBrainsTvAction
15949:             1             32  com.intellij.ide.actions.MaximizeActiveDialogAction
15950:             1             32  com.intellij.ide.actions.MoveTabDownAction
15951:             1             32  com.intellij.ide.actions.MoveTabRightAction
15952:             1             32  com.intellij.ide.actions.NextTabAction
15953:             1             32  com.intellij.ide.actions.OpenModuleSettingsAction
15954:             1             32  com.intellij.ide.actions.PreviousTabAction
15955:             1             32  com.intellij.ide.actions.QuickChangeCodeStyleSchemeAction
15956:             1             32  com.intellij.ide.actions.QuickChangeColorSchemeAction
15957:             1             32  com.intellij.ide.actions.QuickChangeInspectionProfileAction
15958:             1             32  com.intellij.ide.actions.QuickChangeKeymapAction
15959:             1             32  com.intellij.ide.actions.QuickChangeLookAndFeel
15960:             1             32  com.intellij.ide.actions.QuickChangeSchemesAction
15961:             1             32  com.intellij.ide.actions.QuickChangeViewModeAction
15962:             1             32  com.intellij.ide.actions.SelectAllAction
15963:             1             32  com.intellij.ide.actions.ShowFilePathAction$2
15964:             1             32  com.intellij.ide.actions.SplitHorizontallyAction
15965:             1             32  com.intellij.ide.actions.SplitVerticallyAction
15966:             1             32  com.intellij.ide.actions.TabsAddedToTheEndSwitcher
15967:             1             32  com.intellij.ide.actions.ViewSourceAction
15968:             1             32  com.intellij.ide.actions.WindowAction$DecrementHeight
15969:             1             32  com.intellij.ide.actions.WindowAction$DecrementWidth
15970:             1             32  com.intellij.ide.actions.WindowAction$IncrementHeight
15971:             1             32  com.intellij.ide.actions.WindowAction$IncrementWidth
15972:             1             32  com.intellij.ide.actions.exclusion.ExcludeTreeNodeAction
15973:             1             32  com.intellij.ide.actions.exclusion.IncludeTreeNodeAction
15974:             1             32  com.intellij.ide.b.a.d
15975:             1             32  com.intellij.ide.b.a.f
15976:             1             32  com.intellij.ide.b.g.B
15977:             1             32  com.intellij.ide.b.g.E
15978:             1             32  com.intellij.ide.b.g.N
15979:             1             32  com.intellij.ide.b.g.k
15980:             1             32  com.intellij.ide.bookmarks.actions.BookmarksAction
15981:             1             32  com.intellij.ide.bookmarks.actions.GoToMnemonicBookmarkActionBase$GotoBookmark0Action
15982:             1             32  com.intellij.ide.bookmarks.actions.GoToMnemonicBookmarkActionBase$GotoBookmark1Action
15983:             1             32  com.intellij.ide.bookmarks.actions.GoToMnemonicBookmarkActionBase$GotoBookmark2Action
15984:             1             32  com.intellij.ide.bookmarks.actions.GoToMnemonicBookmarkActionBase$GotoBookmark3Action
15985:             1             32  com.intellij.ide.bookmarks.actions.GoToMnemonicBookmarkActionBase$GotoBookmark4Action
15986:             1             32  com.intellij.ide.bookmarks.actions.GoToMnemonicBookmarkActionBase$GotoBookmark5Action
15987:             1             32  com.intellij.ide.bookmarks.actions.GoToMnemonicBookmarkActionBase$GotoBookmark6Action
15988:             1             32  com.intellij.ide.bookmarks.actions.GoToMnemonicBookmarkActionBase$GotoBookmark7Action
15989:             1             32  com.intellij.ide.bookmarks.actions.GoToMnemonicBookmarkActionBase$GotoBookmark8Action
15990:             1             32  com.intellij.ide.bookmarks.actions.GoToMnemonicBookmarkActionBase$GotoBookmark9Action
15991:             1             32  com.intellij.ide.bookmarks.actions.NextBookmarkAction
15992:             1             32  com.intellij.ide.bookmarks.actions.PreviousBookmarkAction
15993:             1             32  com.intellij.ide.bookmarks.actions.ToggleBookmarkAction
15994:             1             32  com.intellij.ide.bookmarks.actions.ToggleBookmarkWithMnemonicAction
15995:             1             32  com.intellij.ide.bookmarks.actions.ToggleNumberedBookmarkActionBase$ToggleBookmark0Action
15996:             1             32  com.intellij.ide.bookmarks.actions.ToggleNumberedBookmarkActionBase$ToggleBookmark1Action
15997:             1             32  com.intellij.ide.bookmarks.actions.ToggleNumberedBookmarkActionBase$ToggleBookmark2Action
15998:             1             32  com.intellij.ide.bookmarks.actions.ToggleNumberedBookmarkActionBase$ToggleBookmark3Action
15999:             1             32  com.intellij.ide.bookmarks.actions.ToggleNumberedBookmarkActionBase$ToggleBookmark4Action
16000:             1             32  com.intellij.ide.bookmarks.actions.ToggleNumberedBookmarkActionBase$ToggleBookmark5Action
16001:             1             32  com.intellij.ide.bookmarks.actions.ToggleNumberedBookmarkActionBase$ToggleBookmark6Action
16002:             1             32  com.intellij.ide.bookmarks.actions.ToggleNumberedBookmarkActionBase$ToggleBookmark7Action
16003:             1             32  com.intellij.ide.bookmarks.actions.ToggleNumberedBookmarkActionBase$ToggleBookmark8Action
16004:             1             32  com.intellij.ide.bookmarks.actions.ToggleNumberedBookmarkActionBase$ToggleBookmark9Action
16005:             2             32  com.intellij.ide.browsers.WebBrowserReferenceConverter
16006:             2             32  com.intellij.ide.browsers.actions.OpenInBrowserBaseGroupAction$$Lambda$2838/371507542
16007:             2             32  com.intellij.ide.errorTreeView.NewErrorTreeViewPanel$$Lambda$1450/1231933775
16008:             1             32  com.intellij.ide.errorTreeView.NewErrorTreeViewPanel$StopAction
16009:             2             32  com.intellij.ide.errorTreeView.impl.ErrorTreeViewConfiguration
16010:             1             32  com.intellij.ide.favoritesTreeView.actions.AddToFavoritesPopupAction
16011:             1             32  com.intellij.ide.hierarchy.CallHierarchyBrowserBase$BaseOnThisMethodAction
16012:             1             32  com.intellij.ide.hierarchy.MethodHierarchyBrowserBase$BaseOnThisMethodAction
16013:             1             32  com.intellij.ide.hierarchy.TypeHierarchyBrowserBase$BaseOnThisTypeAction
16014:             1             32  com.intellij.ide.hierarchy.actions.BrowseCallHierarchyAction
16015:             1             32  com.intellij.ide.hierarchy.actions.BrowseMethodHierarchyAction
16016:             1             32  com.intellij.ide.hierarchy.actions.BrowseTypeHierarchyAction
16017:             1             32  com.intellij.ide.hierarchy.call.CallHierarchyBrowser$BaseOnThisMethodAction
16018:             1             32  com.intellij.ide.hierarchy.method.MethodHierarchyBrowser$BaseOnThisMethodAction
16019:             1             32  com.intellij.ide.hierarchy.type.TypeHierarchyBrowser$BaseOnThisTypeAction
16020:             1             32  com.intellij.ide.macro.IdePathMacros
16021:             1             32  com.intellij.ide.plugins.InstalledPluginsState
16022:             1             32  com.intellij.ide.projectView.impl.AbstractProjectViewPane$3
16023:             1             32  com.intellij.ide.projectView.impl.AsyncProjectViewSupport
16024:             1             32  com.intellij.ide.projectView.impl.AsyncProjectViewSupport$3
16025:             1             32  com.intellij.ide.scratch.ScratchFileActions$NewFileAction
16026:             2             32  com.intellij.ide.scratch.ScratchFileServiceImpl$FilePresentation
16027:             1             32  com.intellij.ide.startup.impl.StartupManagerImpl$2
16028:             1             32  com.intellij.ide.todo.TodoConfiguration
16029:             2             32  com.intellij.ide.ui.OptionsTopHitProvider$Activity
16030:             1             32  com.intellij.ide.ui.customization.CustomActionsSchema
16031:             1             32  com.intellij.ide.ui.laf.IdeaLaf
16032:             1             32  com.intellij.ide.ui.laf.LafManagerImpl
16033:             2             32  com.intellij.ide.ui.laf.darcula.ui.DarculaCheckBoxBorder
16034:             2             32  com.intellij.ide.ui.laf.darcula.ui.DarculaMenuItemBorder
16035:             1             32  com.intellij.ide.ui.laf.darcula.ui.DarculaProgressBarBorder
16036:             1             32  com.intellij.ide.ui.search.SearchableOptionsRegistrarImpl
16037:             1             32  com.intellij.ide.util.AppPropertiesComponentImpl
16038:             1             32  com.intellij.ide.util.DirectoryChooser$ItemWrapper
16039:             2             32  com.intellij.ide.util.treeView.AbstractTreeUi$7
16040:             1             32  com.intellij.ide.util.treeView.AbstractTreeUpdater$2
16041:             2             32  com.intellij.ide.util.treeView.TreeState$JTreeFacade
16042:             1             32  com.intellij.idea.RareLogger
16043:             1             32  com.intellij.idea.SocketLock
16044:             1             32  com.intellij.internal.DebugAttachDetector
16045:             2             32  com.intellij.internal.statistic.UsageTrigger$State
16046:             2             32  com.intellij.internal.statistic.collectors.fus.actions.persistence.IntentionsCollector$State
16047:             2             32  com.intellij.internal.statistic.collectors.fus.actions.persistence.MainMenuCollector$State
16048:             2             32  com.intellij.internal.statistic.collectors.fus.ui.persistence.ShortcutsCollector$MyState
16049:             2             32  com.intellij.internal.statistic.collectors.fus.ui.persistence.ToolbarClicksCollector$ClicksState
16050:             2             32  com.intellij.internal.statistic.libraryJar.LibraryJarStatisticsService
16051:             1             32  com.intellij.j2ee.appServerIntegrations.impl.AppServersLibraryTable
16052:             1             32  com.intellij.j2ee.appServerIntegrations.impl.ApplicationServerImpl
16053:             1             32  com.intellij.j2ee.appServerIntegrations.impl.ApplicationServersManagerImpl
16054:             1             32  com.intellij.j2ee.web.jsr45.JSR45ConfigurationProducer
16055:             1             32  com.intellij.j2meplugin.run.J2MEConfigurationProducer
16056:             2             32  com.intellij.jam.reflect.JamTypeAttributeMeta$Single
16057:             1             32  com.intellij.jarRepository.RepositoryLibrarySynchronizer$1
16058:             1             32  com.intellij.javaee.application.facet.JavaeeApplicationFacetType
16059:             1             32  com.intellij.javaee.cloudbees.CBConfiguration
16060:             1             32  com.intellij.javaee.cloudbees.CBIntegration
16061:             1             32  com.intellij.javaee.config.ConcurrencyUtilsForJavaeeLibraryType
16062:             1             32  com.intellij.javaee.config.ConnectorArchitectureLibraryType
16063:             1             32  com.intellij.javaee.config.JavaeeSecurityLibraryType
16064:             1             32  com.intellij.javaee.config.JmsLibraryType
16065:             1             32  com.intellij.javaee.config.JsonBindingLibraryType
16066:             1             32  com.intellij.javaee.config.JsonProcessingLibraryType
16067:             1             32  com.intellij.javaee.config.TransactionJavaeeLibraryType
16068:             1             32  com.intellij.javaee.ejb.facet.EjbFacetType
16069:             1             32  com.intellij.javaee.ejb.framework.EjbLibraryType
16070:             1             32  com.intellij.javaee.ejb.role.EjbClassRoleImpl
16071:             1             32  com.intellij.javaee.facet.JavaeeFacetCommonPart
16072:             1             32  com.intellij.javaee.framework.library.JavaeeLibraryType
16073:             1             32  com.intellij.javaee.module.components.EjbModuleGeneralEditorProvider
16074:             1             32  com.intellij.javaee.module.components.MethodPermissionsEditorProvider
16075:             1             32  com.intellij.javaee.module.components.TransactionAttributesEditorProvider
16076:             1             32  com.intellij.javaee.module.view.ApplyJavaeeStyleAction
16077:             1             32  com.intellij.javaee.module.view.ejb.actions.CreateBMPEntityBeanAction
16078:             1             32  com.intellij.javaee.module.view.ejb.actions.CreateCMPEntityBeanAction
16079:             1             32  com.intellij.javaee.module.view.ejb.actions.CreateMessageBeanAction
16080:             1             32  com.intellij.javaee.module.view.ejb.actions.CreateSingletonBeanAction
16081:             1             32  com.intellij.javaee.module.view.ejb.actions.CreateStatefulBeanAction
16082:             1             32  com.intellij.javaee.module.view.ejb.actions.CreateStatelessBeanAction
16083:             1             32  com.intellij.javaee.module.view.ejb.actions.OpenEjbERDiagramAction
16084:             1             32  com.intellij.javaee.module.view.web.filter.CreateFilterAction
16085:             1             32  com.intellij.javaee.module.view.web.listener.CreateListenerAction
16086:             1             32  com.intellij.javaee.module.view.web.servlet.CreateServletAction
16087:             1             32  com.intellij.javaee.ui.packaging.EarArtifactType
16088:             1             32  com.intellij.javaee.ui.packaging.EjbJarArtifactType
16089:             1             32  com.intellij.javaee.ui.packaging.ExplodedEarArtifactType
16090:             1             32  com.intellij.javaee.ui.packaging.ExplodedEjbArtifactType
16091:             1             32  com.intellij.javaee.ui.packaging.ExplodedWarArtifactType
16092:             1             32  com.intellij.javaee.ui.packaging.WarArtifactType
16093:             2             32  com.intellij.javaee.web.artifact.WebFacetContextEvaluationServiceImpl
16094:             1             32  com.intellij.javaee.web.facet.WebFacetType
16095:             1             32  com.intellij.javaee.weblogic.runDebug.configuration.WeblogicConfigurationProducer
16096:             1             32  com.intellij.javascript.debugger.breakpoints.JavaScriptBreakpointType
16097:             1             32  com.intellij.javascript.debugger.execution.JavascriptDebugConfigurationType
16098:             1             32  com.intellij.javascript.flex.FlexApplicationComponent$2
16099:             2             32  com.intellij.javascript.flex.FlexConfigXmlReferenceContributor$1
16100:             2             32  com.intellij.javascript.flex.FlexConfigXmlReferenceContributor$2
16101:             2             32  com.intellij.javascript.flex.mxml.FlexXmlBackedClassesIndex$1
16102:             1             32  com.intellij.javascript.flex.mxml.schema.CodeContext
16103:             1             32  com.intellij.javascript.jest.JestConfigurationType
16104:             2             32  com.intellij.javascript.nodejs.library.NodeModulesDirectoryManager$$Lambda$825/1514704205
16105:             2             32  com.intellij.javascript.nodejs.library.NodeModulesDirectoryManager$PackageJsonListener
16106:             2             32  com.intellij.javascript.nodejs.packageJson.PackageJsonUpdateNotifier$1
16107:             1             32  com.intellij.javascript.nodejs.util.NodePackageRefResolver
16108:             1             32  com.intellij.javascript.protractor.ProtractorConfigurationType
16109:             2             32  com.intellij.javascript.testFramework.jasmine.JasmineFileStructureBuilder$Builder
16110:             2             32  com.intellij.javascript.trace.codeInsight.TraceCompletionContributor$MyInsertHandler
16111:             1             32  com.intellij.javascript.trace.execution.TraceBrowserConfigurationType
16112:             1             32  com.intellij.javascript.trace.execution.TraceNodeConfigurationType
16113:             1             32  com.intellij.javascript.trace.execution.fileDependency.actions.ExportDiagramToFileAction
16114:             1             32  com.intellij.javascript.trace.execution.fileDependency.actions.FitContentAfterDiagramLayout
16115:             1             32  com.intellij.javascript.trace.execution.fileDependency.actions.PreviewDiagramAction
16116:             1             32  com.intellij.javascript.trace.execution.fileDependency.actions.PrintDiagramAction
16117:             1             32  com.intellij.javascript.trace.execution.fileDependency.actions.ShowDiagramEdgeLabels
16118:             1             32  com.intellij.javascript.trace.execution.stack.actions.AddFileToFilterAction
16119:             1             32  com.intellij.javascript.trace.execution.stack.actions.AddNegatedFileToFilterAction
16120:             1             32  com.intellij.javascript.trace.execution.stack.actions.FindNextFileFunctionNextCallAction
16121:             1             32  com.intellij.javascript.trace.execution.stack.actions.FindNextFileFunctionPrevCallAction
16122:             1             32  com.intellij.javascript.trace.execution.stack.actions.FindPrevFileFunctionNextCallAction
16123:             1             32  com.intellij.javascript.trace.execution.stack.actions.FindPrevFileFunctionPrevCallAction
16124:             1             32  com.intellij.javascript.trace.execution.stack.actions.FindThisFunctionNextCallAction
16125:             1             32  com.intellij.javascript.trace.execution.stack.actions.FindThisFunctionPrevCallAction
16126:             1             32  com.intellij.javascript.trace.execution.stack.actions.JumpToCallerAction
16127:             1             32  com.intellij.javascript.trace.execution.stack.actions.JumpToMappedTraceAction
16128:             1             32  com.intellij.javascript.trace.execution.stack.actions.JumpToPackageFileAction
16129:             1             32  com.intellij.javascript.trace.execution.stack.actions.JumpToSourceAction
16130:             1             32  com.intellij.javascript.trace.execution.stack.actions.JumpToTraceAction
16131:             1             32  com.intellij.javascript.trace.execution.stack.actions.MuteNodeModuleAction
16132:             1             32  com.intellij.javascript.trace.execution.stack.actions.SearchFunctionAction
16133:             1             32  com.intellij.jboss.jbpm.chart.BpmnChartProvider
16134:             2             32  com.intellij.jboss.jbpm.diagram.managers.BpmnDiagramColorManager
16135:             2             32  com.intellij.jboss.jbpm.diagram.managers.BpmnNodeContentManager
16136:             1             32  com.intellij.jboss.jbpm.library.BpmnLibraryType
16137:             1             32  com.intellij.jboss.jpdl.actions.CreateJpdlFileAction
16138:             1             32  com.intellij.jboss.jpdl.library.JpdlLibraryType
16139:             1             32  com.intellij.jboss.jpdl.model.JpdlModelFactory
16140:             2             32  com.intellij.jpa.JpaResourcesProvider
16141:             2             32  com.intellij.jpa.ORMReferencesUtil$2
16142:             1             32  com.intellij.jpa.actions.GenerateEntityListenerMethods
16143:             1             32  com.intellij.jpa.actions.OpenJpaERDiagramAction
16144:             1             32  com.intellij.jpa.facet.JpaFacetType
16145:             1             32  com.intellij.jpa.ql.JpqlLanguage
16146:             1             32  com.intellij.jpa.ql.JpqlLanguage$1
16147:             1             32  com.intellij.jpa.ql.JpqlLanguage$2
16148:             1             32  com.intellij.jpa.ql.JpqlLanguage$3
16149:             2             32  com.intellij.jsf.el.JsfManagedBeansPropertyScopeProvider$1$$Lambda$4654/37394291
16150:             1             32  com.intellij.jsf.impl.model.xml.FacesDomModelManagerImpl
16151:             1             32  com.intellij.jsf.library.JsfIcefacesLibraryType
16152:             1             32  com.intellij.jsf.library.JsfLibraryType
16153:             1             32  com.intellij.jsf.library.JsfOpenfacesLibraryType
16154:             1             32  com.intellij.jsf.library.JsfPrimefacesLibraryType
16155:             1             32  com.intellij.jsf.library.JsfRichfacesLibraryType
16156:             1             32  com.intellij.jsf.yfilesGraph.actions.GotoDeclarationAction
16157:             1             32  com.intellij.jsf.yfilesGraph.actions.GotoSourceAction
16158:             1             32  com.intellij.jsf.yfilesGraph.actions.OpenSelectedPagesActon
16159:             1             32  com.intellij.json.JsonLanguage
16160:             1             32  com.intellij.json.liveTemplates.JsonContextType
16161:             1             32  com.intellij.jsp.impl.JspTemplateType
16162:             2             32  com.intellij.jsp.util.JspReferenceContributor$1
16163:             2             32  com.intellij.jsp.util.JspReferenceContributor$2
16164:             2             32  com.intellij.jsp.util.JspReferenceContributor$3
16165:             1             32  com.intellij.lang.Language$1
16166:             2             32  com.intellij.lang.ant.dom.AntReferenceInjector
16167:             1             32  com.intellij.lang.aspectj.AspectJLanguage
16168:             1             32  com.intellij.lang.aspectj.AspectJTemplateContextType
16169:             1             32  com.intellij.lang.aspectj.actions.CreateAspectAction
16170:             2             32  com.intellij.lang.aspectj.completion.AspectJKeywordCompletionContributor
16171:             1             32  com.intellij.lang.aspectj.facet.AjFacetType
16172:             2             32  com.intellij.lang.aspectj.highlight.AjJavaAnnotator
16173:             2             32  com.intellij.lang.aspectj.highlight.analysis.member.InterTypeModifiersAnnotator
16174:             2             32  com.intellij.lang.aspectj.index.stub.AjShortClassNameIndex
16175:             2             32  com.intellij.lang.aspectj.index.stub.AspectJInterTypeClassIndex
16176:             2             32  com.intellij.lang.aspectj.index.stub.AspectJInterTypeFieldIndex
16177:             2             32  com.intellij.lang.aspectj.index.stub.AspectJInterTypeMethodIndex
16178:             1             32  com.intellij.lang.aspectj.refactoring.pushIn.PushInAction
16179:             1             32  com.intellij.lang.cacheBuilder.CacheBuilderEP
16180:             1             32  com.intellij.lang.cacheBuilder.WordOccurrence
16181:             1             32  com.intellij.lang.css.CSSLanguage
16182:             2             32  com.intellij.lang.findUsages.EmptyFindUsagesProvider
16183:             1             32  com.intellij.lang.java.JShellLanguage
16184:             1             32  com.intellij.lang.java.JavaLanguage
16185:             2             32  com.intellij.lang.java.parser.JavaParserUtil$PrecedingWhitespacesAndCommentsBinder
16186:             1             32  com.intellij.lang.javascript.JSInjectionBracesUtil$$Lambda$539/1869770698
16187:             1             32  com.intellij.lang.javascript.JavascriptLanguage
16188:             1             32  com.intellij.lang.javascript.buildTools.grunt.ShowGruntTasksAction
16189:             1             32  com.intellij.lang.javascript.buildTools.grunt.rc.GruntConfigurationType
16190:             2             32  com.intellij.lang.javascript.buildTools.gulp.GulpReferenceContributor$2
16191:             1             32  com.intellij.lang.javascript.buildTools.gulp.ShowGulpTasksAction
16192:             1             32  com.intellij.lang.javascript.buildTools.gulp.rc.GulpConfigurationType
16193:             1             32  com.intellij.lang.javascript.buildTools.npm.ShowNpmScriptsAction
16194:             1             32  com.intellij.lang.javascript.buildTools.npm.rc.NpmConfigurationType
16195:             2             32  com.intellij.lang.javascript.buildTools.webpack.WebPackReferenceContributor
16196:             1             32  com.intellij.lang.javascript.completion.JSCompletionContributor
16197:             2             32  com.intellij.lang.javascript.completion.JSDestructuringPropertyCompletionProvider
16198:             2             32  com.intellij.lang.javascript.completion.JSReferenceCompletionContributor
16199:             2             32  com.intellij.lang.javascript.completion.JSSmartCompletionContributor
16200:             2             32  com.intellij.lang.javascript.editor.JSEditorOptions
16201:             2             32  com.intellij.lang.javascript.editor.JSSmartKeysConfigurable$$Lambda$1385/111741769
16202:             2             32  com.intellij.lang.javascript.editor.JSSmartKeysConfigurable$$Lambda$1386/144449335
16203:             2             32  com.intellij.lang.javascript.editor.JSSmartKeysConfigurable$$Lambda$1387/1157483062
16204:             2             32  com.intellij.lang.javascript.editor.JSSmartKeysConfigurable$$Lambda$1388/266755145
16205:             2             32  com.intellij.lang.javascript.editor.JSSmartKeysConfigurable$$Lambda$1389/295934875
16206:             2             32  com.intellij.lang.javascript.editor.JSSmartKeysConfigurable$$Lambda$1390/1033297242
16207:             2             32  com.intellij.lang.javascript.findUsages.JSReadWriteAccessDetector
16208:             2             32  com.intellij.lang.javascript.findUsages.JavaScriptFindUsagesHandlerFactory
16209:             2             32  com.intellij.lang.javascript.findUsages.JavaScriptFindUsagesProvider
16210:             2             32  com.intellij.lang.javascript.flex.ActionScriptResolveScopeProvider
16211:             1             32  com.intellij.lang.javascript.flex.MxmlTemplateContextType
16212:             1             32  com.intellij.lang.javascript.flex.debug.FlexBreakpointType
16213:             2             32  com.intellij.lang.javascript.folding.JSCodeFoldingOptionsProvider$$Lambda$1435/1889107308
16214:             2             32  com.intellij.lang.javascript.folding.JSCodeFoldingOptionsProvider$$Lambda$1436/476529941
16215:             2             32  com.intellij.lang.javascript.folding.JSCodeFoldingOptionsProvider$$Lambda$1437/894852112
16216:             2             32  com.intellij.lang.javascript.folding.JSCodeFoldingOptionsProvider$$Lambda$1438/400666039
16217:             2             32  com.intellij.lang.javascript.folding.JSCodeFoldingOptionsProvider$$Lambda$1439/740872250
16218:             2             32  com.intellij.lang.javascript.folding.JSCodeFoldingOptionsProvider$$Lambda$1440/180451143
16219:             2             32  com.intellij.lang.javascript.folding.JSCodeFoldingOptionsProvider$$Lambda$1441/225447123
16220:             2             32  com.intellij.lang.javascript.folding.JSCodeFoldingOptionsProvider$$Lambda$1442/392594655
16221:             2             32  com.intellij.lang.javascript.frameworks.gcl.JSGclReferenceContributor$1
16222:             1             32  com.intellij.lang.javascript.frameworks.jquery.JQueryCssLanguage
16223:             2             32  com.intellij.lang.javascript.frameworks.react.JSXEmmetOptions
16224:             2             32  com.intellij.lang.javascript.frameworks.react.ReactXmlAttributeCompletionContributor
16225:             2             32  com.intellij.lang.javascript.frameworks.react.ReactXmlAttributeCompletionContributor$ReactAttributeCompletionProvider
16226:             1             32  com.intellij.lang.javascript.hierarchy.type.jsfunction.JSFunctionHierarchyBrowser$BaseOnThisFunctionAction
16227:             2             32  com.intellij.lang.javascript.highlighting.JSHighlighter
16228:             1             32  com.intellij.lang.javascript.index.JSCustomIndexer
16229:             1             32  com.intellij.lang.javascript.inject.JSRegexpLanguage
16230:             1             32  com.intellij.lang.javascript.inspections.JSDeclarationsAtScopeStartInspection
16231:             1             32  com.intellij.lang.javascript.intentions.JSMoveTypeToFileIntention
16232:             1             32  com.intellij.lang.javascript.intentions.JSRenameFileToMatchTypeNameIntention
16233:             1             32  com.intellij.lang.javascript.linter.SharedConfigurationPaths
16234:             1             32  com.intellij.lang.javascript.linter.eslint.EslintConfiguration
16235:             1             32  com.intellij.lang.javascript.linter.eslint.standardjs.StandardJSConfiguration
16236:             2             32  com.intellij.lang.javascript.linter.eslint.standardjs.StandardJSExternalAnnotator
16237:             1             32  com.intellij.lang.javascript.linter.eslint.standardjs.StandardJSFixAction
16238:             1             32  com.intellij.lang.javascript.linter.jscs.EsLintFixAction
16239:             1             32  com.intellij.lang.javascript.linter.jscs.JscsFixAction
16240:             2             32  com.intellij.lang.javascript.linter.jslint.JSLintExternalAnnotator
16241:             1             32  com.intellij.lang.javascript.linter.rhino.RhinoFunctionManager
16242:             1             32  com.intellij.lang.javascript.linter.tslint.fix.TsLintFileFixAction
16243:             1             32  com.intellij.lang.javascript.modules.diagramm.JSModulesDiagramProvider
16244:             2             32  com.intellij.lang.javascript.parsing.JSFunctionCustomASTComparator
16245:             2             32  com.intellij.lang.javascript.psi.controlflow.JSControlFlowService
16246:             1             32  com.intellij.lang.javascript.psi.controlflow.instruction.JSIndexedModificationInstruction
16247:             2             32  com.intellij.lang.javascript.psi.literal.JSLiteralImplicitElementProvidersRegistry$6
16248:             2             32  com.intellij.lang.javascript.psi.resolve.JavaScriptResolveScopeProvider
16249:             2             32  com.intellij.lang.javascript.psi.stubs.JSUserStringsRegistry
16250:             1             32  com.intellij.lang.javascript.psi.types.JSApplyNewType
16251:             2             32  com.intellij.lang.javascript.psi.types.JSTypeComparingCacheService$$Lambda$2311/1820793308
16252:             2             32  com.intellij.lang.javascript.psi.types.JSTypeImpl$$Lambda$2592/254207352
16253:             2             32  com.intellij.lang.javascript.settings.JSRootConfigurationBase$State
16254:             2             32  com.intellij.lang.jsp.BaseJspReferenceContributor$1
16255:             1             32  com.intellij.lang.jsp.JspxFileViewProvider$JavaHolderMethodTreeLanguage
16256:             1             32  com.intellij.lang.ognl.OgnlLanguage
16257:             1             32  com.intellij.lang.properties.PropertiesLanguage
16258:             1             32  com.intellij.lang.properties.PropertiesReferenceContributor$1
16259:             1             32  com.intellij.lang.properties.editor.ChooseSubsequentPropertyValueEditorAction$Next
16260:             1             32  com.intellij.lang.properties.editor.ChooseSubsequentPropertyValueEditorAction$Prev
16261:             1             32  com.intellij.lang.properties.editor.NewPropertyAction
16262:             2             32  com.intellij.lang.properties.editor.ResourceBundleEditorProvider
16263:             2             32  com.intellij.lang.properties.psi.PropertyKeyIndex
16264:             2             32  com.intellij.lang.properties.xml.XmlPropertiesReferenceContributor$1
16265:             1             32  com.intellij.lang.spi.SPILanguage
16266:             1             32  com.intellij.lang.typescript.library.TypeScriptLibraryProviderImpl
16267:             1             32  com.intellij.lang.typescript.refactoring.TypeScriptExtractTypeAliasAction
16268:             2             32  com.intellij.lang.typescript.settings.JSImportOptionsProvider$$Lambda$1969/2055649771
16269:             2             32  com.intellij.lang.xml.XmlASTFactory
16270:             2             32  com.intellij.lang.xml.XmlFindUsagesProvider
16271:             2             32  com.intellij.lang.xml.XmlFoldingBuilder
16272:             2             32  com.intellij.lang.xml.XmlFormattingModelBuilder
16273:             1             32  com.intellij.lexer.EmptyLexer
16274:             1             32  com.intellij.notification.EventLog$LogEntry
16275:             1             32  com.intellij.notification.impl.NotificationsConfigurationImpl
16276:             2             32  com.intellij.notification.impl.NotificationsManagerImpl$MyNotificationListener
16277:             1             32  com.intellij.openapi.actionSystem.ex.QuickList
16278:             1             32  com.intellij.openapi.application.ApplicationNamesInfo
16279:             1             32  com.intellij.openapi.application.ExperimentalFeatureImpl
16280:             1             32  com.intellij.openapi.application.TransactionGuardImpl
16281:             1             32  com.intellij.openapi.command.impl.CommandProcessorImpl
16282:             2             32  com.intellij.openapi.command.impl.DocumentUndoProvider
16283:             2             32  com.intellij.openapi.command.impl.DocumentUndoProvider$MyEditorDocumentListener
16284:             1             32  com.intellij.openapi.diff.impl.external.DiffManagerImpl
16285:             1             32  com.intellij.openapi.editor.actions.BackspaceAction
16286:             1             32  com.intellij.openapi.editor.actions.BackwardParagraphAction
16287:             1             32  com.intellij.openapi.editor.actions.ChangeEditorFontSizeAction$DecreaseEditorFontSize
16288:             1             32  com.intellij.openapi.editor.actions.ChangeEditorFontSizeAction$IncreaseEditorFontSize
16289:             1             32  com.intellij.openapi.editor.actions.CloneCaretAbove
16290:             1             32  com.intellij.openapi.editor.actions.CloneCaretBelow
16291:             1             32  com.intellij.openapi.editor.actions.ConvertIndentsToSpacesAction
16292:             1             32  com.intellij.openapi.editor.actions.ConvertIndentsToTabsAction
16293:             1             32  com.intellij.openapi.editor.actions.CopyAction
16294:             1             32  com.intellij.openapi.editor.actions.CutAction
16295:             1             32  com.intellij.openapi.editor.actions.CutLineBackwardAction
16296:             1             32  com.intellij.openapi.editor.actions.CutLineEndAction
16297:             1             32  com.intellij.openapi.editor.actions.DeleteAction
16298:             1             32  com.intellij.openapi.editor.actions.DeleteLineAction
16299:             1             32  com.intellij.openapi.editor.actions.DeleteToLineEndAction
16300:             1             32  com.intellij.openapi.editor.actions.DeleteToLineStartAction
16301:             1             32  com.intellij.openapi.editor.actions.DeleteToWordEndAction
16302:             1             32  com.intellij.openapi.editor.actions.DeleteToWordEndInDifferentHumpsModeAction
16303:             1             32  com.intellij.openapi.editor.actions.DeleteToWordStartAction
16304:             1             32  com.intellij.openapi.editor.actions.DeleteToWordStartInDifferentHumpsModeAction
16305:             1             32  com.intellij.openapi.editor.actions.DuplicateAction
16306:             1             32  com.intellij.openapi.editor.actions.DuplicateLinesAction
16307:             1             32  com.intellij.openapi.editor.actions.EnterAction
16308:             1             32  com.intellij.openapi.editor.actions.EscapeAction
16309:             1             32  com.intellij.openapi.editor.actions.FindAction
16310:             1             32  com.intellij.openapi.editor.actions.FindWordAtCaretAction
16311:             1             32  com.intellij.openapi.editor.actions.ForwardParagraphAction
16312:             1             32  com.intellij.openapi.editor.actions.HungryBackspaceAction
16313:             1             32  com.intellij.openapi.editor.actions.IncrementalFindAction
16314:             1             32  com.intellij.openapi.editor.actions.IndentLineOrSelectionAction
16315:             1             32  com.intellij.openapi.editor.actions.JoinLinesAction
16316:             1             32  com.intellij.openapi.editor.actions.KillRegionAction
16317:             1             32  com.intellij.openapi.editor.actions.KillRingSaveAction
16318:             1             32  com.intellij.openapi.editor.actions.KillToWordEndAction
16319:             1             32  com.intellij.openapi.editor.actions.KillToWordStartAction
16320:             1             32  com.intellij.openapi.editor.actions.LangIndentSelectionAction
16321:             1             32  com.intellij.openapi.editor.actions.LineEndAction
16322:             1             32  com.intellij.openapi.editor.actions.LineEndWithSelectionAction
16323:             1             32  com.intellij.openapi.editor.actions.LineStartAction
16324:             1             32  com.intellij.openapi.editor.actions.LineStartWithSelectionAction
16325:             1             32  com.intellij.openapi.editor.actions.MoveCaretDownAction
16326:             1             32  com.intellij.openapi.editor.actions.MoveCaretDownWithSelectionAction
16327:             1             32  com.intellij.openapi.editor.actions.MoveCaretLeftAction
16328:             1             32  com.intellij.openapi.editor.actions.MoveCaretLeftWithSelectionAction
16329:             1             32  com.intellij.openapi.editor.actions.MoveCaretRightAction
16330:             1             32  com.intellij.openapi.editor.actions.MoveCaretRightWithSelectionAction
16331:             1             32  com.intellij.openapi.editor.actions.MoveCaretUpAction
16332:             1             32  com.intellij.openapi.editor.actions.MoveCaretUpWithSelectionAction
16333:             1             32  com.intellij.openapi.editor.actions.MoveDownAndScrollAction
16334:             1             32  com.intellij.openapi.editor.actions.MoveDownWithSelectionAndScrollAction
16335:             1             32  com.intellij.openapi.editor.actions.MoveUpAndScrollAction
16336:             1             32  com.intellij.openapi.editor.actions.MoveUpWithSelectionAndScrollAction
16337:             1             32  com.intellij.openapi.editor.actions.NextWordAction
16338:             1             32  com.intellij.openapi.editor.actions.NextWordInDifferentHumpsModeAction
16339:             1             32  com.intellij.openapi.editor.actions.NextWordInDifferentHumpsModeWithSelectionAction
16340:             1             32  com.intellij.openapi.editor.actions.NextWordWithSelectionAction
16341:             1             32  com.intellij.openapi.editor.actions.PageBottomAction
16342:             1             32  com.intellij.openapi.editor.actions.PageBottomWithSelectionAction
16343:             1             32  com.intellij.openapi.editor.actions.PageDownAction
16344:             1             32  com.intellij.openapi.editor.actions.PageDownWithSelectionAction
16345:             1             32  com.intellij.openapi.editor.actions.PageTopAction
16346:             1             32  com.intellij.openapi.editor.actions.PageTopWithSelectionAction
16347:             1             32  com.intellij.openapi.editor.actions.PageUpAction
16348:             1             32  com.intellij.openapi.editor.actions.PageUpWithSelectionAction
16349:             1             32  com.intellij.openapi.editor.actions.PasteAction
16350:             1             32  com.intellij.openapi.editor.actions.PasteFromX11Action
16351:             1             32  com.intellij.openapi.editor.actions.PreviousWordAction
16352:             1             32  com.intellij.openapi.editor.actions.PreviousWordInDifferentHumpsModeAction
16353:             1             32  com.intellij.openapi.editor.actions.PreviousWordInDifferentHumpsModeWithSelectionAction
16354:             1             32  com.intellij.openapi.editor.actions.PreviousWordWithSelectionAction
16355:             1             32  com.intellij.openapi.editor.actions.ReplaceAction
16356:             1             32  com.intellij.openapi.editor.actions.ResetFontSizeAction
16357:             1             32  com.intellij.openapi.editor.actions.ScrollDownAction
16358:             1             32  com.intellij.openapi.editor.actions.ScrollDownAndMoveAction
16359:             1             32  com.intellij.openapi.editor.actions.ScrollLeftAction
16360:             1             32  com.intellij.openapi.editor.actions.ScrollRightAction
16361:             1             32  com.intellij.openapi.editor.actions.ScrollToBottomAction
16362:             1             32  com.intellij.openapi.editor.actions.ScrollToCenterAction
16363:             1             32  com.intellij.openapi.editor.actions.ScrollToTopAction
16364:             1             32  com.intellij.openapi.editor.actions.ScrollUpAction
16365:             1             32  com.intellij.openapi.editor.actions.ScrollUpAndMoveAction
16366:             1             32  com.intellij.openapi.editor.actions.SelectAllOccurrencesAction
16367:             1             32  com.intellij.openapi.editor.actions.SelectLineAction
16368:             1             32  com.intellij.openapi.editor.actions.SelectNextOccurrenceAction
16369:             1             32  com.intellij.openapi.editor.actions.SelectWordAtCaretAction
16370:             1             32  com.intellij.openapi.editor.actions.SetEditorBidiTextDirectionAction$ContentBased
16371:             1             32  com.intellij.openapi.editor.actions.SetEditorBidiTextDirectionAction$Ltr
16372:             1             32  com.intellij.openapi.editor.actions.SetEditorBidiTextDirectionAction$Rtl
16373:             1             32  com.intellij.openapi.editor.actions.SimplePasteAction
16374:             1             32  com.intellij.openapi.editor.actions.SplitLineAction
16375:             1             32  com.intellij.openapi.editor.actions.StartNewLineAction
16376:             1             32  com.intellij.openapi.editor.actions.StartNewLineBeforeAction
16377:             1             32  com.intellij.openapi.editor.actions.SwapSelectionBoundariesAction
16378:             1             32  com.intellij.openapi.editor.actions.TabAction
16379:             1             32  com.intellij.openapi.editor.actions.TextEndAction
16380:             1             32  com.intellij.openapi.editor.actions.TextEndWithSelectionAction
16381:             1             32  com.intellij.openapi.editor.actions.TextStartAction
16382:             1             32  com.intellij.openapi.editor.actions.TextStartWithSelectionAction
16383:             1             32  com.intellij.openapi.editor.actions.ToggleCaseAction
16384:             1             32  com.intellij.openapi.editor.actions.ToggleInsertStateAction
16385:             1             32  com.intellij.openapi.editor.actions.ToggleSoftWrapsGloballyAction
16386:             1             32  com.intellij.openapi.editor.actions.ToggleStickySelectionModeAction
16387:             1             32  com.intellij.openapi.editor.actions.ToggleUseSoftWrapsMenuAction
16388:             1             32  com.intellij.openapi.editor.actions.UnindentSelectionAction
16389:             1             32  com.intellij.openapi.editor.actions.UnselectPreviousOccurrenceAction
16390:             1             32  com.intellij.openapi.editor.actions.UnselectWordAtCaretAction
16391:             1             32  com.intellij.openapi.editor.colors.TextAttributesKey$1
16392:             1             32  com.intellij.openapi.editor.colors.impl.EditorColorsManagerImpl
16393:             1             32  com.intellij.openapi.editor.impl.EditorImpl$RepaintCursorCommand
16394:             1             32  com.intellij.openapi.editor.impl.EditorLastActionTrackerImpl
16395:             1             32  com.intellij.openapi.editor.impl.VisibleEditorsTracker
16396:             1             32  com.intellij.openapi.editor.richcopy.CopyAsPlainTextAction
16397:             1             32  com.intellij.openapi.editor.richcopy.CopyAsRichTextAction
16398:             1             32  com.intellij.openapi.externalSystem.action.DetachExternalProjectAction
16399:             1             32  com.intellij.openapi.externalSystem.action.OpenExternalConfigAction
16400:             1             32  com.intellij.openapi.externalSystem.action.OpenTasksActivationManagerAction
16401:             1             32  com.intellij.openapi.externalSystem.action.RefreshExternalProjectAction
16402:             1             32  com.intellij.openapi.externalSystem.action.task.AssignShortcutAction
16403:             1             32  com.intellij.openapi.externalSystem.action.task.GroupTasksAction
16404:             1             32  com.intellij.openapi.externalSystem.action.task.RunExternalSystemTaskAction
16405:             1             32  com.intellij.openapi.externalSystem.action.task.ShowIgnoredAction
16406:             1             32  com.intellij.openapi.externalSystem.action.task.ShowInheritedTasksAction
16407:             1             32  com.intellij.openapi.externalSystem.action.task.ToggleAfterCompileTasksAction
16408:             1             32  com.intellij.openapi.externalSystem.action.task.ToggleAfterRebuildTasksAction
16409:             1             32  com.intellij.openapi.externalSystem.action.task.ToggleAfterSyncTaskAction
16410:             1             32  com.intellij.openapi.externalSystem.action.task.ToggleBeforeCompileTasksAction
16411:             1             32  com.intellij.openapi.externalSystem.action.task.ToggleBeforeRebuildTasksAction
16412:             1             32  com.intellij.openapi.externalSystem.action.task.ToggleBeforeRunTaskAction
16413:             1             32  com.intellij.openapi.externalSystem.action.task.ToggleBeforeSyncTaskAction
16414:             1             32  com.intellij.openapi.externalSystem.service.RemoteExternalSystemCommunicationManager
16415:             1             32  com.intellij.openapi.externalSystem.service.project.autoimport.ExternalSystemProjectsWatcherImpl$MyFileChangeListener
16416:             2             32  com.intellij.openapi.externalSystem.service.project.manage.ExternalProjectsManagerImpl$1
16417:             2             32  com.intellij.openapi.externalSystem.service.project.manage.ExternalSystemTaskActivator$$Lambda$2961/789039741
16418:             2             32  com.intellij.openapi.externalSystem.service.project.manage.ExternalSystemTaskActivator$$Lambda$2963/1455125112
16419:             1             32  com.intellij.openapi.externalSystem.service.remote.ExternalSystemProgressNotificationManagerImpl
16420:             1             32  com.intellij.openapi.fileChooser.actions.GotoDesktopDirAction
16421:             2             32  com.intellij.openapi.fileChooser.ex.FileTextFieldImpl$1
16422:             2             32  com.intellij.openapi.fileChooser.ex.FileTextFieldImpl$2
16423:             2             32  com.intellij.openapi.fileChooser.ex.FileTextFieldImpl$3
16424:             2             32  com.intellij.openapi.fileChooser.ex.FileTextFieldImpl$CancelAction
16425:             2             32  com.intellij.openapi.fileChooser.ex.LocalFsFinder
16426:             2             32  com.intellij.openapi.fileEditor.impl.text.PsiAwareTextEditorProvider
16427:             1             32  com.intellij.openapi.fileTypes.PlainTextLanguage
16428:             1             32  com.intellij.openapi.graph.builder.actions.ActualZoomAction
16429:             1             32  com.intellij.openapi.graph.builder.actions.DeleteSelectionAction
16430:             1             32  com.intellij.openapi.graph.builder.actions.FitContentAction
16431:             1             32  com.intellij.openapi.graph.builder.actions.ShowEdgeLabels
16432:             1             32  com.intellij.openapi.graph.builder.actions.ShowHideGridAction
16433:             1             32  com.intellij.openapi.graph.builder.actions.SnapToGridAction
16434:             1             32  com.intellij.openapi.graph.builder.actions.export.ExportToFileAction
16435:             1             32  com.intellij.openapi.graph.builder.actions.layout.BalloonLayouterAction
16436:             1             32  com.intellij.openapi.graph.builder.actions.layout.CircularLayouterAction
16437:             1             32  com.intellij.openapi.graph.builder.actions.layout.DirectedOrthogonalLayouterAction
16438:             1             32  com.intellij.openapi.graph.builder.actions.layout.FitContentAfterLayoutAction
16439:             1             32  com.intellij.openapi.graph.builder.actions.layout.HVTreeLayouterAction
16440:             1             32  com.intellij.openapi.graph.builder.actions.layout.HierarchicGroupLayouterAction
16441:             1             32  com.intellij.openapi.graph.builder.actions.layout.OrganicLayouterAction
16442:             1             32  com.intellij.openapi.graph.builder.actions.layout.OrthogonalLayouterAction
16443:             1             32  com.intellij.openapi.graph.builder.actions.printing.PrintGraphAction
16444:             1             32  com.intellij.openapi.graph.builder.actions.printing.PrintPreviewAction
16445:             1             32  com.intellij.openapi.graph.impl.builder.util.SelectionNodeModeActionImpl
16446:             1             32  com.intellij.openapi.module.impl.ModuleImpl$DeprecatedModuleOptionManager
16447:             1             32  com.intellij.openapi.module.impl.scopes.JdkScope
16448:             2             32  com.intellij.openapi.paths.WebReferenceDocumentationProvider
16449:             2             32  com.intellij.openapi.preview.PreviewProviderId
16450:             1             32  com.intellij.openapi.progress.BackgroundTaskQueue
16451:             1             32  com.intellij.openapi.progress.Task$NotificationInfo
16452:             1             32  com.intellij.openapi.progress.impl.CoreProgressManager$4$$Lambda$187/1018196621
16453:             1             32  com.intellij.openapi.progress.impl.ProgressManagerImpl
16454:             1             32  com.intellij.openapi.progress.impl.ProgressManagerImpl$1
16455:             2             32  com.intellij.openapi.progress.util.BackgroundTaskUtil$$Lambda$1959/117460211
16456:             2             32  com.intellij.openapi.progress.util.BackgroundTaskUtil$$Lambda$1960/402816507
16457:             1             32  com.intellij.openapi.roots.AnnotationOrderRootType
16458:             1             32  com.intellij.openapi.roots.ImmutableSyntheticLibrary
16459:             1             32  com.intellij.openapi.roots.JavadocOrderRootType
16460:             1             32  com.intellij.openapi.roots.NativeLibraryOrderRootType
16461:             2             32  com.intellij.openapi.roots.impl.DirectoryIndexImpl$$Lambda$434/1031447625
16462:             2             32  com.intellij.openapi.roots.impl.DirectoryIndexImpl$$Lambda$435/222631108
16463:             1             32  com.intellij.openapi.roots.impl.ExcludeFolderImpl
16464:             1             32  com.intellij.openapi.roots.impl.LibraryScopeCache$LibrariesOnlyScope
16465:             1             32  com.intellij.openapi.roots.impl.ModuleFileIndexImpl
16466:             1             32  com.intellij.openapi.roots.impl.ModuleSourceOrderEntryImpl
16467:             2             32  com.intellij.openapi.roots.impl.OrderEnumeratorBase$$Lambda$1236/1267271124
16468:             2             32  com.intellij.openapi.roots.impl.ProjectRootManagerComponent$2
16469:             1             32  com.intellij.openapi.roots.impl.RootModelImpl$Order
16470:             1             32  com.intellij.openapi.roots.impl.libraries.ExportableApplicationLibraryTable
16471:             1             32  com.intellij.openapi.updateSettings.impl.CheckForUpdateResult
16472:             1             32  com.intellij.openapi.updateSettings.impl.UpdateChannel
16473:             1             32  com.intellij.openapi.util.ActionCallback$Done
16474:             1             32  com.intellij.openapi.util.ActionCallback$Rejected
16475:             1             32  com.intellij.openapi.util.AtomicNullableLazyValue$1
16476:             2             32  com.intellij.openapi.util.Conditions$4
16477:             1             32  com.intellij.openapi.util.LowMemoryWatcherManager
16478:             2             32  com.intellij.openapi.util.RecursionManager$2
16479:             1             32  com.intellij.openapi.util.registry.ShowRegistryAction
16480:             1             32  com.intellij.openapi.util.text.AddonlyIntSet
16481:             1             32  com.intellij.openapi.util.text.LineTokenizer
16482:             1             32  com.intellij.openapi.util.text.Pluralizer
16483:             2             32  com.intellij.openapi.vcs.StartedActivated$1
16484:             1             32  com.intellij.openapi.vcs.actions.VcsQuickListPopupAction
16485:             1             32  com.intellij.openapi.vcs.changes.ChangeListManagerImpl$$Lambda$1826/1973889503
16486:             2             32  com.intellij.openapi.vcs.changes.ChangeListManagerImpl$$Lambda$2022/1048456376
16487:             2             32  com.intellij.openapi.vcs.changes.ChangeListManagerImpl$$Lambda$2023/759299271
16488:             2             32  com.intellij.openapi.vcs.changes.ChangeListManagerImpl$$Lambda$2024/90811485
16489:             2             32  com.intellij.openapi.vcs.changes.ChangeListManagerImpl$$Lambda$2025/1792491717
16490:             2             32  com.intellij.openapi.vcs.changes.ChangeListManagerImpl$$Lambda$2026/621001419
16491:             2             32  com.intellij.openapi.vcs.changes.ChangeListManagerImpl$$Lambda$2027/117886312
16492:             1             32  com.intellij.openapi.vcs.changes.ChangeListManagerImpl$$Lambda$2216/596132087
16493:             1             32  com.intellij.openapi.vcs.changes.ChangeListManagerImpl$DataHolder
16494:             2             32  com.intellij.openapi.vcs.changes.ChangeListWorker$$Lambda$1245/1206992662
16495:             2             32  com.intellij.openapi.vcs.changes.ChangeListWorker$$Lambda$508/59290621
16496:             1             32  com.intellij.openapi.vcs.changes.ChangeListWorker$ChangeListUpdater
16497:             2             32  com.intellij.openapi.vcs.changes.HierarchicalFilePathComparator
16498:             1             32  com.intellij.openapi.vcs.changes.actions.CreatePatchFromChangesAction$Clipboard
16499:             1             32  com.intellij.openapi.vcs.changes.actions.CreatePatchFromChangesAction$Dialog
16500:             1             32  com.intellij.openapi.vcs.changes.actions.RevertChangeListAction
16501:             1             32  com.intellij.openapi.vcs.changes.actions.RevertSelectedChangesAction
16502:             1             32  com.intellij.openapi.vcs.changes.committed.EditSourceFromChangesBrowserAction
16503:             1             32  com.intellij.openapi.vcs.changes.issueLinks.TreeNodePartListener
16504:             2             32  com.intellij.openapi.vcs.changes.ui.ChangesComparator$ChangeComparator
16505:             2             32  com.intellij.openapi.vcs.changes.ui.ChangesComparator$VirtualFileComparator
16506:             1             32  com.intellij.openapi.vcs.history.actions.ShowDiffAfterWithLocalAction
16507:             1             32  com.intellij.openapi.vcs.history.actions.ShowDiffBeforeWithLocalAction
16508:             2             32  com.intellij.openapi.vcs.impl.FileStatusManagerImpl$$Lambda$535/2023674823
16509:             2             32  com.intellij.openapi.vcs.impl.FileStatusManagerImpl$2
16510:             2             32  com.intellij.openapi.vcs.impl.ProjectLevelVcsManagerImpl$$Lambda$486/1933586229
16511:             2             32  com.intellij.openapi.vcs.impl.ProjectLevelVcsManagerImpl$$Lambda$487/2003705716
16512:             2             32  com.intellij.openapi.vcs.impl.Result$Error
16513:             1             32  com.intellij.openapi.vcs.impl.projectlevelman.AllVcses
16514:             1             32  com.intellij.openapi.vcs.roots.VcsRootDetectorImpl
16515:             2             32  com.intellij.openapi.vfs.VirtualFileVisitor$Option
16516:             1             32  com.intellij.openapi.vfs.encoding.ChangeFileEncodingAction
16517:             1             32  com.intellij.openapi.vfs.encoding.EncodingManagerImpl
16518:             2             32  com.intellij.openapi.vfs.encoding.EncodingManagerImpl$State
16519:             1             32  com.intellij.openapi.vfs.impl.ZipHandler$1
16520:             1             32  com.intellij.openapi.vfs.impl.local.CanonicalPathMap
16521:             1             32  com.intellij.openapi.vfs.newvfs.RefreshQueueImpl
16522:             1             32  com.intellij.openapi.vfs.newvfs.persistent.CompactRecordsTable
16523:             2             32  com.intellij.openapi.vfs.newvfs.persistent.ContentHashesUtil$ContentHashesDescriptor
16524:             2             32  com.intellij.openapi.vfs.newvfs.persistent.FSRecords$$Lambda$659/1798224061
16525:             1             32  com.intellij.openapi.vfs.newvfs.persistent.FSRecords$DbConnection$1
16526:             2             32  com.intellij.openapi.wm.ToolWindowContentUiType
16527:             2             32  com.intellij.openapi.wm.impl.FocusManagerImpl$EdtAlarm
16528:             1             32  com.intellij.openapi.wm.impl.WindowWatcher
16529:             2             32  com.intellij.openapi.wm.impl.status.IdeStatusBarImpl$TextPresentationWrapper$1
16530:             1             32  com.intellij.openapi.wm.impl.status.InfoAndProgressPanel$4
16531:             2             32  com.intellij.openapi.wm.impl.status.InfoAndProgressPanel$MyInlineProgressIndicator$$Lambda$869/770779695
16532:             2             32  com.intellij.openapi.wm.impl.status.InfoAndProgressPanel$MyInlineProgressIndicator$$Lambda$939/420714211
16533:             1             32  com.intellij.openapi.wm.impl.status.InsertOverwritePanel
16534:             1             32  com.intellij.openapi.wm.impl.status.ToolWindowsWidget$1
16535:             1             32  com.intellij.packaging.impl.compiler.ArtifactBuildTargetScopeProvider$$Lambda$838/248809786
16536:             1             32  com.intellij.packaging.impl.elements.ArchivePackagingElement
16537:             2             32  com.intellij.packaging.impl.run.BuildArtifactsBeforeRunTaskProviderBase$1
16538:             1             32  com.intellij.patterns.DomElementPattern$2
16539:             1             32  com.intellij.patterns.StringPattern$7
16540:             2             32  com.intellij.persistence.diagram.PersistenceDiagramProvider$1
16541:             2             32  com.intellij.persistence.diagram.PersistenceDiagramProvider$6
16542:             2             32  com.intellij.persistence.diagram.PersistenceDiagramProvider$7
16543:             2             32  com.intellij.persistence.diagram.PersistenceDiagramProvider$8
16544:             2             32  com.intellij.persistence.diagram.PersistenceDiagramProvider$9
16545:             1             32  com.intellij.play.language.PlayLanguage
16546:             2             32  com.intellij.play.language.PlayLanguageSubstitutor
16547:             2             32  com.intellij.play.usages.PlayFindUsagesHandlerFactory
16548:             1             32  com.intellij.plugins.drools.DroolsLanguage
16549:             1             32  com.intellij.plugins.drools.library.DroolsLibraryType
16550:             1             32  com.intellij.plugins.jboss.arquillian.configuration.container.ArquillianContainerManual
16551:             1             32  com.intellij.profile.codeInspection.JavaAwareInspectionProfileManager
16552:             2             32  com.intellij.profile.codeInspection.ui.JavaErrorOptionsProvider
16553:             1             32  com.intellij.psi.PsiReferenceProviderBean
16554:             1             32  com.intellij.psi.SyntaxTraverser$ASTApi
16555:             1             32  com.intellij.psi.SyntaxTraverser$PsiApi
16556:             1             32  com.intellij.psi.SyntaxTraverser$PsiApi$1
16557:             1             32  com.intellij.psi.codeStyle.AppCodeStyleSettingsManager
16558:             1             32  com.intellij.psi.css.CssFileElementType
16559:             1             32  com.intellij.psi.css.actions.colors.CssConvertToGrayIntention
16560:             1             32  com.intellij.psi.css.actions.colors.CssConvertToHexIntention
16561:             1             32  com.intellij.psi.css.actions.colors.CssConvertToHslIntention
16562:             1             32  com.intellij.psi.css.actions.colors.CssConvertToHwbIntention
16563:             1             32  com.intellij.psi.css.actions.colors.CssConvertToRgbIntention
16564:             1             32  com.intellij.psi.css.actions.colors.CssReplaceWithColorNameIntention
16565:             1             32  com.intellij.psi.css.impl.stubs.CssAttributeStubElementType
16566:             1             32  com.intellij.psi.css.impl.stubs.CssClassStubElementType
16567:             1             32  com.intellij.psi.css.impl.stubs.CssCustomMixinStubElementType
16568:             1             32  com.intellij.psi.css.impl.stubs.CssDeclarationStubElementType
16569:             1             32  com.intellij.psi.css.impl.stubs.CssIdSelectorStubElementType
16570:             1             32  com.intellij.psi.css.impl.stubs.CssImportStubElementType
16571:             1             32  com.intellij.psi.css.impl.stubs.CssMediaStubElementType
16572:             1             32  com.intellij.psi.css.impl.stubs.CssPseudoClassStubElementType
16573:             1             32  com.intellij.psi.css.impl.stubs.CssPseudoElementStubElementType
16574:             1             32  com.intellij.psi.css.impl.stubs.CssPseudoPageStubElementType
16575:             1             32  com.intellij.psi.css.impl.stubs.CssRulesetListStubElementType
16576:             1             32  com.intellij.psi.css.impl.stubs.CssRulesetStubElementType
16577:             1             32  com.intellij.psi.css.impl.stubs.CssSelectorListStubElementType
16578:             1             32  com.intellij.psi.css.impl.stubs.CssSelectorStubElementType
16579:             1             32  com.intellij.psi.css.impl.stubs.CssSimpleSelectorStubElementType
16580:             2             32  com.intellij.psi.css.impl.util.completion.provider.CssAtKeywordsCompletionProvider
16581:             2             32  com.intellij.psi.css.impl.util.completion.provider.KeyframesNameCompletionProvider
16582:             2             32  com.intellij.psi.css.impl.util.completion.provider.PropertyNamesCompletionProvider
16583:             1             32  com.intellij.psi.css.impl.util.table.CssFontFamilyDescriptor
16584:             1             32  com.intellij.psi.css.inspections.CssOptimizeSimilarPropertiesInspection$PaddingRule
16585:             1             32  com.intellij.psi.impl.JavaPsiFacadeImpl$1
16586:             2             32  com.intellij.psi.impl.PsiDocumentManagerBase$1
16587:             2             32  com.intellij.psi.impl.PsiDocumentManagerImpl$1
16588:             2             32  com.intellij.psi.impl.PsiManagerImpl$1
16589:             2             32  com.intellij.psi.impl.PsiModificationTrackerImpl$1
16590:             1             32  com.intellij.psi.impl.cache.impl.id.IdIndexImpl
16591:             2             32  com.intellij.psi.impl.cache.impl.id.IdTableBuilding$WordsScannerFileTypeIdIndexerAdapter
16592:             1             32  com.intellij.psi.impl.cache.impl.id.IdTableBuilding$WordsScannerFileTypeIdIndexerAdapter$1
16593:             2             32  com.intellij.psi.impl.cache.impl.idCache.PropertiesIdIndexer
16594:             2             32  com.intellij.psi.impl.cache.impl.idCache.PropertiesTodoIndexer
16595:             2             32  com.intellij.psi.impl.cache.impl.idCache.XmlIdIndexer
16596:             2             32  com.intellij.psi.impl.cache.impl.idCache.XmlTodoIndexer
16597:             1             32  com.intellij.psi.impl.cache.impl.todo.TodoIndex
16598:             2             32  com.intellij.psi.impl.file.impl.FileManagerImpl$$Lambda$462/1613501086
16599:             1             32  com.intellij.psi.impl.file.impl.ResolveScopeManagerImpl
16600:             2             32  com.intellij.psi.impl.java.stubs.ClsStubPsiFactory
16601:             1             32  com.intellij.psi.impl.java.stubs.JavaAnnotationElementType
16602:             1             32  com.intellij.psi.impl.java.stubs.JavaAnnotationParameterListType
16603:             1             32  com.intellij.psi.impl.java.stubs.JavaClassInitializerElementType
16604:             1             32  com.intellij.psi.impl.java.stubs.JavaImportListElementType
16605:             1             32  com.intellij.psi.impl.java.stubs.JavaLiteralExpressionElementType
16606:             1             32  com.intellij.psi.impl.java.stubs.JavaModifierListElementType
16607:             1             32  com.intellij.psi.impl.java.stubs.JavaModuleElementType
16608:             1             32  com.intellij.psi.impl.java.stubs.JavaNameValuePairType
16609:             1             32  com.intellij.psi.impl.java.stubs.JavaParameterElementType
16610:             1             32  com.intellij.psi.impl.java.stubs.JavaParameterListElementType
16611:             1             32  com.intellij.psi.impl.java.stubs.JavaProvidesStatementElementType
16612:             1             32  com.intellij.psi.impl.java.stubs.JavaRequiresStatementElementType
16613:             1             32  com.intellij.psi.impl.java.stubs.JavaStubElementTypes$1
16614:             1             32  com.intellij.psi.impl.java.stubs.JavaStubElementTypes$10
16615:             1             32  com.intellij.psi.impl.java.stubs.JavaStubElementTypes$11
16616:             1             32  com.intellij.psi.impl.java.stubs.JavaStubElementTypes$12
16617:             1             32  com.intellij.psi.impl.java.stubs.JavaStubElementTypes$13
16618:             1             32  com.intellij.psi.impl.java.stubs.JavaStubElementTypes$14
16619:             1             32  com.intellij.psi.impl.java.stubs.JavaStubElementTypes$2
16620:             1             32  com.intellij.psi.impl.java.stubs.JavaStubElementTypes$3
16621:             1             32  com.intellij.psi.impl.java.stubs.JavaStubElementTypes$4
16622:             1             32  com.intellij.psi.impl.java.stubs.JavaStubElementTypes$5
16623:             1             32  com.intellij.psi.impl.java.stubs.JavaStubElementTypes$6
16624:             1             32  com.intellij.psi.impl.java.stubs.JavaStubElementTypes$7
16625:             1             32  com.intellij.psi.impl.java.stubs.JavaStubElementTypes$8
16626:             1             32  com.intellij.psi.impl.java.stubs.JavaStubElementTypes$9
16627:             1             32  com.intellij.psi.impl.java.stubs.JavaTypeParameterElementType
16628:             1             32  com.intellij.psi.impl.java.stubs.JavaTypeParameterListElementType
16629:             1             32  com.intellij.psi.impl.java.stubs.JavaUsesStatementElementType
16630:             1             32  com.intellij.psi.impl.java.stubs.LambdaExpressionElementType
16631:             1             32  com.intellij.psi.impl.java.stubs.MethodReferenceElementType
16632:             2             32  com.intellij.psi.impl.java.stubs.index.JavaAnnotationIndex
16633:             2             32  com.intellij.psi.impl.java.stubs.index.JavaAnonymousClassBaseRefOccurenceIndex
16634:             2             32  com.intellij.psi.impl.java.stubs.index.JavaFieldNameIndex
16635:             2             32  com.intellij.psi.impl.java.stubs.index.JavaFullClassNameIndex
16636:             2             32  com.intellij.psi.impl.java.stubs.index.JavaMethodNameIndex
16637:             2             32  com.intellij.psi.impl.java.stubs.index.JavaMethodParameterTypesIndex
16638:             2             32  com.intellij.psi.impl.java.stubs.index.JavaModuleNameIndex
16639:             2             32  com.intellij.psi.impl.java.stubs.index.JavaShortClassNameIndex
16640:             2             32  com.intellij.psi.impl.java.stubs.index.JavaStaticMemberNameIndex
16641:             2             32  com.intellij.psi.impl.java.stubs.index.JavaStaticMemberTypeIndex
16642:             2             32  com.intellij.psi.impl.java.stubs.index.JavaSuperClassNameOccurenceIndex
16643:             1             32  com.intellij.psi.impl.light.LightModifierList
16644:             1             32  com.intellij.psi.impl.search.HighlightingCaches
16645:             2             32  com.intellij.psi.impl.search.PropertiesFindUsagesHandlerFactory
16646:             2             32  com.intellij.psi.impl.smartPointers.SmartPointerManagerImpl$$Lambda$1152/1429598717
16647:             2             32  com.intellij.psi.impl.source.FileLocalResolver$LightResolveResult
16648:             2             32  com.intellij.psi.impl.source.codeStyle.CodeStyleFacadeImpl
16649:             2             32  com.intellij.psi.impl.source.codeStyle.PersistableCodeStyleSchemes$1
16650:             1             32  com.intellij.psi.impl.source.javadoc.AuthorDocTagInfo
16651:             2             32  com.intellij.psi.impl.source.javadoc.ExceptionTagInfo
16652:             2             32  com.intellij.psi.impl.source.javadoc.ServiceReferenceTagInfo
16653:             2             32  com.intellij.psi.impl.source.jsp.TagdirReferenceProvider
16654:             1             32  com.intellij.psi.impl.source.jsp.WebDirectoryUtil
16655:             1             32  com.intellij.psi.impl.source.jsp.el.ELLanguage
16656:             1             32  com.intellij.psi.impl.source.resolve.reference.ArbitraryPlaceUrlReferenceProvider$1
16657:             1             32  com.intellij.psi.impl.source.resolve.reference.impl.JavaReflectionReferenceContributor$ReflectionClassNameReferenceProvider
16658:             1             32  com.intellij.psi.impl.source.resolve.reference.impl.providers.IdRefReference$1
16659:             2             32  com.intellij.psi.impl.source.resolve.reference.impl.providers.JspReferencesProvider
16660:             2             32  com.intellij.psi.impl.source.resolve.reference.impl.providers.JspUriReferenceProvider
16661:             2             32  com.intellij.psi.impl.source.resolve.reference.impl.providers.NullFileReferenceHelper
16662:             2             32  com.intellij.psi.impl.source.resolve.reference.impl.providers.TaglibReferenceProvider
16663:             1             32  com.intellij.psi.impl.source.tree.JShellElementType$1
16664:             1             32  com.intellij.psi.impl.source.tree.JShellElementType$2
16665:             1             32  com.intellij.psi.impl.source.tree.JavaDocElementType$1
16666:             1             32  com.intellij.psi.impl.source.tree.JavaDocElementType$2
16667:             1             32  com.intellij.psi.impl.source.tree.JavaDocElementType$3
16668:             1             32  com.intellij.psi.impl.source.tree.JavaElementType$1
16669:             1             32  com.intellij.psi.impl.source.tree.JavaElementType$2
16670:             1             32  com.intellij.psi.impl.source.tree.JavaElementType$3
16671:             2             32  com.intellij.psi.impl.source.tree.JavaElementType$TypeTextElementType$1
16672:             1             32  com.intellij.psi.impl.source.tree.java.PsiTypeParameterImpl
16673:             1             32  com.intellij.psi.impl.source.xml.SchemaPrefix
16674:             2             32  com.intellij.psi.stubs.StubIndexState
16675:             1             32  com.intellij.psi.stubs.StubSerializationHelper
16676:             1             32  com.intellij.psi.stubs.StubUpdatingIndex$MyIndex$StubUpdatingData
16677:             1             32  com.intellij.psi.stubs.StubVersionMap
16678:             2             32  com.intellij.psi.util.proximity.ReferenceListWeigher
16679:             1             32  com.intellij.refactoring.actions.AnonymousToInnerAction
16680:             1             32  com.intellij.refactoring.actions.ConvertToInstanceMethodAction
16681:             1             32  com.intellij.refactoring.actions.EncapsulateFieldsAction
16682:             1             32  com.intellij.refactoring.actions.InheritanceToDelegationAction
16683:             1             32  com.intellij.refactoring.actions.IntroduceParameterObjectAction
16684:             1             32  com.intellij.refactoring.actions.InvertBooleanAction
16685:             1             32  com.intellij.refactoring.actions.MakeStaticAction
16686:             1             32  com.intellij.refactoring.actions.MethodDuplicatesAction
16687:             1             32  com.intellij.refactoring.actions.MoveAction
16688:             1             32  com.intellij.refactoring.actions.RefactoringQuickListPopupAction
16689:             1             32  com.intellij.refactoring.actions.RemoveMiddlemanAction
16690:             1             32  com.intellij.refactoring.actions.RenameElementAction
16691:             1             32  com.intellij.refactoring.actions.ReplaceConstructorWithBuilderAction
16692:             1             32  com.intellij.refactoring.actions.ReplaceConstructorWithFactoryAction
16693:             1             32  com.intellij.refactoring.actions.ReplaceMethodWithMethodObjectAction
16694:             1             32  com.intellij.refactoring.actions.SafeDeleteAction
16695:             1             32  com.intellij.refactoring.actions.TempWithQueryAction
16696:             1             32  com.intellij.refactoring.actions.TurnRefsToSuperAction
16697:             1             32  com.intellij.refactoring.actions.TypeCookAction
16698:             2             32  com.intellij.refactoring.introduce.inplace.AbstractInplaceIntroducer$1
16699:             2             32  com.intellij.refactoring.introduceVariable.FinalListener
16700:             2             32  com.intellij.refactoring.introduceVariable.IntroduceVariableHandler
16701:             1             32  com.intellij.refactoring.typeMigration.actions.ChangeTypeSignatureAction
16702:             2             32  com.intellij.refactoring.util.RefactoringDescriptionLocation
16703:             1             32  com.intellij.refactoring.wrapreturnvalue.WrapReturnValueAction
16704:             2             32  com.intellij.seam.el.SeamModelPropertyScopeProvider$1$$Lambda$4656/1804077596
16705:             1             32  com.intellij.seam.facet.SeamFacetType
16706:             2             32  com.intellij.seam.gutter.SeamConversationAnnotator
16707:             1             32  com.intellij.seam.model.xml.PageflowModelFactory
16708:             1             32  com.intellij.seam.model.xml.PagesModelFactory
16709:             1             32  com.intellij.seam.model.xml.SeamDomModelFactory
16710:             2             32  com.intellij.spellchecker.PsiIdentifierTokenizer
16711:             1             32  com.intellij.spellchecker.SpellCheckerSeveritiesProvider$1T
16712:             2             32  com.intellij.spellchecker.tokenizer.TokenizerBase
16713:             2             32  com.intellij.spring.SpringFindUsagesHandlerFactory
16714:             1             32  com.intellij.spring.batch.library.SpringBatchLibraryType
16715:             2             32  com.intellij.spring.boot.model.autoconfigure.conditions.PooledDataSourceCondition
16716:             2             32  com.intellij.spring.boot.model.autoconfigure.conditions.jam.ConditionalOnProperty$NameJamConverter
16717:             2             32  com.intellij.spring.boot.model.jam.ResourceItemsConverter
16718:             1             32  com.intellij.spring.boot.run.SpringBootCommandLineState
16719:             2             32  com.intellij.spring.boot.run.lifecycle.ApplicationUrlLiveProperty$$Lambda$3033/759955632
16720:             2             32  com.intellij.spring.boot.run.lifecycle.ApplicationUrlLiveProperty$$Lambda$3034/1754807465
16721:             2             32  com.intellij.spring.boot.run.lifecycle.ReadyStateLiveProperty$1
16722:             2             32  com.intellij.spring.boot.run.lifecycle.ServerConfigurationLiveProperty$$Lambda$3031/1134845343
16723:             2             32  com.intellij.spring.boot.run.lifecycle.ServerConfigurationLiveProperty$$Lambda$3032/556898265
16724:             1             32  com.intellij.spring.boot.run.lifecycle.SpringBootApplicationDescriptorImpl
16725:             2             32  com.intellij.spring.boot.run.lifecycle.SpringBootApplicationInfoImpl$$Lambda$3035/192479998
16726:             2             32  com.intellij.spring.boot.run.lifecycle.SpringBootApplicationInfoImpl$$Lambda$3036/581769804
16727:             2             32  com.intellij.spring.boot.run.lifecycle.SpringBootApplicationInfoImpl$5
16728:             1             32  com.intellij.spring.boot.run.lifecycle.SpringBootApplicationLifecycleManagerImpl
16729:             2             32  com.intellij.spring.boot.run.lifecycle.SpringBootApplicationLifecycleManagerImpl$1$$Lambda$3042/1404582729
16730:             2             32  com.intellij.spring.boot.run.lifecycle.SpringBootApplicationLifecycleManagerImpl$1$$Lambda$3043/1909527751
16731:             2             32  com.intellij.spring.boot.run.lifecycle.SpringBootApplicationLifecycleManagerImpl$1$$Lambda$3044/876718441
16732:             2             32  com.intellij.spring.boot.run.lifecycle.SpringBootModuleDescriptor
16733:             1             32  com.intellij.spring.contexts.model.diagram.SpringLocalModelDependenciesDiagramProvider
16734:             1             32  com.intellij.spring.data.commons.ql.language.SpringDataQLLanguage
16735:             1             32  com.intellij.spring.data.jpa.library.SpringDataJpaLibraryType
16736:             2             32  com.intellij.spring.editor.SpringBeanDocumentationProvider
16737:             1             32  com.intellij.spring.el.SpringELLanguage
16738:             2             32  com.intellij.spring.el.completion.SpringELKeywordCompletionContributor$7
16739:             1             32  com.intellij.spring.facet.SpringFacetType
16740:             1             32  com.intellij.spring.integration.diagram.SpringIntegrationDiagramProvider
16741:             1             32  com.intellij.spring.integration.library.SpringIntegrationLibraryType
16742:             1             32  com.intellij.spring.library.SpringLibraryType
16743:             1             32  com.intellij.spring.model.actions.GenerateAutowiredDependencyAction
16744:             1             32  com.intellij.spring.model.actions.GenerateSpringBeanConstructorDependencyAction
16745:             2             32  com.intellij.spring.model.actions.GenerateSpringBeanDependenciesActionHandler
16746:             1             32  com.intellij.spring.model.actions.GenerateSpringBeanSetterDependencyAction
16747:             1             32  com.intellij.spring.model.actions.GenerateSpringDomElementActionGroup$1
16748:             1             32  com.intellij.spring.model.actions.GenerateSpringDomElementActionGroup$2
16749:             1             32  com.intellij.spring.model.actions.GenerateSpringDomElementActionGroup$3
16750:             2             32  com.intellij.spring.model.cacheable.jam.SpringCacheableNameConverter
16751:             1             32  com.intellij.spring.model.highlighting.providers.SpringImplicitSubclassProvider
16752:             2             32  com.intellij.spring.model.jam.converters.PackageJamConverter
16753:             2             32  com.intellij.spring.model.jam.javaConfig.ContextJavaBean$PsiMethodReferenceConverter
16754:             2             32  com.intellij.spring.model.jam.testContexts.converters.PsiFileResourcePathReferenceConverter
16755:             1             32  com.intellij.spring.security.library.SpringSecurityLibraryType
16756:             2             32  com.intellij.spring.security.references.SpringSecurityRolePsiReferenceProvider$XmlAttributeValueProvider
16757:             2             32  com.intellij.spring.security.references.SpringSecurityUrlReferenceProvider
16758:             2             32  com.intellij.spring.security.references.SpringSecurityUserPropertyReferenceProvider
16759:             1             32  com.intellij.spring.spi.SpringSpiReferenceContributor$1
16760:             2             32  com.intellij.spring.web.config.webXml.SpringWebConfigLocationReferenceContributor$SpringWebConfigLocationReferenceProvider
16761:             2             32  com.intellij.spring.web.mvc.jam.SpringMVCRequestHeader$KnownRequestHeadersJamConverter
16762:             2             32  com.intellij.spring.web.mvc.jam.SpringRequestMapping$RequestMappingMimetypeConverter
16763:             1             32  com.intellij.spring.web.mvc.library.SpringMvcLibraryType
16764:             2             32  com.intellij.spring.web.mvc.taglib.FormCommandNameReferenceProvider
16765:             2             32  com.intellij.spring.web.mvc.taglib.FormPathReferenceProvider
16766:             2             32  com.intellij.spring.web.mvc.taglib.SpringFormTaglibReferenceContributor$2
16767:             2             32  com.intellij.spring.web.mvc.views.SpringMVCViewReferenceProvider
16768:             1             32  com.intellij.spring.webflow.library.SpringWebflowLibraryType
16769:             1             32  com.intellij.spring.ws.actions.generate.patterns.transport.AddEmailTransportBeansAction
16770:             1             32  com.intellij.spring.ws.actions.generate.patterns.transport.AddEmbeddedHttpTransportBeansAction
16771:             1             32  com.intellij.spring.ws.actions.generate.patterns.transport.AddJmsTransportBeansAction
16772:             2             32  com.intellij.spring.ws.jam.ActionInputReferenceConverter
16773:             1             32  com.intellij.spring.ws.library.SpringWebServiceLibraryType
16774:             2             32  com.intellij.sql.SqlFindUsagesHandlerFactory
16775:             1             32  com.intellij.sql.SqlTemplateContextType
16776:             2             32  com.intellij.sql.dialects.sql92.Sql92ElementFactory
16777:             1             32  com.intellij.sql.psi.SqlLanguage
16778:             2             32  com.intellij.structuralsearch.GroovyDuplicatesProfile
16779:             2             32  com.intellij.struts.StrutsResourceProvider
16780:             1             32  com.intellij.struts.facet.StrutsFacetType
16781:             1             32  com.intellij.struts.inplace.generate.GenerateActionMappingAction
16782:             1             32  com.intellij.struts.inplace.generate.GenerateActionMappingAction$1
16783:             1             32  com.intellij.struts.inplace.generate.GenerateFormAction
16784:             1             32  com.intellij.struts.inplace.generate.GenerateFormAction$1
16785:             1             32  com.intellij.struts.inplace.generate.GenerateForwardAction
16786:             1             32  com.intellij.struts.inplace.generate.GenerateForwardAction$1
16787:             1             32  com.intellij.struts.inplace.generate.GenerateGlobalForwardAction
16788:             1             32  com.intellij.struts.inplace.generate.GenerateGlobalForwardAction$1
16789:             2             32  com.intellij.struts.inplace.gutter.StrutsClassAnnotator
16790:             1             32  com.intellij.struts.inplace.reference.StrutsReferenceContributor$1
16791:             2             32  com.intellij.struts.inplace.reference.path.ActionWebPathsProvider
16792:             2             32  com.intellij.struts2.dom.struts.model.StrutsManagerImpl
16793:             1             32  com.intellij.struts2.facet.Struts2LibraryType
16794:             1             32  com.intellij.struts2.facet.StrutsFacetType
16795:             2             32  com.intellij.struts2.model.jam.convention.InterceptorJamReferenceConverter
16796:             2             32  com.intellij.struts2.reference.ResultActionPropertyReferenceProvider
16797:             2             32  com.intellij.struts2.reference.jsp.ActionMethodReferenceProvider
16798:             2             32  com.intellij.struts2.reference.jsp.ActionReferenceProvider
16799:             2             32  com.intellij.struts2.reference.jsp.NamespaceReferenceProvider
16800:             2             32  com.intellij.struts2.reference.jsp.ThemeReferenceProvider
16801:             2             32  com.intellij.struts2.reference.web.WebXmlStrutsConstantNameReferenceProvider
16802:             2             32  com.intellij.struts2.reference.web.WebXmlStrutsConstantValueReferenceProvider
16803:             2             32  com.intellij.struts2.structure.StrutsTreeDescriptionProvider
16804:             1             32  com.intellij.tapestry.core.MappingDataCache
16805:             1             32  com.intellij.tapestry.core.TapestryProject$1
16806:             1             32  com.intellij.tapestry.core.TapestryProject$2
16807:             1             32  com.intellij.tapestry.core.TapestryProject$3
16808:             1             32  com.intellij.tapestry.core.TapestryProject$4
16809:             1             32  com.intellij.tapestry.core.TapestryProject$5
16810:             1             32  com.intellij.tapestry.core.TapestryProject$6
16811:             1             32  com.intellij.tapestry.core.model.Library
16812:             1             32  com.intellij.tapestry.intellij.actions.createnew.AddNewComponentAction
16813:             1             32  com.intellij.tapestry.intellij.actions.createnew.AddNewMixinAction
16814:             1             32  com.intellij.tapestry.intellij.actions.createnew.AddNewPageAction
16815:             1             32  com.intellij.tapestry.intellij.facet.TapestryFacetType
16816:             2             32  com.intellij.tapestry.intellij.lang.reference.TapestryReferenceContributor$2
16817:             2             32  com.intellij.tapestry.intellij.lang.reference.TapestryReferenceContributor$3
16818:             2             32  com.intellij.tapestry.intellij.lang.reference.TapestryReferenceContributor$4
16819:             2             32  com.intellij.tapestry.intellij.lang.reference.TapestryReferenceContributor$5
16820:             2             32  com.intellij.tapestry.intellij.lang.reference.TapestryReferenceContributor$6
16821:             2             32  com.intellij.tapestry.intellij.lang.reference.TapestryReferenceContributor$7
16822:             1             32  com.intellij.tasks.actions.GotoTaskAction
16823:             1             32  com.intellij.tasks.actions.SwitchTaskAction
16824:             1             32  com.intellij.tasks.jira.jql.JqlLanguage
16825:             1             32  com.intellij.tasks.youtrack.lang.YouTrackLanguage
16826:             1             32  com.intellij.terminal.JBTerminalStarter
16827:             1             32  com.intellij.terminal.JBTerminalStarter$1
16828:             1             32  com.intellij.testIntegration.GenerateDataMethodAction
16829:             1             32  com.intellij.testIntegration.GenerateSetUpMethodAction
16830:             1             32  com.intellij.testIntegration.GenerateTearDownMethodAction
16831:             1             32  com.intellij.testIntegration.GenerateTestMethodAction
16832:             1             32  com.intellij.testIntegration.GotoTestOrCodeAction
16833:             1             32  com.intellij.thymeleaf.lang.ThymeleafLanguage
16834:             1             32  com.intellij.thymeleaf.lang.ThymeleafLanguage$1
16835:             1             32  com.intellij.thymeleaf.lang.ThymeleafLanguage$2
16836:             1             32  com.intellij.thymeleaf.lang.ThymeleafLanguage$3
16837:             1             32  com.intellij.thymeleaf.lang.ThymeleafLanguage$4
16838:             2             32  com.intellij.thymeleaf.lang.support.utils.ThymeleafCommonUtil$$Lambda$3357/607958858
16839:             1             32  com.intellij.thymeleaf.library.ThymeleafLibraryType
16840:             2             32  com.intellij.thymeleaf.references.ThymeleafFakeRenameableReferenceProvider
16841:             1             32  com.intellij.tiles.library.TilesLibraryType
16842:             1             32  com.intellij.ui.AppIcon$Win7AppIcon
16843:             1             32  com.intellij.ui.ColoredSideBorder
16844:             1             32  com.intellij.ui.ExpandableActions$Collapse
16845:             1             32  com.intellij.ui.ExpandableActions$Expand
16846:             1             32  com.intellij.ui.IconDeferrerImpl
16847:             1             32  com.intellij.ui.ScrollPaneActions$Down
16848:             1             32  com.intellij.ui.ScrollPaneActions$End
16849:             1             32  com.intellij.ui.ScrollPaneActions$Home
16850:             1             32  com.intellij.ui.ScrollPaneActions$Left
16851:             1             32  com.intellij.ui.ScrollPaneActions$PageDown
16852:             1             32  com.intellij.ui.ScrollPaneActions$PageLeft
16853:             1             32  com.intellij.ui.ScrollPaneActions$PageRight
16854:             1             32  com.intellij.ui.ScrollPaneActions$PageUp
16855:             1             32  com.intellij.ui.ScrollPaneActions$Right
16856:             1             32  com.intellij.ui.ScrollPaneActions$Up
16857:             1             32  com.intellij.ui.components.ScrollSource$1
16858:             1             32  com.intellij.ui.components.ScrollSource$2
16859:             1             32  com.intellij.ui.components.ScrollSource$3
16860:             1             32  com.intellij.ui.components.ScrollSource$4
16861:             1             32  com.intellij.ui.debugger.ShowUiDebuggerAction
16862:             1             32  com.intellij.ui.paint.EffectPainter$Cached$1
16863:             1             32  com.intellij.ui.paint.EffectPainter$Cached$2
16864:             2             32  com.intellij.ui.popup.PopupFactoryImpl$$Lambda$2905/1879624862
16865:             1             32  com.intellij.ui.tree.TreeCollector$$Lambda$2865/1931161892
16866:             1             32  com.intellij.uiDesigner.actions.AddTabAction
16867:             1             32  com.intellij.uiDesigner.actions.CreateComponentAction
16868:             1             32  com.intellij.uiDesigner.actions.CreateDialogAction
16869:             1             32  com.intellij.uiDesigner.actions.CreateFormAction
16870:             1             32  com.intellij.uiDesigner.actions.CreateListenerAction
16871:             1             32  com.intellij.uiDesigner.actions.DecreaseIndentAction
16872:             1             32  com.intellij.uiDesigner.actions.DuplicateComponentsAction
16873:             1             32  com.intellij.uiDesigner.actions.FlattenAction
16874:             1             32  com.intellij.uiDesigner.actions.GroupButtonsAction
16875:             1             32  com.intellij.uiDesigner.actions.IncreaseIndentAction
16876:             1             32  com.intellij.uiDesigner.actions.MorphAction
16877:             1             32  com.intellij.uiDesigner.actions.NavigateToListenerAction
16878:             1             32  com.intellij.uiDesigner.actions.PackAction
16879:             1             32  com.intellij.uiDesigner.actions.ResetValueAction
16880:             1             32  com.intellij.uiDesigner.actions.ShowFormSourceAction
16881:             1             32  com.intellij.uiDesigner.actions.SurroundPopupAction
16882:             1             32  com.intellij.uiDesigner.actions.UngroupButtonsAction
16883:             2             32  com.intellij.uiDesigner.binding.FormClassAnnotator
16884:             1             32  com.intellij.uml.core.actions.ShowDiagram
16885:             1             32  com.intellij.uml.core.actions.ShowDiagramPopup
16886:             2             32  com.intellij.uml.diff.DiffUmlCategoryManager
16887:             2             32  com.intellij.uml.diff.DiffUmlColorManager
16888:             2             32  com.intellij.uml.diff.DiffUmlElementManager
16889:             2             32  com.intellij.uml.diff.DiffUmlExtras
16890:             2             32  com.intellij.uml.diff.DiffUmlVfsResolver
16891:             1             32  com.intellij.uml.diff.ShowDiffOnUmlAction
16892:             1             32  com.intellij.uml.project.actions.NewJigsawModuleDiagramAction
16893:             1             32  com.intellij.uml.project.actions.ShowModuleUsagesAction
16894:             2             32  com.intellij.usages.impl.ImportFilteringUsageViewSetting
16895:             2             32  com.intellij.util.Chunk
16896:             2             32  com.intellij.util.LogicalRootType
16897:             1             32  com.intellij.util.LogicalRootsManagerImpl
16898:             2             32  com.intellij.util.SofterReference
16899:             1             32  com.intellij.util.concurrency.Invoker$BackgroundThread
16900:             1             32  com.intellij.util.concurrency.Invoker$EDT
16901:             2             32  com.intellij.util.containers.ConcurrentFactoryMap$6
16902:             2             32  com.intellij.util.containers.ConcurrentIntObjectHashMap$ValuesView
16903:             1             32  com.intellij.util.containers.ConcurrentPackedBitsArray
16904:             1             32  com.intellij.util.containers.ConcurrentWeakKeyWeakValueHashMap
16905:             1             32  com.intellij.util.containers.EmptyIntHashSet$1
16906:             2             32  com.intellij.util.containers.FilteredTraverserBase$Cond$1
16907:             2             32  com.intellij.util.containers.FilteredTraverserBase$Cond$2
16908:             1             32  com.intellij.util.containers.SortedList
16909:             2             32  com.intellij.util.containers.TransferToEDTQueue$2
16910:             1             32  com.intellij.util.diff.Diff$Change
16911:             1             32  com.intellij.util.graph.DFSTBuilder$2$1
16912:             1             32  com.intellij.util.graph.impl.GraphAlgorithmsImpl$2
16913:             1             32  com.intellij.util.indexing.FileBasedIndexImpl$$Lambda$3261/1313526183
16914:             2             32  com.intellij.util.indexing.FileBasedIndexImpl$AuthenticContent
16915:             2             32  com.intellij.util.indexing.IndexAccessValidator
16916:             1             32  com.intellij.util.indexing.IndexConfiguration
16917:             2             32  com.intellij.util.indexing.IndexingStamp$$Lambda$2897/1884929398
16918:             1             32  com.intellij.util.indexing.ProjectFilesCondition
16919:             1             32  com.intellij.util.indexing.SharedMapBasedForwardIndex
16920:             1             32  com.intellij.util.indexing.StorageGuard
16921:             1             32  com.intellij.util.indexing.VfsAwareMapReduceIndex$MyForwardIndex
16922:             2             32  com.intellij.util.io.BaseOutputReader$Options$1
16923:             1             32  com.intellij.util.io.CachingEnumerator
16924:             1             32  com.intellij.util.io.PersistentHashMapValueStorage$1
16925:             1             32  com.intellij.util.io.PersistentHashMapValueStorage$2
16926:             1             32  com.intellij.util.io.PersistentHashMapValueStorage$3
16927:             1             32  com.intellij.util.io.SafeFileOutputStream
16928:             1             32  com.intellij.util.io.storage.RefCountingStorage$1
16929:             2             32  com.intellij.util.lang.ClassPath$ResourceStringLoaderIterator
16930:             2             32  com.intellij.util.lang.ClassPath$ResourceStringLoaderIterator
16931:             1             32  com.intellij.util.lang.ClasspathCache
16932:             1             32  com.intellij.util.lang.JavaVersion
16933:             2             32  com.intellij.util.net.HttpConfigurable$1
16934:             1             32  com.intellij.util.net.ssl.CertificateManager
16935:             2             32  com.intellij.util.net.ssl.CertificateManager$Config
16936:             1             32  com.intellij.util.proxy.CommonProxy
16937:             1             32  com.intellij.util.text.CharArrayCharSequence
16938:             1             32  com.intellij.util.text.CharArrayCharSequence
16939:             2             32  com.intellij.util.text.CharSequenceHashingStrategy
16940:             2             32  com.intellij.util.ui.Animator$1
16941:             2             32  com.intellij.util.ui.TimedDeadzone$Length
16942:             2             32  com.intellij.util.ui.tree.TreeUtil$$Lambda$2028/1261172030
16943:             2             32  com.intellij.util.ui.tree.TreeUtil$$Lambda$2029/618486768
16944:             2             32  com.intellij.util.xml.converters.values.GenericDomValueConvertersRegistry
16945:             1             32  com.intellij.util.xml.highlighting.DomElementAnnotationsManagerImpl
16946:             2             32  com.intellij.util.xml.impl.GetCollectionChildInvocation
16947:             2             32  com.intellij.util.xml.impl.ImplementationClassCache$$Lambda$252/1442536759
16948:             2             32  com.intellij.util.xml.impl.InvocationCache$$Lambda$1638/1244936097
16949:             2             32  com.intellij.util.xml.impl.InvocationCache$$Lambda$1639/1817966784
16950:             2             32  com.intellij.util.xml.stubs.index.DomElementClassIndex
16951:             2             32  com.intellij.util.xml.stubs.index.DomNamespaceKeyIndex
16952:             1             32  com.intellij.util.xml.tree.actions.AddDomElementActionGroup$1
16953:             1             32  com.intellij.util.xml.tree.actions.AddElementInCollectionAction
16954:             1             32  com.intellij.util.xml.tree.actions.DeleteDomElement
16955:             1             32  com.intellij.util.xml.tree.actions.GotoDomElementDeclarationAction
16956:             1             32  com.intellij.vaadin.framework.VaadinLibraryType
16957:             2             32  com.intellij.vcs.log.data.AbstractDataGetter$$Lambda$1930/1464543297
16958:             2             32  com.intellij.vcs.log.data.SingleTaskController$$Lambda$1925/1640856804
16959:             2             32  com.intellij.vcs.log.data.VcsCommitCache
16960:             1             32  com.intellij.vcs.log.data.VcsLogProgress
16961:             1             32  com.intellij.vcs.log.data.VcsLogStorageImpl
16962:             1             32  com.intellij.vcs.log.data.index.IndexDataGetter
16963:             1             32  com.intellij.vcs.log.graph.GraphColorManagerImpl$HeadsComparator
16964:             1             32  com.intellij.vcs.log.graph.utils.impl.IntTimestampGetter
16965:             2             32  com.intellij.vcs.log.impl.VcsLogApplicationSettings$State
16966:             2             32  com.intellij.vcs.log.impl.VcsLogFilterCollectionImpl
16967:             2             32  com.intellij.vcs.log.impl.VcsLogSharedSettings$State
16968:             1             32  com.intellij.vcs.log.impl.VcsLogTabsWatcher
16969:             2             32  com.intellij.vcs.log.impl.VcsLogUiPropertiesImpl$TextFilterSettings
16970:             1             32  com.intellij.vcs.log.impl.VcsProjectLog
16971:             1             32  com.intellij.vcs.log.ui.actions.VcsLogQuickSettingsActions
16972:             1             32  com.intellij.vcs.log.ui.actions.VcsLogTextFilterSettingsActions
16973:             1             32  com.intellij.vcs.log.util.StopWatch
16974:             1             32  com.intellij.velocity.psi.VtlLanguage
16975:             2             32  com.intellij.velocity.psi.parsers.InterpolationBodyParser
16976:             2             32  com.intellij.velocity.psi.parsers.MacroCallDirectiveBodyParser
16977:             1             32  com.intellij.vfs.AsyncVfsEventsPostProcessorImpl
16978:             2             32  com.intellij.webcore.libraries.ScriptingLibraryMappings$1
16979:             2             32  com.intellij.webcore.libraries.ScriptingLibraryMappings$MyLibraryTableListener
16980:             1             32  com.intellij.websocket.config.WebSocketLibraryType
16981:             2             32  com.intellij.websocket.gutter.WebSocketClassAnnotator
16982:             2             32  com.intellij.ws.completion.WSCompletionContributor$1
16983:             1             32  com.intellij.ws.facet.JAXWSLibraryType
16984:             1             32  com.intellij.ws.facet.WebServicesFacetType
16985:             1             32  com.intellij.ws.facet.client.WebServicesClientFacetType
16986:             1             32  com.intellij.ws.http.request.HttpRequestCollectionProvider$1
16987:             1             32  com.intellij.ws.http.request.HttpRequestLanguage
16988:             1             32  com.intellij.ws.http.request.run.js.HttpResponseHandlerJSProvider$1
16989:             2             32  com.intellij.ws.references.CxfXmlSpringBeanReferenceProvider
16990:             1             32  com.intellij.ws.rest.library.JAXRSLibraryType
16991:             1             32  com.intellij.xdebugger.impl.actions.AddToWatchesAction
16992:             1             32  com.intellij.xdebugger.impl.actions.EditBreakpointAction
16993:             1             32  com.intellij.xdebugger.impl.actions.EvaluateAction
16994:             1             32  com.intellij.xdebugger.impl.actions.EvaluateInConsoleAction
16995:             1             32  com.intellij.xdebugger.impl.actions.FocusOnBreakpointAction
16996:             1             32  com.intellij.xdebugger.impl.actions.ForceRunToCursorAction
16997:             1             32  com.intellij.xdebugger.impl.actions.ForceStepIntoAction
16998:             1             32  com.intellij.xdebugger.impl.actions.ForceStepOverAction
16999:             1             32  com.intellij.xdebugger.impl.actions.MarkObjectAction
17000:             1             32  com.intellij.xdebugger.impl.actions.PauseAction
17001:             1             32  com.intellij.xdebugger.impl.actions.QuickEvaluateAction
17002:             1             32  com.intellij.xdebugger.impl.actions.ResumeAction
17003:             1             32  com.intellij.xdebugger.impl.actions.RunToCursorAction
17004:             1             32  com.intellij.xdebugger.impl.actions.ShowExecutionPointAction
17005:             1             32  com.intellij.xdebugger.impl.actions.ShowLibraryFramesAction
17006:             1             32  com.intellij.xdebugger.impl.actions.SmartStepIntoAction
17007:             1             32  com.intellij.xdebugger.impl.actions.StepIntoAction
17008:             1             32  com.intellij.xdebugger.impl.actions.StepOutAction
17009:             1             32  com.intellij.xdebugger.impl.actions.StepOverAction
17010:             1             32  com.intellij.xdebugger.impl.actions.ToggleLineBreakpointAction
17011:             1             32  com.intellij.xdebugger.impl.actions.ToggleTemporaryLineBreakpointAction
17012:             1             32  com.intellij.xdebugger.impl.actions.ViewBreakpointsAction
17013:             2             32  com.intellij.xdebugger.impl.actions.handlers.XDebuggerRunToCursorActionHandler
17014:             2             32  com.intellij.xdebugger.impl.actions.handlers.XToggleLineBreakpointActionHandler
17015:             2             32  com.intellij.xdebugger.impl.breakpoints.XBreakpointBase$BreakpointGutterIconRenderer
17016:             1             32  com.intellij.xdebugger.impl.settings.XDebuggerSettingManagerImpl
17017:             1             32  com.intellij.xml.actions.EscapeEntitiesAction
17018:             1             32  com.intellij.xml.breadcrumbs.ToggleBreadcrumbsSettingsAction$HideBoth
17019:             1             32  com.intellij.xml.breadcrumbs.ToggleBreadcrumbsSettingsAction$ShowAbove
17020:             1             32  com.intellij.xml.breadcrumbs.ToggleBreadcrumbsSettingsAction$ShowBelow
17021:             2             32  com.intellij.xml.impl.XmlBraceMatcher
17022:             1             32  com.intellij.xml.util.AnchorReferenceImpl
17023:             1             32  com.intellij.xml.util.HtmlUtil$TerminateException
17024:             1             32  com.jediterm.terminal.TtyBasedArrayDataStream
17025:             1             32  com.jediterm.terminal.emulator.charset.GraphicSetState
17026:             1             32  com.jediterm.terminal.ui.PreConnectHandler
17027:             1             32  com.jediterm.terminal.ui.TerminalPanel$TerminalCursor
17028:             2             32  com.jetbrains.asp.AspCommenter
17029:             1             32  com.jetbrains.asp.AspLanguage
17030:             1             32  com.jetbrains.debugger.wip.JSRemoteDebugConfigurationType
17031:             1             32  com.jetbrains.firefox.FirefoxRemoteDebugConfigurationType
17032:             1             32  com.jetbrains.ls.a.e
17033:             1             32  com.jetbrains.nwjs.NwjsRunConfigurationType
17034:             1             32  com.jetbrains.plugins.reactnative.ReactNativeRunConfigurationType
17035:             1             32  com.jetbrains.plugins.webDeployment.actions.CompareLocalVsRemoteAction
17036:             1             32  com.jetbrains.plugins.webDeployment.actions.CompareLocalVsRemoteWithAction
17037:             1             32  com.jetbrains.plugins.webDeployment.actions.SyncLocalVsRemoteAction
17038:             1             32  com.jetbrains.plugins.webDeployment.actions.SyncLocalVsRemoteFromVCSAction
17039:             1             32  com.jetbrains.plugins.webDeployment.actions.SyncLocalVsRemoteWithAction
17040:             1             32  com.jetbrains.quirksmode.CssSelectorPattern$3
17041:             2             32  com.maddyhome.idea.copyright.options.Options
17042:             1             32  com.pty4j.windows.WinPtyProcess
17043:             1             32  com.sixrr.inspectjs.confusing.NegatedIfStatementJSInspection
17044:             1             32  com.sixrr.inspectjs.confusing.NestedFunctionJSInspection
17045:             1             32  com.sixrr.inspectjs.confusing.OverlyComplexBooleanExpressionJSInspection
17046:             1             32  com.sixrr.inspectjs.control.IfStatementWithIdenticalBranchesJSInspection
17047:             1             32  com.sixrr.inspectjs.functionmetrics.ParametersPerFunctionJSInspection
17048:             1             32  com.sixrr.inspectjs.style.NonBlockStatementBodyJSInspection
17049:             1             32  com.sixrr.xrp.addattribute.AddAttributeAction
17050:             1             32  com.sixrr.xrp.addsubtag.AddSubtagAction
17051:             1             32  com.sixrr.xrp.attributetotag.AttributeToTagAction
17052:             1             32  com.sixrr.xrp.changeattributevalue.ChangeAttributeValueAction
17053:             1             32  com.sixrr.xrp.convertcontentstoattribute.ConvertContentsToAttributeAction
17054:             1             32  com.sixrr.xrp.deleteattribute.DeleteAttributeAction
17055:             1             32  com.sixrr.xrp.deletetag.DeleteTagAction
17056:             1             32  com.sixrr.xrp.moveattributein.MoveAttributeInAction
17057:             1             32  com.sixrr.xrp.moveattributeout.MoveAttributeOutAction
17058:             2             32  com.sixrr.xrp.references.IdrefReferenceProvider
17059:             1             32  com.sixrr.xrp.renameattribute.RenameAttributeAction
17060:             1             32  com.sixrr.xrp.renametag.RenameTagAction
17061:             1             32  com.sixrr.xrp.tagtoattribute.TagToAttributeAction
17062:             1             32  com.sixrr.xrp.unwraptag.UnwrapTagAction
17063:             1             32  com.sixrr.xrp.wraptag.WrapTagAction
17064:             1             32  com.sixrr.xrp.wraptagcontents.WrapTagContentsAction
17065:             1             32  com.siyeh.ig.abstraction.BooleanParameterInspection
17066:             1             32  com.siyeh.ig.abstraction.InstanceofChainInspection
17067:             1             32  com.siyeh.ig.abstraction.InstanceofInterfacesInspection
17068:             1             32  com.siyeh.ig.abstraction.LocalVariableOfConcreteClassInspection
17069:             1             32  com.siyeh.ig.abstraction.PublicMethodNotExposedInInterfaceInspection
17070:             1             32  com.siyeh.ig.abstraction.StaticVariableOfConcreteClassInspection
17071:             1             32  com.siyeh.ig.assignment.ReplaceAssignmentWithOperatorAssignmentInspection
17072:             1             32  com.siyeh.ig.bugs.StringConcatenationMissingWhitespaceInspection
17073:             1             32  com.siyeh.ig.classlayout.ClassInitializerInspection
17074:             1             32  com.siyeh.ig.classlayout.UtilityClassWithoutPrivateConstructorInspection
17075:             1             32  com.siyeh.ig.classmetrics.ClassComplexityInspection
17076:             1             32  com.siyeh.ig.controlflow.DuplicateConditionInspection
17077:             1             32  com.siyeh.ig.controlflow.NegatedConditionalInspection
17078:             1             32  com.siyeh.ig.controlflow.SwitchStatementWithTooManyBranchesInspection
17079:             1             32  com.siyeh.ig.encapsulation.ProtectedInnerClassInspection
17080:             1             32  com.siyeh.ig.encapsulation.UseOfAnotherObjectsPrivateFieldInspection
17081:             1             32  com.siyeh.ig.errorhandling.BadExceptionCaughtInspection
17082:             1             32  com.siyeh.ig.errorhandling.BadExceptionThrownInspection
17083:             1             32  com.siyeh.ig.errorhandling.TooBroadThrowsInspection
17084:             1             32  com.siyeh.ig.finalization.FinalizeInspection
17085:             1             32  com.siyeh.ig.inheritance.ExtendsUtilityClassInspection
17086:             1             32  com.siyeh.ig.internationalization.StringConcatenationInspection
17087:             1             32  com.siyeh.ig.j2me.MethodCallInLoopConditionInspection
17088:             1             32  com.siyeh.ig.j2me.MultiplyOrDivideByPowerOfTwoInspection
17089:             1             32  com.siyeh.ig.javabeans.ClassWithoutNoArgConstructorInspection
17090:             1             32  com.siyeh.ig.logging.StringConcatenationArgumentToLogCallInspection
17091:             1             32  com.siyeh.ig.memory.ReturnOfInnerClassInspection
17092:             1             32  com.siyeh.ig.methodmetrics.CyclomaticComplexityInspection
17093:             1             32  com.siyeh.ig.methodmetrics.NestingDepthInspection
17094:             1             32  com.siyeh.ig.methodmetrics.NonCommentSourceStatementsInspection
17095:             1             32  com.siyeh.ig.methodmetrics.ParametersPerConstructorInspection
17096:             1             32  com.siyeh.ig.naming.MisspelledMethodNameInspection
17097:             1             32  com.siyeh.ig.naming.OverloadedMethodsWithSameNumberOfParametersInspection
17098:             1             32  com.siyeh.ig.naming.StandardVariableNamesInspection
17099:             1             32  com.siyeh.ig.numeric.CastThatLosesPrecisionInspection
17100:             1             32  com.siyeh.ig.numeric.ImplicitNumericConversionInspection
17101:             1             32  com.siyeh.ig.numeric.IntegerMultiplicationImplicitCastToLongInspection
17102:             1             32  com.siyeh.ig.numeric.OverlyComplexArithmeticExpressionInspection
17103:             1             32  com.siyeh.ig.performance.CollectionsMustHaveInitialCapacityInspection
17104:             1             32  com.siyeh.ig.performance.StringConcatenationInLoopsInspection$IntroduceStringBuilderFix
17105:             1             32  com.siyeh.ig.performance.StringConcatenationInLoopsInspection$ReplaceWithStringBuilderFix
17106:             1             32  com.siyeh.ig.resources.SocketResourceInspection
17107:             1             32  com.siyeh.ig.security.LoadLibraryWithNonConstantStringInspection
17108:             1             32  com.siyeh.ig.style.ImplicitCallToSuperInspection
17109:             1             32  com.siyeh.ig.style.MultipleDeclarationInspection
17110:             1             32  com.siyeh.ig.style.SizeReplaceableByIsEmptyInspection
17111:             1             32  com.siyeh.ig.style.UnnecessarilyQualifiedInnerClassAccessInspection
17112:             1             32  com.siyeh.ig.style.UnnecessarilyQualifiedStaticUsageInspection
17113:             1             32  com.siyeh.ig.style.UnnecessaryConstructorInspection
17114:             1             32  com.siyeh.ig.style.UnnecessaryThisInspection
17115:             1             32  com.siyeh.ig.threading.DoubleCheckedLockingInspection
17116:             1             32  com.siyeh.ig.threading.SharedThreadLocalRandomInspection
17117:             1             32  com.siyeh.ig.threading.SynchronizedOnLiteralObjectInspection
17118:             1             32  com.siyeh.ipp.adapter.AdapterToListenerIntention
17119:             1             32  com.siyeh.ipp.annotation.AnnotateOverriddenMethodsIntention
17120:             2             32  com.siyeh.ipp.bool.ComparisonPredicate
17121:             1             32  com.siyeh.ipp.bool.DemorgansIntention
17122:             1             32  com.siyeh.ipp.bool.FlipComparisonIntention
17123:             1             32  com.siyeh.ipp.bool.NegateComparisonIntention
17124:             1             32  com.siyeh.ipp.collections.ReplaceWithArraysAsListIntention
17125:             1             32  com.siyeh.ipp.commutative.FlipCommutativeMethodCallIntention
17126:             1             32  com.siyeh.ipp.concatenation.ReplaceConcatenationWithStringBufferIntention
17127:             2             32  com.siyeh.ipp.concatenation.SimpleStringConcatenationPredicate
17128:             1             32  com.siyeh.ipp.constant.ConstantSubexpressionIntention
17129:             1             32  com.siyeh.ipp.decls.ChangeVariableTypeToRhsTypeIntention
17130:             1             32  com.siyeh.ipp.exceptions.ObscureThrownExceptionsIntention
17131:             1             32  com.siyeh.ipp.expression.FlipExpressionIntention
17132:             2             32  com.siyeh.ipp.forloop.IndexedForEachLoopPredicate
17133:             1             32  com.siyeh.ipp.increment.ExtractIncrementIntention
17134:             1             32  com.siyeh.ipp.increment.InlineIncrementIntention
17135:             1             32  com.siyeh.ipp.junit.FlipAssertLiteralIntention
17136:             1             32  com.siyeh.ipp.junit.ReplaceAssertLiteralWithAssertEqualsIntention
17137:             1             32  com.siyeh.ipp.opassign.PostfixPrefixIntention
17138:             1             32  com.siyeh.ipp.opassign.ReplaceAssignmentWithPostfixExpressionIntention
17139:             1             32  com.siyeh.ipp.opassign.ReplaceOperatorAssignmentWithAssignmentIntention
17140:             1             32  com.siyeh.ipp.opassign.ReplaceOperatorAssignmentWithPostfixExpressionIntention
17141:             1             32  com.siyeh.ipp.opassign.ReplacePostfixExpressionWithAssignmentIntention
17142:             1             32  com.siyeh.ipp.opassign.ReplacePostfixExpressionWithOperatorAssignmentIntention
17143:             2             32  com.siyeh.ipp.opassign.ReplacePostfixExpressionWithOperatorAssignmentPredicate
17144:             1             32  com.siyeh.ipp.opassign.ReplaceWithOperatorAssignmentIntention
17145:             1             32  com.siyeh.ipp.shift.ReplaceMultiplyWithShiftIntention
17146:             1             32  com.siyeh.ipp.shift.ReplaceShiftWithMultiplyIntention
17147:             1             32  com.siyeh.ipp.trivialif.ExpandBooleanIntention
17148:             2             32  com.siyeh.ipp.whileloop.WhileLoopPredicate
17149:             2             32  com.sun.beans.WeakCache
17150:             1             32  com.sun.beans.finder.BeanInfoFinder
17151:             1             32  com.sun.beans.util.Cache$CacheEntry
17152:             1             32  com.sun.jmx.mbeanserver.Repository
17153:             2             32  com.sun.jna.win32.W32APIFunctionMapper
17154:             2             32  com.sun.jna.win32.W32APITypeMapper$2
17155:             2             32  com.sun.proxy.$Proxy110
17156:             2             32  com.sun.proxy.$Proxy118
17157:             2             32  com.sun.proxy.$Proxy122
17158:             2             32  com.sun.proxy.$Proxy124
17159:             2             32  com.sun.proxy.$Proxy126
17160:             2             32  com.sun.proxy.$Proxy13
17161:             2             32  com.sun.proxy.$Proxy137
17162:             2             32  com.sun.proxy.$Proxy154
17163:             2             32  com.sun.proxy.$Proxy157
17164:             2             32  com.sun.proxy.$Proxy160
17165:             2             32  com.sun.proxy.$Proxy165
17166:             2             32  com.sun.proxy.$Proxy166
17167:             2             32  com.sun.proxy.$Proxy168
17168:             2             32  com.sun.proxy.$Proxy170
17169:             2             32  com.sun.proxy.$Proxy173
17170:             2             32  com.sun.proxy.$Proxy176
17171:             2             32  com.sun.proxy.$Proxy194
17172:             2             32  com.sun.proxy.$Proxy195
17173:             2             32  com.sun.proxy.$Proxy23
17174:             2             32  com.sun.proxy.$Proxy35
17175:             2             32  com.sun.proxy.$Proxy7
17176:             1             32  com.sun.tools.jdi.ProcessAttachingConnector
17177:             1             32  com.sun.tools.jdi.RawCommandLineLauncher
17178:             1             32  com.sun.tools.jdi.SharedMemoryAttachingConnector
17179:             1             32  com.sun.tools.jdi.SharedMemoryListeningConnector
17180:             1             32  com.sun.tools.jdi.SocketAttachingConnector
17181:             1             32  com.sun.tools.jdi.SocketListeningConnector
17182:             2             32  com.sun.tools.jdi.SocketTransportService
17183:             2             32  com.theoryinpractice.testng.TestNGSuiteReferenceContributor$1
17184:             1             32  com.theoryinpractice.testng.intention.TestNGExternalLibraryResolver$1
17185:             1             32  com.zeroturnaround.http.HttpClientHelper$5
17186:             2             32  com.zeroturnaround.http.proxy.NoProxyProvider
17187:             2             32  com.zeroturnaround.javarebel.SDKLicensingImpl
17188:             1             32  com.zeroturnaround.javarebel.idea.plugin.facet.JRebelFacetType
17189:             2             32  com.zeroturnaround.javarebel.idea.plugin.settings.IntellijProxyProvider
17190:             2             32  com.zeroturnaround.javarebel.idea.plugin.xml.XMLEntity$$Lambda$1
17191:             2             32  com.zeroturnaround.javarebel.idea.plugin.xml.XMLEntity$$Lambda$2
17192:             1             32  com.zeroturnaround.javarebel.v
17193:             1             32  com.zeroturnaround.jdi.proxy.DefaultFactory
17194:             1             32  com.zeroturnaround.jrebel.ide.common.guide.model.GuideModel
17195:             1             32  de.plushnikov.intellij.plugin.action.delombok.DelombokBuilderAction
17196:             1             32  de.plushnikov.intellij.plugin.action.delombok.DelombokConstructorAction
17197:             1             32  de.plushnikov.intellij.plugin.action.delombok.DelombokDataAction
17198:             1             32  de.plushnikov.intellij.plugin.action.delombok.DelombokDelegateAction
17199:             1             32  de.plushnikov.intellij.plugin.action.delombok.DelombokEqualsAndHashCodeAction
17200:             1             32  de.plushnikov.intellij.plugin.action.delombok.DelombokEverythingAction
17201:             1             32  de.plushnikov.intellij.plugin.action.delombok.DelombokFieldNameConstantsAction
17202:             1             32  de.plushnikov.intellij.plugin.action.delombok.DelombokGetterAction
17203:             1             32  de.plushnikov.intellij.plugin.action.delombok.DelombokLoggerAction
17204:             1             32  de.plushnikov.intellij.plugin.action.delombok.DelombokSetterAction
17205:             1             32  de.plushnikov.intellij.plugin.action.delombok.DelombokToStringAction
17206:             1             32  de.plushnikov.intellij.plugin.action.delombok.DelombokValueAction
17207:             1             32  de.plushnikov.intellij.plugin.action.delombok.DelombokWitherAction
17208:             1             32  de.plushnikov.intellij.plugin.action.generate.LombokGenerateConstructorAction
17209:             1             32  de.plushnikov.intellij.plugin.action.lombok.LombokDataAction
17210:             1             32  de.plushnikov.intellij.plugin.action.lombok.LombokEqualsAndHashcodeAction
17211:             2             32  de.plushnikov.intellij.plugin.action.lombok.LombokEqualsAndHashcodeHandler
17212:             1             32  de.plushnikov.intellij.plugin.action.lombok.LombokGetterAction
17213:             2             32  de.plushnikov.intellij.plugin.action.lombok.LombokGetterHandler
17214:             1             32  de.plushnikov.intellij.plugin.action.lombok.LombokLoggerAction
17215:             1             32  de.plushnikov.intellij.plugin.action.lombok.LombokSetterAction
17216:             2             32  de.plushnikov.intellij.plugin.action.lombok.LombokSetterHandler
17217:             1             32  de.plushnikov.intellij.plugin.action.lombok.LombokToStringAction
17218:             2             32  de.plushnikov.intellij.plugin.action.lombok.LombokToStringHandler
17219:             2             32  de.plushnikov.intellij.plugin.extension.LombokFieldFindUsagesHandlerFactory
17220:             1             32  de.plushnikov.intellij.plugin.language.LombokConfigCompletionContributor$1
17221:             1             32  de.plushnikov.intellij.plugin.language.LombokConfigLanguage
17222:             1             32  de.plushnikov.intellij.plugin.provider.LombokProcessorProvider
17223:             1             32  freemarker.cache.ClassTemplateLoader
17224:             1             32  freemarker.cache.TemplateCache$TemplateKey
17225:             2             32  freemarker.ext.beans.BeansWrapper$3
17226:             1             32  git4idea.actions.GitCommitAndPushExecutorAction
17227:             1             32  git4idea.annotate.GitRepositoryForAnnotationsListener
17228:             1             32  git4idea.commands.GitCommandResult
17229:             1             32  git4idea.config.CachingFileTester$TestResult
17230:             1             32  git4idea.rebase.GitInteractiveRebaseAction
17231:             1             32  git4idea.repo.GitBranchState
17232:             1             32  git4idea.repo.GitRepositoryReader
17233:             1             32  git4idea.reset.GitUncommitAction
17234:             1             32  git4idea.status.GitChangeProvider$MyNonChangedHolder
17235:             2             32  io.netty.buffer.PoolThreadCache$1
17236:             1             32  io.netty.buffer.PoolThreadCache$MemoryRegionCache$1
17237:             1             32  io.netty.buffer.PooledSlicedByteBuf$1
17238:             1             32  io.netty.buffer.PooledUnsafeDirectByteBuf$1
17239:             1             32  io.netty.buffer.UnpooledByteBufAllocator
17240:             1             32  io.netty.channel.AbstractChannelHandlerContext$WriteAndFlushTask$1
17241:             1             32  io.netty.channel.ChannelOutboundBuffer$Entry$1
17242:             2             32  io.netty.channel.nio.NioEventLoop$1
17243:             2             32  io.netty.channel.nio.NioEventLoop$2
17244:             1             32  io.netty.channel.nio.NioEventLoopGroup
17245:             1             32  io.netty.handler.codec.CodecOutputList$1
17246:             1             32  io.netty.util.AttributeKey
17247:             1             32  io.netty.util.ResourceLeakDetector
17248:             2             32  io.netty.util.concurrent.SingleThreadEventExecutor$5
17249:             2             32  io.netty.util.internal.SocketUtils$5
17250:             2             32  io.netty.util.internal.logging.Slf4JLoggerFactory
17251:             1             32  java.awt.color.ICC_ProfileGray
17252:             1             32  java.awt.color.ICC_ProfileRGB
17253:             2             32  java.awt.datatransfer.SystemFlavorMap$SoftCache
17254:             1             32  java.awt.image.Kernel
17255:             1             32  java.beans.ThreadGroupContext
17256:             1             32  java.beans.ThreadGroupContext$1
17257:             2             32  java.io.ObjectInputStream$ValidationList
17258:             1             32  java.io.SerializablePermission
17259:             1             32  java.io.WinNTFileSystem
17260:             1             32  java.lang.ArithmeticException
17261:             1             32  java.lang.NullPointerException
17262:             2             32  java.lang.Shutdown$Lock
17263:             1             32  java.lang.StringCoding$StringDecoder
17264:             1             32  java.lang.StringCoding$StringEncoder
17265:             1             32  java.lang.UnsupportedOperationException
17266:             2             32  java.lang.reflect.Proxy$1
17267:             1             32  java.lang.reflect.WeakCache
17268:             1             32  java.net.Inet6Address
17269:             1             32  java.net.Inet6Address$Inet6AddressHolder
17270:             2             32  java.nio.ByteOrder
17271:             1             32  java.nio.channels.Channels$1
17272:             1             32  java.nio.channels.NotYetConnectedException
17273:             2             32  java.nio.channels.spi.AbstractSelector$1
17274:             1             32  java.security.KeyStore
17275:             1             32  java.security.ProtectionDomain$WeakProtectionDomainKey
17276:             1             32  java.text.DontCareFieldPosition
17277:             1             32  java.time.format.DateTimeFormatterBuilder$FractionPrinterParser
17278:             2             32  java.time.format.DateTimeFormatterBuilder$StringLiteralPrinterParser
17279:             1             32  java.util.EnumMap$ValueIterator
17280:             2             32  java.util.ResourceBundle$SingleFormatControl
17281:             1             32  java.util.Spliterators$IntArraySpliterator
17282:             1             32  java.util.concurrent.ThreadLocalRandom
17283:             2             32  java.util.function.BinaryOperator$$Lambda$852/883823442
17284:             2             32  java.util.function.Predicate$$Lambda$564/1565883102
17285:             1             32  java.util.logging.LogManager$SystemLoggerContext
17286:             2             32  java.util.regex.Pattern$CharPropertyNames$11
17287:             2             32  java.util.regex.Pattern$CharPropertyNames$13
17288:             2             32  java.util.regex.Pattern$CharPropertyNames$15
17289:             2             32  java.util.regex.Pattern$CharPropertyNames$21
17290:             2             32  java.util.stream.Collectors$$Lambda$555/337482942
17291:             1             32  java.util.zip.DeflaterOutputStream
17292:             1             32  javax.management.MBeanConstructorInfo
17293:             1             32  javax.swing.DefaultCellEditor
17294:             1             32  javax.swing.SwingContainerOrderFocusTraversalPolicy
17295:             1             32  javax.swing.SwingDefaultFocusTraversalPolicy
17296:             1             32  javax.swing.TransferHandler$SwingDragGestureRecognizer
17297:             1             32  javax.swing.TransferHandler$TransferSupport
17298:             2             32  javax.swing.plaf.basic.BasicButtonListener$Actions
17299:             1             32  javax.swing.plaf.basic.BasicFileChooserUI$ApproveSelectionAction
17300:             1             32  javax.swing.plaf.basic.BasicFileChooserUI$CancelSelectionAction
17301:             1             32  javax.swing.plaf.basic.BasicFileChooserUI$ChangeToParentDirectoryAction
17302:             1             32  javax.swing.plaf.basic.BasicFileChooserUI$GoHomeAction
17303:             1             32  javax.swing.plaf.basic.BasicFileChooserUI$UpdateAction
17304:             2             32  javax.swing.plaf.basic.BasicLabelUI$Actions
17305:             1             32  javax.swing.plaf.basic.BasicTreeUI$TreeTransferHandler
17306:             2             32  javax.swing.plaf.metal.DefaultMetalTheme$FontDelegate
17307:             1             32  javax.swing.plaf.metal.MetalFileChooserUI$DirectoryComboBoxAction
17308:             1             32  javax.swing.plaf.metal.MetalMenuBarUI
17309:             1             32  javax.swing.text.DefaultEditorKit$SelectLineAction
17310:             1             32  javax.swing.text.DefaultEditorKit$SelectParagraphAction
17311:             1             32  javax.swing.text.DefaultEditorKit$SelectWordAction
17312:             2             32  javax.swing.text.Position$Bias
17313:             1             32  javax.swing.text.SegmentCache$CachedSegment
17314:             2             32  javax.swing.text.StyleConstants$ColorConstants
17315:             1             32  javax.swing.text.StyledEditorKit$StyledInsertBreakAction
17316:             2             32  javax.swing.text.html.CSSBorder$DottedDashedPainter
17317:             2             32  javax.swing.text.html.CSSBorder$GrooveRidgePainter
17318:             2             32  javax.swing.text.html.CSSBorder$InsetOutsetPainter
17319:             2             32  javax.swing.text.html.CSSBorder$NullPainter
17320:             2             32  javax.xml.validation.SecuritySupport
17321:             2             32  kotlin.collections.CollectionsKt___CollectionsKt$asSequence$$inlined$Sequence$1
17322:             1             32  kotlin.jvm.internal.PropertyReference1Impl
17323:             1             32  kotlin.reflect.jvm.internal.impl.builtins.BuiltInsInitializer
17324:             1             32  kotlin.reflect.jvm.internal.impl.builtins.KotlinBuiltIns$PackageFragments
17325:             1             32  kotlin.reflect.jvm.internal.impl.descriptors.NotFoundClasses
17326:             1             32  kotlin.reflect.jvm.internal.impl.descriptors.impl.EmptyPackageFragmentDescriptor
17327:             2             32  kotlin.reflect.jvm.internal.impl.load.java.typeEnhancement.EnhancedTypeAnnotations
17328:             1             32  kotlin.reflect.jvm.internal.impl.protobuf.WireFormat$FieldType$1
17329:             1             32  kotlin.reflect.jvm.internal.impl.protobuf.WireFormat$FieldType$2
17330:             1             32  kotlin.reflect.jvm.internal.impl.protobuf.WireFormat$FieldType$3
17331:             1             32  kotlin.reflect.jvm.internal.impl.protobuf.WireFormat$FieldType$4
17332:             1             32  kotlin.reflect.jvm.internal.impl.serialization.ProtoBuf$Contract
17333:             1             32  kotlin.reflect.jvm.internal.impl.serialization.ProtoBuf$VersionRequirementTable
17334:             1             32  kotlin.reflect.jvm.internal.impl.serialization.deserialization.descriptors.DeserializedClassDescriptor$DeserializedClassTypeConstructor
17335:             1             32  kotlin.reflect.jvm.internal.impl.types.SimpleTypeImpl
17336:             2             32  kotlin.reflect.jvm.internal.impl.types.TypeUtils$SpecialType
17337:             2             32  kotlin.reflect.jvm.internal.pcollections.IntTreePMap
17338:             2             32  kotlin.reflect.jvm.internal.pcollections.IntTreePMap
17339:             2             32  kotlinx.coroutines.experimental.Empty
17340:             1             32  net.miginfocom.layout.AnimSpec
17341:             2             32  net.sf.cglib.core.AbstractClassGenerator$Source
17342:             1             32  net.sf.cglib.core.ClassNameReader$EarlyExitException
17343:             2             32  net.sf.cglib.proxy.DispatcherGenerator
17344:             2             32  net.sf.cglib.proxy.InvocationHandlerGenerator
17345:             2             32  org.angularjs.AngularJSDocumentationProvider
17346:             2             32  org.angularjs.codeInsight.refs.AngularJSReferencesContributor$7
17347:             2             32  org.angularjs.codeInsight.refs.AngularJSReferencesContributor$9
17348:             1             32  org.angularjs.codeInsight.router.AngularUiRouterDiagramProvider
17349:             1             32  org.angularjs.codeInsight.router.ShowUiRouterStatesNewDiagramAction
17350:             2             32  org.angularjs.findUsages.AngularJSFindUsagesHandlerFactory
17351:             2             32  org.angularjs.index.AngularAttributeIndexer
17352:             1             32  org.angularjs.lang.parser.AngularJSElementTypes$5
17353:             2             32  org.angularjs.settings.AngularSettings$Settings
17354:             1             32  org.apache.commons.logging.impl.WeakHashtable$WeakKey
17355:             1             32  org.apache.http.HttpHost
17356:             2             32  org.apache.http.client.protocol.RequestClientConnControl
17357:             2             32  org.apache.http.conn.ssl.BrowserCompatHostnameVerifier
17358:             1             32  org.apache.http.conn.ssl.SSLConnectionSocketFactory
17359:             1             32  org.apache.http.impl.conn.HttpClientConnectionOperator
17360:             1             32  org.apache.http.impl.conn.ManagedHttpClientConnectionFactory
17361:             1             32  org.apache.http.impl.conn.PoolingHttpClientConnectionManager
17362:             1             32  org.apache.http.impl.conn.PoolingHttpClientConnectionManager$ConfigData
17363:             1             32  org.apache.http.impl.execchain.RedirectExec
17364:             2             32  org.apache.http.message.BasicHeaderValueFormatter
17365:             2             32  org.apache.http.message.BasicHeaderValueParser
17366:             2             32  org.apache.http.message.BasicLineFormatter
17367:             2             32  org.apache.http.message.BasicLineParser
17368:             2             32  org.apache.http.protocol.RequestTargetHost
17369:             1             32  org.apache.log4j.PatternLayout
17370:             1             32  org.apache.velocity.runtime.VelocimacroManager
17371:             1             32  org.apache.velocity.runtime.directive.Evaluate
17372:             1             32  org.apache.velocity.runtime.directive.Macro
17373:             1             32  org.apache.velocity.runtime.log.LogDisplayWrapper
17374:             2             32  org.apache.xerces.impl.XMLDocumentScannerImpl$DTDDispatcher
17375:             2             32  org.apache.xerces.impl.XMLDocumentScannerImpl$PrologDispatcher
17376:             2             32  org.apache.xerces.impl.XMLDocumentScannerImpl$TrailingMiscDispatcher
17377:             2             32  org.apache.xerces.impl.XMLDocumentScannerImpl$XMLDeclDispatcher
17378:             1             32  org.apache.xerces.impl.XMLEntityScanner$1
17379:             2             32  org.apache.xerces.impl.dv.dtd.DTDDVFactoryImpl
17380:             2             32  org.apache.xerces.impl.dv.dtd.ENTITYDatatypeValidator
17381:             2             32  org.apache.xerces.impl.dv.xs.QNameDV
17382:             2             32  org.apache.xerces.impl.xpath.regex.Token
17383:             2             32  org.apache.xerces.parsers.AbstractSAXParser$AttributesProxy
17384:             2             32  org.apache.xerces.util.EntityResolverWrapper
17385:             2             32  org.apache.xerces.util.ErrorHandlerWrapper
17386:             1             32  org.coffeescript.lang.types.CoffeeScriptDoExpressionElementType
17387:             1             32  org.coffeescript.lang.types.CoffeeScriptForStatementElementType
17388:             1             32  org.coffeescript.lang.types.CoffeeScriptHeregexElementType
17389:             1             32  org.coffeescript.lang.types.CoffeeScriptRangeElementType
17390:             1             32  org.editorconfig.plugincomponents.ConfigProjectComponent$1
17391:             1             32  org.editorconfig.plugincomponents.SettingsProviderComponent
17392:             1             32  org.ini4j.spi.IniBuilder
17393:             1             32  org.ini4j.spi.UnicodeInputStreamReader
17394:             2             32  org.intellij.idea.lang.javascript.intention.bool.ComparisonPredicate
17395:             2             32  org.intellij.idea.lang.javascript.intention.bool.ConjunctionPredicate
17396:             2             32  org.intellij.images.fileTypes.impl.ImageFileTypeManagerImpl
17397:             2             32  org.intellij.images.options.impl.ImagesOptionsComponent$ExternalEditorPathActionListener
17398:             2             32  org.intellij.images.options.impl.ImagesOptionsComponent$LinkEnabledListener
17399:             1             32  org.intellij.j2ee.web.resin.ResinConfigurationProducer
17400:             1             32  org.intellij.lang.regexp.RegExpLanguage
17401:             2             32  org.intellij.lang.regexp.inspection.RedundantEscapeInspection$RemoveRedundantEscapeFix
17402:             1             32  org.intellij.lang.xpath.XPath2Language
17403:             2             32  org.intellij.lang.xpath.XPathFileType
17404:             1             32  org.intellij.lang.xpath.XPathLanguage
17405:             2             32  org.intellij.lang.xpath.xslt.impl.XsltConfigImpl
17406:             2             32  org.intellij.lang.xpath.xslt.impl.XsltReferenceContributor$XML$1
17407:             2             32  org.intellij.lang.xpath.xslt.impl.references.XsltReferenceProvider
17408:             1             32  org.intellij.lang.xpath.xslt.run.XsltConfigurationProducer
17409:             1             32  org.intellij.plugins.markdown.lang.MarkdownLanguage
17410:             1             32  org.intellij.plugins.markdown.ui.actions.editorLayout.CyclicSplitLayoutChangeAction
17411:             1             32  org.intellij.plugins.markdown.ui.actions.editorLayout.EditorAndPreviewLayoutChangeAction
17412:             1             32  org.intellij.plugins.markdown.ui.actions.editorLayout.EditorOnlyLayoutChangeAction
17413:             1             32  org.intellij.plugins.markdown.ui.actions.editorLayout.PreviewOnlyLayoutChangeAction
17414:             1             32  org.intellij.plugins.relaxNG.compact.RngCompactLanguage
17415:             2             32  org.intellij.plugins.relaxNG.references.PrefixReferenceProvider
17416:             2             32  org.intellij.plugins.relaxNG.validation.RngSchemaValidator
17417:             1             32  org.intellij.plugins.relaxNG.validation.ValidateAction
17418:             2             32  org.intellij.plugins.xpathView.support.jaxen.PsiDocumentNavigator
17419:             2             32  org.intellij.plugins.xpathView.support.jaxen.XPathSupportImpl$MySimpleNamespaceContext
17420:             2             32  org.intellij.plugins.xpathView.support.jaxen.XPathSupportImpl$MyXPathFunctionContext
17421:             1             32  org.intellij.plugins.xpathView.support.jaxen.extensions.FileExtensionFunction
17422:             1             32  org.intellij.plugins.xpathView.support.jaxen.extensions.FileNameFunction
17423:             1             32  org.intellij.plugins.xpathView.support.jaxen.extensions.FileTypeFunction
17424:             1             32  org.intellij.plugins.xpathView.support.jaxen.extensions.XPathFunctionProviderImpl$JaxenEndsWith
17425:             1             32  org.intellij.plugins.xpathView.support.jaxen.extensions.XPathFunctionProviderImpl$JaxenEvaluate
17426:             1             32  org.intellij.plugins.xpathView.support.jaxen.extensions.XPathFunctionProviderImpl$JaxenLower
17427:             1             32  org.intellij.plugins.xpathView.support.jaxen.extensions.XPathFunctionProviderImpl$JaxenUpper
17428:             1             32  org.intellij.plugins.xsltDebugger.XsltBreakpointType
17429:             2             32  org.intellij.plugins.xsltDebugger.impl.XsltDebuggerEditorsProvider
17430:             1             32  org.iq80.snappy.BufferRecycler
17431:             2             32  org.jaxen.SimpleVariableContext
17432:             2             32  org.jaxen.expr.DefaultLiteralExpr
17433:             2             32  org.jaxen.expr.DefaultRelativeLocationPath
17434:             2             32  org.jaxen.expr.DefaultXPathExpr
17435:             2             32  org.jaxen.expr.PredicateSet
17436:             2             32  org.jaxen.expr.iter.IterableAncestorAxis
17437:             2             32  org.jaxen.expr.iter.IterableAttributeAxis
17438:             2             32  org.jdom.DefaultJDOMFactory
17439:             2             32  org.jetbrains.android.AndroidFindUsagesHandlerFactory
17440:             2             32  org.jetbrains.android.AndroidLineMarkerProvider
17441:             1             32  org.jetbrains.android.actions.CreateResourceDirectoryAction
17442:             1             32  org.jetbrains.android.actions.RunAndroidAvdManagerAction
17443:             2             32  org.jetbrains.android.database.AndroidRemoteDataBaseManager$State
17444:             2             32  org.jetbrains.android.dom.AndroidXmlReferenceProvider
17445:             1             32  org.jetbrains.android.facet.AndroidFacetType
17446:             1             32  org.jetbrains.android.refactoring.AndroidExtractAsIncludeAction
17447:             1             32  org.jetbrains.android.refactoring.AndroidExtractStyleAction
17448:             1             32  org.jetbrains.android.refactoring.AndroidFindStyleApplicationsAction
17449:             1             32  org.jetbrains.android.refactoring.AndroidInlineIncludeAction
17450:             1             32  org.jetbrains.android.refactoring.AndroidInlineStyleReferenceAction
17451:             1             32  org.jetbrains.android.refactoring.UnusedResourcesAction
17452:             1             32  org.jetbrains.android.spellchecker.AndroidXmlSpellcheckingStrategy
17453:             1             32  org.jetbrains.idea.devkit.actions.NewActionAction
17454:             2             32  org.jetbrains.idea.devkit.dom.impl.I18nReferenceContributor$1
17455:             2             32  org.jetbrains.idea.devkit.references.IconsReferencesContributor
17456:             2             32  org.jetbrains.idea.maven.dom.MavenModelDocumentationProvider
17457:             1             32  org.jetbrains.idea.maven.dom.generate.GenerateDependencyAction
17458:             1             32  org.jetbrains.idea.maven.dom.generate.GenerateManagedDependencyAction
17459:             1             32  org.jetbrains.idea.maven.dom.generate.GenerateParentAction
17460:             1             32  org.jetbrains.idea.maven.dom.refactorings.extract.ExtractManagedDependenciesAction
17461:             1             32  org.jetbrains.idea.maven.dom.refactorings.introduce.IntroducePropertyAction
17462:             1             32  org.jetbrains.idea.maven.execution.MavenConfigurationProducer
17463:             1             32  org.jetbrains.idea.maven.ext.uml.MavenUmlProvider
17464:             2             32  org.jetbrains.idea.maven.importing.MavenPomPathModuleService$MavenPomPathState
17465:             1             32  org.jetbrains.idea.maven.indices.MavenIndices
17466:             2             32  org.jetbrains.idea.maven.plugins.api.MavenPluginParamReferenceContributor$MavenPluginParamRefProvider
17467:             2             32  org.jetbrains.idea.maven.project.MavenArtifactIndex
17468:             2             32  org.jetbrains.idea.maven.project.MavenProjectsManagerWatcher$5
17469:             1             32  org.jetbrains.idea.maven.project.MavenProjectsManagerWatcher$MyFileChangeListener
17470:             1             32  org.jetbrains.idea.maven.project.MavenProjectsTree$2
17471:             1             32  org.jetbrains.idea.maven.project.actions.DownloadAllDocsAction
17472:             1             32  org.jetbrains.idea.maven.project.actions.DownloadAllSourcesAction
17473:             1             32  org.jetbrains.idea.maven.project.actions.DownloadAllSourcesAndDocsAction
17474:             1             32  org.jetbrains.idea.maven.project.actions.DownloadSelectedDocsAction
17475:             1             32  org.jetbrains.idea.maven.project.actions.DownloadSelectedSourcesAction
17476:             1             32  org.jetbrains.idea.maven.project.actions.DownloadSelectedSourcesAndDocsAction
17477:             1             32  org.jetbrains.idea.maven.server.MavenServerManager$4
17478:             1             32  org.jetbrains.idea.maven.server.MavenServerManager$RemoteMavenServerDownloadListener
17479:             1             32  org.jetbrains.idea.maven.tasks.actions.ToggleAfterCompileTasksAction
17480:             1             32  org.jetbrains.idea.maven.tasks.actions.ToggleAfterRebuildTasksAction
17481:             1             32  org.jetbrains.idea.maven.tasks.actions.ToggleBeforeCompileTasksAction
17482:             1             32  org.jetbrains.idea.maven.tasks.actions.ToggleBeforeRebuildTasksAction
17483:             2             32  org.jetbrains.idea.maven.utils.MavenMergingUpdateQueue$1
17484:             2             32  org.jetbrains.idea.maven.utils.MavenMergingUpdateQueue$2
17485:             1             32  org.jetbrains.idea.maven.utils.MavenUIUtil$1
17486:             1             32  org.jetbrains.idea.svn.actions.IntegrateChangeSetAction
17487:             1             32  org.jetbrains.idea.tomcat.TomcatConfigurationProducer
17488:             1             32  org.jetbrains.io.PortUnificationServerHandler
17489:             1             32  org.jetbrains.java.decompiler.IdeaDecompiler
17490:             1             32  org.jetbrains.java.generate.GenerateToStringAction
17491:             2             32  org.jetbrains.java.generate.GenerateToStringActionHandlerImpl
17492:             2             32  org.jetbrains.jps.api.TaskFutureAdapter
17493:             2             32  org.jetbrains.jps.model.java.JavaResourceRootType
17494:             2             32  org.jetbrains.jps.model.java.JavaSourceRootType
17495:             1             32  org.jetbrains.kotlin.android.intention.AddActivityToManifest
17496:             1             32  org.jetbrains.kotlin.android.intention.AddBroadcastReceiverToManifest
17497:             1             32  org.jetbrains.kotlin.android.intention.AddServiceToManifest
17498:             1             32  org.jetbrains.kotlin.android.intention.ImplementParcelableAction
17499:             1             32  org.jetbrains.kotlin.android.intention.KotlinAndroidAddStringResource
17500:             1             32  org.jetbrains.kotlin.android.intention.RedoParcelableAction
17501:             1             32  org.jetbrains.kotlin.android.intention.RemoveParcelableAction
17502:             2             32  org.jetbrains.kotlin.builtins.KotlinBuiltIns$1
17503:             2             32  org.jetbrains.kotlin.builtins.KotlinBuiltIns$2
17504:             2             32  org.jetbrains.kotlin.builtins.KotlinBuiltIns$3
17505:             2             32  org.jetbrains.kotlin.builtins.KotlinBuiltIns$4
17506:             1             32  org.jetbrains.kotlin.config.LanguageVersionSettingsImpl
17507:             2             32  org.jetbrains.kotlin.descriptors.PackageFragmentProviderImpl
17508:             2             32  org.jetbrains.kotlin.descriptors.impl.AbstractTypeParameterDescriptor$2$1
17509:             2             32  org.jetbrains.kotlin.descriptors.impl.CompositePackageFragmentProvider
17510:             1             32  org.jetbrains.kotlin.descriptors.impl.EmptyPackageFragmentDescriptor
17511:             1             32  org.jetbrains.kotlin.descriptors.impl.ReceiverParameterDescriptorImpl
17512:             2             32  org.jetbrains.kotlin.idea.KotlinIconProvider
17513:             1             32  org.jetbrains.kotlin.idea.KotlinLanguage
17514:             2             32  org.jetbrains.kotlin.idea.KotlinQuickDocumentationProvider
17515:             1             32  org.jetbrains.kotlin.idea.actions.ShowKotlinBytecodeAction
17516:             1             32  org.jetbrains.kotlin.idea.actions.internal.FindImplicitNothingAction
17517:             1             32  org.jetbrains.kotlin.idea.caches.IDEKotlinBinaryClassCache$KotlinBinaryData
17518:             1             32  org.jetbrains.kotlin.idea.caches.PerModulePackageCacheService
17519:             1             32  org.jetbrains.kotlin.idea.caches.resolve.LibraryModificationTracker
17520:             2             32  org.jetbrains.kotlin.idea.completion.KotlinLookupElementProximityWeigher
17521:             2             32  org.jetbrains.kotlin.idea.editor.KotlinEditorOptions
17522:             2             32  org.jetbrains.kotlin.idea.editor.KotlinEditorOptionsConfigurable$$Lambda$1393/1802924103
17523:             2             32  org.jetbrains.kotlin.idea.editor.KotlinEditorOptionsConfigurable$$Lambda$1394/72854301
17524:             2             32  org.jetbrains.kotlin.idea.editor.KotlinEditorOptionsConfigurable$$Lambda$1395/1715915268
17525:             2             32  org.jetbrains.kotlin.idea.editor.KotlinEditorOptionsConfigurable$$Lambda$1396/1532950545
17526:             1             32  org.jetbrains.kotlin.idea.facet.KotlinFacetType
17527:             2             32  org.jetbrains.kotlin.idea.framework.CommonLibraryType
17528:             2             32  org.jetbrains.kotlin.idea.framework.KotlinSdkType
17529:             1             32  org.jetbrains.kotlin.idea.intentions.AddBracesIntention
17530:             1             32  org.jetbrains.kotlin.idea.intentions.AddJvmOverloadsIntention
17531:             1             32  org.jetbrains.kotlin.idea.intentions.AddMissingDestructuringIntention
17532:             1             32  org.jetbrains.kotlin.idea.intentions.AddNameToArgumentIntention
17533:             1             32  org.jetbrains.kotlin.idea.intentions.AddNamesToCallArgumentsIntention
17534:             1             32  org.jetbrains.kotlin.idea.intentions.AddOpenModifierIntention
17535:             1             32  org.jetbrains.kotlin.idea.intentions.AddOperatorModifierIntention
17536:             1             32  org.jetbrains.kotlin.idea.intentions.AddValVarToConstructorParameterAction$Intention
17537:             1             32  org.jetbrains.kotlin.idea.intentions.AnonymousFunctionToLambdaIntention
17538:             1             32  org.jetbrains.kotlin.idea.intentions.ConvertAssertToIfWithThrowIntention
17539:             1             32  org.jetbrains.kotlin.idea.intentions.ConvertBinaryExpressionWithDemorgansLawIntention
17540:             1             32  org.jetbrains.kotlin.idea.intentions.ConvertCamelCaseTestFunctionToSpacedIntention
17541:             1             32  org.jetbrains.kotlin.idea.intentions.ConvertClassToSealedClassIntention
17542:             1             32  org.jetbrains.kotlin.idea.intentions.ConvertEnumToSealedClassIntention
17543:             1             32  org.jetbrains.kotlin.idea.intentions.ConvertFunctionTypeParameterToReceiverIntention
17544:             1             32  org.jetbrains.kotlin.idea.intentions.ConvertFunctionTypeReceiverToParameterIntention
17545:             1             32  org.jetbrains.kotlin.idea.intentions.ConvertIfWithThrowToAssertIntention
17546:             1             32  org.jetbrains.kotlin.idea.intentions.ConvertNegatedBooleanSequenceIntention
17547:             1             32  org.jetbrains.kotlin.idea.intentions.ConvertObjectLiteralToClassIntention
17548:             1             32  org.jetbrains.kotlin.idea.intentions.ConvertParameterToReceiverIntention
17549:             1             32  org.jetbrains.kotlin.idea.intentions.ConvertPrimaryConstructorToSecondaryIntention
17550:             1             32  org.jetbrains.kotlin.idea.intentions.ConvertPropertyInitializerToGetterIntention
17551:             1             32  org.jetbrains.kotlin.idea.intentions.ConvertPropertyToFunctionIntention
17552:             1             32  org.jetbrains.kotlin.idea.intentions.ConvertRangeCheckToTwoComparisonsIntention
17553:             1             32  org.jetbrains.kotlin.idea.intentions.ConvertReceiverToParameterIntention
17554:             1             32  org.jetbrains.kotlin.idea.intentions.ConvertSealedClassToEnumIntention
17555:             1             32  org.jetbrains.kotlin.idea.intentions.ConvertToBlockBodyIntention
17556:             1             32  org.jetbrains.kotlin.idea.intentions.ConvertToConcatenatedStringIntention
17557:             1             32  org.jetbrains.kotlin.idea.intentions.ConvertToForEachFunctionCallIntention
17558:             1             32  org.jetbrains.kotlin.idea.intentions.ConvertToRawStringTemplateIntention
17559:             1             32  org.jetbrains.kotlin.idea.intentions.CreateKotlinSubClassIntention
17560:             1             32  org.jetbrains.kotlin.idea.intentions.DestructureIntention
17561:             1             32  org.jetbrains.kotlin.idea.intentions.ImplementAbstractMemberAsConstructorParameterIntention
17562:             1             32  org.jetbrains.kotlin.idea.intentions.ImplementAbstractMemberIntention
17563:             1             32  org.jetbrains.kotlin.idea.intentions.ImportAllMembersIntention
17564:             1             32  org.jetbrains.kotlin.idea.intentions.ImportMemberIntention
17565:             1             32  org.jetbrains.kotlin.idea.intentions.InfixCallToOrdinaryIntention
17566:             1             32  org.jetbrains.kotlin.idea.intentions.InsertCurlyBracesToTemplateIntention
17567:             1             32  org.jetbrains.kotlin.idea.intentions.InsertExplicitTypeArgumentsIntention
17568:             1             32  org.jetbrains.kotlin.idea.intentions.IntroduceBackingPropertyIntention
17569:             1             32  org.jetbrains.kotlin.idea.intentions.IntroduceVariableIntention
17570:             1             32  org.jetbrains.kotlin.idea.intentions.InvertIfConditionIntention
17571:             1             32  org.jetbrains.kotlin.idea.intentions.IterateExpressionIntention
17572:             1             32  org.jetbrains.kotlin.idea.intentions.MergeIfsIntention
17573:             1             32  org.jetbrains.kotlin.idea.intentions.MoveLambdaInsideParenthesesIntention
17574:             1             32  org.jetbrains.kotlin.idea.intentions.MoveLambdaOutsideParenthesesIntention
17575:             1             32  org.jetbrains.kotlin.idea.intentions.MoveMemberOutOfCompanionObjectIntention
17576:             1             32  org.jetbrains.kotlin.idea.intentions.MoveMemberToCompanionObjectIntention
17577:             1             32  org.jetbrains.kotlin.idea.intentions.MoveMemberToTopLevelIntention
17578:             1             32  org.jetbrains.kotlin.idea.intentions.MovePropertyToClassBodyIntention
17579:             1             32  org.jetbrains.kotlin.idea.intentions.MovePropertyToConstructorIntention
17580:             1             32  org.jetbrains.kotlin.idea.intentions.NullableBooleanEqualityCheckToElvisIntention
17581:             1             32  org.jetbrains.kotlin.idea.intentions.OperatorToFunctionIntention
17582:             1             32  org.jetbrains.kotlin.idea.intentions.ReconstructTypeInCastOrIsIntention
17583:             1             32  org.jetbrains.kotlin.idea.intentions.RemoveArgumentNameIntention
17584:             1             32  org.jetbrains.kotlin.idea.intentions.RemoveBracesIntention
17585:             1             32  org.jetbrains.kotlin.idea.intentions.RemoveExplicitLambdaParameterTypesIntention
17586:             1             32  org.jetbrains.kotlin.idea.intentions.RemoveExplicitTypeIntention
17587:             1             32  org.jetbrains.kotlin.idea.intentions.RemoveUnnecessaryParenthesesIntention
17588:             1             32  org.jetbrains.kotlin.idea.intentions.RenameFileToMatchClassIntention
17589:             1             32  org.jetbrains.kotlin.idea.intentions.ReplaceItWithExplicitFunctionLiteralParamIntention
17590:             1             32  org.jetbrains.kotlin.idea.intentions.ReplaceSubstringWithDropLastIntention
17591:             1             32  org.jetbrains.kotlin.idea.intentions.ReplaceSubstringWithIndexingOperationIntention
17592:             1             32  org.jetbrains.kotlin.idea.intentions.ReplaceSubstringWithSubstringAfterIntention
17593:             1             32  org.jetbrains.kotlin.idea.intentions.ReplaceSubstringWithSubstringBeforeIntention
17594:             1             32  org.jetbrains.kotlin.idea.intentions.ReplaceSubstringWithTakeIntention
17595:             1             32  org.jetbrains.kotlin.idea.intentions.ReplaceUnderscoreWithParameterNameIntention
17596:             1             32  org.jetbrains.kotlin.idea.intentions.ReplaceUntilWithRangeToIntention
17597:             1             32  org.jetbrains.kotlin.idea.intentions.ReplaceWithOrdinaryAssignmentIntention
17598:             1             32  org.jetbrains.kotlin.idea.intentions.SpecifyExplicitLambdaSignatureIntention
17599:             1             32  org.jetbrains.kotlin.idea.intentions.SpecifyTypeExplicitlyInDestructuringAssignmentIntention
17600:             1             32  org.jetbrains.kotlin.idea.intentions.SplitIfIntention
17601:             1             32  org.jetbrains.kotlin.idea.intentions.SwapBinaryExpressionIntention
17602:             1             32  org.jetbrains.kotlin.idea.intentions.SwapStringEqualsIgnoreCaseIntention
17603:             1             32  org.jetbrains.kotlin.idea.intentions.ToInfixCallIntention
17604:             1             32  org.jetbrains.kotlin.idea.intentions.ToOrdinaryStringLiteralIntention
17605:             1             32  org.jetbrains.kotlin.idea.intentions.ToRawStringLiteralIntention
17606:             1             32  org.jetbrains.kotlin.idea.intentions.ValToObjectIntention
17607:             1             32  org.jetbrains.kotlin.idea.intentions.branchedTransformations.intentions.DoubleBangToIfThenIntention
17608:             1             32  org.jetbrains.kotlin.idea.intentions.branchedTransformations.intentions.EliminateWhenSubjectIntention
17609:             1             32  org.jetbrains.kotlin.idea.intentions.branchedTransformations.intentions.ElvisToIfThenIntention
17610:             1             32  org.jetbrains.kotlin.idea.intentions.branchedTransformations.intentions.FlattenWhenIntention
17611:             1             32  org.jetbrains.kotlin.idea.intentions.branchedTransformations.intentions.FoldIfToReturnAsymmetricallyIntention
17612:             1             32  org.jetbrains.kotlin.idea.intentions.branchedTransformations.intentions.IfThenToDoubleBangIntention
17613:             1             32  org.jetbrains.kotlin.idea.intentions.branchedTransformations.intentions.IfToWhenIntention
17614:             1             32  org.jetbrains.kotlin.idea.intentions.branchedTransformations.intentions.MergeWhenIntention
17615:             1             32  org.jetbrains.kotlin.idea.intentions.branchedTransformations.intentions.SafeAccessToIfThenIntention
17616:             1             32  org.jetbrains.kotlin.idea.intentions.branchedTransformations.intentions.UnfoldAssignmentToIfIntention
17617:             1             32  org.jetbrains.kotlin.idea.intentions.branchedTransformations.intentions.UnfoldAssignmentToWhenIntention
17618:             1             32  org.jetbrains.kotlin.idea.intentions.branchedTransformations.intentions.UnfoldPropertyToIfIntention
17619:             1             32  org.jetbrains.kotlin.idea.intentions.branchedTransformations.intentions.UnfoldPropertyToWhenIntention
17620:             1             32  org.jetbrains.kotlin.idea.intentions.branchedTransformations.intentions.UnfoldReturnToIfIntention
17621:             1             32  org.jetbrains.kotlin.idea.intentions.branchedTransformations.intentions.UnfoldReturnToWhenIntention
17622:             1             32  org.jetbrains.kotlin.idea.intentions.branchedTransformations.intentions.WhenToIfIntention
17623:             1             32  org.jetbrains.kotlin.idea.intentions.conventionNameCalls.ReplaceCallWithUnaryOperatorIntention
17624:             1             32  org.jetbrains.kotlin.idea.intentions.conventionNameCalls.ReplaceContainsIntention
17625:             1             32  org.jetbrains.kotlin.idea.intentions.conventionNameCalls.ReplaceInvokeIntention
17626:             1             32  org.jetbrains.kotlin.idea.intentions.copyConcatenatedStringToClipboard.CopyConcatenatedStringToClipboardIntention
17627:             1             32  org.jetbrains.kotlin.idea.intentions.declarations.ConvertMemberToExtensionIntention
17628:             1             32  org.jetbrains.kotlin.idea.intentions.declarations.SplitPropertyDeclarationIntention
17629:             2             32  org.jetbrains.kotlin.idea.java.UnimplementedKotlinInterfaceMemberAnnotator
17630:             1             32  org.jetbrains.kotlin.idea.maven.actions.GenerateMavenCompileExecutionAction
17631:             1             32  org.jetbrains.kotlin.idea.maven.actions.GenerateMavenPluginAction
17632:             1             32  org.jetbrains.kotlin.idea.maven.actions.GenerateMavenTestCompileExecutionAction
17633:             1             32  org.jetbrains.kotlin.idea.quickfix.AddConstModifierIntention
17634:             1             32  org.jetbrains.kotlin.idea.refactoring.move.changePackage.ChangePackageIntention
17635:             1             32  org.jetbrains.kotlin.idea.refactoring.move.moveDeclarations.MoveDeclarationToSeparateFileIntention
17636:             1             32  org.jetbrains.kotlin.idea.run.KotlinRunConfigurationType
17637:             1             32  org.jetbrains.kotlin.idea.run.script.standalone.KotlinStandaloneScriptRunConfigurationType
17638:             2             32  org.jetbrains.kotlin.idea.search.ideaExtensions.KotlinReadWriteAccessDetector
17639:             2             32  org.jetbrains.kotlin.idea.search.ideaExtensions.KotlinTargetElementEvaluator
17640:             1             32  org.jetbrains.kotlin.idea.spring.generate.GenerateKotlinSpringBeanXmlDependencyAction$Constructor
17641:             1             32  org.jetbrains.kotlin.idea.spring.generate.GenerateKotlinSpringBeanXmlDependencyAction$LateinitProperty
17642:             1             32  org.jetbrains.kotlin.idea.spring.generate.GenerateKotlinSpringBeanXmlDependencyAction$Setter
17643:             1             32  org.jetbrains.kotlin.idea.spring.lineMarking.KotlinSpringClassAnnotator
17644:             2             32  org.jetbrains.kotlin.idea.stubindex.KotlinAnnotationsIndex
17645:             2             32  org.jetbrains.kotlin.idea.stubindex.KotlinClassShortNameIndex
17646:             2             32  org.jetbrains.kotlin.idea.stubindex.KotlinExactPackagesIndex
17647:             2             32  org.jetbrains.kotlin.idea.stubindex.KotlinFileFacadeClassByPackageIndex
17648:             2             32  org.jetbrains.kotlin.idea.stubindex.KotlinFileFacadeFqNameIndex
17649:             2             32  org.jetbrains.kotlin.idea.stubindex.KotlinFileFacadeShortNameIndex
17650:             2             32  org.jetbrains.kotlin.idea.stubindex.KotlinFilePartClassIndex
17651:             2             32  org.jetbrains.kotlin.idea.stubindex.KotlinFullClassNameIndex
17652:             2             32  org.jetbrains.kotlin.idea.stubindex.KotlinFunctionShortNameIndex
17653:             2             32  org.jetbrains.kotlin.idea.stubindex.KotlinMultifileClassPartIndex
17654:             2             32  org.jetbrains.kotlin.idea.stubindex.KotlinOverridableInternalMembersShortNameIndex
17655:             2             32  org.jetbrains.kotlin.idea.stubindex.KotlinProbablyNothingFunctionShortNameIndex
17656:             2             32  org.jetbrains.kotlin.idea.stubindex.KotlinProbablyNothingPropertyShortNameIndex
17657:             2             32  org.jetbrains.kotlin.idea.stubindex.KotlinPropertyShortNameIndex
17658:             2             32  org.jetbrains.kotlin.idea.stubindex.KotlinScriptFqnIndex
17659:             2             32  org.jetbrains.kotlin.idea.stubindex.KotlinSuperClassIndex
17660:             2             32  org.jetbrains.kotlin.idea.stubindex.KotlinTopLevelClassByPackageIndex
17661:             2             32  org.jetbrains.kotlin.idea.stubindex.KotlinTopLevelExtensionsByReceiverTypeIndex
17662:             2             32  org.jetbrains.kotlin.idea.stubindex.KotlinTopLevelFunctionByPackageIndex
17663:             2             32  org.jetbrains.kotlin.idea.stubindex.KotlinTopLevelFunctionFqnNameIndex
17664:             2             32  org.jetbrains.kotlin.idea.stubindex.KotlinTopLevelPropertyByPackageIndex
17665:             2             32  org.jetbrains.kotlin.idea.stubindex.KotlinTopLevelPropertyFqnNameIndex
17666:             2             32  org.jetbrains.kotlin.idea.stubindex.KotlinTopLevelTypeAliasByPackageIndex
17667:             2             32  org.jetbrains.kotlin.idea.stubindex.KotlinTopLevelTypeAliasFqNameIndex
17668:             2             32  org.jetbrains.kotlin.idea.stubindex.KotlinTypeAliasByExpansionShortNameIndex
17669:             2             32  org.jetbrains.kotlin.idea.stubindex.KotlinTypeAliasShortNameIndex
17670:             1             32  org.jetbrains.kotlin.idea.testIntegration.KotlinCreateTestIntention
17671:             2             32  org.jetbrains.kotlin.idea.vfilefinder.KotlinJvmModuleAnnotationsIndex
17672:             2             32  org.jetbrains.kotlin.idea.vfilefinder.KotlinModuleMappingIndex
17673:             2             32  org.jetbrains.kotlin.idea.vfilefinder.KotlinPackageSourcesMemberNamesIndex
17674:             2             32  org.jetbrains.kotlin.load.java.typeEnhancement.EnhancedTypeAnnotations
17675:             2             32  org.jetbrains.kotlin.load.kotlin.BinaryModuleData
17676:             1             32  org.jetbrains.kotlin.load.kotlin.KotlinBinaryClassCache$RequestCache
17677:             1             32  org.jetbrains.kotlin.parsing.KotlinExpressionParsing$Precedence$1
17678:             1             32  org.jetbrains.kotlin.parsing.KotlinExpressionParsing$Precedence$2
17679:             1             32  org.jetbrains.kotlin.parsing.KotlinExpressionParsing$Precedence$3
17680:             1             32  org.jetbrains.kotlin.protobuf.WireFormat$FieldType$1
17681:             1             32  org.jetbrains.kotlin.protobuf.WireFormat$FieldType$2
17682:             1             32  org.jetbrains.kotlin.protobuf.WireFormat$FieldType$3
17683:             1             32  org.jetbrains.kotlin.protobuf.WireFormat$FieldType$4
17684:             1             32  org.jetbrains.kotlin.resolve.BindingContext$2
17685:             1             32  org.jetbrains.kotlin.resolve.BindingContext$3
17686:             2             32  org.jetbrains.kotlin.resolve.BindingTraceFilter
17687:             2             32  org.jetbrains.kotlin.resolve.MultiTargetPlatform$Specific
17688:             2             32  org.jetbrains.kotlin.resolve.calls.checkers.ReifiedTypeParameterSubstitutionChecker
17689:             1             32  org.jetbrains.kotlin.resolve.jvm.KotlinJavaPsiFacade
17690:             1             32  org.jetbrains.kotlin.resolve.jvm.KotlinJavaPsiFacade$1
17691:             2             32  org.jetbrains.kotlin.resolve.jvm.KotlinJavaPsiFacade$KotlinPsiElementFinderWrapperImplDumbAware
17692:             1             32  org.jetbrains.kotlin.serialization.ProtoBuf$Contract
17693:             1             32  org.jetbrains.kotlin.serialization.ProtoBuf$VersionRequirementTable
17694:             2             32  org.jetbrains.kotlin.serialization.deserialization.DeserializedClassDataFinder
17695:             2             32  org.jetbrains.kotlin.serialization.deserialization.descriptors.DeserializedAnnotations
17696:             1             32  org.jetbrains.kotlin.serialization.js.JsProtoBuf$Files
17697:             2             32  org.jetbrains.kotlin.types.DynamicTypesSettings
17698:             2             32  org.jetbrains.kotlin.types.NullableSimpleType
17699:             2             32  org.jetbrains.kotlin.types.TypeUtils$SpecialType
17700:             1             32  org.jetbrains.kotlin.util.CounterWithExclude
17701:             1             32  org.jetbrains.kotlin.util.ReenterableCounter
17702:             1             32  org.jetbrains.kotlin.util.SimpleCounter
17703:             1             32  org.jetbrains.lang.manifest.ManifestLanguage
17704:             1             32  org.jetbrains.osgi.bnd.run.BndRunConfigurationType
17705:             2             32  org.jetbrains.plugins.cucumber.groovy.steps.search.GrStepFindUsageHandlerFactory
17706:             1             32  org.jetbrains.plugins.cucumber.psi.GherkinLanguage
17707:             1             32  org.jetbrains.plugins.gradle.action.GradleRefreshProjectDependenciesAction
17708:             2             32  org.jetbrains.plugins.gradle.codeInsight.ConfigurationsCompletionContributor$ConfigurationsCompletionProvider
17709:             1             32  org.jetbrains.plugins.gradle.codeInsight.actions.AddGradleDslPluginAction
17710:             1             32  org.jetbrains.plugins.gradle.internal.daemon.ShowGradleDaemonsAction
17711:             2             32  org.jetbrains.plugins.grails.GrailsPluginFieldCompletionProvider
17712:             2             32  org.jetbrains.plugins.grails.GrailsStaticFieldCompletionProvider
17713:             2             32  org.jetbrains.plugins.grails.GspCompletionContributor
17714:             2             32  org.jetbrains.plugins.grails.GspCompletionContributor$1
17715:             2             32  org.jetbrains.plugins.grails.GspCompletionContributor$2
17716:             1             32  org.jetbrains.plugins.grails.GspTemplateContextType
17717:             1             32  org.jetbrains.plugins.grails.actions.NewGrailsControllerAction
17718:             1             32  org.jetbrains.plugins.grails.actions.NewGrailsDomainClassAction
17719:             1             32  org.jetbrains.plugins.grails.actions.NewGrailsFilterAction
17720:             1             32  org.jetbrains.plugins.grails.actions.NewGrailsInterceptorAction
17721:             1             32  org.jetbrains.plugins.grails.actions.NewGrailsScriptAction
17722:             1             32  org.jetbrains.plugins.grails.actions.NewGrailsServiceAction
17723:             1             32  org.jetbrains.plugins.grails.actions.NewGrailsTagLibAction
17724:             1             32  org.jetbrains.plugins.grails.runner.GrailsDebuggerRunner
17725:             1             32  org.jetbrains.plugins.grails.structure.GrailsApplicationManager
17726:             1             32  org.jetbrains.plugins.grails.structure.GrailsApplicationManagerRefresher$2
17727:             1             32  org.jetbrains.plugins.groovy.GroovyLanguage
17728:             1             32  org.jetbrains.plugins.groovy.actions.ConvertToJavaAction
17729:             1             32  org.jetbrains.plugins.groovy.actions.ConvertToStaticAction
17730:             1             32  org.jetbrains.plugins.groovy.actions.NewGroovyClassAction
17731:             1             32  org.jetbrains.plugins.groovy.actions.NewScriptAction
17732:             1             32  org.jetbrains.plugins.groovy.actions.generate.accessors.GroovyGenerateGetterAction
17733:             1             32  org.jetbrains.plugins.groovy.actions.generate.accessors.GroovyGenerateGetterSetterAction
17734:             1             32  org.jetbrains.plugins.groovy.actions.generate.accessors.GroovyGenerateSetterAction
17735:             1             32  org.jetbrains.plugins.groovy.actions.generate.constructors.GroovyGenerateConstructorAction
17736:             1             32  org.jetbrains.plugins.groovy.actions.generate.equals.GroovyGenerateEqualsAction
17737:             1             32  org.jetbrains.plugins.groovy.actions.generate.equals.GroovyGenerateEqualsHandler
17738:             1             32  org.jetbrains.plugins.groovy.actions.generate.missing.GroovyGenerateMethodMissingAction
17739:             1             32  org.jetbrains.plugins.groovy.actions.generate.missing.GroovyGeneratePropertyMissingAction
17740:             1             32  org.jetbrains.plugins.groovy.actions.generate.tostring.GroovyGenerateToStringAction
17741:             2             32  org.jetbrains.plugins.groovy.intentions.control.ComparisonPredicate
17742:             2             32  org.jetbrains.plugins.groovy.intentions.control.ConjunctionPredicate
17743:             2             32  org.jetbrains.plugins.groovy.lang.completion.GroovyConfigSlurperCompletionProvider
17744:             1             32  org.jetbrains.plugins.groovy.lang.psi.patterns.GroovyElementPattern$1
17745:             2             32  org.jetbrains.plugins.groovy.lang.psi.stubs.index.GrFullClassNameIndex
17746:             2             32  org.jetbrains.plugins.groovy.lang.psi.stubs.index.GrFullScriptNameIndex
17747:             1             32  org.jetbrains.plugins.groovy.runner.GroovyScriptRunConfigurationProducer
17748:             2             32  org.jetbrains.plugins.groovy.util.LightCacheKey$2
17749:             1             32  org.jetbrains.plugins.haml.HAMLLanguage
17750:             1             32  org.jetbrains.plugins.javaFX.css.JavaFxCSSElementDescriptionProvider
17751:             2             32  org.jetbrains.plugins.javaFX.fxml.JavaFxNamespaceDataProvider
17752:             2             32  org.jetbrains.plugins.javaFX.fxml.codeInsight.JavaFxRelatedItemLineMarkerProvider
17753:             1             32  org.jetbrains.plugins.less.LESSLanguage
17754:             2             32  org.jetbrains.plugins.less.completion.provider.LessMixinCompletionProvider
17755:             2             32  org.jetbrains.plugins.less.completion.provider.LessNamespaceCompletionProvider
17756:             1             32  org.jetbrains.plugins.less.descriptors.LessElementDescriptorProvider
17757:             1             32  org.jetbrains.plugins.less.psi.stubs.types.LessParameterListStubElementType
17758:             1             32  org.jetbrains.plugins.less.psi.stubs.types.LessParameterStubElementType
17759:             1             32  org.jetbrains.plugins.less.psi.stubs.types.LessPrimitiveMixinStubElementType
17760:             1             32  org.jetbrains.plugins.less.psi.stubs.types.LessRegularMixinStubElementType
17761:             1             32  org.jetbrains.plugins.less.psi.stubs.types.LessVariableDeclarationStubElementType
17762:             1             32  org.jetbrains.plugins.sass.SASSLanguage
17763:             2             32  org.jetbrains.plugins.sass.extensions.SassRubyIntegrationHelperImpl
17764:             1             32  org.jetbrains.plugins.sass.psi.stubs.types.SassMixinDeclarationStubElementType
17765:             1             32  org.jetbrains.plugins.scss.SCSSLanguage
17766:             2             32  org.jetbrains.plugins.scss.copyright.SassScssCopyrightsProvider
17767:             2             32  org.jetbrains.plugins.scss.editor.SCSSCommenter
17768:             1             32  org.jetbrains.plugins.scss.inspections.SassScssElementDescriptorProvider
17769:             1             32  org.jetbrains.plugins.scss.psi.stubs.types.SassScssParameterListStubElementType
17770:             1             32  org.jetbrains.plugins.scss.psi.stubs.types.SassScssParameterStubElementType
17771:             1             32  org.jetbrains.plugins.scss.psi.stubs.types.ScssFunctionDeclarationStubElementType
17772:             1             32  org.jetbrains.plugins.scss.psi.stubs.types.ScssMixinDeclarationStubElementType
17773:             1             32  org.jetbrains.plugins.scss.psi.stubs.types.ScssPlaceholderSelectorStubElementType
17774:             1             32  org.jetbrains.plugins.scss.psi.stubs.types.ScssVariableDeclarationStubElementType
17775:             1             32  org.jetbrains.plugins.stylus.StylusLanguage
17776:             2             32  org.jetbrains.plugins.stylus.completion.StylusPropertyNamesCompletionProvider
17777:             1             32  org.jetbrains.plugins.stylus.psi.stubs.types.StylusMixinStubElementType
17778:             1             32  org.jetbrains.plugins.stylus.psi.stubs.types.StylusVariableDeclarationStubElementType
17779:             2             32  org.jetbrains.plugins.terminal.TerminalProjectOptionsProvider$State
17780:             2             32  org.jetbrains.plugins.terminal.TerminalView$4
17781:             1             32  org.jetbrains.plugins.terminal.TerminalView$CloseSession
17782:             1             32  org.jetbrains.plugins.terminal.TerminalView$NewSession
17783:             1             32  org.jetbrains.settingsRepository.actions.MergeAction
17784:             1             32  org.jetbrains.settingsRepository.actions.ResetToMyAction
17785:             1             32  org.jetbrains.settingsRepository.actions.ResetToTheirsAction
17786:             1             32  org.jetbrains.uast.UastContext$Companion$CONTEXT_LANGUAGE$1
17787:             2             32  org.jetbrains.uast.kotlin.KotlinUastLanguagePlugin
17788:             1             32  org.jetbrains.w3validators.css.W3CssValidatorInspection
17789:             1             32  org.jetbrains.yaml.YAMLLanguage
17790:             2             32  org.kohsuke.rngom.ast.builder.GrammarSection$Combine
17791:             1             32  org.osmorc.facet.OsgiCoreLibraryType
17792:             1             32  org.osmorc.facet.OsmorcFacetType
17793:             1             32  org.osmorc.facet.OsmorcFrameworkDetector
17794:             2             32  org.osmorc.manifest.completion.HeaderParametersProvider
17795:             1             32  org.osmorc.run.OsgiConfigurationType
17796:             1             32  org.xml.sax.InputSource
17797:             1             32  org.xml.sax.helpers.LocatorImpl
17798:             2             32  org.yaml.snakeyaml.representer.SafeRepresenter$RepresentDate
17799:             2             32  org.yaml.snakeyaml.representer.SafeRepresenter$RepresentString
17800:             2             32  org.zeroturnaround.bundled.org.bouncycastle.jcajce.provider.asymmetric.dh.KeyFactorySpi
17801:             1             32  org.zeroturnaround.bundled.org.bouncycastle.jce.provider.BouncyCastleProviderConfiguration
17802:             1             32  org.zeroturnaround.common.options.FileOption
17803:             1             32  org.zeroturnaround.common.options.Option$1
17804:             1             32  org.zeroturnaround.javarebel.reporting.backend.impl.BrowserController
17805:             1             32  org.zeroturnaround.javarebel.reporting.backend.impl.SegmentIOBackend
17806:             1             32  org.zeroturnaround.javarebel.reporting.model.JRebelMetadata
17807:             1             32  org.zeroturnaround.javarebel.reporting.model.UserMetadata
17808:             1             32  org.zeroturnaround.jrebel.client.JRebelJar
17809:             2             32  org.zeroturnaround.jrebel.client.licensing.JRebelLicensingCLI
17810:             1             32  org.zeroturnaround.jrebel.client.licensing.LicensingStatus
17811:             1             32  org.zeroturnaround.jrebel.client.nightly.NightlyDownloadManager
17812:             1             32  org.zeroturnaround.jrebel.client.nightly.NightlyLookup
17813:             1             32  org.zeroturnaround.jrebel.ide.common.notifications.LicenseNotifier
17814:             1             32  org.zeroturnaround.jrebel.ide.common.ui.activation.LiveTrialInfo
17815:             1             32  org.zeroturnaround.jrebel.ide.common.utils.AutoRenewOfflineSeatScheduler
17816:             1             32  org.zmlx.hg4idea.action.HgAbortRebaseAction
17817:             1             32  org.zmlx.hg4idea.action.HgCommitAndPushExecutorAction
17818:             1             32  org.zmlx.hg4idea.action.HgContinueGraftAction
17819:             1             32  org.zmlx.hg4idea.action.HgContinueRebaseAction
17820:             1             32  org.zmlx.hg4idea.action.HgInit
17821:             1             32  sun.awt.PostEventQueue
17822:             2             32  sun.awt.RepaintArea
17823:             2             32  sun.awt.SunDisplayChanger
17824:             1             32  sun.awt.Win32GraphicsConfig
17825:             1             32  sun.awt.image.FetcherInfo
17826:             1             32  sun.awt.windows.WDesktopProperties
17827:             1             32  sun.awt.windows.WGlobalCursorManager
17828:             1             32  sun.font.GlyphLayout$GVData
17829:             1             32  sun.font.TextRecord
17830:             1             32  sun.instrument.InstrumentationImpl
17831:             1             32  sun.java2d.ReentrantContextProviderTL$1
17832:             1             32  sun.java2d.marlin.MarlinTileGenerator
17833:             1             32  sun.java2d.marlin.TransformingPathConsumer2D
17834:             2             32  sun.java2d.pipe.SpanShapeRenderer$Composite
17835:             1             32  sun.management.MappedMXBeanType$InProgress
17836:             1             32  sun.net.www.http.KeepAliveStreamCleaner
17837:             1             32  sun.net.www.protocol.https.Handler
17838:             1             32  sun.nio.ch.Iocp$CompletionStatus
17839:             2             32  sun.nio.ch.SocketDispatcher
17840:             1             32  sun.nio.cs.StandardCharsets
17841:             1             32  sun.nio.fs.WindowsFileSystem
17842:             1             32  sun.reflect.UnsafeCharacterFieldAccessorImpl
17843:             1             32  sun.reflect.UnsafeQualifiedFloatFieldAccessorImpl
17844:             1             32  sun.reflect.UnsafeQualifiedIntegerFieldAccessorImpl
17845:             2             32  sun.rmi.server.MarshalOutputStream$1
17846:             1             32  sun.rmi.transport.DGCImpl$LeaseInfo
17847:             2             32  sun.rmi.transport.DGCImpl_Stub
17848:             1             32  sun.rmi.transport.proxy.RMIMasterSocketFactory
17849:             1             32  sun.rmi.transport.tcp.TCPTransport
17850:             1             32  sun.rmi.transport.tcp.TCPTransport$AcceptLoop
17851:             1             32  sun.security.provider.PolicyFile
17852:             1             32  sun.security.provider.PolicyFile$PolicyInfo
17853:             2             32  sun.security.ssl.SSLAlgorithmDecomposer
17854:             2             32  sun.security.util.AlgorithmDecomposer
17855:             2             32  sun.security.util.HostnameChecker
17856:             1             32  sun.security.x509.AuthorityInfoAccessExtension
17857:             1             32  sun.security.x509.IssuerAlternativeNameExtension
17858:             2             32  sun.security.x509.RFC822Name
17859:             1             32  sun.security.x509.SubjectAlternativeNameExtension
17860:             1             32  sun.swing.FilePane$9
17861:             1             32  sun.text.CompactByteArray
17862:             1             32  sun.text.normalizer.UBiDiProps
17863:             1             24  [Lcn.yiiguxing.plugin.translate.WindowOption;
17864:             1             24  [Lcn.yiiguxing.plugin.translate.ui.StyledDictViewer$EntryType;
17865:             1             24  [Lcn.yiiguxing.plugin.translate.ui.StyledDictViewer$StyleConstant;
17866:             1             24  [Lcn.yiiguxing.plugin.translate.util.SelectionMode;
17867:             1             24  [Lcom.android.flags.ImmutableFlagOverrides;
17868:             1             24  [Lcom.android.tools.idea.databinding.config.DataBindingConfiguration$CodeNavigationMode;
17869:             1             24  [Lcom.android.tools.idea.gradle.plugin.AndroidPluginGeneration;
17870:             1             24  [Lcom.android.tools.idea.project.FeatureEnableService;
17871:             1             24  [Lcom.google.common.cache.CacheBuilder$NullListener;
17872:             1             24  [Lcom.google.common.cache.CacheBuilder$OneWeigher;
17873:             1             24  [Lcom.google.common.cache.LocalCache$NullEntry;
17874:             1             24  [Lcom.google.gson.LongSerializationPolicy;
17875:             1             24  [Lcom.google.gson.LongSerializationPolicy;
17876:             1             24  [Lcom.intellij.application.options.OptionsApplicabilityFilter;
17877:             1             24  [Lcom.intellij.application.options.PathMacroExpandableProtocolBean;
17878:             1             24  [Lcom.intellij.codeInsight.CustomExceptionHandler;
17879:             1             24  [Lcom.intellij.codeInsight.ImportFilter;
17880:             1             24  [Lcom.intellij.codeInsight.TargetElementUtilExtender;
17881:             1             24  [Lcom.intellij.codeInsight.completion.CompletionPreselectSkipper;
17882:             1             24  [Lcom.intellij.codeInsight.completion.CompletionPreselectionBehaviourProvider;
17883:             1             24  [Lcom.intellij.codeInsight.daemon.ProjectSdkSetupValidator;
17884:             1             24  [Lcom.intellij.codeInsight.daemon.impl.HighlightRangeExtension;
17885:             1             24  [Lcom.intellij.codeInsight.daemon.impl.SeveritiesProvider;
17886:             1             24  [Lcom.intellij.codeInsight.daemon.impl.actions.GotoElementUnderCaretUsageBase$Direction;
17887:             1             24  [Lcom.intellij.codeInsight.daemon.impl.quickfix.AddMethodQualifierFix$SearchMode;
17888:             1             24  [Lcom.intellij.codeInsight.daemon.impl.quickfix.StaticMembersProcessor$SearchMode;
17889:             1             24  [Lcom.intellij.codeInsight.editorActions.CommentCompleteHandler;
17890:             1             24  [Lcom.intellij.codeInsight.generation.GetterSetterPrototypeProvider;
17891:             1             24  [Lcom.intellij.codeInsight.intention.impl.SortContentAction$ExpressionSortableList;
17892:             1             24  [Lcom.intellij.codeInsight.javadoc.DocumentationDelegateProvider;
17893:             1             24  [Lcom.intellij.codeInsight.javadoc.JavaDocInfoGenerator$SignaturePlace;
17894:             1             24  [Lcom.intellij.codeInsight.navigation.AbstractDocumentationTooltipAction;
17895:             1             24  [Lcom.intellij.codeInsight.preview.ElementPreviewProvider;
17896:             1             24  [Lcom.intellij.codeInsight.quickfix.ChangeVariableTypeQuickFixProvider;
17897:             1             24  [Lcom.intellij.codeInsight.template.CustomLiveTemplate;
17898:             1             24  [Lcom.intellij.codeInsight.template.Template$Property;
17899:             1             24  [Lcom.intellij.codeInsight.template.TemplateSubstitutor;
17900:             1             24  [Lcom.intellij.codeInsight.template.impl.ShortenToStaticImportProcessor$StaticImporter;
17901:             1             24  [Lcom.intellij.codeInsight.template.impl.TemplatePreprocessor;
17902:             1             24  [Lcom.intellij.codeInspection.AnonymousHasLambdaAlternativeInspection$AnonymousLambdaAlternative;
17903:             1             24  [Lcom.intellij.codeInspection.InspectionToolProvider;
17904:             1             24  [Lcom.intellij.codeInspection.bulkOperation.BulkMethodInfoProvider;
17905:             1             24  [Lcom.intellij.codeInspection.java18StreamApi.PseudoLambdaReplaceTemplate$LambdaRole;
17906:             1             24  [Lcom.intellij.codeInspection.reference.UnusedDeclarationFixProvider;
17907:             1             24  [Lcom.intellij.compiler.ModuleSourceSet$Type;
17908:             1             24  [Lcom.intellij.compiler.backwardRefs.CompilerHierarchySearchType;
17909:             1             24  [Lcom.intellij.compiler.backwardRefs.CompilerReferenceServiceImpl$ElementPlace;
17910:             1             24  [Lcom.intellij.compiler.backwardRefs.CompilerReferenceServiceImpl$IndexOpenReason;
17911:             1             24  [Lcom.intellij.compiler.backwardRefs.LanguageLightRefAdapter;
17912:             1             24  [Lcom.intellij.concurrency.JobLauncherImpl$VoidForkJoinTask$Status;
17913:             1             24  [Lcom.intellij.credentialStore.kdbx.KdbxHeader$CompressionFlags;
17914:             1             24  [Lcom.intellij.database.csv.CsvFormat;
17915:             1             24  [Lcom.intellij.database.csv.CsvRecordFormat$QuotationPolicy;
17916:             1             24  [Lcom.intellij.database.settings.DatabaseParameterPatternProvider;
17917:             1             24  [Lcom.intellij.debugger.engine.JavaDebugAware;
17918:             1             24  [Lcom.intellij.debugger.memory.tracking.TrackingType;
17919:             1             24  [Lcom.intellij.debugger.streams.lib.LibrarySupportProvider;
17920:             1             24  [Lcom.intellij.diagnostic.DebugLogManager$DebugLogLevel;
17921:             1             24  [Lcom.intellij.diff.DiffExtension;
17922:             1             24  [Lcom.intellij.diff.impl.DiffToolSubstitutor;
17923:             1             24  [Lcom.intellij.diff.util.Side;
17924:             1             24  [Lcom.intellij.dmserver.facet.DMCompositeType;
17925:             1             24  [Lcom.intellij.execution.ExecutionTargetProvider;
17926:             1             24  [Lcom.intellij.execution.JUnitRecognizer;
17927:             1             24  [Lcom.intellij.execution.Platform;
17928:             1             24  [Lcom.intellij.execution.actions.ConsoleActionsPostProcessor;
17929:             1             24  [Lcom.intellij.execution.filters.Filter$NextAction;
17930:             1             24  [Lcom.intellij.featureStatistics.FeatureStatisticsBundleEP;
17931:             1             24  [Lcom.intellij.featureStatistics.ProductivityFeaturesProvider;
17932:             1             24  [Lcom.intellij.find.FindUtil$Direction;
17933:             1             24  [Lcom.intellij.find.findUsages.CustomUsageSearcher;
17934:             1             24  [Lcom.intellij.find.impl.livePreview.SearchResults$Direction;
17935:             1             24  [Lcom.intellij.formatting.DependentSpacingRule$Anchor;
17936:             1             24  [Lcom.intellij.formatting.DependentSpacingRule$Trigger;
17937:             1             24  [Lcom.intellij.formatting.FormattingProgressCallback$EventType;
17938:             1             24  [Lcom.intellij.html.impl.providers.HtmlAttributeValueProvider;
17939:             1             24  [Lcom.intellij.ide.IdeEventQueue$BlockMode;
17940:             1             24  [Lcom.intellij.ide.caches.CachesInvalidator;
17941:             1             24  [Lcom.intellij.ide.fileTemplates.CreateFromTemplateActionReplacer;
17942:             1             24  [Lcom.intellij.ide.highlighter.FileTypeRegistrator;
17943:             1             24  [Lcom.intellij.ide.ui.customization.CustomizableActionGroupProvider;
17944:             1             24  [Lcom.intellij.ide.util.ModuleRendererFactory;
17945:             1             24  [Lcom.intellij.ide.util.treeView.TreeState$Match;
17946:             1             24  [Lcom.intellij.j2meplugin.module.settings.MobileApplicationType;
17947:             1             24  [Lcom.intellij.javaee.ExternalResourceManagerEx$XMLSchemaVersion;
17948:             1             24  [Lcom.intellij.javaee.StandardResourceEP;
17949:             1             24  [Lcom.intellij.javaee.web.WebModelContributor;
17950:             1             24  [Lcom.intellij.javascript.debugger.breakpoints.JavaScriptTemplateLanguageHandler;
17951:             1             24  [Lcom.intellij.lang.aspectj.highlight.analysis.member.DuplicateFieldsInAspectAnnotator;
17952:             1             24  [Lcom.intellij.lang.aspectj.highlight.analysis.ref.TypeReferenceListAnnotator1;
17953:             1             24  [Lcom.intellij.lang.aspectj.highlight.analysis.ref.TypeReferenceListAnnotator2;
17954:             1             24  [Lcom.intellij.lang.java.parser.StatementParser$BraceMode;
17955:             1             24  [Lcom.intellij.lang.javascript.completion.JSCompletionHelper;
17956:             1             24  [Lcom.intellij.lang.javascript.completion.JSInsertHandler$ForcedCompleteFunctionType;
17957:             1             24  [Lcom.intellij.lang.javascript.flex.run.FlashRunnerParameters$AirMobileDebugTransport;
17958:             1             24  [Lcom.intellij.lang.javascript.flex.run.FlashRunnerParameters$AppDescriptorForEmulator;
17959:             1             24  [Lcom.intellij.lang.javascript.index.IndexedFileTypeProvider;
17960:             1             24  [Lcom.intellij.lang.javascript.index.JSImplicitElementsIndexFileTypeProvider;
17961:             1             24  [Lcom.intellij.lang.javascript.integration.JSAnnotationError;
17962:             1             24  [Lcom.intellij.lang.javascript.json.JsonSchemaInJavaScriptProvider;
17963:             1             24  [Lcom.intellij.lang.javascript.psi.ecmal4.impl.JSClassBase$ListType;
17964:             1             24  [Lcom.intellij.lang.javascript.psi.impl.JSPsiImplUtils$NamedEntityKind;
17965:             1             24  [Lcom.intellij.lang.jsp.JavaInJspProvider;
17966:             1             24  [Lcom.intellij.openapi.actionSystem.KeyboardGestureAction$ModifierType;
17967:             1             24  [Lcom.intellij.openapi.actionSystem.impl.BundledQuickListsProvider;
17968:             1             24  [Lcom.intellij.openapi.application.ExperimentalFeatureImpl;
17969:             1             24  [Lcom.intellij.openapi.compiler.generic.GenericCompiler;
17970:             1             24  [Lcom.intellij.openapi.components.StateStorageOperation;
17971:             1             24  [Lcom.intellij.openapi.editor.actions.MoveCaretLeftOrRightHandler$Direction;
17972:             1             24  [Lcom.intellij.openapi.editor.impl.softwrap.SoftWrapDrawingType;
17973:             1             24  [Lcom.intellij.openapi.editor.markup.HighlighterTargetArea;
17974:             1             24  [Lcom.intellij.openapi.extensions.AreaListener;
17975:             1             24  [Lcom.intellij.openapi.extensions.ExtensionPoint$Kind;
17976:             1             24  [Lcom.intellij.openapi.fileEditor.impl.LoadTextUtil$AutoDetectionReason;
17977:             1             24  [Lcom.intellij.openapi.keymap.impl.BundledKeymapProvider;
17978:             1             24  [Lcom.intellij.openapi.roots.impl.SdkFinder;
17979:             1             24  [Lcom.intellij.openapi.ui.DialogWrapper$DialogStyle;
17980:             1             24  [Lcom.intellij.openapi.ui.popup.Balloon$Layer;
17981:             1             24  [Lcom.intellij.openapi.util.Bitness;
17982:             1             24  [Lcom.intellij.openapi.vcs.RemoteDifferenceStrategy;
17983:             1             24  [Lcom.intellij.openapi.vcs.VcsConfiguration$StandardConfirmation;
17984:             1             24  [Lcom.intellij.openapi.vcs.VcsType;
17985:             1             24  [Lcom.intellij.openapi.vcs.changes.ChangeListManagerSerialization$RevisionSide;
17986:             1             24  [Lcom.intellij.openapi.vcs.changes.VcsIgnoredFilesHolder$Provider;
17987:             1             24  [Lcom.intellij.openapi.vcs.impl.ContentRevisionCache$UniqueType;
17988:             1             24  [Lcom.intellij.openapi.wm.StatusBarWidget$PlatformType;
17989:             1             24  [Lcom.intellij.openapi.wm.ex.FrameEditorComponentProvider;
17990:             1             24  [Lcom.intellij.patterns.ElementPatternBean;
17991:             1             24  [Lcom.intellij.profile.codeInspection.ui.ErrorOptionsProviderEP;
17992:             1             24  [Lcom.intellij.psi.FileContextProvider;
17993:             1             24  [Lcom.intellij.psi.PsiReferenceProviderBean;
17994:             1             24  [Lcom.intellij.psi.augment.TypeAnnotationModifier;
17995:             1             24  [Lcom.intellij.psi.codeStyle.CodeStyleSettings$HtmlTagNewLineStyle;
17996:             1             24  [Lcom.intellij.psi.codeStyle.FileIndentOptionsProvider;
17997:             1             24  [Lcom.intellij.psi.css.inspections.CssOverwrittenPropertiesInspection$RemoveOverwrittenPropertyQuickfix;
17998:             1             24  [Lcom.intellij.psi.formatter.WhiteSpaceFormattingStrategy;
17999:             1             24  [Lcom.intellij.psi.impl.AllowedApiFilterExtension;
18000:             1             24  [Lcom.intellij.psi.impl.compiled.ClsCustomNavigationPolicy;
18001:             1             24  [Lcom.intellij.psi.impl.file.UpdateAddedFileProcessor;
18002:             1             24  [Lcom.intellij.psi.impl.source.tree.TreeCopyHandler;
18003:             1             24  [Lcom.intellij.psi.javadoc.CustomJavadocTagProvider;
18004:             1             24  [Lcom.intellij.psi.search.SearchScopeEnlarger;
18005:             1             24  [Lcom.intellij.psi.targets.AliasingPsiTargetMapper;
18006:             1             24  [Lcom.intellij.psi.xml.StartTagEndTokenProvider;
18007:             1             24  [Lcom.intellij.remoteServer.impl.runtime.ui.RemoteServersViewContributor;
18008:             1             24  [Lcom.intellij.remoteServer.util.CloudGitDeploymentDetector;
18009:             1             24  [Lcom.intellij.spring.SpringModelProvider;
18010:             1             24  [Lcom.intellij.spring.boot.application.metadata.SpringBootApplicationMetaConfigKey$Deprecation$DeprecationLevel;
18011:             1             24  [Lcom.intellij.spring.boot.model.SpringBootModelConfigFileContributor;
18012:             1             24  [Lcom.intellij.spring.boot.model.SpringBootModelExtender;
18013:             1             24  [Lcom.intellij.spring.boot.run.lifecycle.tabs.LiveBeansPanel$LiveBeansPanelContent;
18014:             1             24  [Lcom.intellij.spring.el.contextProviders.SpringElInjectionContext;
18015:             1             24  [Lcom.intellij.spring.facet.SpringFileSetEditorCustomization;
18016:             1             24  [Lcom.intellij.spring.facet.searchers.ConfigSearcherScopeModifier;
18017:             1             24  [Lcom.intellij.spring.model.custom.ComponentScanExtender;
18018:             1             24  [Lcom.intellij.spring.model.jam.JamCustomImplementationBean;
18019:             1             24  [Lcom.intellij.ui.AnActionButton;
18020:             1             24  [Lcom.intellij.ui.layout.GrowPolicy;
18021:             1             24  [Lcom.intellij.ui.paint.EffectPainter$Cached;
18022:             1             24  [Lcom.intellij.ui.paint.PaintUtil$ParityMode;
18023:             1             24  [Lcom.intellij.ui.paint.RectanglePainter2D;
18024:             1             24  [Lcom.intellij.ui.paint.RectanglePainter;
18025:             1             24  [Lcom.intellij.ui.tabs.impl.singleRow.SingleRowLayout$RowDropPolicy;
18026:             1             24  [Lcom.intellij.usages.rules.UsageFilteringRuleProvider;
18027:             1             24  [Lcom.intellij.usages.rules.UsageGroupingRuleProvider;
18028:             1             24  [Lcom.intellij.util.ImageLoader$ImageDesc$Type;
18029:             1             24  [Lcom.intellij.util.NotNullFunction;
18030:             1             24  [Lcom.intellij.util.PathUtilRt$Platform;
18031:             1             24  [Lcom.intellij.util.concurrency.QueueProcessor$ThreadToUse;
18032:             1             24  [Lcom.intellij.util.net.ssl.UntrustedCertificateStrategy;
18033:             1             24  [Lcom.intellij.util.ui.NSScrollerHelper$ClickBehavior;
18034:             1             24  [Lcom.intellij.util.ui.NSScrollerHelper$Style;
18035:             1             24  [Lcom.intellij.util.ui.UIUtil$FontColor;
18036:             1             24  [Lcom.intellij.vaadin.framework.VaadinVersionImpl;
18037:             1             24  [Lcom.intellij.xdebugger.evaluation.EvaluationMode;
18038:             1             24  [Lcom.intellij.xml.Html5SchemaProvider;
18039:             1             24  [Lcom.jediterm.terminal.RequestOrigin;
18040:             1             24  [Lcom.rover12421.exTENdS.SyNChRONiZed;
18041:             1             24  [Lcom.rover12421.exTENdS.SyNChRONiZed;
18042:             1             24  [Lcom.sixrr.inspectjs.InspectionJSFix;
18043:             1             24  [Lcom.siyeh.ig.redundancy.RedundantStringOperationInspection$FixType;
18044:             1             24  [Lcom.sun.tools.javac.main.Option$ChoiceKind;
18045:             1             24  [Lcom.zeroturnaround.http.PreferencesProxyProvider$Proxy;
18046:             1             24  [Lcom.zeroturnaround.http.proxy.ProxySource$Context;
18047:             1             24  [Lcom.zeroturnaround.jrebel.ide.common.CoreType;
18048:             1             24  [Lgit4idea.commands.GitCommand$LockingPolicy;
18049:             1             24  [Lgit4idea.config.GitVcsSettings$UpdateChangesPolicy;
18050:             1             24  [Lgit4idea.history.GitLogParser$NameStatus;
18051:             1             24  [Lio.netty.util.concurrent.EventExecutor;
18052:             1             24  [Ljava.awt.GraphicsDevice;
18053:             1             24  [Ljava.awt.color.ICC_Profile;
18054:             1             24  [Ljava.io.File$PathStatus;
18055:             1             24  [Ljava.lang.ClassValue$Entry;
18056:             1             24  [Ljava.lang.management.MemoryType;
18057:             1             24  [Ljava.net.InetAddress$Cache$Type;
18058:             1             24  [Ljava.net.InterfaceAddress;
18059:             1             24  [Ljava.net.StandardProtocolFamily;
18060:             1             24  [Ljava.text.AttributedCharacterIterator$Attribute;
18061:             1             24  [Ljava.time.temporal.IsoFields$Unit;
18062:             1             24  [Ljava.util.Comparators$NaturalOrderComparator;
18063:             1             24  [Ljava.util.Locale$Category;
18064:             1             24  [Ljava.util.regex.Matcher;
18065:             1             24  [Ljavax.swing.JPanel;
18066:             1             24  [Ljavax.swing.UIDefaults;
18067:             1             24  [Ljavax.swing.event.RowSorterEvent$Type;
18068:             1             24  [Ljavax.swing.filechooser.FileFilter;
18069:             1             24  [Ljavax.swing.plaf.metal.MetalFileChooserUI$AlignedLabel;
18070:             1             24  [Ljavax.swing.text.html.StyleSheet$BoxPainter$HorizontalMargin;
18071:             1             24  [Ljavax.xml.bind.annotation.XmlAccessOrder;
18072:             1             24  [Ljavax.xml.bind.annotation.XmlElement;
18073:             1             24  [Lkotlin.reflect.KProperty;
18074:             1             24  [Lkotlin.reflect.jvm.internal.KDeclarationContainerImpl$MemberBelonginess;
18075:             1             24  [Lkotlin.reflect.jvm.internal.impl.load.java.components.TypeUsage;
18076:             1             24  [Lkotlin.reflect.jvm.internal.impl.load.java.structure.LightClassOriginKind;
18077:             1             24  [Lkotlin.reflect.jvm.internal.impl.load.java.typeEnhancement.MutabilityQualifier;
18078:             1             24  [Lkotlin.reflect.jvm.internal.impl.name.Name;
18079:             1             24  [Lorg.apache.http.conn.routing.RouteInfo$LayerType;
18080:             1             24  [Lorg.apache.http.conn.routing.RouteInfo$TunnelType;
18081:             1             24  [Lorg.apache.http.impl.cookie.BrowserCompatSpecFactory$SecurityLevel;
18082:             1             24  [Lorg.apache.xerces.impl.dv.xs.XSSimpleTypeDecl;
18083:             1             24  [Lorg.intellij.lang.xpath.context.XPathVersion;
18084:             1             24  [Lorg.intellij.lang.xpath.context.functions.XPathFunctionProvider;
18085:             1             24  [Lorg.jetbrains.ide.CustomPortServerManager;
18086:             1             24  [Lorg.jetbrains.idea.maven.indices.MavenRepositoryProvider;
18087:             1             24  [Lorg.jetbrains.idea.maven.navigator.MavenProjectsStructure$ErrorLevel;
18088:             1             24  [Lorg.jetbrains.idea.maven.server.MavenServerSettings$UpdatePolicy;
18089:             1             24  [Lorg.jetbrains.jps.builders.java.JavaModuleBuildTargetType;
18090:             1             24  [Lorg.jetbrains.kotlin.config.JvmTarget;
18091:             1             24  [Lorg.jetbrains.kotlin.idea.configuration.BuildSystemTypeDetector;
18092:             1             24  [Lorg.jetbrains.kotlin.idea.facet.KotlinVersionInfoProvider;
18093:             1             24  [Lorg.jetbrains.kotlin.idea.versions.DeprecatedLibInfo;
18094:             1             24  [Lorg.jetbrains.kotlin.load.java.components.TypeUsage;
18095:             1             24  [Lorg.jetbrains.kotlin.load.java.structure.LightClassOriginKind;
18096:             1             24  [Lorg.jetbrains.kotlin.load.java.typeEnhancement.MutabilityQualifier;
18097:             1             24  [Lorg.jetbrains.kotlin.name.FqNameUnsafe;
18098:             1             24  [Lorg.jetbrains.kotlin.name.Name;
18099:             1             24  [Lorg.jetbrains.kotlin.renderer.RenderingFormat;
18100:             1             24  [Lorg.jetbrains.plugins.gradle.codeInsight.GradlePluginDescriptionsExtension;
18101:             1             24  [Lorg.jetbrains.plugins.groovy.annotator.GroovyFrameworkConfigNotification;
18102:             1             24  [Lorg.jetbrains.plugins.groovy.mvc.MvcFramework;
18103:             1             24  [Lorg.jetbrains.plugins.sass.extensions.SassExtension;
18104:             1             24  [Lorg.zeroturnaround.javarebel.reporting.backend.impl.SegmentIOBackend$METHOD;
18105:             1             24  [Lorg.zeroturnaround.jrebel.client.spi.JRebelClientSettings$AgentSelection;
18106:             1             24  [Lorg.zeroturnaround.jrebel.ide.common.notifications.Repeat;
18107:             1             24  [Lsun.instrument.TransformerManager$TransformerInfo;
18108:             1             24  [Lsun.misc.JavaSecurityProtectionDomainAccess$ProtectionDomainCache;
18109:             1             24  ch.qos.logback.classic.util.LogbackMDCAdapter
18110:             1             24  ch.qos.logback.core.rolling.helper.RenameUtil
18111:             1             24  cn.yiiguxing.plugin.translate.TranslationBundle
18112:             1             24  cn.yiiguxing.plugin.translate.TranslationUIManager
18113:             1             24  cn.yiiguxing.plugin.translate.WindowOption
18114:             1             24  cn.yiiguxing.plugin.translate.action.ShowInstantTranslationDialogAction
18115:             1             24  cn.yiiguxing.plugin.translate.action.ShowTranslationDialogAction
18116:             1             24  cn.yiiguxing.plugin.translate.action.TranslateQuickDocAction
18117:             1             24  cn.yiiguxing.plugin.translate.action.TranslateTextComponentAction$Handler
18118:             1             24  cn.yiiguxing.plugin.translate.trans.LanguageBundle
18119:             1             24  cn.yiiguxing.plugin.translate.ui.StyledDictViewer$StyleConstant
18120:             1             24  com.alibaba.p3c.idea.action.AliInspectionAction
18121:             1             24  com.android.flags.Flags
18122:             1             24  com.android.ide.common.repository.GradleCoordinate$ListComponent
18123:             1             24  com.android.sdklib.repository.AndroidSdkHandler$RepoConfig
18124:             1             24  com.android.tools.idea.actions.AndroidShowThemeEditor
18125:             1             24  com.android.tools.idea.actions.ConvertToNinePatchAction
18126:             1             24  com.android.tools.idea.actions.CreateSampleDataDirectory
18127:             1             24  com.android.tools.idea.actions.ExportProjectZip
18128:             1             24  com.android.tools.idea.actions.LegacyNewAndroidComponentAction
18129:             1             24  com.android.tools.idea.actions.MeetAndroidStudioHelpAction
18130:             1             24  com.android.tools.idea.actions.NewImageAssetAction
18131:             1             24  com.android.tools.idea.actions.NewVectorAssetAction
18132:             1             24  com.android.tools.idea.actions.OpenStringResourceEditorAction
18133:             1             24  com.android.tools.idea.actions.SendFeedbackAction
18134:             1             24  com.android.tools.idea.actions.license.ShowLicensesUsedAction
18135:             1             24  com.android.tools.idea.apk.viewer.AnalyzeApkAction
18136:             1             24  com.android.tools.idea.common.model.NlLayoutType$1
18137:             1             24  com.android.tools.idea.common.model.NlLayoutType$2
18138:             1             24  com.android.tools.idea.common.model.NlLayoutType$3
18139:             1             24  com.android.tools.idea.common.model.NlLayoutType$4
18140:             1             24  com.android.tools.idea.common.model.NlLayoutType$5
18141:             1             24  com.android.tools.idea.common.model.NlLayoutType$6
18142:             1             24  com.android.tools.idea.common.model.NlLayoutType$7
18143:             1             24  com.android.tools.idea.common.model.NlLayoutType$8
18144:             1             24  com.android.tools.idea.common.model.NlLayoutType$9
18145:             1             24  com.android.tools.idea.connection.assistant.OpenConnectionAssistantSidePanelAction
18146:             1             24  com.android.tools.idea.editors.AttachAndroidSdkSourcesNotificationProvider$1
18147:             1             24  com.android.tools.idea.editors.allocations.AllocationCaptureType
18148:             1             24  com.android.tools.idea.editors.hprof.HprofCaptureType
18149:             1             24  com.android.tools.idea.editors.layoutInspector.LayoutInspectorCaptureType
18150:             1             24  com.android.tools.idea.editors.systeminfo.SystemInfoCaptureType
18151:             1             24  com.android.tools.idea.editors.vmtrace.VmTraceCaptureType
18152:             1             24  com.android.tools.idea.editors.vmtrace.VmTraceEditorSearchAction
18153:             1             24  com.android.tools.idea.explorer.actions.GotoDatabaseFolderAction
18154:             1             24  com.android.tools.idea.explorer.actions.GotoSdcardFolderAction
18155:             1             24  com.android.tools.idea.explorer.actions.GotoSharedPrefsFolderAction
18156:             1             24  com.android.tools.idea.explorer.actions.HelpAction
18157:             1             24  com.android.tools.idea.fd.actions.RestartActivityAction
18158:             1             24  com.android.tools.idea.gradle.actions.BuildApkAction
18159:             1             24  com.android.tools.idea.gradle.actions.LibraryPropertiesAction
18160:             1             24  com.android.tools.idea.gradle.notification.ProjectSyncStatusNotificationProvider$NotificationPanel$Type$1
18161:             1             24  com.android.tools.idea.gradle.notification.ProjectSyncStatusNotificationProvider$NotificationPanel$Type$2
18162:             1             24  com.android.tools.idea.gradle.notification.ProjectSyncStatusNotificationProvider$NotificationPanel$Type$3
18163:             1             24  com.android.tools.idea.gradle.notification.ProjectSyncStatusNotificationProvider$NotificationPanel$Type$4
18164:             1             24  com.android.tools.idea.gradle.notification.ProjectSyncStatusNotificationProvider$NotificationPanel$Type$5
18165:             1             24  com.android.tools.idea.gradle.project.AndroidGradleProjectComponent$$Lambda$643/92235260
18166:             1             24  com.android.tools.idea.gradle.project.common.GradleInitScripts
18167:             1             24  com.android.tools.idea.gradle.project.model.ide.android.level2.IdeDependenciesFactory
18168:             1             24  com.android.tools.idea.gradle.project.subset.ConfigureProjectSubsetAction
18169:             1             24  com.android.tools.idea.gradle.project.subset.IncludeModuleForFileAction
18170:             1             24  com.android.tools.idea.gradle.project.sync.GradleSyncFailureHandler
18171:             1             24  com.android.tools.idea.gradle.project.sync.compatibility.CompatibilityChecksMetadata
18172:             1             24  com.android.tools.idea.gradle.project.sync.compatibility.CompatibilityChecksMetadataUpdater$1
18173:             1             24  com.android.tools.idea.profilers.ChooseProfileConfigurationPopupAction
18174:             1             24  com.android.tools.idea.rendering.webp.ConvertFromWebpAction
18175:             1             24  com.android.tools.idea.rendering.webp.ConvertToWebpAction
18176:             1             24  com.android.tools.idea.res.ResourceFolderRepositoryFileCacheImpl
18177:             1             24  com.android.tools.idea.run.editor.AndroidJavaDebugger
18178:             1             24  com.android.tools.idea.sampledata.AddSampleDataFileAction
18179:             1             24  com.android.tools.idea.sdk.AndroidSdks
18180:             1             24  com.android.tools.idea.startup.DelayedInitialization$RunnablePair
18181:             1             24  com.android.tools.idea.testartifacts.instrumented.AndroidTestRunConfigurationType$1
18182:             1             24  com.android.tools.idea.testartifacts.junit.AndroidJUnitAddToTestsPatternAction
18183:             1             24  com.android.tools.idea.testartifacts.junit.AndroidJUnitConfigurationType
18184:             1             24  com.android.tools.idea.testartifacts.junit.AndroidJUnitConfigurationType$1
18185:             1             24  com.android.tools.idea.testartifacts.junit.AndroidJUnitExcludeFromRunAction
18186:             1             24  com.android.tools.idea.testartifacts.scopes.TestArtifactCustomScopeProvider$AndroidTestsScope
18187:             1             24  com.android.tools.idea.testartifacts.scopes.TestArtifactCustomScopeProvider$AndroidTestsScope$1
18188:             1             24  com.android.tools.idea.testartifacts.scopes.TestArtifactCustomScopeProvider$UnitTestsScope
18189:             1             24  com.android.tools.idea.testartifacts.scopes.TestArtifactCustomScopeProvider$UnitTestsScope$1
18190:             1             24  com.android.tools.idea.uibuilder.editor.NlAbstractWindowManager$1
18191:             1             24  com.android.tools.idea.uibuilder.palette.NlPaletteModel
18192:             1             24  com.android.tools.idea.updater.configure.RunSdkConfigAction
18193:             1             24  com.android.tools.log.LogWrapper
18194:             1             24  com.ansorgit.plugins.bash.actions.NewBashFileAction
18195:             1             24  com.ansorgit.plugins.bash.actions.ReportFileTypeAction
18196:             1             24  com.ansorgit.plugins.bash.editor.liveTemplates.BashLiveTemplatesContext
18197:             1             24  com.ansorgit.plugins.bash.lang.parser.eval.BashEvalElementType
18198:             1             24  com.ansorgit.plugins.bash.lang.psi.stubs.elements.BashFunctionDefElementType
18199:             1             24  com.ansorgit.plugins.bash.lang.psi.stubs.elements.BashIncludeCommandElementType
18200:             1             24  com.ansorgit.plugins.bash.lang.psi.stubs.elements.BashSimpleCommandElementType
18201:             1             24  com.ansorgit.plugins.bash.lang.psi.stubs.elements.BashStubFileElementType
18202:             1             24  com.ansorgit.plugins.bash.lang.psi.stubs.elements.BashVarDefElementType
18203:             1             24  com.ansorgit.plugins.bash.lang.psi.stubs.elements.BashVarElementType
18204:             1             24  com.google.common.base.CharMatcher$Digit
18205:             1             24  com.google.common.base.CharMatcher$Invisible
18206:             1             24  com.google.common.base.CharMatcher$SingleWidth
18207:             1             24  com.google.common.base.Joiner$1
18208:             1             24  com.google.common.base.Joiner$2
18209:             1             24  com.google.common.base.Joiner$MapJoiner
18210:             1             24  com.google.common.base.Predicates$ObjectPredicate$1
18211:             1             24  com.google.common.base.Predicates$ObjectPredicate$2
18212:             1             24  com.google.common.base.Predicates$ObjectPredicate$3
18213:             1             24  com.google.common.base.Predicates$ObjectPredicate$4
18214:             1             24  com.google.common.base.Suppliers$NonSerializableMemoizingSupplier
18215:             1             24  com.google.common.cache.CacheBuilder$NullListener
18216:             1             24  com.google.common.cache.CacheBuilder$OneWeigher
18217:             1             24  com.google.common.cache.LocalCache$EntryFactory$1
18218:             1             24  com.google.common.cache.LocalCache$EntryFactory$2
18219:             1             24  com.google.common.cache.LocalCache$EntryFactory$3
18220:             1             24  com.google.common.cache.LocalCache$EntryFactory$4
18221:             1             24  com.google.common.cache.LocalCache$EntryFactory$5
18222:             1             24  com.google.common.cache.LocalCache$EntryFactory$6
18223:             1             24  com.google.common.cache.LocalCache$EntryFactory$7
18224:             1             24  com.google.common.cache.LocalCache$EntryFactory$8
18225:             1             24  com.google.common.cache.LocalCache$NullEntry
18226:             1             24  com.google.common.cache.LocalCache$Strength$1
18227:             1             24  com.google.common.cache.LocalCache$Strength$2
18228:             1             24  com.google.common.cache.LocalCache$Strength$3
18229:             1             24  com.google.common.cache.RemovalCause$1
18230:             1             24  com.google.common.cache.RemovalCause$2
18231:             1             24  com.google.common.cache.RemovalCause$3
18232:             1             24  com.google.common.cache.RemovalCause$4
18233:             1             24  com.google.common.cache.RemovalCause$5
18234:             1             24  com.google.common.collect.ConcurrentHashMultiset$EntrySet
18235:             1             24  com.google.common.collect.ImmutableMapEntrySet$RegularEntrySet
18236:             1             24  com.google.common.collect.NaturalOrdering
18237:             1             24  com.google.gson.FieldNamingPolicy$1
18238:             1             24  com.google.gson.FieldNamingPolicy$1
18239:             1             24  com.google.gson.FieldNamingPolicy$2
18240:             1             24  com.google.gson.FieldNamingPolicy$2
18241:             1             24  com.google.gson.FieldNamingPolicy$3
18242:             1             24  com.google.gson.FieldNamingPolicy$3
18243:             1             24  com.google.gson.FieldNamingPolicy$4
18244:             1             24  com.google.gson.FieldNamingPolicy$4
18245:             1             24  com.google.gson.FieldNamingPolicy$5
18246:             1             24  com.google.gson.FieldNamingPolicy$5
18247:             1             24  com.google.gson.LongSerializationPolicy$1
18248:             1             24  com.google.gson.LongSerializationPolicy$1
18249:             1             24  com.google.gson.LongSerializationPolicy$2
18250:             1             24  com.google.gson.LongSerializationPolicy$2
18251:             1             24  com.google.gson.internal.bind.JsonTreeReader$1
18252:             1             24  com.google.gson.internal.bind.TypeAdapters$34
18253:             1             24  com.google.gson.internal.bind.TypeAdapters$34
18254:             1             24  com.intellij.aop.psi.AopCompletionData$2
18255:             1             24  com.intellij.aop.psi.AopCompletionData$7
18256:             1             24  com.intellij.aop.psi.AopElementTypes$1
18257:             1             24  com.intellij.aop.psi.AopElementTypes$AopWhitespaceElementType
18258:             1             24  com.intellij.aop.psi.AopPointcutExpressionLanguage$1
18259:             1             24  com.intellij.appengine.actions.UploadApplicationAction
18260:             1             24  com.intellij.appengine.facet.AppEngineFrameworkDetector
18261:             1             24  com.intellij.appengine.server.run.AppEngineServerConfigurationType
18262:             1             24  com.intellij.application.ShowExperimentsAction
18263:             1             24  com.intellij.application.options.JspAutoImportOptionsProvider
18264:             1             24  com.intellij.application.options.XmlAutoImportOptionsProvider
18265:             1             24  com.intellij.application.options.codeStyle.arrangement.action.AddArrangementRuleAction
18266:             1             24  com.intellij.application.options.codeStyle.arrangement.action.AddArrangementSectionRuleAction
18267:             1             24  com.intellij.application.options.codeStyle.arrangement.action.EditArrangementRuleAction
18268:             1             24  com.intellij.application.options.codeStyle.arrangement.action.EditRuleAliasesDefinitionAction
18269:             1             24  com.intellij.application.options.codeStyle.arrangement.action.MoveArrangementGroupingRuleDownAction
18270:             1             24  com.intellij.application.options.codeStyle.arrangement.action.MoveArrangementGroupingRuleUpAction
18271:             1             24  com.intellij.application.options.codeStyle.arrangement.action.MoveArrangementMatchingRuleDownAction
18272:             1             24  com.intellij.application.options.codeStyle.arrangement.action.MoveArrangementMatchingRuleUpAction
18273:             1             24  com.intellij.application.options.codeStyle.arrangement.action.RearrangeCodeAction
18274:             1             24  com.intellij.application.options.codeStyle.arrangement.action.RemoveArrangementRuleAction
18275:             1             24  com.intellij.application.options.codeStyle.arrangement.action.tokens.AddArrangementAliasRuleAction
18276:             1             24  com.intellij.application.options.codeStyle.arrangement.action.tokens.EditArrangementAliasRuleAction
18277:             1             24  com.intellij.application.options.codeStyle.arrangement.action.tokens.MoveArrangementAliasRuleDownAction
18278:             1             24  com.intellij.application.options.codeStyle.arrangement.action.tokens.MoveArrangementAliasRuleUpAction
18279:             1             24  com.intellij.application.options.codeStyle.arrangement.action.tokens.RemoveArrangementAliasRuleAction
18280:             1             24  com.intellij.application.options.colors.JumpToColorsAndFontsAction
18281:             1             24  com.intellij.application.options.editor.CodeFoldingOptionsTopHitProvider
18282:             1             24  com.intellij.application.options.editor.GutterIconsConfigurable$ShowSettingsAction
18283:             1             24  com.intellij.batch.actions.CreateBatchJobFileAction
18284:             1             24  com.intellij.batch.config.BatchFrameworkType
18285:             1             24  com.intellij.batch.view.BatchViewFrameworkProvider
18286:             1             24  com.intellij.beanValidation.config.BVFrameworkType
18287:             1             24  com.intellij.byteCodeViewer.ShowByteCodeAction
18288:             1             24  com.intellij.cdi.actions.CreateBeansXmlAction
18289:             1             24  com.intellij.cdi.config.CdiFrameworkType
18290:             1             24  com.intellij.cdi.dependencies.actions.ShowCdiDependenciesPopup
18291:             1             24  com.intellij.cdi.view.CdiViewFrameworkProvider
18292:             1             24  com.intellij.cloudConfig.CloudConfigManager$LocalChanges
18293:             1             24  com.intellij.cloudConfig.StatusBarInfoManager$MenuAction
18294:             1             24  com.intellij.cloudConfig.StatusBarInfoManager$MyDisableAction
18295:             1             24  com.intellij.cloudConfig.StatusBarInfoManager$MyPluginsAction
18296:             1             24  com.intellij.cloudConfig.StatusBarInfoManager$MyToggleAction
18297:             1             24  com.intellij.cloudConfig.StatusBarInfoManager$MyUpdateApiAction
18298:             1             24  com.intellij.codeEditor.printing.ExportToHTMLAction
18299:             1             24  com.intellij.codeEditor.printing.PrintAction
18300:             1             24  com.intellij.codeInsight.AutoPopupController
18301:             1             24  com.intellij.codeInsight.JavaModuleSystemEx$ErrorWithFixes
18302:             1             24  com.intellij.codeInsight.MetaAnnotationUtil$$Lambda$3703/623813576
18303:             1             24  com.intellij.codeInsight.actions.OptimizeImportsAction
18304:             1             24  com.intellij.codeInsight.actions.ReformatCodeAction
18305:             1             24  com.intellij.codeInsight.actions.ShowReformatFileDialog
18306:             1             24  com.intellij.codeInsight.completion.CompletionUtil$1
18307:             1             24  com.intellij.codeInsight.completion.CompletionVariant$CompletionVariantItem
18308:             1             24  com.intellij.codeInsight.completion.CompletionVariant$Scope
18309:             1             24  com.intellij.codeInsight.completion.TypeArgumentCompletionProvider
18310:             1             24  com.intellij.codeInsight.completion.actions.ClassNameCompletionAction
18311:             1             24  com.intellij.codeInsight.completion.actions.CodeCompletionAction
18312:             1             24  com.intellij.codeInsight.completion.actions.SmartCodeCompletionAction
18313:             1             24  com.intellij.codeInsight.completion.impl.CompletionSorterImpl
18314:             1             24  com.intellij.codeInsight.completion.impl.DispreferLiveTemplates
18315:             1             24  com.intellij.codeInsight.completion.impl.PreferStartMatching
18316:             1             24  com.intellij.codeInsight.completion.impl.RealPrefixMatchingWeigher
18317:             1             24  com.intellij.codeInsight.completion.util.ParenthesesInsertHandler$1
18318:             1             24  com.intellij.codeInsight.completion.util.ParenthesesInsertHandler$2
18319:             1             24  com.intellij.codeInsight.daemon.JavaErrorMessages
18320:             1             24  com.intellij.codeInsight.daemon.impl.AttachSourcesNotificationProvider$1
18321:             1             24  com.intellij.codeInsight.daemon.impl.DaemonCodeAnalyzerEx$$Lambda$2150/801702401
18322:             1             24  com.intellij.codeInsight.daemon.impl.DaemonListeners$2
18323:             1             24  com.intellij.codeInsight.daemon.impl.DaemonListeners$3
18324:             1             24  com.intellij.codeInsight.daemon.impl.DaemonListeners$4
18325:             1             24  com.intellij.codeInsight.daemon.impl.DaemonListeners$8
18326:             1             24  com.intellij.codeInsight.daemon.impl.DaemonListeners$MyAnActionListener
18327:             1             24  com.intellij.codeInsight.daemon.impl.DaemonListeners$MyApplicationListener
18328:             1             24  com.intellij.codeInsight.daemon.impl.DaemonListeners$MyCommandListener
18329:             1             24  com.intellij.codeInsight.daemon.impl.EditorTracker$2
18330:             1             24  com.intellij.codeInsight.daemon.impl.EditorTracker$MyEditorFactoryListener
18331:             1             24  com.intellij.codeInsight.daemon.impl.ExternalToolPass$1$$Lambda$2832/1756554643
18332:             1             24  com.intellij.codeInsight.daemon.impl.LineMarkersUtil$$Lambda$2413/1655921102
18333:             1             24  com.intellij.codeInsight.daemon.impl.PopupHectorAction
18334:             1             24  com.intellij.codeInsight.daemon.impl.PsiChangeHandler$1
18335:             1             24  com.intellij.codeInsight.daemon.impl.SdkSetupNotificationProvider$1
18336:             1             24  com.intellij.codeInsight.daemon.impl.TextEditorHighlightingPassRegistrarImpl$$Lambda$1876/408529103
18337:             1             24  com.intellij.codeInsight.daemon.impl.TogglePopupHintsAction
18338:             1             24  com.intellij.codeInsight.daemon.impl.analysis.encoding.EncodingReference
18339:             1             24  com.intellij.codeInsight.daemon.impl.quickfix.CreateConstructorParameterFromFieldFix
18340:             1             24  com.intellij.codeInsight.documentation.AbstractExternalFilter$ParseSettings
18341:             1             24  com.intellij.codeInsight.documentation.actions.CopyQuickDocAction
18342:             1             24  com.intellij.codeInsight.editorActions.BackspaceHandler
18343:             1             24  com.intellij.codeInsight.editorActions.BackspaceToWordStartHandler
18344:             1             24  com.intellij.codeInsight.editorActions.CopyHandler
18345:             1             24  com.intellij.codeInsight.editorActions.CutHandler
18346:             1             24  com.intellij.codeInsight.editorActions.EnterHandler
18347:             1             24  com.intellij.codeInsight.editorActions.JavaQuoteHandler
18348:             1             24  com.intellij.codeInsight.editorActions.JavaVarArgNextParameterHandler
18349:             1             24  com.intellij.codeInsight.editorActions.PasteHandler
18350:             1             24  com.intellij.codeInsight.editorActions.SelectWordHandler
18351:             1             24  com.intellij.codeInsight.editorActions.SimpleIndentingBackspaceHandler
18352:             1             24  com.intellij.codeInsight.editorActions.moveUpDown.DeclarationMover
18353:             1             24  com.intellij.codeInsight.editorActions.smartEnter.SmartEnterAction$Handler
18354:             1             24  com.intellij.codeInsight.folding.impl.CodeFoldingManagerImpl$1
18355:             1             24  com.intellij.codeInsight.generation.GenerateByPatternAction
18356:             1             24  com.intellij.codeInsight.generation.GenerateInterceptorMethodsHandler
18357:             1             24  com.intellij.codeInsight.generation.actions.CommentByBlockCommentAction
18358:             1             24  com.intellij.codeInsight.generation.actions.CommentByLineCommentAction
18359:             1             24  com.intellij.codeInsight.generation.actions.GenerateAction
18360:             1             24  com.intellij.codeInsight.guess.impl.GuessManagerImpl
18361:             1             24  com.intellij.codeInsight.highlighting.BraceHighlighter$1
18362:             1             24  com.intellij.codeInsight.highlighting.BraceHighlighter$2
18363:             1             24  com.intellij.codeInsight.highlighting.BraceHighlighter$3
18364:             1             24  com.intellij.codeInsight.highlighting.EscapeHandler
18365:             1             24  com.intellij.codeInsight.highlighting.JavaPairedBraceMatcher
18366:             1             24  com.intellij.codeInsight.highlighting.actions.HighlightUsagesAction
18367:             1             24  com.intellij.codeInsight.hint.EscapeHandler
18368:             1             24  com.intellij.codeInsight.hint.NextParameterAfterCompletionHandler
18369:             1             24  com.intellij.codeInsight.hint.TooltipController
18370:             1             24  com.intellij.codeInsight.hints.AnnotationHintsPass$ToggleExternalAnnotationsHintsAction
18371:             1             24  com.intellij.codeInsight.hints.AnnotationHintsPass$ToggleInferredAnnotationsHintsAction
18372:             1             24  com.intellij.codeInsight.hints.ShowSettingsWithAddedPattern
18373:             1             24  com.intellij.codeInsight.hints.ToggleCompletionHintsAction
18374:             1             24  com.intellij.codeInsight.hints.ToggleInlineHintsAction
18375:             1             24  com.intellij.codeInsight.hints.settings.ParameterNameHintsSettings
18376:             1             24  com.intellij.codeInsight.intention.impl.AddExplicitTypeArgumentsIntention
18377:             1             24  com.intellij.codeInsight.intention.impl.AddJavadocIntention
18378:             1             24  com.intellij.codeInsight.intention.impl.AddOnDemandStaticImportAction
18379:             1             24  com.intellij.codeInsight.intention.impl.AddSingleMemberStaticImportAction
18380:             1             24  com.intellij.codeInsight.intention.impl.AnnotateIntentionAction
18381:             1             24  com.intellij.codeInsight.intention.impl.ConvertCompareToToEqualsIntention
18382:             1             24  com.intellij.codeInsight.intention.impl.CreateSubclassAction
18383:             1             24  com.intellij.codeInsight.intention.impl.CreateSwitchIntention
18384:             1             24  com.intellij.codeInsight.intention.impl.ReplaceCastWithVariableAction
18385:             1             24  com.intellij.codeInsight.intention.impl.config.IntentionManagerSettings
18386:             1             24  com.intellij.codeInsight.intention.impl.config.PlainTextDescriptor
18387:             1             24  com.intellij.codeInsight.javadoc.JavaDocInfoGenerator$2
18388:             1             24  com.intellij.codeInsight.lookup.impl.BackspaceHandler
18389:             1             24  com.intellij.codeInsight.lookup.impl.LookupActionHandler$DownHandler
18390:             1             24  com.intellij.codeInsight.lookup.impl.LookupActionHandler$LeftHandler
18391:             1             24  com.intellij.codeInsight.lookup.impl.LookupActionHandler$RightHandler
18392:             1             24  com.intellij.codeInsight.lookup.impl.LookupActionHandler$UpHandler
18393:             1             24  com.intellij.codeInsight.lookup.impl.StartNewLineHandler
18394:             1             24  com.intellij.codeInsight.navigation.CtrlMouseHandler$6
18395:             1             24  com.intellij.codeInsight.navigation.CtrlMouseHandler$DocInfo
18396:             1             24  com.intellij.codeInsight.navigation.actions.IncrementalSearchAction
18397:             1             24  com.intellij.codeInsight.preview.ImageOrColorPreviewManager
18398:             1             24  com.intellij.codeInsight.template.EverywhereContextType
18399:             1             24  com.intellij.codeInsight.template.HtmlTextContextType
18400:             1             24  com.intellij.codeInsight.template.JavaCodeContextType$Declaration
18401:             1             24  com.intellij.codeInsight.template.JavaCodeContextType$Expression
18402:             1             24  com.intellij.codeInsight.template.JavaCodeContextType$Generic
18403:             1             24  com.intellij.codeInsight.template.JavaCodeContextType$Statement
18404:             1             24  com.intellij.codeInsight.template.JavaCommentContextType
18405:             1             24  com.intellij.codeInsight.template.JavaStringContextType
18406:             1             24  com.intellij.codeInsight.template.SmartCompletionContextType
18407:             1             24  com.intellij.codeInsight.template.Template$Property
18408:             1             24  com.intellij.codeInsight.template.XmlContextType
18409:             1             24  com.intellij.codeInsight.template.XmlTextContextType
18410:             1             24  com.intellij.codeInsight.template.XslTextContextType
18411:             1             24  com.intellij.codeInsight.template.actions.SaveAsTemplateAction
18412:             1             24  com.intellij.codeInsight.template.impl.TemplateManagerImpl
18413:             1             24  com.intellij.codeInsight.template.impl.editorActions.EnterHandler
18414:             1             24  com.intellij.codeInsight.template.impl.editorActions.EscapeHandler
18415:             1             24  com.intellij.codeInsight.template.macro.CompleteMacro
18416:             1             24  com.intellij.codeInspection.AddAssertStatementFix
18417:             1             24  com.intellij.codeInspection.BlockMarkerCommentsInspection
18418:             1             24  com.intellij.codeInspection.ProblematicWhitespaceInspection
18419:             1             24  com.intellij.codeInspection.actions.CodeInspectionOnEditorAction
18420:             1             24  com.intellij.codeInspection.actions.SilentCodeCleanupAction
18421:             1             24  com.intellij.codeInspection.actions.ViewOfflineResultsAction
18422:             1             24  com.intellij.codeInspection.bytecodeAnalysis.ELattice
18423:             1             24  com.intellij.codeInspection.bytecodeAnalysis.EffectQuantum$ParamChangeQuantum
18424:             1             24  com.intellij.codeInspection.bytecodeAnalysis.Effects
18425:             1             24  com.intellij.codeInspection.bytecodeAnalysis.NullableMethodAnalysisData$Constraint
18426:             1             24  com.intellij.codeInspection.bytecodeAnalysis.NullableMethodAnalysisData$LabeledNull
18427:             1             24  com.intellij.codeInspection.bytecodeAnalysis.ResultUtil
18428:             1             24  com.intellij.codeInspection.concurrencyAnnotations.FieldAccessNotGuardedInspection
18429:             1             24  com.intellij.codeInspection.dataFlow.DataFlowInspectionBase$2
18430:             1             24  com.intellij.codeInspection.dataFlow.DfaFactType$1
18431:             1             24  com.intellij.codeInspection.dataFlow.DfaFactType$2
18432:             1             24  com.intellij.codeInspection.dataFlow.DfaFactType$3
18433:             1             24  com.intellij.codeInspection.dataFlow.DfaFactType$4
18434:             1             24  com.intellij.codeInspection.dataFlow.DfaFactType$5
18435:             1             24  com.intellij.codeInspection.dataFlow.PurityInferenceResult
18436:             1             24  com.intellij.codeInspection.dataFlow.SideEffectFilter
18437:             1             24  com.intellij.codeInspection.dataFlow.TypeConstraint
18438:             1             24  com.intellij.codeInspection.dataFlow.fix.ReplaceWithConstantValueFix
18439:             1             24  com.intellij.codeInspection.dataFlow.fix.SurroundWithRequireNonNullFix
18440:             1             24  com.intellij.codeInspection.dataFlow.inliner.StreamChainInliner$1
18441:             1             24  com.intellij.codeInspection.dataFlow.rangeSet.LongRangeSet$Point
18442:             1             24  com.intellij.codeInspection.dataFlow.value.DfaUnknownValue
18443:             1             24  com.intellij.codeInspection.ex.ApplicationInspectionProfileManager$1
18444:             1             24  com.intellij.codeInspection.ex.EditInspectionToolsSettingsInSuppressedPlaceIntention
18445:             1             24  com.intellij.codeInspection.ex.EntryPointsManagerBase$1
18446:             1             24  com.intellij.codeInspection.ex.InspectionToolRegistrar
18447:             1             24  com.intellij.codeInspection.ex.SeverityEditorDialogAction
18448:             1             24  com.intellij.codeInspection.i18n.I18nizeAction
18449:             1             24  com.intellij.codeInspection.java19api.Java9GenerateModuleDescriptorsAction
18450:             1             24  com.intellij.codeInspection.javaDoc.JavadocHtmlLintAnnotator
18451:             1             24  com.intellij.codeInspection.longLine.LongLineInspection
18452:             1             24  com.intellij.codeInspection.streamMigration.FuseStreamOperationsInspection$FuseStreamOperationsFix
18453:             1             24  com.intellij.codeInspection.testOnly.TestOnlyInspection
18454:             1             24  com.intellij.codeInspection.ui.actions.EditSettingsAction
18455:             1             24  com.intellij.codeInspection.ui.actions.KeyAwareInspectionViewAction$DisableInspection
18456:             1             24  com.intellij.codeInspection.ui.actions.KeyAwareInspectionViewAction$RunInspectionOn
18457:             1             24  com.intellij.codeStyle.InconsistentLineSeparatorsInspection
18458:             1             24  com.intellij.coldFusion.CfmlTemplateContextType
18459:             1             24  com.intellij.coldFusion.UI.CfmlCreateFileAction
18460:             1             24  com.intellij.coldFusion.UI.runner.CfmlRunConfigurationType$1
18461:             1             24  com.intellij.coldFusion.model.parsers.CfmlElementTypes$1
18462:             1             24  com.intellij.coldFusion.model.parsers.CfmlElementTypes$10
18463:             1             24  com.intellij.coldFusion.model.parsers.CfmlElementTypes$11
18464:             1             24  com.intellij.coldFusion.model.parsers.CfmlElementTypes$12
18465:             1             24  com.intellij.coldFusion.model.parsers.CfmlElementTypes$13
18466:             1             24  com.intellij.coldFusion.model.parsers.CfmlElementTypes$14
18467:             1             24  com.intellij.coldFusion.model.parsers.CfmlElementTypes$15
18468:             1             24  com.intellij.coldFusion.model.parsers.CfmlElementTypes$16
18469:             1             24  com.intellij.coldFusion.model.parsers.CfmlElementTypes$17
18470:             1             24  com.intellij.coldFusion.model.parsers.CfmlElementTypes$18
18471:             1             24  com.intellij.coldFusion.model.parsers.CfmlElementTypes$19
18472:             1             24  com.intellij.coldFusion.model.parsers.CfmlElementTypes$2
18473:             1             24  com.intellij.coldFusion.model.parsers.CfmlElementTypes$20
18474:             1             24  com.intellij.coldFusion.model.parsers.CfmlElementTypes$21
18475:             1             24  com.intellij.coldFusion.model.parsers.CfmlElementTypes$22
18476:             1             24  com.intellij.coldFusion.model.parsers.CfmlElementTypes$23
18477:             1             24  com.intellij.coldFusion.model.parsers.CfmlElementTypes$24
18478:             1             24  com.intellij.coldFusion.model.parsers.CfmlElementTypes$25
18479:             1             24  com.intellij.coldFusion.model.parsers.CfmlElementTypes$26
18480:             1             24  com.intellij.coldFusion.model.parsers.CfmlElementTypes$27
18481:             1             24  com.intellij.coldFusion.model.parsers.CfmlElementTypes$28
18482:             1             24  com.intellij.coldFusion.model.parsers.CfmlElementTypes$29
18483:             1             24  com.intellij.coldFusion.model.parsers.CfmlElementTypes$3
18484:             1             24  com.intellij.coldFusion.model.parsers.CfmlElementTypes$30
18485:             1             24  com.intellij.coldFusion.model.parsers.CfmlElementTypes$4
18486:             1             24  com.intellij.coldFusion.model.parsers.CfmlElementTypes$5
18487:             1             24  com.intellij.coldFusion.model.parsers.CfmlElementTypes$6
18488:             1             24  com.intellij.coldFusion.model.parsers.CfmlElementTypes$7
18489:             1             24  com.intellij.coldFusion.model.parsers.CfmlElementTypes$8
18490:             1             24  com.intellij.coldFusion.model.parsers.CfmlElementTypes$9
18491:             1             24  com.intellij.coldFusion.model.psi.CfmlLeafElementType
18492:             1             24  com.intellij.coldFusion.model.psi.stubs.CfmlComponentElementTypeImpl
18493:             1             24  com.intellij.coldFusion.model.psi.stubs.CfmlFileElementType
18494:             1             24  com.intellij.coldFusion.model.psi.stubs.CfmlTagComponentElementTypeImpl
18495:             1             24  com.intellij.coldFusion.mxunit.CfmlUnitRunConfigurationType$1
18496:             1             24  com.intellij.compiler.CompilerManagerImpl$$Lambda$576/519426129
18497:             1             24  com.intellij.compiler.actions.BuildArtifactAction
18498:             1             24  com.intellij.compiler.actions.CompileAction
18499:             1             24  com.intellij.compiler.actions.CompileDirtyAction
18500:             1             24  com.intellij.compiler.actions.CompileProjectAction
18501:             1             24  com.intellij.compiler.actions.DebugBuildProcessToggleAction
18502:             1             24  com.intellij.compiler.actions.GenerateAntBuildAction
18503:             1             24  com.intellij.compiler.actions.MakeModuleAction
18504:             1             24  com.intellij.compiler.backwardRefs.CompilerHierarchySearchType$1
18505:             1             24  com.intellij.compiler.backwardRefs.CompilerHierarchySearchType$2
18506:             1             24  com.intellij.compiler.impl.CompilerCacheManager$$Lambda$2973/624157094
18507:             1             24  com.intellij.compiler.impl.CompilerPropertiesAction
18508:             1             24  com.intellij.compiler.impl.GenericCompilerRunner$$Lambda$2974/1169419367
18509:             1             24  com.intellij.compiler.impl.ProblemsViewImpl$2
18510:             1             24  com.intellij.compiler.impl.generic.GenericCompilerCache
18511:             1             24  com.intellij.compiler.impl.generic.GenericCompilerCache$PersistentStateDataExternalizer
18512:             1             24  com.intellij.compiler.impl.generic.GenericCompilerCache$SourceItemDataDescriptor
18513:             1             24  com.intellij.compiler.options.ExcludeFromValidationAction
18514:             1             24  com.intellij.compiler.options.ValidateAction
18515:             1             24  com.intellij.compiler.server.AutoMakeMessageHandler$$Lambda$2253/762914712
18516:             1             24  com.intellij.compiler.server.BuildManager$$Lambda$1461/1420473317
18517:             1             24  com.intellij.compiler.server.BuildManager$$Lambda$3249/1676186074
18518:             1             24  com.intellij.compiler.server.BuildManager$3
18519:             1             24  com.intellij.compiler.server.BuildManager$3$$Lambda$1993/1057700144
18520:             1             24  com.intellij.compiler.server.BuildManager$8
18521:             1             24  com.intellij.compiler.server.BuildManager$ProjectWatcher
18522:             1             24  com.intellij.compiler.server.BuildManager$ProjectWatcher$$Lambda$706/913980800
18523:             1             24  com.intellij.compiler.server.BuildManager$ProjectWatcher$3
18524:             1             24  com.intellij.configurationStore.SchemeManagerFactoryBase$ApplicationSchemeManagerFactory
18525:             1             24  com.intellij.configurationStore.XmlSerializer$serializer$1
18526:             1             24  com.intellij.copyright.CopyrightManagerPostStartupActivity$runActivity$2
18527:             1             24  com.intellij.coverage.CoverageDataManagerImpl$5
18528:             1             24  com.intellij.coverage.CoverageDataManagerImpl$CoverageEditorFactoryListener
18529:             1             24  com.intellij.coverage.actions.GenerateCoverageReportAction
18530:             1             24  com.intellij.coverage.actions.HideCoverageInfoAction
18531:             1             24  com.intellij.coverage.actions.SwitchCoverageSuiteAction
18532:             1             24  com.intellij.coverage.view.CoverageViewSuiteListener
18533:             1             24  com.intellij.credentialStore.MasterKeyFileStorage
18534:             1             24  com.intellij.credentialStore.PasswordSafeSettings
18535:             1             24  com.intellij.credentialStore.PasswordSafeSettings$State
18536:             1             24  com.intellij.credentialStore.kdbx.KeePassDatabase
18537:             1             24  com.intellij.cvsSupport2.actions.ConfigureCvsRootsAction
18538:             1             24  com.intellij.cvsSupport2.actions.GlobalSettingsAction
18539:             1             24  com.intellij.cvsSupport2.actions.ToggleOfflineAction
18540:             1             24  com.intellij.database.actions.AssignColorAction
18541:             1             24  com.intellij.database.actions.ColumnsWidthAction$DecreaseColumnsWidthAction
18542:             1             24  com.intellij.database.actions.ColumnsWidthAction$IncreaseColumnsWidthAction
18543:             1             24  com.intellij.database.actions.CreateDataSourceFromSettings
18544:             1             24  com.intellij.database.actions.DataSourceCopySettingsAction
18545:             1             24  com.intellij.database.actions.DatabaseCliAction$Dump
18546:             1             24  com.intellij.database.actions.DatabaseCliAction$Restore
18547:             1             24  com.intellij.database.actions.DatabaseViewActions$CopyAction
18548:             1             24  com.intellij.database.actions.DatabaseViewActions$DisconnectAction
18549:             1             24  com.intellij.database.actions.DatabaseViewActions$FilterAction
18550:             1             24  com.intellij.database.actions.DatabaseViewActions$ForgetSchemasAction
18551:             1             24  com.intellij.database.actions.DatabaseViewActions$MoveToGroup
18552:             1             24  com.intellij.database.actions.DatabaseViewActions$ToolsGroup
18553:             1             24  com.intellij.database.actions.DdlActions$AddColumnAction
18554:             1             24  com.intellij.database.actions.DdlActions$AddDatabaseAction
18555:             1             24  com.intellij.database.actions.DdlActions$AddForeignKeyAction
18556:             1             24  com.intellij.database.actions.DdlActions$AddIndexAction
18557:             1             24  com.intellij.database.actions.DdlActions$AddPrimaryKeyAction
18558:             1             24  com.intellij.database.actions.DdlActions$AddSchemaAction
18559:             1             24  com.intellij.database.actions.DdlActions$AddTableAction
18560:             1             24  com.intellij.database.actions.DdlActions$BatchAddIndicesAction
18561:             1             24  com.intellij.database.actions.DdlActions$BatchModifyIndicesAction
18562:             1             24  com.intellij.database.actions.DdlActions$CommentOnObjectAction
18563:             1             24  com.intellij.database.actions.DdlActions$DropForeignKeyAction
18564:             1             24  com.intellij.database.actions.DdlActions$DropPrimaryKeyAction
18565:             1             24  com.intellij.database.actions.EditAsTableAction
18566:             1             24  com.intellij.database.actions.ExplainPlanAction
18567:             1             24  com.intellij.database.actions.ExplainPlanAction$Raw
18568:             1             24  com.intellij.database.actions.GenerateSqlActions$CopyDdlAction
18569:             1             24  com.intellij.database.actions.GenerateSqlActions$CopyDdlFromDbAction
18570:             1             24  com.intellij.database.actions.GenerateSqlActions$OpenDdlInConsoleAction
18571:             1             24  com.intellij.database.actions.GenerateSqlActions$ShowSqlGeneratorAction
18572:             1             24  com.intellij.database.actions.GridOccurrenceSelectionAction$SelectAllOccurrencesAction
18573:             1             24  com.intellij.database.actions.GridOccurrenceSelectionAction$SelectNextOccurrenceAction
18574:             1             24  com.intellij.database.actions.GridOccurrenceSelectionAction$UnselectPreviousOccurrenceAction
18575:             1             24  com.intellij.database.actions.GrowSelectionAction
18576:             1             24  com.intellij.database.actions.HideSchemasAction
18577:             1             24  com.intellij.database.actions.ImportAction
18578:             1             24  com.intellij.database.actions.ImportAction$CopyTable
18579:             1             24  com.intellij.database.actions.ImportAction$ImportTable
18580:             1             24  com.intellij.database.actions.ImportDataSourceAction
18581:             1             24  com.intellij.database.actions.ImportFromSqlAction
18582:             1             24  com.intellij.database.actions.ManageDataSourcesAction
18583:             1             24  com.intellij.database.actions.OpenConsoleAction
18584:             1             24  com.intellij.database.actions.OpenEditorAction$OpenDDLAction
18585:             1             24  com.intellij.database.actions.OpenEditorAction$OpenDDLGridAction
18586:             1             24  com.intellij.database.actions.OpenEditorAction$OpenDataAction
18587:             1             24  com.intellij.database.actions.OpenEditorAction$OpenDefaultAction
18588:             1             24  com.intellij.database.actions.ResetColumnsWidth
18589:             1             24  com.intellij.database.actions.SelectRowAction
18590:             1             24  com.intellij.database.actions.ShowSchemasAction
18591:             1             24  com.intellij.database.actions.SynchronizeSchemaAction
18592:             1             24  com.intellij.database.console.DbConsoleRootType
18593:             1             24  com.intellij.database.console.DbConsoleRootType$1
18594:             1             24  com.intellij.database.console.RunSqlScriptAction
18595:             1             24  com.intellij.database.console.evaluation.JdbcConsoleEvaluationSupport
18596:             1             24  com.intellij.database.dataSource.srcStorage.DbSrcChangesTracker$App$1
18597:             1             24  com.intellij.database.dataSource.srcStorage.DbSrcFileSystem$1
18598:             1             24  com.intellij.database.datagrid.GridPositionWidget
18599:             1             24  com.intellij.database.datagrid.GridPositionWidget$1
18600:             1             24  com.intellij.database.datagrid.GridPositionWidget$2
18601:             1             24  com.intellij.database.diagram.DbDiagramProvider$1
18602:             1             24  com.intellij.database.diagram.DbDiagramProvider$4
18603:             1             24  com.intellij.database.diff.SchemaDiffAction
18604:             1             24  com.intellij.database.editor.CsvTableFileEditorProvider
18605:             1             24  com.intellij.database.editor.DatabaseTableFileEditorProvider
18606:             1             24  com.intellij.database.editor.FragmentTableFileEditorProvider
18607:             1             24  com.intellij.database.editor.GotoRowAction
18608:             1             24  com.intellij.database.model.ObjectName
18609:             1             24  com.intellij.database.run.ConsoleDataRequest$EscapeHandler
18610:             1             24  com.intellij.database.run.actions.AddColumnAction
18611:             1             24  com.intellij.database.run.actions.AddRowAction
18612:             1             24  com.intellij.database.run.actions.CancelQueryAction
18613:             1             24  com.intellij.database.run.actions.ChangeCellEditorLanguageAction
18614:             1             24  com.intellij.database.run.actions.ChangeColumnLanguageAction
18615:             1             24  com.intellij.database.run.actions.ChooseConsoleAction
18616:             1             24  com.intellij.database.run.actions.ChooseExtractorAction
18617:             1             24  com.intellij.database.run.actions.ChooseSchemaAction
18618:             1             24  com.intellij.database.run.actions.CloneColumnAction
18619:             1             24  com.intellij.database.run.actions.CloneRowAction
18620:             1             24  com.intellij.database.run.actions.ColumnAction$SortAsc
18621:             1             24  com.intellij.database.run.actions.ColumnAction$SortDesc
18622:             1             24  com.intellij.database.run.actions.ColumnAction$SortReset
18623:             1             24  com.intellij.database.run.actions.ColumnAction$Visibility
18624:             1             24  com.intellij.database.run.actions.ColumnsListAction
18625:             1             24  com.intellij.database.run.actions.CompareCellsAction
18626:             1             24  com.intellij.database.run.actions.CompareWithGroup$1
18627:             1             24  com.intellij.database.run.actions.CountRowsAction
18628:             1             24  com.intellij.database.run.actions.DeleteColumnsAction
18629:             1             24  com.intellij.database.run.actions.DeleteRowsAction
18630:             1             24  com.intellij.database.run.actions.DumpAction$ToClipboard
18631:             1             24  com.intellij.database.run.actions.DumpAction$ToFile
18632:             1             24  com.intellij.database.run.actions.EditFilterCriteriaAction
18633:             1             24  com.intellij.database.run.actions.EditValueAction
18634:             1             24  com.intellij.database.run.actions.EditValueInMaximizedCellEditorAction
18635:             1             24  com.intellij.database.run.actions.FindInGridAction
18636:             1             24  com.intellij.database.run.actions.HideColumnAction
18637:             1             24  com.intellij.database.run.actions.LoadFileAction
18638:             1             24  com.intellij.database.run.actions.MaximizeEditingCellAction
18639:             1             24  com.intellij.database.run.actions.NavigateAction
18640:             1             24  com.intellij.database.run.actions.NavigateAction$ExportedAction
18641:             1             24  com.intellij.database.run.actions.NavigateAction$ForeignAction
18642:             1             24  com.intellij.database.run.actions.PageAction$First
18643:             1             24  com.intellij.database.run.actions.PageAction$Last
18644:             1             24  com.intellij.database.run.actions.PageAction$Next
18645:             1             24  com.intellij.database.run.actions.PageAction$Previous
18646:             1             24  com.intellij.database.run.actions.PageAction$Reload
18647:             1             24  com.intellij.database.run.actions.RenameTabAction
18648:             1             24  com.intellij.database.run.actions.ResetViewAction
18649:             1             24  com.intellij.database.run.actions.RevertMutations
18650:             1             24  com.intellij.database.run.actions.SaveLobAsAction
18651:             1             24  com.intellij.database.run.actions.ShowPropertiesAction
18652:             1             24  com.intellij.database.run.actions.ShowPropertiesAction$CsvFormats
18653:             1             24  com.intellij.database.run.actions.SubmitMutations
18654:             1             24  com.intellij.database.run.actions.ToggleFiltersAction
18655:             1             24  com.intellij.database.run.actions.ToggleSortingModeAction
18656:             1             24  com.intellij.database.run.actions.TransactionAction$Commit
18657:             1             24  com.intellij.database.run.actions.TransactionAction$RevertAndRollback
18658:             1             24  com.intellij.database.run.actions.TransactionAction$Rollback
18659:             1             24  com.intellij.database.run.actions.TransactionAction$SubmitAndCommit
18660:             1             24  com.intellij.database.run.actions.TransposeAction
18661:             1             24  com.intellij.database.run.actions.ViewQueryAction
18662:             1             24  com.intellij.database.run.ui.grid.editors.CellEditorScratchRootType
18663:             1             24  com.intellij.database.util.DasUtil$EmptyModel
18664:             1             24  com.intellij.database.vendors.oracle.OracleProcessDbmsOutputAction
18665:             1             24  com.intellij.database.vfs.DbStorageFileType$H2Storage
18666:             1             24  com.intellij.database.vfs.DbStorageFileType$SqliteStorage
18667:             1             24  com.intellij.database.view.DatabaseColorManager$Local$1
18668:             1             24  com.intellij.debugger.actions.AddSteppingFilterAction
18669:             1             24  com.intellij.debugger.actions.ArrayAction$AdjustArrayRangeAction
18670:             1             24  com.intellij.debugger.actions.ArrayAction$FilterArrayAction
18671:             1             24  com.intellij.debugger.actions.ArrayFilterAction$Delete
18672:             1             24  com.intellij.debugger.actions.ArrayFilterAction$Edit
18673:             1             24  com.intellij.debugger.actions.AsyncStacksToggleAction
18674:             1             24  com.intellij.debugger.actions.AutoRendererAction
18675:             1             24  com.intellij.debugger.actions.CreateRendererAction
18676:             1             24  com.intellij.debugger.actions.CustomizeContextViewAction
18677:             1             24  com.intellij.debugger.actions.CustomizeThreadsViewAction
18678:             1             24  com.intellij.debugger.actions.EditCustomFieldAction
18679:             1             24  com.intellij.debugger.actions.EditFrameSourceAction
18680:             1             24  com.intellij.debugger.actions.EditSourceAction
18681:             1             24  com.intellij.debugger.actions.ExportThreadsAction
18682:             1             24  com.intellij.debugger.actions.ForceEarlyReturnAction
18683:             1             24  com.intellij.debugger.actions.FreezeThreadAction
18684:             1             24  com.intellij.debugger.actions.HotSwapAction
18685:             1             24  com.intellij.debugger.actions.InterruptThreadAction
18686:             1             24  com.intellij.debugger.actions.JumpToObjectAction
18687:             1             24  com.intellij.debugger.actions.NewCustomFieldAction
18688:             1             24  com.intellij.debugger.actions.PopFrameAction
18689:             1             24  com.intellij.debugger.actions.RemoveCustomFieldAction
18690:             1             24  com.intellij.debugger.actions.ResumeThreadAction
18691:             1             24  com.intellij.debugger.actions.ShowRelatedStackAction
18692:             1             24  com.intellij.debugger.actions.SwitchToTheNextContextAction
18693:             1             24  com.intellij.debugger.actions.ThreadDumpAction
18694:             1             24  com.intellij.debugger.actions.ThrowExceptionAction
18695:             1             24  com.intellij.debugger.actions.ToggleFieldBreakpointAction
18696:             1             24  com.intellij.debugger.actions.ToggleMethodBreakpointAction
18697:             1             24  com.intellij.debugger.actions.ViewTextAction
18698:             1             24  com.intellij.debugger.memory.action.EnableBackgroundTrackingAction
18699:             1             24  com.intellij.debugger.memory.action.JumpToTypeSourceAction
18700:             1             24  com.intellij.debugger.memory.action.ShowClassesWithDiffAction
18701:             1             24  com.intellij.debugger.memory.action.ShowClassesWithInstanceAction
18702:             1             24  com.intellij.debugger.memory.action.ShowInstancesByClassAction
18703:             1             24  com.intellij.debugger.memory.action.ShowInstancesFromClassesViewAction
18704:             1             24  com.intellij.debugger.memory.action.ShowNewInstancesAction
18705:             1             24  com.intellij.debugger.memory.action.ShowTrackedAction
18706:             1             24  com.intellij.debugger.memory.action.SwitchUpdateModeAction
18707:             1             24  com.intellij.debugger.memory.action.tracking.JumpToAllocationSourceAction
18708:             1             24  com.intellij.debugger.memory.action.tracking.TrackInstancesToggleAction
18709:             1             24  com.intellij.debugger.memory.component.MemoryViewManager
18710:             1             24  com.intellij.debugger.memory.tracking.TrackingType
18711:             1             24  com.intellij.debugger.streams.lib.impl.DefaultLibrarySupport
18712:             1             24  com.intellij.debugger.ui.JavaDebuggerSupport
18713:             1             24  com.intellij.debugger.ui.breakpoints.JavaExceptionBreakpointType
18714:             1             24  com.intellij.debugger.ui.breakpoints.JavaFieldBreakpointType
18715:             1             24  com.intellij.debugger.ui.breakpoints.JavaLineBreakpointType
18716:             1             24  com.intellij.debugger.ui.breakpoints.JavaMethodBreakpointType
18717:             1             24  com.intellij.debugger.ui.breakpoints.JavaWildcardMethodBreakpointType
18718:             1             24  com.intellij.debugger.ui.tree.actions.ForceOnDemandRenderersAction
18719:             1             24  com.intellij.designer.inspector.impl.actions.AddPropertyAction
18720:             1             24  com.intellij.designer.inspector.impl.actions.EditPropertyAction
18721:             1             24  com.intellij.designer.inspector.impl.actions.RemovePropertyAction
18722:             1             24  com.intellij.diagnostic.IdeFatalErrorsIcon$1
18723:             1             24  com.intellij.diagnostic.MessagePool
18724:             1             24  com.intellij.diagnostic.PerformanceWatcher$1
18725:             1             24  com.intellij.diagnostic.logging.LogFilesManager
18726:             1             24  com.intellij.diagnostic.logging.LogFilesManager$1
18727:             1             24  com.intellij.diagram.actions.CollapseNodesAction
18728:             1             24  com.intellij.diagram.actions.DiagramIntentionAction
18729:             1             24  com.intellij.diagram.actions.ExpandNodesAction
18730:             1             24  com.intellij.diff.actions.CompareClipboardWithSelectionAction
18731:             1             24  com.intellij.diff.actions.CompareFileWithEditorAction
18732:             1             24  com.intellij.diff.impl.DiffRequestProcessor$DefaultState
18733:             1             24  com.intellij.diff.requests.NoDiffRequest
18734:             1             24  com.intellij.diff.tools.ErrorDiffTool$MyViewer
18735:             1             24  com.intellij.dmserver.artifacts.DMBundleArtifactType
18736:             1             24  com.intellij.dmserver.artifacts.DMCompositePackagingElementType
18737:             1             24  com.intellij.dmserver.artifacts.DMConfigArtifactType
18738:             1             24  com.intellij.dmserver.artifacts.DMConfigPackagingElementType
18739:             1             24  com.intellij.dmserver.artifacts.DMContainerPackagingElementType
18740:             1             24  com.intellij.dmserver.artifacts.DMParArtifactType
18741:             1             24  com.intellij.dmserver.artifacts.DMPlanArtifactType
18742:             1             24  com.intellij.dmserver.completion.ManifestImportsCompletionContributor
18743:             1             24  com.intellij.dmserver.integration.DMServerIntegration
18744:             1             24  com.intellij.dmserver.libraries.ManageServerLibrariesAction
18745:             1             24  com.intellij.dsm.actions.CloseAction
18746:             1             24  com.intellij.dsm.actions.DepsFindUsagesAction
18747:             1             24  com.intellij.dsm.actions.ExploreDependenciesAction
18748:             1             24  com.intellij.dsm.actions.GoToNextCycleAction
18749:             1             24  com.intellij.dsm.actions.LimitDependenciesAction
18750:             1             24  com.intellij.dsm.actions.OpenInEditorAction
18751:             1             24  com.intellij.dsm.actions.ToggleCyclesAction
18752:             1             24  com.intellij.dsm.actions.ToggleFlattenPackagesAction
18753:             1             24  com.intellij.dsm.actions.ToggleGradientAction
18754:             1             24  com.intellij.dsm.actions.ToggleModuleGroupsAction
18755:             1             24  com.intellij.dsm.actions.ToggleModulesAction
18756:             1             24  com.intellij.dsm.actions.TogglePackagesAction
18757:             1             24  com.intellij.dsm.actions.ZoomInAction
18758:             1             24  com.intellij.dsm.actions.ZoomOutAction
18759:             1             24  com.intellij.dupLocator.JavaDuplicatesProfile
18760:             1             24  com.intellij.dupLocator.index.DuplicatesIndex
18761:             1             24  com.intellij.dvcs.actions.SetRepositoryChangesGroupingAction
18762:             1             24  com.intellij.dvcs.cherrypick.VcsCherryPickAction
18763:             1             24  com.intellij.dvcs.push.VcsPushAction
18764:             1             24  com.intellij.dvcs.repo.AbstractRepositoryManager$$Lambda$1736/987509975
18765:             1             24  com.intellij.dvcs.repo.Repository$State$1
18766:             1             24  com.intellij.dvcs.repo.Repository$State$2
18767:             1             24  com.intellij.dvcs.repo.Repository$State$3
18768:             1             24  com.intellij.embedding.EmbeddedLazyParseableElementType
18769:             1             24  com.intellij.execution.ExecutionBundle
18770:             1             24  com.intellij.execution.actions.ChooseDebugConfigurationPopupAction
18771:             1             24  com.intellij.execution.actions.ChooseRunConfigurationPopupAction
18772:             1             24  com.intellij.execution.actions.EOFAction
18773:             1             24  com.intellij.execution.actions.ShowRunningListAction
18774:             1             24  com.intellij.execution.applet.AppletConfigurationType$1
18775:             1             24  com.intellij.execution.compound.CompoundRunConfigurationType$1
18776:             1             24  com.intellij.execution.configuration.EnvironmentVariablesData
18777:             1             24  com.intellij.execution.console.ConsoleFoldingSettings
18778:             1             24  com.intellij.execution.console.FoldLinesLikeThis
18779:             1             24  com.intellij.execution.console.HistoryRootType
18780:             1             24  com.intellij.execution.console.IdeConsoleRootType
18781:             1             24  com.intellij.execution.console.RunIdeConsoleAction
18782:             1             24  com.intellij.execution.dashboard.RunDashboardManagerImpl$RuleState
18783:             1             24  com.intellij.execution.dashboard.RunDashboardManagerImpl$State
18784:             1             24  com.intellij.execution.dashboard.actions.CopyConfigurationAction
18785:             1             24  com.intellij.execution.dashboard.actions.DebugAction
18786:             1             24  com.intellij.execution.dashboard.actions.EditConfigurationAction
18787:             1             24  com.intellij.execution.dashboard.actions.GroupConfigurationsAction
18788:             1             24  com.intellij.execution.dashboard.actions.RemoveConfigurationAction
18789:             1             24  com.intellij.execution.dashboard.actions.RunAction
18790:             1             24  com.intellij.execution.dashboard.actions.ShowConfigurationsAction
18791:             1             24  com.intellij.execution.dashboard.actions.StopAction
18792:             1             24  com.intellij.execution.dashboard.actions.UngroupConfigurationsActions
18793:             1             24  com.intellij.execution.executors.DefaultDebugExecutor
18794:             1             24  com.intellij.execution.impl.ConsoleViewImpl$$Lambda$2994/1380421612
18795:             1             24  com.intellij.execution.impl.ConsoleViewImpl$$Lambda$3027/1913545716
18796:             1             24  com.intellij.execution.impl.DefaultJavaProgramRunner$2
18797:             1             24  com.intellij.execution.impl.EditorHyperlinkSupport
18798:             1             24  com.intellij.execution.impl.EditorHyperlinkSupport$2
18799:             1             24  com.intellij.execution.impl.ExecutionManagerKtImpl$startRunProfile$startRunnable$1$2$1
18800:             1             24  com.intellij.execution.impl.ExecutionManagerKtImpl$startRunProfile$startRunnable$1$2$1$1
18801:             1             24  com.intellij.execution.impl.ProjectRunConfigurationInitializer$1
18802:             1             24  com.intellij.execution.impl.TokenBuffer$TokenInfo
18803:             1             24  com.intellij.execution.jar.JarApplicationConfigurationType$1
18804:             1             24  com.intellij.execution.jshell.JShellRootType
18805:             1             24  com.intellij.execution.jshell.LaunchJShellConsoleAction
18806:             1             24  com.intellij.execution.junit.JUnitAddToTestsPatternAction
18807:             1             24  com.intellij.execution.junit.JUnitExcludeFromRunAction
18808:             1             24  com.intellij.execution.junit.TestInClassConfigurationProducer
18809:             1             24  com.intellij.execution.process.ColoredOutputTypeRegistry
18810:             1             24  com.intellij.execution.remote.RemoteConfigurationType$1
18811:             1             24  com.intellij.execution.rmi.RemoteDeadHand$TwoMinutesTurkish
18812:             1             24  com.intellij.execution.rmi.RemoteProcessSupport$2
18813:             1             24  com.intellij.execution.runners.FakeRerunAction
18814:             1             24  com.intellij.execution.runners.GenericProgramRunner$execute$$inlined$runProfileStarter$1
18815:             1             24  com.intellij.execution.runners.RerunTestsAction
18816:             1             24  com.intellij.execution.scratch.JavaScratchConfigurationType
18817:             1             24  com.intellij.execution.scratch.JavaScratchConfigurationType$1
18818:             1             24  com.intellij.execution.startup.ProjectStartupTaskManager
18819:             1             24  com.intellij.execution.testframework.actions.RerunFailedTestsAction
18820:             1             24  com.intellij.execution.testframework.actions.SelectInTreeAction
18821:             1             24  com.intellij.execution.testframework.actions.ViewAssertEqualsDiffAction
18822:             1             24  com.intellij.execution.ui.RunContentManagerImpl$CloseListener
18823:             1             24  com.intellij.execution.ui.layout.actions.CloseAllUnpinnedViewsAction
18824:             1             24  com.intellij.execution.ui.layout.actions.CloseAllViewsAction
18825:             1             24  com.intellij.execution.ui.layout.actions.CloseOtherViewsAction
18826:             1             24  com.intellij.execution.ui.layout.actions.CloseViewAction
18827:             1             24  com.intellij.execution.ui.layout.actions.MinimizeViewAction
18828:             1             24  com.intellij.execution.ui.layout.actions.RestoreLayoutAction
18829:             1             24  com.intellij.execution.update.UpdateRunningApplicationAction
18830:             1             24  com.intellij.facet.FacetFromExternalSourcesStorage
18831:             1             24  com.intellij.facet.impl.FacetTypeRegistryImpl
18832:             1             24  com.intellij.featureStatistics.actions.ShowFeatureUsageStatisticsAction
18833:             1             24  com.intellij.find.actions.FindInPathAction
18834:             1             24  com.intellij.find.actions.FindUsagesAction
18835:             1             24  com.intellij.find.actions.FindUsagesAction$ShowSettingsAndFindUsages
18836:             1             24  com.intellij.find.actions.FindUsagesInFileAction
18837:             1             24  com.intellij.find.actions.ReplaceInPathAction
18838:             1             24  com.intellij.find.impl.ShowRecentFindUsagesAction
18839:             1             24  com.intellij.formatting.DependentSpacingRule
18840:             1             24  com.intellij.formatting.ProbablyIncreasingLowerboundAlgorithm
18841:             1             24  com.intellij.formatting.alignment.AlignmentStrategy$SharedAlignmentStrategy
18842:             1             24  com.intellij.framework.detection.FacetBasedFrameworkDetector$FacetBasedFrameworkType
18843:             1             24  com.intellij.framework.detection.FileContentPattern$3
18844:             1             24  com.intellij.framework.detection.impl.DetectedFrameworksData
18845:             1             24  com.intellij.framework.detection.impl.FrameworkDetectionIndex$1
18846:             1             24  com.intellij.freemarker.FreeMarkerBundle
18847:             1             24  com.intellij.freemarker.inspections.CreateDynamicMethodFix
18848:             1             24  com.intellij.freemarker.inspections.CreateSignatureDirectiveFromUsage$Explicit
18849:             1             24  com.intellij.freemarker.inspections.CreateSignatureDirectiveFromUsage$Implicit
18850:             1             24  com.intellij.freemarker.inspections.DefineImplicitToplevelVariableIntention$Local
18851:             1             24  com.intellij.freemarker.inspections.DefineImplicitToplevelVariableIntention$LocalExternal
18852:             1             24  com.intellij.freemarker.inspections.DefineImplicitVariableIntention$Local
18853:             1             24  com.intellij.freemarker.inspections.DefineImplicitVariableIntention$LocalExternal
18854:             1             24  com.intellij.freemarker.inspections.DefineImplicitVariableIntention$ModuleWide
18855:             1             24  com.intellij.freemarker.psi.FtlCompositeElementTypes$1
18856:             1             24  com.intellij.freemarker.psi.FtlCompositeElementTypes$10
18857:             1             24  com.intellij.freemarker.psi.FtlCompositeElementTypes$11
18858:             1             24  com.intellij.freemarker.psi.FtlCompositeElementTypes$12
18859:             1             24  com.intellij.freemarker.psi.FtlCompositeElementTypes$13
18860:             1             24  com.intellij.freemarker.psi.FtlCompositeElementTypes$14
18861:             1             24  com.intellij.freemarker.psi.FtlCompositeElementTypes$15
18862:             1             24  com.intellij.freemarker.psi.FtlCompositeElementTypes$16
18863:             1             24  com.intellij.freemarker.psi.FtlCompositeElementTypes$17
18864:             1             24  com.intellij.freemarker.psi.FtlCompositeElementTypes$18
18865:             1             24  com.intellij.freemarker.psi.FtlCompositeElementTypes$19
18866:             1             24  com.intellij.freemarker.psi.FtlCompositeElementTypes$2
18867:             1             24  com.intellij.freemarker.psi.FtlCompositeElementTypes$20
18868:             1             24  com.intellij.freemarker.psi.FtlCompositeElementTypes$21
18869:             1             24  com.intellij.freemarker.psi.FtlCompositeElementTypes$22
18870:             1             24  com.intellij.freemarker.psi.FtlCompositeElementTypes$23
18871:             1             24  com.intellij.freemarker.psi.FtlCompositeElementTypes$24
18872:             1             24  com.intellij.freemarker.psi.FtlCompositeElementTypes$3
18873:             1             24  com.intellij.freemarker.psi.FtlCompositeElementTypes$4
18874:             1             24  com.intellij.freemarker.psi.FtlCompositeElementTypes$5
18875:             1             24  com.intellij.freemarker.psi.FtlCompositeElementTypes$6
18876:             1             24  com.intellij.freemarker.psi.FtlCompositeElementTypes$7
18877:             1             24  com.intellij.freemarker.psi.FtlCompositeElementTypes$8
18878:             1             24  com.intellij.freemarker.psi.FtlCompositeElementTypes$9
18879:             1             24  com.intellij.freemarker.psi.FtlElementTypes$1
18880:             1             24  com.intellij.freemarker.psi.FtlElementTypes$2
18881:             1             24  com.intellij.freemarker.psi.FtlElementTypes$3
18882:             1             24  com.intellij.freemarker.psi.FtlQualifierType
18883:             1             24  com.intellij.guice.intentions.ToggleInjectionRequiredIntention
18884:             1             24  com.intellij.gwt.actions.CreateGwtEntryPointAction
18885:             1             24  com.intellij.gwt.actions.CreateGwtRemoteServiceAction
18886:             1             24  com.intellij.gwt.actions.CreateGwtSerializableClassAction
18887:             1             24  com.intellij.gwt.actions.CreateGwtTestCaseAction
18888:             1             24  com.intellij.gwt.actions.CreateGwtUiRendererAction
18889:             1             24  com.intellij.gwt.build.GwtBuildTargetScopeProvider$$Lambda$839/1291355303
18890:             1             24  com.intellij.gwt.build.GwtBuildTargetScopeProvider$$Lambda$841/1570090953
18891:             1             24  com.intellij.gwt.clientBundle.css.GwtCssElementDescriptorProvider
18892:             1             24  com.intellij.gwt.facet.GwtFacetType$GwtFrameworkDetector
18893:             1             24  com.intellij.gwt.make.report.GenerateCompileReportAction
18894:             1             24  com.intellij.gwt.module.index.GwtHtmlFileIndex$2
18895:             1             24  com.intellij.gwt.packaging.GwtCompilerDeployOutputElementType
18896:             1             24  com.intellij.gwt.packaging.GwtCompilerOutputElementType
18897:             1             24  com.intellij.gwt.uiBinder.UiBinderUtil$UiXmlFilesScope
18898:             1             24  com.intellij.hibernate.actions.AssignNamingStrategiesAction
18899:             1             24  com.intellij.hibernate.facet.HibernateFacetType$HibernateFrameworkDetector
18900:             1             24  com.intellij.hibernate.model.enums.HibernateAttributeType$1
18901:             1             24  com.intellij.hibernate.model.enums.HibernateAttributeType$10
18902:             1             24  com.intellij.hibernate.model.enums.HibernateAttributeType$11
18903:             1             24  com.intellij.hibernate.model.enums.HibernateAttributeType$12
18904:             1             24  com.intellij.hibernate.model.enums.HibernateAttributeType$13
18905:             1             24  com.intellij.hibernate.model.enums.HibernateAttributeType$14
18906:             1             24  com.intellij.hibernate.model.enums.HibernateAttributeType$15
18907:             1             24  com.intellij.hibernate.model.enums.HibernateAttributeType$2
18908:             1             24  com.intellij.hibernate.model.enums.HibernateAttributeType$3
18909:             1             24  com.intellij.hibernate.model.enums.HibernateAttributeType$4
18910:             1             24  com.intellij.hibernate.model.enums.HibernateAttributeType$5
18911:             1             24  com.intellij.hibernate.model.enums.HibernateAttributeType$6
18912:             1             24  com.intellij.hibernate.model.enums.HibernateAttributeType$7
18913:             1             24  com.intellij.hibernate.model.enums.HibernateAttributeType$8
18914:             1             24  com.intellij.hibernate.model.enums.HibernateAttributeType$9
18915:             1             24  com.intellij.history.core.LocalHistoryFacade
18916:             1             24  com.intellij.history.core.LocalHistoryFacade$1
18917:             1             24  com.intellij.history.core.LocalHistoryFacade$3
18918:             1             24  com.intellij.history.core.LocalHistoryRecordsTable
18919:             1             24  com.intellij.history.integration.IdeaGateway$$Lambda$2970/371351633
18920:             1             24  com.intellij.history.integration.IdeaGateway$VersionedFilterData
18921:             1             24  com.intellij.history.integration.LocalHistoryBundle
18922:             1             24  com.intellij.history.integration.LocalHistoryEventDispatcher
18923:             1             24  com.intellij.history.integration.LocalHistoryEventDispatcher$$Lambda$1988/1950431726
18924:             1             24  com.intellij.history.integration.LocalHistoryEventDispatcher$$Lambda$1991/1649337910
18925:             1             24  com.intellij.history.integration.LocalHistoryImpl$1
18926:             1             24  com.intellij.history.integration.ui.actions.PutLabelAction
18927:             1             24  com.intellij.history.integration.ui.actions.RecentChangesAction
18928:             1             24  com.intellij.history.integration.ui.actions.ShowHistoryAction
18929:             1             24  com.intellij.history.integration.ui.actions.ShowSelectionHistoryAction
18930:             1             24  com.intellij.html.index.Html5CustomAttributesIndex$2
18931:             1             24  com.intellij.htmltools.codeInspection.htmlInspections.HtmlLabelsHolder$1
18932:             1             24  com.intellij.htmltools.codeInspection.htmlInspections.HtmlLabelsHolder$LabelGatheringRecursiveVisitor
18933:             1             24  com.intellij.htmltools.codeInspection.htmlInspections.HtmlNonExistentInternetResourceInspection
18934:             1             24  com.intellij.htmltools.ide.browsers.actions.WebOpenInAction
18935:             1             24  com.intellij.htmltools.xml.util.HtmlUpdateImageSizeIntention
18936:             1             24  com.intellij.ide.ActivityTracker
18937:             1             24  com.intellij.ide.ApplicationActivationStateManager$1
18938:             1             24  com.intellij.ide.DisplayChangeDetector
18939:             1             24  com.intellij.ide.FrameStateManagerImpl$1
18940:             1             24  com.intellij.ide.FrameStateManagerImpl$2
18941:             1             24  com.intellij.ide.FrameStateManagerImpl$2$$Lambda$2840/209948002
18942:             1             24  com.intellij.ide.FrameStateManagerImpl$3
18943:             1             24  com.intellij.ide.GeneratedSourceFileChangeTrackerImpl$$Lambda$2904/1158772381
18944:             1             24  com.intellij.ide.GeneratedSourceFileChangeTrackerImpl$2
18945:             1             24  com.intellij.ide.GeneratedSourceFileChangeTrackerImpl$5
18946:             1             24  com.intellij.ide.IdeBundle
18947:             1             24  com.intellij.ide.IdeEventQueue$WindowsAltSuppressor
18948:             1             24  com.intellij.ide.IdeTooltipManager$$Lambda$2839/1148855378
18949:             1             24  com.intellij.ide.ManageRecentProjectsAction
18950:             1             24  com.intellij.ide.NativeIconProvider
18951:             1             24  com.intellij.ide.PowerSaveMode
18952:             1             24  com.intellij.ide.PsiCopyPasteManager
18953:             1             24  com.intellij.ide.SaveAndSyncHandlerImpl$$Lambda$175/339098390
18954:             1             24  com.intellij.ide.ScreenReaderSupportHandler
18955:             1             24  com.intellij.ide.SystemHealthMonitor$4
18956:             1             24  com.intellij.ide.TypePresentationServiceImpl
18957:             1             24  com.intellij.ide.TypePresentationServiceImpl$1
18958:             1             24  com.intellij.ide.UiActivityMonitorImpl
18959:             1             24  com.intellij.ide.UiActivityMonitorImpl$2
18960:             1             24  com.intellij.ide.a.e
18961:             1             24  com.intellij.ide.actionMacro.actions.EditMacrosAction
18962:             1             24  com.intellij.ide.actionMacro.actions.PlaySavedMacros
18963:             1             24  com.intellij.ide.actionMacro.actions.PlaybackLastMacroAction
18964:             1             24  com.intellij.ide.actionMacro.actions.StartStopMacroRecordingAction
18965:             1             24  com.intellij.ide.actions.AboutAction
18966:             1             24  com.intellij.ide.actions.AssociateFileTypeAction
18967:             1             24  com.intellij.ide.actions.BackAction
18968:             1             24  com.intellij.ide.actions.ChangeSplitterOrientationAction
18969:             1             24  com.intellij.ide.actions.CloseAction
18970:             1             24  com.intellij.ide.actions.CloseActiveTabAction
18971:             1             24  com.intellij.ide.actions.CloseAllEditorsAction
18972:             1             24  com.intellij.ide.actions.CloseAllEditorsButActiveAction
18973:             1             24  com.intellij.ide.actions.CloseAllUnmodifiedEditorsAction
18974:             1             24  com.intellij.ide.actions.CloseAllUnpinnedEditorsAction
18975:             1             24  com.intellij.ide.actions.CloseEditorAction
18976:             1             24  com.intellij.ide.actions.CloseProjectAction
18977:             1             24  com.intellij.ide.actions.CollapseAllAction
18978:             1             24  com.intellij.ide.actions.CollectSettingsAction
18979:             1             24  com.intellij.ide.actions.CollectZippedLogsAction
18980:             1             24  com.intellij.ide.actions.CopyAction
18981:             1             24  com.intellij.ide.actions.CopyElementAction
18982:             1             24  com.intellij.ide.actions.CopyPathsAction
18983:             1             24  com.intellij.ide.actions.CopyReferenceAction
18984:             1             24  com.intellij.ide.actions.CopyUrlAction
18985:             1             24  com.intellij.ide.actions.CreateDirectoryOrPackageAction
18986:             1             24  com.intellij.ide.actions.CreateFileAction
18987:             1             24  com.intellij.ide.actions.CreateHtmlFileAction
18988:             1             24  com.intellij.ide.actions.CreateLauncherScriptAction
18989:             1             24  com.intellij.ide.actions.CreateModuleInfoAction
18990:             1             24  com.intellij.ide.actions.CreatePackageInfoAction
18991:             1             24  com.intellij.ide.actions.CustomizeUIAction
18992:             1             24  com.intellij.ide.actions.CutAction
18993:             1             24  com.intellij.ide.actions.DebugLogConfigureAction
18994:             1             24  com.intellij.ide.actions.DeleteAction
18995:             1             24  com.intellij.ide.actions.EditSourceInNewWindowAction
18996:             1             24  com.intellij.ide.actions.ExitAction
18997:             1             24  com.intellij.ide.actions.ExpandAllAction
18998:             1             24  com.intellij.ide.actions.ExportToTextFileAction
18999:             1             24  com.intellij.ide.actions.ExternalJavaDocAction
19000:             1             24  com.intellij.ide.actions.ForwardAction
19001:             1             24  com.intellij.ide.actions.GoToLinkTargetAction
19002:             1             24  com.intellij.ide.actions.GotoLineAction
19003:             1             24  com.intellij.ide.actions.GotoRelatedSymbolAction
19004:             1             24  com.intellij.ide.actions.HelpTopicsAction
19005:             1             24  com.intellij.ide.actions.HideAllToolWindowsAction
19006:             1             24  com.intellij.ide.actions.HideSideWindowsAction
19007:             1             24  com.intellij.ide.actions.HideToolWindowAction
19008:             1             24  com.intellij.ide.actions.ImportModuleAction
19009:             1             24  com.intellij.ide.actions.InvalidateCachesAction
19010:             1             24  com.intellij.ide.actions.JumpToLastEditAction
19011:             1             24  com.intellij.ide.actions.JumpToLastWindowAction
19012:             1             24  com.intellij.ide.actions.JumpToNextEditAction
19013:             1             24  com.intellij.ide.actions.MacEmojiAndSymbolsInputAction
19014:             1             24  com.intellij.ide.actions.MaintenanceAction
19015:             1             24  com.intellij.ide.actions.ManageLicenseAction
19016:             1             24  com.intellij.ide.actions.MinimizeCurrentWindowAction
19017:             1             24  com.intellij.ide.actions.NewElementAction
19018:             1             24  com.intellij.ide.actions.NewElementSamePlaceAction
19019:             1             24  com.intellij.ide.actions.NextOccurenceAction
19020:             1             24  com.intellij.ide.actions.NextSplitAction
19021:             1             24  com.intellij.ide.actions.ObtainPermanentTicketAction
19022:             1             24  com.intellij.ide.actions.OnlineDocAction
19023:             1             24  com.intellij.ide.actions.OpenElementInNewWindowAction
19024:             1             24  com.intellij.ide.actions.PasteAction
19025:             1             24  com.intellij.ide.actions.PinActiveTabAction
19026:             1             24  com.intellij.ide.actions.PinActiveTabAction$EW
19027:             1             24  com.intellij.ide.actions.PrevSplitAction
19028:             1             24  com.intellij.ide.actions.PreviousOccurenceAction
19029:             1             24  com.intellij.ide.actions.RedoAction
19030:             1             24  com.intellij.ide.actions.RefCardAction
19031:             1             24  com.intellij.ide.actions.RefreshAction
19032:             1             24  com.intellij.ide.actions.ReleasePermanentTicketAction
19033:             1             24  com.intellij.ide.actions.ReloadFromDiskAction
19034:             1             24  com.intellij.ide.actions.RestoreDefaultLayoutAction
19035:             1             24  com.intellij.ide.actions.RevealFileAction
19036:             1             24  com.intellij.ide.actions.RunGcAction
19037:             1             24  com.intellij.ide.actions.SaveAllAction
19038:             1             24  com.intellij.ide.actions.SaveAsDirectoryBasedFormatAction
19039:             1             24  com.intellij.ide.actions.SaveDocumentAction
19040:             1             24  com.intellij.ide.actions.SaveFileAsTemplateAction
19041:             1             24  com.intellij.ide.actions.ScrollTreeToCenterAction
19042:             1             24  com.intellij.ide.actions.SearchAgainAction
19043:             1             24  com.intellij.ide.actions.SearchBackAction
19044:             1             24  com.intellij.ide.actions.SearchWebAction
19045:             1             24  com.intellij.ide.actions.SelectInAction
19046:             1             24  com.intellij.ide.actions.SelectInProjectViewAction
19047:             1             24  com.intellij.ide.actions.ShowFilePathAction
19048:             1             24  com.intellij.ide.actions.ShowFilePathAction$3
19049:             1             24  com.intellij.ide.actions.ShowLogAction
19050:             1             24  com.intellij.ide.actions.ShowModulePropertiesAction
19051:             1             24  com.intellij.ide.actions.ShowPluginManagerAction
19052:             1             24  com.intellij.ide.actions.ShowPopupMenuAction
19053:             1             24  com.intellij.ide.actions.ShowRecentFilesAction
19054:             1             24  com.intellij.ide.actions.ShowRecentlyEditedFilesAction
19055:             1             24  com.intellij.ide.actions.ShowStructureSettingsAction
19056:             1             24  com.intellij.ide.actions.ShowTabsInSingleRowAction
19057:             1             24  com.intellij.ide.actions.ShowTipsAction
19058:             1             24  com.intellij.ide.actions.SmartSelect
19059:             1             24  com.intellij.ide.actions.SmartUnSelect
19060:             1             24  com.intellij.ide.actions.StartUseVcsAction
19061:             1             24  com.intellij.ide.actions.StoreDefaultLayoutAction
19062:             1             24  com.intellij.ide.actions.SwitchBootJdkAction
19063:             1             24  com.intellij.ide.actions.Switcher
19064:             1             24  com.intellij.ide.actions.SynchronizeAction
19065:             1             24  com.intellij.ide.actions.SynchronizeCurrentFileAction
19066:             1             24  com.intellij.ide.actions.TabListAction
19067:             1             24  com.intellij.ide.actions.TabsAlphabeticalModeSwitcher
19068:             1             24  com.intellij.ide.actions.TabsPlacementAction$Bottom
19069:             1             24  com.intellij.ide.actions.TabsPlacementAction$Left
19070:             1             24  com.intellij.ide.actions.TabsPlacementAction$None
19071:             1             24  com.intellij.ide.actions.TabsPlacementAction$Right
19072:             1             24  com.intellij.ide.actions.TabsPlacementAction$Top
19073:             1             24  com.intellij.ide.actions.TechnicalSupportAction
19074:             1             24  com.intellij.ide.actions.ToggleContentUiTypeAction
19075:             1             24  com.intellij.ide.actions.ToggleDistractionFreeModeAction
19076:             1             24  com.intellij.ide.actions.ToggleDockModeAction
19077:             1             24  com.intellij.ide.actions.ToggleFloatingModeAction
19078:             1             24  com.intellij.ide.actions.ToggleFullScreenAction
19079:             1             24  com.intellij.ide.actions.TogglePinnedModeAction
19080:             1             24  com.intellij.ide.actions.TogglePowerSaveAction
19081:             1             24  com.intellij.ide.actions.TogglePresentationModeAction
19082:             1             24  com.intellij.ide.actions.ToggleReadOnlyAttributeAction
19083:             1             24  com.intellij.ide.actions.ToggleSideModeAction
19084:             1             24  com.intellij.ide.actions.ToggleWindowedModeAction
19085:             1             24  com.intellij.ide.actions.UndoAction
19086:             1             24  com.intellij.ide.actions.UnsplitAction
19087:             1             24  com.intellij.ide.actions.UnsplitAllAction
19088:             1             24  com.intellij.ide.actions.ViewNavigationBarAction
19089:             1             24  com.intellij.ide.actions.ViewStatusBarAction
19090:             1             24  com.intellij.ide.actions.ViewStructureAction
19091:             1             24  com.intellij.ide.actions.ViewToolWindowButtonsAction
19092:             1             24  com.intellij.ide.actions.WhatsNewAction
19093:             1             24  com.intellij.ide.actions.ZoomCurrentWindowAction
19094:             1             24  com.intellij.ide.actions.project.ConvertModuleGroupsToQualifiedNamesAction
19095:             1             24  com.intellij.ide.actions.tree.CollapseTreeNodeAction
19096:             1             24  com.intellij.ide.actions.tree.ExpandTreeNodeAction
19097:             1             24  com.intellij.ide.actions.tree.FullyExpandTreeNodeAction
19098:             1             24  com.intellij.ide.b.g.g$e
19099:             1             24  com.intellij.ide.b.g.g$e$a
19100:             1             24  com.intellij.ide.browsers.firefox.FirefoxSettings
19101:             1             24  com.intellij.ide.dnd.aware.DnDAwareTree$1
19102:             1             24  com.intellij.ide.errorTreeView.ErrorViewTreeBuilder
19103:             1             24  com.intellij.ide.errorTreeView.NewErrorTreeRenderer$MyWrapperRenderer
19104:             1             24  com.intellij.ide.errorTreeView.NewErrorTreeViewPanel$1
19105:             1             24  com.intellij.ide.errorTreeView.impl.ErrorViewTextExporter
19106:             1             24  com.intellij.ide.extensionResources.ExtensionsRootType
19107:             1             24  com.intellij.ide.extensionResources.RestoreBundledExtensionsAction
19108:             1             24  com.intellij.ide.favoritesTreeView.actions.AddNewFavoritesListAction
19109:             1             24  com.intellij.ide.favoritesTreeView.actions.EditFavoritesAction
19110:             1             24  com.intellij.ide.gdpr.ConsentOptions$InstanceHolder$1
19111:             1             24  com.intellij.ide.hierarchy.ViewClassHierarchyAction
19112:             1             24  com.intellij.ide.hierarchy.ViewSubtypesHierarchyAction
19113:             1             24  com.intellij.ide.hierarchy.ViewSupertypesHierarchyAction
19114:             1             24  com.intellij.ide.hierarchy.method.ImplementMethodAction
19115:             1             24  com.intellij.ide.hierarchy.method.OverrideMethodAction
19116:             1             24  com.intellij.ide.impl.DataManagerImpl
19117:             1             24  com.intellij.ide.impl.DataValidator$ArrayValidator
19118:             1             24  com.intellij.ide.impl.PsiElementArrayDataValidator
19119:             1             24  com.intellij.ide.macro.ColumnNumberMacro
19120:             1             24  com.intellij.ide.macro.LineNumberMacro
19121:             1             24  com.intellij.ide.macro.SelectedTextMacro
19122:             1             24  com.intellij.ide.macro.SelectionEndColumnMacro
19123:             1             24  com.intellij.ide.macro.SelectionEndLineMacro
19124:             1             24  com.intellij.ide.macro.SelectionStartColumnMacro
19125:             1             24  com.intellij.ide.macro.SelectionStartLineMacro
19126:             1             24  com.intellij.ide.navigationToolbar.ActivateNavigationBarAction
19127:             1             24  com.intellij.ide.navigationToolbar.NavBarListener
19128:             1             24  com.intellij.ide.navigationToolbar.NavBarUpdateQueue$$Lambda$1679/918200153
19129:             1             24  com.intellij.ide.navigationToolbar.ShowNavBarAction
19130:             1             24  com.intellij.ide.passwordSafe.impl.PasswordSafeImpl
19131:             1             24  com.intellij.ide.projectView.ViewSettings$Immutable
19132:             1             24  com.intellij.ide.projectView.actions.ChangeProjectViewAction
19133:             1             24  com.intellij.ide.projectView.actions.ImportModuleFromImlFileAction
19134:             1             24  com.intellij.ide.projectView.actions.LoadUnloadModulesAction
19135:             1             24  com.intellij.ide.projectView.actions.MarkAsContentRootAction
19136:             1             24  com.intellij.ide.projectView.actions.MarkExcludeRootAction
19137:             1             24  com.intellij.ide.projectView.actions.MarkGeneratedSourceRootAction
19138:             1             24  com.intellij.ide.projectView.actions.MarkLibraryRootAction
19139:             1             24  com.intellij.ide.projectView.actions.UnmarkGeneratedSourceRootAction
19140:             1             24  com.intellij.ide.projectView.actions.UnmarkRootAction
19141:             1             24  com.intellij.ide.projectView.impl.AbstractProjectViewPSIPane$2
19142:             1             24  com.intellij.ide.projectView.impl.AsyncProjectViewSupport$$Lambda$1277/1857609601
19143:             1             24  com.intellij.ide.projectView.impl.ClassesTreeStructureProvider$$Lambda$1306/1955403152
19144:             1             24  com.intellij.ide.projectView.impl.DirectoryUrl
19145:             1             24  com.intellij.ide.projectView.impl.FileNestingBuilder
19146:             1             24  com.intellij.ide.projectView.impl.GroupByTypeComparator
19147:             1             24  com.intellij.ide.projectView.impl.JavaProjectViewDirectoryHelper
19148:             1             24  com.intellij.ide.projectView.impl.LibraryModuleGroupUrl
19149:             1             24  com.intellij.ide.projectView.impl.ModuleGroupUrl
19150:             1             24  com.intellij.ide.projectView.impl.ModuleUrl
19151:             1             24  com.intellij.ide.projectView.impl.NamedLibraryUrl
19152:             1             24  com.intellij.ide.projectView.impl.ProjectViewFileNestingService
19153:             1             24  com.intellij.ide.projectView.impl.ProjectViewFileVisitor
19154:             1             24  com.intellij.ide.projectView.impl.PsiFileUrl
19155:             1             24  com.intellij.ide.scopeView.EditScopesAction
19156:             1             24  com.intellij.ide.scratch.ScratchFileActions$LanguageAction
19157:             1             24  com.intellij.ide.scratch.ScratchFileActions$NewBufferAction
19158:             1             24  com.intellij.ide.scratch.ScratchFileServiceImpl
19159:             1             24  com.intellij.ide.scratch.ScratchFileServiceImpl$1
19160:             1             24  com.intellij.ide.scratch.ScratchProjectViewPane$1
19161:             1             24  com.intellij.ide.scratch.ScratchRootType
19162:             1             24  com.intellij.ide.startup.impl.StartupManagerImpl$$Lambda$441/415952245
19163:             1             24  com.intellij.ide.startupWizard.StartupWizardAction
19164:             1             24  com.intellij.ide.ui.laf.IntelliJLookAndFeelInfo
19165:             1             24  com.intellij.ide.ui.laf.IntelliJTableSelectedCellHighlightBorder
19166:             1             24  com.intellij.ide.ui.laf.LafManagerImpl$OurPopupFactory
19167:             1             24  com.intellij.ide.ui.laf.LafManagerImpl$Win10MenuArrowIcon
19168:             1             24  com.intellij.ide.ui.laf.darcula.DarculaLookAndFeelInfo
19169:             1             24  com.intellij.ide.ui.search.SearchableOptionsRegistrarImpl$1
19170:             1             24  com.intellij.ide.util.frameworkSupport.AddFrameworkSupportAction
19171:             1             24  com.intellij.idea.IdeaApplication
19172:             1             24  com.intellij.idea.MainImpl$1$1
19173:             1             24  com.intellij.idea.RareLogger$2
19174:             1             24  com.intellij.idea.SocketLock$$Lambda$10/1508854084
19175:             1             24  com.intellij.internal.DumpLookupElementWeights
19176:             1             24  com.intellij.internal.psiView.PsiViewerAction
19177:             1             24  com.intellij.internal.psiView.PsiViewerAction$ForContext
19178:             1             24  com.intellij.internal.statistic.service.fus.FUStatisticsSettingsService
19179:             1             24  com.intellij.j2ee.web.WebProjectComponent$2
19180:             1             24  com.intellij.j2ee.web.jsr45.JSR45ConfigurationType
19181:             1             24  com.intellij.j2ee.web.view.WebJavaeeViewFrameworkProvider
19182:             1             24  com.intellij.j2ee.webSphere.applicationServer.WebSphereIntegrationImpl
19183:             1             24  com.intellij.j2ee.webSphere.runDebug.configuration.WebSphereRunConfigurationType
19184:             1             24  com.intellij.j2meplugin.J2MEBundle
19185:             1             24  com.intellij.j2meplugin.module.J2MEModuleType
19186:             1             24  com.intellij.j2meplugin.run.J2MEConfigurationType$1
19187:             1             24  com.intellij.jam.JamService
19188:             1             24  com.intellij.jam.model.common.CommonModelManagerImpl
19189:             1             24  com.intellij.jam.reflect.JamChildrenQuery$CompositeQuery
19190:             1             24  com.intellij.jam.reflect.JamEnumAttributeMeta$Collection
19191:             1             24  com.intellij.javaee.ExternalResourcesRootsProvider$1
19192:             1             24  com.intellij.javaee.PsiExternalResourceNotifier$1
19193:             1             24  com.intellij.javaee.application.framework.JavaeeApplicationFrameworkDetector
19194:             1             24  com.intellij.javaee.config.ConcurrencyUtilsForJavaeeFrameworkType
19195:             1             24  com.intellij.javaee.config.ConnectorArchitectureFrameworkType
19196:             1             24  com.intellij.javaee.config.JavaeeSecurityFrameworkType
19197:             1             24  com.intellij.javaee.config.JmsFrameworkType
19198:             1             24  com.intellij.javaee.config.JsonBindingFrameworkType
19199:             1             24  com.intellij.javaee.config.JsonProcessingFrameworkType
19200:             1             24  com.intellij.javaee.config.TransactionJavaeeFrameworkType
19201:             1             24  com.intellij.javaee.dataSource.DataSourceAddFromServerAction
19202:             1             24  com.intellij.javaee.deployment.DeployAction
19203:             1             24  com.intellij.javaee.deployment.KeepDeployedAfterDisconnectAction
19204:             1             24  com.intellij.javaee.deployment.RefreshDeploymentStatusAction
19205:             1             24  com.intellij.javaee.deployment.UndeployAction
19206:             1             24  com.intellij.javaee.ejb.framework.EjbFrameworkDetector
19207:             1             24  com.intellij.javaee.ejb.framework.EjbFrameworkType
19208:             1             24  com.intellij.javaee.ejb.view.EjbJavaeeViewFrameworkProvider
19209:             1             24  com.intellij.javaee.heroku.cloud.action.ShowLogAction
19210:             1             24  com.intellij.javaee.model.common.persistence.mapping.JpaAttributeType$1
19211:             1             24  com.intellij.javaee.model.common.persistence.mapping.JpaAttributeType$10
19212:             1             24  com.intellij.javaee.model.common.persistence.mapping.JpaAttributeType$11
19213:             1             24  com.intellij.javaee.model.common.persistence.mapping.JpaAttributeType$2
19214:             1             24  com.intellij.javaee.model.common.persistence.mapping.JpaAttributeType$3
19215:             1             24  com.intellij.javaee.model.common.persistence.mapping.JpaAttributeType$4
19216:             1             24  com.intellij.javaee.model.common.persistence.mapping.JpaAttributeType$5
19217:             1             24  com.intellij.javaee.model.common.persistence.mapping.JpaAttributeType$6
19218:             1             24  com.intellij.javaee.model.common.persistence.mapping.JpaAttributeType$7
19219:             1             24  com.intellij.javaee.model.common.persistence.mapping.JpaAttributeType$8
19220:             1             24  com.intellij.javaee.model.common.persistence.mapping.JpaAttributeType$9
19221:             1             24  com.intellij.javaee.module.view.ejb.actions.CreateCmpFieldAction
19222:             1             24  com.intellij.javaee.module.view.ejb.actions.CreateEjbRelationshipAction
19223:             1             24  com.intellij.javaee.module.view.ejb.actions.CreateInterceptorAction
19224:             1             24  com.intellij.javaee.module.view.ejb.actions.CreateTransferObjectAction
19225:             1             24  com.intellij.javaee.module.view.ejb.actions.EditInterceptorBindingsAction
19226:             1             24  com.intellij.javaee.module.view.ejb.editor.EjbAssemblyDescriptorEditorProvider
19227:             1             24  com.intellij.javaee.module.view.ejb.editor.EjbGeneralEditorProvider
19228:             1             24  com.intellij.javaee.module.view.web.CreateJspAction
19229:             1             24  com.intellij.javaee.openshift.cloud.action.CreateProjectAction
19230:             1             24  com.intellij.javaee.openshift.cloud.action.DeleteResourceAction
19231:             1             24  com.intellij.javaee.openshift.cloud.action.DownloadResourceAction
19232:             1             24  com.intellij.javaee.openshift.cloud.action.UploadResourceAction
19233:             1             24  com.intellij.javaee.oss.JavaeeCommonIcons
19234:             1             24  com.intellij.javaee.oss.geronimo.server.GeronimoConfiguration
19235:             1             24  com.intellij.javaee.oss.geronimo.server.GeronimoIntegration
19236:             1             24  com.intellij.javaee.oss.glassfish.server.GlassfishConfiguration
19237:             1             24  com.intellij.javaee.oss.glassfish.server.GlassfishIntegration
19238:             1             24  com.intellij.javaee.oss.jboss.server.JBossConfiguration
19239:             1             24  com.intellij.javaee.oss.jboss.server.JBossIntegration
19240:             1             24  com.intellij.javaee.oss.jetty.server.JettyConfiguration
19241:             1             24  com.intellij.javaee.oss.jetty.server.JettyContextDeploymentMethod
19242:             1             24  com.intellij.javaee.oss.jetty.server.JettyIntegration
19243:             1             24  com.intellij.javaee.ui.packaging.JavaeeFacetClassesElementType
19244:             1             24  com.intellij.javaee.ui.packaging.JavaeeFacetResourcesElementType
19245:             1             24  com.intellij.javaee.ui.packaging.JavaeeFacetResourcesPackagingElement
19246:             1             24  com.intellij.javaee.ui.packaging.JavaeeFacetResourcesPackagingElement$JavaeeFacetResourceElementDelegate
19247:             1             24  com.intellij.javaee.view.JavaeeServersViewContributor$1
19248:             1             24  com.intellij.javaee.view.tool.action.AppServerConfigAction
19249:             1             24  com.intellij.javaee.view.tool.action.AppServerDebugAction
19250:             1             24  com.intellij.javaee.view.tool.action.AppServerRunAction
19251:             1             24  com.intellij.javaee.view.tool.action.AppServerStopAction
19252:             1             24  com.intellij.javaee.view.tool.action.ChooseArtifactsAction
19253:             1             24  com.intellij.javaee.view.tool.action.DeployAllAction
19254:             1             24  com.intellij.javaee.view.tool.action.RemoveArtifactAction
19255:             1             24  com.intellij.javaee.web.ServletMappingType$1
19256:             1             24  com.intellij.javaee.web.ServletMappingType$2
19257:             1             24  com.intellij.javaee.web.ServletMappingType$3
19258:             1             24  com.intellij.javaee.web.ServletMappingType$4
19259:             1             24  com.intellij.javaee.web.WebContextManagerImpl
19260:             1             24  com.intellij.javaee.web.WebContextProvider
19261:             1             24  com.intellij.javaee.web.artifact.WebFacetContextEvaluationServiceImpl$$Lambda$2509/864448574
19262:             1             24  com.intellij.javaee.web.artifact.WebFacetContextEvaluationServiceImpl$$Lambda$5154/606888243
19263:             1             24  com.intellij.javaee.web.facet.WebFacetConfigurationImpl
19264:             1             24  com.intellij.javaee.web.framework.WebFrameworkDetector
19265:             1             24  com.intellij.javaee.web.validation.JasperArtifactValidatorInstance
19266:             1             24  com.intellij.javaee.weblogic.appServerIntegration.WeblogicEjbEditorProvider
19267:             1             24  com.intellij.javaee.weblogic.appServerIntegration.WeblogicIntegration
19268:             1             24  com.intellij.javaee.weblogic.runDebug.configuration.WeblogicInstanceRunConfigurationType
19269:             1             24  com.intellij.javascript.JSModuleBaseReference$ModuleTypes$1
19270:             1             24  com.intellij.javascript.JSModuleBaseReference$ModuleTypes$2
19271:             1             24  com.intellij.javascript.JSModuleBaseReference$ModuleTypes$3
19272:             1             24  com.intellij.javascript.JSModuleBaseReference$ModuleTypes$4
19273:             1             24  com.intellij.javascript.debugger.actions.CopyJsonAction
19274:             1             24  com.intellij.javascript.debugger.actions.OpenUrlAction
19275:             1             24  com.intellij.javascript.debugger.actions.ShowAsJsonAction
19276:             1             24  com.intellij.javascript.debugger.breakpoints.JavaScriptBreakpointListener$1
19277:             1             24  com.intellij.javascript.debugger.breakpoints.JavaScriptExceptionBreakpointType
19278:             1             24  com.intellij.javascript.debugger.execution.JavascriptDebugConfigurationType$1
19279:             1             24  com.intellij.javascript.debugger.sourcemap.visualizer.actions.AddSourceContentsAction
19280:             1             24  com.intellij.javascript.debugger.sourcemap.visualizer.actions.VisualizeSourceMapAction
19281:             1             24  com.intellij.javascript.flex.css.FlexCssElementDescriptorProvider
19282:             1             24  com.intellij.javascript.flex.css.FlexStylesIndexableSetContributor$1
19283:             1             24  com.intellij.javascript.flex.mxml.FlexXmlBackedMembersIndex$4
19284:             1             24  com.intellij.javascript.flex.mxml.MxmlJSClass$1
19285:             1             24  com.intellij.javascript.flex.mxml.MxmlJSClass$2
19286:             1             24  com.intellij.javascript.jest.JestConfigurationType$1
19287:             1             24  com.intellij.javascript.jest.JestRunConfigurationProducer
19288:             1             24  com.intellij.javascript.jest.scope.JestScopeKind$1
19289:             1             24  com.intellij.javascript.jest.scope.JestScopeKind$2
19290:             1             24  com.intellij.javascript.jest.scope.JestScopeKind$3
19291:             1             24  com.intellij.javascript.jest.scope.JestScopeKind$4
19292:             1             24  com.intellij.javascript.nodejs.library.NodeJsCoreLibraryManager
19293:             1             24  com.intellij.javascript.nodejs.util.NodePackageDescriptor
19294:             1             24  com.intellij.javascript.nodejs.util.NodePackageManagerUtil$NpmPackageDescriptor
19295:             1             24  com.intellij.javascript.protractor.ProtractorConfigurationType$1
19296:             1             24  com.intellij.javascript.testFramework.interfaces.mochaTdd.MochaTddFileStructureBuilder
19297:             1             24  com.intellij.javascript.testFramework.jasmine.JasmineFileStructureBuilder
19298:             1             24  com.intellij.javascript.testFramework.jasmine.codeInsight.JasmineGenerateAfterEachMethodAction
19299:             1             24  com.intellij.javascript.testFramework.jasmine.codeInsight.JasmineGenerateBeforeEachMethodAction
19300:             1             24  com.intellij.javascript.testFramework.jasmine.codeInsight.JasmineGenerateNewSpecAction
19301:             1             24  com.intellij.javascript.testFramework.jasmine.codeInsight.JasmineGenerateNewSuiteAction
19302:             1             24  com.intellij.javascript.testFramework.qunit.QUnitFileStructureBuilder
19303:             1             24  com.intellij.javascript.testFramework.qunit.codeInsight.QUnitGenerateNewTestAction
19304:             1             24  com.intellij.javascript.testFramework.qunit.codeInsight.QUnitGenerateSetupAction
19305:             1             24  com.intellij.javascript.testFramework.qunit.codeInsight.QUnitGenerateTearDownAction
19306:             1             24  com.intellij.javascript.trace.codeInsight.TraceCompletionContributor
19307:             1             24  com.intellij.javascript.trace.codeInsight.TraceCompletionContributor$1
19308:             1             24  com.intellij.javascript.trace.execution.TraceBrowserConfigurationType$1
19309:             1             24  com.intellij.javascript.trace.execution.TraceNodeConfigurationType$1
19310:             1             24  com.intellij.javascript.trace.execution.actions.SearchFunctionAction
19311:             1             24  com.intellij.javascript.trace.execution.events.actions.AddEventToFilterAction
19312:             1             24  com.intellij.javascript.trace.execution.events.actions.AddFileToFilterAction
19313:             1             24  com.intellij.javascript.trace.execution.events.actions.AddLabelAction
19314:             1             24  com.intellij.javascript.trace.execution.events.actions.AddNegatedEventToFilterAction
19315:             1             24  com.intellij.javascript.trace.execution.events.actions.AddNegatedFileToFilterAction
19316:             1             24  com.intellij.javascript.trace.execution.events.actions.CloseDocumentAction
19317:             1             24  com.intellij.javascript.trace.execution.events.actions.CloseTraceFilesAction
19318:             1             24  com.intellij.javascript.trace.execution.events.actions.MuteNodeModulesAction
19319:             1             24  com.intellij.javascript.trace.execution.events.actions.RefreshDocumentAction
19320:             1             24  com.intellij.javascript.trace.execution.events.actions.RemoveAndCloseTraceFilesAction
19321:             1             24  com.intellij.javascript.trace.execution.events.actions.RemoveChildrenAction
19322:             1             24  com.intellij.javascript.trace.execution.events.actions.RemoveNodeAction
19323:             1             24  com.intellij.javascript.trace.execution.events.actions.ShowAppDependencyGraphAction
19324:             1             24  com.intellij.javascript.trace.execution.events.actions.ShowEventDependencyGraphAction
19325:             1             24  com.intellij.javascript.trace.execution.fileDependency.actions.LocateEventAction
19326:             1             24  com.intellij.javascript.trace.execution.fileDependency.actions.SearchFunctionAction
19327:             1             24  com.intellij.javascript.trace.execution.stack.actions.GoToFirstSearchOccurenceAction
19328:             1             24  com.intellij.javascript.trace.execution.stack.actions.GoToLastSearchOccurenceAction
19329:             1             24  com.intellij.javascript.trace.execution.stack.actions.GoToNextSearchOccurenceAction
19330:             1             24  com.intellij.javascript.trace.execution.stack.actions.GoToPreviousSearchOccurenceAction
19331:             1             24  com.intellij.jboss.jbpm.chart.editor.BpmnDesignerFileEditorProvider
19332:             1             24  com.intellij.jboss.jpdl.fileEditor.JpdlDesignerFileEditorProvider
19333:             1             24  com.intellij.jboss.jpdl.impl.JpdlDomModelManagerImpl
19334:             1             24  com.intellij.jpa.JpaDataSourceDetector
19335:             1             24  com.intellij.jpa.JpaProjectComponent$1
19336:             1             24  com.intellij.jpa.ORMReferencesUtil$TableInfo
19337:             1             24  com.intellij.jpa.actions.AssignDataSourcesAction
19338:             1             24  com.intellij.jpa.actions.EditEntityListenerBindingsAction
19339:             1             24  com.intellij.jpa.actions.OpenJpaConsoleAction
19340:             1             24  com.intellij.jpa.facet.JpaFacetType$JpaFrameworkDetector
19341:             1             24  com.intellij.jpa.generation.GenerateEntityListenerMethodsHandler
19342:             1             24  com.intellij.jpa.packaging.JpaDescriptorsPackagingElementType
19343:             1             24  com.intellij.jpa.packaging.JpaDescriptorsPackagingElementType$JpaDescriptorsElementTypeDelegate
19344:             1             24  com.intellij.jpa.view.finder.JpaViewFrameworkProvider
19345:             1             24  com.intellij.jsf.actions.CreateFacesConfigAction
19346:             1             24  com.intellij.jsf.actions.CreateJsfAction
19347:             1             24  com.intellij.jsf.actions.GenerateFacesPagesAction
19348:             1             24  com.intellij.jsf.actions.UserDefinedFacesConfigAction
19349:             1             24  com.intellij.jsf.el.JsfManagedBeansPropertyScopeProvider$1
19350:             1             24  com.intellij.jsf.facet.IcefacesFrameworkType
19351:             1             24  com.intellij.jsf.facet.JsfCoreFrameworkType
19352:             1             24  com.intellij.jsf.facet.OpenfacesFrameworkType
19353:             1             24  com.intellij.jsf.facet.PrimefacesFrameworkType
19354:             1             24  com.intellij.jsf.facet.RichfacesFrameworkType
19355:             1             24  com.intellij.jsf.html5.PassThroughAttrCompletionContributor
19356:             1             24  com.intellij.jsf.yfilesGraph.editor.FacesNavigationFileEditorProvider
19357:             1             24  com.intellij.jsp.impl.JspSpiUtilImpl$1
19358:             1             24  com.intellij.jsp.taglibs.actions.CreateTaglibFileAction
19359:             1             24  com.intellij.lang.ExternalLanguageAnnotators$$Lambda$1874/534621767
19360:             1             24  com.intellij.lang.actionscript.ActionScriptElementTypes$1
19361:             1             24  com.intellij.lang.actionscript.ActionScriptElementTypes$2
19362:             1             24  com.intellij.lang.actionscript.ActionScriptElementTypes$3
19363:             1             24  com.intellij.lang.actionscript.types.ActionScriptFunctionElementType
19364:             1             24  com.intellij.lang.actionscript.types.ActionScriptFunctionExpressionElementType
19365:             1             24  com.intellij.lang.actionscript.types.ActionScriptVariableElementType
19366:             1             24  com.intellij.lang.ant.ForcedAntFileAttribute
19367:             1             24  com.intellij.lang.ant.config.actions.AddAntBuildFile
19368:             1             24  com.intellij.lang.ant.config.actions.RunTargetAction
19369:             1             24  com.intellij.lang.ant.config.execution.AntRunConfigurationType$1
19370:             1             24  com.intellij.lang.ant.config.impl.AntConfigurationImpl$2
19371:             1             24  com.intellij.lang.aspectj.AspectJBundle
19372:             1             24  com.intellij.lang.aspectj.parsing.AspectJElementType$1
19373:             1             24  com.intellij.lang.aspectj.parsing.AspectJElementType$2
19374:             1             24  com.intellij.lang.aspectj.parsing.AspectJElementType$3
19375:             1             24  com.intellij.lang.aspectj.parsing.AspectJElementType$4
19376:             1             24  com.intellij.lang.aspectj.parsing.AspectJElementType$5
19377:             1             24  com.intellij.lang.aspectj.parsing.AspectJElementType$6
19378:             1             24  com.intellij.lang.aspectj.parsing.AspectJElementType$7
19379:             1             24  com.intellij.lang.aspectj.parsing.AspectJElementType$8
19380:             1             24  com.intellij.lang.aspectj.parsing.AspectJElementType$9
19381:             1             24  com.intellij.lang.aspectj.psi.stub.AjAspectElementType
19382:             1             24  com.intellij.lang.aspectj.psi.stub.AjClassElementType
19383:             1             24  com.intellij.lang.aspectj.psi.stub.AjFieldElementType
19384:             1             24  com.intellij.lang.aspectj.psi.stub.AjFileElementType
19385:             1             24  com.intellij.lang.aspectj.psi.stub.AjMethodElementType
19386:             1             24  com.intellij.lang.css.actions.CreateStylesheetFileAction
19387:             1             24  com.intellij.lang.css.linter.stylelint.StylelintInspection
19388:             1             24  com.intellij.lang.customFolding.GotoCustomRegionAction
19389:             1             24  com.intellij.lang.ecmascript6.ES6ElementTypes$1
19390:             1             24  com.intellij.lang.ecmascript6.ES6ElementTypes$2
19391:             1             24  com.intellij.lang.ecmascript6.ES6ElementTypes$3
19392:             1             24  com.intellij.lang.ecmascript6.ES6ElementTypes$4
19393:             1             24  com.intellij.lang.ecmascript6.ES6ElementTypes$5
19394:             1             24  com.intellij.lang.ecmascript6.ES6ElementTypes$6
19395:             1             24  com.intellij.lang.ecmascript6.actions.ES6GenerateIndexAction
19396:             1             24  com.intellij.lang.ecmascript6.psi.impl.ES6ImportPsiUtil$ImportExportType$1
19397:             1             24  com.intellij.lang.ecmascript6.psi.impl.ES6ImportPsiUtil$ImportExportType$2
19398:             1             24  com.intellij.lang.ecmascript6.psi.impl.ES6ImportPsiUtil$ImportExportType$3
19399:             1             24  com.intellij.lang.ecmascript6.types.ES6AssignmentPropertyElementType
19400:             1             24  com.intellij.lang.ecmascript6.types.ES6ClassElementType
19401:             1             24  com.intellij.lang.ecmascript6.types.ES6ClassExpressionElementType
19402:             1             24  com.intellij.lang.ecmascript6.types.ES6ComputedNameElementType
19403:             1             24  com.intellij.lang.ecmascript6.types.ES6ExportDeclarationElementType
19404:             1             24  com.intellij.lang.ecmascript6.types.ES6ExportDefaultAssignmentElementType
19405:             1             24  com.intellij.lang.ecmascript6.types.ES6ExportSpecifierAliasElementType
19406:             1             24  com.intellij.lang.ecmascript6.types.ES6ExportSpecifierElementType
19407:             1             24  com.intellij.lang.ecmascript6.types.ES6ExportedDefaultBindingElementType
19408:             1             24  com.intellij.lang.ecmascript6.types.ES6FieldElementType
19409:             1             24  com.intellij.lang.ecmascript6.types.ES6FromClauseElementType
19410:             1             24  com.intellij.lang.ecmascript6.types.ES6FunctionPropertyElementType
19411:             1             24  com.intellij.lang.ecmascript6.types.ES6ImportDeclarationElementType
19412:             1             24  com.intellij.lang.ecmascript6.types.ES6ImportSpecifierAliasElementType
19413:             1             24  com.intellij.lang.ecmascript6.types.ES6ImportSpecifierElementType
19414:             1             24  com.intellij.lang.ecmascript6.types.ES6ImportedBindingElementType
19415:             1             24  com.intellij.lang.ecmascript6.types.ES6NamedImportsElementType
19416:             1             24  com.intellij.lang.ecmascript6.types.ES6PropertyElementType
19417:             1             24  com.intellij.lang.ecmascript6.types.ES6ReferenceListElementType
19418:             1             24  com.intellij.lang.javascript.ActionScriptCodeContextType
19419:             1             24  com.intellij.lang.javascript.JSDestructuringArrayRestElementType
19420:             1             24  com.intellij.lang.javascript.JSDocTokenTypes$1
19421:             1             24  com.intellij.lang.javascript.JSDocTokenTypes$2
19422:             1             24  com.intellij.lang.javascript.JSDocTokenTypes$3
19423:             1             24  com.intellij.lang.javascript.JSElementTypes$1
19424:             1             24  com.intellij.lang.javascript.JSElementTypes$10
19425:             1             24  com.intellij.lang.javascript.JSElementTypes$11
19426:             1             24  com.intellij.lang.javascript.JSElementTypes$12
19427:             1             24  com.intellij.lang.javascript.JSElementTypes$13
19428:             1             24  com.intellij.lang.javascript.JSElementTypes$14
19429:             1             24  com.intellij.lang.javascript.JSElementTypes$15
19430:             1             24  com.intellij.lang.javascript.JSElementTypes$16
19431:             1             24  com.intellij.lang.javascript.JSElementTypes$17
19432:             1             24  com.intellij.lang.javascript.JSElementTypes$18
19433:             1             24  com.intellij.lang.javascript.JSElementTypes$19
19434:             1             24  com.intellij.lang.javascript.JSElementTypes$2
19435:             1             24  com.intellij.lang.javascript.JSElementTypes$20
19436:             1             24  com.intellij.lang.javascript.JSElementTypes$21
19437:             1             24  com.intellij.lang.javascript.JSElementTypes$22
19438:             1             24  com.intellij.lang.javascript.JSElementTypes$23
19439:             1             24  com.intellij.lang.javascript.JSElementTypes$24
19440:             1             24  com.intellij.lang.javascript.JSElementTypes$25
19441:             1             24  com.intellij.lang.javascript.JSElementTypes$26
19442:             1             24  com.intellij.lang.javascript.JSElementTypes$27
19443:             1             24  com.intellij.lang.javascript.JSElementTypes$28
19444:             1             24  com.intellij.lang.javascript.JSElementTypes$29
19445:             1             24  com.intellij.lang.javascript.JSElementTypes$3
19446:             1             24  com.intellij.lang.javascript.JSElementTypes$30
19447:             1             24  com.intellij.lang.javascript.JSElementTypes$31
19448:             1             24  com.intellij.lang.javascript.JSElementTypes$32
19449:             1             24  com.intellij.lang.javascript.JSElementTypes$33
19450:             1             24  com.intellij.lang.javascript.JSElementTypes$34
19451:             1             24  com.intellij.lang.javascript.JSElementTypes$35
19452:             1             24  com.intellij.lang.javascript.JSElementTypes$36
19453:             1             24  com.intellij.lang.javascript.JSElementTypes$37
19454:             1             24  com.intellij.lang.javascript.JSElementTypes$38
19455:             1             24  com.intellij.lang.javascript.JSElementTypes$39
19456:             1             24  com.intellij.lang.javascript.JSElementTypes$4
19457:             1             24  com.intellij.lang.javascript.JSElementTypes$40
19458:             1             24  com.intellij.lang.javascript.JSElementTypes$41
19459:             1             24  com.intellij.lang.javascript.JSElementTypes$42
19460:             1             24  com.intellij.lang.javascript.JSElementTypes$43
19461:             1             24  com.intellij.lang.javascript.JSElementTypes$44
19462:             1             24  com.intellij.lang.javascript.JSElementTypes$45
19463:             1             24  com.intellij.lang.javascript.JSElementTypes$46
19464:             1             24  com.intellij.lang.javascript.JSElementTypes$5
19465:             1             24  com.intellij.lang.javascript.JSElementTypes$6
19466:             1             24  com.intellij.lang.javascript.JSElementTypes$7
19467:             1             24  com.intellij.lang.javascript.JSElementTypes$8
19468:             1             24  com.intellij.lang.javascript.JSElementTypes$9
19469:             1             24  com.intellij.lang.javascript.JSEqualElementType
19470:             1             24  com.intellij.lang.javascript.JSExpressionContextType
19471:             1             24  com.intellij.lang.javascript.JSMinifiedFileUtil$$Lambda$2081/472075881
19472:             1             24  com.intellij.lang.javascript.JSStatementContextType
19473:             1             24  com.intellij.lang.javascript.JavaScriptCodeContextType
19474:             1             24  com.intellij.lang.javascript.actions.CreateJavaScriptFileAction
19475:             1             24  com.intellij.lang.javascript.actions.CreateTypeScriptFileAction
19476:             1             24  com.intellij.lang.javascript.actions.TypeScriptCreateConfigFileAction
19477:             1             24  com.intellij.lang.javascript.buildTools.base.actions.JsbtRunTaskAction
19478:             1             24  com.intellij.lang.javascript.buildTools.grunt.rc.GruntConfigurationType$1
19479:             1             24  com.intellij.lang.javascript.buildTools.gulp.GulpfileManager$ManagerState
19480:             1             24  com.intellij.lang.javascript.buildTools.gulp.rc.GulpConfigurationType$1
19481:             1             24  com.intellij.lang.javascript.buildTools.npm.rc.NpmConfigurationType$1
19482:             1             24  com.intellij.lang.javascript.completion.JSFunctionCompletionContributor
19483:             1             24  com.intellij.lang.javascript.completion.JSFunctionCompletionContributor$1
19484:             1             24  com.intellij.lang.javascript.completion.JSPatternBasedCompletionContributor$1
19485:             1             24  com.intellij.lang.javascript.completion.JSPatternBasedCompletionContributor$2
19486:             1             24  com.intellij.lang.javascript.documentation.JSDocumentationProvider
19487:             1             24  com.intellij.lang.javascript.documentation.JSQuickNavigateBuilder$ObjectKind$1
19488:             1             24  com.intellij.lang.javascript.documentation.JSQuickNavigateBuilder$ObjectKind$2
19489:             1             24  com.intellij.lang.javascript.documentation.JSQuickNavigateBuilder$ObjectKind$3
19490:             1             24  com.intellij.lang.javascript.documentation.JSQuickNavigateBuilder$ObjectKind$4
19491:             1             24  com.intellij.lang.javascript.documentation.JSQuickNavigateBuilder$ObjectKind$5
19492:             1             24  com.intellij.lang.javascript.documentation.JSQuickNavigateBuilder$ObjectKind$6
19493:             1             24  com.intellij.lang.javascript.documentation.JSQuickNavigateBuilder$ObjectKind$7
19494:             1             24  com.intellij.lang.javascript.documentation.JSQuickNavigateBuilder$ObjectKind$8
19495:             1             24  com.intellij.lang.javascript.documentation.JavaScriptDocumentationProvider
19496:             1             24  com.intellij.lang.javascript.ecmascript6.TypeScriptTemplateContextType
19497:             1             24  com.intellij.lang.javascript.editing.JSStatementUpDownMover
19498:             1             24  com.intellij.lang.javascript.editing.JSStripTrailingSpacesFilterFactory$JSStripTrailingSpacesFilter
19499:             1             24  com.intellij.lang.javascript.findUsages.JavaScriptFindUsagesConfiguration
19500:             1             24  com.intellij.lang.javascript.flex.ActionScriptAutoImportOptionsProvider
19501:             1             24  com.intellij.lang.javascript.flex.FlexModuleType
19502:             1             24  com.intellij.lang.javascript.flex.PsiScopedImportSet$ImportListDataCache
19503:             1             24  com.intellij.lang.javascript.flex.XmlBackedJSClassImpl$1
19504:             1             24  com.intellij.lang.javascript.flex.XmlBackedJSClassImpl$2
19505:             1             24  com.intellij.lang.javascript.flex.actions.addAsLib.AddAsSwcLibAction
19506:             1             24  com.intellij.lang.javascript.flex.actions.airpackage.AirPackageAction
19507:             1             24  com.intellij.lang.javascript.flex.actions.newfile.NewActionScriptClassAction
19508:             1             24  com.intellij.lang.javascript.flex.actions.newfile.NewFlexComponentAction
19509:             1             24  com.intellij.lang.javascript.flex.build.FlexCompilerHandler$3
19510:             1             24  com.intellij.lang.javascript.flex.build.FlexCompilerHandler$4
19511:             1             24  com.intellij.lang.javascript.flex.build.ValidateFlashConfigurationsPrecompileTask$$Lambda$2959/1266135211
19512:             1             24  com.intellij.lang.javascript.flex.debug.FilterSwfLoadUnloadMessagesAction
19513:             1             24  com.intellij.lang.javascript.flex.debug.SendCommandToDebuggerAction
19514:             1             24  com.intellij.lang.javascript.flex.flexunit.FlexUnitRunConfigurationType$1
19515:             1             24  com.intellij.lang.javascript.flex.projectStructure.ui.ChooseActiveBuildConfigurationAction
19516:             1             24  com.intellij.lang.javascript.flex.run.FlashRunConfigurationType$1
19517:             1             24  com.intellij.lang.javascript.flex.run.RemoteFlashRunConfigurationType$1
19518:             1             24  com.intellij.lang.javascript.flow.FlowJSElementTypes$1
19519:             1             24  com.intellij.lang.javascript.flow.FlowJSElementTypes$2
19520:             1             24  com.intellij.lang.javascript.flow.FlowJSElementTypes$3
19521:             1             24  com.intellij.lang.javascript.flow.FlowJSElementTypes$4
19522:             1             24  com.intellij.lang.javascript.flow.FlowJSServerManager
19523:             1             24  com.intellij.lang.javascript.formatter.JSCodeStyleSettings$BooleanWithGlobalOption$1
19524:             1             24  com.intellij.lang.javascript.formatter.JSCodeStyleSettings$BooleanWithGlobalOption$2
19525:             1             24  com.intellij.lang.javascript.formatter.JSCodeStyleSettings$BooleanWithGlobalOption$3
19526:             1             24  com.intellij.lang.javascript.frameworks.jquery.JQueryCssElementDescriptorProvider
19527:             1             24  com.intellij.lang.javascript.frameworks.react.JSXHtmlContextType
19528:             1             24  com.intellij.lang.javascript.frameworks.react.ReactTagDocumentationProvider
19529:             1             24  com.intellij.lang.javascript.frameworks.webpack.Webpack2Provider
19530:             1             24  com.intellij.lang.javascript.frameworks.webpack.Webpack4Provider
19531:             1             24  com.intellij.lang.javascript.generation.JSGenerateSetUpMethodAction
19532:             1             24  com.intellij.lang.javascript.generation.JSGenerateTearDownMethodAction
19533:             1             24  com.intellij.lang.javascript.generation.JSGenerateTestMethodAction
19534:             1             24  com.intellij.lang.javascript.generation.JavaScriptGenerateConstructorAction
19535:             1             24  com.intellij.lang.javascript.generation.JavaScriptGenerateEventHandlerAction
19536:             1             24  com.intellij.lang.javascript.generation.JavaScriptGenerateGetAccessorAction
19537:             1             24  com.intellij.lang.javascript.generation.JavaScriptGenerateGetSetAccessorAction
19538:             1             24  com.intellij.lang.javascript.generation.JavaScriptGenerateSetAccessorAction
19539:             1             24  com.intellij.lang.javascript.generation.JavaScriptGenerateToStringAction
19540:             1             24  com.intellij.lang.javascript.generation.JavaScriptImplementsMethodsAction
19541:             1             24  com.intellij.lang.javascript.generation.TypeScriptImplementMembersAction
19542:             1             24  com.intellij.lang.javascript.highlighting.JSBackspaceHandler
19543:             1             24  com.intellij.lang.javascript.highlighting.JavaScriptLineMarkerProvider
19544:             1             24  com.intellij.lang.javascript.index.JSIndexContent
19545:             1             24  com.intellij.lang.javascript.index.JSIndexContentBuilder
19546:             1             24  com.intellij.lang.javascript.index.JSPackageIndex
19547:             1             24  com.intellij.lang.javascript.index.JSPackageIndex$2
19548:             1             24  com.intellij.lang.javascript.index.JSPackageIndex$3
19549:             1             24  com.intellij.lang.javascript.index.JavaScriptIndex$1
19550:             1             24  com.intellij.lang.javascript.inject.JSRegExpSyntaxHighlighterFactory
19551:             1             24  com.intellij.lang.javascript.inspections.JSCommentMatchesSignatureInspection$UpdateFunctionCommentQuickFix
19552:             1             24  com.intellij.lang.javascript.inspections.UnusedDeclarationsReferencesCacheCleaner$1
19553:             1             24  com.intellij.lang.javascript.intentions.JSConvertToForEachIntention
19554:             1             24  com.intellij.lang.javascript.intentions.JSFunctionToES6ClassIntention
19555:             1             24  com.intellij.lang.javascript.library.JSCorePredefinedLibrariesProvider$1
19556:             1             24  com.intellij.lang.javascript.library.JSCorePredefinedLibrariesProvider$2
19557:             1             24  com.intellij.lang.javascript.linter.JSLinterEditorPanelCreator$MyFileEditorManagerListener
19558:             1             24  com.intellij.lang.javascript.linter.JSLinterLanguageServicePackageTracker$MyListener
19559:             1             24  com.intellij.lang.javascript.linter.JSLinterLanguageServicePackageTracker$MyListener$1
19560:             1             24  com.intellij.lang.javascript.linter.PackageJsonForLintersConfigChangeTracker$MyPackageJsonChangeTracker
19561:             1             24  com.intellij.lang.javascript.linter.SharedConfigurationPaths$PathHolderImpl
19562:             1             24  com.intellij.lang.javascript.linter.eslint.EslintInspection
19563:             1             24  com.intellij.lang.javascript.linter.eslint.importer.EslintImportCodeStyleAction
19564:             1             24  com.intellij.lang.javascript.linter.eslint.standardjs.StandardJSInspection
19565:             1             24  com.intellij.lang.javascript.linter.gjslint.GjsLintInspection
19566:             1             24  com.intellij.lang.javascript.linter.jscs.JscsInspection
19567:             1             24  com.intellij.lang.javascript.linter.jshint.JSHintInspection
19568:             1             24  com.intellij.lang.javascript.linter.jslint.JSLintInspection
19569:             1             24  com.intellij.lang.javascript.linter.rhino.RhinoFunctionManager$1
19570:             1             24  com.intellij.lang.javascript.linter.tslint.highlight.TsLintInspection
19571:             1             24  com.intellij.lang.javascript.modules.diagramm.JSModulesDiagramProvider$2
19572:             1             24  com.intellij.lang.javascript.modules.diagramm.JSModulesDiagramProvider$3
19573:             1             24  com.intellij.lang.javascript.nashorn.NashornJSElementTypes$1
19574:             1             24  com.intellij.lang.javascript.nashorn.NashornJSElementTypes$2
19575:             1             24  com.intellij.lang.javascript.nashorn.library.NashornJSLibraryProvider$1
19576:             1             24  com.intellij.lang.javascript.psi.JSExpectedTypeKind$1
19577:             1             24  com.intellij.lang.javascript.psi.JSExpectedTypeKind$2
19578:             1             24  com.intellij.lang.javascript.psi.JSExpectedTypeKind$3
19579:             1             24  com.intellij.lang.javascript.psi.JSNamepathImpl
19580:             1             24  com.intellij.lang.javascript.psi.ecmal4.impl.JSClassBase$ExtendsClassesUserDataCache
19581:             1             24  com.intellij.lang.javascript.psi.ecmal4.impl.JSClassBase$ImplementsClassesUserDataCache
19582:             1             24  com.intellij.lang.javascript.psi.impl.JSFileBaseImpl$1
19583:             1             24  com.intellij.lang.javascript.psi.resolve.JSInheritanceUtil$CacheByEnforcedResolveScope$NoEnforcedScopeMarker
19584:             1             24  com.intellij.lang.javascript.psi.resolve.JSResolveUtil$5
19585:             1             24  com.intellij.lang.javascript.psi.resolve.JSResolveUtil$8
19586:             1             24  com.intellij.lang.javascript.psi.types.JSCompositeTypeImpl$$Lambda$2715/885934585
19587:             1             24  com.intellij.lang.javascript.psi.types.JSTypeComparingCacheService
19588:             1             24  com.intellij.lang.javascript.psi.types.JSTypeSerializer$10
19589:             1             24  com.intellij.lang.javascript.psi.types.JSTypeSerializer$11
19590:             1             24  com.intellij.lang.javascript.psi.types.JSTypeSerializer$12
19591:             1             24  com.intellij.lang.javascript.psi.types.JSTypeSerializer$13
19592:             1             24  com.intellij.lang.javascript.psi.types.JSTypeSerializer$16
19593:             1             24  com.intellij.lang.javascript.psi.types.JSTypeSerializer$17
19594:             1             24  com.intellij.lang.javascript.psi.types.JSTypeSerializer$18
19595:             1             24  com.intellij.lang.javascript.psi.types.JSTypeSerializer$19
19596:             1             24  com.intellij.lang.javascript.psi.types.JSTypeSerializer$20
19597:             1             24  com.intellij.lang.javascript.psi.types.JSTypeSerializer$21
19598:             1             24  com.intellij.lang.javascript.psi.types.JSTypeSerializer$22
19599:             1             24  com.intellij.lang.javascript.psi.types.JSTypeSerializer$23
19600:             1             24  com.intellij.lang.javascript.psi.types.JSTypeSerializer$24
19601:             1             24  com.intellij.lang.javascript.psi.types.JSTypeSerializer$25
19602:             1             24  com.intellij.lang.javascript.psi.types.JSTypeSerializer$26
19603:             1             24  com.intellij.lang.javascript.psi.types.JSTypeSerializer$27
19604:             1             24  com.intellij.lang.javascript.psi.types.JSTypeSerializer$28
19605:             1             24  com.intellij.lang.javascript.psi.types.JSTypeSerializer$29
19606:             1             24  com.intellij.lang.javascript.psi.types.JSTypeSerializer$3
19607:             1             24  com.intellij.lang.javascript.psi.types.JSTypeSerializer$30
19608:             1             24  com.intellij.lang.javascript.psi.types.JSTypeSerializer$31
19609:             1             24  com.intellij.lang.javascript.psi.types.JSTypeSerializer$32
19610:             1             24  com.intellij.lang.javascript.psi.types.JSTypeSerializer$33
19611:             1             24  com.intellij.lang.javascript.psi.types.JSTypeSerializer$34
19612:             1             24  com.intellij.lang.javascript.psi.types.JSTypeSerializer$35
19613:             1             24  com.intellij.lang.javascript.psi.types.JSTypeSerializer$36
19614:             1             24  com.intellij.lang.javascript.psi.types.JSTypeSerializer$37
19615:             1             24  com.intellij.lang.javascript.psi.types.JSTypeSerializer$38
19616:             1             24  com.intellij.lang.javascript.psi.types.JSTypeSerializer$39
19617:             1             24  com.intellij.lang.javascript.psi.types.JSTypeSerializer$4
19618:             1             24  com.intellij.lang.javascript.psi.types.JSTypeSerializer$40
19619:             1             24  com.intellij.lang.javascript.psi.types.JSTypeSerializer$5
19620:             1             24  com.intellij.lang.javascript.psi.types.JSTypeSerializer$7
19621:             1             24  com.intellij.lang.javascript.psi.types.JSTypeSerializer$8
19622:             1             24  com.intellij.lang.javascript.psi.types.JSTypeSerializer$9
19623:             1             24  com.intellij.lang.javascript.refactoring.JSVisibilityUtil$Options
19624:             1             24  com.intellij.lang.javascript.scratch.JSScratchFileInfoProvider$Provider$1
19625:             1             24  com.intellij.lang.javascript.service.JSFileHighlightingInfo
19626:             1             24  com.intellij.lang.javascript.service.JSLanguageServiceUpdateContext
19627:             1             24  com.intellij.lang.javascript.service.highlighting.JSLanguageServiceHighlightingStateHolder$CalcState
19628:             1             24  com.intellij.lang.javascript.service.ide.JSLanguageServiceStartupActivity$1
19629:             1             24  com.intellij.lang.javascript.template.postfix.JSPostfixTemplateUtils$1
19630:             1             24  com.intellij.lang.javascript.types.ActionScriptAttributeListElementType
19631:             1             24  com.intellij.lang.javascript.types.ES6DecoratorElementType
19632:             1             24  com.intellij.lang.javascript.types.ES6FieldStatementElementType
19633:             1             24  com.intellij.lang.javascript.types.FlowJSMaybeTypeElementType
19634:             1             24  com.intellij.lang.javascript.types.JSAssignmentExpressionElementType
19635:             1             24  com.intellij.lang.javascript.types.JSAttributeElementType
19636:             1             24  com.intellij.lang.javascript.types.JSAttributeListElementType
19637:             1             24  com.intellij.lang.javascript.types.JSAttributeNameValuePairType
19638:             1             24  com.intellij.lang.javascript.types.JSBlockStatementElementType
19639:             1             24  com.intellij.lang.javascript.types.JSCallExpressionElementType
19640:             1             24  com.intellij.lang.javascript.types.JSCaseClauseElementType
19641:             1             24  com.intellij.lang.javascript.types.JSClassElementType
19642:             1             24  com.intellij.lang.javascript.types.JSDefinitionExpressionElementType
19643:             1             24  com.intellij.lang.javascript.types.JSDestructuringArrayElementType
19644:             1             24  com.intellij.lang.javascript.types.JSDestructuringElementElementType
19645:             1             24  com.intellij.lang.javascript.types.JSDestructuringObjectElementType
19646:             1             24  com.intellij.lang.javascript.types.JSDestructuringParameterElementType
19647:             1             24  com.intellij.lang.javascript.types.JSDestructuringPropertyElementType
19648:             1             24  com.intellij.lang.javascript.types.JSDestructuringShorthandedPropertyElementType
19649:             1             24  com.intellij.lang.javascript.types.JSDocCommentElementType
19650:             1             24  com.intellij.lang.javascript.types.JSEmbeddedExpressionElementType
19651:             1             24  com.intellij.lang.javascript.types.JSFunctionElementType
19652:             1             24  com.intellij.lang.javascript.types.JSFunctionExpressionElementType
19653:             1             24  com.intellij.lang.javascript.types.JSFunctionPropertyElementType
19654:             1             24  com.intellij.lang.javascript.types.JSImportStatementElementType
19655:             1             24  com.intellij.lang.javascript.types.JSIncludeDirectiveElementType
19656:             1             24  com.intellij.lang.javascript.types.JSLiteralExpressionElementType
19657:             1             24  com.intellij.lang.javascript.types.JSNamespaceDeclarationElementType
19658:             1             24  com.intellij.lang.javascript.types.JSNewExpressionElementType
19659:             1             24  com.intellij.lang.javascript.types.JSObjectLiteralExpressionElementType
19660:             1             24  com.intellij.lang.javascript.types.JSPackageStatementElementType
19661:             1             24  com.intellij.lang.javascript.types.JSParameterElementType
19662:             1             24  com.intellij.lang.javascript.types.JSParameterListElementType
19663:             1             24  com.intellij.lang.javascript.types.JSPropertyElementType
19664:             1             24  com.intellij.lang.javascript.types.JSReferenceListMemberElementType
19665:             1             24  com.intellij.lang.javascript.types.JSReturnStatementElementType
19666:             1             24  com.intellij.lang.javascript.types.JSStringTemplateExpressionElementType
19667:             1             24  com.intellij.lang.javascript.types.JSUseNamespaceDirectiveType
19668:             1             24  com.intellij.lang.javascript.types.JSVarStatementElementType
19669:             1             24  com.intellij.lang.javascript.types.JSVariableElementType
19670:             1             24  com.intellij.lang.javascript.types.TypeScriptArrayTypeElementType
19671:             1             24  com.intellij.lang.javascript.types.TypeScriptBooleanLiteralTypeElementType
19672:             1             24  com.intellij.lang.javascript.types.TypeScriptCallSignatureElementType
19673:             1             24  com.intellij.lang.javascript.types.TypeScriptClassElementType
19674:             1             24  com.intellij.lang.javascript.types.TypeScriptClassExpressionElementType
19675:             1             24  com.intellij.lang.javascript.types.TypeScriptConditionalTypeElementType
19676:             1             24  com.intellij.lang.javascript.types.TypeScriptEntityNameElementType
19677:             1             24  com.intellij.lang.javascript.types.TypeScriptEnumElementType
19678:             1             24  com.intellij.lang.javascript.types.TypeScriptEnumFieldElementType
19679:             1             24  com.intellij.lang.javascript.types.TypeScriptExportAssignmentElementType
19680:             1             24  com.intellij.lang.javascript.types.TypeScriptExternalModuleReferenceElementType
19681:             1             24  com.intellij.lang.javascript.types.TypeScriptFieldElementType
19682:             1             24  com.intellij.lang.javascript.types.TypeScriptFunctionElementType
19683:             1             24  com.intellij.lang.javascript.types.TypeScriptFunctionExpressionElementType
19684:             1             24  com.intellij.lang.javascript.types.TypeScriptFunctionPropertyElementType
19685:             1             24  com.intellij.lang.javascript.types.TypeScriptFunctionSignatureElementType
19686:             1             24  com.intellij.lang.javascript.types.TypeScriptFunctionTypeElementType
19687:             1             24  com.intellij.lang.javascript.types.TypeScriptGlobalModuleExportDeclarationElementType
19688:             1             24  com.intellij.lang.javascript.types.TypeScriptImplicitModuleElementType
19689:             1             24  com.intellij.lang.javascript.types.TypeScriptImportStatementElementType
19690:             1             24  com.intellij.lang.javascript.types.TypeScriptIndexSignatureElementType
19691:             1             24  com.intellij.lang.javascript.types.TypeScriptIndexedAccessTypeElementType
19692:             1             24  com.intellij.lang.javascript.types.TypeScriptInferTypeElementType
19693:             1             24  com.intellij.lang.javascript.types.TypeScriptInterfaceElementType
19694:             1             24  com.intellij.lang.javascript.types.TypeScriptMappedTypeElementType
19695:             1             24  com.intellij.lang.javascript.types.TypeScriptMappedTypeParameterElementType
19696:             1             24  com.intellij.lang.javascript.types.TypeScriptModuleElementType
19697:             1             24  com.intellij.lang.javascript.types.TypeScriptNumberLiteralTypeElementType
19698:             1             24  com.intellij.lang.javascript.types.TypeScriptObjectTypeElementType
19699:             1             24  com.intellij.lang.javascript.types.TypeScriptParameterElementType
19700:             1             24  com.intellij.lang.javascript.types.TypeScriptParameterListElementType
19701:             1             24  com.intellij.lang.javascript.types.TypeScriptPartialTypeElementType
19702:             1             24  com.intellij.lang.javascript.types.TypeScriptPropertySignatureElementType
19703:             1             24  com.intellij.lang.javascript.types.TypeScriptSingleTypeElementType
19704:             1             24  com.intellij.lang.javascript.types.TypeScriptStringLiteralTypeElementType
19705:             1             24  com.intellij.lang.javascript.types.TypeScriptThisTypeElementType
19706:             1             24  com.intellij.lang.javascript.types.TypeScriptTupleTypeElementType
19707:             1             24  com.intellij.lang.javascript.types.TypeScriptTypeAliasElementType
19708:             1             24  com.intellij.lang.javascript.types.TypeScriptTypeArgumentListElementType
19709:             1             24  com.intellij.lang.javascript.types.TypeScriptTypeOperatorElementType
19710:             1             24  com.intellij.lang.javascript.types.TypeScriptTypeParameterConstraintElementType
19711:             1             24  com.intellij.lang.javascript.types.TypeScriptTypeParameterDefaultElementType
19712:             1             24  com.intellij.lang.javascript.types.TypeScriptTypeParameterElementType
19713:             1             24  com.intellij.lang.javascript.types.TypeScriptTypeParameterListElementType
19714:             1             24  com.intellij.lang.javascript.types.TypeScriptTypePredicateElementType
19715:             1             24  com.intellij.lang.javascript.types.TypeScriptTypeofTypeElementType
19716:             1             24  com.intellij.lang.javascript.types.TypeScriptUnionOrIntersectionTypeElementType
19717:             1             24  com.intellij.lang.javascript.types.TypeScriptVariableElementType
19718:             1             24  com.intellij.lang.javascript.types.TypescriptParenthesizedTypeElementType
19719:             1             24  com.intellij.lang.javascript.uml.FlashUmlElementManager
19720:             1             24  com.intellij.lang.javascript.uml.actions.FlexCreateConstructorFromDiagramAction
19721:             1             24  com.intellij.lang.javascript.uml.actions.FlexCreateFieldFromDiagramAction
19722:             1             24  com.intellij.lang.javascript.uml.actions.FlexCreateMethodFromDiagramAction
19723:             1             24  com.intellij.lang.javascript.uml.actions.NewActionScriptClassUmlAction
19724:             1             24  com.intellij.lang.javascript.uml.actions.NewFlexComponentUmlAction
19725:             1             24  com.intellij.lang.javascript.validation.ES6KeywordHighlighterVisitor
19726:             1             24  com.intellij.lang.jsp.NewJspParserDefinition$1
19727:             1             24  com.intellij.lang.jspx.JSPXLanguage$1
19728:             1             24  com.intellij.lang.ognl.OgnlFileType$1
19729:             1             24  com.intellij.lang.ognl.OgnlLanguage$1
19730:             1             24  com.intellij.lang.ognl.template.OgnlTemplateContextType
19731:             1             24  com.intellij.lang.parser.GeneratedParserUtilBase$DummyBlockElementType
19732:             1             24  com.intellij.lang.properties.PropertiesLanguage$1
19733:             1             24  com.intellij.lang.properties.create.AddNewPropertyFileAction
19734:             1             24  com.intellij.lang.properties.create.CreateResourceBundleAction
19735:             1             24  com.intellij.lang.properties.customizeActions.CombinePropertiesFilesAction
19736:             1             24  com.intellij.lang.properties.customizeActions.DissociateResourceBundleAction
19737:             1             24  com.intellij.lang.properties.editor.GotoNextIncompletePropertyAction
19738:             1             24  com.intellij.lang.properties.editor.ResourceBundleEditorShowQuickFixesAction
19739:             1             24  com.intellij.lang.properties.parsing.PropertiesElementTypes$1
19740:             1             24  com.intellij.lang.properties.parsing.PropertyListStubElementType
19741:             1             24  com.intellij.lang.properties.parsing.PropertyStubElementType
19742:             1             24  com.intellij.lang.properties.projectView.ResourceBundleGrouper$$Lambda$1301/1989576394
19743:             1             24  com.intellij.lang.properties.xml.XmlPropertiesIndex$Key
19744:             1             24  com.intellij.lang.typescript.compiler.TypeScriptGeneratedFilesUseScopeOptimizer$1
19745:             1             24  com.intellij.lang.typescript.compiler.action.TypeScriptCompileCurrentAction
19746:             1             24  com.intellij.lang.typescript.documentation.TypeScriptDocumentationProvider
19747:             1             24  com.intellij.lang.typescript.refactoring.TypeScriptExtractTypeAliasHandler
19748:             1             24  com.intellij.lang.typescript.settings.exclude.TypeScriptGeneratedFilesStartupActivity$1
19749:             1             24  com.intellij.lang.typescript.settings.exclude.TypeScriptIncludeGeneratedDeclarationFilesAction
19750:             1             24  com.intellij.moduleDependencies.ShowModuleDependenciesAction
19751:             1             24  com.intellij.notification.EventLog$NotificationHyperlinkInfo
19752:             1             24  com.intellij.notification.Notifications$Bus$$Lambda$2501/2043806220
19753:             1             24  com.intellij.notification.impl.IdeNotificationArea$1
19754:             1             24  com.intellij.notification.impl.NotificationsManagerImpl$$Lambda$2502/1702095390
19755:             1             24  com.intellij.notification.impl.actions.MarkAllNotificationsAsReadAction
19756:             1             24  com.intellij.openapi.CompositeDisposable
19757:             1             24  com.intellij.openapi.actionSystem.ComputableActionGroup$Simple$$Lambda$5062/1021438588
19758:             1             24  com.intellij.openapi.actionSystem.ex.QuickListsManager
19759:             1             24  com.intellij.openapi.actionSystem.impl.AbbreviationManagerImpl
19760:             1             24  com.intellij.openapi.actionSystem.impl.ActionManagerImpl$MyTimer$1
19761:             1             24  com.intellij.openapi.actionSystem.impl.MenuItemPresentationFactory
19762:             1             24  com.intellij.openapi.actionSystem.impl.MouseGestureManager
19763:             1             24  com.intellij.openapi.actionSystem.impl.Utils$1
19764:             1             24  com.intellij.openapi.application.Preloader
19765:             1             24  com.intellij.openapi.application.TransactionGuardImpl$$Lambda$701/963036184
19766:             1             24  com.intellij.openapi.application.impl.ApplicationImpl$WriteAccessToken
19767:             1             24  com.intellij.openapi.application.impl.NoSwingUnderWriteAction$$Lambda$53/1592209787
19768:             1             24  com.intellij.openapi.command.impl.DocumentReferenceManagerImpl
19769:             1             24  com.intellij.openapi.compiler.CompilerMessageCategory$1
19770:             1             24  com.intellij.openapi.compiler.CompilerMessageCategory$2
19771:             1             24  com.intellij.openapi.compiler.CompilerMessageCategory$3
19772:             1             24  com.intellij.openapi.compiler.CompilerMessageCategory$4
19773:             1             24  com.intellij.openapi.components.impl.ModulePathMacroManager
19774:             1             24  com.intellij.openapi.components.impl.ModuleServiceManagerImpl
19775:             1             24  com.intellij.openapi.diff.actions.FocusOppositePaneAction
19776:             1             24  com.intellij.openapi.diff.actions.NextDiffAction
19777:             1             24  com.intellij.openapi.diff.actions.PreviousDiffAction
19778:             1             24  com.intellij.openapi.diff.impl.dir.actions.popup.CancelComparingNewFilesWithEachOtherAction
19779:             1             24  com.intellij.openapi.diff.impl.dir.actions.popup.CompareNewFilesWithEachOtherAction
19780:             1             24  com.intellij.openapi.diff.impl.dir.actions.popup.MirrorToLeftAction
19781:             1             24  com.intellij.openapi.diff.impl.dir.actions.popup.MirrorToRightAction
19782:             1             24  com.intellij.openapi.diff.impl.dir.actions.popup.SetCopyToLeft
19783:             1             24  com.intellij.openapi.diff.impl.dir.actions.popup.SetCopyToRight
19784:             1             24  com.intellij.openapi.diff.impl.dir.actions.popup.SetDefault
19785:             1             24  com.intellij.openapi.diff.impl.dir.actions.popup.SetDelete
19786:             1             24  com.intellij.openapi.diff.impl.dir.actions.popup.SetNoOperation
19787:             1             24  com.intellij.openapi.diff.impl.dir.actions.popup.WarnOnDeletion
19788:             1             24  com.intellij.openapi.editor.CaretVisualAttributes
19789:             1             24  com.intellij.openapi.editor.actionSystem.DocCommandGroupId
19790:             1             24  com.intellij.openapi.editor.actionSystem.TypedAction
19791:             1             24  com.intellij.openapi.editor.actions.AddOrRemoveCaretDummyAction
19792:             1             24  com.intellij.openapi.editor.actions.AddRectangularSelectionOnMouseDragAction
19793:             1             24  com.intellij.openapi.editor.actions.BackspaceAction$Handler
19794:             1             24  com.intellij.openapi.editor.actions.BasePasteHandler
19795:             1             24  com.intellij.openapi.editor.actions.CreateRectangularSelectionAction
19796:             1             24  com.intellij.openapi.editor.actions.CutAction$Handler
19797:             1             24  com.intellij.openapi.editor.actions.CutLineBackwardAction$Handler
19798:             1             24  com.intellij.openapi.editor.actions.CutLineEndAction$Handler
19799:             1             24  com.intellij.openapi.editor.actions.DeleteAction$Handler
19800:             1             24  com.intellij.openapi.editor.actions.DeleteLineAction$Handler
19801:             1             24  com.intellij.openapi.editor.actions.DeleteSelectionHandler
19802:             1             24  com.intellij.openapi.editor.actions.DuplicateAction$Handler
19803:             1             24  com.intellij.openapi.editor.actions.DuplicateLinesAction$Handler
19804:             1             24  com.intellij.openapi.editor.actions.EnterAction$Handler
19805:             1             24  com.intellij.openapi.editor.actions.HungryBackspaceAction$Handler
19806:             1             24  com.intellij.openapi.editor.actions.JoinLinesAction$Handler
19807:             1             24  com.intellij.openapi.editor.actions.KillToWordEndAction$Handler
19808:             1             24  com.intellij.openapi.editor.actions.KillToWordStartAction$Handler
19809:             1             24  com.intellij.openapi.editor.actions.MultiplePasteAction
19810:             1             24  com.intellij.openapi.editor.actions.PasteAction$Handler
19811:             1             24  com.intellij.openapi.editor.actions.PasteFromX11Action$Handler
19812:             1             24  com.intellij.openapi.editor.actions.SelectWordAtCaretAction$Handler
19813:             1             24  com.intellij.openapi.editor.actions.SplitLineAction$Handler
19814:             1             24  com.intellij.openapi.editor.actions.StartNewLineAction$Handler
19815:             1             24  com.intellij.openapi.editor.actions.StartNewLineBeforeAction$Handler
19816:             1             24  com.intellij.openapi.editor.actions.TabAction$Handler
19817:             1             24  com.intellij.openapi.editor.actions.ToggleCaseAction$Handler
19818:             1             24  com.intellij.openapi.editor.actions.ToggleColumnModeAction
19819:             1             24  com.intellij.openapi.editor.actions.ToggleShowGutterIconsAction
19820:             1             24  com.intellij.openapi.editor.actions.ToggleShowImportPopupsAction
19821:             1             24  com.intellij.openapi.editor.actions.ToggleShowIndentLinesAction
19822:             1             24  com.intellij.openapi.editor.actions.ToggleShowIndentLinesGloballyAction
19823:             1             24  com.intellij.openapi.editor.actions.ToggleShowLineNumbersAction
19824:             1             24  com.intellij.openapi.editor.actions.ToggleShowLineNumbersGloballyAction
19825:             1             24  com.intellij.openapi.editor.actions.ToggleShowWhitespacesAction
19826:             1             24  com.intellij.openapi.editor.actions.ToggleUseSoftWrapsInPreviewAction
19827:             1             24  com.intellij.openapi.editor.actions.UnindentSelectionAction$Handler
19828:             1             24  com.intellij.openapi.editor.colors.impl.EditorColorsManagerImpl$1EditorColorSchemeProcessor
19829:             1             24  com.intellij.openapi.editor.impl.DocumentImpl$DelayedExceptions
19830:             1             24  com.intellij.openapi.editor.impl.EditorActionManagerImpl
19831:             1             24  com.intellij.openapi.editor.impl.EditorFactoryImpl
19832:             1             24  com.intellij.openapi.editor.impl.FontFallbackIterator$BreakAtEveryCharacterIterator
19833:             1             24  com.intellij.openapi.editor.impl.LazyRangeMarkerFactoryImpl$1
19834:             1             24  com.intellij.openapi.editor.impl.StripedIDGenerator
19835:             1             24  com.intellij.openapi.editor.impl.TrailingSpacesStripper$$Lambda$3247/749029798
19836:             1             24  com.intellij.openapi.externalSystem.ExternalProjectSystemRegistryImpl$ProjectModelExternalSourceImpl
19837:             1             24  com.intellij.openapi.externalSystem.ExternalSystemModulePropertyManager
19838:             1             24  com.intellij.openapi.externalSystem.action.AttachExternalProjectAction
19839:             1             24  com.intellij.openapi.externalSystem.action.EditExternalSystemRunConfigurationAction
19840:             1             24  com.intellij.openapi.externalSystem.action.ExternalSystemSelectProjectDataToImportAction
19841:             1             24  com.intellij.openapi.externalSystem.action.ExternalSystemTreeAction$CollapseAll
19842:             1             24  com.intellij.openapi.externalSystem.action.ExternalSystemTreeAction$ExpandAll
19843:             1             24  com.intellij.openapi.externalSystem.action.IgnoreExternalProjectAction
19844:             1             24  com.intellij.openapi.externalSystem.action.RefreshAllExternalProjectsAction
19845:             1             24  com.intellij.openapi.externalSystem.action.RemoveExternalSystemRunConfigurationAction
19846:             1             24  com.intellij.openapi.externalSystem.action.ShowExternalSystemSettingsAction
19847:             1             24  com.intellij.openapi.externalSystem.action.ToggleAutoImportAction
19848:             1             24  com.intellij.openapi.externalSystem.action.task.AssignRunConfigurationShortcutAction
19849:             1             24  com.intellij.openapi.externalSystem.service.RemoteExternalSystemCommunicationManager$1
19850:             1             24  com.intellij.openapi.externalSystem.service.execution.AbstractExternalSystemTaskConfigurationType$1
19851:             1             24  com.intellij.openapi.externalSystem.service.execution.AbstractExternalSystemTaskConfigurationType$2
19852:             1             24  com.intellij.openapi.externalSystem.service.project.autoimport.CachingExternalSystemAutoImportAware
19853:             1             24  com.intellij.openapi.externalSystem.service.project.autoimport.ExternalSystemProjectsWatcherImpl$10
19854:             1             24  com.intellij.openapi.externalSystem.service.project.manage.ProjectDataManagerImpl$1
19855:             1             24  com.intellij.openapi.externalSystem.service.ui.ExternalToolWindowManager$1
19856:             1             24  com.intellij.openapi.externalSystem.util.ExternalSystemBundle
19857:             1             24  com.intellij.openapi.file.exclude.EnforcedPlainTextFileTypeManager
19858:             1             24  com.intellij.openapi.file.exclude.ui.MarkAsOriginalTypeAction
19859:             1             24  com.intellij.openapi.file.exclude.ui.MarkAsPlainTextAction
19860:             1             24  com.intellij.openapi.fileChooser.actions.FileDeleteAction
19861:             1             24  com.intellij.openapi.fileChooser.actions.GotoDesktopDirAction$1
19862:             1             24  com.intellij.openapi.fileChooser.actions.GotoHomeAction
19863:             1             24  com.intellij.openapi.fileChooser.actions.GotoModuleDirectory
19864:             1             24  com.intellij.openapi.fileChooser.actions.GotoProjectDirectory
19865:             1             24  com.intellij.openapi.fileChooser.actions.NewFileAction
19866:             1             24  com.intellij.openapi.fileChooser.actions.NewFolderAction
19867:             1             24  com.intellij.openapi.fileChooser.actions.RefreshFileChooserAction
19868:             1             24  com.intellij.openapi.fileChooser.actions.ShowHiddensAction
19869:             1             24  com.intellij.openapi.fileChooser.actions.TogglePathShowingAction
19870:             1             24  com.intellij.openapi.fileEditor.impl.FileDocumentManagerImpl$$Lambda$3240/289610861
19871:             1             24  com.intellij.openapi.fileEditor.impl.FileDocumentManagerImpl$$Lambda$3244/1815345896
19872:             1             24  com.intellij.openapi.fileEditor.impl.FileDocumentManagerImpl$$Lambda$3245/1349304686
19873:             1             24  com.intellij.openapi.fileEditor.impl.FileEditorManagerImpl$3
19874:             1             24  com.intellij.openapi.fileEditor.impl.FileEditorManagerImpl$MyRootsListener
19875:             1             24  com.intellij.openapi.fileEditor.impl.MemoryDiskConflictResolver
19876:             1             24  com.intellij.openapi.fileEditor.impl.MoveEditorToOppositeTabGroupAction
19877:             1             24  com.intellij.openapi.fileEditor.impl.OpenEditorInOppositeTabGroupAction
19878:             1             24  com.intellij.openapi.fileEditor.impl.ReopenClosedTabAction
19879:             1             24  com.intellij.openapi.fileEditor.impl.SelectNextEditorTabAction
19880:             1             24  com.intellij.openapi.fileEditor.impl.SelectPreviousEditorTabAction
19881:             1             24  com.intellij.openapi.fileTypes.FileTypeExtensionFactory
19882:             1             24  com.intellij.openapi.fileTypes.PlainTextParserDefinition$1
19883:             1             24  com.intellij.openapi.fileTypes.impl.IgnoredFileCache
19884:             1             24  com.intellij.openapi.fileTypes.impl.IgnoredPatternSet
19885:             1             24  com.intellij.openapi.keymap.impl.DefaultKeymap
19886:             1             24  com.intellij.openapi.keymap.impl.KeymapImpl$getActionIds$2
19887:             1             24  com.intellij.openapi.keymap.impl.KeymapImpl$getActionIds$4
19888:             1             24  com.intellij.openapi.keymap.impl.KeymapManagerImpl
19889:             1             24  com.intellij.openapi.keymap.impl.KeymapManagerImpl$1
19890:             1             24  com.intellij.openapi.keymap.impl.ModifierKeyDoubleClickHandler
19891:             1             24  com.intellij.openapi.keymap.impl.keyGestures.KeyGestureState$ModifierPressed
19892:             1             24  com.intellij.openapi.keymap.impl.keyGestures.KeyGestureState$ProcessFinish
19893:             1             24  com.intellij.openapi.keymap.impl.keyGestures.KeyGestureState$WaitForAction
19894:             1             24  com.intellij.openapi.keymap.impl.keyGestures.KeyGestureState$WaitForActionEnd
19895:             1             24  com.intellij.openapi.keymap.impl.keyGestures.KeyGestureState$WaitForDblClick
19896:             1             24  com.intellij.openapi.keymap.impl.keyGestures.KeyGestureState$WaitForStart
19897:             1             24  com.intellij.openapi.module.EmptyModuleType
19898:             1             24  com.intellij.openapi.module.JavaModuleType
19899:             1             24  com.intellij.openapi.module.impl.ModulePointerManagerImpl$registerPointer$1
19900:             1             24  com.intellij.openapi.paths.PathReferenceManagerImpl
19901:             1             24  com.intellij.openapi.progress.impl.CoreProgressManager$TaskRunnable
19902:             1             24  com.intellij.openapi.progress.util.TooManyUsagesStatus$NullStatus
19903:             1             24  com.intellij.openapi.project.DumbServiceImpl$1
19904:             1             24  com.intellij.openapi.projectRoots.JdkPopupAction
19905:             1             24  com.intellij.openapi.projectRoots.impl.JavaSdkImpl
19906:             1             24  com.intellij.openapi.projectRoots.impl.JavaSdkImpl$1
19907:             1             24  com.intellij.openapi.projectRoots.impl.ProjectJdkTableImpl$1
19908:             1             24  com.intellij.openapi.roots.impl.ModuleLibraryTable
19909:             1             24  com.intellij.openapi.roots.impl.ProjectRootManagerImpl$$Lambda$686/270426547
19910:             1             24  com.intellij.openapi.roots.impl.ProjectRootManagerImpl$LibraryTableMultiListener
19911:             1             24  com.intellij.openapi.roots.impl.PushedFilePropertiesUpdaterImpl$1
19912:             1             24  com.intellij.openapi.roots.ui.configuration.actions.NewModuleAction
19913:             1             24  com.intellij.openapi.roots.ui.configuration.actions.NewModuleInGroupAction
19914:             1             24  com.intellij.openapi.updateSettings.impl.UpdateChecker$showNotification$1
19915:             1             24  com.intellij.openapi.updateSettings.impl.UpdateCheckerComponent
19916:             1             24  com.intellij.openapi.updateSettings.impl.UpdateSettings
19917:             1             24  com.intellij.openapi.util.DimensionService
19918:             1             24  com.intellij.openapi.util.KeyWithDefaultValue$1
19919:             1             24  com.intellij.openapi.util.KeyedExtensionFactory$1
19920:             1             24  com.intellij.openapi.util.ModificationTracker$1
19921:             1             24  com.intellij.openapi.util.Pair$NonNull
19922:             1             24  com.intellij.openapi.util.RequestsMerger$MyState$1
19923:             1             24  com.intellij.openapi.util.RequestsMerger$MyState$2
19924:             1             24  com.intellij.openapi.util.RequestsMerger$MyState$3
19925:             1             24  com.intellij.openapi.util.RequestsMerger$MyState$4
19926:             1             24  com.intellij.openapi.util.ShutDownTracker
19927:             1             24  com.intellij.openapi.util.SimpleTimer
19928:             1             24  com.intellij.openapi.util.VolatileNotNullLazyValue$1
19929:             1             24  com.intellij.openapi.util.io.FileUtilRt$NIOReflect$1
19930:             1             24  com.intellij.openapi.util.io.FileUtilRt$NIOReflect$1$1
19931:             1             24  com.intellij.openapi.util.registry.Registry
19932:             1             24  com.intellij.openapi.vcs.VcsVFSListener$MyCommandAdapter
19933:             1             24  com.intellij.openapi.vcs.actions.AnnotateToggleAction
19934:             1             24  com.intellij.openapi.vcs.actions.CommonCheckinFilesAction
19935:             1             24  com.intellij.openapi.vcs.actions.CommonCheckinProjectAction
19936:             1             24  com.intellij.openapi.vcs.actions.CompareWithLastVersion
19937:             1             24  com.intellij.openapi.vcs.actions.CompareWithSelectedRevisionAction
19938:             1             24  com.intellij.openapi.vcs.actions.CompareWithTheSameVersionAction
19939:             1             24  com.intellij.openapi.vcs.actions.RefreshStatuses
19940:             1             24  com.intellij.openapi.vcs.actions.SelectAndCompareWithSelectedRevisionAction
19941:             1             24  com.intellij.openapi.vcs.actions.SelectedBlockHistoryAction
19942:             1             24  com.intellij.openapi.vcs.actions.ShowBaseRevisionAction
19943:             1             24  com.intellij.openapi.vcs.actions.ShowChangeMarkerAction$Current
19944:             1             24  com.intellij.openapi.vcs.actions.ShowChangeMarkerAction$Next
19945:             1             24  com.intellij.openapi.vcs.actions.ShowChangeMarkerAction$Prev
19946:             1             24  com.intellij.openapi.vcs.actions.ShowMessageHistoryAction
19947:             1             24  com.intellij.openapi.vcs.actions.TabbedShowHistoryAction
19948:             1             24  com.intellij.openapi.vcs.actions.TabbedShowHistoryForRevisionAction
19949:             1             24  com.intellij.openapi.vcs.annotate.ShowAllAffectedGenericAction
19950:             1             24  com.intellij.openapi.vcs.changes.CallbackData
19951:             1             24  com.intellij.openapi.vcs.changes.CallbackData$$Lambda$2902/1239681127
19952:             1             24  com.intellij.openapi.vcs.changes.CallbackData$$Lambda$2903/1491324777
19953:             1             24  com.intellij.openapi.vcs.changes.ChangeListManagerImpl$$Lambda$2900/1404044411
19954:             1             24  com.intellij.openapi.vcs.changes.ChangeListWorker$$Lambda$1822/988206172
19955:             1             24  com.intellij.openapi.vcs.changes.ChangeListWorker$ChangeListUpdater$$Lambda$2217/1056029181
19956:             1             24  com.intellij.openapi.vcs.changes.ChangesViewManager$$Lambda$2226/561811332
19957:             1             24  com.intellij.openapi.vcs.changes.ChangesViewManager$$Lambda$2227/901309418
19958:             1             24  com.intellij.openapi.vcs.changes.DelayedNotificator$$Lambda$2220/1965375179
19959:             1             24  com.intellij.openapi.vcs.changes.DelayedNotificator$$Lambda$2221/1204363898
19960:             1             24  com.intellij.openapi.vcs.changes.TextRevisionNumber
19961:             1             24  com.intellij.openapi.vcs.changes.VcsDirtyScopeVfsListener$$Lambda$1738/1342152821
19962:             1             24  com.intellij.openapi.vcs.changes.VcsGuess$$Lambda$1807/1801495531
19963:             1             24  com.intellij.openapi.vcs.changes.actions.AddChangeListAction
19964:             1             24  com.intellij.openapi.vcs.changes.actions.BrowseChangesAction
19965:             1             24  com.intellij.openapi.vcs.changes.actions.CreatePatchAction
19966:             1             24  com.intellij.openapi.vcs.changes.actions.EditAction
19967:             1             24  com.intellij.openapi.vcs.changes.actions.IgnoreUnversionedAction
19968:             1             24  com.intellij.openapi.vcs.changes.actions.MoveChangesToAnotherListAction
19969:             1             24  com.intellij.openapi.vcs.changes.actions.OpenRepositoryVersionAction
19970:             1             24  com.intellij.openapi.vcs.changes.actions.RefreshAction
19971:             1             24  com.intellij.openapi.vcs.changes.actions.RemoveChangeListAction
19972:             1             24  com.intellij.openapi.vcs.changes.actions.RenameChangeListAction
19973:             1             24  com.intellij.openapi.vcs.changes.actions.RollbackAction
19974:             1             24  com.intellij.openapi.vcs.changes.actions.ScheduleForRemovalAction
19975:             1             24  com.intellij.openapi.vcs.changes.actions.SetDefaultChangeListAction
19976:             1             24  com.intellij.openapi.vcs.changes.actions.SetDirectoryChangesGroupingAction
19977:             1             24  com.intellij.openapi.vcs.changes.actions.SetModuleChangesGroupingAction
19978:             1             24  com.intellij.openapi.vcs.changes.actions.ShelveSilentlyAction
19979:             1             24  com.intellij.openapi.vcs.changes.actions.UnshelveSilentlyAction
19980:             1             24  com.intellij.openapi.vcs.changes.committed.ChangeListDetailsAction
19981:             1             24  com.intellij.openapi.vcs.changes.committed.ClearCommittedAction
19982:             1             24  com.intellij.openapi.vcs.changes.committed.FilterCommittedAction
19983:             1             24  com.intellij.openapi.vcs.changes.committed.RefreshCommittedAction
19984:             1             24  com.intellij.openapi.vcs.changes.committed.RefreshIncomingChangesAction
19985:             1             24  com.intellij.openapi.vcs.changes.conflicts.ChangelistConflictResolution$1
19986:             1             24  com.intellij.openapi.vcs.changes.conflicts.ChangelistConflictResolution$2
19987:             1             24  com.intellij.openapi.vcs.changes.conflicts.ChangelistConflictResolution$3
19988:             1             24  com.intellij.openapi.vcs.changes.conflicts.ChangelistConflictResolution$4
19989:             1             24  com.intellij.openapi.vcs.changes.conflicts.ChangelistConflictTracker$$Lambda$2899/315669380
19990:             1             24  com.intellij.openapi.vcs.changes.patch.ApplyPatchAction
19991:             1             24  com.intellij.openapi.vcs.changes.patch.ApplyPatchFromClipboardAction
19992:             1             24  com.intellij.openapi.vcs.changes.shelf.CleanUnshelvedAction
19993:             1             24  com.intellij.openapi.vcs.changes.shelf.ImportIntoShelfAction
19994:             1             24  com.intellij.openapi.vcs.changes.shelf.OpenShelfSettings
19995:             1             24  com.intellij.openapi.vcs.changes.shelf.RenameShelvedChangeListAction
19996:             1             24  com.intellij.openapi.vcs.changes.shelf.RestoreShelvedChange
19997:             1             24  com.intellij.openapi.vcs.changes.shelf.ShelveChangesAction
19998:             1             24  com.intellij.openapi.vcs.changes.shelf.ShelvedChangesViewManager$ShelfTreeCellRenderer$1
19999:             1             24  com.intellij.openapi.vcs.changes.shelf.ShowHideRecycledAction
20000:             1             24  com.intellij.openapi.vcs.changes.shelf.UnshelveWithDialogAction
20001:             1             24  com.intellij.openapi.vcs.changes.ui.ChangesDnDSupport
20002:             1             24  com.intellij.openapi.vcs.changes.ui.ChangesViewContentManager$1
20003:             1             24  com.intellij.openapi.vcs.ex.LineStatusTracker$LocalLineStatusMarkerRenderer
20004:             1             24  com.intellij.openapi.vcs.ex.MoveChangesLineStatusAction
20005:             1             24  com.intellij.openapi.vcs.ex.RollbackLineStatusAction
20006:             1             24  com.intellij.openapi.vcs.history.actions.AnnotateRevisionAction
20007:             1             24  com.intellij.openapi.vcs.history.actions.CopyRevisionNumberAction
20008:             1             24  com.intellij.openapi.vcs.history.actions.GetVersionAction
20009:             1             24  com.intellij.openapi.vcs.impl.ContentRevisionCache$$Lambda$3265/832284962
20010:             1             24  com.intellij.openapi.vcs.impl.ContentRevisionCache$$Lambda$3266/1797023160
20011:             1             24  com.intellij.openapi.vcs.impl.ModuleVcsDetector$MyModulesListener
20012:             1             24  com.intellij.openapi.vcs.roots.VcsRootScanner
20013:             1             24  com.intellij.openapi.vfs.VfsBundle
20014:             1             24  com.intellij.openapi.vfs.encoding.ChooseFileEncodingAction$2
20015:             1             24  com.intellij.openapi.vfs.ex.temp.TempFileSystem
20016:             1             24  com.intellij.openapi.vfs.impl.http.HttpFileSystemImpl
20017:             1             24  com.intellij.openapi.vfs.impl.jar.JarFileSystemImpl
20018:             1             24  com.intellij.openapi.vfs.impl.jrt.JrtFileSystemImpl
20019:             1             24  com.intellij.openapi.vfs.impl.local.FileWatcher$MyFileWatcherNotificationSink
20020:             1             24  com.intellij.openapi.vfs.impl.local.LocalFileSystemImpl$$Lambda$94/2061801165
20021:             1             24  com.intellij.openapi.vfs.newvfs.persistent.FSRecords$$Lambda$119/59004217
20022:             1             24  com.intellij.openapi.vfs.newvfs.persistent.FSRecords$$Lambda$120/1926413046
20023:             1             24  com.intellij.openapi.vfs.newvfs.persistent.FSRecords$$Lambda$920/980123805
20024:             1             24  com.intellij.openapi.vfs.newvfs.persistent.FSRecords$ContentOutputStream$$Lambda$2850/462294084
20025:             1             24  com.intellij.openapi.wm.impl.LibraryDependentToolWindowManager$1
20026:             1             24  com.intellij.openapi.wm.impl.MaximizeToolWindowAction
20027:             1             24  com.intellij.openapi.wm.impl.NextProjectWindow
20028:             1             24  com.intellij.openapi.wm.impl.PreviousProjectWindow
20029:             1             24  com.intellij.openapi.wm.impl.ToolWindowManagerImpl$3
20030:             1             24  com.intellij.openapi.wm.impl.WindowManagerImpl$2
20031:             1             24  com.intellij.openapi.wm.impl.WindowWatcher$WindowInfo
20032:             1             24  com.intellij.openapi.wm.impl.Windows$ToolWindowProvider$2
20033:             1             24  com.intellij.openapi.wm.impl.status.AutoShowProcessPopupAction
20034:             1             24  com.intellij.openapi.wm.impl.status.EncodingPanel$2
20035:             1             24  com.intellij.openapi.wm.impl.status.IdeStatusBarImpl$$Lambda$1763/1881206893
20036:             1             24  com.intellij.openapi.wm.impl.status.IdeStatusBarImpl$MultipleTextValuesPresentationWrapper$1
20037:             1             24  com.intellij.openapi.wm.impl.status.LineSeparatorPanel$2
20038:             1             24  com.intellij.openapi.wm.impl.status.ShowProcessWindowAction
20039:             1             24  com.intellij.openapi.wm.impl.status.ToggleReadOnlyAttributePanel
20040:             1             24  com.intellij.openapi.wm.impl.welcomeScreen.ChangeProjectIconAction
20041:             1             24  com.intellij.openapi.wm.impl.welcomeScreen.CreateNewProjectGroupAction
20042:             1             24  com.intellij.openapi.wm.impl.welcomeScreen.DevelopPluginsAction
20043:             1             24  com.intellij.openapi.wm.impl.welcomeScreen.EditProjectGroupAction
20044:             1             24  com.intellij.openapi.wm.impl.welcomeScreen.GetFromVcsAction
20045:             1             24  com.intellij.openapi.wm.impl.welcomeScreen.OpenSelectedProjectsAction
20046:             1             24  com.intellij.openapi.wm.impl.welcomeScreen.RemoveSelectedProjectsAction
20047:             1             24  com.intellij.packageDependencies.actions.AnalyzeDependenciesOnSpecifiedTargetAction
20048:             1             24  com.intellij.packaging.impl.artifacts.ArtifactBySourceFileFinderImpl
20049:             1             24  com.intellij.packaging.impl.artifacts.ArtifactPointerImpl
20050:             1             24  com.intellij.packaging.impl.artifacts.ArtifactPointerManagerImpl
20051:             1             24  com.intellij.packaging.impl.artifacts.ArtifactVirtualFileListener
20052:             1             24  com.intellij.packaging.impl.artifacts.ArtifactVirtualFileListener$$Lambda$531/2040876943
20053:             1             24  com.intellij.packaging.impl.artifacts.JarArtifactType
20054:             1             24  com.intellij.packaging.impl.artifacts.PackagingElementPath
20055:             1             24  com.intellij.packaging.impl.artifacts.PlainArtifactType
20056:             1             24  com.intellij.packaging.impl.elements.ArchiveElementType
20057:             1             24  com.intellij.packaging.impl.elements.ArtifactElementType
20058:             1             24  com.intellij.packaging.impl.elements.ArtifactPackagingElement
20059:             1             24  com.intellij.packaging.impl.elements.ArtifactRootElementImpl
20060:             1             24  com.intellij.packaging.impl.elements.DirectoryCopyElementType
20061:             1             24  com.intellij.packaging.impl.elements.DirectoryElementType
20062:             1             24  com.intellij.packaging.impl.elements.ExtractedDirectoryElementType
20063:             1             24  com.intellij.packaging.impl.elements.FileCopyElementType
20064:             1             24  com.intellij.packaging.impl.elements.FileCopyPackagingElement
20065:             1             24  com.intellij.packaging.impl.elements.LibraryElementType
20066:             1             24  com.intellij.packaging.impl.elements.PackagingElementFactoryImpl$ArtifactRootElementType
20067:             1             24  com.intellij.packaging.impl.elements.ProductionModuleOutputElementType
20068:             1             24  com.intellij.packaging.impl.elements.ProductionModuleOutputPackagingElement
20069:             1             24  com.intellij.packaging.impl.elements.TestModuleOutputElementType
20070:             1             24  com.intellij.packaging.impl.ui.actions.PackageFileAction
20071:             1             24  com.intellij.patterns.CharPattern$3
20072:             1             24  com.intellij.patterns.CollectionPattern$5
20073:             1             24  com.intellij.patterns.CollectionPattern$6
20074:             1             24  com.intellij.patterns.CollectionPattern$7
20075:             1             24  com.intellij.patterns.ElementPatternBean
20076:             1             24  com.intellij.patterns.GenericDomValuePattern$4
20077:             1             24  com.intellij.patterns.ObjectPattern$5
20078:             1             24  com.intellij.patterns.ObjectPattern$6
20079:             1             24  com.intellij.patterns.PsiBinaryExpressionPattern$1
20080:             1             24  com.intellij.patterns.PsiBinaryExpressionPattern$2
20081:             1             24  com.intellij.patterns.PsiElementPattern$14
20082:             1             24  com.intellij.patterns.PsiElementPattern$16
20083:             1             24  com.intellij.patterns.PsiExpressionPattern$1
20084:             1             24  com.intellij.patterns.PsiExpressionPattern$3
20085:             1             24  com.intellij.patterns.PsiFilePattern$4
20086:             1             24  com.intellij.patterns.PsiMethodCallPattern$2
20087:             1             24  com.intellij.patterns.PsiTypeCastExpressionPattern$1
20088:             1             24  com.intellij.patterns.PsiTypePattern$2
20089:             1             24  com.intellij.patterns.VirtualFilePattern$2
20090:             1             24  com.intellij.patterns.XmlTagPattern$6
20091:             1             24  com.intellij.patterns.compiler.PatternCompilerFactoryImpl
20092:             1             24  com.intellij.patterns.compiler.PatternCompilerImpl$FalsePattern
20093:             1             24  com.intellij.patterns.uast.UastPatterns$stringLiteralExpression$1
20094:             1             24  com.intellij.persistence.ManipulatorsRegistryImpl
20095:             1             24  com.intellij.platform.AttachProjectAction
20096:             1             24  com.intellij.platform.templates.ManageProjectTemplatesAction
20097:             1             24  com.intellij.platform.templates.SaveProjectAsTemplateAction
20098:             1             24  com.intellij.play.console.RunPlayConsoleAction
20099:             1             24  com.intellij.play.language.PlayActionElementType
20100:             1             24  com.intellij.play.language.PlayElementTypes$1
20101:             1             24  com.intellij.play.language.PlayElementTypes$2
20102:             1             24  com.intellij.play.language.PlayMessageElementType
20103:             1             24  com.intellij.play.language.PlayMessageParameterElementType
20104:             1             24  com.intellij.play.language.TagExpressionElementType
20105:             1             24  com.intellij.play.language.groovy.GroovyExpressionLazyParseableElementType
20106:             1             24  com.intellij.plugins.drools.actions.CreateRuleFileAction
20107:             1             24  com.intellij.plugins.drools.completion.DroolsCompletionContributor$10
20108:             1             24  com.intellij.plugins.drools.completion.DroolsCompletionContributor$12
20109:             1             24  com.intellij.plugins.drools.completion.DroolsCompletionContributor$2
20110:             1             24  com.intellij.plugins.drools.completion.DroolsCompletionContributor$4
20111:             1             24  com.intellij.plugins.drools.completion.DroolsCompletionContributor$6
20112:             1             24  com.intellij.plugins.drools.completion.DroolsCompletionContributor$8
20113:             1             24  com.intellij.plugins.drools.lang.lexer.DroolsBlockExpressionsLazyParseableElementType
20114:             1             24  com.intellij.plugins.drools.lang.lexer.DroolsJavaStatementLazyParseableElementType
20115:             1             24  com.intellij.plugins.drools.library.DroolsFrameworkType
20116:             1             24  com.intellij.plugins.jboss.arquillian.ArquillianBundle
20117:             1             24  com.intellij.plugins.jboss.arquillian.library.ArquillianJUnitFrameworkType
20118:             1             24  com.intellij.plugins.jboss.arquillian.library.ArquillianTestNGFrameworkType
20119:             1             24  com.intellij.pom.core.impl.PomModelImpl$$Lambda$960/11880514
20120:             1             24  com.intellij.psi.PlainTextTokenTypes$1
20121:             1             24  com.intellij.psi.PsiDiamondType$DiamondInferenceResult$1
20122:             1             24  com.intellij.psi.PsiDiamondType$DiamondInferenceResult$2
20123:             1             24  com.intellij.psi.PsiDiamondType$DiamondInferenceResult$3
20124:             1             24  com.intellij.psi.PsiDiamondType$DiamondInferenceResult$4
20125:             1             24  com.intellij.psi.PsiDiamondType$DiamondInferenceResult$5
20126:             1             24  com.intellij.psi.TokenType$1
20127:             1             24  com.intellij.psi.codeStyle.CodeStyleSettingsCustomizable$CommenterOption
20128:             1             24  com.intellij.psi.codeStyle.DetectableIndentOptionsProvider
20129:             1             24  com.intellij.psi.codeStyle.PackageEntry$1
20130:             1             24  com.intellij.psi.codeStyle.PackageEntry$2
20131:             1             24  com.intellij.psi.codeStyle.PackageEntry$3
20132:             1             24  com.intellij.psi.css.actions.CssExpandShorthandPropertyAction
20133:             1             24  com.intellij.psi.css.actions.CssReplaceQuotesIntention
20134:             1             24  com.intellij.psi.css.actions.ShowAppliedStylesAction
20135:             1             24  com.intellij.psi.css.actions.colors.CssChooseColorIntention
20136:             1             24  com.intellij.psi.css.actions.images.CssExtractImageFromDataUriIntention
20137:             1             24  com.intellij.psi.css.actions.images.CssUpdateBackgroundImageSizeIntention
20138:             1             24  com.intellij.psi.css.browse.CssColorGutterRenderer
20139:             1             24  com.intellij.psi.css.impl.CssElementTypes$1
20140:             1             24  com.intellij.psi.css.impl.descriptor.value.CssExpressionValue
20141:             1             24  com.intellij.psi.css.impl.descriptor.value.CssFlexValue
20142:             1             24  com.intellij.psi.css.impl.descriptor.value.CssJavaScriptValue
20143:             1             24  com.intellij.psi.css.impl.util.completion.CssClassOrIdReferenceCompletionContributor$1
20144:             1             24  com.intellij.psi.css.impl.util.completion.FrequencyUserLookup
20145:             1             24  com.intellij.psi.css.impl.util.completion.ResolutionUserLookup
20146:             1             24  com.intellij.psi.css.impl.util.scheme.CssElementDescriptorFactory2
20147:             1             24  com.intellij.psi.css.impl.util.scheme.CssElementDescriptorProviderImpl
20148:             1             24  com.intellij.psi.css.index.CssIndex$3
20149:             1             24  com.intellij.psi.css.index.CssIndexValue$1
20150:             1             24  com.intellij.psi.css.index.CssIndexValue$2
20151:             1             24  com.intellij.psi.css.index.CssIndexValue$3
20152:             1             24  com.intellij.psi.css.index.CssIndexValue$4
20153:             1             24  com.intellij.psi.css.index.CssIndexValue$5
20154:             1             24  com.intellij.psi.css.index.CssIndexValue$6
20155:             1             24  com.intellij.psi.css.index.CssTemplateSelectorsIndex$2
20156:             1             24  com.intellij.psi.css.inspections.CssOverwrittenPropertiesInspection$RemoveOverwrittenPropertyQuickfix
20157:             1             24  com.intellij.psi.css.inspections.invalid.CssInvalidCharsetRuleInspection$1
20158:             1             24  com.intellij.psi.css.inspections.invalid.CssInvalidCharsetRuleInspection$2
20159:             1             24  com.intellij.psi.css.inspections.invalid.CssInvalidCharsetRuleInspection$3
20160:             1             24  com.intellij.psi.css.inspections.invalid.CssInvalidImportInspection$1
20161:             1             24  com.intellij.psi.css.inspections.invalid.CssInvalidImportInspection$2
20162:             1             24  com.intellij.psi.css.livetemplate.CssDeclarationBlockTemplateContextType
20163:             1             24  com.intellij.psi.css.livetemplate.CssLiveTemplateGenericContextType
20164:             1             24  com.intellij.psi.css.livetemplate.CssPropertyValueTemplateContextType
20165:             1             24  com.intellij.psi.css.livetemplate.CssRulesetTemplateContextType
20166:             1             24  com.intellij.psi.filters.types.AssignableFromFilter
20167:             1             24  com.intellij.psi.formatter.java.wrap.JavaWrapManager
20168:             1             24  com.intellij.psi.impl.JavaRegExpHost
20169:             1             24  com.intellij.psi.impl.PsiElementFactoryImpl
20170:             1             24  com.intellij.psi.impl.cache.impl.BaseFilterLexer$TodoScanningState
20171:             1             24  com.intellij.psi.impl.cache.impl.BaseFilterLexerUtil$ScanContent
20172:             1             24  com.intellij.psi.impl.cache.impl.IndexCacheManagerImpl
20173:             1             24  com.intellij.psi.impl.cache.impl.IndexTodoCacheManagerImpl
20174:             1             24  com.intellij.psi.impl.cache.impl.OccurrenceConsumer
20175:             1             24  com.intellij.psi.impl.cache.impl.id.IdIndex$2
20176:             1             24  com.intellij.psi.impl.cache.impl.todo.TodoIndex$3
20177:             1             24  com.intellij.psi.impl.file.impl.PsiVFSListener$MyModuleRootListener
20178:             1             24  com.intellij.psi.impl.java.JavaFunctionalExpressionIndex$4
20179:             1             24  com.intellij.psi.impl.java.stubs.index.JavaAutoModuleNameIndex
20180:             1             24  com.intellij.psi.impl.meta.MetaRegistry$1
20181:             1             24  com.intellij.psi.impl.migration.PsiMigrationManager
20182:             1             24  com.intellij.psi.impl.search.JavaNullMethodArgumentIndex$2
20183:             1             24  com.intellij.psi.impl.search.PsiSearchHelperImpl
20184:             1             24  com.intellij.psi.impl.smartPointers.SmartTypePointerManagerImpl
20185:             1             24  com.intellij.psi.impl.source.JavaFileElementType
20186:             1             24  com.intellij.psi.impl.source.codeStyle.CodeStyleManagerImpl
20187:             1             24  com.intellij.psi.impl.source.codeStyle.CodeStyleManagerImpl$ProcessingUnderProgressInfo
20188:             1             24  com.intellij.psi.impl.source.codeStyle.CodeStyleSchemesImpl$1
20189:             1             24  com.intellij.psi.impl.source.codeStyle.PersistableCodeStyleSchemes
20190:             1             24  com.intellij.psi.impl.source.html.dtd.HtmlNSDescriptorImpl
20191:             1             24  com.intellij.psi.impl.source.html.dtd.HtmlNSDescriptorImpl$1
20192:             1             24  com.intellij.psi.impl.source.jsp.JspXmlDocumentationProvider
20193:             1             24  com.intellij.psi.impl.source.jsp.TaglibIndex$2
20194:             1             24  com.intellij.psi.impl.source.jsp.el.ELHighlighter
20195:             1             24  com.intellij.psi.impl.source.jsp.el.ELLanguage$1
20196:             1             24  com.intellij.psi.impl.source.jsp.el.impl.ELResolveUtil$VariableInfoData
20197:             1             24  com.intellij.psi.impl.source.resolve.ResolveCache
20198:             1             24  com.intellij.psi.impl.source.resolve.reference.impl.JavaReflectionCompletionContributor$MethodDefinedInInterfacePatternCondition
20199:             1             24  com.intellij.psi.impl.source.resolve.reference.impl.providers.FileBasedUserDataCache$$Lambda$4330/1238804762
20200:             1             24  com.intellij.psi.impl.source.tree.JShellElementType$3
20201:             1             24  com.intellij.psi.impl.source.tree.JavaElementType$ICodeBlockElementType
20202:             1             24  com.intellij.psi.impl.source.tree.JavaElementType$JavaDummyElementType
20203:             1             24  com.intellij.psi.jsp.BaseJspElementType$1
20204:             1             24  com.intellij.psi.jsp.BaseJspElementType$2
20205:             1             24  com.intellij.psi.jsp.BaseJspElementType$3
20206:             1             24  com.intellij.psi.jsp.BaseJspElementType$4
20207:             1             24  com.intellij.psi.jsp.JspElementTypeEx$1
20208:             1             24  com.intellij.psi.jsp.JspElementTypeEx$10
20209:             1             24  com.intellij.psi.jsp.JspElementTypeEx$11
20210:             1             24  com.intellij.psi.jsp.JspElementTypeEx$12
20211:             1             24  com.intellij.psi.jsp.JspElementTypeEx$13
20212:             1             24  com.intellij.psi.jsp.JspElementTypeEx$2
20213:             1             24  com.intellij.psi.jsp.JspElementTypeEx$3
20214:             1             24  com.intellij.psi.jsp.JspElementTypeEx$4
20215:             1             24  com.intellij.psi.jsp.JspElementTypeEx$5
20216:             1             24  com.intellij.psi.jsp.JspElementTypeEx$6
20217:             1             24  com.intellij.psi.jsp.JspElementTypeEx$7
20218:             1             24  com.intellij.psi.jsp.JspElementTypeEx$8
20219:             1             24  com.intellij.psi.jsp.JspElementTypeEx$9
20220:             1             24  com.intellij.psi.search.EverythingGlobalScope
20221:             1             24  com.intellij.psi.search.GlobalSearchScope$EmptyScope
20222:             1             24  com.intellij.psi.search.scope.packageSet.CustomScopesProviderEx$AllScopeHolder$1
20223:             1             24  com.intellij.psi.search.scope.packageSet.NamedScope
20224:             1             24  com.intellij.psi.search.searches.AllOverridingMethodsSearch
20225:             1             24  com.intellij.psi.search.searches.AnnotatedElementsSearch
20226:             1             24  com.intellij.psi.search.searches.ClassInheritorsSearch
20227:             1             24  com.intellij.psi.search.searches.DeepestSuperMethodsSearch
20228:             1             24  com.intellij.psi.search.searches.DirectClassInheritorsSearch
20229:             1             24  com.intellij.psi.search.searches.FunctionalExpressionSearch
20230:             1             24  com.intellij.psi.search.searches.MethodReferencesSearch
20231:             1             24  com.intellij.psi.search.searches.OverridingMethodsSearch
20232:             1             24  com.intellij.psi.search.searches.ReferencesSearch
20233:             1             24  com.intellij.psi.search.searches.SuperMethodsSearch
20234:             1             24  com.intellij.psi.statistics.StatisticsInfo
20235:             1             24  com.intellij.psi.statistics.impl.StatisticsManagerImpl
20236:             1             24  com.intellij.psi.stubs.ObjectStubTree$StubIndexSink
20237:             1             24  com.intellij.psi.stubs.StubIndexImpl$AsyncState
20238:             1             24  com.intellij.psi.stubs.StubProcessingHelper
20239:             1             24  com.intellij.psi.stubs.StubUpdatingIndex$3$$Lambda$3140/379880171
20240:             1             24  com.intellij.psi.templateLanguages.ChangeTemplateDataLanguageAction
20241:             1             24  com.intellij.psi.tree.TokenSet$1
20242:             1             24  com.intellij.psi.tree.TokenSet$2
20243:             1             24  com.intellij.psi.util.TypeConversionUtil$1
20244:             1             24  com.intellij.psi.xml.XmlElementType$1
20245:             1             24  com.intellij.psi.xml.XmlElementType$EmbeddedHtmlContentElementType
20246:             1             24  com.intellij.psi.xml.XmlTextElementType
20247:             1             24  com.intellij.refactoring.actions.MigrateAction
20248:             1             24  com.intellij.refactoring.actions.RenameFileAction
20249:             1             24  com.intellij.refactoring.changeSignature.inplace.EscapeHandler
20250:             1             24  com.intellij.refactoring.lang.jsp.extractTag.ExtractJspTagAction
20251:             1             24  com.intellij.refactoring.rename.RenameHandlerRegistry
20252:             1             24  com.intellij.refactoring.typeMigration.inspections.MigrateAssertToMatcherAssertInspection
20253:             1             24  com.intellij.refactoring.typeMigration.intentions.ConvertFieldToAtomicIntention
20254:             1             24  com.intellij.refactoring.typeMigration.rules.guava.GuavaLambdaConversionRule$Function
20255:             1             24  com.intellij.refactoring.typeMigration.rules.guava.GuavaLambdaConversionRule$Supplier
20256:             1             24  com.intellij.refactoring.typeMigration.rules.guava.GuavaPredicateConversionRule
20257:             1             24  com.intellij.remoteServer.impl.configuration.RemoteServersManagerImpl
20258:             1             24  com.intellij.remoteServer.impl.runtime.ui.tree.actions.ChooseDeploymentAction
20259:             1             24  com.intellij.remoteServer.impl.runtime.ui.tree.actions.ChooseDeploymentWithDebugAction
20260:             1             24  com.intellij.remoteServer.impl.runtime.ui.tree.actions.DeployAction
20261:             1             24  com.intellij.remoteServer.impl.runtime.ui.tree.actions.DeployWithDebugAction
20262:             1             24  com.intellij.remoteServer.impl.runtime.ui.tree.actions.DeploymentConfigAction
20263:             1             24  com.intellij.remoteServer.impl.runtime.ui.tree.actions.RemoteServerConfigAction
20264:             1             24  com.intellij.remoteServer.impl.runtime.ui.tree.actions.RemoteServerConnectAction
20265:             1             24  com.intellij.remoteServer.impl.runtime.ui.tree.actions.RemoteServerDisconnectAction
20266:             1             24  com.intellij.remoteServer.impl.runtime.ui.tree.actions.UndeployAction
20267:             1             24  com.intellij.seam.actions.CreatePageflowFileAction
20268:             1             24  com.intellij.seam.actions.CreateSeamComponentsAction
20269:             1             24  com.intellij.seam.actions.CreateSeamPagesAction
20270:             1             24  com.intellij.seam.dependencies.ShowSeamDependenciesGraph
20271:             1             24  com.intellij.seam.el.SeamModelPropertyScopeProvider$1
20272:             1             24  com.intellij.seam.facet.SeamFacetType$SeamFrameworkDetector
20273:             1             24  com.intellij.seam.fileEditor.PageflowDesignerFileEditorProvider
20274:             1             24  com.intellij.seam.fileEditor.PagesGraphFileEditorProvider
20275:             1             24  com.intellij.seam.impl.PageflowDomModelManagerImpl
20276:             1             24  com.intellij.seam.impl.PagesDomModelManagerImpl
20277:             1             24  com.intellij.seam.impl.model.xml.SeamDomModelManagerImpl
20278:             1             24  com.intellij.seam.providers.SeamComponentCompletionContributor
20279:             1             24  com.intellij.slicer.SliceBackwardAction
20280:             1             24  com.intellij.slicer.SliceForwardAction
20281:             1             24  com.intellij.spellchecker.CssSpellcheckingStrategy
20282:             1             24  com.intellij.spellchecker.SpellCheckerManager$CustomDictFileListener
20283:             1             24  com.intellij.spellchecker.dictionary.UserDictionary
20284:             1             24  com.intellij.spellchecker.tokenizer.HtmlSpellcheckingStrategy
20285:             1             24  com.intellij.spellchecker.tokenizer.SpellcheckingStrategy
20286:             1             24  com.intellij.spellchecker.xml.XmlSpellcheckingStrategy
20287:             1             24  com.intellij.spring.SpringApiBundle
20288:             1             24  com.intellij.spring.SpringBundle
20289:             1             24  com.intellij.spring.SpringLibraryUtil$$Lambda$3579/556635598
20290:             1             24  com.intellij.spring.aop.SpringAdvisedElementsSearcher
20291:             1             24  com.intellij.spring.aop.SpringAdvisedElementsSearcher$1
20292:             1             24  com.intellij.spring.aop.SpringAopParameterScopeEnlarger$$Lambda$4534/2037893340
20293:             1             24  com.intellij.spring.batch.library.SpringBatchFrameworkType
20294:             1             24  com.intellij.spring.boot.application.metadata.RelaxedNames$Manipulation$1
20295:             1             24  com.intellij.spring.boot.application.metadata.RelaxedNames$Manipulation$2
20296:             1             24  com.intellij.spring.boot.application.metadata.RelaxedNames$Manipulation$3
20297:             1             24  com.intellij.spring.boot.application.metadata.RelaxedNames$Manipulation$4
20298:             1             24  com.intellij.spring.boot.application.metadata.RelaxedNames$Manipulation$5
20299:             1             24  com.intellij.spring.boot.application.metadata.RelaxedNames$Manipulation$6
20300:             1             24  com.intellij.spring.boot.application.metadata.RelaxedNames$Manipulation$7
20301:             1             24  com.intellij.spring.boot.application.metadata.RelaxedNames$Manipulation$8
20302:             1             24  com.intellij.spring.boot.application.metadata.RelaxedNames$Variation$1
20303:             1             24  com.intellij.spring.boot.application.metadata.RelaxedNames$Variation$2
20304:             1             24  com.intellij.spring.boot.application.metadata.RelaxedNames$Variation$3
20305:             1             24  com.intellij.spring.boot.application.metadata.SpringBootApplicationMetaConfigKey$Deprecation$1
20306:             1             24  com.intellij.spring.boot.application.metadata.SpringBootApplicationMetaConfigKey$ItemHint$1
20307:             1             24  com.intellij.spring.boot.application.properties.SpringBootApplicationPropertiesReferenceContributor$5
20308:             1             24  com.intellij.spring.boot.cloud.model.bootstrap.SpringBootBootstrapConfigFileNameContributor
20309:             1             24  com.intellij.spring.boot.library.SpringBootLibraryUtil$$Lambda$2102/935464983
20310:             1             24  com.intellij.spring.boot.model.SpringBootApplicationConfigFileNameContributor
20311:             1             24  com.intellij.spring.boot.run.SpringBootApplicationConfigurationType$1
20312:             1             24  com.intellij.spring.boot.run.SpringBootApplicationRunDashboardChecker
20313:             1             24  com.intellij.spring.boot.run.SpringBootApplicationRunDashboardChecker$1
20314:             1             24  com.intellij.spring.boot.run.SpringBootRunBundle
20315:             1             24  com.intellij.spring.boot.run.lifecycle.SpringBootApplicationCompileManager$1
20316:             1             24  com.intellij.spring.boot.run.lifecycle.SpringBootApplicationCompileManager$1$$Lambda$3091/983928700
20317:             1             24  com.intellij.spring.boot.run.lifecycle.tabs.SpringBootEndpointsTabSettings
20318:             1             24  com.intellij.spring.boot.run.update.SpringBootApplicationUpdateContextImpl
20319:             1             24  com.intellij.spring.boot.run.update.UpdateClassesAndResourcesPolicy
20320:             1             24  com.intellij.spring.boot.run.update.UpdateClassesAndTriggerFilePolicy
20321:             1             24  com.intellij.spring.boot.run.update.UpdateResourcesPolicy
20322:             1             24  com.intellij.spring.boot.run.update.UpdateTriggerFilePolicy
20323:             1             24  com.intellij.spring.data.commons.completion.SpringDataCommonsCompletionContributor$1
20324:             1             24  com.intellij.spring.data.jpa.library.SpringDataJpaFrameworkType
20325:             1             24  com.intellij.spring.el.SpringELLanguage$1
20326:             1             24  com.intellij.spring.el.completion.SpringELKeywordCompletionContributor$6
20327:             1             24  com.intellij.spring.facet.SpringFacetConfigurationImpl$1
20328:             1             24  com.intellij.spring.facet.SpringFrameworkDetector
20329:             1             24  com.intellij.spring.factories.SpringFactoryBeansManagerImpl
20330:             1             24  com.intellij.spring.gutter.SpringDomAnnotator
20331:             1             24  com.intellij.spring.impl.SpringOuterModelsModificationTracker$MyVirtualFileListener
20332:             1             24  com.intellij.spring.index.SpringXmlBeansIndex
20333:             1             24  com.intellij.spring.integration.library.SpringIntegrationFrameworkType
20334:             1             24  com.intellij.spring.model.actions.DumpSpringConfigurationAction
20335:             1             24  com.intellij.spring.model.actions.create.CreateSpringConfigAction
20336:             1             24  com.intellij.spring.model.actions.generate.SpringConstructorDependenciesGenerateProvider
20337:             1             24  com.intellij.spring.model.actions.generate.SpringPropertiesGenerateProvider
20338:             1             24  com.intellij.spring.model.actions.generate.SpringSetterDependenciesGenerateProvider
20339:             1             24  com.intellij.spring.model.actions.patterns.dataAccess.JpaActionGroup
20340:             1             24  com.intellij.spring.model.actions.patterns.dataAccess.JpaEntityManagerBeanGenerateProvider
20341:             1             24  com.intellij.spring.model.actions.patterns.dataAccess.JpaPatternAction
20342:             1             24  com.intellij.spring.model.actions.patterns.frameworks.AddHibernateAction
20343:             1             24  com.intellij.spring.model.actions.patterns.frameworks.AddIbatisAction
20344:             1             24  com.intellij.spring.model.actions.patterns.frameworks.AddJdkTimerAction
20345:             1             24  com.intellij.spring.model.actions.patterns.frameworks.AddJdoAction
20346:             1             24  com.intellij.spring.model.actions.patterns.frameworks.AddOpenSymphonyTimerAction
20347:             1             24  com.intellij.spring.model.actions.patterns.frameworks.AddToplinkAction
20348:             1             24  com.intellij.spring.model.custom.CustomComponentsDiscovererHelper
20349:             1             24  com.intellij.spring.model.custom.CustomComponentsDiscovererHelper$1
20350:             1             24  com.intellij.spring.model.intentions.HardCodedStringToPlaceholderMoveIntention
20351:             1             24  com.intellij.spring.model.jam.SpringJamModelImpl
20352:             1             24  com.intellij.spring.model.utils.SpringCacheUtils$$Lambda$3863/237307516
20353:             1             24  com.intellij.spring.osgi.SpringOsgiBundle
20354:             1             24  com.intellij.spring.osgi.patterns.GenerateOsgiPatternsGroup
20355:             1             24  com.intellij.spring.profiles.SpringChangeActiveProfilesAction
20356:             1             24  com.intellij.spring.references.SpringUastQualifierNameReferenceProvider
20357:             1             24  com.intellij.spring.security.library.SpringSecurityFrameworkType
20358:             1             24  com.intellij.spring.web.config.SpringWebModelProvider$$Lambda$2448/1634872960
20359:             1             24  com.intellij.spring.web.mvc.SpringControllerClassInfo
20360:             1             24  com.intellij.spring.web.mvc.library.SpringMvcFrameworkType
20361:             1             24  com.intellij.spring.web.mvc.model.DumpSpringMVCModelAction
20362:             1             24  com.intellij.spring.webflow.actions.CreateWebflowFileAction
20363:             1             24  com.intellij.spring.webflow.actions.patterns.AddWebflowAction
20364:             1             24  com.intellij.spring.webflow.actions.patterns.GenerateWebflowPatternsGroup
20365:             1             24  com.intellij.spring.webflow.library.SpringWebflowFrameworkType
20366:             1             24  com.intellij.spring.webflow.resources.WebflowBundle
20367:             1             24  com.intellij.spring.ws.SpringWebServicesBundle
20368:             1             24  com.intellij.spring.ws.actions.generate.patterns.GenerateWebServicesPatternsGroup
20369:             1             24  com.intellij.spring.ws.library.SpringWebServiceFrameworkType
20370:             1             24  com.intellij.sql.SqlMessages
20371:             1             24  com.intellij.sql.actions.SelectInDatabaseViewAction
20372:             1             24  com.intellij.sql.database.SqlDbManager$1
20373:             1             24  com.intellij.sql.database.SqlDbManager$3
20374:             1             24  com.intellij.sql.dialects.ChangeDialectAction
20375:             1             24  com.intellij.sql.dialects.db2.Db2ParserDefinition
20376:             1             24  com.intellij.sql.dialects.derby.DerbyParserDefinition
20377:             1             24  com.intellij.sql.dialects.exasol.ExasolParserDefinition
20378:             1             24  com.intellij.sql.dialects.functions.SqlFunctionDefinition$SyntaxParameter
20379:             1             24  com.intellij.sql.dialects.generic.GenericParserDefinition
20380:             1             24  com.intellij.sql.dialects.generic.GenericParserDefinition$1
20381:             1             24  com.intellij.sql.dialects.h2.H2ParserDefinition
20382:             1             24  com.intellij.sql.dialects.hsqldb.HsqlParserDefinition
20383:             1             24  com.intellij.sql.dialects.mssql.MssqlParserDefinition
20384:             1             24  com.intellij.sql.dialects.mysql.MysqlParserDefinition
20385:             1             24  com.intellij.sql.dialects.oracle.OraMemberFunctionElementType
20386:             1             24  com.intellij.sql.dialects.oracle.OracleParserDefinition
20387:             1             24  com.intellij.sql.dialects.oracle.plus.OrapElementTypes$VarType
20388:             1             24  com.intellij.sql.dialects.oracle.plus.OrapParserDefinition
20389:             1             24  com.intellij.sql.dialects.postgres.PostgresParserDefinition
20390:             1             24  com.intellij.sql.dialects.postgres.PostgresParserDefinition$PlDefinition
20391:             1             24  com.intellij.sql.dialects.postgres.psi.PgCodeBlockElementType$CodeBlock
20392:             1             24  com.intellij.sql.dialects.postgres.psi.PgCodeBlockElementType$Parent
20393:             1             24  com.intellij.sql.dialects.redshift.RedshiftParserDefinition
20394:             1             24  com.intellij.sql.dialects.sql92.Sql92ParserDefinition
20395:             1             24  com.intellij.sql.dialects.sqlite.SqliteParserDefinition
20396:             1             24  com.intellij.sql.dialects.sybase.SybaseParserDefinition
20397:             1             24  com.intellij.sql.editor.SqlEditorOptions$QualificationType$1
20398:             1             24  com.intellij.sql.editor.SqlEditorOptions$QualificationType$2
20399:             1             24  com.intellij.sql.editor.SqlEditorOptions$QualificationType$3
20400:             1             24  com.intellij.sql.editor.SqlLineMarkerProvider
20401:             1             24  com.intellij.sql.intentions.SqlInjectByTypeIntention
20402:             1             24  com.intellij.sql.intentions.SqlQuoteIdentifierIntention
20403:             1             24  com.intellij.sql.intentions.SqlUnquoteIdentifierIntention
20404:             1             24  com.intellij.sql.psi.SqlCompositeElementTypes$1
20405:             1             24  com.intellij.sql.psi.SqlType$1
20406:             1             24  com.intellij.sql.psi.impl.parser.SqlParserDefinitionBase
20407:             1             24  com.intellij.sql.psi.stubs.SqlAlterInstructionStubElementType
20408:             1             24  com.intellij.sql.psi.stubs.SqlColumnAliasDefinitionElementType
20409:             1             24  com.intellij.sql.psi.stubs.SqlForeignKeyElementType
20410:             1             24  com.intellij.sql.psi.stubs.SqlParameterDefinitionElementType
20411:             1             24  com.intellij.sql.psi.stubs.SqlTriggerDefinitionElementType
20412:             1             24  com.intellij.sql.refactoring.SqlExtractNamedQueryAction
20413:             1             24  com.intellij.structuralsearch.plugin.StructuralReplaceAction
20414:             1             24  com.intellij.structuralsearch.plugin.StructuralSearchAction
20415:             1             24  com.intellij.struts.StrutsBundle
20416:             1             24  com.intellij.struts.StrutsProjectComponent
20417:             1             24  com.intellij.struts.diagram.DiagramEditorProvider
20418:             1             24  com.intellij.struts.facet.StrutsFacetType$StrutsFrameworkDetector
20419:             1             24  com.intellij.struts.inplace.reference.config.ForwardReferenceProvider
20420:             1             24  com.intellij.struts.inplace.reference.config.ModuleReferenceProvider
20421:             1             24  com.intellij.struts.inplace.reference.property.FormPropertyReferenceProvider
20422:             1             24  com.intellij.struts2.StrutsBundle
20423:             1             24  com.intellij.struts2.actions.create.CreateStrutsXmlAction
20424:             1             24  com.intellij.struts2.facet.StrutsFrameworkDetector
20425:             1             24  com.intellij.struts2.graph.fileEditor.Struts2GraphFileEditorProvider
20426:             1             24  com.intellij.struts2.reference.StrutsBootstrapTaglibReferenceContributor
20427:             1             24  com.intellij.struts2.reference.StrutsJQueryChartTaglibReferenceContributor
20428:             1             24  com.intellij.struts2.reference.StrutsJQueryGridTaglibReferenceContributor
20429:             1             24  com.intellij.struts2.reference.StrutsJQueryMobileTaglibReferenceContributor
20430:             1             24  com.intellij.struts2.reference.StrutsJQueryRichtextTaglibReferenceContributor
20431:             1             24  com.intellij.struts2.reference.StrutsJQueryTaglibReferenceContributor
20432:             1             24  com.intellij.struts2.reference.StrutsJQueryTreeTaglibReferenceContributor
20433:             1             24  com.intellij.struts2.reference.StrutsUITaglibReferenceContributor
20434:             1             24  com.intellij.tapestry.core.events.TapestryEventsManager
20435:             1             24  com.intellij.tapestry.intellij.TapestryModuleSupportLoader
20436:             1             24  com.intellij.tapestry.intellij.actions.navigation.TagDocumentationNavigation
20437:             1             24  com.intellij.tapestry.intellij.facet.TapestryFacetType$TapestryFrameworkDetector
20438:             1             24  com.intellij.tapestry.intellij.util.TapestryUtils$1
20439:             1             24  com.intellij.task.impl.ProjectTaskManagerImpl
20440:             1             24  com.intellij.tasks.actions.AnalyzeTaskStacktraceAction
20441:             1             24  com.intellij.tasks.actions.CloseTaskAction
20442:             1             24  com.intellij.tasks.actions.ConfigureServersAction
20443:             1             24  com.intellij.tasks.actions.CreateChangelistAction
20444:             1             24  com.intellij.tasks.actions.EditTaskAction
20445:             1             24  com.intellij.tasks.actions.OpenTaskInBrowserAction
20446:             1             24  com.intellij.tasks.actions.ShowTaskDescription
20447:             1             24  com.intellij.tasks.actions.context.ClearContextAction
20448:             1             24  com.intellij.tasks.actions.context.LoadContextAction
20449:             1             24  com.intellij.tasks.actions.context.SaveContextAction
20450:             1             24  com.intellij.tasks.context.BranchContextTracker
20451:             1             24  com.intellij.terminal.JBTerminalWidget$1
20452:             1             24  com.intellij.testIntegration.ShowRecentTests
20453:             1             24  com.intellij.testIntegration.TestIntegrationUtils$MethodKind$1
20454:             1             24  com.intellij.testIntegration.TestIntegrationUtils$MethodKind$2
20455:             1             24  com.intellij.testIntegration.TestIntegrationUtils$MethodKind$3
20456:             1             24  com.intellij.testIntegration.TestIntegrationUtils$MethodKind$4
20457:             1             24  com.intellij.testIntegration.TestIntegrationUtils$MethodKind$5
20458:             1             24  com.intellij.thymeleaf.dialects.spring3.ThymeleafSpringStandardDialect
20459:             1             24  com.intellij.thymeleaf.dialects.spring4.ThymeleafSpringStandardDialect
20460:             1             24  com.intellij.thymeleaf.dialects.springSecurity.springSecurity3.ThymeleafSpringSecurityDialect3
20461:             1             24  com.intellij.thymeleaf.dialects.springSecurity.springSecurity4.ThymeleafSpringSecurityDialect4
20462:             1             24  com.intellij.thymeleaf.dialects.standard.ThymeleafImplicitDialect
20463:             1             24  com.intellij.thymeleaf.lang.support.ThymeleafCompletionContributor$1
20464:             1             24  com.intellij.thymeleaf.library.ThymeleafFrameworkType
20465:             1             24  com.intellij.thymeleaf.library.extesions.ThymeleafConditionalFrameworkType
20466:             1             24  com.intellij.thymeleaf.library.extesions.ThymeleafJava8TimeFrameworkType
20467:             1             24  com.intellij.thymeleaf.library.extesions.ThymeleafSpring3FrameworkType
20468:             1             24  com.intellij.thymeleaf.library.extesions.ThymeleafSpring4FrameworkType
20469:             1             24  com.intellij.thymeleaf.library.extesions.ThymeleafSpringSecurity3FrameworkType
20470:             1             24  com.intellij.thymeleaf.library.extesions.ThymeleafSpringSecurity4FrameworkType
20471:             1             24  com.intellij.thymeleaf.library.extesions.ThymeleafTestingFrameworkType
20472:             1             24  com.intellij.thymeleaf.library.extesions.ThymeleafTiles2TimeFrameworkType
20473:             1             24  com.intellij.tools.ToolManager
20474:             1             24  com.intellij.ui.BalloonImpl$$Lambda$947/1217012283
20475:             1             24  com.intellij.ui.BalloonImpl$MyComponent$$Lambda$948/1153161340
20476:             1             24  com.intellij.ui.ClearTextAction
20477:             1             24  com.intellij.ui.CloseAllNotificationsAction
20478:             1             24  com.intellij.ui.CloseFirstNotificationAction
20479:             1             24  com.intellij.ui.DeferredIconImpl$RepaintScheduler
20480:             1             24  com.intellij.ui.MultilineTreeCellRenderer$4
20481:             1             24  com.intellij.ui.PrevNextActionsDescriptor
20482:             1             24  com.intellij.ui.ShowColorPickerAction
20483:             1             24  com.intellij.ui.ToolbarDecorator$2
20484:             1             24  com.intellij.ui.content.AlertIcon
20485:             1             24  com.intellij.ui.content.impl.MessageViewImpl
20486:             1             24  com.intellij.ui.content.tabs.PinToolwindowTabAction
20487:             1             24  com.intellij.ui.paint.EffectPainter$1
20488:             1             24  com.intellij.ui.paint.EffectPainter$2
20489:             1             24  com.intellij.ui.paint.EffectPainter$3
20490:             1             24  com.intellij.ui.paint.EffectPainter$4
20491:             1             24  com.intellij.ui.paint.EffectPainter$5
20492:             1             24  com.intellij.ui.paint.PaintUtil$RoundingMode$1
20493:             1             24  com.intellij.ui.paint.PaintUtil$RoundingMode$2
20494:             1             24  com.intellij.ui.paint.PaintUtil$RoundingMode$3
20495:             1             24  com.intellij.ui.paint.RectanglePainter$1
20496:             1             24  com.intellij.ui.paint.RectanglePainter$2
20497:             1             24  com.intellij.ui.paint.RectanglePainter2D$1
20498:             1             24  com.intellij.ui.paint.RectanglePainter2D$2
20499:             1             24  com.intellij.ui.plaf.beg.BegBorders$TextFieldBorder
20500:             1             24  com.intellij.ui.popup.MovablePopup$1
20501:             1             24  com.intellij.ui.popup.StackingPopupDispatcherImpl
20502:             1             24  com.intellij.ui.switcher.ShowQuickActionPopupAction
20503:             1             24  com.intellij.ui.tree.AsyncTreeModel$CmdGetChildren$$Lambda$1276/22370103
20504:             1             24  com.intellij.ui.tree.AsyncTreeModel$Tree
20505:             1             24  com.intellij.ui.tree.ProjectFileChangeListener
20506:             1             24  com.intellij.ui.tree.TreeCollector
20507:             1             24  com.intellij.uiDesigner.GuiDesignerConfigurable
20508:             1             24  com.intellij.uiDesigner.actions.DataBindingWizardAction
20509:             1             24  com.intellij.uiDesigner.actions.ExpandSelectionAction
20510:             1             24  com.intellij.uiDesigner.actions.GenerateMainAction
20511:             1             24  com.intellij.uiDesigner.actions.PreviewFormAction
20512:             1             24  com.intellij.uiDesigner.actions.ReloadCustomComponentsAction
20513:             1             24  com.intellij.uiDesigner.actions.ShowComponentTagsAction
20514:             1             24  com.intellij.uiDesigner.actions.ShowGridAction
20515:             1             24  com.intellij.uiDesigner.actions.ShrinkSelectionAction
20516:             1             24  com.intellij.uiDesigner.palette.AddComponentAction
20517:             1             24  com.intellij.uiDesigner.palette.AddGroupAction
20518:             1             24  com.intellij.uiDesigner.palette.DeleteComponentAction
20519:             1             24  com.intellij.uiDesigner.palette.DeleteGroupAction
20520:             1             24  com.intellij.uiDesigner.palette.EditComponentAction
20521:             1             24  com.intellij.uiDesigner.palette.EditGroupAction
20522:             1             24  com.intellij.uiDesigner.snapShooter.CreateSnapShotAction
20523:             1             24  com.intellij.uml.core.actions.DiagramDeselectAll
20524:             1             24  com.intellij.uml.core.actions.DiagramSelectAll
20525:             1             24  com.intellij.uml.core.actions.ExportToFile
20526:             1             24  com.intellij.uml.core.actions.PrintGraph
20527:             1             24  com.intellij.uml.core.actions.PrintPreview
20528:             1             24  com.intellij.uml.core.actions.UmlActualZoomAction
20529:             1             24  com.intellij.uml.core.actions.UmlApplyCurrentLayoutAction
20530:             1             24  com.intellij.uml.core.actions.UmlFitContentAction
20531:             1             24  com.intellij.uml.core.actions.UmlNewAction
20532:             1             24  com.intellij.uml.core.actions.ZoomIn
20533:             1             24  com.intellij.uml.core.actions.ZoomOut
20534:             1             24  com.intellij.uml.core.actions.fs.SaveDiagramAction
20535:             1             24  com.intellij.uml.java.JavaUmlExtras
20536:             1             24  com.intellij.uml.java.actions.NewEnumConstant
20537:             1             24  com.intellij.uml.java.actions.NewJavaClass
20538:             1             24  com.intellij.uml.java.actions.NewJavaConstructor
20539:             1             24  com.intellij.uml.java.actions.NewJavaDiagram
20540:             1             24  com.intellij.uml.java.actions.NewJavaEnum
20541:             1             24  com.intellij.uml.java.actions.NewJavaField
20542:             1             24  com.intellij.uml.java.actions.NewJavaInterface
20543:             1             24  com.intellij.uml.java.actions.NewJavaMethod
20544:             1             24  com.intellij.uml.project.ModulesUmlExtras
20545:             1             24  com.intellij.uml.project.actions.NewModuleDiagramAction
20546:             1             24  com.intellij.unscramble.UnscrambleAction
20547:             1             24  com.intellij.usages.actions.RemoveUsageAction
20548:             1             24  com.intellij.usages.actions.RerunSearchAction
20549:             1             24  com.intellij.util.CaptureCPUUsageDataAction
20550:             1             24  com.intellij.util.CaptureMemorySnapshotAction
20551:             1             24  com.intellij.util.ConcurrencyUtil$1
20552:             1             24  com.intellij.util.EnvironmentUtil$2
20553:             1             24  com.intellij.util.LogicalRootsManagerImpl$2
20554:             1             24  com.intellij.util.Restarter$1
20555:             1             24  com.intellij.util.concurrency.Command$Processor
20556:             1             24  com.intellij.util.concurrency.Command$Processor$$Lambda$1274/1288345606
20557:             1             24  com.intellij.util.concurrency.Command$Processor$$Lambda$1325/1918033715
20558:             1             24  com.intellij.util.concurrency.EdtExecutorService$1
20559:             1             24  com.intellij.util.concurrency.QueueProcessor$$Lambda$1995/2105219858
20560:             1             24  com.intellij.util.concurrency.QueueProcessor$$Lambda$1997/1269887523
20561:             1             24  com.intellij.util.concurrency.QueueProcessor$$Lambda$1999/700137198
20562:             1             24  com.intellij.util.containers.BooleanStack
20563:             1             24  com.intellij.util.containers.ConcurrentIntKeySoftValueHashMap
20564:             1             24  com.intellij.util.containers.ConcurrentIntKeyWeakValueHashMap
20565:             1             24  com.intellij.util.containers.ConcurrentIntObjectHashMap$EntryIterator$1
20566:             1             24  com.intellij.util.containers.ConcurrentRefHashMap$1
20567:             1             24  com.intellij.util.containers.ContainerUtil$2
20568:             1             24  com.intellij.util.containers.JBTreeTraverser
20569:             1             24  com.intellij.util.containers.MultiMap$EmptyMap
20570:             1             24  com.intellij.util.containers.RecentStringInterner
20571:             1             24  com.intellij.util.containers.SequenceIterator
20572:             1             24  com.intellij.util.containers.Stack
20573:             1             24  com.intellij.util.containers.UnsignedShortArrayList
20574:             1             24  com.intellij.util.containers.WeakStringInterner
20575:             1             24  com.intellij.util.descriptors.impl.ConfigFileInfoSetImpl
20576:             1             24  com.intellij.util.gist.PsiFileGistImpl
20577:             1             24  com.intellij.util.graph.DFSTBuilder$2
20578:             1             24  com.intellij.util.indexing.FileBasedIndexImpl$$Lambda$2898/1926129799
20579:             1             24  com.intellij.util.indexing.FileBasedIndexImpl$2
20580:             1             24  com.intellij.util.indexing.FileBasedIndexImpl$ChangedFilesCollector$$Lambda$2896/697555905
20581:             1             24  com.intellij.util.indexing.FileBasedIndexImpl$FileIndexDataInitialization$1
20582:             1             24  com.intellij.util.indexing.FileBasedIndexImpl$VirtualFileUpdateTask
20583:             1             24  com.intellij.util.indexing.FileBasedIndexProjectHandler$2
20584:             1             24  com.intellij.util.indexing.IdFilter$$Lambda$4572/669754473
20585:             1             24  com.intellij.util.indexing.IndexingStamp$Timestamps$1
20586:             1             24  com.intellij.util.indexing.IndexingStamp$Timestamps$3
20587:             1             24  com.intellij.util.indexing.LightDirectoryIndex
20588:             1             24  com.intellij.util.indexing.MemoryIndexStorage$1
20589:             1             24  com.intellij.util.indexing.VfsEventsMerger
20590:             1             24  com.intellij.util.indexing.impl.CollectionInputDataDiffBuilder
20591:             1             24  com.intellij.util.io.OpenChannelsCache
20592:             1             24  com.intellij.util.io.PersistentEnumeratorBase$FlyweightKey
20593:             1             24  com.intellij.util.io.storage.RefCountingRecordsTable
20594:             1             24  com.intellij.util.lang.ClasspathCache$Name2LoaderFilter
20595:             1             24  com.intellij.util.net.IdeaWideProxySelector
20596:             1             24  com.intellij.util.net.ssl.ConfirmingTrustManager
20597:             1             24  com.intellij.util.ui.UIUtil$1
20598:             1             24  com.intellij.util.ui.UIUtil$2
20599:             1             24  com.intellij.util.ui.UIUtil$3
20600:             1             24  com.intellij.util.xml.highlighting.DomElementAnnotationsManagerImpl$$Lambda$5170/1004787557
20601:             1             24  com.intellij.util.xml.highlighting.DomHighlightingHelperImpl
20602:             1             24  com.intellij.util.xml.impl.ConverterManagerImpl
20603:             1             24  com.intellij.util.xml.impl.DomCompletionContributor
20604:             1             24  com.intellij.util.xml.impl.DomManagerImpl$1
20605:             1             24  com.intellij.util.xml.impl.DomManagerImpl$2
20606:             1             24  com.intellij.util.xml.impl.DomServiceImpl$1
20607:             1             24  com.intellij.util.xml.ui.DomCollectionControl$AddAction
20608:             1             24  com.intellij.util.xml.ui.DomCollectionControl$EditAction
20609:             1             24  com.intellij.util.xml.ui.DomCollectionControl$RemoveAction
20610:             1             24  com.intellij.vaadin.actions.CreateCustomComponentAction
20611:             1             24  com.intellij.vaadin.actions.CreateWidgetAction
20612:             1             24  com.intellij.vcs.VcsShowLocalChangesAction
20613:             1             24  com.intellij.vcs.VcsShowShelfAction
20614:             1             24  com.intellij.vcs.commit.ReformatCommitMessageAction
20615:             1             24  com.intellij.vcs.log.data.CompressedRefs
20616:             1             24  com.intellij.vcs.log.data.TopCommitsCache
20617:             1             24  com.intellij.vcs.log.data.VcsLogRefresherImpl$$Lambda$1936/244944600
20618:             1             24  com.intellij.vcs.log.data.VcsLogStorageImpl$MyCommitIdKeyDescriptor
20619:             1             24  com.intellij.vcs.log.data.VcsLogStorageImpl$VcsRefKeyDescriptor
20620:             1             24  com.intellij.vcs.log.data.index.VcsLogBigRepositoriesList
20621:             1             24  com.intellij.vcs.log.data.index.VcsLogPathsIndex$$Lambda$1906/2027270700
20622:             1             24  com.intellij.vcs.log.data.index.VcsLogPathsIndex$PathsIndexer
20623:             1             24  com.intellij.vcs.log.data.index.VcsLogUserIndex$$Lambda$1873/1234375175
20624:             1             24  com.intellij.vcs.log.data.index.VcsLogUserIndex$UserIndexer
20625:             1             24  com.intellij.vcs.log.graph.GraphColorManagerImpl
20626:             1             24  com.intellij.vcs.log.graph.impl.facade.LinearGraphController$LinearGraphAnswer
20627:             1             24  com.intellij.vcs.log.graph.impl.facade.ReachableNodes
20628:             1             24  com.intellij.vcs.log.graph.impl.permanent.GraphLayoutImpl
20629:             1             24  com.intellij.vcs.log.graph.impl.permanent.PermanentCommitsInfoImpl
20630:             1             24  com.intellij.vcs.log.graph.impl.permanent.PermanentCommitsInfoImpl$3
20631:             1             24  com.intellij.vcs.log.graph.impl.permanent.PermanentLinearGraphImpl
20632:             1             24  com.intellij.vcs.log.impl.HeavyAwareExecutor
20633:             1             24  com.intellij.vcs.log.impl.HeavyAwareExecutor$ExecutingHeavyOrPowerSaveListener
20634:             1             24  com.intellij.vcs.log.impl.LogDataImpl
20635:             1             24  com.intellij.vcs.log.impl.PostponableLogRefresher
20636:             1             24  com.intellij.vcs.log.impl.VcsLogApplicationSettings
20637:             1             24  com.intellij.vcs.log.impl.VcsLogManager$MyFatalErrorsHandler
20638:             1             24  com.intellij.vcs.log.impl.VcsProjectLog$LazyVcsLogManager
20639:             1             24  com.intellij.vcs.log.ui.VcsLogColorManagerImpl
20640:             1             24  com.intellij.vcs.log.ui.actions.CloseLogTabAction
20641:             1             24  com.intellij.vcs.log.ui.actions.CollapseGraphAction
20642:             1             24  com.intellij.vcs.log.ui.actions.CompactReferencesViewAction
20643:             1             24  com.intellij.vcs.log.ui.actions.EnableFilterByRegexAction
20644:             1             24  com.intellij.vcs.log.ui.actions.EnableMatchCaseAction
20645:             1             24  com.intellij.vcs.log.ui.actions.ExpandGraphAction
20646:             1             24  com.intellij.vcs.log.ui.actions.FocusTextFilterAction
20647:             1             24  com.intellij.vcs.log.ui.actions.GoToHashOrRefAction
20648:             1             24  com.intellij.vcs.log.ui.actions.IntelliSortChooserToggleAction
20649:             1             24  com.intellij.vcs.log.ui.actions.OpenAnotherLogTabAction
20650:             1             24  com.intellij.vcs.log.ui.actions.RefreshLogAction
20651:             1             24  com.intellij.vcs.log.ui.actions.ShowChangesFromParentsAction
20652:             1             24  com.intellij.vcs.log.ui.actions.ShowCommitTooltipAction
20653:             1             24  com.intellij.vcs.log.ui.actions.ShowDetailsAction
20654:             1             24  com.intellij.vcs.log.ui.actions.ShowLongEdgesAction
20655:             1             24  com.intellij.vcs.log.ui.actions.ShowOtherBranchesAction
20656:             1             24  com.intellij.vcs.log.ui.actions.ShowRootsColumnAction
20657:             1             24  com.intellij.vcs.log.ui.actions.ShowTagNamesAction
20658:             1             24  com.intellij.vcs.log.ui.actions.VcsShowLogAction
20659:             1             24  com.intellij.vcs.log.ui.actions.history.AnnotateRevisionFromHistoryAction
20660:             1             24  com.intellij.vcs.log.ui.actions.history.GetVersionFromHistoryAction
20661:             1             24  com.intellij.vcs.log.ui.actions.history.OpenRepositoryVersionFromHistoryAction
20662:             1             24  com.intellij.vcs.log.ui.actions.history.ShowAllAffectedFromHistoryAction
20663:             1             24  com.intellij.velocity.inspections.DefineImplicitVariableIntention$Local
20664:             1             24  com.intellij.velocity.inspections.DefineImplicitVariableIntention$LocalExternal
20665:             1             24  com.intellij.velocity.inspections.DefineImplicitVariableIntention$ModuleWide
20666:             1             24  com.intellij.velocity.inspections.DefineMacroLibraryRefIntention$Local
20667:             1             24  com.intellij.velocity.inspections.DefineMacroLibraryRefIntention$LocalExternal
20668:             1             24  com.intellij.velocity.inspections.DefineMacroLibraryRefIntention$ModuleWide
20669:             1             24  com.intellij.velocity.inspections.DefineVelocityPropertiesRefForFilesIntention$Local
20670:             1             24  com.intellij.velocity.inspections.DefineVelocityPropertiesRefForFilesIntention$LocalExternal
20671:             1             24  com.intellij.velocity.inspections.DefineVelocityPropertiesRefForFilesIntention$ModuleWide
20672:             1             24  com.intellij.velocity.inspections.DefineVelocityPropertiesRefIntention$Local
20673:             1             24  com.intellij.velocity.inspections.DefineVelocityPropertiesRefIntention$LocalExternal
20674:             1             24  com.intellij.velocity.inspections.DefineVelocityPropertiesRefIntention$ModuleWide
20675:             1             24  com.intellij.webcore.libraries.ScriptingLibraryTable$FileStateFinder
20676:             1             24  com.intellij.websocket.config.WebSocketFrameworkType
20677:             1             24  com.intellij.websocket.view.WebSocketViewFrameworkProvider
20678:             1             24  com.intellij.ws.WSBundle
20679:             1             24  com.intellij.ws.actions.CreateRestClientAction
20680:             1             24  com.intellij.ws.actions.GenerateJavaFromWsdlAction
20681:             1             24  com.intellij.ws.actions.GenerateWsdlFromJavaAction
20682:             1             24  com.intellij.ws.actions.HttpRequestOpenCollectionAction
20683:             1             24  com.intellij.ws.actions.HttpRequestOpenCollectionEditorContextAction
20684:             1             24  com.intellij.ws.actions.HttpRequestShowHistoryAction
20685:             1             24  com.intellij.ws.actions.HttpRequestShowHistoryEditorContextAction
20686:             1             24  com.intellij.ws.actions.RunRequestAction
20687:             1             24  com.intellij.ws.actions.ShowDeployedWebServicesAction
20688:             1             24  com.intellij.ws.actions.create.CreateWebServiceAction
20689:             1             24  com.intellij.ws.actions.create.CreateWebServiceClientAction
20690:             1             24  com.intellij.ws.engines.axis.AxisWSEngine
20691:             1             24  com.intellij.ws.engines.axis.MonitorSoapMessagesAction
20692:             1             24  com.intellij.ws.engines.axis2.Axis2WSEngine
20693:             1             24  com.intellij.ws.engines.wsengine.WSEngineManager
20694:             1             24  com.intellij.ws.http.request.actions.NewHttpRequestFileAction
20695:             1             24  com.intellij.ws.http.request.liveTemplates.HttpRequestTemplateContextType
20696:             1             24  com.intellij.ws.index.FileBasedWSIndex
20697:             1             24  com.intellij.ws.index.FileBasedWSIndex$3
20698:             1             24  com.intellij.ws.inspections.BaseWebServicesInspection$ExternallyBoundClassContext
20699:             1             24  com.intellij.ws.rest.actions.CreateRestfulWebServiceAction
20700:             1             24  com.intellij.ws.rest.actions.CreateRestfulWebServiceClientAction
20701:             1             24  com.intellij.ws.rest.actions.GenerateJavaFromWadlAction
20702:             1             24  com.intellij.ws.rest.actions.GenerateWadlFromJavaAction
20703:             1             24  com.intellij.ws.rest.library.JAXRSFrameworkType
20704:             1             24  com.intellij.ws.rest.view.RSViewFrameworkProvider
20705:             1             24  com.intellij.ws.utils.WsReferenceProvidersHelper
20706:             1             24  com.intellij.ws.utils.WsReferenceProvidersHelper$1
20707:             1             24  com.intellij.ws.view.WSViewFrameworkProvider
20708:             1             24  com.intellij.ws.xml.jaxb.GenerateJAXBSchemasFromJavaAction
20709:             1             24  com.intellij.ws.xml.jaxb.GenerateJavaFromJAXBSchemasAction
20710:             1             24  com.intellij.ws.xml.xmlbeans.GenerateJavaFromXmlBeansSchemasAction
20711:             1             24  com.intellij.xdebugger.impl.XDebuggerUtilImpl
20712:             1             24  com.intellij.xdebugger.impl.actions.AttachToLocalProcessAction
20713:             1             24  com.intellij.xdebugger.impl.actions.MuteBreakpointAction
20714:             1             24  com.intellij.xdebugger.impl.actions.ToggleBreakpointEnabledAction
20715:             1             24  com.intellij.xdebugger.impl.actions.UnmuteOnStopAction
20716:             1             24  com.intellij.xdebugger.impl.actions.UseInlineDebuggerAction
20717:             1             24  com.intellij.xdebugger.impl.breakpoints.XLineBreakpointManager$$Lambda$545/1095864319
20718:             1             24  com.intellij.xdebugger.impl.frame.XDebuggerFramesList$CopyStackAction
20719:             1             24  com.intellij.xdebugger.impl.frame.actions.XCopyWatchAction
20720:             1             24  com.intellij.xdebugger.impl.frame.actions.XEditWatchAction
20721:             1             24  com.intellij.xdebugger.impl.frame.actions.XMoveWatchDown
20722:             1             24  com.intellij.xdebugger.impl.frame.actions.XMoveWatchUp
20723:             1             24  com.intellij.xdebugger.impl.frame.actions.XNewWatchAction
20724:             1             24  com.intellij.xdebugger.impl.frame.actions.XRemoveAllWatchesAction
20725:             1             24  com.intellij.xdebugger.impl.frame.actions.XRemoveWatchAction
20726:             1             24  com.intellij.xdebugger.impl.frame.actions.XSwitchWatchesInVariables
20727:             1             24  com.intellij.xdebugger.impl.ui.tree.XDebuggerTree$3
20728:             1             24  com.intellij.xdebugger.impl.ui.tree.actions.EvaluateInConsoleFromTreeAction
20729:             1             24  com.intellij.xdebugger.impl.ui.tree.actions.ShowReferringObjectsAction
20730:             1             24  com.intellij.xdebugger.impl.ui.tree.actions.SortValuesToggleAction
20731:             1             24  com.intellij.xdebugger.impl.ui.tree.actions.XAddToWatchesTreeAction
20732:             1             24  com.intellij.xdebugger.impl.ui.tree.actions.XCompareWithClipboardAction
20733:             1             24  com.intellij.xdebugger.impl.ui.tree.actions.XCopyNameAction
20734:             1             24  com.intellij.xdebugger.impl.ui.tree.actions.XCopyValueAction
20735:             1             24  com.intellij.xdebugger.impl.ui.tree.actions.XInspectAction
20736:             1             24  com.intellij.xdebugger.impl.ui.tree.actions.XJumpToSourceAction
20737:             1             24  com.intellij.xdebugger.impl.ui.tree.actions.XJumpToTypeSourceAction
20738:             1             24  com.intellij.xdebugger.impl.ui.tree.actions.XSetValueAction
20739:             1             24  com.intellij.xml.actions.EscapeEntitiesAction$2
20740:             1             24  com.intellij.xml.actions.GenerateXmlTagAction
20741:             1             24  com.intellij.xml.actions.validate.ValidateXmlAction
20742:             1             24  com.intellij.xml.actions.xmlbeans.GenerateInstanceDocumentFromSchemaAction
20743:             1             24  com.intellij.xml.actions.xmlbeans.GenerateSchemaFromInstanceDocumentAction
20744:             1             24  com.intellij.xml.breadcrumbs.BreadcrumbsInitializingActivity$1
20745:             1             24  com.intellij.xml.breadcrumbs.BreadcrumbsXmlWrapper$$Lambda$1611/1578604121
20746:             1             24  com.intellij.xml.breadcrumbs.ToggleBreadcrumbsAction$ShowHide
20747:             1             24  com.intellij.xml.impl.dtd.BaseXmlElementDescriptorImpl$1
20748:             1             24  com.intellij.xml.impl.dtd.BaseXmlElementDescriptorImpl$2
20749:             1             24  com.intellij.xml.impl.dtd.BaseXmlElementDescriptorImpl$3
20750:             1             24  com.intellij.xml.impl.dtd.BaseXmlElementDescriptorImpl$4
20751:             1             24  com.intellij.xml.impl.schema.ComplexTypeDescriptor$1
20752:             1             24  com.intellij.xml.impl.schema.ComplexTypeDescriptor$2
20753:             1             24  com.intellij.xml.util.XmlRefCountHolder$1
20754:             1             24  com.jediterm.terminal.TerminalKeyEncoder
20755:             1             24  com.jediterm.terminal.TerminalMode$1
20756:             1             24  com.jediterm.terminal.TerminalMode$10
20757:             1             24  com.jediterm.terminal.TerminalMode$11
20758:             1             24  com.jediterm.terminal.TerminalMode$2
20759:             1             24  com.jediterm.terminal.TerminalMode$3
20760:             1             24  com.jediterm.terminal.TerminalMode$4
20761:             1             24  com.jediterm.terminal.TerminalMode$5
20762:             1             24  com.jediterm.terminal.TerminalMode$6
20763:             1             24  com.jediterm.terminal.TerminalMode$7
20764:             1             24  com.jediterm.terminal.TerminalMode$8
20765:             1             24  com.jediterm.terminal.TerminalMode$9
20766:             1             24  com.jediterm.terminal.TtyConnectorWaitFor
20767:             1             24  com.jediterm.terminal.TtyConnectorWaitFor$1
20768:             1             24  com.jediterm.terminal.emulator.charset.CharacterSet$1
20769:             1             24  com.jediterm.terminal.emulator.charset.CharacterSet$10
20770:             1             24  com.jediterm.terminal.emulator.charset.CharacterSet$11
20771:             1             24  com.jediterm.terminal.emulator.charset.CharacterSet$12
20772:             1             24  com.jediterm.terminal.emulator.charset.CharacterSet$13
20773:             1             24  com.jediterm.terminal.emulator.charset.CharacterSet$14
20774:             1             24  com.jediterm.terminal.emulator.charset.CharacterSet$2
20775:             1             24  com.jediterm.terminal.emulator.charset.CharacterSet$3
20776:             1             24  com.jediterm.terminal.emulator.charset.CharacterSet$4
20777:             1             24  com.jediterm.terminal.emulator.charset.CharacterSet$5
20778:             1             24  com.jediterm.terminal.emulator.charset.CharacterSet$6
20779:             1             24  com.jediterm.terminal.emulator.charset.CharacterSet$7
20780:             1             24  com.jediterm.terminal.emulator.charset.CharacterSet$8
20781:             1             24  com.jediterm.terminal.emulator.charset.CharacterSet$9
20782:             1             24  com.jediterm.terminal.model.JediTerminal$DefaultTabulator
20783:             1             24  com.jediterm.terminal.model.StyleState
20784:             1             24  com.jediterm.terminal.model.hyperlinks.TextProcessing
20785:             1             24  com.jediterm.terminal.ui.JediTermWidget$TerminalLayout
20786:             1             24  com.jediterm.terminal.ui.TabbedTerminalWidget$1
20787:             1             24  com.jediterm.terminal.ui.TerminalPanel$10
20788:             1             24  com.jediterm.terminal.ui.TerminalPanel$8
20789:             1             24  com.jediterm.terminal.ui.TerminalPanel$9
20790:             1             24  com.jediterm.terminal.util.Pair
20791:             1             24  com.jetbrains.asp.AspParserDefinition
20792:             1             24  com.jetbrains.debugger.wip.JSRemoteDebugConfigurationType$1
20793:             1             24  com.jetbrains.firefox.FirefoxRemoteDebugConfigurationType$1
20794:             1             24  com.jetbrains.jsonSchema.JsonSchemaVfsListener
20795:             1             24  com.jetbrains.jsonSchema.JsonSchemaVfsListener$2
20796:             1             24  com.jetbrains.ls.requests.AbstractRequest$UserIdentification
20797:             1             24  com.jetbrains.nwjs.NwjsRunConfigurationType$1
20798:             1             24  com.jetbrains.plugins.reactnative.ReactNativeRunConfigurationType$1
20799:             1             24  com.jetbrains.plugins.remotesdk.console.RunSshConsoleAction
20800:             1             24  com.jetbrains.plugins.remotesdk.tools.RemoteToolManager
20801:             1             24  com.jetbrains.plugins.webDeployment.ProjectDeploymentRevisionTracker$ProjectDeploymentRevisionTrackerStartupActivity$1
20802:             1             24  com.jetbrains.plugins.webDeployment.actions.BrowseServersAction
20803:             1             24  com.jetbrains.plugins.webDeployment.actions.ConfigureDeploymentAction
20804:             1             24  com.jetbrains.plugins.webDeployment.actions.ConfigureDeploymentOptionsAction
20805:             1             24  com.jetbrains.plugins.webDeployment.actions.CopyServerPathsAction
20806:             1             24  com.jetbrains.plugins.webDeployment.actions.CreateFileAction
20807:             1             24  com.jetbrains.plugins.webDeployment.actions.CreateSubfolderAction
20808:             1             24  com.jetbrains.plugins.webDeployment.actions.DownloadAction
20809:             1             24  com.jetbrains.plugins.webDeployment.actions.DownloadFromAction
20810:             1             24  com.jetbrains.plugins.webDeployment.actions.NewRemoteItemAction
20811:             1             24  com.jetbrains.plugins.webDeployment.actions.RemoteRenameAction
20812:             1             24  com.jetbrains.plugins.webDeployment.actions.SelectInRemoteHostAction
20813:             1             24  com.jetbrains.plugins.webDeployment.actions.SetPermissionsAction
20814:             1             24  com.jetbrains.plugins.webDeployment.actions.ToggleAutoUploadAction
20815:             1             24  com.jetbrains.plugins.webDeployment.actions.ToggleRemoteExclusionAction
20816:             1             24  com.jetbrains.plugins.webDeployment.actions.UploadFilesAction
20817:             1             24  com.jetbrains.plugins.webDeployment.actions.UploadFilesFromVcsAction
20818:             1             24  com.jetbrains.plugins.webDeployment.actions.UploadFilesToAction
20819:             1             24  com.jetbrains.plugins.webDeployment.config.PublishConfig$AutoUploadState$1
20820:             1             24  com.jetbrains.plugins.webDeployment.config.PublishConfig$AutoUploadState$2
20821:             1             24  com.jetbrains.plugins.webDeployment.config.PublishConfig$AutoUploadState$3
20822:             1             24  com.jetbrains.plugins.webDeployment.config.WebServersConfigManagerBaseImpl$App
20823:             1             24  com.jetbrains.plugins.webDeployment.config.WebServersConfigManagerImpl
20824:             1             24  com.jetbrains.plugins.webDeployment.config.WebServersConfigManagerImpl$1
20825:             1             24  com.jetbrains.plugins.webDeployment.remoteEdit.EditRemoteFileAction
20826:             1             24  com.jetbrains.plugins.webDeployment.remoteEdit.notification.UploadCurrentRemoteFileAction
20827:             1             24  com.jetbrains.plugins.webDeployment.ui.DeploymentNotifier$ToolWindowIdProvider
20828:             1             24  com.jetbrains.quirksmode.BrowserSet$1
20829:             1             24  com.jetbrains.quirksmode.CssDeclarationPattern$4
20830:             1             24  com.jetbrains.quirksmode.CssRulesetPattern$1
20831:             1             24  com.jetbrains.quirksmode.CssSelectorPattern$2
20832:             1             24  com.jetbrains.quirksmode.CssSimpleSelectorPattern$2
20833:             1             24  com.jetbrains.quirksmode.CssSimpleSelectorPattern$3
20834:             1             24  com.jetbrains.quirksmode.QuirksModeInspectionTool
20835:             1             24  com.jetbrains.quirksmode.SupportedBrowsersBean
20836:             1             24  com.maddyhome.idea.copyright.actions.GenerateCopyrightAction
20837:             1             24  com.maddyhome.idea.copyright.util.FileTypeUtil
20838:             1             24  com.pty4j.windows.WinPTYInputStream
20839:             1             24  com.pty4j.windows.WinPTYOutputStream
20840:             1             24  com.rover12421.exTENdS.InSTAncEoF
20841:             1             24  com.rover12421.exTENdS.InSTAncEoF
20842:             1             24  com.rover12421.exTENdS.PROTeCted
20843:             1             24  com.rover12421.exTENdS.PROTeCted
20844:             1             24  com.rover12421.exTENdS.ThrOWS
20845:             1             24  com.rover12421.exTENdS.ThrOWS
20846:             1             24  com.rover12421.exTENdS.aBstRaCt
20847:             1             24  com.rover12421.exTENdS.aBstRaCt
20848:             1             24  com.rover12421.exTENdS.dEFAuLT
20849:             1             24  com.rover12421.exTENdS.dEFAuLT
20850:             1             24  com.rover12421.exTENdS.exTENdS.ThrOWS.SDA
20851:             1             24  com.rover12421.exTENdS.exTENdS.ThrOWS.SDA
20852:             1             24  com.rover12421.exTENdS.exTENdS.ThrOWS.SYNCHrONiZeD
20853:             1             24  com.rover12421.exTENdS.exTENdS.ThrOWS.SYNCHrONiZeD
20854:             1             24  com.rover12421.exTENdS.exTENdS.ThrOWS.SYnChrONiZeD
20855:             1             24  com.rover12421.exTENdS.exTENdS.ThrOWS.SYnChrONiZeD
20856:             1             24  com.rover12421.exTENdS.exTENdS.ThrOWS.cONTINue
20857:             1             24  com.rover12421.exTENdS.exTENdS.ThrOWS.syNCHRonIzEd
20858:             1             24  com.rover12421.exTENdS.exTENdS.syNCHRonIzEd
20859:             1             24  com.rover12421.exTENdS.interfACE
20860:             1             24  com.rover12421.exTENdS.interfACE
20861:             1             24  com.rover12421.exTENdS.pROTEcTED
20862:             1             24  com.rover12421.exTENdS.pROTEcTED
20863:             1             24  com.rover12421.exTENdS.syNcHRONIZeD
20864:             1             24  com.rover12421.exTENdS.syNcHRONIZeD
20865:             1             24  com.sixrr.inspectjs.assignment.ReplaceAssignmentWithOperatorAssignmentJSInspection
20866:             1             24  com.sixrr.inspectjs.confusing.ConfusingFloatingPointLiteralJSInspection
20867:             1             24  com.sixrr.inspectjs.control.BreakStatementWithLabelJSInspection
20868:             1             24  com.sixrr.inspectjs.control.DuplicateConditionJSInspection
20869:             1             24  com.sixrr.inspectjs.exception.EmptyFinallyBlockJSInspection
20870:             1             24  com.sixrr.inspectjs.functionmetrics.FunctionWithMultipleLoopsJSInspection
20871:             1             24  com.sixrr.inspectjs.style.NestedFunctionCallJSInspection
20872:             1             24  com.sixrr.inspectjs.validity.FunctionWithInconsistentReturnsJSInspection
20873:             1             24  com.siyeh.ig.assignment.AssignmentToStaticFieldFromInstanceMethodInspection
20874:             1             24  com.siyeh.ig.assignment.AssignmentToSuperclassFieldInspection
20875:             1             24  com.siyeh.ig.assignment.IncrementDecrementUsedAsExpressionInspection
20876:             1             24  com.siyeh.ig.assignment.NestedAssignmentInspection
20877:             1             24  com.siyeh.ig.bugs.ClassNewInstanceInspection
20878:             1             24  com.siyeh.ig.bugs.EmptyInitializerInspection
20879:             1             24  com.siyeh.ig.bugs.ImplicitArrayToStringInspection$ImplicitArrayToStringFix
20880:             1             24  com.siyeh.ig.bugs.IteratorHasNextCallsIteratorNextInspection
20881:             1             24  com.siyeh.ig.bugs.MisspelledEqualsInspection
20882:             1             24  com.siyeh.ig.bugs.StringConcatenationInMessageFormatCallInspection
20883:             1             24  com.siyeh.ig.bugs.UseOfPropertiesAsHashtableInspection
20884:             1             24  com.siyeh.ig.classlayout.ConstantDeclaredInAbstractClassInspection
20885:             1             24  com.siyeh.ig.classlayout.FinalMethodInspection
20886:             1             24  com.siyeh.ig.classlayout.LimitedScopeInnerClassInspection
20887:             1             24  com.siyeh.ig.classlayout.MultipleTopLevelClassesInFileInspection
20888:             1             24  com.siyeh.ig.classlayout.NoopMethodInAbstractClassInspection
20889:             1             24  com.siyeh.ig.classlayout.ProtectedMemberInFinalClassInspection
20890:             1             24  com.siyeh.ig.classlayout.UtilityClassWithPublicConstructorInspection
20891:             1             24  com.siyeh.ig.controlflow.BreakStatementInspection
20892:             1             24  com.siyeh.ig.controlflow.BreakStatementWithLabelInspection
20893:             1             24  com.siyeh.ig.controlflow.DefaultNotLastCaseInSwitchInspection
20894:             1             24  com.siyeh.ig.controlflow.DuplicateBooleanBranchInspection
20895:             1             24  com.siyeh.ig.controlflow.LoopWithImplicitTerminationConditionInspection
20896:             1             24  com.siyeh.ig.controlflow.NestedConditionalExpressionInspection
20897:             1             24  com.siyeh.ig.controlflow.NestedSwitchStatementInspection
20898:             1             24  com.siyeh.ig.controlflow.SwitchStatementWithConfusingDeclarationInspection
20899:             1             24  com.siyeh.ig.dataflow.BooleanVariableAlwaysNegatedInspection
20900:             1             24  com.siyeh.ig.dataflow.NegativelyNamedBooleanVariableInspection
20901:             1             24  com.siyeh.ig.errorhandling.ErrorRethrownInspection
20902:             1             24  com.siyeh.ig.errorhandling.ThreadDeathRethrownInspection
20903:             1             24  com.siyeh.ig.imports.JavaLangImportInspection
20904:             1             24  com.siyeh.ig.inheritance.AbstractMethodWithMissingImplementationsInspection
20905:             1             24  com.siyeh.ig.inheritance.ParameterTypePreventsOverridingInspection
20906:             1             24  com.siyeh.ig.inheritance.ProblematicVarargsMethodOverrideInspection
20907:             1             24  com.siyeh.ig.initialization.DoubleBraceInitializationInspection
20908:             1             24  com.siyeh.ig.initialization.OverridableMethodCallDuringObjectConstructionInspection
20909:             1             24  com.siyeh.ig.initialization.ThisEscapedInConstructorInspection
20910:             1             24  com.siyeh.ig.internationalization.CharacterComparisonInspection
20911:             1             24  com.siyeh.ig.internationalization.MagicCharacterInspection
20912:             1             24  com.siyeh.ig.internationalization.SimpleDateFormatWithoutLocaleInspection
20913:             1             24  com.siyeh.ig.internationalization.StringTokenizerInspection
20914:             1             24  com.siyeh.ig.internationalization.UnnecessaryUnicodeEscapeInspection
20915:             1             24  com.siyeh.ig.j2me.InterfaceWithOnlyOneDirectInheritorInspection
20916:             1             24  com.siyeh.ig.j2me.PrivateMemberAccessBetweenOuterAndInnerClassInspection
20917:             1             24  com.siyeh.ig.javabeans.FieldHasSetterButNoGetterInspection
20918:             1             24  com.siyeh.ig.javadoc.PackageDotHtmlMayBePackageInfoInspection
20919:             1             24  com.siyeh.ig.jdk.AnnotationClassInspection
20920:             1             24  com.siyeh.ig.jdk.AnnotationInspection
20921:             1             24  com.siyeh.ig.jdk.AssertAsNameInspection
20922:             1             24  com.siyeh.ig.jdk.AssertStatementInspection
20923:             1             24  com.siyeh.ig.jdk.ForeachStatementInspection
20924:             1             24  com.siyeh.ig.junit.ConstantJUnitAssertArgumentInspection
20925:             1             24  com.siyeh.ig.junit.JUnit5ConverterInspection
20926:             1             24  com.siyeh.ig.junit.JUnitAssertsWithoutMessagesInspection
20927:             1             24  com.siyeh.ig.junit.MalformedSetUpTearDownInspection
20928:             1             24  com.siyeh.ig.junit.TestCaseWithConstructorInspection
20929:             1             24  com.siyeh.ig.logging.LoggingConditionDisagreesWithLogStatementInspection
20930:             1             24  com.siyeh.ig.logging.PlaceholderCountMatchesArgumentCountInspection
20931:             1             24  com.siyeh.ig.maturity.SystemOutErrInspection
20932:             1             24  com.siyeh.ig.maturity.ThreadDumpStackInspection
20933:             1             24  com.siyeh.ig.maturity.ThrowablePrintStackTraceInspection
20934:             1             24  com.siyeh.ig.memory.InnerClassMayBeStaticInspection
20935:             1             24  com.siyeh.ig.memory.StringBufferFieldInspection
20936:             1             24  com.siyeh.ig.methodmetrics.MethodWithMultipleLoopsInspection
20937:             1             24  com.siyeh.ig.methodmetrics.ParametersPerConstructorInspectionBase$Scope$1
20938:             1             24  com.siyeh.ig.methodmetrics.ParametersPerConstructorInspectionBase$Scope$2
20939:             1             24  com.siyeh.ig.methodmetrics.ParametersPerConstructorInspectionBase$Scope$3
20940:             1             24  com.siyeh.ig.methodmetrics.ParametersPerConstructorInspectionBase$Scope$4
20941:             1             24  com.siyeh.ig.migration.ForCanBeForeachInspection$ForCanBeForeachFix
20942:             1             24  com.siyeh.ig.naming.LambdaUnfriendlyMethodOverloadInspection
20943:             1             24  com.siyeh.ig.naming.NonExceptionNameEndsWithExceptionInspection
20944:             1             24  com.siyeh.ig.naming.OverloadedVarargsMethodInspection
20945:             1             24  com.siyeh.ig.numeric.ComparisonOfShortAndCharInspection
20946:             1             24  com.siyeh.ig.numeric.ComparisonToNaNInspection
20947:             1             24  com.siyeh.ig.numeric.IntegerDivisionInFloatingPointContextInspection
20948:             1             24  com.siyeh.ig.numeric.SuspiciousLiteralUnderscoreInspection
20949:             1             24  com.siyeh.ig.numeric.UnnecessaryExplicitNumericCastInspection
20950:             1             24  com.siyeh.ig.performance.CollectionContainsUrlInspection
20951:             1             24  com.siyeh.ig.performance.CollectionsMustHaveInitialCapacityInspection$1
20952:             1             24  com.siyeh.ig.performance.LengthOneStringInIndexOfInspection
20953:             1             24  com.siyeh.ig.performance.LengthOneStringsInConcatenationInspection
20954:             1             24  com.siyeh.ig.performance.StringBufferMustHaveInitialCapacityInspection
20955:             1             24  com.siyeh.ig.portability.UseOfAWTPeerClassInspection
20956:             1             24  com.siyeh.ig.portability.UseOfJDBCDriverClassInspection
20957:             1             24  com.siyeh.ig.security.DesignForExtensionInspection
20958:             1             24  com.siyeh.ig.security.NonStaticInnerClassInSecureContextInspection
20959:             1             24  com.siyeh.ig.security.PublicStaticArrayFieldInspection
20960:             1             24  com.siyeh.ig.security.SystemPropertiesInspection
20961:             1             24  com.siyeh.ig.serialization.ExternalizableWithSerializationMethodsInspection
20962:             1             24  com.siyeh.ig.serialization.ReadObjectAndWriteObjectPrivateInspection
20963:             1             24  com.siyeh.ig.serialization.ReadResolveAndWriteReplaceProtectedInspection
20964:             1             24  com.siyeh.ig.serialization.SerializableStoresNonSerializableInspection
20965:             1             24  com.siyeh.ig.style.ConfusingOctalEscapeInspection
20966:             1             24  com.siyeh.ig.style.SimplifiableAnnotationInspection
20967:             1             24  com.siyeh.ig.style.UnclearBinaryExpressionInspection
20968:             1             24  com.siyeh.ig.style.UnnecessaryToStringCallInspection
20969:             1             24  com.siyeh.ig.style.UnqualifiedMethodAccessInspection
20970:             1             24  com.siyeh.ig.threading.AwaitNotInLoopInspection
20971:             1             24  com.siyeh.ig.threading.AwaitWithoutCorrespondingSignalInspection
20972:             1             24  com.siyeh.ig.threading.BusyWaitInspection
20973:             1             24  com.siyeh.ig.threading.ConditionSignalInspection
20974:             1             24  com.siyeh.ig.threading.EmptySynchronizedStatementInspection
20975:             1             24  com.siyeh.ig.threading.NakedNotifyInspection
20976:             1             24  com.siyeh.ig.threading.NestedSynchronizedStatementInspection
20977:             1             24  com.siyeh.ig.threading.NonSynchronizedMethodOverridesSynchronizedMethodInspection
20978:             1             24  com.siyeh.ig.threading.NotifyWithoutCorrespondingWaitInspection
20979:             1             24  com.siyeh.ig.threading.PublicFieldAccessedInSynchronizedContextInspection
20980:             1             24  com.siyeh.ig.threading.SynchronizationOnStaticFieldInspection
20981:             1             24  com.siyeh.ig.threading.SynchronizeOnLockInspection
20982:             1             24  com.siyeh.ig.threading.VolatileArrayFieldInspection
20983:             1             24  com.siyeh.ig.threading.WaitNotifyNotInSynchronizedContextInspection
20984:             1             24  com.siyeh.ig.threading.WaitOrAwaitWithoutTimeoutInspection
20985:             1             24  com.siyeh.ig.visibility.MethodOverridesInaccessibleMethodOfSuperInspection
20986:             1             24  com.siyeh.ipp.asserttoif.ObjectsRequireNonNullIntention
20987:             1             24  com.siyeh.ipp.bool.NegateConditionalIntention
20988:             1             24  com.siyeh.ipp.chartostring.CharToStringIntention
20989:             1             24  com.siyeh.ipp.chartostring.StringToCharIntention
20990:             1             24  com.siyeh.ipp.comment.ChangeToCStyleCommentIntention
20991:             1             24  com.siyeh.ipp.comment.ChangeToEndOfLineCommentIntention
20992:             1             24  com.siyeh.ipp.comment.MoveCommentToSeparateLineIntention
20993:             1             24  com.siyeh.ipp.concatenation.CopyConcatenatedStringToClipboardIntention
20994:             1             24  com.siyeh.ipp.concatenation.JoinConcatenatedStringLiteralsIntention
20995:             1             24  com.siyeh.ipp.concatenation.MakeCallChainIntoCallSequenceIntention
20996:             1             24  com.siyeh.ipp.concatenation.MergeCallSequenceToChainIntention
20997:             1             24  com.siyeh.ipp.concatenation.ReplaceConcatenationWithFormatStringIntention
20998:             1             24  com.siyeh.ipp.concatenation.ReplaceFormatStringWithConcatenationIntention
20999:             1             24  com.siyeh.ipp.conditional.FlipConditionalIntention
21000:             1             24  com.siyeh.ipp.conditional.ReplaceConditionalWithBooleanExpressionIntention
21001:             1             24  com.siyeh.ipp.enumswitch.CreateEnumSwitchBranchesIntention
21002:             1             24  com.siyeh.ipp.exceptions.ConvertCatchToThrowsIntention
21003:             1             24  com.siyeh.ipp.exceptions.DetailExceptionsIntention
21004:             1             24  com.siyeh.ipp.exceptions.MergeNestedTryStatementsIntention
21005:             1             24  com.siyeh.ipp.exceptions.ReplaceArmWithTryFinallyIntention
21006:             1             24  com.siyeh.ipp.expression.FlipSetterCallIntention
21007:             1             24  com.siyeh.ipp.forloop.ReplaceForEachLoopWithIndexedForLoopIntention
21008:             1             24  com.siyeh.ipp.forloop.ReplaceForEachLoopWithIteratorForLoopIntention
21009:             1             24  com.siyeh.ipp.forloop.ReplaceForEachLoopWithOptimizedIndexedForLoopIntention
21010:             1             24  com.siyeh.ipp.forloop.ReverseForLoopDirectionIntention
21011:             1             24  com.siyeh.ipp.functional.ExtractToMethodReferenceIntention
21012:             1             24  com.siyeh.ipp.imports.ReplaceOnDemandImportIntention
21013:             1             24  com.siyeh.ipp.initialization.SplitDeclarationAndInitializationIntention
21014:             1             24  com.siyeh.ipp.integer.ConvertIntegerToBinaryIntention
21015:             1             24  com.siyeh.ipp.integer.ConvertIntegerToDecimalIntention
21016:             1             24  com.siyeh.ipp.integer.ConvertIntegerToHexIntention
21017:             1             24  com.siyeh.ipp.integer.ConvertIntegerToOctalIntention
21018:             1             24  com.siyeh.ipp.integer.ConvertToPlainIntention
21019:             1             24  com.siyeh.ipp.integer.ConvertToScientificNotationIntention
21020:             1             24  com.siyeh.ipp.interfacetoclass.ConvertInterfaceToClassIntention
21021:             1             24  com.siyeh.ipp.junit.ConvertJUnit3TestCaseToJUnit4Intention
21022:             1             24  com.siyeh.ipp.junit.CreateAssertIntention
21023:             1             24  com.siyeh.ipp.modifiers.MakePackagePrivateIntention
21024:             1             24  com.siyeh.ipp.modifiers.MakePrivateIntention
21025:             1             24  com.siyeh.ipp.modifiers.MakeProtectedIntention
21026:             1             24  com.siyeh.ipp.modifiers.MakePublicIntention
21027:             1             24  com.siyeh.ipp.parenthesis.AddClarifyingParenthesesIntention
21028:             1             24  com.siyeh.ipp.trivialif.ConvertToNestedIfIntention
21029:             1             24  com.siyeh.ipp.trivialif.MergeElseIfIntention
21030:             1             24  com.siyeh.ipp.trivialif.MergeIfAndIntention
21031:             1             24  com.siyeh.ipp.trivialif.MergeIfOrIntention
21032:             1             24  com.siyeh.ipp.trivialif.MergeParallelIfsIntention
21033:             1             24  com.siyeh.ipp.trivialif.ReplaceIfWithConditionalIntention
21034:             1             24  com.siyeh.ipp.trivialif.SimplifyIfElseIntention
21035:             1             24  com.siyeh.ipp.trivialif.SplitElseIfIntention
21036:             1             24  com.siyeh.ipp.types.MakeMethodDefaultIntention
21037:             1             24  com.siyeh.ipp.unicode.ReplaceOctalEscapeWithUnicodeEscapeIntention
21038:             1             24  com.siyeh.ipp.unicode.UnicodeUnescapeIntention
21039:             1             24  com.siyeh.ipp.varargs.WrapVarargArgumentsWithExplicitArrayIntention
21040:             1             24  com.siyeh.ipp.whileloop.ExtractWhileLoopConditionToIfStatementIntention
21041:             1             24  com.siyeh.ipp.whileloop.ReplaceDoWhileLoopWithWhileLoopIntention
21042:             1             24  com.siyeh.ipp.whileloop.ReplaceWhileLoopWithDoWhileLoopIntention
21043:             1             24  com.sun.beans.util.Cache$Kind$1
21044:             1             24  com.sun.beans.util.Cache$Kind$2
21045:             1             24  com.sun.beans.util.Cache$Kind$3
21046:             1             24  com.sun.imageio.spi.FileImageInputStreamSpi
21047:             1             24  com.sun.imageio.spi.FileImageOutputStreamSpi
21048:             1             24  com.sun.imageio.spi.InputStreamImageInputStreamSpi
21049:             1             24  com.sun.imageio.spi.OutputStreamImageOutputStreamSpi
21050:             1             24  com.sun.imageio.spi.RAFImageInputStreamSpi
21051:             1             24  com.sun.imageio.spi.RAFImageOutputStreamSpi
21052:             1             24  com.sun.java.swing.plaf.windows.WindowsLabelUI
21053:             1             24  com.sun.java.swing.plaf.windows.XPStyle
21054:             1             24  com.sun.jmx.mbeanserver.ClassLoaderRepositorySupport
21055:             1             24  com.sun.jmx.mbeanserver.MXBeanLookup
21056:             1             24  com.sun.jna.Structure$3
21057:             1             24  com.sun.jna.WeakMemoryHolder
21058:             1             24  com.sun.xml.internal.bind.v2.model.annotation.LocatableAnnotation
21059:             1             24  com.sun.xml.internal.bind.v2.model.annotation.XmlAttributeQuick
21060:             1             24  com.sun.xml.internal.bind.v2.model.annotation.XmlElementQuick
21061:             1             24  com.sun.xml.internal.bind.v2.model.annotation.XmlElementRefQuick
21062:             1             24  com.sun.xml.internal.bind.v2.model.annotation.XmlElementRefsQuick
21063:             1             24  com.sun.xml.internal.bind.v2.model.annotation.XmlEnumQuick
21064:             1             24  com.sun.xml.internal.bind.v2.model.annotation.XmlRootElementQuick
21065:             1             24  com.sun.xml.internal.bind.v2.model.annotation.XmlSchemaTypeQuick
21066:             1             24  com.sun.xml.internal.bind.v2.model.annotation.XmlTransientQuick
21067:             1             24  com.sun.xml.internal.bind.v2.model.annotation.XmlTypeQuick
21068:             1             24  com.sun.xml.internal.bind.v2.model.annotation.XmlValueQuick
21069:             1             24  com.sun.xml.internal.bind.v2.model.impl.RuntimeAnyTypeImpl
21070:             1             24  com.sun.xml.internal.bind.v2.model.impl.RuntimeBuiltinLeafInfoImpl$10
21071:             1             24  com.sun.xml.internal.bind.v2.model.impl.RuntimeBuiltinLeafInfoImpl$11
21072:             1             24  com.sun.xml.internal.bind.v2.model.impl.RuntimeBuiltinLeafInfoImpl$12
21073:             1             24  com.sun.xml.internal.bind.v2.model.impl.RuntimeBuiltinLeafInfoImpl$13
21074:             1             24  com.sun.xml.internal.bind.v2.model.impl.RuntimeBuiltinLeafInfoImpl$14
21075:             1             24  com.sun.xml.internal.bind.v2.model.impl.RuntimeBuiltinLeafInfoImpl$15
21076:             1             24  com.sun.xml.internal.bind.v2.model.impl.RuntimeBuiltinLeafInfoImpl$16
21077:             1             24  com.sun.xml.internal.bind.v2.model.impl.RuntimeBuiltinLeafInfoImpl$17
21078:             1             24  com.sun.xml.internal.bind.v2.model.impl.RuntimeBuiltinLeafInfoImpl$18
21079:             1             24  com.sun.xml.internal.bind.v2.model.impl.RuntimeBuiltinLeafInfoImpl$19
21080:             1             24  com.sun.xml.internal.bind.v2.model.impl.RuntimeBuiltinLeafInfoImpl$2
21081:             1             24  com.sun.xml.internal.bind.v2.model.impl.RuntimeBuiltinLeafInfoImpl$20
21082:             1             24  com.sun.xml.internal.bind.v2.model.impl.RuntimeBuiltinLeafInfoImpl$21
21083:             1             24  com.sun.xml.internal.bind.v2.model.impl.RuntimeBuiltinLeafInfoImpl$22
21084:             1             24  com.sun.xml.internal.bind.v2.model.impl.RuntimeBuiltinLeafInfoImpl$23
21085:             1             24  com.sun.xml.internal.bind.v2.model.impl.RuntimeBuiltinLeafInfoImpl$24
21086:             1             24  com.sun.xml.internal.bind.v2.model.impl.RuntimeBuiltinLeafInfoImpl$26
21087:             1             24  com.sun.xml.internal.bind.v2.model.impl.RuntimeBuiltinLeafInfoImpl$27
21088:             1             24  com.sun.xml.internal.bind.v2.model.impl.RuntimeBuiltinLeafInfoImpl$3
21089:             1             24  com.sun.xml.internal.bind.v2.model.impl.RuntimeBuiltinLeafInfoImpl$4
21090:             1             24  com.sun.xml.internal.bind.v2.model.impl.RuntimeBuiltinLeafInfoImpl$5
21091:             1             24  com.sun.xml.internal.bind.v2.model.impl.RuntimeBuiltinLeafInfoImpl$6
21092:             1             24  com.sun.xml.internal.bind.v2.model.impl.RuntimeBuiltinLeafInfoImpl$7
21093:             1             24  com.sun.xml.internal.bind.v2.model.impl.RuntimeBuiltinLeafInfoImpl$8
21094:             1             24  com.sun.xml.internal.bind.v2.model.impl.RuntimeBuiltinLeafInfoImpl$9
21095:             1             24  com.sun.xml.internal.bind.v2.model.impl.RuntimeBuiltinLeafInfoImpl$StringImplImpl
21096:             1             24  com.sun.xml.internal.bind.v2.model.impl.RuntimeBuiltinLeafInfoImpl$UUIDImpl
21097:             1             24  com.sun.xml.internal.bind.v2.runtime.unmarshaller.DomLoader
21098:             1             24  com.thaiopensource.util.PropertyMapBuilder$PropertyMapImpl
21099:             1             24  com.theoryinpractice.testng.configuration.TestNGConfigurationType$1
21100:             1             24  com.theoryinpractice.testng.configuration.TestNGInClassConfigurationProducer
21101:             1             24  com.theoryinpractice.testng.inspection.ExpectedExceptionNeverThrownTestNGInspection
21102:             1             24  com.theoryinpractice.testng.ui.actions.TestNGAddToTestsPatternAction
21103:             1             24  com.theoryinpractice.testng.ui.actions.TestNGExcludeFromRunAction
21104:             1             24  com.zeroturnaround.http.HttpClientHelper$3
21105:             1             24  com.zeroturnaround.http.HttpClientHelper$4
21106:             1             24  com.zeroturnaround.http.proxy.HttpProxyHolder$ProxyHolderInstances
21107:             1             24  com.zeroturnaround.http.proxy.ProxySource$Destination$1
21108:             1             24  com.zeroturnaround.http.proxy.ProxySource$Destination$2
21109:             1             24  com.zeroturnaround.http.proxy.ProxySource$Destination$3
21110:             1             24  com.zeroturnaround.javarebel.ab
21111:             1             24  com.zeroturnaround.javarebel.am$a
21112:             1             24  com.zeroturnaround.javarebel.idea.plugin.JRebelIdeaPlugin$IntellijStartup
21113:             1             24  com.zeroturnaround.javarebel.idea.plugin.actions.ActivateAction
21114:             1             24  com.zeroturnaround.javarebel.idea.plugin.actions.ConfigAction
21115:             1             24  com.zeroturnaround.javarebel.idea.plugin.actions.GenerateRebelAction
21116:             1             24  com.zeroturnaround.javarebel.idea.plugin.actions.GenerateRemoteAction
21117:             1             24  com.zeroturnaround.javarebel.idea.plugin.actions.JRebelFacetAction
