
 num     #instances         #bytes  class name
----------------------------------------------
   1:        177204       25508632  [C
   2:          6428        9847864  [I
   3:          6025        5964616  [B
   4:        173190        4156560  java.lang.String
   5:         64581        3616536  java.util.LinkedHashMap
   6:         26968        2588928  java.lang.reflect.Method
   7:         59436        1901952  java.util.HashMap$Node
   8:         21104        1413936  [Ljava.lang.Object;
   9:         12060        1341912  java.lang.Class
  10:         13838        1325520  [Ljava.util.HashMap$Node;
  11:         41259        1320288  java.util.concurrent.ConcurrentHashMap$Node
  12:         32776        1311040  java.util.LinkedHashMap$Entry
  13:          1821         972984  [Lcom.zeroturnaround.javarebel.gwb;
  14:         14510         812560  com.zeroturnaround.javarebel.gvw
  15:         11004         792288  org.springframework.core.type.classreading.AnnotationMetadataReadingVisitor
  16:         11641         745024  java.net.URL
  17:         27485         605680  [Ljava.lang.Class;
  18:         35259         564144  java.util.LinkedHashSet
  19:          5448         435840  java.lang.reflect.Field
  20:         16253         417912  [Ljava.lang.String;
  21:           218         393456  [Ljava.util.concurrent.ConcurrentHashMap$Node;
  22:         10502         336064  com.zeroturnaround.javarebel.gwb
  23:          6443         309264  org.springframework.util.ConcurrentReferenceHashMap$SoftEntryReference
  24:          3713         297040  java.lang.reflect.Constructor
  25:          5897         283056  java.util.HashMap
  26:          3698         266256  org.springframework.core.annotation.AnnotationAttributes
  27:         11003         264072  org.springframework.core.type.classreading.SimpleMetadataReader
  28:          5269         252912  com.zeroturnaround.jrebelbase.d
  29:         10495         251880  org.springframework.core.io.UrlResource
  30:         10105         242520  com.zeroturnaround.javarebel.guo
  31:         14136         226176  java.lang.Object
  32:          9048         217152  java.lang.Long
  33:         12021         192336  org.springframework.util.LinkedMultiValueMap
  34:         11906         190496  java.util.LinkedHashMap$LinkedValues
  35:          7895         189480  com.zeroturnaround.javarebel.agh
  36:          5509         176288  java.util.LinkedList
  37:          2372         160496  [Ljava.lang.reflect.Method;
  38:          6389         153336  org.springframework.util.ConcurrentReferenceHashMap$Entry
  39:          2736         153216  java.lang.Class$ReflectionData
  40:          4783         153056  java.util.Hashtable$Entry
  41:          6345         152280  java.util.LinkedList$Node
  42:          6111         146664  java.util.ArrayList
  43:          9070         145120  java.lang.Integer
  44:          3526         141040  java.lang.ref.SoftReference
  45:          2789         133872  org.springframework.core.ResolvableType
  46:          3679         117728  java.lang.ref.WeakReference
  47:          1224         114584  [Ljava.util.Hashtable$Entry;
  48:          7107         113712  com.zeroturnaround.javarebel.age
  49:          2636         105440  java.lang.ref.Finalizer
  50:          4292         103008  com.zeroturnaround.javarebel.guq
  51:           839          80544  com.zeroturnaround.reload.ab
  52:           848          76032  [Lcom.zeroturnaround.javarebel.haf;
  53:          3154          75696  org.springframework.core.MethodClassKey
  54:          2319          74208  java.util.Vector
  55:           905          74200  [Lorg.springframework.util.ConcurrentReferenceHashMap$Reference;
  56:          1833          73320  java.security.ProtectionDomain
  57:          1307          73192  java.security.Provider$Service
  58:          2261          72352  sun.reflect.DelegatingConstructorAccessorImpl
  59:          2180          69760  java.lang.ref.ReferenceQueue
  60:          4328          69248  com.zeroturnaround.javarebel.gwg
  61:          1696          67840  java.util.TreeMap$Entry
  62:          4219          67504  org.springframework.core.annotation.AnnotationUtils$DefaultValueHolder
  63:          1686          67440  com.zeroturnaround.javarebel.gww
  64:          1197          67032  java.lang.invoke.MemberName
  65:             2          65568  [Lcom.alibaba.fastjson.util.IdentityHashMap$Entry;
  66:          1991          63712  java.util.concurrent.locks.ReentrantLock$NonfairSync
  67:          2624          62976  java.security.Provider$ServiceKey
  68:           357          62832  org.springframework.context.annotation.ConfigurationClassBeanDefinitionReader$ConfigurationClassBeanDefinition
  69:          1831          58592  java.security.CodeSource
  70:          1187          56976  java.util.Hashtable
  71:           997          55832  org.springframework.core.type.classreading.MethodMetadataReadingVisitor
  72:          2199          52776  org.zeroturnaround.bundled.javassist.bytecode.Utf8Info
  73:          2076          49824  sun.reflect.annotation.AnnotationInvocationHandler
  74:          1029          49392  org.apache.tomcat.util.modeler.AttributeInfo
  75:          1028          49344  org.zeroturnaround.javarebel.integration.util.WeakIdentityHashMap$Entry
  76:           844          47264  com.zeroturnaround.reload.z
  77:           270          45360  org.springframework.beans.factory.support.RootBeanDefinition
  78:          1069          42760  java.lang.invoke.MethodType
  79:          2667          42672  java.util.LinkedHashMap$LinkedEntrySet
  80:           866          41568  com.zeroturnaround.javarebel.haf
  81:          1293          41376  java.io.File
  82:           847          40656  com.zeroturnaround.javarebel.gzy
  83:           106          39856  java.lang.Thread
  84:          1638          38768  [Ljava.lang.reflect.Constructor;
  85:           448          36976  [Ljava.util.WeakHashMap$Entry;
  86:           441          36144  [Lorg.springframework.boot.context.properties.source.ConfigurationPropertyName$ElementType;
  87:           876          35040  org.springframework.boot.devtools.filewatch.FileSnapshot
  88:          2182          34912  java.lang.ref.ReferenceQueue$Lock
  89:          1451          34824  sun.reflect.generics.tree.SimpleClassTypeSignature
  90:           835          34768  [Ljava.lang.reflect.Field;
  91:          1085          34720  java.lang.ThreadLocal$ThreadLocalMap$Entry
  92:          1080          34560  sun.reflect.DelegatingMethodAccessorImpl
  93:          1073          34336  java.lang.invoke.MethodType$ConcurrentWeakInternSet$WeakEntry
  94:           145          34064  [[C
  95:          1363          32712  java.lang.Class$AnnotationData
  96:          2021          32336  java.util.HashSet
  97:           940          30080  java.util.Collections$SynchronizedMap
  98:          1239          29736  sun.reflect.NativeConstructorAccessorImpl
  99:          1834          29344  java.security.ProtectionDomain$Key
 100:          1833          29328  [Ljava.security.Principal;
 101:           516          28896  java.lang.Package
 102:           720          28800  org.springframework.util.ConcurrentReferenceHashMap$Segment
 103:           438          28032  org.springframework.core.MethodParameter
 104:          1167          28008  com.zeroturnaround.javarebel.gtb
 105:          1093          27440  [Ljava.lang.annotation.Annotation;
 106:          1143          27432  java.util.concurrent.CopyOnWriteArrayList
 107:          1451          27024  [Lsun.reflect.generics.tree.TypeArgument;
 108:           562          26976  org.apache.tomcat.util.buf.ByteChunk
 109:          1677          26832  java.util.LinkedHashMap$LinkedKeySet
 110:           417          26688  java.util.concurrent.ConcurrentHashMap
 111:           554          26592  java.util.concurrent.locks.ReentrantReadWriteLock$NonfairSync
 112:           664          26560  java.util.WeakHashMap$Entry
 113:           530          25440  org.apache.tomcat.util.buf.CharChunk
 114:           179          25432  [Z
 115:          1058          25392  java.util.jar.Attributes$Name
 116:           225          25168  [Ljava.lang.ThreadLocal$ThreadLocalMap$Entry;
 117:           523          25104  org.apache.tomcat.util.buf.MessageBytes
 118:            46          24288  [Lorg.zeroturnaround.bundled.javassist.bytecode.ConstInfo;
 119:          1004          24096  org.springframework.beans.BeanMetadataAttribute
 120:           597          23880  java.io.FileDescriptor
 121:           485          23280  ch.qos.logback.classic.Logger
 122:           725          23200  java.lang.invoke.DirectMethodHandle
 123:          1405          22480  sun.reflect.generics.tree.ClassTypeSignature
 124:           451          21648  org.apache.tomcat.util.modeler.OperationInfo
 125:           518          20720  org.zeroturnaround.bundled.javassist.bytecode.MethodInfo
 126:           876          20648  [Ljava.lang.reflect.Type;
 127:           422          20256  java.util.WeakHashMap
 128:           839          20136  com.zeroturnaround.javarebel.gup
 129:           626          20032  com.zeroturnaround.javarebel.gds
 130:           277          19944  com.sun.jmx.remote.util.OrderClassLoaders
 131:           277          19944  javax.management.remote.rmi.RMIConnectionImpl$CombinedClassLoader
 132:           277          19944  javax.management.remote.rmi.RMIConnectionImpl$CombinedClassLoader$ClassLoaderWrapper
 133:           615          19680  org.springframework.asm.Type
 134:           806          19344  org.springframework.http.MediaType
 135:          1207          19312  java.util.concurrent.locks.ReentrantLock
 136:           480          19200  java.math.BigInteger
 137:           598          19136  javax.management.MBeanAttributeInfo
 138:           837          18808  [Lorg.springframework.core.ResolvableType;
 139:           779          18696  org.zeroturnaround.bundled.javassist.bytecode.NameAndTypeInfo
 140:           738          17712  com.zeroturnaround.javarebel.cmy
 141:           524          17704  [Ljava.lang.CharSequence;
 142:           440          17600  org.springframework.boot.context.properties.source.ConfigurationPropertyName$Elements
 143:           439          17560  org.zeroturnaround.bundled.javassist.bytecode.CodeAttribute
 144:           720          17280  org.springframework.util.ConcurrentReferenceHashMap$ReferenceManager
 145:           695          16680  org.zeroturnaround.bundled.javassist.bytecode.MethodrefInfo
 146:           292          16352  sun.nio.cs.UTF_8$Encoder
 147:           964          15424  org.springframework.core.ResolvableType$DefaultVariableResolver
 148:           606          14544  com.zeroturnaround.javarebel.gi
 149:           177          14072  [J
 150:           431          13792  java.lang.invoke.LambdaForm$Name
 151:           844          13504  com.zeroturnaround.reload.aj
 152:           422          13504  java.io.FileInputStream
 153:           840          13440  com.zeroturnaround.javarebel.abr
 154:           546          13104  java.util.concurrent.locks.ReentrantReadWriteLock
 155:            47          13048  [Lorg.zeroturnaround.javarebel.integration.util.WeakIdentityHashMap$Entry;
 156:           407          13024  org.springframework.core.SerializableTypeWrapper$MethodParameterTypeProvider
 157:           202          12928  java.util.jar.JarFile
 158:           134          12864  org.apache.catalina.webresources.CachedResource
 159:           389          12448  sun.reflect.generics.repository.ClassRepository
 160:           172          12384  sun.reflect.DelegatingClassLoader
 161:           205          12272  [Ljava.lang.ref.SoftReference;
 162:           255          12240  java.util.zip.Inflater
 163:           213          11928  sun.security.ssl.CipherSuite
 164:           462          11872  [Lorg.springframework.asm.Type;
 165:           133          11704  com.zeroturnaround.javarebel.qe
 166:           241          11568  java.nio.HeapCharBuffer
 167:           286          11440  javax.management.MBeanOperationInfo
 168:           475          11400  sun.reflect.generics.reflectiveObjects.ParameterizedTypeImpl
 169:           472          11328  sun.reflect.NativeMethodAccessorImpl
 170:           341          10912  sun.misc.FDBigInteger
 171:           194          10864  java.util.ResourceBundle$CacheKey
 172:           447          10728  sun.reflect.generics.factory.CoreReflectionFactory
 173:           446          10704  java.util.concurrent.CopyOnWriteArrayList$COWIterator
 174:           440          10560  org.springframework.boot.context.properties.source.ConfigurationPropertyName
 175:           439          10536  org.zeroturnaround.bundled.javassist.bytecode.ExceptionTable
 176:           439          10536  org.zeroturnaround.bundled.javassist.bytecode.LineNumberAttribute
 177:           655          10480  com.sun.proxy.$Proxy28
 178:           436          10464  org.springframework.boot.context.properties.source.PropertyMapping
 179:           261          10440  com.zeroturnaround.javarebel.od
 180:           432          10368  org.springframework.core.convert.converter.GenericConverter$ConvertiblePair
 181:           259          10360  sun.misc.Cleaner
 182:           431          10344  org.springframework.core.io.ClassPathResource
 183:           215          10320  java.util.logging.LogManager$LoggerWeakRef
 184:           410           9840  org.springframework.cglib.core.Signature
 185:           303           9696  org.apache.tomcat.util.modeler.ParameterInfo
 186:           395           9480  sun.reflect.generics.scope.ClassScope
 187:           389           9336  sun.reflect.generics.tree.ClassSignature
 188:           194           9312  java.util.ResourceBundle$BundleReference
 189:           451           9248  [Lorg.apache.tomcat.util.modeler.ParameterInfo;
 190:           159           8904  java.beans.MethodDescriptor
 191:           371           8904  org.zeroturnaround.bundled.javassist.bytecode.ClassInfo
 192:           555           8880  java.util.concurrent.locks.ReentrantReadWriteLock$ReadLock
 193:           555           8880  java.util.concurrent.locks.ReentrantReadWriteLock$Sync$ThreadLocalHoldCounter
 194:           555           8880  java.util.concurrent.locks.ReentrantReadWriteLock$WriteLock
 195:           363           8712  org.springframework.beans.factory.annotation.InjectionMetadata
 196:           265           8480  org.apache.logging.slf4j.SLF4JLogger
 197:           264           8448  java.util.zip.ZipCoder
 198:           175           8400  java.nio.HeapByteBuffer
 199:           389           8384  [Lsun.reflect.generics.tree.ClassTypeSignature;
 200:           256           8192  java.nio.DirectByteBuffer$Deallocator
 201:           128           8192  java.text.DateFormatSymbols
 202:           508           8128  java.util.HashMap$KeySet
 203:           169           8112  java.lang.invoke.LambdaForm
 204:           202           8080  org.springframework.beans.factory.annotation.InitDestroyAnnotationBeanPostProcessor$LifecycleMetadata
 205:            66           7920  org.springframework.beans.factory.annotation.AnnotatedGenericBeanDefinition
 206:           448           7792  [Lsun.reflect.generics.tree.FormalTypeParameter;
 207:           174           7720  [Ljava.lang.invoke.LambdaForm$Name;
 208:           320           7680  com.zeroturnaround.javarebel.gvb
 209:           472           7552  org.apache.commons.logging.LogAdapter$Log4jLog
 210:           104           7488  java.util.logging.Logger
 211:           307           7368  java.beans.MethodRef
 212:           437           6992  org.springframework.core.convert.support.GenericConversionService$ConvertersForPair
 213:           290           6960  java.util.ArrayDeque
 214:           124           6944  java.lang.invoke.MethodTypeForm
 215:           173           6920  sun.nio.cs.UTF_8$Decoder
 216:           216           6912  javax.management.MBeanParameterInfo
 217:            78           6864  com.zeroturnaround.javarebel.gdm
 218:           203           6496  com.zeroturnaround.javarebel.gdo
 219:           201           6432  java.util.RegularEnumSet
 220:           267           6408  org.apache.logging.log4j.message.DefaultFlowMessageFactory
 221:           200           6400  sun.security.util.ObjectIdentifier
 222:           265           6360  java.util.zip.ZStreamRef
 223:           263           6312  org.springframework.boot.autoconfigure.condition.ConditionEvaluationReport$ConditionAndOutcome
 224:           263           6312  org.springframework.boot.autoconfigure.condition.ConditionOutcome
 225:           194           6208  java.util.ResourceBundle$LoaderReference
 226:            86           6192  java.util.regex.Pattern
 227:            38           6072  [S
 228:            42           6048  java.text.DecimalFormat
 229:           187           5984  java.lang.invoke.BoundMethodHandle$Species_L
 230:           186           5952  org.zeroturnaround.javarebel.integration.util.WeakUtil$WeakListenerReference
 231:           180           5760  org.springframework.core.convert.support.GenericConversionService$ConverterAdapter
 232:           236           5664  com.zeroturnaround.javarebel.agl
 233:            59           5664  java.util.jar.JarFile$JarFileEntry
 234:           141           5640  java.security.AccessControlContext
 235:            50           5600  java.util.GregorianCalendar
 236:           342           5472  java.util.Collections$UnmodifiableSet
 237:           247           5448  [Lsun.reflect.generics.tree.FieldTypeSignature;
 238:           169           5408  org.springframework.cglib.proxy.MethodProxy
 239:            83           5384  [Ljavax.management.MBeanAttributeInfo;
 240:           223           5352  org.springframework.beans.MutablePropertyValues
 241:           167           5344  java.util.logging.LogManager$LogNode
 242:           216           5184  java.lang.ThreadLocal$ThreadLocalMap
 243:           216           5184  org.zeroturnaround.javarebel.integration.spring.beans.BeanWithDefinition
 244:           215           5160  com.fasterxml.jackson.databind.type.ClassKey
 245:           321           5136  java.util.jar.Attributes
 246:            80           5120  java.nio.DirectByteBuffer
 247:            91           5096  sun.misc.URLClassPath$JarLoader
 248:           127           5080  com.fasterxml.jackson.databind.introspect.AnnotatedMethod
 249:           209           5016  javax.management.ImmutableDescriptor
 250:           125           5000  java.io.BufferedInputStream
 251:            62           4960  [Ljava.nio.ByteBuffer;
 252:            62           4960  sun.net.www.protocol.jar.URLJarFile
 253:           307           4912  com.zeroturnaround.javarebel.az
 254:           101           4848  com.zeroturnaround.javarebel.gzv
 255:           151           4832  com.sun.jmx.mbeanserver.ConvertingMethod
 256:           201           4824  java.lang.StringBuilder
 257:            50           4800  sun.util.calendar.Gregorian$Date
 258:           198           4752  java.lang.invoke.LambdaForm$NamedFunction
 259:           118           4720  java.io.ObjectStreamField
 260:           173           4712  [Ljava.lang.annotation.ElementType;
 261:           137           4680  [Ljava.io.File;
 262:           193           4632  org.zeroturnaround.bundled.javassist.bytecode.StackMapTable
 263:           183           4392  org.hibernate.validator.internal.engine.constraintvalidation.ClassBasedValidatorDescriptor
 264:           274           4384  com.sun.proxy.$Proxy34
 265:           273           4368  java.lang.Byte
 266:            54           4320  com.alibaba.fastjson.util.FieldInfo
 267:           266           4256  org.apache.logging.log4j.message.ParameterizedMessageFactory
 268:           176           4224  org.springframework.boot.web.server.MimeMappings$Mapping
 269:            95           4216  [Ljava.security.ProtectionDomain;
 270:           263           4208  org.springframework.boot.autoconfigure.condition.ConditionMessage
 271:           131           4192  java.io.FileOutputStream
 272:           169           4160  [Ljavax.management.MBeanParameterInfo;
 273:           129           4128  sun.security.util.DerInputBuffer
 274:           129           4128  sun.security.util.DerValue
 275:           256           4096  java.lang.Short
 276:           127           4064  com.sun.org.apache.xerces.internal.xni.QName
 277:           127           4064  java.lang.invoke.DirectMethodHandle$Special
 278:           101           4040  java.lang.reflect.Parameter
 279:           124           3968  com.alibaba.fastjson.util.IdentityHashMap$Entry
 280:            82           3936  javax.management.MBeanInfo
 281:           122           3904  java.lang.ProcessImpl
 282:           160           3840  com.zeroturnaround.javarebel.abm
 283:            10           3840  org.apache.tomcat.util.threads.TaskThread
 284:           159           3816  com.zeroturnaround.javarebel.ax
 285:            68           3808  org.apache.tomcat.util.modeler.ManagedBean
 286:           118           3776  java.security.Permissions
 287:           156           3744  javax.management.ObjectName$Property
 288:           116           3712  java.util.concurrent.locks.AbstractQueuedSynchronizer$Node
 289:           115           3680  java.io.FilePermission
 290:           131           3664  [Ljavax.management.ObjectName$Property;
 291:            91           3640  sun.nio.fs.WindowsPath
 292:           226           3616  org.springframework.boot.autoconfigure.condition.ConditionEvaluationReport$ConditionAndOutcomes
 293:           113           3616  org.springframework.cglib.proxy.MethodProxy$CreateInfo
 294:            45           3600  [Lorg.springframework.util.ConcurrentReferenceHashMap$Segment;
 295:            64           3584  org.hibernate.validator.internal.util.ConcurrentReferenceHashMap$Segment
 296:           149           3576  org.zeroturnaround.bundled.javassist.bytecode.SignatureAttribute
 297:            37           3552  org.springframework.beans.GenericTypeAwarePropertyDescriptor
 298:           220           3520  com.fasterxml.jackson.databind.introspect.AnnotationMap
 299:           146           3504  java.security.Provider$UString
 300:           107           3424  java.security.BasicPermissionCollection
 301:            71           3408  java.util.concurrent.ThreadPoolExecutor$Worker
 302:            85           3400  org.zeroturnaround.bundled.javassist.bytecode.FieldInfo
 303:            83           3320  com.zeroturnaround.javarebel.nx
 304:           138           3312  com.zeroturnaround.javarebel.fd
 305:           138           3312  java.util.Date
 306:           205           3280  com.zeroturnaround.jrebelbase.reflection.u
 307:           134           3216  org.apache.catalina.webresources.EmptyResource
 308:            36           3200  [Lcom.zeroturnaround.javarebel.gzv;
 309:            37           3200  [Ljava.lang.invoke.MethodHandle;
 310:           133           3192  com.zeroturnaround.javarebel.pv
 311:            44           3168  java.util.concurrent.ScheduledThreadPoolExecutor$ScheduledFutureTask
 312:            49           3136  javax.management.openmbean.OpenMBeanAttributeInfoSupport
 313:           130           3120  org.apache.tomcat.util.http.MimeHeaderField
 314:            97           3104  org.springframework.cglib.proxy.MethodProxy$FastClassInfo
 315:           129           3096  sun.security.util.DerInputStream
 316:           126           3024  [Lsun.security.x509.AVA;
 317:            54           3024  com.alibaba.fastjson.serializer.FieldSerializer
 318:           126           3024  java.io.BufferedOutputStream
 319:           126           3024  sun.security.x509.AVA
 320:           126           3024  sun.security.x509.RDN
 321:            54           3024  sun.util.calendar.ZoneInfo
 322:            29           3016  java.io.ObjectStreamClass
 323:           158           2992  [Lcom.sun.jmx.mbeanserver.MXBeanMapping;
 324:            62           2976  com.sysmin.core.log.Log
 325:            90           2880  com.fasterxml.jackson.databind.ser.impl.ReadOnlyClassToSerializerMap$Bucket
 326:            45           2880  java.text.DecimalFormatSymbols
 327:            90           2880  org.zeroturnaround.javarebel.integration.monitor.MonitoredResource
 328:           120           2880  org.zeroturnaround.javarebel.integration.util.WeakUtil$WeakClassEventListenerAdapter
 329:           118           2832  java.lang.RuntimePermission
 330:            88           2816  org.zeroturnaround.bundled.javassist.bytecode.ExceptionTableEntry
 331:            58           2784  java.util.concurrent.ConcurrentHashMap$TreeNode
 332:            87           2784  org.zeroturnaround.javarebel.reporting.stats.repository.impl.DayHolder
 333:            87           2784  sun.reflect.generics.reflectiveObjects.TypeVariableImpl
 334:           172           2752  java.util.HashMap$EntrySet
 335:           114           2736  java.lang.StringBuffer
 336:            57           2736  java.util.TreeMap
 337:            64           2688  [Lorg.hibernate.validator.internal.util.ConcurrentReferenceHashMap$HashEntry;
 338:            84           2688  org.apache.catalina.util.ManifestResource
 339:            37           2664  java.beans.PropertyDescriptor
 340:           111           2664  java.io.FilePermissionCollection
 341:            66           2640  javax.management.ObjectName
 342:            66           2640  org.springframework.cglib.proxy.Enhancer$EnhancerKey$$KeyFactoryByCGLIB$$4ce19e8f
 343:            71           2624  [Ljavax.management.MBeanOperationInfo;
 344:           108           2592  java.util.regex.Pattern$Slice
 345:            46           2576  org.zeroturnaround.javarebel.integration.util.WeakIdentityHashMap
 346:           160           2560  com.zeroturnaround.javarebel.SDKLoggerImpl
 347:           105           2520  org.zeroturnaround.bundled.javassist.bytecode.FieldrefInfo
 348:            39           2496  java.text.SimpleDateFormat
 349:            22           2464  org.springframework.context.annotation.ScannedGenericBeanDefinition
 350:           101           2424  java.util.concurrent.LinkedBlockingQueue$Node
 351:            75           2400  java.lang.reflect.WeakCache$CacheValue
 352:            75           2400  java.net.InetAddress$InetAddressHolder
 353:            23           2392  com.fasterxml.jackson.databind.ser.impl.FilteredBeanPropertyWriter$MultiView
 354:           105           2360  [Ljava.lang.reflect.TypeVariable;
 355:            98           2352  org.springframework.boot.context.properties.ConfigurationBeanFactoryMetadata$FactoryMetadata
 356:            97           2328  java.io.ExpiringCache$Entry
 357:            96           2304  org.zeroturnaround.bundled.javassist.bytecode.StringInfo
 358:            19           2280  java.net.SocksSocketImpl
 359:            23           2208  com.fasterxml.jackson.databind.ser.BeanPropertyWriter
 360:            69           2208  java.util.regex.Pattern$Curly
 361:            91           2184  org.springframework.core.io.FileSystemResource
 362:            91           2184  sun.reflect.generics.tree.FormalTypeParameter
 363:            27           2160  java.net.URI
 364:            90           2160  org.zeroturnaround.javarebel.support.FileResource
 365:            45           2160  sun.util.locale.LocaleObjectCache$CacheEntry
 366:            67           2144  java.lang.reflect.Proxy$Key1
 367:            67           2144  org.springframework.http.HttpStatus
 368:           133           2128  com.sun.proxy.$Proxy21
 369:            19           2128  org.springframework.beans.factory.support.GenericBeanDefinition
 370:            53           2120  sun.security.ec.NamedCurve
 371:            88           2112  java.util.Collections$UnmodifiableRandomAccessList
 372:            19           2096  [Lorg.springframework.boot.context.properties.source.PropertyMapping;
 373:            65           2080  org.springframework.cglib.core.WeakCacheKey
 374:            65           2080  org.springframework.cglib.proxy.Enhancer$EnhancerFactoryData
 375:            65           2080  sun.reflect.annotation.AnnotationType
 376:            15           2064  [[B
 377:            64           2048  com.zeroturnaround.reload.e
 378:           128           2048  java.lang.Character
 379:            85           2040  java.util.Collections$SetFromMap
 380:            50           2000  com.zeroturnaround.javarebel.awm
 381:           125           2000  java.lang.ThreadLocal
 382:            83           1992  org.springframework.core.convert.TypeDescriptor$AnnotatedElementAdapter
 383:            82           1968  com.zeroturnaround.javarebel.gtf
 384:            81           1944  com.zeroturnaround.jrebelbase.reflection.n
 385:            81           1944  com.zeroturnaround.jrebelbase.reflection.s
 386:            48           1920  sun.reflect.generics.repository.MethodRepository
 387:            59           1888  sun.reflect.generics.tree.MethodTypeSignature
 388:            78           1872  com.zeroturnaround.javarebel.gdn
 389:            78           1872  com.zeroturnaround.javarebel.gdp
 390:            78           1872  com.zeroturnaround.javarebel.gdr
 391:            78           1872  com.zeroturnaround.javarebel.oo
 392:            78           1872  java.util.Collections$SingletonList
 393:            78           1872  java.util.regex.Pattern$GroupHead
 394:            78           1872  java.util.regex.Pattern$GroupTail
 395:           116           1856  org.springframework.expression.common.LiteralExpression
 396:            77           1848  org.springframework.core.convert.TypeDescriptor
 397:            45           1800  org.springframework.util.ConcurrentReferenceHashMap
 398:            74           1768  [Ljava.lang.reflect.Parameter;
 399:            53           1696  java.security.spec.EllipticCurve
 400:            35           1680  com.zeroturnaround.javarebel.gzo
 401:            42           1680  java.text.DigitList
 402:            30           1680  org.apache.tomcat.util.res.StringManager$1
 403:            19           1672  java.net.DualStackPlainSocketImpl
 404:            26           1664  com.fasterxml.jackson.databind.introspect.AnnotatedClass
 405:            69           1656  com.zeroturnaround.javarebel.aaf
 406:            41           1640  org.springframework.core.log.CompositeLog
 407:            34           1632  com.fasterxml.jackson.databind.type.SimpleType
 408:            51           1632  org.springframework.format.support.FormattingConversionService$AnnotationParserConverter
 409:            51           1632  org.springframework.format.support.FormattingConversionService$AnnotationPrinterConverter
 410:            68           1632  org.zeroturnaround.bundled.javassist.bytecode.InterfaceMethodrefInfo
 411:            67           1608  org.springframework.boot.autoconfigure.condition.OnClassCondition
 412:            67           1608  org.springframework.core.type.StandardAnnotationMetadata
 413:            50           1600  java.util.Collections$UnmodifiableMap
 414:            25           1600  org.zeroturnaround.bundled.javassist.CtClassType
 415:            40           1600  sun.management.DiagnosticCommandArgumentInfo
 416:            66           1584  com.zeroturnaround.reload.d
 417:            66           1584  java.util.concurrent.locks.AbstractQueuedSynchronizer$ConditionObject
 418:            14           1568  sun.nio.ch.SocketChannelImpl
 419:            65           1560  com.sun.jmx.mbeanserver.NamedObject
 420:            96           1536  java.util.HashMap$Values
 421:            96           1536  java.util.WeakHashMap$KeySet
 422:            48           1536  java.util.regex.Pattern$Branch
 423:            96           1536  sun.reflect.generics.tree.TypeVariableSignature
 424:            63           1512  com.fasterxml.jackson.databind.introspect.MemberKey
 425:            93           1488  com.sun.proxy.$Proxy11
 426:            62           1488  sun.nio.ch.Util$BufferCache
 427:            92           1472  com.sun.proxy.$Proxy36
 428:            92           1472  java.util.concurrent.atomic.AtomicInteger
 429:            46           1472  org.springframework.boot.context.properties.bind.JavaBeanBinder$BeanProperty
 430:            26           1456  com.fasterxml.jackson.core.util.TextBuffer
 431:            26           1456  org.springframework.web.method.HandlerMethod
 432:            48           1448  [Ljava.util.regex.Pattern$Node;
 433:            30           1440  java.time.temporal.ValueRange
 434:            89           1424  java.io.FileOutputStream$1
 435:            59           1416  org.springframework.boot.autoconfigure.condition.OnBeanCondition
 436:            44           1408  java.util.regex.Pattern$BnM
 437:            25           1400  java.util.zip.ZipFile$ZipFileInflaterInputStream
 438:            25           1400  java.util.zip.ZipFile$ZipFileInputStream
 439:            35           1400  org.springframework.core.annotation.AnnotationUtils$AliasDescriptor
 440:            16           1392  [Ljava.lang.Byte;
 441:            58           1392  java.util.regex.Pattern$Single
 442:            87           1392  sun.reflect.BootstrapConstructorAccessorImpl
 443:            50           1384  [Ljava.io.ObjectStreamField;
 444:            59           1384  [Lsun.reflect.generics.tree.TypeSignature;
 445:             1           1376  [Lsun.misc.FDBigInteger;
 446:            43           1376  sun.reflect.generics.reflectiveObjects.WildcardTypeImpl
 447:            43           1376  sun.security.x509.AlgorithmId
 448:            57           1368  java.util.regex.Pattern$BitClass
 449:            57           1368  org.zeroturnaround.bundled.javassist.bytecode.ExceptionsAttribute
 450:            42           1344  [Ljava.time.format.DateTimeFormatterBuilder$DateTimePrinterParser;
 451:            42           1344  org.springframework.format.support.FormattingConversionService$PrinterConverter
 452:            28           1344  sun.security.x509.X500Name
 453:            83           1328  org.apache.juli.logging.DirectJDKLog
 454:            41           1312  com.zeroturnaround.javarebel.fxz
 455:            41           1312  java.util.ArrayList$Itr
 456:            54           1296  com.alibaba.fastjson.serializer.BeanContext
 457:            54           1296  java.security.spec.ECPoint
 458:             9           1296  org.apache.tomcat.util.net.NioEndpoint$NioSocketWrapper
 459:            53           1280  [Lcom.fasterxml.jackson.databind.introspect.AnnotationMap;
 460:            39           1280  [Ljava.math.BigInteger;
 461:            40           1280  com.fasterxml.jackson.databind.util.TypeKey
 462:            32           1280  java.util.PropertyResourceBundle
 463:            31           1240  org.apache.tomcat.util.modeler.BaseModelMBean
 464:             7           1232  org.apache.coyote.Request
 465:            51           1224  java.util.Collections$SynchronizedSet
 466:            76           1216  com.sun.proxy.$Proxy39
 467:            38           1216  com.zeroturnaround.javarebel.gdi
 468:            19           1216  org.zeroturnaround.bundled.javassist.bytecode.ClassFile
 469:            30           1200  java.math.BigDecimal
 470:            30           1200  java.time.format.DateTimeFormatter
 471:            30           1200  java.time.temporal.ChronoField
 472:            50           1200  java.util.jar.Manifest
 473:            25           1200  org.springframework.web.servlet.mvc.method.RequestMappingInfo
 474:            49           1184  [Lcom.fasterxml.jackson.databind.JavaType;
 475:            49           1176  java.util.concurrent.atomic.AtomicLong
 476:            49           1176  java.util.regex.Pattern$Ctype
 477:             7           1176  org.apache.catalina.connector.Request
 478:            73           1168  org.springframework.beans.factory.support.ConstructorResolver$AutowiredArgumentMarker
 479:            24           1152  com.fasterxml.jackson.databind.introspect.BasicBeanDescription
 480:            36           1152  com.fasterxml.jackson.databind.introspect.POJOPropertyBuilder$Linked
 481:            48           1152  java.util.Arrays$ArrayList
 482:            48           1152  sun.reflect.generics.scope.MethodScope
 483:            48           1152  sun.reflect.generics.tree.Wildcard
 484:            69           1136  [Lorg.springframework.web.bind.annotation.RequestMethod;
 485:            47           1128  org.zeroturnaround.javarebel.integration.util.WeakUtil$WeakClassBytecodeProcessorAdapter
 486:             6           1120  [Lcom.fasterxml.jackson.databind.ser.impl.ReadOnlyClassToSerializerMap$Bucket;
 487:            35           1120  java.time.format.DateTimeFormatterBuilder$NumberPrinterParser
 488:            14           1120  sun.security.x509.X509CertImpl
 489:            46           1104  com.zeroturnaround.javarebel.cmz
 490:            46           1096  [Lcom.zeroturnaround.javarebel.oc;
 491:            68           1088  [Lorg.apache.tomcat.util.modeler.NotificationInfo;
 492:            17           1088  org.apache.catalina.mapper.MappingData
 493:            15           1080  org.springframework.web.method.HandlerMethod$HandlerMethodParameter
 494:            67           1072  com.sun.proxy.$Proxy4
 495:             2           1056  [Ljava.lang.Integer;
 496:             2           1056  [Ljava.lang.Long;
 497:             2           1056  [Ljava.lang.Short;
 498:            22           1056  java.util.Properties
 499:            44           1056  org.apache.coyote.ActionCode
 500:             1           1040  [Lsun.text.normalizer.UnicodeSet;
 501:            65           1040  org.springframework.context.annotation.ConfigurationClassEnhancer$BeanFactoryAwareGeneratorStrategy
 502:            28           1008  [Lsun.security.x509.RDN;
 503:            63           1008  com.sun.proxy.$Proxy1
 504:            63           1008  com.sun.proxy.$Proxy7
 505:            42           1008  java.time.format.DateTimeFormatterBuilder$CompositePrinterParser
 506:            42           1008  org.springframework.format.support.FormattingConversionService$ParserConverter
 507:            42           1008  org.springframework.util.AntPathMatcher$AntPathStringMatcher
 508:            21           1008  sun.util.locale.provider.LocaleResources$ResourceReference
 509:            25           1000  sun.security.ssl.SupportedEllipticCurvesExtension$NamedEllipticCurve
 510:            31            992  java.lang.StringCoding$StringEncoder
 511:            41            984  org.springframework.core.annotation.AnnotationUtils$AnnotationCacheKey
 512:            60            960  com.zeroturnaround.javarebel.gvc
 513:            30            960  java.security.Provider$EngineDescription
 514:            24            960  org.springframework.beans.factory.support.DisposableBeanAdapter
 515:            15            960  org.springframework.util.LinkedCaseInsensitiveMap$1
 516:            40            952  [Ljava.security.cert.Certificate;
 517:            29            928  java.io.ObjectStreamClass$WeakClassKey
 518:            29            928  java.net.Inet6Address
 519:            29            928  java.net.Inet6Address$Inet6AddressHolder
 520:            23            920  sun.util.locale.BaseLocale$Key
 521:            10            912  [D
 522:            19            912  [[Lorg.zeroturnaround.bundled.javassist.bytecode.ConstInfo;
 523:            19            912  sun.management.DiagnosticCommandInfo
 524:            19            912  sun.nio.cs.StreamDecoder
 525:            14            896  [Lorg.apache.tomcat.util.http.MimeHeaderField;
 526:            28            896  com.fasterxml.jackson.databind.DeserializationFeature
 527:            16            896  com.fasterxml.jackson.databind.type.CollectionType
 528:            16            896  sun.security.util.MemoryCache$SoftCacheEntry
 529:            22            880  com.sun.jmx.mbeanserver.MXBeanSupport
 530:            36            864  com.sun.org.apache.xerces.internal.util.XMLStringBuffer
 531:            54            864  com.sun.proxy.$Proxy6
 532:            36            864  com.zeroturnaround.javarebel.gly
 533:            18            864  java.util.EnumMap
 534:            36            864  java.util.regex.Pattern$Start
 535:            36            864  org.zeroturnaround.javarebel.integration.util.WeakUtil$1
 536:            35            840  java.net.InetSocketAddress$InetSocketAddressHolder
 537:            15            840  javax.management.openmbean.ArrayType
 538:            26            832  com.fasterxml.jackson.databind.MapperFeature
 539:            26            832  org.hibernate.validator.internal.engine.valueextraction.ValueExtractorDescriptor
 540:            45            816  [Ljavax.management.MBeanNotificationInfo;
 541:            17            816  java.io.BufferedReader
 542:             5            800  [Ljava.lang.Thread;
 543:            25            800  com.fasterxml.jackson.core.io.SerializedString
 544:            25            800  org.springframework.web.servlet.mvc.condition.PatternsRequestCondition
 545:            33            792  com.fasterxml.jackson.core.io.JsonStringEncoder
 546:            33            792  com.zeroturnaround.javarebel.ur
 547:            33            792  org.springframework.beans.factory.config.ConstructorArgumentValues
 548:             7            784  org.apache.coyote.Response
 549:             2            784  org.springframework.boot.devtools.restart.Restarter$LeakSafeThread
 550:            14            784  sun.nio.cs.ISO_8859_1$Encoder
 551:            14            784  sun.security.x509.X509CertInfo
 552:             8            768  [Lcom.sun.org.apache.xerces.internal.xni.QName;
 553:            24            768  com.fasterxml.jackson.databind.introspect.AnnotatedField
 554:            32            768  com.sun.jmx.mbeanserver.DefaultMXBeanMappingFactory$IdentityMapping
 555:            16            768  com.sun.org.apache.xerces.internal.util.XMLAttributesImpl$Attribute
 556:            48            768  java.util.regex.Pattern$BranchConn
 557:            24            768  org.springframework.web.servlet.handler.AbstractHandlerMethodMapping$MappingRegistration
 558:            24            768  sun.security.x509.OIDMap$OIDInfo
 559:            19            760  org.apache.tomcat.util.collections.ManagedConcurrentWeakHashMap$Key
 560:            31            744  com.sun.org.apache.xerces.internal.xni.XMLString
 561:            31            744  com.zeroturnaround.javarebel.guf
 562:            31            744  java.net.Inet4Address
 563:            23            736  com.fasterxml.jackson.databind.SerializationFeature
 564:            23            736  com.fasterxml.jackson.databind.type.TypeBindings
 565:            23            736  com.sun.jmx.mbeanserver.WeakIdentityHashMap$IdentityWeakReference
 566:            44            728  [Ljavax.management.MBeanConstructorInfo;
 567:            13            728  java.lang.invoke.LambdaFormEditor$Transform
 568:             7            728  org.apache.coyote.http11.Http11Processor
 569:             5            720  [Lcom.fasterxml.jackson.core.sym.CharsToNameCanonicalizer$Bucket;
 570:             9            720  [Lcom.zeroturnaround.javarebel.avx;
 571:             5            720  [Ljava.beans.MethodDescriptor;
 572:            30            720  com.alibaba.fastjson.serializer.SerializerFeature
 573:             9            720  com.zeroturnaround.javarebel.gdq
 574:            15            720  java.lang.management.PlatformComponent
 575:            30            720  java.util.regex.Pattern$7
 576:            30            720  org.apache.tomcat.util.res.StringManager
 577:            18            720  org.hibernate.validator.internal.metadata.aggregated.CascadingMetaDataBuilder
 578:            30            720  org.jboss.logging.Log4j2Logger
 579:            22            704  java.util.Locale
 580:            29            696  java.util.concurrent.ConcurrentHashMap$KeySetView
 581:            17            680  org.springframework.util.AntPathMatcher
 582:            12            672  com.fasterxml.jackson.databind.introspect.POJOPropertyBuilder
 583:            28            672  com.zeroturnaround.javarebel.gue
 584:            21            672  java.util.PropertyPermission
 585:            12            672  sun.security.ssl.CipherSuite$BulkCipher
 586:            21            672  sun.util.locale.BaseLocale
 587:             9            648  com.zeroturnaround.javarebel.ggp
 588:            12            640  [Lcom.alibaba.fastjson.serializer.FieldSerializer;
 589:            12            640  [Lcom.alibaba.fastjson.util.FieldInfo;
 590:            40            640  com.sun.proxy.$Proxy51
 591:            20            640  java.util.LinkedHashMap$LinkedKeyIterator
 592:            20            640  org.zeroturnaround.javarebel.reporting.MessageType
 593:            16            640  sun.misc.FloatingDecimal$BinaryToASCIIBuffer
 594:            10            640  sun.nio.cs.ext.DoubleByte$Encoder
 595:            20            640  sun.security.x509.URIName
 596:             3            624  [Ljava.lang.invoke.LambdaForm;
 597:            13            624  com.fasterxml.jackson.core.JsonToken
 598:            26            624  java.security.spec.ECFieldF2m
 599:            26            624  java.time.Duration
 600:            39            624  java.util.regex.Pattern$CharPropertyNames$1
 601:            26            624  org.hibernate.validator.internal.engine.valueextraction.ValueExtractorDescriptor$Key
 602:            26            624  org.springframework.web.servlet.mvc.condition.ProducesRequestCondition
 603:            11            616  com.fasterxml.jackson.databind.cfg.BaseSettings
 604:             7            616  org.apache.coyote.RequestInfo
 605:             7            616  org.apache.coyote.http11.Http11InputBuffer
 606:            19            608  org.zeroturnaround.bundled.javassist.bytecode.ConstPool
 607:            19            608  sun.management.DiagnosticCommandImpl$Wrapper
 608:            15            600  com.sun.jmx.mbeanserver.PerInterface
 609:            25            600  com.sun.jmx.mbeanserver.PerInterface$MethodAndSig
 610:            25            600  com.zeroturnaround.jrebel.bundled.org.apache.commons.logging.impl.SLF4JLog
 611:            15            600  java.lang.invoke.DirectMethodHandle$Accessor
 612:            25            600  sun.nio.cs.CharsetMapping$Entry
 613:             9            576  com.zeroturnaround.javarebel.axz
 614:            12            576  org.hibernate.validator.internal.metadata.raw.ConstrainedExecutable
 615:            18            576  org.springframework.context.event.AbstractApplicationEventMulticaster$ListenerRetriever
 616:            24            576  org.springframework.web.util.UrlPathHelper
 617:            18            576  org.zeroturnaround.jrebel.stats.id.container.ServerType
 618:            10            560  com.fasterxml.jackson.databind.type.MapType
 619:            35            560  java.net.InetSocketAddress
 620:            10            560  java.util.zip.Deflater
 621:            14            560  javax.management.openmbean.SimpleType
 622:            14            560  org.apache.tomcat.util.http.ServerCookie
 623:            14            560  org.springframework.beans.propertyeditors.CustomNumberEditor
 624:            10            560  sun.invoke.util.Wrapper
 625:            10            560  sun.security.provider.SHA
 626:             4            552  [Ljava.util.concurrent.RunnableScheduledFuture;
 627:            23            552  com.alibaba.fastjson.parser.Feature
 628:            23            552  java.util.Locale$LocaleKey
 629:            23            552  java.util.regex.Pattern$1
 630:            23            552  java.util.regex.Pattern$5
 631:            23            552  java.util.regex.Pattern$CharProperty$1
 632:             2            544  [Ljava.lang.Character;
 633:            17            544  com.sun.org.apache.xerces.internal.util.AugmentationsImpl$SmallContainer
 634:            17            544  java.lang.ConditionalSpecialCasing$Entry
 635:            34            544  java.time.format.DateTimeFormatterBuilder$CharLiteralPrinterParser
 636:            17            544  org.springframework.core.annotation.DefaultAnnotationAttributeExtractor
 637:             1            536  org.springframework.boot.web.embedded.tomcat.TomcatEmbeddedContext
 638:            22            528  com.zeroturnaround.licensing.b
 639:            22            528  java.io.ObjectStreamClass$ClassDataSlot
 640:            22            528  java.util.regex.Pattern$Ques
 641:            13            520  java.lang.invoke.MethodHandleImpl$IntrinsicMethodHandle
 642:            13            520  java.util.concurrent.LinkedBlockingDeque
 643:             8            512  java.security.SecureRandom
 644:            16            512  java.time.temporal.ChronoUnit
 645:            32            512  java.util.concurrent.atomic.AtomicBoolean
 646:             8            512  org.springframework.beans.factory.support.DefaultListableBeanFactory$NestedDependencyDescriptor
 647:            16            512  org.zeroturnaround.javarebel.support.URLResource
 648:            16            512  sun.security.ssl.CipherSuite$KeyExchange
 649:            21            504  java.util.AbstractMap$SimpleImmutableEntry
 650:             7            504  java.util.concurrent.ThreadPoolExecutor
 651:             9            504  javax.management.openmbean.CompositeType
 652:             9            504  javax.management.openmbean.OpenMBeanParameterInfoSupport
 653:             7            504  org.apache.catalina.connector.InputBuffer
 654:             7            504  org.apache.tomcat.util.http.Parameters
 655:            21            504  org.springframework.core.convert.support.GenericConversionService$ConverterCacheKey
 656:            21            504  org.springframework.core.convert.support.GenericConversionService$ConverterFactoryAdapter
 657:            21            504  sun.security.x509.AVAKeyword
 658:            31            496  com.sun.proxy.$Proxy43
 659:            31            496  com.sun.proxy.$Proxy60
 660:            31            496  java.lang.Boolean
 661:            31            496  org.springframework.core.SerializableTypeWrapper$TypeProxyInvocationHandler
 662:            31            496  sun.reflect.generics.tree.ArrayTypeSignature
 663:            25            488  [Lorg.springframework.core.MethodParameter;
 664:            19            488  [Lsun.management.DiagnosticCommandArgumentInfo;
 665:            12            480  ch.qos.logback.core.status.InfoStatus
 666:             6            480  com.sun.org.apache.xalan.internal.xsltc.trax.TransformerFactoryImpl
 667:            12            480  java.io.ObjectStreamClass$FieldReflector
 668:            12            480  java.io.ObjectStreamClass$FieldReflectorKey
 669:            12            480  java.util.HashMap$KeyIterator
 670:            10            480  java.util.concurrent.LinkedBlockingQueue
 671:             2            480  org.apache.catalina.core.StandardWrapper
 672:            10            480  org.apache.catalina.util.Extension
 673:            30            480  org.apache.logging.log4j.message.MessageFormatMessageFactory
 674:            15            480  org.apache.tomcat.util.http.ValuesEnumerator
 675:            15            480  org.springframework.messaging.simp.stomp.StompCommand
 676:            20            480  org.zeroturnaround.javarebel.reporting.MessageType$Strategy
 677:            29            464  com.sun.proxy.$Proxy5
 678:            29            464  com.zeroturnaround.javarebel.fj
 679:            29            464  org.hibernate.validator.internal.util.logging.Log_$logger
 680:             6            456  [Lsun.invoke.util.Wrapper;
 681:            19            456  java.io.InputStreamReader
 682:            19            456  java.lang.invoke.Invokers
 683:            19            456  java.util.BitSet
 684:            19            456  org.springframework.context.support.MessageSourceAccessor
 685:            19            456  org.springframework.web.socket.config.annotation.DelegatingWebSocketMessageBrokerConfiguration$$EnhancerBySpringCGLIB$$151c7e11$$FastClassBySpringCGLIB$$d316366f
 686:            19            456  org.zeroturnaround.bundled.javassist.bytecode.ConstantAttribute
 687:            19            456  org.zeroturnaround.bundled.javassist.bytecode.LongVector
 688:            19            456  org.zeroturnaround.bundled.javassist.bytecode.SourceFileAttribute
 689:            19            456  org.zeroturnaround.javarebel.IDENotifications$IDENotificationType
 690:            14            448  [Lorg.apache.coyote.http11.InputFilter;
 691:            14            448  [Lorg.apache.coyote.http11.OutputFilter;
 692:            14            448  com.fasterxml.jackson.core.JsonParser$Feature
 693:            28            448  com.sun.proxy.$Proxy37
 694:            28            448  com.zeroturnaround.javarebel.gzr
 695:            14            448  java.lang.StringCoding$StringDecoder
 696:             7            448  org.apache.catalina.connector.OutputBuffer
 697:             7            448  org.apache.catalina.connector.Response
 698:             7            448  org.apache.coyote.http11.filters.ChunkedInputFilter
 699:             8            448  org.springframework.context.annotation.CommonAnnotationBeanPostProcessor$ResourceElement
 700:            28            448  org.springframework.core.convert.support.ObjectToStringConverter
 701:             8            448  sun.nio.cs.ext.DoubleByte$Decoder
 702:            14            448  sun.security.util.MemoryCache
 703:             5            440  [[I
 704:            11            440  org.apache.tomcat.util.buf.Utf8Decoder
 705:            11            440  org.apache.tomcat.util.log.UserDataHelper
 706:            11            440  sun.nio.ch.SocketAdaptor
 707:            11            440  sun.security.rsa.RSAPublicKeyImpl
 708:            11            440  sun.security.x509.AuthorityKeyIdentifierExtension
 709:             1            432  [[[C
 710:             6            432  com.fasterxml.jackson.databind.introspect.POJOPropertiesCollector
 711:            27            432  com.sun.proxy.$Proxy66
 712:            27            432  java.security.spec.ECFieldFp
 713:            18            432  java.text.DateFormat$Field
 714:            18            432  java.util.concurrent.ConcurrentLinkedQueue$Node
 715:            27            432  java.util.concurrent.CopyOnWriteArraySet
 716:            18            432  org.springframework.format.datetime.standard.TemporalAccessorParser
 717:             9            432  org.zeroturnaround.bundled.javassist.CtPrimitiveType
 718:            18            432  sun.misc.MetaIndex
 719:             1            424  [Lcom.sun.org.apache.xerces.internal.util.SymbolTable$Entry;
 720:            13            416  java.lang.invoke.SimpleMethodHandle
 721:            13            416  java.net.Socket
 722:            13            416  java.security.AlgorithmParameters
 723:            26            416  java.util.concurrent.atomic.AtomicReference
 724:            17            408  com.sun.org.apache.xerces.internal.util.SymbolTable$Entry
 725:            17            408  java.io.ByteArrayOutputStream
 726:            17            408  org.springframework.boot.ansi.AnsiColor
 727:            17            408  org.springframework.boot.autoconfigure.web.servlet.WebMvcAutoConfiguration$EnableWebMvcConfiguration$$EnhancerBySpringCGLIB$$8f1f0dbe$$FastClassBySpringCGLIB$$391e50d8
 728:            17            408  org.springframework.core.annotation.SynthesizedAnnotationInvocationHandler
 729:            17            408  org.springframework.util.AntPathMatcher$PathSeparatorPatternCache
 730:             5            400  com.fasterxml.jackson.databind.DeserializationConfig
 731:             5            400  com.fasterxml.jackson.databind.SerializationConfig
 732:            25            400  com.sun.proxy.$Proxy8
 733:            10            400  javax.crypto.CryptoPermission
 734:            25            400  org.springframework.core.$Proxy27
 735:            25            400  org.springframework.web.servlet.mvc.condition.ConsumesRequestCondition
 736:            25            400  org.springframework.web.servlet.mvc.condition.HeadersRequestCondition
 737:            25            400  org.springframework.web.servlet.mvc.condition.RequestConditionHolder
 738:            25            400  org.springframework.web.servlet.mvc.condition.RequestMethodsRequestCondition
 739:            10            400  sun.nio.cs.ISO_8859_1$Decoder
 740:            10            400  sun.rmi.transport.tcp.TCPEndpoint
 741:             7            392  [Lorg.apache.catalina.core.ApplicationFilterConfig;
 742:             1            392  com.zeroturnaround.javarebel.pb
 743:             1            392  com.zeroturnaround.javarebel.vo
 744:             7            392  org.apache.catalina.connector.CoyoteReader
 745:             7            392  org.apache.coyote.http11.Http11OutputBuffer
 746:             1            392  org.apache.tomcat.util.net.NioBlockingSelector$BlockPoller
 747:            12            384  [Lcom.fasterxml.jackson.databind.ser.BeanPropertyWriter;
 748:            16            384  com.fasterxml.jackson.databind.PropertyName
 749:             1            384  com.intellij.rt.execution.application.AppMainV2$1
 750:            24            384  com.sun.proxy.$Proxy24
 751:             1            384  com.zeroturnaround.javarebel.aas
 752:             1            384  com.zeroturnaround.javarebel.adk
 753:             1            384  com.zeroturnaround.javarebel.bd
 754:             1            384  com.zeroturnaround.javarebel.bu
 755:             1            384  com.zeroturnaround.javarebel.cc
 756:             1            384  com.zeroturnaround.javarebel.cd
 757:             8            384  com.zeroturnaround.javarebel.geo
 758:             6            384  com.zeroturnaround.javarebel.gxi
 759:             1            384  com.zeroturnaround.javarebel.oh
 760:             1            384  java.lang.ref.Finalizer$FinalizerThread
 761:             8            384  java.net.SocketInputStream
 762:            12            384  java.security.MessageDigest$Delegate
 763:             1            384  java.util.logging.LogManager$Cleaner
 764:            12            384  org.apache.catalina.LifecycleState
 765:             1            384  org.apache.tomcat.websocket.BackgroundProcessManager$WsBackgroundThread
 766:             8            384  org.springframework.beans.PropertyValue
 767:            12            384  org.springframework.boot.context.properties.source.SpringIterableConfigurationPropertySource
 768:             1            384  org.springframework.boot.web.embedded.tomcat.TomcatWebServer$1
 769:            16            384  org.springframework.context.event.AbstractApplicationEventMulticaster$ListenerCacheKey
 770:             1            384  org.springframework.context.support.AbstractApplicationContext$1
 771:            16            384  org.springframework.messaging.simp.broker.DefaultSubscriptionRegistry$Subscription
 772:            16            384  org.springframework.messaging.simp.config.AbstractMessageBrokerConfiguration$$FastClassBySpringCGLIB$$aaa385a0
 773:            16            384  org.springframework.util.MimeType
 774:            24            384  org.springframework.web.servlet.mvc.condition.ParamsRequestCondition
 775:             6            384  org.springframework.web.servlet.view.InternalResourceView
 776:            16            384  org.zeroturnaround.javarebel.integration.support.AvoidDuplicatePatchingCBP
 777:             6            384  sun.nio.ch.FileChannelImpl
 778:            16            384  sun.nio.ch.OptionKey
 779:            16            384  sun.nio.ch.SocketOptionRegistry$RegistryKey
 780:             3            384  sun.nio.ch.WindowsSelectorImpl
 781:            24            384  sun.security.x509.GeneralName
 782:             7            376  [Lcom.sun.org.apache.xalan.internal.utils.XMLSecurityManager$State;
 783:             1            376  com.zeroturnaround.javarebel.an
 784:             1            376  com.zeroturnaround.javarebel.be
 785:             1            376  com.zeroturnaround.javarebel.gl
 786:             1            376  com.zeroturnaround.javarebel.uw
 787:             1            376  com.zeroturnaround.reload.b
 788:             1            376  com.zeroturnaround.reload.t
 789:             1            376  java.lang.ref.Reference$ReferenceHandler
 790:            23            368  sun.security.x509.DNSName
 791:             5            360  com.fasterxml.jackson.databind.deser.DefaultDeserializationContext$Impl
 792:             5            360  com.fasterxml.jackson.databind.ser.DefaultSerializerProvider$Impl
 793:             9            360  com.sun.org.apache.xalan.internal.utils.XMLSecurityManager$Limit
 794:             9            360  com.sun.org.apache.xerces.internal.utils.XMLSecurityManager$Limit
 795:             9            360  java.lang.ClassLoader$NativeLibrary
 796:             9            360  java.lang.invoke.DirectMethodHandle$Constructor
 797:            15            360  java.net.InetAddress
 798:             9            360  java.util.IdentityHashMap
 799:            15            360  javax.management.StandardMBean
 800:            15            360  javax.websocket.CloseReason$CloseCodes
 801:            15            360  org.springframework.util.LinkedCaseInsensitiveMap
 802:            15            360  org.springframework.web.socket.CloseStatus
 803:            11            352  com.fasterxml.jackson.databind.introspect.AnnotatedConstructor
 804:             1            352  com.sun.org.apache.xerces.internal.impl.XMLNSDocumentScannerImpl
 805:            11            352  com.zeroturnaround.javarebel.bga
 806:            22            352  org.zeroturnaround.javarebel.integration.util.MonitorUtil$MonitorHolder
 807:            11            352  sun.reflect.generics.repository.ConstructorRepository
 808:            11            352  sun.security.ssl.SignatureAndHashAlgorithm
 809:            22            352  sun.security.x509.KeyIdentifier
 810:            11            352  sun.security.x509.SubjectKeyIdentifierExtension
 811:             1            344  com.sun.org.apache.xerces.internal.impl.XMLDocumentScannerImpl
 812:            13            336  [Ljava.io.ObjectStreamClass$ClassDataSlot;
 813:            14            336  ch.qos.logback.core.spi.ContextAwareBase
 814:            21            336  com.fasterxml.jackson.databind.ser.std.ToStringSerializer
 815:             7            336  com.sun.jmx.mbeanserver.DefaultMXBeanMappingFactory$CompositeMapping
 816:            21            336  com.sun.proxy.$Proxy26
 817:            14            336  java.lang.invoke.LambdaFormEditor$Transform$Kind
 818:             7            336  java.net.SocketOutputStream
 819:             6            336  java.nio.DirectLongBufferU
 820:            21            336  java.nio.channels.spi.AbstractInterruptibleChannel$1
 821:            14            336  org.apache.tomcat.util.http.MimeHeaders
 822:            21            336  org.springframework.boot.autoconfigure.condition.OnPropertyCondition
 823:            14            336  org.springframework.boot.context.properties.source.SpringConfigurationPropertySource$DelegatingPropertyMapper
 824:             3            336  org.springframework.web.servlet.resource.ResourceHttpRequestHandler
 825:             6            336  sun.management.MemoryPoolImpl
 826:            14            336  sun.nio.cs.Surrogate$Parser
 827:            14            336  sun.security.util.BitArray
 828:            14            336  sun.security.util.Cache$EqualByteArray
 829:            14            336  sun.security.x509.CertificateValidity
 830:            13            328  [Lcom.sun.org.apache.xalan.internal.utils.FeaturePropertyBase$State;
 831:            16            328  [Ljava.lang.management.PlatformComponent;
 832:             4            320  [Lorg.hibernate.validator.internal.util.ConcurrentReferenceHashMap$Segment;
 833:            10            320  com.fasterxml.jackson.core.JsonGenerator$Feature
 834:             5            320  com.fasterxml.jackson.core.sym.ByteQuadsCanonicalizer
 835:             5            320  com.fasterxml.jackson.core.sym.CharsToNameCanonicalizer
 836:             5            320  com.fasterxml.jackson.databind.ObjectMapper
 837:             5            320  com.fasterxml.jackson.datatype.jsr310.JavaTimeModule
 838:            20            320  com.sun.proxy.$Proxy31
 839:            20            320  com.sun.proxy.$Proxy58
 840:            10            320  com.zeroturnaround.javarebel.fxo
 841:            10            320  com.zeroturnaround.javarebel.gtd
 842:            10            320  java.lang.OutOfMemoryError
 843:            10            320  sun.security.jca.ProviderConfig
 844:             8            320  sun.security.ssl.SignatureAndHashAlgorithm$HashAlgorithm
 845:            10            320  sun.security.util.DisabledAlgorithmConstraints$KeySizeConstraint
 846:            10            320  sun.security.x509.BasicConstraintsExtension
 847:            13            312  java.lang.management.ManagementPermission
 848:            13            312  org.apache.coyote.AsyncStateMachine$AsyncState
 849:            13            312  org.apache.tomcat.util.collections.CaseInsensitiveKeyMap$Key
 850:            13            312  org.springframework.beans.factory.config.BeanExpressionContext
 851:            13            312  org.springframework.boot.context.properties.source.SpringIterableConfigurationPropertySource$Cache
 852:            13            312  sun.security.ssl.ExtensionType
 853:            13            312  sun.security.x509.AccessDescription
 854:            19            304  com.sun.proxy.$Proxy62
 855:             9            288  [Ljava.lang.invoke.LambdaForm$BasicType;
 856:             1            288  [Lorg.springframework.http.HttpStatus;
 857:            12            288  ch.qos.logback.core.pattern.LiteralConverter
 858:             9            288  com.alibaba.fastjson.asm.Type
 859:             9            288  com.fasterxml.classmate.types.ResolvedPrimitiveType
 860:            12            288  com.fasterxml.jackson.databind.util.LRUMap
 861:            12            288  com.sun.jmx.remote.util.ClassLogger
 862:            18            288  com.sun.proxy.$Proxy35
 863:            18            288  com.sun.proxy.$Proxy50
 864:            12            288  com.zeroturnaround.javarebel.byk
 865:            12            288  java.beans.PropertyChangeSupport
 866:             9            288  java.util.concurrent.ConcurrentHashMap$ForwardingNode
 867:             9            288  java.util.logging.Level
 868:            18            288  java.util.regex.Pattern$CharPropertyNames$4
 869:             9            288  jdk.internal.org.objectweb.asm.Type
 870:             2            288  org.apache.tomcat.websocket.WsSession
 871:            12            288  org.springframework.core.io.DefaultResourceLoader
 872:            18            288  org.springframework.format.datetime.standard.TemporalAccessorPrinter
 873:             3            288  org.springframework.scheduling.concurrent.ThreadPoolTaskExecutor
 874:            12            288  org.springframework.web.method.annotation.AbstractNamedValueMethodArgumentResolver$NamedValueInfo
 875:            12            288  org.springframework.web.servlet.config.annotation.WebMvcConfigurationSupport$$FastClassBySpringCGLIB$$69f69f7c
 876:            12            288  org.zeroturnaround.bundled.javassist.bytecode.IntegerInfo
 877:             6            288  sun.nio.cs.StreamEncoder
 878:             9            288  sun.security.provider.SecureRandom
 879:             9            288  sun.security.x509.KeyUsageExtension
 880:             7            280  [Ljava.lang.invoke.BoundMethodHandle$SpeciesData;
 881:             5            280  com.fasterxml.jackson.databind.MappingJsonFactory
 882:             7            280  java.lang.invoke.BoundMethodHandle$Species_LL
 883:             7            280  org.apache.coyote.AsyncStateMachine
 884:             7            280  org.apache.coyote.http11.filters.ChunkedOutputFilter
 885:             7            280  org.apache.coyote.http11.filters.IdentityInputFilter
 886:             7            280  org.springframework.boot.logging.logback.ColorConverter
 887:             7            280  org.springframework.core.io.ResourceEditor
 888:             7            280  sun.nio.ch.SelectionKeyImpl
 889:            17            272  com.sun.org.apache.xerces.internal.util.AugmentationsImpl
 890:            11            264  com.fasterxml.jackson.databind.type.TypeBindings$AsKey
 891:            11            264  com.zeroturnaround.javarebel.cly
 892:            11            264  com.zeroturnaround.javarebel.xp
 893:            11            264  com.zeroturnaround.jrebel.bundled.org.bouncycastle.jcajce.provider.asymmetric.ec.KeyFactorySpi$EC
 894:            11            264  java.net.StandardSocketOptions$StdSocketOption
 895:             3            264  java.util.jar.JarVerifier
 896:            11            264  org.zeroturnaround.javarebel.reporting.stats.repository.DailyFieldId
 897:            11            264  sun.reflect.annotation.TypeAnnotation$TypeAnnotationTarget
 898:            11            264  sun.reflect.generics.scope.ConstructorScope
 899:            11            264  sun.security.x509.CertificateExtensions
 900:             2            256  [Lcom.fasterxml.jackson.databind.DeserializationFeature;
 901:            11            256  [Lcom.fasterxml.jackson.databind.ser.Serializers;
 902:             8            256  [Ljava.nio.channels.SelectionKey;
 903:             8            256  [Ljava.text.SimpleDateFormat;
 904:             4            256  com.fasterxml.jackson.databind.ser.std.MapSerializer
 905:             4            256  com.sun.crypto.provider.GHASH
 906:             8            256  java.util.Random
 907:             8            256  javax.management.MBeanNotificationInfo
 908:             8            256  org.apache.tomcat.util.net.NioChannel
 909:             4            256  org.springframework.beans.factory.config.DependencyDescriptor
 910:             8            256  org.springframework.beans.factory.support.DefaultListableBeanFactory$DependencyObjectProvider
 911:             8            256  sun.misc.ProxyGenerator$PrimitiveTypeInfo
 912:             8            248  [Ljava.lang.invoke.LambdaForm$NamedFunction;
 913:             2            240  [Lcom.fasterxml.jackson.databind.MapperFeature;
 914:             6            240  [Lcom.zeroturnaround.javarebel.bop;
 915:             5            240  [Ljava.beans.PropertyDescriptor;
 916:             2            240  [Lsun.nio.cs.CharsetMapping$Entry;
 917:             6            240  com.alibaba.fastjson.serializer.SerializeBeanInfo
 918:            10            240  com.fasterxml.classmate.util.ClassKey
 919:            10            240  com.fasterxml.jackson.annotation.JsonFormat$Shape
 920:            10            240  com.fasterxml.jackson.core.util.BufferRecycler
 921:            10            240  com.fasterxml.jackson.databind.module.SimpleSerializers
 922:             5            240  com.fasterxml.jackson.databind.ser.BeanSerializer
 923:            10            240  com.sun.org.apache.xerces.internal.impl.XMLScanner$NameType
 924:            15            240  com.sun.proxy.$Proxy40
 925:             3            240  com.zeroturnaround.javarebel.gdt
 926:             6            240  com.zeroturnaround.javarebel.gxe
 927:             6            240  com.zeroturnaround.javarebel.gxm
 928:             5            240  java.beans.BeanDescriptor
 929:            10            240  java.lang.annotation.ElementType
 930:             6            240  java.lang.invoke.BoundMethodHandle$SpeciesData
 931:            10            240  java.security.CryptoPrimitive
 932:             3            240  java.util.concurrent.ScheduledThreadPoolExecutor
 933:            10            240  org.apache.catalina.core.ApplicationContext$DispatchData
 934:             5            240  org.apache.tomcat.util.descriptor.web.FilterDef
 935:             2            240  org.apache.tomcat.websocket.server.WsRemoteEndpointImplServer
 936:             1            240  org.springframework.beans.factory.support.DefaultListableBeanFactory
 937:            10            240  org.springframework.boot.autoconfigure.cache.CacheType
 938:            10            240  org.springframework.boot.autoconfigure.condition.OnWebApplicationCondition
 939:            10            240  org.springframework.util.unit.DataSize
 940:             6            240  org.springframework.web.accept.PathExtensionContentNegotiationStrategy
 941:             6            240  sun.management.MemoryPoolImpl$CollectionSensor
 942:             6            240  sun.management.MemoryPoolImpl$PoolSensor
 943:            10            240  sun.rmi.runtime.Log$LoggerLog
 944:            10            240  sun.security.x509.PolicyInformation
 945:             8            232  [Ljava.lang.Boolean;
 946:             4            232  [[Ljava.lang.String;
 947:             2            224  [Lcom.fasterxml.jackson.databind.SerializationFeature;
 948:             7            224  [Lorg.apache.tomcat.util.http.ServerCookie;
 949:             7            224  com.fasterxml.jackson.core.util.ByteArrayBuilder
 950:            14            224  com.sun.proxy.$Proxy38
 951:             4            224  com.zeroturnaround.javarebel.brh
 952:            14            224  java.io.FileInputStream$1
 953:            14            224  java.rmi.server.Operation
 954:             7            224  java.rmi.server.UID
 955:            14            224  java.util.TreeSet
 956:             4            224  javax.management.openmbean.OpenMBeanOperationInfoSupport
 957:             7            224  org.apache.catalina.core.ApplicationFilterChain
 958:             7            224  org.apache.coyote.http11.Http11InputBuffer$HeaderParseData
 959:             7            224  org.apache.coyote.http11.filters.BufferedInputFilter
 960:             7            224  org.apache.coyote.http11.filters.IdentityOutputFilter
 961:             7            224  org.apache.tomcat.util.buf.B2CConverter
 962:             7            224  org.apache.tomcat.util.buf.UEncoder
 963:             7            224  org.apache.tomcat.util.digester.ObjectCreateRule
 964:             7            224  org.apache.tomcat.util.digester.SetNextRule
 965:             7            224  org.apache.tomcat.util.http.parser.HttpParser$DomainParseState
 966:             2            224  org.apache.tomcat.websocket.server.WsFrameServer
 967:             7            224  org.springframework.boot.convert.DurationStyle$Unit
 968:             7            224  sun.nio.ch.WindowsSelectorImpl$MapEntry
 969:             4            224  sun.rmi.transport.Target
 970:             7            224  sun.security.x509.AuthorityInfoAccessExtension
 971:             7            224  sun.security.x509.CRLDistributionPointsExtension
 972:            14            224  sun.security.x509.CertificateAlgorithmId
 973:             7            224  sun.security.x509.CertificatePoliciesExtension
 974:            14            224  sun.security.x509.CertificateSerialNumber
 975:            14            224  sun.security.x509.CertificateVersion
 976:            14            224  sun.security.x509.CertificateX509Key
 977:             7            224  sun.security.x509.DistributionPoint
 978:            14            224  sun.security.x509.SerialNumber
 979:             3            216  com.zeroturnaround.javarebel.cdb
 980:             9            216  java.nio.file.attribute.PosixFilePermission
 981:             9            216  java.time.format.DateTimeFormatterBuilder$LocalizedPrinterParser
 982:             9            216  java.util.Collections$UnmodifiableCollection$1
 983:             9            216  java.util.concurrent.ConcurrentLinkedQueue
 984:             9            216  java.util.logging.Level$KnownLevel
 985:             9            216  org.apache.tomcat.util.net.WriteBuffer
 986:             9            216  org.apache.tomcat.websocket.WsRemoteEndpointImplBase$State
 987:             9            216  org.springframework.messaging.simp.SimpMessageType
 988:             9            216  org.zeroturnaround.bundled.javassist.bytecode.InnerClassesAttribute
 989:             9            216  org.zeroturnaround.javarebel.LicenceType
 990:             9            216  sun.util.logging.PlatformLogger$Level
 991:             1            208  com.alibaba.fastjson.serializer.ASMSerializer_2_GcHeapDO
 992:            13            208  com.zeroturnaround.jrebelbase.reflection.t
 993:            13            208  org.springframework.boot.context.properties.source.SpringIterableConfigurationPropertySource$CacheKey
 994:             2            208  sun.security.ssl.SSLSessionImpl
 995:             2            200  [Ljava.text.DateFormat$Field;
 996:             5            200  com.fasterxml.jackson.core.sym.ByteQuadsCanonicalizer$TableInfo
 997:             5            200  com.fasterxml.jackson.core.util.DefaultPrettyPrinter
 998:             1            200  com.sun.org.apache.xerces.internal.impl.XMLDTDScannerImpl
 999:             5            200  java.beans.GenericBeanInfo
1000:             5            200  java.lang.invoke.MethodHandleImpl$AsVarargsCollector
1001:             5            200  java.util.stream.StreamOpFlag
1002:             5            200  org.apache.catalina.core.StandardPipeline
1003:             5            200  org.apache.tomcat.util.descriptor.web.FilterMap
1004:             9            192  [Ljava.security.CodeSigner;
1005:             1            192  [Lorg.apache.coyote.ActionCode;
1006:             6            192  com.fasterxml.jackson.databind.cfg.DeserializerFactoryConfig
1007:             6            192  com.fasterxml.jackson.databind.type.TypeFactory
1008:             6            192  com.sun.org.apache.xalan.internal.utils.XMLSecurityManager
1009:             1            192  com.sun.org.apache.xerces.internal.parsers.XIncludeAwareParserConfiguration
1010:             8            192  com.zeroturnaround.javarebel.ayv
1011:             8            192  com.zeroturnaround.javarebel.ayw
1012:             8            192  com.zeroturnaround.javarebel.gdk
1013:             6            192  com.zeroturnaround.javarebel.x
1014:             6            192  com.zeroturnaround.jrebel.bundled.org.bouncycastle.jcajce.provider.config.ProviderConfigurationPermission
1015:            12            192  java.beans.PropertyChangeSupport$PropertyChangeListenerMap
1016:             6            192  java.io.RandomAccessFile
1017:             6            192  java.lang.invoke.LambdaForm$BasicType
1018:             8            192  java.lang.invoke.MethodHandleImpl$Intrinsic
1019:             8            192  java.math.RoundingMode
1020:             6            192  java.time.format.DateTimeFormatterBuilder$TextPrinterParser
1021:             6            192  java.time.format.TextStyle
1022:             6            192  java.util.Stack
1023:            12            192  java.util.TreeMap$KeySet
1024:             4            192  java.util.concurrent.ConcurrentHashMap$TreeBin
1025:             3            192  java.util.regex.Matcher
1026:             8            192  javax.crypto.CryptoPermissionCollection
1027:             8            192  org.apache.logging.log4j.Level
1028:             8            192  org.apache.logging.log4j.spi.StandardLevel
1029:             8            192  org.apache.tomcat.util.http.parser.HttpParser
1030:             8            192  org.apache.tomcat.util.net.AbstractEndpoint$Handler$SocketState
1031:             1            192  org.apache.tomcat.util.net.NioEndpoint
1032:             8            192  org.apache.tomcat.util.net.SocketBufferHandler
1033:             4            192  org.hibernate.validator.internal.metadata.raw.ConstrainedParameter
1034:             4            192  org.hibernate.validator.internal.util.ConcurrentReferenceHashMap
1035:             2            192  org.springframework.cglib.proxy.Enhancer
1036:             8            192  org.springframework.core.NamedThreadLocal
1037:             8            192  org.springframework.http.HttpMethod
1038:             6            192  org.springframework.http.converter.ResourceHttpMessageConverter
1039:             6            192  org.springframework.util.PropertyPlaceholderHelper
1040:             8            192  org.springframework.web.bind.annotation.RequestMethod
1041:             6            192  org.springframework.web.method.ControllerAdviceBean
1042:             6            192  org.springframework.web.socket.sockjs.transport.TransportType
1043:             4            192  sun.misc.URLClassPath
1044:             2            192  sun.security.jgss.SunProvider
1045:             2            192  sun.security.provider.Sun
1046:             6            192  sun.security.ssl.EphemeralKeyManager$EphemeralKeyPair
1047:             6            192  sun.security.ssl.SSLSessionContextImpl
1048:             1            176  com.sun.org.apache.xerces.internal.impl.dtd.XMLDTDValidator
1049:             1            176  com.sun.org.apache.xerces.internal.impl.dtd.XMLNSDTDValidator
1050:            11            176  com.sun.proxy.$Proxy42
1051:            11            176  com.sun.proxy.$Proxy61
1052:            11            176  com.zeroturnaround.javarebel.abq
1053:            11            176  com.zeroturnaround.javarebel.agi
1054:            11            176  com.zeroturnaround.javarebel.agk
1055:             2            176  com.zeroturnaround.javarebel.lh
1056:            11            176  java.text.NumberFormat$Field
1057:             2            176  javax.management.remote.rmi.NoCallStackClassLoader
1058:             2            176  org.apache.catalina.core.StandardWrapperValve
1059:             2            176  org.apache.catalina.deploy.NamingResourcesImpl
1060:             1            176  org.springframework.beans.JrBeanReloader
1061:             2            176  org.springframework.web.servlet.handler.SimpleUrlHandlerMapping
1062:             2            176  org.springframework.web.socket.sockjs.transport.session.WebSocketServerSockJsSession
1063:             1            176  sun.security.ssl.SSLSocketImpl
1064:             2            168  [Ljava.lang.ClassValue$Entry;
1065:             7            168  [Ljava.net.InetSocketAddress;
1066:             1            168  [[Ljava.math.BigInteger;
1067:             7            168  ch.qos.logback.classic.Level
1068:             7            168  com.fasterxml.jackson.annotation.JsonFormat$Feature
1069:             7            168  com.fasterxml.jackson.annotation.JsonInclude$Include
1070:             7            168  com.fasterxml.jackson.annotation.PropertyAccessor
1071:             7            168  com.fasterxml.jackson.databind.introspect.AnnotatedClass$Creators
1072:             3            168  com.fasterxml.jackson.databind.type.ArrayType
1073:             7            168  com.sun.management.VMOption$Origin
1074:             7            168  com.sun.org.apache.xerces.internal.util.FeatureState
1075:             1            168  com.zaxxer.hikari.HikariDataSource
1076:             7            168  com.zeroturnaround.javarebel.agd
1077:             3            168  com.zeroturnaround.javarebel.ccc
1078:             7            168  com.zeroturnaround.javarebel.cje
1079:             3            168  com.zeroturnaround.jrebel.bundled.org.apache.http.impl.execchain.d
1080:             7            168  java.net.NetPermission
1081:             3            168  java.net.SocketPermission
1082:             7            168  java.util.Collections$SynchronizedCollection
1083:             3            168  java.util.concurrent.ConcurrentHashMap$KeyIterator
1084:             7            168  java.util.regex.Pattern$SliceI
1085:             7            168  org.apache.catalina.core.ApplicationMapping
1086:             1            168  org.apache.catalina.core.StandardHost
1087:             7            168  org.apache.catalina.util.ParameterMap
1088:             7            168  org.apache.coyote.http11.filters.GzipOutputFilter
1089:             7            168  org.apache.coyote.http11.filters.GzipOutputFilter$FakeOutputStream
1090:             7            168  org.apache.tomcat.util.digester.SetPropertiesRule
1091:             7            168  org.apache.tomcat.util.http.ServerCookies
1092:             7            168  org.apache.tomcat.util.net.NioEndpoint$SocketProcessor
1093:             7            168  org.springframework.boot.logging.LogLevel
1094:             7            168  org.springframework.boot.origin.OriginTrackedValue$OriginTrackedCharSequence
1095:             7            168  org.springframework.boot.origin.TextResourceOrigin
1096:             7            168  org.springframework.boot.origin.TextResourceOrigin$Location
1097:             7            168  org.springframework.cglib.proxy.CallbackInfo
1098:             3            168  org.springframework.core.env.PropertySourcesPropertyResolver
1099:             7            168  org.springframework.web.servlet.mvc.method.annotation.RequestResponseBodyAdviceChain
1100:             7            168  org.zeroturnaround.bundled.javassist.bytecode.AnnotationsAttribute
1101:             7            168  sun.management.counter.Units
1102:             3            168  sun.nio.ch.SinkChannelImpl
1103:             3            168  sun.nio.ch.SourceChannelImpl
1104:             7            168  sun.security.x509.NetscapeCertTypeExtension$MapEntry
1105:             4            160  [F
1106:             2            160  [Ljava.time.temporal.ChronoUnit;
1107:             2            160  [Lorg.springframework.messaging.simp.stomp.StompCommand;
1108:             1            160  com.alibaba.fastjson.serializer.ASMSerializer_3_GcUtilDO
1109:             4            160  com.fasterxml.jackson.core.Base64Variant
1110:             5            160  com.fasterxml.jackson.core.JsonEncoding
1111:             4            160  com.fasterxml.jackson.core.Version
1112:             5            160  com.fasterxml.jackson.core.sym.CharsToNameCanonicalizer$TableInfo
1113:             5            160  com.fasterxml.jackson.databind.cfg.ConfigOverrides
1114:             2            160  com.sun.crypto.provider.GaloisCounterMode
1115:             4            160  com.sun.org.apache.xerces.internal.impl.dtd.XMLSimpleType
1116:            10            160  com.sun.proxy.$Proxy44
1117:            10            160  com.sun.proxy.$Proxy49
1118:             5            160  com.zeroturnaround.javarebel.bok
1119:             5            160  com.zeroturnaround.reload.aa
1120:             5            160  com.zeroturnaround.reload.y
1121:             4            160  java.lang.reflect.Proxy$Key2
1122:            10            160  java.util.Formatter$Flags
1123:             5            160  java.util.LinkedHashMap$LinkedEntryIterator
1124:            10            160  java.util.concurrent.ConcurrentHashMap$EntrySetView
1125:             5            160  java.util.regex.Pattern$3
1126:             5            160  javax.management.StandardEmitterMBean
1127:             5            160  org.apache.catalina.core.ApplicationFilterConfig
1128:             4            160  org.apache.catalina.mbeans.ContainerMBean
1129:             1            160  org.apache.catalina.session.StandardManager
1130:            10            160  org.apache.tomcat.util.threads.TaskThread$WrappingRunnable
1131:             4            160  org.springframework.http.converter.json.MappingJackson2HttpMessageConverter
1132:             2            160  org.springframework.web.servlet.mvc.method.annotation.ExtendedServletRequestDataBinder
1133:             1            160  org.springframework.web.servlet.mvc.method.annotation.RequestMappingHandlerAdapter
1134:             5            160  org.zeroturnaround.javarebel.integration.util.ClassEventListenerUtil$BoundClassEventListener
1135:             4            160  org.zeroturnaround.javarebel.reporting.stats.repository.impl.StatsHolder
1136:             4            160  sun.rmi.transport.WeakRef
1137:            10            160  sun.security.ec.ECParameters
1138:             5            160  sun.security.ssl.CipherSuite$MacAlg
1139:             5            160  sun.security.ssl.SignatureAndHashAlgorithm$SignatureAlgorithm
1140:            10            160  sun.security.x509.CertificatePolicyId
1141:            10            160  sun.security.x509.GeneralNames
1142:             5            160  sun.util.locale.provider.LocaleProviderAdapter$Type
1143:             2            152  [Lcom.alibaba.fastjson.serializer.SerializerFeature;
1144:             7            152  [Lcom.fasterxml.jackson.databind.deser.Deserializers;
1145:             5            152  [Ljava.net.InetAddress;
1146:             1            152  org.springframework.boot.web.embedded.tomcat.TomcatEmbeddedWebappClassLoader
1147:             1            152  org.springframework.boot.web.servlet.context.AnnotationConfigServletWebServerApplicationContext
1148:             2            144  [Lcom.fasterxml.jackson.core.JsonParser$Feature;
1149:             6            144  [Lcom.fasterxml.jackson.databind.deser.KeyDeserializers;
1150:             2            144  [Ljava.math.BigDecimal;
1151:             3            144  [Lsun.nio.ch.SelectionKeyImpl;
1152:             2            144  com.alibaba.fastjson.util.ASMClassLoader
1153:             6            144  com.fasterxml.jackson.annotation.JsonAutoDetect$Visibility
1154:             6            144  com.fasterxml.jackson.core.JsonParser$NumberType
1155:             6            144  com.fasterxml.jackson.databind.cfg.SerializerFactoryConfig
1156:             3            144  com.fasterxml.jackson.databind.ser.impl.IndexedListSerializer
1157:             6            144  com.fasterxml.jackson.databind.ser.impl.ReadOnlyClassToSerializerMap
1158:             3            144  com.fasterxml.jackson.datatype.jsr310.deser.InstantDeserializer
1159:             6            144  com.sun.org.apache.xalan.internal.utils.FeatureManager
1160:             6            144  com.sun.org.apache.xalan.internal.utils.XMLSecurityPropertyManager
1161:             6            144  com.sun.org.apache.xerces.internal.util.Status
1162:             9            144  com.zeroturnaround.javarebel.bui
1163:             2            144  com.zeroturnaround.javarebel.cdc
1164:             2            144  com.zeroturnaround.javarebel.cdx
1165:             6            144  com.zeroturnaround.javarebel.cgt
1166:             6            144  com.zeroturnaround.javarebel.clh
1167:             9            144  com.zeroturnaround.javarebel.gaz
1168:             6            144  com.zeroturnaround.javarebel.pa
1169:             6            144  java.io.OutputStreamWriter
1170:             3            144  java.lang.ThreadGroup
1171:             6            144  java.security.SecurityPermission
1172:             6            144  java.util.Collections$SynchronizedRandomAccessList
1173:             9            144  java.util.Collections$UnmodifiableMap$UnmodifiableEntrySet
1174:             3            144  java.util.StringTokenizer
1175:             6            144  java.util.concurrent.Executors$RunnableAdapter
1176:             6            144  java.util.regex.Pattern$CharPropertyNames$2
1177:             6            144  java.util.regex.Pattern$SingleI
1178:             6            144  javax.validation.executable.ExecutableType
1179:             6            144  org.apache.coyote.http11.Http11InputBuffer$HeaderParsePosition
1180:             6            144  org.apache.logging.log4j.MarkerManager$Log4jMarker
1181:             6            144  org.apache.tomcat.util.net.SocketEvent
1182:             6            144  org.apache.tomcat.websocket.WsFrameBase$ReadState
1183:             9            144  org.hibernate.validator.internal.engine.valueextraction.ArrayElement
1184:             6            144  org.jboss.logging.Logger$Level
1185:             6            144  org.springframework.beans.CachedIntrospectionResults
1186:             3            144  org.springframework.beans.SimpleTypeConverter
1187:             6            144  org.springframework.boot.context.properties.bind.BindConverter$ResolvableTypeDescriptor
1188:             6            144  org.springframework.boot.context.properties.source.ConfigurationPropertyName$ElementType
1189:             1            144  org.springframework.boot.web.embedded.tomcat.TomcatServletWebServerFactory
1190:             3            144  org.springframework.messaging.simp.SimpMessagingTemplate
1191:             9            144  org.springframework.util.CollectionUtils$MultiValueMapAdapter
1192:             9            144  org.springframework.web.context.request.RequestScope
1193:             6            144  org.springframework.web.cors.UrlBasedCorsConfigurationSource
1194:             6            144  org.springframework.web.method.HandlerTypePredicate
1195:             2            144  org.springframework.web.servlet.mvc.method.annotation.ServletInvocableHandlerMethod
1196:             6            144  org.springframework.web.servlet.resource.DefaultResourceResolverChain
1197:             6            144  org.zeroturnaround.bundled.javassist.bytecode.LongInfo
1198:             6            144  org.zeroturnaround.javarebel.integration.util.ClassLoaderLocalUtil$DestructibleClassBytecodeProcessorAdapter
1199:             6            144  org.zeroturnaround.javarebel.reporting.stats.repository.CommonFieldId
1200:             6            144  org.zeroturnaround.javarebel.reporting.stats.repository.impl.RepositoryMetricsStatistics$DailyImpl
1201:             6            144  sun.misc.PerfCounter
1202:             6            144  sun.nio.ch.NativeThreadSet
1203:             3            144  sun.nio.ch.WindowsSelectorImpl$FdMap
1204:             3            144  sun.security.ssl.CipherBox
1205:             6            144  sun.security.ssl.ProtocolVersion
1206:             6            144  sun.security.util.DisabledAlgorithmConstraints$Constraint$Operator
1207:             3            144  sun.text.normalizer.CharTrie
1208:             6            136  [Lcom.fasterxml.jackson.databind.deser.ValueInstantiators;
1209:             1            136  [Ljava.time.temporal.ChronoField;
1210:             1            136  org.apache.coyote.http11.Http11NioProtocol
1211:             4            128  [Ljava.lang.ref.WeakReference;
1212:             4            128  [Ljava.rmi.server.Operation;
1213:             2            128  com.sun.crypto.provider.CipherCore
1214:             4            128  com.sun.crypto.provider.GCTR
1215:             4            128  com.sun.jmx.mbeanserver.DefaultMXBeanMappingFactory$ArrayMapping
1216:             1            128  com.sun.org.apache.xerces.internal.impl.XMLEntityManager
1217:             4            128  com.sun.org.apache.xerces.internal.util.XMLResourceIdentifierImpl
1218:             8            128  com.sun.proxy.$Proxy64
1219:             4            128  com.sysmin.core.jvm.enums.JmapType
1220:             4            128  java.io.DataInputStream
1221:             2            128  java.io.ExpiringCache$1
1222:             4            128  java.lang.ClassValue$Entry
1223:             4            128  java.util.concurrent.CountDownLatch$Sync
1224:             8            128  java.util.regex.Pattern$Begin
1225:             8            128  java.util.regex.Pattern$CharPropertyNames$3
1226:             8            128  java.util.regex.Pattern$Dot
1227:             2            128  javax.crypto.Cipher
1228:             4            128  javax.management.MBeanConstructorInfo
1229:             2            128  javax.management.remote.rmi.RMIConnectorServer
1230:             1            128  org.apache.catalina.core.StandardEngine
1231:             4            128  org.apache.coyote.ErrorState
1232:             4            128  org.apache.tomcat.util.collections.SynchronizedStack
1233:             4            128  org.springframework.beans.propertyeditors.CustomCollectionEditor
1234:             4            128  org.springframework.boot.context.properties.bind.Bindable
1235:             4            128  org.springframework.boot.jdbc.EmbeddedDatabaseConnection
1236:             8            128  org.springframework.core.convert.support.CollectionToArrayConverter
1237:             8            128  org.springframework.core.convert.support.CollectionToStringConverter
1238:             4            128  org.springframework.core.env.MapPropertySource
1239:             2            128  org.springframework.core.type.classreading.CachingMetadataReaderFactory$LocalResourceCache
1240:             4            128  org.springframework.http.converter.StringHttpMessageConverter
1241:             4            128  org.springframework.web.method.annotation.RequestParamMethodArgumentResolver
1242:             4            128  org.springframework.web.method.annotation.SessionAttributesHandler
1243:             8            128  org.zeroturnaround.javarebel.integration.util.MiscUtil$3
1244:             2            128  sun.nio.cs.ext.DoubleByte$Encoder_DBCSONLY
1245:             4            128  sun.rmi.transport.LiveRef
1246:             4            128  sun.security.ssl.CipherSuite$PRF
1247:             4            128  sun.security.ssl.ProtocolList
1248:             4            128  sun.util.locale.provider.LocaleResources
1249:             4            128  sun.util.locale.provider.LocaleServiceProviderPool
1250:             5            120  [Lcom.fasterxml.jackson.databind.type.TypeModifier;
1251:             6            120  [Lcom.zeroturnaround.javarebel.bos;
1252:             3            120  [Lorg.springframework.http.HttpMethod;
1253:             1            120  [Lsun.security.ssl.SupportedEllipticCurvesExtension$NamedEllipticCurve;
1254:             5            120  ch.qos.logback.core.pattern.parser.TokenStream$TokenizerState
1255:             5            120  ch.qos.logback.core.subst.Token$Type
1256:             5            120  com.fasterxml.jackson.annotation.Nulls
1257:             5            120  com.fasterxml.jackson.core.util.DefaultIndenter
1258:             3            120  com.fasterxml.jackson.databind.PropertyMetadata
1259:             5            120  com.fasterxml.jackson.databind.deser.DeserializerCache
1260:             5            120  com.fasterxml.jackson.databind.introspect.SimpleMixInResolver
1261:             5            120  com.fasterxml.jackson.databind.module.SimpleDeserializers
1262:             5            120  com.fasterxml.jackson.databind.ser.SerializerCache
1263:             5            120  com.sun.org.apache.xalan.internal.utils.FeaturePropertyBase$State
1264:             5            120  com.sun.org.apache.xalan.internal.utils.XMLSecurityManager$State
1265:             3            120  com.sun.org.apache.xerces.internal.impl.dtd.XMLEntityDecl
1266:             1            120  com.sun.org.apache.xerces.internal.jaxp.SAXParserImpl$JAXPSAXParser
1267:             5            120  com.sun.org.apache.xerces.internal.util.PropertyState
1268:             5            120  com.sun.org.apache.xerces.internal.utils.XMLSecurityManager$State
1269:             5            120  com.sun.org.apache.xerces.internal.utils.XMLSecurityPropertyManager$State
1270:             5            120  com.sysmin.core.jvm.enums.JstatType
1271:             5            120  com.zeroturnaround.javarebel.bpq
1272:             3            120  com.zeroturnaround.javarebel.bvx
1273:             3            120  com.zeroturnaround.javarebel.cka
1274:             5            120  com.zeroturnaround.javarebel.ghm
1275:             5            120  com.zeroturnaround.javarebel.gps
1276:             5            120  com.zeroturnaround.javarebel.gxq
1277:             5            120  com.zeroturnaround.javarebel.gxr
1278:             5            120  com.zeroturnaround.jrebel.bundled.org.bouncycastle.jcajce.provider.asymmetric.ec.KeyFactorySpi$ECMQV
1279:             3            120  java.io.BufferedWriter
1280:             5            120  java.io.ObjectStreamClass$ExceptionInfo
1281:             5            120  java.net.InetAddress$CacheEntry
1282:             5            120  java.rmi.server.ObjID
1283:             5            120  java.time.format.SignStyle
1284:             3            120  java.util.Collections$SingletonMap
1285:             5            120  java.util.concurrent.atomic.AtomicMarkableReference$Pair
1286:             5            120  java.util.concurrent.locks.ReentrantReadWriteLock$Sync$HoldCounter
1287:             5            120  java.util.regex.Pattern$Dollar
1288:             5            120  java.util.stream.StreamOpFlag$Type
1289:             5            120  javax.servlet.DispatcherType
1290:             5            120  javax.servlet.http.MappingMatch
1291:             1            120  org.apache.catalina.core.StandardServer
1292:             5            120  org.apache.tomcat.util.http.parser.Cookie$ByteBuffer
1293:             5            120  org.apache.tomcat.util.threads.InlineExecutorService
1294:             5            120  org.hibernate.validator.internal.metadata.raw.ConstrainedElement$ConstrainedElementKind
1295:             3            120  org.springframework.beans.factory.annotation.AutowiredAnnotationBeanPostProcessor$AutowiredMethodElement
1296:             3            120  org.springframework.beans.factory.config.ConstructorArgumentValues$ValueHolder
1297:             5            120  org.springframework.boot.ansi.AnsiStyle
1298:             5            120  org.springframework.boot.autoconfigure.web.servlet.WebMvcAutoConfiguration$EnableWebMvcConfiguration$$FastClassBySpringCGLIB$$982f18bb
1299:             5            120  org.springframework.boot.devtools.autoconfigure.LocalDevToolsAutoConfiguration$RestartConfiguration$$EnhancerBySpringCGLIB$$8ac4de8e$$FastClassBySpringCGLIB$$2d221596
1300:             5            120  org.springframework.boot.devtools.autoconfigure.LocalDevToolsAutoConfiguration$RestartConfiguration$$FastClassBySpringCGLIB$$bc8d9f8b
1301:             5            120  org.springframework.boot.logging.DeferredLog
1302:             5            120  org.springframework.context.annotation.FilterType
1303:             3            120  org.springframework.core.SerializableTypeWrapper$MethodInvokeTypeProvider
1304:             3            120  org.springframework.core.convert.Property
1305:             5            120  org.springframework.core.convert.support.GenericConversionService$Converters
1306:             5            120  org.springframework.http.HttpStatus$Series
1307:             5            120  org.springframework.http.ReadOnlyHttpHeaders
1308:             3            120  org.springframework.http.converter.xml.Jaxb2RootElementHttpMessageConverter
1309:             3            120  org.springframework.messaging.support.ExecutorSubscribableChannel
1310:             5            120  org.springframework.web.accept.ContentNegotiationManager
1311:             3            120  org.springframework.web.accept.ServletPathExtensionContentNegotiationStrategy
1312:             1            120  org.springframework.web.servlet.DispatcherServlet
1313:             3            120  org.springframework.web.servlet.mvc.method.annotation.HttpEntityMethodProcessor
1314:             1            120  org.springframework.web.servlet.mvc.method.annotation.RequestMappingHandlerMapping
1315:             3            120  org.springframework.web.servlet.mvc.method.annotation.RequestResponseBodyMethodProcessor
1316:             5            120  org.zeroturnaround.bundled.javassist.bytecode.FloatInfo
1317:             5            120  org.zeroturnaround.bundled.javassist.bytecode.stackmap.TypeData$BasicType
1318:             5            120  org.zeroturnaround.javarebel.integration.util.WeakUtil$WeakClassLoaderDestructionListener
1319:             5            120  org.zeroturnaround.javarebel.integration.util.WeakUtil$WeakFileEventListener
1320:             3            120  org.zeroturnaround.javarebel.reporting.MetricsExecutor$DelayedRunnable
1321:             5            120  sun.misc.FloatingDecimal$PreparedASCIIToBinaryBuffer
1322:             3            120  sun.nio.ch.FileKey
1323:             5            120  sun.nio.fs.WindowsPathType
1324:             3            120  sun.rmi.server.UnicastServerRef
1325:             3            120  sun.rmi.transport.tcp.TCPTransport$ConnectionHandler
1326:             5            120  sun.security.jca.ServiceId
1327:             3            120  sun.security.provider.DSAPublicKeyImpl
1328:             3            120  sun.security.ssl.SSLContextImpl$TLSContext
1329:             5            120  sun.security.util.DisabledAlgorithmConstraints
1330:             5            120  sun.util.resources.ParallelListResourceBundle$KeySet
1331:             1            112  [Lcom.alibaba.fastjson.parser.Feature;
1332:             2            112  [Lcom.fasterxml.jackson.core.JsonGenerator$Feature;
1333:             3            112  [Lcom.sun.org.apache.xerces.internal.util.XMLAttributesImpl$Attribute;
1334:             2            112  [Lcom.zeroturnaround.javarebel.ggp;
1335:             2            112  [Ljava.lang.invoke.MethodType;
1336:             2            112  [Ljava.security.CryptoPrimitive;
1337:             3            112  [Ljava.util.Map;
1338:             2            112  [Lorg.springframework.boot.autoconfigure.cache.CacheType;
1339:             1            112  com.alibaba.fastjson.serializer.ASMSerializer_5_CompilerDO
1340:             1            112  com.alibaba.fastjson.serializer.ASMSerializer_6_ClassLoaderDO
1341:             2            112  com.sun.org.apache.xerces.internal.util.XMLAttributesIteratorImpl
1342:             7            112  com.sun.proxy.$Proxy52
1343:             2            112  com.zeroturnaround.javarebel.chx
1344:             2            112  com.zeroturnaround.javarebel.uv
1345:             2            112  com.zeroturnaround.javarebel.yf
1346:             2            112  java.util.Calendar$Builder
1347:             2            112  java.util.concurrent.ConcurrentHashMap$EntryIterator
1348:             7            112  java.util.concurrent.ConcurrentHashMap$ValuesView
1349:             2            112  javax.management.remote.rmi.RMIJRMPServerImpl
1350:             1            112  org.apache.catalina.connector.Connector
1351:             7            112  org.apache.catalina.connector.CoyoteInputStream
1352:             7            112  org.apache.catalina.connector.CoyoteOutputStream
1353:             7            112  org.apache.catalina.connector.RequestFacade
1354:             7            112  org.apache.catalina.connector.ResponseFacade
1355:             7            112  org.apache.coyote.http11.Http11InputBuffer$SocketInputBuffer
1356:             7            112  org.apache.coyote.http11.Http11OutputBuffer$SocketOutputBuffer
1357:             7            112  org.apache.coyote.http11.filters.VoidInputFilter
1358:             7            112  org.apache.coyote.http11.filters.VoidOutputFilter
1359:             7            112  org.apache.tomcat.util.buf.UDecoder
1360:             1            112  org.apache.tomcat.util.digester.Digester
1361:             2            112  org.apache.tomcat.websocket.PerMessageDeflate
1362:             7            112  org.springframework.core.DefaultParameterNameDiscoverer
1363:             7            112  org.springframework.core.LocalVariableTableParameterNameDiscoverer
1364:             2            112  org.springframework.core.ResolvableType$1
1365:             7            112  org.springframework.core.StandardReflectionParameterNameDiscoverer
1366:             2            112  org.springframework.expression.spel.support.StandardEvaluationContext
1367:             2            112  org.springframework.web.socket.adapter.standard.StandardWebSocketSession
1368:             7            112  org.zeroturnaround.javarebel.integration.util.WeakIdentityHashMap$2
1369:             2            112  sun.nio.cs.ext.DoubleByte$Decoder_DBCSONLY
1370:             2            112  sun.rmi.transport.tcp.TCPChannel
1371:             2            112  sun.rmi.transport.tcp.TCPConnection
1372:             3            104  [Lorg.springframework.core.io.Resource;
1373:             1            104  ch.qos.logback.classic.LoggerContext
1374:             1            104  org.apache.catalina.authenticator.NonLoginAuthenticator
1375:             1            104  org.apache.tomcat.util.net.SocketProperties
1376:             1            104  org.springframework.boot.autoconfigure.jdbc.DataSourceProperties
1377:             1            104  org.springframework.http.converter.json.Jackson2ObjectMapperBuilder
1378:             1            104  org.springframework.web.servlet.view.InternalResourceViewResolver
1379:             1            104  org.springframework.web.socket.messaging.WebSocketAnnotationMethodMessageHandler
1380:             2             96  [Lcom.fasterxml.jackson.annotation.PropertyAccessor;
1381:             2             96  [Lcom.sun.org.apache.xerces.internal.utils.XMLSecurityManager$State;
1382:             4             96  [Lorg.apache.logging.log4j.Marker;
1383:             2             96  [Lorg.apache.logging.log4j.spi.StandardLevel;
1384:             2             96  [Lorg.springframework.boot.logging.LogLevel;
1385:             1             96  [Lorg.zeroturnaround.javarebel.reporting.MessageType;
1386:             3             96  [Lsun.nio.fs.NativeBuffer;
1387:             1             96  [[J
1388:             4             96  ch.qos.logback.core.pattern.parser.Token
1389:             4             96  ch.qos.logback.core.subst.Token
1390:             1             96  com.alibaba.fastjson.serializer.ASMSerializer_4_CompilationDO
1391:             4             96  com.fasterxml.jackson.annotation.JsonCreator$Mode
1392:             4             96  com.fasterxml.jackson.annotation.JsonProperty$Access
1393:             4             96  com.fasterxml.jackson.core.JsonFactory$Feature
1394:             6             96  com.fasterxml.jackson.databind.deser.BeanDeserializerFactory
1395:             6             96  com.fasterxml.jackson.databind.introspect.AnnotatedMethodMap
1396:             6             96  com.fasterxml.jackson.databind.ser.BeanSerializerFactory
1397:             4             96  com.fasterxml.jackson.databind.ser.impl.PropertySerializerMap$Single
1398:             6             96  com.fasterxml.jackson.databind.type.TypeParser
1399:             1             96  com.sun.crypto.provider.SunJCE
1400:             3             96  com.sun.jmx.mbeanserver.DefaultMXBeanMappingFactory$EnumMapping
1401:             2             96  com.sun.jmx.mbeanserver.MBeanIntrospector$MBeanInfoMap
1402:             2             96  com.sun.jmx.mbeanserver.MBeanIntrospector$PerInterfaceMap
1403:             1             96  com.sun.net.ssl.internal.ssl.Provider
1404:             3             96  com.sun.org.apache.xalan.internal.utils.XMLSecurityManager$NameMap
1405:             2             96  com.sun.org.apache.xerces.internal.impl.XMLDocumentFragmentScannerImpl$ElementStack
1406:             1             96  com.sun.org.apache.xerces.internal.impl.dtd.XMLDTDProcessor
1407:             3             96  com.sun.org.apache.xerces.internal.utils.XMLSecurityManager$NameMap
1408:             6             96  com.sun.proxy.$Proxy33
1409:             6             96  com.sun.proxy.$Proxy67
1410:             1             96  com.sun.security.sasl.Provider
1411:             4             96  com.zeroturnaround.javarebel.adz
1412:             3             96  com.zeroturnaround.javarebel.ae
1413:             2             96  com.zeroturnaround.javarebel.agg
1414:             4             96  com.zeroturnaround.javarebel.av
1415:             6             96  com.zeroturnaround.javarebel.btf
1416:             3             96  com.zeroturnaround.javarebel.bxa
1417:             2             96  com.zeroturnaround.javarebel.cdh
1418:             3             96  com.zeroturnaround.javarebel.cdp
1419:             3             96  com.zeroturnaround.javarebel.cef
1420:             3             96  com.zeroturnaround.javarebel.ceh
1421:             4             96  com.zeroturnaround.javarebel.chu
1422:             4             96  com.zeroturnaround.javarebel.cio
1423:             6             96  com.zeroturnaround.javarebel.clm
1424:             4             96  com.zeroturnaround.javarebel.clx
1425:             3             96  com.zeroturnaround.javarebel.f
1426:             4             96  com.zeroturnaround.javarebel.goz
1427:             6             96  com.zeroturnaround.javarebel.gxc
1428:             6             96  com.zeroturnaround.javarebel.gxp
1429:             3             96  com.zeroturnaround.javarebel.k
1430:             2             96  com.zeroturnaround.javarebel.wf
1431:             3             96  com.zeroturnaround.jrebel.bundled.org.apache.http.impl.execchain.g
1432:             1             96  com.zeroturnaround.jrebel.bundled.org.bouncycastle.jce.provider.BouncyCastleProvider
1433:             4             96  java.lang.Double
1434:             3             96  java.lang.Exception
1435:             4             96  java.lang.reflect.Proxy$KeyX
1436:             4             96  java.security.AllPermissionCollection
1437:             4             96  java.text.Normalizer$Form
1438:             4             96  java.time.format.DateTimeFormatterBuilder$OffsetIdPrinterParser
1439:             4             96  java.time.format.DateTimeFormatterBuilder$SettingsParser
1440:             4             96  java.time.format.FormatStyle
1441:             6             96  java.util.EnumMap$EntrySet
1442:             2             96  java.util.WeakHashMap$KeyIterator
1443:             3             96  java.util.concurrent.ScheduledThreadPoolExecutor$DelayedWorkQueue
1444:             3             96  java.util.concurrent.Semaphore$NonfairSync
1445:             3             96  java.util.concurrent.SynchronousQueue
1446:             3             96  java.util.concurrent.atomic.AtomicReferenceFieldUpdater$AtomicReferenceFieldUpdaterImpl
1447:             4             96  java.util.stream.StreamShape
1448:             4             96  javax.management.NotificationBroadcasterSupport
1449:             2             96  javax.management.openmbean.TabularType
1450:             2             96  org.apache.catalina.mbeans.NamingResourcesMBean
1451:             4             96  org.apache.commons.logging.LogAdapter$LogApi
1452:             3             96  org.apache.tomcat.util.buf.UDecoder$DecodeException
1453:             2             96  org.apache.tomcat.util.buf.Utf8Encoder
1454:             3             96  org.apache.tomcat.util.collections.SynchronizedQueue
1455:             4             96  org.apache.tomcat.util.digester.ArrayStack
1456:             3             96  org.apache.tomcat.util.http.ConcurrentDateFormat
1457:             4             96  org.apache.tomcat.util.log.UserDataHelper$Config
1458:             4             96  org.apache.tomcat.util.net.AbstractEndpoint$BindState
1459:             4             96  org.apache.tomcat.util.net.Acceptor$AcceptorState
1460:             2             96  org.apache.tomcat.util.net.NioEndpoint$Poller
1461:             1             96  org.apache.tomcat.util.threads.ThreadPoolExecutor
1462:             1             96  org.apache.tomcat.websocket.server.WsServerContainer
1463:             4             96  org.hibernate.validator.resourceloading.PlatformResourceBundleLocator
1464:             1             96  org.jcp.xml.dsig.internal.dom.XMLDSigRI
1465:             4             96  org.springframework.beans.TypeConverterDelegate
1466:             4             96  org.springframework.boot.autoconfigure.jmx.JmxAutoConfiguration$$EnhancerBySpringCGLIB$$a39d2c5a$$FastClassBySpringCGLIB$$8fac147c
1467:             4             96  org.springframework.boot.autoconfigure.jmx.JmxAutoConfiguration$$FastClassBySpringCGLIB$$e2017fd7
1468:             1             96  org.springframework.boot.autoconfigure.web.ServerProperties$Tomcat
1469:             4             96  org.springframework.boot.context.properties.source.DefaultPropertyMapper$LastMapping
1470:             4             96  org.springframework.boot.devtools.filewatch.FolderSnapshot
1471:             4             96  org.springframework.context.annotation.ScopedProxyMode
1472:             1             96  org.springframework.context.support.PropertySourcesPlaceholderConfigurer
1473:             4             96  org.springframework.core.Constants
1474:             4             96  org.springframework.core.convert.support.ArrayToArrayConverter
1475:             2             96  org.springframework.core.task.SimpleAsyncTaskExecutor
1476:             3             96  org.springframework.expression.spel.SpelParserConfiguration
1477:             6             96  org.springframework.format.datetime.DateFormatterRegistrar$CalendarToDateConverter
1478:             6             96  org.springframework.format.datetime.DateFormatterRegistrar$CalendarToLongConverter
1479:             6             96  org.springframework.format.datetime.DateFormatterRegistrar$DateToCalendarConverter
1480:             6             96  org.springframework.format.datetime.DateFormatterRegistrar$DateToLongConverter
1481:             6             96  org.springframework.format.datetime.DateFormatterRegistrar$LongToCalendarConverter
1482:             6             96  org.springframework.format.datetime.DateFormatterRegistrar$LongToDateConverter
1483:             4             96  org.springframework.http.converter.ResourceRegionHttpMessageConverter
1484:             3             96  org.springframework.http.converter.xml.SourceHttpMessageConverter
1485:             1             96  org.springframework.messaging.simp.broker.SimpleBrokerMessageHandler
1486:             4             96  org.springframework.util.ConcurrentReferenceHashMap$TaskOption
1487:             6             96  org.springframework.web.cors.DefaultCorsProcessor
1488:             4             96  org.springframework.web.method.annotation.ModelAttributeMethodProcessor
1489:             4             96  org.springframework.web.method.support.HandlerMethodArgumentResolverComposite
1490:             3             96  org.springframework.web.servlet.resource.PathResourceResolver
1491:             2             96  org.springframework.web.socket.server.standard.ServerEndpointRegistration
1492:             1             96  org.springframework.web.socket.server.support.WebSocketHandlerMapping
1493:             4             96  org.springframework.web.socket.sockjs.frame.SockJsFrame
1494:             4             96  org.springframework.web.socket.sockjs.frame.SockJsFrameType
1495:             1             96  org.springframework.web.socket.sockjs.transport.handler.DefaultSockJsService
1496:             6             96  org.zeroturnaround.bundled.javassist.bytecode.ConstInfoPadding
1497:             4             96  org.zeroturnaround.bundled.javassist.bytecode.DeprecatedAttribute
1498:             4             96  org.zeroturnaround.javarebel.integration.generic.DependencyClassEventListener
1499:             4             96  org.zeroturnaround.javarebel.integration.util.ReRunThrottler
1500:             4             96  org.zeroturnaround.javarebel.service.ServiceRequestPriority
1501:             2             96  sun.management.GarbageCollectorImpl
1502:             4             96  sun.misc.JarIndex
1503:             1             96  sun.misc.Launcher$AppClassLoader
1504:             3             96  sun.net.spi.DefaultProxySelector$NonProxyInfo
1505:             3             96  sun.nio.ch.AllocatedNativeObject
1506:             6             96  sun.nio.ch.FileDispatcherImpl
1507:             3             96  sun.nio.ch.PollArrayWrapper
1508:             1             96  sun.nio.ch.ServerSocketChannelImpl
1509:             3             96  sun.nio.ch.WindowsSelectorImpl$SubSelector
1510:             3             96  sun.nio.fs.NativeBuffer
1511:             4             96  sun.rmi.transport.ObjectEndpoint
1512:             3             96  sun.rmi.transport.tcp.TCPTransport
1513:             3             96  sun.rmi.transport.tcp.TCPTransport$AcceptLoop
1514:             1             96  sun.security.ec.SunEC
1515:             1             96  sun.security.jca.ProviderList$1
1516:             1             96  sun.security.mscapi.SunMSCAPI
1517:             1             96  sun.security.rsa.SunRsaSign
1518:             1             96  sun.security.smartcardio.SunPCSC
1519:             3             96  sun.security.ssl.X509TrustManagerImpl
1520:             3             96  sun.security.x509.ExtendedKeyUsageExtension
1521:             3             96  sun.security.x509.SubjectAlternativeNameExtension
1522:             1             88  [Ljava.lang.ConditionalSpecialCasing$Entry;
1523:             2             88  [Ljava.nio.file.attribute.PosixFilePermission;
1524:             1             88  [Lorg.springframework.boot.ansi.AnsiColor;
1525:             1             88  [Lorg.zeroturnaround.jrebel.stats.id.container.ServerType;
1526:             1             88  [Lsun.security.util.ObjectIdentifier;
1527:             1             88  [[Ljava.lang.Byte;
1528:             1             88  org.apache.catalina.webresources.StandardRoot
1529:             1             88  org.hibernate.validator.internal.engine.ConfigurationImpl
1530:             1             88  org.springframework.aop.framework.autoproxy.InfrastructureAdvisorAutoProxyCreator
1531:             1             88  org.springframework.beans.JrBeanFactoryData
1532:             1             88  org.springframework.boot.autoconfigure.web.servlet.WebMvcAutoConfiguration$EnableWebMvcConfiguration$$EnhancerBySpringCGLIB$$8f1f0dbe
1533:             1             88  org.springframework.boot.autoconfigure.web.servlet.WelcomePageHandlerMapping
1534:             1             88  org.springframework.jmx.export.annotation.AnnotationMBeanExporter
1535:             1             88  org.springframework.web.servlet.handler.BeanNameUrlHandlerMapping
1536:             1             88  sun.misc.Launcher$ExtClassLoader
1537:             1             88  sun.nio.cs.CharsetMapping
1538:             3             80  [Ljava.security.cert.X509Certificate;
1539:             2             80  [Ljava.util.stream.StreamOpFlag$Type;
1540:             2             80  [Ljavax.servlet.DispatcherType;
1541:             2             80  [Ljavax.validation.executable.ExecutableType;
1542:             1             80  [Ljavax.websocket.CloseReason$CloseCodes;
1543:             2             80  [Lorg.springframework.context.annotation.FilterType;
1544:             4             80  [Lorg.springframework.core.annotation.AnnotationAttributes;
1545:             2             80  [Lorg.springframework.http.HttpStatus$Series;
1546:             2             80  [Lorg.springframework.web.socket.sockjs.transport.TransportType;
1547:             1             80  [Lorg.zeroturnaround.javarebel.ResourceSource;
1548:             1             80  [Lsun.security.ssl.CipherSuite$KeyExchange;
1549:             2             80  [[S
1550:             5             80  com.fasterxml.jackson.databind.introspect.BasicClassIntrospector
1551:             5             80  com.fasterxml.jackson.databind.jsontype.impl.StdSubtypeResolver
1552:             5             80  com.fasterxml.jackson.databind.module.SimpleKeyDeserializers
1553:             5             80  com.fasterxml.jackson.databind.util.RootNameLookup
1554:             5             80  com.fasterxml.jackson.datatype.jdk8.Jdk8Deserializers
1555:             5             80  com.fasterxml.jackson.datatype.jdk8.Jdk8Serializers
1556:             5             80  com.fasterxml.jackson.datatype.jdk8.Jdk8TypeModifier
1557:             5             80  com.fasterxml.jackson.datatype.jsr310.JavaTimeModule$1
1558:             2             80  com.sun.jmx.mbeanserver.DefaultMXBeanMappingFactory$TabularMapping
1559:             2             80  com.sun.org.apache.xerces.internal.impl.XMLDocumentFragmentScannerImpl$ElementStack2
1560:             2             80  com.sun.org.apache.xerces.internal.impl.dtd.XMLDTDDescription
1561:             2             80  com.sun.org.apache.xerces.internal.impl.validation.ValidationState
1562:             5             80  com.zeroturnaround.javarebel.aeb
1563:             2             80  com.zeroturnaround.javarebel.bzf
1564:             2             80  com.zeroturnaround.javarebel.chy
1565:             2             80  com.zeroturnaround.javarebel.hah
1566:             1             80  com.zeroturnaround.javarebel.la
1567:             2             80  com.zeroturnaround.javarebel.oa
1568:             2             80  java.io.ExpiringCache
1569:             5             80  java.util.Collections$SingletonSet
1570:             2             80  java.util.Collections$SynchronizedSortedMap
1571:             2             80  java.util.HashMap$ValueIterator
1572:             5             80  java.util.Hashtable$EntrySet
1573:             2             80  java.util.Locale$Category
1574:             5             80  java.util.concurrent.ThreadPoolExecutor$AbortPolicy
1575:             5             80  java.util.concurrent.atomic.AtomicMarkableReference
1576:             5             80  javax.security.auth.x500.X500Principal
1577:             1             80  org.apache.catalina.core.StandardService
1578:             1             80  org.apache.catalina.servlets.DefaultServlet
1579:             1             80  org.apache.catalina.startup.Tomcat$SimpleRealm
1580:             1             80  org.apache.coyote.RequestGroupInfo
1581:             5             80  org.apache.tomcat.util.net.NioBlockingSelector$KeyReference
1582:             1             80  org.apache.tomcat.websocket.server.WsHttpUpgradeHandler
1583:             2             80  org.hibernate.validator.internal.metadata.core.AnnotationProcessingOptionsImpl
1584:             1             80  org.springframework.beans.BeanWrapperImpl
1585:             2             80  org.springframework.beans.propertyeditors.CustomBooleanEditor
1586:             1             80  org.springframework.boot.SpringApplication
1587:             1             80  org.springframework.context.annotation.ClassPathBeanDefinitionScanner
1588:             1             80  org.springframework.context.annotation.ConfigurationClassPostProcessor
1589:             2             80  org.springframework.context.event.SimpleApplicationEventMulticaster
1590:             5             80  org.springframework.core.$Proxy55
1591:             2             80  org.springframework.core.io.support.ResourceArrayPropertyEditor
1592:             2             80  org.springframework.expression.spel.support.ReflectivePropertyAccessor
1593:             2             80  org.springframework.messaging.simp.annotation.support.SendToMethodReturnValueHandler
1594:             1             80  org.springframework.scheduling.concurrent.ThreadPoolTaskScheduler
1595:             5             80  org.springframework.web.accept.HeaderContentNegotiationStrategy
1596:             2             80  org.springframework.web.context.request.ServletRequestAttributes
1597:             1             80  org.springframework.web.method.HandlerMethod$ReturnValueMethodParameter
1598:             1             80  org.springframework.web.servlet.mvc.method.annotation.ExceptionHandlerExceptionResolver
1599:             1             80  org.springframework.web.socket.messaging.SubProtocolWebSocketHandler
1600:             5             80  org.zeroturnaround.javarebel.IDENotifications$IDENotificationLevel
1601:             5             80  org.zeroturnaround.jrebel.apache.commons.compress.archivers.zip.ZipShort
1602:             2             80  org.zeroturnaround.jrebel.intellij.OutputReader
1603:             2             80  sun.management.MemoryManagerImpl
1604:             1             80  sun.reflect.misc.MethodUtil
1605:             5             80  sun.security.util.DisabledAlgorithmConstraints$Constraints
1606:             2             80  sun.util.locale.InternalLocaleBuilder
1607:             2             80  sun.util.locale.LanguageTag
1608:             2             80  sun.util.locale.StringTokenIterator
1609:             1             72  [Lcom.fasterxml.jackson.core.JsonToken;
1610:             1             72  [Ljava.lang.invoke.LambdaFormEditor$Transform$Kind;
1611:             1             72  [Ljavax.management.openmbean.SimpleType;
1612:             3             72  [Ljavax.validation.constraintvalidation.ValidationTarget;
1613:             1             72  [Lorg.apache.coyote.AsyncStateMachine$AsyncState;
1614:             2             72  [Lsun.security.jca.ProviderConfig;
1615:             3             72  [Lsun.security.ssl.EphemeralKeyManager$EphemeralKeyPair;
1616:             1             72  ch.qos.logback.core.ConsoleAppender
1617:             3             72  ch.qos.logback.core.pattern.FormatInfo
1618:             3             72  ch.qos.logback.core.spi.FilterReply
1619:             3             72  ch.qos.logback.core.subst.Tokenizer$TokenizerState
1620:             1             72  com.alibaba.fastjson.serializer.ASMSerializer_1_Log
1621:             1             72  com.fasterxml.jackson.core.util.InternCache
1622:             3             72  com.fasterxml.jackson.databind.ser.std.NumberSerializer
1623:             3             72  com.fasterxml.jackson.databind.util.AccessPattern
1624:             3             72  com.fasterxml.jackson.datatype.jsr310.deser.JSR310StringParsableDeserializer
1625:             1             72  com.fasterxml.jackson.module.paramnames.ParameterNamesModule
1626:             3             72  com.sysmin.controller.jvm.JvmHandlerController$$Lambda$474/1145068602
1627:             3             72  com.sysmin.controller.jvm.JvmHandlerController$$Lambda$475/712453684
1628:             3             72  com.sysmin.controller.jvm.JvmHandlerController$$Lambda$476/1652708270
1629:             3             72  com.sysmin.controller.jvm.JvmHandlerController$$Lambda$477/974753881
1630:             3             72  com.sysmin.controller.jvm.JvmHandlerController$$Lambda$478/1444247956
1631:             3             72  com.sysmin.core.log.LogType
1632:             1             72  com.zeroturnaround.javarebel.aat
1633:             1             72  com.zeroturnaround.javarebel.bia
1634:             1             72  com.zeroturnaround.javarebel.bib
1635:             1             72  com.zeroturnaround.javarebel.bic
1636:             1             72  com.zeroturnaround.javarebel.bid
1637:             1             72  com.zeroturnaround.javarebel.bie
1638:             1             72  com.zeroturnaround.javarebel.bif
1639:             1             72  com.zeroturnaround.javarebel.big
1640:             3             72  com.zeroturnaround.javarebel.bov
1641:             3             72  com.zeroturnaround.javarebel.bxd
1642:             3             72  com.zeroturnaround.javarebel.cei
1643:             3             72  com.zeroturnaround.javarebel.cfs
1644:             3             72  com.zeroturnaround.javarebel.cfw
1645:             3             72  com.zeroturnaround.javarebel.cgm
1646:             3             72  com.zeroturnaround.javarebel.d
1647:             3             72  com.zeroturnaround.javarebel.e
1648:             3             72  com.zeroturnaround.javarebel.g
1649:             3             72  com.zeroturnaround.javarebel.gdu
1650:             3             72  com.zeroturnaround.javarebel.gdv
1651:             3             72  com.zeroturnaround.javarebel.gdw
1652:             3             72  com.zeroturnaround.javarebel.gfi
1653:             1             72  com.zeroturnaround.javarebel.gg
1654:             3             72  com.zeroturnaround.javarebel.gsa
1655:             3             72  com.zeroturnaround.javarebel.kz
1656:             3             72  com.zeroturnaround.javarebel.o
1657:             3             72  com.zeroturnaround.javarebel.zr
1658:             3             72  com.zeroturnaround.jrebel.bundled.org.apache.http.impl.execchain.f
1659:             3             72  com.zeroturnaround.jrebel.bundled.org.apache.http.impl.execchain.k
1660:             3             72  com.zeroturnaround.reload.n
1661:             3             72  java.lang.annotation.RetentionPolicy
1662:             3             72  java.lang.invoke.MethodHandles$Lookup
1663:             3             72  java.net.Proxy$Type
1664:             3             72  java.net.ServerSocket
1665:             3             72  java.security.CodeSigner
1666:             3             72  java.time.LocalDate
1667:             3             72  java.time.ZoneOffset
1668:             3             72  java.time.format.ResolverStyle
1669:             3             72  java.util.Base64$Encoder
1670:             3             72  java.util.Currency
1671:             1             72  java.util.ResourceBundle$RBClassLoader
1672:             1             72  java.util.logging.LogManager$RootLogger
1673:             3             72  java.util.stream.Collector$Characteristics
1674:             3             72  java.util.stream.MatchOps$MatchKind
1675:             3             72  javax.crypto.CryptoPermissions
1676:             3             72  javax.servlet.SessionTrackingMode
1677:             3             72  org.apache.coyote.http11.Http11InputBuffer$HeaderParseStatus
1678:             3             72  org.apache.tomcat.util.http.parser.SkipResult
1679:             3             72  org.apache.tomcat.util.log.UserDataHelper$Mode
1680:             3             72  org.apache.tomcat.util.net.NioEndpoint$PollerEvent
1681:             3             72  org.apache.tomcat.util.net.SendfileState
1682:             3             72  org.apache.tomcat.websocket.MessageHandlerResultType
1683:             3             72  org.apache.tomcat.websocket.TransformationResult
1684:             3             72  org.apache.tomcat.websocket.WsExtension
1685:             3             72  org.apache.tomcat.websocket.WsFrameBase$State
1686:             3             72  org.apache.tomcat.websocket.WsSession$State
1687:             3             72  org.hibernate.validator.internal.metadata.raw.ConfigurationSource
1688:             3             72  org.hibernate.validator.internal.util.ConcurrentReferenceHashMap$ReferenceType
1689:             3             72  org.springframework.beans.AbstractNestablePropertyAccessor$PropertyTokenHolder
1690:             3             72  org.springframework.beans.factory.annotation.Autowire
1691:             3             72  org.springframework.beans.factory.config.EmbeddedValueResolver
1692:             3             72  org.springframework.boot.Banner$Mode
1693:             3             72  org.springframework.boot.WebApplicationType
1694:             3             72  org.springframework.boot.ansi.AnsiOutput$Enabled
1695:             3             72  org.springframework.boot.autoconfigure.condition.ConditionalOnWebApplication$Type
1696:             3             72  org.springframework.boot.autoconfigure.condition.SearchStrategy
1697:             3             72  org.springframework.boot.autoconfigure.web.ErrorProperties$IncludeStacktrace
1698:             1             72  org.springframework.boot.autoconfigure.web.ServerProperties
1699:             3             72  org.springframework.boot.autoconfigure.web.servlet.WebMvcAutoConfiguration$WebMvcAutoConfigurationAdapter$$EnhancerBySpringCGLIB$$3122d8a3$$FastClassBySpringCGLIB$$3f01059d
1700:             3             72  org.springframework.boot.autoconfigure.web.servlet.WebMvcAutoConfiguration$WebMvcAutoConfigurationAdapter$$FastClassBySpringCGLIB$$99958c00
1701:             3             72  org.springframework.boot.autoconfigure.web.servlet.error.ErrorMvcAutoConfiguration$$EnhancerBySpringCGLIB$$4fddc2c3$$FastClassBySpringCGLIB$$73cc506a
1702:             3             72  org.springframework.boot.autoconfigure.web.servlet.error.ErrorMvcAutoConfiguration$$FastClassBySpringCGLIB$$75715220
1703:             3             72  org.springframework.boot.context.properties.source.ConfigurationPropertyName$Form
1704:             3             72  org.springframework.boot.context.properties.source.ConfigurationPropertyState
1705:             3             72  org.springframework.boot.devtools.autoconfigure.LocalDevToolsAutoConfiguration$LiveReloadConfiguration$$EnhancerBySpringCGLIB$$ef1aa9b0$$FastClassBySpringCGLIB$$2cf51a3
1706:             3             72  org.springframework.boot.devtools.autoconfigure.LocalDevToolsAutoConfiguration$LiveReloadConfiguration$$FastClassBySpringCGLIB$$605e686d
1707:             3             72  org.springframework.boot.devtools.filewatch.ChangedFile$Type
1708:             1             72  org.springframework.boot.devtools.restart.Restarter
1709:             1             72  org.springframework.boot.jackson.JsonComponentModule
1710:             3             72  org.springframework.boot.jdbc.DataSourceInitializationMode
1711:             3             72  org.springframework.context.annotation.AnnotationScopeMetadataResolver
1712:             3             72  org.springframework.core.ResolvableType$SyntheticParameterizedType
1713:             3             72  org.springframework.core.ResolvableType$TypeVariablesVariableResolver
1714:             3             72  org.springframework.core.env.PropertySource$StubPropertySource
1715:             3             72  org.springframework.core.type.classreading.CachingMetadataReaderFactory
1716:             3             72  org.springframework.expression.TypedValue
1717:             3             72  org.springframework.expression.spel.SpelCompilerMode
1718:             3             72  org.springframework.format.datetime.standard.DateTimeFormatterRegistrar$Type
1719:             3             72  org.springframework.http.converter.ByteArrayHttpMessageConverter
1720:             3             72  org.springframework.jdbc.datasource.embedded.EmbeddedDatabaseType
1721:             3             72  org.springframework.jmx.support.RegistrationPolicy
1722:             3             72  org.springframework.messaging.simp.config.ChannelRegistration
1723:             3             72  org.springframework.scheduling.support.DelegatingErrorHandlingRunnable
1724:             3             72  org.springframework.transaction.annotation.ProxyTransactionManagementConfiguration$$EnhancerBySpringCGLIB$$2431bd3e$$FastClassBySpringCGLIB$$83fee9d2
1725:             3             72  org.springframework.transaction.annotation.ProxyTransactionManagementConfiguration$$FastClassBySpringCGLIB$$1e4b583b
1726:             1             72  org.springframework.web.context.request.async.StandardServletAsyncWebRequest
1727:             3             72  org.springframework.web.servlet.mvc.method.annotation.RequestAttributeMethodArgumentResolver
1728:             3             72  org.springframework.web.servlet.mvc.method.annotation.SessionAttributeMethodArgumentResolver
1729:             3             72  org.springframework.web.servlet.resource.DefaultResourceTransformerChain
1730:             3             72  org.springframework.web.socket.config.annotation.WebSocketMessageBrokerConfigurationSupport$$FastClassBySpringCGLIB$$c80633df
1731:             3             72  org.springframework.web.socket.sockjs.transport.session.AbstractSockJsSession$State
1732:             3             72  org.springframework.web.util.HierarchicalUriComponents$EncodeState
1733:             3             72  org.zeroturnaround.javarebel.integration.monitor.FileMonitorAdapter$DirtyListener
1734:             1             72  org.zeroturnaround.javarebel.integration.spring.boot.ResourceReloadingProperties
1735:             3             72  org.zeroturnaround.javarebel.integration.util.WeakUtil$WeakRequestListener
1736:             1             72  org.zeroturnaround.javarebel.reporting.MixpanelMetrics
1737:             3             72  org.zeroturnaround.javarebel.reporting.MixpanelMetrics$12
1738:             1             72  org.zeroturnaround.javarebel.spring.SpringMetrics
1739:             3             72  org.zeroturnaround.jrebel.apache.commons.compress.archivers.zip.ZipLong
1740:             3             72  org.zeroturnaround.jrebel.apache.commons.io.IOCase
1741:             1             72  org.zeroturnaround.jrebel.intellij.FileWatcher
1742:             3             72  sun.misc.FloatingDecimal$ExceptionalBinaryToASCIIBuffer
1743:             3             72  sun.misc.ObjectInputFilter$Status
1744:             3             72  sun.nio.ch.PipeImpl
1745:             3             72  sun.nio.ch.SharedFileLockTable
1746:             3             72  sun.nio.ch.WindowsSelectorImpl$FinishLock
1747:             3             72  sun.nio.ch.WindowsSelectorImpl$StartLock
1748:             3             72  sun.nio.fs.NativeBuffer$Deallocator
1749:             3             72  sun.security.provider.DSAParameters
1750:             3             72  sun.security.provider.PolicyFile$PolicyEntry
1751:             3             72  sun.security.provider.certpath.X509CertPath
1752:             3             72  sun.security.ssl.CipherSuite$CipherType
1753:             3             72  sun.security.ssl.CipherSuiteList
1754:             1             72  sun.util.locale.provider.JRELocaleProviderAdapter
1755:             2             64  [Lcom.fasterxml.jackson.annotation.JsonCreator$Mode;
1756:             2             64  [Lcom.sun.org.apache.xerces.internal.impl.XMLEntityManager$CharacterBuffer;
1757:             2             64  [Lcom.sun.org.apache.xerces.internal.utils.XMLSecurityPropertyManager$State;
1758:             2             64  [Lcom.zeroturnaround.javarebel.ae;
1759:             1             64  [Lcom.zeroturnaround.javarebel.bga;
1760:             2             64  [Ljava.lang.annotation.RetentionPolicy;
1761:             2             64  [Ljava.lang.invoke.LambdaFormEditor$Transform;
1762:             2             64  [Ljava.util.stream.Collector$Characteristics;
1763:             2             64  [Ljavax.servlet.SessionTrackingMode;
1764:             1             64  [Lorg.apache.catalina.LifecycleState;
1765:             3             64  [Lorg.apache.catalina.connector.Connector;
1766:             2             64  [Lorg.springframework.beans.factory.annotation.Autowire;
1767:             2             64  [Lorg.springframework.boot.ansi.AnsiOutput$Enabled;
1768:             2             64  [Lorg.springframework.boot.autoconfigure.condition.ConditionalOnWebApplication$Type;
1769:             2             64  [Lorg.springframework.boot.autoconfigure.condition.SearchStrategy;
1770:             2             64  [Lorg.springframework.boot.autoconfigure.web.ErrorProperties$IncludeStacktrace;
1771:             2             64  [Lorg.springframework.context.annotation.ScopedProxyMode;
1772:             2             64  [Lorg.springframework.format.datetime.standard.DateTimeFormatterRegistrar$Type;
1773:             2             64  [Lorg.springframework.util.ConcurrentReferenceHashMap$TaskOption;
1774:             3             64  [Lorg.springframework.web.servlet.HandlerInterceptor;
1775:             1             64  [Lorg.zeroturnaround.javarebel.reporting.stats.repository.DailyFieldId;
1776:             1             64  [Lsun.reflect.annotation.TypeAnnotation$TypeAnnotationTarget;
1777:             1             64  ch.qos.logback.classic.PatternLayout
1778:             2             64  ch.qos.logback.core.joran.spi.ConsoleTarget
1779:             2             64  ch.qos.logback.core.util.COWArrayList
1780:             2             64  ch.qos.logback.core.util.CachingDateFormatter
1781:             1             64  com.fasterxml.classmate.util.LRUTypeCache$CacheMap
1782:             2             64  com.fasterxml.jackson.databind.deser.std.StringArrayDeserializer
1783:             2             64  com.fasterxml.jackson.databind.ser.std.NumberSerializers$DoubleSerializer
1784:             2             64  com.fasterxml.jackson.databind.ser.std.NumberSerializers$IntegerSerializer
1785:             2             64  com.fasterxml.jackson.databind.ser.std.NumberSerializers$LongSerializer
1786:             2             64  com.sun.crypto.provider.AESCrypt
1787:             2             64  com.sun.jmx.mbeanserver.DefaultMXBeanMappingFactory$CollectionMapping
1788:             2             64  com.sun.org.apache.xalan.internal.utils.XMLSecurityPropertyManager$Property
1789:             1             64  com.sun.org.apache.xerces.internal.impl.XMLEntityScanner
1790:             2             64  com.sun.org.apache.xerces.internal.impl.dtd.XMLElementDecl
1791:             2             64  com.sun.org.apache.xerces.internal.utils.XMLSecurityPropertyManager$Property
1792:             4             64  com.sun.proxy.$Proxy10
1793:             4             64  com.sun.proxy.$Proxy2
1794:             4             64  com.sun.proxy.$Proxy22
1795:             4             64  com.sun.proxy.$Proxy30
1796:             4             64  com.sun.proxy.$Proxy41
1797:             4             64  com.sun.proxy.$Proxy56
1798:             2             64  com.sysmin.core.jvm.enums.JpsType
1799:             4             64  com.zeroturnaround.javarebel.aea
1800:             4             64  com.zeroturnaround.javarebel.ay
1801:             2             64  com.zeroturnaround.javarebel.bpx
1802:             4             64  com.zeroturnaround.javarebel.r
1803:             2             64  com.zeroturnaround.javarebel.uo
1804:             2             64  com.zeroturnaround.javarebel.wi
1805:             2             64  com.zeroturnaround.jrebelbase.e
1806:             2             64  com.zeroturnaround.jrebelbase.facade.av
1807:             2             64  java.io.DataOutputStream
1808:             2             64  java.io.PrintStream
1809:             1             64  java.lang.ClassValue$ClassValueMap
1810:             2             64  java.lang.VirtualMachineError
1811:             4             64  java.lang.invoke.$Proxy73
1812:             2             64  java.lang.ref.ReferenceQueue$Null
1813:             4             64  java.time.format.DateTimeTextProvider
1814:             2             64  java.time.temporal.IsoFields$Unit
1815:             4             64  java.util.Collections$UnmodifiableCollection
1816:             4             64  java.util.Hashtable$KeySet
1817:             2             64  java.util.LinkedList$ListItr
1818:             4             64  java.util.Optional
1819:             4             64  java.util.concurrent.CountDownLatch
1820:             2             64  javax.management.remote.JMXServiceURL
1821:             1             64  org.apache.catalina.core.ApplicationContext
1822:             1             64  org.apache.catalina.loader.WebappLoader
1823:             1             64  org.apache.catalina.mapper.Mapper$ContextVersion
1824:             1             64  org.apache.catalina.valves.ErrorReportValve
1825:             1             64  org.apache.catalina.webresources.DirResourceSet
1826:             2             64  org.apache.logging.log4j.util.PropertiesUtil$Environment
1827:             1             64  org.hibernate.validator.internal.engine.ValidatorFactoryImpl
1828:             1             64  org.springframework.aop.framework.ProxyFactory
1829:             4             64  org.springframework.beans.factory.support.NullBean
1830:             2             64  org.springframework.beans.propertyeditors.CharacterEditor
1831:             2             64  org.springframework.beans.propertyeditors.ClassArrayEditor
1832:             2             64  org.springframework.beans.propertyeditors.ClassEditor
1833:             2             64  org.springframework.beans.propertyeditors.FileEditor
1834:             2             64  org.springframework.beans.propertyeditors.InputSourceEditor
1835:             2             64  org.springframework.beans.propertyeditors.InputStreamEditor
1836:             2             64  org.springframework.beans.propertyeditors.PathEditor
1837:             2             64  org.springframework.beans.propertyeditors.ReaderEditor
1838:             2             64  org.springframework.beans.propertyeditors.URIEditor
1839:             2             64  org.springframework.beans.propertyeditors.URLEditor
1840:             1             64  org.springframework.boot.autoconfigure.jackson.JacksonProperties
1841:             1             64  org.springframework.boot.autoconfigure.template.TemplateAvailabilityProviders$1
1842:             1             64  org.springframework.boot.autoconfigure.web.servlet.WebMvcProperties
1843:             4             64  org.springframework.boot.convert.CollectionToDelimitedStringConverter
1844:             1             64  org.springframework.context.annotation.CommonAnnotationBeanPostProcessor
1845:             2             64  org.springframework.context.annotation.ConditionEvaluator$ConditionContextImpl
1846:             2             64  org.springframework.context.annotation.ConfigurationClassParser$ImportStack
1847:             4             64  org.springframework.core.convert.support.ArrayToCollectionConverter
1848:             4             64  org.springframework.core.convert.support.ArrayToObjectConverter
1849:             4             64  org.springframework.core.convert.support.ArrayToStringConverter
1850:             4             64  org.springframework.core.convert.support.ByteBufferConverter
1851:             4             64  org.springframework.core.convert.support.CharacterToNumberFactory
1852:             4             64  org.springframework.core.convert.support.CollectionToCollectionConverter
1853:             4             64  org.springframework.core.convert.support.CollectionToObjectConverter
1854:             4             64  org.springframework.core.convert.support.EnumToIntegerConverter
1855:             4             64  org.springframework.core.convert.support.EnumToStringConverter
1856:             4             64  org.springframework.core.convert.support.FallbackObjectToStringConverter
1857:             4             64  org.springframework.core.convert.support.IdToEntityConverter
1858:             4             64  org.springframework.core.convert.support.IntegerToEnumConverterFactory
1859:             4             64  org.springframework.core.convert.support.MapToMapConverter
1860:             4             64  org.springframework.core.convert.support.NumberToCharacterConverter
1861:             4             64  org.springframework.core.convert.support.NumberToNumberConverterFactory
1862:             4             64  org.springframework.core.convert.support.ObjectToArrayConverter
1863:             4             64  org.springframework.core.convert.support.ObjectToCollectionConverter
1864:             4             64  org.springframework.core.convert.support.ObjectToObjectConverter
1865:             4             64  org.springframework.core.convert.support.ObjectToOptionalConverter
1866:             4             64  org.springframework.core.convert.support.PropertiesToStringConverter
1867:             4             64  org.springframework.core.convert.support.StreamConverter
1868:             4             64  org.springframework.core.convert.support.StringToArrayConverter
1869:             4             64  org.springframework.core.convert.support.StringToBooleanConverter
1870:             4             64  org.springframework.core.convert.support.StringToCharacterConverter
1871:             4             64  org.springframework.core.convert.support.StringToCharsetConverter
1872:             4             64  org.springframework.core.convert.support.StringToCollectionConverter
1873:             4             64  org.springframework.core.convert.support.StringToCurrencyConverter
1874:             4             64  org.springframework.core.convert.support.StringToEnumConverterFactory
1875:             4             64  org.springframework.core.convert.support.StringToLocaleConverter
1876:             4             64  org.springframework.core.convert.support.StringToNumberConverterFactory
1877:             4             64  org.springframework.core.convert.support.StringToPropertiesConverter
1878:             4             64  org.springframework.core.convert.support.StringToTimeZoneConverter
1879:             4             64  org.springframework.core.convert.support.StringToUUIDConverter
1880:             4             64  org.springframework.core.convert.support.ZoneIdToTimeZoneConverter
1881:             4             64  org.springframework.core.convert.support.ZonedDateTimeToCalendarConverter
1882:             2             64  org.springframework.core.task.SimpleAsyncTaskExecutor$ConcurrencyThrottleAdapter
1883:             2             64  org.springframework.core.type.filter.AnnotationTypeFilter
1884:             2             64  org.springframework.http.converter.support.AllEncompassingFormHttpMessageConverter
1885:             1             64  org.springframework.jdbc.core.namedparam.NamedParameterJdbcTemplate$1
1886:             2             64  org.springframework.messaging.simp.broker.BrokerAvailabilityEvent
1887:             1             64  org.springframework.messaging.simp.broker.DefaultSubscriptionRegistry$DestinationCache$1
1888:             2             64  org.springframework.messaging.simp.config.TaskExecutorRegistration
1889:             1             64  org.springframework.messaging.simp.stomp.StompEncoder$1
1890:             1             64  org.springframework.validation.beanvalidation.MethodValidationPostProcessor
1891:             2             64  org.springframework.web.context.support.StandardServletEnvironment
1892:             4             64  org.springframework.web.method.annotation.ModelMethodProcessor
1893:             1             64  org.springframework.web.servlet.FlashMap
1894:             1             64  org.springframework.web.servlet.view.AbstractCachingViewResolver$2
1895:             2             64  org.springframework.web.socket.sockjs.transport.handler.SockJsWebSocketHandler
1896:             4             64  org.zeroturnaround.javarebel.integration.generic.MultiReloadCheckListener
1897:             2             64  org.zeroturnaround.javarebel.integration.util.ClassLoaderLocalUtil$DestructibleClassEventListenerAdapter
1898:             4             64  sun.net.www.protocol.jar.Handler
1899:             2             64  sun.reflect.UnsafeQualifiedBooleanFieldAccessorImpl
1900:             1             64  sun.security.provider.SHA2$SHA256
1901:             2             64  sun.security.x509.NetscapeCertTypeExtension
1902:             1             64  sun.util.locale.provider.RuleBasedBreakIterator
1903:             1             56  [Lcom.fasterxml.jackson.annotation.JsonFormat$Shape;
1904:             1             56  [Lcom.sun.org.apache.xalan.internal.utils.XMLSecurityManager$Limit;
1905:             1             56  [Lcom.sun.org.apache.xerces.internal.impl.XMLScanner$NameType;
1906:             1             56  [Lcom.sun.org.apache.xerces.internal.utils.XMLSecurityManager$Limit;
1907:             2             56  [Lcom.zeroturnaround.javarebel.cmy;
1908:             1             56  [Ljava.lang.Runnable;
1909:             1             56  [Ljava.text.Format;
1910:             1             56  [Lorg.apache.tomcat.websocket.WsRemoteEndpointImplBase$State;
1911:             3             56  [Lorg.springframework.context.annotation.ComponentScan$Filter;
1912:             1             56  [Lorg.springframework.messaging.simp.SimpMessageType;
1913:             2             56  [Lorg.springframework.util.MimeType;
1914:             1             56  [Lorg.zeroturnaround.bundled.javassist.CtClass;
1915:             1             56  [Lorg.zeroturnaround.javarebel.LicenceType;
1916:             1             56  [Lsun.util.logging.PlatformLogger$Level;
1917:             1             56  ch.qos.logback.classic.encoder.PatternLayoutEncoder
1918:             1             56  com.fasterxml.classmate.types.ResolvedObjectType
1919:             1             56  com.fasterxml.jackson.datatype.jsr310.ser.ZonedDateTimeSerializer
1920:             1             56  com.sun.org.apache.xerces.internal.jaxp.SAXParserImpl
1921:             1             56  com.zeroturnaround.javarebel.fxq
1922:             1             56  java.util.logging.LogManager
1923:             1             56  org.apache.catalina.core.StandardContextValve
1924:             1             56  org.apache.catalina.core.StandardEngineValve
1925:             1             56  org.apache.catalina.core.StandardHostValve
1926:             1             56  org.apache.catalina.util.StandardSessionIdGenerator
1927:             1             56  org.apache.catalina.webresources.Cache
1928:             1             56  org.apache.tomcat.util.net.NioSelectorPool
1929:             1             56  org.apache.tomcat.util.scan.StandardJarScanFilter
1930:             1             56  org.apache.tomcat.util.threads.TaskQueue
1931:             1             56  org.hibernate.validator.internal.metadata.BeanMetaDataManager
1932:             1             56  org.hibernate.validator.internal.xml.config.BootstrapConfigurationImpl
1933:             1             56  org.hibernate.validator.internal.xml.config.ValidationBootstrapParameters
1934:             1             56  org.springframework.asm.Label
1935:             1             56  org.springframework.beans.factory.annotation.AutowiredAnnotationBeanPostProcessor
1936:             1             56  org.springframework.boot.autoconfigure.web.ResourceProperties$Cache$Cachecontrol
1937:             1             56  org.springframework.boot.autoconfigure.web.servlet.DispatcherServletRegistrationBean
1938:             1             56  org.springframework.boot.autoconfigure.web.servlet.WebMvcAutoConfiguration$WebMvcAutoConfigurationAdapter$$EnhancerBySpringCGLIB$$3122d8a3
1939:             1             56  org.springframework.boot.devtools.filewatch.FileSystemWatcher
1940:             1             56  org.springframework.boot.web.client.RestTemplateBuilder
1941:             1             56  org.springframework.boot.web.embedded.tomcat.LazySessionIdGenerator
1942:             1             56  org.springframework.dao.annotation.PersistenceExceptionTranslationPostProcessor
1943:             1             56  org.springframework.http.CacheControl
1944:             1             56  org.springframework.messaging.simp.broker.SimpleBrokerMessageHandler$SessionInfo
1945:             1             56  org.springframework.messaging.simp.config.MessageBrokerRegistry
1946:             1             56  org.springframework.util.StopWatch
1947:             1             56  org.springframework.validation.beanvalidation.LocalValidatorFactoryBean
1948:             1             56  org.springframework.validation.support.BindingAwareModelMap
1949:             1             56  org.springframework.web.servlet.view.ContentNegotiatingViewResolver
1950:             1             56  org.springframework.web.socket.config.annotation.DelegatingWebSocketMessageBrokerConfiguration$$EnhancerBySpringCGLIB$$151c7e11
1951:             1             56  org.springframework.web.socket.handler.ConcurrentWebSocketSessionDecorator
1952:             1             56  org.springframework.web.socket.messaging.StompSubProtocolHandler
1953:             1             56  org.springframework.web.util.UriComponentsBuilder
1954:             1             56  org.zeroturnaround.javarebel.integration.monitor.FileMonitorAdapter
1955:             1             56  sun.rmi.runtime.Log$InternalStreamHandler
1956:             1             56  sun.security.provider.MD5
1957:             1             56  sun.security.ssl.InputRecord
1958:             3             48  [Lcom.fasterxml.classmate.ResolvedType;
1959:             1             48  [Lcom.fasterxml.jackson.annotation.JsonFormat$Feature;
1960:             1             48  [Lcom.fasterxml.jackson.annotation.JsonInclude$Include;
1961:             1             48  [Lcom.sun.beans.util.Cache$CacheEntry;
1962:             1             48  [Lcom.sun.management.VMOption$Origin;
1963:             1             48  [Lcom.zeroturnaround.javarebel.gdk;
1964:             1             48  [Ljava.beans.WeakIdentityMap$Entry;
1965:             3             48  [Ljava.lang.StackTraceElement;
1966:             3             48  [Ljava.lang.Throwable;
1967:             1             48  [Ljava.lang.invoke.MethodHandleImpl$Intrinsic;
1968:             1             48  [Ljava.math.RoundingMode;
1969:             1             48  [Ljava.util.concurrent.TimeUnit;
1970:             2             48  [Ljavax.annotation.Resource$AuthenticationType;
1971:             3             48  [Lorg.apache.catalina.mapper.Mapper$MappedWrapper;
1972:             1             48  [Lorg.apache.tomcat.util.http.parser.HttpParser$DomainParseState;
1973:             1             48  [Lorg.apache.tomcat.util.net.AbstractEndpoint$Handler$SocketState;
1974:             2             48  [Lorg.hibernate.validator.internal.util.ConcurrentReferenceHashMap$Option;
1975:             1             48  [Lorg.springframework.boot.convert.DurationStyle$Unit;
1976:             1             48  [Lorg.springframework.cglib.proxy.CallbackInfo;
1977:             2             48  [Lorg.springframework.context.annotation.AdviceMode;
1978:             1             48  [Lsun.management.counter.Units;
1979:             1             48  [Lsun.security.ssl.SignatureAndHashAlgorithm$HashAlgorithm;
1980:             1             48  [Lsun.security.x509.NetscapeCertTypeExtension$MapEntry;
1981:             1             48  [[Ljava.lang.Object;
1982:             1             48  ch.qos.logback.classic.pattern.DateConverter
1983:             3             48  ch.qos.logback.core.spi.LogbackLock
1984:             2             48  ch.qos.logback.core.subst.Node$Type
1985:             1             48  com.alibaba.fastjson.parser.ParserConfig
1986:             2             48  com.alibaba.fastjson.util.IdentityHashMap
1987:             2             48  com.fasterxml.jackson.databind.AnnotationIntrospector$ReferenceProperty$Type
1988:             1             48  com.fasterxml.jackson.databind.cfg.ConfigOverride$Empty
1989:             2             48  com.fasterxml.jackson.databind.deser.impl.NullsConstantProvider
1990:             2             48  com.fasterxml.jackson.databind.introspect.AnnotationIntrospectorPair
1991:             2             48  com.fasterxml.jackson.databind.ser.std.BooleanSerializer
1992:             1             48  com.fasterxml.jackson.databind.ser.std.CollectionSerializer
1993:             1             48  com.fasterxml.jackson.databind.util.StdDateFormat
1994:             1             48  com.fasterxml.jackson.datatype.jsr310.ser.InstantSerializer
1995:             1             48  com.fasterxml.jackson.datatype.jsr310.ser.OffsetDateTimeSerializer
1996:             2             48  com.sun.crypto.provider.AESCipher$General
1997:             2             48  com.sun.jmx.mbeanserver.ClassLoaderRepositorySupport$LoaderEntry
1998:             1             48  com.sun.jmx.mbeanserver.DefaultMXBeanMappingFactory$Mappings
1999:             2             48  com.sun.jmx.mbeanserver.WeakIdentityHashMap
2000:             2             48  com.sun.org.apache.xerces.internal.impl.dtd.DTDGrammarBucket
2001:             2             48  com.sun.org.apache.xerces.internal.impl.dtd.XMLAttributeDecl
2002:             3             48  com.sun.org.apache.xerces.internal.impl.dv.dtd.ListDatatypeValidator
2003:             1             48  com.sun.org.apache.xerces.internal.util.XMLAttributesImpl
2004:             3             48  com.sun.proxy.$Proxy14
2005:             3             48  com.sun.proxy.$Proxy32
2006:             3             48  com.sun.proxy.$Proxy47
2007:             3             48  com.sun.proxy.$Proxy54
2008:             3             48  com.sun.proxy.$Proxy70
2009:             2             48  com.zeroturnaround.javarebel.ayo
2010:             3             48  com.zeroturnaround.javarebel.bta
2011:             3             48  com.zeroturnaround.javarebel.btb
2012:             3             48  com.zeroturnaround.javarebel.btc
2013:             3             48  com.zeroturnaround.javarebel.btg
2014:             3             48  com.zeroturnaround.javarebel.bth
2015:             3             48  com.zeroturnaround.javarebel.btm
2016:             3             48  com.zeroturnaround.javarebel.btn
2017:             3             48  com.zeroturnaround.javarebel.bvw
2018:             2             48  com.zeroturnaround.javarebel.bwb
2019:             2             48  com.zeroturnaround.javarebel.bwc
2020:             3             48  com.zeroturnaround.javarebel.bxp
2021:             3             48  com.zeroturnaround.javarebel.bzl
2022:             3             48  com.zeroturnaround.javarebel.bzn
2023:             3             48  com.zeroturnaround.javarebel.bzr
2024:             3             48  com.zeroturnaround.javarebel.bzv
2025:             3             48  com.zeroturnaround.javarebel.c
2026:             3             48  com.zeroturnaround.javarebel.cai
2027:             3             48  com.zeroturnaround.javarebel.can
2028:             3             48  com.zeroturnaround.javarebel.cax
2029:             1             48  com.zeroturnaround.javarebel.cb
2030:             2             48  com.zeroturnaround.javarebel.cet
2031:             2             48  com.zeroturnaround.javarebel.cfx
2032:             3             48  com.zeroturnaround.javarebel.cgd
2033:             3             48  com.zeroturnaround.javarebel.cgh
2034:             2             48  com.zeroturnaround.javarebel.chk
2035:             1             48  com.zeroturnaround.javarebel.ciw
2036:             3             48  com.zeroturnaround.javarebel.cjf
2037:             1             48  com.zeroturnaround.javarebel.ckb
2038:             3             48  com.zeroturnaround.javarebel.cky
2039:             3             48  com.zeroturnaround.javarebel.clj
2040:             3             48  com.zeroturnaround.javarebel.cln
2041:             3             48  com.zeroturnaround.javarebel.gwx
2042:             3             48  com.zeroturnaround.javarebel.gwy
2043:             3             48  com.zeroturnaround.javarebel.gxd
2044:             3             48  com.zeroturnaround.javarebel.h
2045:             3             48  com.zeroturnaround.javarebel.hab
2046:             2             48  com.zeroturnaround.javarebel.i
2047:             2             48  com.zeroturnaround.javarebel.internalsdk.Internal$CoreVersion
2048:             3             48  com.zeroturnaround.javarebel.jv
2049:             3             48  com.zeroturnaround.javarebel.ke
2050:             3             48  com.zeroturnaround.javarebel.s
2051:             2             48  com.zeroturnaround.javarebel.ux
2052:             2             48  com.zeroturnaround.javarebel.xy
2053:             2             48  com.zeroturnaround.javarebel.yc
2054:             2             48  com.zeroturnaround.javarebel.yd
2055:             2             48  com.zeroturnaround.javarebel.yo
2056:             2             48  com.zeroturnaround.javarebel.yq
2057:             2             48  com.zeroturnaround.javarebel.yy
2058:             2             48  com.zeroturnaround.javarebel.z
2059:             1             48  com.zeroturnaround.javarebel.zn
2060:             1             48  com.zeroturnaround.javarebel.zo
2061:             1             48  com.zeroturnaround.jrebel.bundled.org.apache.http.impl.execchain.c
2062:             2             48  com.zeroturnaround.jrebelbase.f
2063:             1             48  com.zeroturnaround.reload.a
2064:             2             48  java.io.File$PathStatus
2065:             2             48  java.lang.ClassValue$Version
2066:             1             48  java.lang.ProcessEnvironment
2067:             1             48  java.lang.invoke.BoundMethodHandle$Species_L4
2068:             1             48  java.lang.invoke.BoundMethodHandle$Species_L5
2069:             2             48  java.lang.reflect.ReflectPermission
2070:             2             48  java.net.InetAddress$Cache
2071:             2             48  java.net.InetAddress$Cache$Type
2072:             2             48  java.net.SocketPermissionCollection
2073:             2             48  java.net.StandardProtocolFamily
2074:             3             48  java.nio.channels.spi.AbstractSelector$1
2075:             2             48  java.nio.charset.CoderResult
2076:             3             48  java.nio.charset.CodingErrorAction
2077:             2             48  java.sql.SQLPermission
2078:             3             48  java.text.AttributedCharacterIterator$Attribute
2079:             2             48  java.time.format.DateTimeFormatterBuilder$1
2080:             3             48  java.time.format.DateTimeFormatterBuilder$StringLiteralPrinterParser
2081:             2             48  java.time.format.DateTimeFormatterBuilder$ZoneIdPrinterParser
2082:             2             48  java.time.format.DateTimeTextProvider$LocaleStore
2083:             3             48  java.util.Base64$Decoder
2084:             3             48  java.util.TreeMap$Values
2085:             1             48  java.util.concurrent.ConcurrentSkipListMap
2086:             2             48  java.util.concurrent.LinkedBlockingDeque$Node
2087:             3             48  java.util.concurrent.Semaphore
2088:             3             48  java.util.concurrent.SynchronousQueue$TransferStack
2089:             1             48  java.util.concurrent.locks.ReentrantReadWriteLock$FairSync
2090:             3             48  java.util.jar.JarVerifier$3
2091:             2             48  java.util.logging.Logger$LoggerBundle
2092:             2             48  java.util.regex.Pattern$Prolog
2093:             2             48  javax.annotation.Resource$AuthenticationType
2094:             2             48  javax.crypto.spec.SecretKeySpec
2095:             2             48  javax.el.ExpressionFactory$CacheValue
2096:             2             48  javax.el.Util$CacheValue
2097:             2             48  javax.management.remote.rmi.RMIJRMPServerImpl$ExportedWrapper
2098:             2             48  javax.validation.constraintvalidation.ValidationTarget
2099:             1             48  org.apache.catalina.core.DefaultInstanceManager
2100:             2             48  org.apache.catalina.core.StandardWrapperFacade
2101:             1             48  org.apache.catalina.mapper.MapperListener
2102:             3             48  org.apache.catalina.realm.RealmBase$AllRolesMode
2103:             1             48  org.apache.catalina.startup.Tomcat
2104:             2             48  org.apache.catalina.util.ErrorPageSupport
2105:             2             48  org.apache.catalina.util.URLEncoder
2106:             1             48  org.apache.catalina.webresources.FileResource
2107:             1             48  org.apache.logging.log4j.simple.SimpleLogger
2108:             1             48  org.apache.logging.log4j.status.StatusLogger
2109:             1             48  org.apache.logging.slf4j.SLF4JProvider
2110:             2             48  org.apache.tomcat.util.buf.UEncoder$SafeCharsSet
2111:             1             48  org.apache.tomcat.util.digester.CallMethodRule
2112:             2             48  org.apache.tomcat.util.http.parser.AcceptLanguage
2113:             1             48  org.apache.tomcat.util.modeler.Registry
2114:             2             48  org.apache.tomcat.websocket.WsExtensionParameter
2115:             2             48  org.apache.tomcat.websocket.WsFrameBase$UnmaskTransformation
2116:             2             48  org.apache.tomcat.websocket.server.WsPerSessionServerEndpointConfig
2117:             1             48  org.hibernate.validator.internal.engine.ValidatorFactoryImpl$ValidatorFactoryScopedContext
2118:             1             48  org.hibernate.validator.internal.engine.ValidatorImpl
2119:             2             48  org.hibernate.validator.internal.metadata.descriptor.ConstraintDescriptorImpl$ConstraintType
2120:             1             48  org.hibernate.validator.messageinterpolation.ResourceBundleMessageInterpolator
2121:             2             48  org.springframework.aop.support.annotation.AnnotationClassFilter
2122:             2             48  org.springframework.aop.support.annotation.AnnotationMatchingPointcut
2123:             2             48  org.springframework.beans.factory.annotation.InitDestroyAnnotationBeanPostProcessor$LifecycleElement
2124:             3             48  org.springframework.boot.autoconfigure.cache.CacheCondition
2125:             2             48  org.springframework.boot.autoconfigure.condition.OnResourceCondition
2126:             2             48  org.springframework.boot.autoconfigure.http.HttpProperties$Encoding$Type
2127:             2             48  org.springframework.boot.autoconfigure.jdbc.DataSourceAutoConfiguration$PooledDataSourceCondition
2128:             1             48  org.springframework.boot.autoconfigure.task.TaskExecutionAutoConfiguration$$EnhancerBySpringCGLIB$$afd15614
2129:             1             48  org.springframework.boot.autoconfigure.web.ServerProperties$Jetty$Accesslog
2130:             2             48  org.springframework.boot.autoconfigure.web.servlet.HttpEncodingAutoConfiguration$$EnhancerBySpringCGLIB$$f78673e0$$FastClassBySpringCGLIB$$830cfb52
2131:             2             48  org.springframework.boot.autoconfigure.web.servlet.HttpEncodingAutoConfiguration$$FastClassBySpringCGLIB$$8e591c9d
2132:             2             48  org.springframework.boot.autoconfigure.web.servlet.MultipartAutoConfiguration$$EnhancerBySpringCGLIB$$6676fbed$$FastClassBySpringCGLIB$$b156b9e9
2133:             2             48  org.springframework.boot.autoconfigure.web.servlet.MultipartAutoConfiguration$$FastClassBySpringCGLIB$$e81ad00a
2134:             2             48  org.springframework.boot.autoconfigure.web.servlet.ServletWebServerFactoryAutoConfiguration$$EnhancerBySpringCGLIB$$13eae4a1$$FastClassBySpringCGLIB$$698e7598
2135:             2             48  org.springframework.boot.autoconfigure.web.servlet.ServletWebServerFactoryAutoConfiguration$$FastClassBySpringCGLIB$$36b2d63e
2136:             2             48  org.springframework.boot.autoconfigure.web.servlet.WebMvcAutoConfiguration$$EnhancerBySpringCGLIB$$5873fbb5$$FastClassBySpringCGLIB$$ff50e6b5
2137:             2             48  org.springframework.boot.autoconfigure.web.servlet.WebMvcAutoConfiguration$$FastClassBySpringCGLIB$$1a49ed2
2138:             2             48  org.springframework.boot.autoconfigure.web.servlet.WebMvcAutoConfiguration$WebMvcAutoConfigurationAdapter$FaviconConfiguration$$EnhancerBySpringCGLIB$$ed5fe0e9$$FastClassBySpringCGLIB$$dbde8142
2139:             2             48  org.springframework.boot.autoconfigure.web.servlet.WebMvcAutoConfiguration$WebMvcAutoConfigurationAdapter$FaviconConfiguration$$FastClassBySpringCGLIB$$63819186
2140:             2             48  org.springframework.boot.autoconfigure.web.servlet.WebMvcProperties$LocaleResolver
2141:             1             48  org.springframework.boot.autoconfigure.web.servlet.error.ErrorMvcAutoConfiguration$$EnhancerBySpringCGLIB$$4fddc2c3
2142:             2             48  org.springframework.boot.autoconfigure.web.servlet.error.ErrorMvcAutoConfiguration$WhitelabelErrorViewConfiguration$$EnhancerBySpringCGLIB$$2f11a93b$$FastClassBySpringCGLIB$$75cc8bbc
2143:             2             48  org.springframework.boot.autoconfigure.web.servlet.error.ErrorMvcAutoConfiguration$WhitelabelErrorViewConfiguration$$FastClassBySpringCGLIB$$aa49e198
2144:             2             48  org.springframework.boot.context.properties.bind.JavaBeanBinder$Bean
2145:             2             48  org.springframework.boot.context.properties.source.SpringConfigurationPropertySource
2146:             2             48  org.springframework.boot.context.properties.source.SpringConfigurationPropertySources
2147:             1             48  org.springframework.boot.devtools.filewatch.FileSystemWatcher$Watcher
2148:             1             48  org.springframework.boot.logging.logback.ExtendedWhitespaceThrowableProxyConverter
2149:             1             48  org.springframework.boot.task.TaskExecutorBuilder
2150:             1             48  org.springframework.boot.web.servlet.filter.OrderedCharacterEncodingFilter
2151:             1             48  org.springframework.boot.web.servlet.filter.OrderedFormContentFilter
2152:             1             48  org.springframework.boot.web.servlet.filter.OrderedHiddenHttpMethodFilter
2153:             1             48  org.springframework.boot.web.servlet.filter.OrderedRequestContextFilter
2154:             3             48  org.springframework.cglib.core.AbstractClassGenerator$Source
2155:             2             48  org.springframework.context.annotation.AdviceMode
2156:             3             48  org.springframework.context.annotation.AnnotationBeanNameGenerator
2157:             1             48  org.springframework.context.annotation.ConfigurationClassBeanDefinitionReader
2158:             2             48  org.springframework.context.annotation.ConfigurationCondition$ConfigurationPhase
2159:             2             48  org.springframework.context.support.ApplicationListenerDetector
2160:             2             48  org.springframework.core.NamedInheritableThreadLocal
2161:             2             48  org.springframework.core.ResolvableType$WildcardBounds$Kind
2162:             3             48  org.springframework.core.env.MutablePropertySources
2163:             3             48  org.springframework.expression.spel.standard.SpelExpressionParser
2164:             3             48  org.springframework.expression.spel.support.StandardOperatorOverloader
2165:             3             48  org.springframework.expression.spel.support.StandardTypeComparator
2166:             3             48  org.springframework.expression.spel.support.StandardTypeConverter
2167:             2             48  org.springframework.expression.spel.support.StandardTypeLocator
2168:             3             48  org.springframework.format.datetime.DateTimeFormatAnnotationFormatterFactory
2169:             3             48  org.springframework.format.datetime.standard.DateTimeConverters$CalendarToInstantConverter
2170:             3             48  org.springframework.format.datetime.standard.DateTimeConverters$CalendarToLocalDateConverter
2171:             3             48  org.springframework.format.datetime.standard.DateTimeConverters$CalendarToLocalDateTimeConverter
2172:             3             48  org.springframework.format.datetime.standard.DateTimeConverters$CalendarToLocalTimeConverter
2173:             3             48  org.springframework.format.datetime.standard.DateTimeConverters$CalendarToOffsetDateTimeConverter
2174:             3             48  org.springframework.format.datetime.standard.DateTimeConverters$CalendarToZonedDateTimeConverter
2175:             3             48  org.springframework.format.datetime.standard.DateTimeConverters$InstantToLongConverter
2176:             3             48  org.springframework.format.datetime.standard.DateTimeConverters$LocalDateTimeToLocalDateConverter
2177:             3             48  org.springframework.format.datetime.standard.DateTimeConverters$LocalDateTimeToLocalTimeConverter
2178:             3             48  org.springframework.format.datetime.standard.DateTimeConverters$LongToInstantConverter
2179:             3             48  org.springframework.format.datetime.standard.DateTimeConverters$OffsetDateTimeToInstantConverter
2180:             3             48  org.springframework.format.datetime.standard.DateTimeConverters$OffsetDateTimeToLocalDateConverter
2181:             3             48  org.springframework.format.datetime.standard.DateTimeConverters$OffsetDateTimeToLocalDateTimeConverter
2182:             3             48  org.springframework.format.datetime.standard.DateTimeConverters$OffsetDateTimeToLocalTimeConverter
2183:             3             48  org.springframework.format.datetime.standard.DateTimeConverters$OffsetDateTimeToZonedDateTimeConverter
2184:             3             48  org.springframework.format.datetime.standard.DateTimeConverters$ZonedDateTimeToInstantConverter
2185:             3             48  org.springframework.format.datetime.standard.DateTimeConverters$ZonedDateTimeToLocalDateConverter
2186:             3             48  org.springframework.format.datetime.standard.DateTimeConverters$ZonedDateTimeToLocalDateTimeConverter
2187:             3             48  org.springframework.format.datetime.standard.DateTimeConverters$ZonedDateTimeToLocalTimeConverter
2188:             3             48  org.springframework.format.datetime.standard.DateTimeConverters$ZonedDateTimeToOffsetDateTimeConverter
2189:             3             48  org.springframework.format.datetime.standard.DurationFormatter
2190:             3             48  org.springframework.format.datetime.standard.InstantFormatter
2191:             3             48  org.springframework.format.datetime.standard.Jsr310DateTimeFormatAnnotationFormatterFactory
2192:             3             48  org.springframework.format.datetime.standard.MonthDayFormatter
2193:             3             48  org.springframework.format.datetime.standard.MonthFormatter
2194:             3             48  org.springframework.format.datetime.standard.PeriodFormatter
2195:             3             48  org.springframework.format.datetime.standard.YearFormatter
2196:             3             48  org.springframework.format.datetime.standard.YearMonthFormatter
2197:             3             48  org.springframework.format.number.NumberFormatAnnotationFormatterFactory
2198:             1             48  org.springframework.jdbc.core.JdbcTemplate
2199:             3             48  org.springframework.messaging.converter.DefaultContentTypeResolver
2200:             1             48  org.springframework.messaging.simp.broker.DefaultSubscriptionRegistry
2201:             1             48  org.springframework.messaging.simp.user.UserDestinationMessageHandler
2202:             3             48  org.springframework.messaging.support.ImmutableMessageChannelInterceptor
2203:             1             48  org.springframework.scheduling.annotation.ScheduledAnnotationBeanPostProcessor
2204:             1             48  org.springframework.scheduling.config.ScheduledTaskRegistrar
2205:             2             48  org.springframework.util.ConcurrentReferenceHashMap$ReferenceType
2206:             2             48  org.springframework.util.ConcurrentReferenceHashMap$Restructure
2207:             2             48  org.springframework.util.MimeType$$Lambda$91/882356814
2208:             1             48  org.springframework.web.accept.ContentNegotiationManagerFactoryBean
2209:             1             48  org.springframework.web.context.request.ServletWebRequest
2210:             2             48  org.springframework.web.context.support.ServletContextResource
2211:             2             48  org.springframework.web.context.support.ServletContextResourcePatternResolver
2212:             2             48  org.springframework.web.method.annotation.ExpressionValueMethodArgumentResolver
2213:             3             48  org.springframework.web.method.annotation.MapMethodProcessor
2214:             2             48  org.springframework.web.method.support.HandlerMethodReturnValueHandlerComposite
2215:             1             48  org.springframework.web.method.support.ModelAndViewContainer
2216:             2             48  org.springframework.web.servlet.mvc.condition.ProducesRequestCondition$ProduceMediaTypeExpression
2217:             2             48  org.springframework.web.servlet.mvc.method.annotation.MatrixVariableMethodArgumentResolver
2218:             2             48  org.springframework.web.servlet.mvc.method.annotation.PathVariableMethodArgumentResolver
2219:             2             48  org.springframework.web.servlet.mvc.method.annotation.ServletModelAttributeMethodProcessor
2220:             2             48  org.springframework.web.servlet.mvc.method.annotation.ServletRequestDataBinderFactory
2221:             3             48  org.springframework.web.servlet.mvc.method.annotation.ServletRequestMethodArgumentResolver
2222:             3             48  org.springframework.web.servlet.mvc.method.annotation.ServletResponseMethodArgumentResolver
2223:             2             48  org.springframework.web.socket.adapter.standard.StandardToWebSocketExtensionAdapter
2224:             2             48  org.springframework.web.socket.adapter.standard.StandardWebSocketHandlerAdapter
2225:             2             48  org.springframework.web.socket.adapter.standard.StandardWebSocketHandlerAdapter$3
2226:             2             48  org.springframework.web.socket.adapter.standard.StandardWebSocketHandlerAdapter$4
2227:             2             48  org.springframework.web.socket.adapter.standard.StandardWebSocketHandlerAdapter$5
2228:             1             48  org.springframework.web.socket.config.WebSocketMessageBrokerStats
2229:             2             48  org.springframework.web.socket.handler.ConcurrentWebSocketSessionDecorator$OverflowStrategy
2230:             1             48  org.springframework.web.socket.messaging.SubProtocolWebSocketHandler$Stats
2231:             2             48  org.springframework.web.socket.sockjs.transport.session.AbstractSockJsSession$HeartbeatTask
2232:             1             48  org.springframework.web.util.HierarchicalUriComponents
2233:             2             48  org.zeroturnaround.bundled.javassist.CtArray
2234:             1             48  org.zeroturnaround.bundled.javassist.compiler.KeywordTable
2235:             1             48  org.zeroturnaround.javarebel.integration.fileservlet.FileServlet
2236:             3             48  org.zeroturnaround.javarebel.integration.generic.BaseServletContextImplClassBytecodeProcessor
2237:             2             48  org.zeroturnaround.javarebel.integration.spring.beans.cbp.AutowiredPropertyCacheCBP
2238:             2             48  org.zeroturnaround.javarebel.integration.spring.beans.cbp.InjectionPropertySkippingCBP
2239:             3             48  org.zeroturnaround.javarebel.integration.support.AtomicBoolean
2240:             1             48  org.zeroturnaround.javarebel.reporting.MetricsExecutor
2241:             2             48  org.zeroturnaround.javarebel.reporting.backend.LazyInitMessageBackendDecorator
2242:             2             48  org.zeroturnaround.javarebel.reporting.backend.impl.SegmentIOBackend$METHOD
2243:             1             48  org.zeroturnaround.javarebel.reporting.stats.repository.impl.RepositoryMetricsStatistics$AppSizeStatsListener
2244:             2             48  org.zeroturnaround.javarebel.service.ServiceRequestUtil$WeakServiceRequestListener
2245:             3             48  org.zeroturnaround.jrebel.apache.commons.compress.archivers.zip.ExtraFieldUtils$UnparseableExtraField
2246:             2             48  org.zeroturnaround.jrebel.apache.commons.compress.archivers.zip.ZipEncodingHelper$SimpleEncodingHolder
2247:             2             48  sun.management.ManagementFactoryHelper$1
2248:             2             48  sun.misc.NativeSignalHandler
2249:             2             48  sun.misc.Signal
2250:             3             48  sun.nio.ch.Util$3
2251:             1             48  sun.nio.cs.US_ASCII$Decoder
2252:             2             48  sun.nio.cs.ext.EUC_KR
2253:             2             48  sun.nio.cs.ext.JIS_X_0208_MS5022X
2254:             2             48  sun.nio.cs.ext.JIS_X_0212_MS5022X
2255:             3             48  sun.rmi.server.UnicastRef
2256:             3             48  sun.rmi.server.WeakClassHashMap$ValueCell
2257:             2             48  sun.security.jca.ProviderList
2258:             2             48  sun.security.jca.ProviderList$3
2259:             3             48  sun.security.ssl.AbstractTrustManagerWrapper
2260:             3             48  sun.security.ssl.EphemeralKeyManager
2261:             1             48  sun.security.ssl.OutputRecord
2262:             2             48  sun.security.ssl.SSLAlgorithmConstraints
2263:             3             48  sun.security.ssl.SSLSocketFactoryImpl
2264:             3             48  sun.security.util.AlgorithmDecomposer
2265:             3             48  sun.text.normalizer.CharTrie$FriendAgent
2266:             1             48  sun.text.normalizer.IntTrie
2267:             3             48  sun.text.normalizer.NormalizerBase$QuickCheckResult
2268:             3             48  sun.text.normalizer.VersionInfo
2269:             1             48  sun.text.resources.FormatData
2270:             1             48  sun.text.resources.en.FormatData_en
2271:             1             48  sun.text.resources.en.FormatData_en_US
2272:             1             48  sun.text.resources.zh.FormatData_zh
2273:             1             48  sun.text.resources.zh.FormatData_zh_CN
2274:             2             48  sun.util.locale.ParseStatus
2275:             1             48  sun.util.resources.CalendarData
2276:             1             48  sun.util.resources.CurrencyNames
2277:             1             48  sun.util.resources.TimeZoneNames
2278:             1             48  sun.util.resources.en.CalendarData_en
2279:             1             48  sun.util.resources.en.CurrencyNames_en_US
2280:             1             48  sun.util.resources.en.TimeZoneNames_en
2281:             1             48  sun.util.resources.zh.CalendarData_zh
2282:             1             48  sun.util.resources.zh.CurrencyNames_zh_CN
2283:             2             40  [Lch.qos.logback.core.Appender;
2284:             1             40  [Lch.qos.logback.core.pattern.parser.TokenStream$TokenizerState;
2285:             1             40  [Lch.qos.logback.core.subst.Token$Type;
2286:             1             40  [Lcom.fasterxml.jackson.annotation.JsonAutoDetect$Visibility;
2287:             1             40  [Lcom.fasterxml.jackson.annotation.Nulls;
2288:             1             40  [Lcom.fasterxml.jackson.core.JsonEncoding;
2289:             1             40  [Lcom.fasterxml.jackson.core.JsonParser$NumberType;
2290:             2             40  [Lcom.sun.jmx.mbeanserver.ClassLoaderRepositorySupport$LoaderEntry;
2291:             1             40  [Lcom.sun.org.apache.xerces.internal.util.Status;
2292:             1             40  [Lcom.sysmin.core.jvm.enums.JstatType;
2293:             1             40  [Lcom.zeroturnaround.javarebel.bpq;
2294:             1             40  [Lcom.zeroturnaround.javarebel.gps;
2295:             1             40  [Lcom.zeroturnaround.javarebel.oq;
2296:             1             40  [Lcom.zeroturnaround.javarebel.x;
2297:             2             40  [Ljava.beans.PropertyChangeListener;
2298:             2             40  [Ljava.lang.instrument.ClassFileTransformer;
2299:             1             40  [Ljava.lang.management.MemoryPoolMXBean;
2300:             2             40  [Ljava.net.URL;
2301:             1             40  [Ljava.time.format.SignStyle;
2302:             1             40  [Ljava.time.format.TextStyle;
2303:             1             40  [Ljava.util.stream.StreamOpFlag;
2304:             1             40  [Ljavax.servlet.http.MappingMatch;
2305:             1             40  [Lorg.apache.coyote.http11.Http11InputBuffer$HeaderParsePosition;
2306:             1             40  [Lorg.apache.tomcat.util.descriptor.web.FilterMap;
2307:             1             40  [Lorg.apache.tomcat.util.net.SocketEvent;
2308:             1             40  [Lorg.apache.tomcat.websocket.WsFrameBase$ReadState;
2309:             1             40  [Lorg.hibernate.validator.internal.metadata.raw.ConstrainedElement$ConstrainedElementKind;
2310:             1             40  [Lorg.jboss.logging.Logger$Level;
2311:             1             40  [Lorg.springframework.boot.ansi.AnsiStyle;
2312:             1             40  [Lorg.zeroturnaround.javarebel.reporting.stats.repository.CommonFieldId;
2313:             1             40  [Lsun.nio.fs.WindowsPathType;
2314:             1             40  [Lsun.security.jca.ServiceId;
2315:             1             40  [Lsun.security.ssl.SignatureAndHashAlgorithm$SignatureAlgorithm;
2316:             1             40  [Lsun.security.util.DisabledAlgorithmConstraints$Constraint$Operator;
2317:             1             40  [Lsun.util.locale.provider.LocaleProviderAdapter$Type;
2318:             1             40  [[Ljava.lang.invoke.LambdaForm$Name;
2319:             1             40  ch.qos.logback.classic.pattern.LoggerConverter
2320:             1             40  ch.qos.logback.core.BasicStatusManager
2321:             1             40  com.SysminApplication$$EnhancerBySpringCGLIB$$cb50aac1
2322:             1             40  com.conf.StompConf$$EnhancerBySpringCGLIB$$6fcfe05b
2323:             1             40  com.fasterxml.jackson.annotation.JsonFormat$Value
2324:             1             40  com.sun.beans.finder.MethodFinder$1
2325:             1             40  com.sun.jmx.interceptor.DefaultMBeanServerInterceptor
2326:             1             40  com.sun.jmx.mbeanserver.JmxMBeanServer
2327:             1             40  com.sun.jmx.mbeanserver.MBeanServerDelegateImpl
2328:             1             40  com.sun.org.apache.xerces.internal.impl.XMLEntityManager$CharacterBufferPool
2329:             1             40  com.sun.org.apache.xerces.internal.impl.XMLErrorReporter
2330:             1             40  com.sun.org.apache.xerces.internal.impl.XMLVersionDetector
2331:             1             40  com.sun.org.apache.xerces.internal.util.SymbolTable
2332:             1             40  com.sun.org.apache.xerces.internal.utils.XMLLimitAnalyzer
2333:             1             40  com.sun.org.apache.xerces.internal.utils.XMLSecurityManager
2334:             1             40  com.sun.xml.internal.stream.XMLEntityStorage
2335:             1             40  com.sun.xml.internal.stream.util.BufferAllocator
2336:             1             40  com.sysmin.controller.jvm.JvmHandlerController
2337:             1             40  com.zeroturnaround.javarebel.abj
2338:             1             40  com.zeroturnaround.javarebel.br
2339:             1             40  com.zeroturnaround.javarebel.bsb
2340:             1             40  com.zeroturnaround.javarebel.bsi
2341:             1             40  com.zeroturnaround.javarebel.bud
2342:             1             40  com.zeroturnaround.javarebel.byf
2343:             1             40  com.zeroturnaround.javarebel.chg
2344:             1             40  com.zeroturnaround.javarebel.gfh
2345:             1             40  com.zeroturnaround.javarebel.gwc
2346:             1             40  com.zeroturnaround.javarebel.mz
2347:             1             40  com.zeroturnaround.javarebel.ys
2348:             1             40  com.zeroturnaround.javarebel.ze
2349:             1             40  com.zeroturnaround.jrebel.bundled.org.bouncycastle.jce.provider.BouncyCastleProviderConfiguration
2350:             1             40  java.beans.WeakIdentityMap$Entry
2351:             1             40  java.io.StringReader
2352:             1             40  java.text.MessageFormat
2353:             1             40  java.time.format.DateTimeFormatterBuilder
2354:             1             40  java.time.format.DateTimeFormatterBuilder$ReducedPrinterParser
2355:             1             40  java.time.format.DateTimeFormatterBuilder$ZoneTextPrinterParser
2356:             1             40  java.time.zone.ZoneRules
2357:             1             40  java.util.ResourceBundle$1
2358:             1             40  java.util.regex.Pattern$LazyLoop
2359:             1             40  java.util.regex.Pattern$Loop
2360:             1             40  javax.crypto.CryptoAllPermission
2361:             1             40  javax.servlet.MultipartConfigElement
2362:             1             40  org.apache.catalina.core.ApplicationSessionCookieConfig
2363:             1             40  org.apache.catalina.mapper.Mapper
2364:             1             40  org.apache.catalina.mbeans.ClassNameMBean
2365:             1             40  org.apache.catalina.mbeans.ConnectorMBean
2366:             1             40  org.apache.catalina.mbeans.ServiceMBean
2367:             1             40  org.apache.catalina.realm.MessageDigestCredentialHandler
2368:             1             40  org.apache.coyote.AbstractProtocol$RecycledProcessors
2369:             1             40  org.apache.tomcat.util.http.parser.Host$MessageBytesReader
2370:             1             40  org.apache.tomcat.websocket.server.WsHandshakeRequest
2371:             1             40  org.hibernate.validator.internal.engine.ValidationContext$ValidatorScopedContext
2372:             1             40  org.hibernate.validator.internal.engine.constraintvalidation.ConstraintValidatorManager
2373:             1             40  org.slf4j.bridge.SLF4JBridgeHandler
2374:             1             40  org.springframework.beans.JrNonSingletonBeanSupport
2375:             1             40  org.springframework.beans.JrNonSingletonBeanSupport$BeanInfo
2376:             1             40  org.springframework.beans.factory.annotation.AutowiredAnnotationBeanPostProcessor$AutowiredFieldElement
2377:             1             40  org.springframework.boot.autoconfigure.admin.SpringApplicationAdminJmxAutoConfiguration$$EnhancerBySpringCGLIB$$b6de5e0c
2378:             1             40  org.springframework.boot.autoconfigure.http.HttpMessageConvertersAutoConfiguration$$EnhancerBySpringCGLIB$$3e6588d2
2379:             1             40  org.springframework.boot.autoconfigure.http.HttpMessageConvertersAutoConfiguration$StringHttpMessageConverterConfiguration$$EnhancerBySpringCGLIB$$71734f72
2380:             1             40  org.springframework.boot.autoconfigure.info.ProjectInfoAutoConfiguration$$EnhancerBySpringCGLIB$$602bca57
2381:             1             40  org.springframework.boot.autoconfigure.jackson.JacksonAutoConfiguration$JacksonObjectMapperBuilderConfiguration$$EnhancerBySpringCGLIB$$3211fee8
2382:             1             40  org.springframework.boot.autoconfigure.jdbc.DataSourceJmxConfiguration$Hikari$$EnhancerBySpringCGLIB$$dd61ea8
2383:             1             40  org.springframework.boot.autoconfigure.jdbc.DataSourceTransactionManagerAutoConfiguration$DataSourceTransactionManagerConfiguration$$EnhancerBySpringCGLIB$$d13255ad
2384:             1             40  org.springframework.boot.autoconfigure.jdbc.JdbcTemplateAutoConfiguration$JdbcTemplateConfiguration$$EnhancerBySpringCGLIB$$3cbcebab
2385:             1             40  org.springframework.boot.autoconfigure.jmx.JmxAutoConfiguration$$EnhancerBySpringCGLIB$$a39d2c5a
2386:             1             40  org.springframework.boot.autoconfigure.transaction.TransactionAutoConfiguration$TransactionTemplateConfiguration$$EnhancerBySpringCGLIB$$22bc1a80
2387:             1             40  org.springframework.boot.autoconfigure.web.ServerProperties$Tomcat$Accesslog
2388:             1             40  org.springframework.boot.autoconfigure.web.ServerProperties$Undertow
2389:             1             40  org.springframework.boot.autoconfigure.web.client.RestTemplateAutoConfiguration$$EnhancerBySpringCGLIB$$bf47b6bf
2390:             1             40  org.springframework.boot.autoconfigure.web.format.WebConversionService
2391:             1             40  org.springframework.boot.autoconfigure.web.servlet.DispatcherServletAutoConfiguration$DispatcherServletConfiguration$$EnhancerBySpringCGLIB$$74314d07
2392:             1             40  org.springframework.boot.autoconfigure.web.servlet.DispatcherServletAutoConfiguration$DispatcherServletRegistrationConfiguration$$EnhancerBySpringCGLIB$$d638e1ae
2393:             1             40  org.springframework.boot.autoconfigure.web.servlet.HttpEncodingAutoConfiguration$$EnhancerBySpringCGLIB$$f78673e0
2394:             1             40  org.springframework.boot.autoconfigure.web.servlet.MultipartAutoConfiguration$$EnhancerBySpringCGLIB$$6676fbed
2395:             1             40  org.springframework.boot.autoconfigure.web.servlet.WebMvcAutoConfiguration$WebMvcAutoConfigurationAdapter$FaviconConfiguration$$EnhancerBySpringCGLIB$$ed5fe0e9
2396:             1             40  org.springframework.boot.autoconfigure.web.servlet.error.ErrorMvcAutoConfiguration$DefaultErrorViewResolverConfiguration$$EnhancerBySpringCGLIB$$64729763
2397:             1             40  org.springframework.boot.autoconfigure.web.servlet.error.ErrorMvcAutoConfiguration$WhitelabelErrorViewConfiguration$$EnhancerBySpringCGLIB$$2f11a93b
2398:             1             40  org.springframework.boot.autoconfigure.websocket.servlet.WebSocketMessagingAutoConfiguration$WebSocketMessageConverterConfiguration$$EnhancerBySpringCGLIB$$fc2b30ef
2399:             1             40  org.springframework.boot.context.properties.ConfigurationPropertiesBinder
2400:             1             40  org.springframework.boot.devtools.autoconfigure.DevToolsProperties$Restart
2401:             1             40  org.springframework.boot.devtools.autoconfigure.LocalDevToolsAutoConfiguration$LiveReloadConfiguration$$EnhancerBySpringCGLIB$$ef1aa9b0
2402:             1             40  org.springframework.boot.devtools.autoconfigure.LocalDevToolsAutoConfiguration$RestartConfiguration$$EnhancerBySpringCGLIB$$8ac4de8e
2403:             1             40  org.springframework.boot.devtools.livereload.LiveReloadServer
2404:             1             40  org.springframework.boot.web.servlet.server.Session
2405:             1             40  org.springframework.boot.web.servlet.server.Session$Cookie
2406:             1             40  org.springframework.context.event.EventListenerMethodProcessor
2407:             1             40  org.springframework.context.expression.StandardBeanExpressionResolver
2408:             1             40  org.springframework.expression.spel.support.SimpleEvaluationContext
2409:             1             40  org.springframework.jdbc.datasource.DataSourceTransactionManager
2410:             1             40  org.springframework.jndi.support.SimpleJndiBeanFactory
2411:             1             40  org.springframework.messaging.converter.MappingJackson2MessageConverter
2412:             1             40  org.springframework.messaging.converter.StringMessageConverter
2413:             1             40  org.springframework.messaging.simp.config.SimpleBrokerRegistration
2414:             1             40  org.springframework.transaction.annotation.ProxyTransactionManagementConfiguration$$EnhancerBySpringCGLIB$$2431bd3e
2415:             1             40  org.springframework.transaction.interceptor.AbstractFallbackTransactionAttributeSource$1
2416:             1             40  org.springframework.transaction.interceptor.BeanFactoryTransactionAttributeSourceAdvisor
2417:             1             40  org.springframework.transaction.interceptor.TransactionInterceptor
2418:             1             40  org.springframework.transaction.support.TransactionTemplate
2419:             1             40  org.springframework.ui.context.support.ResourceBundleThemeSource
2420:             1             40  org.springframework.web.bind.support.ConfigurableWebBindingInitializer
2421:             1             40  org.springframework.web.context.request.async.WebAsyncManager
2422:             1             40  org.springframework.web.cors.CorsConfiguration
2423:             1             40  org.springframework.web.servlet.config.annotation.PathMatchConfigurer
2424:             1             40  org.springframework.web.servlet.handler.AbstractHandlerMethodMapping$MappingRegistry
2425:             1             40  org.springframework.web.servlet.mvc.annotation.ResponseStatusExceptionResolver
2426:             1             40  org.springframework.web.servlet.mvc.support.DefaultHandlerExceptionResolver
2427:             1             40  org.zeroturnaround.bundled.javassist.ClassPool
2428:             1             40  org.zeroturnaround.javarebel.preferences.FileStore
2429:             1             40  org.zeroturnaround.javarebel.reporting.stats.repository.impl.RepositoryMetricsStatistics
2430:             1             40  org.zeroturnaround.javarebel.reporting.stats.repository.impl.StatisticsRepositoryImpl
2431:             1             40  org.zeroturnaround.javarebel.spring.handlermethod.HandlerMethodReloader
2432:             1             40  org.zeroturnaround.jrebel.intellij.IntelliJProcessListener
2433:             1             40  sun.management.DiagnosticCommandImpl
2434:             1             40  sun.management.resources.agent
2435:             1             40  sun.management.resources.agent_zh_CN
2436:             1             40  sun.net.idn.StringPrep
2437:             1             40  sun.nio.ch.FileLockImpl
2438:             1             40  sun.nio.cs.StandardCharsets$Aliases
2439:             1             40  sun.nio.cs.StandardCharsets$Cache
2440:             1             40  sun.nio.cs.StandardCharsets$Classes
2441:             1             40  sun.nio.cs.ext.ExtendedCharsets
2442:             1             40  sun.rmi.server.UnicastServerRef2
2443:             1             40  sun.security.ssl.HandshakeHash
2444:             1             40  sun.text.resources.BreakIteratorInfo
2445:             1             40  sun.util.logging.resources.logging
2446:             1             40  sun.util.logging.resources.logging_zh_CN
2447:             1             32  [Lch.qos.logback.core.spi.FilterReply;
2448:             1             32  [Lch.qos.logback.core.subst.Tokenizer$TokenizerState;
2449:             1             32  [Lcom.fasterxml.jackson.annotation.JsonProperty$Access;
2450:             1             32  [Lcom.fasterxml.jackson.core.JsonFactory$Feature;
2451:             1             32  [Lcom.fasterxml.jackson.databind.util.AccessPattern;
2452:             1             32  [Lcom.sun.beans.util.Cache$Kind;
2453:             1             32  [Lcom.sun.org.apache.xalan.internal.utils.XMLSecurityManager$NameMap;
2454:             1             32  [Lcom.sun.org.apache.xerces.internal.utils.XMLSecurityManager$NameMap;
2455:             1             32  [Lcom.sysmin.core.jvm.enums.JmapType;
2456:             1             32  [Lcom.sysmin.core.log.LogType;
2457:             1             32  [Lcom.zeroturnaround.javarebel.aa;
2458:             2             32  [Lcom.zeroturnaround.javarebel.fxz;
2459:             1             32  [Lcom.zeroturnaround.javarebel.gfi;
2460:             1             32  [Lcom.zeroturnaround.javarebel.goz;
2461:             1             32  [Lcom.zeroturnaround.javarebel.gsa;
2462:             1             32  [Lcom.zeroturnaround.javarebel.kz;
2463:             1             32  [Lcom.zeroturnaround.javarebel.zr;
2464:             1             32  [Lcom.zeroturnaround.reload.n;
2465:             2             32  [Ljava.lang.Enum;
2466:             1             32  [Ljava.lang.OutOfMemoryError;
2467:             1             32  [Ljava.lang.ThreadGroup;
2468:             1             32  [Ljava.lang.management.MemoryManagerMXBean;
2469:             1             32  [Ljava.net.Proxy$Type;
2470:             1             32  [Ljava.text.Normalizer$Form;
2471:             1             32  [Ljava.time.format.DateTimeFormatter;
2472:             1             32  [Ljava.time.format.DateTimeFormatterBuilder$SettingsParser;
2473:             1             32  [Ljava.time.format.FormatStyle;
2474:             1             32  [Ljava.time.format.ResolverStyle;
2475:             1             32  [Ljava.time.temporal.IsoFields$Field;
2476:             1             32  [Ljava.util.stream.MatchOps$MatchKind;
2477:             1             32  [Ljava.util.stream.StreamShape;
2478:             1             32  [Lorg.apache.commons.logging.LogAdapter$LogApi;
2479:             1             32  [Lorg.apache.coyote.ErrorState;
2480:             1             32  [Lorg.apache.coyote.http11.Http11InputBuffer$HeaderParseStatus;
2481:             1             32  [Lorg.apache.tomcat.util.http.ConcurrentDateFormat;
2482:             1             32  [Lorg.apache.tomcat.util.http.parser.SkipResult;
2483:             1             32  [Lorg.apache.tomcat.util.log.UserDataHelper$Config;
2484:             1             32  [Lorg.apache.tomcat.util.log.UserDataHelper$Mode;
2485:             1             32  [Lorg.apache.tomcat.util.net.AbstractEndpoint$BindState;
2486:             1             32  [Lorg.apache.tomcat.util.net.Acceptor$AcceptorState;
2487:             1             32  [Lorg.apache.tomcat.util.net.SendfileState;
2488:             1             32  [Lorg.apache.tomcat.websocket.MessageHandlerResultType;
2489:             1             32  [Lorg.apache.tomcat.websocket.TransformationResult;
2490:             1             32  [Lorg.apache.tomcat.websocket.WsFrameBase$State;
2491:             1             32  [Lorg.apache.tomcat.websocket.WsSession$State;
2492:             1             32  [Lorg.hibernate.validator.internal.metadata.raw.ConfigurationSource;
2493:             1             32  [Lorg.hibernate.validator.internal.util.ConcurrentReferenceHashMap$ReferenceType;
2494:             1             32  [Lorg.springframework.boot.Banner$Mode;
2495:             1             32  [Lorg.springframework.boot.WebApplicationType;
2496:             1             32  [Lorg.springframework.boot.cloud.CloudPlatform;
2497:             1             32  [Lorg.springframework.boot.context.properties.source.ConfigurationPropertyName$Form;
2498:             1             32  [Lorg.springframework.boot.context.properties.source.ConfigurationPropertyState;
2499:             1             32  [Lorg.springframework.boot.devtools.filewatch.ChangedFile$Type;
2500:             1             32  [Lorg.springframework.boot.jdbc.DataSourceInitializationMode;
2501:             1             32  [Lorg.springframework.boot.jdbc.EmbeddedDatabaseConnection;
2502:             1             32  [Lorg.springframework.boot.web.servlet.ServletContextInitializer;
2503:             1             32  [Lorg.springframework.cglib.proxy.Callback;
2504:             1             32  [Lorg.springframework.expression.spel.SpelCompilerMode;
2505:             1             32  [Lorg.springframework.jdbc.datasource.embedded.EmbeddedDatabaseType;
2506:             1             32  [Lorg.springframework.jmx.support.RegistrationPolicy;
2507:             1             32  [Lorg.springframework.web.socket.sockjs.frame.SockJsFrameType;
2508:             1             32  [Lorg.springframework.web.socket.sockjs.transport.session.AbstractSockJsSession$State;
2509:             1             32  [Lorg.springframework.web.util.HierarchicalUriComponents$EncodeState;
2510:             1             32  [Lorg.zeroturnaround.javarebel.reporting.MessageType$SendFilterImpl;
2511:             1             32  [Lorg.zeroturnaround.javarebel.service.ServiceRequestPriority;
2512:             1             32  [Lsun.misc.ObjectInputFilter$Status;
2513:             2             32  [Lsun.reflect.annotation.TypeAnnotation;
2514:             1             32  [Lsun.security.ssl.CipherSuite$CipherType;
2515:             1             32  [Lsun.security.ssl.CipherSuite$PRF;
2516:             1             32  ch.qos.logback.classic.jul.LevelChangePropagator
2517:             1             32  ch.qos.logback.classic.pattern.LevelConverter
2518:             1             32  ch.qos.logback.classic.pattern.LineSeparatorConverter
2519:             1             32  ch.qos.logback.classic.pattern.MessageConverter
2520:             1             32  ch.qos.logback.classic.pattern.ThreadConverter
2521:             1             32  ch.qos.logback.classic.spi.LoggerContextVO
2522:             1             32  ch.qos.logback.core.helpers.CyclicBuffer
2523:             2             32  com.alibaba.fastjson.parser.deserializer.JSONPDeserializer
2524:             2             32  com.alibaba.fastjson.parser.deserializer.SqlDateDeserializer
2525:             2             32  com.alibaba.fastjson.serializer.MiscCodec
2526:             1             32  com.alibaba.fastjson.serializer.SerializeConfig
2527:             1             32  com.fasterxml.classmate.TypeBindings
2528:             1             32  com.fasterxml.jackson.annotation.JsonInclude$Value
2529:             1             32  com.fasterxml.jackson.databind.ObjectWriter$GeneratorSettings
2530:             1             32  com.fasterxml.jackson.databind.introspect.VisibilityChecker$Std
2531:             2             32  com.fasterxml.jackson.databind.node.JsonNodeFactory
2532:             2             32  com.fasterxml.jackson.databind.ser.impl.PropertySerializerMap$Empty
2533:             1             32  com.fasterxml.jackson.databind.ser.impl.StringArraySerializer
2534:             1             32  com.fasterxml.jackson.databind.ser.std.CalendarSerializer
2535:             1             32  com.fasterxml.jackson.databind.ser.std.DateSerializer
2536:             1             32  com.fasterxml.jackson.databind.ser.std.NumberSerializers$FloatSerializer
2537:             1             32  com.fasterxml.jackson.databind.ser.std.NumberSerializers$IntLikeSerializer
2538:             1             32  com.fasterxml.jackson.databind.ser.std.NumberSerializers$ShortSerializer
2539:             1             32  com.fasterxml.jackson.datatype.jsr310.ser.DurationSerializer
2540:             1             32  com.fasterxml.jackson.datatype.jsr310.ser.LocalDateSerializer
2541:             1             32  com.fasterxml.jackson.datatype.jsr310.ser.LocalDateTimeSerializer
2542:             1             32  com.fasterxml.jackson.datatype.jsr310.ser.LocalTimeSerializer
2543:             1             32  com.fasterxml.jackson.datatype.jsr310.ser.MonthDaySerializer
2544:             1             32  com.fasterxml.jackson.datatype.jsr310.ser.OffsetTimeSerializer
2545:             1             32  com.fasterxml.jackson.datatype.jsr310.ser.YearMonthSerializer
2546:             1             32  com.fasterxml.jackson.datatype.jsr310.ser.YearSerializer
2547:             2             32  com.sun.beans.WeakCache
2548:             1             32  com.sun.jmx.mbeanserver.Repository
2549:             1             32  com.sun.org.apache.xalan.internal.utils.FeatureManager$Feature
2550:             2             32  com.sun.org.apache.xerces.internal.impl.XMLDocumentScannerImpl$PrologDriver
2551:             2             32  com.sun.org.apache.xerces.internal.impl.XMLDocumentScannerImpl$TrailingMiscDriver
2552:             2             32  com.sun.org.apache.xerces.internal.impl.XMLDocumentScannerImpl$XMLDeclDriver
2553:             1             32  com.sun.org.apache.xerces.internal.impl.XMLEntityScanner$1
2554:             2             32  com.sun.org.apache.xerces.internal.impl.dv.dtd.ENTITYDatatypeValidator
2555:             1             32  com.sun.org.apache.xerces.internal.jaxp.SAXParserFactoryImpl
2556:             1             32  com.sun.org.apache.xerces.internal.util.NamespaceSupport
2557:             2             32  com.sun.proxy.$Proxy15
2558:             2             32  com.sun.proxy.$Proxy16
2559:             2             32  com.sun.proxy.$Proxy19
2560:             2             32  com.sun.proxy.$Proxy25
2561:             2             32  com.sun.proxy.$Proxy3
2562:             2             32  com.sun.proxy.$Proxy46
2563:             2             32  com.sun.proxy.$Proxy57
2564:             2             32  com.sun.proxy.$Proxy59
2565:             2             32  com.sun.proxy.$Proxy63
2566:             2             32  com.sun.proxy.$Proxy65
2567:             2             32  com.sun.proxy.$Proxy68
2568:             2             32  com.sun.proxy.$Proxy74
2569:             1             32  com.sysmin.core.jvm.service.impl.JstatImpl
2570:             1             32  com.zeroturnaround.javarebel.SDKConfigurationImpl
2571:             1             32  com.zeroturnaround.javarebel.SDKIntegrationImpl
2572:             1             32  com.zeroturnaround.javarebel.at
2573:             2             32  com.zeroturnaround.javarebel.ays
2574:             1             32  com.zeroturnaround.javarebel.bh
2575:             1             32  com.zeroturnaround.javarebel.bxq
2576:             1             32  com.zeroturnaround.javarebel.bz
2577:             1             32  com.zeroturnaround.javarebel.cec
2578:             1             32  com.zeroturnaround.javarebel.cfr
2579:             2             32  com.zeroturnaround.javarebel.cis
2580:             2             32  com.zeroturnaround.javarebel.cit
2581:             2             32  com.zeroturnaround.javarebel.cix
2582:             2             32  com.zeroturnaround.javarebel.ciy
2583:             2             32  com.zeroturnaround.javarebel.cjm
2584:             2             32  com.zeroturnaround.javarebel.di
2585:             2             32  com.zeroturnaround.javarebel.dj
2586:             2             32  com.zeroturnaround.javarebel.eb
2587:             2             32  com.zeroturnaround.javarebel.eq
2588:             1             32  com.zeroturnaround.javarebel.fi
2589:             2             32  com.zeroturnaround.javarebel.fs
2590:             2             32  com.zeroturnaround.javarebel.hac
2591:             2             32  com.zeroturnaround.javarebel.im
2592:             2             32  com.zeroturnaround.javarebel.ip
2593:             2             32  com.zeroturnaround.javarebel.is
2594:             2             32  com.zeroturnaround.javarebel.iv
2595:             2             32  com.zeroturnaround.javarebel.jj
2596:             1             32  com.zeroturnaround.javarebel.lk
2597:             1             32  com.zeroturnaround.javarebel.nb
2598:             1             32  com.zeroturnaround.javarebel.pk
2599:             1             32  com.zeroturnaround.javarebel.uy
2600:             1             32  com.zeroturnaround.javarebel.xn
2601:             1             32  com.zeroturnaround.javarebel.zh
2602:             2             32  com.zeroturnaround.jrebel.bundled.org.bouncycastle.jcajce.provider.asymmetric.dh.KeyFactorySpi
2603:             2             32  com.zeroturnaround.jrebel.bundled.org.bouncycastle.jcajce.provider.asymmetric.ecgost.KeyFactorySpi
2604:             1             32  java.beans.ThreadGroupContext
2605:             1             32  java.beans.ThreadGroupContext$1
2606:             1             32  java.io.SerializablePermission
2607:             1             32  java.io.WinNTFileSystem
2608:             1             32  java.lang.ArithmeticException
2609:             2             32  java.lang.ClassValue$Identity
2610:             2             32  java.lang.Float
2611:             1             32  java.lang.NullPointerException
2612:             1             32  java.lang.ProcessBuilder
2613:             2             32  java.lang.Shutdown$Lock
2614:             1             32  java.lang.reflect.WeakCache
2615:             1             32  java.lang.reflect.WeakCache$CacheKey
2616:             1             32  java.net.URI$Parser
2617:             2             32  java.nio.ByteOrder
2618:             2             32  java.rmi.server.RemoteObjectInvocationHandler
2619:             1             32  java.security.ProtectionDomain$WeakProtectionDomainKey
2620:             1             32  java.security.cert.PolicyQualifierInfo
2621:             1             32  java.text.DontCareFieldPosition
2622:             1             32  java.time.format.DateTimeFormatterBuilder$FractionPrinterParser
2623:             1             32  java.util.AbstractList$Itr
2624:             2             32  java.util.AbstractMap$1
2625:             1             32  java.util.LinkedHashMap$LinkedValueIterator
2626:             1             32  java.util.PriorityQueue
2627:             1             32  java.util.TreeMap$ValueIterator
2628:             1             32  java.util.UUID
2629:             1             32  java.util.concurrent.ConcurrentSkipListMap$HeadIndex
2630:             1             32  java.util.concurrent.DelayQueue
2631:             2             32  java.util.concurrent.atomic.AtomicReferenceArray
2632:             2             32  java.util.logging.ErrorManager
2633:             1             32  java.util.logging.LogManager$SystemLoggerContext
2634:             1             32  javax.crypto.spec.RC5ParameterSpec
2635:             1             32  org.apache.catalina.authenticator.jaspic.AuthConfigFactoryImpl
2636:             1             32  org.apache.catalina.mapper.Mapper$MappedHost
2637:             1             32  org.apache.coyote.AbstractProtocol$ConnectionHandler
2638:             1             32  org.apache.coyote.CompressionConfig
2639:             1             32  org.apache.logging.log4j.status.StatusLogger$BoundedQueue
2640:             2             32  org.apache.logging.log4j.util.EnvironmentPropertySource
2641:             2             32  org.apache.logging.log4j.util.PropertiesUtil
2642:             2             32  org.apache.logging.log4j.util.PropertyFilePropertySource
2643:             2             32  org.apache.logging.log4j.util.PropertySource$Comparator
2644:             2             32  org.apache.logging.log4j.util.SystemPropertiesPropertySource
2645:             1             32  org.apache.tomcat.util.collections.ManagedConcurrentWeakHashMap
2646:             1             32  org.apache.tomcat.util.descriptor.web.LoginConfig
2647:             1             32  org.apache.tomcat.util.http.NamesEnumerator
2648:             1             32  org.apache.tomcat.util.scan.StandardJarScanner
2649:             1             32  org.apache.tomcat.util.threads.LimitLatch
2650:             1             32  org.apache.tomcat.util.threads.LimitLatch$Sync
2651:             1             32  org.apache.tomcat.util.threads.TaskThreadFactory
2652:             1             32  org.apache.tomcat.websocket.BackgroundProcessManager
2653:             2             32  org.apache.tomcat.websocket.WsRemoteEndpointAsync
2654:             2             32  org.apache.tomcat.websocket.WsRemoteEndpointBasic
2655:             2             32  org.apache.tomcat.websocket.WsRemoteEndpointImplBase$IntermediateMessageHandler
2656:             2             32  org.apache.tomcat.websocket.WsRemoteEndpointImplBase$StateMachine
2657:             1             32  org.apache.tomcat.websocket.server.WsWriteTimeout
2658:             1             32  org.hibernate.validator.internal.cfg.context.DefaultConstraintMapping
2659:             1             32  org.hibernate.validator.internal.engine.ValidatorFactoryImpl$BeanMetaDataManagerKey
2660:             1             32  org.hibernate.validator.internal.engine.constraintvalidation.HibernateConstraintValidatorInitializationContextImpl
2661:             1             32  org.hibernate.validator.internal.engine.scripting.DefaultScriptEvaluatorFactory
2662:             1             32  org.hibernate.validator.internal.engine.valueextraction.ValueExtractorResolver
2663:             1             32  org.hibernate.validator.internal.metadata.core.ConstraintHelper
2664:             1             32  org.hibernate.validator.internal.metadata.provider.AnnotationMetaDataProvider
2665:             1             32  org.hibernate.validator.internal.metadata.raw.BeanConfiguration
2666:             1             32  org.springframework.beans.factory.support.AbstractAutowireCapableBeanFactory$$Lambda$114/460741164
2667:             1             32  org.springframework.beans.factory.support.AbstractBeanFactory$$Lambda$113/1495608502
2668:             1             32  org.springframework.beans.factory.support.BeanDefinitionDefaults
2669:             1             32  org.springframework.beans.propertyeditors.CustomMapEditor
2670:             1             32  org.springframework.beans.propertyeditors.PatternEditor
2671:             1             32  org.springframework.boot.DefaultApplicationArguments$Source
2672:             1             32  org.springframework.boot.admin.SpringApplicationAdminMXBeanRegistrar
2673:             1             32  org.springframework.boot.autoconfigure.condition.ConditionEvaluationReport
2674:             1             32  org.springframework.boot.autoconfigure.context.ConfigurationPropertiesAutoConfiguration$$EnhancerBySpringCGLIB$$13bb488c
2675:             1             32  org.springframework.boot.autoconfigure.context.PropertyPlaceholderAutoConfiguration$$EnhancerBySpringCGLIB$$24e82f77
2676:             1             32  org.springframework.boot.autoconfigure.dao.PersistenceExceptionTranslationAutoConfiguration$$EnhancerBySpringCGLIB$$e890c151
2677:             1             32  org.springframework.boot.autoconfigure.http.HttpProperties$Encoding
2678:             1             32  org.springframework.boot.autoconfigure.http.JacksonHttpMessageConvertersConfiguration$$EnhancerBySpringCGLIB$$a1bc7f00
2679:             1             32  org.springframework.boot.autoconfigure.http.JacksonHttpMessageConvertersConfiguration$MappingJackson2HttpMessageConverterConfiguration$$EnhancerBySpringCGLIB$$ab494b72
2680:             1             32  org.springframework.boot.autoconfigure.http.codec.CodecsAutoConfiguration$$EnhancerBySpringCGLIB$$96d9503b
2681:             1             32  org.springframework.boot.autoconfigure.http.codec.CodecsAutoConfiguration$JacksonCodecConfiguration$$EnhancerBySpringCGLIB$$8c0bd88a
2682:             1             32  org.springframework.boot.autoconfigure.http.codec.CodecsAutoConfiguration$LoggingCodecConfiguration$$EnhancerBySpringCGLIB$$c107a916
2683:             1             32  org.springframework.boot.autoconfigure.jackson.JacksonAutoConfiguration$$EnhancerBySpringCGLIB$$61d0da5e
2684:             1             32  org.springframework.boot.autoconfigure.jackson.JacksonAutoConfiguration$Jackson2ObjectMapperBuilderCustomizerConfiguration$$EnhancerBySpringCGLIB$$ed28e4d7
2685:             1             32  org.springframework.boot.autoconfigure.jackson.JacksonAutoConfiguration$JacksonObjectMapperConfiguration$$EnhancerBySpringCGLIB$$7fc53ccf
2686:             1             32  org.springframework.boot.autoconfigure.jackson.JacksonAutoConfiguration$ParameterNamesModuleConfiguration$$EnhancerBySpringCGLIB$$13f45c05
2687:             1             32  org.springframework.boot.autoconfigure.jdbc.DataSourceAutoConfiguration$$EnhancerBySpringCGLIB$$625609e
2688:             1             32  org.springframework.boot.autoconfigure.jdbc.DataSourceAutoConfiguration$PooledDataSourceConfiguration$$EnhancerBySpringCGLIB$$a2d5ae30
2689:             1             32  org.springframework.boot.autoconfigure.jdbc.DataSourceInitializationConfiguration$$EnhancerBySpringCGLIB$$bf97af2d
2690:             1             32  org.springframework.boot.autoconfigure.jdbc.DataSourceInitializerInvoker
2691:             1             32  org.springframework.boot.autoconfigure.jdbc.DataSourceJmxConfiguration$$EnhancerBySpringCGLIB$$f3912a10
2692:             1             32  org.springframework.boot.autoconfigure.jdbc.DataSourceTransactionManagerAutoConfiguration$$EnhancerBySpringCGLIB$$3508ad8f
2693:             1             32  org.springframework.boot.autoconfigure.jdbc.JdbcTemplateAutoConfiguration$$EnhancerBySpringCGLIB$$4415f22e
2694:             1             32  org.springframework.boot.autoconfigure.jdbc.JdbcTemplateAutoConfiguration$NamedParameterJdbcTemplateConfiguration$$EnhancerBySpringCGLIB$$2e9de2db
2695:             1             32  org.springframework.boot.autoconfigure.jdbc.metadata.DataSourcePoolMetadataProvidersConfiguration$$EnhancerBySpringCGLIB$$122a57f
2696:             1             32  org.springframework.boot.autoconfigure.jdbc.metadata.DataSourcePoolMetadataProvidersConfiguration$HikariPoolDataSourceMetadataProviderConfiguration$$EnhancerBySpringCGLIB$$8488e522
2697:             1             32  org.springframework.boot.autoconfigure.jmx.ParentAwareNamingStrategy
2698:             1             32  org.springframework.boot.autoconfigure.logging.ConditionEvaluationReportLoggingListener
2699:             1             32  org.springframework.boot.autoconfigure.task.TaskExecutionProperties$Pool
2700:             1             32  org.springframework.boot.autoconfigure.task.TaskSchedulingAutoConfiguration$$EnhancerBySpringCGLIB$$d7f13954
2701:             1             32  org.springframework.boot.autoconfigure.transaction.TransactionAutoConfiguration$$EnhancerBySpringCGLIB$$b8a5b848
2702:             1             32  org.springframework.boot.autoconfigure.validation.ValidationAutoConfiguration$$EnhancerBySpringCGLIB$$95314dc8
2703:             1             32  org.springframework.boot.autoconfigure.web.ErrorProperties
2704:             1             32  org.springframework.boot.autoconfigure.web.ResourceProperties
2705:             1             32  org.springframework.boot.autoconfigure.web.ServerProperties$Jetty
2706:             1             32  org.springframework.boot.autoconfigure.web.ServerProperties$Servlet
2707:             1             32  org.springframework.boot.autoconfigure.web.ServerProperties$Undertow$Accesslog
2708:             1             32  org.springframework.boot.autoconfigure.web.embedded.EmbeddedWebServerFactoryCustomizerAutoConfiguration$$EnhancerBySpringCGLIB$$3999bd20
2709:             1             32  org.springframework.boot.autoconfigure.web.embedded.EmbeddedWebServerFactoryCustomizerAutoConfiguration$TomcatWebServerFactoryCustomizerConfiguration$$EnhancerBySpringCGLIB$$2a5d4a0c
2710:             1             32  org.springframework.boot.autoconfigure.web.servlet.DispatcherServletAutoConfiguration$$EnhancerBySpringCGLIB$$129411fb
2711:             2             32  org.springframework.boot.autoconfigure.web.servlet.DispatcherServletAutoConfiguration$DefaultDispatcherServletCondition
2712:             2             32  org.springframework.boot.autoconfigure.web.servlet.DispatcherServletAutoConfiguration$DispatcherServletRegistrationCondition
2713:             1             32  org.springframework.boot.autoconfigure.web.servlet.MultipartProperties
2714:             1             32  org.springframework.boot.autoconfigure.web.servlet.ServletWebServerFactoryAutoConfiguration$$EnhancerBySpringCGLIB$$13eae4a1
2715:             1             32  org.springframework.boot.autoconfigure.web.servlet.ServletWebServerFactoryConfiguration$EmbeddedTomcat$$EnhancerBySpringCGLIB$$8eb42f28
2716:             1             32  org.springframework.boot.autoconfigure.web.servlet.WebMvcAutoConfiguration$$EnhancerBySpringCGLIB$$5873fbb5
2717:             1             32  org.springframework.boot.autoconfigure.web.servlet.error.DefaultErrorViewResolver
2718:             1             32  org.springframework.boot.autoconfigure.websocket.servlet.WebSocketMessagingAutoConfiguration$$EnhancerBySpringCGLIB$$d0cb3091
2719:             1             32  org.springframework.boot.autoconfigure.websocket.servlet.WebSocketServletAutoConfiguration$$EnhancerBySpringCGLIB$$e520a710
2720:             1             32  org.springframework.boot.autoconfigure.websocket.servlet.WebSocketServletAutoConfiguration$TomcatWebSocketConfiguration$$EnhancerBySpringCGLIB$$9ccbd22d
2721:             1             32  org.springframework.boot.context.config.ConfigFileApplicationListener
2722:             1             32  org.springframework.boot.context.logging.LoggingApplicationListener
2723:             1             32  org.springframework.boot.context.properties.bind.Binder
2724:             1             32  org.springframework.boot.convert.ApplicationConversionService
2725:             2             32  org.springframework.boot.convert.ArrayToDelimitedStringConverter
2726:             2             32  org.springframework.boot.convert.DelimitedStringToArrayConverter
2727:             2             32  org.springframework.boot.convert.DelimitedStringToCollectionConverter
2728:             2             32  org.springframework.boot.convert.StringToDataSizeConverter
2729:             2             32  org.springframework.boot.convert.StringToDurationConverter
2730:             1             32  org.springframework.boot.devtools.autoconfigure.DevToolsDataSourceAutoConfiguration$$EnhancerBySpringCGLIB$$fef5cc75
2731:             1             32  org.springframework.boot.devtools.autoconfigure.LocalDevToolsAutoConfiguration$$EnhancerBySpringCGLIB$$6b3a4683
2732:             1             32  org.springframework.boot.devtools.autoconfigure.RemoteDevToolsProperties
2733:             1             32  org.springframework.boot.devtools.classpath.ClassPathFileSystemWatcher
2734:             1             32  org.springframework.boot.devtools.restart.ClassLoaderFilesResourcePatternResolver$WebApplicationContextResourceLoader
2735:             1             32  org.springframework.boot.env.OriginTrackedMapPropertySource
2736:             1             32  org.springframework.boot.env.SystemEnvironmentPropertySourceEnvironmentPostProcessor$OriginAwareSystemEnvironmentPropertySource
2737:             1             32  org.springframework.boot.logging.logback.LogbackLoggingSystem$1
2738:             1             32  org.springframework.boot.web.embedded.tomcat.TomcatWebServer
2739:             1             32  org.springframework.boot.web.server.Compression
2740:             2             32  org.springframework.boot.web.server.MimeMappings
2741:             1             32  org.springframework.cglib.core.AbstractClassGenerator$ClassLoaderData
2742:             1             32  org.springframework.cglib.core.ClassNameReader$EarlyExitException
2743:             2             32  org.springframework.cglib.proxy.DispatcherGenerator
2744:             1             32  org.springframework.context.annotation.AnnotatedBeanDefinitionReader
2745:             1             32  org.springframework.context.annotation.ComponentScanAnnotationParser
2746:             2             32  org.springframework.context.annotation.ConditionEvaluator
2747:             1             32  org.springframework.context.annotation.ContextAnnotationAutowireCandidateResolver$1
2748:             2             32  org.springframework.context.expression.BeanExpressionContextAccessor
2749:             2             32  org.springframework.context.expression.BeanFactoryAccessor
2750:             2             32  org.springframework.context.expression.BeanFactoryResolver
2751:             2             32  org.springframework.context.expression.EnvironmentAccessor
2752:             2             32  org.springframework.context.expression.MapAccessor
2753:             1             32  org.springframework.context.support.DefaultLifecycleProcessor
2754:             1             32  org.springframework.context.support.DelegatingMessageSource
2755:             1             32  org.springframework.context.support.PropertySourcesPlaceholderConfigurer$1
2756:             2             32  org.springframework.core.convert.support.GenericConversionService$NoOpConverter
2757:             2             32  org.springframework.core.convert.support.StringToNumberConverterFactory$StringToNumber
2758:             2             32  org.springframework.core.env.AbstractPropertyResolver$$Lambda$72/527829831
2759:             1             32  org.springframework.core.env.PropertiesPropertySource
2760:             1             32  org.springframework.core.env.SystemEnvironmentPropertySource
2761:             1             32  org.springframework.format.support.DefaultFormattingConversionService
2762:             1             32  org.springframework.http.server.ServletServerHttpRequest
2763:             2             32  org.springframework.jmx.export.annotation.AnnotationJmxAttributeSource
2764:             1             32  org.springframework.jmx.export.assembler.MetadataMBeanInfoAssembler
2765:             1             32  org.springframework.messaging.converter.ByteArrayMessageConverter
2766:             1             32  org.springframework.messaging.handler.annotation.support.DestinationVariableMethodArgumentResolver
2767:             1             32  org.springframework.messaging.handler.annotation.support.HeaderMethodArgumentResolver
2768:             1             32  org.springframework.messaging.simp.stomp.BufferingStompDecoder
2769:             1             32  org.springframework.scheduling.annotation.SchedulingConfiguration$$EnhancerBySpringCGLIB$$c58073b9
2770:             1             32  org.springframework.scheduling.config.FixedRateTask
2771:             1             32  org.springframework.transaction.annotation.AnnotationTransactionAttributeSource
2772:             2             32  org.springframework.util.AlternativeJdkIdGenerator
2773:             2             32  org.springframework.validation.DefaultBindingErrorProcessor
2774:             2             32  org.springframework.web.method.annotation.RequestParamMapMethodArgumentResolver
2775:             1             32  org.springframework.web.servlet.HandlerExecutionChain
2776:             1             32  org.springframework.web.servlet.mvc.method.RequestMappingInfo$BuilderConfiguration
2777:             2             32  org.springframework.web.servlet.mvc.method.annotation.JsonViewResponseBodyAdvice
2778:             2             32  org.springframework.web.servlet.mvc.method.annotation.MatrixVariableMapMethodArgumentResolver
2779:             2             32  org.springframework.web.servlet.mvc.method.annotation.ModelAndViewMethodReturnValueHandler
2780:             2             32  org.springframework.web.servlet.mvc.method.annotation.PathVariableMapMethodArgumentResolver
2781:             1             32  org.springframework.web.servlet.mvc.method.annotation.ReactiveTypeHandler
2782:             2             32  org.springframework.web.servlet.mvc.method.annotation.RedirectAttributesMethodArgumentResolver
2783:             1             32  org.springframework.web.servlet.mvc.method.annotation.RequestMappingHandlerAdapter$$Lambda$440/161765989
2784:             1             32  org.springframework.web.servlet.mvc.method.annotation.RequestPartMethodArgumentResolver
2785:             1             32  org.springframework.web.servlet.mvc.method.annotation.ServletCookieValueMethodArgumentResolver
2786:             2             32  org.springframework.web.servlet.mvc.method.annotation.ViewMethodReturnValueHandler
2787:             2             32  org.springframework.web.servlet.mvc.method.annotation.ViewNameMethodReturnValueHandler
2788:             1             32  org.springframework.web.servlet.resource.ResourceUrlProvider
2789:             1             32  org.springframework.web.servlet.view.BeanNameViewResolver
2790:             1             32  org.springframework.web.servlet.view.DefaultRequestToViewNameTranslator
2791:             1             32  org.springframework.web.socket.config.annotation.WebSocketTransportRegistration
2792:             1             32  org.springframework.web.socket.messaging.DefaultSimpUserRegistry
2793:             1             32  org.springframework.web.socket.messaging.SubProtocolWebSocketHandler$WebSocketSessionHolder
2794:             1             32  org.springframework.web.socket.server.support.DefaultHandshakeHandler
2795:             1             32  org.springframework.web.socket.sockjs.transport.handler.WebSocketTransportHandler
2796:             2             32  org.zeroturnaround.javarebel.integration.generic.StandardClassLoaderCBP
2797:             2             32  org.zeroturnaround.javarebel.integration.glassfish.GlassfishWsOptionsCBP
2798:             2             32  org.zeroturnaround.javarebel.integration.glassfish.WsgenToolCBP
2799:             2             32  org.zeroturnaround.javarebel.integration.jboss7.ConcurrentClassLoaderCBP
2800:             2             32  org.zeroturnaround.javarebel.integration.jboss7.ModuleCBP
2801:             2             32  org.zeroturnaround.javarebel.integration.jboss7.ModuleClassLoaderCBP
2802:             2             32  org.zeroturnaround.javarebel.integration.jboss7.ModuleLoaderCBP
2803:             2             32  org.zeroturnaround.javarebel.integration.jboss7.PathUtilsCBP
2804:             2             32  org.zeroturnaround.javarebel.integration.prosyst.ProSystFrameworkLoaderCBP
2805:             2             32  org.zeroturnaround.javarebel.integration.sap.SapResourceLoaderCBP
2806:             2             32  org.zeroturnaround.javarebel.integration.support.CacheAwareJavassistClassBytecodeProcessor$CachingPolicy
2807:             2             32  org.zeroturnaround.javarebel.integration.util.MiscUtil$2
2808:             2             32  org.zeroturnaround.javarebel.integration.util.MonitorUtil$Counter
2809:             1             32  org.zeroturnaround.javarebel.integration.util.RequestListenerUtil$BoundRequestListener
2810:             1             32  org.zeroturnaround.javarebel.reporting.backend.impl.BrowserController
2811:             1             32  org.zeroturnaround.javarebel.reporting.backend.impl.SegmentIOBackend
2812:             1             32  org.zeroturnaround.javarebel.reporting.model.JRebelMetadata
2813:             1             32  org.zeroturnaround.javarebel.reporting.model.UserMetadata
2814:             1             32  org.zeroturnaround.javarebel.reporting.stats.repository.impl.RepositoryMetricsStatistics$ModuleInfo
2815:             1             32  org.zeroturnaround.javarebel.spring.SpringMetrics$CountData
2816:             1             32  org.zeroturnaround.jrebel.intellij.ComposerMessageRegistry
2817:             1             32  sun.instrument.InstrumentationImpl
2818:             2             32  sun.management.jmxremote.ConnectorBootstrap$PermanentExporter
2819:             1             32  sun.management.jmxremote.LocalRMIServerSocketFactory$1
2820:             1             32  sun.management.jmxremote.SingleEntryRegistry
2821:             1             32  sun.misc.FloatingDecimal$ASCIIToBinaryBuffer
2822:             2             32  sun.net.www.protocol.file.Handler
2823:             1             32  sun.nio.ch.ServerSocketAdaptor
2824:             1             32  sun.nio.ch.SharedFileLockTable$FileLockReference
2825:             2             32  sun.nio.ch.SocketDispatcher
2826:             1             32  sun.nio.cs.StandardCharsets
2827:             1             32  sun.nio.fs.WindowsFileSystem
2828:             1             32  sun.reflect.annotation.AnnotatedTypeFactory$AnnotatedTypeBaseImpl
2829:             1             32  sun.rmi.transport.DGCImpl$LeaseInfo
2830:             1             32  sun.rmi.transport.proxy.RMIMasterSocketFactory
2831:             2             32  sun.rmi.transport.tcp.TCPTransport$ConnectionHandler$$Lambda$6/607160599
2832:             1             32  sun.security.provider.PolicyFile
2833:             1             32  sun.security.provider.PolicyFile$PolicyInfo
2834:             2             32  sun.security.ssl.Authenticator
2835:             2             32  sun.security.ssl.SSLAlgorithmDecomposer
2836:             2             32  sun.security.ssl.SessionId
2837:             1             32  sun.security.validator.SimpleValidator
2838:             1             32  sun.text.CompactByteArray
2839:             1             24  [Lch.qos.logback.core.joran.spi.ConsoleTarget;
2840:             1             24  [Lch.qos.logback.core.subst.Node$Type;
2841:             1             24  [Lcom.fasterxml.jackson.databind.AnnotationIntrospector$ReferenceProperty$Type;
2842:             1             24  [Lcom.fasterxml.jackson.databind.Module;
2843:             1             24  [Lcom.sun.org.apache.xalan.internal.utils.FeatureManager$Feature;
2844:             1             24  [Lcom.sun.org.apache.xalan.internal.utils.XMLSecurityPropertyManager$Property;
2845:             1             24  [Lcom.sun.org.apache.xerces.internal.utils.XMLSecurityPropertyManager$Property;
2846:             1             24  [Lcom.sysmin.core.jvm.enums.JpsType;
2847:             1             24  [Lcom.sysmin.core.jvm.enums.JstackType;
2848:             1             24  [Lcom.zeroturnaround.javarebel.bwb;
2849:             1             24  [Lcom.zeroturnaround.javarebel.bwc;
2850:             1             24  [Lcom.zeroturnaround.javarebel.cfx;
2851:             1             24  [Lcom.zeroturnaround.javarebel.i;
2852:             1             24  [Lcom.zeroturnaround.javarebel.internalsdk.Internal$CoreVersion;
2853:             1             24  [Lcom.zeroturnaround.javarebel.z;
2854:             1             24  [Lcom.zeroturnaround.javarebel.zj;
2855:             1             24  [Ljava.io.File$PathStatus;
2856:             1             24  [Ljava.net.InetAddress$Cache$Type;
2857:             1             24  [Ljava.net.StandardProtocolFamily;
2858:             1             24  [Ljava.time.ZoneOffset;
2859:             1             24  [Ljava.time.temporal.IsoFields$Unit;
2860:             1             24  [Ljava.util.Locale$Category;
2861:             1             24  [Lorg.apache.catalina.Service;
2862:             1             24  [Lorg.apache.catalina.WebResource;
2863:             1             24  [Lorg.apache.catalina.mapper.Mapper$ContextVersion;
2864:             1             24  [Lorg.apache.catalina.mapper.Mapper$MappedContext;
2865:             1             24  [Lorg.apache.catalina.mapper.Mapper$MappedHost;
2866:             1             24  [Lorg.apache.tomcat.util.IntrospectionUtils$PropertySource;
2867:             1             24  [Lorg.apache.tomcat.util.buf.UEncoder$SafeCharsSet;
2868:             1             24  [Lorg.apache.tomcat.util.net.NioEndpoint$Poller;
2869:             1             24  [Lorg.hibernate.validator.internal.metadata.descriptor.ConstraintDescriptorImpl$ConstraintType;
2870:             1             24  [Lorg.springframework.boot.autoconfigure.condition.ConditionMessage$Style;
2871:             1             24  [Lorg.springframework.boot.autoconfigure.condition.FilteringSpringBootCondition$ClassNameFilter;
2872:             1             24  [Lorg.springframework.boot.autoconfigure.http.HttpProperties$Encoding$Type;
2873:             1             24  [Lorg.springframework.boot.autoconfigure.web.servlet.WebMvcProperties$LocaleResolver;
2874:             1             24  [Lorg.springframework.boot.context.ConfigurationWarningsApplicationContextInitializer$Check;
2875:             1             24  [Lorg.springframework.boot.convert.DurationStyle;
2876:             1             24  [Lorg.springframework.context.annotation.ConfigurationCondition$ConfigurationPhase;
2877:             1             24  [Lorg.springframework.context.annotation.MBeanExportConfiguration$SpecificPlatform;
2878:             1             24  [Lorg.springframework.core.ResolvableType$WildcardBounds$Kind;
2879:             1             24  [Lorg.springframework.expression.PropertyAccessor;
2880:             1             24  [Lorg.springframework.util.ConcurrentReferenceHashMap$ReferenceType;
2881:             1             24  [Lorg.springframework.util.ConcurrentReferenceHashMap$Restructure;
2882:             1             24  [Lorg.springframework.web.socket.handler.ConcurrentWebSocketSessionDecorator$OverflowStrategy;
2883:             1             24  [Lorg.zeroturnaround.javarebel.reporting.backend.impl.SegmentIOBackend$METHOD;
2884:             1             24  [Lorg.zeroturnaround.javarebel.reporting.interceptors.MessageInterceptor;
2885:             1             24  [Lsun.launcher.LauncherHelper;
2886:             1             24  [Lsun.misc.JavaSecurityProtectionDomainAccess$ProtectionDomainCache;
2887:             1             24  ch.qos.logback.classic.BasicConfigurator
2888:             1             24  ch.qos.logback.classic.spi.TurboFilterList
2889:             1             24  ch.qos.logback.classic.util.ContextSelectorStaticBinder
2890:             1             24  ch.qos.logback.classic.util.LogbackMDCAdapter
2891:             1             24  com.alibaba.fastjson.parser.SymbolTable
2892:             1             24  com.alibaba.fastjson.parser.deserializer.ASMDeserializerFactory
2893:             1             24  com.alibaba.fastjson.serializer.ASMSerializerFactory
2894:             1             24  com.fasterxml.classmate.util.LRUTypeCache
2895:             1             24  com.fasterxml.jackson.annotation.JsonFormat$Features
2896:             1             24  com.fasterxml.jackson.annotation.JsonIgnoreProperties$Value
2897:             1             24  com.fasterxml.jackson.annotation.JsonSetter$Value
2898:             1             24  com.fasterxml.jackson.core.util.MinimalPrettyPrinter
2899:             1             24  com.fasterxml.jackson.core.util.Separators
2900:             1             24  com.fasterxml.jackson.databind.AnnotationIntrospector$ReferenceProperty
2901:             1             24  com.fasterxml.jackson.databind.ObjectWriter$Prefetch
2902:             1             24  com.fasterxml.jackson.databind.cfg.ContextAttributes$Impl
2903:             1             24  com.fasterxml.jackson.databind.introspect.JacksonAnnotationIntrospector
2904:             1             24  com.fasterxml.jackson.databind.introspect.TypeResolutionContext$Basic
2905:             1             24  com.fasterxml.jackson.databind.ser.impl.FailingSerializer
2906:             1             24  com.fasterxml.jackson.databind.ser.std.StdKeySerializers$Default
2907:             1             24  com.fasterxml.jackson.datatype.jsr310.deser.LocalDateDeserializer
2908:             1             24  com.fasterxml.jackson.datatype.jsr310.deser.LocalDateTimeDeserializer
2909:             1             24  com.fasterxml.jackson.datatype.jsr310.deser.LocalTimeDeserializer
2910:             1             24  com.fasterxml.jackson.datatype.jsr310.deser.MonthDayDeserializer
2911:             1             24  com.fasterxml.jackson.datatype.jsr310.deser.OffsetTimeDeserializer
2912:             1             24  com.fasterxml.jackson.datatype.jsr310.deser.YearDeserializer
2913:             1             24  com.fasterxml.jackson.datatype.jsr310.deser.YearMonthDeserializer
2914:             1             24  com.fasterxml.jackson.module.paramnames.ParameterNamesAnnotationIntrospector
2915:             1             24  com.sun.beans.util.Cache$Kind$1
2916:             1             24  com.sun.beans.util.Cache$Kind$2
2917:             1             24  com.sun.beans.util.Cache$Kind$3
2918:             1             24  com.sun.crypto.provider.TlsMasterSecretGenerator$TlsMasterSecretKey
2919:             1             24  com.sun.jmx.mbeanserver.ClassLoaderRepositorySupport
2920:             1             24  com.sun.jmx.mbeanserver.MXBeanLookup
2921:             1             24  com.sun.jmx.mbeanserver.StandardMBeanSupport
2922:             1             24  com.sun.org.apache.xerces.internal.impl.Constants$ArrayEnumeration
2923:             1             24  com.sun.org.apache.xerces.internal.impl.XMLDocumentScannerImpl$ContentDriver
2924:             1             24  com.sun.org.apache.xerces.internal.impl.XMLNSDocumentScannerImpl$NSContentDriver
2925:             1             24  com.sun.org.apache.xerces.internal.impl.msg.XMLMessageFormatter
2926:             1             24  com.sun.org.apache.xerces.internal.impl.validation.ValidationManager
2927:             1             24  com.sun.org.apache.xerces.internal.parsers.AbstractSAXParser$LocatorProxy
2928:             1             24  com.sun.org.apache.xerces.internal.utils.XMLSecurityPropertyManager
2929:             1             24  com.sysmin.controller.LogController
2930:             1             24  com.sysmin.controller.jvm.JpsController
2931:             1             24  com.sysmin.controller.jvm.JpsController$$M$_jr_2EAFFFDEFB8067EE_1
2932:             1             24  com.sysmin.core.jvm.enums.JstackType
2933:             1             24  com.zeroturnaround.javarebel.ab
2934:             1             24  com.zeroturnaround.javarebel.abl
2935:             1             24  com.zeroturnaround.javarebel.ac
2936:             1             24  com.zeroturnaround.javarebel.ad
2937:             1             24  com.zeroturnaround.javarebel.bg
2938:             1             24  com.zeroturnaround.javarebel.bp
2939:             1             24  com.zeroturnaround.javarebel.bug
2940:             1             24  com.zeroturnaround.javarebel.buk
2941:             1             24  com.zeroturnaround.javarebel.cbj
2942:             1             24  com.zeroturnaround.javarebel.ccj
2943:             1             24  com.zeroturnaround.javarebel.ccs
2944:             1             24  com.zeroturnaround.javarebel.cdi
2945:             1             24  com.zeroturnaround.javarebel.ceg
2946:             1             24  com.zeroturnaround.javarebel.cgs
2947:             1             24  com.zeroturnaround.javarebel.cjc
2948:             1             24  com.zeroturnaround.javarebel.ckm
2949:             1             24  com.zeroturnaround.javarebel.cph
2950:             1             24  com.zeroturnaround.javarebel.cpk
2951:             1             24  com.zeroturnaround.javarebel.ex
2952:             1             24  com.zeroturnaround.javarebel.gdj
2953:             1             24  com.zeroturnaround.javarebel.gua
2954:             1             24  com.zeroturnaround.javarebel.gvg
2955:             1             24  com.zeroturnaround.javarebel.internalsdk.InternalImpl
2956:             1             24  com.zeroturnaround.javarebel.lx
2957:             1             24  com.zeroturnaround.javarebel.mt
2958:             1             24  com.zeroturnaround.javarebel.ni
2959:             1             24  com.zeroturnaround.javarebel.nz
2960:             1             24  com.zeroturnaround.javarebel.oe
2961:             1             24  com.zeroturnaround.javarebel.q
2962:             1             24  com.zeroturnaround.javarebel.ra
2963:             1             24  com.zeroturnaround.javarebel.tf
2964:             1             24  com.zeroturnaround.javarebel.xb
2965:             1             24  com.zeroturnaround.javarebel.yn
2966:             1             24  com.zeroturnaround.javarebel.zp
2967:             1             24  com.zeroturnaround.javarebel.zs
2968:             1             24  com.zeroturnaround.jrebel.bundled.org.apache.commons.logging.impl.SLF4JLogFactory
2969:             1             24  com.zeroturnaround.jrebel.bundled.org.apache.http.impl.execchain.HttpResponseProxy
2970:             1             24  com.zeroturnaround.jrebel.bundled.org.apache.http.impl.execchain.j
2971:             1             24  com.zeroturnaround.jrebel.bundled.org.slf4j.helpers.FormattingTuple
2972:             1             24  com.zeroturnaround.reload.h
2973:             1             24  com.zeroturnaround.reload.jvmti.MinimalInstrumentation
2974:             1             24  java.lang.ProcessImpl$2
2975:             1             24  java.lang.invoke.DirectMethodHandle$EnsureInitialized
2976:             1             24  java.lang.invoke.MethodHandleImpl$4
2977:             1             24  java.lang.invoke.MethodType$ConcurrentWeakInternSet
2978:             1             24  java.math.MutableBigInteger
2979:             1             24  java.net.Inet6AddressImpl
2980:             1             24  java.net.Proxy
2981:             1             24  java.net.URLClassLoader$1
2982:             1             24  java.rmi.dgc.VMID
2983:             1             24  java.security.Policy$PolicyInfo
2984:             1             24  java.security.Policy$UnsupportedEmptyCollection
2985:             1             24  java.security.ProtectionDomain$PDCache
2986:             1             24  java.sql.DriverInfo
2987:             1             24  java.text.BreakIterator$BreakIteratorCache
2988:             1             24  java.time.ZoneRegion
2989:             1             24  java.time.format.DecimalStyle
2990:             1             24  java.time.temporal.IsoFields$Field$1
2991:             1             24  java.time.temporal.IsoFields$Field$2
2992:             1             24  java.time.temporal.IsoFields$Field$3
2993:             1             24  java.time.temporal.IsoFields$Field$4
2994:             1             24  java.util.Collections$EmptyMap
2995:             1             24  java.util.Locale$Cache
2996:             1             24  java.util.PropertyPermissionCollection
2997:             1             24  java.util.ResourceBundle$Control$CandidateListCache
2998:             1             24  java.util.concurrent.ConcurrentSkipListMap$Node
2999:             1             24  java.util.concurrent.Executors$DelegatedScheduledExecutorService
3000:             1             24  java.util.concurrent.TimeUnit$1
3001:             1             24  java.util.concurrent.TimeUnit$2
3002:             1             24  java.util.concurrent.TimeUnit$3
3003:             1             24  java.util.concurrent.TimeUnit$4
3004:             1             24  java.util.concurrent.TimeUnit$5
3005:             1             24  java.util.concurrent.TimeUnit$6
3006:             1             24  java.util.concurrent.TimeUnit$7
3007:             1             24  java.util.logging.LogManager$LoggerContext
3008:             1             24  java.util.logging.LoggingPermission
3009:             1             24  javax.crypto.spec.RC2ParameterSpec
3010:             1             24  javax.el.ExpressionFactory$CacheKey
3011:             1             24  javax.el.Util$CacheKey
3012:             1             24  javax.net.ssl.SNIHostName
3013:             1             24  javax.websocket.CloseReason
3014:             1             24  javax.websocket.SendResult
3015:             1             24  org.apache.catalina.connector.CoyoteAdapter
3016:             1             24  org.apache.catalina.core.ApplicationContextFacade
3017:             1             24  org.apache.catalina.core.StandardContext$ContextFilterMaps
3018:             1             24  org.apache.catalina.mapper.Mapper$ContextList
3019:             1             24  org.apache.catalina.mapper.Mapper$MappedContext
3020:             1             24  org.apache.catalina.mapper.Mapper$MappedWrapper
3021:             1             24  org.apache.catalina.webresources.TomcatURLStreamHandlerFactory
3022:             1             24  org.apache.coyote.AbstractProtocol$AsyncTimeout
3023:             1             24  org.apache.coyote.UpgradeToken
3024:             1             24  org.apache.coyote.http11.upgrade.UpgradeProcessorInternal
3025:             1             24  org.apache.logging.log4j.spi.LoggerRegistry
3026:             1             24  org.apache.naming.StringManager
3027:             1             24  org.apache.tomcat.util.collections.CaseInsensitiveKeyMap
3028:             1             24  org.apache.tomcat.util.collections.ConcurrentCache
3029:             1             24  org.apache.tomcat.util.descriptor.web.ErrorPage
3030:             1             24  org.apache.tomcat.util.digester.RulesBase
3031:             1             24  org.apache.tomcat.util.net.Acceptor
3032:             1             24  org.apache.tomcat.util.net.NioBlockingSelector
3033:             1             24  org.apache.tomcat.websocket.server.WsFilter
3034:             1             24  org.hibernate.validator.internal.engine.MethodValidationConfiguration
3035:             1             24  org.hibernate.validator.internal.engine.valueextraction.ValueExtractorManager
3036:             1             24  org.hibernate.validator.internal.metadata.provider.ProgrammaticMetaDataProvider
3037:             1             24  org.hibernate.validator.internal.util.ConcurrentReferenceHashMap$Option
3038:             1             24  org.slf4j.helpers.FormattingTuple
3039:             1             24  org.slf4j.helpers.SubstituteLoggerFactory
3040:             1             24  org.slf4j.impl.StaticLoggerBinder
3041:             1             24  org.springframework.aop.framework.JdkDynamicAopProxy
3042:             1             24  org.springframework.aop.framework.autoproxy.AbstractAdvisorAutoProxyCreator$BeanFactoryAdvisorRetrievalHelperAdapter
3043:             1             24  org.springframework.aop.support.DefaultPointcutAdvisor
3044:             1             24  org.springframework.aop.target.EmptyTargetSource
3045:             1             24  org.springframework.beans.BeanReloadingFilter
3046:             1             24  org.springframework.beans.JrBeanCreationListenerGroup
3047:             1             24  org.springframework.beans.JrBeanFactoryPostProcessorRegistry
3048:             1             24  org.springframework.beans.JrBeanReloader$1
3049:             1             24  org.springframework.beans.JrBeanReloader$2
3050:             1             24  org.springframework.beans.JrBeanReloader$4
3051:             1             24  org.springframework.beans.factory.config.CustomScopeConfigurer
3052:             1             24  org.springframework.beans.factory.config.RuntimeBeanReference
3053:             1             24  org.springframework.beans.propertyeditors.ByteArrayPropertyEditor
3054:             1             24  org.springframework.beans.propertyeditors.CharArrayPropertyEditor
3055:             1             24  org.springframework.beans.propertyeditors.CharsetEditor
3056:             1             24  org.springframework.beans.propertyeditors.CurrencyEditor
3057:             1             24  org.springframework.beans.propertyeditors.LocaleEditor
3058:             1             24  org.springframework.beans.propertyeditors.PropertiesEditor
3059:             1             24  org.springframework.beans.propertyeditors.TimeZoneEditor
3060:             1             24  org.springframework.beans.propertyeditors.UUIDEditor
3061:             1             24  org.springframework.beans.propertyeditors.ZoneIdEditor
3062:             1             24  org.springframework.beans.support.ResourceEditorRegistrar
3063:             1             24  org.springframework.boot.DefaultApplicationArguments
3064:             1             24  org.springframework.boot.SpringApplicationBannerPrinter$PrintedBanner
3065:             1             24  org.springframework.boot.SpringApplicationRunListeners
3066:             1             24  org.springframework.boot.autoconfigure.AutoConfigurationImportSelector$AutoConfigurationEntry
3067:             1             24  org.springframework.boot.autoconfigure.AutoConfigurationPackages$BasePackages
3068:             1             24  org.springframework.boot.autoconfigure.admin.SpringApplicationAdminJmxAutoConfiguration$$EnhancerBySpringCGLIB$$b6de5e0c$$FastClassBySpringCGLIB$$5ed6da28
3069:             1             24  org.springframework.boot.autoconfigure.admin.SpringApplicationAdminJmxAutoConfiguration$$FastClassBySpringCGLIB$$6d716d49
3070:             1             24  org.springframework.boot.autoconfigure.condition.BeanTypeRegistry
3071:             1             24  org.springframework.boot.autoconfigure.condition.ConditionMessage$Style$1
3072:             1             24  org.springframework.boot.autoconfigure.condition.ConditionMessage$Style$2
3073:             1             24  org.springframework.boot.autoconfigure.condition.FilteringSpringBootCondition$ClassNameFilter$1
3074:             1             24  org.springframework.boot.autoconfigure.condition.FilteringSpringBootCondition$ClassNameFilter$2
3075:             1             24  org.springframework.boot.autoconfigure.diagnostics.analyzer.NoSuchBeanDefinitionFailureAnalyzer
3076:             1             24  org.springframework.boot.autoconfigure.freemarker.FreeMarkerTemplateAvailabilityProvider
3077:             1             24  org.springframework.boot.autoconfigure.groovy.template.GroovyTemplateAvailabilityProvider
3078:             1             24  org.springframework.boot.autoconfigure.http.HttpMessageConvertersAutoConfiguration$$EnhancerBySpringCGLIB$$3e6588d2$$FastClassBySpringCGLIB$$e3a72469
3079:             1             24  org.springframework.boot.autoconfigure.http.HttpMessageConvertersAutoConfiguration$$FastClassBySpringCGLIB$$ba15c54f
3080:             1             24  org.springframework.boot.autoconfigure.http.HttpMessageConvertersAutoConfiguration$StringHttpMessageConverterConfiguration$$EnhancerBySpringCGLIB$$71734f72$$FastClassBySpringCGLIB$$5c148f6d
3081:             1             24  org.springframework.boot.autoconfigure.http.HttpMessageConvertersAutoConfiguration$StringHttpMessageConverterConfiguration$$FastClassBySpringCGLIB$$a19557ef
3082:             1             24  org.springframework.boot.autoconfigure.http.HttpProperties
3083:             1             24  org.springframework.boot.autoconfigure.http.JacksonHttpMessageConvertersConfiguration$MappingJackson2HttpMessageConverterConfiguration$$EnhancerBySpringCGLIB$$ab494b72$$FastClassBySpringCGLIB$$d4fa3b99
3084:             1             24  org.springframework.boot.autoconfigure.http.JacksonHttpMessageConvertersConfiguration$MappingJackson2HttpMessageConverterConfiguration$$FastClassBySpringCGLIB$$cc27d3ef
3085:             1             24  org.springframework.boot.autoconfigure.http.codec.CodecsAutoConfiguration$JacksonCodecConfiguration$$EnhancerBySpringCGLIB$$8c0bd88a$$FastClassBySpringCGLIB$$9cd97dac
3086:             1             24  org.springframework.boot.autoconfigure.http.codec.CodecsAutoConfiguration$JacksonCodecConfiguration$$FastClassBySpringCGLIB$$b3c4d607
3087:             1             24  org.springframework.boot.autoconfigure.http.codec.CodecsAutoConfiguration$LoggingCodecConfiguration$$EnhancerBySpringCGLIB$$c107a916$$FastClassBySpringCGLIB$$6c95edd8
3088:             1             24  org.springframework.boot.autoconfigure.http.codec.CodecsAutoConfiguration$LoggingCodecConfiguration$$FastClassBySpringCGLIB$$8da6a113
3089:             1             24  org.springframework.boot.autoconfigure.info.ProjectInfoAutoConfiguration$GitResourceAvailableCondition
3090:             1             24  org.springframework.boot.autoconfigure.info.ProjectInfoProperties
3091:             1             24  org.springframework.boot.autoconfigure.info.ProjectInfoProperties$Build
3092:             1             24  org.springframework.boot.autoconfigure.info.ProjectInfoProperties$Git
3093:             1             24  org.springframework.boot.autoconfigure.jackson.JacksonAutoConfiguration$$EnhancerBySpringCGLIB$$61d0da5e$$FastClassBySpringCGLIB$$e1c43312
3094:             1             24  org.springframework.boot.autoconfigure.jackson.JacksonAutoConfiguration$$FastClassBySpringCGLIB$$ee97f15b
3095:             1             24  org.springframework.boot.autoconfigure.jackson.JacksonAutoConfiguration$Jackson2ObjectMapperBuilderCustomizerConfiguration$$EnhancerBySpringCGLIB$$ed28e4d7$$FastClassBySpringCGLIB$$7d1656ac
3096:             1             24  org.springframework.boot.autoconfigure.jackson.JacksonAutoConfiguration$Jackson2ObjectMapperBuilderCustomizerConfiguration$$FastClassBySpringCGLIB$$a7cec5b4
3097:             1             24  org.springframework.boot.autoconfigure.jackson.JacksonAutoConfiguration$Jackson2ObjectMapperBuilderCustomizerConfiguration$StandardJackson2ObjectMapperBuilderCustomizer
3098:             1             24  org.springframework.boot.autoconfigure.jackson.JacksonAutoConfiguration$JacksonObjectMapperBuilderConfiguration$$EnhancerBySpringCGLIB$$3211fee8$$FastClassBySpringCGLIB$$72c1c8e5
3099:             1             24  org.springframework.boot.autoconfigure.jackson.JacksonAutoConfiguration$JacksonObjectMapperBuilderConfiguration$$FastClassBySpringCGLIB$$28b34ea5
3100:             1             24  org.springframework.boot.autoconfigure.jackson.JacksonAutoConfiguration$JacksonObjectMapperConfiguration$$EnhancerBySpringCGLIB$$7fc53ccf$$FastClassBySpringCGLIB$$84c59101
3101:             1             24  org.springframework.boot.autoconfigure.jackson.JacksonAutoConfiguration$JacksonObjectMapperConfiguration$$FastClassBySpringCGLIB$$596316ac
3102:             1             24  org.springframework.boot.autoconfigure.jackson.JacksonAutoConfiguration$ParameterNamesModuleConfiguration$$EnhancerBySpringCGLIB$$13f45c05$$FastClassBySpringCGLIB$$872c02da
3103:             1             24  org.springframework.boot.autoconfigure.jackson.JacksonAutoConfiguration$ParameterNamesModuleConfiguration$$FastClassBySpringCGLIB$$f1cb4522
3104:             1             24  org.springframework.boot.autoconfigure.jdbc.DataSourceAutoConfiguration$EmbeddedDatabaseCondition
3105:             1             24  org.springframework.boot.autoconfigure.jdbc.DataSourceInitializer
3106:             1             24  org.springframework.boot.autoconfigure.jdbc.DataSourceProperties$Xa
3107:             1             24  org.springframework.boot.autoconfigure.jdbc.DataSourceTransactionManagerAutoConfiguration$DataSourceTransactionManagerConfiguration$$EnhancerBySpringCGLIB$$d13255ad$$FastClassBySpringCGLIB$$d73c47de
3108:             1             24  org.springframework.boot.autoconfigure.jdbc.DataSourceTransactionManagerAutoConfiguration$DataSourceTransactionManagerConfiguration$$FastClassBySpringCGLIB$$6c5cb1ca
3109:             1             24  org.springframework.boot.autoconfigure.jdbc.JdbcProperties$Template
3110:             1             24  org.springframework.boot.autoconfigure.jdbc.JdbcTemplateAutoConfiguration$JdbcTemplateConfiguration$$EnhancerBySpringCGLIB$$3cbcebab$$FastClassBySpringCGLIB$$8d26f00
3111:             1             24  org.springframework.boot.autoconfigure.jdbc.JdbcTemplateAutoConfiguration$JdbcTemplateConfiguration$$FastClassBySpringCGLIB$$d6b54608
3112:             1             24  org.springframework.boot.autoconfigure.jdbc.JdbcTemplateAutoConfiguration$NamedParameterJdbcTemplateConfiguration$$EnhancerBySpringCGLIB$$2e9de2db$$FastClassBySpringCGLIB$$3e5e0faa
3113:             1             24  org.springframework.boot.autoconfigure.jdbc.JdbcTemplateAutoConfiguration$NamedParameterJdbcTemplateConfiguration$$FastClassBySpringCGLIB$$2cc8738
3114:             1             24  org.springframework.boot.autoconfigure.jdbc.metadata.DataSourcePoolMetadataProvidersConfiguration$HikariPoolDataSourceMetadataProviderConfiguration$$EnhancerBySpringCGLIB$$8488e522$$FastClassBySpringCGLIB$$d6777026
3115:             1             24  org.springframework.boot.autoconfigure.jdbc.metadata.DataSourcePoolMetadataProvidersConfiguration$HikariPoolDataSourceMetadataProviderConfiguration$$FastClassBySpringCGLIB$$f8fbe79f
3116:             1             24  org.springframework.boot.autoconfigure.task.TaskExecutionAutoConfiguration$$EnhancerBySpringCGLIB$$afd15614$$FastClassBySpringCGLIB$$6f3c54be
3117:             1             24  org.springframework.boot.autoconfigure.task.TaskExecutionAutoConfiguration$$FastClassBySpringCGLIB$$16d26c51
3118:             1             24  org.springframework.boot.autoconfigure.task.TaskExecutionProperties
3119:             1             24  org.springframework.boot.autoconfigure.task.TaskSchedulingAutoConfiguration$$EnhancerBySpringCGLIB$$d7f13954$$FastClassBySpringCGLIB$$33697b6b
3120:             1             24  org.springframework.boot.autoconfigure.task.TaskSchedulingAutoConfiguration$$FastClassBySpringCGLIB$$dd612791
3121:             1             24  org.springframework.boot.autoconfigure.task.TaskSchedulingProperties
3122:             1             24  org.springframework.boot.autoconfigure.template.TemplateAvailabilityProviders
3123:             1             24  org.springframework.boot.autoconfigure.transaction.TransactionAutoConfiguration$$EnhancerBySpringCGLIB$$b8a5b848$$FastClassBySpringCGLIB$$abc62378
3124:             1             24  org.springframework.boot.autoconfigure.transaction.TransactionAutoConfiguration$$FastClassBySpringCGLIB$$58253c05
3125:             1             24  org.springframework.boot.autoconfigure.transaction.TransactionAutoConfiguration$TransactionTemplateConfiguration$$EnhancerBySpringCGLIB$$22bc1a80$$FastClassBySpringCGLIB$$92f9afe5
3126:             1             24  org.springframework.boot.autoconfigure.transaction.TransactionAutoConfiguration$TransactionTemplateConfiguration$$FastClassBySpringCGLIB$$3ce48f3d
3127:             1             24  org.springframework.boot.autoconfigure.transaction.TransactionProperties
3128:             1             24  org.springframework.boot.autoconfigure.validation.ValidatorAdapter
3129:             1             24  org.springframework.boot.autoconfigure.web.ResourceProperties$Cache
3130:             1             24  org.springframework.boot.autoconfigure.web.ResourceProperties$Chain
3131:             1             24  org.springframework.boot.autoconfigure.web.ResourceProperties$Content
3132:             1             24  org.springframework.boot.autoconfigure.web.ResourceProperties$Fixed
3133:             1             24  org.springframework.boot.autoconfigure.web.ResourceProperties$Strategy
3134:             1             24  org.springframework.boot.autoconfigure.web.ServerProperties$Tomcat$Resource
3135:             1             24  org.springframework.boot.autoconfigure.web.client.RestTemplateAutoConfiguration$$EnhancerBySpringCGLIB$$bf47b6bf$$FastClassBySpringCGLIB$$7f6b4abc
3136:             1             24  org.springframework.boot.autoconfigure.web.client.RestTemplateAutoConfiguration$$FastClassBySpringCGLIB$$79a6429c
3137:             1             24  org.springframework.boot.autoconfigure.web.embedded.EmbeddedWebServerFactoryCustomizerAutoConfiguration$TomcatWebServerFactoryCustomizerConfiguration$$EnhancerBySpringCGLIB$$2a5d4a0c$$FastClassBySpringCGLIB$$c558182e
3138:             1             24  org.springframework.boot.autoconfigure.web.embedded.EmbeddedWebServerFactoryCustomizerAutoConfiguration$TomcatWebServerFactoryCustomizerConfiguration$$FastClassBySpringCGLIB$$3b7ed949
3139:             1             24  org.springframework.boot.autoconfigure.web.embedded.TomcatWebServerFactoryCustomizer
3140:             1             24  org.springframework.boot.autoconfigure.web.embedded.TomcatWebServerFactoryCustomizer$$Lambda$333/191519989
3141:             1             24  org.springframework.boot.autoconfigure.web.servlet.DispatcherServletAutoConfiguration$DispatcherServletConfiguration$$EnhancerBySpringCGLIB$$74314d07$$FastClassBySpringCGLIB$$e83f3a07
3142:             1             24  org.springframework.boot.autoconfigure.web.servlet.DispatcherServletAutoConfiguration$DispatcherServletConfiguration$$FastClassBySpringCGLIB$$c3057e4
3143:             1             24  org.springframework.boot.autoconfigure.web.servlet.DispatcherServletAutoConfiguration$DispatcherServletRegistrationConfiguration$$EnhancerBySpringCGLIB$$d638e1ae$$FastClassBySpringCGLIB$$73daf335
3144:             1             24  org.springframework.boot.autoconfigure.web.servlet.DispatcherServletAutoConfiguration$DispatcherServletRegistrationConfiguration$$FastClassBySpringCGLIB$$20b85eab
3145:             1             24  org.springframework.boot.autoconfigure.web.servlet.ServletWebServerFactoryConfiguration$EmbeddedTomcat$$EnhancerBySpringCGLIB$$8eb42f28$$FastClassBySpringCGLIB$$e9f2e2d
3146:             1             24  org.springframework.boot.autoconfigure.web.servlet.ServletWebServerFactoryConfiguration$EmbeddedTomcat$$FastClassBySpringCGLIB$$57e7b6e5
3147:             1             24  org.springframework.boot.autoconfigure.web.servlet.WebMvcProperties$Contentnegotiation
3148:             1             24  org.springframework.boot.autoconfigure.web.servlet.WebMvcProperties$Servlet
3149:             1             24  org.springframework.boot.autoconfigure.web.servlet.WebMvcProperties$View
3150:             1             24  org.springframework.boot.autoconfigure.web.servlet.error.BasicErrorController
3151:             1             24  org.springframework.boot.autoconfigure.web.servlet.error.ErrorMvcAutoConfiguration$DefaultErrorViewResolverConfiguration$$EnhancerBySpringCGLIB$$64729763$$FastClassBySpringCGLIB$$70bd156d
3152:             1             24  org.springframework.boot.autoconfigure.web.servlet.error.ErrorMvcAutoConfiguration$DefaultErrorViewResolverConfiguration$$FastClassBySpringCGLIB$$696432c0
3153:             1             24  org.springframework.boot.autoconfigure.web.servlet.error.ErrorMvcAutoConfiguration$ErrorPageCustomizer
3154:             1             24  org.springframework.boot.autoconfigure.websocket.servlet.WebSocketServletAutoConfiguration$TomcatWebSocketConfiguration$$EnhancerBySpringCGLIB$$9ccbd22d$$FastClassBySpringCGLIB$$6eacc718
3155:             1             24  org.springframework.boot.autoconfigure.websocket.servlet.WebSocketServletAutoConfiguration$TomcatWebSocketConfiguration$$FastClassBySpringCGLIB$$f1131e4a
3156:             1             24  org.springframework.boot.builder.ParentContextCloserApplicationListener
3157:             1             24  org.springframework.boot.cloud.CloudPlatform$1
3158:             1             24  org.springframework.boot.cloud.CloudPlatform$2
3159:             1             24  org.springframework.boot.cloud.CloudPlatform$3
3160:             1             24  org.springframework.boot.context.ContextIdApplicationContextInitializer$ContextId
3161:             1             24  org.springframework.boot.context.config.ConfigFileApplicationListener$PropertySourceOrderingPostProcessor
3162:             1             24  org.springframework.boot.context.config.DelegatingApplicationListener
3163:             1             24  org.springframework.boot.context.event.EventPublishingRunListener
3164:             1             24  org.springframework.boot.context.properties.ConfigurationBeanFactoryMetadata
3165:             1             24  org.springframework.boot.context.properties.ConfigurationPropertiesBindingPostProcessor
3166:             1             24  org.springframework.boot.context.properties.PropertyMapper
3167:             1             24  org.springframework.boot.context.properties.bind.BindConverter$TypeConverterConversionService
3168:             1             24  org.springframework.boot.context.properties.bind.PropertySourcesPlaceholdersResolver
3169:             1             24  org.springframework.boot.context.properties.source.ConfigurationPropertySourcesPropertySource
3170:             1             24  org.springframework.boot.context.properties.source.DefaultPropertyMapper
3171:             1             24  org.springframework.boot.convert.DurationStyle$1
3172:             1             24  org.springframework.boot.convert.DurationStyle$2
3173:             1             24  org.springframework.boot.devtools.autoconfigure.DevToolsDataSourceAutoConfiguration$$EnhancerBySpringCGLIB$$fef5cc75$$FastClassBySpringCGLIB$$de31cb3
3174:             1             24  org.springframework.boot.devtools.autoconfigure.DevToolsDataSourceAutoConfiguration$$FastClassBySpringCGLIB$$2fb51792
3175:             1             24  org.springframework.boot.devtools.autoconfigure.DevToolsDataSourceAutoConfiguration$NonEmbeddedInMemoryDatabaseShutdownExecutor
3176:             1             24  org.springframework.boot.devtools.autoconfigure.DevToolsProperties
3177:             1             24  org.springframework.boot.devtools.autoconfigure.DevToolsProperties$Livereload
3178:             1             24  org.springframework.boot.devtools.autoconfigure.RemoteDevToolsProperties$Proxy
3179:             1             24  org.springframework.boot.devtools.classpath.ClassPathFileChangeListener
3180:             1             24  org.springframework.boot.devtools.classpath.PatternClassPathRestartStrategy
3181:             1             24  org.springframework.boot.devtools.restart.ClassLoaderFilesResourcePatternResolver
3182:             1             24  org.springframework.boot.devtools.restart.Restarter$LeakSafeThreadFactory$$Lambda$413/1116292004
3183:             1             24  org.springframework.boot.devtools.settings.DevToolsSettings
3184:             1             24  org.springframework.boot.diagnostics.FailureAnalyzers
3185:             1             24  org.springframework.boot.env.RandomValuePropertySource
3186:             1             24  org.springframework.boot.logging.AbstractLoggingSystem$LogLevels
3187:             1             24  org.springframework.boot.logging.DeferredLog$Line
3188:             1             24  org.springframework.boot.task.TaskSchedulerBuilder
3189:             1             24  org.springframework.boot.type.classreading.ConcurrentReferenceCachingMetadataReaderFactory
3190:             1             24  org.springframework.boot.web.client.RestTemplateBuilder$RequestFactoryCustomizer
3191:             1             24  org.springframework.boot.web.embedded.tomcat.TomcatServletWebServerFactory$StaticResourceConfigurer
3192:             1             24  org.springframework.boot.web.embedded.tomcat.TomcatStarter
3193:             1             24  org.springframework.boot.web.embedded.tomcat.TomcatWebServer$$Lambda$334/1521261927
3194:             1             24  org.springframework.boot.web.server.ErrorPage
3195:             1             24  org.springframework.boot.web.server.ErrorPageRegistrarBeanPostProcessor
3196:             1             24  org.springframework.boot.web.server.WebServerFactoryCustomizerBeanPostProcessor
3197:             1             24  org.springframework.boot.web.servlet.context.WebApplicationContextServletContextAwareProcessor
3198:             1             24  org.springframework.boot.web.servlet.server.DocumentRoot
3199:             1             24  org.springframework.boot.web.servlet.server.Jsp
3200:             1             24  org.springframework.cglib.core.EmitUtils$ArrayDelimiters
3201:             1             24  org.springframework.cglib.core.MethodWrapper$MethodWrapperKey$$KeyFactoryByCGLIB$$552be97a
3202:             1             24  org.springframework.cglib.core.internal.LoadingCache
3203:             1             24  org.springframework.context.annotation.ConfigurationClassEnhancer$ConditionalCallbackFilter
3204:             1             24  org.springframework.context.annotation.ContextAnnotationAutowireCandidateResolver
3205:             1             24  org.springframework.context.annotation.MBeanExportConfiguration$SpecificPlatform$1
3206:             1             24  org.springframework.context.annotation.MBeanExportConfiguration$SpecificPlatform$2
3207:             1             24  org.springframework.context.event.EventExpressionEvaluator
3208:             1             24  org.springframework.context.support.ApplicationContextAwareProcessor
3209:             1             24  org.springframework.context.support.PostProcessorRegistrationDelegate$BeanPostProcessorChecker
3210:             1             24  org.springframework.context.support.PropertySourcesPlaceholderConfigurer$$Lambda$192/272059566
3211:             1             24  org.springframework.core.OrderComparator$$Lambda$209/654322778
3212:             1             24  org.springframework.core.ReactiveAdapterRegistry
3213:             1             24  org.springframework.core.convert.support.DefaultConversionService
3214:             1             24  org.springframework.core.env.CommandLineArgs
3215:             1             24  org.springframework.core.io.support.PathMatchingResourcePatternResolver
3216:             1             24  org.springframework.dao.annotation.PersistenceExceptionTranslationAdvisor
3217:             1             24  org.springframework.dao.support.PersistenceExceptionTranslationInterceptor
3218:             1             24  org.springframework.http.HttpEntity
3219:             1             24  org.springframework.http.ResponseEntity
3220:             1             24  org.springframework.http.server.ServletServerHttpResponse
3221:             1             24  org.springframework.http.server.ServletServerHttpResponse$ServletResponseHttpHeaders
3222:             1             24  org.springframework.jdbc.core.namedparam.NamedParameterJdbcTemplate
3223:             1             24  org.springframework.jmx.export.naming.MetadataNamingStrategy
3224:             1             24  org.springframework.jndi.JndiTemplate
3225:             1             24  org.springframework.messaging.handler.annotation.support.PayloadArgumentResolver
3226:             1             24  org.springframework.messaging.handler.invocation.HandlerMethodArgumentResolverComposite
3227:             1             24  org.springframework.messaging.handler.invocation.HandlerMethodReturnValueHandlerComposite
3228:             1             24  org.springframework.messaging.simp.annotation.support.SubscriptionMethodReturnValueHandler
3229:             1             24  org.springframework.messaging.simp.broker.DefaultSubscriptionRegistry$DestinationCache
3230:             1             24  org.springframework.messaging.simp.broker.DefaultSubscriptionRegistry$SessionSubscriptionInfo
3231:             1             24  org.springframework.messaging.simp.stomp.StompEncoder
3232:             1             24  org.springframework.messaging.simp.user.DefaultUserDestinationResolver
3233:             1             24  org.springframework.messaging.support.IdTimestampMessageHeaderInitializer
3234:             1             24  org.springframework.objenesis.SpringObjenesis
3235:             1             24  org.springframework.scheduling.annotation.SchedulingConfiguration$$EnhancerBySpringCGLIB$$c58073b9$$FastClassBySpringCGLIB$$22b54e40
3236:             1             24  org.springframework.scheduling.annotation.SchedulingConfiguration$$FastClassBySpringCGLIB$$bd049a56
3237:             1             24  org.springframework.scheduling.config.ScheduledTask
3238:             1             24  org.springframework.scheduling.support.ScheduledMethodRunnable
3239:             1             24  org.springframework.transaction.interceptor.BeanFactoryTransactionAttributeSourceAdvisor$1
3240:             1             24  org.springframework.util.StopWatch$TaskInfo
3241:             1             24  org.springframework.validation.beanvalidation.LocalValidatorFactoryBean$1
3242:             1             24  org.springframework.web.context.support.ServletContextPropertySource
3243:             1             24  org.springframework.web.context.support.ServletContextScope
3244:             1             24  org.springframework.web.method.annotation.ExceptionHandlerMethodResolver
3245:             1             24  org.springframework.web.method.annotation.ModelFactory
3246:             1             24  org.springframework.web.method.annotation.RequestHeaderMethodArgumentResolver
3247:             1             24  org.springframework.web.method.support.CompositeUriComponentsContributor
3248:             1             24  org.springframework.web.servlet.DispatcherServlet$$Lambda$436/1867208492
3249:             1             24  org.springframework.web.servlet.DispatcherServlet$$Lambda$437/682105256
3250:             1             24  org.springframework.web.servlet.handler.AbstractHandlerMapping$CorsInterceptor
3251:             1             24  org.springframework.web.servlet.handler.AbstractHandlerMethodMapping$Match
3252:             1             24  org.springframework.web.servlet.handler.AbstractHandlerMethodMapping$MatchComparator
3253:             1             24  org.springframework.web.servlet.handler.HandlerExceptionResolverComposite
3254:             1             24  org.springframework.web.servlet.i18n.AcceptHeaderLocaleResolver
3255:             1             24  org.springframework.web.servlet.mvc.method.annotation.RequestMappingHandlerAdapter$$Lambda$439/206922740
3256:             1             24  org.springframework.web.servlet.mvc.method.annotation.ResponseBodyEmitterReturnValueHandler
3257:             1             24  org.springframework.web.servlet.support.SessionFlashMapManager
3258:             1             24  org.springframework.web.servlet.view.ViewResolverComposite
3259:             1             24  org.springframework.web.socket.messaging.StompSubProtocolHandler$Stats
3260:             1             24  org.springframework.web.socket.server.standard.TomcatRequestUpgradeStrategy
3261:             1             24  org.springframework.web.socket.server.support.OriginHandshakeInterceptor
3262:             1             24  org.springframework.web.socket.sockjs.support.SockJsHttpRequestHandler
3263:             1             24  org.springframework.web.socket.sockjs.transport.handler.EventSourceTransportHandler
3264:             1             24  org.springframework.web.socket.sockjs.transport.handler.HtmlFileTransportHandler
3265:             1             24  org.springframework.web.socket.sockjs.transport.handler.XhrPollingTransportHandler
3266:             1             24  org.springframework.web.socket.sockjs.transport.handler.XhrReceivingTransportHandler
3267:             1             24  org.springframework.web.socket.sockjs.transport.handler.XhrStreamingTransportHandler
3268:             1             24  org.zeroturnaround.bundled.javassist.ClassPathList
3269:             1             24  org.zeroturnaround.javarebel.integration.IntegrationClassEventListener
3270:             1             24  org.zeroturnaround.javarebel.integration.catalina.cbp.ApplicationContextFacadeCBP
3271:             1             24  org.zeroturnaround.javarebel.integration.hybris.WidgetClassLoaderCBP
3272:             1             24  org.zeroturnaround.javarebel.integration.ide.IDECallbackClassEventListener
3273:             1             24  org.zeroturnaround.javarebel.integration.javaxel.BeanELResolverCBP
3274:             1             24  org.zeroturnaround.javarebel.integration.jenkins.WebAppMainCBP
3275:             1             24  org.zeroturnaround.javarebel.integration.objectdb.ObjectDBDelegationCBP$Processor
3276:             1             24  org.zeroturnaround.javarebel.integration.proxy.cglib.FastClassProxyEventListener
3277:             1             24  org.zeroturnaround.javarebel.integration.resin.ResinWatchdogCBP
3278:             1             24  org.zeroturnaround.javarebel.integration.resin.WatchdogProcessCBP
3279:             1             24  org.zeroturnaround.javarebel.integration.servlet.oc4j.OC4JJspClassLoaderCBP
3280:             1             24  org.zeroturnaround.javarebel.integration.spring.GenericTypeResolverCEL
3281:             1             24  org.zeroturnaround.javarebel.integration.spring.annotations.ComponentScannerAnnotation
3282:             1             24  org.zeroturnaround.javarebel.integration.spring.beans.BeanTypeResolverImpl
3283:             1             24  org.zeroturnaround.javarebel.integration.spring.beans.ExpressionDependencyRegistry
3284:             1             24  org.zeroturnaround.javarebel.integration.spring.beans.ScannedClassManager
3285:             1             24  org.zeroturnaround.javarebel.integration.spring.beans.cbp.BeanDefinitionReaderUtilsCBP
3286:             1             24  org.zeroturnaround.javarebel.integration.spring.boot.SpringBootRegistry
3287:             1             24  org.zeroturnaround.javarebel.integration.spring.core.ReflectionUtilsCacheClearer
3288:             1             24  org.zeroturnaround.javarebel.integration.support.JavassistClassBytecodeProcessor$FilterClassPathWrapper
3289:             1             24  org.zeroturnaround.javarebel.integration.util.ClassLoaderLocalUtil$LoaderAttachment
3290:             1             24  org.zeroturnaround.javarebel.preferences.FileStorePreferences
3291:             1             24  org.zeroturnaround.javarebel.reporting.MessageType$SendFilterImpl$1
3292:             1             24  org.zeroturnaround.javarebel.reporting.MessageType$SendFilterImpl$2
3293:             1             24  org.zeroturnaround.javarebel.reporting.MessageType$SendFilterImpl$3
3294:             1             24  org.zeroturnaround.javarebel.reporting.MessageType$SendFilterImpl$4
3295:             1             24  org.zeroturnaround.javarebel.reporting.MixpanelMetrics$10
3296:             1             24  org.zeroturnaround.javarebel.reporting.MixpanelMetrics$3
3297:             1             24  org.zeroturnaround.javarebel.reporting.MixpanelMetrics$4
3298:             1             24  org.zeroturnaround.javarebel.reporting.MixpanelMetrics$5
3299:             1             24  org.zeroturnaround.javarebel.reporting.MixpanelMetrics$8
3300:             1             24  org.zeroturnaround.javarebel.reporting.backend.impl.SegmentIOBackend$ProxyHttpBackend
3301:             1             24  org.zeroturnaround.javarebel.reporting.stats.JVMLanguageStatsListener
3302:             1             24  org.zeroturnaround.javarebel.reporting.stats.repository.impl.RepositoryMetricsStatistics$ServerStartedStatsListener
3303:             1             24  org.zeroturnaround.javarebel.service.ServiceRequestUtil$TCLBindingServiceRequestListener
3304:             1             24  org.zeroturnaround.javarebel.spring.SpringMetrics$1
3305:             1             24  org.zeroturnaround.jrebel.integration.logback.LogbackReloader
3306:             1             24  org.zeroturnaround.jrebel.intellij.FileWatcher$1
3307:             1             24  org.zeroturnaround.jrebel.intellij.FileWatcher$Lock
3308:             1             24  org.zeroturnaround.jrebel.jackson2.cbp.ObjectMapperCBP
3309:             1             24  sun.instrument.TransformerManager
3310:             1             24  sun.launcher.LauncherHelper
3311:             1             24  sun.management.CompilationImpl
3312:             1             24  sun.management.MemoryImpl
3313:             1             24  sun.management.OperatingSystemImpl
3314:             1             24  sun.management.RuntimeImpl
3315:             1             24  sun.management.ThreadImpl
3316:             1             24  sun.management.VMManagementImpl
3317:             1             24  sun.misc.URLClassPath$FileLoader
3318:             1             24  sun.net.ProgressMonitor
3319:             1             24  sun.net.www.protocol.http.Handler
3320:             1             24  sun.nio.cs.CESU_8
3321:             1             24  sun.nio.cs.IBM437
3322:             1             24  sun.nio.cs.IBM737
3323:             1             24  sun.nio.cs.IBM775
3324:             1             24  sun.nio.cs.IBM850
3325:             1             24  sun.nio.cs.IBM852
3326:             1             24  sun.nio.cs.IBM855
3327:             1             24  sun.nio.cs.IBM857
3328:             1             24  sun.nio.cs.IBM858
3329:             1             24  sun.nio.cs.IBM862
3330:             1             24  sun.nio.cs.IBM866
3331:             1             24  sun.nio.cs.IBM874
3332:             1             24  sun.nio.cs.ISO_8859_1
3333:             1             24  sun.nio.cs.ISO_8859_13
3334:             1             24  sun.nio.cs.ISO_8859_15
3335:             1             24  sun.nio.cs.ISO_8859_2
3336:             1             24  sun.nio.cs.ISO_8859_4
3337:             1             24  sun.nio.cs.ISO_8859_5
3338:             1             24  sun.nio.cs.ISO_8859_7
3339:             1             24  sun.nio.cs.ISO_8859_9
3340:             1             24  sun.nio.cs.KOI8_R
3341:             1             24  sun.nio.cs.KOI8_U
3342:             1             24  sun.nio.cs.MS1250
3343:             1             24  sun.nio.cs.MS1251
3344:             1             24  sun.nio.cs.MS1252
3345:             1             24  sun.nio.cs.MS1253
3346:             1             24  sun.nio.cs.MS1254
3347:             1             24  sun.nio.cs.MS1257
3348:             1             24  sun.nio.cs.ThreadLocalCoders$1
3349:             1             24  sun.nio.cs.ThreadLocalCoders$2
3350:             1             24  sun.nio.cs.US_ASCII
3351:             1             24  sun.nio.cs.UTF_16
3352:             1             24  sun.nio.cs.UTF_16BE
3353:             1             24  sun.nio.cs.UTF_16LE
3354:             1             24  sun.nio.cs.UTF_16LE_BOM
3355:             1             24  sun.nio.cs.UTF_32
3356:             1             24  sun.nio.cs.UTF_32BE
3357:             1             24  sun.nio.cs.UTF_32BE_BOM
3358:             1             24  sun.nio.cs.UTF_32LE
3359:             1             24  sun.nio.cs.UTF_32LE_BOM
3360:             1             24  sun.nio.cs.UTF_8
3361:             1             24  sun.nio.cs.ext.Big5
3362:             1             24  sun.nio.cs.ext.Big5_HKSCS
3363:             1             24  sun.nio.cs.ext.Big5_HKSCS_2001
3364:             1             24  sun.nio.cs.ext.Big5_Solaris
3365:             1             24  sun.nio.cs.ext.EUC_CN
3366:             1             24  sun.nio.cs.ext.EUC_JP
3367:             1             24  sun.nio.cs.ext.EUC_JP_LINUX
3368:             1             24  sun.nio.cs.ext.EUC_JP_Open
3369:             1             24  sun.nio.cs.ext.EUC_TW
3370:             1             24  sun.nio.cs.ext.GB18030
3371:             1             24  sun.nio.cs.ext.GBK
3372:             1             24  sun.nio.cs.ext.IBM037
3373:             1             24  sun.nio.cs.ext.IBM1006
3374:             1             24  sun.nio.cs.ext.IBM1025
3375:             1             24  sun.nio.cs.ext.IBM1026
3376:             1             24  sun.nio.cs.ext.IBM1046
3377:             1             24  sun.nio.cs.ext.IBM1047
3378:             1             24  sun.nio.cs.ext.IBM1097
3379:             1             24  sun.nio.cs.ext.IBM1098
3380:             1             24  sun.nio.cs.ext.IBM1112
3381:             1             24  sun.nio.cs.ext.IBM1122
3382:             1             24  sun.nio.cs.ext.IBM1123
3383:             1             24  sun.nio.cs.ext.IBM1124
3384:             1             24  sun.nio.cs.ext.IBM1140
3385:             1             24  sun.nio.cs.ext.IBM1141
3386:             1             24  sun.nio.cs.ext.IBM1142
3387:             1             24  sun.nio.cs.ext.IBM1143
3388:             1             24  sun.nio.cs.ext.IBM1144
3389:             1             24  sun.nio.cs.ext.IBM1145
3390:             1             24  sun.nio.cs.ext.IBM1146
3391:             1             24  sun.nio.cs.ext.IBM1147
3392:             1             24  sun.nio.cs.ext.IBM1148
3393:             1             24  sun.nio.cs.ext.IBM1149
3394:             1             24  sun.nio.cs.ext.IBM1166
3395:             1             24  sun.nio.cs.ext.IBM1364
3396:             1             24  sun.nio.cs.ext.IBM1381
3397:             1             24  sun.nio.cs.ext.IBM1383
3398:             1             24  sun.nio.cs.ext.IBM273
3399:             1             24  sun.nio.cs.ext.IBM277
3400:             1             24  sun.nio.cs.ext.IBM278
3401:             1             24  sun.nio.cs.ext.IBM280
3402:             1             24  sun.nio.cs.ext.IBM284
3403:             1             24  sun.nio.cs.ext.IBM285
3404:             1             24  sun.nio.cs.ext.IBM290
3405:             1             24  sun.nio.cs.ext.IBM297
3406:             1             24  sun.nio.cs.ext.IBM300
3407:             1             24  sun.nio.cs.ext.IBM33722
3408:             1             24  sun.nio.cs.ext.IBM420
3409:             1             24  sun.nio.cs.ext.IBM424
3410:             1             24  sun.nio.cs.ext.IBM500
3411:             1             24  sun.nio.cs.ext.IBM833
3412:             1             24  sun.nio.cs.ext.IBM834
3413:             1             24  sun.nio.cs.ext.IBM838
3414:             1             24  sun.nio.cs.ext.IBM856
3415:             1             24  sun.nio.cs.ext.IBM860
3416:             1             24  sun.nio.cs.ext.IBM861
3417:             1             24  sun.nio.cs.ext.IBM863
3418:             1             24  sun.nio.cs.ext.IBM864
3419:             1             24  sun.nio.cs.ext.IBM865
3420:             1             24  sun.nio.cs.ext.IBM868
3421:             1             24  sun.nio.cs.ext.IBM869
3422:             1             24  sun.nio.cs.ext.IBM870
3423:             1             24  sun.nio.cs.ext.IBM871
3424:             1             24  sun.nio.cs.ext.IBM875
3425:             1             24  sun.nio.cs.ext.IBM918
3426:             1             24  sun.nio.cs.ext.IBM921
3427:             1             24  sun.nio.cs.ext.IBM922
3428:             1             24  sun.nio.cs.ext.IBM930
3429:             1             24  sun.nio.cs.ext.IBM933
3430:             1             24  sun.nio.cs.ext.IBM935
3431:             1             24  sun.nio.cs.ext.IBM937
3432:             1             24  sun.nio.cs.ext.IBM939
3433:             1             24  sun.nio.cs.ext.IBM942
3434:             1             24  sun.nio.cs.ext.IBM942C
3435:             1             24  sun.nio.cs.ext.IBM943
3436:             1             24  sun.nio.cs.ext.IBM943C
3437:             1             24  sun.nio.cs.ext.IBM948
3438:             1             24  sun.nio.cs.ext.IBM949
3439:             1             24  sun.nio.cs.ext.IBM949C
3440:             1             24  sun.nio.cs.ext.IBM950
3441:             1             24  sun.nio.cs.ext.IBM964
3442:             1             24  sun.nio.cs.ext.IBM970
3443:             1             24  sun.nio.cs.ext.ISCII91
3444:             1             24  sun.nio.cs.ext.ISO2022_CN
3445:             1             24  sun.nio.cs.ext.ISO2022_CN_CNS
3446:             1             24  sun.nio.cs.ext.ISO2022_CN_GB
3447:             1             24  sun.nio.cs.ext.ISO2022_JP
3448:             1             24  sun.nio.cs.ext.ISO2022_JP_2
3449:             1             24  sun.nio.cs.ext.ISO2022_KR
3450:             1             24  sun.nio.cs.ext.ISO_8859_11
3451:             1             24  sun.nio.cs.ext.ISO_8859_3
3452:             1             24  sun.nio.cs.ext.ISO_8859_6
3453:             1             24  sun.nio.cs.ext.ISO_8859_8
3454:             1             24  sun.nio.cs.ext.JISAutoDetect
3455:             1             24  sun.nio.cs.ext.JIS_X_0201
3456:             1             24  sun.nio.cs.ext.JIS_X_0208
3457:             1             24  sun.nio.cs.ext.JIS_X_0212
3458:             1             24  sun.nio.cs.ext.Johab
3459:             1             24  sun.nio.cs.ext.MS1255
3460:             1             24  sun.nio.cs.ext.MS1256
3461:             1             24  sun.nio.cs.ext.MS1258
3462:             1             24  sun.nio.cs.ext.MS50220
3463:             1             24  sun.nio.cs.ext.MS50221
3464:             1             24  sun.nio.cs.ext.MS874
3465:             1             24  sun.nio.cs.ext.MS932
3466:             1             24  sun.nio.cs.ext.MS932_0213
3467:             1             24  sun.nio.cs.ext.MS936
3468:             1             24  sun.nio.cs.ext.MS949
3469:             1             24  sun.nio.cs.ext.MS950
3470:             1             24  sun.nio.cs.ext.MS950_HKSCS
3471:             1             24  sun.nio.cs.ext.MS950_HKSCS_XP
3472:             1             24  sun.nio.cs.ext.MSISO2022JP
3473:             1             24  sun.nio.cs.ext.MacArabic
3474:             1             24  sun.nio.cs.ext.MacCentralEurope
3475:             1             24  sun.nio.cs.ext.MacCroatian
3476:             1             24  sun.nio.cs.ext.MacCyrillic
3477:             1             24  sun.nio.cs.ext.MacDingbat
3478:             1             24  sun.nio.cs.ext.MacGreek
3479:             1             24  sun.nio.cs.ext.MacHebrew
3480:             1             24  sun.nio.cs.ext.MacIceland
3481:             1             24  sun.nio.cs.ext.MacRoman
3482:             1             24  sun.nio.cs.ext.MacRomania
3483:             1             24  sun.nio.cs.ext.MacSymbol
3484:             1             24  sun.nio.cs.ext.MacThai
3485:             1             24  sun.nio.cs.ext.MacTurkish
3486:             1             24  sun.nio.cs.ext.MacUkraine
3487:             1             24  sun.nio.cs.ext.PCK
3488:             1             24  sun.nio.cs.ext.SJIS
3489:             1             24  sun.nio.cs.ext.SJIS_0213
3490:             1             24  sun.nio.cs.ext.TIS_620
3491:             1             24  sun.nio.fs.WindowsSecurityDescriptor
3492:             1             24  sun.reflect.annotation.TypeAnnotation$LocationInfo
3493:             1             24  sun.rmi.runtime.RuntimeUtil$1
3494:             1             24  sun.rmi.transport.DGCImpl
3495:             1             24  sun.rmi.transport.SequenceEntry
3496:             1             24  sun.security.ssl.AppInputStream
3497:             1             24  sun.security.ssl.AppOutputStream
3498:             1             24  sun.security.ssl.MAC
3499:             1             24  sun.security.ssl.SupportedEllipticPointFormatsExtension
3500:             1             24  sun.security.validator.EndEntityChecker
3501:             1             24  sun.security.x509.Extension
3502:             1             24  sun.util.locale.BaseLocale$Cache
3503:             1             24  sun.util.locale.provider.BreakIteratorProviderImpl
3504:             1             24  sun.util.locale.provider.CalendarDataProviderImpl
3505:             1             24  sun.util.locale.provider.CalendarNameProviderImpl
3506:             1             24  sun.util.locale.provider.CalendarProviderImpl
3507:             1             24  sun.util.locale.provider.CurrencyNameProviderImpl
3508:             1             24  sun.util.locale.provider.DateFormatSymbolsProviderImpl
3509:             1             24  sun.util.locale.provider.DecimalFormatSymbolsProviderImpl
3510:             1             24  sun.util.locale.provider.NumberFormatProviderImpl
3511:             1             24  sun.util.locale.provider.TimeZoneNameProviderImpl
3512:             1             24  sun.util.logging.PlatformLogger
3513:             1             24  sun.util.logging.PlatformLogger$JavaLoggerProxy
3514:             1             16  [Lch.qos.logback.core.filter.Filter;
3515:             1             16  [Lcom.alibaba.fastjson.serializer.SerializeFilter;
3516:             1             16  [Lcom.fasterxml.classmate.members.RawConstructor;
3517:             1             16  [Lcom.fasterxml.classmate.members.RawField;
3518:             1             16  [Lcom.fasterxml.classmate.members.RawMethod;
3519:             1             16  [Lcom.fasterxml.jackson.databind.AbstractTypeResolver;
3520:             1             16  [Lcom.fasterxml.jackson.databind.deser.BeanDeserializerModifier;
3521:             1             16  [Lcom.fasterxml.jackson.databind.ser.BeanSerializerModifier;
3522:             1             16  [Lcom.fasterxml.jackson.databind.util.ClassUtil$Ctor;
3523:             1             16  [Lcom.zeroturnaround.javarebel.bny;
3524:             1             16  [Ljava.beans.EventSetDescriptor;
3525:             1             16  [Ljava.lang.Double;
3526:             1             16  [Ljava.lang.Float;
3527:             1             16  [Ljava.lang.reflect.AnnotatedType;
3528:             1             16  [Ljava.nio.file.attribute.FileAttribute;
3529:             1             16  [Ljava.security.Provider;
3530:             1             16  [Ljava.text.FieldPosition;
3531:             1             16  [Ljava.time.LocalDateTime;
3532:             1             16  [Ljava.time.zone.ZoneOffsetTransitionRule;
3533:             1             16  [Ljava.util.logging.Handler;
3534:             1             16  [Lorg.apache.catalina.core.DefaultInstanceManager$AnnotationCacheEntry;
3535:             1             16  [Lorg.apache.catalina.servlets.DefaultServlet$CompressionFormat;
3536:             1             16  [Lorg.apache.tomcat.util.descriptor.web.ApplicationParameter;
3537:             1             16  [Lorg.apache.tomcat.util.descriptor.web.SecurityConstraint;
3538:             1             16  [Lorg.springframework.aop.Advisor;
3539:             1             16  [Lorg.springframework.web.context.request.async.CallableProcessingInterceptor;
3540:             1             16  [Lorg.springframework.web.context.request.async.DeferredResultProcessingInterceptor;
3541:             1             16  [Lorg.zeroturnaround.javarebel.Resource;
3542:             1             16  [Lsun.instrument.TransformerManager$TransformerInfo;
3543:             1             16  [Lsun.reflect.annotation.TypeAnnotation$LocationInfo$Location;
3544:             1             16  ch.qos.logback.classic.pattern.EnsureExceptionHandling
3545:             1             16  ch.qos.logback.classic.pattern.TargetLengthBasedClassNameAbbreviator
3546:             1             16  ch.qos.logback.classic.selector.DefaultContextSelector
3547:             1             16  ch.qos.logback.classic.util.ContextInitializer
3548:             1             16  ch.qos.logback.core.LifeCycleManager
3549:             1             16  ch.qos.logback.core.joran.spi.ConsoleTarget$1
3550:             1             16  ch.qos.logback.core.joran.spi.ConsoleTarget$2
3551:             1             16  ch.qos.logback.core.spi.AppenderAttachableImpl
3552:             1             16  ch.qos.logback.core.spi.FilterAttachableImpl
3553:             1             16  com.alibaba.fastjson.parser.deserializer.JavaObjectDeserializer
3554:             1             16  com.alibaba.fastjson.parser.deserializer.MapDeserializer
3555:             1             16  com.alibaba.fastjson.parser.deserializer.NumberDeserializer
3556:             1             16  com.alibaba.fastjson.parser.deserializer.StackTraceElementDeserializer
3557:             1             16  com.alibaba.fastjson.parser.deserializer.TimeDeserializer
3558:             1             16  com.alibaba.fastjson.serializer.AppendableSerializer
3559:             1             16  com.alibaba.fastjson.serializer.AtomicCodec
3560:             1             16  com.alibaba.fastjson.serializer.BigDecimalCodec
3561:             1             16  com.alibaba.fastjson.serializer.BigIntegerCodec
3562:             1             16  com.alibaba.fastjson.serializer.BooleanCodec
3563:             1             16  com.alibaba.fastjson.serializer.CalendarCodec
3564:             1             16  com.alibaba.fastjson.serializer.CharArrayCodec
3565:             1             16  com.alibaba.fastjson.serializer.CharacterCodec
3566:             1             16  com.alibaba.fastjson.serializer.CollectionCodec
3567:             1             16  com.alibaba.fastjson.serializer.DateCodec
3568:             1             16  com.alibaba.fastjson.serializer.DoubleSerializer
3569:             1             16  com.alibaba.fastjson.serializer.FloatCodec
3570:             1             16  com.alibaba.fastjson.serializer.IntegerCodec
3571:             1             16  com.alibaba.fastjson.serializer.LongCodec
3572:             1             16  com.alibaba.fastjson.serializer.ObjectArrayCodec
3573:             1             16  com.alibaba.fastjson.serializer.PrimitiveArraySerializer
3574:             1             16  com.alibaba.fastjson.serializer.ReferenceCodec
3575:             1             16  com.alibaba.fastjson.serializer.StringCodec
3576:             1             16  com.alibaba.fastjson.serializer.ToStringSerializer
3577:             1             16  com.alibaba.fastjson.support.spring.FastJsonViewResponseBodyAdvice
3578:             1             16  com.alibaba.fastjson.support.spring.FastJsonpResponseBodyAdvice
3579:             1             16  com.alibaba.fastjson.support.spring.JSONPResponseBodyAdvice
3580:             1             16  com.fasterxml.classmate.TypeResolver
3581:             1             16  com.fasterxml.jackson.core.util.DefaultPrettyPrinter$FixedSpaceIndenter
3582:             1             16  com.fasterxml.jackson.core.util.DefaultPrettyPrinter$NopIndenter
3583:             1             16  com.fasterxml.jackson.databind.deser.std.StdKeyDeserializers
3584:             1             16  com.fasterxml.jackson.databind.deser.std.StringDeserializer
3585:             1             16  com.fasterxml.jackson.databind.ext.Java7SupportImpl
3586:             1             16  com.fasterxml.jackson.databind.ext.OptionalHandlerFactory
3587:             1             16  com.fasterxml.jackson.databind.introspect.AnnotationCollector$EmptyCollector
3588:             1             16  com.fasterxml.jackson.databind.introspect.AnnotationCollector$NoAnnotations
3589:             1             16  com.fasterxml.jackson.databind.introspect.NopAnnotationIntrospector$1
3590:             1             16  com.fasterxml.jackson.databind.ser.impl.UnknownSerializer
3591:             1             16  com.fasterxml.jackson.databind.ser.std.NullSerializer
3592:             1             16  com.fasterxml.jackson.databind.ser.std.StdKeySerializer
3593:             1             16  com.fasterxml.jackson.databind.ser.std.StdKeySerializers$StringKeySerializer
3594:             1             16  com.fasterxml.jackson.databind.ser.std.StringSerializer
3595:             1             16  com.fasterxml.jackson.databind.ser.std.UUIDSerializer
3596:             1             16  com.fasterxml.jackson.datatype.jsr310.deser.DurationDeserializer
3597:             1             16  com.fasterxml.jackson.datatype.jsr310.deser.InstantDeserializer$$Lambda$115/1568667802
3598:             1             16  com.fasterxml.jackson.datatype.jsr310.deser.InstantDeserializer$$Lambda$118/645486081
3599:             1             16  com.fasterxml.jackson.datatype.jsr310.deser.InstantDeserializer$$Lambda$119/496965756
3600:             1             16  com.fasterxml.jackson.datatype.jsr310.deser.InstantDeserializer$$Lambda$120/1071072905
3601:             1             16  com.fasterxml.jackson.datatype.jsr310.deser.InstantDeserializer$$Lambda$121/1517221367
3602:             1             16  com.fasterxml.jackson.datatype.jsr310.deser.InstantDeserializer$$Lambda$122/1567177744
3603:             1             16  com.fasterxml.jackson.datatype.jsr310.deser.InstantDeserializer$$Lambda$123/1166456511
3604:             1             16  com.fasterxml.jackson.datatype.jsr310.deser.InstantDeserializer$$Lambda$124/1080050568
3605:             1             16  com.fasterxml.jackson.datatype.jsr310.deser.InstantDeserializer$$Lambda$125/1837946686
3606:             1             16  com.fasterxml.jackson.datatype.jsr310.deser.InstantDeserializer$$Lambda$126/2031222563
3607:             1             16  com.fasterxml.jackson.datatype.jsr310.deser.InstantDeserializer$$Lambda$127/164797936
3608:             1             16  com.fasterxml.jackson.datatype.jsr310.deser.InstantDeserializer$$Lambda$128/1265427265
3609:             1             16  com.fasterxml.jackson.datatype.jsr310.deser.key.DurationKeyDeserializer
3610:             1             16  com.fasterxml.jackson.datatype.jsr310.deser.key.InstantKeyDeserializer
3611:             1             16  com.fasterxml.jackson.datatype.jsr310.deser.key.LocalDateKeyDeserializer
3612:             1             16  com.fasterxml.jackson.datatype.jsr310.deser.key.LocalDateTimeKeyDeserializer
3613:             1             16  com.fasterxml.jackson.datatype.jsr310.deser.key.LocalTimeKeyDeserializer
3614:             1             16  com.fasterxml.jackson.datatype.jsr310.deser.key.MonthDayKeyDeserializer
3615:             1             16  com.fasterxml.jackson.datatype.jsr310.deser.key.OffsetDateTimeKeyDeserializer
3616:             1             16  com.fasterxml.jackson.datatype.jsr310.deser.key.OffsetTimeKeyDeserializer
3617:             1             16  com.fasterxml.jackson.datatype.jsr310.deser.key.PeriodKeyDeserializer
3618:             1             16  com.fasterxml.jackson.datatype.jsr310.deser.key.YearKeyDeserializer
3619:             1             16  com.fasterxml.jackson.datatype.jsr310.deser.key.YearMothKeyDeserializer
3620:             1             16  com.fasterxml.jackson.datatype.jsr310.deser.key.ZoneIdKeyDeserializer
3621:             1             16  com.fasterxml.jackson.datatype.jsr310.deser.key.ZoneOffsetKeyDeserializer
3622:             1             16  com.fasterxml.jackson.datatype.jsr310.deser.key.ZonedDateTimeKeyDeserializer
3623:             1             16  com.fasterxml.jackson.datatype.jsr310.ser.InstantSerializer$$Lambda$130/1502019690
3624:             1             16  com.fasterxml.jackson.datatype.jsr310.ser.InstantSerializer$$Lambda$131/1494661298
3625:             1             16  com.fasterxml.jackson.datatype.jsr310.ser.InstantSerializer$$Lambda$132/1209591472
3626:             1             16  com.fasterxml.jackson.datatype.jsr310.ser.OffsetDateTimeSerializer$$Lambda$133/381118726
3627:             1             16  com.fasterxml.jackson.datatype.jsr310.ser.OffsetDateTimeSerializer$$Lambda$134/968862427
3628:             1             16  com.fasterxml.jackson.datatype.jsr310.ser.OffsetDateTimeSerializer$$Lambda$135/190256056
3629:             1             16  com.fasterxml.jackson.datatype.jsr310.ser.ZonedDateTimeSerializer$$Lambda$136/998099417
3630:             1             16  com.fasterxml.jackson.datatype.jsr310.ser.ZonedDateTimeSerializer$$Lambda$137/873468021
3631:             1             16  com.fasterxml.jackson.datatype.jsr310.ser.ZonedDateTimeSerializer$$Lambda$138/688582491
3632:             1             16  com.fasterxml.jackson.datatype.jsr310.ser.key.ZonedDateTimeKeySerializer
3633:             1             16  com.fasterxml.jackson.module.paramnames.ParameterExtractor
3634:             1             16  com.intellij.openapi.util.io.win32.IdeaWin32
3635:             1             16  com.mysql.cj.jdbc.AbandonedConnectionCleanupThread
3636:             1             16  com.mysql.cj.jdbc.AbandonedConnectionCleanupThread$1
3637:             1             16  com.mysql.cj.jdbc.Driver
3638:             1             16  com.sun.jmx.interceptor.DefaultMBeanServerInterceptor$ResourceContext$1
3639:             1             16  com.sun.jmx.mbeanserver.DefaultMXBeanMappingFactory
3640:             1             16  com.sun.jmx.mbeanserver.DescriptorCache
3641:             1             16  com.sun.jmx.mbeanserver.MBeanAnalyzer$MethodOrder
3642:             1             16  com.sun.jmx.mbeanserver.MBeanInstantiator
3643:             1             16  com.sun.jmx.mbeanserver.MXBeanIntrospector
3644:             1             16  com.sun.jmx.mbeanserver.SecureClassLoaderRepository
3645:             1             16  com.sun.jmx.mbeanserver.StandardMBeanIntrospector
3646:             1             16  com.sun.jmx.remote.protocol.iiop.IIOPProxyImpl
3647:             1             16  com.sun.naming.internal.VersionHelper12
3648:             1             16  com.sun.org.apache.xalan.internal.utils.SecuritySupport
3649:             1             16  com.sun.org.apache.xerces.internal.impl.dv.dtd.DTDDVFactoryImpl
3650:             1             16  com.sun.org.apache.xerces.internal.impl.dv.dtd.IDDatatypeValidator
3651:             1             16  com.sun.org.apache.xerces.internal.impl.dv.dtd.IDREFDatatypeValidator
3652:             1             16  com.sun.org.apache.xerces.internal.impl.dv.dtd.NMTOKENDatatypeValidator
3653:             1             16  com.sun.org.apache.xerces.internal.impl.dv.dtd.NOTATIONDatatypeValidator
3654:             1             16  com.sun.org.apache.xerces.internal.impl.dv.dtd.StringDatatypeValidator
3655:             1             16  com.sun.org.apache.xerces.internal.parsers.AbstractSAXParser$AttributesProxy
3656:             1             16  com.sun.org.apache.xerces.internal.util.EntityResolver2Wrapper
3657:             1             16  com.sun.org.apache.xerces.internal.util.ErrorHandlerWrapper
3658:             1             16  com.sun.org.apache.xerces.internal.utils.SecuritySupport
3659:             1             16  com.sun.proxy.$Proxy12
3660:             1             16  com.sun.proxy.$Proxy13
3661:             1             16  com.sun.proxy.$Proxy17
3662:             1             16  com.sun.proxy.$Proxy18
3663:             1             16  com.sun.proxy.$Proxy20
3664:             1             16  com.sun.proxy.$Proxy23
3665:             1             16  com.sun.proxy.$Proxy29
3666:             1             16  com.sun.proxy.$Proxy45
3667:             1             16  com.sun.proxy.$Proxy48
3668:             1             16  com.sun.proxy.$Proxy53
3669:             1             16  com.sysmin.controller.IndexController
3670:             1             16  com.sysmin.controller.jvm.JvmHandlerController$$Lambda$469/878876737
3671:             1             16  com.sysmin.core.jvm.service.impl.JinfoImpl
3672:             1             16  com.sysmin.core.jvm.service.impl.JmapImpl
3673:             1             16  com.sysmin.core.jvm.service.impl.JpsImpl
3674:             1             16  com.sysmin.core.jvm.service.impl.JpsImpl$$M$_jr_2EAFFFDEFB8067EE_4
3675:             1             16  com.sysmin.core.jvm.service.impl.JstackImpl
3676:             1             16  com.sysmin.core.linux.defult.service.impl.BaseImpl
3677:             1             16  com.sysmin.core.linux.defult.service.impl.ShImpl
3678:             1             16  com.sysmin.core.linux.net.service.impl.NetInfoImpl
3679:             1             16  com.sysmin.core.linux.process.service.impl.ProcessImpl
3680:             1             16  com.sysmin.core.linux.service.service.impl.ServiceImpl
3681:             1             16  com.sysmin.core.system.service.impl.DiskImpl
3682:             1             16  com.sysmin.core.system.service.impl.UpTimeImpl
3683:             1             16  com.zeroturnaround.javarebel.SDKReloaderImpl
3684:             1             16  com.zeroturnaround.javarebel.aav
3685:             1             16  com.zeroturnaround.javarebel.abd
3686:             1             16  com.zeroturnaround.javarebel.abv
3687:             1             16  com.zeroturnaround.javarebel.acj
3688:             1             16  com.zeroturnaround.javarebel.adb
3689:             1             16  com.zeroturnaround.javarebel.adj
3690:             1             16  com.zeroturnaround.javarebel.agn
3691:             1             16  com.zeroturnaround.javarebel.agx
3692:             1             16  com.zeroturnaround.javarebel.ai
3693:             1             16  com.zeroturnaround.javarebel.ak
3694:             1             16  com.zeroturnaround.javarebel.aq
3695:             1             16  com.zeroturnaround.javarebel.ar
3696:             1             16  com.zeroturnaround.javarebel.as
3697:             1             16  com.zeroturnaround.javarebel.aspectj.AspectJPlugin
3698:             1             16  com.zeroturnaround.javarebel.bl
3699:             1             16  com.zeroturnaround.javarebel.bn
3700:             1             16  com.zeroturnaround.javarebel.bo
3701:             1             16  com.zeroturnaround.javarebel.bq
3702:             1             16  com.zeroturnaround.javarebel.bsz
3703:             1             16  com.zeroturnaround.javarebel.bwu
3704:             1             16  com.zeroturnaround.javarebel.bww
3705:             1             16  com.zeroturnaround.javarebel.bwx
3706:             1             16  com.zeroturnaround.javarebel.bx
3707:             1             16  com.zeroturnaround.javarebel.bxh
3708:             1             16  com.zeroturnaround.javarebel.bxr
3709:             1             16  com.zeroturnaround.javarebel.byz
3710:             1             16  com.zeroturnaround.javarebel.bzc
3711:             1             16  com.zeroturnaround.javarebel.bze
3712:             1             16  com.zeroturnaround.javarebel.cbh
3713:             1             16  com.zeroturnaround.javarebel.cbm
3714:             1             16  com.zeroturnaround.javarebel.cbr
3715:             1             16  com.zeroturnaround.javarebel.cdd
3716:             1             16  com.zeroturnaround.javarebel.cdo
3717:             1             16  com.zeroturnaround.javarebel.ceq
3718:             1             16  com.zeroturnaround.javarebel.cf
3719:             1             16  com.zeroturnaround.javarebel.cfl
3720:             1             16  com.zeroturnaround.javarebel.cfn
3721:             1             16  com.zeroturnaround.javarebel.cfo
3722:             1             16  com.zeroturnaround.javarebel.cfp
3723:             1             16  com.zeroturnaround.javarebel.cfq
3724:             1             16  com.zeroturnaround.javarebel.cgo
3725:             1             16  com.zeroturnaround.javarebel.cgp
3726:             1             16  com.zeroturnaround.javarebel.cgq
3727:             1             16  com.zeroturnaround.javarebel.cgr
3728:             1             16  com.zeroturnaround.javarebel.cgu
3729:             1             16  com.zeroturnaround.javarebel.cgy
3730:             1             16  com.zeroturnaround.javarebel.cgz
3731:             1             16  com.zeroturnaround.javarebel.chl
3732:             1             16  com.zeroturnaround.javarebel.ck
3733:             1             16  com.zeroturnaround.javarebel.cn
3734:             1             16  com.zeroturnaround.javarebel.cpa
3735:             1             16  com.zeroturnaround.javarebel.cq
3736:             1             16  com.zeroturnaround.javarebel.ct
3737:             1             16  com.zeroturnaround.javarebel.cu
3738:             1             16  com.zeroturnaround.javarebel.cv
3739:             1             16  com.zeroturnaround.javarebel.cw
3740:             1             16  com.zeroturnaround.javarebel.cx
3741:             1             16  com.zeroturnaround.javarebel.cy
3742:             1             16  com.zeroturnaround.javarebel.cz
3743:             1             16  com.zeroturnaround.javarebel.da
3744:             1             16  com.zeroturnaround.javarebel.db
3745:             1             16  com.zeroturnaround.javarebel.dc
3746:             1             16  com.zeroturnaround.javarebel.de
3747:             1             16  com.zeroturnaround.javarebel.dk
3748:             1             16  com.zeroturnaround.javarebel.dm
3749:             1             16  com.zeroturnaround.javarebel.dn
3750:             1             16  com.zeroturnaround.javarebel.dq
3751:             1             16  com.zeroturnaround.javarebel.du
3752:             1             16  com.zeroturnaround.javarebel.dv
3753:             1             16  com.zeroturnaround.javarebel.dw
3754:             1             16  com.zeroturnaround.javarebel.ea
3755:             1             16  com.zeroturnaround.javarebel.ed
3756:             1             16  com.zeroturnaround.javarebel.ee
3757:             1             16  com.zeroturnaround.javarebel.ef
3758:             1             16  com.zeroturnaround.javarebel.eh
3759:             1             16  com.zeroturnaround.javarebel.ek
3760:             1             16  com.zeroturnaround.javarebel.em
3761:             1             16  com.zeroturnaround.javarebel.en
3762:             1             16  com.zeroturnaround.javarebel.er
3763:             1             16  com.zeroturnaround.javarebel.et
3764:             1             16  com.zeroturnaround.javarebel.ev
3765:             1             16  com.zeroturnaround.javarebel.fa
3766:             1             16  com.zeroturnaround.javarebel.fcb
3767:             1             16  com.zeroturnaround.javarebel.fcs
3768:             1             16  com.zeroturnaround.javarebel.fn
3769:             1             16  com.zeroturnaround.javarebel.ft
3770:             1             16  com.zeroturnaround.javarebel.ggf
3771:             1             16  com.zeroturnaround.javarebel.ghh
3772:             1             16  com.zeroturnaround.javarebel.ghi
3773:             1             16  com.zeroturnaround.javarebel.ghr
3774:             1             16  com.zeroturnaround.javarebel.ghs
3775:             1             16  com.zeroturnaround.javarebel.gkx
3776:             1             16  com.zeroturnaround.javarebel.gkz
3777:             1             16  com.zeroturnaround.javarebel.gld
3778:             1             16  com.zeroturnaround.javarebel.gle
3779:             1             16  com.zeroturnaround.javarebel.glf
3780:             1             16  com.zeroturnaround.javarebel.glg
3781:             1             16  com.zeroturnaround.javarebel.glh
3782:             1             16  com.zeroturnaround.javarebel.glk
3783:             1             16  com.zeroturnaround.javarebel.gln
3784:             1             16  com.zeroturnaround.javarebel.glx
3785:             1             16  com.zeroturnaround.javarebel.gpv
3786:             1             16  com.zeroturnaround.javarebel.gpw
3787:             1             16  com.zeroturnaround.javarebel.gpx
3788:             1             16  com.zeroturnaround.javarebel.gpy
3789:             1             16  com.zeroturnaround.javarebel.gpz
3790:             1             16  com.zeroturnaround.javarebel.gqa
3791:             1             16  com.zeroturnaround.javarebel.gqb
3792:             1             16  com.zeroturnaround.javarebel.gqh
3793:             1             16  com.zeroturnaround.javarebel.gqi
3794:             1             16  com.zeroturnaround.javarebel.gqj
3795:             1             16  com.zeroturnaround.javarebel.gqk
3796:             1             16  com.zeroturnaround.javarebel.gqm
3797:             1             16  com.zeroturnaround.javarebel.gqo
3798:             1             16  com.zeroturnaround.javarebel.gqp
3799:             1             16  com.zeroturnaround.javarebel.gqq
3800:             1             16  com.zeroturnaround.javarebel.gqs
3801:             1             16  com.zeroturnaround.javarebel.gqv
3802:             1             16  com.zeroturnaround.javarebel.gqx
3803:             1             16  com.zeroturnaround.javarebel.gqy
3804:             1             16  com.zeroturnaround.javarebel.gqz
3805:             1             16  com.zeroturnaround.javarebel.gra
3806:             1             16  com.zeroturnaround.javarebel.grb
3807:             1             16  com.zeroturnaround.javarebel.grc
3808:             1             16  com.zeroturnaround.javarebel.grd
3809:             1             16  com.zeroturnaround.javarebel.grg
3810:             1             16  com.zeroturnaround.javarebel.grk
3811:             1             16  com.zeroturnaround.javarebel.grn
3812:             1             16  com.zeroturnaround.javarebel.grp
3813:             1             16  com.zeroturnaround.javarebel.grr
3814:             1             16  com.zeroturnaround.javarebel.grs
3815:             1             16  com.zeroturnaround.javarebel.grv
3816:             1             16  com.zeroturnaround.javarebel.gtj
3817:             1             16  com.zeroturnaround.javarebel.gtk
3818:             1             16  com.zeroturnaround.javarebel.gtz
3819:             1             16  com.zeroturnaround.javarebel.gub
3820:             1             16  com.zeroturnaround.javarebel.guice.GuicePlugin
3821:             1             16  com.zeroturnaround.javarebel.gwd
3822:             1             16  com.zeroturnaround.javarebel.gye
3823:             1             16  com.zeroturnaround.javarebel.gyg
3824:             1             16  com.zeroturnaround.javarebel.gyh
3825:             1             16  com.zeroturnaround.javarebel.gyk
3826:             1             16  com.zeroturnaround.javarebel.had
3827:             1             16  com.zeroturnaround.javarebel.hn
3828:             1             16  com.zeroturnaround.javarebel.ho
3829:             1             16  com.zeroturnaround.javarebel.hu
3830:             1             16  com.zeroturnaround.javarebel.hv
3831:             1             16  com.zeroturnaround.javarebel.hw
3832:             1             16  com.zeroturnaround.javarebel.ih
3833:             1             16  com.zeroturnaround.javarebel.ii
3834:             1             16  com.zeroturnaround.javarebel.ij
3835:             1             16  com.zeroturnaround.javarebel.ik
3836:             1             16  com.zeroturnaround.javarebel.il
3837:             1             16  com.zeroturnaround.javarebel.internalsdk.ClassBytecodeProcessorIntegrationImpl
3838:             1             16  com.zeroturnaround.javarebel.internalsdk.PluginIntegrationImpl
3839:             1             16  com.zeroturnaround.javarebel.internalsdk.ServletContextIntegrationImpl
3840:             1             16  com.zeroturnaround.javarebel.iu
3841:             1             16  com.zeroturnaround.javarebel.ix
3842:             1             16  com.zeroturnaround.javarebel.iz
3843:             1             16  com.zeroturnaround.javarebel.jf
3844:             1             16  com.zeroturnaround.javarebel.ji
3845:             1             16  com.zeroturnaround.javarebel.jl
3846:             1             16  com.zeroturnaround.javarebel.jn
3847:             1             16  com.zeroturnaround.javarebel.jo
3848:             1             16  com.zeroturnaround.javarebel.js
3849:             1             16  com.zeroturnaround.javarebel.jt
3850:             1             16  com.zeroturnaround.javarebel.kh
3851:             1             16  com.zeroturnaround.javarebel.ll
3852:             1             16  com.zeroturnaround.javarebel.mi
3853:             1             16  com.zeroturnaround.javarebel.ms
3854:             1             16  com.zeroturnaround.javarebel.mu
3855:             1             16  com.zeroturnaround.javarebel.mx
3856:             1             16  com.zeroturnaround.javarebel.n
3857:             1             16  com.zeroturnaround.javarebel.nk
3858:             1             16  com.zeroturnaround.javarebel.nl
3859:             1             16  com.zeroturnaround.javarebel.nm
3860:             1             16  com.zeroturnaround.javarebel.os
3861:             1             16  com.zeroturnaround.javarebel.ot
3862:             1             16  com.zeroturnaround.javarebel.pc
3863:             1             16  com.zeroturnaround.javarebel.pf
3864:             1             16  com.zeroturnaround.javarebel.pj
3865:             1             16  com.zeroturnaround.javarebel.pn
3866:             1             16  com.zeroturnaround.javarebel.pz
3867:             1             16  com.zeroturnaround.javarebel.rn
3868:             1             16  com.zeroturnaround.javarebel.tg
3869:             1             16  com.zeroturnaround.javarebel.th
3870:             1             16  com.zeroturnaround.javarebel.tk
3871:             1             16  com.zeroturnaround.javarebel.tl
3872:             1             16  com.zeroturnaround.javarebel.ud
3873:             1             16  com.zeroturnaround.javarebel.us
3874:             1             16  com.zeroturnaround.javarebel.uz
3875:             1             16  com.zeroturnaround.javarebel.vc
3876:             1             16  com.zeroturnaround.javarebel.vd
3877:             1             16  com.zeroturnaround.javarebel.ve
3878:             1             16  com.zeroturnaround.javarebel.vp
3879:             1             16  com.zeroturnaround.javarebel.vq
3880:             1             16  com.zeroturnaround.javarebel.vr
3881:             1             16  com.zeroturnaround.javarebel.w
3882:             1             16  com.zeroturnaround.javarebel.wc
3883:             1             16  com.zeroturnaround.javarebel.wh
3884:             1             16  com.zeroturnaround.javarebel.wm
3885:             1             16  com.zeroturnaround.javarebel.wn
3886:             1             16  com.zeroturnaround.javarebel.wo
3887:             1             16  com.zeroturnaround.javarebel.wp
3888:             1             16  com.zeroturnaround.javarebel.wr
3889:             1             16  com.zeroturnaround.javarebel.wt
3890:             1             16  com.zeroturnaround.javarebel.wv
3891:             1             16  com.zeroturnaround.javarebel.wy
3892:             1             16  com.zeroturnaround.javarebel.wz
3893:             1             16  com.zeroturnaround.javarebel.xd
3894:             1             16  com.zeroturnaround.javarebel.xe
3895:             1             16  com.zeroturnaround.javarebel.xf
3896:             1             16  com.zeroturnaround.javarebel.xg
3897:             1             16  com.zeroturnaround.javarebel.xl
3898:             1             16  com.zeroturnaround.javarebel.xq
3899:             1             16  com.zeroturnaround.javarebel.xt
3900:             1             16  com.zeroturnaround.javarebel.xx
3901:             1             16  com.zeroturnaround.javarebel.yi
3902:             1             16  com.zeroturnaround.javarebel.yk
3903:             1             16  com.zeroturnaround.javarebel.zc
3904:             1             16  com.zeroturnaround.javarebel.zt
3905:             1             16  com.zeroturnaround.jrebel.bundled.org.bouncycastle.jcajce.provider.asymmetric.dsa.KeyFactorySpi
3906:             1             16  com.zeroturnaround.jrebel.bundled.org.bouncycastle.jcajce.provider.asymmetric.elgamal.KeyFactorySpi
3907:             1             16  com.zeroturnaround.jrebel.bundled.org.bouncycastle.jcajce.provider.asymmetric.gost.KeyFactorySpi
3908:             1             16  com.zeroturnaround.jrebel.bundled.org.bouncycastle.jcajce.provider.asymmetric.rsa.KeyFactorySpi
3909:             1             16  com.zeroturnaround.jrebel.bundled.org.slf4j.helpers.NOPLoggerFactory
3910:             1             16  com.zeroturnaround.jrebel.bundled.org.slf4j.helpers.SubstituteLoggerFactory
3911:             1             16  com.zeroturnaround.jrebel.bundled.org.slf4j.impl.StaticLoggerBinder
3912:             1             16  com.zeroturnaround.jrebelbase.facade.as
3913:             1             16  com.zeroturnaround.jrebelbase.facade.s
3914:             1             16  com.zeroturnaround.jrebelbase.reorder.c
3915:             1             16  com.zeroturnaround.licensing.d
3916:             1             16  com.zeroturnaround.reload.ac
3917:             1             16  com.zeroturnaround.reload.af
3918:             1             16  com.zeroturnaround.reload.al
3919:             1             16  com.zeroturnaround.reload.c
3920:             1             16  com.zeroturnaround.reload.i
3921:             1             16  com.zeroturnaround.reload.v
3922:             1             16  java.io.DeleteOnExitHook$1
3923:             1             16  java.io.FileDescriptor$1
3924:             1             16  java.io.ObjectInputStream$$Lambda$7/205494827
3925:             1             16  java.io.ObjectInputStream$1
3926:             1             16  java.lang.ApplicationShutdownHooks$1
3927:             1             16  java.lang.CharacterData00
3928:             1             16  java.lang.CharacterDataLatin1
3929:             1             16  java.lang.InheritableThreadLocal
3930:             1             16  java.lang.ProcessEnvironment$CheckedEntrySet
3931:             1             16  java.lang.ProcessEnvironment$CheckedKeySet
3932:             1             16  java.lang.ProcessEnvironment$EntryComparator
3933:             1             16  java.lang.ProcessEnvironment$NameComparator
3934:             1             16  java.lang.Runtime
3935:             1             16  java.lang.String$CaseInsensitiveComparator
3936:             1             16  java.lang.System$2
3937:             1             16  java.lang.Terminator$1
3938:             1             16  java.lang.invoke.MemberName$Factory
3939:             1             16  java.lang.invoke.MethodHandleImpl$2
3940:             1             16  java.lang.invoke.MethodHandleImpl$3
3941:             1             16  java.lang.management.PlatformComponent$1
3942:             1             16  java.lang.management.PlatformComponent$10
3943:             1             16  java.lang.management.PlatformComponent$11
3944:             1             16  java.lang.management.PlatformComponent$12
3945:             1             16  java.lang.management.PlatformComponent$13
3946:             1             16  java.lang.management.PlatformComponent$14
3947:             1             16  java.lang.management.PlatformComponent$15
3948:             1             16  java.lang.management.PlatformComponent$2
3949:             1             16  java.lang.management.PlatformComponent$3
3950:             1             16  java.lang.management.PlatformComponent$4
3951:             1             16  java.lang.management.PlatformComponent$5
3952:             1             16  java.lang.management.PlatformComponent$6
3953:             1             16  java.lang.management.PlatformComponent$7
3954:             1             16  java.lang.management.PlatformComponent$8
3955:             1             16  java.lang.management.PlatformComponent$9
3956:             1             16  java.lang.ref.Reference$1
3957:             1             16  java.lang.ref.Reference$Lock
3958:             1             16  java.lang.reflect.Proxy$KeyFactory
3959:             1             16  java.lang.reflect.Proxy$ProxyClassFactory
3960:             1             16  java.lang.reflect.ReflectAccess
3961:             1             16  java.math.BigDecimal$1
3962:             1             16  java.net.InetAddress$2
3963:             1             16  java.net.URLClassLoader$7
3964:             1             16  java.nio.Bits$1
3965:             1             16  java.nio.Bits$1$1
3966:             1             16  java.nio.charset.CoderResult$1
3967:             1             16  java.nio.charset.CoderResult$2
3968:             1             16  java.nio.file.Files$AcceptAllFilter
3969:             1             16  java.rmi.server.RMIClassLoader$2
3970:             1             16  java.rmi.server.RemoteObjectInvocationHandler$MethodToHash_Maps
3971:             1             16  java.security.AllPermission
3972:             1             16  java.security.ProtectionDomain$2
3973:             1             16  java.security.ProtectionDomain$JavaSecurityAccessImpl
3974:             1             16  java.text.DontCareFieldPosition$1
3975:             1             16  java.text.MessageFormat$Field
3976:             1             16  java.time.chrono.AbstractChronology$$Lambda$25/337289991
3977:             1             16  java.time.chrono.AbstractChronology$$Lambda$26/1875861984
3978:             1             16  java.time.chrono.AbstractChronology$$Lambda$27/1086540234
3979:             1             16  java.time.chrono.IsoChronology
3980:             1             16  java.time.format.DateTimeFormatter$$Lambda$28/1166969089
3981:             1             16  java.time.format.DateTimeFormatter$$Lambda$29/129012602
3982:             1             16  java.time.format.DateTimeFormatterBuilder$$Lambda$24/1166782206
3983:             1             16  java.time.format.DateTimeFormatterBuilder$2
3984:             1             16  java.time.format.DateTimeFormatterBuilder$InstantPrinterParser
3985:             1             16  java.time.format.DateTimeTextProvider$1
3986:             1             16  java.time.temporal.TemporalQueries$$Lambda$449/1566314202
3987:             1             16  java.time.temporal.TemporalQueries$$Lambda$450/904729801
3988:             1             16  java.time.temporal.TemporalQueries$$Lambda$451/1707416509
3989:             1             16  java.time.temporal.TemporalQueries$$Lambda$452/1078041182
3990:             1             16  java.time.temporal.TemporalQueries$$Lambda$453/259627273
3991:             1             16  java.time.temporal.TemporalQueries$$Lambda$454/1110205352
3992:             1             16  java.time.temporal.TemporalQueries$$Lambda$455/1672075530
3993:             1             16  java.util.Collections$EmptyEnumeration
3994:             1             16  java.util.Collections$EmptyIterator
3995:             1             16  java.util.Collections$EmptyList
3996:             1             16  java.util.Collections$EmptySet
3997:             1             16  java.util.Collections$ReverseComparator
3998:             1             16  java.util.Currency$CurrencyNameGetter
3999:             1             16  java.util.EnumMap$1
4000:             1             16  java.util.EnumMap$Values
4001:             1             16  java.util.IdentityHashMap$EntrySet
4002:             1             16  java.util.IdentityHashMap$Values
4003:             1             16  java.util.ResourceBundle$Control
4004:             1             16  java.util.Spliterators$EmptySpliterator$OfDouble
4005:             1             16  java.util.Spliterators$EmptySpliterator$OfInt
4006:             1             16  java.util.Spliterators$EmptySpliterator$OfLong
4007:             1             16  java.util.Spliterators$EmptySpliterator$OfRef
4008:             1             16  java.util.concurrent.ConcurrentSkipListSet
4009:             1             16  java.util.concurrent.Executors$FinalizableDelegatedExecutorService
4010:             1             16  java.util.jar.JavaUtilJarAccessImpl
4011:             1             16  java.util.logging.LoggingProxyImpl
4012:             1             16  java.util.logging.SimpleFormatter
4013:             1             16  java.util.regex.Pattern$4
4014:             1             16  java.util.regex.Pattern$CharPropertyNames$10
4015:             1             16  java.util.regex.Pattern$CharPropertyNames$11
4016:             1             16  java.util.regex.Pattern$CharPropertyNames$12
4017:             1             16  java.util.regex.Pattern$CharPropertyNames$13
4018:             1             16  java.util.regex.Pattern$CharPropertyNames$14
4019:             1             16  java.util.regex.Pattern$CharPropertyNames$15
4020:             1             16  java.util.regex.Pattern$CharPropertyNames$16
4021:             1             16  java.util.regex.Pattern$CharPropertyNames$17
4022:             1             16  java.util.regex.Pattern$CharPropertyNames$18
4023:             1             16  java.util.regex.Pattern$CharPropertyNames$19
4024:             1             16  java.util.regex.Pattern$CharPropertyNames$20
4025:             1             16  java.util.regex.Pattern$CharPropertyNames$21
4026:             1             16  java.util.regex.Pattern$CharPropertyNames$22
4027:             1             16  java.util.regex.Pattern$CharPropertyNames$23
4028:             1             16  java.util.regex.Pattern$CharPropertyNames$5
4029:             1             16  java.util.regex.Pattern$CharPropertyNames$6
4030:             1             16  java.util.regex.Pattern$CharPropertyNames$7
4031:             1             16  java.util.regex.Pattern$CharPropertyNames$8
4032:             1             16  java.util.regex.Pattern$CharPropertyNames$9
4033:             1             16  java.util.regex.Pattern$LastNode
4034:             1             16  java.util.regex.Pattern$Node
4035:             1             16  java.util.stream.Collectors$$Lambda$158/1675122956
4036:             1             16  java.util.stream.Collectors$$Lambda$159/293338808
4037:             1             16  java.util.stream.Collectors$$Lambda$35/1916575798
4038:             1             16  java.util.stream.Collectors$$Lambda$36/685558284
4039:             1             16  java.util.stream.Collectors$$Lambda$37/79782883
4040:             1             16  java.util.stream.Collectors$$Lambda$38/1250121181
4041:             1             16  java.util.stream.Collectors$$Lambda$430/1801319187
4042:             1             16  java.util.stream.Collectors$$Lambda$431/443215084
4043:             1             16  java.util.stream.Collectors$$Lambda$432/1368955671
4044:             1             16  java.util.stream.Collectors$$Lambda$59/1002535454
4045:             1             16  java.util.stream.Collectors$$Lambda$60/2056072640
4046:             1             16  java.util.stream.Collectors$$Lambda$61/882600762
4047:             1             16  java.util.stream.Collectors$$Lambda$84/311834717
4048:             1             16  java.util.stream.FindOps$$Lambda$18/1421866327
4049:             1             16  java.util.stream.FindOps$$Lambda$19/1526970878
4050:             1             16  java.util.stream.Nodes$EmptyNode$OfDouble
4051:             1             16  java.util.stream.Nodes$EmptyNode$OfInt
4052:             1             16  java.util.stream.Nodes$EmptyNode$OfLong
4053:             1             16  java.util.stream.Nodes$EmptyNode$OfRef
4054:             1             16  java.util.zip.ZipFile$1
4055:             1             16  javax.crypto.JceSecurityManager
4056:             1             16  javax.management.JMX
4057:             1             16  javax.management.MBeanServerBuilder
4058:             1             16  javax.management.NotificationBroadcasterSupport$1
4059:             1             16  javax.net.DefaultSocketFactory
4060:             1             16  javax.validation.Validation$DefaultValidationProviderResolver
4061:             1             16  javax.validation.Validation$GetValidationProviderListAction
4062:             1             16  javax.xml.parsers.SecuritySupport
4063:             1             16  javax.xml.transform.SecuritySupport
4064:             1             16  org.apache.catalina.connector.CoyoteAdapter$1
4065:             1             16  org.apache.catalina.connector.Request$1
4066:             1             16  org.apache.catalina.connector.Request$2
4067:             1             16  org.apache.catalina.connector.Request$3
4068:             1             16  org.apache.catalina.connector.Request$4
4069:             1             16  org.apache.catalina.connector.Request$5
4070:             1             16  org.apache.catalina.connector.Request$6
4071:             1             16  org.apache.catalina.connector.Request$7
4072:             1             16  org.apache.catalina.core.AprLifecycleListener
4073:             1             16  org.apache.catalina.core.ContainerBase$ContainerBackgroundProcessor
4074:             1             16  org.apache.catalina.core.StandardContext$1
4075:             1             16  org.apache.catalina.core.StandardHost$MemoryLeakTrackingListener
4076:             1             16  org.apache.catalina.mbeans.MBeanFactory
4077:             1             16  org.apache.catalina.realm.X509SubjectDnRetriever
4078:             1             16  org.apache.catalina.startup.Tomcat$FixContextListener
4079:             1             16  org.apache.catalina.util.CharsetMapper
4080:             1             16  org.apache.commons.logging.impl.NoOpLog
4081:             1             16  org.apache.el.ExpressionFactoryImpl
4082:             1             16  org.apache.juli.logging.LogFactory
4083:             1             16  org.apache.logging.log4j.message.ParameterizedNoReferenceMessageFactory
4084:             1             16  org.apache.logging.log4j.message.ReusableMessageFactory
4085:             1             16  org.apache.logging.log4j.spi.LoggerRegistry$ConcurrentMapFactory
4086:             1             16  org.apache.logging.log4j.util.LoaderUtil$ThreadContextClassLoaderGetter
4087:             1             16  org.apache.logging.log4j.util.ProviderUtil
4088:             1             16  org.apache.logging.slf4j.SLF4JLoggerContext
4089:             1             16  org.apache.logging.slf4j.SLF4JLoggerContextFactory
4090:             1             16  org.apache.tomcat.util.buf.MessageBytes$MessageBytesFactory
4091:             1             16  org.apache.tomcat.util.buf.StringCache
4092:             1             16  org.apache.tomcat.util.digester.Digester$SystemPropertySource
4093:             1             16  org.apache.tomcat.util.http.CookieProcessorBase$1
4094:             1             16  org.apache.tomcat.util.http.Rfc6265CookieProcessor
4095:             1             16  org.apache.tomcat.util.http.parser.MediaTypeCache
4096:             1             16  org.apache.tomcat.util.modeler.ManagedBean$$Lambda$144/1097037264
4097:             1             16  org.apache.tomcat.util.net.SocketWrapperBase$1
4098:             1             16  org.apache.tomcat.util.net.SocketWrapperBase$2
4099:             1             16  org.apache.tomcat.util.net.SocketWrapperBase$3
4100:             1             16  org.apache.tomcat.util.threads.ThreadPoolExecutor$RejectHandler
4101:             1             16  org.apache.tomcat.websocket.TransformationFactory
4102:             1             16  org.apache.tomcat.websocket.server.DefaultServerEndpointConfigurator
4103:             1             16  org.apache.tomcat.websocket.server.WsContextListener
4104:             1             16  org.apache.tomcat.websocket.server.WsSessionListener
4105:             1             16  org.apache.tomcat.websocket.server.WsWriteTimeout$EndpointComparator
4106:             1             16  org.hibernate.validator.HibernateValidator
4107:             1             16  org.hibernate.validator.internal.engine.ConfigurationImpl$$Lambda$57/1616232890
4108:             1             16  org.hibernate.validator.internal.engine.DefaultClockProvider
4109:             1             16  org.hibernate.validator.internal.engine.DefaultParameterNameProvider
4110:             1             16  org.hibernate.validator.internal.engine.MethodValidationConfiguration$Builder
4111:             1             16  org.hibernate.validator.internal.engine.constraintvalidation.ConstraintValidatorFactoryImpl
4112:             1             16  org.hibernate.validator.internal.engine.constraintvalidation.ConstraintValidatorManager$1
4113:             1             16  org.hibernate.validator.internal.engine.groups.ValidationOrderGenerator
4114:             1             16  org.hibernate.validator.internal.engine.resolver.TraverseAllTraversableResolver
4115:             1             16  org.hibernate.validator.internal.engine.valueextraction.AnnotatedObject
4116:             1             16  org.hibernate.validator.internal.engine.valueextraction.BooleanArrayValueExtractor
4117:             1             16  org.hibernate.validator.internal.engine.valueextraction.ByteArrayValueExtractor
4118:             1             16  org.hibernate.validator.internal.engine.valueextraction.CharArrayValueExtractor
4119:             1             16  org.hibernate.validator.internal.engine.valueextraction.DoubleArrayValueExtractor
4120:             1             16  org.hibernate.validator.internal.engine.valueextraction.FloatArrayValueExtractor
4121:             1             16  org.hibernate.validator.internal.engine.valueextraction.IntArrayValueExtractor
4122:             1             16  org.hibernate.validator.internal.engine.valueextraction.IterableValueExtractor
4123:             1             16  org.hibernate.validator.internal.engine.valueextraction.ListPropertyValueExtractor
4124:             1             16  org.hibernate.validator.internal.engine.valueextraction.ListValueExtractor
4125:             1             16  org.hibernate.validator.internal.engine.valueextraction.LongArrayValueExtractor
4126:             1             16  org.hibernate.validator.internal.engine.valueextraction.MapKeyExtractor
4127:             1             16  org.hibernate.validator.internal.engine.valueextraction.MapPropertyKeyExtractor
4128:             1             16  org.hibernate.validator.internal.engine.valueextraction.MapPropertyValueExtractor
4129:             1             16  org.hibernate.validator.internal.engine.valueextraction.MapValueExtractor
4130:             1             16  org.hibernate.validator.internal.engine.valueextraction.ObjectArrayValueExtractor
4131:             1             16  org.hibernate.validator.internal.engine.valueextraction.ObservableValueValueExtractor
4132:             1             16  org.hibernate.validator.internal.engine.valueextraction.OptionalDoubleValueExtractor
4133:             1             16  org.hibernate.validator.internal.engine.valueextraction.OptionalIntValueExtractor
4134:             1             16  org.hibernate.validator.internal.engine.valueextraction.OptionalLongValueExtractor
4135:             1             16  org.hibernate.validator.internal.engine.valueextraction.OptionalValueExtractor
4136:             1             16  org.hibernate.validator.internal.engine.valueextraction.ReadOnlyListPropertyValueExtractor
4137:             1             16  org.hibernate.validator.internal.engine.valueextraction.ReadOnlyMapPropertyKeyExtractor
4138:             1             16  org.hibernate.validator.internal.engine.valueextraction.ReadOnlyMapPropertyValueExtractor
4139:             1             16  org.hibernate.validator.internal.engine.valueextraction.ReadOnlySetPropertyValueExtractor
4140:             1             16  org.hibernate.validator.internal.engine.valueextraction.SetPropertyValueExtractor
4141:             1             16  org.hibernate.validator.internal.engine.valueextraction.ShortArrayValueExtractor
4142:             1             16  org.hibernate.validator.internal.metadata.aggregated.rule.OverridingMethodMustNotAlterParameterConstraints
4143:             1             16  org.hibernate.validator.internal.metadata.aggregated.rule.ParallelMethodsMustNotDefineGroupConversionForCascadedReturnValue
4144:             1             16  org.hibernate.validator.internal.metadata.aggregated.rule.ParallelMethodsMustNotDefineParameterConstraints
4145:             1             16  org.hibernate.validator.internal.metadata.aggregated.rule.ReturnValueMayOnlyBeMarkedOnceAsCascadedPerHierarchyLine
4146:             1             16  org.hibernate.validator.internal.metadata.aggregated.rule.VoidMethodsMustNotBeReturnValueConstrained
4147:             1             16  org.hibernate.validator.internal.metadata.core.ConstraintHelper$ValidatorDescriptorMap
4148:             1             16  org.hibernate.validator.internal.metadata.provider.AnnotationMetaDataProvider$$Lambda$83/2029370043
4149:             1             16  org.hibernate.validator.internal.util.ExecutableHelper
4150:             1             16  org.hibernate.validator.internal.util.ExecutableParameterNameProvider
4151:             1             16  org.hibernate.validator.internal.util.TypeResolutionHelper
4152:             1             16  org.hibernate.validator.internal.util.logging.Messages_$bundle
4153:             1             16  org.hibernate.validator.resourceloading.PlatformResourceBundleLocator$AggregateResourceBundleControl
4154:             1             16  org.jboss.logging.Log4j2LoggerProvider
4155:             1             16  org.slf4j.helpers.NOPLoggerFactory
4156:             1             16  org.slf4j.impl.StaticMDCBinder
4157:             1             16  org.springframework.aop.Advisor$1
4158:             1             16  org.springframework.aop.TrueClassFilter
4159:             1             16  org.springframework.aop.TrueMethodMatcher
4160:             1             16  org.springframework.aop.TruePointcut
4161:             1             16  org.springframework.aop.framework.DefaultAdvisorChainFactory
4162:             1             16  org.springframework.aop.framework.DefaultAopProxyFactory
4163:             1             16  org.springframework.aop.framework.adapter.AfterReturningAdviceAdapter
4164:             1             16  org.springframework.aop.framework.adapter.DefaultAdvisorAdapterRegistry
4165:             1             16  org.springframework.aop.framework.adapter.MethodBeforeAdviceAdapter
4166:             1             16  org.springframework.aop.framework.adapter.ThrowsAdviceAdapter
4167:             1             16  org.springframework.beans.ExtendedBeanInfoFactory
4168:             1             16  org.springframework.beans.JrBeanDisposer
4169:             1             16  org.springframework.beans.JrBeanReloader$3
4170:             1             16  org.springframework.beans.factory.BeanFactoryUtils$$Lambda$112/288306765
4171:             1             16  org.springframework.beans.factory.parsing.FailFastProblemReporter
4172:             1             16  org.springframework.beans.factory.parsing.PassThroughSourceExtractor
4173:             1             16  org.springframework.beans.factory.support.AbstractAutowireCapableBeanFactory$$Lambda$177/371271246
4174:             1             16  org.springframework.beans.factory.support.AutowireUtils$$Lambda$203/1420664825
4175:             1             16  org.springframework.beans.factory.support.AutowireUtils$$Lambda$230/880314240
4176:             1             16  org.springframework.beans.factory.support.CglibSubclassingInstantiationStrategy
4177:             1             16  org.springframework.beans.factory.support.DefaultListableBeanFactory$$Lambda$324/1574206600
4178:             1             16  org.springframework.beans.factory.support.DefaultSingletonBeanRegistry$$Lambda$116/1233327519
4179:             1             16  org.springframework.beans.factory.support.DefaultSingletonBeanRegistry$$Lambda$117/1155769010
4180:             1             16  org.springframework.boot.ClearCachesApplicationListener
4181:             1             16  org.springframework.boot.SpringBootBanner
4182:             1             16  org.springframework.boot.StartupInfoLogger$$Lambda$100/858818438
4183:             1             16  org.springframework.boot.StartupInfoLogger$$Lambda$102/1335503880
4184:             1             16  org.springframework.boot.StartupInfoLogger$$Lambda$94/1097897234
4185:             1             16  org.springframework.boot.StartupInfoLogger$$Lambda$97/1107530534
4186:             1             16  org.springframework.boot.admin.SpringApplicationAdminMXBeanRegistrar$SpringApplicationAdmin
4187:             1             16  org.springframework.boot.autoconfigure.AutoConfigurationImportSelector$$Lambda$151/1585853402
4188:             1             16  org.springframework.boot.autoconfigure.AutoConfigurationImportSelector$AutoConfigurationGroup$$Lambda$153/1333404258
4189:             1             16  org.springframework.boot.autoconfigure.AutoConfigurationImportSelector$AutoConfigurationGroup$$Lambda$154/1247247257
4190:             1             16  org.springframework.boot.autoconfigure.AutoConfigurationImportSelector$AutoConfigurationGroup$$Lambda$155/1141049797
4191:             1             16  org.springframework.boot.autoconfigure.AutoConfigurationImportSelector$AutoConfigurationGroup$$Lambda$156/1355039397
4192:             1             16  org.springframework.boot.autoconfigure.AutoConfigurationImportSelector$AutoConfigurationGroup$$Lambda$157/1070146065
4193:             1             16  org.springframework.boot.autoconfigure.BackgroundPreinitializer
4194:             1             16  org.springframework.boot.autoconfigure.SharedMetadataReaderFactoryContextInitializer
4195:             1             16  org.springframework.boot.autoconfigure.SharedMetadataReaderFactoryContextInitializer$CachingMetadataReaderFactoryPostProcessor
4196:             1             16  org.springframework.boot.autoconfigure.SharedMetadataReaderFactoryContextInitializer$CachingMetadataReaderFactoryPostProcessor$$Lambda$110/1423768154
4197:             1             16  org.springframework.boot.autoconfigure.SharedMetadataReaderFactoryContextInitializer$SharedMetadataReaderFactoryBean
4198:             1             16  org.springframework.boot.autoconfigure.condition.BeanTypeRegistry$$Lambda$174/855715439
4199:             1             16  org.springframework.boot.autoconfigure.condition.BeanTypeRegistry$$Lambda$183/1014923261
4200:             1             16  org.springframework.boot.autoconfigure.condition.BeanTypeRegistry$$Lambda$184/1171425975
4201:             1             16  org.springframework.boot.autoconfigure.condition.ConditionEvaluationReport$AncestorsMatchedCondition
4202:             1             16  org.springframework.boot.autoconfigure.condition.OnBeanCondition$BeanSearchSpec$$Lambda$171/682846231
4203:             1             16  org.springframework.boot.autoconfigure.condition.OnBeanCondition$BeanSearchSpec$$Lambda$173/1019854313
4204:             1             16  org.springframework.boot.autoconfigure.context.MessageSourceAutoConfiguration$ResourceBundleCondition
4205:             1             16  org.springframework.boot.autoconfigure.http.HttpMessageConverters
4206:             1             16  org.springframework.boot.autoconfigure.http.codec.CodecsAutoConfiguration$JacksonCodecConfiguration$$Lambda$407/42506186
4207:             1             16  org.springframework.boot.autoconfigure.http.codec.CodecsAutoConfiguration$LoggingCodecConfiguration$$Lambda$406/2220012
4208:             1             16  org.springframework.boot.autoconfigure.jdbc.DataSourceBeanCreationFailureAnalyzer
4209:             1             16  org.springframework.boot.autoconfigure.jdbc.DataSourceConfiguration$Hikari
4210:             1             16  org.springframework.boot.autoconfigure.jdbc.DataSourceInitializerPostProcessor
4211:             1             16  org.springframework.boot.autoconfigure.jdbc.HikariDriverConfigurationFailureAnalyzer
4212:             1             16  org.springframework.boot.autoconfigure.jdbc.JdbcProperties
4213:             1             16  org.springframework.boot.autoconfigure.jdbc.metadata.DataSourcePoolMetadataProvidersConfiguration$HikariPoolDataSourceMetadataProviderConfiguration$$Lambda$405/1913495957
4214:             1             16  org.springframework.boot.autoconfigure.logging.ConditionEvaluationReportLoggingListener$ConditionEvaluationReportListener
4215:             1             16  org.springframework.boot.autoconfigure.mustache.MustacheTemplateAvailabilityProvider
4216:             1             16  org.springframework.boot.autoconfigure.session.NonUniqueSessionRepositoryFailureAnalyzer
4217:             1             16  org.springframework.boot.autoconfigure.task.TaskSchedulingProperties$Pool
4218:             1             16  org.springframework.boot.autoconfigure.template.TemplateAvailabilityProviders$NoTemplateAvailabilityProvider
4219:             1             16  org.springframework.boot.autoconfigure.thymeleaf.ThymeleafTemplateAvailabilityProvider
4220:             1             16  org.springframework.boot.autoconfigure.transaction.TransactionManagerCustomizers
4221:             1             16  org.springframework.boot.autoconfigure.web.ErrorProperties$Whitelabel
4222:             1             16  org.springframework.boot.autoconfigure.web.OnEnabledResourceChainCondition
4223:             1             16  org.springframework.boot.autoconfigure.web.embedded.TomcatWebServerFactoryCustomizer$$Lambda$264/1730542048
4224:             1             16  org.springframework.boot.autoconfigure.web.embedded.TomcatWebServerFactoryCustomizer$$Lambda$268/1667552329
4225:             1             16  org.springframework.boot.autoconfigure.web.embedded.TomcatWebServerFactoryCustomizer$$Lambda$273/651916608
4226:             1             16  org.springframework.boot.autoconfigure.web.embedded.TomcatWebServerFactoryCustomizer$$Lambda$277/104404643
4227:             1             16  org.springframework.boot.autoconfigure.web.embedded.TomcatWebServerFactoryCustomizer$$Lambda$279/1525361802
4228:             1             16  org.springframework.boot.autoconfigure.web.embedded.TomcatWebServerFactoryCustomizer$$Lambda$283/87816081
4229:             1             16  org.springframework.boot.autoconfigure.web.embedded.TomcatWebServerFactoryCustomizer$$Lambda$285/1598005588
4230:             1             16  org.springframework.boot.autoconfigure.web.embedded.TomcatWebServerFactoryCustomizer$$Lambda$287/1003409618
4231:             1             16  org.springframework.boot.autoconfigure.web.embedded.TomcatWebServerFactoryCustomizer$$Lambda$289/932205110
4232:             1             16  org.springframework.boot.autoconfigure.web.embedded.TomcatWebServerFactoryCustomizer$$Lambda$290/1339765646
4233:             1             16  org.springframework.boot.autoconfigure.web.embedded.TomcatWebServerFactoryCustomizer$$Lambda$292/743571331
4234:             1             16  org.springframework.boot.autoconfigure.web.embedded.TomcatWebServerFactoryCustomizer$$Lambda$294/2089733159
4235:             1             16  org.springframework.boot.autoconfigure.web.embedded.TomcatWebServerFactoryCustomizer$$Lambda$303/464632404
4236:             1             16  org.springframework.boot.autoconfigure.web.embedded.TomcatWebServerFactoryCustomizer$$Lambda$307/668964635
4237:             1             16  org.springframework.boot.autoconfigure.web.embedded.TomcatWebServerFactoryCustomizer$$Lambda$308/909866761
4238:             1             16  org.springframework.boot.autoconfigure.web.servlet.HttpEncodingAutoConfiguration$LocaleCharsetMappingsCustomizer
4239:             1             16  org.springframework.boot.autoconfigure.web.servlet.JspTemplateAvailabilityProvider
4240:             1             16  org.springframework.boot.autoconfigure.web.servlet.ServletWebServerFactoryCustomizer
4241:             1             16  org.springframework.boot.autoconfigure.web.servlet.TomcatServletWebServerFactoryCustomizer
4242:             1             16  org.springframework.boot.autoconfigure.web.servlet.TomcatServletWebServerFactoryCustomizer$$Lambda$260/573032493
4243:             1             16  org.springframework.boot.autoconfigure.web.servlet.WebMvcProperties$Async
4244:             1             16  org.springframework.boot.autoconfigure.web.servlet.WebMvcProperties$Pathmatch
4245:             1             16  org.springframework.boot.autoconfigure.web.servlet.error.ErrorMvcAutoConfiguration$ErrorTemplateMissingCondition
4246:             1             16  org.springframework.boot.autoconfigure.web.servlet.error.ErrorMvcAutoConfiguration$PreserveErrorControllerTargetClassPostProcessor
4247:             1             16  org.springframework.boot.autoconfigure.web.servlet.error.ErrorMvcAutoConfiguration$StaticView
4248:             1             16  org.springframework.boot.autoconfigure.websocket.servlet.TomcatWebSocketServletWebServerCustomizer
4249:             1             16  org.springframework.boot.autoconfigure.websocket.servlet.TomcatWebSocketServletWebServerCustomizer$$Lambda$234/810833183
4250:             1             16  org.springframework.boot.context.ConfigurationWarningsApplicationContextInitializer
4251:             1             16  org.springframework.boot.context.ConfigurationWarningsApplicationContextInitializer$ComponentScanPackageCheck
4252:             1             16  org.springframework.boot.context.ConfigurationWarningsApplicationContextInitializer$ConfigurationWarningsPostProcessor
4253:             1             16  org.springframework.boot.context.ContextIdApplicationContextInitializer
4254:             1             16  org.springframework.boot.context.FileEncodingApplicationListener
4255:             1             16  org.springframework.boot.context.config.AnsiOutputApplicationListener
4256:             1             16  org.springframework.boot.context.config.AnsiOutputApplicationListener$$Lambda$71/1991278377
4257:             1             16  org.springframework.boot.context.config.ConfigFileApplicationListener$Loader$$Lambda$33/711540569
4258:             1             16  org.springframework.boot.context.config.ConfigFileApplicationListener$Loader$$Lambda$40/1816725203
4259:             1             16  org.springframework.boot.context.config.ConfigFileApplicationListener$Loader$$Lambda$50/347978868
4260:             1             16  org.springframework.boot.context.config.ConfigFileApplicationListener$Loader$$Lambda$51/307829448
4261:             1             16  org.springframework.boot.context.config.ConfigFileApplicationListener$Loader$$Lambda$52/1518331471
4262:             1             16  org.springframework.boot.context.config.ConfigFileApplicationListener$Loader$$Lambda$53/459718907
4263:             1             16  org.springframework.boot.context.config.ConfigFileApplicationListener$Loader$$Lambda$55/616674002
4264:             1             16  org.springframework.boot.context.config.DelegatingApplicationContextInitializer
4265:             1             16  org.springframework.boot.context.logging.ClasspathLoggingApplicationListener
4266:             1             16  org.springframework.boot.context.logging.LoggingApplicationListener$$Lambda$80/1117871068
4267:             1             16  org.springframework.boot.context.properties.ConfigurationPropertiesBinder$$Lambda$210/1009342118
4268:             1             16  org.springframework.boot.context.properties.EnableConfigurationPropertiesImportSelector$ConfigurationPropertiesBeanRegistrar$$Lambda$185/1669068412
4269:             1             16  org.springframework.boot.context.properties.EnableConfigurationPropertiesImportSelector$ConfigurationPropertiesBeanRegistrar$$Lambda$186/2072567128
4270:             1             16  org.springframework.boot.context.properties.EnableConfigurationPropertiesImportSelector$ConfigurationPropertiesBeanRegistrar$$Lambda$187/1349649220
4271:             1             16  org.springframework.boot.context.properties.PropertyMapper$$Lambda$235/92373719
4272:             1             16  org.springframework.boot.context.properties.PropertyMapper$Source$$Lambda$238/1777043623
4273:             1             16  org.springframework.boot.context.properties.PropertyMapper$Source$$Lambda$280/157474874
4274:             1             16  org.springframework.boot.context.properties.PropertyMapper$Source$$Lambda$312/793414138
4275:             1             16  org.springframework.boot.context.properties.bind.BindConverter
4276:             1             16  org.springframework.boot.context.properties.bind.BindConverter$CompositeConversionService
4277:             1             16  org.springframework.boot.context.properties.bind.BindConverter$TypeConverterConverter
4278:             1             16  org.springframework.boot.context.properties.bind.BindHandler$1
4279:             1             16  org.springframework.boot.context.properties.bind.BindResult
4280:             1             16  org.springframework.boot.context.properties.bind.Binder$$Lambda$214/1557075266
4281:             1             16  org.springframework.boot.context.properties.bind.JavaBeanBinder
4282:             1             16  org.springframework.boot.context.properties.bind.JavaBeanBinder$Bean$$Lambda$215/1990567985
4283:             1             16  org.springframework.boot.context.properties.bind.JavaBeanBinder$Bean$$Lambda$217/799885067
4284:             1             16  org.springframework.boot.context.properties.bind.JavaBeanBinder$Bean$$Lambda$218/569927998
4285:             1             16  org.springframework.boot.context.properties.bind.PlaceholdersResolver$$Lambda$400/460628066
4286:             1             16  org.springframework.boot.context.properties.source.ConfigurationPropertyName$$Lambda$165/1865370526
4287:             1             16  org.springframework.boot.context.properties.source.ConfigurationPropertyNameAliases$$Lambda$397/142573894
4288:             1             16  org.springframework.boot.context.properties.source.ConfigurationPropertyNameAliases$$Lambda$398/130839597
4289:             1             16  org.springframework.boot.context.properties.source.ConfigurationPropertyNameAliases$$Lambda$403/1164455486
4290:             1             16  org.springframework.boot.context.properties.source.SpringConfigurationPropertySource$$Lambda$46/554348863
4291:             1             16  org.springframework.boot.context.properties.source.SpringConfigurationPropertySource$$Lambda$79/127702987
4292:             1             16  org.springframework.boot.context.properties.source.SystemEnvironmentPropertyMapper
4293:             1             16  org.springframework.boot.context.properties.source.SystemEnvironmentPropertyMapper$$Lambda$77/1245065720
4294:             1             16  org.springframework.boot.convert.CharArrayFormatter
4295:             1             16  org.springframework.boot.convert.DurationStyle$Unit$$Lambda$316/297120242
4296:             1             16  org.springframework.boot.convert.DurationStyle$Unit$$Lambda$317/1300714811
4297:             1             16  org.springframework.boot.convert.DurationStyle$Unit$$Lambda$318/837804180
4298:             1             16  org.springframework.boot.convert.DurationStyle$Unit$$Lambda$319/225049978
4299:             1             16  org.springframework.boot.convert.DurationStyle$Unit$$Lambda$320/1770496243
4300:             1             16  org.springframework.boot.convert.DurationStyle$Unit$$Lambda$321/509480565
4301:             1             16  org.springframework.boot.convert.DurationStyle$Unit$$Lambda$322/1358673514
4302:             1             16  org.springframework.boot.convert.DurationToNumberConverter
4303:             1             16  org.springframework.boot.convert.DurationToStringConverter
4304:             1             16  org.springframework.boot.convert.InetAddressFormatter
4305:             1             16  org.springframework.boot.convert.IsoOffsetFormatter
4306:             1             16  org.springframework.boot.convert.NumberToDataSizeConverter
4307:             1             16  org.springframework.boot.convert.NumberToDurationConverter
4308:             1             16  org.springframework.boot.convert.StringToEnumIgnoringCaseConverterFactory
4309:             1             16  org.springframework.boot.convert.StringToEnumIgnoringCaseConverterFactory$StringToEnum$$Lambda$67/746074699
4310:             1             16  org.springframework.boot.convert.StringToEnumIgnoringCaseConverterFactory$StringToEnum$$Lambda$68/405896924
4311:             1             16  org.springframework.boot.convert.StringToEnumIgnoringCaseConverterFactory$StringToEnum$$Lambda$69/1309335839
4312:             1             16  org.springframework.boot.devtools.autoconfigure.ConditionEvaluationDeltaLoggingListener
4313:             1             16  org.springframework.boot.devtools.autoconfigure.DevToolsDataSourceAutoConfiguration$DevToolsDataSourceCondition
4314:             1             16  org.springframework.boot.devtools.autoconfigure.HateoasObjenesisCacheDisabler
4315:             1             16  org.springframework.boot.devtools.autoconfigure.LocalDevToolsAutoConfiguration$LiveReloadServerEventListener
4316:             1             16  org.springframework.boot.devtools.autoconfigure.LocalDevToolsAutoConfiguration$RestartConfiguration$$Lambda$410/294834677
4317:             1             16  org.springframework.boot.devtools.autoconfigure.OptionalLiveReloadServer
4318:             1             16  org.springframework.boot.devtools.autoconfigure.RemoteDevToolsProperties$Restart
4319:             1             16  org.springframework.boot.devtools.livereload.LiveReloadServer$$Lambda$412/356563238
4320:             1             16  org.springframework.boot.devtools.livereload.LiveReloadServer$WorkerThreadFactory
4321:             1             16  org.springframework.boot.devtools.logger.DevToolsLogFactory$Listener
4322:             1             16  org.springframework.boot.devtools.logger.DevToolsLogFactory$Listener$$Lambda$108/1265012928
4323:             1             16  org.springframework.boot.devtools.restart.OnInitializedRestarterCondition
4324:             1             16  org.springframework.boot.devtools.restart.RestartApplicationListener
4325:             1             16  org.springframework.boot.devtools.restart.RestartScopeInitializer
4326:             1             16  org.springframework.boot.devtools.restart.RestartScopeInitializer$RestartScope
4327:             1             16  org.springframework.boot.devtools.restart.Restarter$LeakSafeThreadFactory
4328:             1             16  org.springframework.boot.devtools.restart.SilentExitExceptionHandler
4329:             1             16  org.springframework.boot.devtools.restart.classloader.ClassLoaderFiles
4330:             1             16  org.springframework.boot.diagnostics.analyzer.BeanCurrentlyInCreationFailureAnalyzer
4331:             1             16  org.springframework.boot.diagnostics.analyzer.BeanDefinitionOverrideFailureAnalyzer
4332:             1             16  org.springframework.boot.diagnostics.analyzer.BeanNotOfRequiredTypeFailureAnalyzer
4333:             1             16  org.springframework.boot.diagnostics.analyzer.BindFailureAnalyzer
4334:             1             16  org.springframework.boot.diagnostics.analyzer.BindValidationFailureAnalyzer
4335:             1             16  org.springframework.boot.diagnostics.analyzer.ConnectorStartFailureAnalyzer
4336:             1             16  org.springframework.boot.diagnostics.analyzer.InvalidConfigurationPropertyNameFailureAnalyzer
4337:             1             16  org.springframework.boot.diagnostics.analyzer.InvalidConfigurationPropertyValueFailureAnalyzer
4338:             1             16  org.springframework.boot.diagnostics.analyzer.NoSuchMethodFailureAnalyzer
4339:             1             16  org.springframework.boot.diagnostics.analyzer.NoUniqueBeanDefinitionFailureAnalyzer
4340:             1             16  org.springframework.boot.diagnostics.analyzer.PortInUseFailureAnalyzer
4341:             1             16  org.springframework.boot.diagnostics.analyzer.UnboundConfigurationPropertyFailureAnalyzer
4342:             1             16  org.springframework.boot.diagnostics.analyzer.ValidationExceptionFailureAnalyzer
4343:             1             16  org.springframework.boot.env.PropertiesPropertySourceLoader
4344:             1             16  org.springframework.boot.env.SpringApplicationJsonEnvironmentPostProcessor$$Lambda$30/1681920301
4345:             1             16  org.springframework.boot.env.SpringApplicationJsonEnvironmentPostProcessor$$Lambda$31/589273327
4346:             1             16  org.springframework.boot.liquibase.LiquibaseServiceLocatorApplicationListener
4347:             1             16  org.springframework.boot.logging.LoggerConfigurationComparator
4348:             1             16  org.springframework.boot.logging.LoggingSystem$$Lambda$21/688005825
4349:             1             16  org.springframework.boot.logging.logback.LogbackLoggingSystem
4350:             1             16  org.springframework.boot.util.LambdaSafe$InvocationResult
4351:             1             16  org.springframework.boot.web.context.ServerPortInfoApplicationContextInitializer
4352:             1             16  org.springframework.boot.web.embedded.tomcat.TomcatEmbeddedContext$$Lambda$423/134653575
4353:             1             16  org.springframework.boot.web.embedded.tomcat.TomcatEmbeddedContext$$Lambda$424/132076376
4354:             1             16  org.springframework.boot.web.embedded.tomcat.TomcatWebServer$$Lambda$428/1944081600
4355:             1             16  org.springframework.boot.web.server.Http2
4356:             1             16  org.springframework.boot.web.servlet.ServletContextInitializerBeans$$Lambda$336/2029095559
4357:             1             16  org.springframework.boot.web.servlet.ServletContextInitializerBeans$$Lambda$337/1409855597
4358:             1             16  org.springframework.boot.web.servlet.context.ServletWebServerApplicationContext$$Lambda$326/546037348
4359:             1             16  org.springframework.boot.web.servlet.error.DefaultErrorAttributes
4360:             1             16  org.springframework.boot.web.servlet.server.AbstractServletWebServerFactory$$Lambda$328/643996026
4361:             1             16  org.springframework.boot.web.servlet.server.AbstractServletWebServerFactory$SessionConfiguringInitializer
4362:             1             16  org.springframework.boot.web.servlet.server.SessionStoreDirectory
4363:             1             16  org.springframework.boot.web.servlet.server.StaticResourceJars
4364:             1             16  org.springframework.cglib.core.AbstractClassGenerator$ClassLoaderData$1
4365:             1             16  org.springframework.cglib.core.AbstractClassGenerator$ClassLoaderData$2
4366:             1             16  org.springframework.cglib.core.AbstractClassGenerator$ClassLoaderData$3
4367:             1             16  org.springframework.cglib.core.DefaultGeneratorStrategy
4368:             1             16  org.springframework.cglib.core.DefaultNamingPolicy
4369:             1             16  org.springframework.cglib.core.KeyFactory$1
4370:             1             16  org.springframework.cglib.core.KeyFactory$2
4371:             1             16  org.springframework.cglib.core.KeyFactory$3
4372:             1             16  org.springframework.cglib.core.KeyFactory$4
4373:             1             16  org.springframework.cglib.core.MethodInfoTransformer
4374:             1             16  org.springframework.cglib.core.SpringNamingPolicy
4375:             1             16  org.springframework.cglib.core.internal.LoadingCache$1
4376:             1             16  org.springframework.cglib.proxy.Enhancer$1
4377:             1             16  org.springframework.cglib.proxy.FixedValueGenerator
4378:             1             16  org.springframework.cglib.proxy.InvocationHandlerGenerator
4379:             1             16  org.springframework.cglib.proxy.LazyLoaderGenerator
4380:             1             16  org.springframework.cglib.proxy.MethodInterceptorGenerator
4381:             1             16  org.springframework.cglib.proxy.MethodInterceptorGenerator$1
4382:             1             16  org.springframework.cglib.proxy.NoOp$1
4383:             1             16  org.springframework.cglib.proxy.NoOpGenerator
4384:             1             16  org.springframework.context.annotation.ConfigurationClassEnhancer$BeanFactoryAwareMethodInterceptor
4385:             1             16  org.springframework.context.annotation.ConfigurationClassEnhancer$BeanMethodInterceptor
4386:             1             16  org.springframework.context.annotation.ConfigurationClassParser$$Lambda$143/1420196421
4387:             1             16  org.springframework.context.annotation.ConfigurationClassPostProcessor$$Lambda$142/1806880779
4388:             1             16  org.springframework.context.annotation.ConfigurationClassPostProcessor$1
4389:             1             16  org.springframework.context.annotation.ConfigurationClassPostProcessor$ImportAwareBeanPostProcessor
4390:             1             16  org.springframework.context.event.DefaultEventListenerFactory
4391:             1             16  org.springframework.context.event.EventListenerMethodProcessor$$Lambda$414/1304217806
4392:             1             16  org.springframework.context.expression.StandardBeanExpressionResolver$1
4393:             1             16  org.springframework.context.i18n.SimpleLocaleContext
4394:             1             16  org.springframework.context.index.CandidateComponentsIndexLoader$$Lambda$90/1517640897
4395:             1             16  org.springframework.context.support.LiveBeansView
4396:             1             16  org.springframework.core.$Proxy71
4397:             1             16  org.springframework.core.OrderComparator
4398:             1             16  org.springframework.core.ResolvableType$EmptyType
4399:             1             16  org.springframework.core.annotation.AnnotatedElementUtils$AlwaysTrueBooleanAnnotationProcessor
4400:             1             16  org.springframework.core.annotation.AnnotationAwareOrderComparator
4401:             1             16  org.springframework.core.annotation.AnnotationUtils$$Lambda$14/925308434
4402:             1             16  org.springframework.core.io.DefaultResourceLoader$$Lambda$89/1827171553
4403:             1             16  org.springframework.core.io.support.DefaultPropertySourceFactory
4404:             1             16  org.springframework.core.io.support.PathMatchingResourcePatternResolver$$Lambda$145/440736059
4405:             1             16  org.springframework.core.log.CompositeLog$$Lambda$101/159441867
4406:             1             16  org.springframework.core.log.CompositeLog$$Lambda$103/733812578
4407:             1             16  org.springframework.core.log.CompositeLog$$Lambda$95/452345825
4408:             1             16  org.springframework.core.log.CompositeLog$$Lambda$96/1099723379
4409:             1             16  org.springframework.core.log.CompositeLog$$Lambda$98/1280365600
4410:             1             16  org.springframework.core.log.CompositeLog$$Lambda$99/581097801
4411:             1             16  org.springframework.expression.spel.support.SimpleEvaluationContext$$Lambda$358/702811569
4412:             1             16  org.springframework.http.HttpHeaders
4413:             1             16  org.springframework.http.MediaType$$Lambda$444/1713005215
4414:             1             16  org.springframework.http.MediaType$$Lambda$92/184559443
4415:             1             16  org.springframework.http.MediaType$1
4416:             1             16  org.springframework.http.MediaTypeFactory$$Lambda$461/876245110
4417:             1             16  org.springframework.http.ReadOnlyHttpHeaders$$Lambda$485/311355631
4418:             1             16  org.springframework.http.converter.json.SpringHandlerInstantiator
4419:             1             16  org.springframework.http.converter.xml.Jaxb2RootElementHttpMessageConverter$$Lambda$106/1984318997
4420:             1             16  org.springframework.http.converter.xml.SourceHttpMessageConverter$$Lambda$104/1541164316
4421:             1             16  org.springframework.http.converter.xml.SourceHttpMessageConverter$$Lambda$105/1063789673
4422:             1             16  org.springframework.jdbc.config.SortedResourcesFactoryBean$$Lambda$404/1511787468
4423:             1             16  org.springframework.messaging.converter.CompositeMessageConverter
4424:             1             16  org.springframework.messaging.converter.SimpleMessageConverter
4425:             1             16  org.springframework.messaging.handler.annotation.support.AnnotationExceptionHandlerMethodResolver$$Lambda$354/1779936135
4426:             1             16  org.springframework.messaging.handler.annotation.support.HeadersMethodArgumentResolver
4427:             1             16  org.springframework.messaging.handler.annotation.support.MessageMethodArgumentResolver
4428:             1             16  org.springframework.messaging.handler.invocation.CompletableFutureReturnValueHandler
4429:             1             16  org.springframework.messaging.handler.invocation.ListenableFutureReturnValueHandler
4430:             1             16  org.springframework.messaging.handler.invocation.ReactiveReturnValueHandler
4431:             1             16  org.springframework.messaging.simp.SimpAttributes$$Lambda$479/1379022729
4432:             1             16  org.springframework.messaging.simp.SimpSessionScope
4433:             1             16  org.springframework.messaging.simp.annotation.support.PrincipalMethodArgumentResolver
4434:             1             16  org.springframework.messaging.simp.broker.AbstractBrokerMessageHandler$UnsentDisconnectChannelInterceptor
4435:             1             16  org.springframework.messaging.simp.broker.DefaultSubscriptionRegistry$SessionSubscriptionRegistry
4436:             1             16  org.springframework.messaging.simp.broker.DefaultSubscriptionRegistry$SimpMessageHeaderPropertyAccessor
4437:             1             16  org.springframework.messaging.simp.broker.OrderedMessageSender$$Lambda$359/1076708413
4438:             1             16  org.springframework.messaging.simp.stomp.StompDecoder
4439:             1             16  org.springframework.messaging.support.IdTimestampMessageHeaderInitializer$$Lambda$463/713197767
4440:             1             16  org.springframework.messaging.support.NativeMessageHeaderAccessor$$Lambda$464/928236365
4441:             1             16  org.springframework.objenesis.strategy.StdInstantiatorStrategy
4442:             1             16  org.springframework.scheduling.annotation.ScheduledAnnotationBeanPostProcessor$$Lambda$205/1765776053
4443:             1             16  org.springframework.scheduling.annotation.ScheduledAnnotationBeanPostProcessor$$Lambda$344/1967508247
4444:             1             16  org.springframework.scheduling.support.TaskUtils$LoggingErrorHandler
4445:             1             16  org.springframework.scheduling.support.TaskUtils$PropagatingErrorHandler
4446:             1             16  org.springframework.transaction.annotation.SpringTransactionAnnotationParser
4447:             1             16  org.springframework.transaction.event.TransactionalEventListenerFactory
4448:             1             16  org.springframework.ui.ModelMap$$Lambda$441/2008844861
4449:             1             16  org.springframework.util.AntPathMatcher$AntPatternComparator
4450:             1             16  org.springframework.util.CollectionUtils$$Lambda$357/1915259704
4451:             1             16  org.springframework.util.CollectionUtils$MultiValueMapAdapter$$Lambda$458/675965412
4452:             1             16  org.springframework.util.ConcurrentReferenceHashMap$EntrySet
4453:             1             16  org.springframework.util.DefaultPropertiesPersister
4454:             1             16  org.springframework.util.LinkedMultiValueMap$$Lambda$10/198099809
4455:             1             16  org.springframework.util.LinkedMultiValueMap$$Lambda$399/1934471203
4456:             1             16  org.springframework.util.MimeType$SpecificityComparator
4457:             1             16  org.springframework.util.ReflectionUtils$$Lambda$11/2079179914
4458:             1             16  org.springframework.util.ReflectionUtils$$Lambda$12/20049680
4459:             1             16  org.springframework.util.ReflectionUtils$$Lambda$13/1882349076
4460:             1             16  org.springframework.validation.beanvalidation.LocaleContextMessageInterpolator
4461:             1             16  org.springframework.validation.beanvalidation.MethodValidationInterceptor
4462:             1             16  org.springframework.validation.beanvalidation.SpringConstraintValidatorFactory
4463:             1             16  org.springframework.web.bind.support.DefaultSessionAttributeStore
4464:             1             16  org.springframework.web.bind.support.SimpleSessionStatus
4465:             1             16  org.springframework.web.context.request.SessionScope
4466:             1             16  org.springframework.web.context.request.async.TimeoutCallableProcessingInterceptor
4467:             1             16  org.springframework.web.context.request.async.TimeoutDeferredResultProcessingInterceptor
4468:             1             16  org.springframework.web.context.request.async.WebAsyncManager$$Lambda$442/967570750
4469:             1             16  org.springframework.web.context.support.WebApplicationContextUtils$RequestObjectFactory
4470:             1             16  org.springframework.web.context.support.WebApplicationContextUtils$ResponseObjectFactory
4471:             1             16  org.springframework.web.context.support.WebApplicationContextUtils$SessionObjectFactory
4472:             1             16  org.springframework.web.context.support.WebApplicationContextUtils$WebRequestObjectFactory
4473:             1             16  org.springframework.web.method.HandlerTypePredicate$Builder$$Lambda$351/2039642748
4474:             1             16  org.springframework.web.method.annotation.ErrorsMethodArgumentResolver
4475:             1             16  org.springframework.web.method.annotation.ExceptionHandlerMethodResolver$$Lambda$391/330174461
4476:             1             16  org.springframework.web.method.annotation.RequestHeaderMapMethodArgumentResolver
4477:             1             16  org.springframework.web.method.annotation.SessionStatusMethodArgumentResolver
4478:             1             16  org.springframework.web.multipart.support.StandardServletMultipartResolver
4479:             1             16  org.springframework.web.servlet.FrameworkServlet$RequestBindingInterceptor
4480:             1             16  org.springframework.web.servlet.config.annotation.InterceptorRegistry$$Lambda$369/268248785
4481:             1             16  org.springframework.web.servlet.config.annotation.InterceptorRegistry$$Lambda$370/564985952
4482:             1             16  org.springframework.web.servlet.config.annotation.WebMvcConfigurerComposite
4483:             1             16  org.springframework.web.servlet.handler.AbstractHandlerMethodMapping$EmptyHandler
4484:             1             16  org.springframework.web.servlet.handler.ConversionServiceExposingInterceptor
4485:             1             16  org.springframework.web.servlet.mvc.HttpRequestHandlerAdapter
4486:             1             16  org.springframework.web.servlet.mvc.SimpleControllerHandlerAdapter
4487:             1             16  org.springframework.web.servlet.mvc.method.RequestMappingInfoHandlerMapping$$Lambda$438/121091984
4488:             1             16  org.springframework.web.servlet.mvc.method.RequestMappingInfoHandlerMethodMappingNamingStrategy
4489:             1             16  org.springframework.web.servlet.mvc.method.annotation.AsyncTaskMethodReturnValueHandler
4490:             1             16  org.springframework.web.servlet.mvc.method.annotation.CallableMethodReturnValueHandler
4491:             1             16  org.springframework.web.servlet.mvc.method.annotation.DeferredResultMethodReturnValueHandler
4492:             1             16  org.springframework.web.servlet.mvc.method.annotation.HttpHeadersReturnValueHandler
4493:             1             16  org.springframework.web.servlet.mvc.method.annotation.JsonViewRequestBodyAdvice
4494:             1             16  org.springframework.web.servlet.mvc.method.annotation.RequestMappingHandlerAdapter$$Lambda$364/96443314
4495:             1             16  org.springframework.web.servlet.mvc.method.annotation.RequestMappingHandlerAdapter$$Lambda$365/1992645019
4496:             1             16  org.springframework.web.servlet.mvc.method.annotation.StreamingResponseBodyReturnValueHandler
4497:             1             16  org.springframework.web.servlet.mvc.method.annotation.UriComponentsBuilderMethodArgumentResolver
4498:             1             16  org.springframework.web.servlet.resource.ResourceUrlProviderExposingInterceptor
4499:             1             16  org.springframework.web.servlet.theme.FixedThemeResolver
4500:             1             16  org.springframework.web.servlet.view.AbstractCachingViewResolver$1
4501:             1             16  org.springframework.web.servlet.view.ContentNegotiatingViewResolver$1
4502:             1             16  org.springframework.web.socket.config.WebSocketMessageBrokerStats$$Lambda$347/500268044
4503:             1             16  org.springframework.web.socket.handler.ExceptionWebSocketHandlerDecorator
4504:             1             16  org.springframework.web.socket.handler.LoggingWebSocketHandlerDecorator
4505:             1             16  org.springframework.web.socket.sockjs.frame.Jackson2SockJsMessageCodec
4506:             1             16  org.springframework.web.socket.sockjs.support.AbstractSockJsService$IframeHandler
4507:             1             16  org.springframework.web.socket.sockjs.support.AbstractSockJsService$InfoHandler
4508:             1             16  org.springframework.web.socket.sockjs.transport.TransportHandlingSockJsService$$Lambda$459/830670620
4509:             1             16  org.springframework.web.util.HierarchicalUriComponents$1
4510:             1             16  org.springframework.web.util.UriComponentsBuilder$CompositePathComponentBuilder
4511:             1             16  org.zeroturnaround.bundled.javassist.ClassPoolTail
4512:             1             16  org.zeroturnaround.javarebel.felix.FelixPlugin
4513:             1             16  org.zeroturnaround.javarebel.integration.ReinitClassEventListener
4514:             1             16  org.zeroturnaround.javarebel.integration.ant.AntClassLoaderCBP
4515:             1             16  org.zeroturnaround.javarebel.integration.apdplat.SystemListenerCBP
4516:             1             16  org.zeroturnaround.javarebel.integration.aries.AriesProxyClassLoaderCBP
4517:             1             16  org.zeroturnaround.javarebel.integration.arjuna.ArjunaTransactionManagerImpleCBP
4518:             1             16  org.zeroturnaround.javarebel.integration.atg.AtgReusableClassLoaderCBP
4519:             1             16  org.zeroturnaround.javarebel.integration.atmosphere.DefaultAnnotationProcessorServletContainerInitializerAnnotationProcessorCBP
4520:             1             16  org.zeroturnaround.javarebel.integration.camel.CamelExtensionCBP
4521:             1             16  org.zeroturnaround.javarebel.integration.catalina.CatalinaPlugin
4522:             1             16  org.zeroturnaround.javarebel.integration.catalina.cbp.AbstractArchiveResourceSetCBP
4523:             1             16  org.zeroturnaround.javarebel.integration.catalina.cbp.ApplicationContextCBP
4524:             1             16  org.zeroturnaround.javarebel.integration.catalina.cbp.BaseDirContextCBP
4525:             1             16  org.zeroturnaround.javarebel.integration.catalina.cbp.CacheCBP
4526:             1             16  org.zeroturnaround.javarebel.integration.catalina.cbp.CachedResourceCBP
4527:             1             16  org.zeroturnaround.javarebel.integration.catalina.cbp.ConnectorCBP
4528:             1             16  org.zeroturnaround.javarebel.integration.catalina.cbp.ContextConfigCBP
4529:             1             16  org.zeroturnaround.javarebel.integration.catalina.cbp.CoyoteAdapterCBP
4530:             1             16  org.zeroturnaround.javarebel.integration.catalina.cbp.MapperCBP
4531:             1             16  org.zeroturnaround.javarebel.integration.catalina.cbp.MessageBytesCBP
4532:             1             16  org.zeroturnaround.javarebel.integration.catalina.cbp.RequestCBP
4533:             1             16  org.zeroturnaround.javarebel.integration.catalina.cbp.ServletRegistrationImplCBP
4534:             1             16  org.zeroturnaround.javarebel.integration.catalina.cbp.StandardContextCBP
4535:             1             16  org.zeroturnaround.javarebel.integration.catalina.cbp.StandardContextValveCBP
4536:             1             16  org.zeroturnaround.javarebel.integration.catalina.cbp.StandardHostValveCBP
4537:             1             16  org.zeroturnaround.javarebel.integration.catalina.cbp.StandardRootCBP
4538:             1             16  org.zeroturnaround.javarebel.integration.catalina.cbp.WebXmlCBP
4539:             1             16  org.zeroturnaround.javarebel.integration.catalina.cbp.WebappLoaderCBP
4540:             1             16  org.zeroturnaround.javarebel.integration.classworlds.ClassRealmCBP
4541:             1             16  org.zeroturnaround.javarebel.integration.classworlds.RealmClassLoaderCBP
4542:             1             16  org.zeroturnaround.javarebel.integration.classworlds.UberJarRealmClassLoaderCBP
4543:             1             16  org.zeroturnaround.javarebel.integration.clojure.ClojureDynamicClassLoaderCBP
4544:             1             16  org.zeroturnaround.javarebel.integration.commonsbeanutils.PropertyUtilsBeanCBP
4545:             1             16  org.zeroturnaround.javarebel.integration.confluence.JarClassLoaderCBP
4546:             1             16  org.zeroturnaround.javarebel.integration.cxf.CXFPlugin
4547:             1             16  org.zeroturnaround.javarebel.integration.dorado.MethodAutoMatchingUtilsCBP
4548:             1             16  org.zeroturnaround.javarebel.integration.dozer.DozerPlugin
4549:             1             16  org.zeroturnaround.javarebel.integration.drools.KModuleBeanFactoryPostProcessorCBP
4550:             1             16  org.zeroturnaround.javarebel.integration.eclipse.EclipsePlugin
4551:             1             16  org.zeroturnaround.javarebel.integration.eclipse301.Eclipse301DefaultClassLoaderClassBytecodeProcessor
4552:             1             16  org.zeroturnaround.javarebel.integration.elcommons.BeanInfoManagerElCommonsCBP
4553:             1             16  org.zeroturnaround.javarebel.integration.elcommons.BeanInfoManagerFacesCBP
4554:             1             16  org.zeroturnaround.javarebel.integration.elcommons.BeanInfoManagerStandardLangCBP
4555:             1             16  org.zeroturnaround.javarebel.integration.equinox.BundleLoaderCBP
4556:             1             16  org.zeroturnaround.javarebel.integration.equinox.DirBundleFileCBP
4557:             1             16  org.zeroturnaround.javarebel.integration.equinox.EquinoxClassLoaderCBP
4558:             1             16  org.zeroturnaround.javarebel.integration.equinox.EquinoxClassPathManagerClassBytecodeProcessor
4559:             1             16  org.zeroturnaround.javarebel.integration.equinox.EquinoxContainerCBP
4560:             1             16  org.zeroturnaround.javarebel.integration.equinox.EquinoxDefaultClassLoaderClassBytecodeProcessor
4561:             1             16  org.zeroturnaround.javarebel.integration.equinox.EquinoxFWClassLoaderCBP
4562:             1             16  org.zeroturnaround.javarebel.integration.equinox.EquinoxModuleClassLoader
4563:             1             16  org.zeroturnaround.javarebel.integration.equinox.EquinoxPlugin
4564:             1             16  org.zeroturnaround.javarebel.integration.equinox.FrameworkCBP
4565:             1             16  org.zeroturnaround.javarebel.integration.felix.FelixBundleClassLoaderCBP
4566:             1             16  org.zeroturnaround.javarebel.integration.felix.FelixBundleRevisionImplCBP
4567:             1             16  org.zeroturnaround.javarebel.integration.felix.FelixBundleWiringImplCBP
4568:             1             16  org.zeroturnaround.javarebel.integration.felix.FelixContentClassLoaderCBP
4569:             1             16  org.zeroturnaround.javarebel.integration.felix.FelixContentLoaderImplCBP
4570:             1             16  org.zeroturnaround.javarebel.integration.felix.FelixModuleClassLoaderCBP
4571:             1             16  org.zeroturnaround.javarebel.integration.felix.FelixModuleImplCBP
4572:             1             16  org.zeroturnaround.javarebel.integration.felix.FelixResolverImplCBP
4573:             1             16  org.zeroturnaround.javarebel.integration.felix.R4SearchPolicyCoreCBP
4574:             1             16  org.zeroturnaround.javarebel.integration.fileservlet.DefaultServletCBP
4575:             1             16  org.zeroturnaround.javarebel.integration.fileservlet.FileServlet$DefaultResourcePathResolver
4576:             1             16  org.zeroturnaround.javarebel.integration.fileservlet.FileServletPlugin
4577:             1             16  org.zeroturnaround.javarebel.integration.flyway.FlywayCBP
4578:             1             16  org.zeroturnaround.javarebel.integration.freemarker.BeansWrapperCBP
4579:             1             16  org.zeroturnaround.javarebel.integration.freemarker.FreemarkerClassIntrospectorCBP
4580:             1             16  org.zeroturnaround.javarebel.integration.freemarker.FreemarkerConfigurationCBP
4581:             1             16  org.zeroturnaround.javarebel.integration.freemarker.FreemarkerJavaRebelIntegrationCBP
4582:             1             16  org.zeroturnaround.javarebel.integration.gae.DevAppServerImplCBP
4583:             1             16  org.zeroturnaround.javarebel.integration.gae.GaeCustomSecurityManagerCBP
4584:             1             16  org.zeroturnaround.javarebel.integration.gae.GaeProxyPolicyCBP
4585:             1             16  org.zeroturnaround.javarebel.integration.gae.GaeTransformerCBP
4586:             1             16  org.zeroturnaround.javarebel.integration.gae.IsolatedAppClassLoaderCBP
4587:             1             16  org.zeroturnaround.javarebel.integration.gae.JettyContainerServiceCBP
4588:             1             16  org.zeroturnaround.javarebel.integration.gae.KickStartCBP
4589:             1             16  org.zeroturnaround.javarebel.integration.gae.RestrictedUrlClassLoaderCBP
4590:             1             16  org.zeroturnaround.javarebel.integration.gemini.BundleWebappClassLoaderCBP
4591:             1             16  org.zeroturnaround.javarebel.integration.gemini.GeminiBundleDelegatingClassLoaderCBP
4592:             1             16  org.zeroturnaround.javarebel.integration.gemini.GeminiBundleEntryCBP
4593:             1             16  org.zeroturnaround.javarebel.integration.gemini.GeminiChainedClassLoaderCBP
4594:             1             16  org.zeroturnaround.javarebel.integration.generic.FindResourceClassResourceSource
4595:             1             16  org.zeroturnaround.javarebel.integration.geronimo.JarFileClassLoaderCBP
4596:             1             16  org.zeroturnaround.javarebel.integration.geronimo.MultiParentClassLoaderCBP
4597:             1             16  org.zeroturnaround.javarebel.integration.geronimo.XbeanEquinoxBundleClassLoaderCBP
4598:             1             16  org.zeroturnaround.javarebel.integration.gigaspaces.ClassLoaderContextCBP
4599:             1             16  org.zeroturnaround.javarebel.integration.glassfish.DeploymentContextImplCBP
4600:             1             16  org.zeroturnaround.javarebel.integration.glassfish.DeploymentUtilsCBP
4601:             1             16  org.zeroturnaround.javarebel.integration.glassfish.EJBClassLoaderCBP
4602:             1             16  org.zeroturnaround.javarebel.integration.glassfish.GlassfishDelegatingClassLoaderCBP
4603:             1             16  org.zeroturnaround.javarebel.integration.glassfish.GlassfishPersistenceUnitInfoImpl
4604:             1             16  org.zeroturnaround.javarebel.integration.glassfish.LoggingOutputStreamCBP
4605:             1             16  org.zeroturnaround.javarebel.integration.glassfish.WebApplicationCBP
4606:             1             16  org.zeroturnaround.javarebel.integration.glassfish.WebModuleCBP
4607:             1             16  org.zeroturnaround.javarebel.integration.glassfish.corba.ClassCopierOrdinaryImplCBP
4608:             1             16  org.zeroturnaround.javarebel.integration.glassfish.corba.ClassInfoCacheCBP
4609:             1             16  org.zeroturnaround.javarebel.integration.glassfish.corba.DefaultClassCopierFactoriesCBP
4610:             1             16  org.zeroturnaround.javarebel.integration.glassfish.corba.ObjectStreamClassCBP
4611:             1             16  org.zeroturnaround.javarebel.integration.google.GuiceBridgeClassLoaderCBP
4612:             1             16  org.zeroturnaround.javarebel.integration.guava.ThrowablesCBP
4613:             1             16  org.zeroturnaround.javarebel.integration.hibernate.HibernatePlugin
4614:             1             16  org.zeroturnaround.javarebel.integration.hibernate5.HibernatePlugin
4615:             1             16  org.zeroturnaround.javarebel.integration.hybris.RegistryCBP
4616:             1             16  org.zeroturnaround.javarebel.integration.intellij.IntelliJClassLoaderClassBytecodeProcessor
4617:             1             16  org.zeroturnaround.javarebel.integration.jackson.JsonFactoryCBP
4618:             1             16  org.zeroturnaround.javarebel.integration.jasper.JasperPlugin
4619:             1             16  org.zeroturnaround.javarebel.integration.jasper.LiferayJasperPlugin
4620:             1             16  org.zeroturnaround.javarebel.integration.javac.JavacBaseFileManagerCBP
4621:             1             16  org.zeroturnaround.javarebel.integration.javacas.Cas20ProxyReceivingTicketValidationFilterCBP
4622:             1             16  org.zeroturnaround.javarebel.integration.javaxel.BeanELResolverBeanPropertiesCBP
4623:             1             16  org.zeroturnaround.javarebel.integration.jboss.classfilewriter.ClassAnnotationCBP
4624:             1             16  org.zeroturnaround.javarebel.integration.jboss.classfilewriter.EnumAnnotationValueCBP
4625:             1             16  org.zeroturnaround.javarebel.integration.jboss.classfilewriter.StringAnnotationValueCBP
4626:             1             16  org.zeroturnaround.javarebel.integration.jboss3.AbstractWebContainerCBP
4627:             1             16  org.zeroturnaround.javarebel.integration.jboss3.AbstractWebDeployerCBP
4628:             1             16  org.zeroturnaround.javarebel.integration.jboss3.UnifiedClassLoaderCBP
4629:             1             16  org.zeroturnaround.javarebel.integration.jboss4.DelegatingClassLoaderCBP
4630:             1             16  org.zeroturnaround.javarebel.integration.jboss4.JbossAbstractWebContainerCBP
4631:             1             16  org.zeroturnaround.javarebel.integration.jboss4.JbossDeploymentInfoCBP
4632:             1             16  org.zeroturnaround.javarebel.integration.jboss4.JbossEJBDeployerCBP
4633:             1             16  org.zeroturnaround.javarebel.integration.jboss4.JbossMainDeployerCBP
4634:             1             16  org.zeroturnaround.javarebel.integration.jboss4.LoadMgr3CBP
4635:             1             16  org.zeroturnaround.javarebel.integration.jboss4.RepositoryClassLoaderCBP
4636:             1             16  org.zeroturnaround.javarebel.integration.jboss5.AbstractVFSContextCBP
4637:             1             16  org.zeroturnaround.javarebel.integration.jboss5.BaseClassLoaderCBP
4638:             1             16  org.zeroturnaround.javarebel.integration.jboss5.BaseClassLoaderDomainCBP
4639:             1             16  org.zeroturnaround.javarebel.integration.jboss7.VFSResourceLoaderCBP
4640:             1             16  org.zeroturnaround.javarebel.integration.jbossel.ReferenceCacheCBP
4641:             1             16  org.zeroturnaround.javarebel.integration.jbossel.ReflectionUtilCBP
4642:             1             16  org.zeroturnaround.javarebel.integration.jenkins.AntClassLoader2CBP
4643:             1             16  org.zeroturnaround.javarebel.integration.jenkins.JenkinsAntClassLoaderCBP
4644:             1             16  org.zeroturnaround.javarebel.integration.jenkins.JenkinsCBP
4645:             1             16  org.zeroturnaround.javarebel.integration.jetty.JettyPlugin
4646:             1             16  org.zeroturnaround.javarebel.integration.jetty.JettyWebAppClassLoaderCBP
4647:             1             16  org.zeroturnaround.javarebel.integration.jibx.BindingFactoryBaseCBP
4648:             1             16  org.zeroturnaround.javarebel.integration.jpf.StandardPluginClassLoaderCBP
4649:             1             16  org.zeroturnaround.javarebel.integration.jshell.RemoteClassLoaderCBP
4650:             1             16  org.zeroturnaround.javarebel.integration.liquibase.LiquibaseCBP
4651:             1             16  org.zeroturnaround.javarebel.integration.log4j.Log4jPlugin
4652:             1             16  org.zeroturnaround.javarebel.integration.log4j2.Log4j2Plugin
4653:             1             16  org.zeroturnaround.javarebel.integration.metrics.ICEFacesContextFactoryCBP
4654:             1             16  org.zeroturnaround.javarebel.integration.metrics.JstlCoreTLVCBP
4655:             1             16  org.zeroturnaround.javarebel.integration.metrics.MainEventListenerCBP
4656:             1             16  org.zeroturnaround.javarebel.integration.metrics.TemplateCBP
4657:             1             16  org.zeroturnaround.javarebel.integration.metrics.VersionBeanVersionCBP
4658:             1             16  org.zeroturnaround.javarebel.integration.metro.MetroPlugin
4659:             1             16  org.zeroturnaround.javarebel.integration.mobicents.URLClassLoaderDomainImplCBP
4660:             1             16  org.zeroturnaround.javarebel.integration.modelmapper.TypeResolverCBP
4661:             1             16  org.zeroturnaround.javarebel.integration.monitor.MonitoredResource$1
4662:             1             16  org.zeroturnaround.javarebel.integration.netbeans.NetbeansJarClassLoaderCBP
4663:             1             16  org.zeroturnaround.javarebel.integration.netbeans.ProxyClassLoaderCBP
4664:             1             16  org.zeroturnaround.javarebel.integration.netbeans.TopSecurityManagerCBP
4665:             1             16  org.zeroturnaround.javarebel.integration.netty.NettyHttpServerCBP
4666:             1             16  org.zeroturnaround.javarebel.integration.objectdb.ObjectDBDelegationCBP
4667:             1             16  org.zeroturnaround.javarebel.integration.oc4j.ClassPathAccessorCBP
4668:             1             16  org.zeroturnaround.javarebel.integration.oc4j.EJBPackageDeploymentCBP
4669:             1             16  org.zeroturnaround.javarebel.integration.oc4j.NotFoundServletCBP
4670:             1             16  org.zeroturnaround.javarebel.integration.oc4j.PolicyClassLoaderCBP
4671:             1             16  org.zeroturnaround.javarebel.integration.ognl.OgnlRuntimeCBP
4672:             1             16  org.zeroturnaround.javarebel.integration.openejb.OpenEJBBasicURLClassPathCBP
4673:             1             16  org.zeroturnaround.javarebel.integration.openejb.OpenEjbTempClassLoaderCBP
4674:             1             16  org.zeroturnaround.javarebel.integration.openejb.PersistenceClassLoaderHandlerImplCBP
4675:             1             16  org.zeroturnaround.javarebel.integration.openl.UnpackClasspathJarToDirectoryBeanCBP
4676:             1             16  org.zeroturnaround.javarebel.integration.ops4j.WebAppHttpContextCBP
4677:             1             16  org.zeroturnaround.javarebel.integration.powermock.PowermockDeferSupportingClassLoaderCBP
4678:             1             16  org.zeroturnaround.javarebel.integration.prosyst.ProSystBundleLoaderCBP
4679:             1             16  org.zeroturnaround.javarebel.integration.prosyst.ProSystDefaultClassProviderCBP
4680:             1             16  org.zeroturnaround.javarebel.integration.prosyst.ProSystPackagesManagerCBP
4681:             1             16  org.zeroturnaround.javarebel.integration.proxy.bytebuddy.ByteArrayClassLoaderCBP
4682:             1             16  org.zeroturnaround.javarebel.integration.proxy.bytebuddy.ClassDefinitionActionCBP
4683:             1             16  org.zeroturnaround.javarebel.integration.proxy.bytebuddy.ClassInjectorUsingCBP
4684:             1             16  org.zeroturnaround.javarebel.integration.proxy.bytebuddy.ClassInjectorUsingLookupCBP
4685:             1             16  org.zeroturnaround.javarebel.integration.proxy.bytebuddy.DynamicTypeBuilderCBP
4686:             1             16  org.zeroturnaround.javarebel.integration.proxy.bytebuddy.ForLoadedTypeCBP
4687:             1             16  org.zeroturnaround.javarebel.integration.proxy.bytebuddy.InstrumentedTypeDefaultCBP
4688:             1             16  org.zeroturnaround.javarebel.integration.proxy.bytebuddy.InstrumentedTypeFactoryCBP
4689:             1             16  org.zeroturnaround.javarebel.integration.proxy.bytebuddy.MethodRegistryDefaultCBP
4690:             1             16  org.zeroturnaround.javarebel.integration.proxy.cglib.AbstractClassGeneratorCBP
4691:             1             16  org.zeroturnaround.javarebel.integration.proxy.cglib.EnhancerCBP
4692:             1             16  org.zeroturnaround.javarebel.integration.proxy.cglib.FastClassGeneratorCBP
4693:             1             16  org.zeroturnaround.javarebel.integration.proxy.cglib.FastConstructorCBP
4694:             1             16  org.zeroturnaround.javarebel.integration.proxy.cglib.FastMethodCBP
4695:             1             16  org.zeroturnaround.javarebel.integration.proxy.cglib.IndicesCallbackFilterCBP
4696:             1             16  org.zeroturnaround.javarebel.integration.proxy.cglib.ProxyConstructorCBP
4697:             1             16  org.zeroturnaround.javarebel.integration.proxy.cglib.ProxyFactoryCBP
4698:             1             16  org.zeroturnaround.javarebel.integration.proxy.cglib.ReflectUtilsCBP
4699:             1             16  org.zeroturnaround.javarebel.integration.proxy.cglib.UndeclaredThrowableStrategyCBP
4700:             1             16  org.zeroturnaround.javarebel.integration.proxy.deltaspike.AsmProxyClassGeneratorCBP
4701:             1             16  org.zeroturnaround.javarebel.integration.proxy.javassist.ProxyFactoryCBP
4702:             1             16  org.zeroturnaround.javarebel.integration.reflectionslib.ClasspathHelperCBP
4703:             1             16  org.zeroturnaround.javarebel.integration.reflectionslib.ZipDirIterableAbstractIteratorCBP
4704:             1             16  org.zeroturnaround.javarebel.integration.resin.LineConfigExceptionCBP
4705:             1             16  org.zeroturnaround.javarebel.integration.resin.ResinCBP
4706:             1             16  org.zeroturnaround.javarebel.integration.resin.ResinDeployControllerConfigCBP
4707:             1             16  org.zeroturnaround.javarebel.integration.resin.ResinDynamicClassLoaderCBP
4708:             1             16  org.zeroturnaround.javarebel.integration.resin.ResinEnvironmentClassLoaderCBP
4709:             1             16  org.zeroturnaround.javarebel.integration.resin.WatchdogClientCBP
4710:             1             16  org.zeroturnaround.javarebel.integration.resin.WatchdogConfigCBP
4711:             1             16  org.zeroturnaround.javarebel.integration.resteasy.GeneralValidatorImplCBP
4712:             1             16  org.zeroturnaround.javarebel.integration.sap.SapMultiParentClassLoaderCBP
4713:             1             16  org.zeroturnaround.javarebel.integration.sap.SapResourceMultiParentClassLoaderCBP
4714:             1             16  org.zeroturnaround.javarebel.integration.sap.SapSystemURLStreamHandlerFactoryCBP
4715:             1             16  org.zeroturnaround.javarebel.integration.serp.SerpStringsCBP
4716:             1             16  org.zeroturnaround.javarebel.integration.servlet.HttpServletRequestCBP
4717:             1             16  org.zeroturnaround.javarebel.integration.servlet.HttpServletResponseCBP
4718:             1             16  org.zeroturnaround.javarebel.integration.servlet.LiferayCustomServletContextHelperCBP
4719:             1             16  org.zeroturnaround.javarebel.integration.servlet.ServletContextCBP
4720:             1             16  org.zeroturnaround.javarebel.integration.servlet.ServletIntegrationPlugin
4721:             1             16  org.zeroturnaround.javarebel.integration.servlet.gae.StaticFileFilterCBP
4722:             1             16  org.zeroturnaround.javarebel.integration.servlet.jboss.JBossContextConfigCBP
4723:             1             16  org.zeroturnaround.javarebel.integration.servlet.jetty.JettyContextHandlerCBP
4724:             1             16  org.zeroturnaround.javarebel.integration.servlet.jetty.JettyJarFileResourceCBP
4725:             1             16  org.zeroturnaround.javarebel.integration.servlet.jetty.JettyServletContextHandlerCBP
4726:             1             16  org.zeroturnaround.javarebel.integration.servlet.jetty.JettyWebAppContextCBP
4727:             1             16  org.zeroturnaround.javarebel.integration.servlet.jetty.ResourceCBP
4728:             1             16  org.zeroturnaround.javarebel.integration.servlet.liferay.EquinoxServletContextAdaptorCBP
4729:             1             16  org.zeroturnaround.javarebel.integration.servlet.oc4j.ApplicationTldCacheImplCBP
4730:             1             16  org.zeroturnaround.javarebel.integration.servlet.oc4j.HttpApplicationCBP
4731:             1             16  org.zeroturnaround.javarebel.integration.servlet.oc4j.HttpRequestHandlerCBP
4732:             1             16  org.zeroturnaround.javarebel.integration.servlet.oc4j.HttpSiteCBP
4733:             1             16  org.zeroturnaround.javarebel.integration.servlet.oc4j.OC4JJspJavacCompilerCBP
4734:             1             16  org.zeroturnaround.javarebel.integration.servlet.oc4j.ServletDescriptorCBP
4735:             1             16  org.zeroturnaround.javarebel.integration.servlet.oc4j.ServletMappingCBP
4736:             1             16  org.zeroturnaround.javarebel.integration.servlet.resin.InvocationCBP
4737:             1             16  org.zeroturnaround.javarebel.integration.servlet.resin.JspPropertyGroupCBP
4738:             1             16  org.zeroturnaround.javarebel.integration.servlet.resin.PageFilterChainCBP
4739:             1             16  org.zeroturnaround.javarebel.integration.servlet.resin.ResinApplicationCBP
4740:             1             16  org.zeroturnaround.javarebel.integration.servlet.resin.ResinJavaCompilerCBP
4741:             1             16  org.zeroturnaround.javarebel.integration.servlet.sap.SapApplicationContextCBP
4742:             1             16  org.zeroturnaround.javarebel.integration.servlet.undertow.UndertowServletPlugin
4743:             1             16  org.zeroturnaround.javarebel.integration.servlet.virgo.BundleWebResourceRootCBP
4744:             1             16  org.zeroturnaround.javarebel.integration.servlet.virgo.VirgoTomcatServletContainerCBP
4745:             1             16  org.zeroturnaround.javarebel.integration.servlet.weblogic.JSPServletCBP
4746:             1             16  org.zeroturnaround.javarebel.integration.servlet.weblogic.JavelinxJSPStubCBP
4747:             1             16  org.zeroturnaround.javarebel.integration.servlet.weblogic.JavelinxJspPrecompilerCBP
4748:             1             16  org.zeroturnaround.javarebel.integration.servlet.weblogic.JavelinxTagFileStaleCheckerCBP
4749:             1             16  org.zeroturnaround.javarebel.integration.servlet.weblogic.JspConfigCBP
4750:             1             16  org.zeroturnaround.javarebel.integration.servlet.weblogic.JspParserCBP
4751:             1             16  org.zeroturnaround.javarebel.integration.servlet.weblogic.JspStubCBP
4752:             1             16  org.zeroturnaround.javarebel.integration.servlet.weblogic.JspTagLibraryFeatureCBP
4753:             1             16  org.zeroturnaround.javarebel.integration.servlet.weblogic.ServletInvocationActionCBP
4754:             1             16  org.zeroturnaround.javarebel.integration.servlet.weblogic.ServletStubImplCBP
4755:             1             16  org.zeroturnaround.javarebel.integration.servlet.weblogic.TagFileTagInfoCBP
4756:             1             16  org.zeroturnaround.javarebel.integration.servlet.weblogic.WarResourceFinderCBP
4757:             1             16  org.zeroturnaround.javarebel.integration.servlet.weblogic.WebAppConfigManagerCBP
4758:             1             16  org.zeroturnaround.javarebel.integration.servlet.weblogic.WebAppProjectFeatureImplCBP
4759:             1             16  org.zeroturnaround.javarebel.integration.servlet.weblogic.WebAppServletContextCBP
4760:             1             16  org.zeroturnaround.javarebel.integration.servlet.weblogic.WeblogicJspClassLoaderCBP
4761:             1             16  org.zeroturnaround.javarebel.integration.servlet.weblogic.WeblogicTagFileClassLoaderCBP
4762:             1             16  org.zeroturnaround.javarebel.integration.servlet.websphere.AbstractJSPExtensionProcessorCBP
4763:             1             16  org.zeroturnaround.javarebel.integration.servlet.websphere.AbstractJSPExtensionServletWrapperCBP
4764:             1             16  org.zeroturnaround.javarebel.integration.servlet.websphere.CacheServletWrapperCBP
4765:             1             16  org.zeroturnaround.javarebel.integration.servlet.websphere.GeneratorUtilsCBP
4766:             1             16  org.zeroturnaround.javarebel.integration.servlet.websphere.JSPExtensionClassLoaderCBP
4767:             1             16  org.zeroturnaround.javarebel.integration.servlet.websphere.JSPExtensionContextCBP
4768:             1             16  org.zeroturnaround.javarebel.integration.servlet.websphere.JSPExtensionServletWrapperCBP
4769:             1             16  org.zeroturnaround.javarebel.integration.servlet.websphere.JspDependentCBP
4770:             1             16  org.zeroturnaround.javarebel.integration.servlet.websphere.JspInputSourceContainerImplCBP
4771:             1             16  org.zeroturnaround.javarebel.integration.servlet.websphere.JspInputSourceImplCBP
4772:             1             16  org.zeroturnaround.javarebel.integration.servlet.websphere.JspOptionsCBP
4773:             1             16  org.zeroturnaround.javarebel.integration.servlet.websphere.LibertyWebappCBP
4774:             1             16  org.zeroturnaround.javarebel.integration.servlet.websphere.TagFileResourcesImplCBP
4775:             1             16  org.zeroturnaround.javarebel.integration.servlet.websphere.TagLibraryCacheCBP
4776:             1             16  org.zeroturnaround.javarebel.integration.servlet.websphere.ValidateVisitorCBP
4777:             1             16  org.zeroturnaround.javarebel.integration.servlet.websphere.WasServletConfigCBP
4778:             1             16  org.zeroturnaround.javarebel.integration.servlet.websphere.WebContainerCBP
4779:             1             16  org.zeroturnaround.javarebel.integration.servlet.websphere.WebGroupImplCBP
4780:             1             16  org.zeroturnaround.javarebel.integration.servlet.websphere.WebappCBP
4781:             1             16  org.zeroturnaround.javarebel.integration.sling.ClassLoaderFacadeCBP
4782:             1             16  org.zeroturnaround.javarebel.integration.smartGwt.SmartGwtLinkerCBP
4783:             1             16  org.zeroturnaround.javarebel.integration.spring.BundleDelegatingClassLoaderCBP
4784:             1             16  org.zeroturnaround.javarebel.integration.spring.InstrumentationLoadTimeWeaverCBP
4785:             1             16  org.zeroturnaround.javarebel.integration.spring.OverridingClassLoaderCBP
4786:             1             16  org.zeroturnaround.javarebel.integration.spring.ResourceCBP
4787:             1             16  org.zeroturnaround.javarebel.integration.spring.ShadowingClassLoaderCBP
4788:             1             16  org.zeroturnaround.javarebel.integration.spring.SpringMvcPlugin
4789:             1             16  org.zeroturnaround.javarebel.integration.spring.SpringOrmTransactionManagerCBP
4790:             1             16  org.zeroturnaround.javarebel.integration.spring.SpringPlugin
4791:             1             16  org.zeroturnaround.javarebel.integration.spring.SpringWebPlugin
4792:             1             16  org.zeroturnaround.javarebel.integration.spring.TomcatInstrumentableClassLoaderCBP
4793:             1             16  org.zeroturnaround.javarebel.integration.spring.WebApplicationObjectSupportCBP
4794:             1             16  org.zeroturnaround.javarebel.integration.spring.actuator.SpringBootActuatorPlugin
4795:             1             16  org.zeroturnaround.javarebel.integration.spring.annotations.ConfigurationReloaderSpring3
4796:             1             16  org.zeroturnaround.javarebel.integration.spring.aop.AdviceBeanWrapper
4797:             1             16  org.zeroturnaround.javarebel.integration.spring.aop.SpringAopPlugin
4798:             1             16  org.zeroturnaround.javarebel.integration.spring.aop.cbp.AbstractAdvisingBeanPostProcessorCBP
4799:             1             16  org.zeroturnaround.javarebel.integration.spring.aop.cbp.AbstractAutoProxyCreatorCBP
4800:             1             16  org.zeroturnaround.javarebel.integration.spring.aop.cbp.AbstractSingletonProxyFactoryBeanCBP
4801:             1             16  org.zeroturnaround.javarebel.integration.spring.aop.cbp.AdvisedSupportCBP
4802:             1             16  org.zeroturnaround.javarebel.integration.spring.aop.cbp.AnnotationAwareAspectJAutoProxyCreatorCBP
4803:             1             16  org.zeroturnaround.javarebel.integration.spring.aop.cbp.AspectJExpressionPointcutCBP
4804:             1             16  org.zeroturnaround.javarebel.integration.spring.aop.cbp.AutoProxyUtilsCBP
4805:             1             16  org.zeroturnaround.javarebel.integration.spring.aop.cbp.BeanFactoryAspectJAdvisorsBuilderCBP
4806:             1             16  org.zeroturnaround.javarebel.integration.spring.aop.cbp.InfrastructureAdvisorAutoProxyCreatorCBP
4807:             1             16  org.zeroturnaround.javarebel.integration.spring.beans.JsfCdiToSpringBeanFactoryPostProcessorCBP
4808:             1             16  org.zeroturnaround.javarebel.integration.spring.beans.PostProcessorRegistrationDelegateCBP
4809:             1             16  org.zeroturnaround.javarebel.integration.spring.beans.RootBeanDefinitionCBP
4810:             1             16  org.zeroturnaround.javarebel.integration.spring.beans.SpringBeansPlugin
4811:             1             16  org.zeroturnaround.javarebel.integration.spring.beans.XmlBeanDefinitionManager
4812:             1             16  org.zeroturnaround.javarebel.integration.spring.beans.cbp.AbstractApplicationContextCBP
4813:             1             16  org.zeroturnaround.javarebel.integration.spring.beans.cbp.AbstractAutowireCapableBeanFactoryCBP
4814:             1             16  org.zeroturnaround.javarebel.integration.spring.beans.cbp.AbstractBeanDefinitionCBP
4815:             1             16  org.zeroturnaround.javarebel.integration.spring.beans.cbp.AbstractBeanFactoryCBP
4816:             1             16  org.zeroturnaround.javarebel.integration.spring.beans.cbp.AbstractCamelContextFactoryBeanCBP
4817:             1             16  org.zeroturnaround.javarebel.integration.spring.beans.cbp.AbstractRequestAttributesCBP
4818:             1             16  org.zeroturnaround.javarebel.integration.spring.beans.cbp.AutowiredAnnotationBeanPostProcessorCBP
4819:             1             16  org.zeroturnaround.javarebel.integration.spring.beans.cbp.BeanDefinitionHolderCBP
4820:             1             16  org.zeroturnaround.javarebel.integration.spring.beans.cbp.BeanDefinitionParserDelegateCBP
4821:             1             16  org.zeroturnaround.javarebel.integration.spring.beans.cbp.BeanDefinitionValueResolverCBP
4822:             1             16  org.zeroturnaround.javarebel.integration.spring.beans.cbp.CachedIntrospectionResultsCBP
4823:             1             16  org.zeroturnaround.javarebel.integration.spring.beans.cbp.CamelContextFactoryBeanCBP
4824:             1             16  org.zeroturnaround.javarebel.integration.spring.beans.cbp.ContextLoaderListenerCBP
4825:             1             16  org.zeroturnaround.javarebel.integration.spring.beans.cbp.CustomScopeAnnotationConfigurerCBP
4826:             1             16  org.zeroturnaround.javarebel.integration.spring.beans.cbp.DefaultListableBeanFactoryCBP
4827:             1             16  org.zeroturnaround.javarebel.integration.spring.beans.cbp.DefaultSingletonBeanRegistryCBP
4828:             1             16  org.zeroturnaround.javarebel.integration.spring.beans.cbp.FrameworkServletCBP
4829:             1             16  org.zeroturnaround.javarebel.integration.spring.beans.cbp.HybrisWebApplicationBeanFactoryPostProcessorCBP
4830:             1             16  org.zeroturnaround.javarebel.integration.spring.beans.cbp.InjectionMetadataCBP
4831:             1             16  org.zeroturnaround.javarebel.integration.spring.beans.cbp.MBeanExporterCBP
4832:             1             16  org.zeroturnaround.javarebel.integration.spring.beans.cbp.MBeanRegistrationSupportCBP
4833:             1             16  org.zeroturnaround.javarebel.integration.spring.beans.cbp.MutablePropertyValuesCBP
4834:             1             16  org.zeroturnaround.javarebel.integration.spring.beans.cbp.OpenEntityManagerInViewFilterCBP
4835:             1             16  org.zeroturnaround.javarebel.integration.spring.beans.cbp.PlaceholderConfigurerSupportCBP
4836:             1             16  org.zeroturnaround.javarebel.integration.spring.beans.cbp.PropertiesFactoryBeanCBP
4837:             1             16  org.zeroturnaround.javarebel.integration.spring.beans.cbp.PropertyOrFieldReferenceCBP
4838:             1             16  org.zeroturnaround.javarebel.integration.spring.beans.cbp.PropertyResourceConfigurerCBP
4839:             1             16  org.zeroturnaround.javarebel.integration.spring.beans.cbp.PropertyValueCBP
4840:             1             16  org.zeroturnaround.javarebel.integration.spring.beans.cbp.ServletRequestAttributesCBP
4841:             1             16  org.zeroturnaround.javarebel.integration.spring.beans.cbp.SimpleInstantiationStrategyCBP
4842:             1             16  org.zeroturnaround.javarebel.integration.spring.beans.cbp.TypedStringValueCBP
4843:             1             16  org.zeroturnaround.javarebel.integration.spring.beans.cbp.XmlBeanDefinitionReaderCBP
4844:             1             16  org.zeroturnaround.javarebel.integration.spring.beans.cbp.XmlBeanFactoryCBP
4845:             1             16  org.zeroturnaround.javarebel.integration.spring.boot.JrRunCmdLineOnReload
4846:             1             16  org.zeroturnaround.javarebel.integration.spring.boot.Profile
4847:             1             16  org.zeroturnaround.javarebel.integration.spring.boot.SpringBootPlugin
4848:             1             16  org.zeroturnaround.javarebel.integration.spring.boot.cbp.AbstractRepositoryConfigurationSourceSupportCBP
4849:             1             16  org.zeroturnaround.javarebel.integration.spring.boot.cbp.BeanTypeRegistryCBP
4850:             1             16  org.zeroturnaround.javarebel.integration.spring.boot.cbp.ConfigurationBeanFactoryMetadataCBP
4851:             1             16  org.zeroturnaround.javarebel.integration.spring.boot.cbp.ConfigurationPropertiesBinderCBP
4852:             1             16  org.zeroturnaround.javarebel.integration.spring.boot.cbp.ConfigurationPropertiesBindingPostProcessorCBP
4853:             1             16  org.zeroturnaround.javarebel.integration.spring.boot.cbp.LoggingApplicationListenerCBP
4854:             1             16  org.zeroturnaround.javarebel.integration.spring.boot.cbp.OnBeanConditionCBP
4855:             1             16  org.zeroturnaround.javarebel.integration.spring.boot.cbp.PropertiesPropertySourceLoaderCBP
4856:             1             16  org.zeroturnaround.javarebel.integration.spring.boot.cbp.SpringApplicationCBP
4857:             1             16  org.zeroturnaround.javarebel.integration.spring.boot.cbp.StandardLoggingSystemCBP
4858:             1             16  org.zeroturnaround.javarebel.integration.spring.boot.cbp.YamlPropertySourceLoaderCBP
4859:             1             16  org.zeroturnaround.javarebel.integration.spring.cbp.AbstractApplicationContextCBP
4860:             1             16  org.zeroturnaround.javarebel.integration.spring.cbp.AbstractDetectingUrlHandlerMappingCBP
4861:             1             16  org.zeroturnaround.javarebel.integration.spring.cbp.AbstractHandlerMappingCBP
4862:             1             16  org.zeroturnaround.javarebel.integration.spring.cbp.AbstractHandlerMethodMappingCBP
4863:             1             16  org.zeroturnaround.javarebel.integration.spring.cbp.AbstractMapBasedHandlerMappingCBP
4864:             1             16  org.zeroturnaround.javarebel.integration.spring.cbp.AbstractNamedValueMethodArgumentResolverCBP
4865:             1             16  org.zeroturnaround.javarebel.integration.spring.cbp.AbstractRefreshableApplicationContextCBP
4866:             1             16  org.zeroturnaround.javarebel.integration.spring.cbp.AbstractUrlHandlerMappingCBP
4867:             1             16  org.zeroturnaround.javarebel.integration.spring.cbp.AnnotationBeanValidationConfigurationLoaderCBP
4868:             1             16  org.zeroturnaround.javarebel.integration.spring.cbp.AnnotationConfigApplicationContextCBP
4869:             1             16  org.zeroturnaround.javarebel.integration.spring.cbp.AnnotationConfigWebApplicationContextCBP
4870:             1             16  org.zeroturnaround.javarebel.integration.spring.cbp.AnnotationMethodHandlerAdapterCBP
4871:             1             16  org.zeroturnaround.javarebel.integration.spring.cbp.AopUtilsCBP
4872:             1             16  org.zeroturnaround.javarebel.integration.spring.cbp.ApplicationObjectSupportCBP
4873:             1             16  org.zeroturnaround.javarebel.integration.spring.cbp.BeanMethodInterceptorCBP
4874:             1             16  org.zeroturnaround.javarebel.integration.spring.cbp.CachingResourceResolverCBP
4875:             1             16  org.zeroturnaround.javarebel.integration.spring.cbp.ConfigurationClassBeanDefinitionReaderCBP
4876:             1             16  org.zeroturnaround.javarebel.integration.spring.cbp.ConfigurationClassParserCBP
4877:             1             16  org.zeroturnaround.javarebel.integration.spring.cbp.ConfigurationClassPostProcessorCBP
4878:             1             16  org.zeroturnaround.javarebel.integration.spring.cbp.DefaultAnnotationHandlerMappingCBP
4879:             1             16  org.zeroturnaround.javarebel.integration.spring.cbp.DelegatingFilterProxyCBP
4880:             1             16  org.zeroturnaround.javarebel.integration.spring.cbp.DispatcherServletCBP
4881:             1             16  org.zeroturnaround.javarebel.integration.spring.cbp.ExceptionHandlerExceptionResolverCBP
4882:             1             16  org.zeroturnaround.javarebel.integration.spring.cbp.GenericApplicationContextCBP
4883:             1             16  org.zeroturnaround.javarebel.integration.spring.cbp.GenericTypeResolverCBP
4884:             1             16  org.zeroturnaround.javarebel.integration.spring.cbp.HandlerMethodArgumentResolverCompositeCBP
4885:             1             16  org.zeroturnaround.javarebel.integration.spring.cbp.HandlerMethodCBP
4886:             1             16  org.zeroturnaround.javarebel.integration.spring.cbp.MappingRegistryCBP
4887:             1             16  org.zeroturnaround.javarebel.integration.spring.cbp.MethodValidationPostProcessorCBP
4888:             1             16  org.zeroturnaround.javarebel.integration.spring.cbp.MultiActionControllerCBP
4889:             1             16  org.zeroturnaround.javarebel.integration.spring.cbp.PathResourceResolverCBP
4890:             1             16  org.zeroturnaround.javarebel.integration.spring.cbp.PortletDefaultAnnotationHandlerMappingCBP
4891:             1             16  org.zeroturnaround.javarebel.integration.spring.cbp.PortletModeParameterHandlerMappingCBP
4892:             1             16  org.zeroturnaround.javarebel.integration.spring.cbp.PropertySourcesPlaceholderConfigurerCBP
4893:             1             16  org.zeroturnaround.javarebel.integration.spring.cbp.ReloadableResourceBundleMessageSourceCBP
4894:             1             16  org.zeroturnaround.javarebel.integration.spring.cbp.RequestMappingHandlerAdaptorCBP
4895:             1             16  org.zeroturnaround.javarebel.integration.spring.cbp.RequestMappingHandlerMappingCBP
4896:             1             16  org.zeroturnaround.javarebel.integration.spring.cbp.ResourceBundleMessageSourceCBP
4897:             1             16  org.zeroturnaround.javarebel.integration.spring.cbp.ResourceBundleMessageSourceMessageSourceControlCBP
4898:             1             16  org.zeroturnaround.javarebel.integration.spring.cbp.ResourceHttpRequestHandlerCBP
4899:             1             16  org.zeroturnaround.javarebel.integration.spring.cbp.ScheduledMethodRunnableCBP
4900:             1             16  org.zeroturnaround.javarebel.integration.spring.cbp.SchedulingAnnotationBeanPostProcessorCBP
4901:             1             16  org.zeroturnaround.javarebel.integration.spring.cbp.SimpleUrlHandlerMappingCBP
4902:             1             16  org.zeroturnaround.javarebel.integration.spring.cbp.TransactionAspectSupportCBP
4903:             1             16  org.zeroturnaround.javarebel.integration.spring.cbp.TransactionAttributeSourceCBP
4904:             1             16  org.zeroturnaround.javarebel.integration.spring.cbp.VelocityEngineFactoryCBP
4905:             1             16  org.zeroturnaround.javarebel.integration.spring.cbp.ViewControllerBeanDefinitionParserCBP
4906:             1             16  org.zeroturnaround.javarebel.integration.spring.cbp.WebMvcConfigurationSupportCBP
4907:             1             16  org.zeroturnaround.javarebel.integration.spring.cbp.annotations.AbstractFallbackTransactionAttributeSourceCBP
4908:             1             16  org.zeroturnaround.javarebel.integration.spring.cbp.annotations.BeanAnnotationHelperCBP
4909:             1             16  org.zeroturnaround.javarebel.integration.spring.cbp.annotations.ClassPathBeanDefinitionScannerCBP
4910:             1             16  org.zeroturnaround.javarebel.integration.spring.cbp.annotations.ClassPathScanningCandidateComponentProviderCBP
4911:             1             16  org.zeroturnaround.javarebel.integration.spring.cbp.annotations.ComponentScanAnnotationParserCBP
4912:             1             16  org.zeroturnaround.javarebel.integration.spring.cbp.annotations.ComponentScanBeanDefinitionParserCBP
4913:             1             16  org.zeroturnaround.javarebel.integration.spring.cbp.annotations.InjectionMetadataCacheCBP
4914:             1             16  org.zeroturnaround.javarebel.integration.spring.cbp.annotations.ScannedGenericBeanDefinitionCBP
4915:             1             16  org.zeroturnaround.javarebel.integration.spring.cbp.annotations.SchedulingAnnotationDrivenBeanDefinitionParserCBP
4916:             1             16  org.zeroturnaround.javarebel.integration.spring.cbp.instrument.JBossLoadTimeWeaverCBP
4917:             1             16  org.zeroturnaround.javarebel.integration.spring.core.AnnotationsUtilsCacheClearer
4918:             1             16  org.zeroturnaround.javarebel.integration.spring.core.SpringCorePlugin
4919:             1             16  org.zeroturnaround.javarebel.integration.spring.core.cbp.AnnotationsUtilsCBP
4920:             1             16  org.zeroturnaround.javarebel.integration.spring.core.cbp.AttributeAccessorSupportCBP
4921:             1             16  org.zeroturnaround.javarebel.integration.spring.core.cbp.CachingMetadataReaderFactoryCBP
4922:             1             16  org.zeroturnaround.javarebel.integration.spring.core.cbp.LocalVariableTableParameterNameDiscovererCBP
4923:             1             16  org.zeroturnaround.javarebel.integration.spring.core.cbp.MapPropertySourceCBP
4924:             1             16  org.zeroturnaround.javarebel.integration.spring.core.cbp.MethodParameterCBP
4925:             1             16  org.zeroturnaround.javarebel.integration.spring.core.cbp.PathMatchingResourcePatternResolverCBP
4926:             1             16  org.zeroturnaround.javarebel.integration.spring.core.cbp.ReflectionUtilsCBP
4927:             1             16  org.zeroturnaround.javarebel.integration.spring.core.cbp.ResourcePropertySourceCBP
4928:             1             16  org.zeroturnaround.javarebel.integration.spring.core.cbp.SimpleMetadataReaderFactoryCBP
4929:             1             16  org.zeroturnaround.javarebel.integration.spring.core.cbp.VFSResourcePatternResolvingHelperCBP
4930:             1             16  org.zeroturnaround.javarebel.integration.spring.core.cbp.VfsResourceMatchingDelegateCBP
4931:             1             16  org.zeroturnaround.javarebel.integration.spring.jms.SpringJmsPlugin
4932:             1             16  org.zeroturnaround.javarebel.integration.spring.orm.SpringOrmPlugin
4933:             1             16  org.zeroturnaround.javarebel.integration.spring.oxm.SpringOxmPlugin
4934:             1             16  org.zeroturnaround.javarebel.integration.spring.reactive.SpringWebFluxPlugin
4935:             1             16  org.zeroturnaround.javarebel.integration.spring.webflow.SpringWebflowPlugin
4936:             1             16  org.zeroturnaround.javarebel.integration.streambase.StreamBaseJarClassLoaderCBP
4937:             1             16  org.zeroturnaround.javarebel.integration.struts.Struts1Plugin
4938:             1             16  org.zeroturnaround.javarebel.integration.struts2.Struts2Plugin
4939:             1             16  org.zeroturnaround.javarebel.integration.support.JavassistClassBytecodeProcessor$1
4940:             1             16  org.zeroturnaround.javarebel.integration.support.JavassistClassBytecodeProcessor$2
4941:             1             16  org.zeroturnaround.javarebel.integration.support.RestrictedClassClassPath
4942:             1             16  org.zeroturnaround.javarebel.integration.swagger.ApiListingResourceCBP
4943:             1             16  org.zeroturnaround.javarebel.integration.swagger.SwaggerCBP
4944:             1             16  org.zeroturnaround.javarebel.integration.swagger.SwaggerConfigCBP
4945:             1             16  org.zeroturnaround.javarebel.integration.tapestry4.Tapestry4Plugin
4946:             1             16  org.zeroturnaround.javarebel.integration.tapestry5.Tapestry5Plugin
4947:             1             16  org.zeroturnaround.javarebel.integration.tcat.TcatClassLoaderFilter
4948:             1             16  org.zeroturnaround.javarebel.integration.tk.WebAppMigrationLauncherCBP
4949:             1             16  org.zeroturnaround.javarebel.integration.tomcat.ProxyDirContextCBP
4950:             1             16  org.zeroturnaround.javarebel.integration.tomcat.StandardJarScannerCBP
4951:             1             16  org.zeroturnaround.javarebel.integration.tomcat.WebappClassLoaderCBP
4952:             1             16  org.zeroturnaround.javarebel.integration.tomee.OpenEJBContextConfigCBP
4953:             1             16  org.zeroturnaround.javarebel.integration.tomee.TomcatWebAppBuilderCBP
4954:             1             16  org.zeroturnaround.javarebel.integration.tomee.TomeeUrlCacheCBP
4955:             1             16  org.zeroturnaround.javarebel.integration.util.MonitorUtil$1
4956:             1             16  org.zeroturnaround.javarebel.integration.util.RequestCountingUtil$CountingRequestListener
4957:             1             16  org.zeroturnaround.javarebel.integration.util.WeakUtil$WeakListenerReference$1
4958:             1             16  org.zeroturnaround.javarebel.integration.vaadin.ApplicationCBP
4959:             1             16  org.zeroturnaround.javarebel.integration.vaadin.RouteRegistryCBP
4960:             1             16  org.zeroturnaround.javarebel.integration.vaadin.UICBP
4961:             1             16  org.zeroturnaround.javarebel.integration.vaadin.spring.SpringViewDisplayPostProcessorCBP
4962:             1             16  org.zeroturnaround.javarebel.integration.vaadin.spring.SpringViewDisplayRegistrationBeanCBP
4963:             1             16  org.zeroturnaround.javarebel.integration.vfs.VFSCBP
4964:             1             16  org.zeroturnaround.javarebel.integration.virgo.FindResourceDelegatingClassLoaderCBP
4965:             1             16  org.zeroturnaround.javarebel.integration.virgo.KernelBundleClassLoaderCBP
4966:             1             16  org.zeroturnaround.javarebel.integration.virgo.SnapServletContextCBP
4967:             1             16  org.zeroturnaround.javarebel.integration.virgo.VirgoThrowAwayClassLoaderCBP
4968:             1             16  org.zeroturnaround.javarebel.integration.vraptor.VRaptorCBP
4969:             1             16  org.zeroturnaround.javarebel.integration.vraptor.VRaptorPlugin
4970:             1             16  org.zeroturnaround.javarebel.integration.weblogic.AbstractPersistenceUnitRegistryCBP
4971:             1             16  org.zeroturnaround.javarebel.integration.weblogic.ByteArraySourceCBP
4972:             1             16  org.zeroturnaround.javarebel.integration.weblogic.ChangeAwareClassLoaderCBP
4973:             1             16  org.zeroturnaround.javarebel.integration.weblogic.ClassFinderIndexCBP
4974:             1             16  org.zeroturnaround.javarebel.integration.weblogic.DirectoryClassFinderCBP
4975:             1             16  org.zeroturnaround.javarebel.integration.weblogic.FilteringClassLoaderCBP
4976:             1             16  org.zeroturnaround.javarebel.integration.weblogic.GenericClassLoaderCBP
4977:             1             16  org.zeroturnaround.javarebel.integration.weblogic.PersistenceUtilsCBP
4978:             1             16  org.zeroturnaround.javarebel.integration.weblogic.ZipClassFinderCBP
4979:             1             16  org.zeroturnaround.javarebel.integration.weblogic.logging.BaseLoggerCBP
4980:             1             16  org.zeroturnaround.javarebel.integration.weblogic.logging.CodeGeneratorCBP
4981:             1             16  org.zeroturnaround.javarebel.integration.weblogic.logging.CompilerForJDTCBP
4982:             1             16  org.zeroturnaround.javarebel.integration.weblogic.logging.CompilerInvokerCBP
4983:             1             16  org.zeroturnaround.javarebel.integration.weblogic.logging.DebugLoggerCBP
4984:             1             16  org.zeroturnaround.javarebel.integration.weblogic.logging.T3SrvrLoggerCBP
4985:             1             16  org.zeroturnaround.javarebel.integration.websphere.CompoundClassLoaderCBP
4986:             1             16  org.zeroturnaround.javarebel.integration.websphere.ContainerClassLoaderCBP
4987:             1             16  org.zeroturnaround.javarebel.integration.websphere.JPAApplInfoCBP
4988:             1             16  org.zeroturnaround.javarebel.integration.websphere.MobilefirstParentLastClassLoader
4989:             1             16  org.zeroturnaround.javarebel.integration.websphere.SRTServletResponseCBP
4990:             1             16  org.zeroturnaround.javarebel.integration.websphere.SharedJPAComponentImplCBP
4991:             1             16  org.zeroturnaround.javarebel.integration.websphere.SmartClassPathImplCBP
4992:             1             16  org.zeroturnaround.javarebel.integration.websphere.URLByteResourceInformationCBP
4993:             1             16  org.zeroturnaround.javarebel.integration.websphere.WasAppClassLoaderCBP
4994:             1             16  org.zeroturnaround.javarebel.integration.websphere.WasExtClassLoaderCBP
4995:             1             16  org.zeroturnaround.javarebel.integration.websphere.WasReloadableClassLoaderCBP
4996:             1             16  org.zeroturnaround.javarebel.integration.websphere.WasUnifiedClassLoaderCBP
4997:             1             16  org.zeroturnaround.javarebel.integration.websphere.WlpJPAPUnitInfoCBP
4998:             1             16  org.zeroturnaround.javarebel.integration.websphere.WlpShadowClassLoaderCBP
4999:             1             16  org.zeroturnaround.javarebel.integration.wildfly.cbp.BeansXmlProcessorCBP
5000:             1             16  org.zeroturnaround.javarebel.integration.wildfly.cbp.ExternalBeanArchiveProcessorCBP
5001:             1             16  org.zeroturnaround.javarebel.integration.wildfly.cbp.ServerEnvironmentCBP
5002:             1             16  org.zeroturnaround.javarebel.integration.wildfly.undertow.WildFlyPlugin
5003:             1             16  org.zeroturnaround.javarebel.integration.yoko.YokoField
5004:             1             16  org.zeroturnaround.javarebel.integration.yoko.YokoLocalDescriptorsCBP
5005:             1             16  org.zeroturnaround.javarebel.jboss.JbossPlugin
5006:             1             16  org.zeroturnaround.javarebel.jboss7.Jboss7Plugin
5007:             1             16  org.zeroturnaround.javarebel.preferences.FileStore$RetryFS
5008:             1             16  org.zeroturnaround.javarebel.reporting.MixpanelMetrics$1
5009:             1             16  org.zeroturnaround.javarebel.reporting.MixpanelMetrics$9
5010:             1             16  org.zeroturnaround.javarebel.reporting.StatsPersister
5011:             1             16  org.zeroturnaround.javarebel.reporting.Time$DefaultTimeProvider
5012:             1             16  org.zeroturnaround.javarebel.reporting.backend.impl.SegmentIOBackend$HttpBackend
5013:             1             16  org.zeroturnaround.javarebel.reporting.interceptors.ActivatedFilter
5014:             1             16  org.zeroturnaround.javarebel.reporting.interceptors.PIIConsentFilter
5015:             1             16  org.zeroturnaround.javarebel.reporting.interceptors.RemotingFilter
5016:             1             16  org.zeroturnaround.javarebel.reporting.stats.DebuggerStatsListener
5017:             1             16  org.zeroturnaround.javarebel.reporting.stats.SpringStatsListener
5018:             1             16  org.zeroturnaround.javarebel.reporting.stats.UsedContainerManager
5019:             1             16  org.zeroturnaround.javarebel.reporting.stats.UsedContainerManager$ContainerIdentifierListener
5020:             1             16  org.zeroturnaround.javarebel.reporting.stats.repository.impl.RepositoryMetricsStatistics$ModuleDeployStatsListener
5021:             1             16  org.zeroturnaround.javarebel.reporting.stats.repository.impl.RepositoryMetricsStatistics$PropertyStatsListener
5022:             1             16  org.zeroturnaround.javarebel.seamwicket.SeamWicketPlugin
5023:             1             16  org.zeroturnaround.javarebel.service.ServiceRequestIntegrationImpl
5024:             1             16  org.zeroturnaround.javarebel.service.ServiceRequestIntegrationImpl$ListenerPriorityComparator
5025:             1             16  org.zeroturnaround.javarebel.spring.SpringMetrics$SendToStatisticsCollectorStrategy
5026:             1             16  org.zeroturnaround.javarebel.spring.SpringMetrics$ShipInBackgroundThreadStrategy
5027:             1             16  org.zeroturnaround.javarebel.spring.handlermethod.HandlerMethodHelper
5028:             1             16  org.zeroturnaround.javarebel.velocity.VelocityPlugin
5029:             1             16  org.zeroturnaround.jrebel.GrailsCliPlugin
5030:             1             16  org.zeroturnaround.jrebel.adf.core.AdfCorePlugin
5031:             1             16  org.zeroturnaround.jrebel.adf.faces.AdfFacesPlugin
5032:             1             16  org.zeroturnaround.jrebel.apache.commons.compress.archivers.zip.FallbackZipEncoding
5033:             1             16  org.zeroturnaround.jrebel.apache.commons.compress.archivers.zip.JarMarker
5034:             1             16  org.zeroturnaround.jrebel.axon.AxonPlugin
5035:             1             16  org.zeroturnaround.jrebel.bval.BValPlugin
5036:             1             16  org.zeroturnaround.jrebel.camel.CamelPlugin
5037:             1             16  org.zeroturnaround.jrebel.captaincasa.CaptainCasaPlugin
5038:             1             16  org.zeroturnaround.jrebel.deltaspike.DeltaspikePlugin
5039:             1             16  org.zeroturnaround.jrebel.ebean.EbeanPlugin
5040:             1             16  org.zeroturnaround.jrebel.facelets.FaceletsPlugin
5041:             1             16  org.zeroturnaround.jrebel.gemini.blueprint.GeminiBlueprintPlugin
5042:             1             16  org.zeroturnaround.jrebel.glassfish.GlassFishPlugin
5043:             1             16  org.zeroturnaround.jrebel.grails2.Grails2Plugin
5044:             1             16  org.zeroturnaround.jrebel.grails2.util.GrailsVersionComparator
5045:             1             16  org.zeroturnaround.jrebel.grails3.Grails3Plugin
5046:             1             16  org.zeroturnaround.jrebel.groovy.GroovyPlugin
5047:             1             16  org.zeroturnaround.jrebel.hibernate.validator.HibernateValidatorPlugin
5048:             1             16  org.zeroturnaround.jrebel.hibernate.validator.cbp.AnnotationMetaDataProviderCBP
5049:             1             16  org.zeroturnaround.jrebel.hibernate.validator.cbp.BeanMetaDataCacheCBP
5050:             1             16  org.zeroturnaround.jrebel.hibernate.validator.cbp.BeanMetaDataManagerCBP
5051:             1             16  org.zeroturnaround.jrebel.hibernate.validator.cbp.ConfigurationImplCBP
5052:             1             16  org.zeroturnaround.jrebel.hibernate.validator.cbp.ConstraintHelperCBP
5053:             1             16  org.zeroturnaround.jrebel.hibernate.validator.cbp.ConstraintLocationCBP
5054:             1             16  org.zeroturnaround.jrebel.hibernate.validator.cbp.ConstraintValidatorManagerCBP
5055:             1             16  org.zeroturnaround.jrebel.hibernate.validator.cbp.ResolvedTypeCacheCBP
5056:             1             16  org.zeroturnaround.jrebel.hibernate.validator.cbp.ResolvedTypeCacheCBP$KeyCBP
5057:             1             16  org.zeroturnaround.jrebel.hibernate.validator.cbp.ResourceBundleMessageInterpolatorCBP
5058:             1             16  org.zeroturnaround.jrebel.hibernate.validator.cbp.ValidationBootstrapParametersCBP
5059:             1             16  org.zeroturnaround.jrebel.hibernate.validator.cbp.ValidatorClassMapCBP
5060:             1             16  org.zeroturnaround.jrebel.hibernate.validator.cbp.ValidatorDescriptorMapCBP
5061:             1             16  org.zeroturnaround.jrebel.hibernate.validator.cbp.ValidatorFactoryImpl23CBP
5062:             1             16  org.zeroturnaround.jrebel.hibernate.validator.cbp.ValidatorFactoryImplCBP
5063:             1             16  org.zeroturnaround.jrebel.hibernate.validator.cbp.ValidatorImplCBP
5064:             1             16  org.zeroturnaround.jrebel.hibernate.validator.cbp.VersionCBP
5065:             1             16  org.zeroturnaround.jrebel.hk2.HK2Plugin
5066:             1             16  org.zeroturnaround.jrebel.hybris.HybrisPlugin
5067:             1             16  org.zeroturnaround.jrebel.ibatis.IbatisPlugin
5068:             1             16  org.zeroturnaround.jrebel.infinispan.InfinispanPlugin
5069:             1             16  org.zeroturnaround.jrebel.integration.amazon.AmazonPlugin
5070:             1             16  org.zeroturnaround.jrebel.integration.atg.AtgPlugin
5071:             1             16  org.zeroturnaround.jrebel.integration.axis2.Axis2Plugin
5072:             1             16  org.zeroturnaround.jrebel.integration.axis2.was.Axis2WasPlugin
5073:             1             16  org.zeroturnaround.jrebel.integration.click.ClickPlugin
5074:             1             16  org.zeroturnaround.jrebel.integration.eclipselink.EclipseLinkPlugin
5075:             1             16  org.zeroturnaround.jrebel.integration.eclipselinkmoxy.EclipseLinkMOXyPlugin
5076:             1             16  org.zeroturnaround.jrebel.integration.gwt.GwtPlugin
5077:             1             16  org.zeroturnaround.jrebel.integration.jasypt.JasyptPlugin
5078:             1             16  org.zeroturnaround.jrebel.integration.logback.LogbackPlugin
5079:             1             16  org.zeroturnaround.jrebel.integration.logback.cbp.ContextBaseCBP
5080:             1             16  org.zeroturnaround.jrebel.integration.logback.cbp.ContextInitializerCBP
5081:             1             16  org.zeroturnaround.jrebel.integration.logback.cbp.LoggerCBP
5082:             1             16  org.zeroturnaround.jrebel.integration.openjpa.OpenJPAPlugin
5083:             1             16  org.zeroturnaround.jrebel.integration.seam3.Seam3Plugin
5084:             1             16  org.zeroturnaround.jrebel.integration.spring.integration.SpringIntegrationPlugin
5085:             1             16  org.zeroturnaround.jrebel.integration.spring.security.SpringSecurityPlugin
5086:             1             16  org.zeroturnaround.jrebel.integration.springdata.SpringDataPlugin
5087:             1             16  org.zeroturnaround.jrebel.integration.stripes.StripesPlugin
5088:             1             16  org.zeroturnaround.jrebel.integration.tiles1.Tiles1Plugin
5089:             1             16  org.zeroturnaround.jrebel.integration.tiles2.Tiles2Plugin
5090:             1             16  org.zeroturnaround.jrebel.integration.toplink.TopLinkPlugin
5091:             1             16  org.zeroturnaround.jrebel.integration.toplink.spring.TopLinkSpringPlugin
5092:             1             16  org.zeroturnaround.jrebel.intellij.FSNotifyPlugin
5093:             1             16  org.zeroturnaround.jrebel.intellij.FileWatcher$Counter
5094:             1             16  org.zeroturnaround.jrebel.intellij.FileWatcher$ErrorListener
5095:             1             16  org.zeroturnaround.jrebel.intellij.FileWatcher$RegistrationLatch
5096:             1             16  org.zeroturnaround.jrebel.jackson.JacksonPlugin
5097:             1             16  org.zeroturnaround.jrebel.jackson2.Jackson2Plugin
5098:             1             16  org.zeroturnaround.jrebel.jackson2.afterburner.cbp.CreatorOptimizerCBP
5099:             1             16  org.zeroturnaround.jrebel.jackson2.afterburner.cbp.DeserializerModifierCBP
5100:             1             16  org.zeroturnaround.jrebel.jackson2.afterburner.cbp.MyClassLoaderCBP
5101:             1             16  org.zeroturnaround.jrebel.jackson2.afterburner.cbp.PropertyAccessorCollectorCBP
5102:             1             16  org.zeroturnaround.jrebel.jackson2.afterburner.cbp.PropertyMutatorCollectorCBP
5103:             1             16  org.zeroturnaround.jrebel.jackson2.afterburner.cbp.SerializerModifierCBP
5104:             1             16  org.zeroturnaround.jrebel.jackson2.cbp.ClassUtilCBP
5105:             1             16  org.zeroturnaround.jrebel.jackson2.cbp.ReadOnlyClassToSerializerMap2CBP
5106:             1             16  org.zeroturnaround.jrebel.jackson2.cbp.SerializerCache2CBP
5107:             1             16  org.zeroturnaround.jrebel.jackson2.cbp.StdDeserializerProviderCBP
5108:             1             16  org.zeroturnaround.jrebel.jackson2.cbp.TypeFactoryCBP
5109:             1             16  org.zeroturnaround.jrebel.jackson2.cbp.UnwrappingBeanPropertyWriterCBP
5110:             1             16  org.zeroturnaround.jrebel.jaxb.JAXBPlugin
5111:             1             16  org.zeroturnaround.jrebel.jaxb.endorsed.JAXBEndorsedPlugin
5112:             1             16  org.zeroturnaround.jrebel.jaxb.ibm.JAXBIbmPlugin
5113:             1             16  org.zeroturnaround.jrebel.jaxb.java6.JAXBJava6Plugin
5114:             1             16  org.zeroturnaround.jrebel.jaxb.java6.cbp.AccessorInjectorCBP
5115:             1             16  org.zeroturnaround.jrebel.jaxb.java6.cbp.JAXBContextBuilderCBP
5116:             1             16  org.zeroturnaround.jrebel.jaxb.java6.cbp.JAXBContextFactoryCBP
5117:             1             16  org.zeroturnaround.jrebel.jaxb.java6.cbp.JAXBContextImplCBP
5118:             1             16  org.zeroturnaround.jrebel.jbossaop.JBossAOPPlugin
5119:             1             16  org.zeroturnaround.jrebel.jersey.JerseyPlugin
5120:             1             16  org.zeroturnaround.jrebel.jersey2.Jersey2Plugin
5121:             1             16  org.zeroturnaround.jrebel.jruby.JRubyPlugin
5122:             1             16  org.zeroturnaround.jrebel.liferay.LiferayPlugin
5123:             1             16  org.zeroturnaround.jrebel.liferay.LiferayStatusPlugin
5124:             1             16  org.zeroturnaround.jrebel.lift.LiftPlugin
5125:             1             16  org.zeroturnaround.jrebel.magnolia.MagnoliaPlugin
5126:             1             16  org.zeroturnaround.jrebel.mojarra.MojarraPlugin
5127:             1             16  org.zeroturnaround.jrebel.mustache.MustachePlugin
5128:             1             16  org.zeroturnaround.jrebel.mybatis.MyBatisPlugin
5129:             1             16  org.zeroturnaround.jrebel.myfaces.MyFacesPlugin
5130:             1             16  org.zeroturnaround.jrebel.openwebbeans.OpenWebBeansPlugin
5131:             1             16  org.zeroturnaround.jrebel.picketlink.PicketlinkPlugin
5132:             1             16  org.zeroturnaround.jrebel.prettyfaces.PrettyfacesPlugin
5133:             1             16  org.zeroturnaround.jrebel.primefaces.PrimefacesPlugin
5134:             1             16  org.zeroturnaround.jrebel.remoting.RemotingPlugin
5135:             1             16  org.zeroturnaround.jrebel.remoting.RootRemotingPlugin
5136:             1             16  org.zeroturnaround.jrebel.resteasy.ResteasyPlugin
5137:             1             16  org.zeroturnaround.jrebel.resteasy.spring.RESTEasySpringPlugin
5138:             1             16  org.zeroturnaround.jrebel.restlet.RestletPlugin
5139:             1             16  org.zeroturnaround.jrebel.scalate.ScalatePlugin
5140:             1             16  org.zeroturnaround.jrebel.seam.SeamPlugin
5141:             1             16  org.zeroturnaround.jrebel.solder.SolderPlugin
5142:             1             16  org.zeroturnaround.jrebel.spring.metro.SpringMetroPlugin
5143:             1             16  org.zeroturnaround.jrebel.springfox.SpringfoxPlugin
5144:             1             16  org.zeroturnaround.jrebel.springplugin.SpringPluginPlugin
5145:             1             16  org.zeroturnaround.jrebel.springws.SpringWSPlugin
5146:             1             16  org.zeroturnaround.jrebel.stats.id.container.ContainerIdentifierPlugin
5147:             1             16  org.zeroturnaround.jrebel.stats.startup.tomcat.HostConfigCBP
5148:             1             16  org.zeroturnaround.jrebel.stats.startup.tomcat.StandardServerStartCBP
5149:             1             16  org.zeroturnaround.jrebel.switchyard.SwitchYardPlugin
5150:             1             16  org.zeroturnaround.jrebel.thymeleaf.ThymeleafPlugin
5151:             1             16  org.zeroturnaround.jrebel.undertow.UndertowPlugin
5152:             1             16  org.zeroturnaround.jrebel.vaadin.VaadinPlugin
5153:             1             16  org.zeroturnaround.jrebel.vaadin.cdiutils.VaadinCdiutilsPlugin
5154:             1             16  org.zeroturnaround.jrebel.weblogic.WeblogicPlugin
5155:             1             16  org.zeroturnaround.jrebel.websphere.WebsphereJAXRS2Plugin
5156:             1             16  org.zeroturnaround.jrebel.websphere.WebspherePlugin
5157:             1             16  org.zeroturnaround.jrebel.weld.WeldPlugin
5158:             1             16  org.zeroturnaround.jrebel.weld2.Weld2Plugin
5159:             1             16  org.zeroturnaround.jrebel.weld2.glassfish.Weld2GlassfishPlugin
5160:             1             16  org.zeroturnaround.jrebel.weld2.websphere.Weld2WebspherePlugin
5161:             1             16  org.zeroturnaround.jrebel.wicket.WicketPlugin
5162:             1             16  org.zeroturnaround.jrebel.wink.WinkPlugin
5163:             1             16  org.zeroturnaround.jrebel.zk.ZKPlugin
5164:             1             16  sun.management.ClassLoadingImpl
5165:             1             16  sun.management.HotSpotDiagnostic
5166:             1             16  sun.management.ManagementFactoryHelper$PlatformLoggingImpl
5167:             1             16  sun.management.jmxremote.LocalRMIServerSocketFactory
5168:             1             16  sun.misc.ASCIICaseInsensitiveComparator
5169:             1             16  sun.misc.FloatingDecimal$1
5170:             1             16  sun.misc.Launcher
5171:             1             16  sun.misc.Launcher$Factory
5172:             1             16  sun.misc.ObjectInputFilter$Config$$Lambda$8/1738867229
5173:             1             16  sun.misc.Perf
5174:             1             16  sun.misc.Unsafe
5175:             1             16  sun.net.DefaultProgressMeteringPolicy
5176:             1             16  sun.net.ExtendedOptionsImpl$$Lambda$421/454256192
5177:             1             16  sun.net.idn.StringPrep$StringPrepTrieImpl
5178:             1             16  sun.net.spi.DefaultProxySelector
5179:             1             16  sun.net.www.protocol.jar.JarFileFactory
5180:             1             16  sun.nio.ch.ExtendedSocketOption$1
5181:             1             16  sun.nio.ch.FileChannelImpl$1
5182:             1             16  sun.nio.ch.Net$1
5183:             1             16  sun.nio.ch.Util$1
5184:             1             16  sun.nio.ch.WindowsSelectorProvider
5185:             1             16  sun.nio.cs.CharsetMapping$2
5186:             1             16  sun.nio.cs.CharsetMapping$3
5187:             1             16  sun.nio.cs.CharsetMapping$4
5188:             1             16  sun.nio.fs.WindowsChannelFactory$1
5189:             1             16  sun.nio.fs.WindowsFileSystemProvider
5190:             1             16  sun.reflect.GeneratedConstructorAccessor1
5191:             1             16  sun.reflect.GeneratedConstructorAccessor10
5192:             1             16  sun.reflect.GeneratedConstructorAccessor11
5193:             1             16  sun.reflect.GeneratedConstructorAccessor12
5194:             1             16  sun.reflect.GeneratedConstructorAccessor13
5195:             1             16  sun.reflect.GeneratedConstructorAccessor14
5196:             1             16  sun.reflect.GeneratedConstructorAccessor15
5197:             1             16  sun.reflect.GeneratedConstructorAccessor16
5198:             1             16  sun.reflect.GeneratedConstructorAccessor17
5199:             1             16  sun.reflect.GeneratedConstructorAccessor18
5200:             1             16  sun.reflect.GeneratedConstructorAccessor19
5201:             1             16  sun.reflect.GeneratedConstructorAccessor2
5202:             1             16  sun.reflect.GeneratedConstructorAccessor20
5203:             1             16  sun.reflect.GeneratedConstructorAccessor21
5204:             1             16  sun.reflect.GeneratedConstructorAccessor22
5205:             1             16  sun.reflect.GeneratedConstructorAccessor23
5206:             1             16  sun.reflect.GeneratedConstructorAccessor24
5207:             1             16  sun.reflect.GeneratedConstructorAccessor25
5208:             1             16  sun.reflect.GeneratedConstructorAccessor26
5209:             1             16  sun.reflect.GeneratedConstructorAccessor27
5210:             1             16  sun.reflect.GeneratedConstructorAccessor28
5211:             1             16  sun.reflect.GeneratedConstructorAccessor29
5212:             1             16  sun.reflect.GeneratedConstructorAccessor3
5213:             1             16  sun.reflect.GeneratedConstructorAccessor30
5214:             1             16  sun.reflect.GeneratedConstructorAccessor31
5215:             1             16  sun.reflect.GeneratedConstructorAccessor32
5216:             1             16  sun.reflect.GeneratedConstructorAccessor33
5217:             1             16  sun.reflect.GeneratedConstructorAccessor34
5218:             1             16  sun.reflect.GeneratedConstructorAccessor35
5219:             1             16  sun.reflect.GeneratedConstructorAccessor36
5220:             1             16  sun.reflect.GeneratedConstructorAccessor37
5221:             1             16  sun.reflect.GeneratedConstructorAccessor38
5222:             1             16  sun.reflect.GeneratedConstructorAccessor39
5223:             1             16  sun.reflect.GeneratedConstructorAccessor4
5224:             1             16  sun.reflect.GeneratedConstructorAccessor40
5225:             1             16  sun.reflect.GeneratedConstructorAccessor41
5226:             1             16  sun.reflect.GeneratedConstructorAccessor42
5227:             1             16  sun.reflect.GeneratedConstructorAccessor43
5228:             1             16  sun.reflect.GeneratedConstructorAccessor44
5229:             1             16  sun.reflect.GeneratedConstructorAccessor45
5230:             1             16  sun.reflect.GeneratedConstructorAccessor46
5231:             1             16  sun.reflect.GeneratedConstructorAccessor47
5232:             1             16  sun.reflect.GeneratedConstructorAccessor48
5233:             1             16  sun.reflect.GeneratedConstructorAccessor49
5234:             1             16  sun.reflect.GeneratedConstructorAccessor5
5235:             1             16  sun.reflect.GeneratedConstructorAccessor50
5236:             1             16  sun.reflect.GeneratedConstructorAccessor51
5237:             1             16  sun.reflect.GeneratedConstructorAccessor52
5238:             1             16  sun.reflect.GeneratedConstructorAccessor53
5239:             1             16  sun.reflect.GeneratedConstructorAccessor54
5240:             1             16  sun.reflect.GeneratedConstructorAccessor55
5241:             1             16  sun.reflect.GeneratedConstructorAccessor56
5242:             1             16  sun.reflect.GeneratedConstructorAccessor57
5243:             1             16  sun.reflect.GeneratedConstructorAccessor58
5244:             1             16  sun.reflect.GeneratedConstructorAccessor59
5245:             1             16  sun.reflect.GeneratedConstructorAccessor6
5246:             1             16  sun.reflect.GeneratedConstructorAccessor60
5247:             1             16  sun.reflect.GeneratedConstructorAccessor61
5248:             1             16  sun.reflect.GeneratedConstructorAccessor7
5249:             1             16  sun.reflect.GeneratedConstructorAccessor8
5250:             1             16  sun.reflect.GeneratedConstructorAccessor9
5251:             1             16  sun.reflect.GeneratedMethodAccessor1
5252:             1             16  sun.reflect.GeneratedMethodAccessor10
5253:             1             16  sun.reflect.GeneratedMethodAccessor11
5254:             1             16  sun.reflect.GeneratedMethodAccessor12
5255:             1             16  sun.reflect.GeneratedMethodAccessor13
5256:             1             16  sun.reflect.GeneratedMethodAccessor14
5257:             1             16  sun.reflect.GeneratedMethodAccessor15
5258:             1             16  sun.reflect.GeneratedMethodAccessor16
5259:             1             16  sun.reflect.GeneratedMethodAccessor17
5260:             1             16  sun.reflect.GeneratedMethodAccessor18
5261:             1             16  sun.reflect.GeneratedMethodAccessor19
5262:             1             16  sun.reflect.GeneratedMethodAccessor2
5263:             1             16  sun.reflect.GeneratedMethodAccessor20
5264:             1             16  sun.reflect.GeneratedMethodAccessor21
5265:             1             16  sun.reflect.GeneratedMethodAccessor22
5266:             1             16  sun.reflect.GeneratedMethodAccessor23
5267:             1             16  sun.reflect.GeneratedMethodAccessor24
5268:             1             16  sun.reflect.GeneratedMethodAccessor25
5269:             1             16  sun.reflect.GeneratedMethodAccessor26
5270:             1             16  sun.reflect.GeneratedMethodAccessor27
5271:             1             16  sun.reflect.GeneratedMethodAccessor28
5272:             1             16  sun.reflect.GeneratedMethodAccessor29
5273:             1             16  sun.reflect.GeneratedMethodAccessor3
5274:             1             16  sun.reflect.GeneratedMethodAccessor30
5275:             1             16  sun.reflect.GeneratedMethodAccessor31
5276:             1             16  sun.reflect.GeneratedMethodAccessor32
5277:             1             16  sun.reflect.GeneratedMethodAccessor33
5278:             1             16  sun.reflect.GeneratedMethodAccessor34
5279:             1             16  sun.reflect.GeneratedMethodAccessor35
5280:             1             16  sun.reflect.GeneratedMethodAccessor36
5281:             1             16  sun.reflect.GeneratedMethodAccessor37
5282:             1             16  sun.reflect.GeneratedMethodAccessor38
5283:             1             16  sun.reflect.GeneratedMethodAccessor39
5284:             1             16  sun.reflect.GeneratedMethodAccessor4
5285:             1             16  sun.reflect.GeneratedMethodAccessor40
5286:             1             16  sun.reflect.GeneratedMethodAccessor41
5287:             1             16  sun.reflect.GeneratedMethodAccessor42
5288:             1             16  sun.reflect.GeneratedMethodAccessor43
5289:             1             16  sun.reflect.GeneratedMethodAccessor44
5290:             1             16  sun.reflect.GeneratedMethodAccessor45
5291:             1             16  sun.reflect.GeneratedMethodAccessor46
5292:             1             16  sun.reflect.GeneratedMethodAccessor47
5293:             1             16  sun.reflect.GeneratedMethodAccessor48
5294:             1             16  sun.reflect.GeneratedMethodAccessor49
5295:             1             16  sun.reflect.GeneratedMethodAccessor5
5296:             1             16  sun.reflect.GeneratedMethodAccessor50
5297:             1             16  sun.reflect.GeneratedMethodAccessor51
5298:             1             16  sun.reflect.GeneratedMethodAccessor52
5299:             1             16  sun.reflect.GeneratedMethodAccessor53
5300:             1             16  sun.reflect.GeneratedMethodAccessor54
5301:             1             16  sun.reflect.GeneratedMethodAccessor55
5302:             1             16  sun.reflect.GeneratedMethodAccessor56
5303:             1             16  sun.reflect.GeneratedMethodAccessor57
5304:             1             16  sun.reflect.GeneratedMethodAccessor58
5305:             1             16  sun.reflect.GeneratedMethodAccessor59
5306:             1             16  sun.reflect.GeneratedMethodAccessor6
5307:             1             16  sun.reflect.GeneratedMethodAccessor60
5308:             1             16  sun.reflect.GeneratedMethodAccessor62
5309:             1             16  sun.reflect.GeneratedMethodAccessor63
5310:             1             16  sun.reflect.GeneratedMethodAccessor64
5311:             1             16  sun.reflect.GeneratedMethodAccessor65
5312:             1             16  sun.reflect.GeneratedMethodAccessor66
5313:             1             16  sun.reflect.GeneratedMethodAccessor67
5314:             1             16  sun.reflect.GeneratedMethodAccessor68
5315:             1             16  sun.reflect.GeneratedMethodAccessor69
5316:             1             16  sun.reflect.GeneratedMethodAccessor7
5317:             1             16  sun.reflect.GeneratedMethodAccessor70
5318:             1             16  sun.reflect.GeneratedMethodAccessor71
5319:             1             16  sun.reflect.GeneratedMethodAccessor72
5320:             1             16  sun.reflect.GeneratedMethodAccessor73
5321:             1             16  sun.reflect.GeneratedMethodAccessor74
5322:             1             16  sun.reflect.GeneratedMethodAccessor75
5323:             1             16  sun.reflect.GeneratedMethodAccessor76
5324:             1             16  sun.reflect.GeneratedMethodAccessor77
5325:             1             16  sun.reflect.GeneratedMethodAccessor78
5326:             1             16  sun.reflect.GeneratedMethodAccessor79
5327:             1             16  sun.reflect.GeneratedMethodAccessor8
5328:             1             16  sun.reflect.GeneratedMethodAccessor80
5329:             1             16  sun.reflect.GeneratedMethodAccessor81
5330:             1             16  sun.reflect.GeneratedMethodAccessor82
5331:             1             16  sun.reflect.GeneratedMethodAccessor83
5332:             1             16  sun.reflect.GeneratedMethodAccessor84
5333:             1             16  sun.reflect.GeneratedMethodAccessor85
5334:             1             16  sun.reflect.GeneratedMethodAccessor9
5335:             1             16  sun.reflect.GeneratedSerializationConstructorAccessor1
5336:             1             16  sun.reflect.GeneratedSerializationConstructorAccessor10
5337:             1             16  sun.reflect.GeneratedSerializationConstructorAccessor11
5338:             1             16  sun.reflect.GeneratedSerializationConstructorAccessor12
5339:             1             16  sun.reflect.GeneratedSerializationConstructorAccessor13
5340:             1             16  sun.reflect.GeneratedSerializationConstructorAccessor14
5341:             1             16  sun.reflect.GeneratedSerializationConstructorAccessor15
5342:             1             16  sun.reflect.GeneratedSerializationConstructorAccessor16
5343:             1             16  sun.reflect.GeneratedSerializationConstructorAccessor17
5344:             1             16  sun.reflect.GeneratedSerializationConstructorAccessor18
5345:             1             16  sun.reflect.GeneratedSerializationConstructorAccessor19
5346:             1             16  sun.reflect.GeneratedSerializationConstructorAccessor2
5347:             1             16  sun.reflect.GeneratedSerializationConstructorAccessor20
5348:             1             16  sun.reflect.GeneratedSerializationConstructorAccessor21
5349:             1             16  sun.reflect.GeneratedSerializationConstructorAccessor22
5350:             1             16  sun.reflect.GeneratedSerializationConstructorAccessor23
5351:             1             16  sun.reflect.GeneratedSerializationConstructorAccessor25
5352:             1             16  sun.reflect.GeneratedSerializationConstructorAccessor3
5353:             1             16  sun.reflect.GeneratedSerializationConstructorAccessor4
5354:             1             16  sun.reflect.GeneratedSerializationConstructorAccessor5
5355:             1             16  sun.reflect.GeneratedSerializationConstructorAccessor6
5356:             1             16  sun.reflect.GeneratedSerializationConstructorAccessor7
5357:             1             16  sun.reflect.GeneratedSerializationConstructorAccessor8
5358:             1             16  sun.reflect.GeneratedSerializationConstructorAccessor9
5359:             1             16  sun.reflect.MagicInitInvoker
5360:             1             16  sun.reflect.ProxyDefineClassMethodAccessor
5361:             1             16  sun.reflect.ReflectionFactory
5362:             1             16  sun.reflect.generics.reflectiveObjects.GenericArrayTypeImpl
5363:             1             16  sun.reflect.generics.tree.BooleanSignature
5364:             1             16  sun.reflect.generics.tree.BottomSignature
5365:             1             16  sun.reflect.generics.tree.ByteSignature
5366:             1             16  sun.reflect.generics.tree.CharSignature
5367:             1             16  sun.reflect.generics.tree.DoubleSignature
5368:             1             16  sun.reflect.generics.tree.FloatSignature
5369:             1             16  sun.reflect.generics.tree.IntSignature
5370:             1             16  sun.reflect.generics.tree.LongSignature
5371:             1             16  sun.reflect.generics.tree.ShortSignature
5372:             1             16  sun.reflect.generics.tree.VoidDescriptor
5373:             1             16  sun.rmi.registry.RegistryImpl$$Lambda$4/2024453272
5374:             1             16  sun.rmi.registry.RegistryImpl$$Lambda$5/98394724
5375:             1             16  sun.rmi.registry.RegistryImpl_Skel
5376:             1             16  sun.rmi.registry.RegistryImpl_Stub
5377:             1             16  sun.rmi.runtime.Log$LoggerLogFactory
5378:             1             16  sun.rmi.runtime.RuntimeUtil
5379:             1             16  sun.rmi.server.UnicastRef2
5380:             1             16  sun.rmi.server.UnicastServerRef$HashToMethod_Maps
5381:             1             16  sun.rmi.transport.DGCImpl$$Lambda$2/689401025
5382:             1             16  sun.rmi.transport.DGCImpl$1
5383:             1             16  sun.rmi.transport.DGCImpl$2$$Lambda$3/363988129
5384:             1             16  sun.rmi.transport.DGCImpl_Skel
5385:             1             16  sun.rmi.transport.DGCImpl_Stub
5386:             1             16  sun.rmi.transport.proxy.RMIDirectSocketFactory
5387:             1             16  sun.rmi.transport.tcp.TCPTransport$1
5388:             1             16  sun.security.provider.NativeSeedGenerator
5389:             1             16  sun.security.rsa.RSAKeyFactory
5390:             1             16  sun.security.ssl.DummyX509KeyManager
5391:             1             16  sun.security.util.ByteArrayLexOrder
5392:             1             16  sun.security.util.ByteArrayTagOrder
5393:             1             16  sun.security.x509.RFC822Name
5394:             1             16  sun.text.SupplementaryCharacterData
5395:             1             16  sun.text.normalizer.NormalizerBase$Mode
5396:             1             16  sun.text.normalizer.NormalizerBase$NFCMode
5397:             1             16  sun.text.normalizer.NormalizerBase$NFDMode
5398:             1             16  sun.text.normalizer.NormalizerBase$NFKCMode
5399:             1             16  sun.text.normalizer.NormalizerBase$NFKDMode
5400:             1             16  sun.text.normalizer.NormalizerImpl
5401:             1             16  sun.text.normalizer.NormalizerImpl$AuxTrieImpl
5402:             1             16  sun.text.normalizer.NormalizerImpl$FCDTrieImpl
5403:             1             16  sun.text.normalizer.NormalizerImpl$NormTrieImpl
5404:             1             16  sun.util.calendar.Gregorian
5405:             1             16  sun.util.locale.InternalLocaleBuilder$CaseInsensitiveChar
5406:             1             16  sun.util.locale.provider.AuxLocaleProviderAdapter$NullProvider
5407:             1             16  sun.util.locale.provider.CalendarDataUtility$CalendarFieldValueNamesMapGetter
5408:             1             16  sun.util.locale.provider.CalendarDataUtility$CalendarWeekParameterGetter
5409:             1             16  sun.util.locale.provider.CalendarNameProviderImpl$LengthBasedComparator
5410:             1             16  sun.util.locale.provider.SPILocaleProviderAdapter
5411:             1             16  sun.util.locale.provider.TimeZoneNameUtility$TimeZoneNameGetter
5412:             1             16  sun.util.resources.LocaleData
5413:             1             16  sun.util.resources.LocaleData$LocaleDataResourceBundleControl
Total       1117124       77114624

