
 num     #instances         #bytes  class name
----------------------------------------------
   1:        383540       68399600  [C
   2:         11776       12767360  [I
   3:         27185        8870336  [B
   4:        273247        6557928  java.lang.String
   5:         66056        3699136  java.util.LinkedHashMap
   6:         87663        3055000  [Ljava.lang.Object;
   7:         26974        2589504  java.lang.reflect.Method
   8:         62307        1993824  java.util.HashMap$Node
   9:         39959        1598360  java.util.LinkedHashMap$Entry
  10:         48434        1517176  [Ljava.lang.String;
  11:         15568        1514624  [Ljava.util.HashMap$Node;
  12:         42511        1360352  java.util.concurrent.ConcurrentHashMap$Node
  13:         12060        1341912  java.lang.Class
  14:          1821         972984  [Lcom.zeroturnaround.javarebel.gwb;
  15:         14510         812560  com.zeroturnaround.javarebel.gvw
  16:         12417         794688  java.net.URL
  17:         11004         792288  org.springframework.core.type.classreading.AnnotationMetadataReadingVisitor
  18:         29502         646008  [Ljava.lang.Class;
  19:         35517         568272  java.util.LinkedHashSet
  20:         22681         544344  java.lang.StringBuilder
  21:          5448         435840  java.lang.reflect.Field
  22:          8693         417264  java.util.HashMap
  23:           234         394240  [Ljava.util.concurrent.ConcurrentHashMap$Node;
  24:         11925         381600  java.io.File
  25:         10502         336064  com.zeroturnaround.javarebel.gwb
  26:         13256         318144  java.util.ArrayList
  27:          6443         309264  org.springframework.util.ConcurrentReferenceHashMap$SoftEntryReference
  28:          3715         297200  java.lang.reflect.Constructor
  29:          6789         271560  org.springframework.boot.devtools.filewatch.FileSnapshot
  30:          3698         266256  org.springframework.core.annotation.AnnotationAttributes
  31:         11003         264072  org.springframework.core.type.classreading.SimpleMetadataReader
  32:          5299         254352  java.nio.HeapCharBuffer
  33:          5269         252912  com.zeroturnaround.jrebelbase.d
  34:         10495         251880  org.springframework.core.io.UrlResource
  35:         10105         242520  com.zeroturnaround.javarebel.guo
  36:         14247         227952  java.lang.Object
  37:          9162         219888  java.lang.Long
  38:          6699         214368  java.util.LinkedHashMap$LinkedKeyIterator
  39:          6163         197216  java.util.LinkedList
  40:         12229         195664  org.springframework.util.LinkedMultiValueMap
  41:         12065         193040  java.util.LinkedHashMap$LinkedValues
  42:          7895         189480  com.zeroturnaround.javarebel.agh
  43:          7622         182928  java.util.LinkedList$Node
  44:          4061         162440  java.lang.ref.SoftReference
  45:          2372         160496  [Ljava.lang.reflect.Method;
  46:          6501         156024  java.io.ByteArrayOutputStream
  47:          6389         153336  org.springframework.util.ConcurrentReferenceHashMap$Entry
  48:          2736         153216  java.lang.Class$ReflectionData
  49:          4783         153056  java.util.Hashtable$Entry
  50:          6306         151344  java.lang.StringBuffer
  51:          9206         147296  java.lang.Integer
  52:          2286         146304  java.util.regex.Matcher
  53:          2919         140112  org.springframework.core.ResolvableType
  54:          5822         139728  java.util.Collections$UnmodifiableCollection$1
  55:          2478         118944  java.util.StringTokenizer
  56:          3682         117824  java.lang.ref.WeakReference
  57:          1224         114584  [Ljava.util.Hashtable$Entry;
  58:          7107         113712  com.zeroturnaround.javarebel.age
  59:          2725         109000  java.lang.ref.Finalizer
  60:          4292         103008  com.zeroturnaround.javarebel.guq
  61:          3134         100288  java.util.ArrayList$Itr
  62:          1544          98816  java.text.DateFormatSymbols
  63:          1988          95424  java.nio.HeapByteBuffer
  64:           839          80544  com.zeroturnaround.reload.ab
  65:          2399          76768  java.util.Vector
  66:           848          76032  [Lcom.zeroturnaround.javarebel.haf;
  67:          3154          75696  org.springframework.core.MethodClassKey
  68:           905          74200  [Lorg.springframework.util.ConcurrentReferenceHashMap$Reference;
  69:          1846          73840  java.util.TreeMap$Entry
  70:          1833          73320  java.security.ProtectionDomain
  71:          1307          73192  java.security.Provider$Service
  72:          2261          72352  sun.reflect.DelegatingConstructorAccessorImpl
  73:          2054          70776  [Ljava.io.File;
  74:          1745          69800  com.zeroturnaround.javarebel.gww
  75:          2180          69760  java.lang.ref.ReferenceQueue
  76:          4328          69248  com.zeroturnaround.javarebel.gwg
  77:          4219          67504  org.springframework.core.annotation.AnnotationUtils$DefaultValueHolder
  78:          1197          67032  java.lang.invoke.MemberName
  79:             2          65568  [Lcom.alibaba.fastjson.util.IdentityHashMap$Entry;
  80:          2041          65312  java.util.concurrent.locks.ReentrantLock$NonfairSync
  81:           807          64560  java.net.URI
  82:          2624          62976  java.security.Provider$ServiceKey
  83:           357          62832  org.springframework.context.annotation.ConfigurationClassBeanDefinitionReader$ConfigurationClassBeanDefinition
  84:          1831          58592  java.security.CodeSource
  85:          1187          56976  java.util.Hashtable
  86:          1409          56360  com.zeroturnaround.javarebel.nx
  87:           997          55832  org.springframework.core.type.classreading.MethodMetadataReadingVisitor
  88:          2199          52776  org.zeroturnaround.bundled.javassist.bytecode.Utf8Info
  89:           823          52672  java.util.concurrent.ConcurrentHashMap
  90:          2191          52584  java.util.concurrent.CopyOnWriteArrayList$COWIterator
  91:          2076          49824  sun.reflect.annotation.AnnotationInvocationHandler
  92:          1029          49392  org.apache.tomcat.util.modeler.AttributeInfo
  93:          1028          49344  org.zeroturnaround.javarebel.integration.util.WeakIdentityHashMap$Entry
  94:           844          47264  com.zeroturnaround.reload.z
  95:          2899          46384  java.util.LinkedHashMap$LinkedEntrySet
  96:           270          45360  org.springframework.beans.factory.support.RootBeanDefinition
  97:           510          43832  [S
  98:          1338          42816  java.lang.ThreadLocal$ThreadLocalMap$Entry
  99:          1069          42760  java.lang.invoke.MethodType
 100:           866          41568  com.zeroturnaround.javarebel.haf
 101:          2567          41072  java.util.HashSet
 102:           847          40656  com.zeroturnaround.javarebel.gzy
 103:           107          40232  java.lang.Thread
 104:          1669          40056  java.util.concurrent.LinkedBlockingQueue$Node
 105:          1658          39792  java.util.Date
 106:          1638          38768  [Ljava.lang.reflect.Constructor;
 107:          1173          37536  java.util.concurrent.locks.AbstractQueuedSynchronizer$Node
 108:           448          36976  [Ljava.util.WeakHashMap$Entry;
 109:           441          36144  [Lorg.springframework.boot.context.properties.source.ConfigurationPropertyName$ElementType;
 110:          2182          34912  java.lang.ref.ReferenceQueue$Lock
 111:          1451          34824  sun.reflect.generics.tree.SimpleClassTypeSignature
 112:           835          34768  [Ljava.lang.reflect.Field;
 113:          1080          34560  sun.reflect.DelegatingMethodAccessorImpl
 114:          1073          34336  java.lang.invoke.MethodType$ConcurrentWeakInternSet$WeakEntry
 115:          1424          34176  com.zeroturnaround.javarebel.gtb
 116:           145          34064  [[C
 117:           596          33376  java.nio.StringCharBuffer
 118:          1363          32712  java.lang.Class$AnnotationData
 119:          1955          31280  java.util.LinkedHashMap$LinkedKeySet
 120:           940          30080  java.util.Collections$SynchronizedMap
 121:          1239          29736  sun.reflect.NativeConstructorAccessorImpl
 122:           734          29360  java.util.WeakHashMap$Entry
 123:          1834          29344  java.security.ProtectionDomain$Key
 124:          1833          29328  [Ljava.security.Principal;
 125:           516          28896  java.lang.Package
 126:           720          28800  org.springframework.util.ConcurrentReferenceHashMap$Segment
 127:           249          28696  [Z
 128:          1177          28248  java.util.concurrent.CopyOnWriteArrayList
 129:           438          28032  org.springframework.core.MethodParameter
 130:          1093          27440  [Ljava.lang.annotation.Annotation;
 131:          1132          27168  org.springframework.http.MediaType
 132:           679          27160  java.io.FileDescriptor
 133:          1451          27024  [Lsun.reflect.generics.tree.TypeArgument;
 134:           562          26976  org.apache.tomcat.util.buf.ByteChunk
 135:           556          26688  java.util.concurrent.locks.ReentrantReadWriteLock$NonfairSync
 136:           229          25488  [Ljava.lang.ThreadLocal$ThreadLocalMap$Entry;
 137:           530          25440  org.apache.tomcat.util.buf.CharChunk
 138:          1058          25392  java.util.jar.Attributes$Name
 139:           523          25104  org.apache.tomcat.util.buf.MessageBytes
 140:           781          24992  java.net.URI$Parser
 141:            46          24288  [Lorg.zeroturnaround.bundled.javassist.bytecode.ConstInfo;
 142:          1004          24096  org.springframework.beans.BeanMetadataAttribute
 143:           485          23280  ch.qos.logback.classic.Logger
 144:           725          23200  java.lang.invoke.DirectMethodHandle
 145:           405          22680  sun.nio.cs.UTF_8$Encoder
 146:          1405          22480  sun.reflect.generics.tree.ClassTypeSignature
 147:           451          21648  org.apache.tomcat.util.modeler.OperationInfo
 148:           907          21384  [Ljava.lang.reflect.Type;
 149:           518          20720  org.zeroturnaround.bundled.javassist.bytecode.MethodInfo
 150:           422          20256  java.util.WeakHashMap
 151:           839          20136  com.zeroturnaround.javarebel.gup
 152:          1257          20112  java.util.concurrent.locks.ReentrantLock
 153:           626          20032  com.zeroturnaround.javarebel.gds
 154:           277          19944  com.sun.jmx.remote.util.OrderClassLoaders
 155:           277          19944  javax.management.remote.rmi.RMIConnectionImpl$CombinedClassLoader
 156:           277          19944  javax.management.remote.rmi.RMIConnectionImpl$CombinedClassLoader$ClassLoaderWrapper
 157:           615          19680  org.springframework.asm.Type
 158:           480          19200  java.math.BigInteger
 159:           598          19136  javax.management.MBeanAttributeInfo
 160:           791          18984  com.zeroturnaround.javarebel.oo
 161:           840          18880  [Lorg.springframework.core.ResolvableType;
 162:           779          18696  org.zeroturnaround.bundled.javassist.bytecode.NameAndTypeInfo
 163:           776          18624  java.net.URLClassLoader$2
 164:           290          18560  org.springframework.util.LinkedCaseInsensitiveMap$1
 165:           738          17712  com.zeroturnaround.javarebel.cmy
 166:           524          17704  [Ljava.lang.CharSequence;
 167:           440          17600  org.springframework.boot.context.properties.source.ConfigurationPropertyName$Elements
 168:           439          17560  org.zeroturnaround.bundled.javassist.bytecode.CodeAttribute
 169:           720          17280  org.springframework.util.ConcurrentReferenceHashMap$ReferenceManager
 170:           531          16992  org.apache.tomcat.util.net.NioBlockingSelector$BlockPoller$RunnableRemove
 171:           695          16680  org.zeroturnaround.bundled.javassist.bytecode.MethodrefInfo
 172:           511          16352  org.apache.tomcat.util.http.ValuesEnumerator
 173:           110          15840  java.text.DecimalFormat
 174:           491          15712  java.io.FileInputStream
 175:           222          15568  [J
 176:           969          15504  org.springframework.core.ResolvableType$DefaultVariableResolver
 177:           625          15000  com.zeroturnaround.javarebel.aaf
 178:           606          14544  com.zeroturnaround.javarebel.gi
 179:           596          14304  org.springframework.core.io.ClassPathResource
 180:           431          13792  java.lang.invoke.LambdaForm$Name
 181:           844          13504  com.zeroturnaround.reload.aj
 182:           840          13440  com.zeroturnaround.javarebel.abr
 183:           118          13216  java.util.GregorianCalendar
 184:           412          13184  org.springframework.core.SerializableTypeWrapper$MethodParameterTypeProvider
 185:           548          13152  java.util.concurrent.locks.ReentrantReadWriteLock
 186:           327          13080  com.zeroturnaround.javarebel.od
 187:           136          13056  org.apache.catalina.webresources.CachedResource
 188:            47          13048  [Lorg.zeroturnaround.javarebel.integration.util.WeakIdentityHashMap$Entry;
 189:           202          12928  java.util.jar.JarFile
 190:           389          12448  sun.reflect.generics.repository.ClassRepository
 191:           172          12384  sun.reflect.DelegatingClassLoader
 192:           257          12336  java.util.zip.Inflater
 193:           205          12272  [Ljava.lang.ref.SoftReference;
 194:           301          12040  sun.nio.cs.UTF_8$Decoder
 195:           213          11928  sun.security.ssl.CipherSuite
 196:           462          11872  [Lorg.springframework.asm.Type;
 197:           369          11808  java.util.Collections$UnmodifiableMap
 198:           183          11712  java.text.DecimalFormatSymbols
 199:           133          11704  com.zeroturnaround.javarebel.qe
 200:           362          11584  java.util.LinkedList$ListItr
 201:           286          11440  javax.management.MBeanOperationInfo
 202:           475          11400  sun.reflect.generics.reflectiveObjects.ParameterizedTypeImpl
 203:           472          11328  sun.reflect.NativeMethodAccessorImpl
 204:           118          11328  sun.util.calendar.Gregorian$Date
 205:           341          10912  sun.misc.FDBigInteger
 206:           194          10864  java.util.ResourceBundle$CacheKey
 207:           269          10760  java.util.HashMap$KeyIterator
 208:           447          10728  sun.reflect.generics.factory.CoreReflectionFactory
 209:           265          10600  sun.misc.Cleaner
 210:           440          10560  org.springframework.boot.context.properties.source.ConfigurationPropertyName
 211:           439          10536  org.zeroturnaround.bundled.javassist.bytecode.ExceptionTable
 212:           439          10536  org.zeroturnaround.bundled.javassist.bytecode.LineNumberAttribute
 213:           655          10480  com.sun.proxy.$Proxy28
 214:           436          10464  org.springframework.boot.context.properties.source.PropertyMapping
 215:           432          10368  org.springframework.core.convert.converter.GenericConverter$ConvertiblePair
 216:           215          10320  java.util.logging.LogManager$LoggerWeakRef
 217:           210          10080  org.springframework.web.context.request.ServletWebRequest
 218:           311           9952  java.util.LinkedHashMap$LinkedEntryIterator
 219:           410           9840  org.springframework.cglib.core.Signature
 220:           303           9696  org.apache.tomcat.util.modeler.ParameterInfo
 221:           395           9480  sun.reflect.generics.scope.ClassScope
 222:           589           9424  java.util.HashMap$KeySet
 223:           389           9336  sun.reflect.generics.tree.ClassSignature
 224:           194           9312  java.util.ResourceBundle$BundleReference
 225:           451           9248  [Lorg.apache.tomcat.util.modeler.ParameterInfo;
 226:           384           9216  java.util.concurrent.ConcurrentHashMap$MapEntry
 227:           557           8912  java.util.concurrent.locks.ReentrantReadWriteLock$ReadLock
 228:           557           8912  java.util.concurrent.locks.ReentrantReadWriteLock$Sync$ThreadLocalHoldCounter
 229:           557           8912  java.util.concurrent.locks.ReentrantReadWriteLock$WriteLock
 230:           159           8904  java.beans.MethodDescriptor
 231:           371           8904  org.zeroturnaround.bundled.javassist.bytecode.ClassInfo
 232:           363           8712  org.springframework.beans.factory.annotation.InjectionMetadata
 233:           265           8480  org.apache.logging.slf4j.SLF4JLogger
 234:           264           8448  java.util.zip.ZipCoder
 235:           389           8384  [Lsun.reflect.generics.tree.ClassTypeSignature;
 236:           262           8384  java.nio.DirectByteBuffer$Deallocator
 237:           519           8304  org.apache.commons.logging.LogAdapter$Log4jLog
 238:           113           8136  java.util.regex.Pattern
 239:           169           8112  java.lang.invoke.LambdaForm
 240:           202           8080  org.springframework.beans.factory.annotation.InitDestroyAnnotationBeanPostProcessor$LifecycleMetadata
 241:           126           8064  com.zeroturnaround.javarebel.gxi
 242:           335           8040  org.apache.tomcat.util.http.parser.Cookie$ByteBuffer
 243:            66           7920  org.springframework.beans.factory.annotation.AnnotatedGenericBeanDefinition
 244:           448           7792  [Lsun.reflect.generics.tree.FormalTypeParameter;
 245:           242           7744  com.zeroturnaround.javarebel.gtd
 246:           174           7720  [Ljava.lang.invoke.LambdaForm$Name;
 247:           320           7680  com.zeroturnaround.javarebel.gvb
 248:           319           7656  org.springframework.util.MimeType
 249:           472           7552  java.util.Collections$UnmodifiableSet
 250:           104           7488  java.util.logging.Logger
 251:           187           7480  java.io.BufferedInputStream
 252:           464           7424  org.zeroturnaround.javarebel.integration.util.MiscUtil$3
 253:           307           7368  java.beans.MethodRef
 254:           128           7168  sun.util.calendar.ZoneInfo
 255:           221           7072  sun.misc.FloatingDecimal$ASCIIToBinaryBuffer
 256:           292           7008  java.util.ArrayDeque
 257:           437           6992  org.springframework.core.convert.support.GenericConversionService$ConvertersForPair
 258:           290           6960  org.springframework.util.LinkedCaseInsensitiveMap
 259:           124           6944  java.lang.invoke.MethodTypeForm
 260:           216           6912  javax.management.MBeanParameterInfo
 261:            78           6864  com.zeroturnaround.javarebel.gdm
 262:           107           6848  java.text.SimpleDateFormat
 263:           414           6624  java.util.Collections$UnmodifiableMap$UnmodifiableEntrySet$UnmodifiableEntry
 264:           203           6496  com.zeroturnaround.javarebel.gdo
 265:           269           6456  java.util.zip.ZStreamRef
 266:           201           6432  java.util.RegularEnumSet
 267:           201           6432  org.zeroturnaround.javarebel.integration.util.WeakUtil$WeakListenerReference
 268:           267           6408  org.apache.logging.log4j.message.DefaultFlowMessageFactory
 269:           200           6400  sun.security.util.ObjectIdentifier
 270:           263           6312  org.springframework.boot.autoconfigure.condition.ConditionEvaluationReport$ConditionAndOutcome
 271:           263           6312  org.springframework.boot.autoconfigure.condition.ConditionOutcome
 272:           197           6304  org.springframework.messaging.support.ExecutorSubscribableChannel$SendTask
 273:            34           6256  com.fasterxml.jackson.core.json.ReaderBasedJsonParser
 274:           194           6208  java.util.ResourceBundle$LoaderReference
 275:           155           6200  sun.util.locale.BaseLocale$Key
 276:           126           6048  java.util.TreeMap
 277:           187           5984  java.lang.invoke.BoundMethodHandle$Species_L
 278:           144           5760  java.security.AccessControlContext
 279:           180           5760  org.springframework.core.convert.support.GenericConversionService$ConverterAdapter
 280:            55           5720  sun.net.www.protocol.file.FileURLConnection
 281:           237           5688  com.zeroturnaround.javarebel.agl
 282:           142           5680  org.springframework.web.context.request.ServletRequestAttributes
 283:            59           5664  java.util.jar.JarFile$JarFileEntry
 284:            86           5504  java.nio.DirectByteBuffer
 285:           247           5448  [Lsun.reflect.generics.tree.FieldTypeSignature;
 286:            77           5432  [Ljava.nio.ByteBuffer;
 287:           169           5408  org.springframework.cglib.proxy.MethodProxy
 288:           337           5392  com.zeroturnaround.javarebel.az
 289:            83           5384  [Ljavax.management.MBeanAttributeInfo;
 290:           134           5360  sun.util.locale.InternalLocaleBuilder
 291:           134           5360  sun.util.locale.LanguageTag
 292:           134           5360  sun.util.locale.StringTokenIterator
 293:           223           5352  org.springframework.beans.MutablePropertyValues
 294:           167           5344  java.util.logging.LogManager$LogNode
 295:           220           5280  java.lang.ThreadLocal$ThreadLocalMap
 296:           216           5184  org.zeroturnaround.javarebel.integration.spring.beans.BeanWithDefinition
 297:           215           5160  com.fasterxml.jackson.databind.type.ClassKey
 298:           321           5136  java.util.jar.Attributes
 299:           160           5120  java.util.LinkedHashMap$LinkedValueIterator
 300:            91           5096  sun.misc.URLClassPath$JarLoader
 301:           127           5080  com.fasterxml.jackson.databind.introspect.AnnotatedMethod
 302:           126           5040  com.zeroturnaround.javarebel.gxm
 303:           209           5016  javax.management.ImmutableDescriptor
 304:           124           4960  com.zeroturnaround.javarebel.gxe
 305:            62           4960  sun.net.www.protocol.jar.URLJarFile
 306:           101           4848  com.zeroturnaround.javarebel.gzv
 307:           151           4832  com.sun.jmx.mbeanserver.ConvertingMethod
 308:            75           4800  org.springframework.web.servlet.FlashMap
 309:           198           4752  java.lang.invoke.LambdaForm$NamedFunction
 310:            74           4736  org.springframework.web.context.support.ServletRequestHandledEvent
 311:           118           4720  java.io.ObjectStreamField
 312:           118           4720  org.springframework.util.AntPathMatcher$AntPatternComparator$PatternInfo
 313:           173           4712  [Ljava.lang.annotation.ElementType;
 314:           225           4688  [Lorg.springframework.web.servlet.HandlerInterceptor;
 315:           193           4632  org.zeroturnaround.bundled.javassist.bytecode.StackMapTable
 316:           140           4480  java.io.FileOutputStream
 317:            70           4480  java.util.stream.ReferencePipeline$3
 318:           102           4448  [Ljava.security.ProtectionDomain;
 319:           185           4440  org.apache.catalina.webresources.EmptyResource
 320:           110           4400  java.text.DigitList
 321:           183           4392  org.hibernate.validator.internal.engine.constraintvalidation.ClassBasedValidatorDescriptor
 322:           274           4384  com.sun.proxy.$Proxy34
 323:           273           4368  java.lang.Byte
 324:            54           4320  com.alibaba.fastjson.util.FieldInfo
 325:           179           4296  org.springframework.util.MimeType$$Lambda$91/882356814
 326:           266           4256  org.apache.logging.log4j.message.ParameterizedMessageFactory
 327:           176           4224  org.springframework.boot.web.server.MimeMappings$Mapping
 328:           263           4208  org.springframework.boot.autoconfigure.condition.ConditionMessage
 329:           174           4176  com.zeroturnaround.javarebel.ax
 330:           169           4160  [Ljavax.management.MBeanParameterInfo;
 331:            74           4144  java.util.stream.ReferencePipeline$Head
 332:           129           4128  java.lang.ProcessImpl
 333:           129           4128  sun.security.util.DerInputBuffer
 334:           129           4128  sun.security.util.DerValue
 335:           256           4096  java.lang.Short
 336:           127           4064  com.sun.org.apache.xerces.internal.xni.QName
 337:           127           4064  java.lang.invoke.DirectMethodHandle$Special
 338:           101           4040  java.lang.reflect.Parameter
 339:           168           4032  java.util.regex.Pattern$Slice
 340:           124           3968  com.alibaba.fastjson.util.IdentityHashMap$Entry
 341:            55           3960  java.util.concurrent.ScheduledThreadPoolExecutor$ScheduledFutureTask
 342:            82           3936  javax.management.MBeanInfo
 343:            70           3920  java.util.Calendar$Builder
 344:           162           3888  java.lang.Double
 345:           160           3840  com.zeroturnaround.javarebel.abm
 346:            10           3840  org.apache.tomcat.util.threads.TaskThread
 347:            68           3808  org.apache.tomcat.util.modeler.ManagedBean
 348:           238           3808  org.springframework.util.AntPathMatcher$AntPatternComparator
 349:           118           3776  java.security.Permissions
 350:           156           3744  java.util.Arrays$ArrayList
 351:            78           3744  java.util.WeakHashMap$KeyIterator
 352:           156           3744  javax.management.ObjectName$Property
 353:           155           3720  java.util.Collections$UnmodifiableRandomAccessList
 354:           155           3720  java.util.Locale$LocaleKey
 355:           115           3680  java.io.FilePermission
 356:           131           3664  [Ljavax.management.ObjectName$Property;
 357:           229           3664  java.util.HashMap$EntrySet
 358:            91           3640  sun.nio.fs.WindowsPath
 359:           226           3616  com.zeroturnaround.javarebel.SDKLoggerImpl
 360:           226           3616  org.springframework.boot.autoconfigure.condition.ConditionEvaluationReport$ConditionAndOutcomes
 361:           113           3616  org.springframework.cglib.proxy.MethodProxy$CreateInfo
 362:            45           3600  [Lorg.springframework.util.ConcurrentReferenceHashMap$Segment;
 363:            64           3584  org.hibernate.validator.internal.util.ConcurrentReferenceHashMap$Segment
 364:           149           3576  org.zeroturnaround.bundled.javassist.bytecode.SignatureAttribute
 365:            37           3552  org.springframework.beans.GenericTypeAwarePropertyDescriptor
 366:           220           3520  com.fasterxml.jackson.databind.introspect.AnnotationMap
 367:           110           3520  java.io.FileNotFoundException
 368:           146           3504  java.security.Provider$UString
 369:            62           3472  com.fasterxml.jackson.core.util.TextBuffer
 370:           107           3424  java.security.BasicPermissionCollection
 371:            71           3408  java.util.concurrent.ThreadPoolExecutor$Worker
 372:            85           3400  org.zeroturnaround.bundled.javassist.bytecode.FieldInfo
 373:           138           3312  com.zeroturnaround.javarebel.fd
 374:           205           3280  com.zeroturnaround.jrebelbase.reflection.u
 375:            68           3264  com.fasterxml.jackson.core.json.JsonReadContext
 376:           135           3240  org.zeroturnaround.javarebel.integration.util.WeakUtil$WeakClassEventListenerAdapter
 377:           134           3216  org.apache.tomcat.util.http.parser.AcceptLanguage
 378:           134           3216  sun.util.locale.ParseStatus
 379:            36           3200  [Lcom.zeroturnaround.javarebel.gzv;
 380:            37           3200  [Ljava.lang.invoke.MethodHandle;
 381:           133           3192  com.zeroturnaround.javarebel.pv
 382:           133           3192  java.io.BufferedOutputStream
 383:            56           3136  java.util.concurrent.ConcurrentHashMap$KeyIterator
 384:            49           3136  javax.management.openmbean.OpenMBeanAttributeInfoSupport
 385:           130           3120  org.apache.tomcat.util.http.MimeHeaderField
 386:            97           3104  org.springframework.cglib.proxy.MethodProxy$FastClassInfo
 387:           129           3096  org.springframework.context.event.AbstractApplicationEventMulticaster$ListenerCacheKey
 388:           129           3096  sun.security.util.DerInputStream
 389:            64           3072  com.sysmin.core.log.Log
 390:           128           3072  java.io.ExpiringCache$Entry
 391:           126           3024  [Lsun.security.x509.AVA;
 392:            54           3024  com.alibaba.fastjson.serializer.FieldSerializer
 393:           126           3024  sun.security.x509.AVA
 394:           126           3024  sun.security.x509.RDN
 395:            29           3016  java.io.ObjectStreamClass
 396:           158           2992  [Lcom.sun.jmx.mbeanserver.MXBeanMapping;
 397:            52           2912  java.util.concurrent.ConcurrentHashMap$EntryIterator
 398:            90           2880  com.fasterxml.jackson.databind.ser.impl.ReadOnlyClassToSerializerMap$Bucket
 399:            90           2880  org.zeroturnaround.javarebel.integration.monitor.MonitoredResource
 400:            89           2848  java.net.InetAddress$InetAddressHolder
 401:           118           2832  java.lang.RuntimePermission
 402:            88           2816  org.zeroturnaround.bundled.javassist.bytecode.ExceptionTableEntry
 403:            39           2808  com.fasterxml.jackson.databind.deser.DefaultDeserializationContext$Impl
 404:            58           2784  java.util.concurrent.ConcurrentHashMap$TreeNode
 405:            87           2784  org.zeroturnaround.javarebel.reporting.stats.repository.impl.DayHolder
 406:            87           2784  sun.reflect.generics.reflectiveObjects.TypeVariableImpl
 407:           114           2736  java.util.Collections$1
 408:            64           2688  [Lorg.hibernate.validator.internal.util.ConcurrentReferenceHashMap$HashEntry;
 409:            84           2688  org.apache.catalina.util.ManifestResource
 410:            67           2680  java.io.StringReader
 411:            67           2680  org.apache.tomcat.util.http.parser.Host$MessageBytesReader
 412:            67           2680  org.springframework.web.context.request.async.WebAsyncManager
 413:            37           2664  java.beans.PropertyDescriptor
 414:           111           2664  java.io.FilePermissionCollection
 415:            66           2640  javax.management.ObjectName
 416:            66           2640  org.springframework.cglib.proxy.Enhancer$EnhancerKey$$KeyFactoryByCGLIB$$4ce19e8f
 417:            71           2624  [Ljavax.management.MBeanOperationInfo;
 418:            46           2576  org.zeroturnaround.javarebel.integration.util.WeakIdentityHashMap
 419:           105           2520  org.zeroturnaround.bundled.javassist.bytecode.FieldrefInfo
 420:            39           2496  com.fasterxml.jackson.core.sym.CharsToNameCanonicalizer
 421:            78           2496  java.util.TreeMap$ValueIterator
 422:            22           2464  org.springframework.context.annotation.ScannedGenericBeanDefinition
 423:            76           2432  java.util.AbstractList$Itr
 424:            76           2432  java.util.regex.Pattern$Curly
 425:            75           2400  java.lang.reflect.WeakCache$CacheValue
 426:            75           2400  org.springframework.web.servlet.HandlerExecutionChain
 427:            23           2392  com.fasterxml.jackson.databind.ser.impl.FilteredBeanPropertyWriter$MultiView
 428:           105           2360  [Ljava.lang.reflect.TypeVariable;
 429:            59           2360  java.util.HashMap$EntryIterator
 430:            98           2352  org.springframework.boot.context.properties.ConfigurationBeanFactoryMetadata$FactoryMetadata
 431:            97           2328  org.springframework.messaging.support.MessageHeaderAccessor$MutableMessageHeaders
 432:            32           2304  com.fasterxml.jackson.databind.ser.DefaultSerializerProvider$Impl
 433:            96           2304  org.zeroturnaround.bundled.javassist.bytecode.StringInfo
 434:            41           2296  org.springframework.web.method.HandlerMethod
 435:            19           2280  java.net.SocksSocketImpl
 436:            70           2240  java.util.AbstractList$ListItr
 437:            70           2240  java.util.ArrayList$ArrayListSpliterator
 438:            70           2240  java.util.ArrayList$ListItr
 439:            70           2240  java.util.stream.Collectors$CollectorImpl
 440:            70           2240  java.util.stream.ReduceOps$3
 441:            70           2240  java.util.stream.ReduceOps$3ReducingSink
 442:            23           2208  com.fasterxml.jackson.databind.ser.BeanPropertyWriter
 443:            39           2184  com.fasterxml.jackson.core.io.IOContext
 444:            91           2184  java.util.Collections$UnmodifiableMap$UnmodifiableEntrySet$1
 445:            91           2184  org.springframework.core.io.FileSystemResource
 446:            91           2184  sun.reflect.generics.tree.FormalTypeParameter
 447:            90           2160  org.zeroturnaround.javarebel.support.FileResource
 448:            45           2160  sun.util.locale.LocaleObjectCache$CacheEntry
 449:            67           2144  java.lang.reflect.Proxy$Key1
 450:            67           2144  org.springframework.http.HttpStatus
 451:           133           2128  com.sun.proxy.$Proxy21
 452:            19           2128  org.springframework.beans.factory.support.GenericBeanDefinition
 453:            53           2120  sun.security.ec.NamedCurve
 454:            17           2112  [[B
 455:            88           2112  java.util.Collections$SingletonList
 456:            44           2112  java.util.TreeMap$AscendingSubMap
 457:            88           2112  org.springframework.core.convert.TypeDescriptor$AnnotatedElementAdapter
 458:            88           2112  org.springframework.web.socket.TextMessage
 459:            19           2096  [Lorg.springframework.boot.context.properties.source.PropertyMapping;
 460:            65           2080  org.springframework.cglib.core.WeakCacheKey
 461:            65           2080  org.springframework.cglib.proxy.Enhancer$EnhancerFactoryData
 462:            65           2080  sun.reflect.annotation.AnnotationType
 463:            86           2064  org.springframework.messaging.support.AbstractMessageChannel$ChannelInterceptorChain
 464:            86           2064  org.springframework.messaging.support.GenericMessage
 465:            64           2048  com.zeroturnaround.reload.e
 466:           128           2048  java.lang.Character
 467:            85           2040  java.util.Collections$SetFromMap
 468:           126           2016  com.zeroturnaround.javarebel.gxp
 469:           126           2016  org.springframework.util.MimeType$$Lambda$456/796273739
 470:            50           2000  com.zeroturnaround.javarebel.awm
 471:           125           2000  java.lang.ThreadLocal
 472:            83           1992  org.springframework.web.servlet.mvc.condition.ProducesRequestCondition
 473:           124           1984  com.zeroturnaround.javarebel.gxc
 474:            82           1968  com.zeroturnaround.javarebel.gtf
 475:            82           1968  java.util.concurrent.locks.AbstractQueuedSynchronizer$ConditionObject
 476:            82           1968  org.springframework.core.convert.TypeDescriptor
 477:            81           1944  com.zeroturnaround.jrebelbase.reflection.n
 478:            81           1944  com.zeroturnaround.jrebelbase.reflection.s
 479:            40           1920  org.springframework.web.servlet.mvc.method.RequestMappingInfo
 480:            48           1920  sun.reflect.generics.repository.MethodRepository
 481:            59           1888  sun.reflect.generics.tree.MethodTypeSignature
 482:            47           1880  java.util.ArrayList$SubList
 483:            47           1880  java.util.ArrayList$SubList$1
 484:            78           1872  com.zeroturnaround.javarebel.gdn
 485:            78           1872  com.zeroturnaround.javarebel.gdp
 486:            78           1872  com.zeroturnaround.javarebel.gdr
 487:            78           1872  java.util.regex.Pattern$GroupHead
 488:            78           1872  java.util.regex.Pattern$GroupTail
 489:            78           1872  org.springframework.http.server.ServletServerHttpResponse
 490:            78           1872  org.springframework.http.server.ServletServerHttpResponse$ServletResponseHttpHeaders
 491:            58           1856  java.util.regex.Pattern$BnM
 492:           116           1856  org.springframework.expression.common.LiteralExpression
 493:           116           1856  org.springframework.util.CollectionUtils$MultiValueMapAdapter
 494:           115           1840  java.util.concurrent.atomic.AtomicBoolean
 495:            45           1800  org.springframework.util.ConcurrentReferenceHashMap
 496:            75           1800  org.springframework.web.servlet.DispatcherServlet$$Lambda$436/1867208492
 497:            75           1800  org.springframework.web.servlet.DispatcherServlet$$Lambda$437/682105256
 498:            16           1792  sun.nio.ch.SocketChannelImpl
 499:            74           1768  [Ljava.lang.reflect.Parameter;
 500:            44           1760  java.util.TreeMap$NavigableSubMap$SubMapEntryIterator
 501:            53           1696  java.security.spec.EllipticCurve
 502:            35           1680  com.zeroturnaround.javarebel.gzo
 503:            42           1680  com.zeroturnaround.javarebel.hah
 504:            70           1680  java.util.stream.ReferencePipeline$3$1
 505:            30           1680  org.apache.tomcat.util.res.StringManager$1
 506:            19           1672  java.net.DualStackPlainSocketImpl
 507:            26           1664  com.fasterxml.jackson.databind.introspect.AnnotatedClass
 508:            41           1640  org.springframework.core.log.CompositeLog
 509:            34           1632  com.fasterxml.jackson.databind.type.SimpleType
 510:            51           1632  org.springframework.format.support.FormattingConversionService$AnnotationParserConverter
 511:            51           1632  org.springframework.format.support.FormattingConversionService$AnnotationPrinterConverter
 512:            68           1632  org.zeroturnaround.bundled.javassist.bytecode.InterfaceMethodrefInfo
 513:            67           1608  org.springframework.boot.autoconfigure.condition.OnClassCondition
 514:            67           1608  org.springframework.core.type.StandardAnnotationMetadata
 515:           100           1600  java.util.concurrent.atomic.AtomicInteger
 516:            25           1600  org.zeroturnaround.bundled.javassist.CtClassType
 517:            40           1600  sun.management.DiagnosticCommandArgumentInfo
 518:            66           1584  com.zeroturnaround.reload.d
 519:            11           1584  org.apache.tomcat.util.net.NioEndpoint$NioSocketWrapper
 520:            33           1584  sun.nio.cs.StreamDecoder
 521:            98           1568  java.util.Collections$UnmodifiableMap$UnmodifiableEntrySet
 522:            65           1560  com.sun.jmx.mbeanserver.NamedObject
 523:            96           1536  java.util.HashMap$Values
 524:            96           1536  java.util.WeakHashMap$KeySet
 525:            48           1536  java.util.regex.Pattern$Branch
 526:            64           1536  sun.nio.ch.Util$BufferCache
 527:            96           1536  sun.reflect.generics.tree.TypeVariableSignature
 528:            27           1512  [Ljava.util.regex.Pattern$GroupHead;
 529:            63           1512  com.fasterxml.jackson.databind.introspect.MemberKey
 530:            63           1512  java.util.regex.Pattern$Single
 531:            93           1488  com.sun.proxy.$Proxy11
 532:            31           1488  java.io.BufferedReader
 533:            93           1488  org.apache.juli.logging.DirectJDKLog
 534:            92           1472  com.sun.proxy.$Proxy36
 535:            46           1472  org.springframework.boot.context.properties.bind.JavaBeanBinder$BeanProperty
 536:            91           1456  java.io.FileOutputStream$1
 537:            48           1448  [Ljava.util.regex.Pattern$Node;
 538:            30           1440  java.time.temporal.ValueRange
 539:            59           1416  java.util.regex.Pattern$BitClass
 540:            59           1416  org.springframework.boot.autoconfigure.condition.OnBeanCondition
 541:            59           1416  org.springframework.web.servlet.handler.AbstractUrlHandlerMapping$PathExposingHandlerInterceptor
 542:            44           1408  java.util.TreeMap$AscendingSubMap$AscendingEntrySetView
 543:            25           1400  java.util.zip.ZipFile$ZipFileInflaterInputStream
 544:            25           1400  java.util.zip.ZipFile$ZipFileInputStream
 545:            35           1400  org.springframework.core.annotation.AnnotationUtils$AliasDescriptor
 546:            16           1392  [Ljava.lang.Byte;
 547:            87           1392  sun.reflect.BootstrapConstructorAccessorImpl
 548:            50           1384  [Ljava.io.ObjectStreamField;
 549:            59           1384  [Lsun.reflect.generics.tree.TypeSignature;
 550:             1           1376  [Lsun.misc.FDBigInteger;
 551:            43           1376  com.zeroturnaround.javarebel.fxz
 552:            43           1376  sun.reflect.generics.reflectiveObjects.WildcardTypeImpl
 553:            43           1376  sun.security.x509.AlgorithmId
 554:            57           1368  org.zeroturnaround.bundled.javassist.bytecode.ExceptionsAttribute
 555:            42           1344  [Ljava.time.format.DateTimeFormatterBuilder$DateTimePrinterParser;
 556:            42           1344  org.springframework.format.support.FormattingConversionService$PrinterConverter
 557:            28           1344  sun.security.x509.X500Name
 558:            55           1328  [Lcom.fasterxml.jackson.databind.JavaType;
 559:            83           1328  java.io.FileInputStream$1
 560:            55           1320  sun.net.www.MessageHeader
 561:            54           1296  com.alibaba.fastjson.serializer.BeanContext
 562:            54           1296  java.security.spec.ECPoint
 563:            53           1280  [Lcom.fasterxml.jackson.databind.introspect.AnnotationMap;
 564:            39           1280  [Ljava.math.BigInteger;
 565:            40           1280  com.fasterxml.jackson.databind.util.TypeKey
 566:            40           1280  com.sysmin.core.jvm.domain.JpsDO
 567:            40           1280  java.net.Inet6Address
 568:            40           1280  java.net.Inet6Address$Inet6AddressHolder
 569:            80           1280  java.util.Collections$SingletonSet
 570:            32           1280  java.util.PropertyResourceBundle
 571:            16           1280  org.springframework.web.method.HandlerMethod$ReturnValueMethodParameter
 572:            40           1280  org.springframework.web.servlet.mvc.condition.PatternsRequestCondition
 573:            39           1248  org.springframework.messaging.simp.user.DefaultUserDestinationResolver$ParseResult
 574:            39           1248  org.springframework.messaging.simp.user.UserDestinationResult
 575:            31           1240  org.apache.tomcat.util.modeler.BaseModelMBean
 576:             7           1232  org.apache.coyote.Request
 577:            51           1224  java.util.Collections$SynchronizedSet
 578:            17           1224  org.springframework.web.servlet.mvc.method.annotation.ServletInvocableHandlerMethod
 579:            76           1216  com.sun.proxy.$Proxy39
 580:            38           1216  com.zeroturnaround.javarebel.gdi
 581:            19           1216  org.zeroturnaround.bundled.javassist.bytecode.ClassFile
 582:            30           1200  java.math.BigDecimal
 583:            30           1200  java.time.format.DateTimeFormatter
 584:            30           1200  java.time.temporal.ChronoField
 585:            50           1200  java.util.jar.Manifest
 586:            50           1200  org.springframework.messaging.simp.SimpMessageHeaderAccessor
 587:            75           1200  org.springframework.web.servlet.FrameworkServlet$RequestBindingInterceptor
 588:            49           1176  java.util.Comparator$$Lambda$445/316740616
 589:            49           1176  java.util.concurrent.atomic.AtomicLong
 590:            49           1176  java.util.regex.Pattern$Ctype
 591:            49           1176  java.util.regex.Pattern$Start
 592:             7           1176  org.apache.catalina.connector.Request
 593:            73           1168  org.springframework.beans.factory.support.ConstructorResolver$AutowiredArgumentMarker
 594:            29           1160  org.apache.tomcat.util.collections.ManagedConcurrentWeakHashMap$Key
 595:            24           1152  com.fasterxml.jackson.databind.introspect.BasicBeanDescription
 596:            36           1152  com.fasterxml.jackson.databind.introspect.POJOPropertyBuilder$Linked
 597:             3           1152  org.apache.tomcat.websocket.BackgroundProcessManager$WsBackgroundThread
 598:            48           1152  org.springframework.core.annotation.AnnotationUtils$AnnotationCacheKey
 599:            48           1152  org.springframework.messaging.simp.broker.DefaultSubscriptionRegistry$Subscription
 600:            16           1152  org.springframework.web.context.request.async.StandardServletAsyncWebRequest
 601:            48           1152  sun.reflect.generics.scope.MethodScope
 602:            48           1152  sun.reflect.generics.tree.Wildcard
 603:            69           1136  [Lorg.springframework.web.bind.annotation.RequestMethod;
 604:            47           1128  org.springframework.messaging.simp.stomp.StompHeaderAccessor
 605:            47           1128  org.zeroturnaround.javarebel.integration.util.WeakUtil$WeakClassBytecodeProcessorAdapter
 606:             6           1120  [Lcom.fasterxml.jackson.databind.ser.impl.ReadOnlyClassToSerializerMap$Bucket;
 607:            35           1120  java.lang.StringCoding$StringEncoder
 608:            35           1120  java.time.format.DateTimeFormatterBuilder$NumberPrinterParser
 609:            14           1120  sun.security.x509.X509CertImpl
 610:            46           1104  com.zeroturnaround.javarebel.cmz
 611:            69           1104  java.util.TreeMap$Values
 612:            46           1096  [Lcom.zeroturnaround.javarebel.oc;
 613:            68           1088  [Lorg.apache.tomcat.util.modeler.NotificationInfo;
 614:            34           1088  com.fasterxml.jackson.databind.util.ObjectBuffer
 615:            34           1088  java.util.concurrent.LinkedBlockingQueue$Itr
 616:            17           1088  org.apache.catalina.mapper.MappingData
 617:            15           1080  org.springframework.web.method.HandlerMethod$HandlerMethodParameter
 618:            67           1072  com.sun.proxy.$Proxy4
 619:            67           1072  org.springframework.context.i18n.SimpleLocaleContext
 620:             2           1056  [Ljava.lang.Integer;
 621:             2           1056  [Ljava.lang.Long;
 622:             2           1056  [Ljava.lang.Short;
 623:            22           1056  java.util.Properties
 624:            44           1056  org.apache.coyote.ActionCode
 625:            66           1056  org.springframework.http.server.ServletServerHttpResponse$$Lambda$457/637273604
 626:             1           1040  [Lsun.text.normalizer.UnicodeSet;
 627:            65           1040  org.springframework.context.annotation.ConfigurationClassEnhancer$BeanFactoryAwareGeneratorStrategy
 628:            43           1032  java.net.InetSocketAddress$InetSocketAddressHolder
 629:            32           1024  org.springframework.messaging.simp.broker.DefaultSubscriptionRegistry$DestinationCache$$Lambda$467/41453607
 630:            32           1024  org.springframework.web.socket.messaging.SessionSubscribeEvent
 631:            28           1008  [Lsun.security.x509.RDN;
 632:            63           1008  com.sun.proxy.$Proxy1
 633:            63           1008  com.sun.proxy.$Proxy7
 634:            42           1008  java.time.format.DateTimeFormatterBuilder$CompositePrinterParser
 635:            42           1008  org.springframework.format.support.FormattingConversionService$ParserConverter
 636:            18           1008  org.springframework.http.CacheControl
 637:            42           1008  org.springframework.util.AntPathMatcher$AntPathStringMatcher
 638:            21           1008  sun.util.locale.provider.LocaleResources$ResourceReference
 639:            25           1000  java.util.HashMap$ValueIterator
 640:            25           1000  sun.security.ssl.SupportedEllipticCurvesExtension$NamedEllipticCurve
 641:            62            992  com.zeroturnaround.javarebel.gwx
 642:            62            992  com.zeroturnaround.javarebel.gwy
 643:            62            992  com.zeroturnaround.javarebel.gxd
 644:            61            976  java.util.concurrent.CopyOnWriteArraySet
 645:            23            968  [Lorg.apache.catalina.core.ApplicationFilterConfig;
 646:            60            960  com.zeroturnaround.javarebel.gvc
 647:            30            960  java.security.Provider$EngineDescription
 648:            24            960  org.apache.tomcat.websocket.MessagePart
 649:            24            960  org.springframework.beans.factory.support.DisposableBeanAdapter
 650:            40            952  [Ljava.security.cert.Certificate;
 651:            39            936  org.apache.tomcat.util.collections.CaseInsensitiveKeyMap$Key
 652:            29            928  java.io.ObjectStreamClass$WeakClassKey
 653:            10            912  [D
 654:            19            912  [[Lorg.zeroturnaround.bundled.javassist.bytecode.ConstInfo;
 655:            38            912  org.springframework.messaging.simp.SimpAttributes
 656:            57            912  org.springframework.web.servlet.mvc.condition.ProducesRequestCondition$$Lambda$448/639656986
 657:            57            912  org.springframework.web.servlet.mvc.method.RequestMappingInfoHandlerMapping$PartialMatchHelper
 658:            19            912  sun.management.DiagnosticCommandInfo
 659:            14            896  [Lorg.apache.tomcat.util.http.MimeHeaderField;
 660:            28            896  com.fasterxml.jackson.databind.DeserializationFeature
 661:            16            896  com.fasterxml.jackson.databind.type.CollectionType
 662:            16            896  java.util.concurrent.ConcurrentHashMap$ValueIterator
 663:            16            896  org.springframework.validation.support.BindingAwareModelMap
 664:            16            896  sun.nio.cs.ISO_8859_1$Encoder
 665:            16            896  sun.security.util.MemoryCache$SoftCacheEntry
 666:            22            880  com.sun.jmx.mbeanserver.MXBeanSupport
 667:            36            864  com.sun.org.apache.xerces.internal.util.XMLStringBuffer
 668:            54            864  com.sun.proxy.$Proxy6
 669:            36            864  com.zeroturnaround.javarebel.gly
 670:            18            864  java.util.EnumMap
 671:            36            864  org.zeroturnaround.javarebel.integration.util.WeakUtil$1
 672:            18            864  sun.nio.cs.StreamEncoder
 673:            35            840  com.fasterxml.jackson.core.io.JsonStringEncoder
 674:            15            840  javax.management.openmbean.ArrayType
 675:            26            832  com.fasterxml.jackson.databind.MapperFeature
 676:            26            832  com.fasterxml.jackson.databind.type.TypeBindings
 677:            26            832  org.hibernate.validator.internal.engine.valueextraction.ValueExtractorDescriptor
 678:            45            816  [Ljavax.management.MBeanNotificationInfo;
 679:            34            816  java.net.Inet4Address
 680:             5            800  [Ljava.lang.Thread;
 681:            25            800  com.fasterxml.jackson.core.io.SerializedString
 682:            33            792  com.zeroturnaround.javarebel.ur
 683:            33            792  java.io.InputStreamReader
 684:            33            792  org.springframework.beans.factory.config.ConstructorArgumentValues
 685:             7            784  org.apache.coyote.Response
 686:             2            784  org.springframework.boot.devtools.restart.Restarter$LeakSafeThread
 687:            14            784  org.springframework.web.util.UriComponentsBuilder
 688:            14            784  sun.security.x509.X509CertInfo
 689:             8            768  [Lcom.sun.org.apache.xerces.internal.xni.QName;
 690:            24            768  com.fasterxml.jackson.databind.introspect.AnnotatedField
 691:            32            768  com.sun.jmx.mbeanserver.DefaultMXBeanMappingFactory$IdentityMapping
 692:            16            768  com.sun.org.apache.xerces.internal.util.XMLAttributesImpl$Attribute
 693:            48            768  java.util.regex.Pattern$BranchConn
 694:            16            768  org.springframework.web.method.support.ModelAndViewContainer
 695:            24            768  org.springframework.web.servlet.handler.AbstractHandlerMethodMapping$MappingRegistration
 696:            24            768  sun.security.x509.OIDMap$OIDInfo
 697:            23            760  [Lorg.apache.tomcat.websocket.WsRemoteEndpointImplBase$State;
 698:            31            744  com.sun.org.apache.xerces.internal.xni.XMLString
 699:            31            744  com.zeroturnaround.javarebel.guf
 700:            31            744  java.util.concurrent.ConcurrentHashMap$KeySetView
 701:            31            744  java.util.regex.Pattern$5
 702:            31            744  org.springframework.boot.devtools.filewatch.FolderSnapshot
 703:            31            744  org.springframework.core.convert.support.GenericConversionService$ConverterCacheKey
 704:            23            736  com.fasterxml.jackson.databind.SerializationFeature
 705:            23            736  com.sun.jmx.mbeanserver.WeakIdentityHashMap$IdentityWeakReference
 706:            46            736  java.util.regex.Pattern$Dot
 707:            23            736  org.springframework.http.server.ServletServerHttpRequest
 708:            44            728  [Ljavax.management.MBeanConstructorInfo;
 709:            13            728  java.lang.invoke.LambdaFormEditor$Transform
 710:             7            728  org.apache.coyote.http11.Http11Processor
 711:             5            720  [Lcom.fasterxml.jackson.core.sym.CharsToNameCanonicalizer$Bucket;
 712:             9            720  [Lcom.zeroturnaround.javarebel.avx;
 713:             5            720  [Ljava.beans.MethodDescriptor;
 714:            30            720  com.alibaba.fastjson.serializer.SerializerFeature
 715:             9            720  com.zeroturnaround.javarebel.gdq
 716:            15            720  java.lang.management.PlatformComponent
 717:            45            720  java.util.concurrent.atomic.AtomicReference
 718:            30            720  java.util.regex.Pattern$7
 719:            30            720  org.apache.tomcat.util.res.StringManager
 720:            18            720  org.hibernate.validator.internal.metadata.aggregated.CascadingMetaDataBuilder
 721:            30            720  org.jboss.logging.Log4j2Logger
 722:            22            704  java.util.Locale
 723:            11            704  sun.nio.cs.ext.DoubleByte$Encoder
 724:            43            688  java.net.InetSocketAddress
 725:            17            680  java.util.concurrent.LinkedBlockingDeque
 726:            17            680  org.springframework.util.AntPathMatcher
 727:            12            672  com.fasterxml.jackson.databind.introspect.POJOPropertyBuilder
 728:            28            672  com.zeroturnaround.javarebel.gue
 729:            42            672  com.zeroturnaround.javarebel.hac
 730:            21            672  java.util.PropertyPermission
 731:            28            672  java.util.concurrent.ConcurrentLinkedQueue$Node
 732:            14            672  java.util.concurrent.LinkedBlockingQueue
 733:            12            672  java.util.zip.Deflater
 734:            14            672  org.springframework.web.util.HierarchicalUriComponents
 735:            12            672  sun.security.ssl.CipherSuite$BulkCipher
 736:            21            672  sun.util.locale.BaseLocale
 737:             9            648  com.zeroturnaround.javarebel.ggp
 738:            27            648  java.util.regex.Pattern$1
 739:            12            640  [Lcom.alibaba.fastjson.serializer.FieldSerializer;
 740:            12            640  [Lcom.alibaba.fastjson.util.FieldInfo;
 741:            40            640  com.sun.proxy.$Proxy51
 742:            16            640  java.util.IdentityHashMap
 743:            40            640  org.springframework.web.servlet.mvc.condition.RequestConditionHolder
 744:            20            640  org.zeroturnaround.javarebel.reporting.MessageType
 745:            16            640  sun.misc.FloatingDecimal$BinaryToASCIIBuffer
 746:            20            640  sun.security.x509.URIName
 747:             3            624  [Ljava.lang.invoke.LambdaForm;
 748:            13            624  com.fasterxml.jackson.core.JsonToken
 749:            13            624  com.fasterxml.jackson.core.json.JsonWriteContext
 750:            26            624  java.security.spec.ECFieldF2m
 751:            26            624  java.time.Duration
 752:            39            624  java.util.regex.Pattern$CharPropertyNames$1
 753:            26            624  org.hibernate.validator.internal.engine.valueextraction.ValueExtractorDescriptor$Key
 754:             7            616  com.alibaba.fastjson.serializer.JSONSerializer
 755:            11            616  com.fasterxml.jackson.databind.cfg.BaseSettings
 756:             7            616  org.apache.coyote.RequestInfo
 757:             7            616  org.apache.coyote.http11.Http11InputBuffer
 758:            19            608  org.zeroturnaround.bundled.javassist.bytecode.ConstPool
 759:            19            608  sun.management.DiagnosticCommandImpl$Wrapper
 760:            15            600  com.sun.jmx.mbeanserver.PerInterface
 761:            25            600  com.sun.jmx.mbeanserver.PerInterface$MethodAndSig
 762:            25            600  com.zeroturnaround.jrebel.bundled.org.apache.commons.logging.impl.SLF4JLog
 763:            15            600  java.lang.invoke.DirectMethodHandle$Accessor
 764:            15            600  org.apache.tomcat.util.buf.Utf8Decoder
 765:            25            600  sun.nio.cs.CharsetMapping$Entry
 766:             9            576  com.zeroturnaround.javarebel.axz
 767:             8            576  org.apache.catalina.core.ApplicationHttpRequest
 768:            18            576  org.apache.tomcat.util.http.NamesEnumerator
 769:             4            576  org.apache.tomcat.websocket.WsSession
 770:            12            576  org.hibernate.validator.internal.metadata.raw.ConstrainedExecutable
 771:            18            576  org.springframework.context.event.AbstractApplicationEventMulticaster$ListenerRetriever
 772:            24            576  org.springframework.web.util.UrlPathHelper
 773:            18            576  org.zeroturnaround.jrebel.stats.id.container.ServerType
 774:            10            560  com.fasterxml.jackson.databind.type.MapType
 775:            14            560  javax.management.openmbean.SimpleType
 776:            14            560  org.apache.tomcat.util.http.ServerCookie
 777:            14            560  org.springframework.beans.propertyeditors.CustomNumberEditor
 778:             7            560  org.springframework.web.servlet.mvc.method.annotation.ExtendedServletRequestDataBinder
 779:            10            560  sun.invoke.util.Wrapper
 780:            10            560  sun.security.provider.SHA
 781:             4            552  [Ljava.util.concurrent.RunnableScheduledFuture;
 782:            23            552  com.alibaba.fastjson.parser.Feature
 783:            23            552  java.util.regex.Pattern$CharProperty$1
 784:             2            544  [Ljava.lang.Character;
 785:            17            544  com.sun.org.apache.xerces.internal.util.AugmentationsImpl$SmallContainer
 786:            17            544  java.lang.ConditionalSpecialCasing$Entry
 787:            34            544  java.time.format.DateTimeFormatterBuilder$CharLiteralPrinterParser
 788:            17            544  org.springframework.core.annotation.DefaultAnnotationAttributeExtractor
 789:             1            536  org.springframework.boot.web.embedded.tomcat.TomcatEmbeddedContext
 790:            22            528  com.zeroturnaround.licensing.b
 791:            22            528  java.io.ObjectStreamClass$ClassDataSlot
 792:            22            528  java.util.regex.Pattern$Ques
 793:            13            520  java.lang.invoke.MethodHandleImpl$IntrinsicMethodHandle
 794:            13            520  sun.nio.ch.SocketAdaptor
 795:             8            512  java.security.SecureRandom
 796:            16            512  java.time.temporal.ChronoUnit
 797:            16            512  org.apache.catalina.core.ApplicationMapping$MappingImpl
 798:             8            512  org.springframework.beans.factory.support.DefaultListableBeanFactory$NestedDependencyDescriptor
 799:            16            512  org.springframework.web.servlet.mvc.method.annotation.RequestMappingHandlerAdapter$$Lambda$440/161765989
 800:            32            512  org.zeroturnaround.javarebel.integration.util.MiscUtil$2
 801:            16            512  org.zeroturnaround.javarebel.support.URLResource
 802:             8            512  sun.nio.ch.FileChannelImpl
 803:            16            512  sun.security.ssl.CipherSuite$KeyExchange
 804:            21            504  java.util.AbstractMap$SimpleImmutableEntry
 805:             7            504  java.util.concurrent.ThreadPoolExecutor
 806:             9            504  javax.management.openmbean.CompositeType
 807:             9            504  javax.management.openmbean.OpenMBeanParameterInfoSupport
 808:             7            504  org.apache.catalina.connector.InputBuffer
 809:             7            504  org.apache.tomcat.util.http.Parameters
 810:            21            504  org.springframework.core.convert.support.GenericConversionService$ConverterFactoryAdapter
 811:             9            504  sun.nio.cs.ext.DoubleByte$Decoder
 812:            21            504  sun.security.x509.AVAKeyword
 813:            31            496  com.sun.proxy.$Proxy43
 814:            31            496  com.sun.proxy.$Proxy60
 815:            31            496  java.lang.Boolean
 816:            31            496  org.springframework.core.SerializableTypeWrapper$TypeProxyInvocationHandler
 817:            31            496  sun.reflect.generics.tree.ArrayTypeSignature
 818:            25            488  [Lorg.springframework.core.MethodParameter;
 819:            19            488  [Lsun.management.DiagnosticCommandArgumentInfo;
 820:            12            480  ch.qos.logback.core.status.InfoStatus
 821:             5            480  com.fasterxml.jackson.core.json.UTF8JsonGenerator
 822:             6            480  com.sun.org.apache.xalan.internal.xsltc.trax.TransformerFactoryImpl
 823:            12            480  java.io.ObjectStreamClass$FieldReflector
 824:            12            480  java.io.ObjectStreamClass$FieldReflectorKey
 825:            15            480  java.lang.StringCoding$StringDecoder
 826:            15            480  java.util.concurrent.ConcurrentHashMap$ForwardingNode
 827:            15            480  org.apache.catalina.core.ApplicationFilterChain
 828:             2            480  org.apache.catalina.core.StandardWrapper
 829:            10            480  org.apache.catalina.util.Extension
 830:            30            480  org.apache.logging.log4j.message.MessageFormatMessageFactory
 831:             4            480  org.apache.tomcat.websocket.server.WsRemoteEndpointImplServer
 832:            15            480  org.springframework.messaging.simp.stomp.StompCommand
 833:            20            480  org.zeroturnaround.javarebel.reporting.MessageType$Strategy
 834:            20            480  sun.nio.ch.SocketOptionRegistry$RegistryKey
 835:            29            464  com.sun.proxy.$Proxy5
 836:            29            464  com.zeroturnaround.javarebel.fj
 837:            29            464  org.hibernate.validator.internal.util.logging.Log_$logger
 838:             6            456  [Lsun.invoke.util.Wrapper;
 839:            19            456  java.lang.invoke.Invokers
 840:            19            456  java.util.BitSet
 841:            19            456  org.springframework.context.support.MessageSourceAccessor
 842:            19            456  org.springframework.web.method.support.HandlerMethodArgumentResolverComposite
 843:            19            456  org.springframework.web.socket.config.annotation.DelegatingWebSocketMessageBrokerConfiguration$$EnhancerBySpringCGLIB$$151c7e11$$FastClassBySpringCGLIB$$d316366f
 844:            19            456  org.zeroturnaround.bundled.javassist.bytecode.ConstantAttribute
 845:            19            456  org.zeroturnaround.bundled.javassist.bytecode.LongVector
 846:            19            456  org.zeroturnaround.bundled.javassist.bytecode.SourceFileAttribute
 847:            19            456  org.zeroturnaround.javarebel.IDENotifications$IDENotificationType
 848:            14            448  [Lorg.apache.coyote.http11.InputFilter;
 849:            14            448  [Lorg.apache.coyote.http11.OutputFilter;
 850:             7            448  com.alibaba.fastjson.serializer.SerializeWriter
 851:            14            448  com.fasterxml.jackson.core.JsonParser$Feature
 852:            28            448  com.sun.proxy.$Proxy37
 853:            28            448  com.zeroturnaround.javarebel.gzr
 854:             7            448  org.apache.catalina.connector.OutputBuffer
 855:             7            448  org.apache.catalina.connector.Response
 856:             7            448  org.apache.coyote.http11.filters.ChunkedInputFilter
 857:             4            448  org.apache.tomcat.websocket.server.WsFrameServer
 858:             8            448  org.springframework.context.annotation.CommonAnnotationBeanPostProcessor$ResourceElement
 859:            28            448  org.springframework.core.convert.support.ObjectToStringConverter
 860:             8            448  org.springframework.ui.ModelMap
 861:            14            448  sun.security.util.MemoryCache
 862:             5            440  [[I
 863:            11            440  org.apache.tomcat.util.log.UserDataHelper
 864:            11            440  sun.security.rsa.RSAPublicKeyImpl
 865:            11            440  sun.security.x509.AuthorityKeyIdentifierExtension
 866:             1            432  [[[C
 867:             6            432  com.fasterxml.jackson.databind.introspect.POJOPropertiesCollector
 868:            27            432  com.sun.proxy.$Proxy66
 869:            18            432  java.io.OutputStreamWriter
 870:            27            432  java.security.spec.ECFieldFp
 871:            18            432  java.text.DateFormat$Field
 872:            18            432  org.springframework.format.datetime.standard.TemporalAccessorParser
 873:            18            432  org.springframework.web.socket.CloseStatus
 874:             9            432  org.zeroturnaround.bundled.javassist.CtPrimitiveType
 875:            18            432  sun.misc.MetaIndex
 876:             1            424  [Lcom.sun.org.apache.xerces.internal.util.SymbolTable$Entry;
 877:            13            416  java.lang.invoke.SimpleMethodHandle
 878:            13            416  java.net.Socket
 879:            13            416  java.security.AlgorithmParameters
 880:            17            408  com.sun.org.apache.xerces.internal.util.SymbolTable$Entry
 881:            17            408  java.util.concurrent.Executors$RunnableAdapter
 882:            17            408  org.springframework.boot.ansi.AnsiColor
 883:            17            408  org.springframework.boot.autoconfigure.web.servlet.WebMvcAutoConfiguration$EnableWebMvcConfiguration$$EnhancerBySpringCGLIB$$8f1f0dbe$$FastClassBySpringCGLIB$$391e50d8
 884:            17            408  org.springframework.core.annotation.SynthesizedAnnotationInvocationHandler
 885:            17            408  org.springframework.util.AntPathMatcher$PathSeparatorPatternCache
 886:            17            408  org.springframework.web.servlet.mvc.method.annotation.ServletRequestDataBinderFactory
 887:             5            400  com.fasterxml.jackson.databind.DeserializationConfig
 888:             5            400  com.fasterxml.jackson.databind.SerializationConfig
 889:            25            400  com.sun.proxy.$Proxy8
 890:            25            400  java.nio.channels.spi.AbstractInterruptibleChannel$1
 891:            10            400  javax.crypto.CryptoPermission
 892:            25            400  org.springframework.core.$Proxy27
 893:            25            400  org.springframework.web.servlet.mvc.condition.ConsumesRequestCondition
 894:            25            400  org.springframework.web.servlet.mvc.condition.HeadersRequestCondition
 895:            25            400  org.springframework.web.servlet.mvc.condition.RequestMethodsRequestCondition
 896:            10            400  sun.nio.cs.ISO_8859_1$Decoder
 897:            10            400  sun.rmi.transport.tcp.TCPEndpoint
 898:             1            392  com.zeroturnaround.javarebel.pb
 899:             1            392  com.zeroturnaround.javarebel.vo
 900:             7            392  org.apache.catalina.connector.CoyoteReader
 901:             7            392  org.apache.coyote.http11.Http11OutputBuffer
 902:             1            392  org.apache.tomcat.util.net.NioBlockingSelector$BlockPoller
 903:            12            384  [Lcom.fasterxml.jackson.databind.ser.BeanPropertyWriter;
 904:            16            384  com.fasterxml.jackson.databind.PropertyName
 905:             1            384  com.intellij.rt.execution.application.AppMainV2$1
 906:            24            384  com.sun.proxy.$Proxy24
 907:             1            384  com.zeroturnaround.javarebel.aas
 908:             1            384  com.zeroturnaround.javarebel.adk
 909:             1            384  com.zeroturnaround.javarebel.bd
 910:             1            384  com.zeroturnaround.javarebel.bu
 911:             1            384  com.zeroturnaround.javarebel.cc
 912:             1            384  com.zeroturnaround.javarebel.cd
 913:             8            384  com.zeroturnaround.javarebel.geo
 914:             1            384  com.zeroturnaround.javarebel.oh
 915:             1            384  java.lang.ref.Finalizer$FinalizerThread
 916:             8            384  java.net.SocketInputStream
 917:            12            384  java.security.MessageDigest$Delegate
 918:             1            384  java.util.logging.LogManager$Cleaner
 919:            12            384  org.apache.catalina.LifecycleState
 920:             8            384  org.apache.catalina.core.ApplicationDispatcher
 921:             8            384  org.springframework.beans.PropertyValue
 922:             8            384  org.springframework.beans.SimpleTypeConverter
 923:            12            384  org.springframework.boot.context.properties.source.SpringIterableConfigurationPropertySource
 924:             1            384  org.springframework.boot.web.embedded.tomcat.TomcatWebServer$1
 925:             1            384  org.springframework.context.support.AbstractApplicationContext$1
 926:            16            384  org.springframework.messaging.simp.config.AbstractMessageBrokerConfiguration$$FastClassBySpringCGLIB$$aaa385a0
 927:            16            384  org.springframework.web.method.annotation.ModelFactory
 928:            16            384  org.springframework.web.servlet.handler.AbstractHandlerMethodMapping$Match
 929:            16            384  org.springframework.web.servlet.handler.AbstractHandlerMethodMapping$MatchComparator
 930:            24            384  org.springframework.web.servlet.mvc.condition.ParamsRequestCondition
 931:            16            384  org.springframework.web.servlet.mvc.method.annotation.RequestMappingHandlerAdapter$$Lambda$439/206922740
 932:             6            384  org.springframework.web.servlet.view.InternalResourceView
 933:            16            384  org.zeroturnaround.javarebel.integration.support.AvoidDuplicatePatchingCBP
 934:            16            384  sun.nio.ch.OptionKey
 935:             3            384  sun.nio.ch.WindowsSelectorImpl
 936:            16            384  sun.nio.cs.Surrogate$Parser
 937:            24            384  sun.security.x509.GeneralName
 938:             7            376  [Lcom.sun.org.apache.xalan.internal.utils.XMLSecurityManager$State;
 939:             1            376  com.zeroturnaround.javarebel.an
 940:             1            376  com.zeroturnaround.javarebel.be
 941:             1            376  com.zeroturnaround.javarebel.gl
 942:             1            376  com.zeroturnaround.javarebel.uw
 943:             1            376  com.zeroturnaround.reload.b
 944:             1            376  com.zeroturnaround.reload.t
 945:             1            376  java.lang.ref.Reference$ReferenceHandler
 946:            12            368  [Ljava.net.InetAddress;
 947:            23            368  sun.security.x509.DNSName
 948:             9            360  com.sun.org.apache.xalan.internal.utils.XMLSecurityManager$Limit
 949:             9            360  com.sun.org.apache.xerces.internal.utils.XMLSecurityManager$Limit
 950:             9            360  java.lang.ClassLoader$NativeLibrary
 951:             9            360  java.lang.invoke.DirectMethodHandle$Constructor
 952:            15            360  java.net.InetAddress
 953:            15            360  java.util.concurrent.locks.ReentrantReadWriteLock$Sync$HoldCounter
 954:            15            360  javax.management.StandardMBean
 955:            15            360  javax.websocket.CloseReason$CloseCodes
 956:            15            360  org.apache.catalina.LifecycleEvent
 957:            15            360  org.apache.catalina.core.ApplicationMapping
 958:            15            360  org.springframework.web.method.annotation.SessionAttributesHandler$$Lambda$443/1742892465
 959:             9            360  sun.nio.ch.SelectionKeyImpl
 960:            11            352  com.fasterxml.jackson.databind.introspect.AnnotatedConstructor
 961:             1            352  com.sun.org.apache.xerces.internal.impl.XMLNSDocumentScannerImpl
 962:            11            352  com.zeroturnaround.javarebel.bga
 963:            11            352  java.io.DataOutputStream
 964:            22            352  org.springframework.core.DefaultParameterNameDiscoverer
 965:            22            352  org.springframework.core.LocalVariableTableParameterNameDiscoverer
 966:            22            352  org.springframework.core.StandardReflectionParameterNameDiscoverer
 967:             4            352  org.springframework.web.socket.sockjs.transport.session.WebSocketServerSockJsSession
 968:            22            352  org.zeroturnaround.javarebel.integration.util.MonitorUtil$MonitorHolder
 969:            11            352  sun.reflect.generics.repository.ConstructorRepository
 970:            11            352  sun.security.ssl.SignatureAndHashAlgorithm
 971:            22            352  sun.security.x509.KeyIdentifier
 972:            11            352  sun.security.x509.SubjectKeyIdentifierExtension
 973:             1            344  com.sun.org.apache.xerces.internal.impl.XMLDocumentScannerImpl
 974:            13            336  [Ljava.io.ObjectStreamClass$ClassDataSlot;
 975:            14            336  ch.qos.logback.core.spi.ContextAwareBase
 976:            21            336  com.fasterxml.jackson.databind.ser.std.ToStringSerializer
 977:            14            336  com.fasterxml.jackson.databind.type.TypeBindings$AsKey
 978:             7            336  com.sun.jmx.mbeanserver.DefaultMXBeanMappingFactory$CompositeMapping
 979:            21            336  com.sun.proxy.$Proxy26
 980:            14            336  java.lang.invoke.LambdaFormEditor$Transform$Kind
 981:             7            336  java.net.SocketOutputStream
 982:             6            336  java.nio.DirectLongBufferU
 983:            14            336  org.apache.tomcat.util.http.MimeHeaders
 984:            21            336  org.springframework.boot.autoconfigure.condition.OnPropertyCondition
 985:            14            336  org.springframework.boot.context.properties.source.SpringConfigurationPropertySource$DelegatingPropertyMapper
 986:             6            336  org.springframework.core.ResolvableType$1
 987:            14            336  org.springframework.scheduling.support.DelegatingErrorHandlingRunnable
 988:             3            336  org.springframework.web.servlet.resource.ResourceHttpRequestHandler
 989:             6            336  sun.management.MemoryPoolImpl
 990:            14            336  sun.security.util.BitArray
 991:            14            336  sun.security.util.Cache$EqualByteArray
 992:            14            336  sun.security.x509.CertificateValidity
 993:            13            328  [Lcom.sun.org.apache.xalan.internal.utils.FeaturePropertyBase$State;
 994:            16            328  [Ljava.lang.management.PlatformComponent;
 995:            10            320  [Ljava.nio.channels.SelectionKey;
 996:             4            320  [Lorg.hibernate.validator.internal.util.ConcurrentReferenceHashMap$Segment;
 997:            10            320  com.fasterxml.jackson.core.JsonGenerator$Feature
 998:             5            320  com.fasterxml.jackson.core.sym.ByteQuadsCanonicalizer
 999:             5            320  com.fasterxml.jackson.databind.ObjectMapper
1000:             8            320  com.fasterxml.jackson.databind.ObjectWriter
1001:             5            320  com.fasterxml.jackson.datatype.jsr310.JavaTimeModule
1002:            20            320  com.sun.proxy.$Proxy31
1003:            20            320  com.sun.proxy.$Proxy58
1004:            10            320  com.zeroturnaround.javarebel.fxo
1005:            10            320  java.lang.OutOfMemoryError
1006:             8            320  org.apache.catalina.core.ApplicationDispatcher$State
1007:            10            320  sun.security.jca.ProviderConfig
1008:             8            320  sun.security.ssl.SignatureAndHashAlgorithm$HashAlgorithm
1009:            10            320  sun.security.util.DisabledAlgorithmConstraints$KeySizeConstraint
1010:            10            320  sun.security.x509.BasicConstraintsExtension
1011:            15            312  [Lorg.apache.catalina.Container;
1012:            13            312  java.lang.management.ManagementPermission
1013:            13            312  java.util.regex.Pattern$TreeInfo
1014:            13            312  org.apache.coyote.AsyncStateMachine$AsyncState
1015:            13            312  org.springframework.beans.factory.config.BeanExpressionContext
1016:            13            312  org.springframework.boot.context.properties.source.SpringIterableConfigurationPropertySource$Cache
1017:            13            312  org.springframework.web.socket.sockjs.frame.SockJsFrame
1018:            13            312  org.springframework.web.socket.sockjs.transport.session.AbstractSockJsSession$HeartbeatTask
1019:            13            312  sun.security.ssl.ExtensionType
1020:            13            312  sun.security.x509.AccessDescription
1021:            19            304  com.sun.proxy.$Proxy62
1022:             9            288  [Ljava.lang.invoke.LambdaForm$BasicType;
1023:             1            288  [Lorg.springframework.http.HttpStatus;
1024:            12            288  ch.qos.logback.core.pattern.LiteralConverter
1025:             9            288  com.alibaba.fastjson.asm.Type
1026:             9            288  com.fasterxml.classmate.types.ResolvedPrimitiveType
1027:            12            288  com.fasterxml.jackson.databind.util.LRUMap
1028:            12            288  com.sun.jmx.remote.util.ClassLogger
1029:            18            288  com.sun.proxy.$Proxy35
1030:            18            288  com.sun.proxy.$Proxy50
1031:            12            288  com.zeroturnaround.javarebel.byk
1032:            12            288  java.beans.PropertyChangeSupport
1033:             9            288  java.util.logging.Level
1034:            18            288  java.util.regex.Pattern$CharPropertyNames$4
1035:             9            288  jdk.internal.org.objectweb.asm.Type
1036:            12            288  org.springframework.core.io.DefaultResourceLoader
1037:            18            288  org.springframework.format.datetime.standard.TemporalAccessorPrinter
1038:             3            288  org.springframework.scheduling.concurrent.ThreadPoolTaskExecutor
1039:            12            288  org.springframework.web.method.annotation.AbstractNamedValueMethodArgumentResolver$NamedValueInfo
1040:            12            288  org.springframework.web.servlet.config.annotation.WebMvcConfigurationSupport$$FastClassBySpringCGLIB$$69f69f7c
1041:            12            288  org.springframework.web.servlet.handler.AbstractHandlerMapping$CorsInterceptor
1042:            12            288  org.zeroturnaround.bundled.javassist.bytecode.IntegerInfo
1043:             9            288  sun.nio.ch.WindowsSelectorImpl$MapEntry
1044:             9            288  sun.security.provider.SecureRandom
1045:             9            288  sun.security.x509.KeyUsageExtension
1046:             7            280  [Ljava.lang.invoke.BoundMethodHandle$SpeciesData;
1047:             5            280  com.fasterxml.jackson.databind.MappingJsonFactory
1048:             7            280  java.lang.invoke.BoundMethodHandle$Species_LL
1049:             7            280  org.apache.coyote.AsyncStateMachine
1050:             7            280  org.apache.coyote.http11.filters.ChunkedOutputFilter
1051:             7            280  org.apache.coyote.http11.filters.IdentityInputFilter
1052:             7            280  org.springframework.boot.logging.logback.ColorConverter
1053:             7            280  org.springframework.core.io.ResourceEditor
1054:            17            272  com.sun.org.apache.xerces.internal.util.AugmentationsImpl
1055:            17            272  java.util.TreeSet
1056:             9            264  [Lcom.alibaba.fastjson.serializer.SerializerFeature;
1057:            11            264  com.zeroturnaround.javarebel.cly
1058:            11            264  com.zeroturnaround.javarebel.xp
1059:            11            264  com.zeroturnaround.jrebel.bundled.org.bouncycastle.jcajce.provider.asymmetric.ec.KeyFactorySpi$EC
1060:            11            264  java.net.StandardSocketOptions$StdSocketOption
1061:             3            264  java.util.jar.JarVerifier
1062:            11            264  org.apache.tomcat.util.net.WriteBuffer
1063:            11            264  org.zeroturnaround.javarebel.reporting.stats.repository.DailyFieldId
1064:            11            264  sun.reflect.annotation.TypeAnnotation$TypeAnnotationTarget
1065:            11            264  sun.reflect.generics.scope.ConstructorScope
1066:            11            264  sun.security.x509.CertificateExtensions
1067:             2            256  [Lcom.fasterxml.jackson.databind.DeserializationFeature;
1068:            11            256  [Lcom.fasterxml.jackson.databind.ser.Serializers;
1069:             8            256  [Ljava.text.SimpleDateFormat;
1070:             4            256  com.fasterxml.jackson.databind.ser.std.MapSerializer
1071:             4            256  com.sun.crypto.provider.GHASH
1072:             8            256  java.io.RandomAccessFile
1073:             8            256  java.lang.ProcessBuilder
1074:            16            256  java.util.Formatter$Flags
1075:             8            256  java.util.Random
1076:             8            256  javax.management.MBeanNotificationInfo
1077:             8            256  org.apache.tomcat.util.net.NioChannel
1078:             4            256  org.springframework.beans.factory.config.DependencyDescriptor
1079:             8            256  org.springframework.beans.factory.support.DefaultListableBeanFactory$DependencyObjectProvider
1080:            16            256  org.springframework.http.HttpHeaders
1081:            16            256  org.springframework.ui.ModelMap$$Lambda$441/2008844861
1082:            16            256  org.springframework.web.bind.support.SimpleSessionStatus
1083:            16            256  org.springframework.web.context.request.async.WebAsyncManager$$Lambda$442/967570750
1084:             8            256  org.springframework.web.servlet.ModelAndView
1085:            16            256  org.springframework.web.servlet.mvc.method.RequestMappingInfoHandlerMapping$$Lambda$438/121091984
1086:             8            256  org.zeroturnaround.javarebel.preferences.PreferencesTransaction$1
1087:             8            256  sun.misc.ProxyGenerator$PrimitiveTypeInfo
1088:             8            248  [Ljava.lang.invoke.LambdaForm$NamedFunction;
1089:             6            240  [Lcom.fasterxml.jackson.core.JsonEncoding;
1090:             2            240  [Lcom.fasterxml.jackson.databind.MapperFeature;
1091:             6            240  [Lcom.zeroturnaround.javarebel.bop;
1092:             5            240  [Ljava.beans.PropertyDescriptor;
1093:             6            240  [Ljava.util.Formatter$Flags;
1094:             2            240  [Lsun.nio.cs.CharsetMapping$Entry;
1095:             6            240  com.alibaba.fastjson.serializer.SerializeBeanInfo
1096:            10            240  com.fasterxml.classmate.util.ClassKey
1097:            10            240  com.fasterxml.jackson.annotation.JsonFormat$Shape
1098:            10            240  com.fasterxml.jackson.core.util.BufferRecycler
1099:            10            240  com.fasterxml.jackson.databind.module.SimpleSerializers
1100:             5            240  com.fasterxml.jackson.databind.ser.BeanSerializer
1101:            10            240  com.sun.org.apache.xerces.internal.impl.XMLScanner$NameType
1102:            15            240  com.sun.proxy.$Proxy40
1103:             3            240  com.zeroturnaround.javarebel.gdt
1104:             5            240  java.beans.BeanDescriptor
1105:            10            240  java.lang.annotation.ElementType
1106:             6            240  java.lang.invoke.BoundMethodHandle$SpeciesData
1107:            10            240  java.security.CryptoPrimitive
1108:             6            240  java.util.Formatter$FormatSpecifier
1109:            15            240  java.util.TreeMap$KeySet
1110:             3            240  java.util.concurrent.ScheduledThreadPoolExecutor
1111:            10            240  org.apache.catalina.core.ApplicationContext$DispatchData
1112:             5            240  org.apache.tomcat.util.descriptor.web.FilterDef
1113:             3            240  org.apache.tomcat.websocket.server.WsHttpUpgradeHandler
1114:             1            240  org.springframework.beans.factory.support.DefaultListableBeanFactory
1115:            10            240  org.springframework.boot.autoconfigure.cache.CacheType
1116:            10            240  org.springframework.boot.autoconfigure.condition.OnWebApplicationCondition
1117:            15            240  org.springframework.core.MethodParameter$$Lambda$129/2120063568
1118:            10            240  org.springframework.util.unit.DataSize
1119:             6            240  org.springframework.web.accept.PathExtensionContentNegotiationStrategy
1120:             6            240  sun.management.MemoryPoolImpl$CollectionSensor
1121:             6            240  sun.management.MemoryPoolImpl$PoolSensor
1122:            10            240  sun.rmi.runtime.Log$LoggerLog
1123:            10            240  sun.security.x509.PolicyInformation
1124:             8            232  [Ljava.lang.Boolean;
1125:             4            232  [[Ljava.lang.String;
1126:             2            224  [Lcom.fasterxml.jackson.databind.SerializationFeature;
1127:             7            224  [Lorg.apache.tomcat.util.http.ServerCookie;
1128:             7            224  com.alibaba.fastjson.serializer.SerialContext
1129:             7            224  com.fasterxml.jackson.core.util.ByteArrayBuilder
1130:            14            224  com.sun.proxy.$Proxy38
1131:             4            224  com.zeroturnaround.javarebel.brh
1132:            14            224  java.rmi.server.Operation
1133:             7            224  java.rmi.server.UID
1134:            14            224  java.util.Optional
1135:            14            224  java.util.concurrent.ConcurrentHashMap$EntrySetView
1136:             4            224  javax.management.openmbean.OpenMBeanOperationInfoSupport
1137:             7            224  org.apache.coyote.http11.Http11InputBuffer$HeaderParseData
1138:             7            224  org.apache.coyote.http11.filters.BufferedInputFilter
1139:             7            224  org.apache.coyote.http11.filters.IdentityOutputFilter
1140:             7            224  org.apache.tomcat.util.buf.B2CConverter
1141:             7            224  org.apache.tomcat.util.buf.UEncoder
1142:             7            224  org.apache.tomcat.util.digester.ObjectCreateRule
1143:             7            224  org.apache.tomcat.util.digester.SetNextRule
1144:             7            224  org.apache.tomcat.util.http.parser.HttpParser$DomainParseState
1145:             4            224  org.apache.tomcat.websocket.PerMessageDeflate
1146:             7            224  org.springframework.boot.convert.DurationStyle$Unit
1147:             7            224  org.springframework.messaging.simp.broker.SimpleBrokerMessageHandler$$Lambda$472/707873527
1148:            14            224  org.springframework.util.CollectionUtils$$Lambda$357/1915259704
1149:             4            224  org.springframework.web.socket.adapter.standard.StandardWebSocketSession
1150:            14            224  org.springframework.web.util.UriComponentsBuilder$CompositePathComponentBuilder
1151:             4            224  sun.rmi.transport.Target
1152:             7            224  sun.security.x509.AuthorityInfoAccessExtension
1153:             7            224  sun.security.x509.CRLDistributionPointsExtension
1154:            14            224  sun.security.x509.CertificateAlgorithmId
1155:             7            224  sun.security.x509.CertificatePoliciesExtension
1156:            14            224  sun.security.x509.CertificateSerialNumber
1157:            14            224  sun.security.x509.CertificateVersion
1158:            14            224  sun.security.x509.CertificateX509Key
1159:             7            224  sun.security.x509.DistributionPoint
1160:            14            224  sun.security.x509.SerialNumber
1161:             9            216  [Ljava.net.InetSocketAddress;
1162:             3            216  com.zeroturnaround.javarebel.cdb
1163:             9            216  java.nio.file.attribute.PosixFilePermission
1164:             9            216  java.time.format.DateTimeFormatterBuilder$LocalizedPrinterParser
1165:             9            216  java.util.concurrent.ConcurrentLinkedQueue
1166:             9            216  java.util.logging.Level$KnownLevel
1167:             9            216  org.apache.tomcat.websocket.WsExtension
1168:             9            216  org.apache.tomcat.websocket.WsRemoteEndpointImplBase$State
1169:             9            216  org.springframework.beans.TypeConverterDelegate
1170:             9            216  org.springframework.messaging.simp.SimpMessageType
1171:             9            216  org.zeroturnaround.bundled.javassist.bytecode.InnerClassesAttribute
1172:             9            216  org.zeroturnaround.javarebel.LicenceType
1173:             9            216  sun.util.logging.PlatformLogger$Level
1174:             1            208  com.alibaba.fastjson.serializer.ASMSerializer_2_GcHeapDO
1175:            13            208  com.zeroturnaround.jrebelbase.reflection.t
1176:            13            208  org.apache.tomcat.websocket.WsRemoteEndpointImplBase$BlockingSendHandler
1177:            13            208  org.springframework.boot.context.properties.source.SpringIterableConfigurationPropertySource$CacheKey
1178:             2            208  sun.security.ssl.SSLSessionImpl
1179:             2            200  [Ljava.text.DateFormat$Field;
1180:             5            200  com.fasterxml.jackson.core.sym.ByteQuadsCanonicalizer$TableInfo
1181:             5            200  com.fasterxml.jackson.core.util.DefaultPrettyPrinter
1182:             1            200  com.sun.org.apache.xerces.internal.impl.XMLDTDScannerImpl
1183:             5            200  java.beans.GenericBeanInfo
1184:             5            200  java.io.BufferedWriter
1185:             5            200  java.lang.invoke.MethodHandleImpl$AsVarargsCollector
1186:             5            200  java.util.Collections$SingletonMap
1187:             5            200  java.util.stream.StreamOpFlag
1188:             5            200  org.apache.catalina.core.StandardPipeline
1189:             5            200  org.apache.tomcat.util.descriptor.web.FilterMap
1190:             5            200  sun.nio.ch.FileKey
1191:             9            192  [Ljava.security.CodeSigner;
1192:             1            192  [Lorg.apache.coyote.ActionCode;
1193:             6            192  com.fasterxml.jackson.databind.cfg.DeserializerFactoryConfig
1194:             6            192  com.fasterxml.jackson.databind.type.TypeFactory
1195:             6            192  com.sun.org.apache.xalan.internal.utils.XMLSecurityManager
1196:             1            192  com.sun.org.apache.xerces.internal.parsers.XIncludeAwareParserConfiguration
1197:             8            192  com.zeroturnaround.javarebel.ayv
1198:             8            192  com.zeroturnaround.javarebel.ayw
1199:             8            192  com.zeroturnaround.javarebel.gdk
1200:             6            192  com.zeroturnaround.javarebel.x
1201:             6            192  com.zeroturnaround.jrebel.bundled.org.bouncycastle.jcajce.provider.config.ProviderConfigurationPermission
1202:            12            192  java.beans.PropertyChangeSupport$PropertyChangeListenerMap
1203:             8            192  java.lang.ProcessImpl$2
1204:             6            192  java.lang.invoke.LambdaForm$BasicType
1205:             8            192  java.lang.invoke.MethodHandleImpl$Intrinsic
1206:             8            192  java.math.RoundingMode
1207:             6            192  java.time.format.DateTimeFormatterBuilder$TextPrinterParser
1208:             6            192  java.time.format.TextStyle
1209:             8            192  java.util.Formatter$FixedString
1210:             6            192  java.util.Stack
1211:             4            192  java.util.concurrent.ConcurrentHashMap$TreeBin
1212:             8            192  javax.crypto.CryptoPermissionCollection
1213:             8            192  org.apache.logging.log4j.Level
1214:             8            192  org.apache.logging.log4j.spi.StandardLevel
1215:             4            192  org.apache.tomcat.util.buf.Utf8Encoder
1216:             8            192  org.apache.tomcat.util.http.parser.HttpParser
1217:             8            192  org.apache.tomcat.util.net.AbstractEndpoint$Handler$SocketState
1218:             1            192  org.apache.tomcat.util.net.NioEndpoint
1219:             8            192  org.apache.tomcat.util.net.SocketBufferHandler
1220:             8            192  org.apache.tomcat.websocket.WsExtensionParameter
1221:             4            192  org.hibernate.validator.internal.metadata.raw.ConstrainedParameter
1222:             4            192  org.hibernate.validator.internal.util.ConcurrentReferenceHashMap
1223:             2            192  org.springframework.cglib.proxy.Enhancer
1224:             8            192  org.springframework.core.NamedThreadLocal
1225:             8            192  org.springframework.http.HttpMethod
1226:             6            192  org.springframework.http.converter.ResourceHttpMessageConverter
1227:             6            192  org.springframework.util.PropertyPlaceholderHelper
1228:             8            192  org.springframework.web.bind.annotation.RequestMethod
1229:             6            192  org.springframework.web.method.ControllerAdviceBean
1230:             4            192  org.springframework.web.socket.server.standard.ServerEndpointRegistration
1231:             6            192  org.springframework.web.socket.sockjs.transport.TransportType
1232:             4            192  sun.misc.URLClassPath
1233:             8            192  sun.nio.ch.NativeThreadSet
1234:             2            192  sun.security.jgss.SunProvider
1235:             2            192  sun.security.provider.Sun
1236:             6            192  sun.security.ssl.EphemeralKeyManager$EphemeralKeyPair
1237:             6            192  sun.security.ssl.SSLSessionContextImpl
1238:             1            176  com.sun.org.apache.xerces.internal.impl.dtd.XMLDTDValidator
1239:             1            176  com.sun.org.apache.xerces.internal.impl.dtd.XMLNSDTDValidator
1240:            11            176  com.sun.proxy.$Proxy42
1241:            11            176  com.sun.proxy.$Proxy61
1242:            11            176  com.zeroturnaround.javarebel.abq
1243:            11            176  com.zeroturnaround.javarebel.agi
1244:            11            176  com.zeroturnaround.javarebel.agk
1245:             2            176  com.zeroturnaround.javarebel.lh
1246:            11            176  java.text.NumberFormat$Field
1247:             2            176  javax.management.remote.rmi.NoCallStackClassLoader
1248:             2            176  org.apache.catalina.core.StandardWrapperValve
1249:             2            176  org.apache.catalina.deploy.NamingResourcesImpl
1250:             1            176  org.springframework.beans.JrBeanReloader
1251:             2            176  org.springframework.web.servlet.handler.SimpleUrlHandlerMapping
1252:             1            176  sun.security.ssl.SSLSocketImpl
1253:             2            168  [Ljava.lang.ClassValue$Entry;
1254:             1            168  [[Ljava.math.BigInteger;
1255:             7            168  ch.qos.logback.classic.Level
1256:             7            168  com.fasterxml.jackson.annotation.JsonFormat$Feature
1257:             7            168  com.fasterxml.jackson.annotation.JsonInclude$Include
1258:             7            168  com.fasterxml.jackson.annotation.PropertyAccessor
1259:             7            168  com.fasterxml.jackson.databind.introspect.AnnotatedClass$Creators
1260:             3            168  com.fasterxml.jackson.databind.type.ArrayType
1261:             7            168  com.sun.management.VMOption$Origin
1262:             7            168  com.sun.org.apache.xerces.internal.util.FeatureState
1263:             3            168  com.sysmin.core.jvm.domain.JstackDO
1264:             1            168  com.zaxxer.hikari.HikariDataSource
1265:             7            168  com.zeroturnaround.javarebel.agd
1266:             3            168  com.zeroturnaround.javarebel.ccc
1267:             7            168  com.zeroturnaround.javarebel.cje
1268:             3            168  com.zeroturnaround.jrebel.bundled.org.apache.http.impl.execchain.d
1269:             7            168  java.net.NetPermission
1270:             3            168  java.net.SocketPermission
1271:             7            168  java.util.Collections$SynchronizedCollection
1272:             7            168  java.util.regex.Pattern$SliceI
1273:             1            168  org.apache.catalina.core.StandardHost
1274:             7            168  org.apache.catalina.util.ParameterMap
1275:             7            168  org.apache.coyote.http11.filters.GzipOutputFilter
1276:             7            168  org.apache.coyote.http11.filters.GzipOutputFilter$FakeOutputStream
1277:             7            168  org.apache.tomcat.util.digester.SetPropertiesRule
1278:             7            168  org.apache.tomcat.util.http.ServerCookies
1279:             7            168  org.apache.tomcat.util.net.NioEndpoint$SocketProcessor
1280:             7            168  org.springframework.boot.logging.LogLevel
1281:             7            168  org.springframework.boot.origin.OriginTrackedValue$OriginTrackedCharSequence
1282:             7            168  org.springframework.boot.origin.TextResourceOrigin
1283:             7            168  org.springframework.boot.origin.TextResourceOrigin$Location
1284:             7            168  org.springframework.cglib.proxy.CallbackInfo
1285:             3            168  org.springframework.core.env.PropertySourcesPropertyResolver
1286:             7            168  org.springframework.http.ReadOnlyHttpHeaders
1287:             3            168  org.springframework.messaging.simp.broker.SimpleBrokerMessageHandler$SessionInfo
1288:             7            168  org.springframework.web.servlet.mvc.method.annotation.RequestResponseBodyAdviceChain
1289:             3            168  org.springframework.web.socket.handler.ConcurrentWebSocketSessionDecorator
1290:             7            168  org.zeroturnaround.bundled.javassist.bytecode.AnnotationsAttribute
1291:             7            168  sun.management.counter.Units
1292:             3            168  sun.nio.ch.SinkChannelImpl
1293:             3            168  sun.nio.ch.SourceChannelImpl
1294:             7            168  sun.security.x509.NetscapeCertTypeExtension$MapEntry
1295:             4            160  [F
1296:             2            160  [Ljava.time.temporal.ChronoUnit;
1297:             2            160  [Lorg.springframework.messaging.simp.stomp.StompCommand;
1298:             1            160  com.alibaba.fastjson.serializer.ASMSerializer_3_GcUtilDO
1299:             4            160  com.fasterxml.jackson.core.Base64Variant
1300:             5            160  com.fasterxml.jackson.core.JsonEncoding
1301:             4            160  com.fasterxml.jackson.core.Version
1302:             5            160  com.fasterxml.jackson.core.sym.CharsToNameCanonicalizer$TableInfo
1303:             5            160  com.fasterxml.jackson.databind.cfg.ConfigOverrides
1304:             2            160  com.sun.crypto.provider.GaloisCounterMode
1305:             4            160  com.sun.org.apache.xerces.internal.impl.dtd.XMLSimpleType
1306:            10            160  com.sun.proxy.$Proxy44
1307:            10            160  com.sun.proxy.$Proxy49
1308:             5            160  com.zeroturnaround.javarebel.bok
1309:             5            160  com.zeroturnaround.reload.aa
1310:             5            160  com.zeroturnaround.reload.y
1311:             4            160  java.lang.reflect.Proxy$Key2
1312:             5            160  java.util.TreeMap$KeyIterator
1313:             5            160  java.util.concurrent.Semaphore$NonfairSync
1314:             5            160  java.util.regex.Pattern$3
1315:             5            160  javax.management.StandardEmitterMBean
1316:             5            160  org.apache.catalina.core.ApplicationFilterConfig
1317:             4            160  org.apache.catalina.mbeans.ContainerMBean
1318:             1            160  org.apache.catalina.session.StandardManager
1319:            10            160  org.apache.tomcat.util.threads.TaskThread$WrappingRunnable
1320:             4            160  org.springframework.http.converter.json.MappingJackson2HttpMessageConverter
1321:             1            160  org.springframework.web.servlet.mvc.method.annotation.RequestMappingHandlerAdapter
1322:             5            160  org.zeroturnaround.javarebel.integration.util.ClassEventListenerUtil$BoundClassEventListener
1323:             4            160  org.zeroturnaround.javarebel.reporting.stats.repository.impl.StatsHolder
1324:             4            160  sun.rmi.transport.WeakRef
1325:            10            160  sun.security.ec.ECParameters
1326:             5            160  sun.security.ssl.CipherSuite$MacAlg
1327:             5            160  sun.security.ssl.SignatureAndHashAlgorithm$SignatureAlgorithm
1328:            10            160  sun.security.x509.CertificatePolicyId
1329:            10            160  sun.security.x509.GeneralNames
1330:             5            160  sun.util.locale.provider.LocaleProviderAdapter$Type
1331:             7            152  [Lcom.fasterxml.jackson.databind.deser.Deserializers;
1332:             5            152  [Lorg.springframework.http.HttpMethod;
1333:             1            152  org.springframework.boot.web.embedded.tomcat.TomcatEmbeddedWebappClassLoader
1334:             1            152  org.springframework.boot.web.servlet.context.AnnotationConfigServletWebServerApplicationContext
1335:             2            144  [Lcom.fasterxml.jackson.core.JsonParser$Feature;
1336:             6            144  [Lcom.fasterxml.jackson.databind.deser.KeyDeserializers;
1337:             2            144  [Ljava.math.BigDecimal;
1338:             3            144  [Lsun.nio.ch.SelectionKeyImpl;
1339:             2            144  com.alibaba.fastjson.util.ASMClassLoader
1340:             6            144  com.fasterxml.jackson.annotation.JsonAutoDetect$Visibility
1341:             6            144  com.fasterxml.jackson.core.JsonParser$NumberType
1342:             6            144  com.fasterxml.jackson.databind.cfg.SerializerFactoryConfig
1343:             3            144  com.fasterxml.jackson.databind.ser.impl.IndexedListSerializer
1344:             6            144  com.fasterxml.jackson.databind.ser.impl.ReadOnlyClassToSerializerMap
1345:             3            144  com.fasterxml.jackson.datatype.jsr310.deser.InstantDeserializer
1346:             6            144  com.sun.org.apache.xalan.internal.utils.FeatureManager
1347:             6            144  com.sun.org.apache.xalan.internal.utils.XMLSecurityPropertyManager
1348:             6            144  com.sun.org.apache.xerces.internal.util.Status
1349:             9            144  com.zeroturnaround.javarebel.bui
1350:             2            144  com.zeroturnaround.javarebel.cdc
1351:             2            144  com.zeroturnaround.javarebel.cdx
1352:             6            144  com.zeroturnaround.javarebel.cgt
1353:             6            144  com.zeroturnaround.javarebel.clh
1354:             9            144  com.zeroturnaround.javarebel.gaz
1355:             6            144  com.zeroturnaround.javarebel.pa
1356:             3            144  java.lang.ThreadGroup
1357:             6            144  java.net.InetAddress$CacheEntry
1358:             6            144  java.security.SecurityPermission
1359:             6            144  java.util.Collections$SynchronizedRandomAccessList
1360:             6            144  java.util.regex.Pattern$CharPropertyNames$2
1361:             6            144  java.util.regex.Pattern$SingleI
1362:             6            144  javax.validation.executable.ExecutableType
1363:             6            144  org.apache.coyote.http11.Http11InputBuffer$HeaderParsePosition
1364:             6            144  org.apache.logging.log4j.MarkerManager$Log4jMarker
1365:             6            144  org.apache.tomcat.util.net.SocketEvent
1366:             6            144  org.apache.tomcat.websocket.MessageHandlerResult
1367:             6            144  org.apache.tomcat.websocket.Util$TypeResult
1368:             6            144  org.apache.tomcat.websocket.WsFrameBase$ReadState
1369:             9            144  org.hibernate.validator.internal.engine.valueextraction.ArrayElement
1370:             6            144  org.jboss.logging.Logger$Level
1371:             6            144  org.springframework.beans.CachedIntrospectionResults
1372:             6            144  org.springframework.boot.context.properties.bind.BindConverter$ResolvableTypeDescriptor
1373:             6            144  org.springframework.boot.context.properties.source.ConfigurationPropertyName$ElementType
1374:             1            144  org.springframework.boot.web.embedded.tomcat.TomcatServletWebServerFactory
1375:             3            144  org.springframework.messaging.simp.SimpMessagingTemplate
1376:             9            144  org.springframework.web.context.request.RequestScope
1377:             6            144  org.springframework.web.cors.UrlBasedCorsConfigurationSource
1378:             6            144  org.springframework.web.method.HandlerTypePredicate
1379:             6            144  org.springframework.web.servlet.resource.DefaultResourceResolverChain
1380:             6            144  org.zeroturnaround.bundled.javassist.bytecode.LongInfo
1381:             6            144  org.zeroturnaround.javarebel.integration.util.ClassLoaderLocalUtil$DestructibleClassBytecodeProcessorAdapter
1382:             6            144  org.zeroturnaround.javarebel.reporting.stats.repository.CommonFieldId
1383:             6            144  org.zeroturnaround.javarebel.reporting.stats.repository.impl.RepositoryMetricsStatistics$DailyImpl
1384:             6            144  sun.misc.PerfCounter
1385:             3            144  sun.nio.ch.WindowsSelectorImpl$FdMap
1386:             3            144  sun.nio.cs.US_ASCII$Decoder
1387:             3            144  sun.security.ssl.CipherBox
1388:             6            144  sun.security.ssl.ProtocolVersion
1389:             6            144  sun.security.util.DisabledAlgorithmConstraints$Constraint$Operator
1390:             3            144  sun.text.normalizer.CharTrie
1391:             6            136  [Lcom.fasterxml.jackson.databind.deser.ValueInstantiators;
1392:             1            136  [Ljava.time.temporal.ChronoField;
1393:             1            136  org.apache.coyote.http11.Http11NioProtocol
1394:             4            128  [Ljava.lang.ref.WeakReference;
1395:             4            128  [Ljava.rmi.server.Operation;
1396:             2            128  com.sun.crypto.provider.CipherCore
1397:             4            128  com.sun.crypto.provider.GCTR
1398:             4            128  com.sun.jmx.mbeanserver.DefaultMXBeanMappingFactory$ArrayMapping
1399:             1            128  com.sun.org.apache.xerces.internal.impl.XMLEntityManager
1400:             4            128  com.sun.org.apache.xerces.internal.util.XMLResourceIdentifierImpl
1401:             8            128  com.sun.proxy.$Proxy64
1402:             4            128  com.sysmin.core.jvm.enums.JmapType
1403:             4            128  java.io.DataInputStream
1404:             2            128  java.io.ExpiringCache$1
1405:             4            128  java.lang.ClassValue$Entry
1406:             4            128  java.util.concurrent.CountDownLatch$Sync
1407:             8            128  java.util.regex.Pattern$Begin
1408:             8            128  java.util.regex.Pattern$CharPropertyNames$3
1409:             4            128  java.util.stream.FindOps$FindOp
1410:             2            128  java.util.stream.ReferencePipeline$2
1411:             2            128  javax.crypto.Cipher
1412:             4            128  javax.management.MBeanConstructorInfo
1413:             2            128  javax.management.remote.rmi.RMIConnectorServer
1414:             1            128  org.apache.catalina.core.StandardEngine
1415:             4            128  org.apache.coyote.ErrorState
1416:             4            128  org.apache.tomcat.util.collections.SynchronizedStack
1417:             4            128  org.springframework.beans.propertyeditors.CustomCollectionEditor
1418:             4            128  org.springframework.boot.context.properties.bind.Bindable
1419:             4            128  org.springframework.boot.jdbc.EmbeddedDatabaseConnection
1420:             8            128  org.springframework.core.convert.support.CollectionToArrayConverter
1421:             8            128  org.springframework.core.convert.support.CollectionToStringConverter
1422:             4            128  org.springframework.core.env.MapPropertySource
1423:             2            128  org.springframework.core.type.classreading.CachingMetadataReaderFactory$LocalResourceCache
1424:             4            128  org.springframework.http.converter.StringHttpMessageConverter
1425:             4            128  org.springframework.web.method.annotation.RequestParamMethodArgumentResolver
1426:             4            128  org.springframework.web.method.annotation.SessionAttributesHandler
1427:             8            128  org.springframework.web.servlet.view.AbstractView$$Lambda$447/1262561744
1428:             4            128  org.springframework.web.socket.sockjs.transport.handler.SockJsWebSocketHandler
1429:             8            128  sun.nio.ch.FileDispatcherImpl
1430:             2            128  sun.nio.cs.ext.DoubleByte$Encoder_DBCSONLY
1431:             4            128  sun.rmi.transport.LiveRef
1432:             4            128  sun.security.ssl.CipherSuite$PRF
1433:             4            128  sun.security.ssl.ProtocolList
1434:             4            128  sun.util.locale.provider.LocaleResources
1435:             4            128  sun.util.locale.provider.LocaleServiceProviderPool
1436:             5            120  [Lcom.fasterxml.jackson.databind.type.TypeModifier;
1437:             6            120  [Lcom.zeroturnaround.javarebel.bos;
1438:             1            120  [Lsun.security.ssl.SupportedEllipticCurvesExtension$NamedEllipticCurve;
1439:             5            120  ch.qos.logback.core.pattern.parser.TokenStream$TokenizerState
1440:             5            120  ch.qos.logback.core.subst.Token$Type
1441:             5            120  com.fasterxml.jackson.annotation.Nulls
1442:             5            120  com.fasterxml.jackson.core.util.DefaultIndenter
1443:             3            120  com.fasterxml.jackson.databind.PropertyMetadata
1444:             5            120  com.fasterxml.jackson.databind.deser.DeserializerCache
1445:             5            120  com.fasterxml.jackson.databind.introspect.SimpleMixInResolver
1446:             5            120  com.fasterxml.jackson.databind.module.SimpleDeserializers
1447:             5            120  com.fasterxml.jackson.databind.ser.SerializerCache
1448:             5            120  com.sun.org.apache.xalan.internal.utils.FeaturePropertyBase$State
1449:             5            120  com.sun.org.apache.xalan.internal.utils.XMLSecurityManager$State
1450:             3            120  com.sun.org.apache.xerces.internal.impl.dtd.XMLEntityDecl
1451:             1            120  com.sun.org.apache.xerces.internal.jaxp.SAXParserImpl$JAXPSAXParser
1452:             5            120  com.sun.org.apache.xerces.internal.util.PropertyState
1453:             5            120  com.sun.org.apache.xerces.internal.utils.XMLSecurityManager$State
1454:             5            120  com.sun.org.apache.xerces.internal.utils.XMLSecurityPropertyManager$State
1455:             5            120  com.sysmin.core.jvm.enums.JstatType
1456:             5            120  com.zeroturnaround.javarebel.bpq
1457:             3            120  com.zeroturnaround.javarebel.bvx
1458:             3            120  com.zeroturnaround.javarebel.cka
1459:             5            120  com.zeroturnaround.javarebel.ghm
1460:             5            120  com.zeroturnaround.javarebel.gps
1461:             5            120  com.zeroturnaround.javarebel.gxq
1462:             5            120  com.zeroturnaround.javarebel.gxr
1463:             5            120  com.zeroturnaround.jrebel.bundled.org.bouncycastle.jcajce.provider.asymmetric.ec.KeyFactorySpi$ECMQV
1464:             5            120  java.io.ObjectStreamClass$ExceptionInfo
1465:             5            120  java.rmi.server.ObjID
1466:             5            120  java.time.format.SignStyle
1467:             5            120  java.util.concurrent.atomic.AtomicMarkableReference$Pair
1468:             5            120  java.util.regex.Pattern$Dollar
1469:             5            120  java.util.stream.StreamOpFlag$Type
1470:             5            120  javax.servlet.DispatcherType
1471:             5            120  javax.servlet.http.MappingMatch
1472:             1            120  org.apache.catalina.core.StandardServer
1473:             5            120  org.apache.tomcat.util.collections.CaseInsensitiveKeyMap
1474:             5            120  org.apache.tomcat.util.threads.InlineExecutorService
1475:             3            120  org.apache.tomcat.websocket.server.WsHandshakeRequest
1476:             5            120  org.hibernate.validator.internal.metadata.raw.ConstrainedElement$ConstrainedElementKind
1477:             3            120  org.springframework.beans.factory.annotation.AutowiredAnnotationBeanPostProcessor$AutowiredMethodElement
1478:             3            120  org.springframework.beans.factory.config.ConstructorArgumentValues$ValueHolder
1479:             5            120  org.springframework.boot.ansi.AnsiStyle
1480:             5            120  org.springframework.boot.autoconfigure.web.servlet.WebMvcAutoConfiguration$EnableWebMvcConfiguration$$FastClassBySpringCGLIB$$982f18bb
1481:             5            120  org.springframework.boot.devtools.autoconfigure.LocalDevToolsAutoConfiguration$RestartConfiguration$$EnhancerBySpringCGLIB$$8ac4de8e$$FastClassBySpringCGLIB$$2d221596
1482:             5            120  org.springframework.boot.devtools.autoconfigure.LocalDevToolsAutoConfiguration$RestartConfiguration$$FastClassBySpringCGLIB$$bc8d9f8b
1483:             5            120  org.springframework.boot.logging.DeferredLog
1484:             5            120  org.springframework.context.annotation.FilterType
1485:             3            120  org.springframework.core.SerializableTypeWrapper$MethodInvokeTypeProvider
1486:             3            120  org.springframework.core.convert.Property
1487:             5            120  org.springframework.core.convert.support.GenericConversionService$Converters
1488:             5            120  org.springframework.http.HttpStatus$Series
1489:             3            120  org.springframework.http.converter.xml.Jaxb2RootElementHttpMessageConverter
1490:             3            120  org.springframework.messaging.support.ExecutorSubscribableChannel
1491:             5            120  org.springframework.web.accept.ContentNegotiationManager
1492:             3            120  org.springframework.web.accept.ServletPathExtensionContentNegotiationStrategy
1493:             3            120  org.springframework.web.cors.CorsConfiguration
1494:             1            120  org.springframework.web.servlet.DispatcherServlet
1495:             3            120  org.springframework.web.servlet.mvc.method.annotation.HttpEntityMethodProcessor
1496:             1            120  org.springframework.web.servlet.mvc.method.annotation.RequestMappingHandlerMapping
1497:             3            120  org.springframework.web.servlet.mvc.method.annotation.RequestResponseBodyMethodProcessor
1498:             5            120  org.zeroturnaround.bundled.javassist.bytecode.FloatInfo
1499:             5            120  org.zeroturnaround.bundled.javassist.bytecode.stackmap.TypeData$BasicType
1500:             5            120  org.zeroturnaround.javarebel.integration.util.WeakUtil$WeakClassLoaderDestructionListener
1501:             5            120  org.zeroturnaround.javarebel.integration.util.WeakUtil$WeakFileEventListener
1502:             3            120  org.zeroturnaround.javarebel.reporting.MetricsExecutor$DelayedRunnable
1503:             5            120  sun.misc.FloatingDecimal$PreparedASCIIToBinaryBuffer
1504:             3            120  sun.nio.ch.FileLockImpl
1505:             5            120  sun.nio.ch.SharedFileLockTable
1506:             5            120  sun.nio.fs.WindowsPathType
1507:             3            120  sun.rmi.server.UnicastServerRef
1508:             3            120  sun.rmi.transport.tcp.TCPTransport$ConnectionHandler
1509:             5            120  sun.security.jca.ServiceId
1510:             3            120  sun.security.provider.DSAPublicKeyImpl
1511:             3            120  sun.security.ssl.SSLContextImpl$TLSContext
1512:             5            120  sun.security.util.DisabledAlgorithmConstraints
1513:             5            120  sun.util.resources.ParallelListResourceBundle$KeySet
1514:             1            112  [Lcom.alibaba.fastjson.parser.Feature;
1515:             2            112  [Lcom.fasterxml.jackson.core.JsonGenerator$Feature;
1516:             3            112  [Lcom.sun.org.apache.xerces.internal.util.XMLAttributesImpl$Attribute;
1517:             2            112  [Lcom.zeroturnaround.javarebel.ggp;
1518:             2            112  [Ljava.lang.invoke.MethodType;
1519:             2            112  [Ljava.security.CryptoPrimitive;
1520:             3            112  [Ljava.util.Map;
1521:             2            112  [Lorg.springframework.boot.autoconfigure.cache.CacheType;
1522:             1            112  com.alibaba.fastjson.serializer.ASMSerializer_5_CompilerDO
1523:             1            112  com.alibaba.fastjson.serializer.ASMSerializer_6_ClassLoaderDO
1524:             2            112  com.sun.org.apache.xerces.internal.util.XMLAttributesIteratorImpl
1525:             7            112  com.sun.proxy.$Proxy52
1526:             2            112  com.zeroturnaround.javarebel.chx
1527:             2            112  com.zeroturnaround.javarebel.uv
1528:             2            112  com.zeroturnaround.javarebel.yf
1529:             7            112  java.util.concurrent.ConcurrentHashMap$ValuesView
1530:             2            112  javax.management.remote.rmi.RMIJRMPServerImpl
1531:             1            112  org.apache.catalina.connector.Connector
1532:             7            112  org.apache.catalina.connector.CoyoteInputStream
1533:             7            112  org.apache.catalina.connector.CoyoteOutputStream
1534:             7            112  org.apache.catalina.connector.RequestFacade
1535:             7            112  org.apache.catalina.connector.ResponseFacade
1536:             7            112  org.apache.coyote.http11.Http11InputBuffer$SocketInputBuffer
1537:             7            112  org.apache.coyote.http11.Http11OutputBuffer$SocketOutputBuffer
1538:             7            112  org.apache.coyote.http11.filters.VoidInputFilter
1539:             7            112  org.apache.coyote.http11.filters.VoidOutputFilter
1540:             7            112  org.apache.tomcat.util.buf.UDecoder
1541:             2            112  org.apache.tomcat.util.codec.binary.Base64
1542:             1            112  org.apache.tomcat.util.digester.Digester
1543:             7            112  org.springframework.core.env.AbstractPropertyResolver$$Lambda$72/527829831
1544:             2            112  org.springframework.expression.spel.support.StandardEvaluationContext
1545:             7            112  org.springframework.messaging.support.MessageHeaderAccessor$$Lambda$473/1671748845
1546:             7            112  org.springframework.validation.DefaultBindingErrorProcessor
1547:             7            112  org.springframework.web.servlet.mvc.method.annotation.AbstractMessageConverterMethodProcessor$$Lambda$468/983180345
1548:             7            112  org.zeroturnaround.javarebel.integration.util.WeakIdentityHashMap$2
1549:             2            112  sun.nio.cs.ext.DoubleByte$Decoder_DBCSONLY
1550:             2            112  sun.rmi.transport.tcp.TCPChannel
1551:             2            112  sun.rmi.transport.tcp.TCPConnection
1552:             3            104  [Lorg.springframework.core.io.Resource;
1553:             1            104  ch.qos.logback.classic.LoggerContext
1554:             1            104  org.apache.catalina.authenticator.NonLoginAuthenticator
1555:             1            104  org.apache.tomcat.util.net.SocketProperties
1556:             1            104  org.springframework.boot.autoconfigure.jdbc.DataSourceProperties
1557:             1            104  org.springframework.http.converter.json.Jackson2ObjectMapperBuilder
1558:             1            104  org.springframework.web.servlet.view.InternalResourceViewResolver
1559:             1            104  org.springframework.web.socket.messaging.WebSocketAnnotationMethodMessageHandler
1560:             2             96  [Lcom.fasterxml.jackson.annotation.PropertyAccessor;
1561:             2             96  [Lcom.sun.org.apache.xerces.internal.utils.XMLSecurityManager$State;
1562:             2             96  [Ljava.util.Formatter$FormatString;
1563:             4             96  [Lorg.apache.logging.log4j.Marker;
1564:             2             96  [Lorg.apache.logging.log4j.spi.StandardLevel;
1565:             2             96  [Lorg.springframework.boot.logging.LogLevel;
1566:             1             96  [Lorg.zeroturnaround.javarebel.reporting.MessageType;
1567:             3             96  [Lsun.nio.fs.NativeBuffer;
1568:             1             96  [[J
1569:             4             96  ch.qos.logback.core.pattern.parser.Token
1570:             4             96  ch.qos.logback.core.subst.Token
1571:             1             96  com.alibaba.fastjson.serializer.ASMSerializer_4_CompilationDO
1572:             4             96  com.fasterxml.jackson.annotation.JsonCreator$Mode
1573:             4             96  com.fasterxml.jackson.annotation.JsonProperty$Access
1574:             4             96  com.fasterxml.jackson.core.JsonFactory$Feature
1575:             4             96  com.fasterxml.jackson.databind.ObjectWriter$Prefetch
1576:             6             96  com.fasterxml.jackson.databind.deser.BeanDeserializerFactory
1577:             6             96  com.fasterxml.jackson.databind.introspect.AnnotatedMethodMap
1578:             6             96  com.fasterxml.jackson.databind.ser.BeanSerializerFactory
1579:             4             96  com.fasterxml.jackson.databind.ser.impl.PropertySerializerMap$Single
1580:             6             96  com.fasterxml.jackson.databind.type.TypeParser
1581:             1             96  com.sun.crypto.provider.SunJCE
1582:             3             96  com.sun.jmx.mbeanserver.DefaultMXBeanMappingFactory$EnumMapping
1583:             2             96  com.sun.jmx.mbeanserver.MBeanIntrospector$MBeanInfoMap
1584:             2             96  com.sun.jmx.mbeanserver.MBeanIntrospector$PerInterfaceMap
1585:             1             96  com.sun.net.ssl.internal.ssl.Provider
1586:             3             96  com.sun.org.apache.xalan.internal.utils.XMLSecurityManager$NameMap
1587:             2             96  com.sun.org.apache.xerces.internal.impl.XMLDocumentFragmentScannerImpl$ElementStack
1588:             1             96  com.sun.org.apache.xerces.internal.impl.dtd.XMLDTDProcessor
1589:             3             96  com.sun.org.apache.xerces.internal.utils.XMLSecurityManager$NameMap
1590:             6             96  com.sun.proxy.$Proxy33
1591:             6             96  com.sun.proxy.$Proxy67
1592:             1             96  com.sun.security.sasl.Provider
1593:             2             96  com.sysmin.core.jvm.domain.jstat.CompilerDO
1594:             1             96  com.sysmin.core.jvm.domain.jstat.GcHeapDO
1595:             4             96  com.zeroturnaround.javarebel.adz
1596:             3             96  com.zeroturnaround.javarebel.ae
1597:             2             96  com.zeroturnaround.javarebel.agg
1598:             4             96  com.zeroturnaround.javarebel.av
1599:             6             96  com.zeroturnaround.javarebel.btf
1600:             3             96  com.zeroturnaround.javarebel.bxa
1601:             2             96  com.zeroturnaround.javarebel.cdh
1602:             3             96  com.zeroturnaround.javarebel.cdp
1603:             3             96  com.zeroturnaround.javarebel.cef
1604:             3             96  com.zeroturnaround.javarebel.ceh
1605:             4             96  com.zeroturnaround.javarebel.chu
1606:             4             96  com.zeroturnaround.javarebel.cio
1607:             6             96  com.zeroturnaround.javarebel.clm
1608:             4             96  com.zeroturnaround.javarebel.clx
1609:             3             96  com.zeroturnaround.javarebel.f
1610:             4             96  com.zeroturnaround.javarebel.goz
1611:             3             96  com.zeroturnaround.javarebel.k
1612:             2             96  com.zeroturnaround.javarebel.wf
1613:             3             96  com.zeroturnaround.jrebel.bundled.org.apache.http.impl.execchain.g
1614:             1             96  com.zeroturnaround.jrebel.bundled.org.bouncycastle.jce.provider.BouncyCastleProvider
1615:             3             96  java.lang.Exception
1616:             4             96  java.lang.reflect.Proxy$KeyX
1617:             4             96  java.security.AllPermissionCollection
1618:             4             96  java.text.Normalizer$Form
1619:             4             96  java.time.format.DateTimeFormatterBuilder$OffsetIdPrinterParser
1620:             4             96  java.time.format.DateTimeFormatterBuilder$SettingsParser
1621:             4             96  java.time.format.FormatStyle
1622:             6             96  java.util.EnumMap$EntrySet
1623:             3             96  java.util.UUID
1624:             2             96  java.util.concurrent.ConcurrentHashMap$Traverser
1625:             3             96  java.util.concurrent.ScheduledThreadPoolExecutor$DelayedWorkQueue
1626:             3             96  java.util.concurrent.SynchronousQueue
1627:             3             96  java.util.concurrent.atomic.AtomicReferenceFieldUpdater$AtomicReferenceFieldUpdaterImpl
1628:             4             96  java.util.stream.FindOps$FindSink$OfRef
1629:             4             96  java.util.stream.StreamShape
1630:             4             96  javax.management.NotificationBroadcasterSupport
1631:             2             96  javax.management.openmbean.TabularType
1632:             2             96  org.apache.catalina.mbeans.NamingResourcesMBean
1633:             4             96  org.apache.commons.logging.LogAdapter$LogApi
1634:             3             96  org.apache.tomcat.util.buf.UDecoder$DecodeException
1635:             3             96  org.apache.tomcat.util.collections.SynchronizedQueue
1636:             4             96  org.apache.tomcat.util.digester.ArrayStack
1637:             3             96  org.apache.tomcat.util.http.ConcurrentDateFormat
1638:             4             96  org.apache.tomcat.util.log.UserDataHelper$Config
1639:             4             96  org.apache.tomcat.util.net.AbstractEndpoint$BindState
1640:             4             96  org.apache.tomcat.util.net.Acceptor$AcceptorState
1641:             2             96  org.apache.tomcat.util.net.NioEndpoint$Poller
1642:             4             96  org.apache.tomcat.util.net.NioEndpoint$PollerEvent
1643:             1             96  org.apache.tomcat.util.threads.ThreadPoolExecutor
1644:             4             96  org.apache.tomcat.websocket.WsFrameBase$UnmaskTransformation
1645:             4             96  org.apache.tomcat.websocket.server.WsPerSessionServerEndpointConfig
1646:             1             96  org.apache.tomcat.websocket.server.WsServerContainer
1647:             4             96  org.hibernate.validator.resourceloading.PlatformResourceBundleLocator
1648:             1             96  org.jcp.xml.dsig.internal.dom.XMLDSigRI
1649:             4             96  org.springframework.boot.autoconfigure.jmx.JmxAutoConfiguration$$EnhancerBySpringCGLIB$$a39d2c5a$$FastClassBySpringCGLIB$$8fac147c
1650:             4             96  org.springframework.boot.autoconfigure.jmx.JmxAutoConfiguration$$FastClassBySpringCGLIB$$e2017fd7
1651:             1             96  org.springframework.boot.autoconfigure.web.ServerProperties$Tomcat
1652:             4             96  org.springframework.boot.context.properties.source.DefaultPropertyMapper$LastMapping
1653:             4             96  org.springframework.context.annotation.ScopedProxyMode
1654:             1             96  org.springframework.context.support.PropertySourcesPlaceholderConfigurer
1655:             4             96  org.springframework.core.Constants
1656:             4             96  org.springframework.core.convert.support.ArrayToArrayConverter
1657:             6             96  org.springframework.core.convert.support.StringToNumberConverterFactory$StringToNumber
1658:             2             96  org.springframework.core.task.SimpleAsyncTaskExecutor
1659:             3             96  org.springframework.expression.spel.SpelParserConfiguration
1660:             6             96  org.springframework.format.datetime.DateFormatterRegistrar$CalendarToDateConverter
1661:             6             96  org.springframework.format.datetime.DateFormatterRegistrar$CalendarToLongConverter
1662:             6             96  org.springframework.format.datetime.DateFormatterRegistrar$DateToCalendarConverter
1663:             6             96  org.springframework.format.datetime.DateFormatterRegistrar$DateToLongConverter
1664:             6             96  org.springframework.format.datetime.DateFormatterRegistrar$LongToCalendarConverter
1665:             6             96  org.springframework.format.datetime.DateFormatterRegistrar$LongToDateConverter
1666:             4             96  org.springframework.http.converter.ResourceRegionHttpMessageConverter
1667:             3             96  org.springframework.http.converter.xml.SourceHttpMessageConverter
1668:             1             96  org.springframework.messaging.simp.broker.SimpleBrokerMessageHandler
1669:             3             96  org.springframework.messaging.simp.stomp.BufferingStompDecoder
1670:             4             96  org.springframework.util.ConcurrentReferenceHashMap$TaskOption
1671:             6             96  org.springframework.util.LinkedMultiValueMap$$Lambda$471/921419418
1672:             6             96  org.springframework.web.cors.DefaultCorsProcessor
1673:             4             96  org.springframework.web.method.annotation.ModelAttributeMethodProcessor
1674:             3             96  org.springframework.web.servlet.resource.PathResourceResolver
1675:             4             96  org.springframework.web.socket.adapter.standard.StandardToWebSocketExtensionAdapter
1676:             4             96  org.springframework.web.socket.adapter.standard.StandardWebSocketHandlerAdapter
1677:             4             96  org.springframework.web.socket.adapter.standard.StandardWebSocketHandlerAdapter$3
1678:             4             96  org.springframework.web.socket.adapter.standard.StandardWebSocketHandlerAdapter$4
1679:             4             96  org.springframework.web.socket.adapter.standard.StandardWebSocketHandlerAdapter$5
1680:             3             96  org.springframework.web.socket.messaging.SubProtocolWebSocketHandler$WebSocketSessionHolder
1681:             1             96  org.springframework.web.socket.server.support.WebSocketHandlerMapping
1682:             4             96  org.springframework.web.socket.sockjs.frame.SockJsFrameType
1683:             1             96  org.springframework.web.socket.sockjs.transport.handler.DefaultSockJsService
1684:             6             96  org.zeroturnaround.bundled.javassist.bytecode.ConstInfoPadding
1685:             4             96  org.zeroturnaround.bundled.javassist.bytecode.DeprecatedAttribute
1686:             4             96  org.zeroturnaround.javarebel.integration.generic.DependencyClassEventListener
1687:             4             96  org.zeroturnaround.javarebel.integration.util.ReRunThrottler
1688:             4             96  org.zeroturnaround.javarebel.service.ServiceRequestPriority
1689:             2             96  sun.management.GarbageCollectorImpl
1690:             4             96  sun.misc.JarIndex
1691:             1             96  sun.misc.Launcher$AppClassLoader
1692:             3             96  sun.net.spi.DefaultProxySelector$NonProxyInfo
1693:             3             96  sun.nio.ch.AllocatedNativeObject
1694:             3             96  sun.nio.ch.PollArrayWrapper
1695:             1             96  sun.nio.ch.ServerSocketChannelImpl
1696:             3             96  sun.nio.ch.SharedFileLockTable$FileLockReference
1697:             3             96  sun.nio.ch.WindowsSelectorImpl$SubSelector
1698:             3             96  sun.nio.fs.NativeBuffer
1699:             4             96  sun.rmi.transport.ObjectEndpoint
1700:             3             96  sun.rmi.transport.tcp.TCPTransport
1701:             3             96  sun.rmi.transport.tcp.TCPTransport$AcceptLoop
1702:             1             96  sun.security.ec.SunEC
1703:             1             96  sun.security.jca.ProviderList$1
1704:             1             96  sun.security.mscapi.SunMSCAPI
1705:             1             96  sun.security.rsa.SunRsaSign
1706:             1             96  sun.security.smartcardio.SunPCSC
1707:             3             96  sun.security.ssl.X509TrustManagerImpl
1708:             3             96  sun.security.x509.ExtendedKeyUsageExtension
1709:             3             96  sun.security.x509.SubjectAlternativeNameExtension
1710:             1             88  [Ljava.lang.ConditionalSpecialCasing$Entry;
1711:             2             88  [Ljava.nio.file.attribute.PosixFilePermission;
1712:             1             88  [Lorg.springframework.boot.ansi.AnsiColor;
1713:             1             88  [Lorg.zeroturnaround.jrebel.stats.id.container.ServerType;
1714:             1             88  [Lsun.security.util.ObjectIdentifier;
1715:             1             88  [[Ljava.lang.Byte;
1716:             1             88  org.apache.catalina.webresources.StandardRoot
1717:             1             88  org.hibernate.validator.internal.engine.ConfigurationImpl
1718:             1             88  org.springframework.aop.framework.autoproxy.InfrastructureAdvisorAutoProxyCreator
1719:             1             88  org.springframework.beans.JrBeanFactoryData
1720:             1             88  org.springframework.boot.autoconfigure.web.servlet.WebMvcAutoConfiguration$EnableWebMvcConfiguration$$EnhancerBySpringCGLIB$$8f1f0dbe
1721:             1             88  org.springframework.boot.autoconfigure.web.servlet.WelcomePageHandlerMapping
1722:             1             88  org.springframework.jmx.export.annotation.AnnotationMBeanExporter
1723:             1             88  org.springframework.web.servlet.handler.BeanNameUrlHandlerMapping
1724:             1             88  sun.misc.Launcher$ExtClassLoader
1725:             1             88  sun.nio.cs.CharsetMapping
1726:             3             80  [Ljava.security.cert.X509Certificate;
1727:             2             80  [Ljava.util.stream.StreamOpFlag$Type;
1728:             2             80  [Ljavax.servlet.DispatcherType;
1729:             2             80  [Ljavax.validation.executable.ExecutableType;
1730:             1             80  [Ljavax.websocket.CloseReason$CloseCodes;
1731:             2             80  [Lorg.springframework.context.annotation.FilterType;
1732:             4             80  [Lorg.springframework.core.annotation.AnnotationAttributes;
1733:             2             80  [Lorg.springframework.http.HttpStatus$Series;
1734:             2             80  [Lorg.springframework.web.socket.sockjs.transport.TransportType;
1735:             1             80  [Lorg.zeroturnaround.javarebel.ResourceSource;
1736:             1             80  [Lsun.security.ssl.CipherSuite$KeyExchange;
1737:             2             80  [[S
1738:             5             80  com.fasterxml.jackson.databind.introspect.BasicClassIntrospector
1739:             5             80  com.fasterxml.jackson.databind.jsontype.impl.StdSubtypeResolver
1740:             5             80  com.fasterxml.jackson.databind.module.SimpleKeyDeserializers
1741:             5             80  com.fasterxml.jackson.databind.util.RootNameLookup
1742:             5             80  com.fasterxml.jackson.datatype.jdk8.Jdk8Deserializers
1743:             5             80  com.fasterxml.jackson.datatype.jdk8.Jdk8Serializers
1744:             5             80  com.fasterxml.jackson.datatype.jdk8.Jdk8TypeModifier
1745:             5             80  com.fasterxml.jackson.datatype.jsr310.JavaTimeModule$1
1746:             2             80  com.sun.jmx.mbeanserver.DefaultMXBeanMappingFactory$TabularMapping
1747:             2             80  com.sun.org.apache.xerces.internal.impl.XMLDocumentFragmentScannerImpl$ElementStack2
1748:             2             80  com.sun.org.apache.xerces.internal.impl.dtd.XMLDTDDescription
1749:             2             80  com.sun.org.apache.xerces.internal.impl.validation.ValidationState
1750:             5             80  com.zeroturnaround.javarebel.aeb
1751:             2             80  com.zeroturnaround.javarebel.bzf
1752:             2             80  com.zeroturnaround.javarebel.chy
1753:             1             80  com.zeroturnaround.javarebel.la
1754:             2             80  com.zeroturnaround.javarebel.oa
1755:             2             80  java.io.ExpiringCache
1756:             2             80  java.util.Collections$SynchronizedSortedMap
1757:             5             80  java.util.Hashtable$EntrySet
1758:             2             80  java.util.Locale$Category
1759:             5             80  java.util.concurrent.Semaphore
1760:             5             80  java.util.concurrent.ThreadPoolExecutor$AbortPolicy
1761:             5             80  java.util.concurrent.atomic.AtomicMarkableReference
1762:             5             80  javax.security.auth.x500.X500Principal
1763:             1             80  org.apache.catalina.core.StandardService
1764:             1             80  org.apache.catalina.servlets.DefaultServlet
1765:             1             80  org.apache.catalina.startup.Tomcat$SimpleRealm
1766:             1             80  org.apache.coyote.RequestGroupInfo
1767:             2             80  org.apache.tomcat.util.codec.binary.BaseNCodec$Context
1768:             5             80  org.apache.tomcat.util.net.NioBlockingSelector$KeyReference
1769:             2             80  org.hibernate.validator.internal.metadata.core.AnnotationProcessingOptionsImpl
1770:             1             80  org.springframework.beans.BeanWrapperImpl
1771:             2             80  org.springframework.beans.propertyeditors.CustomBooleanEditor
1772:             1             80  org.springframework.boot.SpringApplication
1773:             1             80  org.springframework.context.annotation.ClassPathBeanDefinitionScanner
1774:             1             80  org.springframework.context.annotation.ConfigurationClassPostProcessor
1775:             2             80  org.springframework.context.event.SimpleApplicationEventMulticaster
1776:             5             80  org.springframework.core.$Proxy55
1777:             2             80  org.springframework.core.io.support.ResourceArrayPropertyEditor
1778:             2             80  org.springframework.expression.spel.support.ReflectivePropertyAccessor
1779:             2             80  org.springframework.messaging.simp.annotation.support.SendToMethodReturnValueHandler
1780:             1             80  org.springframework.scheduling.concurrent.ThreadPoolTaskScheduler
1781:             5             80  org.springframework.web.accept.HeaderContentNegotiationStrategy
1782:             1             80  org.springframework.web.servlet.mvc.method.annotation.ExceptionHandlerExceptionResolver
1783:             2             80  org.springframework.web.socket.messaging.SessionDisconnectEvent
1784:             1             80  org.springframework.web.socket.messaging.SubProtocolWebSocketHandler
1785:             5             80  org.zeroturnaround.javarebel.IDENotifications$IDENotificationLevel
1786:             5             80  org.zeroturnaround.javarebel.integration.util.MonitorUtil$Counter
1787:             5             80  org.zeroturnaround.jrebel.apache.commons.compress.archivers.zip.ZipShort
1788:             2             80  org.zeroturnaround.jrebel.intellij.OutputReader
1789:             2             80  sun.management.MemoryManagerImpl
1790:             1             80  sun.reflect.misc.MethodUtil
1791:             5             80  sun.security.util.DisabledAlgorithmConstraints$Constraints
1792:             1             72  [Lcom.fasterxml.jackson.core.JsonToken;
1793:             1             72  [Ljava.lang.invoke.LambdaFormEditor$Transform$Kind;
1794:             1             72  [Ljavax.management.openmbean.SimpleType;
1795:             3             72  [Ljavax.validation.constraintvalidation.ValidationTarget;
1796:             1             72  [Lorg.apache.coyote.AsyncStateMachine$AsyncState;
1797:             2             72  [Lsun.security.jca.ProviderConfig;
1798:             3             72  [Lsun.security.ssl.EphemeralKeyManager$EphemeralKeyPair;
1799:             1             72  ch.qos.logback.core.ConsoleAppender
1800:             3             72  ch.qos.logback.core.pattern.FormatInfo
1801:             3             72  ch.qos.logback.core.spi.FilterReply
1802:             3             72  ch.qos.logback.core.subst.Tokenizer$TokenizerState
1803:             1             72  com.alibaba.fastjson.serializer.ASMSerializer_1_Log
1804:             1             72  com.fasterxml.jackson.core.util.InternCache
1805:             3             72  com.fasterxml.jackson.databind.ser.std.NumberSerializer
1806:             3             72  com.fasterxml.jackson.databind.util.AccessPattern
1807:             3             72  com.fasterxml.jackson.datatype.jsr310.deser.JSR310StringParsableDeserializer
1808:             1             72  com.fasterxml.jackson.module.paramnames.ParameterNamesModule
1809:             3             72  com.sysmin.controller.jvm.JvmHandlerController$$Lambda$474/1145068602
1810:             3             72  com.sysmin.controller.jvm.JvmHandlerController$$Lambda$475/712453684
1811:             3             72  com.sysmin.controller.jvm.JvmHandlerController$$Lambda$476/1652708270
1812:             3             72  com.sysmin.controller.jvm.JvmHandlerController$$Lambda$477/974753881
1813:             3             72  com.sysmin.controller.jvm.JvmHandlerController$$Lambda$478/1444247956
1814:             1             72  com.sysmin.core.jvm.domain.jstat.GcUtilDO
1815:             3             72  com.sysmin.core.log.LogType
1816:             1             72  com.zeroturnaround.javarebel.aat
1817:             1             72  com.zeroturnaround.javarebel.bia
1818:             1             72  com.zeroturnaround.javarebel.bib
1819:             1             72  com.zeroturnaround.javarebel.bic
1820:             1             72  com.zeroturnaround.javarebel.bid
1821:             1             72  com.zeroturnaround.javarebel.bie
1822:             1             72  com.zeroturnaround.javarebel.bif
1823:             1             72  com.zeroturnaround.javarebel.big
1824:             3             72  com.zeroturnaround.javarebel.bov
1825:             3             72  com.zeroturnaround.javarebel.bxd
1826:             3             72  com.zeroturnaround.javarebel.cei
1827:             3             72  com.zeroturnaround.javarebel.cfs
1828:             3             72  com.zeroturnaround.javarebel.cfw
1829:             3             72  com.zeroturnaround.javarebel.cgm
1830:             3             72  com.zeroturnaround.javarebel.d
1831:             3             72  com.zeroturnaround.javarebel.e
1832:             3             72  com.zeroturnaround.javarebel.g
1833:             3             72  com.zeroturnaround.javarebel.gdu
1834:             3             72  com.zeroturnaround.javarebel.gdv
1835:             3             72  com.zeroturnaround.javarebel.gdw
1836:             3             72  com.zeroturnaround.javarebel.gfi
1837:             1             72  com.zeroturnaround.javarebel.gg
1838:             3             72  com.zeroturnaround.javarebel.gsa
1839:             3             72  com.zeroturnaround.javarebel.kz
1840:             3             72  com.zeroturnaround.javarebel.o
1841:             3             72  com.zeroturnaround.javarebel.zr
1842:             3             72  com.zeroturnaround.jrebel.bundled.org.apache.http.impl.execchain.f
1843:             3             72  com.zeroturnaround.jrebel.bundled.org.apache.http.impl.execchain.k
1844:             3             72  com.zeroturnaround.reload.n
1845:             3             72  java.lang.annotation.RetentionPolicy
1846:             3             72  java.lang.invoke.MethodHandles$Lookup
1847:             3             72  java.net.Proxy$Type
1848:             3             72  java.net.ServerSocket
1849:             3             72  java.security.CodeSigner
1850:             3             72  java.time.LocalDate
1851:             3             72  java.time.ZoneOffset
1852:             3             72  java.time.format.ResolverStyle
1853:             3             72  java.util.Base64$Encoder
1854:             3             72  java.util.Currency
1855:             1             72  java.util.ResourceBundle$RBClassLoader
1856:             1             72  java.util.logging.LogManager$RootLogger
1857:             3             72  java.util.stream.Collector$Characteristics
1858:             3             72  java.util.stream.MatchOps$MatchKind
1859:             3             72  javax.crypto.CryptoPermissions
1860:             3             72  javax.servlet.SessionTrackingMode
1861:             3             72  javax.websocket.CloseReason
1862:             3             72  org.apache.coyote.UpgradeToken
1863:             3             72  org.apache.coyote.http11.Http11InputBuffer$HeaderParseStatus
1864:             3             72  org.apache.coyote.http11.upgrade.UpgradeProcessorInternal
1865:             3             72  org.apache.tomcat.util.http.parser.SkipResult
1866:             3             72  org.apache.tomcat.util.log.UserDataHelper$Mode
1867:             3             72  org.apache.tomcat.util.net.SendfileState
1868:             3             72  org.apache.tomcat.websocket.MessageHandlerResultType
1869:             3             72  org.apache.tomcat.websocket.TransformationResult
1870:             3             72  org.apache.tomcat.websocket.WsFrameBase$State
1871:             3             72  org.apache.tomcat.websocket.WsSession$State
1872:             3             72  org.hibernate.validator.internal.metadata.raw.ConfigurationSource
1873:             3             72  org.hibernate.validator.internal.util.ConcurrentReferenceHashMap$ReferenceType
1874:             3             72  org.springframework.beans.AbstractNestablePropertyAccessor$PropertyTokenHolder
1875:             3             72  org.springframework.beans.factory.annotation.Autowire
1876:             3             72  org.springframework.beans.factory.config.EmbeddedValueResolver
1877:             3             72  org.springframework.boot.Banner$Mode
1878:             3             72  org.springframework.boot.WebApplicationType
1879:             3             72  org.springframework.boot.ansi.AnsiOutput$Enabled
1880:             3             72  org.springframework.boot.autoconfigure.condition.ConditionalOnWebApplication$Type
1881:             3             72  org.springframework.boot.autoconfigure.condition.SearchStrategy
1882:             3             72  org.springframework.boot.autoconfigure.web.ErrorProperties$IncludeStacktrace
1883:             1             72  org.springframework.boot.autoconfigure.web.ServerProperties
1884:             3             72  org.springframework.boot.autoconfigure.web.servlet.WebMvcAutoConfiguration$WebMvcAutoConfigurationAdapter$$EnhancerBySpringCGLIB$$3122d8a3$$FastClassBySpringCGLIB$$3f01059d
1885:             3             72  org.springframework.boot.autoconfigure.web.servlet.WebMvcAutoConfiguration$WebMvcAutoConfigurationAdapter$$FastClassBySpringCGLIB$$99958c00
1886:             3             72  org.springframework.boot.autoconfigure.web.servlet.error.ErrorMvcAutoConfiguration$$EnhancerBySpringCGLIB$$4fddc2c3$$FastClassBySpringCGLIB$$73cc506a
1887:             3             72  org.springframework.boot.autoconfigure.web.servlet.error.ErrorMvcAutoConfiguration$$FastClassBySpringCGLIB$$75715220
1888:             3             72  org.springframework.boot.context.properties.source.ConfigurationPropertyName$Form
1889:             3             72  org.springframework.boot.context.properties.source.ConfigurationPropertyState
1890:             3             72  org.springframework.boot.devtools.autoconfigure.LocalDevToolsAutoConfiguration$LiveReloadConfiguration$$EnhancerBySpringCGLIB$$ef1aa9b0$$FastClassBySpringCGLIB$$2cf51a3
1891:             3             72  org.springframework.boot.devtools.autoconfigure.LocalDevToolsAutoConfiguration$LiveReloadConfiguration$$FastClassBySpringCGLIB$$605e686d
1892:             3             72  org.springframework.boot.devtools.filewatch.ChangedFile$Type
1893:             1             72  org.springframework.boot.devtools.restart.Restarter
1894:             1             72  org.springframework.boot.jackson.JsonComponentModule
1895:             3             72  org.springframework.boot.jdbc.DataSourceInitializationMode
1896:             3             72  org.springframework.context.annotation.AnnotationScopeMetadataResolver
1897:             3             72  org.springframework.core.ResolvableType$SyntheticParameterizedType
1898:             3             72  org.springframework.core.ResolvableType$TypeVariablesVariableResolver
1899:             3             72  org.springframework.core.env.PropertySource$StubPropertySource
1900:             3             72  org.springframework.core.type.classreading.CachingMetadataReaderFactory
1901:             3             72  org.springframework.expression.TypedValue
1902:             3             72  org.springframework.expression.spel.SpelCompilerMode
1903:             3             72  org.springframework.format.datetime.standard.DateTimeFormatterRegistrar$Type
1904:             3             72  org.springframework.http.converter.ByteArrayHttpMessageConverter
1905:             3             72  org.springframework.jdbc.datasource.embedded.EmbeddedDatabaseType
1906:             3             72  org.springframework.jmx.support.RegistrationPolicy
1907:             3             72  org.springframework.messaging.simp.broker.DefaultSubscriptionRegistry$SessionSubscriptionInfo
1908:             3             72  org.springframework.messaging.simp.config.ChannelRegistration
1909:             3             72  org.springframework.transaction.annotation.ProxyTransactionManagementConfiguration$$EnhancerBySpringCGLIB$$2431bd3e$$FastClassBySpringCGLIB$$83fee9d2
1910:             3             72  org.springframework.transaction.annotation.ProxyTransactionManagementConfiguration$$FastClassBySpringCGLIB$$1e4b583b
1911:             3             72  org.springframework.web.servlet.mvc.method.annotation.RequestAttributeMethodArgumentResolver
1912:             3             72  org.springframework.web.servlet.mvc.method.annotation.SessionAttributeMethodArgumentResolver
1913:             3             72  org.springframework.web.servlet.resource.DefaultResourceTransformerChain
1914:             3             72  org.springframework.web.socket.config.annotation.WebSocketMessageBrokerConfigurationSupport$$FastClassBySpringCGLIB$$c80633df
1915:             3             72  org.springframework.web.socket.sockjs.transport.session.AbstractSockJsSession$State
1916:             3             72  org.springframework.web.util.HierarchicalUriComponents$EncodeState
1917:             3             72  org.zeroturnaround.javarebel.integration.monitor.FileMonitorAdapter$DirtyListener
1918:             1             72  org.zeroturnaround.javarebel.integration.spring.boot.ResourceReloadingProperties
1919:             3             72  org.zeroturnaround.javarebel.integration.util.WeakUtil$WeakRequestListener
1920:             1             72  org.zeroturnaround.javarebel.reporting.MixpanelMetrics
1921:             3             72  org.zeroturnaround.javarebel.reporting.MixpanelMetrics$12
1922:             1             72  org.zeroturnaround.javarebel.spring.SpringMetrics
1923:             3             72  org.zeroturnaround.jrebel.apache.commons.compress.archivers.zip.ZipLong
1924:             3             72  org.zeroturnaround.jrebel.apache.commons.io.IOCase
1925:             1             72  org.zeroturnaround.jrebel.intellij.FileWatcher
1926:             3             72  sun.misc.FloatingDecimal$ExceptionalBinaryToASCIIBuffer
1927:             3             72  sun.misc.ObjectInputFilter$Status
1928:             3             72  sun.nio.ch.PipeImpl
1929:             3             72  sun.nio.ch.WindowsSelectorImpl$FinishLock
1930:             3             72  sun.nio.ch.WindowsSelectorImpl$StartLock
1931:             3             72  sun.nio.fs.NativeBuffer$Deallocator
1932:             3             72  sun.security.provider.DSAParameters
1933:             3             72  sun.security.provider.PolicyFile$PolicyEntry
1934:             3             72  sun.security.provider.certpath.X509CertPath
1935:             3             72  sun.security.ssl.CipherSuite$CipherType
1936:             3             72  sun.security.ssl.CipherSuiteList
1937:             1             72  sun.util.locale.provider.JRELocaleProviderAdapter
1938:             2             64  [Lcom.fasterxml.jackson.annotation.JsonCreator$Mode;
1939:             2             64  [Lcom.sun.org.apache.xerces.internal.impl.XMLEntityManager$CharacterBuffer;
1940:             2             64  [Lcom.sun.org.apache.xerces.internal.utils.XMLSecurityPropertyManager$State;
1941:             2             64  [Lcom.zeroturnaround.javarebel.ae;
1942:             1             64  [Lcom.zeroturnaround.javarebel.bga;
1943:             4             64  [Lcom.zeroturnaround.javarebel.fxz;
1944:             2             64  [Ljava.lang.annotation.RetentionPolicy;
1945:             2             64  [Ljava.lang.invoke.LambdaFormEditor$Transform;
1946:             2             64  [Ljava.util.stream.Collector$Characteristics;
1947:             2             64  [Ljavax.servlet.SessionTrackingMode;
1948:             1             64  [Lorg.apache.catalina.LifecycleState;
1949:             3             64  [Lorg.apache.catalina.connector.Connector;
1950:             2             64  [Lorg.springframework.beans.factory.annotation.Autowire;
1951:             2             64  [Lorg.springframework.boot.ansi.AnsiOutput$Enabled;
1952:             2             64  [Lorg.springframework.boot.autoconfigure.condition.ConditionalOnWebApplication$Type;
1953:             2             64  [Lorg.springframework.boot.autoconfigure.condition.SearchStrategy;
1954:             2             64  [Lorg.springframework.boot.autoconfigure.web.ErrorProperties$IncludeStacktrace;
1955:             2             64  [Lorg.springframework.context.annotation.ScopedProxyMode;
1956:             2             64  [Lorg.springframework.format.datetime.standard.DateTimeFormatterRegistrar$Type;
1957:             2             64  [Lorg.springframework.util.ConcurrentReferenceHashMap$TaskOption;
1958:             1             64  [Lorg.zeroturnaround.javarebel.reporting.stats.repository.DailyFieldId;
1959:             1             64  [Lsun.reflect.annotation.TypeAnnotation$TypeAnnotationTarget;
1960:             1             64  ch.qos.logback.classic.PatternLayout
1961:             2             64  ch.qos.logback.core.joran.spi.ConsoleTarget
1962:             2             64  ch.qos.logback.core.util.COWArrayList
1963:             2             64  ch.qos.logback.core.util.CachingDateFormatter
1964:             1             64  com.fasterxml.classmate.util.LRUTypeCache$CacheMap
1965:             2             64  com.fasterxml.jackson.databind.deser.std.StringArrayDeserializer
1966:             2             64  com.fasterxml.jackson.databind.ser.std.NumberSerializers$DoubleSerializer
1967:             2             64  com.fasterxml.jackson.databind.ser.std.NumberSerializers$IntegerSerializer
1968:             2             64  com.fasterxml.jackson.databind.ser.std.NumberSerializers$LongSerializer
1969:             2             64  com.sun.crypto.provider.AESCrypt
1970:             2             64  com.sun.jmx.mbeanserver.DefaultMXBeanMappingFactory$CollectionMapping
1971:             2             64  com.sun.org.apache.xalan.internal.utils.XMLSecurityPropertyManager$Property
1972:             1             64  com.sun.org.apache.xerces.internal.impl.XMLEntityScanner
1973:             2             64  com.sun.org.apache.xerces.internal.impl.dtd.XMLElementDecl
1974:             2             64  com.sun.org.apache.xerces.internal.utils.XMLSecurityPropertyManager$Property
1975:             4             64  com.sun.proxy.$Proxy10
1976:             4             64  com.sun.proxy.$Proxy2
1977:             4             64  com.sun.proxy.$Proxy22
1978:             4             64  com.sun.proxy.$Proxy30
1979:             4             64  com.sun.proxy.$Proxy41
1980:             4             64  com.sun.proxy.$Proxy56
1981:             2             64  com.sysmin.core.jvm.enums.JpsType
1982:             4             64  com.zeroturnaround.javarebel.aea
1983:             4             64  com.zeroturnaround.javarebel.ay
1984:             2             64  com.zeroturnaround.javarebel.bpx
1985:             4             64  com.zeroturnaround.javarebel.r
1986:             2             64  com.zeroturnaround.javarebel.uo
1987:             2             64  com.zeroturnaround.javarebel.wi
1988:             2             64  com.zeroturnaround.jrebelbase.e
1989:             2             64  com.zeroturnaround.jrebelbase.facade.av
1990:             2             64  com.zeroturnaround.jrebelbase.facade.x
1991:             2             64  java.io.PrintStream
1992:             1             64  java.lang.ClassValue$ClassValueMap
1993:             2             64  java.lang.VirtualMachineError
1994:             4             64  java.lang.invoke.$Proxy73
1995:             2             64  java.lang.ref.ReferenceQueue$Null
1996:             4             64  java.time.format.DateTimeTextProvider
1997:             2             64  java.time.temporal.IsoFields$Unit
1998:             4             64  java.util.Collections$UnmodifiableCollection
1999:             2             64  java.util.Formatter
2000:             4             64  java.util.Hashtable$KeySet
2001:             2             64  java.util.LinkedList$LLSpliterator
2002:             2             64  java.util.Spliterators$ArraySpliterator
2003:             4             64  java.util.concurrent.CountDownLatch
2004:             2             64  javax.management.remote.JMXServiceURL
2005:             1             64  org.apache.catalina.core.ApplicationContext
2006:             1             64  org.apache.catalina.loader.WebappLoader
2007:             1             64  org.apache.catalina.mapper.Mapper$ContextVersion
2008:             1             64  org.apache.catalina.valves.ErrorReportValve
2009:             1             64  org.apache.catalina.webresources.DirResourceSet
2010:             2             64  org.apache.logging.log4j.util.PropertiesUtil$Environment
2011:             4             64  org.apache.tomcat.websocket.WsRemoteEndpointAsync
2012:             4             64  org.apache.tomcat.websocket.WsRemoteEndpointBasic
2013:             4             64  org.apache.tomcat.websocket.WsRemoteEndpointImplBase$IntermediateMessageHandler
2014:             4             64  org.apache.tomcat.websocket.WsRemoteEndpointImplBase$StateMachine
2015:             1             64  org.hibernate.validator.internal.engine.ValidatorFactoryImpl
2016:             1             64  org.springframework.aop.framework.ProxyFactory
2017:             4             64  org.springframework.beans.factory.support.NullBean
2018:             2             64  org.springframework.beans.propertyeditors.CharacterEditor
2019:             2             64  org.springframework.beans.propertyeditors.ClassArrayEditor
2020:             2             64  org.springframework.beans.propertyeditors.ClassEditor
2021:             2             64  org.springframework.beans.propertyeditors.FileEditor
2022:             2             64  org.springframework.beans.propertyeditors.InputSourceEditor
2023:             2             64  org.springframework.beans.propertyeditors.InputStreamEditor
2024:             2             64  org.springframework.beans.propertyeditors.PathEditor
2025:             2             64  org.springframework.beans.propertyeditors.ReaderEditor
2026:             2             64  org.springframework.beans.propertyeditors.URIEditor
2027:             2             64  org.springframework.beans.propertyeditors.URLEditor
2028:             1             64  org.springframework.boot.autoconfigure.jackson.JacksonProperties
2029:             1             64  org.springframework.boot.autoconfigure.template.TemplateAvailabilityProviders$1
2030:             1             64  org.springframework.boot.autoconfigure.web.servlet.WebMvcProperties
2031:             4             64  org.springframework.boot.convert.CollectionToDelimitedStringConverter
2032:             1             64  org.springframework.context.annotation.CommonAnnotationBeanPostProcessor
2033:             2             64  org.springframework.context.annotation.ConditionEvaluator$ConditionContextImpl
2034:             2             64  org.springframework.context.annotation.ConfigurationClassParser$ImportStack
2035:             4             64  org.springframework.core.convert.support.ArrayToCollectionConverter
2036:             4             64  org.springframework.core.convert.support.ArrayToObjectConverter
2037:             4             64  org.springframework.core.convert.support.ArrayToStringConverter
2038:             4             64  org.springframework.core.convert.support.ByteBufferConverter
2039:             4             64  org.springframework.core.convert.support.CharacterToNumberFactory
2040:             4             64  org.springframework.core.convert.support.CollectionToCollectionConverter
2041:             4             64  org.springframework.core.convert.support.CollectionToObjectConverter
2042:             4             64  org.springframework.core.convert.support.EnumToIntegerConverter
2043:             4             64  org.springframework.core.convert.support.EnumToStringConverter
2044:             4             64  org.springframework.core.convert.support.FallbackObjectToStringConverter
2045:             4             64  org.springframework.core.convert.support.IdToEntityConverter
2046:             4             64  org.springframework.core.convert.support.IntegerToEnumConverterFactory
2047:             4             64  org.springframework.core.convert.support.MapToMapConverter
2048:             4             64  org.springframework.core.convert.support.NumberToCharacterConverter
2049:             4             64  org.springframework.core.convert.support.NumberToNumberConverterFactory
2050:             4             64  org.springframework.core.convert.support.ObjectToArrayConverter
2051:             4             64  org.springframework.core.convert.support.ObjectToCollectionConverter
2052:             4             64  org.springframework.core.convert.support.ObjectToObjectConverter
2053:             4             64  org.springframework.core.convert.support.ObjectToOptionalConverter
2054:             4             64  org.springframework.core.convert.support.PropertiesToStringConverter
2055:             4             64  org.springframework.core.convert.support.StreamConverter
2056:             4             64  org.springframework.core.convert.support.StringToArrayConverter
2057:             4             64  org.springframework.core.convert.support.StringToBooleanConverter
2058:             4             64  org.springframework.core.convert.support.StringToCharacterConverter
2059:             4             64  org.springframework.core.convert.support.StringToCharsetConverter
2060:             4             64  org.springframework.core.convert.support.StringToCollectionConverter
2061:             4             64  org.springframework.core.convert.support.StringToCurrencyConverter
2062:             4             64  org.springframework.core.convert.support.StringToEnumConverterFactory
2063:             4             64  org.springframework.core.convert.support.StringToLocaleConverter
2064:             4             64  org.springframework.core.convert.support.StringToNumberConverterFactory
2065:             4             64  org.springframework.core.convert.support.StringToPropertiesConverter
2066:             4             64  org.springframework.core.convert.support.StringToTimeZoneConverter
2067:             4             64  org.springframework.core.convert.support.StringToUUIDConverter
2068:             4             64  org.springframework.core.convert.support.ZoneIdToTimeZoneConverter
2069:             4             64  org.springframework.core.convert.support.ZonedDateTimeToCalendarConverter
2070:             2             64  org.springframework.core.task.SimpleAsyncTaskExecutor$ConcurrencyThrottleAdapter
2071:             2             64  org.springframework.core.type.filter.AnnotationTypeFilter
2072:             2             64  org.springframework.http.converter.support.AllEncompassingFormHttpMessageConverter
2073:             1             64  org.springframework.jdbc.core.namedparam.NamedParameterJdbcTemplate$1
2074:             2             64  org.springframework.messaging.simp.broker.BrokerAvailabilityEvent
2075:             1             64  org.springframework.messaging.simp.broker.DefaultSubscriptionRegistry$DestinationCache$1
2076:             2             64  org.springframework.messaging.simp.config.TaskExecutorRegistration
2077:             1             64  org.springframework.messaging.simp.stomp.StompEncoder$1
2078:             1             64  org.springframework.validation.beanvalidation.MethodValidationPostProcessor
2079:             2             64  org.springframework.web.context.support.StandardServletEnvironment
2080:             4             64  org.springframework.web.method.annotation.ModelMethodProcessor
2081:             1             64  org.springframework.web.servlet.view.AbstractCachingViewResolver$2
2082:             2             64  org.springframework.web.socket.messaging.SessionConnectEvent
2083:             2             64  org.springframework.web.socket.messaging.SessionConnectedEvent
2084:             4             64  org.zeroturnaround.javarebel.integration.generic.MultiReloadCheckListener
2085:             2             64  org.zeroturnaround.javarebel.integration.util.ClassLoaderLocalUtil$DestructibleClassEventListenerAdapter
2086:             4             64  sun.net.www.protocol.jar.Handler
2087:             2             64  sun.reflect.UnsafeQualifiedBooleanFieldAccessorImpl
2088:             1             64  sun.security.provider.SHA2$SHA256
2089:             2             64  sun.security.x509.NetscapeCertTypeExtension
2090:             1             64  sun.util.locale.provider.RuleBasedBreakIterator
2091:             1             56  [Lcom.fasterxml.jackson.annotation.JsonFormat$Shape;
2092:             1             56  [Lcom.sun.org.apache.xalan.internal.utils.XMLSecurityManager$Limit;
2093:             1             56  [Lcom.sun.org.apache.xerces.internal.impl.XMLScanner$NameType;
2094:             1             56  [Lcom.sun.org.apache.xerces.internal.utils.XMLSecurityManager$Limit;
2095:             2             56  [Lcom.zeroturnaround.javarebel.cmy;
2096:             1             56  [Ljava.lang.Runnable;
2097:             1             56  [Ljava.text.Format;
2098:             3             56  [Lorg.springframework.context.annotation.ComponentScan$Filter;
2099:             1             56  [Lorg.springframework.messaging.simp.SimpMessageType;
2100:             2             56  [Lorg.springframework.util.MimeType;
2101:             1             56  [Lorg.zeroturnaround.bundled.javassist.CtClass;
2102:             1             56  [Lorg.zeroturnaround.javarebel.LicenceType;
2103:             1             56  [Lsun.util.logging.PlatformLogger$Level;
2104:             1             56  ch.qos.logback.classic.encoder.PatternLayoutEncoder
2105:             1             56  com.fasterxml.classmate.types.ResolvedObjectType
2106:             1             56  com.fasterxml.jackson.datatype.jsr310.ser.ZonedDateTimeSerializer
2107:             1             56  com.sun.org.apache.xerces.internal.jaxp.SAXParserImpl
2108:             1             56  com.zeroturnaround.javarebel.fxq
2109:             1             56  java.util.logging.LogManager
2110:             1             56  org.apache.catalina.core.StandardContextValve
2111:             1             56  org.apache.catalina.core.StandardEngineValve
2112:             1             56  org.apache.catalina.core.StandardHostValve
2113:             1             56  org.apache.catalina.util.StandardSessionIdGenerator
2114:             1             56  org.apache.catalina.webresources.Cache
2115:             1             56  org.apache.tomcat.util.net.NioSelectorPool
2116:             1             56  org.apache.tomcat.util.scan.StandardJarScanFilter
2117:             1             56  org.apache.tomcat.util.threads.TaskQueue
2118:             1             56  org.hibernate.validator.internal.metadata.BeanMetaDataManager
2119:             1             56  org.hibernate.validator.internal.xml.config.BootstrapConfigurationImpl
2120:             1             56  org.hibernate.validator.internal.xml.config.ValidationBootstrapParameters
2121:             1             56  org.springframework.asm.Label
2122:             1             56  org.springframework.beans.factory.annotation.AutowiredAnnotationBeanPostProcessor
2123:             1             56  org.springframework.boot.autoconfigure.web.ResourceProperties$Cache$Cachecontrol
2124:             1             56  org.springframework.boot.autoconfigure.web.servlet.DispatcherServletRegistrationBean
2125:             1             56  org.springframework.boot.autoconfigure.web.servlet.WebMvcAutoConfiguration$WebMvcAutoConfigurationAdapter$$EnhancerBySpringCGLIB$$3122d8a3
2126:             1             56  org.springframework.boot.devtools.filewatch.FileSystemWatcher
2127:             1             56  org.springframework.boot.web.client.RestTemplateBuilder
2128:             1             56  org.springframework.boot.web.embedded.tomcat.LazySessionIdGenerator
2129:             1             56  org.springframework.dao.annotation.PersistenceExceptionTranslationPostProcessor
2130:             1             56  org.springframework.messaging.simp.config.MessageBrokerRegistry
2131:             1             56  org.springframework.util.StopWatch
2132:             1             56  org.springframework.validation.beanvalidation.LocalValidatorFactoryBean
2133:             1             56  org.springframework.web.servlet.view.ContentNegotiatingViewResolver
2134:             1             56  org.springframework.web.socket.config.annotation.DelegatingWebSocketMessageBrokerConfiguration$$EnhancerBySpringCGLIB$$151c7e11
2135:             1             56  org.springframework.web.socket.messaging.StompSubProtocolHandler
2136:             1             56  org.zeroturnaround.javarebel.integration.monitor.FileMonitorAdapter
2137:             1             56  sun.rmi.runtime.Log$InternalStreamHandler
2138:             1             56  sun.security.provider.MD5
2139:             1             56  sun.security.ssl.InputRecord
2140:             3             48  [Lcom.fasterxml.classmate.ResolvedType;
2141:             1             48  [Lcom.fasterxml.jackson.annotation.JsonFormat$Feature;
2142:             1             48  [Lcom.fasterxml.jackson.annotation.JsonInclude$Include;
2143:             1             48  [Lcom.sun.beans.util.Cache$CacheEntry;
2144:             1             48  [Lcom.sun.management.VMOption$Origin;
2145:             1             48  [Lcom.zeroturnaround.javarebel.gdk;
2146:             1             48  [Ljava.beans.WeakIdentityMap$Entry;
2147:             3             48  [Ljava.lang.StackTraceElement;
2148:             3             48  [Ljava.lang.Throwable;
2149:             1             48  [Ljava.lang.invoke.MethodHandleImpl$Intrinsic;
2150:             1             48  [Ljava.math.RoundingMode;
2151:             1             48  [Ljava.util.concurrent.TimeUnit;
2152:             2             48  [Ljavax.annotation.Resource$AuthenticationType;
2153:             3             48  [Lorg.apache.catalina.mapper.Mapper$MappedWrapper;
2154:             1             48  [Lorg.apache.tomcat.util.http.parser.HttpParser$DomainParseState;
2155:             1             48  [Lorg.apache.tomcat.util.net.AbstractEndpoint$Handler$SocketState;
2156:             2             48  [Lorg.hibernate.validator.internal.util.ConcurrentReferenceHashMap$Option;
2157:             1             48  [Lorg.springframework.boot.convert.DurationStyle$Unit;
2158:             1             48  [Lorg.springframework.cglib.proxy.CallbackInfo;
2159:             2             48  [Lorg.springframework.context.annotation.AdviceMode;
2160:             1             48  [Lsun.management.counter.Units;
2161:             1             48  [Lsun.security.ssl.SignatureAndHashAlgorithm$HashAlgorithm;
2162:             1             48  [Lsun.security.x509.NetscapeCertTypeExtension$MapEntry;
2163:             1             48  [[Ljava.lang.Object;
2164:             1             48  ch.qos.logback.classic.pattern.DateConverter
2165:             3             48  ch.qos.logback.core.spi.LogbackLock
2166:             2             48  ch.qos.logback.core.subst.Node$Type
2167:             1             48  com.alibaba.fastjson.parser.ParserConfig
2168:             2             48  com.alibaba.fastjson.util.IdentityHashMap
2169:             2             48  com.fasterxml.jackson.databind.AnnotationIntrospector$ReferenceProperty$Type
2170:             1             48  com.fasterxml.jackson.databind.cfg.ConfigOverride$Empty
2171:             2             48  com.fasterxml.jackson.databind.deser.impl.NullsConstantProvider
2172:             2             48  com.fasterxml.jackson.databind.introspect.AnnotationIntrospectorPair
2173:             2             48  com.fasterxml.jackson.databind.ser.std.BooleanSerializer
2174:             1             48  com.fasterxml.jackson.databind.ser.std.CollectionSerializer
2175:             1             48  com.fasterxml.jackson.databind.util.StdDateFormat
2176:             1             48  com.fasterxml.jackson.datatype.jsr310.ser.InstantSerializer
2177:             1             48  com.fasterxml.jackson.datatype.jsr310.ser.OffsetDateTimeSerializer
2178:             2             48  com.sun.crypto.provider.AESCipher$General
2179:             2             48  com.sun.jmx.mbeanserver.ClassLoaderRepositorySupport$LoaderEntry
2180:             1             48  com.sun.jmx.mbeanserver.DefaultMXBeanMappingFactory$Mappings
2181:             2             48  com.sun.jmx.mbeanserver.WeakIdentityHashMap
2182:             2             48  com.sun.org.apache.xerces.internal.impl.dtd.DTDGrammarBucket
2183:             2             48  com.sun.org.apache.xerces.internal.impl.dtd.XMLAttributeDecl
2184:             3             48  com.sun.org.apache.xerces.internal.impl.dv.dtd.ListDatatypeValidator
2185:             1             48  com.sun.org.apache.xerces.internal.util.XMLAttributesImpl
2186:             3             48  com.sun.proxy.$Proxy14
2187:             3             48  com.sun.proxy.$Proxy32
2188:             3             48  com.sun.proxy.$Proxy47
2189:             3             48  com.sun.proxy.$Proxy54
2190:             3             48  com.sun.proxy.$Proxy70
2191:             2             48  com.sysmin.controller.LogController$$Lambda$470/208722269
2192:             2             48  com.zeroturnaround.javarebel.ayo
2193:             3             48  com.zeroturnaround.javarebel.bta
2194:             3             48  com.zeroturnaround.javarebel.btb
2195:             3             48  com.zeroturnaround.javarebel.btc
2196:             3             48  com.zeroturnaround.javarebel.btg
2197:             3             48  com.zeroturnaround.javarebel.bth
2198:             3             48  com.zeroturnaround.javarebel.btm
2199:             3             48  com.zeroturnaround.javarebel.btn
2200:             3             48  com.zeroturnaround.javarebel.bvw
2201:             2             48  com.zeroturnaround.javarebel.bwb
2202:             2             48  com.zeroturnaround.javarebel.bwc
2203:             3             48  com.zeroturnaround.javarebel.bxp
2204:             3             48  com.zeroturnaround.javarebel.bzl
2205:             3             48  com.zeroturnaround.javarebel.bzn
2206:             3             48  com.zeroturnaround.javarebel.bzr
2207:             3             48  com.zeroturnaround.javarebel.bzv
2208:             3             48  com.zeroturnaround.javarebel.c
2209:             3             48  com.zeroturnaround.javarebel.cai
2210:             3             48  com.zeroturnaround.javarebel.can
2211:             3             48  com.zeroturnaround.javarebel.cax
2212:             1             48  com.zeroturnaround.javarebel.cb
2213:             2             48  com.zeroturnaround.javarebel.cet
2214:             2             48  com.zeroturnaround.javarebel.cfx
2215:             3             48  com.zeroturnaround.javarebel.cgd
2216:             3             48  com.zeroturnaround.javarebel.cgh
2217:             2             48  com.zeroturnaround.javarebel.chk
2218:             1             48  com.zeroturnaround.javarebel.ciw
2219:             3             48  com.zeroturnaround.javarebel.cjf
2220:             1             48  com.zeroturnaround.javarebel.ckb
2221:             3             48  com.zeroturnaround.javarebel.cky
2222:             3             48  com.zeroturnaround.javarebel.clj
2223:             3             48  com.zeroturnaround.javarebel.cln
2224:             2             48  com.zeroturnaround.javarebel.guu
2225:             3             48  com.zeroturnaround.javarebel.h
2226:             3             48  com.zeroturnaround.javarebel.hab
2227:             2             48  com.zeroturnaround.javarebel.i
2228:             2             48  com.zeroturnaround.javarebel.internalsdk.Internal$CoreVersion
2229:             3             48  com.zeroturnaround.javarebel.jv
2230:             3             48  com.zeroturnaround.javarebel.ke
2231:             3             48  com.zeroturnaround.javarebel.s
2232:             2             48  com.zeroturnaround.javarebel.ux
2233:             2             48  com.zeroturnaround.javarebel.xy
2234:             2             48  com.zeroturnaround.javarebel.yc
2235:             2             48  com.zeroturnaround.javarebel.yd
2236:             2             48  com.zeroturnaround.javarebel.yo
2237:             2             48  com.zeroturnaround.javarebel.yq
2238:             2             48  com.zeroturnaround.javarebel.yy
2239:             2             48  com.zeroturnaround.javarebel.z
2240:             1             48  com.zeroturnaround.javarebel.zn
2241:             1             48  com.zeroturnaround.javarebel.zo
2242:             1             48  com.zeroturnaround.jrebel.bundled.org.apache.http.impl.execchain.c
2243:             2             48  com.zeroturnaround.jrebelbase.f
2244:             2             48  com.zeroturnaround.jrebelbase.facade.at
2245:             2             48  com.zeroturnaround.jrebelbase.facade.z
2246:             1             48  com.zeroturnaround.reload.a
2247:             2             48  java.io.File$PathStatus
2248:             2             48  java.lang.ClassValue$Version
2249:             1             48  java.lang.ProcessEnvironment
2250:             1             48  java.lang.invoke.BoundMethodHandle$Species_L4
2251:             1             48  java.lang.invoke.BoundMethodHandle$Species_L5
2252:             2             48  java.lang.reflect.ReflectPermission
2253:             2             48  java.net.InetAddress$Cache
2254:             2             48  java.net.InetAddress$Cache$Type
2255:             2             48  java.net.SocketPermissionCollection
2256:             2             48  java.net.StandardProtocolFamily
2257:             3             48  java.nio.channels.spi.AbstractSelector$1
2258:             2             48  java.nio.charset.CoderResult
2259:             3             48  java.nio.charset.CodingErrorAction
2260:             2             48  java.sql.SQLPermission
2261:             3             48  java.text.AttributedCharacterIterator$Attribute
2262:             2             48  java.time.format.DateTimeFormatterBuilder$1
2263:             3             48  java.time.format.DateTimeFormatterBuilder$StringLiteralPrinterParser
2264:             2             48  java.time.format.DateTimeFormatterBuilder$ZoneIdPrinterParser
2265:             2             48  java.time.format.DateTimeTextProvider$LocaleStore
2266:             3             48  java.util.Base64$Decoder
2267:             2             48  java.util.Collections$3
2268:             1             48  java.util.concurrent.ConcurrentSkipListMap
2269:             2             48  java.util.concurrent.LinkedBlockingDeque$Node
2270:             3             48  java.util.concurrent.SynchronousQueue$TransferStack
2271:             1             48  java.util.concurrent.locks.ReentrantReadWriteLock$FairSync
2272:             3             48  java.util.jar.JarVerifier$3
2273:             2             48  java.util.logging.Logger$LoggerBundle
2274:             2             48  java.util.regex.Pattern$Prolog
2275:             2             48  java.util.stream.ReferencePipeline$2$1
2276:             2             48  javax.annotation.Resource$AuthenticationType
2277:             2             48  javax.crypto.spec.SecretKeySpec
2278:             2             48  javax.el.ExpressionFactory$CacheValue
2279:             2             48  javax.el.Util$CacheValue
2280:             2             48  javax.management.remote.rmi.RMIJRMPServerImpl$ExportedWrapper
2281:             2             48  javax.validation.constraintvalidation.ValidationTarget
2282:             1             48  org.apache.catalina.core.DefaultInstanceManager
2283:             2             48  org.apache.catalina.core.StandardWrapperFacade
2284:             1             48  org.apache.catalina.mapper.MapperListener
2285:             3             48  org.apache.catalina.realm.RealmBase$AllRolesMode
2286:             1             48  org.apache.catalina.startup.Tomcat
2287:             2             48  org.apache.catalina.util.ErrorPageSupport
2288:             2             48  org.apache.catalina.util.URLEncoder
2289:             3             48  org.apache.catalina.webresources.Cache$EvictionOrder
2290:             1             48  org.apache.catalina.webresources.FileResource
2291:             1             48  org.apache.logging.log4j.simple.SimpleLogger
2292:             1             48  org.apache.logging.log4j.status.StatusLogger
2293:             1             48  org.apache.logging.slf4j.SLF4JProvider
2294:             2             48  org.apache.tomcat.util.buf.UEncoder$SafeCharsSet
2295:             1             48  org.apache.tomcat.util.digester.CallMethodRule
2296:             1             48  org.apache.tomcat.util.modeler.Registry
2297:             1             48  org.hibernate.validator.internal.engine.ValidatorFactoryImpl$ValidatorFactoryScopedContext
2298:             1             48  org.hibernate.validator.internal.engine.ValidatorImpl
2299:             2             48  org.hibernate.validator.internal.metadata.descriptor.ConstraintDescriptorImpl$ConstraintType
2300:             1             48  org.hibernate.validator.messageinterpolation.ResourceBundleMessageInterpolator
2301:             2             48  org.springframework.aop.support.annotation.AnnotationClassFilter
2302:             2             48  org.springframework.aop.support.annotation.AnnotationMatchingPointcut
2303:             2             48  org.springframework.beans.factory.annotation.InitDestroyAnnotationBeanPostProcessor$LifecycleElement
2304:             3             48  org.springframework.boot.autoconfigure.cache.CacheCondition
2305:             2             48  org.springframework.boot.autoconfigure.condition.OnResourceCondition
2306:             2             48  org.springframework.boot.autoconfigure.http.HttpProperties$Encoding$Type
2307:             2             48  org.springframework.boot.autoconfigure.jdbc.DataSourceAutoConfiguration$PooledDataSourceCondition
2308:             1             48  org.springframework.boot.autoconfigure.task.TaskExecutionAutoConfiguration$$EnhancerBySpringCGLIB$$afd15614
2309:             1             48  org.springframework.boot.autoconfigure.web.ServerProperties$Jetty$Accesslog
2310:             2             48  org.springframework.boot.autoconfigure.web.servlet.HttpEncodingAutoConfiguration$$EnhancerBySpringCGLIB$$f78673e0$$FastClassBySpringCGLIB$$830cfb52
2311:             2             48  org.springframework.boot.autoconfigure.web.servlet.HttpEncodingAutoConfiguration$$FastClassBySpringCGLIB$$8e591c9d
2312:             2             48  org.springframework.boot.autoconfigure.web.servlet.MultipartAutoConfiguration$$EnhancerBySpringCGLIB$$6676fbed$$FastClassBySpringCGLIB$$b156b9e9
2313:             2             48  org.springframework.boot.autoconfigure.web.servlet.MultipartAutoConfiguration$$FastClassBySpringCGLIB$$e81ad00a
2314:             2             48  org.springframework.boot.autoconfigure.web.servlet.ServletWebServerFactoryAutoConfiguration$$EnhancerBySpringCGLIB$$13eae4a1$$FastClassBySpringCGLIB$$698e7598
2315:             2             48  org.springframework.boot.autoconfigure.web.servlet.ServletWebServerFactoryAutoConfiguration$$FastClassBySpringCGLIB$$36b2d63e
2316:             2             48  org.springframework.boot.autoconfigure.web.servlet.WebMvcAutoConfiguration$$EnhancerBySpringCGLIB$$5873fbb5$$FastClassBySpringCGLIB$$ff50e6b5
2317:             2             48  org.springframework.boot.autoconfigure.web.servlet.WebMvcAutoConfiguration$$FastClassBySpringCGLIB$$1a49ed2
2318:             2             48  org.springframework.boot.autoconfigure.web.servlet.WebMvcAutoConfiguration$WebMvcAutoConfigurationAdapter$FaviconConfiguration$$EnhancerBySpringCGLIB$$ed5fe0e9$$FastClassBySpringCGLIB$$dbde8142
2319:             2             48  org.springframework.boot.autoconfigure.web.servlet.WebMvcAutoConfiguration$WebMvcAutoConfigurationAdapter$FaviconConfiguration$$FastClassBySpringCGLIB$$63819186
2320:             2             48  org.springframework.boot.autoconfigure.web.servlet.WebMvcProperties$LocaleResolver
2321:             1             48  org.springframework.boot.autoconfigure.web.servlet.error.ErrorMvcAutoConfiguration$$EnhancerBySpringCGLIB$$4fddc2c3
2322:             2             48  org.springframework.boot.autoconfigure.web.servlet.error.ErrorMvcAutoConfiguration$WhitelabelErrorViewConfiguration$$EnhancerBySpringCGLIB$$2f11a93b$$FastClassBySpringCGLIB$$75cc8bbc
2323:             2             48  org.springframework.boot.autoconfigure.web.servlet.error.ErrorMvcAutoConfiguration$WhitelabelErrorViewConfiguration$$FastClassBySpringCGLIB$$aa49e198
2324:             2             48  org.springframework.boot.context.properties.bind.JavaBeanBinder$Bean
2325:             2             48  org.springframework.boot.context.properties.source.SpringConfigurationPropertySource
2326:             2             48  org.springframework.boot.context.properties.source.SpringConfigurationPropertySources
2327:             1             48  org.springframework.boot.devtools.filewatch.FileSystemWatcher$Watcher
2328:             1             48  org.springframework.boot.logging.logback.ExtendedWhitespaceThrowableProxyConverter
2329:             1             48  org.springframework.boot.task.TaskExecutorBuilder
2330:             1             48  org.springframework.boot.web.servlet.filter.OrderedCharacterEncodingFilter
2331:             1             48  org.springframework.boot.web.servlet.filter.OrderedFormContentFilter
2332:             1             48  org.springframework.boot.web.servlet.filter.OrderedHiddenHttpMethodFilter
2333:             1             48  org.springframework.boot.web.servlet.filter.OrderedRequestContextFilter
2334:             3             48  org.springframework.cglib.core.AbstractClassGenerator$Source
2335:             2             48  org.springframework.context.annotation.AdviceMode
2336:             3             48  org.springframework.context.annotation.AnnotationBeanNameGenerator
2337:             1             48  org.springframework.context.annotation.ConfigurationClassBeanDefinitionReader
2338:             2             48  org.springframework.context.annotation.ConfigurationCondition$ConfigurationPhase
2339:             2             48  org.springframework.context.support.ApplicationListenerDetector
2340:             2             48  org.springframework.core.NamedInheritableThreadLocal
2341:             2             48  org.springframework.core.ResolvableType$WildcardBounds$Kind
2342:             3             48  org.springframework.core.env.MutablePropertySources
2343:             3             48  org.springframework.expression.spel.standard.SpelExpressionParser
2344:             3             48  org.springframework.expression.spel.support.StandardOperatorOverloader
2345:             3             48  org.springframework.expression.spel.support.StandardTypeComparator
2346:             3             48  org.springframework.expression.spel.support.StandardTypeConverter
2347:             2             48  org.springframework.expression.spel.support.StandardTypeLocator
2348:             3             48  org.springframework.format.datetime.DateTimeFormatAnnotationFormatterFactory
2349:             3             48  org.springframework.format.datetime.standard.DateTimeConverters$CalendarToInstantConverter
2350:             3             48  org.springframework.format.datetime.standard.DateTimeConverters$CalendarToLocalDateConverter
2351:             3             48  org.springframework.format.datetime.standard.DateTimeConverters$CalendarToLocalDateTimeConverter
2352:             3             48  org.springframework.format.datetime.standard.DateTimeConverters$CalendarToLocalTimeConverter
2353:             3             48  org.springframework.format.datetime.standard.DateTimeConverters$CalendarToOffsetDateTimeConverter
2354:             3             48  org.springframework.format.datetime.standard.DateTimeConverters$CalendarToZonedDateTimeConverter
2355:             3             48  org.springframework.format.datetime.standard.DateTimeConverters$InstantToLongConverter
2356:             3             48  org.springframework.format.datetime.standard.DateTimeConverters$LocalDateTimeToLocalDateConverter
2357:             3             48  org.springframework.format.datetime.standard.DateTimeConverters$LocalDateTimeToLocalTimeConverter
2358:             3             48  org.springframework.format.datetime.standard.DateTimeConverters$LongToInstantConverter
2359:             3             48  org.springframework.format.datetime.standard.DateTimeConverters$OffsetDateTimeToInstantConverter
2360:             3             48  org.springframework.format.datetime.standard.DateTimeConverters$OffsetDateTimeToLocalDateConverter
2361:             3             48  org.springframework.format.datetime.standard.DateTimeConverters$OffsetDateTimeToLocalDateTimeConverter
2362:             3             48  org.springframework.format.datetime.standard.DateTimeConverters$OffsetDateTimeToLocalTimeConverter
2363:             3             48  org.springframework.format.datetime.standard.DateTimeConverters$OffsetDateTimeToZonedDateTimeConverter
2364:             3             48  org.springframework.format.datetime.standard.DateTimeConverters$ZonedDateTimeToInstantConverter
2365:             3             48  org.springframework.format.datetime.standard.DateTimeConverters$ZonedDateTimeToLocalDateConverter
2366:             3             48  org.springframework.format.datetime.standard.DateTimeConverters$ZonedDateTimeToLocalDateTimeConverter
2367:             3             48  org.springframework.format.datetime.standard.DateTimeConverters$ZonedDateTimeToLocalTimeConverter
2368:             3             48  org.springframework.format.datetime.standard.DateTimeConverters$ZonedDateTimeToOffsetDateTimeConverter
2369:             3             48  org.springframework.format.datetime.standard.DurationFormatter
2370:             3             48  org.springframework.format.datetime.standard.InstantFormatter
2371:             3             48  org.springframework.format.datetime.standard.Jsr310DateTimeFormatAnnotationFormatterFactory
2372:             3             48  org.springframework.format.datetime.standard.MonthDayFormatter
2373:             3             48  org.springframework.format.datetime.standard.MonthFormatter
2374:             3             48  org.springframework.format.datetime.standard.PeriodFormatter
2375:             3             48  org.springframework.format.datetime.standard.YearFormatter
2376:             3             48  org.springframework.format.datetime.standard.YearMonthFormatter
2377:             3             48  org.springframework.format.number.NumberFormatAnnotationFormatterFactory
2378:             1             48  org.springframework.jdbc.core.JdbcTemplate
2379:             3             48  org.springframework.messaging.converter.DefaultContentTypeResolver
2380:             1             48  org.springframework.messaging.simp.broker.DefaultSubscriptionRegistry
2381:             2             48  org.springframework.messaging.simp.broker.DefaultSubscriptionRegistry$DestinationCache$$Lambda$480/1194730465
2382:             1             48  org.springframework.messaging.simp.user.UserDestinationMessageHandler
2383:             3             48  org.springframework.messaging.support.ImmutableMessageChannelInterceptor
2384:             1             48  org.springframework.scheduling.annotation.ScheduledAnnotationBeanPostProcessor
2385:             1             48  org.springframework.scheduling.config.ScheduledTaskRegistrar
2386:             2             48  org.springframework.util.ConcurrentReferenceHashMap$ReferenceType
2387:             2             48  org.springframework.util.ConcurrentReferenceHashMap$Restructure
2388:             1             48  org.springframework.web.accept.ContentNegotiationManagerFactoryBean
2389:             2             48  org.springframework.web.context.support.ServletContextResource
2390:             2             48  org.springframework.web.context.support.ServletContextResourcePatternResolver
2391:             2             48  org.springframework.web.method.annotation.ExpressionValueMethodArgumentResolver
2392:             3             48  org.springframework.web.method.annotation.MapMethodProcessor
2393:             2             48  org.springframework.web.method.support.HandlerMethodReturnValueHandlerComposite
2394:             2             48  org.springframework.web.servlet.mvc.condition.ProducesRequestCondition$ProduceMediaTypeExpression
2395:             2             48  org.springframework.web.servlet.mvc.method.annotation.MatrixVariableMethodArgumentResolver
2396:             2             48  org.springframework.web.servlet.mvc.method.annotation.PathVariableMethodArgumentResolver
2397:             2             48  org.springframework.web.servlet.mvc.method.annotation.ServletModelAttributeMethodProcessor
2398:             3             48  org.springframework.web.servlet.mvc.method.annotation.ServletRequestMethodArgumentResolver
2399:             3             48  org.springframework.web.servlet.mvc.method.annotation.ServletResponseMethodArgumentResolver
2400:             2             48  org.springframework.web.socket.WebSocketExtension
2401:             2             48  org.springframework.web.socket.WebSocketHttpHeaders
2402:             1             48  org.springframework.web.socket.config.WebSocketMessageBrokerStats
2403:             2             48  org.springframework.web.socket.handler.ConcurrentWebSocketSessionDecorator$OverflowStrategy
2404:             1             48  org.springframework.web.socket.messaging.SubProtocolWebSocketHandler$Stats
2405:             2             48  org.springframework.web.socket.server.support.HandshakeInterceptorChain
2406:             2             48  org.zeroturnaround.bundled.javassist.CtArray
2407:             1             48  org.zeroturnaround.bundled.javassist.compiler.KeywordTable
2408:             1             48  org.zeroturnaround.javarebel.integration.fileservlet.FileServlet
2409:             3             48  org.zeroturnaround.javarebel.integration.generic.BaseServletContextImplClassBytecodeProcessor
2410:             3             48  org.zeroturnaround.javarebel.integration.monitor.MonitoredResource$1
2411:             2             48  org.zeroturnaround.javarebel.integration.spring.beans.cbp.AutowiredPropertyCacheCBP
2412:             2             48  org.zeroturnaround.javarebel.integration.spring.beans.cbp.InjectionPropertySkippingCBP
2413:             3             48  org.zeroturnaround.javarebel.integration.support.AtomicBoolean
2414:             2             48  org.zeroturnaround.javarebel.preferences.FileStore$4
2415:             2             48  org.zeroturnaround.javarebel.preferences.FileStore$Lock
2416:             1             48  org.zeroturnaround.javarebel.reporting.MetricsExecutor
2417:             2             48  org.zeroturnaround.javarebel.reporting.backend.LazyInitMessageBackendDecorator
2418:             2             48  org.zeroturnaround.javarebel.reporting.backend.impl.SegmentIOBackend$METHOD
2419:             1             48  org.zeroturnaround.javarebel.reporting.stats.repository.impl.RepositoryMetricsStatistics$AppSizeStatsListener
2420:             2             48  org.zeroturnaround.javarebel.service.ServiceRequestUtil$WeakServiceRequestListener
2421:             3             48  org.zeroturnaround.jrebel.apache.commons.compress.archivers.zip.ExtraFieldUtils$UnparseableExtraField
2422:             2             48  org.zeroturnaround.jrebel.apache.commons.compress.archivers.zip.ZipEncodingHelper$SimpleEncodingHolder
2423:             2             48  sun.management.ManagementFactoryHelper$1
2424:             2             48  sun.misc.NativeSignalHandler
2425:             2             48  sun.misc.Signal
2426:             3             48  sun.nio.ch.Util$3
2427:             2             48  sun.nio.cs.ext.EUC_KR
2428:             2             48  sun.nio.cs.ext.JIS_X_0208_MS5022X
2429:             2             48  sun.nio.cs.ext.JIS_X_0212_MS5022X
2430:             3             48  sun.rmi.server.UnicastRef
2431:             3             48  sun.rmi.server.WeakClassHashMap$ValueCell
2432:             2             48  sun.security.action.GetPropertyAction
2433:             2             48  sun.security.jca.ProviderList
2434:             2             48  sun.security.jca.ProviderList$3
2435:             3             48  sun.security.ssl.AbstractTrustManagerWrapper
2436:             3             48  sun.security.ssl.EphemeralKeyManager
2437:             1             48  sun.security.ssl.OutputRecord
2438:             2             48  sun.security.ssl.SSLAlgorithmConstraints
2439:             3             48  sun.security.ssl.SSLSocketFactoryImpl
2440:             3             48  sun.security.util.AlgorithmDecomposer
2441:             3             48  sun.text.normalizer.CharTrie$FriendAgent
2442:             1             48  sun.text.normalizer.IntTrie
2443:             3             48  sun.text.normalizer.NormalizerBase$QuickCheckResult
2444:             3             48  sun.text.normalizer.VersionInfo
2445:             1             48  sun.text.resources.FormatData
2446:             1             48  sun.text.resources.en.FormatData_en
2447:             1             48  sun.text.resources.en.FormatData_en_US
2448:             1             48  sun.text.resources.zh.FormatData_zh
2449:             1             48  sun.text.resources.zh.FormatData_zh_CN
2450:             1             48  sun.util.resources.CalendarData
2451:             1             48  sun.util.resources.CurrencyNames
2452:             1             48  sun.util.resources.TimeZoneNames
2453:             1             48  sun.util.resources.en.CalendarData_en
2454:             1             48  sun.util.resources.en.CurrencyNames_en_US
2455:             1             48  sun.util.resources.en.TimeZoneNames_en
2456:             1             48  sun.util.resources.zh.CalendarData_zh
2457:             1             48  sun.util.resources.zh.CurrencyNames_zh_CN
2458:             2             40  [Lch.qos.logback.core.Appender;
2459:             1             40  [Lch.qos.logback.core.pattern.parser.TokenStream$TokenizerState;
2460:             1             40  [Lch.qos.logback.core.subst.Token$Type;
2461:             1             40  [Lcom.fasterxml.jackson.annotation.JsonAutoDetect$Visibility;
2462:             1             40  [Lcom.fasterxml.jackson.annotation.Nulls;
2463:             1             40  [Lcom.fasterxml.jackson.core.JsonParser$NumberType;
2464:             2             40  [Lcom.sun.jmx.mbeanserver.ClassLoaderRepositorySupport$LoaderEntry;
2465:             1             40  [Lcom.sun.org.apache.xerces.internal.util.Status;
2466:             1             40  [Lcom.sysmin.core.jvm.enums.JstatType;
2467:             1             40  [Lcom.zeroturnaround.javarebel.bpq;
2468:             1             40  [Lcom.zeroturnaround.javarebel.gps;
2469:             1             40  [Lcom.zeroturnaround.javarebel.oq;
2470:             1             40  [Lcom.zeroturnaround.javarebel.x;
2471:             2             40  [Ljava.beans.PropertyChangeListener;
2472:             2             40  [Ljava.lang.instrument.ClassFileTransformer;
2473:             1             40  [Ljava.lang.management.MemoryPoolMXBean;
2474:             2             40  [Ljava.net.URL;
2475:             1             40  [Ljava.time.format.SignStyle;
2476:             1             40  [Ljava.time.format.TextStyle;
2477:             1             40  [Ljava.util.stream.StreamOpFlag;
2478:             1             40  [Ljavax.servlet.http.MappingMatch;
2479:             1             40  [Lorg.apache.coyote.http11.Http11InputBuffer$HeaderParsePosition;
2480:             1             40  [Lorg.apache.tomcat.util.descriptor.web.FilterMap;
2481:             1             40  [Lorg.apache.tomcat.util.net.SocketEvent;
2482:             1             40  [Lorg.apache.tomcat.websocket.WsFrameBase$ReadState;
2483:             1             40  [Lorg.hibernate.validator.internal.metadata.raw.ConstrainedElement$ConstrainedElementKind;
2484:             1             40  [Lorg.jboss.logging.Logger$Level;
2485:             1             40  [Lorg.springframework.boot.ansi.AnsiStyle;
2486:             1             40  [Lorg.zeroturnaround.javarebel.reporting.stats.repository.CommonFieldId;
2487:             1             40  [Lsun.nio.fs.WindowsPathType;
2488:             1             40  [Lsun.security.jca.ServiceId;
2489:             1             40  [Lsun.security.ssl.SignatureAndHashAlgorithm$SignatureAlgorithm;
2490:             1             40  [Lsun.security.util.DisabledAlgorithmConstraints$Constraint$Operator;
2491:             1             40  [Lsun.util.locale.provider.LocaleProviderAdapter$Type;
2492:             1             40  [[Ljava.lang.invoke.LambdaForm$Name;
2493:             1             40  ch.qos.logback.classic.pattern.LoggerConverter
2494:             1             40  ch.qos.logback.core.BasicStatusManager
2495:             1             40  com.SysminApplication$$EnhancerBySpringCGLIB$$cb50aac1
2496:             1             40  com.conf.StompConf$$EnhancerBySpringCGLIB$$6fcfe05b
2497:             1             40  com.fasterxml.jackson.annotation.JsonFormat$Value
2498:             1             40  com.sun.beans.finder.MethodFinder$1
2499:             1             40  com.sun.jmx.interceptor.DefaultMBeanServerInterceptor
2500:             1             40  com.sun.jmx.mbeanserver.JmxMBeanServer
2501:             1             40  com.sun.jmx.mbeanserver.MBeanServerDelegateImpl
2502:             1             40  com.sun.org.apache.xerces.internal.impl.XMLEntityManager$CharacterBufferPool
2503:             1             40  com.sun.org.apache.xerces.internal.impl.XMLErrorReporter
2504:             1             40  com.sun.org.apache.xerces.internal.impl.XMLVersionDetector
2505:             1             40  com.sun.org.apache.xerces.internal.util.SymbolTable
2506:             1             40  com.sun.org.apache.xerces.internal.utils.XMLLimitAnalyzer
2507:             1             40  com.sun.org.apache.xerces.internal.utils.XMLSecurityManager
2508:             1             40  com.sun.xml.internal.stream.XMLEntityStorage
2509:             1             40  com.sun.xml.internal.stream.util.BufferAllocator
2510:             1             40  com.sysmin.controller.jvm.JvmHandlerController
2511:             1             40  com.sysmin.core.jvm.domain.jstat.CompilationDO
2512:             1             40  com.zeroturnaround.javarebel.abj
2513:             1             40  com.zeroturnaround.javarebel.br
2514:             1             40  com.zeroturnaround.javarebel.bsb
2515:             1             40  com.zeroturnaround.javarebel.bsi
2516:             1             40  com.zeroturnaround.javarebel.bud
2517:             1             40  com.zeroturnaround.javarebel.byf
2518:             1             40  com.zeroturnaround.javarebel.chg
2519:             1             40  com.zeroturnaround.javarebel.gfh
2520:             1             40  com.zeroturnaround.javarebel.gwc
2521:             1             40  com.zeroturnaround.javarebel.mz
2522:             1             40  com.zeroturnaround.javarebel.ys
2523:             1             40  com.zeroturnaround.javarebel.ze
2524:             1             40  com.zeroturnaround.jrebel.bundled.org.bouncycastle.jce.provider.BouncyCastleProviderConfiguration
2525:             1             40  java.beans.WeakIdentityMap$Entry
2526:             1             40  java.text.MessageFormat
2527:             1             40  java.time.format.DateTimeFormatterBuilder
2528:             1             40  java.time.format.DateTimeFormatterBuilder$ReducedPrinterParser
2529:             1             40  java.time.format.DateTimeFormatterBuilder$ZoneTextPrinterParser
2530:             1             40  java.time.zone.ZoneRules
2531:             1             40  java.util.ResourceBundle$1
2532:             1             40  java.util.regex.Pattern$LazyLoop
2533:             1             40  java.util.regex.Pattern$Loop
2534:             1             40  javax.crypto.CryptoAllPermission
2535:             1             40  javax.servlet.MultipartConfigElement
2536:             1             40  org.apache.catalina.core.ApplicationSessionCookieConfig
2537:             1             40  org.apache.catalina.mapper.Mapper
2538:             1             40  org.apache.catalina.mbeans.ClassNameMBean
2539:             1             40  org.apache.catalina.mbeans.ConnectorMBean
2540:             1             40  org.apache.catalina.mbeans.ServiceMBean
2541:             1             40  org.apache.catalina.realm.MessageDigestCredentialHandler
2542:             1             40  org.apache.coyote.AbstractProtocol$RecycledProcessors
2543:             1             40  org.hibernate.validator.internal.engine.ValidationContext$ValidatorScopedContext
2544:             1             40  org.hibernate.validator.internal.engine.constraintvalidation.ConstraintValidatorManager
2545:             1             40  org.slf4j.bridge.SLF4JBridgeHandler
2546:             1             40  org.springframework.beans.JrNonSingletonBeanSupport
2547:             1             40  org.springframework.beans.JrNonSingletonBeanSupport$BeanInfo
2548:             1             40  org.springframework.beans.factory.annotation.AutowiredAnnotationBeanPostProcessor$AutowiredFieldElement
2549:             1             40  org.springframework.boot.autoconfigure.admin.SpringApplicationAdminJmxAutoConfiguration$$EnhancerBySpringCGLIB$$b6de5e0c
2550:             1             40  org.springframework.boot.autoconfigure.http.HttpMessageConvertersAutoConfiguration$$EnhancerBySpringCGLIB$$3e6588d2
2551:             1             40  org.springframework.boot.autoconfigure.http.HttpMessageConvertersAutoConfiguration$StringHttpMessageConverterConfiguration$$EnhancerBySpringCGLIB$$71734f72
2552:             1             40  org.springframework.boot.autoconfigure.info.ProjectInfoAutoConfiguration$$EnhancerBySpringCGLIB$$602bca57
2553:             1             40  org.springframework.boot.autoconfigure.jackson.JacksonAutoConfiguration$JacksonObjectMapperBuilderConfiguration$$EnhancerBySpringCGLIB$$3211fee8
2554:             1             40  org.springframework.boot.autoconfigure.jdbc.DataSourceJmxConfiguration$Hikari$$EnhancerBySpringCGLIB$$dd61ea8
2555:             1             40  org.springframework.boot.autoconfigure.jdbc.DataSourceTransactionManagerAutoConfiguration$DataSourceTransactionManagerConfiguration$$EnhancerBySpringCGLIB$$d13255ad
2556:             1             40  org.springframework.boot.autoconfigure.jdbc.JdbcTemplateAutoConfiguration$JdbcTemplateConfiguration$$EnhancerBySpringCGLIB$$3cbcebab
2557:             1             40  org.springframework.boot.autoconfigure.jmx.JmxAutoConfiguration$$EnhancerBySpringCGLIB$$a39d2c5a
2558:             1             40  org.springframework.boot.autoconfigure.transaction.TransactionAutoConfiguration$TransactionTemplateConfiguration$$EnhancerBySpringCGLIB$$22bc1a80
2559:             1             40  org.springframework.boot.autoconfigure.web.ServerProperties$Tomcat$Accesslog
2560:             1             40  org.springframework.boot.autoconfigure.web.ServerProperties$Undertow
2561:             1             40  org.springframework.boot.autoconfigure.web.client.RestTemplateAutoConfiguration$$EnhancerBySpringCGLIB$$bf47b6bf
2562:             1             40  org.springframework.boot.autoconfigure.web.format.WebConversionService
2563:             1             40  org.springframework.boot.autoconfigure.web.servlet.DispatcherServletAutoConfiguration$DispatcherServletConfiguration$$EnhancerBySpringCGLIB$$74314d07
2564:             1             40  org.springframework.boot.autoconfigure.web.servlet.DispatcherServletAutoConfiguration$DispatcherServletRegistrationConfiguration$$EnhancerBySpringCGLIB$$d638e1ae
2565:             1             40  org.springframework.boot.autoconfigure.web.servlet.HttpEncodingAutoConfiguration$$EnhancerBySpringCGLIB$$f78673e0
2566:             1             40  org.springframework.boot.autoconfigure.web.servlet.MultipartAutoConfiguration$$EnhancerBySpringCGLIB$$6676fbed
2567:             1             40  org.springframework.boot.autoconfigure.web.servlet.WebMvcAutoConfiguration$WebMvcAutoConfigurationAdapter$FaviconConfiguration$$EnhancerBySpringCGLIB$$ed5fe0e9
2568:             1             40  org.springframework.boot.autoconfigure.web.servlet.error.ErrorMvcAutoConfiguration$DefaultErrorViewResolverConfiguration$$EnhancerBySpringCGLIB$$64729763
2569:             1             40  org.springframework.boot.autoconfigure.web.servlet.error.ErrorMvcAutoConfiguration$WhitelabelErrorViewConfiguration$$EnhancerBySpringCGLIB$$2f11a93b
2570:             1             40  org.springframework.boot.autoconfigure.websocket.servlet.WebSocketMessagingAutoConfiguration$WebSocketMessageConverterConfiguration$$EnhancerBySpringCGLIB$$fc2b30ef
2571:             1             40  org.springframework.boot.context.properties.ConfigurationPropertiesBinder
2572:             1             40  org.springframework.boot.devtools.autoconfigure.DevToolsProperties$Restart
2573:             1             40  org.springframework.boot.devtools.autoconfigure.LocalDevToolsAutoConfiguration$LiveReloadConfiguration$$EnhancerBySpringCGLIB$$ef1aa9b0
2574:             1             40  org.springframework.boot.devtools.autoconfigure.LocalDevToolsAutoConfiguration$RestartConfiguration$$EnhancerBySpringCGLIB$$8ac4de8e
2575:             1             40  org.springframework.boot.devtools.livereload.LiveReloadServer
2576:             1             40  org.springframework.boot.web.servlet.server.Session
2577:             1             40  org.springframework.boot.web.servlet.server.Session$Cookie
2578:             1             40  org.springframework.context.event.EventListenerMethodProcessor
2579:             1             40  org.springframework.context.expression.StandardBeanExpressionResolver
2580:             1             40  org.springframework.expression.spel.support.SimpleEvaluationContext
2581:             1             40  org.springframework.jdbc.datasource.DataSourceTransactionManager
2582:             1             40  org.springframework.jndi.support.SimpleJndiBeanFactory
2583:             1             40  org.springframework.messaging.converter.MappingJackson2MessageConverter
2584:             1             40  org.springframework.messaging.converter.StringMessageConverter
2585:             1             40  org.springframework.messaging.simp.config.SimpleBrokerRegistration
2586:             1             40  org.springframework.transaction.annotation.ProxyTransactionManagementConfiguration$$EnhancerBySpringCGLIB$$2431bd3e
2587:             1             40  org.springframework.transaction.interceptor.AbstractFallbackTransactionAttributeSource$1
2588:             1             40  org.springframework.transaction.interceptor.BeanFactoryTransactionAttributeSourceAdvisor
2589:             1             40  org.springframework.transaction.interceptor.TransactionInterceptor
2590:             1             40  org.springframework.transaction.support.TransactionTemplate
2591:             1             40  org.springframework.ui.context.support.ResourceBundleThemeSource
2592:             1             40  org.springframework.web.bind.support.ConfigurableWebBindingInitializer
2593:             1             40  org.springframework.web.servlet.config.annotation.PathMatchConfigurer
2594:             1             40  org.springframework.web.servlet.handler.AbstractHandlerMethodMapping$MappingRegistry
2595:             1             40  org.springframework.web.servlet.mvc.annotation.ResponseStatusExceptionResolver
2596:             1             40  org.springframework.web.servlet.mvc.support.DefaultHandlerExceptionResolver
2597:             1             40  org.zeroturnaround.bundled.javassist.ClassPool
2598:             1             40  org.zeroturnaround.javarebel.preferences.FileStore
2599:             1             40  org.zeroturnaround.javarebel.reporting.stats.repository.impl.RepositoryMetricsStatistics
2600:             1             40  org.zeroturnaround.javarebel.reporting.stats.repository.impl.StatisticsRepositoryImpl
2601:             1             40  org.zeroturnaround.javarebel.spring.handlermethod.HandlerMethodReloader
2602:             1             40  org.zeroturnaround.jrebel.intellij.IntelliJProcessListener
2603:             1             40  sun.management.DiagnosticCommandImpl
2604:             1             40  sun.management.resources.agent
2605:             1             40  sun.management.resources.agent_zh_CN
2606:             1             40  sun.net.idn.StringPrep
2607:             1             40  sun.nio.cs.StandardCharsets$Aliases
2608:             1             40  sun.nio.cs.StandardCharsets$Cache
2609:             1             40  sun.nio.cs.StandardCharsets$Classes
2610:             1             40  sun.nio.cs.ext.ExtendedCharsets
2611:             1             40  sun.rmi.server.UnicastServerRef2
2612:             1             40  sun.security.ssl.HandshakeHash
2613:             1             40  sun.text.resources.BreakIteratorInfo
2614:             1             40  sun.util.logging.resources.logging
2615:             1             40  sun.util.logging.resources.logging_zh_CN
2616:             1             32  [Lch.qos.logback.core.spi.FilterReply;
2617:             1             32  [Lch.qos.logback.core.subst.Tokenizer$TokenizerState;
2618:             1             32  [Lcom.fasterxml.jackson.annotation.JsonProperty$Access;
2619:             1             32  [Lcom.fasterxml.jackson.core.JsonFactory$Feature;
2620:             1             32  [Lcom.fasterxml.jackson.databind.util.AccessPattern;
2621:             1             32  [Lcom.sun.beans.util.Cache$Kind;
2622:             1             32  [Lcom.sun.org.apache.xalan.internal.utils.XMLSecurityManager$NameMap;
2623:             1             32  [Lcom.sun.org.apache.xerces.internal.utils.XMLSecurityManager$NameMap;
2624:             1             32  [Lcom.sysmin.core.jvm.enums.JmapType;
2625:             1             32  [Lcom.sysmin.core.log.LogType;
2626:             1             32  [Lcom.zeroturnaround.javarebel.aa;
2627:             1             32  [Lcom.zeroturnaround.javarebel.gfi;
2628:             1             32  [Lcom.zeroturnaround.javarebel.goz;
2629:             1             32  [Lcom.zeroturnaround.javarebel.gsa;
2630:             1             32  [Lcom.zeroturnaround.javarebel.kz;
2631:             1             32  [Lcom.zeroturnaround.javarebel.zr;
2632:             1             32  [Lcom.zeroturnaround.reload.n;
2633:             2             32  [Ljava.lang.Enum;
2634:             1             32  [Ljava.lang.OutOfMemoryError;
2635:             1             32  [Ljava.lang.ThreadGroup;
2636:             1             32  [Ljava.lang.management.MemoryManagerMXBean;
2637:             1             32  [Ljava.net.Proxy$Type;
2638:             1             32  [Ljava.text.Normalizer$Form;
2639:             1             32  [Ljava.time.format.DateTimeFormatter;
2640:             1             32  [Ljava.time.format.DateTimeFormatterBuilder$SettingsParser;
2641:             1             32  [Ljava.time.format.FormatStyle;
2642:             1             32  [Ljava.time.format.ResolverStyle;
2643:             1             32  [Ljava.time.temporal.IsoFields$Field;
2644:             1             32  [Ljava.util.stream.MatchOps$MatchKind;
2645:             1             32  [Ljava.util.stream.StreamShape;
2646:             1             32  [Lorg.apache.commons.logging.LogAdapter$LogApi;
2647:             1             32  [Lorg.apache.coyote.ErrorState;
2648:             1             32  [Lorg.apache.coyote.http11.Http11InputBuffer$HeaderParseStatus;
2649:             1             32  [Lorg.apache.tomcat.util.http.ConcurrentDateFormat;
2650:             1             32  [Lorg.apache.tomcat.util.http.parser.SkipResult;
2651:             1             32  [Lorg.apache.tomcat.util.log.UserDataHelper$Config;
2652:             1             32  [Lorg.apache.tomcat.util.log.UserDataHelper$Mode;
2653:             1             32  [Lorg.apache.tomcat.util.net.AbstractEndpoint$BindState;
2654:             1             32  [Lorg.apache.tomcat.util.net.Acceptor$AcceptorState;
2655:             1             32  [Lorg.apache.tomcat.util.net.SendfileState;
2656:             1             32  [Lorg.apache.tomcat.websocket.MessageHandlerResultType;
2657:             1             32  [Lorg.apache.tomcat.websocket.TransformationResult;
2658:             1             32  [Lorg.apache.tomcat.websocket.WsFrameBase$State;
2659:             1             32  [Lorg.apache.tomcat.websocket.WsSession$State;
2660:             1             32  [Lorg.hibernate.validator.internal.metadata.raw.ConfigurationSource;
2661:             1             32  [Lorg.hibernate.validator.internal.util.ConcurrentReferenceHashMap$ReferenceType;
2662:             1             32  [Lorg.springframework.boot.Banner$Mode;
2663:             1             32  [Lorg.springframework.boot.WebApplicationType;
2664:             1             32  [Lorg.springframework.boot.cloud.CloudPlatform;
2665:             1             32  [Lorg.springframework.boot.context.properties.source.ConfigurationPropertyName$Form;
2666:             1             32  [Lorg.springframework.boot.context.properties.source.ConfigurationPropertyState;
2667:             1             32  [Lorg.springframework.boot.devtools.filewatch.ChangedFile$Type;
2668:             1             32  [Lorg.springframework.boot.jdbc.DataSourceInitializationMode;
2669:             1             32  [Lorg.springframework.boot.jdbc.EmbeddedDatabaseConnection;
2670:             1             32  [Lorg.springframework.boot.web.servlet.ServletContextInitializer;
2671:             1             32  [Lorg.springframework.cglib.proxy.Callback;
2672:             1             32  [Lorg.springframework.expression.spel.SpelCompilerMode;
2673:             1             32  [Lorg.springframework.jdbc.datasource.embedded.EmbeddedDatabaseType;
2674:             1             32  [Lorg.springframework.jmx.support.RegistrationPolicy;
2675:             1             32  [Lorg.springframework.web.socket.sockjs.frame.SockJsFrameType;
2676:             1             32  [Lorg.springframework.web.socket.sockjs.transport.session.AbstractSockJsSession$State;
2677:             1             32  [Lorg.springframework.web.util.HierarchicalUriComponents$EncodeState;
2678:             1             32  [Lorg.zeroturnaround.javarebel.reporting.MessageType$SendFilterImpl;
2679:             1             32  [Lorg.zeroturnaround.javarebel.service.ServiceRequestPriority;
2680:             1             32  [Lsun.misc.ObjectInputFilter$Status;
2681:             2             32  [Lsun.reflect.annotation.TypeAnnotation;
2682:             1             32  [Lsun.security.ssl.CipherSuite$CipherType;
2683:             1             32  [Lsun.security.ssl.CipherSuite$PRF;
2684:             1             32  ch.qos.logback.classic.jul.LevelChangePropagator
2685:             1             32  ch.qos.logback.classic.pattern.LevelConverter
2686:             1             32  ch.qos.logback.classic.pattern.LineSeparatorConverter
2687:             1             32  ch.qos.logback.classic.pattern.MessageConverter
2688:             1             32  ch.qos.logback.classic.pattern.ThreadConverter
2689:             1             32  ch.qos.logback.classic.spi.LoggerContextVO
2690:             1             32  ch.qos.logback.core.helpers.CyclicBuffer
2691:             2             32  com.alibaba.fastjson.parser.deserializer.JSONPDeserializer
2692:             2             32  com.alibaba.fastjson.parser.deserializer.SqlDateDeserializer
2693:             2             32  com.alibaba.fastjson.serializer.MiscCodec
2694:             1             32  com.alibaba.fastjson.serializer.SerializeConfig
2695:             1             32  com.fasterxml.classmate.TypeBindings
2696:             1             32  com.fasterxml.jackson.annotation.JsonInclude$Value
2697:             1             32  com.fasterxml.jackson.databind.ObjectWriter$GeneratorSettings
2698:             1             32  com.fasterxml.jackson.databind.introspect.VisibilityChecker$Std
2699:             2             32  com.fasterxml.jackson.databind.node.JsonNodeFactory
2700:             2             32  com.fasterxml.jackson.databind.ser.impl.PropertySerializerMap$Empty
2701:             1             32  com.fasterxml.jackson.databind.ser.impl.StringArraySerializer
2702:             1             32  com.fasterxml.jackson.databind.ser.std.CalendarSerializer
2703:             1             32  com.fasterxml.jackson.databind.ser.std.DateSerializer
2704:             1             32  com.fasterxml.jackson.databind.ser.std.NumberSerializers$FloatSerializer
2705:             1             32  com.fasterxml.jackson.databind.ser.std.NumberSerializers$IntLikeSerializer
2706:             1             32  com.fasterxml.jackson.databind.ser.std.NumberSerializers$ShortSerializer
2707:             1             32  com.fasterxml.jackson.datatype.jsr310.ser.DurationSerializer
2708:             1             32  com.fasterxml.jackson.datatype.jsr310.ser.LocalDateSerializer
2709:             1             32  com.fasterxml.jackson.datatype.jsr310.ser.LocalDateTimeSerializer
2710:             1             32  com.fasterxml.jackson.datatype.jsr310.ser.LocalTimeSerializer
2711:             1             32  com.fasterxml.jackson.datatype.jsr310.ser.MonthDaySerializer
2712:             1             32  com.fasterxml.jackson.datatype.jsr310.ser.OffsetTimeSerializer
2713:             1             32  com.fasterxml.jackson.datatype.jsr310.ser.YearMonthSerializer
2714:             1             32  com.fasterxml.jackson.datatype.jsr310.ser.YearSerializer
2715:             2             32  com.sun.beans.WeakCache
2716:             1             32  com.sun.jmx.mbeanserver.Repository
2717:             1             32  com.sun.org.apache.xalan.internal.utils.FeatureManager$Feature
2718:             2             32  com.sun.org.apache.xerces.internal.impl.XMLDocumentScannerImpl$PrologDriver
2719:             2             32  com.sun.org.apache.xerces.internal.impl.XMLDocumentScannerImpl$TrailingMiscDriver
2720:             2             32  com.sun.org.apache.xerces.internal.impl.XMLDocumentScannerImpl$XMLDeclDriver
2721:             1             32  com.sun.org.apache.xerces.internal.impl.XMLEntityScanner$1
2722:             2             32  com.sun.org.apache.xerces.internal.impl.dv.dtd.ENTITYDatatypeValidator
2723:             1             32  com.sun.org.apache.xerces.internal.jaxp.SAXParserFactoryImpl
2724:             1             32  com.sun.org.apache.xerces.internal.util.NamespaceSupport
2725:             2             32  com.sun.proxy.$Proxy15
2726:             2             32  com.sun.proxy.$Proxy16
2727:             2             32  com.sun.proxy.$Proxy19
2728:             2             32  com.sun.proxy.$Proxy25
2729:             2             32  com.sun.proxy.$Proxy3
2730:             2             32  com.sun.proxy.$Proxy46
2731:             2             32  com.sun.proxy.$Proxy57
2732:             2             32  com.sun.proxy.$Proxy59
2733:             2             32  com.sun.proxy.$Proxy63
2734:             2             32  com.sun.proxy.$Proxy65
2735:             2             32  com.sun.proxy.$Proxy68
2736:             2             32  com.sun.proxy.$Proxy74
2737:             1             32  com.sysmin.core.jvm.service.impl.JstatImpl
2738:             1             32  com.zeroturnaround.javarebel.SDKConfigurationImpl
2739:             1             32  com.zeroturnaround.javarebel.SDKIntegrationImpl
2740:             1             32  com.zeroturnaround.javarebel.at
2741:             2             32  com.zeroturnaround.javarebel.ays
2742:             1             32  com.zeroturnaround.javarebel.bh
2743:             1             32  com.zeroturnaround.javarebel.bxq
2744:             1             32  com.zeroturnaround.javarebel.bz
2745:             1             32  com.zeroturnaround.javarebel.cec
2746:             1             32  com.zeroturnaround.javarebel.cfr
2747:             2             32  com.zeroturnaround.javarebel.cis
2748:             2             32  com.zeroturnaround.javarebel.cit
2749:             2             32  com.zeroturnaround.javarebel.cix
2750:             2             32  com.zeroturnaround.javarebel.ciy
2751:             2             32  com.zeroturnaround.javarebel.cjm
2752:             2             32  com.zeroturnaround.javarebel.di
2753:             2             32  com.zeroturnaround.javarebel.dj
2754:             2             32  com.zeroturnaround.javarebel.eb
2755:             2             32  com.zeroturnaround.javarebel.eq
2756:             1             32  com.zeroturnaround.javarebel.fi
2757:             2             32  com.zeroturnaround.javarebel.fs
2758:             2             32  com.zeroturnaround.javarebel.im
2759:             2             32  com.zeroturnaround.javarebel.ip
2760:             2             32  com.zeroturnaround.javarebel.is
2761:             2             32  com.zeroturnaround.javarebel.iv
2762:             2             32  com.zeroturnaround.javarebel.jj
2763:             1             32  com.zeroturnaround.javarebel.lk
2764:             1             32  com.zeroturnaround.javarebel.nb
2765:             1             32  com.zeroturnaround.javarebel.pk
2766:             1             32  com.zeroturnaround.javarebel.uy
2767:             1             32  com.zeroturnaround.javarebel.xn
2768:             1             32  com.zeroturnaround.javarebel.zh
2769:             2             32  com.zeroturnaround.jrebel.bundled.org.bouncycastle.jcajce.provider.asymmetric.dh.KeyFactorySpi
2770:             2             32  com.zeroturnaround.jrebel.bundled.org.bouncycastle.jcajce.provider.asymmetric.ecgost.KeyFactorySpi
2771:             1             32  java.beans.ThreadGroupContext
2772:             1             32  java.beans.ThreadGroupContext$1
2773:             2             32  java.io.RandomAccessFile$1
2774:             1             32  java.io.SerializablePermission
2775:             1             32  java.io.WinNTFileSystem
2776:             1             32  java.lang.ArithmeticException
2777:             2             32  java.lang.ClassValue$Identity
2778:             2             32  java.lang.Float
2779:             1             32  java.lang.NullPointerException
2780:             2             32  java.lang.Shutdown$Lock
2781:             1             32  java.lang.reflect.WeakCache
2782:             1             32  java.lang.reflect.WeakCache$CacheKey
2783:             2             32  java.nio.ByteOrder
2784:             2             32  java.rmi.server.RemoteObjectInvocationHandler
2785:             1             32  java.security.ProtectionDomain$WeakProtectionDomainKey
2786:             1             32  java.security.cert.PolicyQualifierInfo
2787:             1             32  java.text.DontCareFieldPosition
2788:             1             32  java.time.format.DateTimeFormatterBuilder$FractionPrinterParser
2789:             2             32  java.util.AbstractMap$1
2790:             1             32  java.util.PriorityQueue
2791:             1             32  java.util.concurrent.ConcurrentSkipListMap$HeadIndex
2792:             1             32  java.util.concurrent.DelayQueue
2793:             2             32  java.util.concurrent.atomic.AtomicReferenceArray
2794:             2             32  java.util.logging.ErrorManager
2795:             1             32  java.util.logging.LogManager$SystemLoggerContext
2796:             1             32  javax.crypto.spec.RC5ParameterSpec
2797:             1             32  org.apache.catalina.authenticator.jaspic.AuthConfigFactoryImpl
2798:             1             32  org.apache.catalina.mapper.Mapper$MappedHost
2799:             1             32  org.apache.coyote.AbstractProtocol$ConnectionHandler
2800:             1             32  org.apache.coyote.CompressionConfig
2801:             1             32  org.apache.logging.log4j.status.StatusLogger$BoundedQueue
2802:             2             32  org.apache.logging.log4j.util.EnvironmentPropertySource
2803:             2             32  org.apache.logging.log4j.util.PropertiesUtil
2804:             2             32  org.apache.logging.log4j.util.PropertyFilePropertySource
2805:             2             32  org.apache.logging.log4j.util.PropertySource$Comparator
2806:             2             32  org.apache.logging.log4j.util.SystemPropertiesPropertySource
2807:             2             32  org.apache.tomcat.util.collections.CaseInsensitiveKeyMap$EntryIterator
2808:             2             32  org.apache.tomcat.util.collections.CaseInsensitiveKeyMap$EntrySet
2809:             1             32  org.apache.tomcat.util.collections.ManagedConcurrentWeakHashMap
2810:             1             32  org.apache.tomcat.util.descriptor.web.LoginConfig
2811:             1             32  org.apache.tomcat.util.scan.StandardJarScanner
2812:             1             32  org.apache.tomcat.util.threads.LimitLatch
2813:             1             32  org.apache.tomcat.util.threads.LimitLatch$Sync
2814:             1             32  org.apache.tomcat.util.threads.TaskThreadFactory
2815:             1             32  org.apache.tomcat.websocket.BackgroundProcessManager
2816:             2             32  org.apache.tomcat.websocket.WsHandshakeResponse
2817:             1             32  org.apache.tomcat.websocket.server.WsWriteTimeout
2818:             1             32  org.hibernate.validator.internal.cfg.context.DefaultConstraintMapping
2819:             1             32  org.hibernate.validator.internal.engine.ValidatorFactoryImpl$BeanMetaDataManagerKey
2820:             1             32  org.hibernate.validator.internal.engine.constraintvalidation.HibernateConstraintValidatorInitializationContextImpl
2821:             1             32  org.hibernate.validator.internal.engine.scripting.DefaultScriptEvaluatorFactory
2822:             1             32  org.hibernate.validator.internal.engine.valueextraction.ValueExtractorResolver
2823:             1             32  org.hibernate.validator.internal.metadata.core.ConstraintHelper
2824:             1             32  org.hibernate.validator.internal.metadata.provider.AnnotationMetaDataProvider
2825:             1             32  org.hibernate.validator.internal.metadata.raw.BeanConfiguration
2826:             1             32  org.springframework.beans.factory.support.AbstractAutowireCapableBeanFactory$$Lambda$114/460741164
2827:             1             32  org.springframework.beans.factory.support.AbstractBeanFactory$$Lambda$113/1495608502
2828:             1             32  org.springframework.beans.factory.support.BeanDefinitionDefaults
2829:             1             32  org.springframework.beans.propertyeditors.CustomMapEditor
2830:             1             32  org.springframework.beans.propertyeditors.PatternEditor
2831:             1             32  org.springframework.boot.DefaultApplicationArguments$Source
2832:             1             32  org.springframework.boot.admin.SpringApplicationAdminMXBeanRegistrar
2833:             1             32  org.springframework.boot.autoconfigure.condition.ConditionEvaluationReport
2834:             1             32  org.springframework.boot.autoconfigure.context.ConfigurationPropertiesAutoConfiguration$$EnhancerBySpringCGLIB$$13bb488c
2835:             1             32  org.springframework.boot.autoconfigure.context.PropertyPlaceholderAutoConfiguration$$EnhancerBySpringCGLIB$$24e82f77
2836:             1             32  org.springframework.boot.autoconfigure.dao.PersistenceExceptionTranslationAutoConfiguration$$EnhancerBySpringCGLIB$$e890c151
2837:             1             32  org.springframework.boot.autoconfigure.http.HttpProperties$Encoding
2838:             1             32  org.springframework.boot.autoconfigure.http.JacksonHttpMessageConvertersConfiguration$$EnhancerBySpringCGLIB$$a1bc7f00
2839:             1             32  org.springframework.boot.autoconfigure.http.JacksonHttpMessageConvertersConfiguration$MappingJackson2HttpMessageConverterConfiguration$$EnhancerBySpringCGLIB$$ab494b72
2840:             1             32  org.springframework.boot.autoconfigure.http.codec.CodecsAutoConfiguration$$EnhancerBySpringCGLIB$$96d9503b
2841:             1             32  org.springframework.boot.autoconfigure.http.codec.CodecsAutoConfiguration$JacksonCodecConfiguration$$EnhancerBySpringCGLIB$$8c0bd88a
2842:             1             32  org.springframework.boot.autoconfigure.http.codec.CodecsAutoConfiguration$LoggingCodecConfiguration$$EnhancerBySpringCGLIB$$c107a916
2843:             1             32  org.springframework.boot.autoconfigure.jackson.JacksonAutoConfiguration$$EnhancerBySpringCGLIB$$61d0da5e
2844:             1             32  org.springframework.boot.autoconfigure.jackson.JacksonAutoConfiguration$Jackson2ObjectMapperBuilderCustomizerConfiguration$$EnhancerBySpringCGLIB$$ed28e4d7
2845:             1             32  org.springframework.boot.autoconfigure.jackson.JacksonAutoConfiguration$JacksonObjectMapperConfiguration$$EnhancerBySpringCGLIB$$7fc53ccf
2846:             1             32  org.springframework.boot.autoconfigure.jackson.JacksonAutoConfiguration$ParameterNamesModuleConfiguration$$EnhancerBySpringCGLIB$$13f45c05
2847:             1             32  org.springframework.boot.autoconfigure.jdbc.DataSourceAutoConfiguration$$EnhancerBySpringCGLIB$$625609e
2848:             1             32  org.springframework.boot.autoconfigure.jdbc.DataSourceAutoConfiguration$PooledDataSourceConfiguration$$EnhancerBySpringCGLIB$$a2d5ae30
2849:             1             32  org.springframework.boot.autoconfigure.jdbc.DataSourceInitializationConfiguration$$EnhancerBySpringCGLIB$$bf97af2d
2850:             1             32  org.springframework.boot.autoconfigure.jdbc.DataSourceInitializerInvoker
2851:             1             32  org.springframework.boot.autoconfigure.jdbc.DataSourceJmxConfiguration$$EnhancerBySpringCGLIB$$f3912a10
2852:             1             32  org.springframework.boot.autoconfigure.jdbc.DataSourceTransactionManagerAutoConfiguration$$EnhancerBySpringCGLIB$$3508ad8f
2853:             1             32  org.springframework.boot.autoconfigure.jdbc.JdbcTemplateAutoConfiguration$$EnhancerBySpringCGLIB$$4415f22e
2854:             1             32  org.springframework.boot.autoconfigure.jdbc.JdbcTemplateAutoConfiguration$NamedParameterJdbcTemplateConfiguration$$EnhancerBySpringCGLIB$$2e9de2db
2855:             1             32  org.springframework.boot.autoconfigure.jdbc.metadata.DataSourcePoolMetadataProvidersConfiguration$$EnhancerBySpringCGLIB$$122a57f
2856:             1             32  org.springframework.boot.autoconfigure.jdbc.metadata.DataSourcePoolMetadataProvidersConfiguration$HikariPoolDataSourceMetadataProviderConfiguration$$EnhancerBySpringCGLIB$$8488e522
2857:             1             32  org.springframework.boot.autoconfigure.jmx.ParentAwareNamingStrategy
2858:             1             32  org.springframework.boot.autoconfigure.logging.ConditionEvaluationReportLoggingListener
2859:             1             32  org.springframework.boot.autoconfigure.task.TaskExecutionProperties$Pool
2860:             1             32  org.springframework.boot.autoconfigure.task.TaskSchedulingAutoConfiguration$$EnhancerBySpringCGLIB$$d7f13954
2861:             1             32  org.springframework.boot.autoconfigure.transaction.TransactionAutoConfiguration$$EnhancerBySpringCGLIB$$b8a5b848
2862:             1             32  org.springframework.boot.autoconfigure.validation.ValidationAutoConfiguration$$EnhancerBySpringCGLIB$$95314dc8
2863:             1             32  org.springframework.boot.autoconfigure.web.ErrorProperties
2864:             1             32  org.springframework.boot.autoconfigure.web.ResourceProperties
2865:             1             32  org.springframework.boot.autoconfigure.web.ServerProperties$Jetty
2866:             1             32  org.springframework.boot.autoconfigure.web.ServerProperties$Servlet
2867:             1             32  org.springframework.boot.autoconfigure.web.ServerProperties$Undertow$Accesslog
2868:             1             32  org.springframework.boot.autoconfigure.web.embedded.EmbeddedWebServerFactoryCustomizerAutoConfiguration$$EnhancerBySpringCGLIB$$3999bd20
2869:             1             32  org.springframework.boot.autoconfigure.web.embedded.EmbeddedWebServerFactoryCustomizerAutoConfiguration$TomcatWebServerFactoryCustomizerConfiguration$$EnhancerBySpringCGLIB$$2a5d4a0c
2870:             1             32  org.springframework.boot.autoconfigure.web.servlet.DispatcherServletAutoConfiguration$$EnhancerBySpringCGLIB$$129411fb
2871:             2             32  org.springframework.boot.autoconfigure.web.servlet.DispatcherServletAutoConfiguration$DefaultDispatcherServletCondition
2872:             2             32  org.springframework.boot.autoconfigure.web.servlet.DispatcherServletAutoConfiguration$DispatcherServletRegistrationCondition
2873:             1             32  org.springframework.boot.autoconfigure.web.servlet.MultipartProperties
2874:             1             32  org.springframework.boot.autoconfigure.web.servlet.ServletWebServerFactoryAutoConfiguration$$EnhancerBySpringCGLIB$$13eae4a1
2875:             1             32  org.springframework.boot.autoconfigure.web.servlet.ServletWebServerFactoryConfiguration$EmbeddedTomcat$$EnhancerBySpringCGLIB$$8eb42f28
2876:             1             32  org.springframework.boot.autoconfigure.web.servlet.WebMvcAutoConfiguration$$EnhancerBySpringCGLIB$$5873fbb5
2877:             1             32  org.springframework.boot.autoconfigure.web.servlet.error.DefaultErrorViewResolver
2878:             1             32  org.springframework.boot.autoconfigure.websocket.servlet.WebSocketMessagingAutoConfiguration$$EnhancerBySpringCGLIB$$d0cb3091
2879:             1             32  org.springframework.boot.autoconfigure.websocket.servlet.WebSocketServletAutoConfiguration$$EnhancerBySpringCGLIB$$e520a710
2880:             1             32  org.springframework.boot.autoconfigure.websocket.servlet.WebSocketServletAutoConfiguration$TomcatWebSocketConfiguration$$EnhancerBySpringCGLIB$$9ccbd22d
2881:             1             32  org.springframework.boot.context.config.ConfigFileApplicationListener
2882:             1             32  org.springframework.boot.context.logging.LoggingApplicationListener
2883:             1             32  org.springframework.boot.context.properties.bind.Binder
2884:             1             32  org.springframework.boot.convert.ApplicationConversionService
2885:             2             32  org.springframework.boot.convert.ArrayToDelimitedStringConverter
2886:             2             32  org.springframework.boot.convert.DelimitedStringToArrayConverter
2887:             2             32  org.springframework.boot.convert.DelimitedStringToCollectionConverter
2888:             2             32  org.springframework.boot.convert.StringToDataSizeConverter
2889:             2             32  org.springframework.boot.convert.StringToDurationConverter
2890:             1             32  org.springframework.boot.devtools.autoconfigure.DevToolsDataSourceAutoConfiguration$$EnhancerBySpringCGLIB$$fef5cc75
2891:             1             32  org.springframework.boot.devtools.autoconfigure.LocalDevToolsAutoConfiguration$$EnhancerBySpringCGLIB$$6b3a4683
2892:             1             32  org.springframework.boot.devtools.autoconfigure.RemoteDevToolsProperties
2893:             1             32  org.springframework.boot.devtools.classpath.ClassPathChangedEvent
2894:             1             32  org.springframework.boot.devtools.classpath.ClassPathFileSystemWatcher
2895:             1             32  org.springframework.boot.devtools.restart.ClassLoaderFilesResourcePatternResolver$WebApplicationContextResourceLoader
2896:             1             32  org.springframework.boot.env.OriginTrackedMapPropertySource
2897:             1             32  org.springframework.boot.env.SystemEnvironmentPropertySourceEnvironmentPostProcessor$OriginAwareSystemEnvironmentPropertySource
2898:             1             32  org.springframework.boot.logging.logback.LogbackLoggingSystem$1
2899:             1             32  org.springframework.boot.web.embedded.tomcat.TomcatWebServer
2900:             1             32  org.springframework.boot.web.server.Compression
2901:             2             32  org.springframework.boot.web.server.MimeMappings
2902:             1             32  org.springframework.cglib.core.AbstractClassGenerator$ClassLoaderData
2903:             1             32  org.springframework.cglib.core.ClassNameReader$EarlyExitException
2904:             2             32  org.springframework.cglib.proxy.DispatcherGenerator
2905:             1             32  org.springframework.context.annotation.AnnotatedBeanDefinitionReader
2906:             1             32  org.springframework.context.annotation.ComponentScanAnnotationParser
2907:             2             32  org.springframework.context.annotation.ConditionEvaluator
2908:             1             32  org.springframework.context.annotation.ContextAnnotationAutowireCandidateResolver$1
2909:             2             32  org.springframework.context.expression.BeanExpressionContextAccessor
2910:             2             32  org.springframework.context.expression.BeanFactoryAccessor
2911:             2             32  org.springframework.context.expression.BeanFactoryResolver
2912:             2             32  org.springframework.context.expression.EnvironmentAccessor
2913:             2             32  org.springframework.context.expression.MapAccessor
2914:             1             32  org.springframework.context.support.DefaultLifecycleProcessor
2915:             1             32  org.springframework.context.support.DelegatingMessageSource
2916:             1             32  org.springframework.context.support.PropertySourcesPlaceholderConfigurer$1
2917:             2             32  org.springframework.core.convert.support.GenericConversionService$NoOpConverter
2918:             1             32  org.springframework.core.env.PropertiesPropertySource
2919:             1             32  org.springframework.core.env.SystemEnvironmentPropertySource
2920:             1             32  org.springframework.format.support.DefaultFormattingConversionService
2921:             2             32  org.springframework.http.MediaTypeFactory$$Lambda$462/898126790
2922:             2             32  org.springframework.jmx.export.annotation.AnnotationJmxAttributeSource
2923:             1             32  org.springframework.jmx.export.assembler.MetadataMBeanInfoAssembler
2924:             1             32  org.springframework.messaging.converter.ByteArrayMessageConverter
2925:             1             32  org.springframework.messaging.handler.annotation.support.DestinationVariableMethodArgumentResolver
2926:             1             32  org.springframework.messaging.handler.annotation.support.HeaderMethodArgumentResolver
2927:             1             32  org.springframework.scheduling.annotation.SchedulingConfiguration$$EnhancerBySpringCGLIB$$c58073b9
2928:             1             32  org.springframework.scheduling.config.FixedRateTask
2929:             1             32  org.springframework.transaction.annotation.AnnotationTransactionAttributeSource
2930:             2             32  org.springframework.util.AlternativeJdkIdGenerator
2931:             2             32  org.springframework.util.LinkedCaseInsensitiveMap$$Lambda$460/1463191173
2932:             2             32  org.springframework.web.method.annotation.RequestParamMapMethodArgumentResolver
2933:             1             32  org.springframework.web.servlet.mvc.method.RequestMappingInfo$BuilderConfiguration
2934:             2             32  org.springframework.web.servlet.mvc.method.annotation.JsonViewResponseBodyAdvice
2935:             2             32  org.springframework.web.servlet.mvc.method.annotation.MatrixVariableMapMethodArgumentResolver
2936:             2             32  org.springframework.web.servlet.mvc.method.annotation.ModelAndViewMethodReturnValueHandler
2937:             2             32  org.springframework.web.servlet.mvc.method.annotation.PathVariableMapMethodArgumentResolver
2938:             1             32  org.springframework.web.servlet.mvc.method.annotation.ReactiveTypeHandler
2939:             2             32  org.springframework.web.servlet.mvc.method.annotation.RedirectAttributesMethodArgumentResolver
2940:             1             32  org.springframework.web.servlet.mvc.method.annotation.RequestPartMethodArgumentResolver
2941:             1             32  org.springframework.web.servlet.mvc.method.annotation.ServletCookieValueMethodArgumentResolver
2942:             2             32  org.springframework.web.servlet.mvc.method.annotation.ViewMethodReturnValueHandler
2943:             2             32  org.springframework.web.servlet.mvc.method.annotation.ViewNameMethodReturnValueHandler
2944:             1             32  org.springframework.web.servlet.resource.ResourceUrlProvider
2945:             1             32  org.springframework.web.servlet.view.BeanNameViewResolver
2946:             1             32  org.springframework.web.servlet.view.DefaultRequestToViewNameTranslator
2947:             1             32  org.springframework.web.socket.config.annotation.WebSocketTransportRegistration
2948:             1             32  org.springframework.web.socket.messaging.DefaultSimpUserRegistry
2949:             2             32  org.springframework.web.socket.messaging.StompSubProtocolHandler$$Lambda$465/132059279
2950:             2             32  org.springframework.web.socket.messaging.StompSubProtocolHandler$$Lambda$466/220691455
2951:             1             32  org.springframework.web.socket.server.support.DefaultHandshakeHandler
2952:             1             32  org.springframework.web.socket.sockjs.transport.handler.WebSocketTransportHandler
2953:             2             32  org.zeroturnaround.javarebel.integration.generic.StandardClassLoaderCBP
2954:             2             32  org.zeroturnaround.javarebel.integration.glassfish.GlassfishWsOptionsCBP
2955:             2             32  org.zeroturnaround.javarebel.integration.glassfish.WsgenToolCBP
2956:             2             32  org.zeroturnaround.javarebel.integration.jboss7.ConcurrentClassLoaderCBP
2957:             2             32  org.zeroturnaround.javarebel.integration.jboss7.ModuleCBP
2958:             2             32  org.zeroturnaround.javarebel.integration.jboss7.ModuleClassLoaderCBP
2959:             2             32  org.zeroturnaround.javarebel.integration.jboss7.ModuleLoaderCBP
2960:             2             32  org.zeroturnaround.javarebel.integration.jboss7.PathUtilsCBP
2961:             2             32  org.zeroturnaround.javarebel.integration.prosyst.ProSystFrameworkLoaderCBP
2962:             2             32  org.zeroturnaround.javarebel.integration.sap.SapResourceLoaderCBP
2963:             2             32  org.zeroturnaround.javarebel.integration.support.CacheAwareJavassistClassBytecodeProcessor$CachingPolicy
2964:             1             32  org.zeroturnaround.javarebel.integration.util.RequestListenerUtil$BoundRequestListener
2965:             1             32  org.zeroturnaround.javarebel.reporting.backend.impl.BrowserController
2966:             1             32  org.zeroturnaround.javarebel.reporting.backend.impl.SegmentIOBackend
2967:             1             32  org.zeroturnaround.javarebel.reporting.model.JRebelMetadata
2968:             1             32  org.zeroturnaround.javarebel.reporting.model.UserMetadata
2969:             1             32  org.zeroturnaround.javarebel.reporting.stats.repository.impl.RepositoryMetricsStatistics$ModuleInfo
2970:             1             32  org.zeroturnaround.javarebel.spring.SpringMetrics$CountData
2971:             1             32  org.zeroturnaround.jrebel.intellij.ComposerMessageRegistry
2972:             1             32  sun.instrument.InstrumentationImpl
2973:             2             32  sun.management.jmxremote.ConnectorBootstrap$PermanentExporter
2974:             1             32  sun.management.jmxremote.LocalRMIServerSocketFactory$1
2975:             1             32  sun.management.jmxremote.SingleEntryRegistry
2976:             2             32  sun.net.www.protocol.file.Handler
2977:             1             32  sun.nio.ch.ServerSocketAdaptor
2978:             2             32  sun.nio.ch.SocketDispatcher
2979:             1             32  sun.nio.cs.StandardCharsets
2980:             1             32  sun.nio.fs.WindowsFileSystem
2981:             1             32  sun.reflect.annotation.AnnotatedTypeFactory$AnnotatedTypeBaseImpl
2982:             1             32  sun.rmi.transport.DGCImpl$LeaseInfo
2983:             1             32  sun.rmi.transport.proxy.RMIMasterSocketFactory
2984:             2             32  sun.rmi.transport.tcp.TCPTransport$ConnectionHandler$$Lambda$6/607160599
2985:             1             32  sun.security.provider.PolicyFile
2986:             1             32  sun.security.provider.PolicyFile$PolicyInfo
2987:             2             32  sun.security.ssl.Authenticator
2988:             2             32  sun.security.ssl.SSLAlgorithmDecomposer
2989:             2             32  sun.security.ssl.SessionId
2990:             1             32  sun.security.validator.SimpleValidator
2991:             1             32  sun.text.CompactByteArray
2992:             1             24  [Lch.qos.logback.core.joran.spi.ConsoleTarget;
2993:             1             24  [Lch.qos.logback.core.subst.Node$Type;
2994:             1             24  [Lcom.fasterxml.jackson.databind.AnnotationIntrospector$ReferenceProperty$Type;
2995:             1             24  [Lcom.fasterxml.jackson.databind.Module;
2996:             1             24  [Lcom.sun.org.apache.xalan.internal.utils.FeatureManager$Feature;
2997:             1             24  [Lcom.sun.org.apache.xalan.internal.utils.XMLSecurityPropertyManager$Property;
2998:             1             24  [Lcom.sun.org.apache.xerces.internal.utils.XMLSecurityPropertyManager$Property;
2999:             1             24  [Lcom.sysmin.core.jvm.enums.JpsType;
3000:             1             24  [Lcom.sysmin.core.jvm.enums.JstackType;
3001:             1             24  [Lcom.zeroturnaround.javarebel.bwb;
3002:             1             24  [Lcom.zeroturnaround.javarebel.bwc;
3003:             1             24  [Lcom.zeroturnaround.javarebel.cfx;
3004:             1             24  [Lcom.zeroturnaround.javarebel.i;
3005:             1             24  [Lcom.zeroturnaround.javarebel.internalsdk.Internal$CoreVersion;
3006:             1             24  [Lcom.zeroturnaround.javarebel.z;
3007:             1             24  [Lcom.zeroturnaround.javarebel.zj;
3008:             1             24  [Ljava.io.File$PathStatus;
3009:             1             24  [Ljava.net.InetAddress$Cache$Type;
3010:             1             24  [Ljava.net.StandardProtocolFamily;
3011:             1             24  [Ljava.time.ZoneOffset;
3012:             1             24  [Ljava.time.temporal.IsoFields$Unit;
3013:             1             24  [Ljava.util.Locale$Category;
3014:             1             24  [Lorg.apache.catalina.Service;
3015:             1             24  [Lorg.apache.catalina.WebResource;
3016:             1             24  [Lorg.apache.catalina.mapper.Mapper$ContextVersion;
3017:             1             24  [Lorg.apache.catalina.mapper.Mapper$MappedContext;
3018:             1             24  [Lorg.apache.catalina.mapper.Mapper$MappedHost;
3019:             1             24  [Lorg.apache.tomcat.util.IntrospectionUtils$PropertySource;
3020:             1             24  [Lorg.apache.tomcat.util.buf.UEncoder$SafeCharsSet;
3021:             1             24  [Lorg.apache.tomcat.util.net.NioEndpoint$Poller;
3022:             1             24  [Lorg.hibernate.validator.internal.metadata.descriptor.ConstraintDescriptorImpl$ConstraintType;
3023:             1             24  [Lorg.springframework.boot.autoconfigure.condition.ConditionMessage$Style;
3024:             1             24  [Lorg.springframework.boot.autoconfigure.condition.FilteringSpringBootCondition$ClassNameFilter;
3025:             1             24  [Lorg.springframework.boot.autoconfigure.http.HttpProperties$Encoding$Type;
3026:             1             24  [Lorg.springframework.boot.autoconfigure.web.servlet.WebMvcProperties$LocaleResolver;
3027:             1             24  [Lorg.springframework.boot.context.ConfigurationWarningsApplicationContextInitializer$Check;
3028:             1             24  [Lorg.springframework.boot.convert.DurationStyle;
3029:             1             24  [Lorg.springframework.context.annotation.ConfigurationCondition$ConfigurationPhase;
3030:             1             24  [Lorg.springframework.context.annotation.MBeanExportConfiguration$SpecificPlatform;
3031:             1             24  [Lorg.springframework.core.ResolvableType$WildcardBounds$Kind;
3032:             1             24  [Lorg.springframework.expression.PropertyAccessor;
3033:             1             24  [Lorg.springframework.util.ConcurrentReferenceHashMap$ReferenceType;
3034:             1             24  [Lorg.springframework.util.ConcurrentReferenceHashMap$Restructure;
3035:             1             24  [Lorg.springframework.web.socket.handler.ConcurrentWebSocketSessionDecorator$OverflowStrategy;
3036:             1             24  [Lorg.zeroturnaround.javarebel.reporting.backend.impl.SegmentIOBackend$METHOD;
3037:             1             24  [Lorg.zeroturnaround.javarebel.reporting.interceptors.MessageInterceptor;
3038:             1             24  [Lsun.launcher.LauncherHelper;
3039:             1             24  [Lsun.misc.JavaSecurityProtectionDomainAccess$ProtectionDomainCache;
3040:             1             24  ch.qos.logback.classic.BasicConfigurator
3041:             1             24  ch.qos.logback.classic.spi.TurboFilterList
3042:             1             24  ch.qos.logback.classic.util.ContextSelectorStaticBinder
3043:             1             24  ch.qos.logback.classic.util.LogbackMDCAdapter
3044:             1             24  com.alibaba.fastjson.parser.SymbolTable
3045:             1             24  com.alibaba.fastjson.parser.deserializer.ASMDeserializerFactory
3046:             1             24  com.alibaba.fastjson.serializer.ASMSerializerFactory
3047:             1             24  com.fasterxml.classmate.util.LRUTypeCache
3048:             1             24  com.fasterxml.jackson.annotation.JsonFormat$Features
3049:             1             24  com.fasterxml.jackson.annotation.JsonIgnoreProperties$Value
3050:             1             24  com.fasterxml.jackson.annotation.JsonSetter$Value
3051:             1             24  com.fasterxml.jackson.core.util.MinimalPrettyPrinter
3052:             1             24  com.fasterxml.jackson.core.util.Separators
3053:             1             24  com.fasterxml.jackson.databind.AnnotationIntrospector$ReferenceProperty
3054:             1             24  com.fasterxml.jackson.databind.cfg.ContextAttributes$Impl
3055:             1             24  com.fasterxml.jackson.databind.introspect.JacksonAnnotationIntrospector
3056:             1             24  com.fasterxml.jackson.databind.introspect.TypeResolutionContext$Basic
3057:             1             24  com.fasterxml.jackson.databind.ser.impl.FailingSerializer
3058:             1             24  com.fasterxml.jackson.databind.ser.std.StdKeySerializers$Default
3059:             1             24  com.fasterxml.jackson.datatype.jsr310.deser.LocalDateDeserializer
3060:             1             24  com.fasterxml.jackson.datatype.jsr310.deser.LocalDateTimeDeserializer
3061:             1             24  com.fasterxml.jackson.datatype.jsr310.deser.LocalTimeDeserializer
3062:             1             24  com.fasterxml.jackson.datatype.jsr310.deser.MonthDayDeserializer
3063:             1             24  com.fasterxml.jackson.datatype.jsr310.deser.OffsetTimeDeserializer
3064:             1             24  com.fasterxml.jackson.datatype.jsr310.deser.YearDeserializer
3065:             1             24  com.fasterxml.jackson.datatype.jsr310.deser.YearMonthDeserializer
3066:             1             24  com.fasterxml.jackson.module.paramnames.ParameterNamesAnnotationIntrospector
3067:             1             24  com.sun.beans.util.Cache$Kind$1
3068:             1             24  com.sun.beans.util.Cache$Kind$2
3069:             1             24  com.sun.beans.util.Cache$Kind$3
3070:             1             24  com.sun.crypto.provider.TlsMasterSecretGenerator$TlsMasterSecretKey
3071:             1             24  com.sun.jmx.mbeanserver.ClassLoaderRepositorySupport
3072:             1             24  com.sun.jmx.mbeanserver.MXBeanLookup
3073:             1             24  com.sun.jmx.mbeanserver.StandardMBeanSupport
3074:             1             24  com.sun.org.apache.xerces.internal.impl.Constants$ArrayEnumeration
3075:             1             24  com.sun.org.apache.xerces.internal.impl.XMLDocumentScannerImpl$ContentDriver
3076:             1             24  com.sun.org.apache.xerces.internal.impl.XMLNSDocumentScannerImpl$NSContentDriver
3077:             1             24  com.sun.org.apache.xerces.internal.impl.msg.XMLMessageFormatter
3078:             1             24  com.sun.org.apache.xerces.internal.impl.validation.ValidationManager
3079:             1             24  com.sun.org.apache.xerces.internal.parsers.AbstractSAXParser$LocatorProxy
3080:             1             24  com.sun.org.apache.xerces.internal.utils.XMLSecurityPropertyManager
3081:             1             24  com.sysmin.controller.LogController
3082:             1             24  com.sysmin.controller.jvm.JpsController
3083:             1             24  com.sysmin.controller.jvm.JpsController$$M$_jr_2EAFFFDEFB8067EE_1
3084:             1             24  com.sysmin.core.jvm.enums.JstackType
3085:             1             24  com.zeroturnaround.javarebel.ab
3086:             1             24  com.zeroturnaround.javarebel.abl
3087:             1             24  com.zeroturnaround.javarebel.ac
3088:             1             24  com.zeroturnaround.javarebel.ad
3089:             1             24  com.zeroturnaround.javarebel.bg
3090:             1             24  com.zeroturnaround.javarebel.bp
3091:             1             24  com.zeroturnaround.javarebel.bug
3092:             1             24  com.zeroturnaround.javarebel.buk
3093:             1             24  com.zeroturnaround.javarebel.cbj
3094:             1             24  com.zeroturnaround.javarebel.ccj
3095:             1             24  com.zeroturnaround.javarebel.ccs
3096:             1             24  com.zeroturnaround.javarebel.cdi
3097:             1             24  com.zeroturnaround.javarebel.ceg
3098:             1             24  com.zeroturnaround.javarebel.cgs
3099:             1             24  com.zeroturnaround.javarebel.cjc
3100:             1             24  com.zeroturnaround.javarebel.ckm
3101:             1             24  com.zeroturnaround.javarebel.cph
3102:             1             24  com.zeroturnaround.javarebel.cpk
3103:             1             24  com.zeroturnaround.javarebel.ex
3104:             1             24  com.zeroturnaround.javarebel.gdj
3105:             1             24  com.zeroturnaround.javarebel.gua
3106:             1             24  com.zeroturnaround.javarebel.gvg
3107:             1             24  com.zeroturnaround.javarebel.internalsdk.InternalImpl
3108:             1             24  com.zeroturnaround.javarebel.lx
3109:             1             24  com.zeroturnaround.javarebel.mt
3110:             1             24  com.zeroturnaround.javarebel.ni
3111:             1             24  com.zeroturnaround.javarebel.nz
3112:             1             24  com.zeroturnaround.javarebel.oe
3113:             1             24  com.zeroturnaround.javarebel.q
3114:             1             24  com.zeroturnaround.javarebel.ra
3115:             1             24  com.zeroturnaround.javarebel.tf
3116:             1             24  com.zeroturnaround.javarebel.xb
3117:             1             24  com.zeroturnaround.javarebel.yn
3118:             1             24  com.zeroturnaround.javarebel.zp
3119:             1             24  com.zeroturnaround.javarebel.zs
3120:             1             24  com.zeroturnaround.jrebel.bundled.org.apache.commons.logging.impl.SLF4JLogFactory
3121:             1             24  com.zeroturnaround.jrebel.bundled.org.apache.http.impl.execchain.HttpResponseProxy
3122:             1             24  com.zeroturnaround.jrebel.bundled.org.apache.http.impl.execchain.j
3123:             1             24  com.zeroturnaround.jrebel.bundled.org.slf4j.helpers.FormattingTuple
3124:             1             24  com.zeroturnaround.reload.h
3125:             1             24  com.zeroturnaround.reload.jvmti.MinimalInstrumentation
3126:             1             24  java.lang.invoke.DirectMethodHandle$EnsureInitialized
3127:             1             24  java.lang.invoke.MethodHandleImpl$4
3128:             1             24  java.lang.invoke.MethodType$ConcurrentWeakInternSet
3129:             1             24  java.math.MutableBigInteger
3130:             1             24  java.net.Inet6AddressImpl
3131:             1             24  java.net.Proxy
3132:             1             24  java.net.URLClassLoader$1
3133:             1             24  java.rmi.dgc.VMID
3134:             1             24  java.security.Policy$PolicyInfo
3135:             1             24  java.security.Policy$UnsupportedEmptyCollection
3136:             1             24  java.security.ProtectionDomain$PDCache
3137:             1             24  java.sql.DriverInfo
3138:             1             24  java.text.BreakIterator$BreakIteratorCache
3139:             1             24  java.time.ZoneRegion
3140:             1             24  java.time.format.DecimalStyle
3141:             1             24  java.time.temporal.IsoFields$Field$1
3142:             1             24  java.time.temporal.IsoFields$Field$2
3143:             1             24  java.time.temporal.IsoFields$Field$3
3144:             1             24  java.time.temporal.IsoFields$Field$4
3145:             1             24  java.util.Collections$EmptyMap
3146:             1             24  java.util.Locale$Cache
3147:             1             24  java.util.PropertyPermissionCollection
3148:             1             24  java.util.ResourceBundle$Control$CandidateListCache
3149:             1             24  java.util.concurrent.ConcurrentSkipListMap$Node
3150:             1             24  java.util.concurrent.Executors$DelegatedScheduledExecutorService
3151:             1             24  java.util.concurrent.TimeUnit$1
3152:             1             24  java.util.concurrent.TimeUnit$2
3153:             1             24  java.util.concurrent.TimeUnit$3
3154:             1             24  java.util.concurrent.TimeUnit$4
3155:             1             24  java.util.concurrent.TimeUnit$5
3156:             1             24  java.util.concurrent.TimeUnit$6
3157:             1             24  java.util.concurrent.TimeUnit$7
3158:             1             24  java.util.logging.LogManager$LoggerContext
3159:             1             24  java.util.logging.LoggingPermission
3160:             1             24  javax.crypto.spec.RC2ParameterSpec
3161:             1             24  javax.el.ExpressionFactory$CacheKey
3162:             1             24  javax.el.Util$CacheKey
3163:             1             24  javax.net.ssl.SNIHostName
3164:             1             24  javax.websocket.SendResult
3165:             1             24  org.apache.catalina.connector.CoyoteAdapter
3166:             1             24  org.apache.catalina.core.ApplicationContextFacade
3167:             1             24  org.apache.catalina.core.StandardContext$ContextFilterMaps
3168:             1             24  org.apache.catalina.mapper.Mapper$ContextList
3169:             1             24  org.apache.catalina.mapper.Mapper$MappedContext
3170:             1             24  org.apache.catalina.mapper.Mapper$MappedWrapper
3171:             1             24  org.apache.catalina.webresources.TomcatURLStreamHandlerFactory
3172:             1             24  org.apache.coyote.AbstractProtocol$AsyncTimeout
3173:             1             24  org.apache.logging.log4j.spi.LoggerRegistry
3174:             1             24  org.apache.naming.StringManager
3175:             1             24  org.apache.tomcat.util.collections.ConcurrentCache
3176:             1             24  org.apache.tomcat.util.descriptor.web.ErrorPage
3177:             1             24  org.apache.tomcat.util.digester.RulesBase
3178:             1             24  org.apache.tomcat.util.net.Acceptor
3179:             1             24  org.apache.tomcat.util.net.NioBlockingSelector
3180:             1             24  org.apache.tomcat.websocket.server.WsFilter
3181:             1             24  org.hibernate.validator.internal.engine.MethodValidationConfiguration
3182:             1             24  org.hibernate.validator.internal.engine.valueextraction.ValueExtractorManager
3183:             1             24  org.hibernate.validator.internal.metadata.provider.ProgrammaticMetaDataProvider
3184:             1             24  org.hibernate.validator.internal.util.ConcurrentReferenceHashMap$Option
3185:             1             24  org.slf4j.helpers.FormattingTuple
3186:             1             24  org.slf4j.helpers.SubstituteLoggerFactory
3187:             1             24  org.slf4j.impl.StaticLoggerBinder
3188:             1             24  org.springframework.aop.framework.JdkDynamicAopProxy
3189:             1             24  org.springframework.aop.framework.autoproxy.AbstractAdvisorAutoProxyCreator$BeanFactoryAdvisorRetrievalHelperAdapter
3190:             1             24  org.springframework.aop.support.DefaultPointcutAdvisor
3191:             1             24  org.springframework.aop.target.EmptyTargetSource
3192:             1             24  org.springframework.beans.BeanReloadingFilter
3193:             1             24  org.springframework.beans.JrBeanCreationListenerGroup
3194:             1             24  org.springframework.beans.JrBeanFactoryPostProcessorRegistry
3195:             1             24  org.springframework.beans.JrBeanReloader$1
3196:             1             24  org.springframework.beans.JrBeanReloader$2
3197:             1             24  org.springframework.beans.JrBeanReloader$4
3198:             1             24  org.springframework.beans.factory.config.CustomScopeConfigurer
3199:             1             24  org.springframework.beans.factory.config.RuntimeBeanReference
3200:             1             24  org.springframework.beans.propertyeditors.ByteArrayPropertyEditor
3201:             1             24  org.springframework.beans.propertyeditors.CharArrayPropertyEditor
3202:             1             24  org.springframework.beans.propertyeditors.CharsetEditor
3203:             1             24  org.springframework.beans.propertyeditors.CurrencyEditor
3204:             1             24  org.springframework.beans.propertyeditors.LocaleEditor
3205:             1             24  org.springframework.beans.propertyeditors.PropertiesEditor
3206:             1             24  org.springframework.beans.propertyeditors.TimeZoneEditor
3207:             1             24  org.springframework.beans.propertyeditors.UUIDEditor
3208:             1             24  org.springframework.beans.propertyeditors.ZoneIdEditor
3209:             1             24  org.springframework.beans.support.ResourceEditorRegistrar
3210:             1             24  org.springframework.boot.DefaultApplicationArguments
3211:             1             24  org.springframework.boot.SpringApplicationBannerPrinter$PrintedBanner
3212:             1             24  org.springframework.boot.SpringApplicationRunListeners
3213:             1             24  org.springframework.boot.autoconfigure.AutoConfigurationImportSelector$AutoConfigurationEntry
3214:             1             24  org.springframework.boot.autoconfigure.AutoConfigurationPackages$BasePackages
3215:             1             24  org.springframework.boot.autoconfigure.admin.SpringApplicationAdminJmxAutoConfiguration$$EnhancerBySpringCGLIB$$b6de5e0c$$FastClassBySpringCGLIB$$5ed6da28
3216:             1             24  org.springframework.boot.autoconfigure.admin.SpringApplicationAdminJmxAutoConfiguration$$FastClassBySpringCGLIB$$6d716d49
3217:             1             24  org.springframework.boot.autoconfigure.condition.BeanTypeRegistry
3218:             1             24  org.springframework.boot.autoconfigure.condition.ConditionMessage$Style$1
3219:             1             24  org.springframework.boot.autoconfigure.condition.ConditionMessage$Style$2
3220:             1             24  org.springframework.boot.autoconfigure.condition.FilteringSpringBootCondition$ClassNameFilter$1
3221:             1             24  org.springframework.boot.autoconfigure.condition.FilteringSpringBootCondition$ClassNameFilter$2
3222:             1             24  org.springframework.boot.autoconfigure.diagnostics.analyzer.NoSuchBeanDefinitionFailureAnalyzer
3223:             1             24  org.springframework.boot.autoconfigure.freemarker.FreeMarkerTemplateAvailabilityProvider
3224:             1             24  org.springframework.boot.autoconfigure.groovy.template.GroovyTemplateAvailabilityProvider
3225:             1             24  org.springframework.boot.autoconfigure.http.HttpMessageConvertersAutoConfiguration$$EnhancerBySpringCGLIB$$3e6588d2$$FastClassBySpringCGLIB$$e3a72469
3226:             1             24  org.springframework.boot.autoconfigure.http.HttpMessageConvertersAutoConfiguration$$FastClassBySpringCGLIB$$ba15c54f
3227:             1             24  org.springframework.boot.autoconfigure.http.HttpMessageConvertersAutoConfiguration$StringHttpMessageConverterConfiguration$$EnhancerBySpringCGLIB$$71734f72$$FastClassBySpringCGLIB$$5c148f6d
3228:             1             24  org.springframework.boot.autoconfigure.http.HttpMessageConvertersAutoConfiguration$StringHttpMessageConverterConfiguration$$FastClassBySpringCGLIB$$a19557ef
3229:             1             24  org.springframework.boot.autoconfigure.http.HttpProperties
3230:             1             24  org.springframework.boot.autoconfigure.http.JacksonHttpMessageConvertersConfiguration$MappingJackson2HttpMessageConverterConfiguration$$EnhancerBySpringCGLIB$$ab494b72$$FastClassBySpringCGLIB$$d4fa3b99
3231:             1             24  org.springframework.boot.autoconfigure.http.JacksonHttpMessageConvertersConfiguration$MappingJackson2HttpMessageConverterConfiguration$$FastClassBySpringCGLIB$$cc27d3ef
3232:             1             24  org.springframework.boot.autoconfigure.http.codec.CodecsAutoConfiguration$JacksonCodecConfiguration$$EnhancerBySpringCGLIB$$8c0bd88a$$FastClassBySpringCGLIB$$9cd97dac
3233:             1             24  org.springframework.boot.autoconfigure.http.codec.CodecsAutoConfiguration$JacksonCodecConfiguration$$FastClassBySpringCGLIB$$b3c4d607
3234:             1             24  org.springframework.boot.autoconfigure.http.codec.CodecsAutoConfiguration$LoggingCodecConfiguration$$EnhancerBySpringCGLIB$$c107a916$$FastClassBySpringCGLIB$$6c95edd8
3235:             1             24  org.springframework.boot.autoconfigure.http.codec.CodecsAutoConfiguration$LoggingCodecConfiguration$$FastClassBySpringCGLIB$$8da6a113
3236:             1             24  org.springframework.boot.autoconfigure.info.ProjectInfoAutoConfiguration$GitResourceAvailableCondition
3237:             1             24  org.springframework.boot.autoconfigure.info.ProjectInfoProperties
3238:             1             24  org.springframework.boot.autoconfigure.info.ProjectInfoProperties$Build
3239:             1             24  org.springframework.boot.autoconfigure.info.ProjectInfoProperties$Git
3240:             1             24  org.springframework.boot.autoconfigure.jackson.JacksonAutoConfiguration$$EnhancerBySpringCGLIB$$61d0da5e$$FastClassBySpringCGLIB$$e1c43312
3241:             1             24  org.springframework.boot.autoconfigure.jackson.JacksonAutoConfiguration$$FastClassBySpringCGLIB$$ee97f15b
3242:             1             24  org.springframework.boot.autoconfigure.jackson.JacksonAutoConfiguration$Jackson2ObjectMapperBuilderCustomizerConfiguration$$EnhancerBySpringCGLIB$$ed28e4d7$$FastClassBySpringCGLIB$$7d1656ac
3243:             1             24  org.springframework.boot.autoconfigure.jackson.JacksonAutoConfiguration$Jackson2ObjectMapperBuilderCustomizerConfiguration$$FastClassBySpringCGLIB$$a7cec5b4
3244:             1             24  org.springframework.boot.autoconfigure.jackson.JacksonAutoConfiguration$Jackson2ObjectMapperBuilderCustomizerConfiguration$StandardJackson2ObjectMapperBuilderCustomizer
3245:             1             24  org.springframework.boot.autoconfigure.jackson.JacksonAutoConfiguration$JacksonObjectMapperBuilderConfiguration$$EnhancerBySpringCGLIB$$3211fee8$$FastClassBySpringCGLIB$$72c1c8e5
3246:             1             24  org.springframework.boot.autoconfigure.jackson.JacksonAutoConfiguration$JacksonObjectMapperBuilderConfiguration$$FastClassBySpringCGLIB$$28b34ea5
3247:             1             24  org.springframework.boot.autoconfigure.jackson.JacksonAutoConfiguration$JacksonObjectMapperConfiguration$$EnhancerBySpringCGLIB$$7fc53ccf$$FastClassBySpringCGLIB$$84c59101
3248:             1             24  org.springframework.boot.autoconfigure.jackson.JacksonAutoConfiguration$JacksonObjectMapperConfiguration$$FastClassBySpringCGLIB$$596316ac
3249:             1             24  org.springframework.boot.autoconfigure.jackson.JacksonAutoConfiguration$ParameterNamesModuleConfiguration$$EnhancerBySpringCGLIB$$13f45c05$$FastClassBySpringCGLIB$$872c02da
3250:             1             24  org.springframework.boot.autoconfigure.jackson.JacksonAutoConfiguration$ParameterNamesModuleConfiguration$$FastClassBySpringCGLIB$$f1cb4522
3251:             1             24  org.springframework.boot.autoconfigure.jdbc.DataSourceAutoConfiguration$EmbeddedDatabaseCondition
3252:             1             24  org.springframework.boot.autoconfigure.jdbc.DataSourceInitializer
3253:             1             24  org.springframework.boot.autoconfigure.jdbc.DataSourceProperties$Xa
3254:             1             24  org.springframework.boot.autoconfigure.jdbc.DataSourceTransactionManagerAutoConfiguration$DataSourceTransactionManagerConfiguration$$EnhancerBySpringCGLIB$$d13255ad$$FastClassBySpringCGLIB$$d73c47de
3255:             1             24  org.springframework.boot.autoconfigure.jdbc.DataSourceTransactionManagerAutoConfiguration$DataSourceTransactionManagerConfiguration$$FastClassBySpringCGLIB$$6c5cb1ca
3256:             1             24  org.springframework.boot.autoconfigure.jdbc.JdbcProperties$Template
3257:             1             24  org.springframework.boot.autoconfigure.jdbc.JdbcTemplateAutoConfiguration$JdbcTemplateConfiguration$$EnhancerBySpringCGLIB$$3cbcebab$$FastClassBySpringCGLIB$$8d26f00
3258:             1             24  org.springframework.boot.autoconfigure.jdbc.JdbcTemplateAutoConfiguration$JdbcTemplateConfiguration$$FastClassBySpringCGLIB$$d6b54608
3259:             1             24  org.springframework.boot.autoconfigure.jdbc.JdbcTemplateAutoConfiguration$NamedParameterJdbcTemplateConfiguration$$EnhancerBySpringCGLIB$$2e9de2db$$FastClassBySpringCGLIB$$3e5e0faa
3260:             1             24  org.springframework.boot.autoconfigure.jdbc.JdbcTemplateAutoConfiguration$NamedParameterJdbcTemplateConfiguration$$FastClassBySpringCGLIB$$2cc8738
3261:             1             24  org.springframework.boot.autoconfigure.jdbc.metadata.DataSourcePoolMetadataProvidersConfiguration$HikariPoolDataSourceMetadataProviderConfiguration$$EnhancerBySpringCGLIB$$8488e522$$FastClassBySpringCGLIB$$d6777026
3262:             1             24  org.springframework.boot.autoconfigure.jdbc.metadata.DataSourcePoolMetadataProvidersConfiguration$HikariPoolDataSourceMetadataProviderConfiguration$$FastClassBySpringCGLIB$$f8fbe79f
3263:             1             24  org.springframework.boot.autoconfigure.task.TaskExecutionAutoConfiguration$$EnhancerBySpringCGLIB$$afd15614$$FastClassBySpringCGLIB$$6f3c54be
3264:             1             24  org.springframework.boot.autoconfigure.task.TaskExecutionAutoConfiguration$$FastClassBySpringCGLIB$$16d26c51
3265:             1             24  org.springframework.boot.autoconfigure.task.TaskExecutionProperties
3266:             1             24  org.springframework.boot.autoconfigure.task.TaskSchedulingAutoConfiguration$$EnhancerBySpringCGLIB$$d7f13954$$FastClassBySpringCGLIB$$33697b6b
3267:             1             24  org.springframework.boot.autoconfigure.task.TaskSchedulingAutoConfiguration$$FastClassBySpringCGLIB$$dd612791
3268:             1             24  org.springframework.boot.autoconfigure.task.TaskSchedulingProperties
3269:             1             24  org.springframework.boot.autoconfigure.template.TemplateAvailabilityProviders
3270:             1             24  org.springframework.boot.autoconfigure.transaction.TransactionAutoConfiguration$$EnhancerBySpringCGLIB$$b8a5b848$$FastClassBySpringCGLIB$$abc62378
3271:             1             24  org.springframework.boot.autoconfigure.transaction.TransactionAutoConfiguration$$FastClassBySpringCGLIB$$58253c05
3272:             1             24  org.springframework.boot.autoconfigure.transaction.TransactionAutoConfiguration$TransactionTemplateConfiguration$$EnhancerBySpringCGLIB$$22bc1a80$$FastClassBySpringCGLIB$$92f9afe5
3273:             1             24  org.springframework.boot.autoconfigure.transaction.TransactionAutoConfiguration$TransactionTemplateConfiguration$$FastClassBySpringCGLIB$$3ce48f3d
3274:             1             24  org.springframework.boot.autoconfigure.transaction.TransactionProperties
3275:             1             24  org.springframework.boot.autoconfigure.validation.ValidatorAdapter
3276:             1             24  org.springframework.boot.autoconfigure.web.ResourceProperties$Cache
3277:             1             24  org.springframework.boot.autoconfigure.web.ResourceProperties$Chain
3278:             1             24  org.springframework.boot.autoconfigure.web.ResourceProperties$Content
3279:             1             24  org.springframework.boot.autoconfigure.web.ResourceProperties$Fixed
3280:             1             24  org.springframework.boot.autoconfigure.web.ResourceProperties$Strategy
3281:             1             24  org.springframework.boot.autoconfigure.web.ServerProperties$Tomcat$Resource
3282:             1             24  org.springframework.boot.autoconfigure.web.client.RestTemplateAutoConfiguration$$EnhancerBySpringCGLIB$$bf47b6bf$$FastClassBySpringCGLIB$$7f6b4abc
3283:             1             24  org.springframework.boot.autoconfigure.web.client.RestTemplateAutoConfiguration$$FastClassBySpringCGLIB$$79a6429c
3284:             1             24  org.springframework.boot.autoconfigure.web.embedded.EmbeddedWebServerFactoryCustomizerAutoConfiguration$TomcatWebServerFactoryCustomizerConfiguration$$EnhancerBySpringCGLIB$$2a5d4a0c$$FastClassBySpringCGLIB$$c558182e
3285:             1             24  org.springframework.boot.autoconfigure.web.embedded.EmbeddedWebServerFactoryCustomizerAutoConfiguration$TomcatWebServerFactoryCustomizerConfiguration$$FastClassBySpringCGLIB$$3b7ed949
3286:             1             24  org.springframework.boot.autoconfigure.web.embedded.TomcatWebServerFactoryCustomizer
3287:             1             24  org.springframework.boot.autoconfigure.web.embedded.TomcatWebServerFactoryCustomizer$$Lambda$333/191519989
3288:             1             24  org.springframework.boot.autoconfigure.web.servlet.DispatcherServletAutoConfiguration$DispatcherServletConfiguration$$EnhancerBySpringCGLIB$$74314d07$$FastClassBySpringCGLIB$$e83f3a07
3289:             1             24  org.springframework.boot.autoconfigure.web.servlet.DispatcherServletAutoConfiguration$DispatcherServletConfiguration$$FastClassBySpringCGLIB$$c3057e4
3290:             1             24  org.springframework.boot.autoconfigure.web.servlet.DispatcherServletAutoConfiguration$DispatcherServletRegistrationConfiguration$$EnhancerBySpringCGLIB$$d638e1ae$$FastClassBySpringCGLIB$$73daf335
3291:             1             24  org.springframework.boot.autoconfigure.web.servlet.DispatcherServletAutoConfiguration$DispatcherServletRegistrationConfiguration$$FastClassBySpringCGLIB$$20b85eab
3292:             1             24  org.springframework.boot.autoconfigure.web.servlet.ServletWebServerFactoryConfiguration$EmbeddedTomcat$$EnhancerBySpringCGLIB$$8eb42f28$$FastClassBySpringCGLIB$$e9f2e2d
3293:             1             24  org.springframework.boot.autoconfigure.web.servlet.ServletWebServerFactoryConfiguration$EmbeddedTomcat$$FastClassBySpringCGLIB$$57e7b6e5
3294:             1             24  org.springframework.boot.autoconfigure.web.servlet.WebMvcProperties$Contentnegotiation
3295:             1             24  org.springframework.boot.autoconfigure.web.servlet.WebMvcProperties$Servlet
3296:             1             24  org.springframework.boot.autoconfigure.web.servlet.WebMvcProperties$View
3297:             1             24  org.springframework.boot.autoconfigure.web.servlet.error.BasicErrorController
3298:             1             24  org.springframework.boot.autoconfigure.web.servlet.error.ErrorMvcAutoConfiguration$DefaultErrorViewResolverConfiguration$$EnhancerBySpringCGLIB$$64729763$$FastClassBySpringCGLIB$$70bd156d
3299:             1             24  org.springframework.boot.autoconfigure.web.servlet.error.ErrorMvcAutoConfiguration$DefaultErrorViewResolverConfiguration$$FastClassBySpringCGLIB$$696432c0
3300:             1             24  org.springframework.boot.autoconfigure.web.servlet.error.ErrorMvcAutoConfiguration$ErrorPageCustomizer
3301:             1             24  org.springframework.boot.autoconfigure.websocket.servlet.WebSocketServletAutoConfiguration$TomcatWebSocketConfiguration$$EnhancerBySpringCGLIB$$9ccbd22d$$FastClassBySpringCGLIB$$6eacc718
3302:             1             24  org.springframework.boot.autoconfigure.websocket.servlet.WebSocketServletAutoConfiguration$TomcatWebSocketConfiguration$$FastClassBySpringCGLIB$$f1131e4a
3303:             1             24  org.springframework.boot.builder.ParentContextCloserApplicationListener
3304:             1             24  org.springframework.boot.cloud.CloudPlatform$1
3305:             1             24  org.springframework.boot.cloud.CloudPlatform$2
3306:             1             24  org.springframework.boot.cloud.CloudPlatform$3
3307:             1             24  org.springframework.boot.context.ContextIdApplicationContextInitializer$ContextId
3308:             1             24  org.springframework.boot.context.config.ConfigFileApplicationListener$PropertySourceOrderingPostProcessor
3309:             1             24  org.springframework.boot.context.config.DelegatingApplicationListener
3310:             1             24  org.springframework.boot.context.event.EventPublishingRunListener
3311:             1             24  org.springframework.boot.context.properties.ConfigurationBeanFactoryMetadata
3312:             1             24  org.springframework.boot.context.properties.ConfigurationPropertiesBindingPostProcessor
3313:             1             24  org.springframework.boot.context.properties.PropertyMapper
3314:             1             24  org.springframework.boot.context.properties.bind.BindConverter$TypeConverterConversionService
3315:             1             24  org.springframework.boot.context.properties.bind.PropertySourcesPlaceholdersResolver
3316:             1             24  org.springframework.boot.context.properties.source.ConfigurationPropertySourcesPropertySource
3317:             1             24  org.springframework.boot.context.properties.source.DefaultPropertyMapper
3318:             1             24  org.springframework.boot.convert.DurationStyle$1
3319:             1             24  org.springframework.boot.convert.DurationStyle$2
3320:             1             24  org.springframework.boot.devtools.autoconfigure.DevToolsDataSourceAutoConfiguration$$EnhancerBySpringCGLIB$$fef5cc75$$FastClassBySpringCGLIB$$de31cb3
3321:             1             24  org.springframework.boot.devtools.autoconfigure.DevToolsDataSourceAutoConfiguration$$FastClassBySpringCGLIB$$2fb51792
3322:             1             24  org.springframework.boot.devtools.autoconfigure.DevToolsDataSourceAutoConfiguration$NonEmbeddedInMemoryDatabaseShutdownExecutor
3323:             1             24  org.springframework.boot.devtools.autoconfigure.DevToolsProperties
3324:             1             24  org.springframework.boot.devtools.autoconfigure.DevToolsProperties$Livereload
3325:             1             24  org.springframework.boot.devtools.autoconfigure.RemoteDevToolsProperties$Proxy
3326:             1             24  org.springframework.boot.devtools.classpath.ClassPathFileChangeListener
3327:             1             24  org.springframework.boot.devtools.classpath.PatternClassPathRestartStrategy
3328:             1             24  org.springframework.boot.devtools.filewatch.ChangedFile
3329:             1             24  org.springframework.boot.devtools.filewatch.ChangedFiles
3330:             1             24  org.springframework.boot.devtools.restart.ClassLoaderFilesResourcePatternResolver
3331:             1             24  org.springframework.boot.devtools.restart.Restarter$LeakSafeThreadFactory$$Lambda$413/1116292004
3332:             1             24  org.springframework.boot.devtools.settings.DevToolsSettings
3333:             1             24  org.springframework.boot.diagnostics.FailureAnalyzers
3334:             1             24  org.springframework.boot.env.RandomValuePropertySource
3335:             1             24  org.springframework.boot.logging.AbstractLoggingSystem$LogLevels
3336:             1             24  org.springframework.boot.logging.DeferredLog$Line
3337:             1             24  org.springframework.boot.task.TaskSchedulerBuilder
3338:             1             24  org.springframework.boot.type.classreading.ConcurrentReferenceCachingMetadataReaderFactory
3339:             1             24  org.springframework.boot.web.client.RestTemplateBuilder$RequestFactoryCustomizer
3340:             1             24  org.springframework.boot.web.embedded.tomcat.TomcatServletWebServerFactory$StaticResourceConfigurer
3341:             1             24  org.springframework.boot.web.embedded.tomcat.TomcatStarter
3342:             1             24  org.springframework.boot.web.embedded.tomcat.TomcatWebServer$$Lambda$334/1521261927
3343:             1             24  org.springframework.boot.web.server.ErrorPage
3344:             1             24  org.springframework.boot.web.server.ErrorPageRegistrarBeanPostProcessor
3345:             1             24  org.springframework.boot.web.server.WebServerFactoryCustomizerBeanPostProcessor
3346:             1             24  org.springframework.boot.web.servlet.context.WebApplicationContextServletContextAwareProcessor
3347:             1             24  org.springframework.boot.web.servlet.server.DocumentRoot
3348:             1             24  org.springframework.boot.web.servlet.server.Jsp
3349:             1             24  org.springframework.cglib.core.EmitUtils$ArrayDelimiters
3350:             1             24  org.springframework.cglib.core.MethodWrapper$MethodWrapperKey$$KeyFactoryByCGLIB$$552be97a
3351:             1             24  org.springframework.cglib.core.internal.LoadingCache
3352:             1             24  org.springframework.context.annotation.ConfigurationClassEnhancer$ConditionalCallbackFilter
3353:             1             24  org.springframework.context.annotation.ContextAnnotationAutowireCandidateResolver
3354:             1             24  org.springframework.context.annotation.MBeanExportConfiguration$SpecificPlatform$1
3355:             1             24  org.springframework.context.annotation.MBeanExportConfiguration$SpecificPlatform$2
3356:             1             24  org.springframework.context.event.EventExpressionEvaluator
3357:             1             24  org.springframework.context.support.ApplicationContextAwareProcessor
3358:             1             24  org.springframework.context.support.PostProcessorRegistrationDelegate$BeanPostProcessorChecker
3359:             1             24  org.springframework.context.support.PropertySourcesPlaceholderConfigurer$$Lambda$192/272059566
3360:             1             24  org.springframework.core.OrderComparator$$Lambda$209/654322778
3361:             1             24  org.springframework.core.ReactiveAdapterRegistry
3362:             1             24  org.springframework.core.convert.support.DefaultConversionService
3363:             1             24  org.springframework.core.env.CommandLineArgs
3364:             1             24  org.springframework.core.io.support.PathMatchingResourcePatternResolver
3365:             1             24  org.springframework.dao.annotation.PersistenceExceptionTranslationAdvisor
3366:             1             24  org.springframework.dao.support.PersistenceExceptionTranslationInterceptor
3367:             1             24  org.springframework.http.HttpEntity
3368:             1             24  org.springframework.http.ResponseEntity
3369:             1             24  org.springframework.jdbc.core.namedparam.NamedParameterJdbcTemplate
3370:             1             24  org.springframework.jmx.export.naming.MetadataNamingStrategy
3371:             1             24  org.springframework.jndi.JndiTemplate
3372:             1             24  org.springframework.messaging.handler.annotation.support.PayloadArgumentResolver
3373:             1             24  org.springframework.messaging.handler.invocation.HandlerMethodArgumentResolverComposite
3374:             1             24  org.springframework.messaging.handler.invocation.HandlerMethodReturnValueHandlerComposite
3375:             1             24  org.springframework.messaging.simp.annotation.support.SubscriptionMethodReturnValueHandler
3376:             1             24  org.springframework.messaging.simp.broker.DefaultSubscriptionRegistry$DestinationCache
3377:             1             24  org.springframework.messaging.simp.stomp.StompEncoder
3378:             1             24  org.springframework.messaging.simp.user.DefaultUserDestinationResolver
3379:             1             24  org.springframework.messaging.support.IdTimestampMessageHeaderInitializer
3380:             1             24  org.springframework.objenesis.SpringObjenesis
3381:             1             24  org.springframework.scheduling.annotation.SchedulingConfiguration$$EnhancerBySpringCGLIB$$c58073b9$$FastClassBySpringCGLIB$$22b54e40
3382:             1             24  org.springframework.scheduling.annotation.SchedulingConfiguration$$FastClassBySpringCGLIB$$bd049a56
3383:             1             24  org.springframework.scheduling.config.ScheduledTask
3384:             1             24  org.springframework.scheduling.support.ScheduledMethodRunnable
3385:             1             24  org.springframework.transaction.interceptor.BeanFactoryTransactionAttributeSourceAdvisor$1
3386:             1             24  org.springframework.util.StopWatch$TaskInfo
3387:             1             24  org.springframework.validation.beanvalidation.LocalValidatorFactoryBean$1
3388:             1             24  org.springframework.web.context.support.ServletContextPropertySource
3389:             1             24  org.springframework.web.context.support.ServletContextScope
3390:             1             24  org.springframework.web.method.annotation.ExceptionHandlerMethodResolver
3391:             1             24  org.springframework.web.method.annotation.RequestHeaderMethodArgumentResolver
3392:             1             24  org.springframework.web.method.support.CompositeUriComponentsContributor
3393:             1             24  org.springframework.web.servlet.handler.HandlerExceptionResolverComposite
3394:             1             24  org.springframework.web.servlet.i18n.AcceptHeaderLocaleResolver
3395:             1             24  org.springframework.web.servlet.mvc.method.annotation.ResponseBodyEmitterReturnValueHandler
3396:             1             24  org.springframework.web.servlet.support.SessionFlashMapManager
3397:             1             24  org.springframework.web.servlet.view.ViewResolverComposite
3398:             1             24  org.springframework.web.socket.messaging.StompSubProtocolHandler$Stats
3399:             1             24  org.springframework.web.socket.server.standard.TomcatRequestUpgradeStrategy
3400:             1             24  org.springframework.web.socket.server.support.OriginHandshakeInterceptor
3401:             1             24  org.springframework.web.socket.sockjs.support.SockJsHttpRequestHandler
3402:             1             24  org.springframework.web.socket.sockjs.transport.handler.EventSourceTransportHandler
3403:             1             24  org.springframework.web.socket.sockjs.transport.handler.HtmlFileTransportHandler
3404:             1             24  org.springframework.web.socket.sockjs.transport.handler.XhrPollingTransportHandler
3405:             1             24  org.springframework.web.socket.sockjs.transport.handler.XhrReceivingTransportHandler
3406:             1             24  org.springframework.web.socket.sockjs.transport.handler.XhrStreamingTransportHandler
3407:             1             24  org.zeroturnaround.bundled.javassist.ClassPathList
3408:             1             24  org.zeroturnaround.javarebel.integration.IntegrationClassEventListener
3409:             1             24  org.zeroturnaround.javarebel.integration.catalina.cbp.ApplicationContextFacadeCBP
3410:             1             24  org.zeroturnaround.javarebel.integration.hybris.WidgetClassLoaderCBP
3411:             1             24  org.zeroturnaround.javarebel.integration.ide.IDECallbackClassEventListener
3412:             1             24  org.zeroturnaround.javarebel.integration.javaxel.BeanELResolverCBP
3413:             1             24  org.zeroturnaround.javarebel.integration.jenkins.WebAppMainCBP
3414:             1             24  org.zeroturnaround.javarebel.integration.objectdb.ObjectDBDelegationCBP$Processor
3415:             1             24  org.zeroturnaround.javarebel.integration.proxy.cglib.FastClassProxyEventListener
3416:             1             24  org.zeroturnaround.javarebel.integration.resin.ResinWatchdogCBP
3417:             1             24  org.zeroturnaround.javarebel.integration.resin.WatchdogProcessCBP
3418:             1             24  org.zeroturnaround.javarebel.integration.servlet.oc4j.OC4JJspClassLoaderCBP
3419:             1             24  org.zeroturnaround.javarebel.integration.spring.GenericTypeResolverCEL
3420:             1             24  org.zeroturnaround.javarebel.integration.spring.annotations.ComponentScannerAnnotation
3421:             1             24  org.zeroturnaround.javarebel.integration.spring.beans.BeanTypeResolverImpl
3422:             1             24  org.zeroturnaround.javarebel.integration.spring.beans.ExpressionDependencyRegistry
3423:             1             24  org.zeroturnaround.javarebel.integration.spring.beans.ScannedClassManager
3424:             1             24  org.zeroturnaround.javarebel.integration.spring.beans.cbp.BeanDefinitionReaderUtilsCBP
3425:             1             24  org.zeroturnaround.javarebel.integration.spring.boot.SpringBootRegistry
3426:             1             24  org.zeroturnaround.javarebel.integration.spring.core.ReflectionUtilsCacheClearer
3427:             1             24  org.zeroturnaround.javarebel.integration.support.JavassistClassBytecodeProcessor$FilterClassPathWrapper
3428:             1             24  org.zeroturnaround.javarebel.integration.util.ClassLoaderLocalUtil$LoaderAttachment
3429:             1             24  org.zeroturnaround.javarebel.preferences.FileStore$1
3430:             1             24  org.zeroturnaround.javarebel.preferences.FileStore$3
3431:             1             24  org.zeroturnaround.javarebel.preferences.FileStorePreferences
3432:             1             24  org.zeroturnaround.javarebel.preferences.InMemoryPreferences
3433:             1             24  org.zeroturnaround.javarebel.reporting.MessageType$SendFilterImpl$1
3434:             1             24  org.zeroturnaround.javarebel.reporting.MessageType$SendFilterImpl$2
3435:             1             24  org.zeroturnaround.javarebel.reporting.MessageType$SendFilterImpl$3
3436:             1             24  org.zeroturnaround.javarebel.reporting.MessageType$SendFilterImpl$4
3437:             1             24  org.zeroturnaround.javarebel.reporting.MixpanelMetrics$10
3438:             1             24  org.zeroturnaround.javarebel.reporting.MixpanelMetrics$3
3439:             1             24  org.zeroturnaround.javarebel.reporting.MixpanelMetrics$4
3440:             1             24  org.zeroturnaround.javarebel.reporting.MixpanelMetrics$5
3441:             1             24  org.zeroturnaround.javarebel.reporting.MixpanelMetrics$8
3442:             1             24  org.zeroturnaround.javarebel.reporting.backend.impl.SegmentIOBackend$ProxyHttpBackend
3443:             1             24  org.zeroturnaround.javarebel.reporting.stats.JVMLanguageStatsListener
3444:             1             24  org.zeroturnaround.javarebel.reporting.stats.repository.impl.RepositoryMetricsStatistics$ServerStartedStatsListener
3445:             1             24  org.zeroturnaround.javarebel.service.ServiceRequestUtil$TCLBindingServiceRequestListener
3446:             1             24  org.zeroturnaround.javarebel.spring.SpringMetrics$1
3447:             1             24  org.zeroturnaround.javarebel.spring.SpringMetrics$ShipInBackgroundThreadStrategy$1
3448:             1             24  org.zeroturnaround.jrebel.integration.logback.LogbackReloader
3449:             1             24  org.zeroturnaround.jrebel.intellij.FileWatcher$1
3450:             1             24  org.zeroturnaround.jrebel.intellij.FileWatcher$Lock
3451:             1             24  org.zeroturnaround.jrebel.jackson2.cbp.ObjectMapperCBP
3452:             1             24  sun.instrument.TransformerManager
3453:             1             24  sun.launcher.LauncherHelper
3454:             1             24  sun.management.CompilationImpl
3455:             1             24  sun.management.MemoryImpl
3456:             1             24  sun.management.OperatingSystemImpl
3457:             1             24  sun.management.RuntimeImpl
3458:             1             24  sun.management.ThreadImpl
3459:             1             24  sun.management.VMManagementImpl
3460:             1             24  sun.misc.URLClassPath$FileLoader
3461:             1             24  sun.net.ProgressMonitor
3462:             1             24  sun.net.www.protocol.http.Handler
3463:             1             24  sun.nio.cs.CESU_8
3464:             1             24  sun.nio.cs.IBM437
3465:             1             24  sun.nio.cs.IBM737
3466:             1             24  sun.nio.cs.IBM775
3467:             1             24  sun.nio.cs.IBM850
3468:             1             24  sun.nio.cs.IBM852
3469:             1             24  sun.nio.cs.IBM855
3470:             1             24  sun.nio.cs.IBM857
3471:             1             24  sun.nio.cs.IBM858
3472:             1             24  sun.nio.cs.IBM862
3473:             1             24  sun.nio.cs.IBM866
3474:             1             24  sun.nio.cs.IBM874
3475:             1             24  sun.nio.cs.ISO_8859_1
3476:             1             24  sun.nio.cs.ISO_8859_13
3477:             1             24  sun.nio.cs.ISO_8859_15
3478:             1             24  sun.nio.cs.ISO_8859_2
3479:             1             24  sun.nio.cs.ISO_8859_4
3480:             1             24  sun.nio.cs.ISO_8859_5
3481:             1             24  sun.nio.cs.ISO_8859_7
3482:             1             24  sun.nio.cs.ISO_8859_9
3483:             1             24  sun.nio.cs.KOI8_R
3484:             1             24  sun.nio.cs.KOI8_U
3485:             1             24  sun.nio.cs.MS1250
3486:             1             24  sun.nio.cs.MS1251
3487:             1             24  sun.nio.cs.MS1252
3488:             1             24  sun.nio.cs.MS1253
3489:             1             24  sun.nio.cs.MS1254
3490:             1             24  sun.nio.cs.MS1257
3491:             1             24  sun.nio.cs.ThreadLocalCoders$1
3492:             1             24  sun.nio.cs.ThreadLocalCoders$2
3493:             1             24  sun.nio.cs.US_ASCII
3494:             1             24  sun.nio.cs.UTF_16
3495:             1             24  sun.nio.cs.UTF_16BE
3496:             1             24  sun.nio.cs.UTF_16LE
3497:             1             24  sun.nio.cs.UTF_16LE_BOM
3498:             1             24  sun.nio.cs.UTF_32
3499:             1             24  sun.nio.cs.UTF_32BE
3500:             1             24  sun.nio.cs.UTF_32BE_BOM
3501:             1             24  sun.nio.cs.UTF_32LE
3502:             1             24  sun.nio.cs.UTF_32LE_BOM
3503:             1             24  sun.nio.cs.UTF_8
3504:             1             24  sun.nio.cs.ext.Big5
3505:             1             24  sun.nio.cs.ext.Big5_HKSCS
3506:             1             24  sun.nio.cs.ext.Big5_HKSCS_2001
3507:             1             24  sun.nio.cs.ext.Big5_Solaris
3508:             1             24  sun.nio.cs.ext.EUC_CN
3509:             1             24  sun.nio.cs.ext.EUC_JP
3510:             1             24  sun.nio.cs.ext.EUC_JP_LINUX
3511:             1             24  sun.nio.cs.ext.EUC_JP_Open
3512:             1             24  sun.nio.cs.ext.EUC_TW
3513:             1             24  sun.nio.cs.ext.GB18030
3514:             1             24  sun.nio.cs.ext.GBK
3515:             1             24  sun.nio.cs.ext.IBM037
3516:             1             24  sun.nio.cs.ext.IBM1006
3517:             1             24  sun.nio.cs.ext.IBM1025
3518:             1             24  sun.nio.cs.ext.IBM1026
3519:             1             24  sun.nio.cs.ext.IBM1046
3520:             1             24  sun.nio.cs.ext.IBM1047
3521:             1             24  sun.nio.cs.ext.IBM1097
3522:             1             24  sun.nio.cs.ext.IBM1098
3523:             1             24  sun.nio.cs.ext.IBM1112
3524:             1             24  sun.nio.cs.ext.IBM1122
3525:             1             24  sun.nio.cs.ext.IBM1123
3526:             1             24  sun.nio.cs.ext.IBM1124
3527:             1             24  sun.nio.cs.ext.IBM1140
3528:             1             24  sun.nio.cs.ext.IBM1141
3529:             1             24  sun.nio.cs.ext.IBM1142
3530:             1             24  sun.nio.cs.ext.IBM1143
3531:             1             24  sun.nio.cs.ext.IBM1144
3532:             1             24  sun.nio.cs.ext.IBM1145
3533:             1             24  sun.nio.cs.ext.IBM1146
3534:             1             24  sun.nio.cs.ext.IBM1147
3535:             1             24  sun.nio.cs.ext.IBM1148
3536:             1             24  sun.nio.cs.ext.IBM1149
3537:             1             24  sun.nio.cs.ext.IBM1166
3538:             1             24  sun.nio.cs.ext.IBM1364
3539:             1             24  sun.nio.cs.ext.IBM1381
3540:             1             24  sun.nio.cs.ext.IBM1383
3541:             1             24  sun.nio.cs.ext.IBM273
3542:             1             24  sun.nio.cs.ext.IBM277
3543:             1             24  sun.nio.cs.ext.IBM278
3544:             1             24  sun.nio.cs.ext.IBM280
3545:             1             24  sun.nio.cs.ext.IBM284
3546:             1             24  sun.nio.cs.ext.IBM285
3547:             1             24  sun.nio.cs.ext.IBM290
3548:             1             24  sun.nio.cs.ext.IBM297
3549:             1             24  sun.nio.cs.ext.IBM300
3550:             1             24  sun.nio.cs.ext.IBM33722
3551:             1             24  sun.nio.cs.ext.IBM420
3552:             1             24  sun.nio.cs.ext.IBM424
3553:             1             24  sun.nio.cs.ext.IBM500
3554:             1             24  sun.nio.cs.ext.IBM833
3555:             1             24  sun.nio.cs.ext.IBM834
3556:             1             24  sun.nio.cs.ext.IBM838
3557:             1             24  sun.nio.cs.ext.IBM856
3558:             1             24  sun.nio.cs.ext.IBM860
3559:             1             24  sun.nio.cs.ext.IBM861
3560:             1             24  sun.nio.cs.ext.IBM863
3561:             1             24  sun.nio.cs.ext.IBM864
3562:             1             24  sun.nio.cs.ext.IBM865
3563:             1             24  sun.nio.cs.ext.IBM868
3564:             1             24  sun.nio.cs.ext.IBM869
3565:             1             24  sun.nio.cs.ext.IBM870
3566:             1             24  sun.nio.cs.ext.IBM871
3567:             1             24  sun.nio.cs.ext.IBM875
3568:             1             24  sun.nio.cs.ext.IBM918
3569:             1             24  sun.nio.cs.ext.IBM921
3570:             1             24  sun.nio.cs.ext.IBM922
3571:             1             24  sun.nio.cs.ext.IBM930
3572:             1             24  sun.nio.cs.ext.IBM933
3573:             1             24  sun.nio.cs.ext.IBM935
3574:             1             24  sun.nio.cs.ext.IBM937
3575:             1             24  sun.nio.cs.ext.IBM939
3576:             1             24  sun.nio.cs.ext.IBM942
3577:             1             24  sun.nio.cs.ext.IBM942C
3578:             1             24  sun.nio.cs.ext.IBM943
3579:             1             24  sun.nio.cs.ext.IBM943C
3580:             1             24  sun.nio.cs.ext.IBM948
3581:             1             24  sun.nio.cs.ext.IBM949
3582:             1             24  sun.nio.cs.ext.IBM949C
3583:             1             24  sun.nio.cs.ext.IBM950
3584:             1             24  sun.nio.cs.ext.IBM964
3585:             1             24  sun.nio.cs.ext.IBM970
3586:             1             24  sun.nio.cs.ext.ISCII91
3587:             1             24  sun.nio.cs.ext.ISO2022_CN
3588:             1             24  sun.nio.cs.ext.ISO2022_CN_CNS
3589:             1             24  sun.nio.cs.ext.ISO2022_CN_GB
3590:             1             24  sun.nio.cs.ext.ISO2022_JP
3591:             1             24  sun.nio.cs.ext.ISO2022_JP_2
3592:             1             24  sun.nio.cs.ext.ISO2022_KR
3593:             1             24  sun.nio.cs.ext.ISO_8859_11
3594:             1             24  sun.nio.cs.ext.ISO_8859_3
3595:             1             24  sun.nio.cs.ext.ISO_8859_6
3596:             1             24  sun.nio.cs.ext.ISO_8859_8
3597:             1             24  sun.nio.cs.ext.JISAutoDetect
3598:             1             24  sun.nio.cs.ext.JIS_X_0201
3599:             1             24  sun.nio.cs.ext.JIS_X_0208
3600:             1             24  sun.nio.cs.ext.JIS_X_0212
3601:             1             24  sun.nio.cs.ext.Johab
3602:             1             24  sun.nio.cs.ext.MS1255
3603:             1             24  sun.nio.cs.ext.MS1256
3604:             1             24  sun.nio.cs.ext.MS1258
3605:             1             24  sun.nio.cs.ext.MS50220
3606:             1             24  sun.nio.cs.ext.MS50221
3607:             1             24  sun.nio.cs.ext.MS874
3608:             1             24  sun.nio.cs.ext.MS932
3609:             1             24  sun.nio.cs.ext.MS932_0213
3610:             1             24  sun.nio.cs.ext.MS936
3611:             1             24  sun.nio.cs.ext.MS949
3612:             1             24  sun.nio.cs.ext.MS950
3613:             1             24  sun.nio.cs.ext.MS950_HKSCS
3614:             1             24  sun.nio.cs.ext.MS950_HKSCS_XP
3615:             1             24  sun.nio.cs.ext.MSISO2022JP
3616:             1             24  sun.nio.cs.ext.MacArabic
3617:             1             24  sun.nio.cs.ext.MacCentralEurope
3618:             1             24  sun.nio.cs.ext.MacCroatian
3619:             1             24  sun.nio.cs.ext.MacCyrillic
3620:             1             24  sun.nio.cs.ext.MacDingbat
3621:             1             24  sun.nio.cs.ext.MacGreek
3622:             1             24  sun.nio.cs.ext.MacHebrew
3623:             1             24  sun.nio.cs.ext.MacIceland
3624:             1             24  sun.nio.cs.ext.MacRoman
3625:             1             24  sun.nio.cs.ext.MacRomania
3626:             1             24  sun.nio.cs.ext.MacSymbol
3627:             1             24  sun.nio.cs.ext.MacThai
3628:             1             24  sun.nio.cs.ext.MacTurkish
3629:             1             24  sun.nio.cs.ext.MacUkraine
3630:             1             24  sun.nio.cs.ext.PCK
3631:             1             24  sun.nio.cs.ext.SJIS
3632:             1             24  sun.nio.cs.ext.SJIS_0213
3633:             1             24  sun.nio.cs.ext.TIS_620
3634:             1             24  sun.nio.fs.WindowsSecurityDescriptor
3635:             1             24  sun.reflect.annotation.TypeAnnotation$LocationInfo
3636:             1             24  sun.rmi.runtime.RuntimeUtil$1
3637:             1             24  sun.rmi.transport.DGCImpl
3638:             1             24  sun.rmi.transport.SequenceEntry
3639:             1             24  sun.security.ssl.AppInputStream
3640:             1             24  sun.security.ssl.AppOutputStream
3641:             1             24  sun.security.ssl.MAC
3642:             1             24  sun.security.ssl.SupportedEllipticPointFormatsExtension
3643:             1             24  sun.security.validator.EndEntityChecker
3644:             1             24  sun.security.x509.Extension
3645:             1             24  sun.util.locale.BaseLocale$Cache
3646:             1             24  sun.util.locale.provider.BreakIteratorProviderImpl
3647:             1             24  sun.util.locale.provider.CalendarDataProviderImpl
3648:             1             24  sun.util.locale.provider.CalendarNameProviderImpl
3649:             1             24  sun.util.locale.provider.CalendarProviderImpl
3650:             1             24  sun.util.locale.provider.CurrencyNameProviderImpl
3651:             1             24  sun.util.locale.provider.DateFormatSymbolsProviderImpl
3652:             1             24  sun.util.locale.provider.DecimalFormatSymbolsProviderImpl
3653:             1             24  sun.util.locale.provider.NumberFormatProviderImpl
3654:             1             24  sun.util.locale.provider.TimeZoneNameProviderImpl
3655:             1             24  sun.util.logging.PlatformLogger
3656:             1             24  sun.util.logging.PlatformLogger$JavaLoggerProxy
3657:             1             16  [Lch.qos.logback.core.filter.Filter;
3658:             1             16  [Lcom.alibaba.fastjson.serializer.SerializeFilter;
3659:             1             16  [Lcom.fasterxml.classmate.members.RawConstructor;
3660:             1             16  [Lcom.fasterxml.classmate.members.RawField;
3661:             1             16  [Lcom.fasterxml.classmate.members.RawMethod;
3662:             1             16  [Lcom.fasterxml.jackson.databind.AbstractTypeResolver;
3663:             1             16  [Lcom.fasterxml.jackson.databind.deser.BeanDeserializerModifier;
3664:             1             16  [Lcom.fasterxml.jackson.databind.ser.BeanSerializerModifier;
3665:             1             16  [Lcom.fasterxml.jackson.databind.util.ClassUtil$Ctor;
3666:             1             16  [Lcom.zeroturnaround.javarebel.bny;
3667:             1             16  [Ljava.beans.EventSetDescriptor;
3668:             1             16  [Ljava.lang.Double;
3669:             1             16  [Ljava.lang.Float;
3670:             1             16  [Ljava.lang.reflect.AnnotatedType;
3671:             1             16  [Ljava.nio.file.attribute.FileAttribute;
3672:             1             16  [Ljava.security.Provider;
3673:             1             16  [Ljava.text.FieldPosition;
3674:             1             16  [Ljava.time.LocalDateTime;
3675:             1             16  [Ljava.time.zone.ZoneOffsetTransitionRule;
3676:             1             16  [Ljava.util.logging.Handler;
3677:             1             16  [Lorg.apache.catalina.core.DefaultInstanceManager$AnnotationCacheEntry;
3678:             1             16  [Lorg.apache.catalina.servlets.DefaultServlet$CompressionFormat;
3679:             1             16  [Lorg.apache.tomcat.util.descriptor.web.ApplicationParameter;
3680:             1             16  [Lorg.apache.tomcat.util.descriptor.web.SecurityConstraint;
3681:             1             16  [Lorg.springframework.aop.Advisor;
3682:             1             16  [Lorg.springframework.web.context.request.async.CallableProcessingInterceptor;
3683:             1             16  [Lorg.springframework.web.context.request.async.DeferredResultProcessingInterceptor;
3684:             1             16  [Lorg.zeroturnaround.javarebel.Resource;
3685:             1             16  [Lsun.instrument.TransformerManager$TransformerInfo;
3686:             1             16  [Lsun.reflect.annotation.TypeAnnotation$LocationInfo$Location;
3687:             1             16  ch.qos.logback.classic.pattern.EnsureExceptionHandling
3688:             1             16  ch.qos.logback.classic.pattern.TargetLengthBasedClassNameAbbreviator
3689:             1             16  ch.qos.logback.classic.selector.DefaultContextSelector
3690:             1             16  ch.qos.logback.classic.util.ContextInitializer
3691:             1             16  ch.qos.logback.core.LifeCycleManager
3692:             1             16  ch.qos.logback.core.joran.spi.ConsoleTarget$1
3693:             1             16  ch.qos.logback.core.joran.spi.ConsoleTarget$2
3694:             1             16  ch.qos.logback.core.spi.AppenderAttachableImpl
3695:             1             16  ch.qos.logback.core.spi.FilterAttachableImpl
3696:             1             16  com.alibaba.fastjson.parser.deserializer.JavaObjectDeserializer
3697:             1             16  com.alibaba.fastjson.parser.deserializer.MapDeserializer
3698:             1             16  com.alibaba.fastjson.parser.deserializer.NumberDeserializer
3699:             1             16  com.alibaba.fastjson.parser.deserializer.StackTraceElementDeserializer
3700:             1             16  com.alibaba.fastjson.parser.deserializer.TimeDeserializer
3701:             1             16  com.alibaba.fastjson.serializer.AppendableSerializer
3702:             1             16  com.alibaba.fastjson.serializer.AtomicCodec
3703:             1             16  com.alibaba.fastjson.serializer.BigDecimalCodec
3704:             1             16  com.alibaba.fastjson.serializer.BigIntegerCodec
3705:             1             16  com.alibaba.fastjson.serializer.BooleanCodec
3706:             1             16  com.alibaba.fastjson.serializer.CalendarCodec
3707:             1             16  com.alibaba.fastjson.serializer.CharArrayCodec
3708:             1             16  com.alibaba.fastjson.serializer.CharacterCodec
3709:             1             16  com.alibaba.fastjson.serializer.CollectionCodec
3710:             1             16  com.alibaba.fastjson.serializer.DateCodec
3711:             1             16  com.alibaba.fastjson.serializer.DoubleSerializer
3712:             1             16  com.alibaba.fastjson.serializer.FloatCodec
3713:             1             16  com.alibaba.fastjson.serializer.IntegerCodec
3714:             1             16  com.alibaba.fastjson.serializer.LongCodec
3715:             1             16  com.alibaba.fastjson.serializer.ObjectArrayCodec
3716:             1             16  com.alibaba.fastjson.serializer.PrimitiveArraySerializer
3717:             1             16  com.alibaba.fastjson.serializer.ReferenceCodec
3718:             1             16  com.alibaba.fastjson.serializer.StringCodec
3719:             1             16  com.alibaba.fastjson.serializer.ToStringSerializer
3720:             1             16  com.alibaba.fastjson.support.spring.FastJsonViewResponseBodyAdvice
3721:             1             16  com.alibaba.fastjson.support.spring.FastJsonpResponseBodyAdvice
3722:             1             16  com.alibaba.fastjson.support.spring.JSONPResponseBodyAdvice
3723:             1             16  com.fasterxml.classmate.TypeResolver
3724:             1             16  com.fasterxml.jackson.core.util.DefaultPrettyPrinter$FixedSpaceIndenter
3725:             1             16  com.fasterxml.jackson.core.util.DefaultPrettyPrinter$NopIndenter
3726:             1             16  com.fasterxml.jackson.databind.deser.std.StdKeyDeserializers
3727:             1             16  com.fasterxml.jackson.databind.deser.std.StringDeserializer
3728:             1             16  com.fasterxml.jackson.databind.ext.Java7SupportImpl
3729:             1             16  com.fasterxml.jackson.databind.ext.OptionalHandlerFactory
3730:             1             16  com.fasterxml.jackson.databind.introspect.AnnotationCollector$EmptyCollector
3731:             1             16  com.fasterxml.jackson.databind.introspect.AnnotationCollector$NoAnnotations
3732:             1             16  com.fasterxml.jackson.databind.introspect.NopAnnotationIntrospector$1
3733:             1             16  com.fasterxml.jackson.databind.ser.impl.UnknownSerializer
3734:             1             16  com.fasterxml.jackson.databind.ser.std.NullSerializer
3735:             1             16  com.fasterxml.jackson.databind.ser.std.StdKeySerializer
3736:             1             16  com.fasterxml.jackson.databind.ser.std.StdKeySerializers$StringKeySerializer
3737:             1             16  com.fasterxml.jackson.databind.ser.std.StringSerializer
3738:             1             16  com.fasterxml.jackson.databind.ser.std.UUIDSerializer
3739:             1             16  com.fasterxml.jackson.datatype.jsr310.deser.DurationDeserializer
3740:             1             16  com.fasterxml.jackson.datatype.jsr310.deser.InstantDeserializer$$Lambda$115/1568667802
3741:             1             16  com.fasterxml.jackson.datatype.jsr310.deser.InstantDeserializer$$Lambda$118/645486081
3742:             1             16  com.fasterxml.jackson.datatype.jsr310.deser.InstantDeserializer$$Lambda$119/496965756
3743:             1             16  com.fasterxml.jackson.datatype.jsr310.deser.InstantDeserializer$$Lambda$120/1071072905
3744:             1             16  com.fasterxml.jackson.datatype.jsr310.deser.InstantDeserializer$$Lambda$121/1517221367
3745:             1             16  com.fasterxml.jackson.datatype.jsr310.deser.InstantDeserializer$$Lambda$122/1567177744
3746:             1             16  com.fasterxml.jackson.datatype.jsr310.deser.InstantDeserializer$$Lambda$123/1166456511
3747:             1             16  com.fasterxml.jackson.datatype.jsr310.deser.InstantDeserializer$$Lambda$124/1080050568
3748:             1             16  com.fasterxml.jackson.datatype.jsr310.deser.InstantDeserializer$$Lambda$125/1837946686
3749:             1             16  com.fasterxml.jackson.datatype.jsr310.deser.InstantDeserializer$$Lambda$126/2031222563
3750:             1             16  com.fasterxml.jackson.datatype.jsr310.deser.InstantDeserializer$$Lambda$127/164797936
3751:             1             16  com.fasterxml.jackson.datatype.jsr310.deser.InstantDeserializer$$Lambda$128/1265427265
3752:             1             16  com.fasterxml.jackson.datatype.jsr310.deser.key.DurationKeyDeserializer
3753:             1             16  com.fasterxml.jackson.datatype.jsr310.deser.key.InstantKeyDeserializer
3754:             1             16  com.fasterxml.jackson.datatype.jsr310.deser.key.LocalDateKeyDeserializer
3755:             1             16  com.fasterxml.jackson.datatype.jsr310.deser.key.LocalDateTimeKeyDeserializer
3756:             1             16  com.fasterxml.jackson.datatype.jsr310.deser.key.LocalTimeKeyDeserializer
3757:             1             16  com.fasterxml.jackson.datatype.jsr310.deser.key.MonthDayKeyDeserializer
3758:             1             16  com.fasterxml.jackson.datatype.jsr310.deser.key.OffsetDateTimeKeyDeserializer
3759:             1             16  com.fasterxml.jackson.datatype.jsr310.deser.key.OffsetTimeKeyDeserializer
3760:             1             16  com.fasterxml.jackson.datatype.jsr310.deser.key.PeriodKeyDeserializer
3761:             1             16  com.fasterxml.jackson.datatype.jsr310.deser.key.YearKeyDeserializer
3762:             1             16  com.fasterxml.jackson.datatype.jsr310.deser.key.YearMothKeyDeserializer
3763:             1             16  com.fasterxml.jackson.datatype.jsr310.deser.key.ZoneIdKeyDeserializer
3764:             1             16  com.fasterxml.jackson.datatype.jsr310.deser.key.ZoneOffsetKeyDeserializer
3765:             1             16  com.fasterxml.jackson.datatype.jsr310.deser.key.ZonedDateTimeKeyDeserializer
3766:             1             16  com.fasterxml.jackson.datatype.jsr310.ser.InstantSerializer$$Lambda$130/1502019690
3767:             1             16  com.fasterxml.jackson.datatype.jsr310.ser.InstantSerializer$$Lambda$131/1494661298
3768:             1             16  com.fasterxml.jackson.datatype.jsr310.ser.InstantSerializer$$Lambda$132/1209591472
3769:             1             16  com.fasterxml.jackson.datatype.jsr310.ser.OffsetDateTimeSerializer$$Lambda$133/381118726
3770:             1             16  com.fasterxml.jackson.datatype.jsr310.ser.OffsetDateTimeSerializer$$Lambda$134/968862427
3771:             1             16  com.fasterxml.jackson.datatype.jsr310.ser.OffsetDateTimeSerializer$$Lambda$135/190256056
3772:             1             16  com.fasterxml.jackson.datatype.jsr310.ser.ZonedDateTimeSerializer$$Lambda$136/998099417
3773:             1             16  com.fasterxml.jackson.datatype.jsr310.ser.ZonedDateTimeSerializer$$Lambda$137/873468021
3774:             1             16  com.fasterxml.jackson.datatype.jsr310.ser.ZonedDateTimeSerializer$$Lambda$138/688582491
3775:             1             16  com.fasterxml.jackson.datatype.jsr310.ser.key.ZonedDateTimeKeySerializer
3776:             1             16  com.fasterxml.jackson.module.paramnames.ParameterExtractor
3777:             1             16  com.intellij.openapi.util.io.win32.IdeaWin32
3778:             1             16  com.mysql.cj.jdbc.AbandonedConnectionCleanupThread
3779:             1             16  com.mysql.cj.jdbc.AbandonedConnectionCleanupThread$1
3780:             1             16  com.mysql.cj.jdbc.Driver
3781:             1             16  com.sun.jmx.interceptor.DefaultMBeanServerInterceptor$ResourceContext$1
3782:             1             16  com.sun.jmx.mbeanserver.DefaultMXBeanMappingFactory
3783:             1             16  com.sun.jmx.mbeanserver.DescriptorCache
3784:             1             16  com.sun.jmx.mbeanserver.MBeanAnalyzer$MethodOrder
3785:             1             16  com.sun.jmx.mbeanserver.MBeanInstantiator
3786:             1             16  com.sun.jmx.mbeanserver.MXBeanIntrospector
3787:             1             16  com.sun.jmx.mbeanserver.SecureClassLoaderRepository
3788:             1             16  com.sun.jmx.mbeanserver.StandardMBeanIntrospector
3789:             1             16  com.sun.jmx.remote.protocol.iiop.IIOPProxyImpl
3790:             1             16  com.sun.naming.internal.VersionHelper12
3791:             1             16  com.sun.org.apache.xalan.internal.utils.SecuritySupport
3792:             1             16  com.sun.org.apache.xerces.internal.impl.dv.dtd.DTDDVFactoryImpl
3793:             1             16  com.sun.org.apache.xerces.internal.impl.dv.dtd.IDDatatypeValidator
3794:             1             16  com.sun.org.apache.xerces.internal.impl.dv.dtd.IDREFDatatypeValidator
3795:             1             16  com.sun.org.apache.xerces.internal.impl.dv.dtd.NMTOKENDatatypeValidator
3796:             1             16  com.sun.org.apache.xerces.internal.impl.dv.dtd.NOTATIONDatatypeValidator
3797:             1             16  com.sun.org.apache.xerces.internal.impl.dv.dtd.StringDatatypeValidator
3798:             1             16  com.sun.org.apache.xerces.internal.parsers.AbstractSAXParser$AttributesProxy
3799:             1             16  com.sun.org.apache.xerces.internal.util.EntityResolver2Wrapper
3800:             1             16  com.sun.org.apache.xerces.internal.util.ErrorHandlerWrapper
3801:             1             16  com.sun.org.apache.xerces.internal.utils.SecuritySupport
3802:             1             16  com.sun.proxy.$Proxy12
3803:             1             16  com.sun.proxy.$Proxy13
3804:             1             16  com.sun.proxy.$Proxy17
3805:             1             16  com.sun.proxy.$Proxy18
3806:             1             16  com.sun.proxy.$Proxy20
3807:             1             16  com.sun.proxy.$Proxy23
3808:             1             16  com.sun.proxy.$Proxy29
3809:             1             16  com.sun.proxy.$Proxy45
3810:             1             16  com.sun.proxy.$Proxy48
3811:             1             16  com.sun.proxy.$Proxy53
3812:             1             16  com.sysmin.controller.IndexController
3813:             1             16  com.sysmin.controller.jvm.JvmHandlerController$$Lambda$469/878876737
3814:             1             16  com.sysmin.core.jvm.service.impl.JinfoImpl
3815:             1             16  com.sysmin.core.jvm.service.impl.JmapImpl
3816:             1             16  com.sysmin.core.jvm.service.impl.JpsImpl
3817:             1             16  com.sysmin.core.jvm.service.impl.JpsImpl$$M$_jr_2EAFFFDEFB8067EE_4
3818:             1             16  com.sysmin.core.jvm.service.impl.JstackImpl
3819:             1             16  com.sysmin.core.linux.defult.service.impl.BaseImpl
3820:             1             16  com.sysmin.core.linux.defult.service.impl.ShImpl
3821:             1             16  com.sysmin.core.linux.net.service.impl.NetInfoImpl
3822:             1             16  com.sysmin.core.linux.process.service.impl.ProcessImpl
3823:             1             16  com.sysmin.core.linux.service.service.impl.ServiceImpl
3824:             1             16  com.sysmin.core.system.service.impl.DiskImpl
3825:             1             16  com.sysmin.core.system.service.impl.UpTimeImpl
3826:             1             16  com.zeroturnaround.javarebel.SDKReloaderImpl
3827:             1             16  com.zeroturnaround.javarebel.aav
3828:             1             16  com.zeroturnaround.javarebel.abd
3829:             1             16  com.zeroturnaround.javarebel.abv
3830:             1             16  com.zeroturnaround.javarebel.acj
3831:             1             16  com.zeroturnaround.javarebel.adb
3832:             1             16  com.zeroturnaround.javarebel.adj
3833:             1             16  com.zeroturnaround.javarebel.agn
3834:             1             16  com.zeroturnaround.javarebel.agx
3835:             1             16  com.zeroturnaround.javarebel.ai
3836:             1             16  com.zeroturnaround.javarebel.ak
3837:             1             16  com.zeroturnaround.javarebel.aq
3838:             1             16  com.zeroturnaround.javarebel.ar
3839:             1             16  com.zeroturnaround.javarebel.as
3840:             1             16  com.zeroturnaround.javarebel.aspectj.AspectJPlugin
3841:             1             16  com.zeroturnaround.javarebel.bl
3842:             1             16  com.zeroturnaround.javarebel.bn
3843:             1             16  com.zeroturnaround.javarebel.bo
3844:             1             16  com.zeroturnaround.javarebel.bq
3845:             1             16  com.zeroturnaround.javarebel.bsz
3846:             1             16  com.zeroturnaround.javarebel.bwu
3847:             1             16  com.zeroturnaround.javarebel.bww
3848:             1             16  com.zeroturnaround.javarebel.bwx
3849:             1             16  com.zeroturnaround.javarebel.bx
3850:             1             16  com.zeroturnaround.javarebel.bxh
3851:             1             16  com.zeroturnaround.javarebel.bxr
3852:             1             16  com.zeroturnaround.javarebel.byz
3853:             1             16  com.zeroturnaround.javarebel.bzc
3854:             1             16  com.zeroturnaround.javarebel.bze
3855:             1             16  com.zeroturnaround.javarebel.cbh
3856:             1             16  com.zeroturnaround.javarebel.cbm
3857:             1             16  com.zeroturnaround.javarebel.cbr
3858:             1             16  com.zeroturnaround.javarebel.cdd
3859:             1             16  com.zeroturnaround.javarebel.cdo
3860:             1             16  com.zeroturnaround.javarebel.ceq
3861:             1             16  com.zeroturnaround.javarebel.cf
3862:             1             16  com.zeroturnaround.javarebel.cfl
3863:             1             16  com.zeroturnaround.javarebel.cfn
3864:             1             16  com.zeroturnaround.javarebel.cfo
3865:             1             16  com.zeroturnaround.javarebel.cfp
3866:             1             16  com.zeroturnaround.javarebel.cfq
3867:             1             16  com.zeroturnaround.javarebel.cgo
3868:             1             16  com.zeroturnaround.javarebel.cgp
3869:             1             16  com.zeroturnaround.javarebel.cgq
3870:             1             16  com.zeroturnaround.javarebel.cgr
3871:             1             16  com.zeroturnaround.javarebel.cgu
3872:             1             16  com.zeroturnaround.javarebel.cgy
3873:             1             16  com.zeroturnaround.javarebel.cgz
3874:             1             16  com.zeroturnaround.javarebel.chl
3875:             1             16  com.zeroturnaround.javarebel.ck
3876:             1             16  com.zeroturnaround.javarebel.cn
3877:             1             16  com.zeroturnaround.javarebel.cpa
3878:             1             16  com.zeroturnaround.javarebel.cq
3879:             1             16  com.zeroturnaround.javarebel.ct
3880:             1             16  com.zeroturnaround.javarebel.cu
3881:             1             16  com.zeroturnaround.javarebel.cv
3882:             1             16  com.zeroturnaround.javarebel.cw
3883:             1             16  com.zeroturnaround.javarebel.cx
3884:             1             16  com.zeroturnaround.javarebel.cy
3885:             1             16  com.zeroturnaround.javarebel.cz
3886:             1             16  com.zeroturnaround.javarebel.da
3887:             1             16  com.zeroturnaround.javarebel.db
3888:             1             16  com.zeroturnaround.javarebel.dc
3889:             1             16  com.zeroturnaround.javarebel.de
3890:             1             16  com.zeroturnaround.javarebel.dk
3891:             1             16  com.zeroturnaround.javarebel.dm
3892:             1             16  com.zeroturnaround.javarebel.dn
3893:             1             16  com.zeroturnaround.javarebel.dq
3894:             1             16  com.zeroturnaround.javarebel.du
3895:             1             16  com.zeroturnaround.javarebel.dv
3896:             1             16  com.zeroturnaround.javarebel.dw
3897:             1             16  com.zeroturnaround.javarebel.ea
3898:             1             16  com.zeroturnaround.javarebel.ed
3899:             1             16  com.zeroturnaround.javarebel.ee
3900:             1             16  com.zeroturnaround.javarebel.ef
3901:             1             16  com.zeroturnaround.javarebel.eh
3902:             1             16  com.zeroturnaround.javarebel.ek
3903:             1             16  com.zeroturnaround.javarebel.em
3904:             1             16  com.zeroturnaround.javarebel.en
3905:             1             16  com.zeroturnaround.javarebel.er
3906:             1             16  com.zeroturnaround.javarebel.et
3907:             1             16  com.zeroturnaround.javarebel.ev
3908:             1             16  com.zeroturnaround.javarebel.fa
3909:             1             16  com.zeroturnaround.javarebel.fcb
3910:             1             16  com.zeroturnaround.javarebel.fcs
3911:             1             16  com.zeroturnaround.javarebel.fn
3912:             1             16  com.zeroturnaround.javarebel.ft
3913:             1             16  com.zeroturnaround.javarebel.ggf
3914:             1             16  com.zeroturnaround.javarebel.ghh
3915:             1             16  com.zeroturnaround.javarebel.ghi
3916:             1             16  com.zeroturnaround.javarebel.ghr
3917:             1             16  com.zeroturnaround.javarebel.ghs
3918:             1             16  com.zeroturnaround.javarebel.gkx
3919:             1             16  com.zeroturnaround.javarebel.gkz
3920:             1             16  com.zeroturnaround.javarebel.gld
3921:             1             16  com.zeroturnaround.javarebel.gle
3922:             1             16  com.zeroturnaround.javarebel.glf
3923:             1             16  com.zeroturnaround.javarebel.glg
3924:             1             16  com.zeroturnaround.javarebel.glh
3925:             1             16  com.zeroturnaround.javarebel.glk
3926:             1             16  com.zeroturnaround.javarebel.gln
3927:             1             16  com.zeroturnaround.javarebel.glx
3928:             1             16  com.zeroturnaround.javarebel.gpv
3929:             1             16  com.zeroturnaround.javarebel.gpw
3930:             1             16  com.zeroturnaround.javarebel.gpx
3931:             1             16  com.zeroturnaround.javarebel.gpy
3932:             1             16  com.zeroturnaround.javarebel.gpz
3933:             1             16  com.zeroturnaround.javarebel.gqa
3934:             1             16  com.zeroturnaround.javarebel.gqb
3935:             1             16  com.zeroturnaround.javarebel.gqh
3936:             1             16  com.zeroturnaround.javarebel.gqi
3937:             1             16  com.zeroturnaround.javarebel.gqj
3938:             1             16  com.zeroturnaround.javarebel.gqk
3939:             1             16  com.zeroturnaround.javarebel.gqm
3940:             1             16  com.zeroturnaround.javarebel.gqo
3941:             1             16  com.zeroturnaround.javarebel.gqp
3942:             1             16  com.zeroturnaround.javarebel.gqq
3943:             1             16  com.zeroturnaround.javarebel.gqs
3944:             1             16  com.zeroturnaround.javarebel.gqv
3945:             1             16  com.zeroturnaround.javarebel.gqx
3946:             1             16  com.zeroturnaround.javarebel.gqy
3947:             1             16  com.zeroturnaround.javarebel.gqz
3948:             1             16  com.zeroturnaround.javarebel.gra
3949:             1             16  com.zeroturnaround.javarebel.grb
3950:             1             16  com.zeroturnaround.javarebel.grc
3951:             1             16  com.zeroturnaround.javarebel.grd
3952:             1             16  com.zeroturnaround.javarebel.grg
3953:             1             16  com.zeroturnaround.javarebel.grk
3954:             1             16  com.zeroturnaround.javarebel.grn
3955:             1             16  com.zeroturnaround.javarebel.grp
3956:             1             16  com.zeroturnaround.javarebel.grr
3957:             1             16  com.zeroturnaround.javarebel.grs
3958:             1             16  com.zeroturnaround.javarebel.grv
3959:             1             16  com.zeroturnaround.javarebel.gtj
3960:             1             16  com.zeroturnaround.javarebel.gtk
3961:             1             16  com.zeroturnaround.javarebel.gtz
3962:             1             16  com.zeroturnaround.javarebel.gub
3963:             1             16  com.zeroturnaround.javarebel.guice.GuicePlugin
3964:             1             16  com.zeroturnaround.javarebel.gwd
3965:             1             16  com.zeroturnaround.javarebel.gye
3966:             1             16  com.zeroturnaround.javarebel.gyg
3967:             1             16  com.zeroturnaround.javarebel.gyh
3968:             1             16  com.zeroturnaround.javarebel.gyk
3969:             1             16  com.zeroturnaround.javarebel.had
3970:             1             16  com.zeroturnaround.javarebel.hn
3971:             1             16  com.zeroturnaround.javarebel.ho
3972:             1             16  com.zeroturnaround.javarebel.hu
3973:             1             16  com.zeroturnaround.javarebel.hv
3974:             1             16  com.zeroturnaround.javarebel.hw
3975:             1             16  com.zeroturnaround.javarebel.ih
3976:             1             16  com.zeroturnaround.javarebel.ii
3977:             1             16  com.zeroturnaround.javarebel.ij
3978:             1             16  com.zeroturnaround.javarebel.ik
3979:             1             16  com.zeroturnaround.javarebel.il
3980:             1             16  com.zeroturnaround.javarebel.internalsdk.ClassBytecodeProcessorIntegrationImpl
3981:             1             16  com.zeroturnaround.javarebel.internalsdk.PluginIntegrationImpl
3982:             1             16  com.zeroturnaround.javarebel.internalsdk.ServletContextIntegrationImpl
3983:             1             16  com.zeroturnaround.javarebel.iu
3984:             1             16  com.zeroturnaround.javarebel.ix
3985:             1             16  com.zeroturnaround.javarebel.iz
3986:             1             16  com.zeroturnaround.javarebel.jf
3987:             1             16  com.zeroturnaround.javarebel.ji
3988:             1             16  com.zeroturnaround.javarebel.jl
3989:             1             16  com.zeroturnaround.javarebel.jn
3990:             1             16  com.zeroturnaround.javarebel.jo
3991:             1             16  com.zeroturnaround.javarebel.js
3992:             1             16  com.zeroturnaround.javarebel.jt
3993:             1             16  com.zeroturnaround.javarebel.kh
3994:             1             16  com.zeroturnaround.javarebel.ll
3995:             1             16  com.zeroturnaround.javarebel.mi
3996:             1             16  com.zeroturnaround.javarebel.ms
3997:             1             16  com.zeroturnaround.javarebel.mu
3998:             1             16  com.zeroturnaround.javarebel.mx
3999:             1             16  com.zeroturnaround.javarebel.n
4000:             1             16  com.zeroturnaround.javarebel.nk
4001:             1             16  com.zeroturnaround.javarebel.nl
4002:             1             16  com.zeroturnaround.javarebel.nm
4003:             1             16  com.zeroturnaround.javarebel.os
4004:             1             16  com.zeroturnaround.javarebel.ot
4005:             1             16  com.zeroturnaround.javarebel.pc
4006:             1             16  com.zeroturnaround.javarebel.pf
4007:             1             16  com.zeroturnaround.javarebel.pj
4008:             1             16  com.zeroturnaround.javarebel.pn
4009:             1             16  com.zeroturnaround.javarebel.pz
4010:             1             16  com.zeroturnaround.javarebel.rn
4011:             1             16  com.zeroturnaround.javarebel.tg
4012:             1             16  com.zeroturnaround.javarebel.th
4013:             1             16  com.zeroturnaround.javarebel.tk
4014:             1             16  com.zeroturnaround.javarebel.tl
4015:             1             16  com.zeroturnaround.javarebel.ud
4016:             1             16  com.zeroturnaround.javarebel.us
4017:             1             16  com.zeroturnaround.javarebel.uz
4018:             1             16  com.zeroturnaround.javarebel.vc
4019:             1             16  com.zeroturnaround.javarebel.vd
4020:             1             16  com.zeroturnaround.javarebel.ve
4021:             1             16  com.zeroturnaround.javarebel.vp
4022:             1             16  com.zeroturnaround.javarebel.vq
4023:             1             16  com.zeroturnaround.javarebel.vr
4024:             1             16  com.zeroturnaround.javarebel.w
4025:             1             16  com.zeroturnaround.javarebel.wc
4026:             1             16  com.zeroturnaround.javarebel.wh
4027:             1             16  com.zeroturnaround.javarebel.wm
4028:             1             16  com.zeroturnaround.javarebel.wn
4029:             1             16  com.zeroturnaround.javarebel.wo
4030:             1             16  com.zeroturnaround.javarebel.wp
4031:             1             16  com.zeroturnaround.javarebel.wr
4032:             1             16  com.zeroturnaround.javarebel.wt
4033:             1             16  com.zeroturnaround.javarebel.wv
4034:             1             16  com.zeroturnaround.javarebel.wy
4035:             1             16  com.zeroturnaround.javarebel.wz
4036:             1             16  com.zeroturnaround.javarebel.xd
4037:             1             16  com.zeroturnaround.javarebel.xe
4038:             1             16  com.zeroturnaround.javarebel.xf
4039:             1             16  com.zeroturnaround.javarebel.xg
4040:             1             16  com.zeroturnaround.javarebel.xl
4041:             1             16  com.zeroturnaround.javarebel.xq
4042:             1             16  com.zeroturnaround.javarebel.xt
4043:             1             16  com.zeroturnaround.javarebel.xx
4044:             1             16  com.zeroturnaround.javarebel.yi
4045:             1             16  com.zeroturnaround.javarebel.yk
4046:             1             16  com.zeroturnaround.javarebel.zc
4047:             1             16  com.zeroturnaround.javarebel.zt
4048:             1             16  com.zeroturnaround.jrebel.bundled.org.bouncycastle.jcajce.provider.asymmetric.dsa.KeyFactorySpi
4049:             1             16  com.zeroturnaround.jrebel.bundled.org.bouncycastle.jcajce.provider.asymmetric.elgamal.KeyFactorySpi
4050:             1             16  com.zeroturnaround.jrebel.bundled.org.bouncycastle.jcajce.provider.asymmetric.gost.KeyFactorySpi
4051:             1             16  com.zeroturnaround.jrebel.bundled.org.bouncycastle.jcajce.provider.asymmetric.rsa.KeyFactorySpi
4052:             1             16  com.zeroturnaround.jrebel.bundled.org.slf4j.helpers.NOPLoggerFactory
4053:             1             16  com.zeroturnaround.jrebel.bundled.org.slf4j.helpers.SubstituteLoggerFactory
4054:             1             16  com.zeroturnaround.jrebel.bundled.org.slf4j.impl.StaticLoggerBinder
4055:             1             16  com.zeroturnaround.jrebelbase.facade.as
4056:             1             16  com.zeroturnaround.jrebelbase.facade.s
4057:             1             16  com.zeroturnaround.jrebelbase.reorder.c
4058:             1             16  com.zeroturnaround.licensing.d
4059:             1             16  com.zeroturnaround.reload.ac
4060:             1             16  com.zeroturnaround.reload.af
4061:             1             16  com.zeroturnaround.reload.al
4062:             1             16  com.zeroturnaround.reload.c
4063:             1             16  com.zeroturnaround.reload.i
4064:             1             16  com.zeroturnaround.reload.v
4065:             1             16  java.io.DeleteOnExitHook$1
4066:             1             16  java.io.FileDescriptor$1
4067:             1             16  java.io.ObjectInputStream$$Lambda$7/205494827
4068:             1             16  java.io.ObjectInputStream$1
4069:             1             16  java.lang.ApplicationShutdownHooks$1
4070:             1             16  java.lang.CharacterData00
4071:             1             16  java.lang.CharacterDataLatin1
4072:             1             16  java.lang.InheritableThreadLocal
4073:             1             16  java.lang.ProcessEnvironment$CheckedEntrySet
4074:             1             16  java.lang.ProcessEnvironment$CheckedKeySet
4075:             1             16  java.lang.ProcessEnvironment$EntryComparator
4076:             1             16  java.lang.ProcessEnvironment$NameComparator
4077:             1             16  java.lang.Runtime
4078:             1             16  java.lang.String$CaseInsensitiveComparator
4079:             1             16  java.lang.System$2
4080:             1             16  java.lang.Terminator$1
4081:             1             16  java.lang.invoke.MemberName$Factory
4082:             1             16  java.lang.invoke.MethodHandleImpl$2
4083:             1             16  java.lang.invoke.MethodHandleImpl$3
4084:             1             16  java.lang.management.PlatformComponent$1
4085:             1             16  java.lang.management.PlatformComponent$10
4086:             1             16  java.lang.management.PlatformComponent$11
4087:             1             16  java.lang.management.PlatformComponent$12
4088:             1             16  java.lang.management.PlatformComponent$13
4089:             1             16  java.lang.management.PlatformComponent$14
4090:             1             16  java.lang.management.PlatformComponent$15
4091:             1             16  java.lang.management.PlatformComponent$2
4092:             1             16  java.lang.management.PlatformComponent$3
4093:             1             16  java.lang.management.PlatformComponent$4
4094:             1             16  java.lang.management.PlatformComponent$5
4095:             1             16  java.lang.management.PlatformComponent$6
4096:             1             16  java.lang.management.PlatformComponent$7
4097:             1             16  java.lang.management.PlatformComponent$8
4098:             1             16  java.lang.management.PlatformComponent$9
4099:             1             16  java.lang.ref.Reference$1
4100:             1             16  java.lang.ref.Reference$Lock
4101:             1             16  java.lang.reflect.Proxy$KeyFactory
4102:             1             16  java.lang.reflect.Proxy$ProxyClassFactory
4103:             1             16  java.lang.reflect.ReflectAccess
4104:             1             16  java.math.BigDecimal$1
4105:             1             16  java.net.InetAddress$2
4106:             1             16  java.net.URLClassLoader$7
4107:             1             16  java.nio.Bits$1
4108:             1             16  java.nio.Bits$1$1
4109:             1             16  java.nio.charset.CoderResult$1
4110:             1             16  java.nio.charset.CoderResult$2
4111:             1             16  java.nio.file.Files$AcceptAllFilter
4112:             1             16  java.rmi.server.RMIClassLoader$2
4113:             1             16  java.rmi.server.RemoteObjectInvocationHandler$MethodToHash_Maps
4114:             1             16  java.security.AllPermission
4115:             1             16  java.security.ProtectionDomain$2
4116:             1             16  java.security.ProtectionDomain$JavaSecurityAccessImpl
4117:             1             16  java.text.DontCareFieldPosition$1
4118:             1             16  java.text.MessageFormat$Field
4119:             1             16  java.time.chrono.AbstractChronology$$Lambda$25/337289991
4120:             1             16  java.time.chrono.AbstractChronology$$Lambda$26/1875861984
4121:             1             16  java.time.chrono.AbstractChronology$$Lambda$27/1086540234
4122:             1             16  java.time.chrono.IsoChronology
4123:             1             16  java.time.format.DateTimeFormatter$$Lambda$28/1166969089
4124:             1             16  java.time.format.DateTimeFormatter$$Lambda$29/129012602
4125:             1             16  java.time.format.DateTimeFormatterBuilder$$Lambda$24/1166782206
4126:             1             16  java.time.format.DateTimeFormatterBuilder$2
4127:             1             16  java.time.format.DateTimeFormatterBuilder$InstantPrinterParser
4128:             1             16  java.time.format.DateTimeTextProvider$1
4129:             1             16  java.time.temporal.TemporalQueries$$Lambda$449/1566314202
4130:             1             16  java.time.temporal.TemporalQueries$$Lambda$450/904729801
4131:             1             16  java.time.temporal.TemporalQueries$$Lambda$451/1707416509
4132:             1             16  java.time.temporal.TemporalQueries$$Lambda$452/1078041182
4133:             1             16  java.time.temporal.TemporalQueries$$Lambda$453/259627273
4134:             1             16  java.time.temporal.TemporalQueries$$Lambda$454/1110205352
4135:             1             16  java.time.temporal.TemporalQueries$$Lambda$455/1672075530
4136:             1             16  java.util.Collections$EmptyEnumeration
4137:             1             16  java.util.Collections$EmptyIterator
4138:             1             16  java.util.Collections$EmptyList
4139:             1             16  java.util.Collections$EmptySet
4140:             1             16  java.util.Collections$ReverseComparator
4141:             1             16  java.util.Currency$CurrencyNameGetter
4142:             1             16  java.util.EnumMap$1
4143:             1             16  java.util.EnumMap$Values
4144:             1             16  java.util.IdentityHashMap$EntrySet
4145:             1             16  java.util.IdentityHashMap$Values
4146:             1             16  java.util.ResourceBundle$Control
4147:             1             16  java.util.Spliterators$EmptySpliterator$OfDouble
4148:             1             16  java.util.Spliterators$EmptySpliterator$OfInt
4149:             1             16  java.util.Spliterators$EmptySpliterator$OfLong
4150:             1             16  java.util.Spliterators$EmptySpliterator$OfRef
4151:             1             16  java.util.concurrent.ConcurrentSkipListSet
4152:             1             16  java.util.concurrent.Executors$FinalizableDelegatedExecutorService
4153:             1             16  java.util.jar.JavaUtilJarAccessImpl
4154:             1             16  java.util.logging.LoggingProxyImpl
4155:             1             16  java.util.logging.SimpleFormatter
4156:             1             16  java.util.regex.Pattern$4
4157:             1             16  java.util.regex.Pattern$CharPropertyNames$10
4158:             1             16  java.util.regex.Pattern$CharPropertyNames$11
4159:             1             16  java.util.regex.Pattern$CharPropertyNames$12
4160:             1             16  java.util.regex.Pattern$CharPropertyNames$13
4161:             1             16  java.util.regex.Pattern$CharPropertyNames$14
4162:             1             16  java.util.regex.Pattern$CharPropertyNames$15
4163:             1             16  java.util.regex.Pattern$CharPropertyNames$16
4164:             1             16  java.util.regex.Pattern$CharPropertyNames$17
4165:             1             16  java.util.regex.Pattern$CharPropertyNames$18
4166:             1             16  java.util.regex.Pattern$CharPropertyNames$19
4167:             1             16  java.util.regex.Pattern$CharPropertyNames$20
4168:             1             16  java.util.regex.Pattern$CharPropertyNames$21
4169:             1             16  java.util.regex.Pattern$CharPropertyNames$22
4170:             1             16  java.util.regex.Pattern$CharPropertyNames$23
4171:             1             16  java.util.regex.Pattern$CharPropertyNames$5
4172:             1             16  java.util.regex.Pattern$CharPropertyNames$6
4173:             1             16  java.util.regex.Pattern$CharPropertyNames$7
4174:             1             16  java.util.regex.Pattern$CharPropertyNames$8
4175:             1             16  java.util.regex.Pattern$CharPropertyNames$9
4176:             1             16  java.util.regex.Pattern$LastNode
4177:             1             16  java.util.regex.Pattern$Node
4178:             1             16  java.util.stream.Collectors$$Lambda$158/1675122956
4179:             1             16  java.util.stream.Collectors$$Lambda$159/293338808
4180:             1             16  java.util.stream.Collectors$$Lambda$35/1916575798
4181:             1             16  java.util.stream.Collectors$$Lambda$36/685558284
4182:             1             16  java.util.stream.Collectors$$Lambda$37/79782883
4183:             1             16  java.util.stream.Collectors$$Lambda$38/1250121181
4184:             1             16  java.util.stream.Collectors$$Lambda$430/1801319187
4185:             1             16  java.util.stream.Collectors$$Lambda$431/443215084
4186:             1             16  java.util.stream.Collectors$$Lambda$432/1368955671
4187:             1             16  java.util.stream.Collectors$$Lambda$59/1002535454
4188:             1             16  java.util.stream.Collectors$$Lambda$60/2056072640
4189:             1             16  java.util.stream.Collectors$$Lambda$61/882600762
4190:             1             16  java.util.stream.Collectors$$Lambda$84/311834717
4191:             1             16  java.util.stream.FindOps$$Lambda$18/1421866327
4192:             1             16  java.util.stream.FindOps$$Lambda$19/1526970878
4193:             1             16  java.util.stream.Nodes$EmptyNode$OfDouble
4194:             1             16  java.util.stream.Nodes$EmptyNode$OfInt
4195:             1             16  java.util.stream.Nodes$EmptyNode$OfLong
4196:             1             16  java.util.stream.Nodes$EmptyNode$OfRef
4197:             1             16  java.util.zip.ZipFile$1
4198:             1             16  javax.crypto.JceSecurityManager
4199:             1             16  javax.management.JMX
4200:             1             16  javax.management.MBeanServerBuilder
4201:             1             16  javax.management.NotificationBroadcasterSupport$1
4202:             1             16  javax.net.DefaultSocketFactory
4203:             1             16  javax.validation.Validation$DefaultValidationProviderResolver
4204:             1             16  javax.validation.Validation$GetValidationProviderListAction
4205:             1             16  javax.xml.parsers.SecuritySupport
4206:             1             16  javax.xml.transform.SecuritySupport
4207:             1             16  org.apache.catalina.connector.CoyoteAdapter$1
4208:             1             16  org.apache.catalina.connector.Request$1
4209:             1             16  org.apache.catalina.connector.Request$2
4210:             1             16  org.apache.catalina.connector.Request$3
4211:             1             16  org.apache.catalina.connector.Request$4
4212:             1             16  org.apache.catalina.connector.Request$5
4213:             1             16  org.apache.catalina.connector.Request$6
4214:             1             16  org.apache.catalina.connector.Request$7
4215:             1             16  org.apache.catalina.core.AprLifecycleListener
4216:             1             16  org.apache.catalina.core.ContainerBase$ContainerBackgroundProcessor
4217:             1             16  org.apache.catalina.core.StandardContext$1
4218:             1             16  org.apache.catalina.core.StandardHost$MemoryLeakTrackingListener
4219:             1             16  org.apache.catalina.mbeans.MBeanFactory
4220:             1             16  org.apache.catalina.realm.X509SubjectDnRetriever
4221:             1             16  org.apache.catalina.startup.Tomcat$FixContextListener
4222:             1             16  org.apache.catalina.util.CharsetMapper
4223:             1             16  org.apache.commons.logging.impl.NoOpLog
4224:             1             16  org.apache.el.ExpressionFactoryImpl
4225:             1             16  org.apache.juli.logging.LogFactory
4226:             1             16  org.apache.logging.log4j.message.ParameterizedNoReferenceMessageFactory
4227:             1             16  org.apache.logging.log4j.message.ReusableMessageFactory
4228:             1             16  org.apache.logging.log4j.spi.LoggerRegistry$ConcurrentMapFactory
4229:             1             16  org.apache.logging.log4j.util.LoaderUtil$ThreadContextClassLoaderGetter
4230:             1             16  org.apache.logging.log4j.util.ProviderUtil
4231:             1             16  org.apache.logging.slf4j.SLF4JLoggerContext
4232:             1             16  org.apache.logging.slf4j.SLF4JLoggerContextFactory
4233:             1             16  org.apache.tomcat.util.buf.MessageBytes$MessageBytesFactory
4234:             1             16  org.apache.tomcat.util.buf.StringCache
4235:             1             16  org.apache.tomcat.util.digester.Digester$SystemPropertySource
4236:             1             16  org.apache.tomcat.util.http.CookieProcessorBase$1
4237:             1             16  org.apache.tomcat.util.http.Rfc6265CookieProcessor
4238:             1             16  org.apache.tomcat.util.http.parser.MediaTypeCache
4239:             1             16  org.apache.tomcat.util.modeler.ManagedBean$$Lambda$144/1097037264
4240:             1             16  org.apache.tomcat.util.net.SocketWrapperBase$1
4241:             1             16  org.apache.tomcat.util.net.SocketWrapperBase$2
4242:             1             16  org.apache.tomcat.util.net.SocketWrapperBase$3
4243:             1             16  org.apache.tomcat.util.threads.ThreadPoolExecutor$RejectHandler
4244:             1             16  org.apache.tomcat.websocket.TransformationFactory
4245:             1             16  org.apache.tomcat.websocket.server.DefaultServerEndpointConfigurator
4246:             1             16  org.apache.tomcat.websocket.server.WsContextListener
4247:             1             16  org.apache.tomcat.websocket.server.WsSessionListener
4248:             1             16  org.apache.tomcat.websocket.server.WsWriteTimeout$EndpointComparator
4249:             1             16  org.hibernate.validator.HibernateValidator
4250:             1             16  org.hibernate.validator.internal.engine.ConfigurationImpl$$Lambda$57/1616232890
4251:             1             16  org.hibernate.validator.internal.engine.DefaultClockProvider
4252:             1             16  org.hibernate.validator.internal.engine.DefaultParameterNameProvider
4253:             1             16  org.hibernate.validator.internal.engine.MethodValidationConfiguration$Builder
4254:             1             16  org.hibernate.validator.internal.engine.constraintvalidation.ConstraintValidatorFactoryImpl
4255:             1             16  org.hibernate.validator.internal.engine.constraintvalidation.ConstraintValidatorManager$1
4256:             1             16  org.hibernate.validator.internal.engine.groups.ValidationOrderGenerator
4257:             1             16  org.hibernate.validator.internal.engine.resolver.TraverseAllTraversableResolver
4258:             1             16  org.hibernate.validator.internal.engine.valueextraction.AnnotatedObject
4259:             1             16  org.hibernate.validator.internal.engine.valueextraction.BooleanArrayValueExtractor
4260:             1             16  org.hibernate.validator.internal.engine.valueextraction.ByteArrayValueExtractor
4261:             1             16  org.hibernate.validator.internal.engine.valueextraction.CharArrayValueExtractor
4262:             1             16  org.hibernate.validator.internal.engine.valueextraction.DoubleArrayValueExtractor
4263:             1             16  org.hibernate.validator.internal.engine.valueextraction.FloatArrayValueExtractor
4264:             1             16  org.hibernate.validator.internal.engine.valueextraction.IntArrayValueExtractor
4265:             1             16  org.hibernate.validator.internal.engine.valueextraction.IterableValueExtractor
4266:             1             16  org.hibernate.validator.internal.engine.valueextraction.ListPropertyValueExtractor
4267:             1             16  org.hibernate.validator.internal.engine.valueextraction.ListValueExtractor
4268:             1             16  org.hibernate.validator.internal.engine.valueextraction.LongArrayValueExtractor
4269:             1             16  org.hibernate.validator.internal.engine.valueextraction.MapKeyExtractor
4270:             1             16  org.hibernate.validator.internal.engine.valueextraction.MapPropertyKeyExtractor
4271:             1             16  org.hibernate.validator.internal.engine.valueextraction.MapPropertyValueExtractor
4272:             1             16  org.hibernate.validator.internal.engine.valueextraction.MapValueExtractor
4273:             1             16  org.hibernate.validator.internal.engine.valueextraction.ObjectArrayValueExtractor
4274:             1             16  org.hibernate.validator.internal.engine.valueextraction.ObservableValueValueExtractor
4275:             1             16  org.hibernate.validator.internal.engine.valueextraction.OptionalDoubleValueExtractor
4276:             1             16  org.hibernate.validator.internal.engine.valueextraction.OptionalIntValueExtractor
4277:             1             16  org.hibernate.validator.internal.engine.valueextraction.OptionalLongValueExtractor
4278:             1             16  org.hibernate.validator.internal.engine.valueextraction.OptionalValueExtractor
4279:             1             16  org.hibernate.validator.internal.engine.valueextraction.ReadOnlyListPropertyValueExtractor
4280:             1             16  org.hibernate.validator.internal.engine.valueextraction.ReadOnlyMapPropertyKeyExtractor
4281:             1             16  org.hibernate.validator.internal.engine.valueextraction.ReadOnlyMapPropertyValueExtractor
4282:             1             16  org.hibernate.validator.internal.engine.valueextraction.ReadOnlySetPropertyValueExtractor
4283:             1             16  org.hibernate.validator.internal.engine.valueextraction.SetPropertyValueExtractor
4284:             1             16  org.hibernate.validator.internal.engine.valueextraction.ShortArrayValueExtractor
4285:             1             16  org.hibernate.validator.internal.metadata.aggregated.rule.OverridingMethodMustNotAlterParameterConstraints
4286:             1             16  org.hibernate.validator.internal.metadata.aggregated.rule.ParallelMethodsMustNotDefineGroupConversionForCascadedReturnValue
4287:             1             16  org.hibernate.validator.internal.metadata.aggregated.rule.ParallelMethodsMustNotDefineParameterConstraints
4288:             1             16  org.hibernate.validator.internal.metadata.aggregated.rule.ReturnValueMayOnlyBeMarkedOnceAsCascadedPerHierarchyLine
4289:             1             16  org.hibernate.validator.internal.metadata.aggregated.rule.VoidMethodsMustNotBeReturnValueConstrained
4290:             1             16  org.hibernate.validator.internal.metadata.core.ConstraintHelper$ValidatorDescriptorMap
4291:             1             16  org.hibernate.validator.internal.metadata.provider.AnnotationMetaDataProvider$$Lambda$83/2029370043
4292:             1             16  org.hibernate.validator.internal.util.ExecutableHelper
4293:             1             16  org.hibernate.validator.internal.util.ExecutableParameterNameProvider
4294:             1             16  org.hibernate.validator.internal.util.TypeResolutionHelper
4295:             1             16  org.hibernate.validator.internal.util.logging.Messages_$bundle
4296:             1             16  org.hibernate.validator.resourceloading.PlatformResourceBundleLocator$AggregateResourceBundleControl
4297:             1             16  org.jboss.logging.Log4j2LoggerProvider
4298:             1             16  org.slf4j.helpers.NOPLoggerFactory
4299:             1             16  org.slf4j.impl.StaticMDCBinder
4300:             1             16  org.springframework.aop.Advisor$1
4301:             1             16  org.springframework.aop.TrueClassFilter
4302:             1             16  org.springframework.aop.TrueMethodMatcher
4303:             1             16  org.springframework.aop.TruePointcut
4304:             1             16  org.springframework.aop.framework.DefaultAdvisorChainFactory
4305:             1             16  org.springframework.aop.framework.DefaultAopProxyFactory
4306:             1             16  org.springframework.aop.framework.adapter.AfterReturningAdviceAdapter
4307:             1             16  org.springframework.aop.framework.adapter.DefaultAdvisorAdapterRegistry
4308:             1             16  org.springframework.aop.framework.adapter.MethodBeforeAdviceAdapter
4309:             1             16  org.springframework.aop.framework.adapter.ThrowsAdviceAdapter
4310:             1             16  org.springframework.beans.ExtendedBeanInfoFactory
4311:             1             16  org.springframework.beans.JrBeanDisposer
4312:             1             16  org.springframework.beans.JrBeanReloader$3
4313:             1             16  org.springframework.beans.factory.BeanFactoryUtils$$Lambda$112/288306765
4314:             1             16  org.springframework.beans.factory.parsing.FailFastProblemReporter
4315:             1             16  org.springframework.beans.factory.parsing.PassThroughSourceExtractor
4316:             1             16  org.springframework.beans.factory.support.AbstractAutowireCapableBeanFactory$$Lambda$177/371271246
4317:             1             16  org.springframework.beans.factory.support.AutowireUtils$$Lambda$203/1420664825
4318:             1             16  org.springframework.beans.factory.support.AutowireUtils$$Lambda$230/880314240
4319:             1             16  org.springframework.beans.factory.support.CglibSubclassingInstantiationStrategy
4320:             1             16  org.springframework.beans.factory.support.DefaultListableBeanFactory$$Lambda$324/1574206600
4321:             1             16  org.springframework.beans.factory.support.DefaultSingletonBeanRegistry$$Lambda$116/1233327519
4322:             1             16  org.springframework.beans.factory.support.DefaultSingletonBeanRegistry$$Lambda$117/1155769010
4323:             1             16  org.springframework.boot.ClearCachesApplicationListener
4324:             1             16  org.springframework.boot.SpringBootBanner
4325:             1             16  org.springframework.boot.StartupInfoLogger$$Lambda$100/858818438
4326:             1             16  org.springframework.boot.StartupInfoLogger$$Lambda$102/1335503880
4327:             1             16  org.springframework.boot.StartupInfoLogger$$Lambda$94/1097897234
4328:             1             16  org.springframework.boot.StartupInfoLogger$$Lambda$97/1107530534
4329:             1             16  org.springframework.boot.admin.SpringApplicationAdminMXBeanRegistrar$SpringApplicationAdmin
4330:             1             16  org.springframework.boot.autoconfigure.AutoConfigurationImportSelector$$Lambda$151/1585853402
4331:             1             16  org.springframework.boot.autoconfigure.AutoConfigurationImportSelector$AutoConfigurationGroup$$Lambda$153/1333404258
4332:             1             16  org.springframework.boot.autoconfigure.AutoConfigurationImportSelector$AutoConfigurationGroup$$Lambda$154/1247247257
4333:             1             16  org.springframework.boot.autoconfigure.AutoConfigurationImportSelector$AutoConfigurationGroup$$Lambda$155/1141049797
4334:             1             16  org.springframework.boot.autoconfigure.AutoConfigurationImportSelector$AutoConfigurationGroup$$Lambda$156/1355039397
4335:             1             16  org.springframework.boot.autoconfigure.AutoConfigurationImportSelector$AutoConfigurationGroup$$Lambda$157/1070146065
4336:             1             16  org.springframework.boot.autoconfigure.BackgroundPreinitializer
4337:             1             16  org.springframework.boot.autoconfigure.SharedMetadataReaderFactoryContextInitializer
4338:             1             16  org.springframework.boot.autoconfigure.SharedMetadataReaderFactoryContextInitializer$CachingMetadataReaderFactoryPostProcessor
4339:             1             16  org.springframework.boot.autoconfigure.SharedMetadataReaderFactoryContextInitializer$CachingMetadataReaderFactoryPostProcessor$$Lambda$110/1423768154
4340:             1             16  org.springframework.boot.autoconfigure.SharedMetadataReaderFactoryContextInitializer$SharedMetadataReaderFactoryBean
4341:             1             16  org.springframework.boot.autoconfigure.condition.BeanTypeRegistry$$Lambda$174/855715439
4342:             1             16  org.springframework.boot.autoconfigure.condition.BeanTypeRegistry$$Lambda$183/1014923261
4343:             1             16  org.springframework.boot.autoconfigure.condition.BeanTypeRegistry$$Lambda$184/1171425975
4344:             1             16  org.springframework.boot.autoconfigure.condition.ConditionEvaluationReport$AncestorsMatchedCondition
4345:             1             16  org.springframework.boot.autoconfigure.condition.OnBeanCondition$BeanSearchSpec$$Lambda$171/682846231
4346:             1             16  org.springframework.boot.autoconfigure.condition.OnBeanCondition$BeanSearchSpec$$Lambda$173/1019854313
4347:             1             16  org.springframework.boot.autoconfigure.context.MessageSourceAutoConfiguration$ResourceBundleCondition
4348:             1             16  org.springframework.boot.autoconfigure.http.HttpMessageConverters
4349:             1             16  org.springframework.boot.autoconfigure.http.codec.CodecsAutoConfiguration$JacksonCodecConfiguration$$Lambda$407/42506186
4350:             1             16  org.springframework.boot.autoconfigure.http.codec.CodecsAutoConfiguration$LoggingCodecConfiguration$$Lambda$406/2220012
4351:             1             16  org.springframework.boot.autoconfigure.jdbc.DataSourceBeanCreationFailureAnalyzer
4352:             1             16  org.springframework.boot.autoconfigure.jdbc.DataSourceConfiguration$Hikari
4353:             1             16  org.springframework.boot.autoconfigure.jdbc.DataSourceInitializerPostProcessor
4354:             1             16  org.springframework.boot.autoconfigure.jdbc.HikariDriverConfigurationFailureAnalyzer
4355:             1             16  org.springframework.boot.autoconfigure.jdbc.JdbcProperties
4356:             1             16  org.springframework.boot.autoconfigure.jdbc.metadata.DataSourcePoolMetadataProvidersConfiguration$HikariPoolDataSourceMetadataProviderConfiguration$$Lambda$405/1913495957
4357:             1             16  org.springframework.boot.autoconfigure.logging.ConditionEvaluationReportLoggingListener$ConditionEvaluationReportListener
4358:             1             16  org.springframework.boot.autoconfigure.mustache.MustacheTemplateAvailabilityProvider
4359:             1             16  org.springframework.boot.autoconfigure.session.NonUniqueSessionRepositoryFailureAnalyzer
4360:             1             16  org.springframework.boot.autoconfigure.task.TaskSchedulingProperties$Pool
4361:             1             16  org.springframework.boot.autoconfigure.template.TemplateAvailabilityProviders$NoTemplateAvailabilityProvider
4362:             1             16  org.springframework.boot.autoconfigure.thymeleaf.ThymeleafTemplateAvailabilityProvider
4363:             1             16  org.springframework.boot.autoconfigure.transaction.TransactionManagerCustomizers
4364:             1             16  org.springframework.boot.autoconfigure.web.ErrorProperties$Whitelabel
4365:             1             16  org.springframework.boot.autoconfigure.web.OnEnabledResourceChainCondition
4366:             1             16  org.springframework.boot.autoconfigure.web.embedded.TomcatWebServerFactoryCustomizer$$Lambda$264/1730542048
4367:             1             16  org.springframework.boot.autoconfigure.web.embedded.TomcatWebServerFactoryCustomizer$$Lambda$268/1667552329
4368:             1             16  org.springframework.boot.autoconfigure.web.embedded.TomcatWebServerFactoryCustomizer$$Lambda$273/651916608
4369:             1             16  org.springframework.boot.autoconfigure.web.embedded.TomcatWebServerFactoryCustomizer$$Lambda$277/104404643
4370:             1             16  org.springframework.boot.autoconfigure.web.embedded.TomcatWebServerFactoryCustomizer$$Lambda$279/1525361802
4371:             1             16  org.springframework.boot.autoconfigure.web.embedded.TomcatWebServerFactoryCustomizer$$Lambda$283/87816081
4372:             1             16  org.springframework.boot.autoconfigure.web.embedded.TomcatWebServerFactoryCustomizer$$Lambda$285/1598005588
4373:             1             16  org.springframework.boot.autoconfigure.web.embedded.TomcatWebServerFactoryCustomizer$$Lambda$287/1003409618
4374:             1             16  org.springframework.boot.autoconfigure.web.embedded.TomcatWebServerFactoryCustomizer$$Lambda$289/932205110
4375:             1             16  org.springframework.boot.autoconfigure.web.embedded.TomcatWebServerFactoryCustomizer$$Lambda$290/1339765646
4376:             1             16  org.springframework.boot.autoconfigure.web.embedded.TomcatWebServerFactoryCustomizer$$Lambda$292/743571331
4377:             1             16  org.springframework.boot.autoconfigure.web.embedded.TomcatWebServerFactoryCustomizer$$Lambda$294/2089733159
4378:             1             16  org.springframework.boot.autoconfigure.web.embedded.TomcatWebServerFactoryCustomizer$$Lambda$303/464632404
4379:             1             16  org.springframework.boot.autoconfigure.web.embedded.TomcatWebServerFactoryCustomizer$$Lambda$307/668964635
4380:             1             16  org.springframework.boot.autoconfigure.web.embedded.TomcatWebServerFactoryCustomizer$$Lambda$308/909866761
4381:             1             16  org.springframework.boot.autoconfigure.web.servlet.HttpEncodingAutoConfiguration$LocaleCharsetMappingsCustomizer
4382:             1             16  org.springframework.boot.autoconfigure.web.servlet.JspTemplateAvailabilityProvider
4383:             1             16  org.springframework.boot.autoconfigure.web.servlet.ServletWebServerFactoryCustomizer
4384:             1             16  org.springframework.boot.autoconfigure.web.servlet.TomcatServletWebServerFactoryCustomizer
4385:             1             16  org.springframework.boot.autoconfigure.web.servlet.TomcatServletWebServerFactoryCustomizer$$Lambda$260/573032493
4386:             1             16  org.springframework.boot.autoconfigure.web.servlet.WebMvcProperties$Async
4387:             1             16  org.springframework.boot.autoconfigure.web.servlet.WebMvcProperties$Pathmatch
4388:             1             16  org.springframework.boot.autoconfigure.web.servlet.error.ErrorMvcAutoConfiguration$ErrorTemplateMissingCondition
4389:             1             16  org.springframework.boot.autoconfigure.web.servlet.error.ErrorMvcAutoConfiguration$PreserveErrorControllerTargetClassPostProcessor
4390:             1             16  org.springframework.boot.autoconfigure.web.servlet.error.ErrorMvcAutoConfiguration$StaticView
4391:             1             16  org.springframework.boot.autoconfigure.websocket.servlet.TomcatWebSocketServletWebServerCustomizer
4392:             1             16  org.springframework.boot.autoconfigure.websocket.servlet.TomcatWebSocketServletWebServerCustomizer$$Lambda$234/810833183
4393:             1             16  org.springframework.boot.context.ConfigurationWarningsApplicationContextInitializer
4394:             1             16  org.springframework.boot.context.ConfigurationWarningsApplicationContextInitializer$ComponentScanPackageCheck
4395:             1             16  org.springframework.boot.context.ConfigurationWarningsApplicationContextInitializer$ConfigurationWarningsPostProcessor
4396:             1             16  org.springframework.boot.context.ContextIdApplicationContextInitializer
4397:             1             16  org.springframework.boot.context.FileEncodingApplicationListener
4398:             1             16  org.springframework.boot.context.config.AnsiOutputApplicationListener
4399:             1             16  org.springframework.boot.context.config.AnsiOutputApplicationListener$$Lambda$71/1991278377
4400:             1             16  org.springframework.boot.context.config.ConfigFileApplicationListener$Loader$$Lambda$33/711540569
4401:             1             16  org.springframework.boot.context.config.ConfigFileApplicationListener$Loader$$Lambda$40/1816725203
4402:             1             16  org.springframework.boot.context.config.ConfigFileApplicationListener$Loader$$Lambda$50/347978868
4403:             1             16  org.springframework.boot.context.config.ConfigFileApplicationListener$Loader$$Lambda$51/307829448
4404:             1             16  org.springframework.boot.context.config.ConfigFileApplicationListener$Loader$$Lambda$52/1518331471
4405:             1             16  org.springframework.boot.context.config.ConfigFileApplicationListener$Loader$$Lambda$53/459718907
4406:             1             16  org.springframework.boot.context.config.ConfigFileApplicationListener$Loader$$Lambda$55/616674002
4407:             1             16  org.springframework.boot.context.config.DelegatingApplicationContextInitializer
4408:             1             16  org.springframework.boot.context.logging.ClasspathLoggingApplicationListener
4409:             1             16  org.springframework.boot.context.logging.LoggingApplicationListener$$Lambda$80/1117871068
4410:             1             16  org.springframework.boot.context.properties.ConfigurationPropertiesBinder$$Lambda$210/1009342118
4411:             1             16  org.springframework.boot.context.properties.EnableConfigurationPropertiesImportSelector$ConfigurationPropertiesBeanRegistrar$$Lambda$185/1669068412
4412:             1             16  org.springframework.boot.context.properties.EnableConfigurationPropertiesImportSelector$ConfigurationPropertiesBeanRegistrar$$Lambda$186/2072567128
4413:             1             16  org.springframework.boot.context.properties.EnableConfigurationPropertiesImportSelector$ConfigurationPropertiesBeanRegistrar$$Lambda$187/1349649220
4414:             1             16  org.springframework.boot.context.properties.PropertyMapper$$Lambda$235/92373719
4415:             1             16  org.springframework.boot.context.properties.PropertyMapper$Source$$Lambda$238/1777043623
4416:             1             16  org.springframework.boot.context.properties.PropertyMapper$Source$$Lambda$280/157474874
4417:             1             16  org.springframework.boot.context.properties.PropertyMapper$Source$$Lambda$312/793414138
4418:             1             16  org.springframework.boot.context.properties.bind.BindConverter
4419:             1             16  org.springframework.boot.context.properties.bind.BindConverter$CompositeConversionService
4420:             1             16  org.springframework.boot.context.properties.bind.BindConverter$TypeConverterConverter
4421:             1             16  org.springframework.boot.context.properties.bind.BindHandler$1
4422:             1             16  org.springframework.boot.context.properties.bind.BindResult
4423:             1             16  org.springframework.boot.context.properties.bind.Binder$$Lambda$214/1557075266
4424:             1             16  org.springframework.boot.context.properties.bind.JavaBeanBinder
4425:             1             16  org.springframework.boot.context.properties.bind.JavaBeanBinder$Bean$$Lambda$215/1990567985
4426:             1             16  org.springframework.boot.context.properties.bind.JavaBeanBinder$Bean$$Lambda$217/799885067
4427:             1             16  org.springframework.boot.context.properties.bind.JavaBeanBinder$Bean$$Lambda$218/569927998
4428:             1             16  org.springframework.boot.context.properties.bind.PlaceholdersResolver$$Lambda$400/460628066
4429:             1             16  org.springframework.boot.context.properties.source.ConfigurationPropertyName$$Lambda$165/1865370526
4430:             1             16  org.springframework.boot.context.properties.source.ConfigurationPropertyNameAliases$$Lambda$397/142573894
4431:             1             16  org.springframework.boot.context.properties.source.ConfigurationPropertyNameAliases$$Lambda$398/130839597
4432:             1             16  org.springframework.boot.context.properties.source.ConfigurationPropertyNameAliases$$Lambda$403/1164455486
4433:             1             16  org.springframework.boot.context.properties.source.SpringConfigurationPropertySource$$Lambda$46/554348863
4434:             1             16  org.springframework.boot.context.properties.source.SpringConfigurationPropertySource$$Lambda$79/127702987
4435:             1             16  org.springframework.boot.context.properties.source.SystemEnvironmentPropertyMapper
4436:             1             16  org.springframework.boot.context.properties.source.SystemEnvironmentPropertyMapper$$Lambda$77/1245065720
4437:             1             16  org.springframework.boot.convert.CharArrayFormatter
4438:             1             16  org.springframework.boot.convert.DurationStyle$Unit$$Lambda$316/297120242
4439:             1             16  org.springframework.boot.convert.DurationStyle$Unit$$Lambda$317/1300714811
4440:             1             16  org.springframework.boot.convert.DurationStyle$Unit$$Lambda$318/837804180
4441:             1             16  org.springframework.boot.convert.DurationStyle$Unit$$Lambda$319/225049978
4442:             1             16  org.springframework.boot.convert.DurationStyle$Unit$$Lambda$320/1770496243
4443:             1             16  org.springframework.boot.convert.DurationStyle$Unit$$Lambda$321/509480565
4444:             1             16  org.springframework.boot.convert.DurationStyle$Unit$$Lambda$322/1358673514
4445:             1             16  org.springframework.boot.convert.DurationToNumberConverter
4446:             1             16  org.springframework.boot.convert.DurationToStringConverter
4447:             1             16  org.springframework.boot.convert.InetAddressFormatter
4448:             1             16  org.springframework.boot.convert.IsoOffsetFormatter
4449:             1             16  org.springframework.boot.convert.NumberToDataSizeConverter
4450:             1             16  org.springframework.boot.convert.NumberToDurationConverter
4451:             1             16  org.springframework.boot.convert.StringToEnumIgnoringCaseConverterFactory
4452:             1             16  org.springframework.boot.convert.StringToEnumIgnoringCaseConverterFactory$StringToEnum$$Lambda$67/746074699
4453:             1             16  org.springframework.boot.convert.StringToEnumIgnoringCaseConverterFactory$StringToEnum$$Lambda$68/405896924
4454:             1             16  org.springframework.boot.convert.StringToEnumIgnoringCaseConverterFactory$StringToEnum$$Lambda$69/1309335839
4455:             1             16  org.springframework.boot.devtools.autoconfigure.ConditionEvaluationDeltaLoggingListener
4456:             1             16  org.springframework.boot.devtools.autoconfigure.DevToolsDataSourceAutoConfiguration$DevToolsDataSourceCondition
4457:             1             16  org.springframework.boot.devtools.autoconfigure.HateoasObjenesisCacheDisabler
4458:             1             16  org.springframework.boot.devtools.autoconfigure.LocalDevToolsAutoConfiguration$LiveReloadServerEventListener
4459:             1             16  org.springframework.boot.devtools.autoconfigure.LocalDevToolsAutoConfiguration$RestartConfiguration$$Lambda$410/294834677
4460:             1             16  org.springframework.boot.devtools.autoconfigure.OptionalLiveReloadServer
4461:             1             16  org.springframework.boot.devtools.autoconfigure.RemoteDevToolsProperties$Restart
4462:             1             16  org.springframework.boot.devtools.filewatch.FolderSnapshot$$Lambda$481/2106418294
4463:             1             16  org.springframework.boot.devtools.livereload.LiveReloadServer$$Lambda$412/356563238
4464:             1             16  org.springframework.boot.devtools.livereload.LiveReloadServer$WorkerThreadFactory
4465:             1             16  org.springframework.boot.devtools.logger.DevToolsLogFactory$Listener
4466:             1             16  org.springframework.boot.devtools.logger.DevToolsLogFactory$Listener$$Lambda$108/1265012928
4467:             1             16  org.springframework.boot.devtools.restart.OnInitializedRestarterCondition
4468:             1             16  org.springframework.boot.devtools.restart.RestartApplicationListener
4469:             1             16  org.springframework.boot.devtools.restart.RestartScopeInitializer
4470:             1             16  org.springframework.boot.devtools.restart.RestartScopeInitializer$RestartScope
4471:             1             16  org.springframework.boot.devtools.restart.Restarter$LeakSafeThreadFactory
4472:             1             16  org.springframework.boot.devtools.restart.SilentExitExceptionHandler
4473:             1             16  org.springframework.boot.devtools.restart.classloader.ClassLoaderFiles
4474:             1             16  org.springframework.boot.diagnostics.analyzer.BeanCurrentlyInCreationFailureAnalyzer
4475:             1             16  org.springframework.boot.diagnostics.analyzer.BeanDefinitionOverrideFailureAnalyzer
4476:             1             16  org.springframework.boot.diagnostics.analyzer.BeanNotOfRequiredTypeFailureAnalyzer
4477:             1             16  org.springframework.boot.diagnostics.analyzer.BindFailureAnalyzer
4478:             1             16  org.springframework.boot.diagnostics.analyzer.BindValidationFailureAnalyzer
4479:             1             16  org.springframework.boot.diagnostics.analyzer.ConnectorStartFailureAnalyzer
4480:             1             16  org.springframework.boot.diagnostics.analyzer.InvalidConfigurationPropertyNameFailureAnalyzer
4481:             1             16  org.springframework.boot.diagnostics.analyzer.InvalidConfigurationPropertyValueFailureAnalyzer
4482:             1             16  org.springframework.boot.diagnostics.analyzer.NoSuchMethodFailureAnalyzer
4483:             1             16  org.springframework.boot.diagnostics.analyzer.NoUniqueBeanDefinitionFailureAnalyzer
4484:             1             16  org.springframework.boot.diagnostics.analyzer.PortInUseFailureAnalyzer
4485:             1             16  org.springframework.boot.diagnostics.analyzer.UnboundConfigurationPropertyFailureAnalyzer
4486:             1             16  org.springframework.boot.diagnostics.analyzer.ValidationExceptionFailureAnalyzer
4487:             1             16  org.springframework.boot.env.PropertiesPropertySourceLoader
4488:             1             16  org.springframework.boot.env.SpringApplicationJsonEnvironmentPostProcessor$$Lambda$30/1681920301
4489:             1             16  org.springframework.boot.env.SpringApplicationJsonEnvironmentPostProcessor$$Lambda$31/589273327
4490:             1             16  org.springframework.boot.liquibase.LiquibaseServiceLocatorApplicationListener
4491:             1             16  org.springframework.boot.logging.LoggerConfigurationComparator
4492:             1             16  org.springframework.boot.logging.LoggingSystem$$Lambda$21/688005825
4493:             1             16  org.springframework.boot.logging.logback.LogbackLoggingSystem
4494:             1             16  org.springframework.boot.util.LambdaSafe$InvocationResult
4495:             1             16  org.springframework.boot.web.context.ServerPortInfoApplicationContextInitializer
4496:             1             16  org.springframework.boot.web.embedded.tomcat.TomcatEmbeddedContext$$Lambda$423/134653575
4497:             1             16  org.springframework.boot.web.embedded.tomcat.TomcatEmbeddedContext$$Lambda$424/132076376
4498:             1             16  org.springframework.boot.web.embedded.tomcat.TomcatWebServer$$Lambda$428/1944081600
4499:             1             16  org.springframework.boot.web.server.Http2
4500:             1             16  org.springframework.boot.web.servlet.ServletContextInitializerBeans$$Lambda$336/2029095559
4501:             1             16  org.springframework.boot.web.servlet.ServletContextInitializerBeans$$Lambda$337/1409855597
4502:             1             16  org.springframework.boot.web.servlet.context.ServletWebServerApplicationContext$$Lambda$326/546037348
4503:             1             16  org.springframework.boot.web.servlet.error.DefaultErrorAttributes
4504:             1             16  org.springframework.boot.web.servlet.server.AbstractServletWebServerFactory$$Lambda$328/643996026
4505:             1             16  org.springframework.boot.web.servlet.server.AbstractServletWebServerFactory$SessionConfiguringInitializer
4506:             1             16  org.springframework.boot.web.servlet.server.SessionStoreDirectory
4507:             1             16  org.springframework.boot.web.servlet.server.StaticResourceJars
4508:             1             16  org.springframework.cglib.core.AbstractClassGenerator$ClassLoaderData$1
4509:             1             16  org.springframework.cglib.core.AbstractClassGenerator$ClassLoaderData$2
4510:             1             16  org.springframework.cglib.core.AbstractClassGenerator$ClassLoaderData$3
4511:             1             16  org.springframework.cglib.core.DefaultGeneratorStrategy
4512:             1             16  org.springframework.cglib.core.DefaultNamingPolicy
4513:             1             16  org.springframework.cglib.core.KeyFactory$1
4514:             1             16  org.springframework.cglib.core.KeyFactory$2
4515:             1             16  org.springframework.cglib.core.KeyFactory$3
4516:             1             16  org.springframework.cglib.core.KeyFactory$4
4517:             1             16  org.springframework.cglib.core.MethodInfoTransformer
4518:             1             16  org.springframework.cglib.core.SpringNamingPolicy
4519:             1             16  org.springframework.cglib.core.internal.LoadingCache$1
4520:             1             16  org.springframework.cglib.proxy.Enhancer$1
4521:             1             16  org.springframework.cglib.proxy.FixedValueGenerator
4522:             1             16  org.springframework.cglib.proxy.InvocationHandlerGenerator
4523:             1             16  org.springframework.cglib.proxy.LazyLoaderGenerator
4524:             1             16  org.springframework.cglib.proxy.MethodInterceptorGenerator
4525:             1             16  org.springframework.cglib.proxy.MethodInterceptorGenerator$1
4526:             1             16  org.springframework.cglib.proxy.NoOp$1
4527:             1             16  org.springframework.cglib.proxy.NoOpGenerator
4528:             1             16  org.springframework.context.annotation.ConfigurationClassEnhancer$BeanFactoryAwareMethodInterceptor
4529:             1             16  org.springframework.context.annotation.ConfigurationClassEnhancer$BeanMethodInterceptor
4530:             1             16  org.springframework.context.annotation.ConfigurationClassParser$$Lambda$143/1420196421
4531:             1             16  org.springframework.context.annotation.ConfigurationClassPostProcessor$$Lambda$142/1806880779
4532:             1             16  org.springframework.context.annotation.ConfigurationClassPostProcessor$1
4533:             1             16  org.springframework.context.annotation.ConfigurationClassPostProcessor$ImportAwareBeanPostProcessor
4534:             1             16  org.springframework.context.event.DefaultEventListenerFactory
4535:             1             16  org.springframework.context.event.EventListenerMethodProcessor$$Lambda$414/1304217806
4536:             1             16  org.springframework.context.expression.StandardBeanExpressionResolver$1
4537:             1             16  org.springframework.context.index.CandidateComponentsIndexLoader$$Lambda$90/1517640897
4538:             1             16  org.springframework.context.support.LiveBeansView
4539:             1             16  org.springframework.core.$Proxy71
4540:             1             16  org.springframework.core.OrderComparator
4541:             1             16  org.springframework.core.ResolvableType$EmptyType
4542:             1             16  org.springframework.core.annotation.AnnotatedElementUtils$AlwaysTrueBooleanAnnotationProcessor
4543:             1             16  org.springframework.core.annotation.AnnotationAwareOrderComparator
4544:             1             16  org.springframework.core.annotation.AnnotationUtils$$Lambda$14/925308434
4545:             1             16  org.springframework.core.io.DefaultResourceLoader$$Lambda$89/1827171553
4546:             1             16  org.springframework.core.io.support.DefaultPropertySourceFactory
4547:             1             16  org.springframework.core.io.support.PathMatchingResourcePatternResolver$$Lambda$145/440736059
4548:             1             16  org.springframework.core.log.CompositeLog$$Lambda$101/159441867
4549:             1             16  org.springframework.core.log.CompositeLog$$Lambda$103/733812578
4550:             1             16  org.springframework.core.log.CompositeLog$$Lambda$95/452345825
4551:             1             16  org.springframework.core.log.CompositeLog$$Lambda$96/1099723379
4552:             1             16  org.springframework.core.log.CompositeLog$$Lambda$98/1280365600
4553:             1             16  org.springframework.core.log.CompositeLog$$Lambda$99/581097801
4554:             1             16  org.springframework.expression.spel.support.SimpleEvaluationContext$$Lambda$358/702811569
4555:             1             16  org.springframework.http.MediaType$$Lambda$444/1713005215
4556:             1             16  org.springframework.http.MediaType$$Lambda$92/184559443
4557:             1             16  org.springframework.http.MediaType$1
4558:             1             16  org.springframework.http.MediaTypeFactory$$Lambda$461/876245110
4559:             1             16  org.springframework.http.ReadOnlyHttpHeaders$$Lambda$485/311355631
4560:             1             16  org.springframework.http.converter.json.SpringHandlerInstantiator
4561:             1             16  org.springframework.http.converter.xml.Jaxb2RootElementHttpMessageConverter$$Lambda$106/1984318997
4562:             1             16  org.springframework.http.converter.xml.SourceHttpMessageConverter$$Lambda$104/1541164316
4563:             1             16  org.springframework.http.converter.xml.SourceHttpMessageConverter$$Lambda$105/1063789673
4564:             1             16  org.springframework.jdbc.config.SortedResourcesFactoryBean$$Lambda$404/1511787468
4565:             1             16  org.springframework.messaging.converter.CompositeMessageConverter
4566:             1             16  org.springframework.messaging.converter.SimpleMessageConverter
4567:             1             16  org.springframework.messaging.handler.annotation.support.AnnotationExceptionHandlerMethodResolver$$Lambda$354/1779936135
4568:             1             16  org.springframework.messaging.handler.annotation.support.HeadersMethodArgumentResolver
4569:             1             16  org.springframework.messaging.handler.annotation.support.MessageMethodArgumentResolver
4570:             1             16  org.springframework.messaging.handler.invocation.CompletableFutureReturnValueHandler
4571:             1             16  org.springframework.messaging.handler.invocation.ListenableFutureReturnValueHandler
4572:             1             16  org.springframework.messaging.handler.invocation.ReactiveReturnValueHandler
4573:             1             16  org.springframework.messaging.simp.SimpAttributes$$Lambda$479/1379022729
4574:             1             16  org.springframework.messaging.simp.SimpSessionScope
4575:             1             16  org.springframework.messaging.simp.annotation.support.PrincipalMethodArgumentResolver
4576:             1             16  org.springframework.messaging.simp.broker.AbstractBrokerMessageHandler$UnsentDisconnectChannelInterceptor
4577:             1             16  org.springframework.messaging.simp.broker.DefaultSubscriptionRegistry$SessionSubscriptionRegistry
4578:             1             16  org.springframework.messaging.simp.broker.DefaultSubscriptionRegistry$SimpMessageHeaderPropertyAccessor
4579:             1             16  org.springframework.messaging.simp.broker.OrderedMessageSender$$Lambda$359/1076708413
4580:             1             16  org.springframework.messaging.simp.stomp.StompDecoder
4581:             1             16  org.springframework.messaging.support.IdTimestampMessageHeaderInitializer$$Lambda$463/713197767
4582:             1             16  org.springframework.messaging.support.NativeMessageHeaderAccessor$$Lambda$464/928236365
4583:             1             16  org.springframework.objenesis.strategy.StdInstantiatorStrategy
4584:             1             16  org.springframework.scheduling.annotation.ScheduledAnnotationBeanPostProcessor$$Lambda$205/1765776053
4585:             1             16  org.springframework.scheduling.annotation.ScheduledAnnotationBeanPostProcessor$$Lambda$344/1967508247
4586:             1             16  org.springframework.scheduling.support.TaskUtils$LoggingErrorHandler
4587:             1             16  org.springframework.scheduling.support.TaskUtils$PropagatingErrorHandler
4588:             1             16  org.springframework.transaction.annotation.SpringTransactionAnnotationParser
4589:             1             16  org.springframework.transaction.event.TransactionalEventListenerFactory
4590:             1             16  org.springframework.util.CollectionUtils$MultiValueMapAdapter$$Lambda$458/675965412
4591:             1             16  org.springframework.util.ConcurrentReferenceHashMap$EntrySet
4592:             1             16  org.springframework.util.DefaultPropertiesPersister
4593:             1             16  org.springframework.util.LinkedMultiValueMap$$Lambda$10/198099809
4594:             1             16  org.springframework.util.LinkedMultiValueMap$$Lambda$399/1934471203
4595:             1             16  org.springframework.util.MimeType$SpecificityComparator
4596:             1             16  org.springframework.util.ReflectionUtils$$Lambda$11/2079179914
4597:             1             16  org.springframework.util.ReflectionUtils$$Lambda$12/20049680
4598:             1             16  org.springframework.util.ReflectionUtils$$Lambda$13/1882349076
4599:             1             16  org.springframework.validation.beanvalidation.LocaleContextMessageInterpolator
4600:             1             16  org.springframework.validation.beanvalidation.MethodValidationInterceptor
4601:             1             16  org.springframework.validation.beanvalidation.SpringConstraintValidatorFactory
4602:             1             16  org.springframework.web.bind.support.DefaultSessionAttributeStore
4603:             1             16  org.springframework.web.context.request.SessionScope
4604:             1             16  org.springframework.web.context.request.async.TimeoutCallableProcessingInterceptor
4605:             1             16  org.springframework.web.context.request.async.TimeoutDeferredResultProcessingInterceptor
4606:             1             16  org.springframework.web.context.support.WebApplicationContextUtils$RequestObjectFactory
4607:             1             16  org.springframework.web.context.support.WebApplicationContextUtils$ResponseObjectFactory
4608:             1             16  org.springframework.web.context.support.WebApplicationContextUtils$SessionObjectFactory
4609:             1             16  org.springframework.web.context.support.WebApplicationContextUtils$WebRequestObjectFactory
4610:             1             16  org.springframework.web.method.HandlerTypePredicate$Builder$$Lambda$351/2039642748
4611:             1             16  org.springframework.web.method.annotation.ErrorsMethodArgumentResolver
4612:             1             16  org.springframework.web.method.annotation.ExceptionHandlerMethodResolver$$Lambda$391/330174461
4613:             1             16  org.springframework.web.method.annotation.RequestHeaderMapMethodArgumentResolver
4614:             1             16  org.springframework.web.method.annotation.SessionStatusMethodArgumentResolver
4615:             1             16  org.springframework.web.multipart.support.StandardServletMultipartResolver
4616:             1             16  org.springframework.web.servlet.config.annotation.InterceptorRegistry$$Lambda$369/268248785
4617:             1             16  org.springframework.web.servlet.config.annotation.InterceptorRegistry$$Lambda$370/564985952
4618:             1             16  org.springframework.web.servlet.config.annotation.WebMvcConfigurerComposite
4619:             1             16  org.springframework.web.servlet.handler.AbstractHandlerMethodMapping$EmptyHandler
4620:             1             16  org.springframework.web.servlet.handler.ConversionServiceExposingInterceptor
4621:             1             16  org.springframework.web.servlet.mvc.HttpRequestHandlerAdapter
4622:             1             16  org.springframework.web.servlet.mvc.SimpleControllerHandlerAdapter
4623:             1             16  org.springframework.web.servlet.mvc.method.RequestMappingInfoHandlerMethodMappingNamingStrategy
4624:             1             16  org.springframework.web.servlet.mvc.method.annotation.AsyncTaskMethodReturnValueHandler
4625:             1             16  org.springframework.web.servlet.mvc.method.annotation.CallableMethodReturnValueHandler
4626:             1             16  org.springframework.web.servlet.mvc.method.annotation.DeferredResultMethodReturnValueHandler
4627:             1             16  org.springframework.web.servlet.mvc.method.annotation.HttpHeadersReturnValueHandler
4628:             1             16  org.springframework.web.servlet.mvc.method.annotation.JsonViewRequestBodyAdvice
4629:             1             16  org.springframework.web.servlet.mvc.method.annotation.RequestMappingHandlerAdapter$$Lambda$364/96443314
4630:             1             16  org.springframework.web.servlet.mvc.method.annotation.RequestMappingHandlerAdapter$$Lambda$365/1992645019
4631:             1             16  org.springframework.web.servlet.mvc.method.annotation.StreamingResponseBodyReturnValueHandler
4632:             1             16  org.springframework.web.servlet.mvc.method.annotation.UriComponentsBuilderMethodArgumentResolver
4633:             1             16  org.springframework.web.servlet.resource.ResourceUrlProviderExposingInterceptor
4634:             1             16  org.springframework.web.servlet.theme.FixedThemeResolver
4635:             1             16  org.springframework.web.servlet.view.AbstractCachingViewResolver$1
4636:             1             16  org.springframework.web.servlet.view.ContentNegotiatingViewResolver$1
4637:             1             16  org.springframework.web.socket.config.WebSocketMessageBrokerStats$$Lambda$347/500268044
4638:             1             16  org.springframework.web.socket.handler.ExceptionWebSocketHandlerDecorator
4639:             1             16  org.springframework.web.socket.handler.LoggingWebSocketHandlerDecorator
4640:             1             16  org.springframework.web.socket.sockjs.frame.Jackson2SockJsMessageCodec
4641:             1             16  org.springframework.web.socket.sockjs.support.AbstractSockJsService$IframeHandler
4642:             1             16  org.springframework.web.socket.sockjs.support.AbstractSockJsService$InfoHandler
4643:             1             16  org.springframework.web.socket.sockjs.transport.TransportHandlingSockJsService$$Lambda$459/830670620
4644:             1             16  org.springframework.web.util.HierarchicalUriComponents$1
4645:             1             16  org.zeroturnaround.bundled.javassist.ClassPoolTail
4646:             1             16  org.zeroturnaround.javarebel.felix.FelixPlugin
4647:             1             16  org.zeroturnaround.javarebel.integration.ReinitClassEventListener
4648:             1             16  org.zeroturnaround.javarebel.integration.ant.AntClassLoaderCBP
4649:             1             16  org.zeroturnaround.javarebel.integration.apdplat.SystemListenerCBP
4650:             1             16  org.zeroturnaround.javarebel.integration.aries.AriesProxyClassLoaderCBP
4651:             1             16  org.zeroturnaround.javarebel.integration.arjuna.ArjunaTransactionManagerImpleCBP
4652:             1             16  org.zeroturnaround.javarebel.integration.atg.AtgReusableClassLoaderCBP
4653:             1             16  org.zeroturnaround.javarebel.integration.atmosphere.DefaultAnnotationProcessorServletContainerInitializerAnnotationProcessorCBP
4654:             1             16  org.zeroturnaround.javarebel.integration.camel.CamelExtensionCBP
4655:             1             16  org.zeroturnaround.javarebel.integration.catalina.CatalinaPlugin
4656:             1             16  org.zeroturnaround.javarebel.integration.catalina.cbp.AbstractArchiveResourceSetCBP
4657:             1             16  org.zeroturnaround.javarebel.integration.catalina.cbp.ApplicationContextCBP
4658:             1             16  org.zeroturnaround.javarebel.integration.catalina.cbp.BaseDirContextCBP
4659:             1             16  org.zeroturnaround.javarebel.integration.catalina.cbp.CacheCBP
4660:             1             16  org.zeroturnaround.javarebel.integration.catalina.cbp.CachedResourceCBP
4661:             1             16  org.zeroturnaround.javarebel.integration.catalina.cbp.ConnectorCBP
4662:             1             16  org.zeroturnaround.javarebel.integration.catalina.cbp.ContextConfigCBP
4663:             1             16  org.zeroturnaround.javarebel.integration.catalina.cbp.CoyoteAdapterCBP
4664:             1             16  org.zeroturnaround.javarebel.integration.catalina.cbp.MapperCBP
4665:             1             16  org.zeroturnaround.javarebel.integration.catalina.cbp.MessageBytesCBP
4666:             1             16  org.zeroturnaround.javarebel.integration.catalina.cbp.RequestCBP
4667:             1             16  org.zeroturnaround.javarebel.integration.catalina.cbp.ServletRegistrationImplCBP
4668:             1             16  org.zeroturnaround.javarebel.integration.catalina.cbp.StandardContextCBP
4669:             1             16  org.zeroturnaround.javarebel.integration.catalina.cbp.StandardContextValveCBP
4670:             1             16  org.zeroturnaround.javarebel.integration.catalina.cbp.StandardHostValveCBP
4671:             1             16  org.zeroturnaround.javarebel.integration.catalina.cbp.StandardRootCBP
4672:             1             16  org.zeroturnaround.javarebel.integration.catalina.cbp.WebXmlCBP
4673:             1             16  org.zeroturnaround.javarebel.integration.catalina.cbp.WebappLoaderCBP
4674:             1             16  org.zeroturnaround.javarebel.integration.classworlds.ClassRealmCBP
4675:             1             16  org.zeroturnaround.javarebel.integration.classworlds.RealmClassLoaderCBP
4676:             1             16  org.zeroturnaround.javarebel.integration.classworlds.UberJarRealmClassLoaderCBP
4677:             1             16  org.zeroturnaround.javarebel.integration.clojure.ClojureDynamicClassLoaderCBP
4678:             1             16  org.zeroturnaround.javarebel.integration.commonsbeanutils.PropertyUtilsBeanCBP
4679:             1             16  org.zeroturnaround.javarebel.integration.confluence.JarClassLoaderCBP
4680:             1             16  org.zeroturnaround.javarebel.integration.cxf.CXFPlugin
4681:             1             16  org.zeroturnaround.javarebel.integration.dorado.MethodAutoMatchingUtilsCBP
4682:             1             16  org.zeroturnaround.javarebel.integration.dozer.DozerPlugin
4683:             1             16  org.zeroturnaround.javarebel.integration.drools.KModuleBeanFactoryPostProcessorCBP
4684:             1             16  org.zeroturnaround.javarebel.integration.eclipse.EclipsePlugin
4685:             1             16  org.zeroturnaround.javarebel.integration.eclipse301.Eclipse301DefaultClassLoaderClassBytecodeProcessor
4686:             1             16  org.zeroturnaround.javarebel.integration.elcommons.BeanInfoManagerElCommonsCBP
4687:             1             16  org.zeroturnaround.javarebel.integration.elcommons.BeanInfoManagerFacesCBP
4688:             1             16  org.zeroturnaround.javarebel.integration.elcommons.BeanInfoManagerStandardLangCBP
4689:             1             16  org.zeroturnaround.javarebel.integration.equinox.BundleLoaderCBP
4690:             1             16  org.zeroturnaround.javarebel.integration.equinox.DirBundleFileCBP
4691:             1             16  org.zeroturnaround.javarebel.integration.equinox.EquinoxClassLoaderCBP
4692:             1             16  org.zeroturnaround.javarebel.integration.equinox.EquinoxClassPathManagerClassBytecodeProcessor
4693:             1             16  org.zeroturnaround.javarebel.integration.equinox.EquinoxContainerCBP
4694:             1             16  org.zeroturnaround.javarebel.integration.equinox.EquinoxDefaultClassLoaderClassBytecodeProcessor
4695:             1             16  org.zeroturnaround.javarebel.integration.equinox.EquinoxFWClassLoaderCBP
4696:             1             16  org.zeroturnaround.javarebel.integration.equinox.EquinoxModuleClassLoader
4697:             1             16  org.zeroturnaround.javarebel.integration.equinox.EquinoxPlugin
4698:             1             16  org.zeroturnaround.javarebel.integration.equinox.FrameworkCBP
4699:             1             16  org.zeroturnaround.javarebel.integration.felix.FelixBundleClassLoaderCBP
4700:             1             16  org.zeroturnaround.javarebel.integration.felix.FelixBundleRevisionImplCBP
4701:             1             16  org.zeroturnaround.javarebel.integration.felix.FelixBundleWiringImplCBP
4702:             1             16  org.zeroturnaround.javarebel.integration.felix.FelixContentClassLoaderCBP
4703:             1             16  org.zeroturnaround.javarebel.integration.felix.FelixContentLoaderImplCBP
4704:             1             16  org.zeroturnaround.javarebel.integration.felix.FelixModuleClassLoaderCBP
4705:             1             16  org.zeroturnaround.javarebel.integration.felix.FelixModuleImplCBP
4706:             1             16  org.zeroturnaround.javarebel.integration.felix.FelixResolverImplCBP
4707:             1             16  org.zeroturnaround.javarebel.integration.felix.R4SearchPolicyCoreCBP
4708:             1             16  org.zeroturnaround.javarebel.integration.fileservlet.DefaultServletCBP
4709:             1             16  org.zeroturnaround.javarebel.integration.fileservlet.FileServlet$DefaultResourcePathResolver
4710:             1             16  org.zeroturnaround.javarebel.integration.fileservlet.FileServletPlugin
4711:             1             16  org.zeroturnaround.javarebel.integration.flyway.FlywayCBP
4712:             1             16  org.zeroturnaround.javarebel.integration.freemarker.BeansWrapperCBP
4713:             1             16  org.zeroturnaround.javarebel.integration.freemarker.FreemarkerClassIntrospectorCBP
4714:             1             16  org.zeroturnaround.javarebel.integration.freemarker.FreemarkerConfigurationCBP
4715:             1             16  org.zeroturnaround.javarebel.integration.freemarker.FreemarkerJavaRebelIntegrationCBP
4716:             1             16  org.zeroturnaround.javarebel.integration.gae.DevAppServerImplCBP
4717:             1             16  org.zeroturnaround.javarebel.integration.gae.GaeCustomSecurityManagerCBP
4718:             1             16  org.zeroturnaround.javarebel.integration.gae.GaeProxyPolicyCBP
4719:             1             16  org.zeroturnaround.javarebel.integration.gae.GaeTransformerCBP
4720:             1             16  org.zeroturnaround.javarebel.integration.gae.IsolatedAppClassLoaderCBP
4721:             1             16  org.zeroturnaround.javarebel.integration.gae.JettyContainerServiceCBP
4722:             1             16  org.zeroturnaround.javarebel.integration.gae.KickStartCBP
4723:             1             16  org.zeroturnaround.javarebel.integration.gae.RestrictedUrlClassLoaderCBP
4724:             1             16  org.zeroturnaround.javarebel.integration.gemini.BundleWebappClassLoaderCBP
4725:             1             16  org.zeroturnaround.javarebel.integration.gemini.GeminiBundleDelegatingClassLoaderCBP
4726:             1             16  org.zeroturnaround.javarebel.integration.gemini.GeminiBundleEntryCBP
4727:             1             16  org.zeroturnaround.javarebel.integration.gemini.GeminiChainedClassLoaderCBP
4728:             1             16  org.zeroturnaround.javarebel.integration.generic.FindResourceClassResourceSource
4729:             1             16  org.zeroturnaround.javarebel.integration.geronimo.JarFileClassLoaderCBP
4730:             1             16  org.zeroturnaround.javarebel.integration.geronimo.MultiParentClassLoaderCBP
4731:             1             16  org.zeroturnaround.javarebel.integration.geronimo.XbeanEquinoxBundleClassLoaderCBP
4732:             1             16  org.zeroturnaround.javarebel.integration.gigaspaces.ClassLoaderContextCBP
4733:             1             16  org.zeroturnaround.javarebel.integration.glassfish.DeploymentContextImplCBP
4734:             1             16  org.zeroturnaround.javarebel.integration.glassfish.DeploymentUtilsCBP
4735:             1             16  org.zeroturnaround.javarebel.integration.glassfish.EJBClassLoaderCBP
4736:             1             16  org.zeroturnaround.javarebel.integration.glassfish.GlassfishDelegatingClassLoaderCBP
4737:             1             16  org.zeroturnaround.javarebel.integration.glassfish.GlassfishPersistenceUnitInfoImpl
4738:             1             16  org.zeroturnaround.javarebel.integration.glassfish.LoggingOutputStreamCBP
4739:             1             16  org.zeroturnaround.javarebel.integration.glassfish.WebApplicationCBP
4740:             1             16  org.zeroturnaround.javarebel.integration.glassfish.WebModuleCBP
4741:             1             16  org.zeroturnaround.javarebel.integration.glassfish.corba.ClassCopierOrdinaryImplCBP
4742:             1             16  org.zeroturnaround.javarebel.integration.glassfish.corba.ClassInfoCacheCBP
4743:             1             16  org.zeroturnaround.javarebel.integration.glassfish.corba.DefaultClassCopierFactoriesCBP
4744:             1             16  org.zeroturnaround.javarebel.integration.glassfish.corba.ObjectStreamClassCBP
4745:             1             16  org.zeroturnaround.javarebel.integration.google.GuiceBridgeClassLoaderCBP
4746:             1             16  org.zeroturnaround.javarebel.integration.guava.ThrowablesCBP
4747:             1             16  org.zeroturnaround.javarebel.integration.hibernate.HibernatePlugin
4748:             1             16  org.zeroturnaround.javarebel.integration.hibernate5.HibernatePlugin
4749:             1             16  org.zeroturnaround.javarebel.integration.hybris.RegistryCBP
4750:             1             16  org.zeroturnaround.javarebel.integration.intellij.IntelliJClassLoaderClassBytecodeProcessor
4751:             1             16  org.zeroturnaround.javarebel.integration.jackson.JsonFactoryCBP
4752:             1             16  org.zeroturnaround.javarebel.integration.jasper.JasperPlugin
4753:             1             16  org.zeroturnaround.javarebel.integration.jasper.LiferayJasperPlugin
4754:             1             16  org.zeroturnaround.javarebel.integration.javac.JavacBaseFileManagerCBP
4755:             1             16  org.zeroturnaround.javarebel.integration.javacas.Cas20ProxyReceivingTicketValidationFilterCBP
4756:             1             16  org.zeroturnaround.javarebel.integration.javaxel.BeanELResolverBeanPropertiesCBP
4757:             1             16  org.zeroturnaround.javarebel.integration.jboss.classfilewriter.ClassAnnotationCBP
4758:             1             16  org.zeroturnaround.javarebel.integration.jboss.classfilewriter.EnumAnnotationValueCBP
4759:             1             16  org.zeroturnaround.javarebel.integration.jboss.classfilewriter.StringAnnotationValueCBP
4760:             1             16  org.zeroturnaround.javarebel.integration.jboss3.AbstractWebContainerCBP
4761:             1             16  org.zeroturnaround.javarebel.integration.jboss3.AbstractWebDeployerCBP
4762:             1             16  org.zeroturnaround.javarebel.integration.jboss3.UnifiedClassLoaderCBP
4763:             1             16  org.zeroturnaround.javarebel.integration.jboss4.DelegatingClassLoaderCBP
4764:             1             16  org.zeroturnaround.javarebel.integration.jboss4.JbossAbstractWebContainerCBP
4765:             1             16  org.zeroturnaround.javarebel.integration.jboss4.JbossDeploymentInfoCBP
4766:             1             16  org.zeroturnaround.javarebel.integration.jboss4.JbossEJBDeployerCBP
4767:             1             16  org.zeroturnaround.javarebel.integration.jboss4.JbossMainDeployerCBP
4768:             1             16  org.zeroturnaround.javarebel.integration.jboss4.LoadMgr3CBP
4769:             1             16  org.zeroturnaround.javarebel.integration.jboss4.RepositoryClassLoaderCBP
4770:             1             16  org.zeroturnaround.javarebel.integration.jboss5.AbstractVFSContextCBP
4771:             1             16  org.zeroturnaround.javarebel.integration.jboss5.BaseClassLoaderCBP
4772:             1             16  org.zeroturnaround.javarebel.integration.jboss5.BaseClassLoaderDomainCBP
4773:             1             16  org.zeroturnaround.javarebel.integration.jboss7.VFSResourceLoaderCBP
4774:             1             16  org.zeroturnaround.javarebel.integration.jbossel.ReferenceCacheCBP
4775:             1             16  org.zeroturnaround.javarebel.integration.jbossel.ReflectionUtilCBP
4776:             1             16  org.zeroturnaround.javarebel.integration.jenkins.AntClassLoader2CBP
4777:             1             16  org.zeroturnaround.javarebel.integration.jenkins.JenkinsAntClassLoaderCBP
4778:             1             16  org.zeroturnaround.javarebel.integration.jenkins.JenkinsCBP
4779:             1             16  org.zeroturnaround.javarebel.integration.jetty.JettyPlugin
4780:             1             16  org.zeroturnaround.javarebel.integration.jetty.JettyWebAppClassLoaderCBP
4781:             1             16  org.zeroturnaround.javarebel.integration.jibx.BindingFactoryBaseCBP
4782:             1             16  org.zeroturnaround.javarebel.integration.jpf.StandardPluginClassLoaderCBP
4783:             1             16  org.zeroturnaround.javarebel.integration.jshell.RemoteClassLoaderCBP
4784:             1             16  org.zeroturnaround.javarebel.integration.liquibase.LiquibaseCBP
4785:             1             16  org.zeroturnaround.javarebel.integration.log4j.Log4jPlugin
4786:             1             16  org.zeroturnaround.javarebel.integration.log4j2.Log4j2Plugin
4787:             1             16  org.zeroturnaround.javarebel.integration.metrics.ICEFacesContextFactoryCBP
4788:             1             16  org.zeroturnaround.javarebel.integration.metrics.JstlCoreTLVCBP
4789:             1             16  org.zeroturnaround.javarebel.integration.metrics.MainEventListenerCBP
4790:             1             16  org.zeroturnaround.javarebel.integration.metrics.TemplateCBP
4791:             1             16  org.zeroturnaround.javarebel.integration.metrics.VersionBeanVersionCBP
4792:             1             16  org.zeroturnaround.javarebel.integration.metro.MetroPlugin
4793:             1             16  org.zeroturnaround.javarebel.integration.mobicents.URLClassLoaderDomainImplCBP
4794:             1             16  org.zeroturnaround.javarebel.integration.modelmapper.TypeResolverCBP
4795:             1             16  org.zeroturnaround.javarebel.integration.netbeans.NetbeansJarClassLoaderCBP
4796:             1             16  org.zeroturnaround.javarebel.integration.netbeans.ProxyClassLoaderCBP
4797:             1             16  org.zeroturnaround.javarebel.integration.netbeans.TopSecurityManagerCBP
4798:             1             16  org.zeroturnaround.javarebel.integration.netty.NettyHttpServerCBP
4799:             1             16  org.zeroturnaround.javarebel.integration.objectdb.ObjectDBDelegationCBP
4800:             1             16  org.zeroturnaround.javarebel.integration.oc4j.ClassPathAccessorCBP
4801:             1             16  org.zeroturnaround.javarebel.integration.oc4j.EJBPackageDeploymentCBP
4802:             1             16  org.zeroturnaround.javarebel.integration.oc4j.NotFoundServletCBP
4803:             1             16  org.zeroturnaround.javarebel.integration.oc4j.PolicyClassLoaderCBP
4804:             1             16  org.zeroturnaround.javarebel.integration.ognl.OgnlRuntimeCBP
4805:             1             16  org.zeroturnaround.javarebel.integration.openejb.OpenEJBBasicURLClassPathCBP
4806:             1             16  org.zeroturnaround.javarebel.integration.openejb.OpenEjbTempClassLoaderCBP
4807:             1             16  org.zeroturnaround.javarebel.integration.openejb.PersistenceClassLoaderHandlerImplCBP
4808:             1             16  org.zeroturnaround.javarebel.integration.openl.UnpackClasspathJarToDirectoryBeanCBP
4809:             1             16  org.zeroturnaround.javarebel.integration.ops4j.WebAppHttpContextCBP
4810:             1             16  org.zeroturnaround.javarebel.integration.powermock.PowermockDeferSupportingClassLoaderCBP
4811:             1             16  org.zeroturnaround.javarebel.integration.prosyst.ProSystBundleLoaderCBP
4812:             1             16  org.zeroturnaround.javarebel.integration.prosyst.ProSystDefaultClassProviderCBP
4813:             1             16  org.zeroturnaround.javarebel.integration.prosyst.ProSystPackagesManagerCBP
4814:             1             16  org.zeroturnaround.javarebel.integration.proxy.bytebuddy.ByteArrayClassLoaderCBP
4815:             1             16  org.zeroturnaround.javarebel.integration.proxy.bytebuddy.ClassDefinitionActionCBP
4816:             1             16  org.zeroturnaround.javarebel.integration.proxy.bytebuddy.ClassInjectorUsingCBP
4817:             1             16  org.zeroturnaround.javarebel.integration.proxy.bytebuddy.ClassInjectorUsingLookupCBP
4818:             1             16  org.zeroturnaround.javarebel.integration.proxy.bytebuddy.DynamicTypeBuilderCBP
4819:             1             16  org.zeroturnaround.javarebel.integration.proxy.bytebuddy.ForLoadedTypeCBP
4820:             1             16  org.zeroturnaround.javarebel.integration.proxy.bytebuddy.InstrumentedTypeDefaultCBP
4821:             1             16  org.zeroturnaround.javarebel.integration.proxy.bytebuddy.InstrumentedTypeFactoryCBP
4822:             1             16  org.zeroturnaround.javarebel.integration.proxy.bytebuddy.MethodRegistryDefaultCBP
4823:             1             16  org.zeroturnaround.javarebel.integration.proxy.cglib.AbstractClassGeneratorCBP
4824:             1             16  org.zeroturnaround.javarebel.integration.proxy.cglib.EnhancerCBP
4825:             1             16  org.zeroturnaround.javarebel.integration.proxy.cglib.FastClassGeneratorCBP
4826:             1             16  org.zeroturnaround.javarebel.integration.proxy.cglib.FastConstructorCBP
4827:             1             16  org.zeroturnaround.javarebel.integration.proxy.cglib.FastMethodCBP
4828:             1             16  org.zeroturnaround.javarebel.integration.proxy.cglib.IndicesCallbackFilterCBP
4829:             1             16  org.zeroturnaround.javarebel.integration.proxy.cglib.ProxyConstructorCBP
4830:             1             16  org.zeroturnaround.javarebel.integration.proxy.cglib.ProxyFactoryCBP
4831:             1             16  org.zeroturnaround.javarebel.integration.proxy.cglib.ReflectUtilsCBP
4832:             1             16  org.zeroturnaround.javarebel.integration.proxy.cglib.UndeclaredThrowableStrategyCBP
4833:             1             16  org.zeroturnaround.javarebel.integration.proxy.deltaspike.AsmProxyClassGeneratorCBP
4834:             1             16  org.zeroturnaround.javarebel.integration.proxy.javassist.ProxyFactoryCBP
4835:             1             16  org.zeroturnaround.javarebel.integration.reflectionslib.ClasspathHelperCBP
4836:             1             16  org.zeroturnaround.javarebel.integration.reflectionslib.ZipDirIterableAbstractIteratorCBP
4837:             1             16  org.zeroturnaround.javarebel.integration.resin.LineConfigExceptionCBP
4838:             1             16  org.zeroturnaround.javarebel.integration.resin.ResinCBP
4839:             1             16  org.zeroturnaround.javarebel.integration.resin.ResinDeployControllerConfigCBP
4840:             1             16  org.zeroturnaround.javarebel.integration.resin.ResinDynamicClassLoaderCBP
4841:             1             16  org.zeroturnaround.javarebel.integration.resin.ResinEnvironmentClassLoaderCBP
4842:             1             16  org.zeroturnaround.javarebel.integration.resin.WatchdogClientCBP
4843:             1             16  org.zeroturnaround.javarebel.integration.resin.WatchdogConfigCBP
4844:             1             16  org.zeroturnaround.javarebel.integration.resteasy.GeneralValidatorImplCBP
4845:             1             16  org.zeroturnaround.javarebel.integration.sap.SapMultiParentClassLoaderCBP
4846:             1             16  org.zeroturnaround.javarebel.integration.sap.SapResourceMultiParentClassLoaderCBP
4847:             1             16  org.zeroturnaround.javarebel.integration.sap.SapSystemURLStreamHandlerFactoryCBP
4848:             1             16  org.zeroturnaround.javarebel.integration.serp.SerpStringsCBP
4849:             1             16  org.zeroturnaround.javarebel.integration.servlet.HttpServletRequestCBP
4850:             1             16  org.zeroturnaround.javarebel.integration.servlet.HttpServletResponseCBP
4851:             1             16  org.zeroturnaround.javarebel.integration.servlet.LiferayCustomServletContextHelperCBP
4852:             1             16  org.zeroturnaround.javarebel.integration.servlet.ServletContextCBP
4853:             1             16  org.zeroturnaround.javarebel.integration.servlet.ServletIntegrationPlugin
4854:             1             16  org.zeroturnaround.javarebel.integration.servlet.gae.StaticFileFilterCBP
4855:             1             16  org.zeroturnaround.javarebel.integration.servlet.jboss.JBossContextConfigCBP
4856:             1             16  org.zeroturnaround.javarebel.integration.servlet.jetty.JettyContextHandlerCBP
4857:             1             16  org.zeroturnaround.javarebel.integration.servlet.jetty.JettyJarFileResourceCBP
4858:             1             16  org.zeroturnaround.javarebel.integration.servlet.jetty.JettyServletContextHandlerCBP
4859:             1             16  org.zeroturnaround.javarebel.integration.servlet.jetty.JettyWebAppContextCBP
4860:             1             16  org.zeroturnaround.javarebel.integration.servlet.jetty.ResourceCBP
4861:             1             16  org.zeroturnaround.javarebel.integration.servlet.liferay.EquinoxServletContextAdaptorCBP
4862:             1             16  org.zeroturnaround.javarebel.integration.servlet.oc4j.ApplicationTldCacheImplCBP
4863:             1             16  org.zeroturnaround.javarebel.integration.servlet.oc4j.HttpApplicationCBP
4864:             1             16  org.zeroturnaround.javarebel.integration.servlet.oc4j.HttpRequestHandlerCBP
4865:             1             16  org.zeroturnaround.javarebel.integration.servlet.oc4j.HttpSiteCBP
4866:             1             16  org.zeroturnaround.javarebel.integration.servlet.oc4j.OC4JJspJavacCompilerCBP
4867:             1             16  org.zeroturnaround.javarebel.integration.servlet.oc4j.ServletDescriptorCBP
4868:             1             16  org.zeroturnaround.javarebel.integration.servlet.oc4j.ServletMappingCBP
4869:             1             16  org.zeroturnaround.javarebel.integration.servlet.resin.InvocationCBP
4870:             1             16  org.zeroturnaround.javarebel.integration.servlet.resin.JspPropertyGroupCBP
4871:             1             16  org.zeroturnaround.javarebel.integration.servlet.resin.PageFilterChainCBP
4872:             1             16  org.zeroturnaround.javarebel.integration.servlet.resin.ResinApplicationCBP
4873:             1             16  org.zeroturnaround.javarebel.integration.servlet.resin.ResinJavaCompilerCBP
4874:             1             16  org.zeroturnaround.javarebel.integration.servlet.sap.SapApplicationContextCBP
4875:             1             16  org.zeroturnaround.javarebel.integration.servlet.undertow.UndertowServletPlugin
4876:             1             16  org.zeroturnaround.javarebel.integration.servlet.virgo.BundleWebResourceRootCBP
4877:             1             16  org.zeroturnaround.javarebel.integration.servlet.virgo.VirgoTomcatServletContainerCBP
4878:             1             16  org.zeroturnaround.javarebel.integration.servlet.weblogic.JSPServletCBP
4879:             1             16  org.zeroturnaround.javarebel.integration.servlet.weblogic.JavelinxJSPStubCBP
4880:             1             16  org.zeroturnaround.javarebel.integration.servlet.weblogic.JavelinxJspPrecompilerCBP
4881:             1             16  org.zeroturnaround.javarebel.integration.servlet.weblogic.JavelinxTagFileStaleCheckerCBP
4882:             1             16  org.zeroturnaround.javarebel.integration.servlet.weblogic.JspConfigCBP
4883:             1             16  org.zeroturnaround.javarebel.integration.servlet.weblogic.JspParserCBP
4884:             1             16  org.zeroturnaround.javarebel.integration.servlet.weblogic.JspStubCBP
4885:             1             16  org.zeroturnaround.javarebel.integration.servlet.weblogic.JspTagLibraryFeatureCBP
4886:             1             16  org.zeroturnaround.javarebel.integration.servlet.weblogic.ServletInvocationActionCBP
4887:             1             16  org.zeroturnaround.javarebel.integration.servlet.weblogic.ServletStubImplCBP
4888:             1             16  org.zeroturnaround.javarebel.integration.servlet.weblogic.TagFileTagInfoCBP
4889:             1             16  org.zeroturnaround.javarebel.integration.servlet.weblogic.WarResourceFinderCBP
4890:             1             16  org.zeroturnaround.javarebel.integration.servlet.weblogic.WebAppConfigManagerCBP
4891:             1             16  org.zeroturnaround.javarebel.integration.servlet.weblogic.WebAppProjectFeatureImplCBP
4892:             1             16  org.zeroturnaround.javarebel.integration.servlet.weblogic.WebAppServletContextCBP
4893:             1             16  org.zeroturnaround.javarebel.integration.servlet.weblogic.WeblogicJspClassLoaderCBP
4894:             1             16  org.zeroturnaround.javarebel.integration.servlet.weblogic.WeblogicTagFileClassLoaderCBP
4895:             1             16  org.zeroturnaround.javarebel.integration.servlet.websphere.AbstractJSPExtensionProcessorCBP
4896:             1             16  org.zeroturnaround.javarebel.integration.servlet.websphere.AbstractJSPExtensionServletWrapperCBP
4897:             1             16  org.zeroturnaround.javarebel.integration.servlet.websphere.CacheServletWrapperCBP
4898:             1             16  org.zeroturnaround.javarebel.integration.servlet.websphere.GeneratorUtilsCBP
4899:             1             16  org.zeroturnaround.javarebel.integration.servlet.websphere.JSPExtensionClassLoaderCBP
4900:             1             16  org.zeroturnaround.javarebel.integration.servlet.websphere.JSPExtensionContextCBP
4901:             1             16  org.zeroturnaround.javarebel.integration.servlet.websphere.JSPExtensionServletWrapperCBP
4902:             1             16  org.zeroturnaround.javarebel.integration.servlet.websphere.JspDependentCBP
4903:             1             16  org.zeroturnaround.javarebel.integration.servlet.websphere.JspInputSourceContainerImplCBP
4904:             1             16  org.zeroturnaround.javarebel.integration.servlet.websphere.JspInputSourceImplCBP
4905:             1             16  org.zeroturnaround.javarebel.integration.servlet.websphere.JspOptionsCBP
4906:             1             16  org.zeroturnaround.javarebel.integration.servlet.websphere.LibertyWebappCBP
4907:             1             16  org.zeroturnaround.javarebel.integration.servlet.websphere.TagFileResourcesImplCBP
4908:             1             16  org.zeroturnaround.javarebel.integration.servlet.websphere.TagLibraryCacheCBP
4909:             1             16  org.zeroturnaround.javarebel.integration.servlet.websphere.ValidateVisitorCBP
4910:             1             16  org.zeroturnaround.javarebel.integration.servlet.websphere.WasServletConfigCBP
4911:             1             16  org.zeroturnaround.javarebel.integration.servlet.websphere.WebContainerCBP
4912:             1             16  org.zeroturnaround.javarebel.integration.servlet.websphere.WebGroupImplCBP
4913:             1             16  org.zeroturnaround.javarebel.integration.servlet.websphere.WebappCBP
4914:             1             16  org.zeroturnaround.javarebel.integration.sling.ClassLoaderFacadeCBP
4915:             1             16  org.zeroturnaround.javarebel.integration.smartGwt.SmartGwtLinkerCBP
4916:             1             16  org.zeroturnaround.javarebel.integration.spring.BundleDelegatingClassLoaderCBP
4917:             1             16  org.zeroturnaround.javarebel.integration.spring.InstrumentationLoadTimeWeaverCBP
4918:             1             16  org.zeroturnaround.javarebel.integration.spring.OverridingClassLoaderCBP
4919:             1             16  org.zeroturnaround.javarebel.integration.spring.ResourceCBP
4920:             1             16  org.zeroturnaround.javarebel.integration.spring.ShadowingClassLoaderCBP
4921:             1             16  org.zeroturnaround.javarebel.integration.spring.SpringMvcPlugin
4922:             1             16  org.zeroturnaround.javarebel.integration.spring.SpringOrmTransactionManagerCBP
4923:             1             16  org.zeroturnaround.javarebel.integration.spring.SpringPlugin
4924:             1             16  org.zeroturnaround.javarebel.integration.spring.SpringWebPlugin
4925:             1             16  org.zeroturnaround.javarebel.integration.spring.TomcatInstrumentableClassLoaderCBP
4926:             1             16  org.zeroturnaround.javarebel.integration.spring.WebApplicationObjectSupportCBP
4927:             1             16  org.zeroturnaround.javarebel.integration.spring.actuator.SpringBootActuatorPlugin
4928:             1             16  org.zeroturnaround.javarebel.integration.spring.annotations.ConfigurationReloaderSpring3
4929:             1             16  org.zeroturnaround.javarebel.integration.spring.aop.AdviceBeanWrapper
4930:             1             16  org.zeroturnaround.javarebel.integration.spring.aop.SpringAopPlugin
4931:             1             16  org.zeroturnaround.javarebel.integration.spring.aop.cbp.AbstractAdvisingBeanPostProcessorCBP
4932:             1             16  org.zeroturnaround.javarebel.integration.spring.aop.cbp.AbstractAutoProxyCreatorCBP
4933:             1             16  org.zeroturnaround.javarebel.integration.spring.aop.cbp.AbstractSingletonProxyFactoryBeanCBP
4934:             1             16  org.zeroturnaround.javarebel.integration.spring.aop.cbp.AdvisedSupportCBP
4935:             1             16  org.zeroturnaround.javarebel.integration.spring.aop.cbp.AnnotationAwareAspectJAutoProxyCreatorCBP
4936:             1             16  org.zeroturnaround.javarebel.integration.spring.aop.cbp.AspectJExpressionPointcutCBP
4937:             1             16  org.zeroturnaround.javarebel.integration.spring.aop.cbp.AutoProxyUtilsCBP
4938:             1             16  org.zeroturnaround.javarebel.integration.spring.aop.cbp.BeanFactoryAspectJAdvisorsBuilderCBP
4939:             1             16  org.zeroturnaround.javarebel.integration.spring.aop.cbp.InfrastructureAdvisorAutoProxyCreatorCBP
4940:             1             16  org.zeroturnaround.javarebel.integration.spring.beans.JsfCdiToSpringBeanFactoryPostProcessorCBP
4941:             1             16  org.zeroturnaround.javarebel.integration.spring.beans.PostProcessorRegistrationDelegateCBP
4942:             1             16  org.zeroturnaround.javarebel.integration.spring.beans.RootBeanDefinitionCBP
4943:             1             16  org.zeroturnaround.javarebel.integration.spring.beans.SpringBeansPlugin
4944:             1             16  org.zeroturnaround.javarebel.integration.spring.beans.XmlBeanDefinitionManager
4945:             1             16  org.zeroturnaround.javarebel.integration.spring.beans.cbp.AbstractApplicationContextCBP
4946:             1             16  org.zeroturnaround.javarebel.integration.spring.beans.cbp.AbstractAutowireCapableBeanFactoryCBP
4947:             1             16  org.zeroturnaround.javarebel.integration.spring.beans.cbp.AbstractBeanDefinitionCBP
4948:             1             16  org.zeroturnaround.javarebel.integration.spring.beans.cbp.AbstractBeanFactoryCBP
4949:             1             16  org.zeroturnaround.javarebel.integration.spring.beans.cbp.AbstractCamelContextFactoryBeanCBP
4950:             1             16  org.zeroturnaround.javarebel.integration.spring.beans.cbp.AbstractRequestAttributesCBP
4951:             1             16  org.zeroturnaround.javarebel.integration.spring.beans.cbp.AutowiredAnnotationBeanPostProcessorCBP
4952:             1             16  org.zeroturnaround.javarebel.integration.spring.beans.cbp.BeanDefinitionHolderCBP
4953:             1             16  org.zeroturnaround.javarebel.integration.spring.beans.cbp.BeanDefinitionParserDelegateCBP
4954:             1             16  org.zeroturnaround.javarebel.integration.spring.beans.cbp.BeanDefinitionValueResolverCBP
4955:             1             16  org.zeroturnaround.javarebel.integration.spring.beans.cbp.CachedIntrospectionResultsCBP
4956:             1             16  org.zeroturnaround.javarebel.integration.spring.beans.cbp.CamelContextFactoryBeanCBP
4957:             1             16  org.zeroturnaround.javarebel.integration.spring.beans.cbp.ContextLoaderListenerCBP
4958:             1             16  org.zeroturnaround.javarebel.integration.spring.beans.cbp.CustomScopeAnnotationConfigurerCBP
4959:             1             16  org.zeroturnaround.javarebel.integration.spring.beans.cbp.DefaultListableBeanFactoryCBP
4960:             1             16  org.zeroturnaround.javarebel.integration.spring.beans.cbp.DefaultSingletonBeanRegistryCBP
4961:             1             16  org.zeroturnaround.javarebel.integration.spring.beans.cbp.FrameworkServletCBP
4962:             1             16  org.zeroturnaround.javarebel.integration.spring.beans.cbp.HybrisWebApplicationBeanFactoryPostProcessorCBP
4963:             1             16  org.zeroturnaround.javarebel.integration.spring.beans.cbp.InjectionMetadataCBP
4964:             1             16  org.zeroturnaround.javarebel.integration.spring.beans.cbp.MBeanExporterCBP
4965:             1             16  org.zeroturnaround.javarebel.integration.spring.beans.cbp.MBeanRegistrationSupportCBP
4966:             1             16  org.zeroturnaround.javarebel.integration.spring.beans.cbp.MutablePropertyValuesCBP
4967:             1             16  org.zeroturnaround.javarebel.integration.spring.beans.cbp.OpenEntityManagerInViewFilterCBP
4968:             1             16  org.zeroturnaround.javarebel.integration.spring.beans.cbp.PlaceholderConfigurerSupportCBP
4969:             1             16  org.zeroturnaround.javarebel.integration.spring.beans.cbp.PropertiesFactoryBeanCBP
4970:             1             16  org.zeroturnaround.javarebel.integration.spring.beans.cbp.PropertyOrFieldReferenceCBP
4971:             1             16  org.zeroturnaround.javarebel.integration.spring.beans.cbp.PropertyResourceConfigurerCBP
4972:             1             16  org.zeroturnaround.javarebel.integration.spring.beans.cbp.PropertyValueCBP
4973:             1             16  org.zeroturnaround.javarebel.integration.spring.beans.cbp.ServletRequestAttributesCBP
4974:             1             16  org.zeroturnaround.javarebel.integration.spring.beans.cbp.SimpleInstantiationStrategyCBP
4975:             1             16  org.zeroturnaround.javarebel.integration.spring.beans.cbp.TypedStringValueCBP
4976:             1             16  org.zeroturnaround.javarebel.integration.spring.beans.cbp.XmlBeanDefinitionReaderCBP
4977:             1             16  org.zeroturnaround.javarebel.integration.spring.beans.cbp.XmlBeanFactoryCBP
4978:             1             16  org.zeroturnaround.javarebel.integration.spring.boot.JrRunCmdLineOnReload
4979:             1             16  org.zeroturnaround.javarebel.integration.spring.boot.Profile
4980:             1             16  org.zeroturnaround.javarebel.integration.spring.boot.SpringBootPlugin
4981:             1             16  org.zeroturnaround.javarebel.integration.spring.boot.cbp.AbstractRepositoryConfigurationSourceSupportCBP
4982:             1             16  org.zeroturnaround.javarebel.integration.spring.boot.cbp.BeanTypeRegistryCBP
4983:             1             16  org.zeroturnaround.javarebel.integration.spring.boot.cbp.ConfigurationBeanFactoryMetadataCBP
4984:             1             16  org.zeroturnaround.javarebel.integration.spring.boot.cbp.ConfigurationPropertiesBinderCBP
4985:             1             16  org.zeroturnaround.javarebel.integration.spring.boot.cbp.ConfigurationPropertiesBindingPostProcessorCBP
4986:             1             16  org.zeroturnaround.javarebel.integration.spring.boot.cbp.LoggingApplicationListenerCBP
4987:             1             16  org.zeroturnaround.javarebel.integration.spring.boot.cbp.OnBeanConditionCBP
4988:             1             16  org.zeroturnaround.javarebel.integration.spring.boot.cbp.PropertiesPropertySourceLoaderCBP
4989:             1             16  org.zeroturnaround.javarebel.integration.spring.boot.cbp.SpringApplicationCBP
4990:             1             16  org.zeroturnaround.javarebel.integration.spring.boot.cbp.StandardLoggingSystemCBP
4991:             1             16  org.zeroturnaround.javarebel.integration.spring.boot.cbp.YamlPropertySourceLoaderCBP
4992:             1             16  org.zeroturnaround.javarebel.integration.spring.cbp.AbstractApplicationContextCBP
4993:             1             16  org.zeroturnaround.javarebel.integration.spring.cbp.AbstractDetectingUrlHandlerMappingCBP
4994:             1             16  org.zeroturnaround.javarebel.integration.spring.cbp.AbstractHandlerMappingCBP
4995:             1             16  org.zeroturnaround.javarebel.integration.spring.cbp.AbstractHandlerMethodMappingCBP
4996:             1             16  org.zeroturnaround.javarebel.integration.spring.cbp.AbstractMapBasedHandlerMappingCBP
4997:             1             16  org.zeroturnaround.javarebel.integration.spring.cbp.AbstractNamedValueMethodArgumentResolverCBP
4998:             1             16  org.zeroturnaround.javarebel.integration.spring.cbp.AbstractRefreshableApplicationContextCBP
4999:             1             16  org.zeroturnaround.javarebel.integration.spring.cbp.AbstractUrlHandlerMappingCBP
5000:             1             16  org.zeroturnaround.javarebel.integration.spring.cbp.AnnotationBeanValidationConfigurationLoaderCBP
5001:             1             16  org.zeroturnaround.javarebel.integration.spring.cbp.AnnotationConfigApplicationContextCBP
5002:             1             16  org.zeroturnaround.javarebel.integration.spring.cbp.AnnotationConfigWebApplicationContextCBP
5003:             1             16  org.zeroturnaround.javarebel.integration.spring.cbp.AnnotationMethodHandlerAdapterCBP
5004:             1             16  org.zeroturnaround.javarebel.integration.spring.cbp.AopUtilsCBP
5005:             1             16  org.zeroturnaround.javarebel.integration.spring.cbp.ApplicationObjectSupportCBP
5006:             1             16  org.zeroturnaround.javarebel.integration.spring.cbp.BeanMethodInterceptorCBP
5007:             1             16  org.zeroturnaround.javarebel.integration.spring.cbp.CachingResourceResolverCBP
5008:             1             16  org.zeroturnaround.javarebel.integration.spring.cbp.ConfigurationClassBeanDefinitionReaderCBP
5009:             1             16  org.zeroturnaround.javarebel.integration.spring.cbp.ConfigurationClassParserCBP
5010:             1             16  org.zeroturnaround.javarebel.integration.spring.cbp.ConfigurationClassPostProcessorCBP
5011:             1             16  org.zeroturnaround.javarebel.integration.spring.cbp.DefaultAnnotationHandlerMappingCBP
5012:             1             16  org.zeroturnaround.javarebel.integration.spring.cbp.DelegatingFilterProxyCBP
5013:             1             16  org.zeroturnaround.javarebel.integration.spring.cbp.DispatcherServletCBP
5014:             1             16  org.zeroturnaround.javarebel.integration.spring.cbp.ExceptionHandlerExceptionResolverCBP
5015:             1             16  org.zeroturnaround.javarebel.integration.spring.cbp.GenericApplicationContextCBP
5016:             1             16  org.zeroturnaround.javarebel.integration.spring.cbp.GenericTypeResolverCBP
5017:             1             16  org.zeroturnaround.javarebel.integration.spring.cbp.HandlerMethodArgumentResolverCompositeCBP
5018:             1             16  org.zeroturnaround.javarebel.integration.spring.cbp.HandlerMethodCBP
5019:             1             16  org.zeroturnaround.javarebel.integration.spring.cbp.MappingRegistryCBP
5020:             1             16  org.zeroturnaround.javarebel.integration.spring.cbp.MethodValidationPostProcessorCBP
5021:             1             16  org.zeroturnaround.javarebel.integration.spring.cbp.MultiActionControllerCBP
5022:             1             16  org.zeroturnaround.javarebel.integration.spring.cbp.PathResourceResolverCBP
5023:             1             16  org.zeroturnaround.javarebel.integration.spring.cbp.PortletDefaultAnnotationHandlerMappingCBP
5024:             1             16  org.zeroturnaround.javarebel.integration.spring.cbp.PortletModeParameterHandlerMappingCBP
5025:             1             16  org.zeroturnaround.javarebel.integration.spring.cbp.PropertySourcesPlaceholderConfigurerCBP
5026:             1             16  org.zeroturnaround.javarebel.integration.spring.cbp.ReloadableResourceBundleMessageSourceCBP
5027:             1             16  org.zeroturnaround.javarebel.integration.spring.cbp.RequestMappingHandlerAdaptorCBP
5028:             1             16  org.zeroturnaround.javarebel.integration.spring.cbp.RequestMappingHandlerMappingCBP
5029:             1             16  org.zeroturnaround.javarebel.integration.spring.cbp.ResourceBundleMessageSourceCBP
5030:             1             16  org.zeroturnaround.javarebel.integration.spring.cbp.ResourceBundleMessageSourceMessageSourceControlCBP
5031:             1             16  org.zeroturnaround.javarebel.integration.spring.cbp.ResourceHttpRequestHandlerCBP
5032:             1             16  org.zeroturnaround.javarebel.integration.spring.cbp.ScheduledMethodRunnableCBP
5033:             1             16  org.zeroturnaround.javarebel.integration.spring.cbp.SchedulingAnnotationBeanPostProcessorCBP
5034:             1             16  org.zeroturnaround.javarebel.integration.spring.cbp.SimpleUrlHandlerMappingCBP
5035:             1             16  org.zeroturnaround.javarebel.integration.spring.cbp.TransactionAspectSupportCBP
5036:             1             16  org.zeroturnaround.javarebel.integration.spring.cbp.TransactionAttributeSourceCBP
5037:             1             16  org.zeroturnaround.javarebel.integration.spring.cbp.VelocityEngineFactoryCBP
5038:             1             16  org.zeroturnaround.javarebel.integration.spring.cbp.ViewControllerBeanDefinitionParserCBP
5039:             1             16  org.zeroturnaround.javarebel.integration.spring.cbp.WebMvcConfigurationSupportCBP
5040:             1             16  org.zeroturnaround.javarebel.integration.spring.cbp.annotations.AbstractFallbackTransactionAttributeSourceCBP
5041:             1             16  org.zeroturnaround.javarebel.integration.spring.cbp.annotations.BeanAnnotationHelperCBP
5042:             1             16  org.zeroturnaround.javarebel.integration.spring.cbp.annotations.ClassPathBeanDefinitionScannerCBP
5043:             1             16  org.zeroturnaround.javarebel.integration.spring.cbp.annotations.ClassPathScanningCandidateComponentProviderCBP
5044:             1             16  org.zeroturnaround.javarebel.integration.spring.cbp.annotations.ComponentScanAnnotationParserCBP
5045:             1             16  org.zeroturnaround.javarebel.integration.spring.cbp.annotations.ComponentScanBeanDefinitionParserCBP
5046:             1             16  org.zeroturnaround.javarebel.integration.spring.cbp.annotations.InjectionMetadataCacheCBP
5047:             1             16  org.zeroturnaround.javarebel.integration.spring.cbp.annotations.ScannedGenericBeanDefinitionCBP
5048:             1             16  org.zeroturnaround.javarebel.integration.spring.cbp.annotations.SchedulingAnnotationDrivenBeanDefinitionParserCBP
5049:             1             16  org.zeroturnaround.javarebel.integration.spring.cbp.instrument.JBossLoadTimeWeaverCBP
5050:             1             16  org.zeroturnaround.javarebel.integration.spring.core.AnnotationsUtilsCacheClearer
5051:             1             16  org.zeroturnaround.javarebel.integration.spring.core.SpringCorePlugin
5052:             1             16  org.zeroturnaround.javarebel.integration.spring.core.cbp.AnnotationsUtilsCBP
5053:             1             16  org.zeroturnaround.javarebel.integration.spring.core.cbp.AttributeAccessorSupportCBP
5054:             1             16  org.zeroturnaround.javarebel.integration.spring.core.cbp.CachingMetadataReaderFactoryCBP
5055:             1             16  org.zeroturnaround.javarebel.integration.spring.core.cbp.LocalVariableTableParameterNameDiscovererCBP
5056:             1             16  org.zeroturnaround.javarebel.integration.spring.core.cbp.MapPropertySourceCBP
5057:             1             16  org.zeroturnaround.javarebel.integration.spring.core.cbp.MethodParameterCBP
5058:             1             16  org.zeroturnaround.javarebel.integration.spring.core.cbp.PathMatchingResourcePatternResolverCBP
5059:             1             16  org.zeroturnaround.javarebel.integration.spring.core.cbp.ReflectionUtilsCBP
5060:             1             16  org.zeroturnaround.javarebel.integration.spring.core.cbp.ResourcePropertySourceCBP
5061:             1             16  org.zeroturnaround.javarebel.integration.spring.core.cbp.SimpleMetadataReaderFactoryCBP
5062:             1             16  org.zeroturnaround.javarebel.integration.spring.core.cbp.VFSResourcePatternResolvingHelperCBP
5063:             1             16  org.zeroturnaround.javarebel.integration.spring.core.cbp.VfsResourceMatchingDelegateCBP
5064:             1             16  org.zeroturnaround.javarebel.integration.spring.jms.SpringJmsPlugin
5065:             1             16  org.zeroturnaround.javarebel.integration.spring.orm.SpringOrmPlugin
5066:             1             16  org.zeroturnaround.javarebel.integration.spring.oxm.SpringOxmPlugin
5067:             1             16  org.zeroturnaround.javarebel.integration.spring.reactive.SpringWebFluxPlugin
5068:             1             16  org.zeroturnaround.javarebel.integration.spring.webflow.SpringWebflowPlugin
5069:             1             16  org.zeroturnaround.javarebel.integration.streambase.StreamBaseJarClassLoaderCBP
5070:             1             16  org.zeroturnaround.javarebel.integration.struts.Struts1Plugin
5071:             1             16  org.zeroturnaround.javarebel.integration.struts2.Struts2Plugin
5072:             1             16  org.zeroturnaround.javarebel.integration.support.JavassistClassBytecodeProcessor$1
5073:             1             16  org.zeroturnaround.javarebel.integration.support.JavassistClassBytecodeProcessor$2
5074:             1             16  org.zeroturnaround.javarebel.integration.support.RestrictedClassClassPath
5075:             1             16  org.zeroturnaround.javarebel.integration.swagger.ApiListingResourceCBP
5076:             1             16  org.zeroturnaround.javarebel.integration.swagger.SwaggerCBP
5077:             1             16  org.zeroturnaround.javarebel.integration.swagger.SwaggerConfigCBP
5078:             1             16  org.zeroturnaround.javarebel.integration.tapestry4.Tapestry4Plugin
5079:             1             16  org.zeroturnaround.javarebel.integration.tapestry5.Tapestry5Plugin
5080:             1             16  org.zeroturnaround.javarebel.integration.tcat.TcatClassLoaderFilter
5081:             1             16  org.zeroturnaround.javarebel.integration.tk.WebAppMigrationLauncherCBP
5082:             1             16  org.zeroturnaround.javarebel.integration.tomcat.ProxyDirContextCBP
5083:             1             16  org.zeroturnaround.javarebel.integration.tomcat.StandardJarScannerCBP
5084:             1             16  org.zeroturnaround.javarebel.integration.tomcat.WebappClassLoaderCBP
5085:             1             16  org.zeroturnaround.javarebel.integration.tomee.OpenEJBContextConfigCBP
5086:             1             16  org.zeroturnaround.javarebel.integration.tomee.TomcatWebAppBuilderCBP
5087:             1             16  org.zeroturnaround.javarebel.integration.tomee.TomeeUrlCacheCBP
5088:             1             16  org.zeroturnaround.javarebel.integration.util.MonitorUtil$1
5089:             1             16  org.zeroturnaround.javarebel.integration.util.RequestCountingUtil$CountingRequestListener
5090:             1             16  org.zeroturnaround.javarebel.integration.util.WeakUtil$WeakListenerReference$1
5091:             1             16  org.zeroturnaround.javarebel.integration.vaadin.ApplicationCBP
5092:             1             16  org.zeroturnaround.javarebel.integration.vaadin.RouteRegistryCBP
5093:             1             16  org.zeroturnaround.javarebel.integration.vaadin.UICBP
5094:             1             16  org.zeroturnaround.javarebel.integration.vaadin.spring.SpringViewDisplayPostProcessorCBP
5095:             1             16  org.zeroturnaround.javarebel.integration.vaadin.spring.SpringViewDisplayRegistrationBeanCBP
5096:             1             16  org.zeroturnaround.javarebel.integration.vfs.VFSCBP
5097:             1             16  org.zeroturnaround.javarebel.integration.virgo.FindResourceDelegatingClassLoaderCBP
5098:             1             16  org.zeroturnaround.javarebel.integration.virgo.KernelBundleClassLoaderCBP
5099:             1             16  org.zeroturnaround.javarebel.integration.virgo.SnapServletContextCBP
5100:             1             16  org.zeroturnaround.javarebel.integration.virgo.VirgoThrowAwayClassLoaderCBP
5101:             1             16  org.zeroturnaround.javarebel.integration.vraptor.VRaptorCBP
5102:             1             16  org.zeroturnaround.javarebel.integration.vraptor.VRaptorPlugin
5103:             1             16  org.zeroturnaround.javarebel.integration.weblogic.AbstractPersistenceUnitRegistryCBP
5104:             1             16  org.zeroturnaround.javarebel.integration.weblogic.ByteArraySourceCBP
5105:             1             16  org.zeroturnaround.javarebel.integration.weblogic.ChangeAwareClassLoaderCBP
5106:             1             16  org.zeroturnaround.javarebel.integration.weblogic.ClassFinderIndexCBP
5107:             1             16  org.zeroturnaround.javarebel.integration.weblogic.DirectoryClassFinderCBP
5108:             1             16  org.zeroturnaround.javarebel.integration.weblogic.FilteringClassLoaderCBP
5109:             1             16  org.zeroturnaround.javarebel.integration.weblogic.GenericClassLoaderCBP
5110:             1             16  org.zeroturnaround.javarebel.integration.weblogic.PersistenceUtilsCBP
5111:             1             16  org.zeroturnaround.javarebel.integration.weblogic.ZipClassFinderCBP
5112:             1             16  org.zeroturnaround.javarebel.integration.weblogic.logging.BaseLoggerCBP
5113:             1             16  org.zeroturnaround.javarebel.integration.weblogic.logging.CodeGeneratorCBP
5114:             1             16  org.zeroturnaround.javarebel.integration.weblogic.logging.CompilerForJDTCBP
5115:             1             16  org.zeroturnaround.javarebel.integration.weblogic.logging.CompilerInvokerCBP
5116:             1             16  org.zeroturnaround.javarebel.integration.weblogic.logging.DebugLoggerCBP
5117:             1             16  org.zeroturnaround.javarebel.integration.weblogic.logging.T3SrvrLoggerCBP
5118:             1             16  org.zeroturnaround.javarebel.integration.websphere.CompoundClassLoaderCBP
5119:             1             16  org.zeroturnaround.javarebel.integration.websphere.ContainerClassLoaderCBP
5120:             1             16  org.zeroturnaround.javarebel.integration.websphere.JPAApplInfoCBP
5121:             1             16  org.zeroturnaround.javarebel.integration.websphere.MobilefirstParentLastClassLoader
5122:             1             16  org.zeroturnaround.javarebel.integration.websphere.SRTServletResponseCBP
5123:             1             16  org.zeroturnaround.javarebel.integration.websphere.SharedJPAComponentImplCBP
5124:             1             16  org.zeroturnaround.javarebel.integration.websphere.SmartClassPathImplCBP
5125:             1             16  org.zeroturnaround.javarebel.integration.websphere.URLByteResourceInformationCBP
5126:             1             16  org.zeroturnaround.javarebel.integration.websphere.WasAppClassLoaderCBP
5127:             1             16  org.zeroturnaround.javarebel.integration.websphere.WasExtClassLoaderCBP
5128:             1             16  org.zeroturnaround.javarebel.integration.websphere.WasReloadableClassLoaderCBP
5129:             1             16  org.zeroturnaround.javarebel.integration.websphere.WasUnifiedClassLoaderCBP
5130:             1             16  org.zeroturnaround.javarebel.integration.websphere.WlpJPAPUnitInfoCBP
5131:             1             16  org.zeroturnaround.javarebel.integration.websphere.WlpShadowClassLoaderCBP
5132:             1             16  org.zeroturnaround.javarebel.integration.wildfly.cbp.BeansXmlProcessorCBP
5133:             1             16  org.zeroturnaround.javarebel.integration.wildfly.cbp.ExternalBeanArchiveProcessorCBP
5134:             1             16  org.zeroturnaround.javarebel.integration.wildfly.cbp.ServerEnvironmentCBP
5135:             1             16  org.zeroturnaround.javarebel.integration.wildfly.undertow.WildFlyPlugin
5136:             1             16  org.zeroturnaround.javarebel.integration.yoko.YokoField
5137:             1             16  org.zeroturnaround.javarebel.integration.yoko.YokoLocalDescriptorsCBP
5138:             1             16  org.zeroturnaround.javarebel.jboss.JbossPlugin
5139:             1             16  org.zeroturnaround.javarebel.jboss7.Jboss7Plugin
5140:             1             16  org.zeroturnaround.javarebel.preferences.FileStore$RetryFS
5141:             1             16  org.zeroturnaround.javarebel.preferences.PreferencesSnapshot
5142:             1             16  org.zeroturnaround.javarebel.preferences.PreferencesTransaction
5143:             1             16  org.zeroturnaround.javarebel.reporting.MixpanelMetrics$1
5144:             1             16  org.zeroturnaround.javarebel.reporting.MixpanelMetrics$9
5145:             1             16  org.zeroturnaround.javarebel.reporting.StatsPersister
5146:             1             16  org.zeroturnaround.javarebel.reporting.Time$DefaultTimeProvider
5147:             1             16  org.zeroturnaround.javarebel.reporting.backend.impl.SegmentIOBackend$HttpBackend
5148:             1             16  org.zeroturnaround.javarebel.reporting.interceptors.ActivatedFilter
5149:             1             16  org.zeroturnaround.javarebel.reporting.interceptors.PIIConsentFilter
5150:             1             16  org.zeroturnaround.javarebel.reporting.interceptors.RemotingFilter
5151:             1             16  org.zeroturnaround.javarebel.reporting.stats.DebuggerStatsListener
5152:             1             16  org.zeroturnaround.javarebel.reporting.stats.SpringStatsListener
5153:             1             16  org.zeroturnaround.javarebel.reporting.stats.UsedContainerManager
5154:             1             16  org.zeroturnaround.javarebel.reporting.stats.UsedContainerManager$ContainerIdentifierListener
5155:             1             16  org.zeroturnaround.javarebel.reporting.stats.repository.impl.RepositoryMetricsStatistics$ModuleDeployStatsListener
5156:             1             16  org.zeroturnaround.javarebel.reporting.stats.repository.impl.RepositoryMetricsStatistics$PropertyStatsListener
5157:             1             16  org.zeroturnaround.javarebel.seamwicket.SeamWicketPlugin
5158:             1             16  org.zeroturnaround.javarebel.service.ServiceRequestIntegrationImpl
5159:             1             16  org.zeroturnaround.javarebel.service.ServiceRequestIntegrationImpl$ListenerPriorityComparator
5160:             1             16  org.zeroturnaround.javarebel.spring.SpringMetrics$SendToStatisticsCollectorStrategy
5161:             1             16  org.zeroturnaround.javarebel.spring.SpringMetrics$ShipInBackgroundThreadStrategy
5162:             1             16  org.zeroturnaround.javarebel.spring.handlermethod.HandlerMethodHelper
5163:             1             16  org.zeroturnaround.javarebel.velocity.VelocityPlugin
5164:             1             16  org.zeroturnaround.jrebel.GrailsCliPlugin
5165:             1             16  org.zeroturnaround.jrebel.adf.core.AdfCorePlugin
5166:             1             16  org.zeroturnaround.jrebel.adf.faces.AdfFacesPlugin
5167:             1             16  org.zeroturnaround.jrebel.apache.commons.compress.archivers.zip.FallbackZipEncoding
5168:             1             16  org.zeroturnaround.jrebel.apache.commons.compress.archivers.zip.JarMarker
5169:             1             16  org.zeroturnaround.jrebel.axon.AxonPlugin
5170:             1             16  org.zeroturnaround.jrebel.bval.BValPlugin
5171:             1             16  org.zeroturnaround.jrebel.camel.CamelPlugin
5172:             1             16  org.zeroturnaround.jrebel.captaincasa.CaptainCasaPlugin
5173:             1             16  org.zeroturnaround.jrebel.deltaspike.DeltaspikePlugin
5174:             1             16  org.zeroturnaround.jrebel.ebean.EbeanPlugin
5175:             1             16  org.zeroturnaround.jrebel.facelets.FaceletsPlugin
5176:             1             16  org.zeroturnaround.jrebel.gemini.blueprint.GeminiBlueprintPlugin
5177:             1             16  org.zeroturnaround.jrebel.glassfish.GlassFishPlugin
5178:             1             16  org.zeroturnaround.jrebel.grails2.Grails2Plugin
5179:             1             16  org.zeroturnaround.jrebel.grails2.util.GrailsVersionComparator
5180:             1             16  org.zeroturnaround.jrebel.grails3.Grails3Plugin
5181:             1             16  org.zeroturnaround.jrebel.groovy.GroovyPlugin
5182:             1             16  org.zeroturnaround.jrebel.hibernate.validator.HibernateValidatorPlugin
5183:             1             16  org.zeroturnaround.jrebel.hibernate.validator.cbp.AnnotationMetaDataProviderCBP
5184:             1             16  org.zeroturnaround.jrebel.hibernate.validator.cbp.BeanMetaDataCacheCBP
5185:             1             16  org.zeroturnaround.jrebel.hibernate.validator.cbp.BeanMetaDataManagerCBP
5186:             1             16  org.zeroturnaround.jrebel.hibernate.validator.cbp.ConfigurationImplCBP
5187:             1             16  org.zeroturnaround.jrebel.hibernate.validator.cbp.ConstraintHelperCBP
5188:             1             16  org.zeroturnaround.jrebel.hibernate.validator.cbp.ConstraintLocationCBP
5189:             1             16  org.zeroturnaround.jrebel.hibernate.validator.cbp.ConstraintValidatorManagerCBP
5190:             1             16  org.zeroturnaround.jrebel.hibernate.validator.cbp.ResolvedTypeCacheCBP
5191:             1             16  org.zeroturnaround.jrebel.hibernate.validator.cbp.ResolvedTypeCacheCBP$KeyCBP
5192:             1             16  org.zeroturnaround.jrebel.hibernate.validator.cbp.ResourceBundleMessageInterpolatorCBP
5193:             1             16  org.zeroturnaround.jrebel.hibernate.validator.cbp.ValidationBootstrapParametersCBP
5194:             1             16  org.zeroturnaround.jrebel.hibernate.validator.cbp.ValidatorClassMapCBP
5195:             1             16  org.zeroturnaround.jrebel.hibernate.validator.cbp.ValidatorDescriptorMapCBP
5196:             1             16  org.zeroturnaround.jrebel.hibernate.validator.cbp.ValidatorFactoryImpl23CBP
5197:             1             16  org.zeroturnaround.jrebel.hibernate.validator.cbp.ValidatorFactoryImplCBP
5198:             1             16  org.zeroturnaround.jrebel.hibernate.validator.cbp.ValidatorImplCBP
5199:             1             16  org.zeroturnaround.jrebel.hibernate.validator.cbp.VersionCBP
5200:             1             16  org.zeroturnaround.jrebel.hk2.HK2Plugin
5201:             1             16  org.zeroturnaround.jrebel.hybris.HybrisPlugin
5202:             1             16  org.zeroturnaround.jrebel.ibatis.IbatisPlugin
5203:             1             16  org.zeroturnaround.jrebel.infinispan.InfinispanPlugin
5204:             1             16  org.zeroturnaround.jrebel.integration.amazon.AmazonPlugin
5205:             1             16  org.zeroturnaround.jrebel.integration.atg.AtgPlugin
5206:             1             16  org.zeroturnaround.jrebel.integration.axis2.Axis2Plugin
5207:             1             16  org.zeroturnaround.jrebel.integration.axis2.was.Axis2WasPlugin
5208:             1             16  org.zeroturnaround.jrebel.integration.click.ClickPlugin
5209:             1             16  org.zeroturnaround.jrebel.integration.eclipselink.EclipseLinkPlugin
5210:             1             16  org.zeroturnaround.jrebel.integration.eclipselinkmoxy.EclipseLinkMOXyPlugin
5211:             1             16  org.zeroturnaround.jrebel.integration.gwt.GwtPlugin
5212:             1             16  org.zeroturnaround.jrebel.integration.jasypt.JasyptPlugin
5213:             1             16  org.zeroturnaround.jrebel.integration.logback.LogbackPlugin
5214:             1             16  org.zeroturnaround.jrebel.integration.logback.cbp.ContextBaseCBP
5215:             1             16  org.zeroturnaround.jrebel.integration.logback.cbp.ContextInitializerCBP
5216:             1             16  org.zeroturnaround.jrebel.integration.logback.cbp.LoggerCBP
5217:             1             16  org.zeroturnaround.jrebel.integration.openjpa.OpenJPAPlugin
5218:             1             16  org.zeroturnaround.jrebel.integration.seam3.Seam3Plugin
5219:             1             16  org.zeroturnaround.jrebel.integration.spring.integration.SpringIntegrationPlugin
5220:             1             16  org.zeroturnaround.jrebel.integration.spring.security.SpringSecurityPlugin
5221:             1             16  org.zeroturnaround.jrebel.integration.springdata.SpringDataPlugin
5222:             1             16  org.zeroturnaround.jrebel.integration.stripes.StripesPlugin
5223:             1             16  org.zeroturnaround.jrebel.integration.tiles1.Tiles1Plugin
5224:             1             16  org.zeroturnaround.jrebel.integration.tiles2.Tiles2Plugin
5225:             1             16  org.zeroturnaround.jrebel.integration.toplink.TopLinkPlugin
5226:             1             16  org.zeroturnaround.jrebel.integration.toplink.spring.TopLinkSpringPlugin
5227:             1             16  org.zeroturnaround.jrebel.intellij.FSNotifyPlugin
5228:             1             16  org.zeroturnaround.jrebel.intellij.FileWatcher$Counter
5229:             1             16  org.zeroturnaround.jrebel.intellij.FileWatcher$ErrorListener
5230:             1             16  org.zeroturnaround.jrebel.intellij.FileWatcher$RegistrationLatch
5231:             1             16  org.zeroturnaround.jrebel.jackson.JacksonPlugin
5232:             1             16  org.zeroturnaround.jrebel.jackson2.Jackson2Plugin
5233:             1             16  org.zeroturnaround.jrebel.jackson2.afterburner.cbp.CreatorOptimizerCBP
5234:             1             16  org.zeroturnaround.jrebel.jackson2.afterburner.cbp.DeserializerModifierCBP
5235:             1             16  org.zeroturnaround.jrebel.jackson2.afterburner.cbp.MyClassLoaderCBP
5236:             1             16  org.zeroturnaround.jrebel.jackson2.afterburner.cbp.PropertyAccessorCollectorCBP
5237:             1             16  org.zeroturnaround.jrebel.jackson2.afterburner.cbp.PropertyMutatorCollectorCBP
5238:             1             16  org.zeroturnaround.jrebel.jackson2.afterburner.cbp.SerializerModifierCBP
5239:             1             16  org.zeroturnaround.jrebel.jackson2.cbp.ClassUtilCBP
5240:             1             16  org.zeroturnaround.jrebel.jackson2.cbp.ReadOnlyClassToSerializerMap2CBP
5241:             1             16  org.zeroturnaround.jrebel.jackson2.cbp.SerializerCache2CBP
5242:             1             16  org.zeroturnaround.jrebel.jackson2.cbp.StdDeserializerProviderCBP
5243:             1             16  org.zeroturnaround.jrebel.jackson2.cbp.TypeFactoryCBP
5244:             1             16  org.zeroturnaround.jrebel.jackson2.cbp.UnwrappingBeanPropertyWriterCBP
5245:             1             16  org.zeroturnaround.jrebel.jaxb.JAXBPlugin
5246:             1             16  org.zeroturnaround.jrebel.jaxb.endorsed.JAXBEndorsedPlugin
5247:             1             16  org.zeroturnaround.jrebel.jaxb.ibm.JAXBIbmPlugin
5248:             1             16  org.zeroturnaround.jrebel.jaxb.java6.JAXBJava6Plugin
5249:             1             16  org.zeroturnaround.jrebel.jaxb.java6.cbp.AccessorInjectorCBP
5250:             1             16  org.zeroturnaround.jrebel.jaxb.java6.cbp.JAXBContextBuilderCBP
5251:             1             16  org.zeroturnaround.jrebel.jaxb.java6.cbp.JAXBContextFactoryCBP
5252:             1             16  org.zeroturnaround.jrebel.jaxb.java6.cbp.JAXBContextImplCBP
5253:             1             16  org.zeroturnaround.jrebel.jbossaop.JBossAOPPlugin
5254:             1             16  org.zeroturnaround.jrebel.jersey.JerseyPlugin
5255:             1             16  org.zeroturnaround.jrebel.jersey2.Jersey2Plugin
5256:             1             16  org.zeroturnaround.jrebel.jruby.JRubyPlugin
5257:             1             16  org.zeroturnaround.jrebel.liferay.LiferayPlugin
5258:             1             16  org.zeroturnaround.jrebel.liferay.LiferayStatusPlugin
5259:             1             16  org.zeroturnaround.jrebel.lift.LiftPlugin
5260:             1             16  org.zeroturnaround.jrebel.magnolia.MagnoliaPlugin
5261:             1             16  org.zeroturnaround.jrebel.mojarra.MojarraPlugin
5262:             1             16  org.zeroturnaround.jrebel.mustache.MustachePlugin
5263:             1             16  org.zeroturnaround.jrebel.mybatis.MyBatisPlugin
5264:             1             16  org.zeroturnaround.jrebel.myfaces.MyFacesPlugin
5265:             1             16  org.zeroturnaround.jrebel.openwebbeans.OpenWebBeansPlugin
5266:             1             16  org.zeroturnaround.jrebel.picketlink.PicketlinkPlugin
5267:             1             16  org.zeroturnaround.jrebel.prettyfaces.PrettyfacesPlugin
5268:             1             16  org.zeroturnaround.jrebel.primefaces.PrimefacesPlugin
5269:             1             16  org.zeroturnaround.jrebel.remoting.RemotingPlugin
5270:             1             16  org.zeroturnaround.jrebel.remoting.RootRemotingPlugin
5271:             1             16  org.zeroturnaround.jrebel.resteasy.ResteasyPlugin
5272:             1             16  org.zeroturnaround.jrebel.resteasy.spring.RESTEasySpringPlugin
5273:             1             16  org.zeroturnaround.jrebel.restlet.RestletPlugin
5274:             1             16  org.zeroturnaround.jrebel.scalate.ScalatePlugin
5275:             1             16  org.zeroturnaround.jrebel.seam.SeamPlugin
5276:             1             16  org.zeroturnaround.jrebel.solder.SolderPlugin
5277:             1             16  org.zeroturnaround.jrebel.spring.metro.SpringMetroPlugin
5278:             1             16  org.zeroturnaround.jrebel.springfox.SpringfoxPlugin
5279:             1             16  org.zeroturnaround.jrebel.springplugin.SpringPluginPlugin
5280:             1             16  org.zeroturnaround.jrebel.springws.SpringWSPlugin
5281:             1             16  org.zeroturnaround.jrebel.stats.id.container.ContainerIdentifierPlugin
5282:             1             16  org.zeroturnaround.jrebel.stats.startup.tomcat.HostConfigCBP
5283:             1             16  org.zeroturnaround.jrebel.stats.startup.tomcat.StandardServerStartCBP
5284:             1             16  org.zeroturnaround.jrebel.switchyard.SwitchYardPlugin
5285:             1             16  org.zeroturnaround.jrebel.thymeleaf.ThymeleafPlugin
5286:             1             16  org.zeroturnaround.jrebel.undertow.UndertowPlugin
5287:             1             16  org.zeroturnaround.jrebel.vaadin.VaadinPlugin
5288:             1             16  org.zeroturnaround.jrebel.vaadin.cdiutils.VaadinCdiutilsPlugin
5289:             1             16  org.zeroturnaround.jrebel.weblogic.WeblogicPlugin
5290:             1             16  org.zeroturnaround.jrebel.websphere.WebsphereJAXRS2Plugin
5291:             1             16  org.zeroturnaround.jrebel.websphere.WebspherePlugin
5292:             1             16  org.zeroturnaround.jrebel.weld.WeldPlugin
5293:             1             16  org.zeroturnaround.jrebel.weld2.Weld2Plugin
5294:             1             16  org.zeroturnaround.jrebel.weld2.glassfish.Weld2GlassfishPlugin
5295:             1             16  org.zeroturnaround.jrebel.weld2.websphere.Weld2WebspherePlugin
5296:             1             16  org.zeroturnaround.jrebel.wicket.WicketPlugin
5297:             1             16  org.zeroturnaround.jrebel.wink.WinkPlugin
5298:             1             16  org.zeroturnaround.jrebel.zk.ZKPlugin
5299:             1             16  sun.management.ClassLoadingImpl
5300:             1             16  sun.management.HotSpotDiagnostic
5301:             1             16  sun.management.ManagementFactoryHelper$PlatformLoggingImpl
5302:             1             16  sun.management.jmxremote.LocalRMIServerSocketFactory
5303:             1             16  sun.misc.ASCIICaseInsensitiveComparator
5304:             1             16  sun.misc.FloatingDecimal$1
5305:             1             16  sun.misc.Launcher
5306:             1             16  sun.misc.Launcher$Factory
5307:             1             16  sun.misc.ObjectInputFilter$Config$$Lambda$8/1738867229
5308:             1             16  sun.misc.Perf
5309:             1             16  sun.misc.Unsafe
5310:             1             16  sun.net.DefaultProgressMeteringPolicy
5311:             1             16  sun.net.ExtendedOptionsImpl$$Lambda$421/454256192
5312:             1             16  sun.net.idn.StringPrep$StringPrepTrieImpl
5313:             1             16  sun.net.spi.DefaultProxySelector
5314:             1             16  sun.net.www.protocol.jar.JarFileFactory
5315:             1             16  sun.nio.ch.ExtendedSocketOption$1
5316:             1             16  sun.nio.ch.FileChannelImpl$1
5317:             1             16  sun.nio.ch.Net$1
5318:             1             16  sun.nio.ch.Util$1
5319:             1             16  sun.nio.ch.WindowsSelectorProvider
5320:             1             16  sun.nio.cs.CharsetMapping$2
5321:             1             16  sun.nio.cs.CharsetMapping$3
5322:             1             16  sun.nio.cs.CharsetMapping$4
5323:             1             16  sun.nio.fs.WindowsChannelFactory$1
5324:             1             16  sun.nio.fs.WindowsFileSystemProvider
5325:             1             16  sun.reflect.GeneratedConstructorAccessor1
5326:             1             16  sun.reflect.GeneratedConstructorAccessor10
5327:             1             16  sun.reflect.GeneratedConstructorAccessor11
5328:             1             16  sun.reflect.GeneratedConstructorAccessor12
5329:             1             16  sun.reflect.GeneratedConstructorAccessor13
5330:             1             16  sun.reflect.GeneratedConstructorAccessor14
5331:             1             16  sun.reflect.GeneratedConstructorAccessor15
5332:             1             16  sun.reflect.GeneratedConstructorAccessor16
5333:             1             16  sun.reflect.GeneratedConstructorAccessor17
5334:             1             16  sun.reflect.GeneratedConstructorAccessor18
5335:             1             16  sun.reflect.GeneratedConstructorAccessor19
5336:             1             16  sun.reflect.GeneratedConstructorAccessor2
5337:             1             16  sun.reflect.GeneratedConstructorAccessor20
5338:             1             16  sun.reflect.GeneratedConstructorAccessor21
5339:             1             16  sun.reflect.GeneratedConstructorAccessor22
5340:             1             16  sun.reflect.GeneratedConstructorAccessor23
5341:             1             16  sun.reflect.GeneratedConstructorAccessor24
5342:             1             16  sun.reflect.GeneratedConstructorAccessor25
5343:             1             16  sun.reflect.GeneratedConstructorAccessor26
5344:             1             16  sun.reflect.GeneratedConstructorAccessor27
5345:             1             16  sun.reflect.GeneratedConstructorAccessor28
5346:             1             16  sun.reflect.GeneratedConstructorAccessor29
5347:             1             16  sun.reflect.GeneratedConstructorAccessor3
5348:             1             16  sun.reflect.GeneratedConstructorAccessor30
5349:             1             16  sun.reflect.GeneratedConstructorAccessor31
5350:             1             16  sun.reflect.GeneratedConstructorAccessor32
5351:             1             16  sun.reflect.GeneratedConstructorAccessor33
5352:             1             16  sun.reflect.GeneratedConstructorAccessor34
5353:             1             16  sun.reflect.GeneratedConstructorAccessor35
5354:             1             16  sun.reflect.GeneratedConstructorAccessor36
5355:             1             16  sun.reflect.GeneratedConstructorAccessor37
5356:             1             16  sun.reflect.GeneratedConstructorAccessor38
5357:             1             16  sun.reflect.GeneratedConstructorAccessor39
5358:             1             16  sun.reflect.GeneratedConstructorAccessor4
5359:             1             16  sun.reflect.GeneratedConstructorAccessor40
5360:             1             16  sun.reflect.GeneratedConstructorAccessor41
5361:             1             16  sun.reflect.GeneratedConstructorAccessor42
5362:             1             16  sun.reflect.GeneratedConstructorAccessor43
5363:             1             16  sun.reflect.GeneratedConstructorAccessor44
5364:             1             16  sun.reflect.GeneratedConstructorAccessor45
5365:             1             16  sun.reflect.GeneratedConstructorAccessor46
5366:             1             16  sun.reflect.GeneratedConstructorAccessor47
5367:             1             16  sun.reflect.GeneratedConstructorAccessor48
5368:             1             16  sun.reflect.GeneratedConstructorAccessor49
5369:             1             16  sun.reflect.GeneratedConstructorAccessor5
5370:             1             16  sun.reflect.GeneratedConstructorAccessor50
5371:             1             16  sun.reflect.GeneratedConstructorAccessor51
5372:             1             16  sun.reflect.GeneratedConstructorAccessor52
5373:             1             16  sun.reflect.GeneratedConstructorAccessor53
5374:             1             16  sun.reflect.GeneratedConstructorAccessor54
5375:             1             16  sun.reflect.GeneratedConstructorAccessor55
5376:             1             16  sun.reflect.GeneratedConstructorAccessor56
5377:             1             16  sun.reflect.GeneratedConstructorAccessor57
5378:             1             16  sun.reflect.GeneratedConstructorAccessor58
5379:             1             16  sun.reflect.GeneratedConstructorAccessor59
5380:             1             16  sun.reflect.GeneratedConstructorAccessor6
5381:             1             16  sun.reflect.GeneratedConstructorAccessor60
5382:             1             16  sun.reflect.GeneratedConstructorAccessor61
5383:             1             16  sun.reflect.GeneratedConstructorAccessor7
5384:             1             16  sun.reflect.GeneratedConstructorAccessor8
5385:             1             16  sun.reflect.GeneratedConstructorAccessor9
5386:             1             16  sun.reflect.GeneratedMethodAccessor1
5387:             1             16  sun.reflect.GeneratedMethodAccessor10
5388:             1             16  sun.reflect.GeneratedMethodAccessor11
5389:             1             16  sun.reflect.GeneratedMethodAccessor12
5390:             1             16  sun.reflect.GeneratedMethodAccessor13
5391:             1             16  sun.reflect.GeneratedMethodAccessor14
5392:             1             16  sun.reflect.GeneratedMethodAccessor15
5393:             1             16  sun.reflect.GeneratedMethodAccessor16
5394:             1             16  sun.reflect.GeneratedMethodAccessor17
5395:             1             16  sun.reflect.GeneratedMethodAccessor18
5396:             1             16  sun.reflect.GeneratedMethodAccessor19
5397:             1             16  sun.reflect.GeneratedMethodAccessor2
5398:             1             16  sun.reflect.GeneratedMethodAccessor20
5399:             1             16  sun.reflect.GeneratedMethodAccessor21
5400:             1             16  sun.reflect.GeneratedMethodAccessor22
5401:             1             16  sun.reflect.GeneratedMethodAccessor23
5402:             1             16  sun.reflect.GeneratedMethodAccessor24
5403:             1             16  sun.reflect.GeneratedMethodAccessor25
5404:             1             16  sun.reflect.GeneratedMethodAccessor26
5405:             1             16  sun.reflect.GeneratedMethodAccessor27
5406:             1             16  sun.reflect.GeneratedMethodAccessor28
5407:             1             16  sun.reflect.GeneratedMethodAccessor29
5408:             1             16  sun.reflect.GeneratedMethodAccessor3
5409:             1             16  sun.reflect.GeneratedMethodAccessor30
5410:             1             16  sun.reflect.GeneratedMethodAccessor31
5411:             1             16  sun.reflect.GeneratedMethodAccessor32
5412:             1             16  sun.reflect.GeneratedMethodAccessor33
5413:             1             16  sun.reflect.GeneratedMethodAccessor34
5414:             1             16  sun.reflect.GeneratedMethodAccessor35
5415:             1             16  sun.reflect.GeneratedMethodAccessor36
5416:             1             16  sun.reflect.GeneratedMethodAccessor37
5417:             1             16  sun.reflect.GeneratedMethodAccessor38
5418:             1             16  sun.reflect.GeneratedMethodAccessor39
5419:             1             16  sun.reflect.GeneratedMethodAccessor4
5420:             1             16  sun.reflect.GeneratedMethodAccessor40
5421:             1             16  sun.reflect.GeneratedMethodAccessor41
5422:             1             16  sun.reflect.GeneratedMethodAccessor42
5423:             1             16  sun.reflect.GeneratedMethodAccessor43
5424:             1             16  sun.reflect.GeneratedMethodAccessor44
5425:             1             16  sun.reflect.GeneratedMethodAccessor45
5426:             1             16  sun.reflect.GeneratedMethodAccessor46
5427:             1             16  sun.reflect.GeneratedMethodAccessor47
5428:             1             16  sun.reflect.GeneratedMethodAccessor48
5429:             1             16  sun.reflect.GeneratedMethodAccessor49
5430:             1             16  sun.reflect.GeneratedMethodAccessor5
5431:             1             16  sun.reflect.GeneratedMethodAccessor50
5432:             1             16  sun.reflect.GeneratedMethodAccessor51
5433:             1             16  sun.reflect.GeneratedMethodAccessor52
5434:             1             16  sun.reflect.GeneratedMethodAccessor53
5435:             1             16  sun.reflect.GeneratedMethodAccessor54
5436:             1             16  sun.reflect.GeneratedMethodAccessor55
5437:             1             16  sun.reflect.GeneratedMethodAccessor56
5438:             1             16  sun.reflect.GeneratedMethodAccessor57
5439:             1             16  sun.reflect.GeneratedMethodAccessor58
5440:             1             16  sun.reflect.GeneratedMethodAccessor59
5441:             1             16  sun.reflect.GeneratedMethodAccessor6
5442:             1             16  sun.reflect.GeneratedMethodAccessor60
5443:             1             16  sun.reflect.GeneratedMethodAccessor62
5444:             1             16  sun.reflect.GeneratedMethodAccessor63
5445:             1             16  sun.reflect.GeneratedMethodAccessor64
5446:             1             16  sun.reflect.GeneratedMethodAccessor65
5447:             1             16  sun.reflect.GeneratedMethodAccessor66
5448:             1             16  sun.reflect.GeneratedMethodAccessor67
5449:             1             16  sun.reflect.GeneratedMethodAccessor68
5450:             1             16  sun.reflect.GeneratedMethodAccessor69
5451:             1             16  sun.reflect.GeneratedMethodAccessor7
5452:             1             16  sun.reflect.GeneratedMethodAccessor70
5453:             1             16  sun.reflect.GeneratedMethodAccessor71
5454:             1             16  sun.reflect.GeneratedMethodAccessor72
5455:             1             16  sun.reflect.GeneratedMethodAccessor73
5456:             1             16  sun.reflect.GeneratedMethodAccessor74
5457:             1             16  sun.reflect.GeneratedMethodAccessor75
5458:             1             16  sun.reflect.GeneratedMethodAccessor76
5459:             1             16  sun.reflect.GeneratedMethodAccessor77
5460:             1             16  sun.reflect.GeneratedMethodAccessor78
5461:             1             16  sun.reflect.GeneratedMethodAccessor79
5462:             1             16  sun.reflect.GeneratedMethodAccessor8
5463:             1             16  sun.reflect.GeneratedMethodAccessor80
5464:             1             16  sun.reflect.GeneratedMethodAccessor81
5465:             1             16  sun.reflect.GeneratedMethodAccessor82
5466:             1             16  sun.reflect.GeneratedMethodAccessor83
5467:             1             16  sun.reflect.GeneratedMethodAccessor84
5468:             1             16  sun.reflect.GeneratedMethodAccessor85
5469:             1             16  sun.reflect.GeneratedMethodAccessor9
5470:             1             16  sun.reflect.GeneratedSerializationConstructorAccessor1
5471:             1             16  sun.reflect.GeneratedSerializationConstructorAccessor10
5472:             1             16  sun.reflect.GeneratedSerializationConstructorAccessor11
5473:             1             16  sun.reflect.GeneratedSerializationConstructorAccessor12
5474:             1             16  sun.reflect.GeneratedSerializationConstructorAccessor13
5475:             1             16  sun.reflect.GeneratedSerializationConstructorAccessor14
5476:             1             16  sun.reflect.GeneratedSerializationConstructorAccessor15
5477:             1             16  sun.reflect.GeneratedSerializationConstructorAccessor16
5478:             1             16  sun.reflect.GeneratedSerializationConstructorAccessor17
5479:             1             16  sun.reflect.GeneratedSerializationConstructorAccessor18
5480:             1             16  sun.reflect.GeneratedSerializationConstructorAccessor19
5481:             1             16  sun.reflect.GeneratedSerializationConstructorAccessor2
5482:             1             16  sun.reflect.GeneratedSerializationConstructorAccessor20
5483:             1             16  sun.reflect.GeneratedSerializationConstructorAccessor21
5484:             1             16  sun.reflect.GeneratedSerializationConstructorAccessor22
5485:             1             16  sun.reflect.GeneratedSerializationConstructorAccessor23
5486:             1             16  sun.reflect.GeneratedSerializationConstructorAccessor25
5487:             1             16  sun.reflect.GeneratedSerializationConstructorAccessor3
5488:             1             16  sun.reflect.GeneratedSerializationConstructorAccessor4
5489:             1             16  sun.reflect.GeneratedSerializationConstructorAccessor5
5490:             1             16  sun.reflect.GeneratedSerializationConstructorAccessor6
5491:             1             16  sun.reflect.GeneratedSerializationConstructorAccessor7
5492:             1             16  sun.reflect.GeneratedSerializationConstructorAccessor8
5493:             1             16  sun.reflect.GeneratedSerializationConstructorAccessor9
5494:             1             16  sun.reflect.MagicInitInvoker
5495:             1             16  sun.reflect.ProxyDefineClassMethodAccessor
5496:             1             16  sun.reflect.ReflectionFactory
5497:             1             16  sun.reflect.generics.reflectiveObjects.GenericArrayTypeImpl
5498:             1             16  sun.reflect.generics.tree.BooleanSignature
5499:             1             16  sun.reflect.generics.tree.BottomSignature
5500:             1             16  sun.reflect.generics.tree.ByteSignature
5501:             1             16  sun.reflect.generics.tree.CharSignature
5502:             1             16  sun.reflect.generics.tree.DoubleSignature
5503:             1             16  sun.reflect.generics.tree.FloatSignature
5504:             1             16  sun.reflect.generics.tree.IntSignature
5505:             1             16  sun.reflect.generics.tree.LongSignature
5506:             1             16  sun.reflect.generics.tree.ShortSignature
5507:             1             16  sun.reflect.generics.tree.VoidDescriptor
5508:             1             16  sun.rmi.registry.RegistryImpl$$Lambda$4/2024453272
5509:             1             16  sun.rmi.registry.RegistryImpl$$Lambda$5/98394724
5510:             1             16  sun.rmi.registry.RegistryImpl_Skel
5511:             1             16  sun.rmi.registry.RegistryImpl_Stub
5512:             1             16  sun.rmi.runtime.Log$LoggerLogFactory
5513:             1             16  sun.rmi.runtime.RuntimeUtil
5514:             1             16  sun.rmi.server.UnicastRef2
5515:             1             16  sun.rmi.server.UnicastServerRef$HashToMethod_Maps
5516:             1             16  sun.rmi.transport.DGCImpl$$Lambda$2/689401025
5517:             1             16  sun.rmi.transport.DGCImpl$1
5518:             1             16  sun.rmi.transport.DGCImpl$2$$Lambda$3/363988129
5519:             1             16  sun.rmi.transport.DGCImpl_Skel
5520:             1             16  sun.rmi.transport.DGCImpl_Stub
5521:             1             16  sun.rmi.transport.proxy.RMIDirectSocketFactory
5522:             1             16  sun.rmi.transport.tcp.TCPTransport$1
5523:             1             16  sun.security.provider.NativeSeedGenerator
5524:             1             16  sun.security.rsa.RSAKeyFactory
5525:             1             16  sun.security.ssl.DummyX509KeyManager
5526:             1             16  sun.security.util.ByteArrayLexOrder
5527:             1             16  sun.security.util.ByteArrayTagOrder
5528:             1             16  sun.security.x509.RFC822Name
5529:             1             16  sun.text.SupplementaryCharacterData
5530:             1             16  sun.text.normalizer.NormalizerBase$Mode
5531:             1             16  sun.text.normalizer.NormalizerBase$NFCMode
5532:             1             16  sun.text.normalizer.NormalizerBase$NFDMode
5533:             1             16  sun.text.normalizer.NormalizerBase$NFKCMode
5534:             1             16  sun.text.normalizer.NormalizerBase$NFKDMode
5535:             1             16  sun.text.normalizer.NormalizerImpl
5536:             1             16  sun.text.normalizer.NormalizerImpl$AuxTrieImpl
5537:             1             16  sun.text.normalizer.NormalizerImpl$FCDTrieImpl
5538:             1             16  sun.text.normalizer.NormalizerImpl$NormTrieImpl
5539:             1             16  sun.util.calendar.Gregorian
5540:             1             16  sun.util.locale.InternalLocaleBuilder$CaseInsensitiveChar
5541:             1             16  sun.util.locale.provider.AuxLocaleProviderAdapter$NullProvider
5542:             1             16  sun.util.locale.provider.CalendarDataUtility$CalendarFieldValueNamesMapGetter
5543:             1             16  sun.util.locale.provider.CalendarDataUtility$CalendarWeekParameterGetter
5544:             1             16  sun.util.locale.provider.CalendarNameProviderImpl$LengthBasedComparator
5545:             1             16  sun.util.locale.provider.SPILocaleProviderAdapter
5546:             1             16  sun.util.locale.provider.TimeZoneNameUtility$TimeZoneNameGetter
5547:             1             16  sun.util.resources.LocaleData
5548:             1             16  sun.util.resources.LocaleData$LocaleDataResourceBundleControl
Total       1694078      135849944

