
 num     #instances         #bytes  class name
----------------------------------------------
   1:        423145       80319600  [C
   2:         12612       12151528  [I
   3:         27626        9041064  [B
   4:        290618        6974832  java.lang.String
   5:         66116        3702496  java.util.LinkedHashMap
   6:         89035        3094816  [Ljava.lang.Object;
   7:         26974        2589504  java.lang.reflect.Method
   8:         62978        2015296  java.util.HashMap$Node
   9:         40946        1637840  java.util.LinkedHashMap$Entry
  10:         49671        1572344  [Ljava.lang.String;
  11:         15748        1541136  [Ljava.util.HashMap$Node;
  12:         42540        1361280  java.util.concurrent.ConcurrentHashMap$Node
  13:         12060        1341912  java.lang.Class
  14:          1821         972984  [Lcom.zeroturnaround.javarebel.gwb;
  15:         14510         812560  com.zeroturnaround.javarebel.gvw
  16:         12418         794752  java.net.URL
  17:         11004         792288  org.springframework.core.type.classreading.AnnotationMetadataReadingVisitor
  18:         28769         690456  java.lang.StringBuilder
  19:         30013         657920  [Ljava.lang.Class;
  20:         35523         568368  java.util.LinkedHashSet
  21:          5448         435840  java.lang.reflect.Field
  22:          8774         421152  java.util.HashMap
  23:         13101         419232  java.io.File
  24:           234         394240  [Ljava.util.concurrent.ConcurrentHashMap$Node;
  25:         10502         336064  com.zeroturnaround.javarebel.gwb
  26:         13456         322944  java.util.ArrayList
  27:          6443         309264  org.springframework.util.ConcurrentReferenceHashMap$SoftEntryReference
  28:          7665         306600  org.springframework.boot.devtools.filewatch.FileSnapshot
  29:          3715         297200  java.lang.reflect.Constructor
  30:          5910         283680  java.nio.HeapCharBuffer
  31:          3698         266256  org.springframework.core.annotation.AnnotationAttributes
  32:         11003         264072  org.springframework.core.type.classreading.SimpleMetadataReader
  33:          5269         252912  com.zeroturnaround.jrebelbase.d
  34:         10495         251880  org.springframework.core.io.UrlResource
  35:         10105         242520  com.zeroturnaround.javarebel.guo
  36:         14251         228016  java.lang.Object
  37:          9162         219888  java.lang.Long
  38:          6745         215840  java.util.LinkedHashMap$LinkedKeyIterator
  39:          6246         199872  java.util.LinkedList
  40:         12264         196224  org.springframework.util.LinkedMultiValueMap
  41:         12069         193104  java.util.LinkedHashMap$LinkedValues
  42:          7895         189480  com.zeroturnaround.javarebel.agh
  43:          7704         184896  java.util.LinkedList$Node
  44:          2658         170112  java.util.regex.Matcher
  45:          6835         164040  java.lang.StringBuffer
  46:          4069         162760  java.lang.ref.SoftReference
  47:          2372         160496  [Ljava.lang.reflect.Method;
  48:          6523         156552  java.io.ByteArrayOutputStream
  49:          6389         153336  org.springframework.util.ConcurrentReferenceHashMap$Entry
  50:          2736         153216  java.lang.Class$ReflectionData
  51:          4783         153056  java.util.Hashtable$Entry
  52:          9220         147520  java.lang.Integer
  53:          5877         141048  java.util.Collections$UnmodifiableCollection$1
  54:          2924         140352  org.springframework.core.ResolvableType
  55:          2602         124896  java.util.StringTokenizer
  56:          3682         117824  java.lang.ref.WeakReference
  57:          1224         114584  [Ljava.util.Hashtable$Entry;
  58:          7107         113712  com.zeroturnaround.javarebel.age
  59:          2730         109200  java.lang.ref.Finalizer
  60:          3333         106656  java.util.ArrayList$Itr
  61:          4292         103008  com.zeroturnaround.javarebel.guq
  62:          1564         100096  java.text.DateFormatSymbols
  63:          2042          98016  java.nio.HeapByteBuffer
  64:          2338          80568  [Ljava.io.File;
  65:           839          80544  com.zeroturnaround.reload.ab
  66:          2402          76864  java.util.Vector
  67:           848          76032  [Lcom.zeroturnaround.javarebel.haf;
  68:          3154          75696  org.springframework.core.MethodClassKey
  69:           905          74200  [Lorg.springframework.util.ConcurrentReferenceHashMap$Reference;
  70:          1850          74000  java.util.TreeMap$Entry
  71:          1833          73320  java.security.ProtectionDomain
  72:          1307          73192  java.security.Provider$Service
  73:          2261          72352  sun.reflect.DelegatingConstructorAccessorImpl
  74:          1754          70160  com.zeroturnaround.javarebel.gww
  75:          2180          69760  java.lang.ref.ReferenceQueue
  76:          4328          69248  com.zeroturnaround.javarebel.gwg
  77:          4219          67504  org.springframework.core.annotation.AnnotationUtils$DefaultValueHolder
  78:          1197          67032  java.lang.invoke.MemberName
  79:             2          65568  [Lcom.alibaba.fastjson.util.IdentityHashMap$Entry;
  80:          2041          65312  java.util.concurrent.locks.ReentrantLock$NonfairSync
  81:           808          64640  java.net.URI
  82:          2677          64248  java.util.concurrent.CopyOnWriteArrayList$COWIterator
  83:          2624          62976  java.security.Provider$ServiceKey
  84:           357          62832  org.springframework.context.annotation.ConfigurationClassBeanDefinitionReader$ConfigurationClassBeanDefinition
  85:          1831          58592  java.security.CodeSource
  86:          1187          56976  java.util.Hashtable
  87:          1424          56960  com.zeroturnaround.javarebel.nx
  88:           997          55832  org.springframework.core.type.classreading.MethodMetadataReadingVisitor
  89:           830          53120  java.util.concurrent.ConcurrentHashMap
  90:          2199          52776  org.zeroturnaround.bundled.javassist.bytecode.Utf8Info
  91:          2076          49824  sun.reflect.annotation.AnnotationInvocationHandler
  92:          1029          49392  org.apache.tomcat.util.modeler.AttributeInfo
  93:          1028          49344  org.zeroturnaround.javarebel.integration.util.WeakIdentityHashMap$Entry
  94:           844          47264  com.zeroturnaround.reload.z
  95:          2927          46832  java.util.LinkedHashMap$LinkedEntrySet
  96:           270          45360  org.springframework.beans.factory.support.RootBeanDefinition
  97:           510          43832  [S
  98:          1341          42912  java.lang.ThreadLocal$ThreadLocalMap$Entry
  99:          1069          42760  java.lang.invoke.MethodType
 100:           866          41568  com.zeroturnaround.javarebel.haf
 101:          2596          41536  java.util.HashSet
 102:          1707          40968  java.util.concurrent.LinkedBlockingQueue$Node
 103:          1704          40896  java.util.Date
 104:           847          40656  com.zeroturnaround.javarebel.gzy
 105:           107          40232  java.lang.Thread
 106:          1638          38768  [Ljava.lang.reflect.Constructor;
 107:          1210          38720  java.util.concurrent.locks.AbstractQueuedSynchronizer$Node
 108:           448          36976  [Ljava.util.WeakHashMap$Entry;
 109:           441          36144  [Lorg.springframework.boot.context.properties.source.ConfigurationPropertyName$ElementType;
 110:          1463          35112  com.zeroturnaround.javarebel.gtb
 111:          2182          34912  java.lang.ref.ReferenceQueue$Lock
 112:          1451          34824  sun.reflect.generics.tree.SimpleClassTypeSignature
 113:           835          34768  [Ljava.lang.reflect.Field;
 114:          1080          34560  sun.reflect.DelegatingMethodAccessorImpl
 115:          1073          34336  java.lang.invoke.MethodType$ConcurrentWeakInternSet$WeakEntry
 116:           612          34272  java.nio.StringCharBuffer
 117:           145          34064  [[C
 118:          1363          32712  java.lang.Class$AnnotationData
 119:          1964          31424  java.util.LinkedHashMap$LinkedKeySet
 120:           940          30080  java.util.Collections$SynchronizedMap
 121:          1239          29736  sun.reflect.NativeConstructorAccessorImpl
 122:           735          29400  java.util.WeakHashMap$Entry
 123:          1834          29344  java.security.ProtectionDomain$Key
 124:          1833          29328  [Ljava.security.Principal;
 125:           516          28896  java.lang.Package
 126:           720          28800  org.springframework.util.ConcurrentReferenceHashMap$Segment
 127:           251          28776  [Z
 128:          1177          28248  java.util.concurrent.CopyOnWriteArrayList
 129:           438          28032  org.springframework.core.MethodParameter
 130:           496          27776  sun.nio.cs.UTF_8$Encoder
 131:          1093          27440  [Ljava.lang.annotation.Annotation;
 132:           683          27320  java.io.FileDescriptor
 133:          1137          27288  org.springframework.http.MediaType
 134:          1451          27024  [Lsun.reflect.generics.tree.TypeArgument;
 135:           562          26976  org.apache.tomcat.util.buf.ByteChunk
 136:           556          26688  java.util.concurrent.locks.ReentrantReadWriteLock$NonfairSync
 137:           229          25488  [Ljava.lang.ThreadLocal$ThreadLocalMap$Entry;
 138:           530          25440  org.apache.tomcat.util.buf.CharChunk
 139:          1058          25392  java.util.jar.Attributes$Name
 140:           523          25104  org.apache.tomcat.util.buf.MessageBytes
 141:           782          25024  java.net.URI$Parser
 142:            46          24288  [Lorg.zeroturnaround.bundled.javassist.bytecode.ConstInfo;
 143:          1004          24096  org.springframework.beans.BeanMetadataAttribute
 144:           485          23280  ch.qos.logback.classic.Logger
 145:           725          23200  java.lang.invoke.DirectMethodHandle
 146:          1405          22480  sun.reflect.generics.tree.ClassTypeSignature
 147:           451          21648  org.apache.tomcat.util.modeler.OperationInfo
 148:           907          21384  [Ljava.lang.reflect.Type;
 149:           518          20720  org.zeroturnaround.bundled.javassist.bytecode.MethodInfo
 150:           422          20256  java.util.WeakHashMap
 151:           839          20136  com.zeroturnaround.javarebel.gup
 152:          1257          20112  java.util.concurrent.locks.ReentrantLock
 153:           626          20032  com.zeroturnaround.javarebel.gds
 154:           277          19944  com.sun.jmx.remote.util.OrderClassLoaders
 155:           277          19944  javax.management.remote.rmi.RMIConnectionImpl$CombinedClassLoader
 156:           277          19944  javax.management.remote.rmi.RMIConnectionImpl$CombinedClassLoader$ClassLoaderWrapper
 157:           615          19680  org.springframework.asm.Type
 158:           480          19200  java.math.BigInteger
 159:           300          19200  org.springframework.util.LinkedCaseInsensitiveMap$1
 160:           598          19136  javax.management.MBeanAttributeInfo
 161:           796          19104  com.zeroturnaround.javarebel.oo
 162:           840          18880  [Lorg.springframework.core.ResolvableType;
 163:           779          18696  org.zeroturnaround.bundled.javassist.bytecode.NameAndTypeInfo
 164:           777          18648  java.net.URLClassLoader$2
 165:           738          17712  com.zeroturnaround.javarebel.cmy
 166:           524          17704  [Ljava.lang.CharSequence;
 167:           440          17600  org.springframework.boot.context.properties.source.ConfigurationPropertyName$Elements
 168:           439          17560  org.zeroturnaround.bundled.javassist.bytecode.CodeAttribute
 169:           545          17440  org.apache.tomcat.util.net.NioBlockingSelector$BlockPoller$RunnableRemove
 170:           720          17280  org.springframework.util.ConcurrentReferenceHashMap$ReferenceManager
 171:           529          16928  org.apache.tomcat.util.http.ValuesEnumerator
 172:           695          16680  org.zeroturnaround.bundled.javassist.bytecode.MethodrefInfo
 173:           112          16128  java.text.DecimalFormat
 174:           493          15776  java.io.FileInputStream
 175:           223          15608  [J
 176:           971          15536  org.springframework.core.ResolvableType$DefaultVariableResolver
 177:           626          15024  com.zeroturnaround.javarebel.aaf
 178:           606          14544  com.zeroturnaround.javarebel.gi
 179:           596          14304  org.springframework.core.io.ClassPathResource
 180:           431          13792  java.lang.invoke.LambdaForm$Name
 181:           844          13504  com.zeroturnaround.reload.aj
 182:           421          13472  java.util.LinkedList$ListItr
 183:           840          13440  com.zeroturnaround.javarebel.abr
 184:           120          13440  java.util.GregorianCalendar
 185:           414          13248  org.springframework.core.SerializableTypeWrapper$MethodParameterTypeProvider
 186:           548          13152  java.util.concurrent.locks.ReentrantReadWriteLock
 187:           328          13120  com.zeroturnaround.javarebel.od
 188:           410          13120  java.util.Collections$UnmodifiableMap
 189:           136          13056  org.apache.catalina.webresources.CachedResource
 190:            47          13048  [Lorg.zeroturnaround.javarebel.integration.util.WeakIdentityHashMap$Entry;
 191:           202          12928  java.util.jar.JarFile
 192:           314          12560  sun.nio.cs.UTF_8$Decoder
 193:           389          12448  sun.reflect.generics.repository.ClassRepository
 194:           172          12384  sun.reflect.DelegatingClassLoader
 195:           257          12336  java.util.zip.Inflater
 196:           205          12272  [Ljava.lang.ref.SoftReference;
 197:           187          11968  java.text.DecimalFormatSymbols
 198:           213          11928  sun.security.ssl.CipherSuite
 199:           462          11872  [Lorg.springframework.asm.Type;
 200:           293          11720  java.util.HashMap$KeyIterator
 201:           133          11704  com.zeroturnaround.javarebel.qe
 202:           120          11520  sun.util.calendar.Gregorian$Date
 203:           359          11488  java.util.LinkedHashMap$LinkedEntryIterator
 204:           286          11440  javax.management.MBeanOperationInfo
 205:           475          11400  sun.reflect.generics.reflectiveObjects.ParameterizedTypeImpl
 206:           472          11328  sun.reflect.NativeMethodAccessorImpl
 207:           341          10912  sun.misc.FDBigInteger
 208:           194          10864  java.util.ResourceBundle$CacheKey
 209:           269          10760  sun.misc.Cleaner
 210:           447          10728  sun.reflect.generics.factory.CoreReflectionFactory
 211:           440          10560  org.springframework.boot.context.properties.source.ConfigurationPropertyName
 212:           439          10536  org.zeroturnaround.bundled.javassist.bytecode.ExceptionTable
 213:           439          10536  org.zeroturnaround.bundled.javassist.bytecode.LineNumberAttribute
 214:           655          10480  com.sun.proxy.$Proxy28
 215:           436          10464  org.springframework.boot.context.properties.source.PropertyMapping
 216:           432          10368  org.springframework.core.convert.converter.GenericConverter$ConvertiblePair
 217:           215          10320  java.util.logging.LogManager$LoggerWeakRef
 218:           212          10176  org.springframework.web.context.request.ServletWebRequest
 219:           410           9840  org.springframework.cglib.core.Signature
 220:           303           9696  org.apache.tomcat.util.modeler.ParameterInfo
 221:           133           9576  java.util.regex.Pattern
 222:           596           9536  java.util.HashMap$KeySet
 223:           395           9480  sun.reflect.generics.scope.ClassScope
 224:           389           9336  sun.reflect.generics.tree.ClassSignature
 225:           194           9312  java.util.ResourceBundle$BundleReference
 226:           451           9248  [Lorg.apache.tomcat.util.modeler.ParameterInfo;
 227:           144           9216  com.zeroturnaround.javarebel.gxi
 228:           384           9216  java.util.concurrent.ConcurrentHashMap$MapEntry
 229:           557           8912  java.util.concurrent.locks.ReentrantReadWriteLock$ReadLock
 230:           557           8912  java.util.concurrent.locks.ReentrantReadWriteLock$Sync$ThreadLocalHoldCounter
 231:           557           8912  java.util.concurrent.locks.ReentrantReadWriteLock$WriteLock
 232:           159           8904  java.beans.MethodDescriptor
 233:           371           8904  org.zeroturnaround.bundled.javassist.bytecode.ClassInfo
 234:           274           8768  sun.misc.FloatingDecimal$ASCIIToBinaryBuffer
 235:           546           8736  java.util.Collections$UnmodifiableMap$UnmodifiableEntrySet$UnmodifiableEntry
 236:           363           8712  org.springframework.beans.factory.annotation.InjectionMetadata
 237:           269           8608  com.zeroturnaround.javarebel.gtd
 238:           266           8512  java.nio.DirectByteBuffer$Deallocator
 239:           265           8480  org.apache.logging.slf4j.SLF4JLogger
 240:           264           8448  java.util.zip.ZipCoder
 241:           389           8384  [Lsun.reflect.generics.tree.ClassTypeSignature;
 242:           522           8352  org.apache.commons.logging.LogAdapter$Log4jLog
 243:           340           8160  org.apache.tomcat.util.http.parser.Cookie$ByteBuffer
 244:           169           8112  java.lang.invoke.LambdaForm
 245:           202           8080  org.springframework.beans.factory.annotation.InitDestroyAnnotationBeanPostProcessor$LifecycleMetadata
 246:           499           7984  java.util.Collections$UnmodifiableSet
 247:            66           7920  org.springframework.beans.factory.annotation.AnnotatedGenericBeanDefinition
 248:           448           7792  [Lsun.reflect.generics.tree.FormalTypeParameter;
 249:           323           7752  org.springframework.util.MimeType
 250:           174           7720  [Ljava.lang.invoke.LambdaForm$Name;
 251:           320           7680  com.zeroturnaround.javarebel.gvb
 252:           478           7648  org.zeroturnaround.javarebel.integration.util.MiscUtil$3
 253:           188           7520  java.io.BufferedInputStream
 254:           104           7488  java.util.logging.Logger
 255:           307           7368  java.beans.MethodRef
 256:           230           7360  org.springframework.messaging.support.ExecutorSubscribableChannel$SendTask
 257:           131           7336  sun.util.calendar.ZoneInfo
 258:           300           7200  org.springframework.util.LinkedCaseInsensitiveMap
 259:           292           7008  java.util.ArrayDeque
 260:           437           6992  org.springframework.core.convert.support.GenericConversionService$ConvertersForPair
 261:           109           6976  java.text.SimpleDateFormat
 262:           124           6944  java.lang.invoke.MethodTypeForm
 263:           216           6912  javax.management.MBeanParameterInfo
 264:            78           6864  com.zeroturnaround.javarebel.gdm
 265:           203           6496  com.zeroturnaround.javarebel.gdo
 266:           202           6464  org.zeroturnaround.javarebel.integration.util.WeakUtil$WeakListenerReference
 267:           269           6456  java.util.zip.ZStreamRef
 268:           201           6432  java.util.RegularEnumSet
 269:           267           6408  org.apache.logging.log4j.message.DefaultFlowMessageFactory
 270:           200           6400  sun.security.util.ObjectIdentifier
 271:           263           6312  org.springframework.boot.autoconfigure.condition.ConditionEvaluationReport$ConditionAndOutcome
 272:           263           6312  org.springframework.boot.autoconfigure.condition.ConditionOutcome
 273:           157           6280  sun.util.locale.BaseLocale$Key
 274:            34           6256  com.fasterxml.jackson.core.json.ReaderBasedJsonParser
 275:           194           6208  java.util.ResourceBundle$LoaderReference
 276:           128           6144  java.util.TreeMap
 277:           187           5984  java.lang.invoke.BoundMethodHandle$Species_L
 278:           144           5760  com.zeroturnaround.javarebel.gxm
 279:            90           5760  java.nio.DirectByteBuffer
 280:           144           5760  java.security.AccessControlContext
 281:           180           5760  org.springframework.core.convert.support.GenericConversionService$ConverterAdapter
 282:           144           5760  org.springframework.web.context.request.ServletRequestAttributes
 283:            55           5720  sun.net.www.protocol.file.FileURLConnection
 284:            88           5696  [Ljava.nio.ByteBuffer;
 285:           237           5688  com.zeroturnaround.javarebel.agl
 286:           142           5680  com.zeroturnaround.javarebel.gxe
 287:            59           5664  java.util.jar.JarFile$JarFileEntry
 288:           247           5448  [Lsun.reflect.generics.tree.FieldTypeSignature;
 289:           136           5440  sun.util.locale.InternalLocaleBuilder
 290:           136           5440  sun.util.locale.LanguageTag
 291:           136           5440  sun.util.locale.StringTokenIterator
 292:           339           5424  com.zeroturnaround.javarebel.az
 293:           169           5408  org.springframework.cglib.proxy.MethodProxy
 294:            83           5384  [Ljavax.management.MBeanAttributeInfo;
 295:           223           5352  org.springframework.beans.MutablePropertyValues
 296:           167           5344  java.util.logging.LogManager$LogNode
 297:           222           5328  java.lang.Double
 298:           220           5280  java.lang.ThreadLocal$ThreadLocalMap
 299:           164           5248  java.util.LinkedHashMap$LinkedValueIterator
 300:           216           5184  org.zeroturnaround.javarebel.integration.spring.beans.BeanWithDefinition
 301:           215           5160  com.fasterxml.jackson.databind.type.ClassKey
 302:           321           5136  java.util.jar.Attributes
 303:            91           5096  sun.misc.URLClassPath$JarLoader
 304:           127           5080  com.fasterxml.jackson.databind.introspect.AnnotatedMethod
 305:           209           5016  javax.management.ImmutableDescriptor
 306:            62           4960  sun.net.www.protocol.jar.URLJarFile
 307:            76           4864  org.springframework.web.servlet.FlashMap
 308:           101           4848  com.zeroturnaround.javarebel.gzv
 309:           151           4832  com.sun.jmx.mbeanserver.ConvertingMethod
 310:            75           4800  org.springframework.web.context.support.ServletRequestHandledEvent
 311:           228           4752  [Lorg.springframework.web.servlet.HandlerInterceptor;
 312:           198           4752  java.lang.invoke.LambdaForm$NamedFunction
 313:            66           4752  java.util.concurrent.ScheduledThreadPoolExecutor$ScheduledFutureTask
 314:           118           4720  java.io.ObjectStreamField
 315:           118           4720  org.springframework.util.AntPathMatcher$AntPatternComparator$PatternInfo
 316:           173           4712  [Ljava.lang.annotation.ElementType;
 317:           193           4632  org.zeroturnaround.bundled.javassist.bytecode.StackMapTable
 318:           142           4544  java.io.FileOutputStream
 319:            71           4544  java.util.stream.ReferencePipeline$3
 320:           112           4480  java.text.DigitList
 321:           186           4464  org.apache.catalina.webresources.EmptyResource
 322:           186           4464  org.springframework.util.MimeType$$Lambda$91/882356814
 323:           102           4448  [Ljava.security.ProtectionDomain;
 324:           183           4392  org.hibernate.validator.internal.engine.constraintvalidation.ClassBasedValidatorDescriptor
 325:           274           4384  com.sun.proxy.$Proxy34
 326:           273           4368  java.lang.Byte
 327:           182           4368  java.util.Collections$UnmodifiableRandomAccessList
 328:            54           4320  com.alibaba.fastjson.util.FieldInfo
 329:           178           4272  java.util.regex.Pattern$Slice
 330:           266           4256  org.apache.logging.log4j.message.ParameterizedMessageFactory
 331:           176           4224  org.springframework.boot.web.server.MimeMappings$Mapping
 332:           263           4208  org.springframework.boot.autoconfigure.condition.ConditionMessage
 333:           175           4200  com.zeroturnaround.javarebel.ax
 334:            75           4200  java.util.stream.ReferencePipeline$Head
 335:           169           4160  [Ljavax.management.MBeanParameterInfo;
 336:           130           4160  java.lang.ProcessImpl
 337:            74           4144  java.util.concurrent.ConcurrentHashMap$KeyIterator
 338:           129           4128  sun.security.util.DerInputBuffer
 339:           129           4128  sun.security.util.DerValue
 340:           256           4096  java.lang.Short
 341:           127           4064  com.sun.org.apache.xerces.internal.xni.QName
 342:           127           4064  java.lang.invoke.DirectMethodHandle$Special
 343:           101           4040  java.lang.reflect.Parameter
 344:            72           4032  java.util.Calendar$Builder
 345:           251           4016  java.util.HashMap$EntrySet
 346:           124           3968  com.alibaba.fastjson.util.IdentityHashMap$Entry
 347:            82           3936  javax.management.MBeanInfo
 348:           160           3840  com.zeroturnaround.javarebel.abm
 349:            80           3840  java.util.WeakHashMap$KeyIterator
 350:            10           3840  org.apache.tomcat.util.threads.TaskThread
 351:           239           3824  org.springframework.util.AntPathMatcher$AntPatternComparator
 352:            68           3808  org.apache.tomcat.util.modeler.ManagedBean
 353:           158           3792  java.util.Arrays$ArrayList
 354:           118           3776  java.security.Permissions
 355:           157           3768  java.util.Locale$LocaleKey
 356:           156           3744  javax.management.ObjectName$Property
 357:           115           3680  java.io.FilePermission
 358:           131           3664  [Ljavax.management.ObjectName$Property;
 359:            91           3640  sun.nio.fs.WindowsPath
 360:           227           3632  com.zeroturnaround.javarebel.SDKLoggerImpl
 361:           226           3616  org.springframework.boot.autoconfigure.condition.ConditionEvaluationReport$ConditionAndOutcomes
 362:           113           3616  org.springframework.cglib.proxy.MethodProxy$CreateInfo
 363:            45           3600  [Lorg.springframework.util.ConcurrentReferenceHashMap$Segment;
 364:            64           3584  org.hibernate.validator.internal.util.ConcurrentReferenceHashMap$Segment
 365:           149           3576  org.zeroturnaround.bundled.javassist.bytecode.SignatureAttribute
 366:            37           3552  org.springframework.beans.GenericTypeAwarePropertyDescriptor
 367:           220           3520  com.fasterxml.jackson.databind.introspect.AnnotationMap
 368:           110           3520  java.io.FileNotFoundException
 369:           146           3504  java.security.Provider$UString
 370:            62           3472  com.fasterxml.jackson.core.util.TextBuffer
 371:           107           3424  java.security.BasicPermissionCollection
 372:            71           3408  java.util.concurrent.ThreadPoolExecutor$Worker
 373:            85           3400  org.zeroturnaround.bundled.javassist.bytecode.FieldInfo
 374:           138           3312  com.zeroturnaround.javarebel.fd
 375:           205           3280  com.zeroturnaround.jrebelbase.reflection.u
 376:            68           3264  com.fasterxml.jackson.core.json.JsonReadContext
 377:           136           3264  org.apache.tomcat.util.http.parser.AcceptLanguage
 378:           136           3264  org.zeroturnaround.javarebel.integration.util.WeakUtil$WeakClassEventListenerAdapter
 379:           136           3264  sun.util.locale.ParseStatus
 380:            58           3248  java.util.concurrent.ConcurrentHashMap$EntryIterator
 381:            81           3240  java.util.HashMap$EntryIterator
 382:           134           3216  java.io.BufferedOutputStream
 383:            36           3200  [Lcom.zeroturnaround.javarebel.gzv;
 384:            37           3200  [Ljava.lang.invoke.MethodHandle;
 385:           133           3192  com.zeroturnaround.javarebel.pv
 386:            49           3136  javax.management.openmbean.OpenMBeanAttributeInfoSupport
 387:            65           3120  com.sysmin.core.log.Log
 388:           130           3120  org.apache.tomcat.util.http.MimeHeaderField
 389:           130           3120  org.springframework.context.event.AbstractApplicationEventMulticaster$ListenerCacheKey
 390:           130           3120  org.springframework.messaging.support.MessageHeaderAccessor$MutableMessageHeaders
 391:            97           3104  org.springframework.cglib.proxy.MethodProxy$FastClassInfo
 392:           129           3096  sun.security.util.DerInputStream
 393:           128           3072  java.io.ExpiringCache$Entry
 394:           126           3024  [Lsun.security.x509.AVA;
 395:            54           3024  com.alibaba.fastjson.serializer.FieldSerializer
 396:           126           3024  sun.security.x509.AVA
 397:           126           3024  sun.security.x509.RDN
 398:            29           3016  java.io.ObjectStreamClass
 399:           158           2992  [Lcom.sun.jmx.mbeanserver.MXBeanMapping;
 400:           124           2976  java.util.Collections$UnmodifiableMap$UnmodifiableEntrySet$1
 401:            90           2880  com.fasterxml.jackson.databind.ser.impl.ReadOnlyClassToSerializerMap$Bucket
 402:            90           2880  java.util.TreeMap$ValueIterator
 403:            90           2880  org.zeroturnaround.javarebel.integration.monitor.MonitoredResource
 404:            89           2848  java.net.InetAddress$InetAddressHolder
 405:           118           2832  java.lang.RuntimePermission
 406:            88           2816  java.util.AbstractList$Itr
 407:            88           2816  org.zeroturnaround.bundled.javassist.bytecode.ExceptionTableEntry
 408:            39           2808  com.fasterxml.jackson.databind.deser.DefaultDeserializationContext$Impl
 409:            58           2784  java.util.concurrent.ConcurrentHashMap$TreeNode
 410:            87           2784  org.zeroturnaround.javarebel.reporting.stats.repository.impl.DayHolder
 411:            87           2784  sun.reflect.generics.reflectiveObjects.TypeVariableImpl
 412:           115           2760  java.util.Collections$1
 413:            86           2752  java.util.regex.Pattern$Curly
 414:            68           2720  java.io.StringReader
 415:            68           2720  org.apache.tomcat.util.http.parser.Host$MessageBytesReader
 416:            68           2720  org.springframework.web.context.request.async.WebAsyncManager
 417:            64           2688  [Lorg.hibernate.validator.internal.util.ConcurrentReferenceHashMap$HashEntry;
 418:            84           2688  org.apache.catalina.util.ManifestResource
 419:            37           2664  java.beans.PropertyDescriptor
 420:           111           2664  java.io.FilePermissionCollection
 421:            66           2640  javax.management.ObjectName
 422:            66           2640  org.springframework.cglib.proxy.Enhancer$EnhancerKey$$KeyFactoryByCGLIB$$4ce19e8f
 423:           110           2640  org.springframework.web.socket.TextMessage
 424:            47           2632  [Ljava.util.regex.Pattern$GroupHead;
 425:            71           2624  [Ljavax.management.MBeanOperationInfo;
 426:           108           2592  org.springframework.messaging.support.AbstractMessageChannel$ChannelInterceptorChain
 427:           108           2592  org.springframework.messaging.support.GenericMessage
 428:            46           2576  org.zeroturnaround.javarebel.integration.util.WeakIdentityHashMap
 429:           105           2520  org.zeroturnaround.bundled.javassist.bytecode.FieldrefInfo
 430:            39           2496  com.fasterxml.jackson.core.sym.CharsToNameCanonicalizer
 431:            22           2464  org.springframework.context.annotation.ScannedGenericBeanDefinition
 432:            34           2448  com.fasterxml.jackson.databind.ser.DefaultSerializerProvider$Impl
 433:            76           2432  org.springframework.web.servlet.HandlerExecutionChain
 434:            75           2400  java.lang.reflect.WeakCache$CacheValue
 435:            23           2392  com.fasterxml.jackson.databind.ser.impl.FilteredBeanPropertyWriter$MultiView
 436:           105           2360  [Ljava.lang.reflect.TypeVariable;
 437:            98           2352  org.springframework.boot.context.properties.ConfigurationBeanFactoryMetadata$FactoryMetadata
 438:            42           2352  org.springframework.web.method.HandlerMethod
 439:           144           2304  com.zeroturnaround.javarebel.gxp
 440:            48           2304  java.util.TreeMap$AscendingSubMap
 441:            96           2304  org.zeroturnaround.bundled.javassist.bytecode.StringInfo
 442:            19           2280  java.net.SocksSocketImpl
 443:            57           2280  java.util.ArrayList$SubList
 444:            57           2280  java.util.ArrayList$SubList$1
 445:           142           2272  com.zeroturnaround.javarebel.gxc
 446:            71           2272  java.util.AbstractList$ListItr
 447:            71           2272  java.util.ArrayList$ArrayListSpliterator
 448:            71           2272  java.util.ArrayList$ListItr
 449:            71           2272  java.util.stream.Collectors$CollectorImpl
 450:            71           2272  java.util.stream.ReduceOps$3
 451:            71           2272  java.util.stream.ReduceOps$3ReducingSink
 452:            23           2208  com.fasterxml.jackson.databind.ser.BeanPropertyWriter
 453:           138           2208  org.springframework.util.MimeType$$Lambda$456/796273739
 454:            39           2184  com.fasterxml.jackson.core.io.IOContext
 455:            91           2184  org.springframework.core.io.FileSystemResource
 456:            91           2184  sun.reflect.generics.tree.FormalTypeParameter
 457:            90           2160  org.springframework.core.convert.TypeDescriptor$AnnotatedElementAdapter
 458:            90           2160  org.zeroturnaround.javarebel.support.FileResource
 459:            45           2160  sun.util.locale.LocaleObjectCache$CacheEntry
 460:            67           2144  java.lang.reflect.Proxy$Key1
 461:            67           2144  org.springframework.http.HttpStatus
 462:           133           2128  com.sun.proxy.$Proxy21
 463:            19           2128  org.springframework.beans.factory.support.GenericBeanDefinition
 464:            53           2120  sun.security.ec.NamedCurve
 465:            17           2112  [[B
 466:            88           2112  java.util.Collections$SingletonList
 467:            19           2096  [Lorg.springframework.boot.context.properties.source.PropertyMapping;
 468:           131           2096  java.util.Collections$UnmodifiableMap$UnmodifiableEntrySet
 469:            65           2080  org.springframework.cglib.core.WeakCacheKey
 470:            65           2080  org.springframework.cglib.proxy.Enhancer$EnhancerFactoryData
 471:            65           2080  sun.reflect.annotation.AnnotationType
 472:            64           2048  com.zeroturnaround.reload.e
 473:           128           2048  java.lang.Character
 474:            85           2040  java.util.Collections$SetFromMap
 475:            84           2016  org.springframework.core.convert.TypeDescriptor
 476:            50           2000  com.zeroturnaround.javarebel.awm
 477:           125           2000  java.lang.ThreadLocal
 478:            83           1992  org.springframework.web.servlet.mvc.condition.ProducesRequestCondition
 479:            82           1968  com.zeroturnaround.javarebel.gtf
 480:            82           1968  java.util.concurrent.locks.AbstractQueuedSynchronizer$ConditionObject
 481:            41           1968  org.springframework.web.servlet.mvc.method.RequestMappingInfo
 482:            81           1944  com.zeroturnaround.jrebelbase.reflection.n
 483:            81           1944  com.zeroturnaround.jrebelbase.reflection.s
 484:            48           1920  com.zeroturnaround.javarebel.hah
 485:            48           1920  java.util.TreeMap$NavigableSubMap$SubMapEntryIterator
 486:            80           1920  org.springframework.http.server.ServletServerHttpResponse
 487:            80           1920  org.springframework.http.server.ServletServerHttpResponse$ServletResponseHttpHeaders
 488:           120           1920  org.springframework.util.CollectionUtils$MultiValueMapAdapter
 489:            48           1920  sun.reflect.generics.repository.MethodRepository
 490:            59           1888  sun.reflect.generics.tree.MethodTypeSignature
 491:            78           1872  com.zeroturnaround.javarebel.gdn
 492:            78           1872  com.zeroturnaround.javarebel.gdp
 493:            78           1872  com.zeroturnaround.javarebel.gdr
 494:           117           1872  java.util.concurrent.atomic.AtomicBoolean
 495:            78           1872  java.util.regex.Pattern$GroupHead
 496:            78           1872  java.util.regex.Pattern$GroupTail
 497:            58           1856  java.util.regex.Pattern$BnM
 498:           116           1856  org.springframework.expression.common.LiteralExpression
 499:            46           1840  org.apache.tomcat.websocket.MessagePart
 500:            76           1824  org.springframework.web.servlet.DispatcherServlet$$Lambda$436/1867208492
 501:            76           1824  org.springframework.web.servlet.DispatcherServlet$$Lambda$437/682105256
 502:            45           1800  org.springframework.util.ConcurrentReferenceHashMap
 503:            16           1792  sun.nio.ch.SocketChannelImpl
 504:            74           1768  [Ljava.lang.reflect.Parameter;
 505:            73           1752  java.util.regex.Pattern$Single
 506:            72           1728  org.springframework.messaging.simp.SimpMessageHeaderAccessor
 507:            71           1704  java.util.stream.ReferencePipeline$3$1
 508:            53           1696  java.security.spec.EllipticCurve
 509:            35           1680  com.zeroturnaround.javarebel.gzo
 510:            30           1680  org.apache.tomcat.util.res.StringManager$1
 511:            35           1680  sun.nio.cs.StreamDecoder
 512:            19           1672  java.net.DualStackPlainSocketImpl
 513:            26           1664  com.fasterxml.jackson.databind.introspect.AnnotatedClass
 514:            69           1656  java.util.regex.Pattern$Start
 515:            41           1640  org.springframework.core.log.CompositeLog
 516:            34           1632  com.fasterxml.jackson.databind.type.SimpleType
 517:            51           1632  org.springframework.format.support.FormattingConversionService$AnnotationParserConverter
 518:            51           1632  org.springframework.format.support.FormattingConversionService$AnnotationPrinterConverter
 519:            68           1632  org.zeroturnaround.bundled.javassist.bytecode.InterfaceMethodrefInfo
 520:            29           1624  java.util.concurrent.ConcurrentHashMap$ValueIterator
 521:            67           1608  org.springframework.boot.autoconfigure.condition.OnClassCondition
 522:            67           1608  org.springframework.core.type.StandardAnnotationMetadata
 523:           100           1600  java.util.concurrent.atomic.AtomicInteger
 524:            50           1600  org.springframework.messaging.simp.user.DefaultUserDestinationResolver$ParseResult
 525:            50           1600  org.springframework.messaging.simp.user.UserDestinationResult
 526:            25           1600  org.zeroturnaround.bundled.javassist.CtClassType
 527:            40           1600  sun.management.DiagnosticCommandArgumentInfo
 528:            18           1584  com.alibaba.fastjson.serializer.JSONSerializer
 529:            66           1584  com.zeroturnaround.reload.d
 530:            33           1584  java.io.BufferedReader
 531:            11           1584  org.apache.tomcat.util.net.NioEndpoint$NioSocketWrapper
 532:            65           1560  com.sun.jmx.mbeanserver.NamedObject
 533:            96           1536  java.util.HashMap$Values
 534:            48           1536  java.util.TreeMap$AscendingSubMap$AscendingEntrySetView
 535:            96           1536  java.util.WeakHashMap$KeySet
 536:            48           1536  java.util.regex.Pattern$Branch
 537:            64           1536  sun.nio.ch.Util$BufferCache
 538:            96           1536  sun.reflect.generics.tree.TypeVariableSignature
 539:            63           1512  com.fasterxml.jackson.databind.introspect.MemberKey
 540:            93           1488  com.sun.proxy.$Proxy11
 541:            93           1488  org.apache.juli.logging.DirectJDKLog
 542:            92           1472  com.sun.proxy.$Proxy36
 543:            92           1472  java.io.FileOutputStream$1
 544:            46           1472  org.springframework.boot.context.properties.bind.JavaBeanBinder$BeanProperty
 545:            45           1464  [Lorg.apache.tomcat.websocket.WsRemoteEndpointImplBase$State;
 546:            48           1448  [Ljava.util.regex.Pattern$Node;
 547:            30           1440  java.time.temporal.ValueRange
 548:            59           1416  java.util.regex.Pattern$BitClass
 549:            59           1416  org.springframework.boot.autoconfigure.condition.OnBeanCondition
 550:            59           1416  org.springframework.web.servlet.handler.AbstractUrlHandlerMapping$PathExposingHandlerInterceptor
 551:            25           1400  java.util.zip.ZipFile$ZipFileInflaterInputStream
 552:            25           1400  java.util.zip.ZipFile$ZipFileInputStream
 553:            35           1400  org.springframework.core.annotation.AnnotationUtils$AliasDescriptor
 554:            16           1392  [Ljava.lang.Byte;
 555:            58           1392  org.springframework.messaging.simp.stomp.StompHeaderAccessor
 556:            87           1392  sun.reflect.BootstrapConstructorAccessorImpl
 557:            50           1384  [Ljava.io.ObjectStreamField;
 558:            59           1384  [Lsun.reflect.generics.tree.TypeSignature;
 559:             1           1376  [Lsun.misc.FDBigInteger;
 560:            43           1376  com.zeroturnaround.javarebel.fxz
 561:            43           1376  sun.reflect.generics.reflectiveObjects.WildcardTypeImpl
 562:            43           1376  sun.security.x509.AlgorithmId
 563:            57           1368  org.zeroturnaround.bundled.javassist.bytecode.ExceptionsAttribute
 564:            85           1360  java.io.FileInputStream$1
 565:            34           1360  java.util.HashMap$ValueIterator
 566:            17           1360  org.springframework.web.method.HandlerMethod$ReturnValueMethodParameter
 567:            42           1344  [Ljava.time.format.DateTimeFormatterBuilder$DateTimePrinterParser;
 568:            42           1344  org.springframework.format.support.FormattingConversionService$PrinterConverter
 569:            28           1344  sun.security.x509.X500Name
 570:            55           1328  [Lcom.fasterxml.jackson.databind.JavaType;
 571:            55           1320  sun.net.www.MessageHeader
 572:            82           1312  java.util.Collections$SingletonSet
 573:            41           1312  org.springframework.web.servlet.mvc.condition.PatternsRequestCondition
 574:            54           1296  com.alibaba.fastjson.serializer.BeanContext
 575:            54           1296  java.security.spec.ECPoint
 576:            18           1296  org.springframework.web.servlet.mvc.method.annotation.ServletInvocableHandlerMethod
 577:            53           1280  [Lcom.fasterxml.jackson.databind.introspect.AnnotationMap;
 578:            39           1280  [Ljava.math.BigInteger;
 579:            40           1280  com.fasterxml.jackson.databind.util.TypeKey
 580:            40           1280  com.sysmin.core.jvm.domain.JpsDO
 581:            40           1280  java.net.Inet6Address
 582:            40           1280  java.net.Inet6Address$Inet6AddressHolder
 583:            32           1280  java.util.PropertyResourceBundle
 584:            31           1240  org.apache.tomcat.util.modeler.BaseModelMBean
 585:             7           1232  org.apache.coyote.Request
 586:            51           1224  java.util.Collections$SynchronizedSet
 587:            17           1224  org.springframework.web.context.request.async.StandardServletAsyncWebRequest
 588:            76           1216  com.sun.proxy.$Proxy39
 589:            38           1216  com.zeroturnaround.javarebel.gdi
 590:            76           1216  org.springframework.web.servlet.FrameworkServlet$RequestBindingInterceptor
 591:            19           1216  org.zeroturnaround.bundled.javassist.bytecode.ClassFile
 592:            30           1200  java.math.BigDecimal
 593:            30           1200  java.time.format.DateTimeFormatter
 594:            30           1200  java.time.temporal.ChronoField
 595:            50           1200  java.util.Comparator$$Lambda$445/316740616
 596:            50           1200  java.util.jar.Manifest
 597:            49           1176  java.util.concurrent.atomic.AtomicLong
 598:            49           1176  java.util.regex.Pattern$Ctype
 599:             7           1176  org.apache.catalina.connector.Request
 600:            49           1176  org.springframework.core.annotation.AnnotationUtils$AnnotationCacheKey
 601:            73           1168  org.springframework.beans.factory.support.ConstructorResolver$AutowiredArgumentMarker
 602:            29           1160  org.apache.tomcat.util.collections.ManagedConcurrentWeakHashMap$Key
 603:            18           1152  com.alibaba.fastjson.serializer.SerializeWriter
 604:            24           1152  com.fasterxml.jackson.databind.introspect.BasicBeanDescription
 605:            36           1152  com.fasterxml.jackson.databind.introspect.POJOPropertyBuilder$Linked
 606:             3           1152  org.apache.tomcat.websocket.BackgroundProcessManager$WsBackgroundThread
 607:            48           1152  org.springframework.messaging.simp.broker.DefaultSubscriptionRegistry$Subscription
 608:            48           1152  sun.reflect.generics.scope.MethodScope
 609:            48           1152  sun.reflect.generics.tree.Wildcard
 610:            69           1136  [Lorg.springframework.web.bind.annotation.RequestMethod;
 611:            71           1136  com.zeroturnaround.javarebel.gwx
 612:            71           1136  com.zeroturnaround.javarebel.gwy
 613:            71           1136  com.zeroturnaround.javarebel.gxd
 614:            47           1128  org.zeroturnaround.javarebel.integration.util.WeakUtil$WeakClassBytecodeProcessorAdapter
 615:             6           1120  [Lcom.fasterxml.jackson.databind.ser.impl.ReadOnlyClassToSerializerMap$Bucket;
 616:            35           1120  java.lang.StringCoding$StringEncoder
 617:            35           1120  java.time.format.DateTimeFormatterBuilder$NumberPrinterParser
 618:            70           1120  java.util.TreeMap$Values
 619:            14           1120  sun.security.x509.X509CertImpl
 620:            46           1104  com.zeroturnaround.javarebel.cmz
 621:            46           1096  [Lcom.zeroturnaround.javarebel.oc;
 622:            68           1088  [Lorg.apache.tomcat.util.modeler.NotificationInfo;
 623:            34           1088  com.fasterxml.jackson.databind.util.ObjectBuffer
 624:            34           1088  java.util.concurrent.LinkedBlockingQueue$Itr
 625:            17           1088  org.apache.catalina.mapper.MappingData
 626:            68           1088  org.springframework.context.i18n.SimpleLocaleContext
 627:            27           1080  java.util.IdentityHashMap
 628:            15           1080  org.springframework.web.method.HandlerMethod$HandlerMethodParameter
 629:            67           1072  com.sun.proxy.$Proxy4
 630:            67           1072  org.springframework.http.server.ServletServerHttpResponse$$Lambda$457/637273604
 631:            19           1064  org.springframework.http.CacheControl
 632:             2           1056  [Ljava.lang.Integer;
 633:             2           1056  [Ljava.lang.Long;
 634:             2           1056  [Ljava.lang.Short;
 635:            22           1056  java.util.Properties
 636:            44           1056  org.apache.coyote.ActionCode
 637:             1           1040  [Lsun.text.normalizer.UnicodeSet;
 638:            65           1040  org.springframework.context.annotation.ConfigurationClassEnhancer$BeanFactoryAwareGeneratorStrategy
 639:            43           1032  java.net.InetSocketAddress$InetSocketAddressHolder
 640:            32           1024  org.springframework.messaging.simp.broker.DefaultSubscriptionRegistry$DestinationCache$$Lambda$467/41453607
 641:            32           1024  org.springframework.web.socket.messaging.SessionSubscribeEvent
 642:            28           1008  [Lsun.security.x509.RDN;
 643:            63           1008  com.sun.proxy.$Proxy1
 644:            63           1008  com.sun.proxy.$Proxy7
 645:            42           1008  java.time.format.DateTimeFormatterBuilder$CompositePrinterParser
 646:            42           1008  org.springframework.format.support.FormattingConversionService$ParserConverter
 647:            42           1008  org.springframework.util.AntPathMatcher$AntPathStringMatcher
 648:            21           1008  sun.util.locale.provider.LocaleResources$ResourceReference
 649:            25           1000  sun.security.ssl.SupportedEllipticCurvesExtension$NamedEllipticCurve
 650:            61            976  java.util.concurrent.CopyOnWriteArraySet
 651:            23            968  [Lorg.apache.catalina.core.ApplicationFilterConfig;
 652:            60            960  com.zeroturnaround.javarebel.gvc
 653:            30            960  java.security.Provider$EngineDescription
 654:            24            960  org.springframework.beans.factory.support.DisposableBeanAdapter
 655:            20            960  sun.nio.cs.StreamEncoder
 656:            40            952  [Ljava.security.cert.Certificate;
 657:            17            952  org.springframework.validation.support.BindingAwareModelMap
 658:            39            936  org.apache.tomcat.util.collections.CaseInsensitiveKeyMap$Key
 659:            29            928  java.io.ObjectStreamClass$WeakClassKey
 660:            10            912  [D
 661:            19            912  [[Lorg.zeroturnaround.bundled.javassist.bytecode.ConstInfo;
 662:            38            912  org.springframework.messaging.simp.SimpAttributes
 663:            57            912  org.springframework.web.servlet.mvc.condition.ProducesRequestCondition$$Lambda$448/639656986
 664:            57            912  org.springframework.web.servlet.mvc.method.RequestMappingInfoHandlerMapping$PartialMatchHelper
 665:            19            912  sun.management.DiagnosticCommandInfo
 666:            14            896  [Lorg.apache.tomcat.util.http.MimeHeaderField;
 667:            28            896  com.fasterxml.jackson.databind.DeserializationFeature
 668:            16            896  com.fasterxml.jackson.databind.type.CollectionType
 669:            16            896  sun.nio.cs.ISO_8859_1$Encoder
 670:            16            896  sun.security.util.MemoryCache$SoftCacheEntry
 671:            22            880  com.sun.jmx.mbeanserver.MXBeanSupport
 672:            36            864  com.sun.org.apache.xerces.internal.util.XMLStringBuffer
 673:            54            864  com.sun.proxy.$Proxy6
 674:            36            864  com.zeroturnaround.javarebel.gly
 675:            18            864  java.util.EnumMap
 676:            36            864  org.zeroturnaround.javarebel.integration.util.WeakUtil$1
 677:            35            840  com.fasterxml.jackson.core.io.JsonStringEncoder
 678:            35            840  java.io.InputStreamReader
 679:            15            840  javax.management.openmbean.ArrayType
 680:            35            840  org.springframework.boot.devtools.filewatch.FolderSnapshot
 681:            35            840  org.springframework.core.convert.support.GenericConversionService$ConverterCacheKey
 682:            15            840  org.springframework.web.util.UriComponentsBuilder
 683:            26            832  com.fasterxml.jackson.databind.MapperFeature
 684:            26            832  com.fasterxml.jackson.databind.type.TypeBindings
 685:            26            832  org.hibernate.validator.internal.engine.valueextraction.ValueExtractorDescriptor
 686:            45            816  [Ljavax.management.MBeanNotificationInfo;
 687:            34            816  java.net.Inet4Address
 688:            17            816  org.springframework.web.method.support.ModelAndViewContainer
 689:             5            800  [Ljava.lang.Thread;
 690:            25            800  com.fasterxml.jackson.core.io.SerializedString
 691:            25            800  org.springframework.http.server.ServletServerHttpRequest
 692:            33            792  com.zeroturnaround.javarebel.ur
 693:            33            792  java.util.regex.Pattern$TreeInfo
 694:            33            792  org.springframework.beans.factory.config.ConstructorArgumentValues
 695:             7            784  org.apache.coyote.Response
 696:             2            784  org.springframework.boot.devtools.restart.Restarter$LeakSafeThread
 697:            14            784  sun.security.x509.X509CertInfo
 698:             8            768  [Lcom.sun.org.apache.xerces.internal.xni.QName;
 699:            24            768  com.fasterxml.jackson.databind.introspect.AnnotatedField
 700:            32            768  com.sun.jmx.mbeanserver.DefaultMXBeanMappingFactory$IdentityMapping
 701:            16            768  com.sun.org.apache.xerces.internal.util.XMLAttributesImpl$Attribute
 702:            48            768  com.zeroturnaround.javarebel.hac
 703:            48            768  java.util.regex.Pattern$BranchConn
 704:            24            768  org.springframework.web.servlet.handler.AbstractHandlerMethodMapping$MappingRegistration
 705:            24            768  sun.security.x509.OIDMap$OIDInfo
 706:            47            752  java.util.concurrent.atomic.AtomicReference
 707:            31            744  com.sun.org.apache.xerces.internal.xni.XMLString
 708:            31            744  com.zeroturnaround.javarebel.guf
 709:            31            744  java.util.concurrent.ConcurrentHashMap$KeySetView
 710:            31            744  java.util.regex.Pattern$5
 711:            23            736  com.fasterxml.jackson.databind.SerializationFeature
 712:            23            736  com.sun.jmx.mbeanserver.WeakIdentityHashMap$IdentityWeakReference
 713:            46            736  java.util.regex.Pattern$Dot
 714:            44            728  [Ljavax.management.MBeanConstructorInfo;
 715:            13            728  java.lang.invoke.LambdaFormEditor$Transform
 716:             7            728  org.apache.coyote.http11.Http11Processor
 717:             5            720  [Lcom.fasterxml.jackson.core.sym.CharsToNameCanonicalizer$Bucket;
 718:             9            720  [Lcom.zeroturnaround.javarebel.avx;
 719:             5            720  [Ljava.beans.MethodDescriptor;
 720:            30            720  com.alibaba.fastjson.serializer.SerializerFeature
 721:             9            720  com.zeroturnaround.javarebel.gdq
 722:            15            720  java.lang.management.PlatformComponent
 723:            30            720  java.util.regex.Pattern$7
 724:            30            720  org.apache.tomcat.util.res.StringManager
 725:            18            720  org.hibernate.validator.internal.metadata.aggregated.CascadingMetaDataBuilder
 726:            30            720  org.jboss.logging.Log4j2Logger
 727:             9            720  org.springframework.web.servlet.mvc.method.annotation.ExtendedServletRequestDataBinder
 728:            15            720  org.springframework.web.util.HierarchicalUriComponents
 729:            22            704  java.io.DataOutputStream
 730:            22            704  java.util.Locale
 731:            11            704  sun.nio.cs.ext.DoubleByte$Encoder
 732:            43            688  java.net.InetSocketAddress
 733:            17            680  java.util.concurrent.LinkedBlockingDeque
 734:            17            680  org.springframework.util.AntPathMatcher
 735:            12            672  com.fasterxml.jackson.databind.introspect.POJOPropertyBuilder
 736:            28            672  com.zeroturnaround.javarebel.gue
 737:            21            672  java.util.PropertyPermission
 738:            28            672  java.util.concurrent.ConcurrentLinkedQueue$Node
 739:            28            672  java.util.concurrent.Executors$RunnableAdapter
 740:            14            672  java.util.concurrent.LinkedBlockingQueue
 741:            12            672  java.util.zip.Deflater
 742:            12            672  sun.security.ssl.CipherSuite$BulkCipher
 743:            21            672  sun.util.locale.BaseLocale
 744:            41            656  org.springframework.web.servlet.mvc.condition.RequestConditionHolder
 745:             9            648  com.zeroturnaround.javarebel.ggp
 746:            27            648  java.util.regex.Pattern$1
 747:            12            640  [Lcom.alibaba.fastjson.serializer.FieldSerializer;
 748:            12            640  [Lcom.alibaba.fastjson.util.FieldInfo;
 749:            40            640  com.sun.proxy.$Proxy51
 750:            20            640  org.zeroturnaround.javarebel.reporting.MessageType
 751:            16            640  sun.misc.FloatingDecimal$BinaryToASCIIBuffer
 752:            20            640  sun.security.x509.URIName
 753:             3            624  [Ljava.lang.invoke.LambdaForm;
 754:            13            624  com.fasterxml.jackson.core.JsonToken
 755:            13            624  com.fasterxml.jackson.core.json.JsonWriteContext
 756:            26            624  java.security.spec.ECFieldF2m
 757:            26            624  java.time.Duration
 758:            39            624  java.util.regex.Pattern$CharPropertyNames$1
 759:            26            624  org.hibernate.validator.internal.engine.valueextraction.ValueExtractorDescriptor$Key
 760:            11            616  com.fasterxml.jackson.databind.cfg.BaseSettings
 761:             7            616  org.apache.coyote.RequestInfo
 762:             7            616  org.apache.coyote.http11.Http11InputBuffer
 763:            19            608  org.apache.tomcat.util.http.NamesEnumerator
 764:            19            608  org.zeroturnaround.bundled.javassist.bytecode.ConstPool
 765:            19            608  sun.management.DiagnosticCommandImpl$Wrapper
 766:            15            600  com.sun.jmx.mbeanserver.PerInterface
 767:            25            600  com.sun.jmx.mbeanserver.PerInterface$MethodAndSig
 768:            25            600  com.zeroturnaround.jrebel.bundled.org.apache.commons.logging.impl.SLF4JLog
 769:            15            600  java.lang.invoke.DirectMethodHandle$Accessor
 770:            15            600  org.apache.tomcat.util.buf.Utf8Decoder
 771:            25            600  org.springframework.scheduling.support.DelegatingErrorHandlingRunnable
 772:            25            600  sun.nio.cs.CharsetMapping$Entry
 773:            18            576  com.alibaba.fastjson.serializer.SerialContext
 774:             9            576  com.zeroturnaround.javarebel.axz
 775:             8            576  org.apache.catalina.core.ApplicationHttpRequest
 776:             4            576  org.apache.tomcat.websocket.WsSession
 777:            12            576  org.hibernate.validator.internal.metadata.raw.ConstrainedExecutable
 778:            18            576  org.springframework.context.event.AbstractApplicationEventMulticaster$ListenerRetriever
 779:            18            576  org.springframework.messaging.simp.broker.SimpleBrokerMessageHandler$$Lambda$472/707873527
 780:            24            576  org.springframework.web.socket.sockjs.frame.SockJsFrame
 781:            24            576  org.springframework.web.socket.sockjs.transport.session.AbstractSockJsSession$HeartbeatTask
 782:            24            576  org.springframework.web.util.UrlPathHelper
 783:            36            576  org.zeroturnaround.javarebel.integration.util.MiscUtil$2
 784:            18            576  org.zeroturnaround.jrebel.stats.id.container.ServerType
 785:            10            560  com.fasterxml.jackson.databind.type.MapType
 786:            14            560  javax.management.openmbean.SimpleType
 787:            14            560  org.apache.tomcat.util.http.ServerCookie
 788:            14            560  org.springframework.beans.propertyeditors.CustomNumberEditor
 789:            10            560  sun.invoke.util.Wrapper
 790:            10            560  sun.security.provider.SHA
 791:             4            552  [Ljava.util.concurrent.RunnableScheduledFuture;
 792:            23            552  com.alibaba.fastjson.parser.Feature
 793:            23            552  java.util.regex.Pattern$CharProperty$1
 794:             2            544  [Ljava.lang.Character;
 795:            17            544  com.sun.org.apache.xerces.internal.util.AugmentationsImpl$SmallContainer
 796:            17            544  java.lang.ConditionalSpecialCasing$Entry
 797:            34            544  java.time.format.DateTimeFormatterBuilder$CharLiteralPrinterParser
 798:            17            544  org.springframework.core.annotation.DefaultAnnotationAttributeExtractor
 799:            17            544  org.springframework.web.servlet.mvc.method.annotation.RequestMappingHandlerAdapter$$Lambda$440/161765989
 800:             1            536  org.springframework.boot.web.embedded.tomcat.TomcatEmbeddedContext
 801:            22            528  com.zeroturnaround.licensing.b
 802:            22            528  java.io.ObjectStreamClass$ClassDataSlot
 803:            22            528  java.util.regex.Pattern$Ques
 804:            13            520  java.lang.invoke.MethodHandleImpl$IntrinsicMethodHandle
 805:            13            520  sun.nio.ch.SocketAdaptor
 806:             8            512  java.security.SecureRandom
 807:            16            512  java.time.temporal.ChronoUnit
 808:            16            512  org.apache.catalina.core.ApplicationMapping$MappingImpl
 809:             8            512  org.springframework.beans.factory.support.DefaultListableBeanFactory$NestedDependencyDescriptor
 810:            16            512  org.zeroturnaround.javarebel.support.URLResource
 811:             8            512  sun.nio.ch.FileChannelImpl
 812:            16            512  sun.security.ssl.CipherSuite$KeyExchange
 813:            21            504  java.util.AbstractMap$SimpleImmutableEntry
 814:             7            504  java.util.concurrent.ThreadPoolExecutor
 815:             9            504  javax.management.openmbean.CompositeType
 816:             9            504  javax.management.openmbean.OpenMBeanParameterInfoSupport
 817:             7            504  org.apache.catalina.connector.InputBuffer
 818:             7            504  org.apache.tomcat.util.http.Parameters
 819:            21            504  org.springframework.core.convert.support.GenericConversionService$ConverterFactoryAdapter
 820:             9            504  sun.nio.cs.ext.DoubleByte$Decoder
 821:            21            504  sun.security.x509.AVAKeyword
 822:            31            496  com.sun.proxy.$Proxy43
 823:            31            496  com.sun.proxy.$Proxy60
 824:            31            496  java.lang.Boolean
 825:            31            496  org.springframework.core.SerializableTypeWrapper$TypeProxyInvocationHandler
 826:            31            496  sun.reflect.generics.tree.ArrayTypeSignature
 827:            25            488  [Lorg.springframework.core.MethodParameter;
 828:            19            488  [Lsun.management.DiagnosticCommandArgumentInfo;
 829:            12            480  ch.qos.logback.core.status.InfoStatus
 830:             5            480  com.fasterxml.jackson.core.json.UTF8JsonGenerator
 831:             6            480  com.sun.org.apache.xalan.internal.xsltc.trax.TransformerFactoryImpl
 832:            12            480  java.io.ObjectStreamClass$FieldReflector
 833:            12            480  java.io.ObjectStreamClass$FieldReflectorKey
 834:            20            480  java.io.OutputStreamWriter
 835:            15            480  java.lang.StringCoding$StringDecoder
 836:            15            480  java.util.concurrent.ConcurrentHashMap$ForwardingNode
 837:            20            480  org.apache.catalina.LifecycleEvent
 838:            15            480  org.apache.catalina.core.ApplicationFilterChain
 839:             2            480  org.apache.catalina.core.StandardWrapper
 840:            10            480  org.apache.catalina.util.Extension
 841:            30            480  org.apache.logging.log4j.message.MessageFormatMessageFactory
 842:             4            480  org.apache.tomcat.websocket.server.WsRemoteEndpointImplServer
 843:            10            480  org.springframework.beans.SimpleTypeConverter
 844:            15            480  org.springframework.messaging.simp.stomp.StompCommand
 845:            20            480  org.springframework.web.method.support.HandlerMethodArgumentResolverComposite
 846:            20            480  org.springframework.web.socket.CloseStatus
 847:            20            480  org.zeroturnaround.javarebel.reporting.MessageType$Strategy
 848:            20            480  sun.nio.ch.SocketOptionRegistry$RegistryKey
 849:            29            464  com.sun.proxy.$Proxy5
 850:            29            464  com.zeroturnaround.javarebel.fj
 851:            29            464  org.hibernate.validator.internal.util.logging.Log_$logger
 852:             6            456  [Lsun.invoke.util.Wrapper;
 853:            19            456  java.lang.invoke.Invokers
 854:            19            456  java.util.BitSet
 855:            19            456  org.springframework.context.support.MessageSourceAccessor
 856:            19            456  org.springframework.web.socket.config.annotation.DelegatingWebSocketMessageBrokerConfiguration$$EnhancerBySpringCGLIB$$151c7e11$$FastClassBySpringCGLIB$$d316366f
 857:            19            456  org.zeroturnaround.bundled.javassist.bytecode.ConstantAttribute
 858:            19            456  org.zeroturnaround.bundled.javassist.bytecode.LongVector
 859:            19            456  org.zeroturnaround.bundled.javassist.bytecode.SourceFileAttribute
 860:            19            456  org.zeroturnaround.javarebel.IDENotifications$IDENotificationType
 861:            14            448  [Lorg.apache.coyote.http11.InputFilter;
 862:            14            448  [Lorg.apache.coyote.http11.OutputFilter;
 863:            14            448  com.fasterxml.jackson.core.JsonParser$Feature
 864:            28            448  com.sun.proxy.$Proxy37
 865:            28            448  com.zeroturnaround.javarebel.gzr
 866:             7            448  org.apache.catalina.connector.OutputBuffer
 867:             7            448  org.apache.catalina.connector.Response
 868:             7            448  org.apache.coyote.http11.filters.ChunkedInputFilter
 869:             4            448  org.apache.tomcat.websocket.server.WsFrameServer
 870:             8            448  org.springframework.context.annotation.CommonAnnotationBeanPostProcessor$ResourceElement
 871:             8            448  org.springframework.core.ResolvableType$1
 872:            28            448  org.springframework.core.convert.support.ObjectToStringConverter
 873:             8            448  org.springframework.ui.ModelMap
 874:            14            448  sun.security.util.MemoryCache
 875:            20            440  [Lcom.alibaba.fastjson.serializer.SerializerFeature;
 876:             5            440  [[I
 877:            11            440  org.apache.tomcat.util.log.UserDataHelper
 878:            11            440  sun.security.rsa.RSAPublicKeyImpl
 879:            11            440  sun.security.x509.AuthorityKeyIdentifierExtension
 880:             1            432  [[[C
 881:             6            432  com.fasterxml.jackson.databind.introspect.POJOPropertiesCollector
 882:            27            432  com.sun.proxy.$Proxy66
 883:            27            432  java.security.spec.ECFieldFp
 884:            18            432  java.text.DateFormat$Field
 885:            18            432  org.springframework.format.datetime.standard.TemporalAccessorParser
 886:            18            432  org.springframework.web.servlet.mvc.method.annotation.ServletRequestDataBinderFactory
 887:             9            432  org.zeroturnaround.bundled.javassist.CtPrimitiveType
 888:            18            432  sun.misc.MetaIndex
 889:             1            424  [Lcom.sun.org.apache.xerces.internal.util.SymbolTable$Entry;
 890:            20            416  [Lorg.apache.catalina.Container;
 891:            13            416  java.lang.invoke.SimpleMethodHandle
 892:            13            416  java.net.Socket
 893:            13            416  java.security.AlgorithmParameters
 894:            17            408  com.sun.org.apache.xerces.internal.util.SymbolTable$Entry
 895:            17            408  org.springframework.boot.ansi.AnsiColor
 896:            17            408  org.springframework.boot.autoconfigure.web.servlet.WebMvcAutoConfiguration$EnableWebMvcConfiguration$$EnhancerBySpringCGLIB$$8f1f0dbe$$FastClassBySpringCGLIB$$391e50d8
 897:            17            408  org.springframework.core.annotation.SynthesizedAnnotationInvocationHandler
 898:            17            408  org.springframework.util.AntPathMatcher$PathSeparatorPatternCache
 899:            17            408  org.springframework.web.method.annotation.ModelFactory
 900:            17            408  org.springframework.web.servlet.handler.AbstractHandlerMethodMapping$Match
 901:            17            408  org.springframework.web.servlet.handler.AbstractHandlerMethodMapping$MatchComparator
 902:            17            408  org.springframework.web.servlet.mvc.method.annotation.RequestMappingHandlerAdapter$$Lambda$439/206922740
 903:             5            400  com.fasterxml.jackson.databind.DeserializationConfig
 904:             5            400  com.fasterxml.jackson.databind.SerializationConfig
 905:            25            400  com.sun.proxy.$Proxy8
 906:            25            400  java.nio.channels.spi.AbstractInterruptibleChannel$1
 907:            10            400  javax.crypto.CryptoPermission
 908:            25            400  org.springframework.core.$Proxy27
 909:            25            400  org.springframework.web.servlet.mvc.condition.ConsumesRequestCondition
 910:            25            400  org.springframework.web.servlet.mvc.condition.HeadersRequestCondition
 911:            25            400  org.springframework.web.servlet.mvc.condition.RequestMethodsRequestCondition
 912:            10            400  sun.nio.cs.ISO_8859_1$Decoder
 913:            10            400  sun.rmi.transport.tcp.TCPEndpoint
 914:             1            392  com.zeroturnaround.javarebel.pb
 915:             1            392  com.zeroturnaround.javarebel.vo
 916:             7            392  org.apache.catalina.connector.CoyoteReader
 917:             7            392  org.apache.coyote.http11.Http11OutputBuffer
 918:             1            392  org.apache.tomcat.util.net.NioBlockingSelector$BlockPoller
 919:            12            384  [Lcom.fasterxml.jackson.databind.ser.BeanPropertyWriter;
 920:            16            384  com.fasterxml.jackson.databind.PropertyName
 921:             1            384  com.intellij.rt.execution.application.AppMainV2$1
 922:            24            384  com.sun.proxy.$Proxy24
 923:             1            384  com.zeroturnaround.javarebel.aas
 924:             1            384  com.zeroturnaround.javarebel.adk
 925:             1            384  com.zeroturnaround.javarebel.bd
 926:             1            384  com.zeroturnaround.javarebel.bu
 927:             1            384  com.zeroturnaround.javarebel.cc
 928:             1            384  com.zeroturnaround.javarebel.cd
 929:             8            384  com.zeroturnaround.javarebel.geo
 930:             1            384  com.zeroturnaround.javarebel.oh
 931:             1            384  java.lang.ref.Finalizer$FinalizerThread
 932:             8            384  java.net.SocketInputStream
 933:            12            384  java.security.MessageDigest$Delegate
 934:             1            384  java.util.logging.LogManager$Cleaner
 935:            12            384  org.apache.catalina.LifecycleState
 936:             8            384  org.apache.catalina.core.ApplicationDispatcher
 937:            24            384  org.apache.tomcat.websocket.WsRemoteEndpointImplBase$BlockingSendHandler
 938:             8            384  org.springframework.beans.PropertyValue
 939:            12            384  org.springframework.boot.context.properties.source.SpringIterableConfigurationPropertySource
 940:             1            384  org.springframework.boot.web.embedded.tomcat.TomcatWebServer$1
 941:             1            384  org.springframework.context.support.AbstractApplicationContext$1
 942:            16            384  org.springframework.messaging.simp.config.AbstractMessageBrokerConfiguration$$FastClassBySpringCGLIB$$aaa385a0
 943:            16            384  org.springframework.web.method.annotation.SessionAttributesHandler$$Lambda$443/1742892465
 944:            24            384  org.springframework.web.servlet.mvc.condition.ParamsRequestCondition
 945:             6            384  org.springframework.web.servlet.view.InternalResourceView
 946:            16            384  org.zeroturnaround.javarebel.integration.support.AvoidDuplicatePatchingCBP
 947:            16            384  sun.nio.ch.OptionKey
 948:             3            384  sun.nio.ch.WindowsSelectorImpl
 949:            16            384  sun.nio.cs.Surrogate$Parser
 950:            24            384  sun.security.x509.GeneralName
 951:             7            376  [Lcom.sun.org.apache.xalan.internal.utils.XMLSecurityManager$State;
 952:             1            376  com.zeroturnaround.javarebel.an
 953:             1            376  com.zeroturnaround.javarebel.be
 954:             1            376  com.zeroturnaround.javarebel.gl
 955:             1            376  com.zeroturnaround.javarebel.uw
 956:             1            376  com.zeroturnaround.reload.b
 957:             1            376  com.zeroturnaround.reload.t
 958:             1            376  java.lang.ref.Reference$ReferenceHandler
 959:            12            368  [Ljava.net.InetAddress;
 960:            23            368  org.springframework.core.DefaultParameterNameDiscoverer
 961:            23            368  org.springframework.core.LocalVariableTableParameterNameDiscoverer
 962:            23            368  org.springframework.core.StandardReflectionParameterNameDiscoverer
 963:            23            368  sun.security.x509.DNSName
 964:             9            360  com.sun.org.apache.xalan.internal.utils.XMLSecurityManager$Limit
 965:             9            360  com.sun.org.apache.xerces.internal.utils.XMLSecurityManager$Limit
 966:             9            360  java.lang.ClassLoader$NativeLibrary
 967:             9            360  java.lang.invoke.DirectMethodHandle$Constructor
 968:            15            360  java.net.InetAddress
 969:            15            360  java.util.concurrent.locks.ReentrantReadWriteLock$Sync$HoldCounter
 970:            15            360  javax.management.StandardMBean
 971:            15            360  javax.websocket.CloseReason$CloseCodes
 972:            15            360  org.apache.catalina.core.ApplicationMapping
 973:             9            360  sun.nio.ch.SelectionKeyImpl
 974:            11            352  com.fasterxml.jackson.databind.introspect.AnnotatedConstructor
 975:             1            352  com.sun.org.apache.xerces.internal.impl.XMLNSDocumentScannerImpl
 976:            11            352  com.zeroturnaround.javarebel.bga
 977:             4            352  org.springframework.web.socket.sockjs.transport.session.WebSocketServerSockJsSession
 978:            22            352  org.zeroturnaround.javarebel.integration.util.MonitorUtil$MonitorHolder
 979:            11            352  sun.reflect.generics.repository.ConstructorRepository
 980:            11            352  sun.security.ssl.SignatureAndHashAlgorithm
 981:            22            352  sun.security.x509.KeyIdentifier
 982:            11            352  sun.security.x509.SubjectKeyIdentifierExtension
 983:             1            344  com.sun.org.apache.xerces.internal.impl.XMLDocumentScannerImpl
 984:            13            336  [Ljava.io.ObjectStreamClass$ClassDataSlot;
 985:            14            336  ch.qos.logback.core.spi.ContextAwareBase
 986:            21            336  com.fasterxml.jackson.databind.ser.std.ToStringSerializer
 987:            14            336  com.fasterxml.jackson.databind.type.TypeBindings$AsKey
 988:             7            336  com.sun.jmx.mbeanserver.DefaultMXBeanMappingFactory$CompositeMapping
 989:            21            336  com.sun.proxy.$Proxy26
 990:            14            336  java.lang.invoke.LambdaFormEditor$Transform$Kind
 991:             7            336  java.net.SocketOutputStream
 992:             6            336  java.nio.DirectLongBufferU
 993:            14            336  org.apache.tomcat.util.http.MimeHeaders
 994:            21            336  org.springframework.boot.autoconfigure.condition.OnPropertyCondition
 995:            14            336  org.springframework.boot.context.properties.source.SpringConfigurationPropertySource$DelegatingPropertyMapper
 996:             3            336  org.springframework.web.servlet.resource.ResourceHttpRequestHandler
 997:             6            336  sun.management.MemoryPoolImpl
 998:            14            336  sun.security.util.BitArray
 999:            14            336  sun.security.util.Cache$EqualByteArray
1000:            14            336  sun.security.x509.CertificateValidity
1001:            13            328  [Lcom.sun.org.apache.xalan.internal.utils.FeaturePropertyBase$State;
1002:            16            328  [Ljava.lang.management.PlatformComponent;
1003:            10            320  [Ljava.nio.channels.SelectionKey;
1004:             4            320  [Lorg.hibernate.validator.internal.util.ConcurrentReferenceHashMap$Segment;
1005:            10            320  com.fasterxml.jackson.core.JsonGenerator$Feature
1006:             5            320  com.fasterxml.jackson.core.sym.ByteQuadsCanonicalizer
1007:             5            320  com.fasterxml.jackson.databind.ObjectMapper
1008:             8            320  com.fasterxml.jackson.databind.ObjectWriter
1009:             5            320  com.fasterxml.jackson.datatype.jsr310.JavaTimeModule
1010:            20            320  com.sun.proxy.$Proxy31
1011:            20            320  com.sun.proxy.$Proxy58
1012:            10            320  com.zeroturnaround.javarebel.fxo
1013:            10            320  java.lang.OutOfMemoryError
1014:             8            320  org.apache.catalina.core.ApplicationDispatcher$State
1015:            10            320  sun.security.jca.ProviderConfig
1016:             8            320  sun.security.ssl.SignatureAndHashAlgorithm$HashAlgorithm
1017:            10            320  sun.security.util.DisabledAlgorithmConstraints$KeySizeConstraint
1018:            10            320  sun.security.x509.BasicConstraintsExtension
1019:            13            312  java.lang.management.ManagementPermission
1020:            13            312  org.apache.coyote.AsyncStateMachine$AsyncState
1021:            13            312  org.springframework.beans.factory.config.BeanExpressionContext
1022:            13            312  org.springframework.boot.context.properties.source.SpringIterableConfigurationPropertySource$Cache
1023:            13            312  org.springframework.web.servlet.handler.AbstractHandlerMapping$CorsInterceptor
1024:            13            312  sun.security.ssl.ExtensionType
1025:            13            312  sun.security.x509.AccessDescription
1026:            19            304  com.sun.proxy.$Proxy62
1027:             9            288  [Ljava.lang.invoke.LambdaForm$BasicType;
1028:             1            288  [Lorg.springframework.http.HttpStatus;
1029:            12            288  ch.qos.logback.core.pattern.LiteralConverter
1030:             9            288  com.alibaba.fastjson.asm.Type
1031:             9            288  com.fasterxml.classmate.types.ResolvedPrimitiveType
1032:            12            288  com.fasterxml.jackson.databind.util.LRUMap
1033:            12            288  com.sun.jmx.remote.util.ClassLogger
1034:            18            288  com.sun.proxy.$Proxy35
1035:            18            288  com.sun.proxy.$Proxy50
1036:             3            288  com.sysmin.core.jvm.domain.jstat.GcHeapDO
1037:            12            288  com.zeroturnaround.javarebel.byk
1038:            12            288  java.beans.PropertyChangeSupport
1039:             9            288  java.lang.ProcessBuilder
1040:            18            288  java.util.TreeSet
1041:             9            288  java.util.logging.Level
1042:            18            288  java.util.regex.Pattern$CharPropertyNames$4
1043:             9            288  jdk.internal.org.objectweb.asm.Type
1044:            12            288  org.springframework.core.io.DefaultResourceLoader
1045:            18            288  org.springframework.format.datetime.standard.TemporalAccessorPrinter
1046:            18            288  org.springframework.messaging.support.MessageHeaderAccessor$$Lambda$473/1671748845
1047:             3            288  org.springframework.scheduling.concurrent.ThreadPoolTaskExecutor
1048:            12            288  org.springframework.web.method.annotation.AbstractNamedValueMethodArgumentResolver$NamedValueInfo
1049:            12            288  org.springframework.web.servlet.config.annotation.WebMvcConfigurationSupport$$FastClassBySpringCGLIB$$69f69f7c
1050:            12            288  org.zeroturnaround.bundled.javassist.bytecode.IntegerInfo
1051:             9            288  sun.nio.ch.WindowsSelectorImpl$MapEntry
1052:             9            288  sun.security.provider.SecureRandom
1053:             9            288  sun.security.x509.KeyUsageExtension
1054:             7            280  [Ljava.lang.invoke.BoundMethodHandle$SpeciesData;
1055:             5            280  com.fasterxml.jackson.databind.MappingJsonFactory
1056:             7            280  java.lang.invoke.BoundMethodHandle$Species_LL
1057:             7            280  org.apache.coyote.AsyncStateMachine
1058:             7            280  org.apache.coyote.http11.filters.ChunkedOutputFilter
1059:             7            280  org.apache.coyote.http11.filters.IdentityInputFilter
1060:             7            280  org.springframework.boot.logging.logback.ColorConverter
1061:             7            280  org.springframework.core.io.ResourceEditor
1062:            17            272  com.sun.org.apache.xerces.internal.util.AugmentationsImpl
1063:            17            272  org.springframework.http.HttpHeaders
1064:            17            272  org.springframework.ui.ModelMap$$Lambda$441/2008844861
1065:            17            272  org.springframework.util.LinkedMultiValueMap$$Lambda$471/921419418
1066:            17            272  org.springframework.web.bind.support.SimpleSessionStatus
1067:            17            272  org.springframework.web.context.request.async.WebAsyncManager$$Lambda$442/967570750
1068:            17            272  org.springframework.web.servlet.mvc.method.RequestMappingInfoHandlerMapping$$Lambda$438/121091984
1069:            11            264  com.zeroturnaround.javarebel.cly
1070:            11            264  com.zeroturnaround.javarebel.xp
1071:            11            264  com.zeroturnaround.jrebel.bundled.org.bouncycastle.jcajce.provider.asymmetric.ec.KeyFactorySpi$EC
1072:            11            264  java.net.StandardSocketOptions$StdSocketOption
1073:             3            264  java.util.jar.JarVerifier
1074:            11            264  org.apache.tomcat.util.net.WriteBuffer
1075:            11            264  org.springframework.beans.TypeConverterDelegate
1076:            11            264  org.zeroturnaround.javarebel.reporting.stats.repository.DailyFieldId
1077:            11            264  sun.reflect.annotation.TypeAnnotation$TypeAnnotationTarget
1078:            11            264  sun.reflect.generics.scope.ConstructorScope
1079:            11            264  sun.security.x509.CertificateExtensions
1080:             2            256  [Lcom.fasterxml.jackson.databind.DeserializationFeature;
1081:            11            256  [Lcom.fasterxml.jackson.databind.ser.Serializers;
1082:             8            256  [Ljava.text.SimpleDateFormat;
1083:             4            256  com.fasterxml.jackson.databind.ser.std.MapSerializer
1084:             4            256  com.sun.crypto.provider.GHASH
1085:             8            256  java.io.RandomAccessFile
1086:            16            256  java.util.Formatter$Flags
1087:             8            256  java.util.Random
1088:            16            256  java.util.TreeMap$KeySet
1089:             8            256  javax.management.MBeanNotificationInfo
1090:             8            256  org.apache.tomcat.util.net.NioChannel
1091:             4            256  org.springframework.beans.factory.config.DependencyDescriptor
1092:             8            256  org.springframework.beans.factory.support.DefaultListableBeanFactory$DependencyObjectProvider
1093:            16            256  org.springframework.core.MethodParameter$$Lambda$129/2120063568
1094:             8            256  org.springframework.web.servlet.ModelAndView
1095:             8            256  org.zeroturnaround.javarebel.preferences.PreferencesTransaction$1
1096:             8            256  sun.misc.ProxyGenerator$PrimitiveTypeInfo
1097:             8            248  [Ljava.lang.invoke.LambdaForm$NamedFunction;
1098:             6            240  [Lcom.fasterxml.jackson.core.JsonEncoding;
1099:             2            240  [Lcom.fasterxml.jackson.databind.MapperFeature;
1100:             6            240  [Lcom.zeroturnaround.javarebel.bop;
1101:             5            240  [Ljava.beans.PropertyDescriptor;
1102:             6            240  [Ljava.util.Formatter$Flags;
1103:             2            240  [Lsun.nio.cs.CharsetMapping$Entry;
1104:             6            240  com.alibaba.fastjson.serializer.SerializeBeanInfo
1105:            10            240  com.fasterxml.classmate.util.ClassKey
1106:            10            240  com.fasterxml.jackson.annotation.JsonFormat$Shape
1107:            10            240  com.fasterxml.jackson.core.util.BufferRecycler
1108:            10            240  com.fasterxml.jackson.databind.module.SimpleSerializers
1109:             5            240  com.fasterxml.jackson.databind.ser.BeanSerializer
1110:            10            240  com.sun.org.apache.xerces.internal.impl.XMLScanner$NameType
1111:            15            240  com.sun.proxy.$Proxy40
1112:             3            240  com.zeroturnaround.javarebel.gdt
1113:             5            240  java.beans.BeanDescriptor
1114:             6            240  java.io.BufferedWriter
1115:            10            240  java.lang.annotation.ElementType
1116:             6            240  java.lang.invoke.BoundMethodHandle$SpeciesData
1117:            10            240  java.security.CryptoPrimitive
1118:             6            240  java.util.Formatter$FormatSpecifier
1119:             3            240  java.util.concurrent.ScheduledThreadPoolExecutor
1120:            10            240  org.apache.catalina.core.ApplicationContext$DispatchData
1121:             5            240  org.apache.tomcat.util.descriptor.web.FilterDef
1122:             3            240  org.apache.tomcat.websocket.server.WsHttpUpgradeHandler
1123:             1            240  org.springframework.beans.factory.support.DefaultListableBeanFactory
1124:            10            240  org.springframework.boot.autoconfigure.cache.CacheType
1125:            10            240  org.springframework.boot.autoconfigure.condition.OnWebApplicationCondition
1126:            15            240  org.springframework.util.CollectionUtils$$Lambda$357/1915259704
1127:            10            240  org.springframework.util.unit.DataSize
1128:             6            240  org.springframework.web.accept.PathExtensionContentNegotiationStrategy
1129:            15            240  org.springframework.web.util.UriComponentsBuilder$CompositePathComponentBuilder
1130:             6            240  sun.management.MemoryPoolImpl$CollectionSensor
1131:             6            240  sun.management.MemoryPoolImpl$PoolSensor
1132:            10            240  sun.rmi.runtime.Log$LoggerLog
1133:            10            240  sun.security.x509.PolicyInformation
1134:             8            232  [Ljava.lang.Boolean;
1135:             4            232  [[Ljava.lang.String;
1136:             2            224  [Lcom.fasterxml.jackson.databind.SerializationFeature;
1137:             7            224  [Lorg.apache.tomcat.util.http.ServerCookie;
1138:             7            224  com.fasterxml.jackson.core.util.ByteArrayBuilder
1139:            14            224  com.sun.proxy.$Proxy38
1140:             4            224  com.zeroturnaround.javarebel.brh
1141:            14            224  java.rmi.server.Operation
1142:             7            224  java.rmi.server.UID
1143:            14            224  java.util.Optional
1144:            14            224  java.util.concurrent.ConcurrentHashMap$EntrySetView
1145:             4            224  javax.management.openmbean.OpenMBeanOperationInfoSupport
1146:             7            224  org.apache.coyote.http11.Http11InputBuffer$HeaderParseData
1147:             7            224  org.apache.coyote.http11.filters.BufferedInputFilter
1148:             7            224  org.apache.coyote.http11.filters.IdentityOutputFilter
1149:             7            224  org.apache.tomcat.util.buf.B2CConverter
1150:             7            224  org.apache.tomcat.util.buf.UEncoder
1151:             7            224  org.apache.tomcat.util.digester.ObjectCreateRule
1152:             7            224  org.apache.tomcat.util.digester.SetNextRule
1153:             7            224  org.apache.tomcat.util.http.parser.HttpParser$DomainParseState
1154:             4            224  org.apache.tomcat.websocket.PerMessageDeflate
1155:             7            224  org.springframework.boot.convert.DurationStyle$Unit
1156:             4            224  org.springframework.web.socket.adapter.standard.StandardWebSocketSession
1157:             4            224  sun.rmi.transport.Target
1158:             7            224  sun.security.x509.AuthorityInfoAccessExtension
1159:             7            224  sun.security.x509.CRLDistributionPointsExtension
1160:            14            224  sun.security.x509.CertificateAlgorithmId
1161:             7            224  sun.security.x509.CertificatePoliciesExtension
1162:            14            224  sun.security.x509.CertificateSerialNumber
1163:            14            224  sun.security.x509.CertificateVersion
1164:            14            224  sun.security.x509.CertificateX509Key
1165:             7            224  sun.security.x509.DistributionPoint
1166:            14            224  sun.security.x509.SerialNumber
1167:             9            216  [Ljava.net.InetSocketAddress;
1168:             3            216  com.sysmin.core.jvm.domain.jstat.GcUtilDO
1169:             3            216  com.zeroturnaround.javarebel.cdb
1170:             9            216  java.lang.ProcessImpl$2
1171:             9            216  java.nio.file.attribute.PosixFilePermission
1172:             9            216  java.time.format.DateTimeFormatterBuilder$LocalizedPrinterParser
1173:             9            216  java.util.concurrent.ConcurrentLinkedQueue
1174:             9            216  java.util.logging.Level$KnownLevel
1175:             9            216  org.apache.tomcat.websocket.WsExtension
1176:             9            216  org.apache.tomcat.websocket.WsRemoteEndpointImplBase$State
1177:             9            216  org.springframework.messaging.simp.SimpMessageType
1178:             9            216  org.zeroturnaround.bundled.javassist.bytecode.InnerClassesAttribute
1179:             9            216  org.zeroturnaround.javarebel.LicenceType
1180:             9            216  sun.util.logging.PlatformLogger$Level
1181:             1            208  com.alibaba.fastjson.serializer.ASMSerializer_2_GcHeapDO
1182:            13            208  com.zeroturnaround.jrebelbase.reflection.t
1183:            13            208  org.springframework.boot.context.properties.source.SpringIterableConfigurationPropertySource$CacheKey
1184:             2            208  sun.security.ssl.SSLSessionImpl
1185:             2            200  [Ljava.text.DateFormat$Field;
1186:             5            200  com.fasterxml.jackson.core.sym.ByteQuadsCanonicalizer$TableInfo
1187:             5            200  com.fasterxml.jackson.core.util.DefaultPrettyPrinter
1188:             1            200  com.sun.org.apache.xerces.internal.impl.XMLDTDScannerImpl
1189:             5            200  java.beans.GenericBeanInfo
1190:             5            200  java.lang.invoke.MethodHandleImpl$AsVarargsCollector
1191:             5            200  java.util.Collections$SingletonMap
1192:             5            200  java.util.stream.StreamOpFlag
1193:             5            200  org.apache.catalina.core.StandardPipeline
1194:             5            200  org.apache.tomcat.util.descriptor.web.FilterMap
1195:             5            200  sun.nio.ch.FileKey
1196:             9            192  [Ljava.security.CodeSigner;
1197:             1            192  [Lorg.apache.coyote.ActionCode;
1198:             6            192  com.fasterxml.jackson.databind.cfg.DeserializerFactoryConfig
1199:             6            192  com.fasterxml.jackson.databind.type.TypeFactory
1200:             6            192  com.sun.org.apache.xalan.internal.utils.XMLSecurityManager
1201:             1            192  com.sun.org.apache.xerces.internal.parsers.XIncludeAwareParserConfiguration
1202:             8            192  com.zeroturnaround.javarebel.ayv
1203:             8            192  com.zeroturnaround.javarebel.ayw
1204:             8            192  com.zeroturnaround.javarebel.gdk
1205:             6            192  com.zeroturnaround.javarebel.x
1206:             6            192  com.zeroturnaround.jrebel.bundled.org.bouncycastle.jcajce.provider.config.ProviderConfigurationPermission
1207:            12            192  java.beans.PropertyChangeSupport$PropertyChangeListenerMap
1208:             6            192  java.lang.invoke.LambdaForm$BasicType
1209:             8            192  java.lang.invoke.MethodHandleImpl$Intrinsic
1210:             8            192  java.math.RoundingMode
1211:             6            192  java.time.format.DateTimeFormatterBuilder$TextPrinterParser
1212:             6            192  java.time.format.TextStyle
1213:             8            192  java.util.Formatter$FixedString
1214:             6            192  java.util.Stack
1215:             6            192  java.util.TreeMap$KeyIterator
1216:             4            192  java.util.concurrent.ConcurrentHashMap$TreeBin
1217:             8            192  javax.crypto.CryptoPermissionCollection
1218:             8            192  org.apache.logging.log4j.Level
1219:             8            192  org.apache.logging.log4j.spi.StandardLevel
1220:             4            192  org.apache.tomcat.util.buf.Utf8Encoder
1221:             8            192  org.apache.tomcat.util.http.parser.HttpParser
1222:             8            192  org.apache.tomcat.util.net.AbstractEndpoint$Handler$SocketState
1223:             1            192  org.apache.tomcat.util.net.NioEndpoint
1224:             8            192  org.apache.tomcat.util.net.SocketBufferHandler
1225:             8            192  org.apache.tomcat.websocket.WsExtensionParameter
1226:             4            192  org.hibernate.validator.internal.metadata.raw.ConstrainedParameter
1227:             4            192  org.hibernate.validator.internal.util.ConcurrentReferenceHashMap
1228:             2            192  org.springframework.cglib.proxy.Enhancer
1229:             8            192  org.springframework.core.NamedThreadLocal
1230:             8            192  org.springframework.http.HttpMethod
1231:             6            192  org.springframework.http.converter.ResourceHttpMessageConverter
1232:             6            192  org.springframework.util.PropertyPlaceholderHelper
1233:             8            192  org.springframework.web.bind.annotation.RequestMethod
1234:             6            192  org.springframework.web.method.ControllerAdviceBean
1235:             4            192  org.springframework.web.socket.server.standard.ServerEndpointRegistration
1236:             6            192  org.springframework.web.socket.sockjs.transport.TransportType
1237:             4            192  sun.misc.URLClassPath
1238:             8            192  sun.nio.ch.NativeThreadSet
1239:             2            192  sun.security.jgss.SunProvider
1240:             2            192  sun.security.provider.Sun
1241:             6            192  sun.security.ssl.EphemeralKeyManager$EphemeralKeyPair
1242:             6            192  sun.security.ssl.SSLSessionContextImpl
1243:             1            176  com.sun.org.apache.xerces.internal.impl.dtd.XMLDTDValidator
1244:             1            176  com.sun.org.apache.xerces.internal.impl.dtd.XMLNSDTDValidator
1245:            11            176  com.sun.proxy.$Proxy42
1246:            11            176  com.sun.proxy.$Proxy61
1247:            11            176  com.zeroturnaround.javarebel.abq
1248:            11            176  com.zeroturnaround.javarebel.agi
1249:            11            176  com.zeroturnaround.javarebel.agk
1250:             2            176  com.zeroturnaround.javarebel.lh
1251:            11            176  java.text.NumberFormat$Field
1252:             2            176  javax.management.remote.rmi.NoCallStackClassLoader
1253:             2            176  org.apache.catalina.core.StandardWrapperValve
1254:             2            176  org.apache.catalina.deploy.NamingResourcesImpl
1255:             1            176  org.springframework.beans.JrBeanReloader
1256:             2            176  org.springframework.web.servlet.handler.SimpleUrlHandlerMapping
1257:             1            176  sun.security.ssl.SSLSocketImpl
1258:             2            168  [Ljava.lang.ClassValue$Entry;
1259:             1            168  [[Ljava.math.BigInteger;
1260:             7            168  ch.qos.logback.classic.Level
1261:             7            168  com.fasterxml.jackson.annotation.JsonFormat$Feature
1262:             7            168  com.fasterxml.jackson.annotation.JsonInclude$Include
1263:             7            168  com.fasterxml.jackson.annotation.PropertyAccessor
1264:             7            168  com.fasterxml.jackson.databind.introspect.AnnotatedClass$Creators
1265:             3            168  com.fasterxml.jackson.databind.type.ArrayType
1266:             7            168  com.sun.management.VMOption$Origin
1267:             7            168  com.sun.org.apache.xerces.internal.util.FeatureState
1268:             3            168  com.sysmin.core.jvm.domain.JstackDO
1269:             1            168  com.zaxxer.hikari.HikariDataSource
1270:             7            168  com.zeroturnaround.javarebel.agd
1271:             3            168  com.zeroturnaround.javarebel.ccc
1272:             7            168  com.zeroturnaround.javarebel.cje
1273:             3            168  com.zeroturnaround.jrebel.bundled.org.apache.http.impl.execchain.d
1274:             7            168  java.net.NetPermission
1275:             3            168  java.net.SocketPermission
1276:             7            168  java.util.Collections$SynchronizedCollection
1277:             7            168  java.util.regex.Pattern$SliceI
1278:             1            168  org.apache.catalina.core.StandardHost
1279:             7            168  org.apache.catalina.util.ParameterMap
1280:             7            168  org.apache.coyote.http11.filters.GzipOutputFilter
1281:             7            168  org.apache.coyote.http11.filters.GzipOutputFilter$FakeOutputStream
1282:             7            168  org.apache.tomcat.util.digester.SetPropertiesRule
1283:             7            168  org.apache.tomcat.util.http.ServerCookies
1284:             7            168  org.apache.tomcat.util.net.NioEndpoint$SocketProcessor
1285:             7            168  org.springframework.boot.logging.LogLevel
1286:             7            168  org.springframework.boot.origin.OriginTrackedValue$OriginTrackedCharSequence
1287:             7            168  org.springframework.boot.origin.TextResourceOrigin
1288:             7            168  org.springframework.boot.origin.TextResourceOrigin$Location
1289:             7            168  org.springframework.cglib.proxy.CallbackInfo
1290:             3            168  org.springframework.core.env.PropertySourcesPropertyResolver
1291:             7            168  org.springframework.http.ReadOnlyHttpHeaders
1292:             3            168  org.springframework.messaging.simp.broker.SimpleBrokerMessageHandler$SessionInfo
1293:             7            168  org.springframework.web.servlet.mvc.method.annotation.RequestResponseBodyAdviceChain
1294:             3            168  org.springframework.web.socket.handler.ConcurrentWebSocketSessionDecorator
1295:             7            168  org.zeroturnaround.bundled.javassist.bytecode.AnnotationsAttribute
1296:             7            168  sun.management.counter.Units
1297:             3            168  sun.nio.ch.SinkChannelImpl
1298:             3            168  sun.nio.ch.SourceChannelImpl
1299:             7            168  sun.security.x509.NetscapeCertTypeExtension$MapEntry
1300:             4            160  [F
1301:             2            160  [Ljava.time.temporal.ChronoUnit;
1302:             2            160  [Lorg.springframework.messaging.simp.stomp.StompCommand;
1303:             1            160  com.alibaba.fastjson.serializer.ASMSerializer_3_GcUtilDO
1304:             4            160  com.fasterxml.jackson.core.Base64Variant
1305:             5            160  com.fasterxml.jackson.core.JsonEncoding
1306:             4            160  com.fasterxml.jackson.core.Version
1307:             5            160  com.fasterxml.jackson.core.sym.CharsToNameCanonicalizer$TableInfo
1308:             5            160  com.fasterxml.jackson.databind.cfg.ConfigOverrides
1309:             2            160  com.sun.crypto.provider.GaloisCounterMode
1310:             4            160  com.sun.org.apache.xerces.internal.impl.dtd.XMLSimpleType
1311:            10            160  com.sun.proxy.$Proxy44
1312:            10            160  com.sun.proxy.$Proxy49
1313:             5            160  com.zeroturnaround.javarebel.bok
1314:             5            160  com.zeroturnaround.reload.aa
1315:             5            160  com.zeroturnaround.reload.y
1316:             4            160  java.lang.reflect.Proxy$Key2
1317:             5            160  java.util.concurrent.Semaphore$NonfairSync
1318:             5            160  java.util.regex.Pattern$3
1319:             5            160  javax.management.StandardEmitterMBean
1320:             5            160  org.apache.catalina.core.ApplicationFilterConfig
1321:             4            160  org.apache.catalina.mbeans.ContainerMBean
1322:             1            160  org.apache.catalina.session.StandardManager
1323:            10            160  org.apache.tomcat.util.threads.TaskThread$WrappingRunnable
1324:             4            160  org.springframework.http.converter.json.MappingJackson2HttpMessageConverter
1325:             1            160  org.springframework.web.servlet.mvc.method.annotation.RequestMappingHandlerAdapter
1326:             5            160  org.zeroturnaround.javarebel.integration.util.ClassEventListenerUtil$BoundClassEventListener
1327:             4            160  org.zeroturnaround.javarebel.reporting.stats.repository.impl.StatsHolder
1328:             4            160  sun.rmi.transport.WeakRef
1329:            10            160  sun.security.ec.ECParameters
1330:             5            160  sun.security.ssl.CipherSuite$MacAlg
1331:             5            160  sun.security.ssl.SignatureAndHashAlgorithm$SignatureAlgorithm
1332:            10            160  sun.security.x509.CertificatePolicyId
1333:            10            160  sun.security.x509.GeneralNames
1334:             5            160  sun.util.locale.provider.LocaleProviderAdapter$Type
1335:             7            152  [Lcom.fasterxml.jackson.databind.deser.Deserializers;
1336:             5            152  [Lorg.springframework.http.HttpMethod;
1337:             1            152  org.springframework.boot.web.embedded.tomcat.TomcatEmbeddedWebappClassLoader
1338:             1            152  org.springframework.boot.web.servlet.context.AnnotationConfigServletWebServerApplicationContext
1339:             2            144  [Lcom.fasterxml.jackson.core.JsonParser$Feature;
1340:             6            144  [Lcom.fasterxml.jackson.databind.deser.KeyDeserializers;
1341:             2            144  [Ljava.math.BigDecimal;
1342:             3            144  [Lsun.nio.ch.SelectionKeyImpl;
1343:             2            144  com.alibaba.fastjson.util.ASMClassLoader
1344:             6            144  com.fasterxml.jackson.annotation.JsonAutoDetect$Visibility
1345:             6            144  com.fasterxml.jackson.core.JsonParser$NumberType
1346:             6            144  com.fasterxml.jackson.databind.cfg.SerializerFactoryConfig
1347:             3            144  com.fasterxml.jackson.databind.ser.impl.IndexedListSerializer
1348:             6            144  com.fasterxml.jackson.databind.ser.impl.ReadOnlyClassToSerializerMap
1349:             3            144  com.fasterxml.jackson.datatype.jsr310.deser.InstantDeserializer
1350:             6            144  com.sun.org.apache.xalan.internal.utils.FeatureManager
1351:             6            144  com.sun.org.apache.xalan.internal.utils.XMLSecurityPropertyManager
1352:             6            144  com.sun.org.apache.xerces.internal.util.Status
1353:             3            144  com.sysmin.core.jvm.domain.jstat.ClassLoaderDO
1354:             3            144  com.sysmin.core.jvm.domain.jstat.CompilerDO
1355:             9            144  com.zeroturnaround.javarebel.bui
1356:             2            144  com.zeroturnaround.javarebel.cdc
1357:             2            144  com.zeroturnaround.javarebel.cdx
1358:             6            144  com.zeroturnaround.javarebel.cgt
1359:             6            144  com.zeroturnaround.javarebel.clh
1360:             9            144  com.zeroturnaround.javarebel.gaz
1361:             6            144  com.zeroturnaround.javarebel.pa
1362:             3            144  java.lang.ThreadGroup
1363:             6            144  java.net.InetAddress$CacheEntry
1364:             6            144  java.security.SecurityPermission
1365:             6            144  java.util.Collections$SynchronizedRandomAccessList
1366:             6            144  java.util.regex.Pattern$CharPropertyNames$2
1367:             6            144  java.util.regex.Pattern$SingleI
1368:             6            144  javax.validation.executable.ExecutableType
1369:             6            144  org.apache.coyote.http11.Http11InputBuffer$HeaderParsePosition
1370:             6            144  org.apache.logging.log4j.MarkerManager$Log4jMarker
1371:             6            144  org.apache.tomcat.util.net.SocketEvent
1372:             6            144  org.apache.tomcat.websocket.MessageHandlerResult
1373:             6            144  org.apache.tomcat.websocket.Util$TypeResult
1374:             6            144  org.apache.tomcat.websocket.WsFrameBase$ReadState
1375:             9            144  org.hibernate.validator.internal.engine.valueextraction.ArrayElement
1376:             6            144  org.jboss.logging.Logger$Level
1377:             6            144  org.springframework.beans.CachedIntrospectionResults
1378:             6            144  org.springframework.boot.context.properties.bind.BindConverter$ResolvableTypeDescriptor
1379:             6            144  org.springframework.boot.context.properties.source.ConfigurationPropertyName$ElementType
1380:             1            144  org.springframework.boot.web.embedded.tomcat.TomcatServletWebServerFactory
1381:             9            144  org.springframework.core.env.AbstractPropertyResolver$$Lambda$72/527829831
1382:             3            144  org.springframework.messaging.simp.SimpMessagingTemplate
1383:             9            144  org.springframework.validation.DefaultBindingErrorProcessor
1384:             9            144  org.springframework.web.context.request.RequestScope
1385:             6            144  org.springframework.web.cors.UrlBasedCorsConfigurationSource
1386:             6            144  org.springframework.web.method.HandlerTypePredicate
1387:             6            144  org.springframework.web.servlet.resource.DefaultResourceResolverChain
1388:             6            144  org.zeroturnaround.bundled.javassist.bytecode.LongInfo
1389:             6            144  org.zeroturnaround.javarebel.integration.util.ClassLoaderLocalUtil$DestructibleClassBytecodeProcessorAdapter
1390:             6            144  org.zeroturnaround.javarebel.reporting.stats.repository.CommonFieldId
1391:             6            144  org.zeroturnaround.javarebel.reporting.stats.repository.impl.RepositoryMetricsStatistics$DailyImpl
1392:             6            144  sun.misc.PerfCounter
1393:             3            144  sun.nio.ch.WindowsSelectorImpl$FdMap
1394:             3            144  sun.nio.cs.US_ASCII$Decoder
1395:             3            144  sun.security.ssl.CipherBox
1396:             6            144  sun.security.ssl.ProtocolVersion
1397:             6            144  sun.security.util.DisabledAlgorithmConstraints$Constraint$Operator
1398:             3            144  sun.text.normalizer.CharTrie
1399:             6            136  [Lcom.fasterxml.jackson.databind.deser.ValueInstantiators;
1400:             1            136  [Ljava.time.temporal.ChronoField;
1401:             1            136  org.apache.coyote.http11.Http11NioProtocol
1402:             4            128  [Ljava.lang.ref.WeakReference;
1403:             4            128  [Ljava.rmi.server.Operation;
1404:             2            128  com.sun.crypto.provider.CipherCore
1405:             4            128  com.sun.crypto.provider.GCTR
1406:             4            128  com.sun.jmx.mbeanserver.DefaultMXBeanMappingFactory$ArrayMapping
1407:             1            128  com.sun.org.apache.xerces.internal.impl.XMLEntityManager
1408:             4            128  com.sun.org.apache.xerces.internal.util.XMLResourceIdentifierImpl
1409:             8            128  com.sun.proxy.$Proxy64
1410:             4            128  com.sysmin.core.jvm.enums.JmapType
1411:             4            128  java.io.DataInputStream
1412:             2            128  java.io.ExpiringCache$1
1413:             4            128  java.lang.ClassValue$Entry
1414:             4            128  java.util.concurrent.CountDownLatch$Sync
1415:             8            128  java.util.regex.Pattern$Begin
1416:             8            128  java.util.regex.Pattern$CharPropertyNames$3
1417:             4            128  java.util.stream.FindOps$FindOp
1418:             2            128  java.util.stream.ReferencePipeline$2
1419:             2            128  javax.crypto.Cipher
1420:             4            128  javax.management.MBeanConstructorInfo
1421:             2            128  javax.management.remote.rmi.RMIConnectorServer
1422:             1            128  org.apache.catalina.core.StandardEngine
1423:             4            128  org.apache.coyote.ErrorState
1424:             4            128  org.apache.tomcat.util.collections.SynchronizedStack
1425:             4            128  org.springframework.beans.propertyeditors.CustomCollectionEditor
1426:             4            128  org.springframework.boot.context.properties.bind.Bindable
1427:             4            128  org.springframework.boot.jdbc.EmbeddedDatabaseConnection
1428:             8            128  org.springframework.core.convert.support.CollectionToArrayConverter
1429:             8            128  org.springframework.core.convert.support.CollectionToStringConverter
1430:             8            128  org.springframework.core.convert.support.StringToNumberConverterFactory$StringToNumber
1431:             4            128  org.springframework.core.env.MapPropertySource
1432:             2            128  org.springframework.core.type.classreading.CachingMetadataReaderFactory$LocalResourceCache
1433:             4            128  org.springframework.http.converter.StringHttpMessageConverter
1434:             4            128  org.springframework.web.method.annotation.RequestParamMethodArgumentResolver
1435:             4            128  org.springframework.web.method.annotation.SessionAttributesHandler
1436:             8            128  org.springframework.web.servlet.mvc.method.annotation.AbstractMessageConverterMethodProcessor$$Lambda$468/983180345
1437:             8            128  org.springframework.web.servlet.view.AbstractView$$Lambda$447/1262561744
1438:             4            128  org.springframework.web.socket.sockjs.transport.handler.SockJsWebSocketHandler
1439:             8            128  sun.nio.ch.FileDispatcherImpl
1440:             2            128  sun.nio.cs.ext.DoubleByte$Encoder_DBCSONLY
1441:             4            128  sun.rmi.transport.LiveRef
1442:             4            128  sun.security.ssl.CipherSuite$PRF
1443:             4            128  sun.security.ssl.ProtocolList
1444:             4            128  sun.util.locale.provider.LocaleResources
1445:             4            128  sun.util.locale.provider.LocaleServiceProviderPool
1446:             5            120  [Lcom.fasterxml.jackson.databind.type.TypeModifier;
1447:             6            120  [Lcom.zeroturnaround.javarebel.bos;
1448:             1            120  [Lsun.security.ssl.SupportedEllipticCurvesExtension$NamedEllipticCurve;
1449:             5            120  ch.qos.logback.core.pattern.parser.TokenStream$TokenizerState
1450:             5            120  ch.qos.logback.core.subst.Token$Type
1451:             5            120  com.fasterxml.jackson.annotation.Nulls
1452:             5            120  com.fasterxml.jackson.core.util.DefaultIndenter
1453:             3            120  com.fasterxml.jackson.databind.PropertyMetadata
1454:             5            120  com.fasterxml.jackson.databind.deser.DeserializerCache
1455:             5            120  com.fasterxml.jackson.databind.introspect.SimpleMixInResolver
1456:             5            120  com.fasterxml.jackson.databind.module.SimpleDeserializers
1457:             5            120  com.fasterxml.jackson.databind.ser.SerializerCache
1458:             5            120  com.sun.org.apache.xalan.internal.utils.FeaturePropertyBase$State
1459:             5            120  com.sun.org.apache.xalan.internal.utils.XMLSecurityManager$State
1460:             3            120  com.sun.org.apache.xerces.internal.impl.dtd.XMLEntityDecl
1461:             1            120  com.sun.org.apache.xerces.internal.jaxp.SAXParserImpl$JAXPSAXParser
1462:             5            120  com.sun.org.apache.xerces.internal.util.PropertyState
1463:             5            120  com.sun.org.apache.xerces.internal.utils.XMLSecurityManager$State
1464:             5            120  com.sun.org.apache.xerces.internal.utils.XMLSecurityPropertyManager$State
1465:             3            120  com.sysmin.core.jvm.domain.jstat.CompilationDO
1466:             5            120  com.sysmin.core.jvm.enums.JstatType
1467:             5            120  com.zeroturnaround.javarebel.bpq
1468:             3            120  com.zeroturnaround.javarebel.bvx
1469:             3            120  com.zeroturnaround.javarebel.cka
1470:             5            120  com.zeroturnaround.javarebel.ghm
1471:             5            120  com.zeroturnaround.javarebel.gps
1472:             5            120  com.zeroturnaround.javarebel.gxq
1473:             5            120  com.zeroturnaround.javarebel.gxr
1474:             5            120  com.zeroturnaround.jrebel.bundled.org.bouncycastle.jcajce.provider.asymmetric.ec.KeyFactorySpi$ECMQV
1475:             5            120  java.io.ObjectStreamClass$ExceptionInfo
1476:             5            120  java.rmi.server.ObjID
1477:             5            120  java.time.format.SignStyle
1478:             5            120  java.util.concurrent.atomic.AtomicMarkableReference$Pair
1479:             5            120  java.util.regex.Pattern$Dollar
1480:             5            120  java.util.stream.StreamOpFlag$Type
1481:             5            120  javax.servlet.DispatcherType
1482:             5            120  javax.servlet.http.MappingMatch
1483:             1            120  org.apache.catalina.core.StandardServer
1484:             5            120  org.apache.tomcat.util.collections.CaseInsensitiveKeyMap
1485:             5            120  org.apache.tomcat.util.threads.InlineExecutorService
1486:             3            120  org.apache.tomcat.websocket.server.WsHandshakeRequest
1487:             5            120  org.hibernate.validator.internal.metadata.raw.ConstrainedElement$ConstrainedElementKind
1488:             3            120  org.springframework.beans.factory.annotation.AutowiredAnnotationBeanPostProcessor$AutowiredMethodElement
1489:             3            120  org.springframework.beans.factory.config.ConstructorArgumentValues$ValueHolder
1490:             5            120  org.springframework.boot.ansi.AnsiStyle
1491:             5            120  org.springframework.boot.autoconfigure.web.servlet.WebMvcAutoConfiguration$EnableWebMvcConfiguration$$FastClassBySpringCGLIB$$982f18bb
1492:             5            120  org.springframework.boot.devtools.autoconfigure.LocalDevToolsAutoConfiguration$RestartConfiguration$$EnhancerBySpringCGLIB$$8ac4de8e$$FastClassBySpringCGLIB$$2d221596
1493:             5            120  org.springframework.boot.devtools.autoconfigure.LocalDevToolsAutoConfiguration$RestartConfiguration$$FastClassBySpringCGLIB$$bc8d9f8b
1494:             5            120  org.springframework.boot.logging.DeferredLog
1495:             5            120  org.springframework.context.annotation.FilterType
1496:             3            120  org.springframework.core.SerializableTypeWrapper$MethodInvokeTypeProvider
1497:             3            120  org.springframework.core.convert.Property
1498:             5            120  org.springframework.core.convert.support.GenericConversionService$Converters
1499:             5            120  org.springframework.http.HttpStatus$Series
1500:             3            120  org.springframework.http.converter.xml.Jaxb2RootElementHttpMessageConverter
1501:             3            120  org.springframework.messaging.support.ExecutorSubscribableChannel
1502:             5            120  org.springframework.web.accept.ContentNegotiationManager
1503:             3            120  org.springframework.web.accept.ServletPathExtensionContentNegotiationStrategy
1504:             3            120  org.springframework.web.cors.CorsConfiguration
1505:             1            120  org.springframework.web.servlet.DispatcherServlet
1506:             3            120  org.springframework.web.servlet.mvc.method.annotation.HttpEntityMethodProcessor
1507:             1            120  org.springframework.web.servlet.mvc.method.annotation.RequestMappingHandlerMapping
1508:             3            120  org.springframework.web.servlet.mvc.method.annotation.RequestResponseBodyMethodProcessor
1509:             5            120  org.zeroturnaround.bundled.javassist.bytecode.FloatInfo
1510:             5            120  org.zeroturnaround.bundled.javassist.bytecode.stackmap.TypeData$BasicType
1511:             5            120  org.zeroturnaround.javarebel.integration.util.WeakUtil$WeakClassLoaderDestructionListener
1512:             5            120  org.zeroturnaround.javarebel.integration.util.WeakUtil$WeakFileEventListener
1513:             3            120  org.zeroturnaround.javarebel.reporting.MetricsExecutor$DelayedRunnable
1514:             5            120  sun.misc.FloatingDecimal$PreparedASCIIToBinaryBuffer
1515:             3            120  sun.nio.ch.FileLockImpl
1516:             5            120  sun.nio.ch.SharedFileLockTable
1517:             5            120  sun.nio.fs.WindowsPathType
1518:             3            120  sun.rmi.server.UnicastServerRef
1519:             3            120  sun.rmi.transport.tcp.TCPTransport$ConnectionHandler
1520:             5            120  sun.security.jca.ServiceId
1521:             3            120  sun.security.provider.DSAPublicKeyImpl
1522:             3            120  sun.security.ssl.SSLContextImpl$TLSContext
1523:             5            120  sun.security.util.DisabledAlgorithmConstraints
1524:             5            120  sun.util.resources.ParallelListResourceBundle$KeySet
1525:             1            112  [Lcom.alibaba.fastjson.parser.Feature;
1526:             2            112  [Lcom.fasterxml.jackson.core.JsonGenerator$Feature;
1527:             3            112  [Lcom.sun.org.apache.xerces.internal.util.XMLAttributesImpl$Attribute;
1528:             2            112  [Lcom.zeroturnaround.javarebel.ggp;
1529:             2            112  [Ljava.lang.invoke.MethodType;
1530:             2            112  [Ljava.security.CryptoPrimitive;
1531:             3            112  [Ljava.util.Map;
1532:             2            112  [Lorg.springframework.boot.autoconfigure.cache.CacheType;
1533:             1            112  com.alibaba.fastjson.serializer.ASMSerializer_5_CompilerDO
1534:             1            112  com.alibaba.fastjson.serializer.ASMSerializer_6_ClassLoaderDO
1535:             2            112  com.sun.org.apache.xerces.internal.util.XMLAttributesIteratorImpl
1536:             7            112  com.sun.proxy.$Proxy52
1537:             2            112  com.zeroturnaround.javarebel.chx
1538:             2            112  com.zeroturnaround.javarebel.uv
1539:             2            112  com.zeroturnaround.javarebel.yf
1540:             7            112  java.util.concurrent.ConcurrentHashMap$ValuesView
1541:             2            112  javax.management.remote.rmi.RMIJRMPServerImpl
1542:             1            112  org.apache.catalina.connector.Connector
1543:             7            112  org.apache.catalina.connector.CoyoteInputStream
1544:             7            112  org.apache.catalina.connector.CoyoteOutputStream
1545:             7            112  org.apache.catalina.connector.RequestFacade
1546:             7            112  org.apache.catalina.connector.ResponseFacade
1547:             7            112  org.apache.coyote.http11.Http11InputBuffer$SocketInputBuffer
1548:             7            112  org.apache.coyote.http11.Http11OutputBuffer$SocketOutputBuffer
1549:             7            112  org.apache.coyote.http11.filters.VoidInputFilter
1550:             7            112  org.apache.coyote.http11.filters.VoidOutputFilter
1551:             7            112  org.apache.tomcat.util.buf.UDecoder
1552:             2            112  org.apache.tomcat.util.codec.binary.Base64
1553:             1            112  org.apache.tomcat.util.digester.Digester
1554:             2            112  org.springframework.expression.spel.support.StandardEvaluationContext
1555:             7            112  org.zeroturnaround.javarebel.integration.util.WeakIdentityHashMap$2
1556:             2            112  sun.nio.cs.ext.DoubleByte$Decoder_DBCSONLY
1557:             2            112  sun.rmi.transport.tcp.TCPChannel
1558:             2            112  sun.rmi.transport.tcp.TCPConnection
1559:             3            104  [Lorg.springframework.core.io.Resource;
1560:             1            104  ch.qos.logback.classic.LoggerContext
1561:             1            104  org.apache.catalina.authenticator.NonLoginAuthenticator
1562:             1            104  org.apache.tomcat.util.net.SocketProperties
1563:             1            104  org.springframework.boot.autoconfigure.jdbc.DataSourceProperties
1564:             1            104  org.springframework.http.converter.json.Jackson2ObjectMapperBuilder
1565:             1            104  org.springframework.web.servlet.view.InternalResourceViewResolver
1566:             1            104  org.springframework.web.socket.messaging.WebSocketAnnotationMethodMessageHandler
1567:             2             96  [Lcom.fasterxml.jackson.annotation.PropertyAccessor;
1568:             2             96  [Lcom.sun.org.apache.xerces.internal.utils.XMLSecurityManager$State;
1569:             2             96  [Ljava.util.Formatter$FormatString;
1570:             4             96  [Lorg.apache.logging.log4j.Marker;
1571:             2             96  [Lorg.apache.logging.log4j.spi.StandardLevel;
1572:             2             96  [Lorg.springframework.boot.logging.LogLevel;
1573:             1             96  [Lorg.zeroturnaround.javarebel.reporting.MessageType;
1574:             3             96  [Lsun.nio.fs.NativeBuffer;
1575:             1             96  [[J
1576:             4             96  ch.qos.logback.core.pattern.parser.Token
1577:             4             96  ch.qos.logback.core.subst.Token
1578:             1             96  com.alibaba.fastjson.serializer.ASMSerializer_4_CompilationDO
1579:             4             96  com.fasterxml.jackson.annotation.JsonCreator$Mode
1580:             4             96  com.fasterxml.jackson.annotation.JsonProperty$Access
1581:             4             96  com.fasterxml.jackson.core.JsonFactory$Feature
1582:             4             96  com.fasterxml.jackson.databind.ObjectWriter$Prefetch
1583:             6             96  com.fasterxml.jackson.databind.deser.BeanDeserializerFactory
1584:             6             96  com.fasterxml.jackson.databind.introspect.AnnotatedMethodMap
1585:             6             96  com.fasterxml.jackson.databind.ser.BeanSerializerFactory
1586:             4             96  com.fasterxml.jackson.databind.ser.impl.PropertySerializerMap$Single
1587:             6             96  com.fasterxml.jackson.databind.type.TypeParser
1588:             1             96  com.sun.crypto.provider.SunJCE
1589:             3             96  com.sun.jmx.mbeanserver.DefaultMXBeanMappingFactory$EnumMapping
1590:             2             96  com.sun.jmx.mbeanserver.MBeanIntrospector$MBeanInfoMap
1591:             2             96  com.sun.jmx.mbeanserver.MBeanIntrospector$PerInterfaceMap
1592:             1             96  com.sun.net.ssl.internal.ssl.Provider
1593:             3             96  com.sun.org.apache.xalan.internal.utils.XMLSecurityManager$NameMap
1594:             2             96  com.sun.org.apache.xerces.internal.impl.XMLDocumentFragmentScannerImpl$ElementStack
1595:             1             96  com.sun.org.apache.xerces.internal.impl.dtd.XMLDTDProcessor
1596:             3             96  com.sun.org.apache.xerces.internal.utils.XMLSecurityManager$NameMap
1597:             6             96  com.sun.proxy.$Proxy33
1598:             6             96  com.sun.proxy.$Proxy67
1599:             1             96  com.sun.security.sasl.Provider
1600:             4             96  com.zeroturnaround.javarebel.adz
1601:             3             96  com.zeroturnaround.javarebel.ae
1602:             2             96  com.zeroturnaround.javarebel.agg
1603:             4             96  com.zeroturnaround.javarebel.av
1604:             6             96  com.zeroturnaround.javarebel.btf
1605:             3             96  com.zeroturnaround.javarebel.bxa
1606:             2             96  com.zeroturnaround.javarebel.cdh
1607:             3             96  com.zeroturnaround.javarebel.cdp
1608:             3             96  com.zeroturnaround.javarebel.cef
1609:             3             96  com.zeroturnaround.javarebel.ceh
1610:             4             96  com.zeroturnaround.javarebel.chu
1611:             4             96  com.zeroturnaround.javarebel.cio
1612:             6             96  com.zeroturnaround.javarebel.clm
1613:             4             96  com.zeroturnaround.javarebel.clx
1614:             3             96  com.zeroturnaround.javarebel.f
1615:             4             96  com.zeroturnaround.javarebel.goz
1616:             3             96  com.zeroturnaround.javarebel.k
1617:             2             96  com.zeroturnaround.javarebel.wf
1618:             3             96  com.zeroturnaround.jrebel.bundled.org.apache.http.impl.execchain.g
1619:             1             96  com.zeroturnaround.jrebel.bundled.org.bouncycastle.jce.provider.BouncyCastleProvider
1620:             3             96  java.lang.Exception
1621:             4             96  java.lang.reflect.Proxy$KeyX
1622:             4             96  java.security.AllPermissionCollection
1623:             4             96  java.text.Normalizer$Form
1624:             4             96  java.time.format.DateTimeFormatterBuilder$OffsetIdPrinterParser
1625:             4             96  java.time.format.DateTimeFormatterBuilder$SettingsParser
1626:             4             96  java.time.format.FormatStyle
1627:             6             96  java.util.EnumMap$EntrySet
1628:             3             96  java.util.UUID
1629:             2             96  java.util.concurrent.ConcurrentHashMap$Traverser
1630:             3             96  java.util.concurrent.ScheduledThreadPoolExecutor$DelayedWorkQueue
1631:             3             96  java.util.concurrent.SynchronousQueue
1632:             3             96  java.util.concurrent.atomic.AtomicReferenceFieldUpdater$AtomicReferenceFieldUpdaterImpl
1633:             4             96  java.util.stream.FindOps$FindSink$OfRef
1634:             4             96  java.util.stream.StreamShape
1635:             4             96  javax.management.NotificationBroadcasterSupport
1636:             2             96  javax.management.openmbean.TabularType
1637:             2             96  org.apache.catalina.mbeans.NamingResourcesMBean
1638:             4             96  org.apache.commons.logging.LogAdapter$LogApi
1639:             3             96  org.apache.tomcat.util.buf.UDecoder$DecodeException
1640:             3             96  org.apache.tomcat.util.collections.SynchronizedQueue
1641:             4             96  org.apache.tomcat.util.digester.ArrayStack
1642:             3             96  org.apache.tomcat.util.http.ConcurrentDateFormat
1643:             4             96  org.apache.tomcat.util.log.UserDataHelper$Config
1644:             4             96  org.apache.tomcat.util.net.AbstractEndpoint$BindState
1645:             4             96  org.apache.tomcat.util.net.Acceptor$AcceptorState
1646:             2             96  org.apache.tomcat.util.net.NioEndpoint$Poller
1647:             4             96  org.apache.tomcat.util.net.NioEndpoint$PollerEvent
1648:             1             96  org.apache.tomcat.util.threads.ThreadPoolExecutor
1649:             4             96  org.apache.tomcat.websocket.WsFrameBase$UnmaskTransformation
1650:             4             96  org.apache.tomcat.websocket.server.WsPerSessionServerEndpointConfig
1651:             1             96  org.apache.tomcat.websocket.server.WsServerContainer
1652:             4             96  org.hibernate.validator.resourceloading.PlatformResourceBundleLocator
1653:             1             96  org.jcp.xml.dsig.internal.dom.XMLDSigRI
1654:             4             96  org.springframework.boot.autoconfigure.jmx.JmxAutoConfiguration$$EnhancerBySpringCGLIB$$a39d2c5a$$FastClassBySpringCGLIB$$8fac147c
1655:             4             96  org.springframework.boot.autoconfigure.jmx.JmxAutoConfiguration$$FastClassBySpringCGLIB$$e2017fd7
1656:             1             96  org.springframework.boot.autoconfigure.web.ServerProperties$Tomcat
1657:             4             96  org.springframework.boot.context.properties.source.DefaultPropertyMapper$LastMapping
1658:             4             96  org.springframework.context.annotation.ScopedProxyMode
1659:             1             96  org.springframework.context.support.PropertySourcesPlaceholderConfigurer
1660:             4             96  org.springframework.core.Constants
1661:             4             96  org.springframework.core.convert.support.ArrayToArrayConverter
1662:             2             96  org.springframework.core.task.SimpleAsyncTaskExecutor
1663:             3             96  org.springframework.expression.spel.SpelParserConfiguration
1664:             6             96  org.springframework.format.datetime.DateFormatterRegistrar$CalendarToDateConverter
1665:             6             96  org.springframework.format.datetime.DateFormatterRegistrar$CalendarToLongConverter
1666:             6             96  org.springframework.format.datetime.DateFormatterRegistrar$DateToCalendarConverter
1667:             6             96  org.springframework.format.datetime.DateFormatterRegistrar$DateToLongConverter
1668:             6             96  org.springframework.format.datetime.DateFormatterRegistrar$LongToCalendarConverter
1669:             6             96  org.springframework.format.datetime.DateFormatterRegistrar$LongToDateConverter
1670:             4             96  org.springframework.http.converter.ResourceRegionHttpMessageConverter
1671:             3             96  org.springframework.http.converter.xml.SourceHttpMessageConverter
1672:             1             96  org.springframework.messaging.simp.broker.SimpleBrokerMessageHandler
1673:             3             96  org.springframework.messaging.simp.stomp.BufferingStompDecoder
1674:             4             96  org.springframework.util.ConcurrentReferenceHashMap$TaskOption
1675:             6             96  org.springframework.web.cors.DefaultCorsProcessor
1676:             4             96  org.springframework.web.method.annotation.ModelAttributeMethodProcessor
1677:             3             96  org.springframework.web.servlet.resource.PathResourceResolver
1678:             4             96  org.springframework.web.socket.adapter.standard.StandardToWebSocketExtensionAdapter
1679:             4             96  org.springframework.web.socket.adapter.standard.StandardWebSocketHandlerAdapter
1680:             4             96  org.springframework.web.socket.adapter.standard.StandardWebSocketHandlerAdapter$3
1681:             4             96  org.springframework.web.socket.adapter.standard.StandardWebSocketHandlerAdapter$4
1682:             4             96  org.springframework.web.socket.adapter.standard.StandardWebSocketHandlerAdapter$5
1683:             3             96  org.springframework.web.socket.messaging.SubProtocolWebSocketHandler$WebSocketSessionHolder
1684:             1             96  org.springframework.web.socket.server.support.WebSocketHandlerMapping
1685:             4             96  org.springframework.web.socket.sockjs.frame.SockJsFrameType
1686:             1             96  org.springframework.web.socket.sockjs.transport.handler.DefaultSockJsService
1687:             6             96  org.zeroturnaround.bundled.javassist.bytecode.ConstInfoPadding
1688:             4             96  org.zeroturnaround.bundled.javassist.bytecode.DeprecatedAttribute
1689:             4             96  org.zeroturnaround.javarebel.integration.generic.DependencyClassEventListener
1690:             6             96  org.zeroturnaround.javarebel.integration.util.MonitorUtil$Counter
1691:             4             96  org.zeroturnaround.javarebel.integration.util.ReRunThrottler
1692:             4             96  org.zeroturnaround.javarebel.service.ServiceRequestPriority
1693:             2             96  sun.management.GarbageCollectorImpl
1694:             4             96  sun.misc.JarIndex
1695:             1             96  sun.misc.Launcher$AppClassLoader
1696:             3             96  sun.net.spi.DefaultProxySelector$NonProxyInfo
1697:             3             96  sun.nio.ch.AllocatedNativeObject
1698:             3             96  sun.nio.ch.PollArrayWrapper
1699:             1             96  sun.nio.ch.ServerSocketChannelImpl
1700:             3             96  sun.nio.ch.SharedFileLockTable$FileLockReference
1701:             3             96  sun.nio.ch.WindowsSelectorImpl$SubSelector
1702:             3             96  sun.nio.fs.NativeBuffer
1703:             4             96  sun.rmi.transport.ObjectEndpoint
1704:             3             96  sun.rmi.transport.tcp.TCPTransport
1705:             3             96  sun.rmi.transport.tcp.TCPTransport$AcceptLoop
1706:             1             96  sun.security.ec.SunEC
1707:             1             96  sun.security.jca.ProviderList$1
1708:             1             96  sun.security.mscapi.SunMSCAPI
1709:             1             96  sun.security.rsa.SunRsaSign
1710:             1             96  sun.security.smartcardio.SunPCSC
1711:             3             96  sun.security.ssl.X509TrustManagerImpl
1712:             3             96  sun.security.x509.ExtendedKeyUsageExtension
1713:             3             96  sun.security.x509.SubjectAlternativeNameExtension
1714:             1             88  [Ljava.lang.ConditionalSpecialCasing$Entry;
1715:             2             88  [Ljava.nio.file.attribute.PosixFilePermission;
1716:             1             88  [Lorg.springframework.boot.ansi.AnsiColor;
1717:             1             88  [Lorg.zeroturnaround.jrebel.stats.id.container.ServerType;
1718:             1             88  [Lsun.security.util.ObjectIdentifier;
1719:             1             88  [[Ljava.lang.Byte;
1720:             1             88  org.apache.catalina.webresources.StandardRoot
1721:             1             88  org.hibernate.validator.internal.engine.ConfigurationImpl
1722:             1             88  org.springframework.aop.framework.autoproxy.InfrastructureAdvisorAutoProxyCreator
1723:             1             88  org.springframework.beans.JrBeanFactoryData
1724:             1             88  org.springframework.boot.autoconfigure.web.servlet.WebMvcAutoConfiguration$EnableWebMvcConfiguration$$EnhancerBySpringCGLIB$$8f1f0dbe
1725:             1             88  org.springframework.boot.autoconfigure.web.servlet.WelcomePageHandlerMapping
1726:             1             88  org.springframework.jmx.export.annotation.AnnotationMBeanExporter
1727:             1             88  org.springframework.web.servlet.handler.BeanNameUrlHandlerMapping
1728:             1             88  sun.misc.Launcher$ExtClassLoader
1729:             1             88  sun.nio.cs.CharsetMapping
1730:             3             80  [Ljava.security.cert.X509Certificate;
1731:             2             80  [Ljava.util.stream.StreamOpFlag$Type;
1732:             2             80  [Ljavax.servlet.DispatcherType;
1733:             2             80  [Ljavax.validation.executable.ExecutableType;
1734:             1             80  [Ljavax.websocket.CloseReason$CloseCodes;
1735:             2             80  [Lorg.springframework.context.annotation.FilterType;
1736:             4             80  [Lorg.springframework.core.annotation.AnnotationAttributes;
1737:             2             80  [Lorg.springframework.http.HttpStatus$Series;
1738:             2             80  [Lorg.springframework.web.socket.sockjs.transport.TransportType;
1739:             1             80  [Lorg.zeroturnaround.javarebel.ResourceSource;
1740:             1             80  [Lsun.security.ssl.CipherSuite$KeyExchange;
1741:             2             80  [[S
1742:             5             80  com.fasterxml.jackson.databind.introspect.BasicClassIntrospector
1743:             5             80  com.fasterxml.jackson.databind.jsontype.impl.StdSubtypeResolver
1744:             5             80  com.fasterxml.jackson.databind.module.SimpleKeyDeserializers
1745:             5             80  com.fasterxml.jackson.databind.util.RootNameLookup
1746:             5             80  com.fasterxml.jackson.datatype.jdk8.Jdk8Deserializers
1747:             5             80  com.fasterxml.jackson.datatype.jdk8.Jdk8Serializers
1748:             5             80  com.fasterxml.jackson.datatype.jdk8.Jdk8TypeModifier
1749:             5             80  com.fasterxml.jackson.datatype.jsr310.JavaTimeModule$1
1750:             2             80  com.sun.jmx.mbeanserver.DefaultMXBeanMappingFactory$TabularMapping
1751:             2             80  com.sun.org.apache.xerces.internal.impl.XMLDocumentFragmentScannerImpl$ElementStack2
1752:             2             80  com.sun.org.apache.xerces.internal.impl.dtd.XMLDTDDescription
1753:             2             80  com.sun.org.apache.xerces.internal.impl.validation.ValidationState
1754:             5             80  com.zeroturnaround.javarebel.aeb
1755:             2             80  com.zeroturnaround.javarebel.bzf
1756:             2             80  com.zeroturnaround.javarebel.chy
1757:             1             80  com.zeroturnaround.javarebel.la
1758:             2             80  com.zeroturnaround.javarebel.oa
1759:             2             80  java.io.ExpiringCache
1760:             2             80  java.util.Collections$SynchronizedSortedMap
1761:             5             80  java.util.Hashtable$EntrySet
1762:             2             80  java.util.Locale$Category
1763:             5             80  java.util.concurrent.Semaphore
1764:             5             80  java.util.concurrent.ThreadPoolExecutor$AbortPolicy
1765:             5             80  java.util.concurrent.atomic.AtomicMarkableReference
1766:             5             80  javax.security.auth.x500.X500Principal
1767:             1             80  org.apache.catalina.core.StandardService
1768:             1             80  org.apache.catalina.servlets.DefaultServlet
1769:             1             80  org.apache.catalina.startup.Tomcat$SimpleRealm
1770:             1             80  org.apache.coyote.RequestGroupInfo
1771:             2             80  org.apache.tomcat.util.codec.binary.BaseNCodec$Context
1772:             5             80  org.apache.tomcat.util.net.NioBlockingSelector$KeyReference
1773:             2             80  org.hibernate.validator.internal.metadata.core.AnnotationProcessingOptionsImpl
1774:             1             80  org.springframework.beans.BeanWrapperImpl
1775:             2             80  org.springframework.beans.propertyeditors.CustomBooleanEditor
1776:             1             80  org.springframework.boot.SpringApplication
1777:             1             80  org.springframework.context.annotation.ClassPathBeanDefinitionScanner
1778:             1             80  org.springframework.context.annotation.ConfigurationClassPostProcessor
1779:             2             80  org.springframework.context.event.SimpleApplicationEventMulticaster
1780:             5             80  org.springframework.core.$Proxy55
1781:             2             80  org.springframework.core.io.support.ResourceArrayPropertyEditor
1782:             2             80  org.springframework.expression.spel.support.ReflectivePropertyAccessor
1783:             2             80  org.springframework.messaging.simp.annotation.support.SendToMethodReturnValueHandler
1784:             1             80  org.springframework.scheduling.concurrent.ThreadPoolTaskScheduler
1785:             5             80  org.springframework.web.accept.HeaderContentNegotiationStrategy
1786:             1             80  org.springframework.web.servlet.mvc.method.annotation.ExceptionHandlerExceptionResolver
1787:             2             80  org.springframework.web.socket.messaging.SessionDisconnectEvent
1788:             1             80  org.springframework.web.socket.messaging.SubProtocolWebSocketHandler
1789:             5             80  org.zeroturnaround.javarebel.IDENotifications$IDENotificationLevel
1790:             5             80  org.zeroturnaround.jrebel.apache.commons.compress.archivers.zip.ZipShort
1791:             2             80  org.zeroturnaround.jrebel.intellij.OutputReader
1792:             2             80  sun.management.MemoryManagerImpl
1793:             1             80  sun.reflect.misc.MethodUtil
1794:             5             80  sun.security.util.DisabledAlgorithmConstraints$Constraints
1795:             1             72  [Lcom.fasterxml.jackson.core.JsonToken;
1796:             1             72  [Ljava.lang.invoke.LambdaFormEditor$Transform$Kind;
1797:             1             72  [Ljavax.management.openmbean.SimpleType;
1798:             3             72  [Ljavax.validation.constraintvalidation.ValidationTarget;
1799:             1             72  [Lorg.apache.coyote.AsyncStateMachine$AsyncState;
1800:             2             72  [Lsun.security.jca.ProviderConfig;
1801:             3             72  [Lsun.security.ssl.EphemeralKeyManager$EphemeralKeyPair;
1802:             1             72  ch.qos.logback.core.ConsoleAppender
1803:             3             72  ch.qos.logback.core.pattern.FormatInfo
1804:             3             72  ch.qos.logback.core.spi.FilterReply
1805:             3             72  ch.qos.logback.core.subst.Tokenizer$TokenizerState
1806:             1             72  com.alibaba.fastjson.serializer.ASMSerializer_1_Log
1807:             1             72  com.fasterxml.jackson.core.util.InternCache
1808:             3             72  com.fasterxml.jackson.databind.ser.std.NumberSerializer
1809:             3             72  com.fasterxml.jackson.databind.util.AccessPattern
1810:             3             72  com.fasterxml.jackson.datatype.jsr310.deser.JSR310StringParsableDeserializer
1811:             1             72  com.fasterxml.jackson.module.paramnames.ParameterNamesModule
1812:             3             72  com.sysmin.controller.LogController$$Lambda$470/208722269
1813:             3             72  com.sysmin.controller.jvm.JvmHandlerController$$Lambda$474/1145068602
1814:             3             72  com.sysmin.controller.jvm.JvmHandlerController$$Lambda$475/712453684
1815:             3             72  com.sysmin.controller.jvm.JvmHandlerController$$Lambda$476/1652708270
1816:             3             72  com.sysmin.controller.jvm.JvmHandlerController$$Lambda$477/974753881
1817:             3             72  com.sysmin.controller.jvm.JvmHandlerController$$Lambda$478/1444247956
1818:             3             72  com.sysmin.core.log.LogType
1819:             1             72  com.zeroturnaround.javarebel.aat
1820:             1             72  com.zeroturnaround.javarebel.bia
1821:             1             72  com.zeroturnaround.javarebel.bib
1822:             1             72  com.zeroturnaround.javarebel.bic
1823:             1             72  com.zeroturnaround.javarebel.bid
1824:             1             72  com.zeroturnaround.javarebel.bie
1825:             1             72  com.zeroturnaround.javarebel.bif
1826:             1             72  com.zeroturnaround.javarebel.big
1827:             3             72  com.zeroturnaround.javarebel.bov
1828:             3             72  com.zeroturnaround.javarebel.bxd
1829:             3             72  com.zeroturnaround.javarebel.cei
1830:             3             72  com.zeroturnaround.javarebel.cfs
1831:             3             72  com.zeroturnaround.javarebel.cfw
1832:             3             72  com.zeroturnaround.javarebel.cgm
1833:             3             72  com.zeroturnaround.javarebel.d
1834:             3             72  com.zeroturnaround.javarebel.e
1835:             3             72  com.zeroturnaround.javarebel.g
1836:             3             72  com.zeroturnaround.javarebel.gdu
1837:             3             72  com.zeroturnaround.javarebel.gdv
1838:             3             72  com.zeroturnaround.javarebel.gdw
1839:             3             72  com.zeroturnaround.javarebel.gfi
1840:             1             72  com.zeroturnaround.javarebel.gg
1841:             3             72  com.zeroturnaround.javarebel.gsa
1842:             3             72  com.zeroturnaround.javarebel.kz
1843:             3             72  com.zeroturnaround.javarebel.o
1844:             3             72  com.zeroturnaround.javarebel.zr
1845:             3             72  com.zeroturnaround.jrebel.bundled.org.apache.http.impl.execchain.f
1846:             3             72  com.zeroturnaround.jrebel.bundled.org.apache.http.impl.execchain.k
1847:             3             72  com.zeroturnaround.reload.n
1848:             3             72  java.lang.annotation.RetentionPolicy
1849:             3             72  java.lang.invoke.MethodHandles$Lookup
1850:             3             72  java.net.Proxy$Type
1851:             3             72  java.net.ServerSocket
1852:             3             72  java.security.CodeSigner
1853:             3             72  java.time.LocalDate
1854:             3             72  java.time.ZoneOffset
1855:             3             72  java.time.format.ResolverStyle
1856:             3             72  java.util.Base64$Encoder
1857:             3             72  java.util.Currency
1858:             1             72  java.util.ResourceBundle$RBClassLoader
1859:             1             72  java.util.logging.LogManager$RootLogger
1860:             3             72  java.util.stream.Collector$Characteristics
1861:             3             72  java.util.stream.MatchOps$MatchKind
1862:             3             72  javax.crypto.CryptoPermissions
1863:             3             72  javax.servlet.SessionTrackingMode
1864:             3             72  javax.websocket.CloseReason
1865:             3             72  org.apache.coyote.UpgradeToken
1866:             3             72  org.apache.coyote.http11.Http11InputBuffer$HeaderParseStatus
1867:             3             72  org.apache.coyote.http11.upgrade.UpgradeProcessorInternal
1868:             3             72  org.apache.tomcat.util.http.parser.SkipResult
1869:             3             72  org.apache.tomcat.util.log.UserDataHelper$Mode
1870:             3             72  org.apache.tomcat.util.net.SendfileState
1871:             3             72  org.apache.tomcat.websocket.MessageHandlerResultType
1872:             3             72  org.apache.tomcat.websocket.TransformationResult
1873:             3             72  org.apache.tomcat.websocket.WsFrameBase$State
1874:             3             72  org.apache.tomcat.websocket.WsSession$State
1875:             3             72  org.hibernate.validator.internal.metadata.raw.ConfigurationSource
1876:             3             72  org.hibernate.validator.internal.util.ConcurrentReferenceHashMap$ReferenceType
1877:             3             72  org.springframework.beans.AbstractNestablePropertyAccessor$PropertyTokenHolder
1878:             3             72  org.springframework.beans.factory.annotation.Autowire
1879:             3             72  org.springframework.beans.factory.config.EmbeddedValueResolver
1880:             3             72  org.springframework.boot.Banner$Mode
1881:             3             72  org.springframework.boot.WebApplicationType
1882:             3             72  org.springframework.boot.ansi.AnsiOutput$Enabled
1883:             3             72  org.springframework.boot.autoconfigure.condition.ConditionalOnWebApplication$Type
1884:             3             72  org.springframework.boot.autoconfigure.condition.SearchStrategy
1885:             3             72  org.springframework.boot.autoconfigure.web.ErrorProperties$IncludeStacktrace
1886:             1             72  org.springframework.boot.autoconfigure.web.ServerProperties
1887:             3             72  org.springframework.boot.autoconfigure.web.servlet.WebMvcAutoConfiguration$WebMvcAutoConfigurationAdapter$$EnhancerBySpringCGLIB$$3122d8a3$$FastClassBySpringCGLIB$$3f01059d
1888:             3             72  org.springframework.boot.autoconfigure.web.servlet.WebMvcAutoConfiguration$WebMvcAutoConfigurationAdapter$$FastClassBySpringCGLIB$$99958c00
1889:             3             72  org.springframework.boot.autoconfigure.web.servlet.error.ErrorMvcAutoConfiguration$$EnhancerBySpringCGLIB$$4fddc2c3$$FastClassBySpringCGLIB$$73cc506a
1890:             3             72  org.springframework.boot.autoconfigure.web.servlet.error.ErrorMvcAutoConfiguration$$FastClassBySpringCGLIB$$75715220
1891:             3             72  org.springframework.boot.context.properties.source.ConfigurationPropertyName$Form
1892:             3             72  org.springframework.boot.context.properties.source.ConfigurationPropertyState
1893:             3             72  org.springframework.boot.devtools.autoconfigure.LocalDevToolsAutoConfiguration$LiveReloadConfiguration$$EnhancerBySpringCGLIB$$ef1aa9b0$$FastClassBySpringCGLIB$$2cf51a3
1894:             3             72  org.springframework.boot.devtools.autoconfigure.LocalDevToolsAutoConfiguration$LiveReloadConfiguration$$FastClassBySpringCGLIB$$605e686d
1895:             3             72  org.springframework.boot.devtools.filewatch.ChangedFile$Type
1896:             1             72  org.springframework.boot.devtools.restart.Restarter
1897:             1             72  org.springframework.boot.jackson.JsonComponentModule
1898:             3             72  org.springframework.boot.jdbc.DataSourceInitializationMode
1899:             3             72  org.springframework.context.annotation.AnnotationScopeMetadataResolver
1900:             3             72  org.springframework.core.ResolvableType$SyntheticParameterizedType
1901:             3             72  org.springframework.core.ResolvableType$TypeVariablesVariableResolver
1902:             3             72  org.springframework.core.env.PropertySource$StubPropertySource
1903:             3             72  org.springframework.core.type.classreading.CachingMetadataReaderFactory
1904:             3             72  org.springframework.expression.TypedValue
1905:             3             72  org.springframework.expression.spel.SpelCompilerMode
1906:             3             72  org.springframework.format.datetime.standard.DateTimeFormatterRegistrar$Type
1907:             3             72  org.springframework.http.converter.ByteArrayHttpMessageConverter
1908:             3             72  org.springframework.jdbc.datasource.embedded.EmbeddedDatabaseType
1909:             3             72  org.springframework.jmx.support.RegistrationPolicy
1910:             3             72  org.springframework.messaging.simp.broker.DefaultSubscriptionRegistry$SessionSubscriptionInfo
1911:             3             72  org.springframework.messaging.simp.config.ChannelRegistration
1912:             3             72  org.springframework.transaction.annotation.ProxyTransactionManagementConfiguration$$EnhancerBySpringCGLIB$$2431bd3e$$FastClassBySpringCGLIB$$83fee9d2
1913:             3             72  org.springframework.transaction.annotation.ProxyTransactionManagementConfiguration$$FastClassBySpringCGLIB$$1e4b583b
1914:             3             72  org.springframework.web.servlet.mvc.method.annotation.RequestAttributeMethodArgumentResolver
1915:             3             72  org.springframework.web.servlet.mvc.method.annotation.SessionAttributeMethodArgumentResolver
1916:             3             72  org.springframework.web.servlet.resource.DefaultResourceTransformerChain
1917:             3             72  org.springframework.web.socket.config.annotation.WebSocketMessageBrokerConfigurationSupport$$FastClassBySpringCGLIB$$c80633df
1918:             3             72  org.springframework.web.socket.sockjs.transport.session.AbstractSockJsSession$State
1919:             3             72  org.springframework.web.util.HierarchicalUriComponents$EncodeState
1920:             3             72  org.zeroturnaround.javarebel.integration.monitor.FileMonitorAdapter$DirtyListener
1921:             1             72  org.zeroturnaround.javarebel.integration.spring.boot.ResourceReloadingProperties
1922:             3             72  org.zeroturnaround.javarebel.integration.util.WeakUtil$WeakRequestListener
1923:             1             72  org.zeroturnaround.javarebel.reporting.MixpanelMetrics
1924:             3             72  org.zeroturnaround.javarebel.reporting.MixpanelMetrics$12
1925:             1             72  org.zeroturnaround.javarebel.spring.SpringMetrics
1926:             3             72  org.zeroturnaround.jrebel.apache.commons.compress.archivers.zip.ZipLong
1927:             3             72  org.zeroturnaround.jrebel.apache.commons.io.IOCase
1928:             1             72  org.zeroturnaround.jrebel.intellij.FileWatcher
1929:             3             72  sun.misc.FloatingDecimal$ExceptionalBinaryToASCIIBuffer
1930:             3             72  sun.misc.ObjectInputFilter$Status
1931:             3             72  sun.nio.ch.PipeImpl
1932:             3             72  sun.nio.ch.WindowsSelectorImpl$FinishLock
1933:             3             72  sun.nio.ch.WindowsSelectorImpl$StartLock
1934:             3             72  sun.nio.fs.NativeBuffer$Deallocator
1935:             3             72  sun.security.action.GetPropertyAction
1936:             3             72  sun.security.provider.DSAParameters
1937:             3             72  sun.security.provider.PolicyFile$PolicyEntry
1938:             3             72  sun.security.provider.certpath.X509CertPath
1939:             3             72  sun.security.ssl.CipherSuite$CipherType
1940:             3             72  sun.security.ssl.CipherSuiteList
1941:             1             72  sun.util.locale.provider.JRELocaleProviderAdapter
1942:             2             64  [Lcom.fasterxml.jackson.annotation.JsonCreator$Mode;
1943:             2             64  [Lcom.sun.org.apache.xerces.internal.impl.XMLEntityManager$CharacterBuffer;
1944:             2             64  [Lcom.sun.org.apache.xerces.internal.utils.XMLSecurityPropertyManager$State;
1945:             2             64  [Lcom.zeroturnaround.javarebel.ae;
1946:             1             64  [Lcom.zeroturnaround.javarebel.bga;
1947:             4             64  [Lcom.zeroturnaround.javarebel.fxz;
1948:             2             64  [Ljava.lang.annotation.RetentionPolicy;
1949:             2             64  [Ljava.lang.invoke.LambdaFormEditor$Transform;
1950:             2             64  [Ljava.util.stream.Collector$Characteristics;
1951:             2             64  [Ljavax.servlet.SessionTrackingMode;
1952:             1             64  [Lorg.apache.catalina.LifecycleState;
1953:             3             64  [Lorg.apache.catalina.connector.Connector;
1954:             2             64  [Lorg.springframework.beans.factory.annotation.Autowire;
1955:             2             64  [Lorg.springframework.boot.ansi.AnsiOutput$Enabled;
1956:             2             64  [Lorg.springframework.boot.autoconfigure.condition.ConditionalOnWebApplication$Type;
1957:             2             64  [Lorg.springframework.boot.autoconfigure.condition.SearchStrategy;
1958:             2             64  [Lorg.springframework.boot.autoconfigure.web.ErrorProperties$IncludeStacktrace;
1959:             2             64  [Lorg.springframework.context.annotation.ScopedProxyMode;
1960:             2             64  [Lorg.springframework.format.datetime.standard.DateTimeFormatterRegistrar$Type;
1961:             2             64  [Lorg.springframework.util.ConcurrentReferenceHashMap$TaskOption;
1962:             1             64  [Lorg.zeroturnaround.javarebel.reporting.stats.repository.DailyFieldId;
1963:             1             64  [Lsun.reflect.annotation.TypeAnnotation$TypeAnnotationTarget;
1964:             1             64  ch.qos.logback.classic.PatternLayout
1965:             2             64  ch.qos.logback.core.joran.spi.ConsoleTarget
1966:             2             64  ch.qos.logback.core.util.COWArrayList
1967:             2             64  ch.qos.logback.core.util.CachingDateFormatter
1968:             1             64  com.fasterxml.classmate.util.LRUTypeCache$CacheMap
1969:             2             64  com.fasterxml.jackson.databind.deser.std.StringArrayDeserializer
1970:             2             64  com.fasterxml.jackson.databind.ser.std.NumberSerializers$DoubleSerializer
1971:             2             64  com.fasterxml.jackson.databind.ser.std.NumberSerializers$IntegerSerializer
1972:             2             64  com.fasterxml.jackson.databind.ser.std.NumberSerializers$LongSerializer
1973:             2             64  com.sun.crypto.provider.AESCrypt
1974:             2             64  com.sun.jmx.mbeanserver.DefaultMXBeanMappingFactory$CollectionMapping
1975:             2             64  com.sun.org.apache.xalan.internal.utils.XMLSecurityPropertyManager$Property
1976:             1             64  com.sun.org.apache.xerces.internal.impl.XMLEntityScanner
1977:             2             64  com.sun.org.apache.xerces.internal.impl.dtd.XMLElementDecl
1978:             2             64  com.sun.org.apache.xerces.internal.utils.XMLSecurityPropertyManager$Property
1979:             4             64  com.sun.proxy.$Proxy10
1980:             4             64  com.sun.proxy.$Proxy2
1981:             4             64  com.sun.proxy.$Proxy22
1982:             4             64  com.sun.proxy.$Proxy30
1983:             4             64  com.sun.proxy.$Proxy41
1984:             4             64  com.sun.proxy.$Proxy56
1985:             2             64  com.sysmin.core.jvm.enums.JpsType
1986:             4             64  com.zeroturnaround.javarebel.aea
1987:             4             64  com.zeroturnaround.javarebel.ay
1988:             2             64  com.zeroturnaround.javarebel.bpx
1989:             4             64  com.zeroturnaround.javarebel.r
1990:             2             64  com.zeroturnaround.javarebel.uo
1991:             2             64  com.zeroturnaround.javarebel.wi
1992:             2             64  com.zeroturnaround.jrebelbase.e
1993:             2             64  com.zeroturnaround.jrebelbase.facade.av
1994:             2             64  com.zeroturnaround.jrebelbase.facade.x
1995:             2             64  java.io.PrintStream
1996:             1             64  java.lang.ClassValue$ClassValueMap
1997:             2             64  java.lang.VirtualMachineError
1998:             4             64  java.lang.invoke.$Proxy73
1999:             2             64  java.lang.ref.ReferenceQueue$Null
2000:             4             64  java.time.format.DateTimeTextProvider
2001:             2             64  java.time.temporal.IsoFields$Unit
2002:             4             64  java.util.Collections$UnmodifiableCollection
2003:             2             64  java.util.Formatter
2004:             4             64  java.util.Hashtable$KeySet
2005:             2             64  java.util.LinkedList$LLSpliterator
2006:             2             64  java.util.Spliterators$ArraySpliterator
2007:             4             64  java.util.concurrent.CountDownLatch
2008:             2             64  javax.management.remote.JMXServiceURL
2009:             1             64  org.apache.catalina.core.ApplicationContext
2010:             1             64  org.apache.catalina.loader.WebappLoader
2011:             1             64  org.apache.catalina.mapper.Mapper$ContextVersion
2012:             1             64  org.apache.catalina.valves.ErrorReportValve
2013:             4             64  org.apache.catalina.webresources.Cache$EvictionOrder
2014:             1             64  org.apache.catalina.webresources.DirResourceSet
2015:             2             64  org.apache.logging.log4j.util.PropertiesUtil$Environment
2016:             4             64  org.apache.tomcat.websocket.WsRemoteEndpointAsync
2017:             4             64  org.apache.tomcat.websocket.WsRemoteEndpointBasic
2018:             4             64  org.apache.tomcat.websocket.WsRemoteEndpointImplBase$IntermediateMessageHandler
2019:             4             64  org.apache.tomcat.websocket.WsRemoteEndpointImplBase$StateMachine
2020:             1             64  org.hibernate.validator.internal.engine.ValidatorFactoryImpl
2021:             1             64  org.springframework.aop.framework.ProxyFactory
2022:             4             64  org.springframework.beans.factory.support.NullBean
2023:             2             64  org.springframework.beans.propertyeditors.CharacterEditor
2024:             2             64  org.springframework.beans.propertyeditors.ClassArrayEditor
2025:             2             64  org.springframework.beans.propertyeditors.ClassEditor
2026:             2             64  org.springframework.beans.propertyeditors.FileEditor
2027:             2             64  org.springframework.beans.propertyeditors.InputSourceEditor
2028:             2             64  org.springframework.beans.propertyeditors.InputStreamEditor
2029:             2             64  org.springframework.beans.propertyeditors.PathEditor
2030:             2             64  org.springframework.beans.propertyeditors.ReaderEditor
2031:             2             64  org.springframework.beans.propertyeditors.URIEditor
2032:             2             64  org.springframework.beans.propertyeditors.URLEditor
2033:             1             64  org.springframework.boot.autoconfigure.jackson.JacksonProperties
2034:             1             64  org.springframework.boot.autoconfigure.template.TemplateAvailabilityProviders$1
2035:             1             64  org.springframework.boot.autoconfigure.web.servlet.WebMvcProperties
2036:             4             64  org.springframework.boot.convert.CollectionToDelimitedStringConverter
2037:             1             64  org.springframework.context.annotation.CommonAnnotationBeanPostProcessor
2038:             2             64  org.springframework.context.annotation.ConditionEvaluator$ConditionContextImpl
2039:             2             64  org.springframework.context.annotation.ConfigurationClassParser$ImportStack
2040:             4             64  org.springframework.core.convert.support.ArrayToCollectionConverter
2041:             4             64  org.springframework.core.convert.support.ArrayToObjectConverter
2042:             4             64  org.springframework.core.convert.support.ArrayToStringConverter
2043:             4             64  org.springframework.core.convert.support.ByteBufferConverter
2044:             4             64  org.springframework.core.convert.support.CharacterToNumberFactory
2045:             4             64  org.springframework.core.convert.support.CollectionToCollectionConverter
2046:             4             64  org.springframework.core.convert.support.CollectionToObjectConverter
2047:             4             64  org.springframework.core.convert.support.EnumToIntegerConverter
2048:             4             64  org.springframework.core.convert.support.EnumToStringConverter
2049:             4             64  org.springframework.core.convert.support.FallbackObjectToStringConverter
2050:             4             64  org.springframework.core.convert.support.IdToEntityConverter
2051:             4             64  org.springframework.core.convert.support.IntegerToEnumConverterFactory
2052:             4             64  org.springframework.core.convert.support.MapToMapConverter
2053:             4             64  org.springframework.core.convert.support.NumberToCharacterConverter
2054:             4             64  org.springframework.core.convert.support.NumberToNumberConverterFactory
2055:             4             64  org.springframework.core.convert.support.ObjectToArrayConverter
2056:             4             64  org.springframework.core.convert.support.ObjectToCollectionConverter
2057:             4             64  org.springframework.core.convert.support.ObjectToObjectConverter
2058:             4             64  org.springframework.core.convert.support.ObjectToOptionalConverter
2059:             4             64  org.springframework.core.convert.support.PropertiesToStringConverter
2060:             4             64  org.springframework.core.convert.support.StreamConverter
2061:             4             64  org.springframework.core.convert.support.StringToArrayConverter
2062:             4             64  org.springframework.core.convert.support.StringToBooleanConverter
2063:             4             64  org.springframework.core.convert.support.StringToCharacterConverter
2064:             4             64  org.springframework.core.convert.support.StringToCharsetConverter
2065:             4             64  org.springframework.core.convert.support.StringToCollectionConverter
2066:             4             64  org.springframework.core.convert.support.StringToCurrencyConverter
2067:             4             64  org.springframework.core.convert.support.StringToEnumConverterFactory
2068:             4             64  org.springframework.core.convert.support.StringToLocaleConverter
2069:             4             64  org.springframework.core.convert.support.StringToNumberConverterFactory
2070:             4             64  org.springframework.core.convert.support.StringToPropertiesConverter
2071:             4             64  org.springframework.core.convert.support.StringToTimeZoneConverter
2072:             4             64  org.springframework.core.convert.support.StringToUUIDConverter
2073:             4             64  org.springframework.core.convert.support.ZoneIdToTimeZoneConverter
2074:             4             64  org.springframework.core.convert.support.ZonedDateTimeToCalendarConverter
2075:             2             64  org.springframework.core.task.SimpleAsyncTaskExecutor$ConcurrencyThrottleAdapter
2076:             2             64  org.springframework.core.type.filter.AnnotationTypeFilter
2077:             2             64  org.springframework.http.converter.support.AllEncompassingFormHttpMessageConverter
2078:             1             64  org.springframework.jdbc.core.namedparam.NamedParameterJdbcTemplate$1
2079:             2             64  org.springframework.messaging.simp.broker.BrokerAvailabilityEvent
2080:             1             64  org.springframework.messaging.simp.broker.DefaultSubscriptionRegistry$DestinationCache$1
2081:             2             64  org.springframework.messaging.simp.config.TaskExecutorRegistration
2082:             1             64  org.springframework.messaging.simp.stomp.StompEncoder$1
2083:             1             64  org.springframework.validation.beanvalidation.MethodValidationPostProcessor
2084:             2             64  org.springframework.web.context.support.StandardServletEnvironment
2085:             4             64  org.springframework.web.method.annotation.ModelMethodProcessor
2086:             1             64  org.springframework.web.servlet.view.AbstractCachingViewResolver$2
2087:             2             64  org.springframework.web.socket.messaging.SessionConnectEvent
2088:             2             64  org.springframework.web.socket.messaging.SessionConnectedEvent
2089:             4             64  org.zeroturnaround.javarebel.integration.generic.MultiReloadCheckListener
2090:             4             64  org.zeroturnaround.javarebel.integration.monitor.MonitoredResource$1
2091:             2             64  org.zeroturnaround.javarebel.integration.util.ClassLoaderLocalUtil$DestructibleClassEventListenerAdapter
2092:             4             64  sun.net.www.protocol.jar.Handler
2093:             2             64  sun.reflect.UnsafeQualifiedBooleanFieldAccessorImpl
2094:             1             64  sun.security.provider.SHA2$SHA256
2095:             2             64  sun.security.x509.NetscapeCertTypeExtension
2096:             1             64  sun.util.locale.provider.RuleBasedBreakIterator
2097:             1             56  [Lcom.fasterxml.jackson.annotation.JsonFormat$Shape;
2098:             1             56  [Lcom.sun.org.apache.xalan.internal.utils.XMLSecurityManager$Limit;
2099:             1             56  [Lcom.sun.org.apache.xerces.internal.impl.XMLScanner$NameType;
2100:             1             56  [Lcom.sun.org.apache.xerces.internal.utils.XMLSecurityManager$Limit;
2101:             2             56  [Lcom.zeroturnaround.javarebel.cmy;
2102:             1             56  [Ljava.lang.Runnable;
2103:             1             56  [Ljava.text.Format;
2104:             3             56  [Lorg.springframework.context.annotation.ComponentScan$Filter;
2105:             1             56  [Lorg.springframework.messaging.simp.SimpMessageType;
2106:             2             56  [Lorg.springframework.util.MimeType;
2107:             1             56  [Lorg.zeroturnaround.bundled.javassist.CtClass;
2108:             1             56  [Lorg.zeroturnaround.javarebel.LicenceType;
2109:             1             56  [Lsun.util.logging.PlatformLogger$Level;
2110:             1             56  ch.qos.logback.classic.encoder.PatternLayoutEncoder
2111:             1             56  com.fasterxml.classmate.types.ResolvedObjectType
2112:             1             56  com.fasterxml.jackson.datatype.jsr310.ser.ZonedDateTimeSerializer
2113:             1             56  com.sun.org.apache.xerces.internal.jaxp.SAXParserImpl
2114:             1             56  com.zeroturnaround.javarebel.fxq
2115:             1             56  java.util.logging.LogManager
2116:             1             56  org.apache.catalina.core.StandardContextValve
2117:             1             56  org.apache.catalina.core.StandardEngineValve
2118:             1             56  org.apache.catalina.core.StandardHostValve
2119:             1             56  org.apache.catalina.util.StandardSessionIdGenerator
2120:             1             56  org.apache.catalina.webresources.Cache
2121:             1             56  org.apache.tomcat.util.net.NioSelectorPool
2122:             1             56  org.apache.tomcat.util.scan.StandardJarScanFilter
2123:             1             56  org.apache.tomcat.util.threads.TaskQueue
2124:             1             56  org.hibernate.validator.internal.metadata.BeanMetaDataManager
2125:             1             56  org.hibernate.validator.internal.xml.config.BootstrapConfigurationImpl
2126:             1             56  org.hibernate.validator.internal.xml.config.ValidationBootstrapParameters
2127:             1             56  org.springframework.asm.Label
2128:             1             56  org.springframework.beans.factory.annotation.AutowiredAnnotationBeanPostProcessor
2129:             1             56  org.springframework.boot.autoconfigure.web.ResourceProperties$Cache$Cachecontrol
2130:             1             56  org.springframework.boot.autoconfigure.web.servlet.DispatcherServletRegistrationBean
2131:             1             56  org.springframework.boot.autoconfigure.web.servlet.WebMvcAutoConfiguration$WebMvcAutoConfigurationAdapter$$EnhancerBySpringCGLIB$$3122d8a3
2132:             1             56  org.springframework.boot.devtools.filewatch.FileSystemWatcher
2133:             1             56  org.springframework.boot.web.client.RestTemplateBuilder
2134:             1             56  org.springframework.boot.web.embedded.tomcat.LazySessionIdGenerator
2135:             1             56  org.springframework.dao.annotation.PersistenceExceptionTranslationPostProcessor
2136:             1             56  org.springframework.messaging.simp.config.MessageBrokerRegistry
2137:             1             56  org.springframework.util.StopWatch
2138:             1             56  org.springframework.validation.beanvalidation.LocalValidatorFactoryBean
2139:             1             56  org.springframework.web.servlet.view.ContentNegotiatingViewResolver
2140:             1             56  org.springframework.web.socket.config.annotation.DelegatingWebSocketMessageBrokerConfiguration$$EnhancerBySpringCGLIB$$151c7e11
2141:             1             56  org.springframework.web.socket.messaging.StompSubProtocolHandler
2142:             1             56  org.zeroturnaround.javarebel.integration.monitor.FileMonitorAdapter
2143:             1             56  sun.rmi.runtime.Log$InternalStreamHandler
2144:             1             56  sun.security.provider.MD5
2145:             1             56  sun.security.ssl.InputRecord
2146:             3             48  [Lcom.fasterxml.classmate.ResolvedType;
2147:             1             48  [Lcom.fasterxml.jackson.annotation.JsonFormat$Feature;
2148:             1             48  [Lcom.fasterxml.jackson.annotation.JsonInclude$Include;
2149:             1             48  [Lcom.sun.beans.util.Cache$CacheEntry;
2150:             1             48  [Lcom.sun.management.VMOption$Origin;
2151:             1             48  [Lcom.zeroturnaround.javarebel.gdk;
2152:             1             48  [Ljava.beans.WeakIdentityMap$Entry;
2153:             3             48  [Ljava.lang.StackTraceElement;
2154:             3             48  [Ljava.lang.Throwable;
2155:             1             48  [Ljava.lang.invoke.MethodHandleImpl$Intrinsic;
2156:             1             48  [Ljava.math.RoundingMode;
2157:             1             48  [Ljava.util.concurrent.TimeUnit;
2158:             2             48  [Ljavax.annotation.Resource$AuthenticationType;
2159:             3             48  [Lorg.apache.catalina.mapper.Mapper$MappedWrapper;
2160:             1             48  [Lorg.apache.tomcat.util.http.parser.HttpParser$DomainParseState;
2161:             1             48  [Lorg.apache.tomcat.util.net.AbstractEndpoint$Handler$SocketState;
2162:             2             48  [Lorg.hibernate.validator.internal.util.ConcurrentReferenceHashMap$Option;
2163:             1             48  [Lorg.springframework.boot.convert.DurationStyle$Unit;
2164:             1             48  [Lorg.springframework.cglib.proxy.CallbackInfo;
2165:             2             48  [Lorg.springframework.context.annotation.AdviceMode;
2166:             1             48  [Lsun.management.counter.Units;
2167:             1             48  [Lsun.security.ssl.SignatureAndHashAlgorithm$HashAlgorithm;
2168:             1             48  [Lsun.security.x509.NetscapeCertTypeExtension$MapEntry;
2169:             1             48  [[Ljava.lang.Object;
2170:             1             48  ch.qos.logback.classic.pattern.DateConverter
2171:             3             48  ch.qos.logback.core.spi.LogbackLock
2172:             2             48  ch.qos.logback.core.subst.Node$Type
2173:             1             48  com.alibaba.fastjson.parser.ParserConfig
2174:             2             48  com.alibaba.fastjson.util.IdentityHashMap
2175:             2             48  com.fasterxml.jackson.databind.AnnotationIntrospector$ReferenceProperty$Type
2176:             1             48  com.fasterxml.jackson.databind.cfg.ConfigOverride$Empty
2177:             2             48  com.fasterxml.jackson.databind.deser.impl.NullsConstantProvider
2178:             2             48  com.fasterxml.jackson.databind.introspect.AnnotationIntrospectorPair
2179:             2             48  com.fasterxml.jackson.databind.ser.std.BooleanSerializer
2180:             1             48  com.fasterxml.jackson.databind.ser.std.CollectionSerializer
2181:             1             48  com.fasterxml.jackson.databind.util.StdDateFormat
2182:             1             48  com.fasterxml.jackson.datatype.jsr310.ser.InstantSerializer
2183:             1             48  com.fasterxml.jackson.datatype.jsr310.ser.OffsetDateTimeSerializer
2184:             2             48  com.sun.crypto.provider.AESCipher$General
2185:             2             48  com.sun.jmx.mbeanserver.ClassLoaderRepositorySupport$LoaderEntry
2186:             1             48  com.sun.jmx.mbeanserver.DefaultMXBeanMappingFactory$Mappings
2187:             2             48  com.sun.jmx.mbeanserver.WeakIdentityHashMap
2188:             2             48  com.sun.org.apache.xerces.internal.impl.dtd.DTDGrammarBucket
2189:             2             48  com.sun.org.apache.xerces.internal.impl.dtd.XMLAttributeDecl
2190:             3             48  com.sun.org.apache.xerces.internal.impl.dv.dtd.ListDatatypeValidator
2191:             1             48  com.sun.org.apache.xerces.internal.util.XMLAttributesImpl
2192:             3             48  com.sun.proxy.$Proxy14
2193:             3             48  com.sun.proxy.$Proxy32
2194:             3             48  com.sun.proxy.$Proxy47
2195:             3             48  com.sun.proxy.$Proxy54
2196:             3             48  com.sun.proxy.$Proxy70
2197:             2             48  com.zeroturnaround.javarebel.ayo
2198:             3             48  com.zeroturnaround.javarebel.bta
2199:             3             48  com.zeroturnaround.javarebel.btb
2200:             3             48  com.zeroturnaround.javarebel.btc
2201:             3             48  com.zeroturnaround.javarebel.btg
2202:             3             48  com.zeroturnaround.javarebel.bth
2203:             3             48  com.zeroturnaround.javarebel.btm
2204:             3             48  com.zeroturnaround.javarebel.btn
2205:             3             48  com.zeroturnaround.javarebel.bvw
2206:             2             48  com.zeroturnaround.javarebel.bwb
2207:             2             48  com.zeroturnaround.javarebel.bwc
2208:             3             48  com.zeroturnaround.javarebel.bxp
2209:             3             48  com.zeroturnaround.javarebel.bzl
2210:             3             48  com.zeroturnaround.javarebel.bzn
2211:             3             48  com.zeroturnaround.javarebel.bzr
2212:             3             48  com.zeroturnaround.javarebel.bzv
2213:             3             48  com.zeroturnaround.javarebel.c
2214:             3             48  com.zeroturnaround.javarebel.cai
2215:             3             48  com.zeroturnaround.javarebel.can
2216:             3             48  com.zeroturnaround.javarebel.cax
2217:             1             48  com.zeroturnaround.javarebel.cb
2218:             2             48  com.zeroturnaround.javarebel.cet
2219:             2             48  com.zeroturnaround.javarebel.cfx
2220:             3             48  com.zeroturnaround.javarebel.cgd
2221:             3             48  com.zeroturnaround.javarebel.cgh
2222:             2             48  com.zeroturnaround.javarebel.chk
2223:             1             48  com.zeroturnaround.javarebel.ciw
2224:             3             48  com.zeroturnaround.javarebel.cjf
2225:             1             48  com.zeroturnaround.javarebel.ckb
2226:             3             48  com.zeroturnaround.javarebel.cky
2227:             3             48  com.zeroturnaround.javarebel.clj
2228:             3             48  com.zeroturnaround.javarebel.cln
2229:             2             48  com.zeroturnaround.javarebel.guu
2230:             3             48  com.zeroturnaround.javarebel.h
2231:             3             48  com.zeroturnaround.javarebel.hab
2232:             2             48  com.zeroturnaround.javarebel.i
2233:             2             48  com.zeroturnaround.javarebel.internalsdk.Internal$CoreVersion
2234:             3             48  com.zeroturnaround.javarebel.jv
2235:             3             48  com.zeroturnaround.javarebel.ke
2236:             3             48  com.zeroturnaround.javarebel.s
2237:             2             48  com.zeroturnaround.javarebel.ux
2238:             2             48  com.zeroturnaround.javarebel.xy
2239:             2             48  com.zeroturnaround.javarebel.yc
2240:             2             48  com.zeroturnaround.javarebel.yd
2241:             2             48  com.zeroturnaround.javarebel.yo
2242:             2             48  com.zeroturnaround.javarebel.yq
2243:             2             48  com.zeroturnaround.javarebel.yy
2244:             2             48  com.zeroturnaround.javarebel.z
2245:             1             48  com.zeroturnaround.javarebel.zn
2246:             1             48  com.zeroturnaround.javarebel.zo
2247:             1             48  com.zeroturnaround.jrebel.bundled.org.apache.http.impl.execchain.c
2248:             2             48  com.zeroturnaround.jrebelbase.f
2249:             2             48  com.zeroturnaround.jrebelbase.facade.at
2250:             2             48  com.zeroturnaround.jrebelbase.facade.z
2251:             1             48  com.zeroturnaround.reload.a
2252:             2             48  java.io.File$PathStatus
2253:             2             48  java.lang.ClassValue$Version
2254:             1             48  java.lang.ProcessEnvironment
2255:             1             48  java.lang.invoke.BoundMethodHandle$Species_L4
2256:             1             48  java.lang.invoke.BoundMethodHandle$Species_L5
2257:             2             48  java.lang.reflect.ReflectPermission
2258:             2             48  java.net.InetAddress$Cache
2259:             2             48  java.net.InetAddress$Cache$Type
2260:             2             48  java.net.SocketPermissionCollection
2261:             2             48  java.net.StandardProtocolFamily
2262:             3             48  java.nio.channels.spi.AbstractSelector$1
2263:             2             48  java.nio.charset.CoderResult
2264:             3             48  java.nio.charset.CodingErrorAction
2265:             2             48  java.sql.SQLPermission
2266:             3             48  java.text.AttributedCharacterIterator$Attribute
2267:             2             48  java.time.format.DateTimeFormatterBuilder$1
2268:             3             48  java.time.format.DateTimeFormatterBuilder$StringLiteralPrinterParser
2269:             2             48  java.time.format.DateTimeFormatterBuilder$ZoneIdPrinterParser
2270:             2             48  java.time.format.DateTimeTextProvider$LocaleStore
2271:             3             48  java.util.Base64$Decoder
2272:             2             48  java.util.Collections$3
2273:             1             48  java.util.concurrent.ConcurrentSkipListMap
2274:             2             48  java.util.concurrent.LinkedBlockingDeque$Node
2275:             3             48  java.util.concurrent.SynchronousQueue$TransferStack
2276:             1             48  java.util.concurrent.locks.ReentrantReadWriteLock$FairSync
2277:             3             48  java.util.jar.JarVerifier$3
2278:             2             48  java.util.logging.Logger$LoggerBundle
2279:             2             48  java.util.regex.Pattern$Prolog
2280:             2             48  java.util.stream.ReferencePipeline$2$1
2281:             2             48  javax.annotation.Resource$AuthenticationType
2282:             2             48  javax.crypto.spec.SecretKeySpec
2283:             2             48  javax.el.ExpressionFactory$CacheValue
2284:             2             48  javax.el.Util$CacheValue
2285:             2             48  javax.management.remote.rmi.RMIJRMPServerImpl$ExportedWrapper
2286:             2             48  javax.validation.constraintvalidation.ValidationTarget
2287:             1             48  org.apache.catalina.core.DefaultInstanceManager
2288:             2             48  org.apache.catalina.core.StandardWrapperFacade
2289:             1             48  org.apache.catalina.mapper.MapperListener
2290:             3             48  org.apache.catalina.realm.RealmBase$AllRolesMode
2291:             1             48  org.apache.catalina.startup.Tomcat
2292:             2             48  org.apache.catalina.util.ErrorPageSupport
2293:             2             48  org.apache.catalina.util.URLEncoder
2294:             1             48  org.apache.catalina.webresources.FileResource
2295:             1             48  org.apache.logging.log4j.simple.SimpleLogger
2296:             1             48  org.apache.logging.log4j.status.StatusLogger
2297:             1             48  org.apache.logging.slf4j.SLF4JProvider
2298:             2             48  org.apache.tomcat.util.buf.UEncoder$SafeCharsSet
2299:             1             48  org.apache.tomcat.util.digester.CallMethodRule
2300:             1             48  org.apache.tomcat.util.modeler.Registry
2301:             1             48  org.hibernate.validator.internal.engine.ValidatorFactoryImpl$ValidatorFactoryScopedContext
2302:             1             48  org.hibernate.validator.internal.engine.ValidatorImpl
2303:             2             48  org.hibernate.validator.internal.metadata.descriptor.ConstraintDescriptorImpl$ConstraintType
2304:             1             48  org.hibernate.validator.messageinterpolation.ResourceBundleMessageInterpolator
2305:             2             48  org.springframework.aop.support.annotation.AnnotationClassFilter
2306:             2             48  org.springframework.aop.support.annotation.AnnotationMatchingPointcut
2307:             2             48  org.springframework.beans.factory.annotation.InitDestroyAnnotationBeanPostProcessor$LifecycleElement
2308:             3             48  org.springframework.boot.autoconfigure.cache.CacheCondition
2309:             2             48  org.springframework.boot.autoconfigure.condition.OnResourceCondition
2310:             2             48  org.springframework.boot.autoconfigure.http.HttpProperties$Encoding$Type
2311:             2             48  org.springframework.boot.autoconfigure.jdbc.DataSourceAutoConfiguration$PooledDataSourceCondition
2312:             1             48  org.springframework.boot.autoconfigure.task.TaskExecutionAutoConfiguration$$EnhancerBySpringCGLIB$$afd15614
2313:             1             48  org.springframework.boot.autoconfigure.web.ServerProperties$Jetty$Accesslog
2314:             2             48  org.springframework.boot.autoconfigure.web.servlet.HttpEncodingAutoConfiguration$$EnhancerBySpringCGLIB$$f78673e0$$FastClassBySpringCGLIB$$830cfb52
2315:             2             48  org.springframework.boot.autoconfigure.web.servlet.HttpEncodingAutoConfiguration$$FastClassBySpringCGLIB$$8e591c9d
2316:             2             48  org.springframework.boot.autoconfigure.web.servlet.MultipartAutoConfiguration$$EnhancerBySpringCGLIB$$6676fbed$$FastClassBySpringCGLIB$$b156b9e9
2317:             2             48  org.springframework.boot.autoconfigure.web.servlet.MultipartAutoConfiguration$$FastClassBySpringCGLIB$$e81ad00a
2318:             2             48  org.springframework.boot.autoconfigure.web.servlet.ServletWebServerFactoryAutoConfiguration$$EnhancerBySpringCGLIB$$13eae4a1$$FastClassBySpringCGLIB$$698e7598
2319:             2             48  org.springframework.boot.autoconfigure.web.servlet.ServletWebServerFactoryAutoConfiguration$$FastClassBySpringCGLIB$$36b2d63e
2320:             2             48  org.springframework.boot.autoconfigure.web.servlet.WebMvcAutoConfiguration$$EnhancerBySpringCGLIB$$5873fbb5$$FastClassBySpringCGLIB$$ff50e6b5
2321:             2             48  org.springframework.boot.autoconfigure.web.servlet.WebMvcAutoConfiguration$$FastClassBySpringCGLIB$$1a49ed2
2322:             2             48  org.springframework.boot.autoconfigure.web.servlet.WebMvcAutoConfiguration$WebMvcAutoConfigurationAdapter$FaviconConfiguration$$EnhancerBySpringCGLIB$$ed5fe0e9$$FastClassBySpringCGLIB$$dbde8142
2323:             2             48  org.springframework.boot.autoconfigure.web.servlet.WebMvcAutoConfiguration$WebMvcAutoConfigurationAdapter$FaviconConfiguration$$FastClassBySpringCGLIB$$63819186
2324:             2             48  org.springframework.boot.autoconfigure.web.servlet.WebMvcProperties$LocaleResolver
2325:             1             48  org.springframework.boot.autoconfigure.web.servlet.error.ErrorMvcAutoConfiguration$$EnhancerBySpringCGLIB$$4fddc2c3
2326:             2             48  org.springframework.boot.autoconfigure.web.servlet.error.ErrorMvcAutoConfiguration$WhitelabelErrorViewConfiguration$$EnhancerBySpringCGLIB$$2f11a93b$$FastClassBySpringCGLIB$$75cc8bbc
2327:             2             48  org.springframework.boot.autoconfigure.web.servlet.error.ErrorMvcAutoConfiguration$WhitelabelErrorViewConfiguration$$FastClassBySpringCGLIB$$aa49e198
2328:             2             48  org.springframework.boot.context.properties.bind.JavaBeanBinder$Bean
2329:             2             48  org.springframework.boot.context.properties.source.SpringConfigurationPropertySource
2330:             2             48  org.springframework.boot.context.properties.source.SpringConfigurationPropertySources
2331:             1             48  org.springframework.boot.devtools.filewatch.FileSystemWatcher$Watcher
2332:             1             48  org.springframework.boot.logging.logback.ExtendedWhitespaceThrowableProxyConverter
2333:             1             48  org.springframework.boot.task.TaskExecutorBuilder
2334:             1             48  org.springframework.boot.web.servlet.filter.OrderedCharacterEncodingFilter
2335:             1             48  org.springframework.boot.web.servlet.filter.OrderedFormContentFilter
2336:             1             48  org.springframework.boot.web.servlet.filter.OrderedHiddenHttpMethodFilter
2337:             1             48  org.springframework.boot.web.servlet.filter.OrderedRequestContextFilter
2338:             3             48  org.springframework.cglib.core.AbstractClassGenerator$Source
2339:             2             48  org.springframework.context.annotation.AdviceMode
2340:             3             48  org.springframework.context.annotation.AnnotationBeanNameGenerator
2341:             1             48  org.springframework.context.annotation.ConfigurationClassBeanDefinitionReader
2342:             2             48  org.springframework.context.annotation.ConfigurationCondition$ConfigurationPhase
2343:             2             48  org.springframework.context.support.ApplicationListenerDetector
2344:             2             48  org.springframework.core.NamedInheritableThreadLocal
2345:             2             48  org.springframework.core.ResolvableType$WildcardBounds$Kind
2346:             3             48  org.springframework.core.env.MutablePropertySources
2347:             3             48  org.springframework.expression.spel.standard.SpelExpressionParser
2348:             3             48  org.springframework.expression.spel.support.StandardOperatorOverloader
2349:             3             48  org.springframework.expression.spel.support.StandardTypeComparator
2350:             3             48  org.springframework.expression.spel.support.StandardTypeConverter
2351:             2             48  org.springframework.expression.spel.support.StandardTypeLocator
2352:             3             48  org.springframework.format.datetime.DateTimeFormatAnnotationFormatterFactory
2353:             3             48  org.springframework.format.datetime.standard.DateTimeConverters$CalendarToInstantConverter
2354:             3             48  org.springframework.format.datetime.standard.DateTimeConverters$CalendarToLocalDateConverter
2355:             3             48  org.springframework.format.datetime.standard.DateTimeConverters$CalendarToLocalDateTimeConverter
2356:             3             48  org.springframework.format.datetime.standard.DateTimeConverters$CalendarToLocalTimeConverter
2357:             3             48  org.springframework.format.datetime.standard.DateTimeConverters$CalendarToOffsetDateTimeConverter
2358:             3             48  org.springframework.format.datetime.standard.DateTimeConverters$CalendarToZonedDateTimeConverter
2359:             3             48  org.springframework.format.datetime.standard.DateTimeConverters$InstantToLongConverter
2360:             3             48  org.springframework.format.datetime.standard.DateTimeConverters$LocalDateTimeToLocalDateConverter
2361:             3             48  org.springframework.format.datetime.standard.DateTimeConverters$LocalDateTimeToLocalTimeConverter
2362:             3             48  org.springframework.format.datetime.standard.DateTimeConverters$LongToInstantConverter
2363:             3             48  org.springframework.format.datetime.standard.DateTimeConverters$OffsetDateTimeToInstantConverter
2364:             3             48  org.springframework.format.datetime.standard.DateTimeConverters$OffsetDateTimeToLocalDateConverter
2365:             3             48  org.springframework.format.datetime.standard.DateTimeConverters$OffsetDateTimeToLocalDateTimeConverter
2366:             3             48  org.springframework.format.datetime.standard.DateTimeConverters$OffsetDateTimeToLocalTimeConverter
2367:             3             48  org.springframework.format.datetime.standard.DateTimeConverters$OffsetDateTimeToZonedDateTimeConverter
2368:             3             48  org.springframework.format.datetime.standard.DateTimeConverters$ZonedDateTimeToInstantConverter
2369:             3             48  org.springframework.format.datetime.standard.DateTimeConverters$ZonedDateTimeToLocalDateConverter
2370:             3             48  org.springframework.format.datetime.standard.DateTimeConverters$ZonedDateTimeToLocalDateTimeConverter
2371:             3             48  org.springframework.format.datetime.standard.DateTimeConverters$ZonedDateTimeToLocalTimeConverter
2372:             3             48  org.springframework.format.datetime.standard.DateTimeConverters$ZonedDateTimeToOffsetDateTimeConverter
2373:             3             48  org.springframework.format.datetime.standard.DurationFormatter
2374:             3             48  org.springframework.format.datetime.standard.InstantFormatter
2375:             3             48  org.springframework.format.datetime.standard.Jsr310DateTimeFormatAnnotationFormatterFactory
2376:             3             48  org.springframework.format.datetime.standard.MonthDayFormatter
2377:             3             48  org.springframework.format.datetime.standard.MonthFormatter
2378:             3             48  org.springframework.format.datetime.standard.PeriodFormatter
2379:             3             48  org.springframework.format.datetime.standard.YearFormatter
2380:             3             48  org.springframework.format.datetime.standard.YearMonthFormatter
2381:             3             48  org.springframework.format.number.NumberFormatAnnotationFormatterFactory
2382:             1             48  org.springframework.jdbc.core.JdbcTemplate
2383:             3             48  org.springframework.messaging.converter.DefaultContentTypeResolver
2384:             1             48  org.springframework.messaging.simp.broker.DefaultSubscriptionRegistry
2385:             2             48  org.springframework.messaging.simp.broker.DefaultSubscriptionRegistry$DestinationCache$$Lambda$480/1194730465
2386:             1             48  org.springframework.messaging.simp.user.UserDestinationMessageHandler
2387:             3             48  org.springframework.messaging.support.ImmutableMessageChannelInterceptor
2388:             1             48  org.springframework.scheduling.annotation.ScheduledAnnotationBeanPostProcessor
2389:             1             48  org.springframework.scheduling.config.ScheduledTaskRegistrar
2390:             2             48  org.springframework.util.ConcurrentReferenceHashMap$ReferenceType
2391:             2             48  org.springframework.util.ConcurrentReferenceHashMap$Restructure
2392:             1             48  org.springframework.web.accept.ContentNegotiationManagerFactoryBean
2393:             2             48  org.springframework.web.context.support.ServletContextResource
2394:             2             48  org.springframework.web.context.support.ServletContextResourcePatternResolver
2395:             2             48  org.springframework.web.method.annotation.ExpressionValueMethodArgumentResolver
2396:             3             48  org.springframework.web.method.annotation.MapMethodProcessor
2397:             2             48  org.springframework.web.method.support.HandlerMethodReturnValueHandlerComposite
2398:             2             48  org.springframework.web.servlet.mvc.condition.ProducesRequestCondition$ProduceMediaTypeExpression
2399:             2             48  org.springframework.web.servlet.mvc.method.annotation.MatrixVariableMethodArgumentResolver
2400:             2             48  org.springframework.web.servlet.mvc.method.annotation.PathVariableMethodArgumentResolver
2401:             2             48  org.springframework.web.servlet.mvc.method.annotation.ServletModelAttributeMethodProcessor
2402:             3             48  org.springframework.web.servlet.mvc.method.annotation.ServletRequestMethodArgumentResolver
2403:             3             48  org.springframework.web.servlet.mvc.method.annotation.ServletResponseMethodArgumentResolver
2404:             2             48  org.springframework.web.socket.WebSocketExtension
2405:             2             48  org.springframework.web.socket.WebSocketHttpHeaders
2406:             1             48  org.springframework.web.socket.config.WebSocketMessageBrokerStats
2407:             2             48  org.springframework.web.socket.handler.ConcurrentWebSocketSessionDecorator$OverflowStrategy
2408:             1             48  org.springframework.web.socket.messaging.SubProtocolWebSocketHandler$Stats
2409:             2             48  org.springframework.web.socket.server.support.HandshakeInterceptorChain
2410:             2             48  org.zeroturnaround.bundled.javassist.CtArray
2411:             1             48  org.zeroturnaround.bundled.javassist.compiler.KeywordTable
2412:             1             48  org.zeroturnaround.javarebel.integration.fileservlet.FileServlet
2413:             3             48  org.zeroturnaround.javarebel.integration.generic.BaseServletContextImplClassBytecodeProcessor
2414:             2             48  org.zeroturnaround.javarebel.integration.spring.beans.cbp.AutowiredPropertyCacheCBP
2415:             2             48  org.zeroturnaround.javarebel.integration.spring.beans.cbp.InjectionPropertySkippingCBP
2416:             3             48  org.zeroturnaround.javarebel.integration.support.AtomicBoolean
2417:             2             48  org.zeroturnaround.javarebel.preferences.FileStore$4
2418:             2             48  org.zeroturnaround.javarebel.preferences.FileStore$Lock
2419:             1             48  org.zeroturnaround.javarebel.reporting.MetricsExecutor
2420:             2             48  org.zeroturnaround.javarebel.reporting.backend.LazyInitMessageBackendDecorator
2421:             2             48  org.zeroturnaround.javarebel.reporting.backend.impl.SegmentIOBackend$METHOD
2422:             1             48  org.zeroturnaround.javarebel.reporting.stats.repository.impl.RepositoryMetricsStatistics$AppSizeStatsListener
2423:             2             48  org.zeroturnaround.javarebel.service.ServiceRequestUtil$WeakServiceRequestListener
2424:             3             48  org.zeroturnaround.jrebel.apache.commons.compress.archivers.zip.ExtraFieldUtils$UnparseableExtraField
2425:             2             48  org.zeroturnaround.jrebel.apache.commons.compress.archivers.zip.ZipEncodingHelper$SimpleEncodingHolder
2426:             2             48  sun.management.ManagementFactoryHelper$1
2427:             2             48  sun.misc.NativeSignalHandler
2428:             2             48  sun.misc.Signal
2429:             3             48  sun.nio.ch.Util$3
2430:             2             48  sun.nio.cs.ext.EUC_KR
2431:             2             48  sun.nio.cs.ext.JIS_X_0208_MS5022X
2432:             2             48  sun.nio.cs.ext.JIS_X_0212_MS5022X
2433:             3             48  sun.rmi.server.UnicastRef
2434:             3             48  sun.rmi.server.WeakClassHashMap$ValueCell
2435:             2             48  sun.security.jca.ProviderList
2436:             2             48  sun.security.jca.ProviderList$3
2437:             3             48  sun.security.ssl.AbstractTrustManagerWrapper
2438:             3             48  sun.security.ssl.EphemeralKeyManager
2439:             1             48  sun.security.ssl.OutputRecord
2440:             2             48  sun.security.ssl.SSLAlgorithmConstraints
2441:             3             48  sun.security.ssl.SSLSocketFactoryImpl
2442:             3             48  sun.security.util.AlgorithmDecomposer
2443:             3             48  sun.text.normalizer.CharTrie$FriendAgent
2444:             1             48  sun.text.normalizer.IntTrie
2445:             3             48  sun.text.normalizer.NormalizerBase$QuickCheckResult
2446:             3             48  sun.text.normalizer.VersionInfo
2447:             1             48  sun.text.resources.FormatData
2448:             1             48  sun.text.resources.en.FormatData_en
2449:             1             48  sun.text.resources.en.FormatData_en_US
2450:             1             48  sun.text.resources.zh.FormatData_zh
2451:             1             48  sun.text.resources.zh.FormatData_zh_CN
2452:             1             48  sun.util.resources.CalendarData
2453:             1             48  sun.util.resources.CurrencyNames
2454:             1             48  sun.util.resources.TimeZoneNames
2455:             1             48  sun.util.resources.en.CalendarData_en
2456:             1             48  sun.util.resources.en.CurrencyNames_en_US
2457:             1             48  sun.util.resources.en.TimeZoneNames_en
2458:             1             48  sun.util.resources.zh.CalendarData_zh
2459:             1             48  sun.util.resources.zh.CurrencyNames_zh_CN
2460:             2             40  [Lch.qos.logback.core.Appender;
2461:             1             40  [Lch.qos.logback.core.pattern.parser.TokenStream$TokenizerState;
2462:             1             40  [Lch.qos.logback.core.subst.Token$Type;
2463:             1             40  [Lcom.fasterxml.jackson.annotation.JsonAutoDetect$Visibility;
2464:             1             40  [Lcom.fasterxml.jackson.annotation.Nulls;
2465:             1             40  [Lcom.fasterxml.jackson.core.JsonParser$NumberType;
2466:             2             40  [Lcom.sun.jmx.mbeanserver.ClassLoaderRepositorySupport$LoaderEntry;
2467:             1             40  [Lcom.sun.org.apache.xerces.internal.util.Status;
2468:             1             40  [Lcom.sysmin.core.jvm.enums.JstatType;
2469:             1             40  [Lcom.zeroturnaround.javarebel.bpq;
2470:             1             40  [Lcom.zeroturnaround.javarebel.gps;
2471:             1             40  [Lcom.zeroturnaround.javarebel.oq;
2472:             1             40  [Lcom.zeroturnaround.javarebel.x;
2473:             2             40  [Ljava.beans.PropertyChangeListener;
2474:             2             40  [Ljava.lang.instrument.ClassFileTransformer;
2475:             1             40  [Ljava.lang.management.MemoryPoolMXBean;
2476:             2             40  [Ljava.net.URL;
2477:             1             40  [Ljava.time.format.SignStyle;
2478:             1             40  [Ljava.time.format.TextStyle;
2479:             1             40  [Ljava.util.stream.StreamOpFlag;
2480:             1             40  [Ljavax.servlet.http.MappingMatch;
2481:             1             40  [Lorg.apache.coyote.http11.Http11InputBuffer$HeaderParsePosition;
2482:             1             40  [Lorg.apache.tomcat.util.descriptor.web.FilterMap;
2483:             1             40  [Lorg.apache.tomcat.util.net.SocketEvent;
2484:             1             40  [Lorg.apache.tomcat.websocket.WsFrameBase$ReadState;
2485:             1             40  [Lorg.hibernate.validator.internal.metadata.raw.ConstrainedElement$ConstrainedElementKind;
2486:             1             40  [Lorg.jboss.logging.Logger$Level;
2487:             1             40  [Lorg.springframework.boot.ansi.AnsiStyle;
2488:             1             40  [Lorg.zeroturnaround.javarebel.reporting.stats.repository.CommonFieldId;
2489:             1             40  [Lsun.nio.fs.WindowsPathType;
2490:             1             40  [Lsun.security.jca.ServiceId;
2491:             1             40  [Lsun.security.ssl.SignatureAndHashAlgorithm$SignatureAlgorithm;
2492:             1             40  [Lsun.security.util.DisabledAlgorithmConstraints$Constraint$Operator;
2493:             1             40  [Lsun.util.locale.provider.LocaleProviderAdapter$Type;
2494:             1             40  [[Ljava.lang.invoke.LambdaForm$Name;
2495:             1             40  ch.qos.logback.classic.pattern.LoggerConverter
2496:             1             40  ch.qos.logback.core.BasicStatusManager
2497:             1             40  com.SysminApplication$$EnhancerBySpringCGLIB$$cb50aac1
2498:             1             40  com.conf.StompConf$$EnhancerBySpringCGLIB$$6fcfe05b
2499:             1             40  com.fasterxml.jackson.annotation.JsonFormat$Value
2500:             1             40  com.sun.beans.finder.MethodFinder$1
2501:             1             40  com.sun.jmx.interceptor.DefaultMBeanServerInterceptor
2502:             1             40  com.sun.jmx.mbeanserver.JmxMBeanServer
2503:             1             40  com.sun.jmx.mbeanserver.MBeanServerDelegateImpl
2504:             1             40  com.sun.org.apache.xerces.internal.impl.XMLEntityManager$CharacterBufferPool
2505:             1             40  com.sun.org.apache.xerces.internal.impl.XMLErrorReporter
2506:             1             40  com.sun.org.apache.xerces.internal.impl.XMLVersionDetector
2507:             1             40  com.sun.org.apache.xerces.internal.util.SymbolTable
2508:             1             40  com.sun.org.apache.xerces.internal.utils.XMLLimitAnalyzer
2509:             1             40  com.sun.org.apache.xerces.internal.utils.XMLSecurityManager
2510:             1             40  com.sun.xml.internal.stream.XMLEntityStorage
2511:             1             40  com.sun.xml.internal.stream.util.BufferAllocator
2512:             1             40  com.sysmin.controller.jvm.JvmHandlerController
2513:             1             40  com.zeroturnaround.javarebel.abj
2514:             1             40  com.zeroturnaround.javarebel.br
2515:             1             40  com.zeroturnaround.javarebel.bsb
2516:             1             40  com.zeroturnaround.javarebel.bsi
2517:             1             40  com.zeroturnaround.javarebel.bud
2518:             1             40  com.zeroturnaround.javarebel.byf
2519:             1             40  com.zeroturnaround.javarebel.chg
2520:             1             40  com.zeroturnaround.javarebel.gfh
2521:             1             40  com.zeroturnaround.javarebel.gwc
2522:             1             40  com.zeroturnaround.javarebel.mz
2523:             1             40  com.zeroturnaround.javarebel.ys
2524:             1             40  com.zeroturnaround.javarebel.ze
2525:             1             40  com.zeroturnaround.jrebel.bundled.org.bouncycastle.jce.provider.BouncyCastleProviderConfiguration
2526:             1             40  java.beans.WeakIdentityMap$Entry
2527:             1             40  java.text.MessageFormat
2528:             1             40  java.time.format.DateTimeFormatterBuilder
2529:             1             40  java.time.format.DateTimeFormatterBuilder$ReducedPrinterParser
2530:             1             40  java.time.format.DateTimeFormatterBuilder$ZoneTextPrinterParser
2531:             1             40  java.time.zone.ZoneRules
2532:             1             40  java.util.ResourceBundle$1
2533:             1             40  java.util.regex.Pattern$LazyLoop
2534:             1             40  java.util.regex.Pattern$Loop
2535:             1             40  javax.crypto.CryptoAllPermission
2536:             1             40  javax.servlet.MultipartConfigElement
2537:             1             40  org.apache.catalina.core.ApplicationSessionCookieConfig
2538:             1             40  org.apache.catalina.mapper.Mapper
2539:             1             40  org.apache.catalina.mbeans.ClassNameMBean
2540:             1             40  org.apache.catalina.mbeans.ConnectorMBean
2541:             1             40  org.apache.catalina.mbeans.ServiceMBean
2542:             1             40  org.apache.catalina.realm.MessageDigestCredentialHandler
2543:             1             40  org.apache.coyote.AbstractProtocol$RecycledProcessors
2544:             1             40  org.hibernate.validator.internal.engine.ValidationContext$ValidatorScopedContext
2545:             1             40  org.hibernate.validator.internal.engine.constraintvalidation.ConstraintValidatorManager
2546:             1             40  org.slf4j.bridge.SLF4JBridgeHandler
2547:             1             40  org.springframework.beans.JrNonSingletonBeanSupport
2548:             1             40  org.springframework.beans.JrNonSingletonBeanSupport$BeanInfo
2549:             1             40  org.springframework.beans.factory.annotation.AutowiredAnnotationBeanPostProcessor$AutowiredFieldElement
2550:             1             40  org.springframework.boot.autoconfigure.admin.SpringApplicationAdminJmxAutoConfiguration$$EnhancerBySpringCGLIB$$b6de5e0c
2551:             1             40  org.springframework.boot.autoconfigure.http.HttpMessageConvertersAutoConfiguration$$EnhancerBySpringCGLIB$$3e6588d2
2552:             1             40  org.springframework.boot.autoconfigure.http.HttpMessageConvertersAutoConfiguration$StringHttpMessageConverterConfiguration$$EnhancerBySpringCGLIB$$71734f72
2553:             1             40  org.springframework.boot.autoconfigure.info.ProjectInfoAutoConfiguration$$EnhancerBySpringCGLIB$$602bca57
2554:             1             40  org.springframework.boot.autoconfigure.jackson.JacksonAutoConfiguration$JacksonObjectMapperBuilderConfiguration$$EnhancerBySpringCGLIB$$3211fee8
2555:             1             40  org.springframework.boot.autoconfigure.jdbc.DataSourceJmxConfiguration$Hikari$$EnhancerBySpringCGLIB$$dd61ea8
2556:             1             40  org.springframework.boot.autoconfigure.jdbc.DataSourceTransactionManagerAutoConfiguration$DataSourceTransactionManagerConfiguration$$EnhancerBySpringCGLIB$$d13255ad
2557:             1             40  org.springframework.boot.autoconfigure.jdbc.JdbcTemplateAutoConfiguration$JdbcTemplateConfiguration$$EnhancerBySpringCGLIB$$3cbcebab
2558:             1             40  org.springframework.boot.autoconfigure.jmx.JmxAutoConfiguration$$EnhancerBySpringCGLIB$$a39d2c5a
2559:             1             40  org.springframework.boot.autoconfigure.transaction.TransactionAutoConfiguration$TransactionTemplateConfiguration$$EnhancerBySpringCGLIB$$22bc1a80
2560:             1             40  org.springframework.boot.autoconfigure.web.ServerProperties$Tomcat$Accesslog
2561:             1             40  org.springframework.boot.autoconfigure.web.ServerProperties$Undertow
2562:             1             40  org.springframework.boot.autoconfigure.web.client.RestTemplateAutoConfiguration$$EnhancerBySpringCGLIB$$bf47b6bf
2563:             1             40  org.springframework.boot.autoconfigure.web.format.WebConversionService
2564:             1             40  org.springframework.boot.autoconfigure.web.servlet.DispatcherServletAutoConfiguration$DispatcherServletConfiguration$$EnhancerBySpringCGLIB$$74314d07
2565:             1             40  org.springframework.boot.autoconfigure.web.servlet.DispatcherServletAutoConfiguration$DispatcherServletRegistrationConfiguration$$EnhancerBySpringCGLIB$$d638e1ae
2566:             1             40  org.springframework.boot.autoconfigure.web.servlet.HttpEncodingAutoConfiguration$$EnhancerBySpringCGLIB$$f78673e0
2567:             1             40  org.springframework.boot.autoconfigure.web.servlet.MultipartAutoConfiguration$$EnhancerBySpringCGLIB$$6676fbed
2568:             1             40  org.springframework.boot.autoconfigure.web.servlet.WebMvcAutoConfiguration$WebMvcAutoConfigurationAdapter$FaviconConfiguration$$EnhancerBySpringCGLIB$$ed5fe0e9
2569:             1             40  org.springframework.boot.autoconfigure.web.servlet.error.ErrorMvcAutoConfiguration$DefaultErrorViewResolverConfiguration$$EnhancerBySpringCGLIB$$64729763
2570:             1             40  org.springframework.boot.autoconfigure.web.servlet.error.ErrorMvcAutoConfiguration$WhitelabelErrorViewConfiguration$$EnhancerBySpringCGLIB$$2f11a93b
2571:             1             40  org.springframework.boot.autoconfigure.websocket.servlet.WebSocketMessagingAutoConfiguration$WebSocketMessageConverterConfiguration$$EnhancerBySpringCGLIB$$fc2b30ef
2572:             1             40  org.springframework.boot.context.properties.ConfigurationPropertiesBinder
2573:             1             40  org.springframework.boot.devtools.autoconfigure.DevToolsProperties$Restart
2574:             1             40  org.springframework.boot.devtools.autoconfigure.LocalDevToolsAutoConfiguration$LiveReloadConfiguration$$EnhancerBySpringCGLIB$$ef1aa9b0
2575:             1             40  org.springframework.boot.devtools.autoconfigure.LocalDevToolsAutoConfiguration$RestartConfiguration$$EnhancerBySpringCGLIB$$8ac4de8e
2576:             1             40  org.springframework.boot.devtools.livereload.LiveReloadServer
2577:             1             40  org.springframework.boot.web.servlet.server.Session
2578:             1             40  org.springframework.boot.web.servlet.server.Session$Cookie
2579:             1             40  org.springframework.context.event.EventListenerMethodProcessor
2580:             1             40  org.springframework.context.expression.StandardBeanExpressionResolver
2581:             1             40  org.springframework.expression.spel.support.SimpleEvaluationContext
2582:             1             40  org.springframework.jdbc.datasource.DataSourceTransactionManager
2583:             1             40  org.springframework.jndi.support.SimpleJndiBeanFactory
2584:             1             40  org.springframework.messaging.converter.MappingJackson2MessageConverter
2585:             1             40  org.springframework.messaging.converter.StringMessageConverter
2586:             1             40  org.springframework.messaging.simp.config.SimpleBrokerRegistration
2587:             1             40  org.springframework.transaction.annotation.ProxyTransactionManagementConfiguration$$EnhancerBySpringCGLIB$$2431bd3e
2588:             1             40  org.springframework.transaction.interceptor.AbstractFallbackTransactionAttributeSource$1
2589:             1             40  org.springframework.transaction.interceptor.BeanFactoryTransactionAttributeSourceAdvisor
2590:             1             40  org.springframework.transaction.interceptor.TransactionInterceptor
2591:             1             40  org.springframework.transaction.support.TransactionTemplate
2592:             1             40  org.springframework.ui.context.support.ResourceBundleThemeSource
2593:             1             40  org.springframework.web.bind.support.ConfigurableWebBindingInitializer
2594:             1             40  org.springframework.web.servlet.config.annotation.PathMatchConfigurer
2595:             1             40  org.springframework.web.servlet.handler.AbstractHandlerMethodMapping$MappingRegistry
2596:             1             40  org.springframework.web.servlet.mvc.annotation.ResponseStatusExceptionResolver
2597:             1             40  org.springframework.web.servlet.mvc.support.DefaultHandlerExceptionResolver
2598:             1             40  org.zeroturnaround.bundled.javassist.ClassPool
2599:             1             40  org.zeroturnaround.javarebel.preferences.FileStore
2600:             1             40  org.zeroturnaround.javarebel.reporting.stats.repository.impl.RepositoryMetricsStatistics
2601:             1             40  org.zeroturnaround.javarebel.reporting.stats.repository.impl.StatisticsRepositoryImpl
2602:             1             40  org.zeroturnaround.javarebel.spring.handlermethod.HandlerMethodReloader
2603:             1             40  org.zeroturnaround.jrebel.intellij.IntelliJProcessListener
2604:             1             40  sun.management.DiagnosticCommandImpl
2605:             1             40  sun.management.resources.agent
2606:             1             40  sun.management.resources.agent_zh_CN
2607:             1             40  sun.net.idn.StringPrep
2608:             1             40  sun.nio.cs.StandardCharsets$Aliases
2609:             1             40  sun.nio.cs.StandardCharsets$Cache
2610:             1             40  sun.nio.cs.StandardCharsets$Classes
2611:             1             40  sun.nio.cs.ext.ExtendedCharsets
2612:             1             40  sun.rmi.server.UnicastServerRef2
2613:             1             40  sun.security.ssl.HandshakeHash
2614:             1             40  sun.text.resources.BreakIteratorInfo
2615:             1             40  sun.util.logging.resources.logging
2616:             1             40  sun.util.logging.resources.logging_zh_CN
2617:             1             32  [Lch.qos.logback.core.spi.FilterReply;
2618:             1             32  [Lch.qos.logback.core.subst.Tokenizer$TokenizerState;
2619:             1             32  [Lcom.fasterxml.jackson.annotation.JsonProperty$Access;
2620:             1             32  [Lcom.fasterxml.jackson.core.JsonFactory$Feature;
2621:             1             32  [Lcom.fasterxml.jackson.databind.util.AccessPattern;
2622:             1             32  [Lcom.sun.beans.util.Cache$Kind;
2623:             1             32  [Lcom.sun.org.apache.xalan.internal.utils.XMLSecurityManager$NameMap;
2624:             1             32  [Lcom.sun.org.apache.xerces.internal.utils.XMLSecurityManager$NameMap;
2625:             1             32  [Lcom.sysmin.core.jvm.enums.JmapType;
2626:             1             32  [Lcom.sysmin.core.log.LogType;
2627:             1             32  [Lcom.zeroturnaround.javarebel.aa;
2628:             1             32  [Lcom.zeroturnaround.javarebel.gfi;
2629:             1             32  [Lcom.zeroturnaround.javarebel.goz;
2630:             1             32  [Lcom.zeroturnaround.javarebel.gsa;
2631:             1             32  [Lcom.zeroturnaround.javarebel.kz;
2632:             1             32  [Lcom.zeroturnaround.javarebel.zr;
2633:             1             32  [Lcom.zeroturnaround.reload.n;
2634:             2             32  [Ljava.lang.Enum;
2635:             1             32  [Ljava.lang.OutOfMemoryError;
2636:             1             32  [Ljava.lang.ThreadGroup;
2637:             1             32  [Ljava.lang.management.MemoryManagerMXBean;
2638:             1             32  [Ljava.net.Proxy$Type;
2639:             1             32  [Ljava.text.Normalizer$Form;
2640:             1             32  [Ljava.time.format.DateTimeFormatter;
2641:             1             32  [Ljava.time.format.DateTimeFormatterBuilder$SettingsParser;
2642:             1             32  [Ljava.time.format.FormatStyle;
2643:             1             32  [Ljava.time.format.ResolverStyle;
2644:             1             32  [Ljava.time.temporal.IsoFields$Field;
2645:             1             32  [Ljava.util.stream.MatchOps$MatchKind;
2646:             1             32  [Ljava.util.stream.StreamShape;
2647:             1             32  [Lorg.apache.commons.logging.LogAdapter$LogApi;
2648:             1             32  [Lorg.apache.coyote.ErrorState;
2649:             1             32  [Lorg.apache.coyote.http11.Http11InputBuffer$HeaderParseStatus;
2650:             1             32  [Lorg.apache.tomcat.util.http.ConcurrentDateFormat;
2651:             1             32  [Lorg.apache.tomcat.util.http.parser.SkipResult;
2652:             1             32  [Lorg.apache.tomcat.util.log.UserDataHelper$Config;
2653:             1             32  [Lorg.apache.tomcat.util.log.UserDataHelper$Mode;
2654:             1             32  [Lorg.apache.tomcat.util.net.AbstractEndpoint$BindState;
2655:             1             32  [Lorg.apache.tomcat.util.net.Acceptor$AcceptorState;
2656:             1             32  [Lorg.apache.tomcat.util.net.SendfileState;
2657:             1             32  [Lorg.apache.tomcat.websocket.MessageHandlerResultType;
2658:             1             32  [Lorg.apache.tomcat.websocket.TransformationResult;
2659:             1             32  [Lorg.apache.tomcat.websocket.WsFrameBase$State;
2660:             1             32  [Lorg.apache.tomcat.websocket.WsSession$State;
2661:             1             32  [Lorg.hibernate.validator.internal.metadata.raw.ConfigurationSource;
2662:             1             32  [Lorg.hibernate.validator.internal.util.ConcurrentReferenceHashMap$ReferenceType;
2663:             1             32  [Lorg.springframework.boot.Banner$Mode;
2664:             1             32  [Lorg.springframework.boot.WebApplicationType;
2665:             1             32  [Lorg.springframework.boot.cloud.CloudPlatform;
2666:             1             32  [Lorg.springframework.boot.context.properties.source.ConfigurationPropertyName$Form;
2667:             1             32  [Lorg.springframework.boot.context.properties.source.ConfigurationPropertyState;
2668:             1             32  [Lorg.springframework.boot.devtools.filewatch.ChangedFile$Type;
2669:             1             32  [Lorg.springframework.boot.jdbc.DataSourceInitializationMode;
2670:             1             32  [Lorg.springframework.boot.jdbc.EmbeddedDatabaseConnection;
2671:             1             32  [Lorg.springframework.boot.web.servlet.ServletContextInitializer;
2672:             1             32  [Lorg.springframework.cglib.proxy.Callback;
2673:             1             32  [Lorg.springframework.expression.spel.SpelCompilerMode;
2674:             1             32  [Lorg.springframework.jdbc.datasource.embedded.EmbeddedDatabaseType;
2675:             1             32  [Lorg.springframework.jmx.support.RegistrationPolicy;
2676:             1             32  [Lorg.springframework.web.socket.sockjs.frame.SockJsFrameType;
2677:             1             32  [Lorg.springframework.web.socket.sockjs.transport.session.AbstractSockJsSession$State;
2678:             1             32  [Lorg.springframework.web.util.HierarchicalUriComponents$EncodeState;
2679:             1             32  [Lorg.zeroturnaround.javarebel.reporting.MessageType$SendFilterImpl;
2680:             1             32  [Lorg.zeroturnaround.javarebel.service.ServiceRequestPriority;
2681:             1             32  [Lsun.misc.ObjectInputFilter$Status;
2682:             2             32  [Lsun.reflect.annotation.TypeAnnotation;
2683:             1             32  [Lsun.security.ssl.CipherSuite$CipherType;
2684:             1             32  [Lsun.security.ssl.CipherSuite$PRF;
2685:             1             32  ch.qos.logback.classic.jul.LevelChangePropagator
2686:             1             32  ch.qos.logback.classic.pattern.LevelConverter
2687:             1             32  ch.qos.logback.classic.pattern.LineSeparatorConverter
2688:             1             32  ch.qos.logback.classic.pattern.MessageConverter
2689:             1             32  ch.qos.logback.classic.pattern.ThreadConverter
2690:             1             32  ch.qos.logback.classic.spi.LoggerContextVO
2691:             1             32  ch.qos.logback.core.helpers.CyclicBuffer
2692:             2             32  com.alibaba.fastjson.parser.deserializer.JSONPDeserializer
2693:             2             32  com.alibaba.fastjson.parser.deserializer.SqlDateDeserializer
2694:             2             32  com.alibaba.fastjson.serializer.MiscCodec
2695:             1             32  com.alibaba.fastjson.serializer.SerializeConfig
2696:             1             32  com.fasterxml.classmate.TypeBindings
2697:             1             32  com.fasterxml.jackson.annotation.JsonInclude$Value
2698:             1             32  com.fasterxml.jackson.databind.ObjectWriter$GeneratorSettings
2699:             1             32  com.fasterxml.jackson.databind.introspect.VisibilityChecker$Std
2700:             2             32  com.fasterxml.jackson.databind.node.JsonNodeFactory
2701:             2             32  com.fasterxml.jackson.databind.ser.impl.PropertySerializerMap$Empty
2702:             1             32  com.fasterxml.jackson.databind.ser.impl.StringArraySerializer
2703:             1             32  com.fasterxml.jackson.databind.ser.std.CalendarSerializer
2704:             1             32  com.fasterxml.jackson.databind.ser.std.DateSerializer
2705:             1             32  com.fasterxml.jackson.databind.ser.std.NumberSerializers$FloatSerializer
2706:             1             32  com.fasterxml.jackson.databind.ser.std.NumberSerializers$IntLikeSerializer
2707:             1             32  com.fasterxml.jackson.databind.ser.std.NumberSerializers$ShortSerializer
2708:             1             32  com.fasterxml.jackson.datatype.jsr310.ser.DurationSerializer
2709:             1             32  com.fasterxml.jackson.datatype.jsr310.ser.LocalDateSerializer
2710:             1             32  com.fasterxml.jackson.datatype.jsr310.ser.LocalDateTimeSerializer
2711:             1             32  com.fasterxml.jackson.datatype.jsr310.ser.LocalTimeSerializer
2712:             1             32  com.fasterxml.jackson.datatype.jsr310.ser.MonthDaySerializer
2713:             1             32  com.fasterxml.jackson.datatype.jsr310.ser.OffsetTimeSerializer
2714:             1             32  com.fasterxml.jackson.datatype.jsr310.ser.YearMonthSerializer
2715:             1             32  com.fasterxml.jackson.datatype.jsr310.ser.YearSerializer
2716:             2             32  com.sun.beans.WeakCache
2717:             1             32  com.sun.jmx.mbeanserver.Repository
2718:             1             32  com.sun.org.apache.xalan.internal.utils.FeatureManager$Feature
2719:             2             32  com.sun.org.apache.xerces.internal.impl.XMLDocumentScannerImpl$PrologDriver
2720:             2             32  com.sun.org.apache.xerces.internal.impl.XMLDocumentScannerImpl$TrailingMiscDriver
2721:             2             32  com.sun.org.apache.xerces.internal.impl.XMLDocumentScannerImpl$XMLDeclDriver
2722:             1             32  com.sun.org.apache.xerces.internal.impl.XMLEntityScanner$1
2723:             2             32  com.sun.org.apache.xerces.internal.impl.dv.dtd.ENTITYDatatypeValidator
2724:             1             32  com.sun.org.apache.xerces.internal.jaxp.SAXParserFactoryImpl
2725:             1             32  com.sun.org.apache.xerces.internal.util.NamespaceSupport
2726:             2             32  com.sun.proxy.$Proxy15
2727:             2             32  com.sun.proxy.$Proxy16
2728:             2             32  com.sun.proxy.$Proxy19
2729:             2             32  com.sun.proxy.$Proxy25
2730:             2             32  com.sun.proxy.$Proxy3
2731:             2             32  com.sun.proxy.$Proxy46
2732:             2             32  com.sun.proxy.$Proxy57
2733:             2             32  com.sun.proxy.$Proxy59
2734:             2             32  com.sun.proxy.$Proxy63
2735:             2             32  com.sun.proxy.$Proxy65
2736:             2             32  com.sun.proxy.$Proxy68
2737:             2             32  com.sun.proxy.$Proxy74
2738:             1             32  com.sysmin.core.jvm.service.impl.JstatImpl
2739:             1             32  com.zeroturnaround.javarebel.SDKConfigurationImpl
2740:             1             32  com.zeroturnaround.javarebel.SDKIntegrationImpl
2741:             1             32  com.zeroturnaround.javarebel.at
2742:             2             32  com.zeroturnaround.javarebel.ays
2743:             1             32  com.zeroturnaround.javarebel.bh
2744:             1             32  com.zeroturnaround.javarebel.bxq
2745:             1             32  com.zeroturnaround.javarebel.bz
2746:             1             32  com.zeroturnaround.javarebel.cec
2747:             1             32  com.zeroturnaround.javarebel.cfr
2748:             2             32  com.zeroturnaround.javarebel.cis
2749:             2             32  com.zeroturnaround.javarebel.cit
2750:             2             32  com.zeroturnaround.javarebel.cix
2751:             2             32  com.zeroturnaround.javarebel.ciy
2752:             2             32  com.zeroturnaround.javarebel.cjm
2753:             2             32  com.zeroturnaround.javarebel.di
2754:             2             32  com.zeroturnaround.javarebel.dj
2755:             2             32  com.zeroturnaround.javarebel.eb
2756:             2             32  com.zeroturnaround.javarebel.eq
2757:             1             32  com.zeroturnaround.javarebel.fi
2758:             2             32  com.zeroturnaround.javarebel.fs
2759:             2             32  com.zeroturnaround.javarebel.im
2760:             2             32  com.zeroturnaround.javarebel.ip
2761:             2             32  com.zeroturnaround.javarebel.is
2762:             2             32  com.zeroturnaround.javarebel.iv
2763:             2             32  com.zeroturnaround.javarebel.jj
2764:             1             32  com.zeroturnaround.javarebel.lk
2765:             1             32  com.zeroturnaround.javarebel.nb
2766:             1             32  com.zeroturnaround.javarebel.pk
2767:             1             32  com.zeroturnaround.javarebel.uy
2768:             1             32  com.zeroturnaround.javarebel.xn
2769:             1             32  com.zeroturnaround.javarebel.zh
2770:             2             32  com.zeroturnaround.jrebel.bundled.org.bouncycastle.jcajce.provider.asymmetric.dh.KeyFactorySpi
2771:             2             32  com.zeroturnaround.jrebel.bundled.org.bouncycastle.jcajce.provider.asymmetric.ecgost.KeyFactorySpi
2772:             1             32  java.beans.ThreadGroupContext
2773:             1             32  java.beans.ThreadGroupContext$1
2774:             2             32  java.io.RandomAccessFile$1
2775:             1             32  java.io.SerializablePermission
2776:             1             32  java.io.WinNTFileSystem
2777:             1             32  java.lang.ArithmeticException
2778:             2             32  java.lang.ClassValue$Identity
2779:             2             32  java.lang.Float
2780:             1             32  java.lang.NullPointerException
2781:             2             32  java.lang.Shutdown$Lock
2782:             1             32  java.lang.reflect.WeakCache
2783:             1             32  java.lang.reflect.WeakCache$CacheKey
2784:             2             32  java.nio.ByteOrder
2785:             2             32  java.rmi.server.RemoteObjectInvocationHandler
2786:             1             32  java.security.ProtectionDomain$WeakProtectionDomainKey
2787:             1             32  java.security.cert.PolicyQualifierInfo
2788:             1             32  java.text.DontCareFieldPosition
2789:             1             32  java.time.format.DateTimeFormatterBuilder$FractionPrinterParser
2790:             2             32  java.util.AbstractMap$1
2791:             1             32  java.util.PriorityQueue
2792:             1             32  java.util.concurrent.ConcurrentSkipListMap$HeadIndex
2793:             1             32  java.util.concurrent.DelayQueue
2794:             2             32  java.util.concurrent.atomic.AtomicReferenceArray
2795:             2             32  java.util.logging.ErrorManager
2796:             1             32  java.util.logging.LogManager$SystemLoggerContext
2797:             1             32  javax.crypto.spec.RC5ParameterSpec
2798:             1             32  org.apache.catalina.authenticator.jaspic.AuthConfigFactoryImpl
2799:             1             32  org.apache.catalina.mapper.Mapper$MappedHost
2800:             1             32  org.apache.coyote.AbstractProtocol$ConnectionHandler
2801:             1             32  org.apache.coyote.CompressionConfig
2802:             1             32  org.apache.logging.log4j.status.StatusLogger$BoundedQueue
2803:             2             32  org.apache.logging.log4j.util.EnvironmentPropertySource
2804:             2             32  org.apache.logging.log4j.util.PropertiesUtil
2805:             2             32  org.apache.logging.log4j.util.PropertyFilePropertySource
2806:             2             32  org.apache.logging.log4j.util.PropertySource$Comparator
2807:             2             32  org.apache.logging.log4j.util.SystemPropertiesPropertySource
2808:             2             32  org.apache.tomcat.util.collections.CaseInsensitiveKeyMap$EntryIterator
2809:             2             32  org.apache.tomcat.util.collections.CaseInsensitiveKeyMap$EntrySet
2810:             1             32  org.apache.tomcat.util.collections.ManagedConcurrentWeakHashMap
2811:             1             32  org.apache.tomcat.util.descriptor.web.LoginConfig
2812:             1             32  org.apache.tomcat.util.scan.StandardJarScanner
2813:             1             32  org.apache.tomcat.util.threads.LimitLatch
2814:             1             32  org.apache.tomcat.util.threads.LimitLatch$Sync
2815:             1             32  org.apache.tomcat.util.threads.TaskThreadFactory
2816:             1             32  org.apache.tomcat.websocket.BackgroundProcessManager
2817:             2             32  org.apache.tomcat.websocket.WsHandshakeResponse
2818:             1             32  org.apache.tomcat.websocket.server.WsWriteTimeout
2819:             1             32  org.hibernate.validator.internal.cfg.context.DefaultConstraintMapping
2820:             1             32  org.hibernate.validator.internal.engine.ValidatorFactoryImpl$BeanMetaDataManagerKey
2821:             1             32  org.hibernate.validator.internal.engine.constraintvalidation.HibernateConstraintValidatorInitializationContextImpl
2822:             1             32  org.hibernate.validator.internal.engine.scripting.DefaultScriptEvaluatorFactory
2823:             1             32  org.hibernate.validator.internal.engine.valueextraction.ValueExtractorResolver
2824:             1             32  org.hibernate.validator.internal.metadata.core.ConstraintHelper
2825:             1             32  org.hibernate.validator.internal.metadata.provider.AnnotationMetaDataProvider
2826:             1             32  org.hibernate.validator.internal.metadata.raw.BeanConfiguration
2827:             1             32  org.springframework.beans.factory.support.AbstractAutowireCapableBeanFactory$$Lambda$114/460741164
2828:             1             32  org.springframework.beans.factory.support.AbstractBeanFactory$$Lambda$113/1495608502
2829:             1             32  org.springframework.beans.factory.support.BeanDefinitionDefaults
2830:             1             32  org.springframework.beans.propertyeditors.CustomMapEditor
2831:             1             32  org.springframework.beans.propertyeditors.PatternEditor
2832:             1             32  org.springframework.boot.DefaultApplicationArguments$Source
2833:             1             32  org.springframework.boot.admin.SpringApplicationAdminMXBeanRegistrar
2834:             1             32  org.springframework.boot.autoconfigure.condition.ConditionEvaluationReport
2835:             1             32  org.springframework.boot.autoconfigure.context.ConfigurationPropertiesAutoConfiguration$$EnhancerBySpringCGLIB$$13bb488c
2836:             1             32  org.springframework.boot.autoconfigure.context.PropertyPlaceholderAutoConfiguration$$EnhancerBySpringCGLIB$$24e82f77
2837:             1             32  org.springframework.boot.autoconfigure.dao.PersistenceExceptionTranslationAutoConfiguration$$EnhancerBySpringCGLIB$$e890c151
2838:             1             32  org.springframework.boot.autoconfigure.http.HttpProperties$Encoding
2839:             1             32  org.springframework.boot.autoconfigure.http.JacksonHttpMessageConvertersConfiguration$$EnhancerBySpringCGLIB$$a1bc7f00
2840:             1             32  org.springframework.boot.autoconfigure.http.JacksonHttpMessageConvertersConfiguration$MappingJackson2HttpMessageConverterConfiguration$$EnhancerBySpringCGLIB$$ab494b72
2841:             1             32  org.springframework.boot.autoconfigure.http.codec.CodecsAutoConfiguration$$EnhancerBySpringCGLIB$$96d9503b
2842:             1             32  org.springframework.boot.autoconfigure.http.codec.CodecsAutoConfiguration$JacksonCodecConfiguration$$EnhancerBySpringCGLIB$$8c0bd88a
2843:             1             32  org.springframework.boot.autoconfigure.http.codec.CodecsAutoConfiguration$LoggingCodecConfiguration$$EnhancerBySpringCGLIB$$c107a916
2844:             1             32  org.springframework.boot.autoconfigure.jackson.JacksonAutoConfiguration$$EnhancerBySpringCGLIB$$61d0da5e
2845:             1             32  org.springframework.boot.autoconfigure.jackson.JacksonAutoConfiguration$Jackson2ObjectMapperBuilderCustomizerConfiguration$$EnhancerBySpringCGLIB$$ed28e4d7
2846:             1             32  org.springframework.boot.autoconfigure.jackson.JacksonAutoConfiguration$JacksonObjectMapperConfiguration$$EnhancerBySpringCGLIB$$7fc53ccf
2847:             1             32  org.springframework.boot.autoconfigure.jackson.JacksonAutoConfiguration$ParameterNamesModuleConfiguration$$EnhancerBySpringCGLIB$$13f45c05
2848:             1             32  org.springframework.boot.autoconfigure.jdbc.DataSourceAutoConfiguration$$EnhancerBySpringCGLIB$$625609e
2849:             1             32  org.springframework.boot.autoconfigure.jdbc.DataSourceAutoConfiguration$PooledDataSourceConfiguration$$EnhancerBySpringCGLIB$$a2d5ae30
2850:             1             32  org.springframework.boot.autoconfigure.jdbc.DataSourceInitializationConfiguration$$EnhancerBySpringCGLIB$$bf97af2d
2851:             1             32  org.springframework.boot.autoconfigure.jdbc.DataSourceInitializerInvoker
2852:             1             32  org.springframework.boot.autoconfigure.jdbc.DataSourceJmxConfiguration$$EnhancerBySpringCGLIB$$f3912a10
2853:             1             32  org.springframework.boot.autoconfigure.jdbc.DataSourceTransactionManagerAutoConfiguration$$EnhancerBySpringCGLIB$$3508ad8f
2854:             1             32  org.springframework.boot.autoconfigure.jdbc.JdbcTemplateAutoConfiguration$$EnhancerBySpringCGLIB$$4415f22e
2855:             1             32  org.springframework.boot.autoconfigure.jdbc.JdbcTemplateAutoConfiguration$NamedParameterJdbcTemplateConfiguration$$EnhancerBySpringCGLIB$$2e9de2db
2856:             1             32  org.springframework.boot.autoconfigure.jdbc.metadata.DataSourcePoolMetadataProvidersConfiguration$$EnhancerBySpringCGLIB$$122a57f
2857:             1             32  org.springframework.boot.autoconfigure.jdbc.metadata.DataSourcePoolMetadataProvidersConfiguration$HikariPoolDataSourceMetadataProviderConfiguration$$EnhancerBySpringCGLIB$$8488e522
2858:             1             32  org.springframework.boot.autoconfigure.jmx.ParentAwareNamingStrategy
2859:             1             32  org.springframework.boot.autoconfigure.logging.ConditionEvaluationReportLoggingListener
2860:             1             32  org.springframework.boot.autoconfigure.task.TaskExecutionProperties$Pool
2861:             1             32  org.springframework.boot.autoconfigure.task.TaskSchedulingAutoConfiguration$$EnhancerBySpringCGLIB$$d7f13954
2862:             1             32  org.springframework.boot.autoconfigure.transaction.TransactionAutoConfiguration$$EnhancerBySpringCGLIB$$b8a5b848
2863:             1             32  org.springframework.boot.autoconfigure.validation.ValidationAutoConfiguration$$EnhancerBySpringCGLIB$$95314dc8
2864:             1             32  org.springframework.boot.autoconfigure.web.ErrorProperties
2865:             1             32  org.springframework.boot.autoconfigure.web.ResourceProperties
2866:             1             32  org.springframework.boot.autoconfigure.web.ServerProperties$Jetty
2867:             1             32  org.springframework.boot.autoconfigure.web.ServerProperties$Servlet
2868:             1             32  org.springframework.boot.autoconfigure.web.ServerProperties$Undertow$Accesslog
2869:             1             32  org.springframework.boot.autoconfigure.web.embedded.EmbeddedWebServerFactoryCustomizerAutoConfiguration$$EnhancerBySpringCGLIB$$3999bd20
2870:             1             32  org.springframework.boot.autoconfigure.web.embedded.EmbeddedWebServerFactoryCustomizerAutoConfiguration$TomcatWebServerFactoryCustomizerConfiguration$$EnhancerBySpringCGLIB$$2a5d4a0c
2871:             1             32  org.springframework.boot.autoconfigure.web.servlet.DispatcherServletAutoConfiguration$$EnhancerBySpringCGLIB$$129411fb
2872:             2             32  org.springframework.boot.autoconfigure.web.servlet.DispatcherServletAutoConfiguration$DefaultDispatcherServletCondition
2873:             2             32  org.springframework.boot.autoconfigure.web.servlet.DispatcherServletAutoConfiguration$DispatcherServletRegistrationCondition
2874:             1             32  org.springframework.boot.autoconfigure.web.servlet.MultipartProperties
2875:             1             32  org.springframework.boot.autoconfigure.web.servlet.ServletWebServerFactoryAutoConfiguration$$EnhancerBySpringCGLIB$$13eae4a1
2876:             1             32  org.springframework.boot.autoconfigure.web.servlet.ServletWebServerFactoryConfiguration$EmbeddedTomcat$$EnhancerBySpringCGLIB$$8eb42f28
2877:             1             32  org.springframework.boot.autoconfigure.web.servlet.WebMvcAutoConfiguration$$EnhancerBySpringCGLIB$$5873fbb5
2878:             1             32  org.springframework.boot.autoconfigure.web.servlet.error.DefaultErrorViewResolver
2879:             1             32  org.springframework.boot.autoconfigure.websocket.servlet.WebSocketMessagingAutoConfiguration$$EnhancerBySpringCGLIB$$d0cb3091
2880:             1             32  org.springframework.boot.autoconfigure.websocket.servlet.WebSocketServletAutoConfiguration$$EnhancerBySpringCGLIB$$e520a710
2881:             1             32  org.springframework.boot.autoconfigure.websocket.servlet.WebSocketServletAutoConfiguration$TomcatWebSocketConfiguration$$EnhancerBySpringCGLIB$$9ccbd22d
2882:             1             32  org.springframework.boot.context.config.ConfigFileApplicationListener
2883:             1             32  org.springframework.boot.context.logging.LoggingApplicationListener
2884:             1             32  org.springframework.boot.context.properties.bind.Binder
2885:             1             32  org.springframework.boot.convert.ApplicationConversionService
2886:             2             32  org.springframework.boot.convert.ArrayToDelimitedStringConverter
2887:             2             32  org.springframework.boot.convert.DelimitedStringToArrayConverter
2888:             2             32  org.springframework.boot.convert.DelimitedStringToCollectionConverter
2889:             2             32  org.springframework.boot.convert.StringToDataSizeConverter
2890:             2             32  org.springframework.boot.convert.StringToDurationConverter
2891:             1             32  org.springframework.boot.devtools.autoconfigure.DevToolsDataSourceAutoConfiguration$$EnhancerBySpringCGLIB$$fef5cc75
2892:             1             32  org.springframework.boot.devtools.autoconfigure.LocalDevToolsAutoConfiguration$$EnhancerBySpringCGLIB$$6b3a4683
2893:             1             32  org.springframework.boot.devtools.autoconfigure.RemoteDevToolsProperties
2894:             1             32  org.springframework.boot.devtools.classpath.ClassPathChangedEvent
2895:             1             32  org.springframework.boot.devtools.classpath.ClassPathFileSystemWatcher
2896:             1             32  org.springframework.boot.devtools.restart.ClassLoaderFilesResourcePatternResolver$WebApplicationContextResourceLoader
2897:             1             32  org.springframework.boot.env.OriginTrackedMapPropertySource
2898:             1             32  org.springframework.boot.env.SystemEnvironmentPropertySourceEnvironmentPostProcessor$OriginAwareSystemEnvironmentPropertySource
2899:             1             32  org.springframework.boot.logging.logback.LogbackLoggingSystem$1
2900:             1             32  org.springframework.boot.web.embedded.tomcat.TomcatWebServer
2901:             1             32  org.springframework.boot.web.server.Compression
2902:             2             32  org.springframework.boot.web.server.MimeMappings
2903:             1             32  org.springframework.cglib.core.AbstractClassGenerator$ClassLoaderData
2904:             1             32  org.springframework.cglib.core.ClassNameReader$EarlyExitException
2905:             2             32  org.springframework.cglib.proxy.DispatcherGenerator
2906:             1             32  org.springframework.context.annotation.AnnotatedBeanDefinitionReader
2907:             1             32  org.springframework.context.annotation.ComponentScanAnnotationParser
2908:             2             32  org.springframework.context.annotation.ConditionEvaluator
2909:             1             32  org.springframework.context.annotation.ContextAnnotationAutowireCandidateResolver$1
2910:             2             32  org.springframework.context.expression.BeanExpressionContextAccessor
2911:             2             32  org.springframework.context.expression.BeanFactoryAccessor
2912:             2             32  org.springframework.context.expression.BeanFactoryResolver
2913:             2             32  org.springframework.context.expression.EnvironmentAccessor
2914:             2             32  org.springframework.context.expression.MapAccessor
2915:             1             32  org.springframework.context.support.DefaultLifecycleProcessor
2916:             1             32  org.springframework.context.support.DelegatingMessageSource
2917:             1             32  org.springframework.context.support.PropertySourcesPlaceholderConfigurer$1
2918:             2             32  org.springframework.core.convert.support.GenericConversionService$NoOpConverter
2919:             1             32  org.springframework.core.env.PropertiesPropertySource
2920:             1             32  org.springframework.core.env.SystemEnvironmentPropertySource
2921:             1             32  org.springframework.format.support.DefaultFormattingConversionService
2922:             2             32  org.springframework.http.MediaTypeFactory$$Lambda$462/898126790
2923:             2             32  org.springframework.jmx.export.annotation.AnnotationJmxAttributeSource
2924:             1             32  org.springframework.jmx.export.assembler.MetadataMBeanInfoAssembler
2925:             1             32  org.springframework.messaging.converter.ByteArrayMessageConverter
2926:             1             32  org.springframework.messaging.handler.annotation.support.DestinationVariableMethodArgumentResolver
2927:             1             32  org.springframework.messaging.handler.annotation.support.HeaderMethodArgumentResolver
2928:             1             32  org.springframework.scheduling.annotation.SchedulingConfiguration$$EnhancerBySpringCGLIB$$c58073b9
2929:             1             32  org.springframework.scheduling.config.FixedRateTask
2930:             1             32  org.springframework.transaction.annotation.AnnotationTransactionAttributeSource
2931:             2             32  org.springframework.util.AlternativeJdkIdGenerator
2932:             2             32  org.springframework.util.LinkedCaseInsensitiveMap$$Lambda$460/1463191173
2933:             2             32  org.springframework.web.method.annotation.RequestParamMapMethodArgumentResolver
2934:             1             32  org.springframework.web.servlet.mvc.method.RequestMappingInfo$BuilderConfiguration
2935:             2             32  org.springframework.web.servlet.mvc.method.annotation.JsonViewResponseBodyAdvice
2936:             2             32  org.springframework.web.servlet.mvc.method.annotation.MatrixVariableMapMethodArgumentResolver
2937:             2             32  org.springframework.web.servlet.mvc.method.annotation.ModelAndViewMethodReturnValueHandler
2938:             2             32  org.springframework.web.servlet.mvc.method.annotation.PathVariableMapMethodArgumentResolver
2939:             1             32  org.springframework.web.servlet.mvc.method.annotation.ReactiveTypeHandler
2940:             2             32  org.springframework.web.servlet.mvc.method.annotation.RedirectAttributesMethodArgumentResolver
2941:             1             32  org.springframework.web.servlet.mvc.method.annotation.RequestPartMethodArgumentResolver
2942:             1             32  org.springframework.web.servlet.mvc.method.annotation.ServletCookieValueMethodArgumentResolver
2943:             2             32  org.springframework.web.servlet.mvc.method.annotation.ViewMethodReturnValueHandler
2944:             2             32  org.springframework.web.servlet.mvc.method.annotation.ViewNameMethodReturnValueHandler
2945:             1             32  org.springframework.web.servlet.resource.ResourceUrlProvider
2946:             1             32  org.springframework.web.servlet.view.BeanNameViewResolver
2947:             1             32  org.springframework.web.servlet.view.DefaultRequestToViewNameTranslator
2948:             1             32  org.springframework.web.socket.config.annotation.WebSocketTransportRegistration
2949:             1             32  org.springframework.web.socket.messaging.DefaultSimpUserRegistry
2950:             2             32  org.springframework.web.socket.messaging.StompSubProtocolHandler$$Lambda$465/132059279
2951:             2             32  org.springframework.web.socket.messaging.StompSubProtocolHandler$$Lambda$466/220691455
2952:             1             32  org.springframework.web.socket.server.support.DefaultHandshakeHandler
2953:             1             32  org.springframework.web.socket.sockjs.transport.handler.WebSocketTransportHandler
2954:             2             32  org.zeroturnaround.javarebel.integration.generic.StandardClassLoaderCBP
2955:             2             32  org.zeroturnaround.javarebel.integration.glassfish.GlassfishWsOptionsCBP
2956:             2             32  org.zeroturnaround.javarebel.integration.glassfish.WsgenToolCBP
2957:             2             32  org.zeroturnaround.javarebel.integration.jboss7.ConcurrentClassLoaderCBP
2958:             2             32  org.zeroturnaround.javarebel.integration.jboss7.ModuleCBP
2959:             2             32  org.zeroturnaround.javarebel.integration.jboss7.ModuleClassLoaderCBP
2960:             2             32  org.zeroturnaround.javarebel.integration.jboss7.ModuleLoaderCBP
2961:             2             32  org.zeroturnaround.javarebel.integration.jboss7.PathUtilsCBP
2962:             2             32  org.zeroturnaround.javarebel.integration.prosyst.ProSystFrameworkLoaderCBP
2963:             2             32  org.zeroturnaround.javarebel.integration.sap.SapResourceLoaderCBP
2964:             2             32  org.zeroturnaround.javarebel.integration.support.CacheAwareJavassistClassBytecodeProcessor$CachingPolicy
2965:             1             32  org.zeroturnaround.javarebel.integration.util.RequestListenerUtil$BoundRequestListener
2966:             1             32  org.zeroturnaround.javarebel.reporting.backend.impl.BrowserController
2967:             1             32  org.zeroturnaround.javarebel.reporting.backend.impl.SegmentIOBackend
2968:             1             32  org.zeroturnaround.javarebel.reporting.model.JRebelMetadata
2969:             1             32  org.zeroturnaround.javarebel.reporting.model.UserMetadata
2970:             1             32  org.zeroturnaround.javarebel.reporting.stats.repository.impl.RepositoryMetricsStatistics$ModuleInfo
2971:             1             32  org.zeroturnaround.javarebel.spring.SpringMetrics$CountData
2972:             1             32  org.zeroturnaround.jrebel.intellij.ComposerMessageRegistry
2973:             1             32  sun.instrument.InstrumentationImpl
2974:             2             32  sun.management.jmxremote.ConnectorBootstrap$PermanentExporter
2975:             1             32  sun.management.jmxremote.LocalRMIServerSocketFactory$1
2976:             1             32  sun.management.jmxremote.SingleEntryRegistry
2977:             2             32  sun.net.www.protocol.file.Handler
2978:             1             32  sun.nio.ch.ServerSocketAdaptor
2979:             2             32  sun.nio.ch.SocketDispatcher
2980:             1             32  sun.nio.cs.StandardCharsets
2981:             1             32  sun.nio.fs.WindowsFileSystem
2982:             1             32  sun.reflect.annotation.AnnotatedTypeFactory$AnnotatedTypeBaseImpl
2983:             1             32  sun.rmi.transport.DGCImpl$LeaseInfo
2984:             1             32  sun.rmi.transport.proxy.RMIMasterSocketFactory
2985:             2             32  sun.rmi.transport.tcp.TCPTransport$ConnectionHandler$$Lambda$6/607160599
2986:             1             32  sun.security.provider.PolicyFile
2987:             1             32  sun.security.provider.PolicyFile$PolicyInfo
2988:             2             32  sun.security.ssl.Authenticator
2989:             2             32  sun.security.ssl.SSLAlgorithmDecomposer
2990:             2             32  sun.security.ssl.SessionId
2991:             1             32  sun.security.validator.SimpleValidator
2992:             1             32  sun.text.CompactByteArray
2993:             1             24  [Lch.qos.logback.core.joran.spi.ConsoleTarget;
2994:             1             24  [Lch.qos.logback.core.subst.Node$Type;
2995:             1             24  [Lcom.fasterxml.jackson.databind.AnnotationIntrospector$ReferenceProperty$Type;
2996:             1             24  [Lcom.fasterxml.jackson.databind.Module;
2997:             1             24  [Lcom.sun.org.apache.xalan.internal.utils.FeatureManager$Feature;
2998:             1             24  [Lcom.sun.org.apache.xalan.internal.utils.XMLSecurityPropertyManager$Property;
2999:             1             24  [Lcom.sun.org.apache.xerces.internal.utils.XMLSecurityPropertyManager$Property;
3000:             1             24  [Lcom.sysmin.core.jvm.enums.JpsType;
3001:             1             24  [Lcom.sysmin.core.jvm.enums.JstackType;
3002:             1             24  [Lcom.zeroturnaround.javarebel.bwb;
3003:             1             24  [Lcom.zeroturnaround.javarebel.bwc;
3004:             1             24  [Lcom.zeroturnaround.javarebel.cfx;
3005:             1             24  [Lcom.zeroturnaround.javarebel.i;
3006:             1             24  [Lcom.zeroturnaround.javarebel.internalsdk.Internal$CoreVersion;
3007:             1             24  [Lcom.zeroturnaround.javarebel.z;
3008:             1             24  [Lcom.zeroturnaround.javarebel.zj;
3009:             1             24  [Ljava.io.File$PathStatus;
3010:             1             24  [Ljava.net.InetAddress$Cache$Type;
3011:             1             24  [Ljava.net.StandardProtocolFamily;
3012:             1             24  [Ljava.time.ZoneOffset;
3013:             1             24  [Ljava.time.temporal.IsoFields$Unit;
3014:             1             24  [Ljava.util.Locale$Category;
3015:             1             24  [Lorg.apache.catalina.Service;
3016:             1             24  [Lorg.apache.catalina.WebResource;
3017:             1             24  [Lorg.apache.catalina.mapper.Mapper$ContextVersion;
3018:             1             24  [Lorg.apache.catalina.mapper.Mapper$MappedContext;
3019:             1             24  [Lorg.apache.catalina.mapper.Mapper$MappedHost;
3020:             1             24  [Lorg.apache.tomcat.util.IntrospectionUtils$PropertySource;
3021:             1             24  [Lorg.apache.tomcat.util.buf.UEncoder$SafeCharsSet;
3022:             1             24  [Lorg.apache.tomcat.util.net.NioEndpoint$Poller;
3023:             1             24  [Lorg.hibernate.validator.internal.metadata.descriptor.ConstraintDescriptorImpl$ConstraintType;
3024:             1             24  [Lorg.springframework.boot.autoconfigure.condition.ConditionMessage$Style;
3025:             1             24  [Lorg.springframework.boot.autoconfigure.condition.FilteringSpringBootCondition$ClassNameFilter;
3026:             1             24  [Lorg.springframework.boot.autoconfigure.http.HttpProperties$Encoding$Type;
3027:             1             24  [Lorg.springframework.boot.autoconfigure.web.servlet.WebMvcProperties$LocaleResolver;
3028:             1             24  [Lorg.springframework.boot.context.ConfigurationWarningsApplicationContextInitializer$Check;
3029:             1             24  [Lorg.springframework.boot.convert.DurationStyle;
3030:             1             24  [Lorg.springframework.context.annotation.ConfigurationCondition$ConfigurationPhase;
3031:             1             24  [Lorg.springframework.context.annotation.MBeanExportConfiguration$SpecificPlatform;
3032:             1             24  [Lorg.springframework.core.ResolvableType$WildcardBounds$Kind;
3033:             1             24  [Lorg.springframework.expression.PropertyAccessor;
3034:             1             24  [Lorg.springframework.util.ConcurrentReferenceHashMap$ReferenceType;
3035:             1             24  [Lorg.springframework.util.ConcurrentReferenceHashMap$Restructure;
3036:             1             24  [Lorg.springframework.web.socket.handler.ConcurrentWebSocketSessionDecorator$OverflowStrategy;
3037:             1             24  [Lorg.zeroturnaround.javarebel.reporting.backend.impl.SegmentIOBackend$METHOD;
3038:             1             24  [Lorg.zeroturnaround.javarebel.reporting.interceptors.MessageInterceptor;
3039:             1             24  [Lsun.launcher.LauncherHelper;
3040:             1             24  [Lsun.misc.JavaSecurityProtectionDomainAccess$ProtectionDomainCache;
3041:             1             24  ch.qos.logback.classic.BasicConfigurator
3042:             1             24  ch.qos.logback.classic.spi.TurboFilterList
3043:             1             24  ch.qos.logback.classic.util.ContextSelectorStaticBinder
3044:             1             24  ch.qos.logback.classic.util.LogbackMDCAdapter
3045:             1             24  com.alibaba.fastjson.parser.SymbolTable
3046:             1             24  com.alibaba.fastjson.parser.deserializer.ASMDeserializerFactory
3047:             1             24  com.alibaba.fastjson.serializer.ASMSerializerFactory
3048:             1             24  com.fasterxml.classmate.util.LRUTypeCache
3049:             1             24  com.fasterxml.jackson.annotation.JsonFormat$Features
3050:             1             24  com.fasterxml.jackson.annotation.JsonIgnoreProperties$Value
3051:             1             24  com.fasterxml.jackson.annotation.JsonSetter$Value
3052:             1             24  com.fasterxml.jackson.core.util.MinimalPrettyPrinter
3053:             1             24  com.fasterxml.jackson.core.util.Separators
3054:             1             24  com.fasterxml.jackson.databind.AnnotationIntrospector$ReferenceProperty
3055:             1             24  com.fasterxml.jackson.databind.cfg.ContextAttributes$Impl
3056:             1             24  com.fasterxml.jackson.databind.introspect.JacksonAnnotationIntrospector
3057:             1             24  com.fasterxml.jackson.databind.introspect.TypeResolutionContext$Basic
3058:             1             24  com.fasterxml.jackson.databind.ser.impl.FailingSerializer
3059:             1             24  com.fasterxml.jackson.databind.ser.std.StdKeySerializers$Default
3060:             1             24  com.fasterxml.jackson.datatype.jsr310.deser.LocalDateDeserializer
3061:             1             24  com.fasterxml.jackson.datatype.jsr310.deser.LocalDateTimeDeserializer
3062:             1             24  com.fasterxml.jackson.datatype.jsr310.deser.LocalTimeDeserializer
3063:             1             24  com.fasterxml.jackson.datatype.jsr310.deser.MonthDayDeserializer
3064:             1             24  com.fasterxml.jackson.datatype.jsr310.deser.OffsetTimeDeserializer
3065:             1             24  com.fasterxml.jackson.datatype.jsr310.deser.YearDeserializer
3066:             1             24  com.fasterxml.jackson.datatype.jsr310.deser.YearMonthDeserializer
3067:             1             24  com.fasterxml.jackson.module.paramnames.ParameterNamesAnnotationIntrospector
3068:             1             24  com.sun.beans.util.Cache$Kind$1
3069:             1             24  com.sun.beans.util.Cache$Kind$2
3070:             1             24  com.sun.beans.util.Cache$Kind$3
3071:             1             24  com.sun.crypto.provider.TlsMasterSecretGenerator$TlsMasterSecretKey
3072:             1             24  com.sun.jmx.mbeanserver.ClassLoaderRepositorySupport
3073:             1             24  com.sun.jmx.mbeanserver.MXBeanLookup
3074:             1             24  com.sun.jmx.mbeanserver.StandardMBeanSupport
3075:             1             24  com.sun.org.apache.xerces.internal.impl.Constants$ArrayEnumeration
3076:             1             24  com.sun.org.apache.xerces.internal.impl.XMLDocumentScannerImpl$ContentDriver
3077:             1             24  com.sun.org.apache.xerces.internal.impl.XMLNSDocumentScannerImpl$NSContentDriver
3078:             1             24  com.sun.org.apache.xerces.internal.impl.msg.XMLMessageFormatter
3079:             1             24  com.sun.org.apache.xerces.internal.impl.validation.ValidationManager
3080:             1             24  com.sun.org.apache.xerces.internal.parsers.AbstractSAXParser$LocatorProxy
3081:             1             24  com.sun.org.apache.xerces.internal.utils.XMLSecurityPropertyManager
3082:             1             24  com.sysmin.controller.LogController
3083:             1             24  com.sysmin.controller.jvm.JpsController
3084:             1             24  com.sysmin.controller.jvm.JpsController$$M$_jr_2EAFFFDEFB8067EE_1
3085:             1             24  com.sysmin.core.jvm.enums.JstackType
3086:             1             24  com.zeroturnaround.javarebel.ab
3087:             1             24  com.zeroturnaround.javarebel.abl
3088:             1             24  com.zeroturnaround.javarebel.ac
3089:             1             24  com.zeroturnaround.javarebel.ad
3090:             1             24  com.zeroturnaround.javarebel.bg
3091:             1             24  com.zeroturnaround.javarebel.bp
3092:             1             24  com.zeroturnaround.javarebel.bug
3093:             1             24  com.zeroturnaround.javarebel.buk
3094:             1             24  com.zeroturnaround.javarebel.cbj
3095:             1             24  com.zeroturnaround.javarebel.ccj
3096:             1             24  com.zeroturnaround.javarebel.ccs
3097:             1             24  com.zeroturnaround.javarebel.cdi
3098:             1             24  com.zeroturnaround.javarebel.ceg
3099:             1             24  com.zeroturnaround.javarebel.cgs
3100:             1             24  com.zeroturnaround.javarebel.cjc
3101:             1             24  com.zeroturnaround.javarebel.ckm
3102:             1             24  com.zeroturnaround.javarebel.cph
3103:             1             24  com.zeroturnaround.javarebel.cpk
3104:             1             24  com.zeroturnaround.javarebel.ex
3105:             1             24  com.zeroturnaround.javarebel.gdj
3106:             1             24  com.zeroturnaround.javarebel.gua
3107:             1             24  com.zeroturnaround.javarebel.gvg
3108:             1             24  com.zeroturnaround.javarebel.internalsdk.InternalImpl
3109:             1             24  com.zeroturnaround.javarebel.lx
3110:             1             24  com.zeroturnaround.javarebel.mt
3111:             1             24  com.zeroturnaround.javarebel.ni
3112:             1             24  com.zeroturnaround.javarebel.nz
3113:             1             24  com.zeroturnaround.javarebel.oe
3114:             1             24  com.zeroturnaround.javarebel.q
3115:             1             24  com.zeroturnaround.javarebel.ra
3116:             1             24  com.zeroturnaround.javarebel.tf
3117:             1             24  com.zeroturnaround.javarebel.xb
3118:             1             24  com.zeroturnaround.javarebel.yn
3119:             1             24  com.zeroturnaround.javarebel.zp
3120:             1             24  com.zeroturnaround.javarebel.zs
3121:             1             24  com.zeroturnaround.jrebel.bundled.org.apache.commons.logging.impl.SLF4JLogFactory
3122:             1             24  com.zeroturnaround.jrebel.bundled.org.apache.http.impl.execchain.HttpResponseProxy
3123:             1             24  com.zeroturnaround.jrebel.bundled.org.apache.http.impl.execchain.j
3124:             1             24  com.zeroturnaround.jrebel.bundled.org.slf4j.helpers.FormattingTuple
3125:             1             24  com.zeroturnaround.reload.h
3126:             1             24  com.zeroturnaround.reload.jvmti.MinimalInstrumentation
3127:             1             24  java.lang.invoke.DirectMethodHandle$EnsureInitialized
3128:             1             24  java.lang.invoke.MethodHandleImpl$4
3129:             1             24  java.lang.invoke.MethodType$ConcurrentWeakInternSet
3130:             1             24  java.math.MutableBigInteger
3131:             1             24  java.net.Inet6AddressImpl
3132:             1             24  java.net.Proxy
3133:             1             24  java.net.URLClassLoader$1
3134:             1             24  java.rmi.dgc.VMID
3135:             1             24  java.security.Policy$PolicyInfo
3136:             1             24  java.security.Policy$UnsupportedEmptyCollection
3137:             1             24  java.security.ProtectionDomain$PDCache
3138:             1             24  java.sql.DriverInfo
3139:             1             24  java.text.BreakIterator$BreakIteratorCache
3140:             1             24  java.time.ZoneRegion
3141:             1             24  java.time.format.DecimalStyle
3142:             1             24  java.time.temporal.IsoFields$Field$1
3143:             1             24  java.time.temporal.IsoFields$Field$2
3144:             1             24  java.time.temporal.IsoFields$Field$3
3145:             1             24  java.time.temporal.IsoFields$Field$4
3146:             1             24  java.util.Collections$EmptyMap
3147:             1             24  java.util.Locale$Cache
3148:             1             24  java.util.PropertyPermissionCollection
3149:             1             24  java.util.ResourceBundle$Control$CandidateListCache
3150:             1             24  java.util.concurrent.ConcurrentSkipListMap$Node
3151:             1             24  java.util.concurrent.Executors$DelegatedScheduledExecutorService
3152:             1             24  java.util.concurrent.TimeUnit$1
3153:             1             24  java.util.concurrent.TimeUnit$2
3154:             1             24  java.util.concurrent.TimeUnit$3
3155:             1             24  java.util.concurrent.TimeUnit$4
3156:             1             24  java.util.concurrent.TimeUnit$5
3157:             1             24  java.util.concurrent.TimeUnit$6
3158:             1             24  java.util.concurrent.TimeUnit$7
3159:             1             24  java.util.logging.LogManager$LoggerContext
3160:             1             24  java.util.logging.LoggingPermission
3161:             1             24  javax.crypto.spec.RC2ParameterSpec
3162:             1             24  javax.el.ExpressionFactory$CacheKey
3163:             1             24  javax.el.Util$CacheKey
3164:             1             24  javax.net.ssl.SNIHostName
3165:             1             24  javax.websocket.SendResult
3166:             1             24  org.apache.catalina.connector.CoyoteAdapter
3167:             1             24  org.apache.catalina.core.ApplicationContextFacade
3168:             1             24  org.apache.catalina.core.StandardContext$ContextFilterMaps
3169:             1             24  org.apache.catalina.mapper.Mapper$ContextList
3170:             1             24  org.apache.catalina.mapper.Mapper$MappedContext
3171:             1             24  org.apache.catalina.mapper.Mapper$MappedWrapper
3172:             1             24  org.apache.catalina.webresources.TomcatURLStreamHandlerFactory
3173:             1             24  org.apache.coyote.AbstractProtocol$AsyncTimeout
3174:             1             24  org.apache.logging.log4j.spi.LoggerRegistry
3175:             1             24  org.apache.naming.StringManager
3176:             1             24  org.apache.tomcat.util.collections.ConcurrentCache
3177:             1             24  org.apache.tomcat.util.descriptor.web.ErrorPage
3178:             1             24  org.apache.tomcat.util.digester.RulesBase
3179:             1             24  org.apache.tomcat.util.net.Acceptor
3180:             1             24  org.apache.tomcat.util.net.NioBlockingSelector
3181:             1             24  org.apache.tomcat.websocket.server.WsFilter
3182:             1             24  org.hibernate.validator.internal.engine.MethodValidationConfiguration
3183:             1             24  org.hibernate.validator.internal.engine.valueextraction.ValueExtractorManager
3184:             1             24  org.hibernate.validator.internal.metadata.provider.ProgrammaticMetaDataProvider
3185:             1             24  org.hibernate.validator.internal.util.ConcurrentReferenceHashMap$Option
3186:             1             24  org.slf4j.helpers.FormattingTuple
3187:             1             24  org.slf4j.helpers.SubstituteLoggerFactory
3188:             1             24  org.slf4j.impl.StaticLoggerBinder
3189:             1             24  org.springframework.aop.framework.JdkDynamicAopProxy
3190:             1             24  org.springframework.aop.framework.autoproxy.AbstractAdvisorAutoProxyCreator$BeanFactoryAdvisorRetrievalHelperAdapter
3191:             1             24  org.springframework.aop.support.DefaultPointcutAdvisor
3192:             1             24  org.springframework.aop.target.EmptyTargetSource
3193:             1             24  org.springframework.beans.BeanReloadingFilter
3194:             1             24  org.springframework.beans.JrBeanCreationListenerGroup
3195:             1             24  org.springframework.beans.JrBeanFactoryPostProcessorRegistry
3196:             1             24  org.springframework.beans.JrBeanReloader$1
3197:             1             24  org.springframework.beans.JrBeanReloader$2
3198:             1             24  org.springframework.beans.JrBeanReloader$4
3199:             1             24  org.springframework.beans.factory.config.CustomScopeConfigurer
3200:             1             24  org.springframework.beans.factory.config.RuntimeBeanReference
3201:             1             24  org.springframework.beans.propertyeditors.ByteArrayPropertyEditor
3202:             1             24  org.springframework.beans.propertyeditors.CharArrayPropertyEditor
3203:             1             24  org.springframework.beans.propertyeditors.CharsetEditor
3204:             1             24  org.springframework.beans.propertyeditors.CurrencyEditor
3205:             1             24  org.springframework.beans.propertyeditors.LocaleEditor
3206:             1             24  org.springframework.beans.propertyeditors.PropertiesEditor
3207:             1             24  org.springframework.beans.propertyeditors.TimeZoneEditor
3208:             1             24  org.springframework.beans.propertyeditors.UUIDEditor
3209:             1             24  org.springframework.beans.propertyeditors.ZoneIdEditor
3210:             1             24  org.springframework.beans.support.ResourceEditorRegistrar
3211:             1             24  org.springframework.boot.DefaultApplicationArguments
3212:             1             24  org.springframework.boot.SpringApplicationBannerPrinter$PrintedBanner
3213:             1             24  org.springframework.boot.SpringApplicationRunListeners
3214:             1             24  org.springframework.boot.autoconfigure.AutoConfigurationImportSelector$AutoConfigurationEntry
3215:             1             24  org.springframework.boot.autoconfigure.AutoConfigurationPackages$BasePackages
3216:             1             24  org.springframework.boot.autoconfigure.admin.SpringApplicationAdminJmxAutoConfiguration$$EnhancerBySpringCGLIB$$b6de5e0c$$FastClassBySpringCGLIB$$5ed6da28
3217:             1             24  org.springframework.boot.autoconfigure.admin.SpringApplicationAdminJmxAutoConfiguration$$FastClassBySpringCGLIB$$6d716d49
3218:             1             24  org.springframework.boot.autoconfigure.condition.BeanTypeRegistry
3219:             1             24  org.springframework.boot.autoconfigure.condition.ConditionMessage$Style$1
3220:             1             24  org.springframework.boot.autoconfigure.condition.ConditionMessage$Style$2
3221:             1             24  org.springframework.boot.autoconfigure.condition.FilteringSpringBootCondition$ClassNameFilter$1
3222:             1             24  org.springframework.boot.autoconfigure.condition.FilteringSpringBootCondition$ClassNameFilter$2
3223:             1             24  org.springframework.boot.autoconfigure.diagnostics.analyzer.NoSuchBeanDefinitionFailureAnalyzer
3224:             1             24  org.springframework.boot.autoconfigure.freemarker.FreeMarkerTemplateAvailabilityProvider
3225:             1             24  org.springframework.boot.autoconfigure.groovy.template.GroovyTemplateAvailabilityProvider
3226:             1             24  org.springframework.boot.autoconfigure.http.HttpMessageConvertersAutoConfiguration$$EnhancerBySpringCGLIB$$3e6588d2$$FastClassBySpringCGLIB$$e3a72469
3227:             1             24  org.springframework.boot.autoconfigure.http.HttpMessageConvertersAutoConfiguration$$FastClassBySpringCGLIB$$ba15c54f
3228:             1             24  org.springframework.boot.autoconfigure.http.HttpMessageConvertersAutoConfiguration$StringHttpMessageConverterConfiguration$$EnhancerBySpringCGLIB$$71734f72$$FastClassBySpringCGLIB$$5c148f6d
3229:             1             24  org.springframework.boot.autoconfigure.http.HttpMessageConvertersAutoConfiguration$StringHttpMessageConverterConfiguration$$FastClassBySpringCGLIB$$a19557ef
3230:             1             24  org.springframework.boot.autoconfigure.http.HttpProperties
3231:             1             24  org.springframework.boot.autoconfigure.http.JacksonHttpMessageConvertersConfiguration$MappingJackson2HttpMessageConverterConfiguration$$EnhancerBySpringCGLIB$$ab494b72$$FastClassBySpringCGLIB$$d4fa3b99
3232:             1             24  org.springframework.boot.autoconfigure.http.JacksonHttpMessageConvertersConfiguration$MappingJackson2HttpMessageConverterConfiguration$$FastClassBySpringCGLIB$$cc27d3ef
3233:             1             24  org.springframework.boot.autoconfigure.http.codec.CodecsAutoConfiguration$JacksonCodecConfiguration$$EnhancerBySpringCGLIB$$8c0bd88a$$FastClassBySpringCGLIB$$9cd97dac
3234:             1             24  org.springframework.boot.autoconfigure.http.codec.CodecsAutoConfiguration$JacksonCodecConfiguration$$FastClassBySpringCGLIB$$b3c4d607
3235:             1             24  org.springframework.boot.autoconfigure.http.codec.CodecsAutoConfiguration$LoggingCodecConfiguration$$EnhancerBySpringCGLIB$$c107a916$$FastClassBySpringCGLIB$$6c95edd8
3236:             1             24  org.springframework.boot.autoconfigure.http.codec.CodecsAutoConfiguration$LoggingCodecConfiguration$$FastClassBySpringCGLIB$$8da6a113
3237:             1             24  org.springframework.boot.autoconfigure.info.ProjectInfoAutoConfiguration$GitResourceAvailableCondition
3238:             1             24  org.springframework.boot.autoconfigure.info.ProjectInfoProperties
3239:             1             24  org.springframework.boot.autoconfigure.info.ProjectInfoProperties$Build
3240:             1             24  org.springframework.boot.autoconfigure.info.ProjectInfoProperties$Git
3241:             1             24  org.springframework.boot.autoconfigure.jackson.JacksonAutoConfiguration$$EnhancerBySpringCGLIB$$61d0da5e$$FastClassBySpringCGLIB$$e1c43312
3242:             1             24  org.springframework.boot.autoconfigure.jackson.JacksonAutoConfiguration$$FastClassBySpringCGLIB$$ee97f15b
3243:             1             24  org.springframework.boot.autoconfigure.jackson.JacksonAutoConfiguration$Jackson2ObjectMapperBuilderCustomizerConfiguration$$EnhancerBySpringCGLIB$$ed28e4d7$$FastClassBySpringCGLIB$$7d1656ac
3244:             1             24  org.springframework.boot.autoconfigure.jackson.JacksonAutoConfiguration$Jackson2ObjectMapperBuilderCustomizerConfiguration$$FastClassBySpringCGLIB$$a7cec5b4
3245:             1             24  org.springframework.boot.autoconfigure.jackson.JacksonAutoConfiguration$Jackson2ObjectMapperBuilderCustomizerConfiguration$StandardJackson2ObjectMapperBuilderCustomizer
3246:             1             24  org.springframework.boot.autoconfigure.jackson.JacksonAutoConfiguration$JacksonObjectMapperBuilderConfiguration$$EnhancerBySpringCGLIB$$3211fee8$$FastClassBySpringCGLIB$$72c1c8e5
3247:             1             24  org.springframework.boot.autoconfigure.jackson.JacksonAutoConfiguration$JacksonObjectMapperBuilderConfiguration$$FastClassBySpringCGLIB$$28b34ea5
3248:             1             24  org.springframework.boot.autoconfigure.jackson.JacksonAutoConfiguration$JacksonObjectMapperConfiguration$$EnhancerBySpringCGLIB$$7fc53ccf$$FastClassBySpringCGLIB$$84c59101
3249:             1             24  org.springframework.boot.autoconfigure.jackson.JacksonAutoConfiguration$JacksonObjectMapperConfiguration$$FastClassBySpringCGLIB$$596316ac
3250:             1             24  org.springframework.boot.autoconfigure.jackson.JacksonAutoConfiguration$ParameterNamesModuleConfiguration$$EnhancerBySpringCGLIB$$13f45c05$$FastClassBySpringCGLIB$$872c02da
3251:             1             24  org.springframework.boot.autoconfigure.jackson.JacksonAutoConfiguration$ParameterNamesModuleConfiguration$$FastClassBySpringCGLIB$$f1cb4522
3252:             1             24  org.springframework.boot.autoconfigure.jdbc.DataSourceAutoConfiguration$EmbeddedDatabaseCondition
3253:             1             24  org.springframework.boot.autoconfigure.jdbc.DataSourceInitializer
3254:             1             24  org.springframework.boot.autoconfigure.jdbc.DataSourceProperties$Xa
3255:             1             24  org.springframework.boot.autoconfigure.jdbc.DataSourceTransactionManagerAutoConfiguration$DataSourceTransactionManagerConfiguration$$EnhancerBySpringCGLIB$$d13255ad$$FastClassBySpringCGLIB$$d73c47de
3256:             1             24  org.springframework.boot.autoconfigure.jdbc.DataSourceTransactionManagerAutoConfiguration$DataSourceTransactionManagerConfiguration$$FastClassBySpringCGLIB$$6c5cb1ca
3257:             1             24  org.springframework.boot.autoconfigure.jdbc.JdbcProperties$Template
3258:             1             24  org.springframework.boot.autoconfigure.jdbc.JdbcTemplateAutoConfiguration$JdbcTemplateConfiguration$$EnhancerBySpringCGLIB$$3cbcebab$$FastClassBySpringCGLIB$$8d26f00
3259:             1             24  org.springframework.boot.autoconfigure.jdbc.JdbcTemplateAutoConfiguration$JdbcTemplateConfiguration$$FastClassBySpringCGLIB$$d6b54608
3260:             1             24  org.springframework.boot.autoconfigure.jdbc.JdbcTemplateAutoConfiguration$NamedParameterJdbcTemplateConfiguration$$EnhancerBySpringCGLIB$$2e9de2db$$FastClassBySpringCGLIB$$3e5e0faa
3261:             1             24  org.springframework.boot.autoconfigure.jdbc.JdbcTemplateAutoConfiguration$NamedParameterJdbcTemplateConfiguration$$FastClassBySpringCGLIB$$2cc8738
3262:             1             24  org.springframework.boot.autoconfigure.jdbc.metadata.DataSourcePoolMetadataProvidersConfiguration$HikariPoolDataSourceMetadataProviderConfiguration$$EnhancerBySpringCGLIB$$8488e522$$FastClassBySpringCGLIB$$d6777026
3263:             1             24  org.springframework.boot.autoconfigure.jdbc.metadata.DataSourcePoolMetadataProvidersConfiguration$HikariPoolDataSourceMetadataProviderConfiguration$$FastClassBySpringCGLIB$$f8fbe79f
3264:             1             24  org.springframework.boot.autoconfigure.task.TaskExecutionAutoConfiguration$$EnhancerBySpringCGLIB$$afd15614$$FastClassBySpringCGLIB$$6f3c54be
3265:             1             24  org.springframework.boot.autoconfigure.task.TaskExecutionAutoConfiguration$$FastClassBySpringCGLIB$$16d26c51
3266:             1             24  org.springframework.boot.autoconfigure.task.TaskExecutionProperties
3267:             1             24  org.springframework.boot.autoconfigure.task.TaskSchedulingAutoConfiguration$$EnhancerBySpringCGLIB$$d7f13954$$FastClassBySpringCGLIB$$33697b6b
3268:             1             24  org.springframework.boot.autoconfigure.task.TaskSchedulingAutoConfiguration$$FastClassBySpringCGLIB$$dd612791
3269:             1             24  org.springframework.boot.autoconfigure.task.TaskSchedulingProperties
3270:             1             24  org.springframework.boot.autoconfigure.template.TemplateAvailabilityProviders
3271:             1             24  org.springframework.boot.autoconfigure.transaction.TransactionAutoConfiguration$$EnhancerBySpringCGLIB$$b8a5b848$$FastClassBySpringCGLIB$$abc62378
3272:             1             24  org.springframework.boot.autoconfigure.transaction.TransactionAutoConfiguration$$FastClassBySpringCGLIB$$58253c05
3273:             1             24  org.springframework.boot.autoconfigure.transaction.TransactionAutoConfiguration$TransactionTemplateConfiguration$$EnhancerBySpringCGLIB$$22bc1a80$$FastClassBySpringCGLIB$$92f9afe5
3274:             1             24  org.springframework.boot.autoconfigure.transaction.TransactionAutoConfiguration$TransactionTemplateConfiguration$$FastClassBySpringCGLIB$$3ce48f3d
3275:             1             24  org.springframework.boot.autoconfigure.transaction.TransactionProperties
3276:             1             24  org.springframework.boot.autoconfigure.validation.ValidatorAdapter
3277:             1             24  org.springframework.boot.autoconfigure.web.ResourceProperties$Cache
3278:             1             24  org.springframework.boot.autoconfigure.web.ResourceProperties$Chain
3279:             1             24  org.springframework.boot.autoconfigure.web.ResourceProperties$Content
3280:             1             24  org.springframework.boot.autoconfigure.web.ResourceProperties$Fixed
3281:             1             24  org.springframework.boot.autoconfigure.web.ResourceProperties$Strategy
3282:             1             24  org.springframework.boot.autoconfigure.web.ServerProperties$Tomcat$Resource
3283:             1             24  org.springframework.boot.autoconfigure.web.client.RestTemplateAutoConfiguration$$EnhancerBySpringCGLIB$$bf47b6bf$$FastClassBySpringCGLIB$$7f6b4abc
3284:             1             24  org.springframework.boot.autoconfigure.web.client.RestTemplateAutoConfiguration$$FastClassBySpringCGLIB$$79a6429c
3285:             1             24  org.springframework.boot.autoconfigure.web.embedded.EmbeddedWebServerFactoryCustomizerAutoConfiguration$TomcatWebServerFactoryCustomizerConfiguration$$EnhancerBySpringCGLIB$$2a5d4a0c$$FastClassBySpringCGLIB$$c558182e
3286:             1             24  org.springframework.boot.autoconfigure.web.embedded.EmbeddedWebServerFactoryCustomizerAutoConfiguration$TomcatWebServerFactoryCustomizerConfiguration$$FastClassBySpringCGLIB$$3b7ed949
3287:             1             24  org.springframework.boot.autoconfigure.web.embedded.TomcatWebServerFactoryCustomizer
3288:             1             24  org.springframework.boot.autoconfigure.web.embedded.TomcatWebServerFactoryCustomizer$$Lambda$333/191519989
3289:             1             24  org.springframework.boot.autoconfigure.web.servlet.DispatcherServletAutoConfiguration$DispatcherServletConfiguration$$EnhancerBySpringCGLIB$$74314d07$$FastClassBySpringCGLIB$$e83f3a07
3290:             1             24  org.springframework.boot.autoconfigure.web.servlet.DispatcherServletAutoConfiguration$DispatcherServletConfiguration$$FastClassBySpringCGLIB$$c3057e4
3291:             1             24  org.springframework.boot.autoconfigure.web.servlet.DispatcherServletAutoConfiguration$DispatcherServletRegistrationConfiguration$$EnhancerBySpringCGLIB$$d638e1ae$$FastClassBySpringCGLIB$$73daf335
3292:             1             24  org.springframework.boot.autoconfigure.web.servlet.DispatcherServletAutoConfiguration$DispatcherServletRegistrationConfiguration$$FastClassBySpringCGLIB$$20b85eab
3293:             1             24  org.springframework.boot.autoconfigure.web.servlet.ServletWebServerFactoryConfiguration$EmbeddedTomcat$$EnhancerBySpringCGLIB$$8eb42f28$$FastClassBySpringCGLIB$$e9f2e2d
3294:             1             24  org.springframework.boot.autoconfigure.web.servlet.ServletWebServerFactoryConfiguration$EmbeddedTomcat$$FastClassBySpringCGLIB$$57e7b6e5
3295:             1             24  org.springframework.boot.autoconfigure.web.servlet.WebMvcProperties$Contentnegotiation
3296:             1             24  org.springframework.boot.autoconfigure.web.servlet.WebMvcProperties$Servlet
3297:             1             24  org.springframework.boot.autoconfigure.web.servlet.WebMvcProperties$View
3298:             1             24  org.springframework.boot.autoconfigure.web.servlet.error.BasicErrorController
3299:             1             24  org.springframework.boot.autoconfigure.web.servlet.error.ErrorMvcAutoConfiguration$DefaultErrorViewResolverConfiguration$$EnhancerBySpringCGLIB$$64729763$$FastClassBySpringCGLIB$$70bd156d
3300:             1             24  org.springframework.boot.autoconfigure.web.servlet.error.ErrorMvcAutoConfiguration$DefaultErrorViewResolverConfiguration$$FastClassBySpringCGLIB$$696432c0
3301:             1             24  org.springframework.boot.autoconfigure.web.servlet.error.ErrorMvcAutoConfiguration$ErrorPageCustomizer
3302:             1             24  org.springframework.boot.autoconfigure.websocket.servlet.WebSocketServletAutoConfiguration$TomcatWebSocketConfiguration$$EnhancerBySpringCGLIB$$9ccbd22d$$FastClassBySpringCGLIB$$6eacc718
3303:             1             24  org.springframework.boot.autoconfigure.websocket.servlet.WebSocketServletAutoConfiguration$TomcatWebSocketConfiguration$$FastClassBySpringCGLIB$$f1131e4a
3304:             1             24  org.springframework.boot.builder.ParentContextCloserApplicationListener
3305:             1             24  org.springframework.boot.cloud.CloudPlatform$1
3306:             1             24  org.springframework.boot.cloud.CloudPlatform$2
3307:             1             24  org.springframework.boot.cloud.CloudPlatform$3
3308:             1             24  org.springframework.boot.context.ContextIdApplicationContextInitializer$ContextId
3309:             1             24  org.springframework.boot.context.config.ConfigFileApplicationListener$PropertySourceOrderingPostProcessor
3310:             1             24  org.springframework.boot.context.config.DelegatingApplicationListener
3311:             1             24  org.springframework.boot.context.event.EventPublishingRunListener
3312:             1             24  org.springframework.boot.context.properties.ConfigurationBeanFactoryMetadata
3313:             1             24  org.springframework.boot.context.properties.ConfigurationPropertiesBindingPostProcessor
3314:             1             24  org.springframework.boot.context.properties.PropertyMapper
3315:             1             24  org.springframework.boot.context.properties.bind.BindConverter$TypeConverterConversionService
3316:             1             24  org.springframework.boot.context.properties.bind.PropertySourcesPlaceholdersResolver
3317:             1             24  org.springframework.boot.context.properties.source.ConfigurationPropertySourcesPropertySource
3318:             1             24  org.springframework.boot.context.properties.source.DefaultPropertyMapper
3319:             1             24  org.springframework.boot.convert.DurationStyle$1
3320:             1             24  org.springframework.boot.convert.DurationStyle$2
3321:             1             24  org.springframework.boot.devtools.autoconfigure.DevToolsDataSourceAutoConfiguration$$EnhancerBySpringCGLIB$$fef5cc75$$FastClassBySpringCGLIB$$de31cb3
3322:             1             24  org.springframework.boot.devtools.autoconfigure.DevToolsDataSourceAutoConfiguration$$FastClassBySpringCGLIB$$2fb51792
3323:             1             24  org.springframework.boot.devtools.autoconfigure.DevToolsDataSourceAutoConfiguration$NonEmbeddedInMemoryDatabaseShutdownExecutor
3324:             1             24  org.springframework.boot.devtools.autoconfigure.DevToolsProperties
3325:             1             24  org.springframework.boot.devtools.autoconfigure.DevToolsProperties$Livereload
3326:             1             24  org.springframework.boot.devtools.autoconfigure.RemoteDevToolsProperties$Proxy
3327:             1             24  org.springframework.boot.devtools.classpath.ClassPathFileChangeListener
3328:             1             24  org.springframework.boot.devtools.classpath.PatternClassPathRestartStrategy
3329:             1             24  org.springframework.boot.devtools.filewatch.ChangedFile
3330:             1             24  org.springframework.boot.devtools.filewatch.ChangedFiles
3331:             1             24  org.springframework.boot.devtools.restart.ClassLoaderFilesResourcePatternResolver
3332:             1             24  org.springframework.boot.devtools.restart.Restarter$LeakSafeThreadFactory$$Lambda$413/1116292004
3333:             1             24  org.springframework.boot.devtools.settings.DevToolsSettings
3334:             1             24  org.springframework.boot.diagnostics.FailureAnalyzers
3335:             1             24  org.springframework.boot.env.RandomValuePropertySource
3336:             1             24  org.springframework.boot.logging.AbstractLoggingSystem$LogLevels
3337:             1             24  org.springframework.boot.logging.DeferredLog$Line
3338:             1             24  org.springframework.boot.task.TaskSchedulerBuilder
3339:             1             24  org.springframework.boot.type.classreading.ConcurrentReferenceCachingMetadataReaderFactory
3340:             1             24  org.springframework.boot.web.client.RestTemplateBuilder$RequestFactoryCustomizer
3341:             1             24  org.springframework.boot.web.embedded.tomcat.TomcatServletWebServerFactory$StaticResourceConfigurer
3342:             1             24  org.springframework.boot.web.embedded.tomcat.TomcatStarter
3343:             1             24  org.springframework.boot.web.embedded.tomcat.TomcatWebServer$$Lambda$334/1521261927
3344:             1             24  org.springframework.boot.web.server.ErrorPage
3345:             1             24  org.springframework.boot.web.server.ErrorPageRegistrarBeanPostProcessor
3346:             1             24  org.springframework.boot.web.server.WebServerFactoryCustomizerBeanPostProcessor
3347:             1             24  org.springframework.boot.web.servlet.context.WebApplicationContextServletContextAwareProcessor
3348:             1             24  org.springframework.boot.web.servlet.server.DocumentRoot
3349:             1             24  org.springframework.boot.web.servlet.server.Jsp
3350:             1             24  org.springframework.cglib.core.EmitUtils$ArrayDelimiters
3351:             1             24  org.springframework.cglib.core.MethodWrapper$MethodWrapperKey$$KeyFactoryByCGLIB$$552be97a
3352:             1             24  org.springframework.cglib.core.internal.LoadingCache
3353:             1             24  org.springframework.context.annotation.ConfigurationClassEnhancer$ConditionalCallbackFilter
3354:             1             24  org.springframework.context.annotation.ContextAnnotationAutowireCandidateResolver
3355:             1             24  org.springframework.context.annotation.MBeanExportConfiguration$SpecificPlatform$1
3356:             1             24  org.springframework.context.annotation.MBeanExportConfiguration$SpecificPlatform$2
3357:             1             24  org.springframework.context.event.EventExpressionEvaluator
3358:             1             24  org.springframework.context.support.ApplicationContextAwareProcessor
3359:             1             24  org.springframework.context.support.PostProcessorRegistrationDelegate$BeanPostProcessorChecker
3360:             1             24  org.springframework.context.support.PropertySourcesPlaceholderConfigurer$$Lambda$192/272059566
3361:             1             24  org.springframework.core.OrderComparator$$Lambda$209/654322778
3362:             1             24  org.springframework.core.ReactiveAdapterRegistry
3363:             1             24  org.springframework.core.convert.support.DefaultConversionService
3364:             1             24  org.springframework.core.env.CommandLineArgs
3365:             1             24  org.springframework.core.io.support.PathMatchingResourcePatternResolver
3366:             1             24  org.springframework.dao.annotation.PersistenceExceptionTranslationAdvisor
3367:             1             24  org.springframework.dao.support.PersistenceExceptionTranslationInterceptor
3368:             1             24  org.springframework.http.HttpEntity
3369:             1             24  org.springframework.http.ResponseEntity
3370:             1             24  org.springframework.jdbc.core.namedparam.NamedParameterJdbcTemplate
3371:             1             24  org.springframework.jmx.export.naming.MetadataNamingStrategy
3372:             1             24  org.springframework.jndi.JndiTemplate
3373:             1             24  org.springframework.messaging.handler.annotation.support.PayloadArgumentResolver
3374:             1             24  org.springframework.messaging.handler.invocation.HandlerMethodArgumentResolverComposite
3375:             1             24  org.springframework.messaging.handler.invocation.HandlerMethodReturnValueHandlerComposite
3376:             1             24  org.springframework.messaging.simp.annotation.support.SubscriptionMethodReturnValueHandler
3377:             1             24  org.springframework.messaging.simp.broker.DefaultSubscriptionRegistry$DestinationCache
3378:             1             24  org.springframework.messaging.simp.stomp.StompEncoder
3379:             1             24  org.springframework.messaging.simp.user.DefaultUserDestinationResolver
3380:             1             24  org.springframework.messaging.support.IdTimestampMessageHeaderInitializer
3381:             1             24  org.springframework.objenesis.SpringObjenesis
3382:             1             24  org.springframework.scheduling.annotation.SchedulingConfiguration$$EnhancerBySpringCGLIB$$c58073b9$$FastClassBySpringCGLIB$$22b54e40
3383:             1             24  org.springframework.scheduling.annotation.SchedulingConfiguration$$FastClassBySpringCGLIB$$bd049a56
3384:             1             24  org.springframework.scheduling.config.ScheduledTask
3385:             1             24  org.springframework.scheduling.support.ScheduledMethodRunnable
3386:             1             24  org.springframework.transaction.interceptor.BeanFactoryTransactionAttributeSourceAdvisor$1
3387:             1             24  org.springframework.util.StopWatch$TaskInfo
3388:             1             24  org.springframework.validation.beanvalidation.LocalValidatorFactoryBean$1
3389:             1             24  org.springframework.web.context.support.ServletContextPropertySource
3390:             1             24  org.springframework.web.context.support.ServletContextScope
3391:             1             24  org.springframework.web.method.annotation.ExceptionHandlerMethodResolver
3392:             1             24  org.springframework.web.method.annotation.RequestHeaderMethodArgumentResolver
3393:             1             24  org.springframework.web.method.support.CompositeUriComponentsContributor
3394:             1             24  org.springframework.web.servlet.handler.HandlerExceptionResolverComposite
3395:             1             24  org.springframework.web.servlet.i18n.AcceptHeaderLocaleResolver
3396:             1             24  org.springframework.web.servlet.mvc.method.annotation.ResponseBodyEmitterReturnValueHandler
3397:             1             24  org.springframework.web.servlet.support.SessionFlashMapManager
3398:             1             24  org.springframework.web.servlet.view.ViewResolverComposite
3399:             1             24  org.springframework.web.socket.messaging.StompSubProtocolHandler$Stats
3400:             1             24  org.springframework.web.socket.server.standard.TomcatRequestUpgradeStrategy
3401:             1             24  org.springframework.web.socket.server.support.OriginHandshakeInterceptor
3402:             1             24  org.springframework.web.socket.sockjs.support.SockJsHttpRequestHandler
3403:             1             24  org.springframework.web.socket.sockjs.transport.handler.EventSourceTransportHandler
3404:             1             24  org.springframework.web.socket.sockjs.transport.handler.HtmlFileTransportHandler
3405:             1             24  org.springframework.web.socket.sockjs.transport.handler.XhrPollingTransportHandler
3406:             1             24  org.springframework.web.socket.sockjs.transport.handler.XhrReceivingTransportHandler
3407:             1             24  org.springframework.web.socket.sockjs.transport.handler.XhrStreamingTransportHandler
3408:             1             24  org.zeroturnaround.bundled.javassist.ClassPathList
3409:             1             24  org.zeroturnaround.javarebel.integration.IntegrationClassEventListener
3410:             1             24  org.zeroturnaround.javarebel.integration.catalina.cbp.ApplicationContextFacadeCBP
3411:             1             24  org.zeroturnaround.javarebel.integration.hybris.WidgetClassLoaderCBP
3412:             1             24  org.zeroturnaround.javarebel.integration.ide.IDECallbackClassEventListener
3413:             1             24  org.zeroturnaround.javarebel.integration.javaxel.BeanELResolverCBP
3414:             1             24  org.zeroturnaround.javarebel.integration.jenkins.WebAppMainCBP
3415:             1             24  org.zeroturnaround.javarebel.integration.objectdb.ObjectDBDelegationCBP$Processor
3416:             1             24  org.zeroturnaround.javarebel.integration.proxy.cglib.FastClassProxyEventListener
3417:             1             24  org.zeroturnaround.javarebel.integration.resin.ResinWatchdogCBP
3418:             1             24  org.zeroturnaround.javarebel.integration.resin.WatchdogProcessCBP
3419:             1             24  org.zeroturnaround.javarebel.integration.servlet.oc4j.OC4JJspClassLoaderCBP
3420:             1             24  org.zeroturnaround.javarebel.integration.spring.GenericTypeResolverCEL
3421:             1             24  org.zeroturnaround.javarebel.integration.spring.annotations.ComponentScannerAnnotation
3422:             1             24  org.zeroturnaround.javarebel.integration.spring.beans.BeanTypeResolverImpl
3423:             1             24  org.zeroturnaround.javarebel.integration.spring.beans.ExpressionDependencyRegistry
3424:             1             24  org.zeroturnaround.javarebel.integration.spring.beans.ScannedClassManager
3425:             1             24  org.zeroturnaround.javarebel.integration.spring.beans.cbp.BeanDefinitionReaderUtilsCBP
3426:             1             24  org.zeroturnaround.javarebel.integration.spring.boot.SpringBootRegistry
3427:             1             24  org.zeroturnaround.javarebel.integration.spring.core.ReflectionUtilsCacheClearer
3428:             1             24  org.zeroturnaround.javarebel.integration.support.JavassistClassBytecodeProcessor$FilterClassPathWrapper
3429:             1             24  org.zeroturnaround.javarebel.integration.util.ClassLoaderLocalUtil$LoaderAttachment
3430:             1             24  org.zeroturnaround.javarebel.preferences.FileStore$1
3431:             1             24  org.zeroturnaround.javarebel.preferences.FileStore$3
3432:             1             24  org.zeroturnaround.javarebel.preferences.FileStorePreferences
3433:             1             24  org.zeroturnaround.javarebel.preferences.InMemoryPreferences
3434:             1             24  org.zeroturnaround.javarebel.reporting.MessageType$SendFilterImpl$1
3435:             1             24  org.zeroturnaround.javarebel.reporting.MessageType$SendFilterImpl$2
3436:             1             24  org.zeroturnaround.javarebel.reporting.MessageType$SendFilterImpl$3
3437:             1             24  org.zeroturnaround.javarebel.reporting.MessageType$SendFilterImpl$4
3438:             1             24  org.zeroturnaround.javarebel.reporting.MixpanelMetrics$10
3439:             1             24  org.zeroturnaround.javarebel.reporting.MixpanelMetrics$3
3440:             1             24  org.zeroturnaround.javarebel.reporting.MixpanelMetrics$4
3441:             1             24  org.zeroturnaround.javarebel.reporting.MixpanelMetrics$5
3442:             1             24  org.zeroturnaround.javarebel.reporting.MixpanelMetrics$8
3443:             1             24  org.zeroturnaround.javarebel.reporting.backend.impl.SegmentIOBackend$ProxyHttpBackend
3444:             1             24  org.zeroturnaround.javarebel.reporting.stats.JVMLanguageStatsListener
3445:             1             24  org.zeroturnaround.javarebel.reporting.stats.repository.impl.RepositoryMetricsStatistics$ServerStartedStatsListener
3446:             1             24  org.zeroturnaround.javarebel.service.ServiceRequestUtil$TCLBindingServiceRequestListener
3447:             1             24  org.zeroturnaround.javarebel.spring.SpringMetrics$1
3448:             1             24  org.zeroturnaround.javarebel.spring.SpringMetrics$ShipInBackgroundThreadStrategy$1
3449:             1             24  org.zeroturnaround.jrebel.integration.logback.LogbackReloader
3450:             1             24  org.zeroturnaround.jrebel.intellij.FileWatcher$1
3451:             1             24  org.zeroturnaround.jrebel.intellij.FileWatcher$Lock
3452:             1             24  org.zeroturnaround.jrebel.jackson2.cbp.ObjectMapperCBP
3453:             1             24  sun.instrument.TransformerManager
3454:             1             24  sun.launcher.LauncherHelper
3455:             1             24  sun.management.CompilationImpl
3456:             1             24  sun.management.MemoryImpl
3457:             1             24  sun.management.OperatingSystemImpl
3458:             1             24  sun.management.RuntimeImpl
3459:             1             24  sun.management.ThreadImpl
3460:             1             24  sun.management.VMManagementImpl
3461:             1             24  sun.misc.URLClassPath$FileLoader
3462:             1             24  sun.net.ProgressMonitor
3463:             1             24  sun.net.www.protocol.http.Handler
3464:             1             24  sun.nio.cs.CESU_8
3465:             1             24  sun.nio.cs.IBM437
3466:             1             24  sun.nio.cs.IBM737
3467:             1             24  sun.nio.cs.IBM775
3468:             1             24  sun.nio.cs.IBM850
3469:             1             24  sun.nio.cs.IBM852
3470:             1             24  sun.nio.cs.IBM855
3471:             1             24  sun.nio.cs.IBM857
3472:             1             24  sun.nio.cs.IBM858
3473:             1             24  sun.nio.cs.IBM862
3474:             1             24  sun.nio.cs.IBM866
3475:             1             24  sun.nio.cs.IBM874
3476:             1             24  sun.nio.cs.ISO_8859_1
3477:             1             24  sun.nio.cs.ISO_8859_13
3478:             1             24  sun.nio.cs.ISO_8859_15
3479:             1             24  sun.nio.cs.ISO_8859_2
3480:             1             24  sun.nio.cs.ISO_8859_4
3481:             1             24  sun.nio.cs.ISO_8859_5
3482:             1             24  sun.nio.cs.ISO_8859_7
3483:             1             24  sun.nio.cs.ISO_8859_9
3484:             1             24  sun.nio.cs.KOI8_R
3485:             1             24  sun.nio.cs.KOI8_U
3486:             1             24  sun.nio.cs.MS1250
3487:             1             24  sun.nio.cs.MS1251
3488:             1             24  sun.nio.cs.MS1252
3489:             1             24  sun.nio.cs.MS1253
3490:             1             24  sun.nio.cs.MS1254
3491:             1             24  sun.nio.cs.MS1257
3492:             1             24  sun.nio.cs.ThreadLocalCoders$1
3493:             1             24  sun.nio.cs.ThreadLocalCoders$2
3494:             1             24  sun.nio.cs.US_ASCII
3495:             1             24  sun.nio.cs.UTF_16
3496:             1             24  sun.nio.cs.UTF_16BE
3497:             1             24  sun.nio.cs.UTF_16LE
3498:             1             24  sun.nio.cs.UTF_16LE_BOM
3499:             1             24  sun.nio.cs.UTF_32
3500:             1             24  sun.nio.cs.UTF_32BE
3501:             1             24  sun.nio.cs.UTF_32BE_BOM
3502:             1             24  sun.nio.cs.UTF_32LE
3503:             1             24  sun.nio.cs.UTF_32LE_BOM
3504:             1             24  sun.nio.cs.UTF_8
3505:             1             24  sun.nio.cs.ext.Big5
3506:             1             24  sun.nio.cs.ext.Big5_HKSCS
3507:             1             24  sun.nio.cs.ext.Big5_HKSCS_2001
3508:             1             24  sun.nio.cs.ext.Big5_Solaris
3509:             1             24  sun.nio.cs.ext.EUC_CN
3510:             1             24  sun.nio.cs.ext.EUC_JP
3511:             1             24  sun.nio.cs.ext.EUC_JP_LINUX
3512:             1             24  sun.nio.cs.ext.EUC_JP_Open
3513:             1             24  sun.nio.cs.ext.EUC_TW
3514:             1             24  sun.nio.cs.ext.GB18030
3515:             1             24  sun.nio.cs.ext.GBK
3516:             1             24  sun.nio.cs.ext.IBM037
3517:             1             24  sun.nio.cs.ext.IBM1006
3518:             1             24  sun.nio.cs.ext.IBM1025
3519:             1             24  sun.nio.cs.ext.IBM1026
3520:             1             24  sun.nio.cs.ext.IBM1046
3521:             1             24  sun.nio.cs.ext.IBM1047
3522:             1             24  sun.nio.cs.ext.IBM1097
3523:             1             24  sun.nio.cs.ext.IBM1098
3524:             1             24  sun.nio.cs.ext.IBM1112
3525:             1             24  sun.nio.cs.ext.IBM1122
3526:             1             24  sun.nio.cs.ext.IBM1123
3527:             1             24  sun.nio.cs.ext.IBM1124
3528:             1             24  sun.nio.cs.ext.IBM1140
3529:             1             24  sun.nio.cs.ext.IBM1141
3530:             1             24  sun.nio.cs.ext.IBM1142
3531:             1             24  sun.nio.cs.ext.IBM1143
3532:             1             24  sun.nio.cs.ext.IBM1144
3533:             1             24  sun.nio.cs.ext.IBM1145
3534:             1             24  sun.nio.cs.ext.IBM1146
3535:             1             24  sun.nio.cs.ext.IBM1147
3536:             1             24  sun.nio.cs.ext.IBM1148
3537:             1             24  sun.nio.cs.ext.IBM1149
3538:             1             24  sun.nio.cs.ext.IBM1166
3539:             1             24  sun.nio.cs.ext.IBM1364
3540:             1             24  sun.nio.cs.ext.IBM1381
3541:             1             24  sun.nio.cs.ext.IBM1383
3542:             1             24  sun.nio.cs.ext.IBM273
3543:             1             24  sun.nio.cs.ext.IBM277
3544:             1             24  sun.nio.cs.ext.IBM278
3545:             1             24  sun.nio.cs.ext.IBM280
3546:             1             24  sun.nio.cs.ext.IBM284
3547:             1             24  sun.nio.cs.ext.IBM285
3548:             1             24  sun.nio.cs.ext.IBM290
3549:             1             24  sun.nio.cs.ext.IBM297
3550:             1             24  sun.nio.cs.ext.IBM300
3551:             1             24  sun.nio.cs.ext.IBM33722
3552:             1             24  sun.nio.cs.ext.IBM420
3553:             1             24  sun.nio.cs.ext.IBM424
3554:             1             24  sun.nio.cs.ext.IBM500
3555:             1             24  sun.nio.cs.ext.IBM833
3556:             1             24  sun.nio.cs.ext.IBM834
3557:             1             24  sun.nio.cs.ext.IBM838
3558:             1             24  sun.nio.cs.ext.IBM856
3559:             1             24  sun.nio.cs.ext.IBM860
3560:             1             24  sun.nio.cs.ext.IBM861
3561:             1             24  sun.nio.cs.ext.IBM863
3562:             1             24  sun.nio.cs.ext.IBM864
3563:             1             24  sun.nio.cs.ext.IBM865
3564:             1             24  sun.nio.cs.ext.IBM868
3565:             1             24  sun.nio.cs.ext.IBM869
3566:             1             24  sun.nio.cs.ext.IBM870
3567:             1             24  sun.nio.cs.ext.IBM871
3568:             1             24  sun.nio.cs.ext.IBM875
3569:             1             24  sun.nio.cs.ext.IBM918
3570:             1             24  sun.nio.cs.ext.IBM921
3571:             1             24  sun.nio.cs.ext.IBM922
3572:             1             24  sun.nio.cs.ext.IBM930
3573:             1             24  sun.nio.cs.ext.IBM933
3574:             1             24  sun.nio.cs.ext.IBM935
3575:             1             24  sun.nio.cs.ext.IBM937
3576:             1             24  sun.nio.cs.ext.IBM939
3577:             1             24  sun.nio.cs.ext.IBM942
3578:             1             24  sun.nio.cs.ext.IBM942C
3579:             1             24  sun.nio.cs.ext.IBM943
3580:             1             24  sun.nio.cs.ext.IBM943C
3581:             1             24  sun.nio.cs.ext.IBM948
3582:             1             24  sun.nio.cs.ext.IBM949
3583:             1             24  sun.nio.cs.ext.IBM949C
3584:             1             24  sun.nio.cs.ext.IBM950
3585:             1             24  sun.nio.cs.ext.IBM964
3586:             1             24  sun.nio.cs.ext.IBM970
3587:             1             24  sun.nio.cs.ext.ISCII91
3588:             1             24  sun.nio.cs.ext.ISO2022_CN
3589:             1             24  sun.nio.cs.ext.ISO2022_CN_CNS
3590:             1             24  sun.nio.cs.ext.ISO2022_CN_GB
3591:             1             24  sun.nio.cs.ext.ISO2022_JP
3592:             1             24  sun.nio.cs.ext.ISO2022_JP_2
3593:             1             24  sun.nio.cs.ext.ISO2022_KR
3594:             1             24  sun.nio.cs.ext.ISO_8859_11
3595:             1             24  sun.nio.cs.ext.ISO_8859_3
3596:             1             24  sun.nio.cs.ext.ISO_8859_6
3597:             1             24  sun.nio.cs.ext.ISO_8859_8
3598:             1             24  sun.nio.cs.ext.JISAutoDetect
3599:             1             24  sun.nio.cs.ext.JIS_X_0201
3600:             1             24  sun.nio.cs.ext.JIS_X_0208
3601:             1             24  sun.nio.cs.ext.JIS_X_0212
3602:             1             24  sun.nio.cs.ext.Johab
3603:             1             24  sun.nio.cs.ext.MS1255
3604:             1             24  sun.nio.cs.ext.MS1256
3605:             1             24  sun.nio.cs.ext.MS1258
3606:             1             24  sun.nio.cs.ext.MS50220
3607:             1             24  sun.nio.cs.ext.MS50221
3608:             1             24  sun.nio.cs.ext.MS874
3609:             1             24  sun.nio.cs.ext.MS932
3610:             1             24  sun.nio.cs.ext.MS932_0213
3611:             1             24  sun.nio.cs.ext.MS936
3612:             1             24  sun.nio.cs.ext.MS949
3613:             1             24  sun.nio.cs.ext.MS950
3614:             1             24  sun.nio.cs.ext.MS950_HKSCS
3615:             1             24  sun.nio.cs.ext.MS950_HKSCS_XP
3616:             1             24  sun.nio.cs.ext.MSISO2022JP
3617:             1             24  sun.nio.cs.ext.MacArabic
3618:             1             24  sun.nio.cs.ext.MacCentralEurope
3619:             1             24  sun.nio.cs.ext.MacCroatian
3620:             1             24  sun.nio.cs.ext.MacCyrillic
3621:             1             24  sun.nio.cs.ext.MacDingbat
3622:             1             24  sun.nio.cs.ext.MacGreek
3623:             1             24  sun.nio.cs.ext.MacHebrew
3624:             1             24  sun.nio.cs.ext.MacIceland
3625:             1             24  sun.nio.cs.ext.MacRoman
3626:             1             24  sun.nio.cs.ext.MacRomania
3627:             1             24  sun.nio.cs.ext.MacSymbol
3628:             1             24  sun.nio.cs.ext.MacThai
3629:             1             24  sun.nio.cs.ext.MacTurkish
3630:             1             24  sun.nio.cs.ext.MacUkraine
3631:             1             24  sun.nio.cs.ext.PCK
3632:             1             24  sun.nio.cs.ext.SJIS
3633:             1             24  sun.nio.cs.ext.SJIS_0213
3634:             1             24  sun.nio.cs.ext.TIS_620
3635:             1             24  sun.nio.fs.WindowsSecurityDescriptor
3636:             1             24  sun.reflect.annotation.TypeAnnotation$LocationInfo
3637:             1             24  sun.rmi.runtime.RuntimeUtil$1
3638:             1             24  sun.rmi.transport.DGCImpl
3639:             1             24  sun.rmi.transport.SequenceEntry
3640:             1             24  sun.security.ssl.AppInputStream
3641:             1             24  sun.security.ssl.AppOutputStream
3642:             1             24  sun.security.ssl.MAC
3643:             1             24  sun.security.ssl.SupportedEllipticPointFormatsExtension
3644:             1             24  sun.security.validator.EndEntityChecker
3645:             1             24  sun.security.x509.Extension
3646:             1             24  sun.util.locale.BaseLocale$Cache
3647:             1             24  sun.util.locale.provider.BreakIteratorProviderImpl
3648:             1             24  sun.util.locale.provider.CalendarDataProviderImpl
3649:             1             24  sun.util.locale.provider.CalendarNameProviderImpl
3650:             1             24  sun.util.locale.provider.CalendarProviderImpl
3651:             1             24  sun.util.locale.provider.CurrencyNameProviderImpl
3652:             1             24  sun.util.locale.provider.DateFormatSymbolsProviderImpl
3653:             1             24  sun.util.locale.provider.DecimalFormatSymbolsProviderImpl
3654:             1             24  sun.util.locale.provider.NumberFormatProviderImpl
3655:             1             24  sun.util.locale.provider.TimeZoneNameProviderImpl
3656:             1             24  sun.util.logging.PlatformLogger
3657:             1             24  sun.util.logging.PlatformLogger$JavaLoggerProxy
3658:             1             16  [Lch.qos.logback.core.filter.Filter;
3659:             1             16  [Lcom.alibaba.fastjson.serializer.SerializeFilter;
3660:             1             16  [Lcom.fasterxml.classmate.members.RawConstructor;
3661:             1             16  [Lcom.fasterxml.classmate.members.RawField;
3662:             1             16  [Lcom.fasterxml.classmate.members.RawMethod;
3663:             1             16  [Lcom.fasterxml.jackson.databind.AbstractTypeResolver;
3664:             1             16  [Lcom.fasterxml.jackson.databind.deser.BeanDeserializerModifier;
3665:             1             16  [Lcom.fasterxml.jackson.databind.ser.BeanSerializerModifier;
3666:             1             16  [Lcom.fasterxml.jackson.databind.util.ClassUtil$Ctor;
3667:             1             16  [Lcom.zeroturnaround.javarebel.bny;
3668:             1             16  [Ljava.beans.EventSetDescriptor;
3669:             1             16  [Ljava.lang.Double;
3670:             1             16  [Ljava.lang.Float;
3671:             1             16  [Ljava.lang.reflect.AnnotatedType;
3672:             1             16  [Ljava.nio.file.attribute.FileAttribute;
3673:             1             16  [Ljava.security.Provider;
3674:             1             16  [Ljava.text.FieldPosition;
3675:             1             16  [Ljava.time.LocalDateTime;
3676:             1             16  [Ljava.time.zone.ZoneOffsetTransitionRule;
3677:             1             16  [Ljava.util.logging.Handler;
3678:             1             16  [Lorg.apache.catalina.core.DefaultInstanceManager$AnnotationCacheEntry;
3679:             1             16  [Lorg.apache.catalina.servlets.DefaultServlet$CompressionFormat;
3680:             1             16  [Lorg.apache.tomcat.util.descriptor.web.ApplicationParameter;
3681:             1             16  [Lorg.apache.tomcat.util.descriptor.web.SecurityConstraint;
3682:             1             16  [Lorg.springframework.aop.Advisor;
3683:             1             16  [Lorg.springframework.web.context.request.async.CallableProcessingInterceptor;
3684:             1             16  [Lorg.springframework.web.context.request.async.DeferredResultProcessingInterceptor;
3685:             1             16  [Lorg.zeroturnaround.javarebel.Resource;
3686:             1             16  [Lsun.instrument.TransformerManager$TransformerInfo;
3687:             1             16  [Lsun.reflect.annotation.TypeAnnotation$LocationInfo$Location;
3688:             1             16  ch.qos.logback.classic.pattern.EnsureExceptionHandling
3689:             1             16  ch.qos.logback.classic.pattern.TargetLengthBasedClassNameAbbreviator
3690:             1             16  ch.qos.logback.classic.selector.DefaultContextSelector
3691:             1             16  ch.qos.logback.classic.util.ContextInitializer
3692:             1             16  ch.qos.logback.core.LifeCycleManager
3693:             1             16  ch.qos.logback.core.joran.spi.ConsoleTarget$1
3694:             1             16  ch.qos.logback.core.joran.spi.ConsoleTarget$2
3695:             1             16  ch.qos.logback.core.spi.AppenderAttachableImpl
3696:             1             16  ch.qos.logback.core.spi.FilterAttachableImpl
3697:             1             16  com.alibaba.fastjson.parser.deserializer.JavaObjectDeserializer
3698:             1             16  com.alibaba.fastjson.parser.deserializer.MapDeserializer
3699:             1             16  com.alibaba.fastjson.parser.deserializer.NumberDeserializer
3700:             1             16  com.alibaba.fastjson.parser.deserializer.StackTraceElementDeserializer
3701:             1             16  com.alibaba.fastjson.parser.deserializer.TimeDeserializer
3702:             1             16  com.alibaba.fastjson.serializer.AppendableSerializer
3703:             1             16  com.alibaba.fastjson.serializer.AtomicCodec
3704:             1             16  com.alibaba.fastjson.serializer.BigDecimalCodec
3705:             1             16  com.alibaba.fastjson.serializer.BigIntegerCodec
3706:             1             16  com.alibaba.fastjson.serializer.BooleanCodec
3707:             1             16  com.alibaba.fastjson.serializer.CalendarCodec
3708:             1             16  com.alibaba.fastjson.serializer.CharArrayCodec
3709:             1             16  com.alibaba.fastjson.serializer.CharacterCodec
3710:             1             16  com.alibaba.fastjson.serializer.CollectionCodec
3711:             1             16  com.alibaba.fastjson.serializer.DateCodec
3712:             1             16  com.alibaba.fastjson.serializer.DoubleSerializer
3713:             1             16  com.alibaba.fastjson.serializer.FloatCodec
3714:             1             16  com.alibaba.fastjson.serializer.IntegerCodec
3715:             1             16  com.alibaba.fastjson.serializer.LongCodec
3716:             1             16  com.alibaba.fastjson.serializer.ObjectArrayCodec
3717:             1             16  com.alibaba.fastjson.serializer.PrimitiveArraySerializer
3718:             1             16  com.alibaba.fastjson.serializer.ReferenceCodec
3719:             1             16  com.alibaba.fastjson.serializer.StringCodec
3720:             1             16  com.alibaba.fastjson.serializer.ToStringSerializer
3721:             1             16  com.alibaba.fastjson.support.spring.FastJsonViewResponseBodyAdvice
3722:             1             16  com.alibaba.fastjson.support.spring.FastJsonpResponseBodyAdvice
3723:             1             16  com.alibaba.fastjson.support.spring.JSONPResponseBodyAdvice
3724:             1             16  com.fasterxml.classmate.TypeResolver
3725:             1             16  com.fasterxml.jackson.core.util.DefaultPrettyPrinter$FixedSpaceIndenter
3726:             1             16  com.fasterxml.jackson.core.util.DefaultPrettyPrinter$NopIndenter
3727:             1             16  com.fasterxml.jackson.databind.deser.std.StdKeyDeserializers
3728:             1             16  com.fasterxml.jackson.databind.deser.std.StringDeserializer
3729:             1             16  com.fasterxml.jackson.databind.ext.Java7SupportImpl
3730:             1             16  com.fasterxml.jackson.databind.ext.OptionalHandlerFactory
3731:             1             16  com.fasterxml.jackson.databind.introspect.AnnotationCollector$EmptyCollector
3732:             1             16  com.fasterxml.jackson.databind.introspect.AnnotationCollector$NoAnnotations
3733:             1             16  com.fasterxml.jackson.databind.introspect.NopAnnotationIntrospector$1
3734:             1             16  com.fasterxml.jackson.databind.ser.impl.UnknownSerializer
3735:             1             16  com.fasterxml.jackson.databind.ser.std.NullSerializer
3736:             1             16  com.fasterxml.jackson.databind.ser.std.StdKeySerializer
3737:             1             16  com.fasterxml.jackson.databind.ser.std.StdKeySerializers$StringKeySerializer
3738:             1             16  com.fasterxml.jackson.databind.ser.std.StringSerializer
3739:             1             16  com.fasterxml.jackson.databind.ser.std.UUIDSerializer
3740:             1             16  com.fasterxml.jackson.datatype.jsr310.deser.DurationDeserializer
3741:             1             16  com.fasterxml.jackson.datatype.jsr310.deser.InstantDeserializer$$Lambda$115/1568667802
3742:             1             16  com.fasterxml.jackson.datatype.jsr310.deser.InstantDeserializer$$Lambda$118/645486081
3743:             1             16  com.fasterxml.jackson.datatype.jsr310.deser.InstantDeserializer$$Lambda$119/496965756
3744:             1             16  com.fasterxml.jackson.datatype.jsr310.deser.InstantDeserializer$$Lambda$120/1071072905
3745:             1             16  com.fasterxml.jackson.datatype.jsr310.deser.InstantDeserializer$$Lambda$121/1517221367
3746:             1             16  com.fasterxml.jackson.datatype.jsr310.deser.InstantDeserializer$$Lambda$122/1567177744
3747:             1             16  com.fasterxml.jackson.datatype.jsr310.deser.InstantDeserializer$$Lambda$123/1166456511
3748:             1             16  com.fasterxml.jackson.datatype.jsr310.deser.InstantDeserializer$$Lambda$124/1080050568
3749:             1             16  com.fasterxml.jackson.datatype.jsr310.deser.InstantDeserializer$$Lambda$125/1837946686
3750:             1             16  com.fasterxml.jackson.datatype.jsr310.deser.InstantDeserializer$$Lambda$126/2031222563
3751:             1             16  com.fasterxml.jackson.datatype.jsr310.deser.InstantDeserializer$$Lambda$127/164797936
3752:             1             16  com.fasterxml.jackson.datatype.jsr310.deser.InstantDeserializer$$Lambda$128/1265427265
3753:             1             16  com.fasterxml.jackson.datatype.jsr310.deser.key.DurationKeyDeserializer
3754:             1             16  com.fasterxml.jackson.datatype.jsr310.deser.key.InstantKeyDeserializer
3755:             1             16  com.fasterxml.jackson.datatype.jsr310.deser.key.LocalDateKeyDeserializer
3756:             1             16  com.fasterxml.jackson.datatype.jsr310.deser.key.LocalDateTimeKeyDeserializer
3757:             1             16  com.fasterxml.jackson.datatype.jsr310.deser.key.LocalTimeKeyDeserializer
3758:             1             16  com.fasterxml.jackson.datatype.jsr310.deser.key.MonthDayKeyDeserializer
3759:             1             16  com.fasterxml.jackson.datatype.jsr310.deser.key.OffsetDateTimeKeyDeserializer
3760:             1             16  com.fasterxml.jackson.datatype.jsr310.deser.key.OffsetTimeKeyDeserializer
3761:             1             16  com.fasterxml.jackson.datatype.jsr310.deser.key.PeriodKeyDeserializer
3762:             1             16  com.fasterxml.jackson.datatype.jsr310.deser.key.YearKeyDeserializer
3763:             1             16  com.fasterxml.jackson.datatype.jsr310.deser.key.YearMothKeyDeserializer
3764:             1             16  com.fasterxml.jackson.datatype.jsr310.deser.key.ZoneIdKeyDeserializer
3765:             1             16  com.fasterxml.jackson.datatype.jsr310.deser.key.ZoneOffsetKeyDeserializer
3766:             1             16  com.fasterxml.jackson.datatype.jsr310.deser.key.ZonedDateTimeKeyDeserializer
3767:             1             16  com.fasterxml.jackson.datatype.jsr310.ser.InstantSerializer$$Lambda$130/1502019690
3768:             1             16  com.fasterxml.jackson.datatype.jsr310.ser.InstantSerializer$$Lambda$131/1494661298
3769:             1             16  com.fasterxml.jackson.datatype.jsr310.ser.InstantSerializer$$Lambda$132/1209591472
3770:             1             16  com.fasterxml.jackson.datatype.jsr310.ser.OffsetDateTimeSerializer$$Lambda$133/381118726
3771:             1             16  com.fasterxml.jackson.datatype.jsr310.ser.OffsetDateTimeSerializer$$Lambda$134/968862427
3772:             1             16  com.fasterxml.jackson.datatype.jsr310.ser.OffsetDateTimeSerializer$$Lambda$135/190256056
3773:             1             16  com.fasterxml.jackson.datatype.jsr310.ser.ZonedDateTimeSerializer$$Lambda$136/998099417
3774:             1             16  com.fasterxml.jackson.datatype.jsr310.ser.ZonedDateTimeSerializer$$Lambda$137/873468021
3775:             1             16  com.fasterxml.jackson.datatype.jsr310.ser.ZonedDateTimeSerializer$$Lambda$138/688582491
3776:             1             16  com.fasterxml.jackson.datatype.jsr310.ser.key.ZonedDateTimeKeySerializer
3777:             1             16  com.fasterxml.jackson.module.paramnames.ParameterExtractor
3778:             1             16  com.intellij.openapi.util.io.win32.IdeaWin32
3779:             1             16  com.mysql.cj.jdbc.AbandonedConnectionCleanupThread
3780:             1             16  com.mysql.cj.jdbc.AbandonedConnectionCleanupThread$1
3781:             1             16  com.mysql.cj.jdbc.Driver
3782:             1             16  com.sun.jmx.interceptor.DefaultMBeanServerInterceptor$ResourceContext$1
3783:             1             16  com.sun.jmx.mbeanserver.DefaultMXBeanMappingFactory
3784:             1             16  com.sun.jmx.mbeanserver.DescriptorCache
3785:             1             16  com.sun.jmx.mbeanserver.MBeanAnalyzer$MethodOrder
3786:             1             16  com.sun.jmx.mbeanserver.MBeanInstantiator
3787:             1             16  com.sun.jmx.mbeanserver.MXBeanIntrospector
3788:             1             16  com.sun.jmx.mbeanserver.SecureClassLoaderRepository
3789:             1             16  com.sun.jmx.mbeanserver.StandardMBeanIntrospector
3790:             1             16  com.sun.jmx.remote.protocol.iiop.IIOPProxyImpl
3791:             1             16  com.sun.naming.internal.VersionHelper12
3792:             1             16  com.sun.org.apache.xalan.internal.utils.SecuritySupport
3793:             1             16  com.sun.org.apache.xerces.internal.impl.dv.dtd.DTDDVFactoryImpl
3794:             1             16  com.sun.org.apache.xerces.internal.impl.dv.dtd.IDDatatypeValidator
3795:             1             16  com.sun.org.apache.xerces.internal.impl.dv.dtd.IDREFDatatypeValidator
3796:             1             16  com.sun.org.apache.xerces.internal.impl.dv.dtd.NMTOKENDatatypeValidator
3797:             1             16  com.sun.org.apache.xerces.internal.impl.dv.dtd.NOTATIONDatatypeValidator
3798:             1             16  com.sun.org.apache.xerces.internal.impl.dv.dtd.StringDatatypeValidator
3799:             1             16  com.sun.org.apache.xerces.internal.parsers.AbstractSAXParser$AttributesProxy
3800:             1             16  com.sun.org.apache.xerces.internal.util.EntityResolver2Wrapper
3801:             1             16  com.sun.org.apache.xerces.internal.util.ErrorHandlerWrapper
3802:             1             16  com.sun.org.apache.xerces.internal.utils.SecuritySupport
3803:             1             16  com.sun.proxy.$Proxy12
3804:             1             16  com.sun.proxy.$Proxy13
3805:             1             16  com.sun.proxy.$Proxy17
3806:             1             16  com.sun.proxy.$Proxy18
3807:             1             16  com.sun.proxy.$Proxy20
3808:             1             16  com.sun.proxy.$Proxy23
3809:             1             16  com.sun.proxy.$Proxy29
3810:             1             16  com.sun.proxy.$Proxy45
3811:             1             16  com.sun.proxy.$Proxy48
3812:             1             16  com.sun.proxy.$Proxy53
3813:             1             16  com.sysmin.controller.IndexController
3814:             1             16  com.sysmin.controller.jvm.JvmHandlerController$$Lambda$469/878876737
3815:             1             16  com.sysmin.core.jvm.service.impl.JinfoImpl
3816:             1             16  com.sysmin.core.jvm.service.impl.JmapImpl
3817:             1             16  com.sysmin.core.jvm.service.impl.JpsImpl
3818:             1             16  com.sysmin.core.jvm.service.impl.JpsImpl$$M$_jr_2EAFFFDEFB8067EE_4
3819:             1             16  com.sysmin.core.jvm.service.impl.JstackImpl
3820:             1             16  com.sysmin.core.linux.defult.service.impl.BaseImpl
3821:             1             16  com.sysmin.core.linux.defult.service.impl.ShImpl
3822:             1             16  com.sysmin.core.linux.net.service.impl.NetInfoImpl
3823:             1             16  com.sysmin.core.linux.process.service.impl.ProcessImpl
3824:             1             16  com.sysmin.core.linux.service.service.impl.ServiceImpl
3825:             1             16  com.sysmin.core.system.service.impl.DiskImpl
3826:             1             16  com.sysmin.core.system.service.impl.UpTimeImpl
3827:             1             16  com.zeroturnaround.javarebel.SDKReloaderImpl
3828:             1             16  com.zeroturnaround.javarebel.aav
3829:             1             16  com.zeroturnaround.javarebel.abd
3830:             1             16  com.zeroturnaround.javarebel.abv
3831:             1             16  com.zeroturnaround.javarebel.acj
3832:             1             16  com.zeroturnaround.javarebel.adb
3833:             1             16  com.zeroturnaround.javarebel.adj
3834:             1             16  com.zeroturnaround.javarebel.agn
3835:             1             16  com.zeroturnaround.javarebel.agx
3836:             1             16  com.zeroturnaround.javarebel.ai
3837:             1             16  com.zeroturnaround.javarebel.ak
3838:             1             16  com.zeroturnaround.javarebel.aq
3839:             1             16  com.zeroturnaround.javarebel.ar
3840:             1             16  com.zeroturnaround.javarebel.as
3841:             1             16  com.zeroturnaround.javarebel.aspectj.AspectJPlugin
3842:             1             16  com.zeroturnaround.javarebel.bl
3843:             1             16  com.zeroturnaround.javarebel.bn
3844:             1             16  com.zeroturnaround.javarebel.bo
3845:             1             16  com.zeroturnaround.javarebel.bq
3846:             1             16  com.zeroturnaround.javarebel.bsz
3847:             1             16  com.zeroturnaround.javarebel.bwu
3848:             1             16  com.zeroturnaround.javarebel.bww
3849:             1             16  com.zeroturnaround.javarebel.bwx
3850:             1             16  com.zeroturnaround.javarebel.bx
3851:             1             16  com.zeroturnaround.javarebel.bxh
3852:             1             16  com.zeroturnaround.javarebel.bxr
3853:             1             16  com.zeroturnaround.javarebel.byz
3854:             1             16  com.zeroturnaround.javarebel.bzc
3855:             1             16  com.zeroturnaround.javarebel.bze
3856:             1             16  com.zeroturnaround.javarebel.cbh
3857:             1             16  com.zeroturnaround.javarebel.cbm
3858:             1             16  com.zeroturnaround.javarebel.cbr
3859:             1             16  com.zeroturnaround.javarebel.cdd
3860:             1             16  com.zeroturnaround.javarebel.cdo
3861:             1             16  com.zeroturnaround.javarebel.ceq
3862:             1             16  com.zeroturnaround.javarebel.cf
3863:             1             16  com.zeroturnaround.javarebel.cfl
3864:             1             16  com.zeroturnaround.javarebel.cfn
3865:             1             16  com.zeroturnaround.javarebel.cfo
3866:             1             16  com.zeroturnaround.javarebel.cfp
3867:             1             16  com.zeroturnaround.javarebel.cfq
3868:             1             16  com.zeroturnaround.javarebel.cgo
3869:             1             16  com.zeroturnaround.javarebel.cgp
3870:             1             16  com.zeroturnaround.javarebel.cgq
3871:             1             16  com.zeroturnaround.javarebel.cgr
3872:             1             16  com.zeroturnaround.javarebel.cgu
3873:             1             16  com.zeroturnaround.javarebel.cgy
3874:             1             16  com.zeroturnaround.javarebel.cgz
3875:             1             16  com.zeroturnaround.javarebel.chl
3876:             1             16  com.zeroturnaround.javarebel.ck
3877:             1             16  com.zeroturnaround.javarebel.cn
3878:             1             16  com.zeroturnaround.javarebel.cpa
3879:             1             16  com.zeroturnaround.javarebel.cq
3880:             1             16  com.zeroturnaround.javarebel.ct
3881:             1             16  com.zeroturnaround.javarebel.cu
3882:             1             16  com.zeroturnaround.javarebel.cv
3883:             1             16  com.zeroturnaround.javarebel.cw
3884:             1             16  com.zeroturnaround.javarebel.cx
3885:             1             16  com.zeroturnaround.javarebel.cy
3886:             1             16  com.zeroturnaround.javarebel.cz
3887:             1             16  com.zeroturnaround.javarebel.da
3888:             1             16  com.zeroturnaround.javarebel.db
3889:             1             16  com.zeroturnaround.javarebel.dc
3890:             1             16  com.zeroturnaround.javarebel.de
3891:             1             16  com.zeroturnaround.javarebel.dk
3892:             1             16  com.zeroturnaround.javarebel.dm
3893:             1             16  com.zeroturnaround.javarebel.dn
3894:             1             16  com.zeroturnaround.javarebel.dq
3895:             1             16  com.zeroturnaround.javarebel.du
3896:             1             16  com.zeroturnaround.javarebel.dv
3897:             1             16  com.zeroturnaround.javarebel.dw
3898:             1             16  com.zeroturnaround.javarebel.ea
3899:             1             16  com.zeroturnaround.javarebel.ed
3900:             1             16  com.zeroturnaround.javarebel.ee
3901:             1             16  com.zeroturnaround.javarebel.ef
3902:             1             16  com.zeroturnaround.javarebel.eh
3903:             1             16  com.zeroturnaround.javarebel.ek
3904:             1             16  com.zeroturnaround.javarebel.em
3905:             1             16  com.zeroturnaround.javarebel.en
3906:             1             16  com.zeroturnaround.javarebel.er
3907:             1             16  com.zeroturnaround.javarebel.et
3908:             1             16  com.zeroturnaround.javarebel.ev
3909:             1             16  com.zeroturnaround.javarebel.fa
3910:             1             16  com.zeroturnaround.javarebel.fcb
3911:             1             16  com.zeroturnaround.javarebel.fcs
3912:             1             16  com.zeroturnaround.javarebel.fn
3913:             1             16  com.zeroturnaround.javarebel.ft
3914:             1             16  com.zeroturnaround.javarebel.ggf
3915:             1             16  com.zeroturnaround.javarebel.ghh
3916:             1             16  com.zeroturnaround.javarebel.ghi
3917:             1             16  com.zeroturnaround.javarebel.ghr
3918:             1             16  com.zeroturnaround.javarebel.ghs
3919:             1             16  com.zeroturnaround.javarebel.gkx
3920:             1             16  com.zeroturnaround.javarebel.gkz
3921:             1             16  com.zeroturnaround.javarebel.gld
3922:             1             16  com.zeroturnaround.javarebel.gle
3923:             1             16  com.zeroturnaround.javarebel.glf
3924:             1             16  com.zeroturnaround.javarebel.glg
3925:             1             16  com.zeroturnaround.javarebel.glh
3926:             1             16  com.zeroturnaround.javarebel.glk
3927:             1             16  com.zeroturnaround.javarebel.gln
3928:             1             16  com.zeroturnaround.javarebel.glx
3929:             1             16  com.zeroturnaround.javarebel.gpv
3930:             1             16  com.zeroturnaround.javarebel.gpw
3931:             1             16  com.zeroturnaround.javarebel.gpx
3932:             1             16  com.zeroturnaround.javarebel.gpy
3933:             1             16  com.zeroturnaround.javarebel.gpz
3934:             1             16  com.zeroturnaround.javarebel.gqa
3935:             1             16  com.zeroturnaround.javarebel.gqb
3936:             1             16  com.zeroturnaround.javarebel.gqh
3937:             1             16  com.zeroturnaround.javarebel.gqi
3938:             1             16  com.zeroturnaround.javarebel.gqj
3939:             1             16  com.zeroturnaround.javarebel.gqk
3940:             1             16  com.zeroturnaround.javarebel.gqm
3941:             1             16  com.zeroturnaround.javarebel.gqo
3942:             1             16  com.zeroturnaround.javarebel.gqp
3943:             1             16  com.zeroturnaround.javarebel.gqq
3944:             1             16  com.zeroturnaround.javarebel.gqs
3945:             1             16  com.zeroturnaround.javarebel.gqv
3946:             1             16  com.zeroturnaround.javarebel.gqx
3947:             1             16  com.zeroturnaround.javarebel.gqy
3948:             1             16  com.zeroturnaround.javarebel.gqz
3949:             1             16  com.zeroturnaround.javarebel.gra
3950:             1             16  com.zeroturnaround.javarebel.grb
3951:             1             16  com.zeroturnaround.javarebel.grc
3952:             1             16  com.zeroturnaround.javarebel.grd
3953:             1             16  com.zeroturnaround.javarebel.grg
3954:             1             16  com.zeroturnaround.javarebel.grk
3955:             1             16  com.zeroturnaround.javarebel.grn
3956:             1             16  com.zeroturnaround.javarebel.grp
3957:             1             16  com.zeroturnaround.javarebel.grr
3958:             1             16  com.zeroturnaround.javarebel.grs
3959:             1             16  com.zeroturnaround.javarebel.grv
3960:             1             16  com.zeroturnaround.javarebel.gtj
3961:             1             16  com.zeroturnaround.javarebel.gtk
3962:             1             16  com.zeroturnaround.javarebel.gtz
3963:             1             16  com.zeroturnaround.javarebel.gub
3964:             1             16  com.zeroturnaround.javarebel.guice.GuicePlugin
3965:             1             16  com.zeroturnaround.javarebel.gwd
3966:             1             16  com.zeroturnaround.javarebel.gye
3967:             1             16  com.zeroturnaround.javarebel.gyg
3968:             1             16  com.zeroturnaround.javarebel.gyh
3969:             1             16  com.zeroturnaround.javarebel.gyk
3970:             1             16  com.zeroturnaround.javarebel.had
3971:             1             16  com.zeroturnaround.javarebel.hn
3972:             1             16  com.zeroturnaround.javarebel.ho
3973:             1             16  com.zeroturnaround.javarebel.hu
3974:             1             16  com.zeroturnaround.javarebel.hv
3975:             1             16  com.zeroturnaround.javarebel.hw
3976:             1             16  com.zeroturnaround.javarebel.ih
3977:             1             16  com.zeroturnaround.javarebel.ii
3978:             1             16  com.zeroturnaround.javarebel.ij
3979:             1             16  com.zeroturnaround.javarebel.ik
3980:             1             16  com.zeroturnaround.javarebel.il
3981:             1             16  com.zeroturnaround.javarebel.internalsdk.ClassBytecodeProcessorIntegrationImpl
3982:             1             16  com.zeroturnaround.javarebel.internalsdk.PluginIntegrationImpl
3983:             1             16  com.zeroturnaround.javarebel.internalsdk.ServletContextIntegrationImpl
3984:             1             16  com.zeroturnaround.javarebel.iu
3985:             1             16  com.zeroturnaround.javarebel.ix
3986:             1             16  com.zeroturnaround.javarebel.iz
3987:             1             16  com.zeroturnaround.javarebel.jf
3988:             1             16  com.zeroturnaround.javarebel.ji
3989:             1             16  com.zeroturnaround.javarebel.jl
3990:             1             16  com.zeroturnaround.javarebel.jn
3991:             1             16  com.zeroturnaround.javarebel.jo
3992:             1             16  com.zeroturnaround.javarebel.js
3993:             1             16  com.zeroturnaround.javarebel.jt
3994:             1             16  com.zeroturnaround.javarebel.kh
3995:             1             16  com.zeroturnaround.javarebel.ll
3996:             1             16  com.zeroturnaround.javarebel.mi
3997:             1             16  com.zeroturnaround.javarebel.ms
3998:             1             16  com.zeroturnaround.javarebel.mu
3999:             1             16  com.zeroturnaround.javarebel.mx
4000:             1             16  com.zeroturnaround.javarebel.n
4001:             1             16  com.zeroturnaround.javarebel.nk
4002:             1             16  com.zeroturnaround.javarebel.nl
4003:             1             16  com.zeroturnaround.javarebel.nm
4004:             1             16  com.zeroturnaround.javarebel.os
4005:             1             16  com.zeroturnaround.javarebel.ot
4006:             1             16  com.zeroturnaround.javarebel.pc
4007:             1             16  com.zeroturnaround.javarebel.pf
4008:             1             16  com.zeroturnaround.javarebel.pj
4009:             1             16  com.zeroturnaround.javarebel.pn
4010:             1             16  com.zeroturnaround.javarebel.pz
4011:             1             16  com.zeroturnaround.javarebel.rn
4012:             1             16  com.zeroturnaround.javarebel.tg
4013:             1             16  com.zeroturnaround.javarebel.th
4014:             1             16  com.zeroturnaround.javarebel.tk
4015:             1             16  com.zeroturnaround.javarebel.tl
4016:             1             16  com.zeroturnaround.javarebel.ud
4017:             1             16  com.zeroturnaround.javarebel.us
4018:             1             16  com.zeroturnaround.javarebel.uz
4019:             1             16  com.zeroturnaround.javarebel.vc
4020:             1             16  com.zeroturnaround.javarebel.vd
4021:             1             16  com.zeroturnaround.javarebel.ve
4022:             1             16  com.zeroturnaround.javarebel.vp
4023:             1             16  com.zeroturnaround.javarebel.vq
4024:             1             16  com.zeroturnaround.javarebel.vr
4025:             1             16  com.zeroturnaround.javarebel.w
4026:             1             16  com.zeroturnaround.javarebel.wc
4027:             1             16  com.zeroturnaround.javarebel.wh
4028:             1             16  com.zeroturnaround.javarebel.wm
4029:             1             16  com.zeroturnaround.javarebel.wn
4030:             1             16  com.zeroturnaround.javarebel.wo
4031:             1             16  com.zeroturnaround.javarebel.wp
4032:             1             16  com.zeroturnaround.javarebel.wr
4033:             1             16  com.zeroturnaround.javarebel.wt
4034:             1             16  com.zeroturnaround.javarebel.wv
4035:             1             16  com.zeroturnaround.javarebel.wy
4036:             1             16  com.zeroturnaround.javarebel.wz
4037:             1             16  com.zeroturnaround.javarebel.xd
4038:             1             16  com.zeroturnaround.javarebel.xe
4039:             1             16  com.zeroturnaround.javarebel.xf
4040:             1             16  com.zeroturnaround.javarebel.xg
4041:             1             16  com.zeroturnaround.javarebel.xl
4042:             1             16  com.zeroturnaround.javarebel.xq
4043:             1             16  com.zeroturnaround.javarebel.xt
4044:             1             16  com.zeroturnaround.javarebel.xx
4045:             1             16  com.zeroturnaround.javarebel.yi
4046:             1             16  com.zeroturnaround.javarebel.yk
4047:             1             16  com.zeroturnaround.javarebel.zc
4048:             1             16  com.zeroturnaround.javarebel.zt
4049:             1             16  com.zeroturnaround.jrebel.bundled.org.bouncycastle.jcajce.provider.asymmetric.dsa.KeyFactorySpi
4050:             1             16  com.zeroturnaround.jrebel.bundled.org.bouncycastle.jcajce.provider.asymmetric.elgamal.KeyFactorySpi
4051:             1             16  com.zeroturnaround.jrebel.bundled.org.bouncycastle.jcajce.provider.asymmetric.gost.KeyFactorySpi
4052:             1             16  com.zeroturnaround.jrebel.bundled.org.bouncycastle.jcajce.provider.asymmetric.rsa.KeyFactorySpi
4053:             1             16  com.zeroturnaround.jrebel.bundled.org.slf4j.helpers.NOPLoggerFactory
4054:             1             16  com.zeroturnaround.jrebel.bundled.org.slf4j.helpers.SubstituteLoggerFactory
4055:             1             16  com.zeroturnaround.jrebel.bundled.org.slf4j.impl.StaticLoggerBinder
4056:             1             16  com.zeroturnaround.jrebelbase.facade.as
4057:             1             16  com.zeroturnaround.jrebelbase.facade.s
4058:             1             16  com.zeroturnaround.jrebelbase.reorder.c
4059:             1             16  com.zeroturnaround.licensing.d
4060:             1             16  com.zeroturnaround.reload.ac
4061:             1             16  com.zeroturnaround.reload.af
4062:             1             16  com.zeroturnaround.reload.al
4063:             1             16  com.zeroturnaround.reload.c
4064:             1             16  com.zeroturnaround.reload.i
4065:             1             16  com.zeroturnaround.reload.v
4066:             1             16  java.io.DeleteOnExitHook$1
4067:             1             16  java.io.FileDescriptor$1
4068:             1             16  java.io.ObjectInputStream$$Lambda$7/205494827
4069:             1             16  java.io.ObjectInputStream$1
4070:             1             16  java.lang.ApplicationShutdownHooks$1
4071:             1             16  java.lang.CharacterData00
4072:             1             16  java.lang.CharacterDataLatin1
4073:             1             16  java.lang.InheritableThreadLocal
4074:             1             16  java.lang.ProcessEnvironment$CheckedEntrySet
4075:             1             16  java.lang.ProcessEnvironment$CheckedKeySet
4076:             1             16  java.lang.ProcessEnvironment$EntryComparator
4077:             1             16  java.lang.ProcessEnvironment$NameComparator
4078:             1             16  java.lang.Runtime
4079:             1             16  java.lang.String$CaseInsensitiveComparator
4080:             1             16  java.lang.System$2
4081:             1             16  java.lang.Terminator$1
4082:             1             16  java.lang.invoke.MemberName$Factory
4083:             1             16  java.lang.invoke.MethodHandleImpl$2
4084:             1             16  java.lang.invoke.MethodHandleImpl$3
4085:             1             16  java.lang.management.PlatformComponent$1
4086:             1             16  java.lang.management.PlatformComponent$10
4087:             1             16  java.lang.management.PlatformComponent$11
4088:             1             16  java.lang.management.PlatformComponent$12
4089:             1             16  java.lang.management.PlatformComponent$13
4090:             1             16  java.lang.management.PlatformComponent$14
4091:             1             16  java.lang.management.PlatformComponent$15
4092:             1             16  java.lang.management.PlatformComponent$2
4093:             1             16  java.lang.management.PlatformComponent$3
4094:             1             16  java.lang.management.PlatformComponent$4
4095:             1             16  java.lang.management.PlatformComponent$5
4096:             1             16  java.lang.management.PlatformComponent$6
4097:             1             16  java.lang.management.PlatformComponent$7
4098:             1             16  java.lang.management.PlatformComponent$8
4099:             1             16  java.lang.management.PlatformComponent$9
4100:             1             16  java.lang.ref.Reference$1
4101:             1             16  java.lang.ref.Reference$Lock
4102:             1             16  java.lang.reflect.Proxy$KeyFactory
4103:             1             16  java.lang.reflect.Proxy$ProxyClassFactory
4104:             1             16  java.lang.reflect.ReflectAccess
4105:             1             16  java.math.BigDecimal$1
4106:             1             16  java.net.InetAddress$2
4107:             1             16  java.net.URLClassLoader$7
4108:             1             16  java.nio.Bits$1
4109:             1             16  java.nio.Bits$1$1
4110:             1             16  java.nio.charset.CoderResult$1
4111:             1             16  java.nio.charset.CoderResult$2
4112:             1             16  java.nio.file.Files$AcceptAllFilter
4113:             1             16  java.rmi.server.RMIClassLoader$2
4114:             1             16  java.rmi.server.RemoteObjectInvocationHandler$MethodToHash_Maps
4115:             1             16  java.security.AllPermission
4116:             1             16  java.security.ProtectionDomain$2
4117:             1             16  java.security.ProtectionDomain$JavaSecurityAccessImpl
4118:             1             16  java.text.DontCareFieldPosition$1
4119:             1             16  java.text.MessageFormat$Field
4120:             1             16  java.time.chrono.AbstractChronology$$Lambda$25/337289991
4121:             1             16  java.time.chrono.AbstractChronology$$Lambda$26/1875861984
4122:             1             16  java.time.chrono.AbstractChronology$$Lambda$27/1086540234
4123:             1             16  java.time.chrono.IsoChronology
4124:             1             16  java.time.format.DateTimeFormatter$$Lambda$28/1166969089
4125:             1             16  java.time.format.DateTimeFormatter$$Lambda$29/129012602
4126:             1             16  java.time.format.DateTimeFormatterBuilder$$Lambda$24/1166782206
4127:             1             16  java.time.format.DateTimeFormatterBuilder$2
4128:             1             16  java.time.format.DateTimeFormatterBuilder$InstantPrinterParser
4129:             1             16  java.time.format.DateTimeTextProvider$1
4130:             1             16  java.time.temporal.TemporalQueries$$Lambda$449/1566314202
4131:             1             16  java.time.temporal.TemporalQueries$$Lambda$450/904729801
4132:             1             16  java.time.temporal.TemporalQueries$$Lambda$451/1707416509
4133:             1             16  java.time.temporal.TemporalQueries$$Lambda$452/1078041182
4134:             1             16  java.time.temporal.TemporalQueries$$Lambda$453/259627273
4135:             1             16  java.time.temporal.TemporalQueries$$Lambda$454/1110205352
4136:             1             16  java.time.temporal.TemporalQueries$$Lambda$455/1672075530
4137:             1             16  java.util.Collections$EmptyEnumeration
4138:             1             16  java.util.Collections$EmptyIterator
4139:             1             16  java.util.Collections$EmptyList
4140:             1             16  java.util.Collections$EmptySet
4141:             1             16  java.util.Collections$ReverseComparator
4142:             1             16  java.util.Currency$CurrencyNameGetter
4143:             1             16  java.util.EnumMap$1
4144:             1             16  java.util.EnumMap$Values
4145:             1             16  java.util.IdentityHashMap$EntrySet
4146:             1             16  java.util.IdentityHashMap$Values
4147:             1             16  java.util.ResourceBundle$Control
4148:             1             16  java.util.Spliterators$EmptySpliterator$OfDouble
4149:             1             16  java.util.Spliterators$EmptySpliterator$OfInt
4150:             1             16  java.util.Spliterators$EmptySpliterator$OfLong
4151:             1             16  java.util.Spliterators$EmptySpliterator$OfRef
4152:             1             16  java.util.concurrent.ConcurrentSkipListSet
4153:             1             16  java.util.concurrent.Executors$FinalizableDelegatedExecutorService
4154:             1             16  java.util.jar.JavaUtilJarAccessImpl
4155:             1             16  java.util.logging.LoggingProxyImpl
4156:             1             16  java.util.logging.SimpleFormatter
4157:             1             16  java.util.regex.Pattern$4
4158:             1             16  java.util.regex.Pattern$CharPropertyNames$10
4159:             1             16  java.util.regex.Pattern$CharPropertyNames$11
4160:             1             16  java.util.regex.Pattern$CharPropertyNames$12
4161:             1             16  java.util.regex.Pattern$CharPropertyNames$13
4162:             1             16  java.util.regex.Pattern$CharPropertyNames$14
4163:             1             16  java.util.regex.Pattern$CharPropertyNames$15
4164:             1             16  java.util.regex.Pattern$CharPropertyNames$16
4165:             1             16  java.util.regex.Pattern$CharPropertyNames$17
4166:             1             16  java.util.regex.Pattern$CharPropertyNames$18
4167:             1             16  java.util.regex.Pattern$CharPropertyNames$19
4168:             1             16  java.util.regex.Pattern$CharPropertyNames$20
4169:             1             16  java.util.regex.Pattern$CharPropertyNames$21
4170:             1             16  java.util.regex.Pattern$CharPropertyNames$22
4171:             1             16  java.util.regex.Pattern$CharPropertyNames$23
4172:             1             16  java.util.regex.Pattern$CharPropertyNames$5
4173:             1             16  java.util.regex.Pattern$CharPropertyNames$6
4174:             1             16  java.util.regex.Pattern$CharPropertyNames$7
4175:             1             16  java.util.regex.Pattern$CharPropertyNames$8
4176:             1             16  java.util.regex.Pattern$CharPropertyNames$9
4177:             1             16  java.util.regex.Pattern$LastNode
4178:             1             16  java.util.regex.Pattern$Node
4179:             1             16  java.util.stream.Collectors$$Lambda$158/1675122956
4180:             1             16  java.util.stream.Collectors$$Lambda$159/293338808
4181:             1             16  java.util.stream.Collectors$$Lambda$35/1916575798
4182:             1             16  java.util.stream.Collectors$$Lambda$36/685558284
4183:             1             16  java.util.stream.Collectors$$Lambda$37/79782883
4184:             1             16  java.util.stream.Collectors$$Lambda$38/1250121181
4185:             1             16  java.util.stream.Collectors$$Lambda$430/1801319187
4186:             1             16  java.util.stream.Collectors$$Lambda$431/443215084
4187:             1             16  java.util.stream.Collectors$$Lambda$432/1368955671
4188:             1             16  java.util.stream.Collectors$$Lambda$59/1002535454
4189:             1             16  java.util.stream.Collectors$$Lambda$60/2056072640
4190:             1             16  java.util.stream.Collectors$$Lambda$61/882600762
4191:             1             16  java.util.stream.Collectors$$Lambda$84/311834717
4192:             1             16  java.util.stream.FindOps$$Lambda$18/1421866327
4193:             1             16  java.util.stream.FindOps$$Lambda$19/1526970878
4194:             1             16  java.util.stream.Nodes$EmptyNode$OfDouble
4195:             1             16  java.util.stream.Nodes$EmptyNode$OfInt
4196:             1             16  java.util.stream.Nodes$EmptyNode$OfLong
4197:             1             16  java.util.stream.Nodes$EmptyNode$OfRef
4198:             1             16  java.util.zip.ZipFile$1
4199:             1             16  javax.crypto.JceSecurityManager
4200:             1             16  javax.management.JMX
4201:             1             16  javax.management.MBeanServerBuilder
4202:             1             16  javax.management.NotificationBroadcasterSupport$1
4203:             1             16  javax.net.DefaultSocketFactory
4204:             1             16  javax.validation.Validation$DefaultValidationProviderResolver
4205:             1             16  javax.validation.Validation$GetValidationProviderListAction
4206:             1             16  javax.xml.parsers.SecuritySupport
4207:             1             16  javax.xml.transform.SecuritySupport
4208:             1             16  org.apache.catalina.connector.CoyoteAdapter$1
4209:             1             16  org.apache.catalina.connector.Request$1
4210:             1             16  org.apache.catalina.connector.Request$2
4211:             1             16  org.apache.catalina.connector.Request$3
4212:             1             16  org.apache.catalina.connector.Request$4
4213:             1             16  org.apache.catalina.connector.Request$5
4214:             1             16  org.apache.catalina.connector.Request$6
4215:             1             16  org.apache.catalina.connector.Request$7
4216:             1             16  org.apache.catalina.core.AprLifecycleListener
4217:             1             16  org.apache.catalina.core.ContainerBase$ContainerBackgroundProcessor
4218:             1             16  org.apache.catalina.core.StandardContext$1
4219:             1             16  org.apache.catalina.core.StandardHost$MemoryLeakTrackingListener
4220:             1             16  org.apache.catalina.mbeans.MBeanFactory
4221:             1             16  org.apache.catalina.realm.X509SubjectDnRetriever
4222:             1             16  org.apache.catalina.startup.Tomcat$FixContextListener
4223:             1             16  org.apache.catalina.util.CharsetMapper
4224:             1             16  org.apache.commons.logging.impl.NoOpLog
4225:             1             16  org.apache.el.ExpressionFactoryImpl
4226:             1             16  org.apache.juli.logging.LogFactory
4227:             1             16  org.apache.logging.log4j.message.ParameterizedNoReferenceMessageFactory
4228:             1             16  org.apache.logging.log4j.message.ReusableMessageFactory
4229:             1             16  org.apache.logging.log4j.spi.LoggerRegistry$ConcurrentMapFactory
4230:             1             16  org.apache.logging.log4j.util.LoaderUtil$ThreadContextClassLoaderGetter
4231:             1             16  org.apache.logging.log4j.util.ProviderUtil
4232:             1             16  org.apache.logging.slf4j.SLF4JLoggerContext
4233:             1             16  org.apache.logging.slf4j.SLF4JLoggerContextFactory
4234:             1             16  org.apache.tomcat.util.buf.MessageBytes$MessageBytesFactory
4235:             1             16  org.apache.tomcat.util.buf.StringCache
4236:             1             16  org.apache.tomcat.util.digester.Digester$SystemPropertySource
4237:             1             16  org.apache.tomcat.util.http.CookieProcessorBase$1
4238:             1             16  org.apache.tomcat.util.http.Rfc6265CookieProcessor
4239:             1             16  org.apache.tomcat.util.http.parser.MediaTypeCache
4240:             1             16  org.apache.tomcat.util.modeler.ManagedBean$$Lambda$144/1097037264
4241:             1             16  org.apache.tomcat.util.net.SocketWrapperBase$1
4242:             1             16  org.apache.tomcat.util.net.SocketWrapperBase$2
4243:             1             16  org.apache.tomcat.util.net.SocketWrapperBase$3
4244:             1             16  org.apache.tomcat.util.threads.ThreadPoolExecutor$RejectHandler
4245:             1             16  org.apache.tomcat.websocket.TransformationFactory
4246:             1             16  org.apache.tomcat.websocket.server.DefaultServerEndpointConfigurator
4247:             1             16  org.apache.tomcat.websocket.server.WsContextListener
4248:             1             16  org.apache.tomcat.websocket.server.WsSessionListener
4249:             1             16  org.apache.tomcat.websocket.server.WsWriteTimeout$EndpointComparator
4250:             1             16  org.hibernate.validator.HibernateValidator
4251:             1             16  org.hibernate.validator.internal.engine.ConfigurationImpl$$Lambda$57/1616232890
4252:             1             16  org.hibernate.validator.internal.engine.DefaultClockProvider
4253:             1             16  org.hibernate.validator.internal.engine.DefaultParameterNameProvider
4254:             1             16  org.hibernate.validator.internal.engine.MethodValidationConfiguration$Builder
4255:             1             16  org.hibernate.validator.internal.engine.constraintvalidation.ConstraintValidatorFactoryImpl
4256:             1             16  org.hibernate.validator.internal.engine.constraintvalidation.ConstraintValidatorManager$1
4257:             1             16  org.hibernate.validator.internal.engine.groups.ValidationOrderGenerator
4258:             1             16  org.hibernate.validator.internal.engine.resolver.TraverseAllTraversableResolver
4259:             1             16  org.hibernate.validator.internal.engine.valueextraction.AnnotatedObject
4260:             1             16  org.hibernate.validator.internal.engine.valueextraction.BooleanArrayValueExtractor
4261:             1             16  org.hibernate.validator.internal.engine.valueextraction.ByteArrayValueExtractor
4262:             1             16  org.hibernate.validator.internal.engine.valueextraction.CharArrayValueExtractor
4263:             1             16  org.hibernate.validator.internal.engine.valueextraction.DoubleArrayValueExtractor
4264:             1             16  org.hibernate.validator.internal.engine.valueextraction.FloatArrayValueExtractor
4265:             1             16  org.hibernate.validator.internal.engine.valueextraction.IntArrayValueExtractor
4266:             1             16  org.hibernate.validator.internal.engine.valueextraction.IterableValueExtractor
4267:             1             16  org.hibernate.validator.internal.engine.valueextraction.ListPropertyValueExtractor
4268:             1             16  org.hibernate.validator.internal.engine.valueextraction.ListValueExtractor
4269:             1             16  org.hibernate.validator.internal.engine.valueextraction.LongArrayValueExtractor
4270:             1             16  org.hibernate.validator.internal.engine.valueextraction.MapKeyExtractor
4271:             1             16  org.hibernate.validator.internal.engine.valueextraction.MapPropertyKeyExtractor
4272:             1             16  org.hibernate.validator.internal.engine.valueextraction.MapPropertyValueExtractor
4273:             1             16  org.hibernate.validator.internal.engine.valueextraction.MapValueExtractor
4274:             1             16  org.hibernate.validator.internal.engine.valueextraction.ObjectArrayValueExtractor
4275:             1             16  org.hibernate.validator.internal.engine.valueextraction.ObservableValueValueExtractor
4276:             1             16  org.hibernate.validator.internal.engine.valueextraction.OptionalDoubleValueExtractor
4277:             1             16  org.hibernate.validator.internal.engine.valueextraction.OptionalIntValueExtractor
4278:             1             16  org.hibernate.validator.internal.engine.valueextraction.OptionalLongValueExtractor
4279:             1             16  org.hibernate.validator.internal.engine.valueextraction.OptionalValueExtractor
4280:             1             16  org.hibernate.validator.internal.engine.valueextraction.ReadOnlyListPropertyValueExtractor
4281:             1             16  org.hibernate.validator.internal.engine.valueextraction.ReadOnlyMapPropertyKeyExtractor
4282:             1             16  org.hibernate.validator.internal.engine.valueextraction.ReadOnlyMapPropertyValueExtractor
4283:             1             16  org.hibernate.validator.internal.engine.valueextraction.ReadOnlySetPropertyValueExtractor
4284:             1             16  org.hibernate.validator.internal.engine.valueextraction.SetPropertyValueExtractor
4285:             1             16  org.hibernate.validator.internal.engine.valueextraction.ShortArrayValueExtractor
4286:             1             16  org.hibernate.validator.internal.metadata.aggregated.rule.OverridingMethodMustNotAlterParameterConstraints
4287:             1             16  org.hibernate.validator.internal.metadata.aggregated.rule.ParallelMethodsMustNotDefineGroupConversionForCascadedReturnValue
4288:             1             16  org.hibernate.validator.internal.metadata.aggregated.rule.ParallelMethodsMustNotDefineParameterConstraints
4289:             1             16  org.hibernate.validator.internal.metadata.aggregated.rule.ReturnValueMayOnlyBeMarkedOnceAsCascadedPerHierarchyLine
4290:             1             16  org.hibernate.validator.internal.metadata.aggregated.rule.VoidMethodsMustNotBeReturnValueConstrained
4291:             1             16  org.hibernate.validator.internal.metadata.core.ConstraintHelper$ValidatorDescriptorMap
4292:             1             16  org.hibernate.validator.internal.metadata.provider.AnnotationMetaDataProvider$$Lambda$83/2029370043
4293:             1             16  org.hibernate.validator.internal.util.ExecutableHelper
4294:             1             16  org.hibernate.validator.internal.util.ExecutableParameterNameProvider
4295:             1             16  org.hibernate.validator.internal.util.TypeResolutionHelper
4296:             1             16  org.hibernate.validator.internal.util.logging.Messages_$bundle
4297:             1             16  org.hibernate.validator.resourceloading.PlatformResourceBundleLocator$AggregateResourceBundleControl
4298:             1             16  org.jboss.logging.Log4j2LoggerProvider
4299:             1             16  org.slf4j.helpers.NOPLoggerFactory
4300:             1             16  org.slf4j.impl.StaticMDCBinder
4301:             1             16  org.springframework.aop.Advisor$1
4302:             1             16  org.springframework.aop.TrueClassFilter
4303:             1             16  org.springframework.aop.TrueMethodMatcher
4304:             1             16  org.springframework.aop.TruePointcut
4305:             1             16  org.springframework.aop.framework.DefaultAdvisorChainFactory
4306:             1             16  org.springframework.aop.framework.DefaultAopProxyFactory
4307:             1             16  org.springframework.aop.framework.adapter.AfterReturningAdviceAdapter
4308:             1             16  org.springframework.aop.framework.adapter.DefaultAdvisorAdapterRegistry
4309:             1             16  org.springframework.aop.framework.adapter.MethodBeforeAdviceAdapter
4310:             1             16  org.springframework.aop.framework.adapter.ThrowsAdviceAdapter
4311:             1             16  org.springframework.beans.ExtendedBeanInfoFactory
4312:             1             16  org.springframework.beans.JrBeanDisposer
4313:             1             16  org.springframework.beans.JrBeanReloader$3
4314:             1             16  org.springframework.beans.factory.BeanFactoryUtils$$Lambda$112/288306765
4315:             1             16  org.springframework.beans.factory.parsing.FailFastProblemReporter
4316:             1             16  org.springframework.beans.factory.parsing.PassThroughSourceExtractor
4317:             1             16  org.springframework.beans.factory.support.AbstractAutowireCapableBeanFactory$$Lambda$177/371271246
4318:             1             16  org.springframework.beans.factory.support.AutowireUtils$$Lambda$203/1420664825
4319:             1             16  org.springframework.beans.factory.support.AutowireUtils$$Lambda$230/880314240
4320:             1             16  org.springframework.beans.factory.support.CglibSubclassingInstantiationStrategy
4321:             1             16  org.springframework.beans.factory.support.DefaultListableBeanFactory$$Lambda$324/1574206600
4322:             1             16  org.springframework.beans.factory.support.DefaultSingletonBeanRegistry$$Lambda$116/1233327519
4323:             1             16  org.springframework.beans.factory.support.DefaultSingletonBeanRegistry$$Lambda$117/1155769010
4324:             1             16  org.springframework.boot.ClearCachesApplicationListener
4325:             1             16  org.springframework.boot.SpringBootBanner
4326:             1             16  org.springframework.boot.StartupInfoLogger$$Lambda$100/858818438
4327:             1             16  org.springframework.boot.StartupInfoLogger$$Lambda$102/1335503880
4328:             1             16  org.springframework.boot.StartupInfoLogger$$Lambda$94/1097897234
4329:             1             16  org.springframework.boot.StartupInfoLogger$$Lambda$97/1107530534
4330:             1             16  org.springframework.boot.admin.SpringApplicationAdminMXBeanRegistrar$SpringApplicationAdmin
4331:             1             16  org.springframework.boot.autoconfigure.AutoConfigurationImportSelector$$Lambda$151/1585853402
4332:             1             16  org.springframework.boot.autoconfigure.AutoConfigurationImportSelector$AutoConfigurationGroup$$Lambda$153/1333404258
4333:             1             16  org.springframework.boot.autoconfigure.AutoConfigurationImportSelector$AutoConfigurationGroup$$Lambda$154/1247247257
4334:             1             16  org.springframework.boot.autoconfigure.AutoConfigurationImportSelector$AutoConfigurationGroup$$Lambda$155/1141049797
4335:             1             16  org.springframework.boot.autoconfigure.AutoConfigurationImportSelector$AutoConfigurationGroup$$Lambda$156/1355039397
4336:             1             16  org.springframework.boot.autoconfigure.AutoConfigurationImportSelector$AutoConfigurationGroup$$Lambda$157/1070146065
4337:             1             16  org.springframework.boot.autoconfigure.BackgroundPreinitializer
4338:             1             16  org.springframework.boot.autoconfigure.SharedMetadataReaderFactoryContextInitializer
4339:             1             16  org.springframework.boot.autoconfigure.SharedMetadataReaderFactoryContextInitializer$CachingMetadataReaderFactoryPostProcessor
4340:             1             16  org.springframework.boot.autoconfigure.SharedMetadataReaderFactoryContextInitializer$CachingMetadataReaderFactoryPostProcessor$$Lambda$110/1423768154
4341:             1             16  org.springframework.boot.autoconfigure.SharedMetadataReaderFactoryContextInitializer$SharedMetadataReaderFactoryBean
4342:             1             16  org.springframework.boot.autoconfigure.condition.BeanTypeRegistry$$Lambda$174/855715439
4343:             1             16  org.springframework.boot.autoconfigure.condition.BeanTypeRegistry$$Lambda$183/1014923261
4344:             1             16  org.springframework.boot.autoconfigure.condition.BeanTypeRegistry$$Lambda$184/1171425975
4345:             1             16  org.springframework.boot.autoconfigure.condition.ConditionEvaluationReport$AncestorsMatchedCondition
4346:             1             16  org.springframework.boot.autoconfigure.condition.OnBeanCondition$BeanSearchSpec$$Lambda$171/682846231
4347:             1             16  org.springframework.boot.autoconfigure.condition.OnBeanCondition$BeanSearchSpec$$Lambda$173/1019854313
4348:             1             16  org.springframework.boot.autoconfigure.context.MessageSourceAutoConfiguration$ResourceBundleCondition
4349:             1             16  org.springframework.boot.autoconfigure.http.HttpMessageConverters
4350:             1             16  org.springframework.boot.autoconfigure.http.codec.CodecsAutoConfiguration$JacksonCodecConfiguration$$Lambda$407/42506186
4351:             1             16  org.springframework.boot.autoconfigure.http.codec.CodecsAutoConfiguration$LoggingCodecConfiguration$$Lambda$406/2220012
4352:             1             16  org.springframework.boot.autoconfigure.jdbc.DataSourceBeanCreationFailureAnalyzer
4353:             1             16  org.springframework.boot.autoconfigure.jdbc.DataSourceConfiguration$Hikari
4354:             1             16  org.springframework.boot.autoconfigure.jdbc.DataSourceInitializerPostProcessor
4355:             1             16  org.springframework.boot.autoconfigure.jdbc.HikariDriverConfigurationFailureAnalyzer
4356:             1             16  org.springframework.boot.autoconfigure.jdbc.JdbcProperties
4357:             1             16  org.springframework.boot.autoconfigure.jdbc.metadata.DataSourcePoolMetadataProvidersConfiguration$HikariPoolDataSourceMetadataProviderConfiguration$$Lambda$405/1913495957
4358:             1             16  org.springframework.boot.autoconfigure.logging.ConditionEvaluationReportLoggingListener$ConditionEvaluationReportListener
4359:             1             16  org.springframework.boot.autoconfigure.mustache.MustacheTemplateAvailabilityProvider
4360:             1             16  org.springframework.boot.autoconfigure.session.NonUniqueSessionRepositoryFailureAnalyzer
4361:             1             16  org.springframework.boot.autoconfigure.task.TaskSchedulingProperties$Pool
4362:             1             16  org.springframework.boot.autoconfigure.template.TemplateAvailabilityProviders$NoTemplateAvailabilityProvider
4363:             1             16  org.springframework.boot.autoconfigure.thymeleaf.ThymeleafTemplateAvailabilityProvider
4364:             1             16  org.springframework.boot.autoconfigure.transaction.TransactionManagerCustomizers
4365:             1             16  org.springframework.boot.autoconfigure.web.ErrorProperties$Whitelabel
4366:             1             16  org.springframework.boot.autoconfigure.web.OnEnabledResourceChainCondition
4367:             1             16  org.springframework.boot.autoconfigure.web.embedded.TomcatWebServerFactoryCustomizer$$Lambda$264/1730542048
4368:             1             16  org.springframework.boot.autoconfigure.web.embedded.TomcatWebServerFactoryCustomizer$$Lambda$268/1667552329
4369:             1             16  org.springframework.boot.autoconfigure.web.embedded.TomcatWebServerFactoryCustomizer$$Lambda$273/651916608
4370:             1             16  org.springframework.boot.autoconfigure.web.embedded.TomcatWebServerFactoryCustomizer$$Lambda$277/104404643
4371:             1             16  org.springframework.boot.autoconfigure.web.embedded.TomcatWebServerFactoryCustomizer$$Lambda$279/1525361802
4372:             1             16  org.springframework.boot.autoconfigure.web.embedded.TomcatWebServerFactoryCustomizer$$Lambda$283/87816081
4373:             1             16  org.springframework.boot.autoconfigure.web.embedded.TomcatWebServerFactoryCustomizer$$Lambda$285/1598005588
4374:             1             16  org.springframework.boot.autoconfigure.web.embedded.TomcatWebServerFactoryCustomizer$$Lambda$287/1003409618
4375:             1             16  org.springframework.boot.autoconfigure.web.embedded.TomcatWebServerFactoryCustomizer$$Lambda$289/932205110
4376:             1             16  org.springframework.boot.autoconfigure.web.embedded.TomcatWebServerFactoryCustomizer$$Lambda$290/1339765646
4377:             1             16  org.springframework.boot.autoconfigure.web.embedded.TomcatWebServerFactoryCustomizer$$Lambda$292/743571331
4378:             1             16  org.springframework.boot.autoconfigure.web.embedded.TomcatWebServerFactoryCustomizer$$Lambda$294/2089733159
4379:             1             16  org.springframework.boot.autoconfigure.web.embedded.TomcatWebServerFactoryCustomizer$$Lambda$303/464632404
4380:             1             16  org.springframework.boot.autoconfigure.web.embedded.TomcatWebServerFactoryCustomizer$$Lambda$307/668964635
4381:             1             16  org.springframework.boot.autoconfigure.web.embedded.TomcatWebServerFactoryCustomizer$$Lambda$308/909866761
4382:             1             16  org.springframework.boot.autoconfigure.web.servlet.HttpEncodingAutoConfiguration$LocaleCharsetMappingsCustomizer
4383:             1             16  org.springframework.boot.autoconfigure.web.servlet.JspTemplateAvailabilityProvider
4384:             1             16  org.springframework.boot.autoconfigure.web.servlet.ServletWebServerFactoryCustomizer
4385:             1             16  org.springframework.boot.autoconfigure.web.servlet.TomcatServletWebServerFactoryCustomizer
4386:             1             16  org.springframework.boot.autoconfigure.web.servlet.TomcatServletWebServerFactoryCustomizer$$Lambda$260/573032493
4387:             1             16  org.springframework.boot.autoconfigure.web.servlet.WebMvcProperties$Async
4388:             1             16  org.springframework.boot.autoconfigure.web.servlet.WebMvcProperties$Pathmatch
4389:             1             16  org.springframework.boot.autoconfigure.web.servlet.error.ErrorMvcAutoConfiguration$ErrorTemplateMissingCondition
4390:             1             16  org.springframework.boot.autoconfigure.web.servlet.error.ErrorMvcAutoConfiguration$PreserveErrorControllerTargetClassPostProcessor
4391:             1             16  org.springframework.boot.autoconfigure.web.servlet.error.ErrorMvcAutoConfiguration$StaticView
4392:             1             16  org.springframework.boot.autoconfigure.websocket.servlet.TomcatWebSocketServletWebServerCustomizer
4393:             1             16  org.springframework.boot.autoconfigure.websocket.servlet.TomcatWebSocketServletWebServerCustomizer$$Lambda$234/810833183
4394:             1             16  org.springframework.boot.context.ConfigurationWarningsApplicationContextInitializer
4395:             1             16  org.springframework.boot.context.ConfigurationWarningsApplicationContextInitializer$ComponentScanPackageCheck
4396:             1             16  org.springframework.boot.context.ConfigurationWarningsApplicationContextInitializer$ConfigurationWarningsPostProcessor
4397:             1             16  org.springframework.boot.context.ContextIdApplicationContextInitializer
4398:             1             16  org.springframework.boot.context.FileEncodingApplicationListener
4399:             1             16  org.springframework.boot.context.config.AnsiOutputApplicationListener
4400:             1             16  org.springframework.boot.context.config.AnsiOutputApplicationListener$$Lambda$71/1991278377
4401:             1             16  org.springframework.boot.context.config.ConfigFileApplicationListener$Loader$$Lambda$33/711540569
4402:             1             16  org.springframework.boot.context.config.ConfigFileApplicationListener$Loader$$Lambda$40/1816725203
4403:             1             16  org.springframework.boot.context.config.ConfigFileApplicationListener$Loader$$Lambda$50/347978868
4404:             1             16  org.springframework.boot.context.config.ConfigFileApplicationListener$Loader$$Lambda$51/307829448
4405:             1             16  org.springframework.boot.context.config.ConfigFileApplicationListener$Loader$$Lambda$52/1518331471
4406:             1             16  org.springframework.boot.context.config.ConfigFileApplicationListener$Loader$$Lambda$53/459718907
4407:             1             16  org.springframework.boot.context.config.ConfigFileApplicationListener$Loader$$Lambda$55/616674002
4408:             1             16  org.springframework.boot.context.config.DelegatingApplicationContextInitializer
4409:             1             16  org.springframework.boot.context.logging.ClasspathLoggingApplicationListener
4410:             1             16  org.springframework.boot.context.logging.LoggingApplicationListener$$Lambda$80/1117871068
4411:             1             16  org.springframework.boot.context.properties.ConfigurationPropertiesBinder$$Lambda$210/1009342118
4412:             1             16  org.springframework.boot.context.properties.EnableConfigurationPropertiesImportSelector$ConfigurationPropertiesBeanRegistrar$$Lambda$185/1669068412
4413:             1             16  org.springframework.boot.context.properties.EnableConfigurationPropertiesImportSelector$ConfigurationPropertiesBeanRegistrar$$Lambda$186/2072567128
4414:             1             16  org.springframework.boot.context.properties.EnableConfigurationPropertiesImportSelector$ConfigurationPropertiesBeanRegistrar$$Lambda$187/1349649220
4415:             1             16  org.springframework.boot.context.properties.PropertyMapper$$Lambda$235/92373719
4416:             1             16  org.springframework.boot.context.properties.PropertyMapper$Source$$Lambda$238/1777043623
4417:             1             16  org.springframework.boot.context.properties.PropertyMapper$Source$$Lambda$280/157474874
4418:             1             16  org.springframework.boot.context.properties.PropertyMapper$Source$$Lambda$312/793414138
4419:             1             16  org.springframework.boot.context.properties.bind.BindConverter
4420:             1             16  org.springframework.boot.context.properties.bind.BindConverter$CompositeConversionService
4421:             1             16  org.springframework.boot.context.properties.bind.BindConverter$TypeConverterConverter
4422:             1             16  org.springframework.boot.context.properties.bind.BindHandler$1
4423:             1             16  org.springframework.boot.context.properties.bind.BindResult
4424:             1             16  org.springframework.boot.context.properties.bind.Binder$$Lambda$214/1557075266
4425:             1             16  org.springframework.boot.context.properties.bind.JavaBeanBinder
4426:             1             16  org.springframework.boot.context.properties.bind.JavaBeanBinder$Bean$$Lambda$215/1990567985
4427:             1             16  org.springframework.boot.context.properties.bind.JavaBeanBinder$Bean$$Lambda$217/799885067
4428:             1             16  org.springframework.boot.context.properties.bind.JavaBeanBinder$Bean$$Lambda$218/569927998
4429:             1             16  org.springframework.boot.context.properties.bind.PlaceholdersResolver$$Lambda$400/460628066
4430:             1             16  org.springframework.boot.context.properties.source.ConfigurationPropertyName$$Lambda$165/1865370526
4431:             1             16  org.springframework.boot.context.properties.source.ConfigurationPropertyNameAliases$$Lambda$397/142573894
4432:             1             16  org.springframework.boot.context.properties.source.ConfigurationPropertyNameAliases$$Lambda$398/130839597
4433:             1             16  org.springframework.boot.context.properties.source.ConfigurationPropertyNameAliases$$Lambda$403/1164455486
4434:             1             16  org.springframework.boot.context.properties.source.SpringConfigurationPropertySource$$Lambda$46/554348863
4435:             1             16  org.springframework.boot.context.properties.source.SpringConfigurationPropertySource$$Lambda$79/127702987
4436:             1             16  org.springframework.boot.context.properties.source.SystemEnvironmentPropertyMapper
4437:             1             16  org.springframework.boot.context.properties.source.SystemEnvironmentPropertyMapper$$Lambda$77/1245065720
4438:             1             16  org.springframework.boot.convert.CharArrayFormatter
4439:             1             16  org.springframework.boot.convert.DurationStyle$Unit$$Lambda$316/297120242
4440:             1             16  org.springframework.boot.convert.DurationStyle$Unit$$Lambda$317/1300714811
4441:             1             16  org.springframework.boot.convert.DurationStyle$Unit$$Lambda$318/837804180
4442:             1             16  org.springframework.boot.convert.DurationStyle$Unit$$Lambda$319/225049978
4443:             1             16  org.springframework.boot.convert.DurationStyle$Unit$$Lambda$320/1770496243
4444:             1             16  org.springframework.boot.convert.DurationStyle$Unit$$Lambda$321/509480565
4445:             1             16  org.springframework.boot.convert.DurationStyle$Unit$$Lambda$322/1358673514
4446:             1             16  org.springframework.boot.convert.DurationToNumberConverter
4447:             1             16  org.springframework.boot.convert.DurationToStringConverter
4448:             1             16  org.springframework.boot.convert.InetAddressFormatter
4449:             1             16  org.springframework.boot.convert.IsoOffsetFormatter
4450:             1             16  org.springframework.boot.convert.NumberToDataSizeConverter
4451:             1             16  org.springframework.boot.convert.NumberToDurationConverter
4452:             1             16  org.springframework.boot.convert.StringToEnumIgnoringCaseConverterFactory
4453:             1             16  org.springframework.boot.convert.StringToEnumIgnoringCaseConverterFactory$StringToEnum$$Lambda$67/746074699
4454:             1             16  org.springframework.boot.convert.StringToEnumIgnoringCaseConverterFactory$StringToEnum$$Lambda$68/405896924
4455:             1             16  org.springframework.boot.convert.StringToEnumIgnoringCaseConverterFactory$StringToEnum$$Lambda$69/1309335839
4456:             1             16  org.springframework.boot.devtools.autoconfigure.ConditionEvaluationDeltaLoggingListener
4457:             1             16  org.springframework.boot.devtools.autoconfigure.DevToolsDataSourceAutoConfiguration$DevToolsDataSourceCondition
4458:             1             16  org.springframework.boot.devtools.autoconfigure.HateoasObjenesisCacheDisabler
4459:             1             16  org.springframework.boot.devtools.autoconfigure.LocalDevToolsAutoConfiguration$LiveReloadServerEventListener
4460:             1             16  org.springframework.boot.devtools.autoconfigure.LocalDevToolsAutoConfiguration$RestartConfiguration$$Lambda$410/294834677
4461:             1             16  org.springframework.boot.devtools.autoconfigure.OptionalLiveReloadServer
4462:             1             16  org.springframework.boot.devtools.autoconfigure.RemoteDevToolsProperties$Restart
4463:             1             16  org.springframework.boot.devtools.filewatch.FolderSnapshot$$Lambda$481/2106418294
4464:             1             16  org.springframework.boot.devtools.livereload.LiveReloadServer$$Lambda$412/356563238
4465:             1             16  org.springframework.boot.devtools.livereload.LiveReloadServer$WorkerThreadFactory
4466:             1             16  org.springframework.boot.devtools.logger.DevToolsLogFactory$Listener
4467:             1             16  org.springframework.boot.devtools.logger.DevToolsLogFactory$Listener$$Lambda$108/1265012928
4468:             1             16  org.springframework.boot.devtools.restart.OnInitializedRestarterCondition
4469:             1             16  org.springframework.boot.devtools.restart.RestartApplicationListener
4470:             1             16  org.springframework.boot.devtools.restart.RestartScopeInitializer
4471:             1             16  org.springframework.boot.devtools.restart.RestartScopeInitializer$RestartScope
4472:             1             16  org.springframework.boot.devtools.restart.Restarter$LeakSafeThreadFactory
4473:             1             16  org.springframework.boot.devtools.restart.SilentExitExceptionHandler
4474:             1             16  org.springframework.boot.devtools.restart.classloader.ClassLoaderFiles
4475:             1             16  org.springframework.boot.diagnostics.analyzer.BeanCurrentlyInCreationFailureAnalyzer
4476:             1             16  org.springframework.boot.diagnostics.analyzer.BeanDefinitionOverrideFailureAnalyzer
4477:             1             16  org.springframework.boot.diagnostics.analyzer.BeanNotOfRequiredTypeFailureAnalyzer
4478:             1             16  org.springframework.boot.diagnostics.analyzer.BindFailureAnalyzer
4479:             1             16  org.springframework.boot.diagnostics.analyzer.BindValidationFailureAnalyzer
4480:             1             16  org.springframework.boot.diagnostics.analyzer.ConnectorStartFailureAnalyzer
4481:             1             16  org.springframework.boot.diagnostics.analyzer.InvalidConfigurationPropertyNameFailureAnalyzer
4482:             1             16  org.springframework.boot.diagnostics.analyzer.InvalidConfigurationPropertyValueFailureAnalyzer
4483:             1             16  org.springframework.boot.diagnostics.analyzer.NoSuchMethodFailureAnalyzer
4484:             1             16  org.springframework.boot.diagnostics.analyzer.NoUniqueBeanDefinitionFailureAnalyzer
4485:             1             16  org.springframework.boot.diagnostics.analyzer.PortInUseFailureAnalyzer
4486:             1             16  org.springframework.boot.diagnostics.analyzer.UnboundConfigurationPropertyFailureAnalyzer
4487:             1             16  org.springframework.boot.diagnostics.analyzer.ValidationExceptionFailureAnalyzer
4488:             1             16  org.springframework.boot.env.PropertiesPropertySourceLoader
4489:             1             16  org.springframework.boot.env.SpringApplicationJsonEnvironmentPostProcessor$$Lambda$30/1681920301
4490:             1             16  org.springframework.boot.env.SpringApplicationJsonEnvironmentPostProcessor$$Lambda$31/589273327
4491:             1             16  org.springframework.boot.liquibase.LiquibaseServiceLocatorApplicationListener
4492:             1             16  org.springframework.boot.logging.LoggerConfigurationComparator
4493:             1             16  org.springframework.boot.logging.LoggingSystem$$Lambda$21/688005825
4494:             1             16  org.springframework.boot.logging.logback.LogbackLoggingSystem
4495:             1             16  org.springframework.boot.util.LambdaSafe$InvocationResult
4496:             1             16  org.springframework.boot.web.context.ServerPortInfoApplicationContextInitializer
4497:             1             16  org.springframework.boot.web.embedded.tomcat.TomcatEmbeddedContext$$Lambda$423/134653575
4498:             1             16  org.springframework.boot.web.embedded.tomcat.TomcatEmbeddedContext$$Lambda$424/132076376
4499:             1             16  org.springframework.boot.web.embedded.tomcat.TomcatWebServer$$Lambda$428/1944081600
4500:             1             16  org.springframework.boot.web.server.Http2
4501:             1             16  org.springframework.boot.web.servlet.ServletContextInitializerBeans$$Lambda$336/2029095559
4502:             1             16  org.springframework.boot.web.servlet.ServletContextInitializerBeans$$Lambda$337/1409855597
4503:             1             16  org.springframework.boot.web.servlet.context.ServletWebServerApplicationContext$$Lambda$326/546037348
4504:             1             16  org.springframework.boot.web.servlet.error.DefaultErrorAttributes
4505:             1             16  org.springframework.boot.web.servlet.server.AbstractServletWebServerFactory$$Lambda$328/643996026
4506:             1             16  org.springframework.boot.web.servlet.server.AbstractServletWebServerFactory$SessionConfiguringInitializer
4507:             1             16  org.springframework.boot.web.servlet.server.SessionStoreDirectory
4508:             1             16  org.springframework.boot.web.servlet.server.StaticResourceJars
4509:             1             16  org.springframework.cglib.core.AbstractClassGenerator$ClassLoaderData$1
4510:             1             16  org.springframework.cglib.core.AbstractClassGenerator$ClassLoaderData$2
4511:             1             16  org.springframework.cglib.core.AbstractClassGenerator$ClassLoaderData$3
4512:             1             16  org.springframework.cglib.core.DefaultGeneratorStrategy
4513:             1             16  org.springframework.cglib.core.DefaultNamingPolicy
4514:             1             16  org.springframework.cglib.core.KeyFactory$1
4515:             1             16  org.springframework.cglib.core.KeyFactory$2
4516:             1             16  org.springframework.cglib.core.KeyFactory$3
4517:             1             16  org.springframework.cglib.core.KeyFactory$4
4518:             1             16  org.springframework.cglib.core.MethodInfoTransformer
4519:             1             16  org.springframework.cglib.core.SpringNamingPolicy
4520:             1             16  org.springframework.cglib.core.internal.LoadingCache$1
4521:             1             16  org.springframework.cglib.proxy.Enhancer$1
4522:             1             16  org.springframework.cglib.proxy.FixedValueGenerator
4523:             1             16  org.springframework.cglib.proxy.InvocationHandlerGenerator
4524:             1             16  org.springframework.cglib.proxy.LazyLoaderGenerator
4525:             1             16  org.springframework.cglib.proxy.MethodInterceptorGenerator
4526:             1             16  org.springframework.cglib.proxy.MethodInterceptorGenerator$1
4527:             1             16  org.springframework.cglib.proxy.NoOp$1
4528:             1             16  org.springframework.cglib.proxy.NoOpGenerator
4529:             1             16  org.springframework.context.annotation.ConfigurationClassEnhancer$BeanFactoryAwareMethodInterceptor
4530:             1             16  org.springframework.context.annotation.ConfigurationClassEnhancer$BeanMethodInterceptor
4531:             1             16  org.springframework.context.annotation.ConfigurationClassParser$$Lambda$143/1420196421
4532:             1             16  org.springframework.context.annotation.ConfigurationClassPostProcessor$$Lambda$142/1806880779
4533:             1             16  org.springframework.context.annotation.ConfigurationClassPostProcessor$1
4534:             1             16  org.springframework.context.annotation.ConfigurationClassPostProcessor$ImportAwareBeanPostProcessor
4535:             1             16  org.springframework.context.event.DefaultEventListenerFactory
4536:             1             16  org.springframework.context.event.EventListenerMethodProcessor$$Lambda$414/1304217806
4537:             1             16  org.springframework.context.expression.StandardBeanExpressionResolver$1
4538:             1             16  org.springframework.context.index.CandidateComponentsIndexLoader$$Lambda$90/1517640897
4539:             1             16  org.springframework.context.support.LiveBeansView
4540:             1             16  org.springframework.core.$Proxy71
4541:             1             16  org.springframework.core.OrderComparator
4542:             1             16  org.springframework.core.ResolvableType$EmptyType
4543:             1             16  org.springframework.core.annotation.AnnotatedElementUtils$AlwaysTrueBooleanAnnotationProcessor
4544:             1             16  org.springframework.core.annotation.AnnotationAwareOrderComparator
4545:             1             16  org.springframework.core.annotation.AnnotationUtils$$Lambda$14/925308434
4546:             1             16  org.springframework.core.io.DefaultResourceLoader$$Lambda$89/1827171553
4547:             1             16  org.springframework.core.io.support.DefaultPropertySourceFactory
4548:             1             16  org.springframework.core.io.support.PathMatchingResourcePatternResolver$$Lambda$145/440736059
4549:             1             16  org.springframework.core.log.CompositeLog$$Lambda$101/159441867
4550:             1             16  org.springframework.core.log.CompositeLog$$Lambda$103/733812578
4551:             1             16  org.springframework.core.log.CompositeLog$$Lambda$95/452345825
4552:             1             16  org.springframework.core.log.CompositeLog$$Lambda$96/1099723379
4553:             1             16  org.springframework.core.log.CompositeLog$$Lambda$98/1280365600
4554:             1             16  org.springframework.core.log.CompositeLog$$Lambda$99/581097801
4555:             1             16  org.springframework.expression.spel.support.SimpleEvaluationContext$$Lambda$358/702811569
4556:             1             16  org.springframework.http.MediaType$$Lambda$444/1713005215
4557:             1             16  org.springframework.http.MediaType$$Lambda$92/184559443
4558:             1             16  org.springframework.http.MediaType$1
4559:             1             16  org.springframework.http.MediaTypeFactory$$Lambda$461/876245110
4560:             1             16  org.springframework.http.ReadOnlyHttpHeaders$$Lambda$485/311355631
4561:             1             16  org.springframework.http.converter.json.SpringHandlerInstantiator
4562:             1             16  org.springframework.http.converter.xml.Jaxb2RootElementHttpMessageConverter$$Lambda$106/1984318997
4563:             1             16  org.springframework.http.converter.xml.SourceHttpMessageConverter$$Lambda$104/1541164316
4564:             1             16  org.springframework.http.converter.xml.SourceHttpMessageConverter$$Lambda$105/1063789673
4565:             1             16  org.springframework.jdbc.config.SortedResourcesFactoryBean$$Lambda$404/1511787468
4566:             1             16  org.springframework.messaging.converter.CompositeMessageConverter
4567:             1             16  org.springframework.messaging.converter.SimpleMessageConverter
4568:             1             16  org.springframework.messaging.handler.annotation.support.AnnotationExceptionHandlerMethodResolver$$Lambda$354/1779936135
4569:             1             16  org.springframework.messaging.handler.annotation.support.HeadersMethodArgumentResolver
4570:             1             16  org.springframework.messaging.handler.annotation.support.MessageMethodArgumentResolver
4571:             1             16  org.springframework.messaging.handler.invocation.CompletableFutureReturnValueHandler
4572:             1             16  org.springframework.messaging.handler.invocation.ListenableFutureReturnValueHandler
4573:             1             16  org.springframework.messaging.handler.invocation.ReactiveReturnValueHandler
4574:             1             16  org.springframework.messaging.simp.SimpAttributes$$Lambda$479/1379022729
4575:             1             16  org.springframework.messaging.simp.SimpSessionScope
4576:             1             16  org.springframework.messaging.simp.annotation.support.PrincipalMethodArgumentResolver
4577:             1             16  org.springframework.messaging.simp.broker.AbstractBrokerMessageHandler$UnsentDisconnectChannelInterceptor
4578:             1             16  org.springframework.messaging.simp.broker.DefaultSubscriptionRegistry$SessionSubscriptionRegistry
4579:             1             16  org.springframework.messaging.simp.broker.DefaultSubscriptionRegistry$SimpMessageHeaderPropertyAccessor
4580:             1             16  org.springframework.messaging.simp.broker.OrderedMessageSender$$Lambda$359/1076708413
4581:             1             16  org.springframework.messaging.simp.stomp.StompDecoder
4582:             1             16  org.springframework.messaging.support.IdTimestampMessageHeaderInitializer$$Lambda$463/713197767
4583:             1             16  org.springframework.messaging.support.NativeMessageHeaderAccessor$$Lambda$464/928236365
4584:             1             16  org.springframework.objenesis.strategy.StdInstantiatorStrategy
4585:             1             16  org.springframework.scheduling.annotation.ScheduledAnnotationBeanPostProcessor$$Lambda$205/1765776053
4586:             1             16  org.springframework.scheduling.annotation.ScheduledAnnotationBeanPostProcessor$$Lambda$344/1967508247
4587:             1             16  org.springframework.scheduling.support.TaskUtils$LoggingErrorHandler
4588:             1             16  org.springframework.scheduling.support.TaskUtils$PropagatingErrorHandler
4589:             1             16  org.springframework.transaction.annotation.SpringTransactionAnnotationParser
4590:             1             16  org.springframework.transaction.event.TransactionalEventListenerFactory
4591:             1             16  org.springframework.util.CollectionUtils$MultiValueMapAdapter$$Lambda$458/675965412
4592:             1             16  org.springframework.util.ConcurrentReferenceHashMap$EntrySet
4593:             1             16  org.springframework.util.DefaultPropertiesPersister
4594:             1             16  org.springframework.util.LinkedMultiValueMap$$Lambda$10/198099809
4595:             1             16  org.springframework.util.LinkedMultiValueMap$$Lambda$399/1934471203
4596:             1             16  org.springframework.util.MimeType$SpecificityComparator
4597:             1             16  org.springframework.util.ReflectionUtils$$Lambda$11/2079179914
4598:             1             16  org.springframework.util.ReflectionUtils$$Lambda$12/20049680
4599:             1             16  org.springframework.util.ReflectionUtils$$Lambda$13/1882349076
4600:             1             16  org.springframework.validation.beanvalidation.LocaleContextMessageInterpolator
4601:             1             16  org.springframework.validation.beanvalidation.MethodValidationInterceptor
4602:             1             16  org.springframework.validation.beanvalidation.SpringConstraintValidatorFactory
4603:             1             16  org.springframework.web.bind.support.DefaultSessionAttributeStore
4604:             1             16  org.springframework.web.context.request.SessionScope
4605:             1             16  org.springframework.web.context.request.async.TimeoutCallableProcessingInterceptor
4606:             1             16  org.springframework.web.context.request.async.TimeoutDeferredResultProcessingInterceptor
4607:             1             16  org.springframework.web.context.support.WebApplicationContextUtils$RequestObjectFactory
4608:             1             16  org.springframework.web.context.support.WebApplicationContextUtils$ResponseObjectFactory
4609:             1             16  org.springframework.web.context.support.WebApplicationContextUtils$SessionObjectFactory
4610:             1             16  org.springframework.web.context.support.WebApplicationContextUtils$WebRequestObjectFactory
4611:             1             16  org.springframework.web.method.HandlerTypePredicate$Builder$$Lambda$351/2039642748
4612:             1             16  org.springframework.web.method.annotation.ErrorsMethodArgumentResolver
4613:             1             16  org.springframework.web.method.annotation.ExceptionHandlerMethodResolver$$Lambda$391/330174461
4614:             1             16  org.springframework.web.method.annotation.RequestHeaderMapMethodArgumentResolver
4615:             1             16  org.springframework.web.method.annotation.SessionStatusMethodArgumentResolver
4616:             1             16  org.springframework.web.multipart.support.StandardServletMultipartResolver
4617:             1             16  org.springframework.web.servlet.config.annotation.InterceptorRegistry$$Lambda$369/268248785
4618:             1             16  org.springframework.web.servlet.config.annotation.InterceptorRegistry$$Lambda$370/564985952
4619:             1             16  org.springframework.web.servlet.config.annotation.WebMvcConfigurerComposite
4620:             1             16  org.springframework.web.servlet.handler.AbstractHandlerMethodMapping$EmptyHandler
4621:             1             16  org.springframework.web.servlet.handler.ConversionServiceExposingInterceptor
4622:             1             16  org.springframework.web.servlet.mvc.HttpRequestHandlerAdapter
4623:             1             16  org.springframework.web.servlet.mvc.SimpleControllerHandlerAdapter
4624:             1             16  org.springframework.web.servlet.mvc.method.RequestMappingInfoHandlerMethodMappingNamingStrategy
4625:             1             16  org.springframework.web.servlet.mvc.method.annotation.AsyncTaskMethodReturnValueHandler
4626:             1             16  org.springframework.web.servlet.mvc.method.annotation.CallableMethodReturnValueHandler
4627:             1             16  org.springframework.web.servlet.mvc.method.annotation.DeferredResultMethodReturnValueHandler
4628:             1             16  org.springframework.web.servlet.mvc.method.annotation.HttpHeadersReturnValueHandler
4629:             1             16  org.springframework.web.servlet.mvc.method.annotation.JsonViewRequestBodyAdvice
4630:             1             16  org.springframework.web.servlet.mvc.method.annotation.RequestMappingHandlerAdapter$$Lambda$364/96443314
4631:             1             16  org.springframework.web.servlet.mvc.method.annotation.RequestMappingHandlerAdapter$$Lambda$365/1992645019
4632:             1             16  org.springframework.web.servlet.mvc.method.annotation.StreamingResponseBodyReturnValueHandler
4633:             1             16  org.springframework.web.servlet.mvc.method.annotation.UriComponentsBuilderMethodArgumentResolver
4634:             1             16  org.springframework.web.servlet.resource.ResourceUrlProviderExposingInterceptor
4635:             1             16  org.springframework.web.servlet.theme.FixedThemeResolver
4636:             1             16  org.springframework.web.servlet.view.AbstractCachingViewResolver$1
4637:             1             16  org.springframework.web.servlet.view.ContentNegotiatingViewResolver$1
4638:             1             16  org.springframework.web.socket.config.WebSocketMessageBrokerStats$$Lambda$347/500268044
4639:             1             16  org.springframework.web.socket.handler.ExceptionWebSocketHandlerDecorator
4640:             1             16  org.springframework.web.socket.handler.LoggingWebSocketHandlerDecorator
4641:             1             16  org.springframework.web.socket.sockjs.frame.Jackson2SockJsMessageCodec
4642:             1             16  org.springframework.web.socket.sockjs.support.AbstractSockJsService$IframeHandler
4643:             1             16  org.springframework.web.socket.sockjs.support.AbstractSockJsService$InfoHandler
4644:             1             16  org.springframework.web.socket.sockjs.transport.TransportHandlingSockJsService$$Lambda$459/830670620
4645:             1             16  org.springframework.web.util.HierarchicalUriComponents$1
4646:             1             16  org.zeroturnaround.bundled.javassist.ClassPoolTail
4647:             1             16  org.zeroturnaround.javarebel.felix.FelixPlugin
4648:             1             16  org.zeroturnaround.javarebel.integration.ReinitClassEventListener
4649:             1             16  org.zeroturnaround.javarebel.integration.ant.AntClassLoaderCBP
4650:             1             16  org.zeroturnaround.javarebel.integration.apdplat.SystemListenerCBP
4651:             1             16  org.zeroturnaround.javarebel.integration.aries.AriesProxyClassLoaderCBP
4652:             1             16  org.zeroturnaround.javarebel.integration.arjuna.ArjunaTransactionManagerImpleCBP
4653:             1             16  org.zeroturnaround.javarebel.integration.atg.AtgReusableClassLoaderCBP
4654:             1             16  org.zeroturnaround.javarebel.integration.atmosphere.DefaultAnnotationProcessorServletContainerInitializerAnnotationProcessorCBP
4655:             1             16  org.zeroturnaround.javarebel.integration.camel.CamelExtensionCBP
4656:             1             16  org.zeroturnaround.javarebel.integration.catalina.CatalinaPlugin
4657:             1             16  org.zeroturnaround.javarebel.integration.catalina.cbp.AbstractArchiveResourceSetCBP
4658:             1             16  org.zeroturnaround.javarebel.integration.catalina.cbp.ApplicationContextCBP
4659:             1             16  org.zeroturnaround.javarebel.integration.catalina.cbp.BaseDirContextCBP
4660:             1             16  org.zeroturnaround.javarebel.integration.catalina.cbp.CacheCBP
4661:             1             16  org.zeroturnaround.javarebel.integration.catalina.cbp.CachedResourceCBP
4662:             1             16  org.zeroturnaround.javarebel.integration.catalina.cbp.ConnectorCBP
4663:             1             16  org.zeroturnaround.javarebel.integration.catalina.cbp.ContextConfigCBP
4664:             1             16  org.zeroturnaround.javarebel.integration.catalina.cbp.CoyoteAdapterCBP
4665:             1             16  org.zeroturnaround.javarebel.integration.catalina.cbp.MapperCBP
4666:             1             16  org.zeroturnaround.javarebel.integration.catalina.cbp.MessageBytesCBP
4667:             1             16  org.zeroturnaround.javarebel.integration.catalina.cbp.RequestCBP
4668:             1             16  org.zeroturnaround.javarebel.integration.catalina.cbp.ServletRegistrationImplCBP
4669:             1             16  org.zeroturnaround.javarebel.integration.catalina.cbp.StandardContextCBP
4670:             1             16  org.zeroturnaround.javarebel.integration.catalina.cbp.StandardContextValveCBP
4671:             1             16  org.zeroturnaround.javarebel.integration.catalina.cbp.StandardHostValveCBP
4672:             1             16  org.zeroturnaround.javarebel.integration.catalina.cbp.StandardRootCBP
4673:             1             16  org.zeroturnaround.javarebel.integration.catalina.cbp.WebXmlCBP
4674:             1             16  org.zeroturnaround.javarebel.integration.catalina.cbp.WebappLoaderCBP
4675:             1             16  org.zeroturnaround.javarebel.integration.classworlds.ClassRealmCBP
4676:             1             16  org.zeroturnaround.javarebel.integration.classworlds.RealmClassLoaderCBP
4677:             1             16  org.zeroturnaround.javarebel.integration.classworlds.UberJarRealmClassLoaderCBP
4678:             1             16  org.zeroturnaround.javarebel.integration.clojure.ClojureDynamicClassLoaderCBP
4679:             1             16  org.zeroturnaround.javarebel.integration.commonsbeanutils.PropertyUtilsBeanCBP
4680:             1             16  org.zeroturnaround.javarebel.integration.confluence.JarClassLoaderCBP
4681:             1             16  org.zeroturnaround.javarebel.integration.cxf.CXFPlugin
4682:             1             16  org.zeroturnaround.javarebel.integration.dorado.MethodAutoMatchingUtilsCBP
4683:             1             16  org.zeroturnaround.javarebel.integration.dozer.DozerPlugin
4684:             1             16  org.zeroturnaround.javarebel.integration.drools.KModuleBeanFactoryPostProcessorCBP
4685:             1             16  org.zeroturnaround.javarebel.integration.eclipse.EclipsePlugin
4686:             1             16  org.zeroturnaround.javarebel.integration.eclipse301.Eclipse301DefaultClassLoaderClassBytecodeProcessor
4687:             1             16  org.zeroturnaround.javarebel.integration.elcommons.BeanInfoManagerElCommonsCBP
4688:             1             16  org.zeroturnaround.javarebel.integration.elcommons.BeanInfoManagerFacesCBP
4689:             1             16  org.zeroturnaround.javarebel.integration.elcommons.BeanInfoManagerStandardLangCBP
4690:             1             16  org.zeroturnaround.javarebel.integration.equinox.BundleLoaderCBP
4691:             1             16  org.zeroturnaround.javarebel.integration.equinox.DirBundleFileCBP
4692:             1             16  org.zeroturnaround.javarebel.integration.equinox.EquinoxClassLoaderCBP
4693:             1             16  org.zeroturnaround.javarebel.integration.equinox.EquinoxClassPathManagerClassBytecodeProcessor
4694:             1             16  org.zeroturnaround.javarebel.integration.equinox.EquinoxContainerCBP
4695:             1             16  org.zeroturnaround.javarebel.integration.equinox.EquinoxDefaultClassLoaderClassBytecodeProcessor
4696:             1             16  org.zeroturnaround.javarebel.integration.equinox.EquinoxFWClassLoaderCBP
4697:             1             16  org.zeroturnaround.javarebel.integration.equinox.EquinoxModuleClassLoader
4698:             1             16  org.zeroturnaround.javarebel.integration.equinox.EquinoxPlugin
4699:             1             16  org.zeroturnaround.javarebel.integration.equinox.FrameworkCBP
4700:             1             16  org.zeroturnaround.javarebel.integration.felix.FelixBundleClassLoaderCBP
4701:             1             16  org.zeroturnaround.javarebel.integration.felix.FelixBundleRevisionImplCBP
4702:             1             16  org.zeroturnaround.javarebel.integration.felix.FelixBundleWiringImplCBP
4703:             1             16  org.zeroturnaround.javarebel.integration.felix.FelixContentClassLoaderCBP
4704:             1             16  org.zeroturnaround.javarebel.integration.felix.FelixContentLoaderImplCBP
4705:             1             16  org.zeroturnaround.javarebel.integration.felix.FelixModuleClassLoaderCBP
4706:             1             16  org.zeroturnaround.javarebel.integration.felix.FelixModuleImplCBP
4707:             1             16  org.zeroturnaround.javarebel.integration.felix.FelixResolverImplCBP
4708:             1             16  org.zeroturnaround.javarebel.integration.felix.R4SearchPolicyCoreCBP
4709:             1             16  org.zeroturnaround.javarebel.integration.fileservlet.DefaultServletCBP
4710:             1             16  org.zeroturnaround.javarebel.integration.fileservlet.FileServlet$DefaultResourcePathResolver
4711:             1             16  org.zeroturnaround.javarebel.integration.fileservlet.FileServletPlugin
4712:             1             16  org.zeroturnaround.javarebel.integration.flyway.FlywayCBP
4713:             1             16  org.zeroturnaround.javarebel.integration.freemarker.BeansWrapperCBP
4714:             1             16  org.zeroturnaround.javarebel.integration.freemarker.FreemarkerClassIntrospectorCBP
4715:             1             16  org.zeroturnaround.javarebel.integration.freemarker.FreemarkerConfigurationCBP
4716:             1             16  org.zeroturnaround.javarebel.integration.freemarker.FreemarkerJavaRebelIntegrationCBP
4717:             1             16  org.zeroturnaround.javarebel.integration.gae.DevAppServerImplCBP
4718:             1             16  org.zeroturnaround.javarebel.integration.gae.GaeCustomSecurityManagerCBP
4719:             1             16  org.zeroturnaround.javarebel.integration.gae.GaeProxyPolicyCBP
4720:             1             16  org.zeroturnaround.javarebel.integration.gae.GaeTransformerCBP
4721:             1             16  org.zeroturnaround.javarebel.integration.gae.IsolatedAppClassLoaderCBP
4722:             1             16  org.zeroturnaround.javarebel.integration.gae.JettyContainerServiceCBP
4723:             1             16  org.zeroturnaround.javarebel.integration.gae.KickStartCBP
4724:             1             16  org.zeroturnaround.javarebel.integration.gae.RestrictedUrlClassLoaderCBP
4725:             1             16  org.zeroturnaround.javarebel.integration.gemini.BundleWebappClassLoaderCBP
4726:             1             16  org.zeroturnaround.javarebel.integration.gemini.GeminiBundleDelegatingClassLoaderCBP
4727:             1             16  org.zeroturnaround.javarebel.integration.gemini.GeminiBundleEntryCBP
4728:             1             16  org.zeroturnaround.javarebel.integration.gemini.GeminiChainedClassLoaderCBP
4729:             1             16  org.zeroturnaround.javarebel.integration.generic.FindResourceClassResourceSource
4730:             1             16  org.zeroturnaround.javarebel.integration.geronimo.JarFileClassLoaderCBP
4731:             1             16  org.zeroturnaround.javarebel.integration.geronimo.MultiParentClassLoaderCBP
4732:             1             16  org.zeroturnaround.javarebel.integration.geronimo.XbeanEquinoxBundleClassLoaderCBP
4733:             1             16  org.zeroturnaround.javarebel.integration.gigaspaces.ClassLoaderContextCBP
4734:             1             16  org.zeroturnaround.javarebel.integration.glassfish.DeploymentContextImplCBP
4735:             1             16  org.zeroturnaround.javarebel.integration.glassfish.DeploymentUtilsCBP
4736:             1             16  org.zeroturnaround.javarebel.integration.glassfish.EJBClassLoaderCBP
4737:             1             16  org.zeroturnaround.javarebel.integration.glassfish.GlassfishDelegatingClassLoaderCBP
4738:             1             16  org.zeroturnaround.javarebel.integration.glassfish.GlassfishPersistenceUnitInfoImpl
4739:             1             16  org.zeroturnaround.javarebel.integration.glassfish.LoggingOutputStreamCBP
4740:             1             16  org.zeroturnaround.javarebel.integration.glassfish.WebApplicationCBP
4741:             1             16  org.zeroturnaround.javarebel.integration.glassfish.WebModuleCBP
4742:             1             16  org.zeroturnaround.javarebel.integration.glassfish.corba.ClassCopierOrdinaryImplCBP
4743:             1             16  org.zeroturnaround.javarebel.integration.glassfish.corba.ClassInfoCacheCBP
4744:             1             16  org.zeroturnaround.javarebel.integration.glassfish.corba.DefaultClassCopierFactoriesCBP
4745:             1             16  org.zeroturnaround.javarebel.integration.glassfish.corba.ObjectStreamClassCBP
4746:             1             16  org.zeroturnaround.javarebel.integration.google.GuiceBridgeClassLoaderCBP
4747:             1             16  org.zeroturnaround.javarebel.integration.guava.ThrowablesCBP
4748:             1             16  org.zeroturnaround.javarebel.integration.hibernate.HibernatePlugin
4749:             1             16  org.zeroturnaround.javarebel.integration.hibernate5.HibernatePlugin
4750:             1             16  org.zeroturnaround.javarebel.integration.hybris.RegistryCBP
4751:             1             16  org.zeroturnaround.javarebel.integration.intellij.IntelliJClassLoaderClassBytecodeProcessor
4752:             1             16  org.zeroturnaround.javarebel.integration.jackson.JsonFactoryCBP
4753:             1             16  org.zeroturnaround.javarebel.integration.jasper.JasperPlugin
4754:             1             16  org.zeroturnaround.javarebel.integration.jasper.LiferayJasperPlugin
4755:             1             16  org.zeroturnaround.javarebel.integration.javac.JavacBaseFileManagerCBP
4756:             1             16  org.zeroturnaround.javarebel.integration.javacas.Cas20ProxyReceivingTicketValidationFilterCBP
4757:             1             16  org.zeroturnaround.javarebel.integration.javaxel.BeanELResolverBeanPropertiesCBP
4758:             1             16  org.zeroturnaround.javarebel.integration.jboss.classfilewriter.ClassAnnotationCBP
4759:             1             16  org.zeroturnaround.javarebel.integration.jboss.classfilewriter.EnumAnnotationValueCBP
4760:             1             16  org.zeroturnaround.javarebel.integration.jboss.classfilewriter.StringAnnotationValueCBP
4761:             1             16  org.zeroturnaround.javarebel.integration.jboss3.AbstractWebContainerCBP
4762:             1             16  org.zeroturnaround.javarebel.integration.jboss3.AbstractWebDeployerCBP
4763:             1             16  org.zeroturnaround.javarebel.integration.jboss3.UnifiedClassLoaderCBP
4764:             1             16  org.zeroturnaround.javarebel.integration.jboss4.DelegatingClassLoaderCBP
4765:             1             16  org.zeroturnaround.javarebel.integration.jboss4.JbossAbstractWebContainerCBP
4766:             1             16  org.zeroturnaround.javarebel.integration.jboss4.JbossDeploymentInfoCBP
4767:             1             16  org.zeroturnaround.javarebel.integration.jboss4.JbossEJBDeployerCBP
4768:             1             16  org.zeroturnaround.javarebel.integration.jboss4.JbossMainDeployerCBP
4769:             1             16  org.zeroturnaround.javarebel.integration.jboss4.LoadMgr3CBP
4770:             1             16  org.zeroturnaround.javarebel.integration.jboss4.RepositoryClassLoaderCBP
4771:             1             16  org.zeroturnaround.javarebel.integration.jboss5.AbstractVFSContextCBP
4772:             1             16  org.zeroturnaround.javarebel.integration.jboss5.BaseClassLoaderCBP
4773:             1             16  org.zeroturnaround.javarebel.integration.jboss5.BaseClassLoaderDomainCBP
4774:             1             16  org.zeroturnaround.javarebel.integration.jboss7.VFSResourceLoaderCBP
4775:             1             16  org.zeroturnaround.javarebel.integration.jbossel.ReferenceCacheCBP
4776:             1             16  org.zeroturnaround.javarebel.integration.jbossel.ReflectionUtilCBP
4777:             1             16  org.zeroturnaround.javarebel.integration.jenkins.AntClassLoader2CBP
4778:             1             16  org.zeroturnaround.javarebel.integration.jenkins.JenkinsAntClassLoaderCBP
4779:             1             16  org.zeroturnaround.javarebel.integration.jenkins.JenkinsCBP
4780:             1             16  org.zeroturnaround.javarebel.integration.jetty.JettyPlugin
4781:             1             16  org.zeroturnaround.javarebel.integration.jetty.JettyWebAppClassLoaderCBP
4782:             1             16  org.zeroturnaround.javarebel.integration.jibx.BindingFactoryBaseCBP
4783:             1             16  org.zeroturnaround.javarebel.integration.jpf.StandardPluginClassLoaderCBP
4784:             1             16  org.zeroturnaround.javarebel.integration.jshell.RemoteClassLoaderCBP
4785:             1             16  org.zeroturnaround.javarebel.integration.liquibase.LiquibaseCBP
4786:             1             16  org.zeroturnaround.javarebel.integration.log4j.Log4jPlugin
4787:             1             16  org.zeroturnaround.javarebel.integration.log4j2.Log4j2Plugin
4788:             1             16  org.zeroturnaround.javarebel.integration.metrics.ICEFacesContextFactoryCBP
4789:             1             16  org.zeroturnaround.javarebel.integration.metrics.JstlCoreTLVCBP
4790:             1             16  org.zeroturnaround.javarebel.integration.metrics.MainEventListenerCBP
4791:             1             16  org.zeroturnaround.javarebel.integration.metrics.TemplateCBP
4792:             1             16  org.zeroturnaround.javarebel.integration.metrics.VersionBeanVersionCBP
4793:             1             16  org.zeroturnaround.javarebel.integration.metro.MetroPlugin
4794:             1             16  org.zeroturnaround.javarebel.integration.mobicents.URLClassLoaderDomainImplCBP
4795:             1             16  org.zeroturnaround.javarebel.integration.modelmapper.TypeResolverCBP
4796:             1             16  org.zeroturnaround.javarebel.integration.netbeans.NetbeansJarClassLoaderCBP
4797:             1             16  org.zeroturnaround.javarebel.integration.netbeans.ProxyClassLoaderCBP
4798:             1             16  org.zeroturnaround.javarebel.integration.netbeans.TopSecurityManagerCBP
4799:             1             16  org.zeroturnaround.javarebel.integration.netty.NettyHttpServerCBP
4800:             1             16  org.zeroturnaround.javarebel.integration.objectdb.ObjectDBDelegationCBP
4801:             1             16  org.zeroturnaround.javarebel.integration.oc4j.ClassPathAccessorCBP
4802:             1             16  org.zeroturnaround.javarebel.integration.oc4j.EJBPackageDeploymentCBP
4803:             1             16  org.zeroturnaround.javarebel.integration.oc4j.NotFoundServletCBP
4804:             1             16  org.zeroturnaround.javarebel.integration.oc4j.PolicyClassLoaderCBP
4805:             1             16  org.zeroturnaround.javarebel.integration.ognl.OgnlRuntimeCBP
4806:             1             16  org.zeroturnaround.javarebel.integration.openejb.OpenEJBBasicURLClassPathCBP
4807:             1             16  org.zeroturnaround.javarebel.integration.openejb.OpenEjbTempClassLoaderCBP
4808:             1             16  org.zeroturnaround.javarebel.integration.openejb.PersistenceClassLoaderHandlerImplCBP
4809:             1             16  org.zeroturnaround.javarebel.integration.openl.UnpackClasspathJarToDirectoryBeanCBP
4810:             1             16  org.zeroturnaround.javarebel.integration.ops4j.WebAppHttpContextCBP
4811:             1             16  org.zeroturnaround.javarebel.integration.powermock.PowermockDeferSupportingClassLoaderCBP
4812:             1             16  org.zeroturnaround.javarebel.integration.prosyst.ProSystBundleLoaderCBP
4813:             1             16  org.zeroturnaround.javarebel.integration.prosyst.ProSystDefaultClassProviderCBP
4814:             1             16  org.zeroturnaround.javarebel.integration.prosyst.ProSystPackagesManagerCBP
4815:             1             16  org.zeroturnaround.javarebel.integration.proxy.bytebuddy.ByteArrayClassLoaderCBP
4816:             1             16  org.zeroturnaround.javarebel.integration.proxy.bytebuddy.ClassDefinitionActionCBP
4817:             1             16  org.zeroturnaround.javarebel.integration.proxy.bytebuddy.ClassInjectorUsingCBP
4818:             1             16  org.zeroturnaround.javarebel.integration.proxy.bytebuddy.ClassInjectorUsingLookupCBP
4819:             1             16  org.zeroturnaround.javarebel.integration.proxy.bytebuddy.DynamicTypeBuilderCBP
4820:             1             16  org.zeroturnaround.javarebel.integration.proxy.bytebuddy.ForLoadedTypeCBP
4821:             1             16  org.zeroturnaround.javarebel.integration.proxy.bytebuddy.InstrumentedTypeDefaultCBP
4822:             1             16  org.zeroturnaround.javarebel.integration.proxy.bytebuddy.InstrumentedTypeFactoryCBP
4823:             1             16  org.zeroturnaround.javarebel.integration.proxy.bytebuddy.MethodRegistryDefaultCBP
4824:             1             16  org.zeroturnaround.javarebel.integration.proxy.cglib.AbstractClassGeneratorCBP
4825:             1             16  org.zeroturnaround.javarebel.integration.proxy.cglib.EnhancerCBP
4826:             1             16  org.zeroturnaround.javarebel.integration.proxy.cglib.FastClassGeneratorCBP
4827:             1             16  org.zeroturnaround.javarebel.integration.proxy.cglib.FastConstructorCBP
4828:             1             16  org.zeroturnaround.javarebel.integration.proxy.cglib.FastMethodCBP
4829:             1             16  org.zeroturnaround.javarebel.integration.proxy.cglib.IndicesCallbackFilterCBP
4830:             1             16  org.zeroturnaround.javarebel.integration.proxy.cglib.ProxyConstructorCBP
4831:             1             16  org.zeroturnaround.javarebel.integration.proxy.cglib.ProxyFactoryCBP
4832:             1             16  org.zeroturnaround.javarebel.integration.proxy.cglib.ReflectUtilsCBP
4833:             1             16  org.zeroturnaround.javarebel.integration.proxy.cglib.UndeclaredThrowableStrategyCBP
4834:             1             16  org.zeroturnaround.javarebel.integration.proxy.deltaspike.AsmProxyClassGeneratorCBP
4835:             1             16  org.zeroturnaround.javarebel.integration.proxy.javassist.ProxyFactoryCBP
4836:             1             16  org.zeroturnaround.javarebel.integration.reflectionslib.ClasspathHelperCBP
4837:             1             16  org.zeroturnaround.javarebel.integration.reflectionslib.ZipDirIterableAbstractIteratorCBP
4838:             1             16  org.zeroturnaround.javarebel.integration.resin.LineConfigExceptionCBP
4839:             1             16  org.zeroturnaround.javarebel.integration.resin.ResinCBP
4840:             1             16  org.zeroturnaround.javarebel.integration.resin.ResinDeployControllerConfigCBP
4841:             1             16  org.zeroturnaround.javarebel.integration.resin.ResinDynamicClassLoaderCBP
4842:             1             16  org.zeroturnaround.javarebel.integration.resin.ResinEnvironmentClassLoaderCBP
4843:             1             16  org.zeroturnaround.javarebel.integration.resin.WatchdogClientCBP
4844:             1             16  org.zeroturnaround.javarebel.integration.resin.WatchdogConfigCBP
4845:             1             16  org.zeroturnaround.javarebel.integration.resteasy.GeneralValidatorImplCBP
4846:             1             16  org.zeroturnaround.javarebel.integration.sap.SapMultiParentClassLoaderCBP
4847:             1             16  org.zeroturnaround.javarebel.integration.sap.SapResourceMultiParentClassLoaderCBP
4848:             1             16  org.zeroturnaround.javarebel.integration.sap.SapSystemURLStreamHandlerFactoryCBP
4849:             1             16  org.zeroturnaround.javarebel.integration.serp.SerpStringsCBP
4850:             1             16  org.zeroturnaround.javarebel.integration.servlet.HttpServletRequestCBP
4851:             1             16  org.zeroturnaround.javarebel.integration.servlet.HttpServletResponseCBP
4852:             1             16  org.zeroturnaround.javarebel.integration.servlet.LiferayCustomServletContextHelperCBP
4853:             1             16  org.zeroturnaround.javarebel.integration.servlet.ServletContextCBP
4854:             1             16  org.zeroturnaround.javarebel.integration.servlet.ServletIntegrationPlugin
4855:             1             16  org.zeroturnaround.javarebel.integration.servlet.gae.StaticFileFilterCBP
4856:             1             16  org.zeroturnaround.javarebel.integration.servlet.jboss.JBossContextConfigCBP
4857:             1             16  org.zeroturnaround.javarebel.integration.servlet.jetty.JettyContextHandlerCBP
4858:             1             16  org.zeroturnaround.javarebel.integration.servlet.jetty.JettyJarFileResourceCBP
4859:             1             16  org.zeroturnaround.javarebel.integration.servlet.jetty.JettyServletContextHandlerCBP
4860:             1             16  org.zeroturnaround.javarebel.integration.servlet.jetty.JettyWebAppContextCBP
4861:             1             16  org.zeroturnaround.javarebel.integration.servlet.jetty.ResourceCBP
4862:             1             16  org.zeroturnaround.javarebel.integration.servlet.liferay.EquinoxServletContextAdaptorCBP
4863:             1             16  org.zeroturnaround.javarebel.integration.servlet.oc4j.ApplicationTldCacheImplCBP
4864:             1             16  org.zeroturnaround.javarebel.integration.servlet.oc4j.HttpApplicationCBP
4865:             1             16  org.zeroturnaround.javarebel.integration.servlet.oc4j.HttpRequestHandlerCBP
4866:             1             16  org.zeroturnaround.javarebel.integration.servlet.oc4j.HttpSiteCBP
4867:             1             16  org.zeroturnaround.javarebel.integration.servlet.oc4j.OC4JJspJavacCompilerCBP
4868:             1             16  org.zeroturnaround.javarebel.integration.servlet.oc4j.ServletDescriptorCBP
4869:             1             16  org.zeroturnaround.javarebel.integration.servlet.oc4j.ServletMappingCBP
4870:             1             16  org.zeroturnaround.javarebel.integration.servlet.resin.InvocationCBP
4871:             1             16  org.zeroturnaround.javarebel.integration.servlet.resin.JspPropertyGroupCBP
4872:             1             16  org.zeroturnaround.javarebel.integration.servlet.resin.PageFilterChainCBP
4873:             1             16  org.zeroturnaround.javarebel.integration.servlet.resin.ResinApplicationCBP
4874:             1             16  org.zeroturnaround.javarebel.integration.servlet.resin.ResinJavaCompilerCBP
4875:             1             16  org.zeroturnaround.javarebel.integration.servlet.sap.SapApplicationContextCBP
4876:             1             16  org.zeroturnaround.javarebel.integration.servlet.undertow.UndertowServletPlugin
4877:             1             16  org.zeroturnaround.javarebel.integration.servlet.virgo.BundleWebResourceRootCBP
4878:             1             16  org.zeroturnaround.javarebel.integration.servlet.virgo.VirgoTomcatServletContainerCBP
4879:             1             16  org.zeroturnaround.javarebel.integration.servlet.weblogic.JSPServletCBP
4880:             1             16  org.zeroturnaround.javarebel.integration.servlet.weblogic.JavelinxJSPStubCBP
4881:             1             16  org.zeroturnaround.javarebel.integration.servlet.weblogic.JavelinxJspPrecompilerCBP
4882:             1             16  org.zeroturnaround.javarebel.integration.servlet.weblogic.JavelinxTagFileStaleCheckerCBP
4883:             1             16  org.zeroturnaround.javarebel.integration.servlet.weblogic.JspConfigCBP
4884:             1             16  org.zeroturnaround.javarebel.integration.servlet.weblogic.JspParserCBP
4885:             1             16  org.zeroturnaround.javarebel.integration.servlet.weblogic.JspStubCBP
4886:             1             16  org.zeroturnaround.javarebel.integration.servlet.weblogic.JspTagLibraryFeatureCBP
4887:             1             16  org.zeroturnaround.javarebel.integration.servlet.weblogic.ServletInvocationActionCBP
4888:             1             16  org.zeroturnaround.javarebel.integration.servlet.weblogic.ServletStubImplCBP
4889:             1             16  org.zeroturnaround.javarebel.integration.servlet.weblogic.TagFileTagInfoCBP
4890:             1             16  org.zeroturnaround.javarebel.integration.servlet.weblogic.WarResourceFinderCBP
4891:             1             16  org.zeroturnaround.javarebel.integration.servlet.weblogic.WebAppConfigManagerCBP
4892:             1             16  org.zeroturnaround.javarebel.integration.servlet.weblogic.WebAppProjectFeatureImplCBP
4893:             1             16  org.zeroturnaround.javarebel.integration.servlet.weblogic.WebAppServletContextCBP
4894:             1             16  org.zeroturnaround.javarebel.integration.servlet.weblogic.WeblogicJspClassLoaderCBP
4895:             1             16  org.zeroturnaround.javarebel.integration.servlet.weblogic.WeblogicTagFileClassLoaderCBP
4896:             1             16  org.zeroturnaround.javarebel.integration.servlet.websphere.AbstractJSPExtensionProcessorCBP
4897:             1             16  org.zeroturnaround.javarebel.integration.servlet.websphere.AbstractJSPExtensionServletWrapperCBP
4898:             1             16  org.zeroturnaround.javarebel.integration.servlet.websphere.CacheServletWrapperCBP
4899:             1             16  org.zeroturnaround.javarebel.integration.servlet.websphere.GeneratorUtilsCBP
4900:             1             16  org.zeroturnaround.javarebel.integration.servlet.websphere.JSPExtensionClassLoaderCBP
4901:             1             16  org.zeroturnaround.javarebel.integration.servlet.websphere.JSPExtensionContextCBP
4902:             1             16  org.zeroturnaround.javarebel.integration.servlet.websphere.JSPExtensionServletWrapperCBP
4903:             1             16  org.zeroturnaround.javarebel.integration.servlet.websphere.JspDependentCBP
4904:             1             16  org.zeroturnaround.javarebel.integration.servlet.websphere.JspInputSourceContainerImplCBP
4905:             1             16  org.zeroturnaround.javarebel.integration.servlet.websphere.JspInputSourceImplCBP
4906:             1             16  org.zeroturnaround.javarebel.integration.servlet.websphere.JspOptionsCBP
4907:             1             16  org.zeroturnaround.javarebel.integration.servlet.websphere.LibertyWebappCBP
4908:             1             16  org.zeroturnaround.javarebel.integration.servlet.websphere.TagFileResourcesImplCBP
4909:             1             16  org.zeroturnaround.javarebel.integration.servlet.websphere.TagLibraryCacheCBP
4910:             1             16  org.zeroturnaround.javarebel.integration.servlet.websphere.ValidateVisitorCBP
4911:             1             16  org.zeroturnaround.javarebel.integration.servlet.websphere.WasServletConfigCBP
4912:             1             16  org.zeroturnaround.javarebel.integration.servlet.websphere.WebContainerCBP
4913:             1             16  org.zeroturnaround.javarebel.integration.servlet.websphere.WebGroupImplCBP
4914:             1             16  org.zeroturnaround.javarebel.integration.servlet.websphere.WebappCBP
4915:             1             16  org.zeroturnaround.javarebel.integration.sling.ClassLoaderFacadeCBP
4916:             1             16  org.zeroturnaround.javarebel.integration.smartGwt.SmartGwtLinkerCBP
4917:             1             16  org.zeroturnaround.javarebel.integration.spring.BundleDelegatingClassLoaderCBP
4918:             1             16  org.zeroturnaround.javarebel.integration.spring.InstrumentationLoadTimeWeaverCBP
4919:             1             16  org.zeroturnaround.javarebel.integration.spring.OverridingClassLoaderCBP
4920:             1             16  org.zeroturnaround.javarebel.integration.spring.ResourceCBP
4921:             1             16  org.zeroturnaround.javarebel.integration.spring.ShadowingClassLoaderCBP
4922:             1             16  org.zeroturnaround.javarebel.integration.spring.SpringMvcPlugin
4923:             1             16  org.zeroturnaround.javarebel.integration.spring.SpringOrmTransactionManagerCBP
4924:             1             16  org.zeroturnaround.javarebel.integration.spring.SpringPlugin
4925:             1             16  org.zeroturnaround.javarebel.integration.spring.SpringWebPlugin
4926:             1             16  org.zeroturnaround.javarebel.integration.spring.TomcatInstrumentableClassLoaderCBP
4927:             1             16  org.zeroturnaround.javarebel.integration.spring.WebApplicationObjectSupportCBP
4928:             1             16  org.zeroturnaround.javarebel.integration.spring.actuator.SpringBootActuatorPlugin
4929:             1             16  org.zeroturnaround.javarebel.integration.spring.annotations.ConfigurationReloaderSpring3
4930:             1             16  org.zeroturnaround.javarebel.integration.spring.aop.AdviceBeanWrapper
4931:             1             16  org.zeroturnaround.javarebel.integration.spring.aop.SpringAopPlugin
4932:             1             16  org.zeroturnaround.javarebel.integration.spring.aop.cbp.AbstractAdvisingBeanPostProcessorCBP
4933:             1             16  org.zeroturnaround.javarebel.integration.spring.aop.cbp.AbstractAutoProxyCreatorCBP
4934:             1             16  org.zeroturnaround.javarebel.integration.spring.aop.cbp.AbstractSingletonProxyFactoryBeanCBP
4935:             1             16  org.zeroturnaround.javarebel.integration.spring.aop.cbp.AdvisedSupportCBP
4936:             1             16  org.zeroturnaround.javarebel.integration.spring.aop.cbp.AnnotationAwareAspectJAutoProxyCreatorCBP
4937:             1             16  org.zeroturnaround.javarebel.integration.spring.aop.cbp.AspectJExpressionPointcutCBP
4938:             1             16  org.zeroturnaround.javarebel.integration.spring.aop.cbp.AutoProxyUtilsCBP
4939:             1             16  org.zeroturnaround.javarebel.integration.spring.aop.cbp.BeanFactoryAspectJAdvisorsBuilderCBP
4940:             1             16  org.zeroturnaround.javarebel.integration.spring.aop.cbp.InfrastructureAdvisorAutoProxyCreatorCBP
4941:             1             16  org.zeroturnaround.javarebel.integration.spring.beans.JsfCdiToSpringBeanFactoryPostProcessorCBP
4942:             1             16  org.zeroturnaround.javarebel.integration.spring.beans.PostProcessorRegistrationDelegateCBP
4943:             1             16  org.zeroturnaround.javarebel.integration.spring.beans.RootBeanDefinitionCBP
4944:             1             16  org.zeroturnaround.javarebel.integration.spring.beans.SpringBeansPlugin
4945:             1             16  org.zeroturnaround.javarebel.integration.spring.beans.XmlBeanDefinitionManager
4946:             1             16  org.zeroturnaround.javarebel.integration.spring.beans.cbp.AbstractApplicationContextCBP
4947:             1             16  org.zeroturnaround.javarebel.integration.spring.beans.cbp.AbstractAutowireCapableBeanFactoryCBP
4948:             1             16  org.zeroturnaround.javarebel.integration.spring.beans.cbp.AbstractBeanDefinitionCBP
4949:             1             16  org.zeroturnaround.javarebel.integration.spring.beans.cbp.AbstractBeanFactoryCBP
4950:             1             16  org.zeroturnaround.javarebel.integration.spring.beans.cbp.AbstractCamelContextFactoryBeanCBP
4951:             1             16  org.zeroturnaround.javarebel.integration.spring.beans.cbp.AbstractRequestAttributesCBP
4952:             1             16  org.zeroturnaround.javarebel.integration.spring.beans.cbp.AutowiredAnnotationBeanPostProcessorCBP
4953:             1             16  org.zeroturnaround.javarebel.integration.spring.beans.cbp.BeanDefinitionHolderCBP
4954:             1             16  org.zeroturnaround.javarebel.integration.spring.beans.cbp.BeanDefinitionParserDelegateCBP
4955:             1             16  org.zeroturnaround.javarebel.integration.spring.beans.cbp.BeanDefinitionValueResolverCBP
4956:             1             16  org.zeroturnaround.javarebel.integration.spring.beans.cbp.CachedIntrospectionResultsCBP
4957:             1             16  org.zeroturnaround.javarebel.integration.spring.beans.cbp.CamelContextFactoryBeanCBP
4958:             1             16  org.zeroturnaround.javarebel.integration.spring.beans.cbp.ContextLoaderListenerCBP
4959:             1             16  org.zeroturnaround.javarebel.integration.spring.beans.cbp.CustomScopeAnnotationConfigurerCBP
4960:             1             16  org.zeroturnaround.javarebel.integration.spring.beans.cbp.DefaultListableBeanFactoryCBP
4961:             1             16  org.zeroturnaround.javarebel.integration.spring.beans.cbp.DefaultSingletonBeanRegistryCBP
4962:             1             16  org.zeroturnaround.javarebel.integration.spring.beans.cbp.FrameworkServletCBP
4963:             1             16  org.zeroturnaround.javarebel.integration.spring.beans.cbp.HybrisWebApplicationBeanFactoryPostProcessorCBP
4964:             1             16  org.zeroturnaround.javarebel.integration.spring.beans.cbp.InjectionMetadataCBP
4965:             1             16  org.zeroturnaround.javarebel.integration.spring.beans.cbp.MBeanExporterCBP
4966:             1             16  org.zeroturnaround.javarebel.integration.spring.beans.cbp.MBeanRegistrationSupportCBP
4967:             1             16  org.zeroturnaround.javarebel.integration.spring.beans.cbp.MutablePropertyValuesCBP
4968:             1             16  org.zeroturnaround.javarebel.integration.spring.beans.cbp.OpenEntityManagerInViewFilterCBP
4969:             1             16  org.zeroturnaround.javarebel.integration.spring.beans.cbp.PlaceholderConfigurerSupportCBP
4970:             1             16  org.zeroturnaround.javarebel.integration.spring.beans.cbp.PropertiesFactoryBeanCBP
4971:             1             16  org.zeroturnaround.javarebel.integration.spring.beans.cbp.PropertyOrFieldReferenceCBP
4972:             1             16  org.zeroturnaround.javarebel.integration.spring.beans.cbp.PropertyResourceConfigurerCBP
4973:             1             16  org.zeroturnaround.javarebel.integration.spring.beans.cbp.PropertyValueCBP
4974:             1             16  org.zeroturnaround.javarebel.integration.spring.beans.cbp.ServletRequestAttributesCBP
4975:             1             16  org.zeroturnaround.javarebel.integration.spring.beans.cbp.SimpleInstantiationStrategyCBP
4976:             1             16  org.zeroturnaround.javarebel.integration.spring.beans.cbp.TypedStringValueCBP
4977:             1             16  org.zeroturnaround.javarebel.integration.spring.beans.cbp.XmlBeanDefinitionReaderCBP
4978:             1             16  org.zeroturnaround.javarebel.integration.spring.beans.cbp.XmlBeanFactoryCBP
4979:             1             16  org.zeroturnaround.javarebel.integration.spring.boot.JrRunCmdLineOnReload
4980:             1             16  org.zeroturnaround.javarebel.integration.spring.boot.Profile
4981:             1             16  org.zeroturnaround.javarebel.integration.spring.boot.SpringBootPlugin
4982:             1             16  org.zeroturnaround.javarebel.integration.spring.boot.cbp.AbstractRepositoryConfigurationSourceSupportCBP
4983:             1             16  org.zeroturnaround.javarebel.integration.spring.boot.cbp.BeanTypeRegistryCBP
4984:             1             16  org.zeroturnaround.javarebel.integration.spring.boot.cbp.ConfigurationBeanFactoryMetadataCBP
4985:             1             16  org.zeroturnaround.javarebel.integration.spring.boot.cbp.ConfigurationPropertiesBinderCBP
4986:             1             16  org.zeroturnaround.javarebel.integration.spring.boot.cbp.ConfigurationPropertiesBindingPostProcessorCBP
4987:             1             16  org.zeroturnaround.javarebel.integration.spring.boot.cbp.LoggingApplicationListenerCBP
4988:             1             16  org.zeroturnaround.javarebel.integration.spring.boot.cbp.OnBeanConditionCBP
4989:             1             16  org.zeroturnaround.javarebel.integration.spring.boot.cbp.PropertiesPropertySourceLoaderCBP
4990:             1             16  org.zeroturnaround.javarebel.integration.spring.boot.cbp.SpringApplicationCBP
4991:             1             16  org.zeroturnaround.javarebel.integration.spring.boot.cbp.StandardLoggingSystemCBP
4992:             1             16  org.zeroturnaround.javarebel.integration.spring.boot.cbp.YamlPropertySourceLoaderCBP
4993:             1             16  org.zeroturnaround.javarebel.integration.spring.cbp.AbstractApplicationContextCBP
4994:             1             16  org.zeroturnaround.javarebel.integration.spring.cbp.AbstractDetectingUrlHandlerMappingCBP
4995:             1             16  org.zeroturnaround.javarebel.integration.spring.cbp.AbstractHandlerMappingCBP
4996:             1             16  org.zeroturnaround.javarebel.integration.spring.cbp.AbstractHandlerMethodMappingCBP
4997:             1             16  org.zeroturnaround.javarebel.integration.spring.cbp.AbstractMapBasedHandlerMappingCBP
4998:             1             16  org.zeroturnaround.javarebel.integration.spring.cbp.AbstractNamedValueMethodArgumentResolverCBP
4999:             1             16  org.zeroturnaround.javarebel.integration.spring.cbp.AbstractRefreshableApplicationContextCBP
5000:             1             16  org.zeroturnaround.javarebel.integration.spring.cbp.AbstractUrlHandlerMappingCBP
5001:             1             16  org.zeroturnaround.javarebel.integration.spring.cbp.AnnotationBeanValidationConfigurationLoaderCBP
5002:             1             16  org.zeroturnaround.javarebel.integration.spring.cbp.AnnotationConfigApplicationContextCBP
5003:             1             16  org.zeroturnaround.javarebel.integration.spring.cbp.AnnotationConfigWebApplicationContextCBP
5004:             1             16  org.zeroturnaround.javarebel.integration.spring.cbp.AnnotationMethodHandlerAdapterCBP
5005:             1             16  org.zeroturnaround.javarebel.integration.spring.cbp.AopUtilsCBP
5006:             1             16  org.zeroturnaround.javarebel.integration.spring.cbp.ApplicationObjectSupportCBP
5007:             1             16  org.zeroturnaround.javarebel.integration.spring.cbp.BeanMethodInterceptorCBP
5008:             1             16  org.zeroturnaround.javarebel.integration.spring.cbp.CachingResourceResolverCBP
5009:             1             16  org.zeroturnaround.javarebel.integration.spring.cbp.ConfigurationClassBeanDefinitionReaderCBP
5010:             1             16  org.zeroturnaround.javarebel.integration.spring.cbp.ConfigurationClassParserCBP
5011:             1             16  org.zeroturnaround.javarebel.integration.spring.cbp.ConfigurationClassPostProcessorCBP
5012:             1             16  org.zeroturnaround.javarebel.integration.spring.cbp.DefaultAnnotationHandlerMappingCBP
5013:             1             16  org.zeroturnaround.javarebel.integration.spring.cbp.DelegatingFilterProxyCBP
5014:             1             16  org.zeroturnaround.javarebel.integration.spring.cbp.DispatcherServletCBP
5015:             1             16  org.zeroturnaround.javarebel.integration.spring.cbp.ExceptionHandlerExceptionResolverCBP
5016:             1             16  org.zeroturnaround.javarebel.integration.spring.cbp.GenericApplicationContextCBP
5017:             1             16  org.zeroturnaround.javarebel.integration.spring.cbp.GenericTypeResolverCBP
5018:             1             16  org.zeroturnaround.javarebel.integration.spring.cbp.HandlerMethodArgumentResolverCompositeCBP
5019:             1             16  org.zeroturnaround.javarebel.integration.spring.cbp.HandlerMethodCBP
5020:             1             16  org.zeroturnaround.javarebel.integration.spring.cbp.MappingRegistryCBP
5021:             1             16  org.zeroturnaround.javarebel.integration.spring.cbp.MethodValidationPostProcessorCBP
5022:             1             16  org.zeroturnaround.javarebel.integration.spring.cbp.MultiActionControllerCBP
5023:             1             16  org.zeroturnaround.javarebel.integration.spring.cbp.PathResourceResolverCBP
5024:             1             16  org.zeroturnaround.javarebel.integration.spring.cbp.PortletDefaultAnnotationHandlerMappingCBP
5025:             1             16  org.zeroturnaround.javarebel.integration.spring.cbp.PortletModeParameterHandlerMappingCBP
5026:             1             16  org.zeroturnaround.javarebel.integration.spring.cbp.PropertySourcesPlaceholderConfigurerCBP
5027:             1             16  org.zeroturnaround.javarebel.integration.spring.cbp.ReloadableResourceBundleMessageSourceCBP
5028:             1             16  org.zeroturnaround.javarebel.integration.spring.cbp.RequestMappingHandlerAdaptorCBP
5029:             1             16  org.zeroturnaround.javarebel.integration.spring.cbp.RequestMappingHandlerMappingCBP
5030:             1             16  org.zeroturnaround.javarebel.integration.spring.cbp.ResourceBundleMessageSourceCBP
5031:             1             16  org.zeroturnaround.javarebel.integration.spring.cbp.ResourceBundleMessageSourceMessageSourceControlCBP
5032:             1             16  org.zeroturnaround.javarebel.integration.spring.cbp.ResourceHttpRequestHandlerCBP
5033:             1             16  org.zeroturnaround.javarebel.integration.spring.cbp.ScheduledMethodRunnableCBP
5034:             1             16  org.zeroturnaround.javarebel.integration.spring.cbp.SchedulingAnnotationBeanPostProcessorCBP
5035:             1             16  org.zeroturnaround.javarebel.integration.spring.cbp.SimpleUrlHandlerMappingCBP
5036:             1             16  org.zeroturnaround.javarebel.integration.spring.cbp.TransactionAspectSupportCBP
5037:             1             16  org.zeroturnaround.javarebel.integration.spring.cbp.TransactionAttributeSourceCBP
5038:             1             16  org.zeroturnaround.javarebel.integration.spring.cbp.VelocityEngineFactoryCBP
5039:             1             16  org.zeroturnaround.javarebel.integration.spring.cbp.ViewControllerBeanDefinitionParserCBP
5040:             1             16  org.zeroturnaround.javarebel.integration.spring.cbp.WebMvcConfigurationSupportCBP
5041:             1             16  org.zeroturnaround.javarebel.integration.spring.cbp.annotations.AbstractFallbackTransactionAttributeSourceCBP
5042:             1             16  org.zeroturnaround.javarebel.integration.spring.cbp.annotations.BeanAnnotationHelperCBP
5043:             1             16  org.zeroturnaround.javarebel.integration.spring.cbp.annotations.ClassPathBeanDefinitionScannerCBP
5044:             1             16  org.zeroturnaround.javarebel.integration.spring.cbp.annotations.ClassPathScanningCandidateComponentProviderCBP
5045:             1             16  org.zeroturnaround.javarebel.integration.spring.cbp.annotations.ComponentScanAnnotationParserCBP
5046:             1             16  org.zeroturnaround.javarebel.integration.spring.cbp.annotations.ComponentScanBeanDefinitionParserCBP
5047:             1             16  org.zeroturnaround.javarebel.integration.spring.cbp.annotations.InjectionMetadataCacheCBP
5048:             1             16  org.zeroturnaround.javarebel.integration.spring.cbp.annotations.ScannedGenericBeanDefinitionCBP
5049:             1             16  org.zeroturnaround.javarebel.integration.spring.cbp.annotations.SchedulingAnnotationDrivenBeanDefinitionParserCBP
5050:             1             16  org.zeroturnaround.javarebel.integration.spring.cbp.instrument.JBossLoadTimeWeaverCBP
5051:             1             16  org.zeroturnaround.javarebel.integration.spring.core.AnnotationsUtilsCacheClearer
5052:             1             16  org.zeroturnaround.javarebel.integration.spring.core.SpringCorePlugin
5053:             1             16  org.zeroturnaround.javarebel.integration.spring.core.cbp.AnnotationsUtilsCBP
5054:             1             16  org.zeroturnaround.javarebel.integration.spring.core.cbp.AttributeAccessorSupportCBP
5055:             1             16  org.zeroturnaround.javarebel.integration.spring.core.cbp.CachingMetadataReaderFactoryCBP
5056:             1             16  org.zeroturnaround.javarebel.integration.spring.core.cbp.LocalVariableTableParameterNameDiscovererCBP
5057:             1             16  org.zeroturnaround.javarebel.integration.spring.core.cbp.MapPropertySourceCBP
5058:             1             16  org.zeroturnaround.javarebel.integration.spring.core.cbp.MethodParameterCBP
5059:             1             16  org.zeroturnaround.javarebel.integration.spring.core.cbp.PathMatchingResourcePatternResolverCBP
5060:             1             16  org.zeroturnaround.javarebel.integration.spring.core.cbp.ReflectionUtilsCBP
5061:             1             16  org.zeroturnaround.javarebel.integration.spring.core.cbp.ResourcePropertySourceCBP
5062:             1             16  org.zeroturnaround.javarebel.integration.spring.core.cbp.SimpleMetadataReaderFactoryCBP
5063:             1             16  org.zeroturnaround.javarebel.integration.spring.core.cbp.VFSResourcePatternResolvingHelperCBP
5064:             1             16  org.zeroturnaround.javarebel.integration.spring.core.cbp.VfsResourceMatchingDelegateCBP
5065:             1             16  org.zeroturnaround.javarebel.integration.spring.jms.SpringJmsPlugin
5066:             1             16  org.zeroturnaround.javarebel.integration.spring.orm.SpringOrmPlugin
5067:             1             16  org.zeroturnaround.javarebel.integration.spring.oxm.SpringOxmPlugin
5068:             1             16  org.zeroturnaround.javarebel.integration.spring.reactive.SpringWebFluxPlugin
5069:             1             16  org.zeroturnaround.javarebel.integration.spring.webflow.SpringWebflowPlugin
5070:             1             16  org.zeroturnaround.javarebel.integration.streambase.StreamBaseJarClassLoaderCBP
5071:             1             16  org.zeroturnaround.javarebel.integration.struts.Struts1Plugin
5072:             1             16  org.zeroturnaround.javarebel.integration.struts2.Struts2Plugin
5073:             1             16  org.zeroturnaround.javarebel.integration.support.JavassistClassBytecodeProcessor$1
5074:             1             16  org.zeroturnaround.javarebel.integration.support.JavassistClassBytecodeProcessor$2
5075:             1             16  org.zeroturnaround.javarebel.integration.support.RestrictedClassClassPath
5076:             1             16  org.zeroturnaround.javarebel.integration.swagger.ApiListingResourceCBP
5077:             1             16  org.zeroturnaround.javarebel.integration.swagger.SwaggerCBP
5078:             1             16  org.zeroturnaround.javarebel.integration.swagger.SwaggerConfigCBP
5079:             1             16  org.zeroturnaround.javarebel.integration.tapestry4.Tapestry4Plugin
5080:             1             16  org.zeroturnaround.javarebel.integration.tapestry5.Tapestry5Plugin
5081:             1             16  org.zeroturnaround.javarebel.integration.tcat.TcatClassLoaderFilter
5082:             1             16  org.zeroturnaround.javarebel.integration.tk.WebAppMigrationLauncherCBP
5083:             1             16  org.zeroturnaround.javarebel.integration.tomcat.ProxyDirContextCBP
5084:             1             16  org.zeroturnaround.javarebel.integration.tomcat.StandardJarScannerCBP
5085:             1             16  org.zeroturnaround.javarebel.integration.tomcat.WebappClassLoaderCBP
5086:             1             16  org.zeroturnaround.javarebel.integration.tomee.OpenEJBContextConfigCBP
5087:             1             16  org.zeroturnaround.javarebel.integration.tomee.TomcatWebAppBuilderCBP
5088:             1             16  org.zeroturnaround.javarebel.integration.tomee.TomeeUrlCacheCBP
5089:             1             16  org.zeroturnaround.javarebel.integration.util.MonitorUtil$1
5090:             1             16  org.zeroturnaround.javarebel.integration.util.RequestCountingUtil$CountingRequestListener
5091:             1             16  org.zeroturnaround.javarebel.integration.util.WeakUtil$WeakListenerReference$1
5092:             1             16  org.zeroturnaround.javarebel.integration.vaadin.ApplicationCBP
5093:             1             16  org.zeroturnaround.javarebel.integration.vaadin.RouteRegistryCBP
5094:             1             16  org.zeroturnaround.javarebel.integration.vaadin.UICBP
5095:             1             16  org.zeroturnaround.javarebel.integration.vaadin.spring.SpringViewDisplayPostProcessorCBP
5096:             1             16  org.zeroturnaround.javarebel.integration.vaadin.spring.SpringViewDisplayRegistrationBeanCBP
5097:             1             16  org.zeroturnaround.javarebel.integration.vfs.VFSCBP
5098:             1             16  org.zeroturnaround.javarebel.integration.virgo.FindResourceDelegatingClassLoaderCBP
5099:             1             16  org.zeroturnaround.javarebel.integration.virgo.KernelBundleClassLoaderCBP
5100:             1             16  org.zeroturnaround.javarebel.integration.virgo.SnapServletContextCBP
5101:             1             16  org.zeroturnaround.javarebel.integration.virgo.VirgoThrowAwayClassLoaderCBP
5102:             1             16  org.zeroturnaround.javarebel.integration.vraptor.VRaptorCBP
5103:             1             16  org.zeroturnaround.javarebel.integration.vraptor.VRaptorPlugin
5104:             1             16  org.zeroturnaround.javarebel.integration.weblogic.AbstractPersistenceUnitRegistryCBP
5105:             1             16  org.zeroturnaround.javarebel.integration.weblogic.ByteArraySourceCBP
5106:             1             16  org.zeroturnaround.javarebel.integration.weblogic.ChangeAwareClassLoaderCBP
5107:             1             16  org.zeroturnaround.javarebel.integration.weblogic.ClassFinderIndexCBP
5108:             1             16  org.zeroturnaround.javarebel.integration.weblogic.DirectoryClassFinderCBP
5109:             1             16  org.zeroturnaround.javarebel.integration.weblogic.FilteringClassLoaderCBP
5110:             1             16  org.zeroturnaround.javarebel.integration.weblogic.GenericClassLoaderCBP
5111:             1             16  org.zeroturnaround.javarebel.integration.weblogic.PersistenceUtilsCBP
5112:             1             16  org.zeroturnaround.javarebel.integration.weblogic.ZipClassFinderCBP
5113:             1             16  org.zeroturnaround.javarebel.integration.weblogic.logging.BaseLoggerCBP
5114:             1             16  org.zeroturnaround.javarebel.integration.weblogic.logging.CodeGeneratorCBP
5115:             1             16  org.zeroturnaround.javarebel.integration.weblogic.logging.CompilerForJDTCBP
5116:             1             16  org.zeroturnaround.javarebel.integration.weblogic.logging.CompilerInvokerCBP
5117:             1             16  org.zeroturnaround.javarebel.integration.weblogic.logging.DebugLoggerCBP
5118:             1             16  org.zeroturnaround.javarebel.integration.weblogic.logging.T3SrvrLoggerCBP
5119:             1             16  org.zeroturnaround.javarebel.integration.websphere.CompoundClassLoaderCBP
5120:             1             16  org.zeroturnaround.javarebel.integration.websphere.ContainerClassLoaderCBP
5121:             1             16  org.zeroturnaround.javarebel.integration.websphere.JPAApplInfoCBP
5122:             1             16  org.zeroturnaround.javarebel.integration.websphere.MobilefirstParentLastClassLoader
5123:             1             16  org.zeroturnaround.javarebel.integration.websphere.SRTServletResponseCBP
5124:             1             16  org.zeroturnaround.javarebel.integration.websphere.SharedJPAComponentImplCBP
5125:             1             16  org.zeroturnaround.javarebel.integration.websphere.SmartClassPathImplCBP
5126:             1             16  org.zeroturnaround.javarebel.integration.websphere.URLByteResourceInformationCBP
5127:             1             16  org.zeroturnaround.javarebel.integration.websphere.WasAppClassLoaderCBP
5128:             1             16  org.zeroturnaround.javarebel.integration.websphere.WasExtClassLoaderCBP
5129:             1             16  org.zeroturnaround.javarebel.integration.websphere.WasReloadableClassLoaderCBP
5130:             1             16  org.zeroturnaround.javarebel.integration.websphere.WasUnifiedClassLoaderCBP
5131:             1             16  org.zeroturnaround.javarebel.integration.websphere.WlpJPAPUnitInfoCBP
5132:             1             16  org.zeroturnaround.javarebel.integration.websphere.WlpShadowClassLoaderCBP
5133:             1             16  org.zeroturnaround.javarebel.integration.wildfly.cbp.BeansXmlProcessorCBP
5134:             1             16  org.zeroturnaround.javarebel.integration.wildfly.cbp.ExternalBeanArchiveProcessorCBP
5135:             1             16  org.zeroturnaround.javarebel.integration.wildfly.cbp.ServerEnvironmentCBP
5136:             1             16  org.zeroturnaround.javarebel.integration.wildfly.undertow.WildFlyPlugin
5137:             1             16  org.zeroturnaround.javarebel.integration.yoko.YokoField
5138:             1             16  org.zeroturnaround.javarebel.integration.yoko.YokoLocalDescriptorsCBP
5139:             1             16  org.zeroturnaround.javarebel.jboss.JbossPlugin
5140:             1             16  org.zeroturnaround.javarebel.jboss7.Jboss7Plugin
5141:             1             16  org.zeroturnaround.javarebel.preferences.FileStore$RetryFS
5142:             1             16  org.zeroturnaround.javarebel.preferences.PreferencesSnapshot
5143:             1             16  org.zeroturnaround.javarebel.preferences.PreferencesTransaction
5144:             1             16  org.zeroturnaround.javarebel.reporting.MixpanelMetrics$1
5145:             1             16  org.zeroturnaround.javarebel.reporting.MixpanelMetrics$9
5146:             1             16  org.zeroturnaround.javarebel.reporting.StatsPersister
5147:             1             16  org.zeroturnaround.javarebel.reporting.Time$DefaultTimeProvider
5148:             1             16  org.zeroturnaround.javarebel.reporting.backend.impl.SegmentIOBackend$HttpBackend
5149:             1             16  org.zeroturnaround.javarebel.reporting.interceptors.ActivatedFilter
5150:             1             16  org.zeroturnaround.javarebel.reporting.interceptors.PIIConsentFilter
5151:             1             16  org.zeroturnaround.javarebel.reporting.interceptors.RemotingFilter
5152:             1             16  org.zeroturnaround.javarebel.reporting.stats.DebuggerStatsListener
5153:             1             16  org.zeroturnaround.javarebel.reporting.stats.SpringStatsListener
5154:             1             16  org.zeroturnaround.javarebel.reporting.stats.UsedContainerManager
5155:             1             16  org.zeroturnaround.javarebel.reporting.stats.UsedContainerManager$ContainerIdentifierListener
5156:             1             16  org.zeroturnaround.javarebel.reporting.stats.repository.impl.RepositoryMetricsStatistics$ModuleDeployStatsListener
5157:             1             16  org.zeroturnaround.javarebel.reporting.stats.repository.impl.RepositoryMetricsStatistics$PropertyStatsListener
5158:             1             16  org.zeroturnaround.javarebel.seamwicket.SeamWicketPlugin
5159:             1             16  org.zeroturnaround.javarebel.service.ServiceRequestIntegrationImpl
5160:             1             16  org.zeroturnaround.javarebel.service.ServiceRequestIntegrationImpl$ListenerPriorityComparator
5161:             1             16  org.zeroturnaround.javarebel.spring.SpringMetrics$SendToStatisticsCollectorStrategy
5162:             1             16  org.zeroturnaround.javarebel.spring.SpringMetrics$ShipInBackgroundThreadStrategy
5163:             1             16  org.zeroturnaround.javarebel.spring.handlermethod.HandlerMethodHelper
5164:             1             16  org.zeroturnaround.javarebel.velocity.VelocityPlugin
5165:             1             16  org.zeroturnaround.jrebel.GrailsCliPlugin
5166:             1             16  org.zeroturnaround.jrebel.adf.core.AdfCorePlugin
5167:             1             16  org.zeroturnaround.jrebel.adf.faces.AdfFacesPlugin
5168:             1             16  org.zeroturnaround.jrebel.apache.commons.compress.archivers.zip.FallbackZipEncoding
5169:             1             16  org.zeroturnaround.jrebel.apache.commons.compress.archivers.zip.JarMarker
5170:             1             16  org.zeroturnaround.jrebel.axon.AxonPlugin
5171:             1             16  org.zeroturnaround.jrebel.bval.BValPlugin
5172:             1             16  org.zeroturnaround.jrebel.camel.CamelPlugin
5173:             1             16  org.zeroturnaround.jrebel.captaincasa.CaptainCasaPlugin
5174:             1             16  org.zeroturnaround.jrebel.deltaspike.DeltaspikePlugin
5175:             1             16  org.zeroturnaround.jrebel.ebean.EbeanPlugin
5176:             1             16  org.zeroturnaround.jrebel.facelets.FaceletsPlugin
5177:             1             16  org.zeroturnaround.jrebel.gemini.blueprint.GeminiBlueprintPlugin
5178:             1             16  org.zeroturnaround.jrebel.glassfish.GlassFishPlugin
5179:             1             16  org.zeroturnaround.jrebel.grails2.Grails2Plugin
5180:             1             16  org.zeroturnaround.jrebel.grails2.util.GrailsVersionComparator
5181:             1             16  org.zeroturnaround.jrebel.grails3.Grails3Plugin
5182:             1             16  org.zeroturnaround.jrebel.groovy.GroovyPlugin
5183:             1             16  org.zeroturnaround.jrebel.hibernate.validator.HibernateValidatorPlugin
5184:             1             16  org.zeroturnaround.jrebel.hibernate.validator.cbp.AnnotationMetaDataProviderCBP
5185:             1             16  org.zeroturnaround.jrebel.hibernate.validator.cbp.BeanMetaDataCacheCBP
5186:             1             16  org.zeroturnaround.jrebel.hibernate.validator.cbp.BeanMetaDataManagerCBP
5187:             1             16  org.zeroturnaround.jrebel.hibernate.validator.cbp.ConfigurationImplCBP
5188:             1             16  org.zeroturnaround.jrebel.hibernate.validator.cbp.ConstraintHelperCBP
5189:             1             16  org.zeroturnaround.jrebel.hibernate.validator.cbp.ConstraintLocationCBP
5190:             1             16  org.zeroturnaround.jrebel.hibernate.validator.cbp.ConstraintValidatorManagerCBP
5191:             1             16  org.zeroturnaround.jrebel.hibernate.validator.cbp.ResolvedTypeCacheCBP
5192:             1             16  org.zeroturnaround.jrebel.hibernate.validator.cbp.ResolvedTypeCacheCBP$KeyCBP
5193:             1             16  org.zeroturnaround.jrebel.hibernate.validator.cbp.ResourceBundleMessageInterpolatorCBP
5194:             1             16  org.zeroturnaround.jrebel.hibernate.validator.cbp.ValidationBootstrapParametersCBP
5195:             1             16  org.zeroturnaround.jrebel.hibernate.validator.cbp.ValidatorClassMapCBP
5196:             1             16  org.zeroturnaround.jrebel.hibernate.validator.cbp.ValidatorDescriptorMapCBP
5197:             1             16  org.zeroturnaround.jrebel.hibernate.validator.cbp.ValidatorFactoryImpl23CBP
5198:             1             16  org.zeroturnaround.jrebel.hibernate.validator.cbp.ValidatorFactoryImplCBP
5199:             1             16  org.zeroturnaround.jrebel.hibernate.validator.cbp.ValidatorImplCBP
5200:             1             16  org.zeroturnaround.jrebel.hibernate.validator.cbp.VersionCBP
5201:             1             16  org.zeroturnaround.jrebel.hk2.HK2Plugin
5202:             1             16  org.zeroturnaround.jrebel.hybris.HybrisPlugin
5203:             1             16  org.zeroturnaround.jrebel.ibatis.IbatisPlugin
5204:             1             16  org.zeroturnaround.jrebel.infinispan.InfinispanPlugin
5205:             1             16  org.zeroturnaround.jrebel.integration.amazon.AmazonPlugin
5206:             1             16  org.zeroturnaround.jrebel.integration.atg.AtgPlugin
5207:             1             16  org.zeroturnaround.jrebel.integration.axis2.Axis2Plugin
5208:             1             16  org.zeroturnaround.jrebel.integration.axis2.was.Axis2WasPlugin
5209:             1             16  org.zeroturnaround.jrebel.integration.click.ClickPlugin
5210:             1             16  org.zeroturnaround.jrebel.integration.eclipselink.EclipseLinkPlugin
5211:             1             16  org.zeroturnaround.jrebel.integration.eclipselinkmoxy.EclipseLinkMOXyPlugin
5212:             1             16  org.zeroturnaround.jrebel.integration.gwt.GwtPlugin
5213:             1             16  org.zeroturnaround.jrebel.integration.jasypt.JasyptPlugin
5214:             1             16  org.zeroturnaround.jrebel.integration.logback.LogbackPlugin
5215:             1             16  org.zeroturnaround.jrebel.integration.logback.cbp.ContextBaseCBP
5216:             1             16  org.zeroturnaround.jrebel.integration.logback.cbp.ContextInitializerCBP
5217:             1             16  org.zeroturnaround.jrebel.integration.logback.cbp.LoggerCBP
5218:             1             16  org.zeroturnaround.jrebel.integration.openjpa.OpenJPAPlugin
5219:             1             16  org.zeroturnaround.jrebel.integration.seam3.Seam3Plugin
5220:             1             16  org.zeroturnaround.jrebel.integration.spring.integration.SpringIntegrationPlugin
5221:             1             16  org.zeroturnaround.jrebel.integration.spring.security.SpringSecurityPlugin
5222:             1             16  org.zeroturnaround.jrebel.integration.springdata.SpringDataPlugin
5223:             1             16  org.zeroturnaround.jrebel.integration.stripes.StripesPlugin
5224:             1             16  org.zeroturnaround.jrebel.integration.tiles1.Tiles1Plugin
5225:             1             16  org.zeroturnaround.jrebel.integration.tiles2.Tiles2Plugin
5226:             1             16  org.zeroturnaround.jrebel.integration.toplink.TopLinkPlugin
5227:             1             16  org.zeroturnaround.jrebel.integration.toplink.spring.TopLinkSpringPlugin
5228:             1             16  org.zeroturnaround.jrebel.intellij.FSNotifyPlugin
5229:             1             16  org.zeroturnaround.jrebel.intellij.FileWatcher$Counter
5230:             1             16  org.zeroturnaround.jrebel.intellij.FileWatcher$ErrorListener
5231:             1             16  org.zeroturnaround.jrebel.intellij.FileWatcher$RegistrationLatch
5232:             1             16  org.zeroturnaround.jrebel.jackson.JacksonPlugin
5233:             1             16  org.zeroturnaround.jrebel.jackson2.Jackson2Plugin
5234:             1             16  org.zeroturnaround.jrebel.jackson2.afterburner.cbp.CreatorOptimizerCBP
5235:             1             16  org.zeroturnaround.jrebel.jackson2.afterburner.cbp.DeserializerModifierCBP
5236:             1             16  org.zeroturnaround.jrebel.jackson2.afterburner.cbp.MyClassLoaderCBP
5237:             1             16  org.zeroturnaround.jrebel.jackson2.afterburner.cbp.PropertyAccessorCollectorCBP
5238:             1             16  org.zeroturnaround.jrebel.jackson2.afterburner.cbp.PropertyMutatorCollectorCBP
5239:             1             16  org.zeroturnaround.jrebel.jackson2.afterburner.cbp.SerializerModifierCBP
5240:             1             16  org.zeroturnaround.jrebel.jackson2.cbp.ClassUtilCBP
5241:             1             16  org.zeroturnaround.jrebel.jackson2.cbp.ReadOnlyClassToSerializerMap2CBP
5242:             1             16  org.zeroturnaround.jrebel.jackson2.cbp.SerializerCache2CBP
5243:             1             16  org.zeroturnaround.jrebel.jackson2.cbp.StdDeserializerProviderCBP
5244:             1             16  org.zeroturnaround.jrebel.jackson2.cbp.TypeFactoryCBP
5245:             1             16  org.zeroturnaround.jrebel.jackson2.cbp.UnwrappingBeanPropertyWriterCBP
5246:             1             16  org.zeroturnaround.jrebel.jaxb.JAXBPlugin
5247:             1             16  org.zeroturnaround.jrebel.jaxb.endorsed.JAXBEndorsedPlugin
5248:             1             16  org.zeroturnaround.jrebel.jaxb.ibm.JAXBIbmPlugin
5249:             1             16  org.zeroturnaround.jrebel.jaxb.java6.JAXBJava6Plugin
5250:             1             16  org.zeroturnaround.jrebel.jaxb.java6.cbp.AccessorInjectorCBP
5251:             1             16  org.zeroturnaround.jrebel.jaxb.java6.cbp.JAXBContextBuilderCBP
5252:             1             16  org.zeroturnaround.jrebel.jaxb.java6.cbp.JAXBContextFactoryCBP
5253:             1             16  org.zeroturnaround.jrebel.jaxb.java6.cbp.JAXBContextImplCBP
5254:             1             16  org.zeroturnaround.jrebel.jbossaop.JBossAOPPlugin
5255:             1             16  org.zeroturnaround.jrebel.jersey.JerseyPlugin
5256:             1             16  org.zeroturnaround.jrebel.jersey2.Jersey2Plugin
5257:             1             16  org.zeroturnaround.jrebel.jruby.JRubyPlugin
5258:             1             16  org.zeroturnaround.jrebel.liferay.LiferayPlugin
5259:             1             16  org.zeroturnaround.jrebel.liferay.LiferayStatusPlugin
5260:             1             16  org.zeroturnaround.jrebel.lift.LiftPlugin
5261:             1             16  org.zeroturnaround.jrebel.magnolia.MagnoliaPlugin
5262:             1             16  org.zeroturnaround.jrebel.mojarra.MojarraPlugin
5263:             1             16  org.zeroturnaround.jrebel.mustache.MustachePlugin
5264:             1             16  org.zeroturnaround.jrebel.mybatis.MyBatisPlugin
5265:             1             16  org.zeroturnaround.jrebel.myfaces.MyFacesPlugin
5266:             1             16  org.zeroturnaround.jrebel.openwebbeans.OpenWebBeansPlugin
5267:             1             16  org.zeroturnaround.jrebel.picketlink.PicketlinkPlugin
5268:             1             16  org.zeroturnaround.jrebel.prettyfaces.PrettyfacesPlugin
5269:             1             16  org.zeroturnaround.jrebel.primefaces.PrimefacesPlugin
5270:             1             16  org.zeroturnaround.jrebel.remoting.RemotingPlugin
5271:             1             16  org.zeroturnaround.jrebel.remoting.RootRemotingPlugin
5272:             1             16  org.zeroturnaround.jrebel.resteasy.ResteasyPlugin
5273:             1             16  org.zeroturnaround.jrebel.resteasy.spring.RESTEasySpringPlugin
5274:             1             16  org.zeroturnaround.jrebel.restlet.RestletPlugin
5275:             1             16  org.zeroturnaround.jrebel.scalate.ScalatePlugin
5276:             1             16  org.zeroturnaround.jrebel.seam.SeamPlugin
5277:             1             16  org.zeroturnaround.jrebel.solder.SolderPlugin
5278:             1             16  org.zeroturnaround.jrebel.spring.metro.SpringMetroPlugin
5279:             1             16  org.zeroturnaround.jrebel.springfox.SpringfoxPlugin
5280:             1             16  org.zeroturnaround.jrebel.springplugin.SpringPluginPlugin
5281:             1             16  org.zeroturnaround.jrebel.springws.SpringWSPlugin
5282:             1             16  org.zeroturnaround.jrebel.stats.id.container.ContainerIdentifierPlugin
5283:             1             16  org.zeroturnaround.jrebel.stats.startup.tomcat.HostConfigCBP
5284:             1             16  org.zeroturnaround.jrebel.stats.startup.tomcat.StandardServerStartCBP
5285:             1             16  org.zeroturnaround.jrebel.switchyard.SwitchYardPlugin
5286:             1             16  org.zeroturnaround.jrebel.thymeleaf.ThymeleafPlugin
5287:             1             16  org.zeroturnaround.jrebel.undertow.UndertowPlugin
5288:             1             16  org.zeroturnaround.jrebel.vaadin.VaadinPlugin
5289:             1             16  org.zeroturnaround.jrebel.vaadin.cdiutils.VaadinCdiutilsPlugin
5290:             1             16  org.zeroturnaround.jrebel.weblogic.WeblogicPlugin
5291:             1             16  org.zeroturnaround.jrebel.websphere.WebsphereJAXRS2Plugin
5292:             1             16  org.zeroturnaround.jrebel.websphere.WebspherePlugin
5293:             1             16  org.zeroturnaround.jrebel.weld.WeldPlugin
5294:             1             16  org.zeroturnaround.jrebel.weld2.Weld2Plugin
5295:             1             16  org.zeroturnaround.jrebel.weld2.glassfish.Weld2GlassfishPlugin
5296:             1             16  org.zeroturnaround.jrebel.weld2.websphere.Weld2WebspherePlugin
5297:             1             16  org.zeroturnaround.jrebel.wicket.WicketPlugin
5298:             1             16  org.zeroturnaround.jrebel.wink.WinkPlugin
5299:             1             16  org.zeroturnaround.jrebel.zk.ZKPlugin
5300:             1             16  sun.management.ClassLoadingImpl
5301:             1             16  sun.management.HotSpotDiagnostic
5302:             1             16  sun.management.ManagementFactoryHelper$PlatformLoggingImpl
5303:             1             16  sun.management.jmxremote.LocalRMIServerSocketFactory
5304:             1             16  sun.misc.ASCIICaseInsensitiveComparator
5305:             1             16  sun.misc.FloatingDecimal$1
5306:             1             16  sun.misc.Launcher
5307:             1             16  sun.misc.Launcher$Factory
5308:             1             16  sun.misc.ObjectInputFilter$Config$$Lambda$8/1738867229
5309:             1             16  sun.misc.Perf
5310:             1             16  sun.misc.Unsafe
5311:             1             16  sun.net.DefaultProgressMeteringPolicy
5312:             1             16  sun.net.ExtendedOptionsImpl$$Lambda$421/454256192
5313:             1             16  sun.net.idn.StringPrep$StringPrepTrieImpl
5314:             1             16  sun.net.spi.DefaultProxySelector
5315:             1             16  sun.net.www.protocol.jar.JarFileFactory
5316:             1             16  sun.nio.ch.ExtendedSocketOption$1
5317:             1             16  sun.nio.ch.FileChannelImpl$1
5318:             1             16  sun.nio.ch.Net$1
5319:             1             16  sun.nio.ch.Util$1
5320:             1             16  sun.nio.ch.WindowsSelectorProvider
5321:             1             16  sun.nio.cs.CharsetMapping$2
5322:             1             16  sun.nio.cs.CharsetMapping$3
5323:             1             16  sun.nio.cs.CharsetMapping$4
5324:             1             16  sun.nio.fs.WindowsChannelFactory$1
5325:             1             16  sun.nio.fs.WindowsFileSystemProvider
5326:             1             16  sun.reflect.GeneratedConstructorAccessor1
5327:             1             16  sun.reflect.GeneratedConstructorAccessor10
5328:             1             16  sun.reflect.GeneratedConstructorAccessor11
5329:             1             16  sun.reflect.GeneratedConstructorAccessor12
5330:             1             16  sun.reflect.GeneratedConstructorAccessor13
5331:             1             16  sun.reflect.GeneratedConstructorAccessor14
5332:             1             16  sun.reflect.GeneratedConstructorAccessor15
5333:             1             16  sun.reflect.GeneratedConstructorAccessor16
5334:             1             16  sun.reflect.GeneratedConstructorAccessor17
5335:             1             16  sun.reflect.GeneratedConstructorAccessor18
5336:             1             16  sun.reflect.GeneratedConstructorAccessor19
5337:             1             16  sun.reflect.GeneratedConstructorAccessor2
5338:             1             16  sun.reflect.GeneratedConstructorAccessor20
5339:             1             16  sun.reflect.GeneratedConstructorAccessor21
5340:             1             16  sun.reflect.GeneratedConstructorAccessor22
5341:             1             16  sun.reflect.GeneratedConstructorAccessor23
5342:             1             16  sun.reflect.GeneratedConstructorAccessor24
5343:             1             16  sun.reflect.GeneratedConstructorAccessor25
5344:             1             16  sun.reflect.GeneratedConstructorAccessor26
5345:             1             16  sun.reflect.GeneratedConstructorAccessor27
5346:             1             16  sun.reflect.GeneratedConstructorAccessor28
5347:             1             16  sun.reflect.GeneratedConstructorAccessor29
5348:             1             16  sun.reflect.GeneratedConstructorAccessor3
5349:             1             16  sun.reflect.GeneratedConstructorAccessor30
5350:             1             16  sun.reflect.GeneratedConstructorAccessor31
5351:             1             16  sun.reflect.GeneratedConstructorAccessor32
5352:             1             16  sun.reflect.GeneratedConstructorAccessor33
5353:             1             16  sun.reflect.GeneratedConstructorAccessor34
5354:             1             16  sun.reflect.GeneratedConstructorAccessor35
5355:             1             16  sun.reflect.GeneratedConstructorAccessor36
5356:             1             16  sun.reflect.GeneratedConstructorAccessor37
5357:             1             16  sun.reflect.GeneratedConstructorAccessor38
5358:             1             16  sun.reflect.GeneratedConstructorAccessor39
5359:             1             16  sun.reflect.GeneratedConstructorAccessor4
5360:             1             16  sun.reflect.GeneratedConstructorAccessor40
5361:             1             16  sun.reflect.GeneratedConstructorAccessor41
5362:             1             16  sun.reflect.GeneratedConstructorAccessor42
5363:             1             16  sun.reflect.GeneratedConstructorAccessor43
5364:             1             16  sun.reflect.GeneratedConstructorAccessor44
5365:             1             16  sun.reflect.GeneratedConstructorAccessor45
5366:             1             16  sun.reflect.GeneratedConstructorAccessor46
5367:             1             16  sun.reflect.GeneratedConstructorAccessor47
5368:             1             16  sun.reflect.GeneratedConstructorAccessor48
5369:             1             16  sun.reflect.GeneratedConstructorAccessor49
5370:             1             16  sun.reflect.GeneratedConstructorAccessor5
5371:             1             16  sun.reflect.GeneratedConstructorAccessor50
5372:             1             16  sun.reflect.GeneratedConstructorAccessor51
5373:             1             16  sun.reflect.GeneratedConstructorAccessor52
5374:             1             16  sun.reflect.GeneratedConstructorAccessor53
5375:             1             16  sun.reflect.GeneratedConstructorAccessor54
5376:             1             16  sun.reflect.GeneratedConstructorAccessor55
5377:             1             16  sun.reflect.GeneratedConstructorAccessor56
5378:             1             16  sun.reflect.GeneratedConstructorAccessor57
5379:             1             16  sun.reflect.GeneratedConstructorAccessor58
5380:             1             16  sun.reflect.GeneratedConstructorAccessor59
5381:             1             16  sun.reflect.GeneratedConstructorAccessor6
5382:             1             16  sun.reflect.GeneratedConstructorAccessor60
5383:             1             16  sun.reflect.GeneratedConstructorAccessor61
5384:             1             16  sun.reflect.GeneratedConstructorAccessor7
5385:             1             16  sun.reflect.GeneratedConstructorAccessor8
5386:             1             16  sun.reflect.GeneratedConstructorAccessor9
5387:             1             16  sun.reflect.GeneratedMethodAccessor1
5388:             1             16  sun.reflect.GeneratedMethodAccessor10
5389:             1             16  sun.reflect.GeneratedMethodAccessor11
5390:             1             16  sun.reflect.GeneratedMethodAccessor12
5391:             1             16  sun.reflect.GeneratedMethodAccessor13
5392:             1             16  sun.reflect.GeneratedMethodAccessor14
5393:             1             16  sun.reflect.GeneratedMethodAccessor15
5394:             1             16  sun.reflect.GeneratedMethodAccessor16
5395:             1             16  sun.reflect.GeneratedMethodAccessor17
5396:             1             16  sun.reflect.GeneratedMethodAccessor18
5397:             1             16  sun.reflect.GeneratedMethodAccessor19
5398:             1             16  sun.reflect.GeneratedMethodAccessor2
5399:             1             16  sun.reflect.GeneratedMethodAccessor20
5400:             1             16  sun.reflect.GeneratedMethodAccessor21
5401:             1             16  sun.reflect.GeneratedMethodAccessor22
5402:             1             16  sun.reflect.GeneratedMethodAccessor23
5403:             1             16  sun.reflect.GeneratedMethodAccessor24
5404:             1             16  sun.reflect.GeneratedMethodAccessor25
5405:             1             16  sun.reflect.GeneratedMethodAccessor26
5406:             1             16  sun.reflect.GeneratedMethodAccessor27
5407:             1             16  sun.reflect.GeneratedMethodAccessor28
5408:             1             16  sun.reflect.GeneratedMethodAccessor29
5409:             1             16  sun.reflect.GeneratedMethodAccessor3
5410:             1             16  sun.reflect.GeneratedMethodAccessor30
5411:             1             16  sun.reflect.GeneratedMethodAccessor31
5412:             1             16  sun.reflect.GeneratedMethodAccessor32
5413:             1             16  sun.reflect.GeneratedMethodAccessor33
5414:             1             16  sun.reflect.GeneratedMethodAccessor34
5415:             1             16  sun.reflect.GeneratedMethodAccessor35
5416:             1             16  sun.reflect.GeneratedMethodAccessor36
5417:             1             16  sun.reflect.GeneratedMethodAccessor37
5418:             1             16  sun.reflect.GeneratedMethodAccessor38
5419:             1             16  sun.reflect.GeneratedMethodAccessor39
5420:             1             16  sun.reflect.GeneratedMethodAccessor4
5421:             1             16  sun.reflect.GeneratedMethodAccessor40
5422:             1             16  sun.reflect.GeneratedMethodAccessor41
5423:             1             16  sun.reflect.GeneratedMethodAccessor42
5424:             1             16  sun.reflect.GeneratedMethodAccessor43
5425:             1             16  sun.reflect.GeneratedMethodAccessor44
5426:             1             16  sun.reflect.GeneratedMethodAccessor45
5427:             1             16  sun.reflect.GeneratedMethodAccessor46
5428:             1             16  sun.reflect.GeneratedMethodAccessor47
5429:             1             16  sun.reflect.GeneratedMethodAccessor48
5430:             1             16  sun.reflect.GeneratedMethodAccessor49
5431:             1             16  sun.reflect.GeneratedMethodAccessor5
5432:             1             16  sun.reflect.GeneratedMethodAccessor50
5433:             1             16  sun.reflect.GeneratedMethodAccessor51
5434:             1             16  sun.reflect.GeneratedMethodAccessor52
5435:             1             16  sun.reflect.GeneratedMethodAccessor53
5436:             1             16  sun.reflect.GeneratedMethodAccessor54
5437:             1             16  sun.reflect.GeneratedMethodAccessor55
5438:             1             16  sun.reflect.GeneratedMethodAccessor56
5439:             1             16  sun.reflect.GeneratedMethodAccessor57
5440:             1             16  sun.reflect.GeneratedMethodAccessor58
5441:             1             16  sun.reflect.GeneratedMethodAccessor59
5442:             1             16  sun.reflect.GeneratedMethodAccessor6
5443:             1             16  sun.reflect.GeneratedMethodAccessor60
5444:             1             16  sun.reflect.GeneratedMethodAccessor62
5445:             1             16  sun.reflect.GeneratedMethodAccessor63
5446:             1             16  sun.reflect.GeneratedMethodAccessor64
5447:             1             16  sun.reflect.GeneratedMethodAccessor65
5448:             1             16  sun.reflect.GeneratedMethodAccessor66
5449:             1             16  sun.reflect.GeneratedMethodAccessor67
5450:             1             16  sun.reflect.GeneratedMethodAccessor68
5451:             1             16  sun.reflect.GeneratedMethodAccessor69
5452:             1             16  sun.reflect.GeneratedMethodAccessor7
5453:             1             16  sun.reflect.GeneratedMethodAccessor70
5454:             1             16  sun.reflect.GeneratedMethodAccessor71
5455:             1             16  sun.reflect.GeneratedMethodAccessor72
5456:             1             16  sun.reflect.GeneratedMethodAccessor73
5457:             1             16  sun.reflect.GeneratedMethodAccessor74
5458:             1             16  sun.reflect.GeneratedMethodAccessor75
5459:             1             16  sun.reflect.GeneratedMethodAccessor76
5460:             1             16  sun.reflect.GeneratedMethodAccessor77
5461:             1             16  sun.reflect.GeneratedMethodAccessor78
5462:             1             16  sun.reflect.GeneratedMethodAccessor79
5463:             1             16  sun.reflect.GeneratedMethodAccessor8
5464:             1             16  sun.reflect.GeneratedMethodAccessor80
5465:             1             16  sun.reflect.GeneratedMethodAccessor81
5466:             1             16  sun.reflect.GeneratedMethodAccessor82
5467:             1             16  sun.reflect.GeneratedMethodAccessor83
5468:             1             16  sun.reflect.GeneratedMethodAccessor84
5469:             1             16  sun.reflect.GeneratedMethodAccessor85
5470:             1             16  sun.reflect.GeneratedMethodAccessor9
5471:             1             16  sun.reflect.GeneratedSerializationConstructorAccessor1
5472:             1             16  sun.reflect.GeneratedSerializationConstructorAccessor10
5473:             1             16  sun.reflect.GeneratedSerializationConstructorAccessor11
5474:             1             16  sun.reflect.GeneratedSerializationConstructorAccessor12
5475:             1             16  sun.reflect.GeneratedSerializationConstructorAccessor13
5476:             1             16  sun.reflect.GeneratedSerializationConstructorAccessor14
5477:             1             16  sun.reflect.GeneratedSerializationConstructorAccessor15
5478:             1             16  sun.reflect.GeneratedSerializationConstructorAccessor16
5479:             1             16  sun.reflect.GeneratedSerializationConstructorAccessor17
5480:             1             16  sun.reflect.GeneratedSerializationConstructorAccessor18
5481:             1             16  sun.reflect.GeneratedSerializationConstructorAccessor19
5482:             1             16  sun.reflect.GeneratedSerializationConstructorAccessor2
5483:             1             16  sun.reflect.GeneratedSerializationConstructorAccessor20
5484:             1             16  sun.reflect.GeneratedSerializationConstructorAccessor21
5485:             1             16  sun.reflect.GeneratedSerializationConstructorAccessor22
5486:             1             16  sun.reflect.GeneratedSerializationConstructorAccessor23
5487:             1             16  sun.reflect.GeneratedSerializationConstructorAccessor25
5488:             1             16  sun.reflect.GeneratedSerializationConstructorAccessor3
5489:             1             16  sun.reflect.GeneratedSerializationConstructorAccessor4
5490:             1             16  sun.reflect.GeneratedSerializationConstructorAccessor5
5491:             1             16  sun.reflect.GeneratedSerializationConstructorAccessor6
5492:             1             16  sun.reflect.GeneratedSerializationConstructorAccessor7
5493:             1             16  sun.reflect.GeneratedSerializationConstructorAccessor8
5494:             1             16  sun.reflect.GeneratedSerializationConstructorAccessor9
5495:             1             16  sun.reflect.MagicInitInvoker
5496:             1             16  sun.reflect.ProxyDefineClassMethodAccessor
5497:             1             16  sun.reflect.ReflectionFactory
5498:             1             16  sun.reflect.generics.reflectiveObjects.GenericArrayTypeImpl
5499:             1             16  sun.reflect.generics.tree.BooleanSignature
5500:             1             16  sun.reflect.generics.tree.BottomSignature
5501:             1             16  sun.reflect.generics.tree.ByteSignature
5502:             1             16  sun.reflect.generics.tree.CharSignature
5503:             1             16  sun.reflect.generics.tree.DoubleSignature
5504:             1             16  sun.reflect.generics.tree.FloatSignature
5505:             1             16  sun.reflect.generics.tree.IntSignature
5506:             1             16  sun.reflect.generics.tree.LongSignature
5507:             1             16  sun.reflect.generics.tree.ShortSignature
5508:             1             16  sun.reflect.generics.tree.VoidDescriptor
5509:             1             16  sun.rmi.registry.RegistryImpl$$Lambda$4/2024453272
5510:             1             16  sun.rmi.registry.RegistryImpl$$Lambda$5/98394724
5511:             1             16  sun.rmi.registry.RegistryImpl_Skel
5512:             1             16  sun.rmi.registry.RegistryImpl_Stub
5513:             1             16  sun.rmi.runtime.Log$LoggerLogFactory
5514:             1             16  sun.rmi.runtime.RuntimeUtil
5515:             1             16  sun.rmi.server.UnicastRef2
5516:             1             16  sun.rmi.server.UnicastServerRef$HashToMethod_Maps
5517:             1             16  sun.rmi.transport.DGCImpl$$Lambda$2/689401025
5518:             1             16  sun.rmi.transport.DGCImpl$1
5519:             1             16  sun.rmi.transport.DGCImpl$2$$Lambda$3/363988129
5520:             1             16  sun.rmi.transport.DGCImpl_Skel
5521:             1             16  sun.rmi.transport.DGCImpl_Stub
5522:             1             16  sun.rmi.transport.proxy.RMIDirectSocketFactory
5523:             1             16  sun.rmi.transport.tcp.TCPTransport$1
5524:             1             16  sun.security.provider.NativeSeedGenerator
5525:             1             16  sun.security.rsa.RSAKeyFactory
5526:             1             16  sun.security.ssl.DummyX509KeyManager
5527:             1             16  sun.security.util.ByteArrayLexOrder
5528:             1             16  sun.security.util.ByteArrayTagOrder
5529:             1             16  sun.security.x509.RFC822Name
5530:             1             16  sun.text.SupplementaryCharacterData
5531:             1             16  sun.text.normalizer.NormalizerBase$Mode
5532:             1             16  sun.text.normalizer.NormalizerBase$NFCMode
5533:             1             16  sun.text.normalizer.NormalizerBase$NFDMode
5534:             1             16  sun.text.normalizer.NormalizerBase$NFKCMode
5535:             1             16  sun.text.normalizer.NormalizerBase$NFKDMode
5536:             1             16  sun.text.normalizer.NormalizerImpl
5537:             1             16  sun.text.normalizer.NormalizerImpl$AuxTrieImpl
5538:             1             16  sun.text.normalizer.NormalizerImpl$FCDTrieImpl
5539:             1             16  sun.text.normalizer.NormalizerImpl$NormTrieImpl
5540:             1             16  sun.util.calendar.Gregorian
5541:             1             16  sun.util.locale.InternalLocaleBuilder$CaseInsensitiveChar
5542:             1             16  sun.util.locale.provider.AuxLocaleProviderAdapter$NullProvider
5543:             1             16  sun.util.locale.provider.CalendarDataUtility$CalendarFieldValueNamesMapGetter
5544:             1             16  sun.util.locale.provider.CalendarDataUtility$CalendarWeekParameterGetter
5545:             1             16  sun.util.locale.provider.CalendarNameProviderImpl$LengthBasedComparator
5546:             1             16  sun.util.locale.provider.SPILocaleProviderAdapter
5547:             1             16  sun.util.locale.provider.TimeZoneNameUtility$TimeZoneNameGetter
5548:             1             16  sun.util.resources.LocaleData
5549:             1             16  sun.util.resources.LocaleData$LocaleDataResourceBundleControl
Total       1770953      148347288

