
 num     #instances         #bytes  class name
----------------------------------------------
   1:       1034131      243458504  [C
   2:         18491       16013568  [I
   3:        565834       13580016  java.lang.String
   4:         46897       11966968  [B
   5:        154908        4723904  [Ljava.lang.Object;
   6:         67679        3790024  java.util.LinkedHashMap
   7:         86036        2983080  [Ljava.lang.String;
   8:        116041        2784984  java.lang.StringBuilder
   9:         26980        2590080  java.lang.reflect.Method
  10:         56435        2257400  java.util.LinkedHashMap$Entry
  11:         68076        2178432  java.util.HashMap$Node
  12:         17997        1907920  [Ljava.util.HashMap$Node;
  13:         43750        1400000  java.util.concurrent.ConcurrentHashMap$Node
  14:         12061        1342016  java.lang.Class
  15:         34153        1092896  java.io.File
  16:          1821         972984  [Lcom.zeroturnaround.javarebel.gwb;
  17:         21681         867240  org.springframework.boot.devtools.filewatch.FileSnapshot
  18:         13103         838592  java.net.URL
  19:         14510         812560  com.zeroturnaround.javarebel.gvw
  20:         11004         792288  org.springframework.core.type.classreading.AnnotationMetadataReadingVisitor
  21:         34188         747688  [Ljava.lang.Class;
  22:         13166         631968  java.nio.HeapCharBuffer
  23:         35825         573200  java.util.LinkedHashSet
  24:         11501         552048  java.util.HashMap
  25:         20145         483480  java.util.ArrayList
  26:          5448         435840  java.lang.reflect.Field
  27:         12956         414592  java.util.LinkedHashMap$LinkedKeyIterator
  28:           250         395024  [Ljava.util.concurrent.ConcurrentHashMap$Node;
  29:         14096         338304  java.lang.StringBuffer
  30:         10502         336064  com.zeroturnaround.javarebel.gwb
  31:          5029         321856  java.util.regex.Matcher
  32:          6443         309264  org.springframework.util.ConcurrentReferenceHashMap$SoftEntryReference
  33:          3719         297520  java.lang.reflect.Constructor
  34:         12307         295368  java.io.ByteArrayOutputStream
  35:         11221         269304  java.util.Collections$UnmodifiableCollection$1
  36:          3698         266256  org.springframework.core.annotation.AnnotationAttributes
  37:         11003         264072  org.springframework.core.type.classreading.SimpleMetadataReader
  38:          5270         252960  com.zeroturnaround.jrebelbase.d
  39:         10495         251880  org.springframework.core.io.UrlResource
  40:         10105         242520  com.zeroturnaround.javarebel.guo
  41:          6882         237240  [Ljava.io.File;
  42:          4859         233232  java.util.StringTokenizer
  43:         14371         229936  java.lang.Object
  44:          6993         223776  java.util.LinkedList
  45:          9268         222432  java.lang.Long
  46:          6779         216928  java.util.ArrayList$Itr
  47:          8978         215472  java.util.LinkedList$Node
  48:         12507         200112  org.springframework.util.LinkedMultiValueMap
  49:         12230         195680  java.util.LinkedHashMap$LinkedValues
  50:          7895         189480  com.zeroturnaround.javarebel.agh
  51:          2944         188416  java.text.DateFormatSymbols
  52:          3836         184128  java.nio.HeapByteBuffer
  53:          4578         183120  java.lang.ref.SoftReference
  54:          2372         160496  [Ljava.lang.reflect.Method;
  55:          6389         153336  org.springframework.util.ConcurrentReferenceHashMap$Entry
  56:          2737         153272  java.lang.Class$ReflectionData
  57:          4783         153056  java.util.Hashtable$Entry
  58:          9406         150496  java.lang.Integer
  59:          6173         148152  java.util.concurrent.CopyOnWriteArrayList$COWIterator
  60:          3060         146880  org.springframework.core.ResolvableType
  61:          1497         119760  java.net.URI
  62:          3684         117888  java.lang.ref.WeakReference
  63:          1225         114648  [Ljava.util.Hashtable$Entry;
  64:          7107         113712  com.zeroturnaround.javarebel.age
  65:          2829         113160  java.lang.ref.Finalizer
  66:          2697         107880  com.zeroturnaround.javarebel.nx
  67:          4292         103008  com.zeroturnaround.javarebel.guq
  68:          2026          81040  java.util.TreeMap$Entry
  69:           839          80544  com.zeroturnaround.reload.ab
  70:          2489          79648  java.util.Vector
  71:          1229          78656  java.util.concurrent.ConcurrentHashMap
  72:          3241          77784  java.util.Date
  73:          3237          77688  java.util.concurrent.LinkedBlockingQueue$Node
  74:           927          77136  [S
  75:           848          76032  [Lcom.zeroturnaround.javarebel.haf;
  76:          3154          75696  org.springframework.core.MethodClassKey
  77:          1892          75680  com.zeroturnaround.javarebel.gww
  78:           905          74200  [Lorg.springframework.util.ConcurrentReferenceHashMap$Reference;
  79:          2315          74080  java.util.concurrent.locks.AbstractQueuedSynchronizer$Node
  80:          1834          73360  java.security.ProtectionDomain
  81:          1307          73192  java.security.Provider$Service
  82:          2263          72416  sun.reflect.DelegatingConstructorAccessorImpl
  83:          2180          69760  java.lang.ref.ReferenceQueue
  84:          4328          69248  com.zeroturnaround.javarebel.gwg
  85:          4219          67504  org.springframework.core.annotation.AnnotationUtils$DefaultValueHolder
  86:          1197          67032  java.lang.invoke.MemberName
  87:          2091          66912  java.util.concurrent.locks.ReentrantLock$NonfairSync
  88:          1180          66080  java.nio.StringCharBuffer
  89:             2          65568  [Lcom.alibaba.fastjson.util.IdentityHashMap$Entry;
  90:          2624          62976  java.security.Provider$ServiceKey
  91:           357          62832  org.springframework.context.annotation.ConfigurationClassBeanDefinitionReader$ConfigurationClassBeanDefinition
  92:          1832          58624  java.security.CodeSource
  93:          1188          57024  java.util.Hashtable
  94:           997          55832  org.springframework.core.type.classreading.MethodMetadataReadingVisitor
  95:          2199          52776  org.zeroturnaround.bundled.javassist.bytecode.Utf8Info
  96:          3193          51088  java.util.LinkedHashMap$LinkedEntrySet
  97:          3190          51040  java.util.HashSet
  98:          1579          50528  java.lang.ThreadLocal$ThreadLocalMap$Entry
  99:          2076          49824  sun.reflect.annotation.AnnotationInvocationHandler
 100:          1029          49392  org.apache.tomcat.util.modeler.AttributeInfo
 101:          1028          49344  org.zeroturnaround.javarebel.integration.util.WeakIdentityHashMap$Entry
 102:          2049          49176  com.zeroturnaround.javarebel.gtb
 103:           844          47264  com.zeroturnaround.reload.z
 104:          1471          47072  java.net.URI$Parser
 105:           270          45360  org.springframework.beans.factory.support.RootBeanDefinition
 106:          1069          42760  java.lang.invoke.MethodType
 107:           111          41736  java.lang.Thread
 108:           866          41568  com.zeroturnaround.javarebel.haf
 109:           847          40656  com.zeroturnaround.javarebel.gzy
 110:           708          39648  sun.nio.cs.UTF_8$Encoder
 111:          1639          38792  [Ljava.lang.reflect.Constructor;
 112:           595          38080  org.springframework.util.LinkedCaseInsensitiveMap$1
 113:          2317          37072  java.util.LinkedHashMap$LinkedKeySet
 114:           448          36976  [Ljava.util.WeakHashMap$Entry;
 115:           441          36144  [Lorg.springframework.boot.context.properties.source.ConfigurationPropertyName$ElementType;
 116:          1462          35088  java.net.URLClassLoader$2
 117:          1458          34992  org.springframework.http.MediaType
 118:          2182          34912  java.lang.ref.ReferenceQueue$Lock
 119:          1451          34824  sun.reflect.generics.tree.SimpleClassTypeSignature
 120:           835          34768  [Ljava.lang.reflect.Field;
 121:          1448          34752  com.zeroturnaround.javarebel.oo
 122:          1080          34560  sun.reflect.DelegatingMethodAccessorImpl
 123:          1073          34336  java.lang.invoke.MethodType$ConcurrentWeakInternSet$WeakEntry
 124:           145          34064  [[C
 125:          1061          33952  org.apache.tomcat.util.http.ValuesEnumerator
 126:          1029          32928  org.apache.tomcat.util.net.NioBlockingSelector$BlockPoller$RunnableRemove
 127:          1363          32712  java.lang.Class$AnnotationData
 128:           328          32224  [Z
 129:           802          32080  java.util.WeakHashMap$Entry
 130:           771          30840  java.io.FileDescriptor
 131:           940          30080  java.util.Collections$SynchronizedMap
 132:          1240          29760  sun.reflect.NativeConstructorAccessorImpl
 133:          1835          29360  java.security.ProtectionDomain$Key
 134:          1834          29344  [Ljava.security.Principal;
 135:          1211          29064  java.util.concurrent.CopyOnWriteArrayList
 136:           516          28896  java.lang.Package
 137:           720          28800  org.springframework.util.ConcurrentReferenceHashMap$Segment
 138:           716          28640  java.util.HashMap$KeyIterator
 139:           438          28032  org.springframework.core.MethodParameter
 140:          1093          27440  [Ljava.lang.annotation.Annotation;
 141:          1451          27024  [Lsun.reflect.generics.tree.TypeArgument;
 142:           562          26976  org.apache.tomcat.util.buf.ByteChunk
 143:          1119          26856  com.zeroturnaround.javarebel.aaf
 144:           558          26784  java.util.concurrent.locks.ReentrantReadWriteLock$NonfairSync
 145:           820          26240  java.util.LinkedList$ListItr
 146:           181          26064  java.text.DecimalFormat
 147:           236          26048  [Ljava.lang.ThreadLocal$ThreadLocalMap$Entry;
 148:           402          25728  com.zeroturnaround.javarebel.gxi
 149:           530          25440  org.apache.tomcat.util.buf.CharChunk
 150:          1058          25392  java.util.jar.Attributes$Name
 151:           788          25216  java.util.LinkedHashMap$LinkedEntryIterator
 152:           523          25104  org.apache.tomcat.util.buf.MessageBytes
 153:           784          25088  java.util.Collections$UnmodifiableMap
 154:            46          24288  [Lorg.zeroturnaround.bundled.javassist.bytecode.ConstInfo;
 155:           753          24096  com.zeroturnaround.javarebel.gtd
 156:          1004          24096  org.springframework.beans.BeanMetadataAttribute
 157:           485          23280  ch.qos.logback.classic.Logger
 158:           725          23200  java.lang.invoke.DirectMethodHandle
 159:          1405          22480  sun.reflect.generics.tree.ClassTypeSignature
 160:           941          22184  [Ljava.lang.reflect.Type;
 161:           451          21648  org.apache.tomcat.util.modeler.OperationInfo
 162:           189          21168  java.util.GregorianCalendar
 163:           327          20928  java.text.DecimalFormatSymbols
 164:          1307          20912  java.util.concurrent.locks.ReentrantLock
 165:           518          20720  org.zeroturnaround.bundled.javassist.bytecode.MethodInfo
 166:           422          20256  java.util.WeakHashMap
 167:           839          20136  com.zeroturnaround.javarebel.gup
 168:           626          20032  com.zeroturnaround.javarebel.gds
 169:           277          19944  com.sun.jmx.remote.util.OrderClassLoaders
 170:           277          19944  javax.management.remote.rmi.RMIConnectionImpl$CombinedClassLoader
 171:           277          19944  javax.management.remote.rmi.RMIConnectionImpl$CombinedClassLoader$ClassLoaderWrapper
 172:           615          19680  org.springframework.asm.Type
 173:           408          19584  org.springframework.web.context.request.ServletWebRequest
 174:           480          19200  java.math.BigInteger
 175:           598          19136  javax.management.MBeanAttributeInfo
 176:           844          18976  [Lorg.springframework.core.ResolvableType;
 177:           779          18696  org.zeroturnaround.bundled.javassist.bytecode.NameAndTypeInfo
 178:           462          18480  sun.nio.cs.UTF_8$Decoder
 179:           189          18144  sun.util.calendar.Gregorian$Date
 180:           563          18016  java.io.FileInputStream
 181:           740          17760  org.springframework.core.io.ClassPathResource
 182:           738          17712  com.zeroturnaround.javarebel.cmy
 183:           524          17704  [Ljava.lang.CharSequence;
 184:          1104          17664  java.util.Collections$UnmodifiableMap$UnmodifiableEntrySet$UnmodifiableEntry
 185:           551          17632  sun.misc.FloatingDecimal$ASCIIToBinaryBuffer
 186:           440          17600  org.springframework.boot.context.properties.source.ConfigurationPropertyName$Elements
 187:           439          17560  org.zeroturnaround.bundled.javassist.bytecode.CodeAttribute
 188:           720          17280  org.springframework.util.ConcurrentReferenceHashMap$ReferenceManager
 189:           272          17264  [J
 190:           704          16896  java.util.concurrent.ConcurrentHashMap$MapEntry
 191:           418          16720  com.zeroturnaround.javarebel.gxe
 192:           695          16680  org.zeroturnaround.bundled.javassist.bytecode.MethodrefInfo
 193:           402          16080  com.zeroturnaround.javarebel.gxm
 194:           996          15936  org.zeroturnaround.javarebel.integration.util.MiscUtil$3
 195:           655          15720  org.apache.tomcat.util.http.parser.Cookie$ByteBuffer
 196:           979          15664  org.springframework.core.ResolvableType$DefaultVariableResolver
 197:           391          15640  com.zeroturnaround.javarebel.od
 198:           463          14816  org.springframework.messaging.support.ExecutorSubscribableChannel$SendTask
 199:           616          14784  org.springframework.util.MimeType
 200:           606          14544  com.zeroturnaround.javarebel.gi
 201:           595          14280  org.springframework.util.LinkedCaseInsensitiveMap
 202:           195          14040  java.util.regex.Pattern
 203:           431          13792  java.lang.invoke.LambdaForm$Name
 204:           844          13504  com.zeroturnaround.reload.aj
 205:           422          13504  org.springframework.core.SerializableTypeWrapper$MethodParameterTypeProvider
 206:           840          13440  com.zeroturnaround.javarebel.abr
 207:           138          13248  org.apache.catalina.webresources.CachedResource
 208:           550          13200  java.util.concurrent.locks.ReentrantReadWriteLock
 209:            47          13048  [Lorg.zeroturnaround.javarebel.integration.util.WeakIdentityHashMap$Entry;
 210:           202          12928  java.util.jar.JarFile
 211:            68          12512  com.fasterxml.jackson.core.json.ReaderBasedJsonParser
 212:           173          12456  sun.reflect.DelegatingClassLoader
 213:           389          12448  sun.reflect.generics.repository.ClassRepository
 214:           259          12432  java.util.zip.Inflater
 215:           205          12272  [Ljava.lang.ref.SoftReference;
 216:           214          11984  sun.util.calendar.ZoneInfo
 217:           213          11928  sun.security.ssl.CipherSuite
 218:           462          11872  [Lorg.springframework.asm.Type;
 219:           133          11704  com.zeroturnaround.javarebel.qe
 220:           727          11632  java.util.HashMap$KeySet
 221:           286          11440  javax.management.MBeanOperationInfo
 222:           475          11400  sun.reflect.generics.reflectiveObjects.ParameterizedTypeImpl
 223:           178          11392  java.text.SimpleDateFormat
 224:           472          11328  sun.reflect.NativeMethodAccessorImpl
 225:           283          11320  sun.util.locale.BaseLocale$Key
 226:           278          11120  org.springframework.web.context.request.ServletRequestAttributes
 227:           694          11104  java.util.Collections$UnmodifiableSet
 228:           196          10976  java.util.ResourceBundle$CacheKey
 229:           274          10960  sun.misc.Cleaner
 230:           341          10912  sun.misc.FDBigInteger
 231:           447          10728  sun.reflect.generics.factory.CoreReflectionFactory
 232:           103          10712  sun.net.www.protocol.file.FileURLConnection
 233:           440          10560  org.springframework.boot.context.properties.source.ConfigurationPropertyName
 234:           439          10536  org.zeroturnaround.bundled.javassist.bytecode.ExceptionTable
 235:           439          10536  org.zeroturnaround.bundled.javassist.bytecode.LineNumberAttribute
 236:           655          10480  com.sun.proxy.$Proxy28
 237:           262          10480  sun.util.locale.InternalLocaleBuilder
 238:           262          10480  sun.util.locale.LanguageTag
 239:           262          10480  sun.util.locale.StringTokenIterator
 240:           436          10464  org.springframework.boot.context.properties.source.PropertyMapping
 241:           186          10416  java.util.concurrent.ConcurrentHashMap$KeyIterator
 242:           325          10400  java.util.LinkedHashMap$LinkedValueIterator
 243:           432          10368  java.lang.Double
 244:           432          10368  org.springframework.core.convert.converter.GenericConverter$ConvertiblePair
 245:           215          10320  java.util.logging.LogManager$LoggerWeakRef
 246:           247           9880  java.io.BufferedInputStream
 247:           410           9840  org.springframework.cglib.core.Signature
 248:           202           9696  java.util.TreeMap
 249:           303           9696  org.apache.tomcat.util.modeler.ParameterInfo
 250:           395           9480  sun.reflect.generics.scope.ClassScope
 251:           147           9408  org.springframework.web.servlet.FlashMap
 252:           146           9344  org.springframework.web.context.support.ServletRequestHandledEvent
 253:           389           9336  sun.reflect.generics.tree.ClassSignature
 254:           194           9312  java.util.ResourceBundle$BundleReference
 255:           581           9296  org.apache.commons.logging.LogAdapter$Log4jLog
 256:           451           9248  [Lorg.apache.tomcat.util.modeler.ParameterInfo;
 257:           441           9184  [Lorg.springframework.web.servlet.HandlerInterceptor;
 258:           378           9072  org.springframework.util.MimeType$$Lambda$91/882356814
 259:           559           8944  java.util.concurrent.locks.ReentrantReadWriteLock$ReadLock
 260:           559           8944  java.util.concurrent.locks.ReentrantReadWriteLock$Sync$ThreadLocalHoldCounter
 261:           559           8944  java.util.concurrent.locks.ReentrantReadWriteLock$WriteLock
 262:           159           8904  java.beans.MethodDescriptor
 263:           371           8904  org.zeroturnaround.bundled.javassist.bytecode.ClassInfo
 264:           222           8880  org.springframework.util.AntPathMatcher$AntPatternComparator$PatternInfo
 265:           138           8832  java.util.stream.ReferencePipeline$3
 266:           363           8712  org.springframework.beans.factory.annotation.InjectionMetadata
 267:           271           8672  java.nio.DirectByteBuffer$Deallocator
 268:           153           8568  java.util.concurrent.ConcurrentHashMap$EntryIterator
 269:           265           8480  org.apache.logging.slf4j.SLF4JLogger
 270:           264           8448  java.util.zip.ZipCoder
 271:           389           8384  [Lsun.reflect.generics.tree.ClassTypeSignature;
 272:           146           8176  java.util.stream.ReferencePipeline$Head
 273:           169           8112  java.lang.invoke.LambdaForm
 274:           202           8080  org.springframework.beans.factory.annotation.InitDestroyAnnotationBeanPostProcessor$LifecycleMetadata
 275:            66           7920  org.springframework.beans.factory.annotation.AnnotatedGenericBeanDefinition
 276:           141           7896  java.util.Calendar$Builder
 277:           448           7792  [Lsun.reflect.generics.tree.FormalTypeParameter;
 278:           174           7720  [Ljava.lang.invoke.LambdaForm$Name;
 279:           320           7680  com.zeroturnaround.javarebel.gvb
 280:           157           7536  java.util.WeakHashMap$KeyIterator
 281:           104           7488  java.util.logging.Logger
 282:           307           7368  java.beans.MethodRef
 283:           181           7240  java.text.DigitList
 284:           452           7232  org.springframework.util.AntPathMatcher$AntPatternComparator
 285:           299           7176  java.util.regex.Pattern$Slice
 286:           221           7072  org.zeroturnaround.javarebel.integration.util.WeakUtil$WeakListenerReference
 287:           294           7056  java.util.ArrayDeque
 288:           437           6992  org.springframework.core.convert.support.GenericConversionService$ConvertersForPair
 289:           124           6944  java.lang.invoke.MethodTypeForm
 290:           216           6912  javax.management.MBeanParameterInfo
 291:           287           6888  java.util.Collections$UnmodifiableRandomAccessList
 292:            78           6864  com.zeroturnaround.javarebel.gdm
 293:           283           6792  java.util.Locale$LocaleKey
 294:           418           6688  com.zeroturnaround.javarebel.gxc
 295:           166           6640  java.util.HashMap$EntryIterator
 296:           206           6592  java.io.FileNotFoundException
 297:           273           6552  java.util.zip.ZStreamRef
 298:           136           6528  com.fasterxml.jackson.core.json.JsonReadContext
 299:           203           6496  com.zeroturnaround.javarebel.gdo
 300:           402           6432  com.zeroturnaround.javarebel.gxp
 301:           201           6432  java.util.RegularEnumSet
 302:           267           6408  java.util.Arrays$ArrayList
 303:            89           6408  java.util.concurrent.ScheduledThreadPoolExecutor$ScheduledFutureTask
 304:           267           6408  org.apache.logging.log4j.message.DefaultFlowMessageFactory
 305:           200           6400  sun.security.util.ObjectIdentifier
 306:           263           6312  org.springframework.boot.autoconfigure.condition.ConditionEvaluationReport$ConditionAndOutcome
 307:           263           6312  org.springframework.boot.autoconfigure.condition.ConditionOutcome
 308:           263           6312  org.springframework.messaging.support.MessageHeaderAccessor$MutableMessageHeaders
 309:           113           6296  [Ljava.nio.ByteBuffer;
 310:           262           6288  org.apache.tomcat.util.http.parser.AcceptLanguage
 311:           262           6288  sun.util.locale.ParseStatus
 312:           196           6272  java.util.ResourceBundle$LoaderReference
 313:           109           6104  [Ljava.util.regex.Pattern$GroupHead;
 314:            95           6080  java.nio.DirectByteBuffer
 315:           377           6032  com.zeroturnaround.javarebel.az
 316:           251           6024  java.util.Collections$UnmodifiableMap$UnmodifiableEntrySet$1
 317:           150           6000  java.security.AccessControlContext
 318:           187           5984  java.lang.invoke.BoundMethodHandle$Species_L
 319:           243           5832  org.apache.catalina.webresources.EmptyResource
 320:           240           5760  org.springframework.context.event.AbstractApplicationEventMulticaster$ListenerCacheKey
 321:           180           5760  org.springframework.core.convert.support.GenericConversionService$ConverterAdapter
 322:           179           5728  java.util.AbstractList$Itr
 323:           238           5712  com.zeroturnaround.javarebel.agl
 324:            59           5664  java.util.jar.JarFile$JarFileEntry
 325:           176           5632  java.util.TreeMap$ValueIterator
 326:           232           5568  java.util.Collections$1
 327:            76           5472  com.fasterxml.jackson.databind.ser.DefaultSerializerProvider$Impl
 328:           247           5448  [Lsun.reflect.generics.tree.FieldTypeSignature;
 329:           227           5448  java.lang.ThreadLocal$ThreadLocalMap
 330:           169           5408  org.springframework.cglib.proxy.MethodProxy
 331:            83           5384  [Ljavax.management.MBeanAttributeInfo;
 332:            96           5376  com.fasterxml.jackson.core.util.TextBuffer
 333:           134           5360  com.zeroturnaround.javarebel.hah
 334:           223           5352  org.springframework.beans.MutablePropertyValues
 335:           334           5344  java.util.HashMap$EntrySet
 336:           167           5344  java.util.logging.LogManager$LogNode
 337:           222           5328  org.springframework.web.socket.TextMessage
 338:            73           5256  com.fasterxml.jackson.databind.deser.DefaultDeserializationContext$Impl
 339:           131           5240  java.io.StringReader
 340:           131           5240  org.apache.tomcat.util.http.parser.Host$MessageBytesReader
 341:           131           5240  org.springframework.web.context.request.async.WebAsyncManager
 342:           218           5232  org.springframework.messaging.support.AbstractMessageChannel$ChannelInterceptorChain
 343:           218           5232  org.springframework.messaging.support.GenericMessage
 344:           216           5184  org.zeroturnaround.javarebel.integration.spring.beans.BeanWithDefinition
 345:           215           5160  com.fasterxml.jackson.databind.type.ClassKey
 346:           321           5136  java.util.jar.Attributes
 347:           118           5112  [Ljava.security.ProtectionDomain;
 348:            91           5096  sun.misc.URLClassPath$JarLoader
 349:           127           5080  com.fasterxml.jackson.databind.introspect.AnnotatedMethod
 350:           209           5016  javax.management.ImmutableDescriptor
 351:           156           4992  java.io.FileOutputStream
 352:            62           4960  sun.net.www.protocol.jar.URLJarFile
 353:           101           4848  com.zeroturnaround.javarebel.gzv
 354:           151           4832  com.sun.jmx.mbeanserver.ConvertingMethod
 355:           198           4752  java.lang.invoke.LambdaForm$NamedFunction
 356:           118           4720  java.io.ObjectStreamField
 357:           173           4712  [Ljava.lang.annotation.ElementType;
 358:           147           4704  org.springframework.web.servlet.HandlerExecutionChain
 359:            73           4672  com.fasterxml.jackson.core.sym.CharsToNameCanonicalizer
 360:           194           4656  com.zeroturnaround.javarebel.ax
 361:           290           4640  com.zeroturnaround.javarebel.SDKLoggerImpl
 362:           193           4632  org.zeroturnaround.bundled.javassist.bytecode.StackMapTable
 363:            96           4608  java.util.TreeMap$AscendingSubMap
 364:           114           4560  java.util.ArrayList$SubList
 365:           114           4560  java.util.ArrayList$SubList$1
 366:            81           4536  com.fasterxml.jackson.core.io.IOContext
 367:           141           4512  java.lang.ProcessImpl
 368:           184           4416  java.io.ExpiringCache$Entry
 369:           138           4416  java.util.AbstractList$ListItr
 370:           138           4416  java.util.ArrayList$ArrayListSpliterator
 371:           138           4416  java.util.ArrayList$ListItr
 372:           138           4416  java.util.stream.Collectors$CollectorImpl
 373:           138           4416  java.util.stream.ReduceOps$3
 374:           138           4416  java.util.stream.ReduceOps$3ReducingSink
 375:           183           4392  org.hibernate.validator.internal.engine.constraintvalidation.ClassBasedValidatorDescriptor
 376:           274           4384  com.sun.proxy.$Proxy34
 377:           273           4368  java.lang.Byte
 378:            54           4320  com.alibaba.fastjson.util.FieldInfo
 379:           266           4256  org.apache.logging.log4j.message.ParameterizedMessageFactory
 380:           266           4256  org.springframework.util.MimeType$$Lambda$456/796273739
 381:           176           4224  org.springframework.boot.web.server.MimeMappings$Mapping
 382:           263           4208  org.springframework.boot.autoconfigure.condition.ConditionMessage
 383:           169           4160  [Ljavax.management.MBeanParameterInfo;
 384:           129           4128  sun.security.util.DerInputBuffer
 385:           129           4128  sun.security.util.DerValue
 386:           256           4096  java.lang.Short
 387:           256           4096  java.util.Collections$UnmodifiableMap$UnmodifiableEntrySet
 388:           127           4064  com.sun.org.apache.xerces.internal.xni.QName
 389:           127           4064  java.lang.invoke.DirectMethodHandle$Special
 390:           101           4040  java.lang.reflect.Parameter
 391:           124           3968  com.alibaba.fastjson.util.IdentityHashMap$Entry
 392:            82           3936  javax.management.MBeanInfo
 393:            69           3864  java.util.concurrent.ConcurrentHashMap$ValueIterator
 394:           160           3840  com.zeroturnaround.javarebel.abm
 395:            96           3840  java.util.TreeMap$NavigableSubMap$SubMapEntryIterator
 396:            10           3840  org.apache.tomcat.util.threads.TaskThread
 397:            68           3808  org.apache.tomcat.util.modeler.ManagedBean
 398:           158           3792  org.springframework.http.server.ServletServerHttpResponse
 399:           158           3792  org.springframework.http.server.ServletServerHttpResponse$ServletResponseHttpHeaders
 400:           118           3776  java.security.Permissions
 401:           236           3776  org.springframework.util.CollectionUtils$MultiValueMapAdapter
 402:            94           3760  org.apache.tomcat.websocket.MessagePart
 403:           156           3744  javax.management.ObjectName$Property
 404:           155           3720  org.zeroturnaround.javarebel.integration.util.WeakUtil$WeakClassEventListenerAdapter
 405:           115           3680  java.io.FilePermission
 406:           131           3664  [Ljavax.management.ObjectName$Property;
 407:            91           3640  sun.nio.fs.WindowsPath
 408:           226           3616  org.springframework.boot.autoconfigure.condition.ConditionEvaluationReport$ConditionAndOutcomes
 409:           113           3616  org.springframework.cglib.proxy.MethodProxy$CreateInfo
 410:            45           3600  [Lorg.springframework.util.ConcurrentReferenceHashMap$Segment;
 411:            64           3584  org.hibernate.validator.internal.util.ConcurrentReferenceHashMap$Segment
 412:           149           3576  org.zeroturnaround.bundled.javassist.bytecode.SignatureAttribute
 413:            74           3552  java.util.concurrent.ThreadPoolExecutor$Worker
 414:            37           3552  org.springframework.beans.GenericTypeAwarePropertyDescriptor
 415:           147           3528  org.springframework.web.servlet.DispatcherServlet$$Lambda$436/1867208492
 416:           147           3528  org.springframework.web.servlet.DispatcherServlet$$Lambda$437/682105256
 417:           220           3520  com.fasterxml.jackson.databind.introspect.AnnotationMap
 418:           146           3504  java.security.Provider$UString
 419:           146           3504  org.springframework.messaging.simp.SimpMessageHeaderAccessor
 420:           109           3488  java.net.InetAddress$InetAddressHolder
 421:           145           3480  java.io.BufferedOutputStream
 422:            87           3480  java.util.HashMap$ValueIterator
 423:           107           3424  java.security.BasicPermissionCollection
 424:            61           3416  org.springframework.web.method.HandlerMethod
 425:            85           3400  org.zeroturnaround.bundled.javassist.bytecode.FieldInfo
 426:           209           3344  com.zeroturnaround.javarebel.gwx
 427:           209           3344  com.zeroturnaround.javarebel.gwy
 428:           209           3344  com.zeroturnaround.javarebel.gxd
 429:           138           3312  com.zeroturnaround.javarebel.fd
 430:           138           3312  java.util.stream.ReferencePipeline$3$1
 431:           103           3296  java.util.regex.Pattern$Curly
 432:           205           3280  com.zeroturnaround.jrebelbase.reflection.u
 433:            68           3264  com.sysmin.core.log.Log
 434:            37           3256  com.alibaba.fastjson.serializer.JSONSerializer
 435:           101           3232  org.springframework.messaging.simp.user.DefaultUserDestinationResolver$ParseResult
 436:           101           3232  org.springframework.messaging.simp.user.UserDestinationResult
 437:           201           3216  java.util.concurrent.atomic.AtomicBoolean
 438:            36           3200  [Lcom.zeroturnaround.javarebel.gzv;
 439:            37           3200  [Ljava.lang.invoke.MethodHandle;
 440:           133           3192  com.zeroturnaround.javarebel.pv
 441:           133           3192  org.springframework.web.servlet.mvc.condition.ProducesRequestCondition
 442:            49           3136  javax.management.openmbean.OpenMBeanAttributeInfoSupport
 443:           130           3120  org.apache.tomcat.util.http.MimeHeaderField
 444:            97           3104  org.springframework.cglib.proxy.MethodProxy$FastClassInfo
 445:           129           3096  sun.security.util.DerInputStream
 446:            96           3072  java.util.TreeMap$AscendingSubMap$AscendingEntrySetView
 447:           126           3024  [Lsun.security.x509.AVA;
 448:            54           3024  com.alibaba.fastjson.serializer.FieldSerializer
 449:           126           3024  sun.security.x509.AVA
 450:           126           3024  sun.security.x509.RDN
 451:            29           3016  java.io.ObjectStreamClass
 452:           158           2992  [Lcom.sun.jmx.mbeanserver.MXBeanMapping;
 453:            91           2936  [Lorg.apache.tomcat.websocket.WsRemoteEndpointImplBase$State;
 454:            90           2880  com.fasterxml.jackson.databind.ser.impl.ReadOnlyClassToSerializerMap$Bucket
 455:            36           2880  org.springframework.web.method.HandlerMethod$ReturnValueMethodParameter
 456:            60           2880  org.springframework.web.servlet.mvc.method.RequestMappingInfo
 457:            90           2880  org.zeroturnaround.javarebel.integration.monitor.MonitoredResource
 458:           118           2832  java.lang.RuntimePermission
 459:            88           2816  org.zeroturnaround.bundled.javassist.bytecode.ExceptionTableEntry
 460:           117           2808  org.springframework.messaging.simp.stomp.StompHeaderAccessor
 461:            58           2784  java.util.concurrent.ConcurrentHashMap$TreeNode
 462:            87           2784  org.zeroturnaround.javarebel.reporting.stats.repository.impl.DayHolder
 463:            87           2784  sun.reflect.generics.reflectiveObjects.TypeVariableImpl
 464:            57           2736  sun.nio.cs.StreamDecoder
 465:            64           2688  [Lorg.hibernate.validator.internal.util.ConcurrentReferenceHashMap$HashEntry;
 466:           168           2688  java.util.Collections$SingletonSet
 467:            84           2688  java.util.regex.Pattern$BnM
 468:            84           2688  org.apache.catalina.util.ManifestResource
 469:            37           2664  java.beans.PropertyDescriptor
 470:           111           2664  java.io.FilePermissionCollection
 471:           111           2664  org.springframework.web.servlet.handler.AbstractUrlHandlerMapping$PathExposingHandlerInterceptor
 472:            37           2664  org.springframework.web.servlet.mvc.method.annotation.ServletInvocableHandlerMethod
 473:            55           2640  java.io.BufferedReader
 474:            66           2640  javax.management.ObjectName
 475:            66           2640  org.springframework.cglib.proxy.Enhancer$EnhancerKey$$KeyFactoryByCGLIB$$4ce19e8f
 476:            71           2624  [Ljavax.management.MBeanOperationInfo;
 477:            36           2592  org.springframework.web.context.request.async.StandardServletAsyncWebRequest
 478:            46           2576  org.zeroturnaround.javarebel.integration.util.WeakIdentityHashMap
 479:            80           2560  com.sysmin.core.jvm.domain.JpsDO
 480:           105           2520  java.util.regex.Pattern$Start
 481:           105           2520  org.zeroturnaround.bundled.javassist.bytecode.FieldrefInfo
 482:           155           2480  java.io.FileInputStream$1
 483:           103           2472  sun.net.www.MessageHeader
 484:            22           2464  org.springframework.context.annotation.ScannedGenericBeanDefinition
 485:            75           2400  java.lang.reflect.WeakCache$CacheValue
 486:            23           2392  com.fasterxml.jackson.databind.ser.impl.FilteredBeanPropertyWriter$MultiView
 487:            99           2376  java.util.Comparator$$Lambda$445/316740616
 488:            99           2376  org.springframework.boot.devtools.filewatch.FolderSnapshot
 489:            37           2368  com.alibaba.fastjson.serializer.SerializeWriter
 490:           105           2360  [Ljava.lang.reflect.TypeVariable;
 491:            98           2352  java.util.Collections$SingletonList
 492:            98           2352  java.util.concurrent.locks.AbstractQueuedSynchronizer$ConditionObject
 493:            98           2352  org.springframework.boot.context.properties.ConfigurationBeanFactoryMetadata$FactoryMetadata
 494:            98           2352  org.springframework.core.convert.TypeDescriptor$AnnotatedElementAdapter
 495:           147           2352  org.springframework.web.servlet.FrameworkServlet$RequestBindingInterceptor
 496:            96           2304  org.zeroturnaround.bundled.javassist.bytecode.StringInfo
 497:            19           2280  java.net.SocksSocketImpl
 498:            40           2240  org.springframework.http.CacheControl
 499:            23           2208  com.fasterxml.jackson.databind.ser.BeanPropertyWriter
 500:            92           2208  org.springframework.core.convert.TypeDescriptor
 501:            91           2184  org.springframework.core.io.FileSystemResource
 502:            91           2184  sun.reflect.generics.tree.FormalTypeParameter
 503:            68           2176  com.fasterxml.jackson.databind.util.ObjectBuffer
 504:            68           2176  java.util.concurrent.LinkedBlockingQueue$Itr
 505:            19           2160  [[B
 506:            90           2160  org.zeroturnaround.javarebel.support.FileResource
 507:            45           2160  sun.util.locale.LocaleObjectCache$CacheEntry
 508:           134           2144  com.zeroturnaround.javarebel.hac
 509:            67           2144  java.lang.reflect.Proxy$Key1
 510:            67           2144  org.springframework.http.HttpStatus
 511:           133           2128  com.sun.proxy.$Proxy21
 512:           133           2128  java.util.TreeMap$Values
 513:            19           2128  org.springframework.beans.factory.support.GenericBeanDefinition
 514:            53           2120  sun.security.ec.NamedCurve
 515:            88           2112  java.util.regex.Pattern$Single
 516:            19           2096  [Lorg.springframework.boot.context.properties.source.PropertyMapping;
 517:           131           2096  org.springframework.context.i18n.SimpleLocaleContext
 518:            65           2080  org.springframework.cglib.core.WeakCacheKey
 519:            65           2080  org.springframework.cglib.proxy.Enhancer$EnhancerFactoryData
 520:           130           2080  org.springframework.http.server.ServletServerHttpResponse$$Lambda$457/637273604
 521:            65           2080  sun.reflect.annotation.AnnotationType
 522:            64           2048  com.zeroturnaround.reload.e
 523:           128           2048  java.lang.Character
 524:            64           2048  org.springframework.messaging.simp.broker.DefaultSubscriptionRegistry$DestinationCache$$Lambda$467/41453607
 525:            64           2048  org.springframework.web.socket.messaging.SessionSubscribeEvent
 526:            85           2040  java.util.Collections$SetFromMap
 527:            36           2016  org.springframework.validation.support.BindingAwareModelMap
 528:            18           2016  sun.nio.ch.SocketChannelImpl
 529:            50           2000  com.zeroturnaround.javarebel.awm
 530:           125           2000  java.lang.ThreadLocal
 531:            82           1968  com.zeroturnaround.javarebel.gtf
 532:            81           1944  com.zeroturnaround.jrebelbase.reflection.n
 533:            81           1944  com.zeroturnaround.jrebelbase.reflection.s
 534:           120           1920  java.util.regex.Pattern$Dot
 535:             5           1920  org.apache.tomcat.websocket.BackgroundProcessManager$WsBackgroundThread
 536:            80           1920  org.springframework.messaging.simp.broker.DefaultSubscriptionRegistry$Subscription
 537:            60           1920  org.springframework.web.servlet.mvc.condition.PatternsRequestCondition
 538:            48           1920  sun.reflect.generics.repository.MethodRepository
 539:            59           1888  sun.reflect.generics.tree.MethodTypeSignature
 540:            78           1872  com.zeroturnaround.javarebel.gdn
 541:            78           1872  com.zeroturnaround.javarebel.gdp
 542:            78           1872  com.zeroturnaround.javarebel.gdr
 543:            78           1872  java.util.regex.Pattern$GroupHead
 544:            78           1872  java.util.regex.Pattern$GroupTail
 545:            13           1872  org.apache.tomcat.util.net.NioEndpoint$NioSocketWrapper
 546:           116           1856  org.springframework.expression.common.LiteralExpression
 547:            46           1840  java.util.IdentityHashMap
 548:            76           1824  org.springframework.messaging.simp.SimpAttributes
 549:            45           1800  org.springframework.util.ConcurrentReferenceHashMap
 550:            32           1792  org.springframework.web.util.UriComponentsBuilder
 551:            74           1768  [Ljava.lang.reflect.Parameter;
 552:            55           1760  org.springframework.http.server.ServletServerHttpRequest
 553:            54           1728  java.net.Inet6Address
 554:            54           1728  java.net.Inet6Address$Inet6AddressHolder
 555:           108           1728  java.util.concurrent.atomic.AtomicInteger
 556:            36           1728  org.springframework.web.method.support.ModelAndViewContainer
 557:           107           1712  org.springframework.web.servlet.mvc.condition.ProducesRequestCondition$$Lambda$448/639656986
 558:           107           1712  org.springframework.web.servlet.mvc.method.RequestMappingInfoHandlerMapping$PartialMatchHelper
 559:            53           1696  java.security.spec.EllipticCurve
 560:           106           1696  org.zeroturnaround.javarebel.integration.util.MiscUtil$2
 561:            35           1680  com.zeroturnaround.javarebel.gzo
 562:            30           1680  org.apache.tomcat.util.res.StringManager$1
 563:            19           1672  java.net.DualStackPlainSocketImpl
 564:            26           1664  com.fasterxml.jackson.databind.introspect.AnnotatedClass
 565:            69           1656  java.util.regex.Pattern$TreeInfo
 566:           103           1648  org.apache.juli.logging.DirectJDKLog
 567:            41           1640  org.springframework.core.log.CompositeLog
 568:            34           1632  com.fasterxml.jackson.databind.type.SimpleType
 569:            51           1632  org.springframework.format.support.FormattingConversionService$AnnotationParserConverter
 570:            51           1632  org.springframework.format.support.FormattingConversionService$AnnotationPrinterConverter
 571:            68           1632  org.zeroturnaround.bundled.javassist.bytecode.InterfaceMethodrefInfo
 572:            34           1632  sun.nio.cs.StreamEncoder
 573:            67           1608  org.springframework.boot.autoconfigure.condition.OnClassCondition
 574:            67           1608  org.springframework.core.type.StandardAnnotationMetadata
 575:            25           1600  org.zeroturnaround.bundled.javassist.CtClassType
 576:            40           1600  sun.management.DiagnosticCommandArgumentInfo
 577:            66           1584  com.zeroturnaround.reload.d
 578:            65           1560  com.sun.jmx.mbeanserver.NamedObject
 579:            65           1560  org.apache.tomcat.util.collections.CaseInsensitiveKeyMap$Key
 580:            39           1560  org.apache.tomcat.util.collections.ManagedConcurrentWeakHashMap$Key
 581:            39           1544  [Lorg.apache.catalina.core.ApplicationFilterConfig;
 582:            96           1536  java.util.HashMap$Values
 583:            96           1536  java.util.WeakHashMap$KeySet
 584:            48           1536  java.util.regex.Pattern$Branch
 585:            32           1536  org.springframework.web.util.HierarchicalUriComponents
 586:            64           1536  sun.nio.ch.Util$BufferCache
 587:            96           1536  sun.reflect.generics.tree.TypeVariableSignature
 588:            63           1520  [Lcom.fasterxml.jackson.databind.JavaType;
 589:            95           1520  java.io.FileOutputStream$1
 590:            95           1520  java.util.concurrent.CopyOnWriteArraySet
 591:            63           1512  com.fasterxml.jackson.databind.introspect.MemberKey
 592:            31           1488  com.fasterxml.jackson.core.json.JsonWriteContext
 593:            93           1488  com.sun.proxy.$Proxy11
 594:            92           1472  com.sun.proxy.$Proxy36
 595:            46           1472  org.springframework.boot.context.properties.bind.JavaBeanBinder$BeanProperty
 596:            61           1464  java.util.regex.Pattern$BitClass
 597:            48           1448  [Ljava.util.regex.Pattern$Node;
 598:            45           1440  com.zeroturnaround.javarebel.fxz
 599:            30           1440  java.time.temporal.ValueRange
 600:            60           1440  org.springframework.core.annotation.AnnotationUtils$AnnotationCacheKey
 601:            59           1416  org.springframework.boot.autoconfigure.condition.OnBeanCondition
 602:            25           1400  java.util.zip.ZipFile$ZipFileInflaterInputStream
 603:            25           1400  java.util.zip.ZipFile$ZipFileInputStream
 604:            35           1400  org.springframework.core.annotation.AnnotationUtils$AliasDescriptor
 605:            16           1392  [Ljava.lang.Byte;
 606:            87           1392  sun.reflect.BootstrapConstructorAccessorImpl
 607:            50           1384  [Ljava.io.ObjectStreamField;
 608:            59           1384  [Lsun.reflect.generics.tree.TypeSignature;
 609:             1           1376  [Lsun.misc.FDBigInteger;
 610:            43           1376  java.io.DataOutputStream
 611:            43           1376  sun.reflect.generics.reflectiveObjects.WildcardTypeImpl
 612:            43           1376  sun.security.x509.AlgorithmId
 613:            57           1368  java.io.InputStreamReader
 614:            57           1368  org.zeroturnaround.bundled.javassist.bytecode.ExceptionsAttribute
 615:            17           1360  org.springframework.web.servlet.mvc.method.annotation.ExtendedServletRequestDataBinder
 616:            42           1344  [Ljava.time.format.DateTimeFormatterBuilder$DateTimePrinterParser;
 617:            42           1344  org.springframework.format.support.FormattingConversionService$PrinterConverter
 618:            28           1344  sun.security.x509.X500Name
 619:            55           1320  org.apache.catalina.LifecycleEvent
 620:            54           1296  com.alibaba.fastjson.serializer.BeanContext
 621:            54           1296  java.security.spec.ECPoint
 622:            53           1280  [Lcom.fasterxml.jackson.databind.introspect.AnnotationMap;
 623:            39           1280  [Ljava.math.BigInteger;
 624:            40           1280  com.fasterxml.jackson.databind.util.TypeKey
 625:            32           1280  java.util.PropertyResourceBundle
 626:            40           1280  org.apache.tomcat.util.http.NamesEnumerator
 627:            13           1248  com.fasterxml.jackson.core.json.UTF8JsonGenerator
 628:            31           1240  org.apache.tomcat.util.modeler.BaseModelMBean
 629:            77           1232  java.util.concurrent.atomic.AtomicReference
 630:             7           1232  org.apache.coyote.Request
 631:            51           1224  java.net.InetSocketAddress$InetSocketAddressHolder
 632:            51           1224  java.util.Collections$SynchronizedSet
 633:            51           1224  java.util.concurrent.Executors$RunnableAdapter
 634:            51           1224  org.springframework.core.convert.support.GenericConversionService$ConverterCacheKey
 635:            76           1216  com.sun.proxy.$Proxy39
 636:            38           1216  com.zeroturnaround.javarebel.gdi
 637:            38           1216  java.lang.StringCoding$StringEncoder
 638:            19           1216  org.zeroturnaround.bundled.javassist.bytecode.ClassFile
 639:            30           1200  java.math.BigDecimal
 640:            30           1200  java.time.format.DateTimeFormatter
 641:            30           1200  java.time.temporal.ChronoField
 642:            50           1200  java.util.jar.Manifest
 643:            37           1184  com.alibaba.fastjson.serializer.SerialContext
 644:            37           1184  org.springframework.messaging.simp.broker.SimpleBrokerMessageHandler$$Lambda$472/707873527
 645:            49           1176  java.util.concurrent.atomic.AtomicLong
 646:            49           1176  java.util.regex.Pattern$Ctype
 647:             7           1176  org.apache.catalina.connector.Request
 648:            73           1168  org.springframework.beans.factory.support.ConstructorResolver$AutowiredArgumentMarker
 649:            24           1152  com.fasterxml.jackson.databind.introspect.BasicBeanDescription
 650:            36           1152  com.fasterxml.jackson.databind.introspect.POJOPropertyBuilder$Linked
 651:            16           1152  org.apache.catalina.core.ApplicationHttpRequest
 652:            48           1152  org.springframework.scheduling.support.DelegatingErrorHandlingRunnable
 653:            36           1152  org.springframework.web.servlet.mvc.method.annotation.RequestMappingHandlerAdapter$$Lambda$440/161765989
 654:            48           1152  sun.reflect.generics.scope.MethodScope
 655:            48           1152  sun.reflect.generics.tree.Wildcard
 656:            55           1144  [Lorg.apache.catalina.Container;
 657:            69           1136  [Lorg.springframework.web.bind.annotation.RequestMethod;
 658:            47           1128  org.springframework.web.socket.sockjs.transport.session.AbstractSockJsSession$HeartbeatTask
 659:            47           1128  org.zeroturnaround.javarebel.integration.util.WeakUtil$WeakClassBytecodeProcessorAdapter
 660:             6           1120  [Lcom.fasterxml.jackson.databind.ser.impl.ReadOnlyClassToSerializerMap$Bucket;
 661:            35           1120  java.time.format.DateTimeFormatterBuilder$NumberPrinterParser
 662:            20           1120  org.springframework.core.ResolvableType$1
 663:            14           1120  sun.security.x509.X509CertImpl
 664:            46           1104  com.zeroturnaround.javarebel.cmz
 665:            46           1096  [Lcom.zeroturnaround.javarebel.oc;
 666:            68           1088  [Lorg.apache.tomcat.util.modeler.NotificationInfo;
 667:            17           1088  org.apache.catalina.mapper.MappingData
 668:            15           1080  org.springframework.web.method.HandlerMethod$HandlerMethodParameter
 669:            45           1080  org.springframework.web.socket.sockjs.frame.SockJsFrame
 670:            67           1072  com.sun.proxy.$Proxy4
 671:             2           1056  [Ljava.lang.Integer;
 672:             2           1056  [Ljava.lang.Long;
 673:             2           1056  [Ljava.lang.Short;
 674:            22           1056  java.util.Properties
 675:            44           1056  org.apache.coyote.ActionCode
 676:             1           1040  [Lsun.text.normalizer.UnicodeSet;
 677:            65           1040  org.springframework.context.annotation.ConfigurationClassEnhancer$BeanFactoryAwareGeneratorStrategy
 678:            32           1024  org.apache.catalina.core.ApplicationMapping$MappingImpl
 679:            28           1008  [Lsun.security.x509.RDN;
 680:            63           1008  com.sun.proxy.$Proxy1
 681:            63           1008  com.sun.proxy.$Proxy7
 682:            42           1008  java.time.format.DateTimeFormatterBuilder$CompositePrinterParser
 683:            42           1008  java.util.concurrent.ConcurrentLinkedQueue$Node
 684:            42           1008  org.springframework.format.support.FormattingConversionService$ParserConverter
 685:            42           1008  org.springframework.util.AntPathMatcher$AntPathStringMatcher
 686:            18           1008  sun.nio.cs.ISO_8859_1$Encoder
 687:            21           1008  sun.util.locale.provider.LocaleResources$ResourceReference
 688:            25           1000  sun.security.ssl.SupportedEllipticCurvesExtension$NamedEllipticCurve
 689:            30            960  com.fasterxml.jackson.databind.type.TypeBindings
 690:            60            960  com.zeroturnaround.javarebel.gvc
 691:            40            960  java.net.Inet4Address
 692:            30            960  java.security.Provider$EngineDescription
 693:            24            960  org.springframework.beans.factory.support.DisposableBeanAdapter
 694:            60            960  org.springframework.web.servlet.mvc.condition.RequestConditionHolder
 695:            40            952  [Ljava.security.cert.Certificate;
 696:            39            936  java.util.regex.Pattern$5
 697:            39            936  org.springframework.web.method.support.HandlerMethodArgumentResolverComposite
 698:            29            928  java.io.ObjectStreamClass$WeakClassKey
 699:            10            912  [D
 700:            19            912  [[Lorg.zeroturnaround.bundled.javassist.bytecode.ConstInfo;
 701:            19            912  sun.management.DiagnosticCommandInfo
 702:            14            896  [Lorg.apache.tomcat.util.http.MimeHeaderField;
 703:            28            896  com.fasterxml.jackson.databind.DeserializationFeature
 704:            16            896  com.fasterxml.jackson.databind.type.CollectionType
 705:            16            896  org.springframework.ui.ModelMap
 706:            16            896  sun.security.util.MemoryCache$SoftCacheEntry
 707:            37            888  org.springframework.web.servlet.mvc.method.annotation.ServletRequestDataBinderFactory
 708:            22            880  com.sun.jmx.mbeanserver.MXBeanSupport
 709:            36            864  com.sun.org.apache.xerces.internal.util.XMLStringBuffer
 710:            54            864  com.sun.proxy.$Proxy6
 711:            36            864  com.zeroturnaround.javarebel.gly
 712:            18            864  java.util.EnumMap
 713:            18            864  java.util.concurrent.LinkedBlockingQueue
 714:             6            864  org.apache.tomcat.websocket.WsSession
 715:            18            864  org.springframework.beans.SimpleTypeConverter
 716:            36            864  org.springframework.web.method.annotation.ModelFactory
 717:            36            864  org.springframework.web.servlet.handler.AbstractHandlerMethodMapping$Match
 718:            36            864  org.springframework.web.servlet.handler.AbstractHandlerMethodMapping$MatchComparator
 719:            36            864  org.springframework.web.servlet.mvc.method.annotation.RequestMappingHandlerAdapter$$Lambda$439/206922740
 720:            36            864  org.zeroturnaround.javarebel.integration.util.WeakUtil$1
 721:            35            840  com.fasterxml.jackson.core.io.JsonStringEncoder
 722:            21            840  java.util.concurrent.LinkedBlockingDeque
 723:            15            840  javax.management.openmbean.ArrayType
 724:            35            840  org.springframework.web.method.annotation.SessionAttributesHandler$$Lambda$443/1742892465
 725:            26            832  com.fasterxml.jackson.databind.MapperFeature
 726:            26            832  org.hibernate.validator.internal.engine.valueextraction.ValueExtractorDescriptor
 727:            45            816  [Ljavax.management.MBeanNotificationInfo;
 728:            34            816  java.io.OutputStreamWriter
 729:            51            816  java.net.InetSocketAddress
 730:             5            800  [Ljava.lang.Thread;
 731:            25            800  com.fasterxml.jackson.core.io.SerializedString
 732:            20            800  com.fasterxml.jackson.databind.ObjectWriter
 733:            33            792  com.zeroturnaround.javarebel.ur
 734:            33            792  java.util.concurrent.ConcurrentHashMap$KeySetView
 735:            33            792  org.springframework.beans.factory.config.ConstructorArgumentValues
 736:            14            784  java.util.zip.Deflater
 737:             7            784  org.apache.coyote.Response
 738:            49            784  org.apache.tomcat.websocket.WsRemoteEndpointImplBase$BlockingSendHandler
 739:             2            784  org.springframework.boot.devtools.restart.Restarter$LeakSafeThread
 740:            14            784  sun.security.x509.X509CertInfo
 741:             8            768  [Lcom.sun.org.apache.xerces.internal.xni.QName;
 742:            24            768  com.fasterxml.jackson.databind.introspect.AnnotatedField
 743:            32            768  com.sun.jmx.mbeanserver.DefaultMXBeanMappingFactory$IdentityMapping
 744:            16            768  com.sun.org.apache.xerces.internal.util.XMLAttributesImpl$Attribute
 745:            48            768  java.util.regex.Pattern$BranchConn
 746:            16            768  org.apache.catalina.core.ApplicationDispatcher
 747:            24            768  org.springframework.web.servlet.handler.AbstractHandlerMethodMapping$MappingRegistration
 748:            24            768  sun.security.x509.OIDMap$OIDInfo
 749:            19            760  org.apache.tomcat.util.buf.Utf8Decoder
 750:            39            744  [Lcom.alibaba.fastjson.serializer.SerializerFeature;
 751:            31            744  com.sun.org.apache.xerces.internal.xni.XMLString
 752:            31            744  com.zeroturnaround.javarebel.guf
 753:            31            744  java.util.regex.Pattern$1
 754:            23            736  com.fasterxml.jackson.databind.SerializationFeature
 755:            23            736  com.sun.jmx.mbeanserver.WeakIdentityHashMap$IdentityWeakReference
 756:            23            736  org.apache.catalina.core.ApplicationFilterChain
 757:            44            728  [Ljavax.management.MBeanConstructorInfo;
 758:            13            728  java.lang.invoke.LambdaFormEditor$Transform
 759:             7            728  org.apache.coyote.http11.Http11Processor
 760:             5            720  [Lcom.fasterxml.jackson.core.sym.CharsToNameCanonicalizer$Bucket;
 761:             9            720  [Lcom.zeroturnaround.javarebel.avx;
 762:             5            720  [Ljava.beans.MethodDescriptor;
 763:            30            720  com.alibaba.fastjson.serializer.SerializerFeature
 764:             9            720  com.zeroturnaround.javarebel.gdq
 765:            15            720  java.lang.management.PlatformComponent
 766:            30            720  java.util.regex.Pattern$7
 767:            30            720  org.apache.tomcat.util.res.StringManager
 768:             6            720  org.apache.tomcat.websocket.server.WsRemoteEndpointImplServer
 769:            18            720  org.hibernate.validator.internal.metadata.aggregated.CascadingMetaDataBuilder
 770:            30            720  org.jboss.logging.Log4j2Logger
 771:            22            704  java.util.Locale
 772:            11            704  sun.nio.cs.ext.DoubleByte$Encoder
 773:            17            680  org.springframework.util.AntPathMatcher
 774:            12            672  com.fasterxml.jackson.databind.introspect.POJOPropertyBuilder
 775:            28            672  com.zeroturnaround.javarebel.gue
 776:            21            672  java.util.PropertyPermission
 777:            21            672  java.util.concurrent.ConcurrentHashMap$ForwardingNode
 778:             6            672  org.apache.tomcat.websocket.server.WsFrameServer
 779:            42            672  org.springframework.core.DefaultParameterNameDiscoverer
 780:            42            672  org.springframework.core.LocalVariableTableParameterNameDiscoverer
 781:            42            672  org.springframework.core.StandardReflectionParameterNameDiscoverer
 782:            28            672  org.springframework.web.servlet.handler.AbstractHandlerMapping$CorsInterceptor
 783:            12            672  sun.security.ssl.CipherSuite$BulkCipher
 784:            21            672  sun.util.locale.BaseLocale
 785:             9            648  com.zeroturnaround.javarebel.ggp
 786:            12            640  [Lcom.alibaba.fastjson.serializer.FieldSerializer;
 787:            12            640  [Lcom.alibaba.fastjson.util.FieldInfo;
 788:            40            640  com.sun.proxy.$Proxy51
 789:            20            640  java.lang.ProcessBuilder
 790:            16            640  org.apache.catalina.core.ApplicationDispatcher$State
 791:            20            640  org.zeroturnaround.javarebel.reporting.MessageType
 792:            16            640  sun.misc.FloatingDecimal$BinaryToASCIIBuffer
 793:            10            640  sun.nio.ch.FileChannelImpl
 794:            20            640  sun.security.x509.URIName
 795:             3            624  [Ljava.lang.invoke.LambdaForm;
 796:            20            624  [Ljava.net.InetAddress;
 797:            13            624  com.fasterxml.jackson.core.JsonToken
 798:            26            624  java.security.spec.ECFieldF2m
 799:            26            624  java.time.Duration
 800:            39            624  java.util.regex.Pattern$CharPropertyNames$1
 801:            26            624  org.hibernate.validator.internal.engine.valueextraction.ValueExtractorDescriptor$Key
 802:            11            616  com.fasterxml.jackson.databind.cfg.BaseSettings
 803:             7            616  org.apache.coyote.RequestInfo
 804:             7            616  org.apache.coyote.http11.Http11InputBuffer
 805:            19            608  org.zeroturnaround.bundled.javassist.bytecode.ConstPool
 806:            19            608  sun.management.DiagnosticCommandImpl$Wrapper
 807:            15            600  com.sun.jmx.mbeanserver.PerInterface
 808:            25            600  com.sun.jmx.mbeanserver.PerInterface$MethodAndSig
 809:            25            600  com.zeroturnaround.jrebel.bundled.org.apache.commons.logging.impl.SLF4JLog
 810:            15            600  java.lang.invoke.DirectMethodHandle$Accessor
 811:            15            600  sun.nio.ch.SocketAdaptor
 812:            25            600  sun.nio.cs.CharsetMapping$Entry
 813:            37            592  org.springframework.messaging.support.MessageHeaderAccessor$$Lambda$473/1671748845
 814:             6            576  com.sysmin.core.jvm.domain.jstat.GcHeapDO
 815:             9            576  com.zeroturnaround.javarebel.axz
 816:            12            576  org.hibernate.validator.internal.metadata.raw.ConstrainedExecutable
 817:            18            576  org.springframework.context.event.AbstractApplicationEventMulticaster$ListenerRetriever
 818:            36            576  org.springframework.http.HttpHeaders
 819:            36            576  org.springframework.ui.ModelMap$$Lambda$441/2008844861
 820:            36            576  org.springframework.web.bind.support.SimpleSessionStatus
 821:            36            576  org.springframework.web.context.request.async.WebAsyncManager$$Lambda$442/967570750
 822:            36            576  org.springframework.web.servlet.mvc.method.RequestMappingInfoHandlerMapping$$Lambda$438/121091984
 823:            24            576  org.springframework.web.util.UrlPathHelper
 824:            18            576  org.zeroturnaround.jrebel.stats.id.container.ServerType
 825:            24            576  sun.nio.ch.SocketOptionRegistry$RegistryKey
 826:            14            560  [Lcom.fasterxml.jackson.core.JsonEncoding;
 827:            10            560  com.fasterxml.jackson.databind.type.MapType
 828:            14            560  javax.management.openmbean.SimpleType
 829:            14            560  org.apache.tomcat.util.http.ServerCookie
 830:            14            560  org.springframework.beans.propertyeditors.CustomNumberEditor
 831:            35            560  org.springframework.core.MethodParameter$$Lambda$129/2120063568
 832:            10            560  sun.invoke.util.Wrapper
 833:            10            560  sun.security.provider.SHA
 834:             4            552  [Ljava.util.concurrent.RunnableScheduledFuture;
 835:            23            552  com.alibaba.fastjson.parser.Feature
 836:            23            552  java.util.concurrent.locks.ReentrantReadWriteLock$Sync$HoldCounter
 837:            23            552  java.util.regex.Pattern$CharProperty$1
 838:            23            552  org.apache.catalina.core.ApplicationMapping
 839:            23            552  org.springframework.web.socket.CloseStatus
 840:             2            544  [Ljava.lang.Character;
 841:            17            544  com.sun.org.apache.xerces.internal.util.AugmentationsImpl$SmallContainer
 842:            17            544  java.lang.ConditionalSpecialCasing$Entry
 843:            34            544  java.time.format.DateTimeFormatterBuilder$CharLiteralPrinterParser
 844:            17            544  org.springframework.core.annotation.DefaultAnnotationAttributeExtractor
 845:            34            544  org.springframework.util.LinkedMultiValueMap$$Lambda$471/921419418
 846:             1            536  org.springframework.boot.web.embedded.tomcat.TomcatEmbeddedContext
 847:            22            528  com.zeroturnaround.licensing.b
 848:            22            528  java.io.ObjectStreamClass$ClassDataSlot
 849:            22            528  java.util.regex.Pattern$Ques
 850:             6            528  org.springframework.web.socket.sockjs.transport.session.WebSocketServerSockJsSession
 851:            13            520  java.lang.invoke.MethodHandleImpl$IntrinsicMethodHandle
 852:            16            512  java.lang.StringCoding$StringDecoder
 853:             8            512  java.security.SecureRandom
 854:            16            512  java.time.temporal.ChronoUnit
 855:             8            512  org.springframework.beans.factory.support.DefaultListableBeanFactory$NestedDependencyDescriptor
 856:            32            512  org.springframework.util.CollectionUtils$$Lambda$357/1915259704
 857:            16            512  org.springframework.web.servlet.ModelAndView
 858:            32            512  org.springframework.web.util.UriComponentsBuilder$CompositePathComponentBuilder
 859:            16            512  org.zeroturnaround.javarebel.preferences.PreferencesTransaction$1
 860:            16            512  org.zeroturnaround.javarebel.support.URLResource
 861:            16            512  sun.security.ssl.CipherSuite$KeyExchange
 862:             9            504  com.sysmin.core.jvm.domain.JstackDO
 863:            21            504  java.util.AbstractMap$SimpleImmutableEntry
 864:             7            504  java.util.concurrent.ThreadPoolExecutor
 865:             9            504  javax.management.openmbean.CompositeType
 866:             9            504  javax.management.openmbean.OpenMBeanParameterInfoSupport
 867:             7            504  org.apache.catalina.connector.InputBuffer
 868:             7            504  org.apache.tomcat.util.http.Parameters
 869:            21            504  org.springframework.core.convert.support.GenericConversionService$ConverterFactoryAdapter
 870:             9            504  sun.nio.cs.ext.DoubleByte$Decoder
 871:            21            504  sun.security.x509.AVAKeyword
 872:            31            496  com.sun.proxy.$Proxy43
 873:            31            496  com.sun.proxy.$Proxy60
 874:            31            496  java.lang.Boolean
 875:            31            496  org.springframework.core.SerializableTypeWrapper$TypeProxyInvocationHandler
 876:            31            496  sun.reflect.generics.tree.ArrayTypeSignature
 877:            25            488  [Lorg.springframework.core.MethodParameter;
 878:            19            488  [Lsun.management.DiagnosticCommandArgumentInfo;
 879:            12            480  [Ljava.util.Formatter$Flags;
 880:            12            480  ch.qos.logback.core.status.InfoStatus
 881:             6            480  com.sun.org.apache.xalan.internal.xsltc.trax.TransformerFactoryImpl
 882:            12            480  java.io.ObjectStreamClass$FieldReflector
 883:            12            480  java.io.ObjectStreamClass$FieldReflectorKey
 884:            20            480  java.lang.ProcessImpl$2
 885:            12            480  java.util.Formatter$FormatSpecifier
 886:            15            480  java.util.TreeMap$KeyIterator
 887:             2            480  org.apache.catalina.core.StandardWrapper
 888:            10            480  org.apache.catalina.util.Extension
 889:            30            480  org.apache.logging.log4j.message.MessageFormatMessageFactory
 890:            15            480  org.springframework.messaging.simp.stomp.StompCommand
 891:            20            480  org.zeroturnaround.javarebel.reporting.MessageType$Strategy
 892:            29            464  com.sun.proxy.$Proxy5
 893:            29            464  com.zeroturnaround.javarebel.fj
 894:            29            464  java.nio.channels.spi.AbstractInterruptibleChannel$1
 895:            29            464  org.hibernate.validator.internal.util.logging.Log_$logger
 896:             6            456  [Lsun.invoke.util.Wrapper;
 897:            19            456  java.lang.invoke.Invokers
 898:            19            456  java.util.BitSet
 899:            19            456  org.springframework.beans.TypeConverterDelegate
 900:            19            456  org.springframework.context.support.MessageSourceAccessor
 901:            19            456  org.springframework.web.socket.config.annotation.DelegatingWebSocketMessageBrokerConfiguration$$EnhancerBySpringCGLIB$$151c7e11$$FastClassBySpringCGLIB$$d316366f
 902:            19            456  org.zeroturnaround.bundled.javassist.bytecode.ConstantAttribute
 903:            19            456  org.zeroturnaround.bundled.javassist.bytecode.LongVector
 904:            19            456  org.zeroturnaround.bundled.javassist.bytecode.SourceFileAttribute
 905:            19            456  org.zeroturnaround.javarebel.IDENotifications$IDENotificationType
 906:            14            448  [Lorg.apache.coyote.http11.InputFilter;
 907:            14            448  [Lorg.apache.coyote.http11.OutputFilter;
 908:            14            448  com.fasterxml.jackson.core.JsonParser$Feature
 909:            28            448  com.sun.proxy.$Proxy37
 910:            28            448  com.zeroturnaround.javarebel.gzr
 911:             7            448  org.apache.catalina.connector.OutputBuffer
 912:             7            448  org.apache.catalina.connector.Response
 913:             7            448  org.apache.coyote.http11.filters.ChunkedInputFilter
 914:             8            448  org.springframework.context.annotation.CommonAnnotationBeanPostProcessor$ResourceElement
 915:            28            448  org.springframework.core.convert.support.ObjectToStringConverter
 916:            14            448  sun.security.util.MemoryCache
 917:             5            440  [[I
 918:            11            440  org.apache.tomcat.util.log.UserDataHelper
 919:            11            440  sun.nio.ch.SelectionKeyImpl
 920:            11            440  sun.security.rsa.RSAPublicKeyImpl
 921:            11            440  sun.security.x509.AuthorityKeyIdentifierExtension
 922:             1            432  [[[C
 923:             6            432  com.fasterxml.jackson.databind.introspect.POJOPropertiesCollector
 924:            18            432  com.fasterxml.jackson.databind.type.TypeBindings$AsKey
 925:            27            432  com.sun.proxy.$Proxy66
 926:             6            432  com.sysmin.core.jvm.domain.jstat.GcUtilDO
 927:            27            432  java.security.spec.ECFieldFp
 928:            18            432  java.text.DateFormat$Field
 929:            18            432  org.springframework.format.datetime.standard.TemporalAccessorParser
 930:             9            432  org.zeroturnaround.bundled.javassist.CtPrimitiveType
 931:            18            432  sun.misc.MetaIndex
 932:            18            432  sun.nio.cs.Surrogate$Parser
 933:            18            432  sun.reflect.Label$PatchInfo
 934:             1            424  [Lcom.sun.org.apache.xerces.internal.util.SymbolTable$Entry;
 935:            13            416  java.lang.invoke.SimpleMethodHandle
 936:            13            416  java.net.Socket
 937:            13            416  java.security.AlgorithmParameters
 938:            17            408  com.sun.org.apache.xerces.internal.util.SymbolTable$Entry
 939:            17            408  org.springframework.boot.ansi.AnsiColor
 940:            17            408  org.springframework.boot.autoconfigure.web.servlet.WebMvcAutoConfiguration$EnableWebMvcConfiguration$$EnhancerBySpringCGLIB$$8f1f0dbe$$FastClassBySpringCGLIB$$391e50d8
 941:            17            408  org.springframework.core.annotation.SynthesizedAnnotationInvocationHandler
 942:            17            408  org.springframework.util.AntPathMatcher$PathSeparatorPatternCache
 943:             5            400  com.fasterxml.jackson.databind.DeserializationConfig
 944:             5            400  com.fasterxml.jackson.databind.SerializationConfig
 945:            25            400  com.sun.proxy.$Proxy8
 946:            25            400  java.util.TreeSet
 947:            10            400  javax.crypto.CryptoPermission
 948:             5            400  org.apache.tomcat.websocket.server.WsHttpUpgradeHandler
 949:            25            400  org.springframework.core.$Proxy27
 950:            25            400  org.springframework.web.servlet.mvc.condition.ConsumesRequestCondition
 951:            25            400  org.springframework.web.servlet.mvc.condition.HeadersRequestCondition
 952:            25            400  org.springframework.web.servlet.mvc.condition.RequestMethodsRequestCondition
 953:            10            400  sun.nio.cs.ISO_8859_1$Decoder
 954:            10            400  sun.rmi.transport.tcp.TCPEndpoint
 955:             1            392  com.zeroturnaround.javarebel.pb
 956:             1            392  com.zeroturnaround.javarebel.vo
 957:             7            392  org.apache.catalina.connector.CoyoteReader
 958:             7            392  org.apache.coyote.http11.Http11OutputBuffer
 959:             1            392  org.apache.tomcat.util.net.NioBlockingSelector$BlockPoller
 960:            12            384  [Lcom.fasterxml.jackson.databind.ser.BeanPropertyWriter;
 961:            12            384  [Ljava.nio.channels.SelectionKey;
 962:            16            384  com.fasterxml.jackson.databind.PropertyName
 963:             1            384  com.intellij.rt.execution.application.AppMainV2$1
 964:            24            384  com.sun.proxy.$Proxy24
 965:             1            384  com.zeroturnaround.javarebel.aas
 966:             1            384  com.zeroturnaround.javarebel.adk
 967:             1            384  com.zeroturnaround.javarebel.bd
 968:             1            384  com.zeroturnaround.javarebel.bu
 969:             1            384  com.zeroturnaround.javarebel.cc
 970:             1            384  com.zeroturnaround.javarebel.cd
 971:             8            384  com.zeroturnaround.javarebel.geo
 972:             1            384  com.zeroturnaround.javarebel.oh
 973:             1            384  java.lang.ref.Finalizer$FinalizerThread
 974:             8            384  java.net.SocketInputStream
 975:            12            384  java.security.MessageDigest$Delegate
 976:            16            384  java.util.Formatter$FixedString
 977:            24            384  java.util.Optional
 978:             1            384  java.util.logging.LogManager$Cleaner
 979:            12            384  org.apache.catalina.LifecycleState
 980:             8            384  org.springframework.beans.PropertyValue
 981:            12            384  org.springframework.boot.context.properties.source.SpringIterableConfigurationPropertySource
 982:             1            384  org.springframework.boot.web.embedded.tomcat.TomcatWebServer$1
 983:             1            384  org.springframework.context.support.AbstractApplicationContext$1
 984:            16            384  org.springframework.messaging.simp.config.AbstractMessageBrokerConfiguration$$FastClassBySpringCGLIB$$aaa385a0
 985:            24            384  org.springframework.web.servlet.mvc.condition.ParamsRequestCondition
 986:             6            384  org.springframework.web.servlet.view.InternalResourceView
 987:            16            384  org.zeroturnaround.javarebel.integration.support.AvoidDuplicatePatchingCBP
 988:            16            384  sun.nio.ch.OptionKey
 989:             3            384  sun.nio.ch.WindowsSelectorImpl
 990:            24            384  sun.security.x509.GeneralName
 991:             7            376  [Lcom.sun.org.apache.xalan.internal.utils.XMLSecurityManager$State;
 992:             1            376  com.zeroturnaround.javarebel.an
 993:             1            376  com.zeroturnaround.javarebel.be
 994:             1            376  com.zeroturnaround.javarebel.gl
 995:             1            376  com.zeroturnaround.javarebel.uw
 996:             1            376  com.zeroturnaround.reload.b
 997:             1            376  com.zeroturnaround.reload.t
 998:             1            376  java.lang.ref.Reference$ReferenceHandler
 999:            23            368  java.util.TreeMap$KeySet
1000:            23            368  sun.security.x509.DNSName
1001:             9            360  com.sun.org.apache.xalan.internal.utils.XMLSecurityManager$Limit
1002:             9            360  com.sun.org.apache.xerces.internal.utils.XMLSecurityManager$Limit
1003:             9            360  java.io.BufferedWriter
1004:             9            360  java.lang.ClassLoader$NativeLibrary
1005:             9            360  java.lang.invoke.DirectMethodHandle$Constructor
1006:            15            360  java.net.InetAddress
1007:            15            360  javax.management.StandardMBean
1008:            15            360  javax.websocket.CloseReason$CloseCodes
1009:            15            360  org.apache.tomcat.websocket.WsExtension
1010:            11            352  com.fasterxml.jackson.databind.introspect.AnnotatedConstructor
1011:             1            352  com.sun.org.apache.xerces.internal.impl.XMLNSDocumentScannerImpl
1012:            11            352  com.zeroturnaround.javarebel.bga
1013:            22            352  java.util.Formatter$Flags
1014:            22            352  org.zeroturnaround.javarebel.integration.util.MonitorUtil$MonitorHolder
1015:            11            352  sun.nio.ch.WindowsSelectorImpl$MapEntry
1016:            11            352  sun.reflect.generics.repository.ConstructorRepository
1017:            11            352  sun.security.ssl.SignatureAndHashAlgorithm
1018:            22            352  sun.security.x509.KeyIdentifier
1019:            11            352  sun.security.x509.SubjectKeyIdentifierExtension
1020:             1            344  com.sun.org.apache.xerces.internal.impl.XMLDocumentScannerImpl
1021:            13            336  [Ljava.io.ObjectStreamClass$ClassDataSlot;
1022:            14            336  ch.qos.logback.core.spi.ContextAwareBase
1023:            21            336  com.fasterxml.jackson.databind.ser.std.ToStringSerializer
1024:             7            336  com.sun.jmx.mbeanserver.DefaultMXBeanMappingFactory$CompositeMapping
1025:            21            336  com.sun.proxy.$Proxy26
1026:            14            336  java.lang.invoke.LambdaFormEditor$Transform$Kind
1027:             7            336  java.net.SocketOutputStream
1028:             6            336  java.nio.DirectLongBufferU
1029:            14            336  org.apache.tomcat.util.http.MimeHeaders
1030:             6            336  org.apache.tomcat.websocket.PerMessageDeflate
1031:            14            336  org.apache.tomcat.websocket.WsExtensionParameter
1032:            21            336  org.springframework.boot.autoconfigure.condition.OnPropertyCondition
1033:            14            336  org.springframework.boot.context.properties.source.SpringConfigurationPropertySource$DelegatingPropertyMapper
1034:             3            336  org.springframework.web.servlet.resource.ResourceHttpRequestHandler
1035:             6            336  org.springframework.web.socket.adapter.standard.StandardWebSocketSession
1036:             6            336  sun.management.MemoryPoolImpl
1037:            14            336  sun.security.util.BitArray
1038:            14            336  sun.security.util.Cache$EqualByteArray
1039:            14            336  sun.security.x509.CertificateValidity
1040:            13            328  [Lcom.sun.org.apache.xalan.internal.utils.FeaturePropertyBase$State;
1041:            16            328  [Ljava.lang.management.PlatformComponent;
1042:             4            320  [Lorg.hibernate.validator.internal.util.ConcurrentReferenceHashMap$Segment;
1043:            10            320  com.fasterxml.jackson.core.JsonGenerator$Feature
1044:             5            320  com.fasterxml.jackson.core.sym.ByteQuadsCanonicalizer
1045:             5            320  com.fasterxml.jackson.databind.ObjectMapper
1046:             5            320  com.fasterxml.jackson.datatype.jsr310.JavaTimeModule
1047:            20            320  com.sun.proxy.$Proxy31
1048:            20            320  com.sun.proxy.$Proxy58
1049:            10            320  com.zeroturnaround.javarebel.fxo
1050:            10            320  java.io.RandomAccessFile
1051:            10            320  java.lang.OutOfMemoryError
1052:            10            320  sun.security.jca.ProviderConfig
1053:             8            320  sun.security.ssl.SignatureAndHashAlgorithm$HashAlgorithm
1054:            10            320  sun.security.util.DisabledAlgorithmConstraints$KeySizeConstraint
1055:            10            320  sun.security.x509.BasicConstraintsExtension
1056:            13            312  java.lang.management.ManagementPermission
1057:            13            312  org.apache.coyote.AsyncStateMachine$AsyncState
1058:            13            312  org.apache.tomcat.util.net.WriteBuffer
1059:            13            312  org.springframework.beans.factory.config.BeanExpressionContext
1060:            13            312  org.springframework.boot.context.properties.source.SpringIterableConfigurationPropertySource$Cache
1061:            13            312  sun.security.ssl.ExtensionType
1062:            13            312  sun.security.x509.AccessDescription
1063:            19            304  com.sun.proxy.$Proxy62
1064:            19            304  org.springframework.web.servlet.mvc.method.annotation.AbstractMessageConverterMethodProcessor$$Lambda$468/983180345
1065:             9            288  [Ljava.lang.invoke.LambdaForm$BasicType;
1066:             1            288  [Lorg.springframework.http.HttpStatus;
1067:            12            288  ch.qos.logback.core.pattern.LiteralConverter
1068:             9            288  com.alibaba.fastjson.asm.Type
1069:             9            288  com.fasterxml.classmate.types.ResolvedPrimitiveType
1070:            12            288  com.fasterxml.jackson.databind.util.LRUMap
1071:            12            288  com.sun.jmx.remote.util.ClassLogger
1072:            18            288  com.sun.proxy.$Proxy35
1073:            18            288  com.sun.proxy.$Proxy50
1074:             6            288  com.sysmin.core.jvm.domain.jstat.ClassLoaderDO
1075:             6            288  com.sysmin.core.jvm.domain.jstat.CompilerDO
1076:            12            288  com.zeroturnaround.javarebel.byk
1077:            12            288  java.beans.PropertyChangeSupport
1078:            18            288  java.util.concurrent.ConcurrentHashMap$EntrySetView
1079:             9            288  java.util.logging.Level
1080:            18            288  java.util.regex.Pattern$CharPropertyNames$4
1081:             9            288  jdk.internal.org.objectweb.asm.Type
1082:             6            288  org.apache.tomcat.util.buf.Utf8Encoder
1083:            12            288  org.apache.tomcat.websocket.MessageHandlerResult
1084:            12            288  org.apache.tomcat.websocket.Util$TypeResult
1085:            12            288  org.springframework.core.io.DefaultResourceLoader
1086:            18            288  org.springframework.format.datetime.standard.TemporalAccessorPrinter
1087:             3            288  org.springframework.scheduling.concurrent.ThreadPoolTaskExecutor
1088:            12            288  org.springframework.web.method.annotation.AbstractNamedValueMethodArgumentResolver$NamedValueInfo
1089:            12            288  org.springframework.web.servlet.config.annotation.WebMvcConfigurationSupport$$FastClassBySpringCGLIB$$69f69f7c
1090:             6            288  org.springframework.web.socket.server.standard.ServerEndpointRegistration
1091:            12            288  org.zeroturnaround.bundled.javassist.bytecode.IntegerInfo
1092:             9            288  sun.security.provider.SecureRandom
1093:             9            288  sun.security.x509.KeyUsageExtension
1094:             7            280  [Ljava.lang.invoke.BoundMethodHandle$SpeciesData;
1095:             5            280  com.fasterxml.jackson.databind.MappingJsonFactory
1096:             7            280  java.lang.invoke.BoundMethodHandle$Species_LL
1097:             7            280  java.util.Collections$SingletonMap
1098:             7            280  org.apache.coyote.AsyncStateMachine
1099:             7            280  org.apache.coyote.http11.filters.ChunkedOutputFilter
1100:             7            280  org.apache.coyote.http11.filters.IdentityInputFilter
1101:             7            280  org.springframework.boot.logging.logback.ColorConverter
1102:             7            280  org.springframework.core.io.ResourceEditor
1103:             5            280  org.springframework.messaging.simp.broker.SimpleBrokerMessageHandler$SessionInfo
1104:             5            280  org.springframework.web.socket.handler.ConcurrentWebSocketSessionDecorator
1105:             7            280  sun.nio.ch.FileKey
1106:            17            272  com.sun.org.apache.xerces.internal.util.AugmentationsImpl
1107:            17            272  org.springframework.core.env.AbstractPropertyResolver$$Lambda$72/527829831
1108:            17            272  org.springframework.validation.DefaultBindingErrorProcessor
1109:            11            264  [Ljava.net.InetSocketAddress;
1110:            11            264  com.zeroturnaround.javarebel.cly
1111:            11            264  com.zeroturnaround.javarebel.xp
1112:            11            264  com.zeroturnaround.jrebel.bundled.org.bouncycastle.jcajce.provider.asymmetric.ec.KeyFactorySpi$EC
1113:            11            264  java.net.StandardSocketOptions$StdSocketOption
1114:             3            264  java.util.jar.JarVerifier
1115:            11            264  org.zeroturnaround.javarebel.reporting.stats.repository.DailyFieldId
1116:            11            264  sun.reflect.annotation.TypeAnnotation$TypeAnnotationTarget
1117:            11            264  sun.reflect.generics.scope.ConstructorScope
1118:            11            264  sun.security.x509.CertificateExtensions
1119:             2            256  [Lcom.fasterxml.jackson.databind.DeserializationFeature;
1120:            11            256  [Lcom.fasterxml.jackson.databind.ser.Serializers;
1121:             8            256  [Ljava.text.SimpleDateFormat;
1122:             4            256  com.fasterxml.jackson.databind.ser.std.MapSerializer
1123:             4            256  com.sun.crypto.provider.GHASH
1124:             8            256  java.util.Random
1125:             8            256  java.util.stream.FindOps$FindOp
1126:             4            256  java.util.stream.ReferencePipeline$2
1127:             8            256  javax.management.MBeanNotificationInfo
1128:             8            256  org.apache.tomcat.util.net.NioChannel
1129:             4            256  org.springframework.beans.factory.config.DependencyDescriptor
1130:             8            256  org.springframework.beans.factory.support.DefaultListableBeanFactory$DependencyObjectProvider
1131:            16            256  org.springframework.web.servlet.view.AbstractView$$Lambda$447/1262561744
1132:             8            256  sun.misc.ProxyGenerator$PrimitiveTypeInfo
1133:             8            248  [Ljava.lang.invoke.LambdaForm$NamedFunction;
1134:             2            240  [Lcom.fasterxml.jackson.databind.MapperFeature;
1135:             6            240  [Lcom.zeroturnaround.javarebel.bop;
1136:             5            240  [Ljava.beans.PropertyDescriptor;
1137:             2            240  [Lsun.nio.cs.CharsetMapping$Entry;
1138:             6            240  com.alibaba.fastjson.serializer.SerializeBeanInfo
1139:            10            240  com.fasterxml.classmate.util.ClassKey
1140:            10            240  com.fasterxml.jackson.annotation.JsonFormat$Shape
1141:            10            240  com.fasterxml.jackson.core.util.BufferRecycler
1142:            10            240  com.fasterxml.jackson.databind.module.SimpleSerializers
1143:             5            240  com.fasterxml.jackson.databind.ser.BeanSerializer
1144:            10            240  com.sun.org.apache.xerces.internal.impl.XMLScanner$NameType
1145:            15            240  com.sun.proxy.$Proxy40
1146:             6            240  com.sysmin.core.jvm.domain.jstat.CompilationDO
1147:             3            240  com.zeroturnaround.javarebel.gdt
1148:             5            240  java.beans.BeanDescriptor
1149:            10            240  java.lang.annotation.ElementType
1150:             6            240  java.lang.invoke.BoundMethodHandle$SpeciesData
1151:            10            240  java.security.CryptoPrimitive
1152:             3            240  java.util.concurrent.ScheduledThreadPoolExecutor
1153:            10            240  org.apache.catalina.core.ApplicationContext$DispatchData
1154:             5            240  org.apache.tomcat.util.descriptor.web.FilterDef
1155:             1            240  org.springframework.beans.factory.support.DefaultListableBeanFactory
1156:            10            240  org.springframework.boot.autoconfigure.cache.CacheType
1157:            10            240  org.springframework.boot.autoconfigure.condition.OnWebApplicationCondition
1158:            10            240  org.springframework.util.unit.DataSize
1159:             6            240  org.springframework.web.accept.PathExtensionContentNegotiationStrategy
1160:             6            240  sun.management.MemoryPoolImpl$CollectionSensor
1161:             6            240  sun.management.MemoryPoolImpl$PoolSensor
1162:            10            240  sun.nio.ch.NativeThreadSet
1163:             5            240  sun.nio.cs.US_ASCII$Decoder
1164:            10            240  sun.rmi.runtime.Log$LoggerLog
1165:            10            240  sun.security.x509.PolicyInformation
1166:             8            232  [Ljava.lang.Boolean;
1167:             4            232  [[Ljava.lang.String;
1168:             2            224  [Lcom.fasterxml.jackson.databind.SerializationFeature;
1169:             7            224  [Lorg.apache.tomcat.util.http.ServerCookie;
1170:             7            224  com.fasterxml.jackson.core.util.ByteArrayBuilder
1171:            14            224  com.sun.proxy.$Proxy38
1172:             4            224  com.zeroturnaround.javarebel.brh
1173:            14            224  java.rmi.server.Operation
1174:             7            224  java.rmi.server.UID
1175:             7            224  java.util.concurrent.Semaphore$NonfairSync
1176:             4            224  javax.management.openmbean.OpenMBeanOperationInfoSupport
1177:             7            224  org.apache.coyote.http11.Http11InputBuffer$HeaderParseData
1178:             7            224  org.apache.coyote.http11.filters.BufferedInputFilter
1179:             7            224  org.apache.coyote.http11.filters.IdentityOutputFilter
1180:             7            224  org.apache.tomcat.util.buf.B2CConverter
1181:             7            224  org.apache.tomcat.util.buf.UEncoder
1182:             4            224  org.apache.tomcat.util.codec.binary.Base64
1183:             7            224  org.apache.tomcat.util.digester.ObjectCreateRule
1184:             7            224  org.apache.tomcat.util.digester.SetNextRule
1185:             7            224  org.apache.tomcat.util.http.parser.HttpParser$DomainParseState
1186:             7            224  org.springframework.boot.convert.DurationStyle$Unit
1187:            14            224  org.springframework.core.convert.support.StringToNumberConverterFactory$StringToNumber
1188:             4            224  sun.rmi.transport.Target
1189:             7            224  sun.security.x509.AuthorityInfoAccessExtension
1190:             7            224  sun.security.x509.CRLDistributionPointsExtension
1191:            14            224  sun.security.x509.CertificateAlgorithmId
1192:             7            224  sun.security.x509.CertificatePoliciesExtension
1193:            14            224  sun.security.x509.CertificateSerialNumber
1194:            14            224  sun.security.x509.CertificateVersion
1195:            14            224  sun.security.x509.CertificateX509Key
1196:             7            224  sun.security.x509.DistributionPoint
1197:            14            224  sun.security.x509.SerialNumber
1198:             3            216  com.zeroturnaround.javarebel.cdb
1199:             9            216  java.nio.file.attribute.PosixFilePermission
1200:             9            216  java.text.ParsePosition
1201:             9            216  java.time.format.DateTimeFormatterBuilder$LocalizedPrinterParser
1202:             9            216  java.util.concurrent.ConcurrentLinkedQueue
1203:             9            216  java.util.logging.Level$KnownLevel
1204:             9            216  org.apache.tomcat.util.collections.CaseInsensitiveKeyMap
1205:             9            216  org.apache.tomcat.websocket.WsRemoteEndpointImplBase$State
1206:             9            216  org.springframework.http.ReadOnlyHttpHeaders
1207:             9            216  org.springframework.messaging.simp.SimpMessageType
1208:             9            216  org.zeroturnaround.bundled.javassist.bytecode.InnerClassesAttribute
1209:             9            216  org.zeroturnaround.javarebel.LicenceType
1210:             9            216  sun.util.logging.PlatformLogger$Level
1211:             1            208  com.alibaba.fastjson.serializer.ASMSerializer_2_GcHeapDO
1212:            13            208  com.zeroturnaround.jrebelbase.reflection.t
1213:            13            208  org.springframework.boot.context.properties.source.SpringIterableConfigurationPropertySource$CacheKey
1214:            13            208  org.zeroturnaround.javarebel.integration.util.MonitorUtil$Counter
1215:             2            208  sun.security.ssl.SSLSessionImpl
1216:             2            200  [Ljava.text.DateFormat$Field;
1217:             5            200  com.fasterxml.jackson.core.sym.ByteQuadsCanonicalizer$TableInfo
1218:             5            200  com.fasterxml.jackson.core.util.DefaultPrettyPrinter
1219:             1            200  com.sun.org.apache.xerces.internal.impl.XMLDTDScannerImpl
1220:             5            200  java.beans.GenericBeanInfo
1221:             5            200  java.lang.invoke.MethodHandleImpl$AsVarargsCollector
1222:             5            200  java.util.stream.StreamOpFlag
1223:             5            200  org.apache.catalina.core.StandardPipeline
1224:             5            200  org.apache.tomcat.util.descriptor.web.FilterMap
1225:             5            200  org.apache.tomcat.websocket.server.WsHandshakeRequest
1226:             5            200  org.springframework.web.cors.CorsConfiguration
1227:             5            200  sun.nio.ch.FileLockImpl
1228:             9            192  [Ljava.security.CodeSigner;
1229:             4            192  [Ljava.util.Formatter$FormatString;
1230:             1            192  [Lorg.apache.coyote.ActionCode;
1231:             8            192  com.fasterxml.jackson.databind.ObjectWriter$Prefetch
1232:             6            192  com.fasterxml.jackson.databind.cfg.DeserializerFactoryConfig
1233:             6            192  com.fasterxml.jackson.databind.type.TypeFactory
1234:             6            192  com.sun.org.apache.xalan.internal.utils.XMLSecurityManager
1235:             1            192  com.sun.org.apache.xerces.internal.parsers.XIncludeAwareParserConfiguration
1236:             8            192  com.zeroturnaround.javarebel.ayv
1237:             8            192  com.zeroturnaround.javarebel.ayw
1238:             8            192  com.zeroturnaround.javarebel.gdk
1239:             6            192  com.zeroturnaround.javarebel.x
1240:             6            192  com.zeroturnaround.jrebel.bundled.org.bouncycastle.jcajce.provider.config.ProviderConfigurationPermission
1241:            12            192  java.beans.PropertyChangeSupport$PropertyChangeListenerMap
1242:             6            192  java.lang.invoke.LambdaForm$BasicType
1243:             8            192  java.lang.invoke.MethodHandleImpl$Intrinsic
1244:             8            192  java.math.RoundingMode
1245:             8            192  java.net.InetAddress$CacheEntry
1246:             6            192  java.time.format.DateTimeFormatterBuilder$TextPrinterParser
1247:             6            192  java.time.format.TextStyle
1248:             6            192  java.util.Stack
1249:             4            192  java.util.concurrent.ConcurrentHashMap$Traverser
1250:             4            192  java.util.concurrent.ConcurrentHashMap$TreeBin
1251:             8            192  java.util.stream.FindOps$FindSink$OfRef
1252:             8            192  javax.crypto.CryptoPermissionCollection
1253:             8            192  org.apache.logging.log4j.Level
1254:             8            192  org.apache.logging.log4j.spi.StandardLevel
1255:             8            192  org.apache.tomcat.util.http.parser.HttpParser
1256:             8            192  org.apache.tomcat.util.net.AbstractEndpoint$Handler$SocketState
1257:             1            192  org.apache.tomcat.util.net.NioEndpoint
1258:             8            192  org.apache.tomcat.util.net.SocketBufferHandler
1259:             4            192  org.hibernate.validator.internal.metadata.raw.ConstrainedParameter
1260:             4            192  org.hibernate.validator.internal.util.ConcurrentReferenceHashMap
1261:             2            192  org.springframework.cglib.proxy.Enhancer
1262:             8            192  org.springframework.core.NamedThreadLocal
1263:             8            192  org.springframework.http.HttpMethod
1264:             6            192  org.springframework.http.converter.ResourceHttpMessageConverter
1265:             6            192  org.springframework.util.PropertyPlaceholderHelper
1266:             8            192  org.springframework.web.bind.annotation.RequestMethod
1267:             6            192  org.springframework.web.method.ControllerAdviceBean
1268:             6            192  org.springframework.web.socket.sockjs.transport.TransportType
1269:             6            192  org.springframework.web.socket.sockjs.transport.handler.SockJsWebSocketHandler
1270:             4            192  sun.misc.URLClassPath
1271:            12            192  sun.reflect.Label
1272:             2            192  sun.security.jgss.SunProvider
1273:             2            192  sun.security.provider.Sun
1274:             6            192  sun.security.ssl.EphemeralKeyManager$EphemeralKeyPair
1275:             6            192  sun.security.ssl.SSLSessionContextImpl
1276:             7            184  [Lorg.springframework.http.HttpMethod;
1277:             1            176  com.sun.org.apache.xerces.internal.impl.dtd.XMLDTDValidator
1278:             1            176  com.sun.org.apache.xerces.internal.impl.dtd.XMLNSDTDValidator
1279:            11            176  com.sun.proxy.$Proxy42
1280:            11            176  com.sun.proxy.$Proxy61
1281:            11            176  com.zeroturnaround.javarebel.abq
1282:            11            176  com.zeroturnaround.javarebel.agi
1283:            11            176  com.zeroturnaround.javarebel.agk
1284:             2            176  com.zeroturnaround.javarebel.lh
1285:            11            176  java.text.NumberFormat$Field
1286:             2            176  javax.management.remote.rmi.NoCallStackClassLoader
1287:             2            176  org.apache.catalina.core.StandardWrapperValve
1288:             2            176  org.apache.catalina.deploy.NamingResourcesImpl
1289:            11            176  org.apache.catalina.webresources.Cache$EvictionOrder
1290:             1            176  org.springframework.beans.JrBeanReloader
1291:             2            176  org.springframework.web.servlet.handler.SimpleUrlHandlerMapping
1292:             1            176  sun.security.ssl.SSLSocketImpl
1293:             2            168  [Ljava.lang.ClassValue$Entry;
1294:             1            168  [[Ljava.math.BigInteger;
1295:             7            168  ch.qos.logback.classic.Level
1296:             7            168  com.fasterxml.jackson.annotation.JsonFormat$Feature
1297:             7            168  com.fasterxml.jackson.annotation.JsonInclude$Include
1298:             7            168  com.fasterxml.jackson.annotation.PropertyAccessor
1299:             7            168  com.fasterxml.jackson.databind.introspect.AnnotatedClass$Creators
1300:             3            168  com.fasterxml.jackson.databind.type.ArrayType
1301:             7            168  com.sun.management.VMOption$Origin
1302:             7            168  com.sun.org.apache.xerces.internal.util.FeatureState
1303:             7            168  com.sysmin.controller.LogController$$Lambda$470/208722269
1304:             1            168  com.zaxxer.hikari.HikariDataSource
1305:             7            168  com.zeroturnaround.javarebel.agd
1306:             3            168  com.zeroturnaround.javarebel.ccc
1307:             7            168  com.zeroturnaround.javarebel.cje
1308:             3            168  com.zeroturnaround.jrebel.bundled.org.apache.http.impl.execchain.d
1309:             7            168  java.net.NetPermission
1310:             3            168  java.net.SocketPermission
1311:             7            168  java.util.Collections$SynchronizedCollection
1312:             7            168  java.util.regex.Pattern$SliceI
1313:             1            168  org.apache.catalina.core.StandardHost
1314:             7            168  org.apache.catalina.util.ParameterMap
1315:             7            168  org.apache.coyote.http11.filters.GzipOutputFilter
1316:             7            168  org.apache.coyote.http11.filters.GzipOutputFilter$FakeOutputStream
1317:             7            168  org.apache.tomcat.util.digester.SetPropertiesRule
1318:             7            168  org.apache.tomcat.util.http.ServerCookies
1319:             7            168  org.apache.tomcat.util.net.NioEndpoint$SocketProcessor
1320:             7            168  org.springframework.boot.logging.LogLevel
1321:             7            168  org.springframework.boot.origin.OriginTrackedValue$OriginTrackedCharSequence
1322:             7            168  org.springframework.boot.origin.TextResourceOrigin
1323:             7            168  org.springframework.boot.origin.TextResourceOrigin$Location
1324:             7            168  org.springframework.cglib.proxy.CallbackInfo
1325:             3            168  org.springframework.core.env.PropertySourcesPropertyResolver
1326:             7            168  org.springframework.web.servlet.mvc.method.annotation.RequestResponseBodyAdviceChain
1327:             7            168  org.zeroturnaround.bundled.javassist.bytecode.AnnotationsAttribute
1328:             7            168  sun.management.counter.Units
1329:             7            168  sun.nio.ch.SharedFileLockTable
1330:             3            168  sun.nio.ch.SinkChannelImpl
1331:             3            168  sun.nio.ch.SourceChannelImpl
1332:             7            168  sun.security.x509.NetscapeCertTypeExtension$MapEntry
1333:             4            160  [F
1334:             2            160  [Ljava.time.temporal.ChronoUnit;
1335:             2            160  [Lorg.springframework.messaging.simp.stomp.StompCommand;
1336:             1            160  com.alibaba.fastjson.serializer.ASMSerializer_3_GcUtilDO
1337:             4            160  com.fasterxml.jackson.core.Base64Variant
1338:             5            160  com.fasterxml.jackson.core.JsonEncoding
1339:             4            160  com.fasterxml.jackson.core.Version
1340:             5            160  com.fasterxml.jackson.core.sym.CharsToNameCanonicalizer$TableInfo
1341:             5            160  com.fasterxml.jackson.databind.cfg.ConfigOverrides
1342:             2            160  com.sun.crypto.provider.GaloisCounterMode
1343:             4            160  com.sun.org.apache.xerces.internal.impl.dtd.XMLSimpleType
1344:            10            160  com.sun.proxy.$Proxy44
1345:            10            160  com.sun.proxy.$Proxy49
1346:             5            160  com.zeroturnaround.javarebel.bok
1347:             5            160  com.zeroturnaround.reload.aa
1348:             5            160  com.zeroturnaround.reload.y
1349:             4            160  java.lang.reflect.Proxy$Key2
1350:             5            160  java.util.UUID
1351:             5            160  java.util.regex.Pattern$3
1352:             5            160  javax.management.StandardEmitterMBean
1353:             5            160  org.apache.catalina.core.ApplicationFilterConfig
1354:             4            160  org.apache.catalina.mbeans.ContainerMBean
1355:             1            160  org.apache.catalina.session.StandardManager
1356:             4            160  org.apache.tomcat.util.codec.binary.BaseNCodec$Context
1357:            10            160  org.apache.tomcat.util.threads.TaskThread$WrappingRunnable
1358:             4            160  org.springframework.http.converter.json.MappingJackson2HttpMessageConverter
1359:             5            160  org.springframework.messaging.simp.stomp.BufferingStompDecoder
1360:             1            160  org.springframework.web.servlet.mvc.method.annotation.RequestMappingHandlerAdapter
1361:             4            160  org.springframework.web.socket.messaging.SessionDisconnectEvent
1362:             5            160  org.springframework.web.socket.messaging.SubProtocolWebSocketHandler$WebSocketSessionHolder
1363:            10            160  org.zeroturnaround.javarebel.integration.monitor.MonitoredResource$1
1364:             5            160  org.zeroturnaround.javarebel.integration.util.ClassEventListenerUtil$BoundClassEventListener
1365:             4            160  org.zeroturnaround.javarebel.reporting.stats.repository.impl.StatsHolder
1366:            10            160  sun.nio.ch.FileDispatcherImpl
1367:             5            160  sun.nio.ch.SharedFileLockTable$FileLockReference
1368:             4            160  sun.rmi.transport.WeakRef
1369:            10            160  sun.security.ec.ECParameters
1370:             5            160  sun.security.ssl.CipherSuite$MacAlg
1371:             5            160  sun.security.ssl.SignatureAndHashAlgorithm$SignatureAlgorithm
1372:            10            160  sun.security.x509.CertificatePolicyId
1373:            10            160  sun.security.x509.GeneralNames
1374:             5            160  sun.util.locale.provider.LocaleProviderAdapter$Type
1375:             7            152  [Lcom.fasterxml.jackson.databind.deser.Deserializers;
1376:             1            152  org.springframework.boot.web.embedded.tomcat.TomcatEmbeddedWebappClassLoader
1377:             1            152  org.springframework.boot.web.servlet.context.AnnotationConfigServletWebServerApplicationContext
1378:             2            144  [Lcom.fasterxml.jackson.core.JsonParser$Feature;
1379:             6            144  [Lcom.fasterxml.jackson.databind.deser.KeyDeserializers;
1380:             2            144  [Ljava.math.BigDecimal;
1381:             3            144  [Lsun.nio.ch.SelectionKeyImpl;
1382:             2            144  com.alibaba.fastjson.util.ASMClassLoader
1383:             6            144  com.fasterxml.jackson.annotation.JsonAutoDetect$Visibility
1384:             6            144  com.fasterxml.jackson.core.JsonParser$NumberType
1385:             6            144  com.fasterxml.jackson.databind.cfg.SerializerFactoryConfig
1386:             3            144  com.fasterxml.jackson.databind.ser.impl.IndexedListSerializer
1387:             6            144  com.fasterxml.jackson.databind.ser.impl.ReadOnlyClassToSerializerMap
1388:             3            144  com.fasterxml.jackson.datatype.jsr310.deser.InstantDeserializer
1389:             6            144  com.sun.org.apache.xalan.internal.utils.FeatureManager
1390:             6            144  com.sun.org.apache.xalan.internal.utils.XMLSecurityPropertyManager
1391:             6            144  com.sun.org.apache.xerces.internal.util.Status
1392:             9            144  com.zeroturnaround.javarebel.bui
1393:             2            144  com.zeroturnaround.javarebel.cdc
1394:             2            144  com.zeroturnaround.javarebel.cdx
1395:             6            144  com.zeroturnaround.javarebel.cgt
1396:             6            144  com.zeroturnaround.javarebel.clh
1397:             9            144  com.zeroturnaround.javarebel.gaz
1398:             6            144  com.zeroturnaround.javarebel.pa
1399:             3            144  java.lang.ThreadGroup
1400:             6            144  java.security.SecurityPermission
1401:             6            144  java.util.Collections$SynchronizedRandomAccessList
1402:             6            144  java.util.regex.Pattern$CharPropertyNames$2
1403:             6            144  java.util.regex.Pattern$SingleI
1404:             6            144  javax.validation.executable.ExecutableType
1405:             6            144  org.apache.coyote.http11.Http11InputBuffer$HeaderParsePosition
1406:             6            144  org.apache.logging.log4j.MarkerManager$Log4jMarker
1407:             6            144  org.apache.tomcat.util.net.SocketEvent
1408:             6            144  org.apache.tomcat.websocket.WsFrameBase$ReadState
1409:             6            144  org.apache.tomcat.websocket.WsFrameBase$UnmaskTransformation
1410:             6            144  org.apache.tomcat.websocket.server.WsPerSessionServerEndpointConfig
1411:             9            144  org.hibernate.validator.internal.engine.valueextraction.ArrayElement
1412:             6            144  org.jboss.logging.Logger$Level
1413:             6            144  org.springframework.beans.CachedIntrospectionResults
1414:             6            144  org.springframework.boot.context.properties.bind.BindConverter$ResolvableTypeDescriptor
1415:             6            144  org.springframework.boot.context.properties.source.ConfigurationPropertyName$ElementType
1416:             1            144  org.springframework.boot.web.embedded.tomcat.TomcatServletWebServerFactory
1417:             3            144  org.springframework.messaging.simp.SimpMessagingTemplate
1418:             9            144  org.springframework.web.context.request.RequestScope
1419:             6            144  org.springframework.web.cors.UrlBasedCorsConfigurationSource
1420:             6            144  org.springframework.web.method.HandlerTypePredicate
1421:             6            144  org.springframework.web.servlet.resource.DefaultResourceResolverChain
1422:             6            144  org.springframework.web.socket.adapter.standard.StandardToWebSocketExtensionAdapter
1423:             6            144  org.springframework.web.socket.adapter.standard.StandardWebSocketHandlerAdapter
1424:             6            144  org.springframework.web.socket.adapter.standard.StandardWebSocketHandlerAdapter$3
1425:             6            144  org.springframework.web.socket.adapter.standard.StandardWebSocketHandlerAdapter$4
1426:             6            144  org.springframework.web.socket.adapter.standard.StandardWebSocketHandlerAdapter$5
1427:             6            144  org.zeroturnaround.bundled.javassist.bytecode.LongInfo
1428:             6            144  org.zeroturnaround.javarebel.integration.util.ClassLoaderLocalUtil$DestructibleClassBytecodeProcessorAdapter
1429:             6            144  org.zeroturnaround.javarebel.reporting.stats.repository.CommonFieldId
1430:             6            144  org.zeroturnaround.javarebel.reporting.stats.repository.impl.RepositoryMetricsStatistics$DailyImpl
1431:             6            144  sun.misc.PerfCounter
1432:             3            144  sun.nio.ch.WindowsSelectorImpl$FdMap
1433:             1            144  sun.reflect.MethodAccessorGenerator
1434:             6            144  sun.security.action.GetPropertyAction
1435:             3            144  sun.security.ssl.CipherBox
1436:             6            144  sun.security.ssl.ProtocolVersion
1437:             6            144  sun.security.util.DisabledAlgorithmConstraints$Constraint$Operator
1438:             3            144  sun.text.normalizer.CharTrie
1439:             6            136  [Lcom.fasterxml.jackson.databind.deser.ValueInstantiators;
1440:             1            136  [Ljava.time.temporal.ChronoField;
1441:             1            136  org.apache.coyote.http11.Http11NioProtocol
1442:             4            128  [Ljava.lang.ref.WeakReference;
1443:             4            128  [Ljava.rmi.server.Operation;
1444:             2            128  com.sun.crypto.provider.CipherCore
1445:             4            128  com.sun.crypto.provider.GCTR
1446:             4            128  com.sun.jmx.mbeanserver.DefaultMXBeanMappingFactory$ArrayMapping
1447:             1            128  com.sun.org.apache.xerces.internal.impl.XMLEntityManager
1448:             4            128  com.sun.org.apache.xerces.internal.util.XMLResourceIdentifierImpl
1449:             8            128  com.sun.proxy.$Proxy64
1450:             4            128  com.sysmin.core.jvm.enums.JmapType
1451:             4            128  com.zeroturnaround.jrebelbase.facade.x
1452:             4            128  java.io.DataInputStream
1453:             2            128  java.io.ExpiringCache$1
1454:             4            128  java.lang.ClassValue$Entry
1455:             4            128  java.util.Formatter
1456:             4            128  java.util.LinkedList$LLSpliterator
1457:             4            128  java.util.Spliterators$ArraySpliterator
1458:             4            128  java.util.concurrent.CountDownLatch$Sync
1459:             8            128  java.util.regex.Pattern$Begin
1460:             8            128  java.util.regex.Pattern$CharPropertyNames$3
1461:             2            128  javax.crypto.Cipher
1462:             4            128  javax.management.MBeanConstructorInfo
1463:             2            128  javax.management.remote.rmi.RMIConnectorServer
1464:             1            128  org.apache.catalina.core.StandardEngine
1465:             4            128  org.apache.coyote.ErrorState
1466:             4            128  org.apache.tomcat.util.collections.SynchronizedStack
1467:             4            128  org.springframework.beans.propertyeditors.CustomCollectionEditor
1468:             4            128  org.springframework.boot.context.properties.bind.Bindable
1469:             4            128  org.springframework.boot.jdbc.EmbeddedDatabaseConnection
1470:             8            128  org.springframework.core.convert.support.CollectionToArrayConverter
1471:             8            128  org.springframework.core.convert.support.CollectionToStringConverter
1472:             4            128  org.springframework.core.env.MapPropertySource
1473:             2            128  org.springframework.core.type.classreading.CachingMetadataReaderFactory$LocalResourceCache
1474:             4            128  org.springframework.http.converter.StringHttpMessageConverter
1475:             4            128  org.springframework.web.method.annotation.RequestParamMethodArgumentResolver
1476:             4            128  org.springframework.web.method.annotation.SessionAttributesHandler
1477:             4            128  org.springframework.web.socket.messaging.SessionConnectEvent
1478:             4            128  org.springframework.web.socket.messaging.SessionConnectedEvent
1479:             2            128  sun.nio.cs.ext.DoubleByte$Encoder_DBCSONLY
1480:             4            128  sun.reflect.ClassFileAssembler
1481:             4            128  sun.rmi.transport.LiveRef
1482:             4            128  sun.security.ssl.CipherSuite$PRF
1483:             4            128  sun.security.ssl.ProtocolList
1484:             4            128  sun.util.locale.provider.LocaleResources
1485:             4            128  sun.util.locale.provider.LocaleServiceProviderPool
1486:             5            120  [Lcom.fasterxml.jackson.databind.type.TypeModifier;
1487:             6            120  [Lcom.zeroturnaround.javarebel.bos;
1488:             1            120  [Lsun.security.ssl.SupportedEllipticCurvesExtension$NamedEllipticCurve;
1489:             5            120  ch.qos.logback.core.pattern.parser.TokenStream$TokenizerState
1490:             5            120  ch.qos.logback.core.subst.Token$Type
1491:             5            120  com.fasterxml.jackson.annotation.Nulls
1492:             5            120  com.fasterxml.jackson.core.util.DefaultIndenter
1493:             3            120  com.fasterxml.jackson.databind.PropertyMetadata
1494:             5            120  com.fasterxml.jackson.databind.deser.DeserializerCache
1495:             5            120  com.fasterxml.jackson.databind.introspect.SimpleMixInResolver
1496:             5            120  com.fasterxml.jackson.databind.module.SimpleDeserializers
1497:             5            120  com.fasterxml.jackson.databind.ser.SerializerCache
1498:             5            120  com.sun.org.apache.xalan.internal.utils.FeaturePropertyBase$State
1499:             5            120  com.sun.org.apache.xalan.internal.utils.XMLSecurityManager$State
1500:             3            120  com.sun.org.apache.xerces.internal.impl.dtd.XMLEntityDecl
1501:             1            120  com.sun.org.apache.xerces.internal.jaxp.SAXParserImpl$JAXPSAXParser
1502:             5            120  com.sun.org.apache.xerces.internal.util.PropertyState
1503:             5            120  com.sun.org.apache.xerces.internal.utils.XMLSecurityManager$State
1504:             5            120  com.sun.org.apache.xerces.internal.utils.XMLSecurityPropertyManager$State
1505:             5            120  com.sysmin.core.jvm.enums.JstatType
1506:             5            120  com.zeroturnaround.javarebel.bpq
1507:             3            120  com.zeroturnaround.javarebel.bvx
1508:             3            120  com.zeroturnaround.javarebel.cka
1509:             5            120  com.zeroturnaround.javarebel.ghm
1510:             5            120  com.zeroturnaround.javarebel.gps
1511:             5            120  com.zeroturnaround.javarebel.gxq
1512:             5            120  com.zeroturnaround.javarebel.gxr
1513:             5            120  com.zeroturnaround.jrebel.bundled.org.bouncycastle.jcajce.provider.asymmetric.ec.KeyFactorySpi$ECMQV
1514:             5            120  java.io.ObjectStreamClass$ExceptionInfo
1515:             5            120  java.rmi.server.ObjID
1516:             5            120  java.time.format.SignStyle
1517:             5            120  java.util.concurrent.atomic.AtomicMarkableReference$Pair
1518:             5            120  java.util.regex.Pattern$Dollar
1519:             5            120  java.util.stream.StreamOpFlag$Type
1520:             5            120  javax.servlet.DispatcherType
1521:             5            120  javax.servlet.http.MappingMatch
1522:             5            120  javax.websocket.CloseReason
1523:             1            120  org.apache.catalina.core.StandardServer
1524:             5            120  org.apache.coyote.UpgradeToken
1525:             5            120  org.apache.coyote.http11.upgrade.UpgradeProcessorInternal
1526:             5            120  org.apache.tomcat.util.threads.InlineExecutorService
1527:             5            120  org.hibernate.validator.internal.metadata.raw.ConstrainedElement$ConstrainedElementKind
1528:             3            120  org.springframework.beans.factory.annotation.AutowiredAnnotationBeanPostProcessor$AutowiredMethodElement
1529:             3            120  org.springframework.beans.factory.config.ConstructorArgumentValues$ValueHolder
1530:             5            120  org.springframework.boot.ansi.AnsiStyle
1531:             5            120  org.springframework.boot.autoconfigure.web.servlet.WebMvcAutoConfiguration$EnableWebMvcConfiguration$$FastClassBySpringCGLIB$$982f18bb
1532:             5            120  org.springframework.boot.devtools.autoconfigure.LocalDevToolsAutoConfiguration$RestartConfiguration$$EnhancerBySpringCGLIB$$8ac4de8e$$FastClassBySpringCGLIB$$2d221596
1533:             5            120  org.springframework.boot.devtools.autoconfigure.LocalDevToolsAutoConfiguration$RestartConfiguration$$FastClassBySpringCGLIB$$bc8d9f8b
1534:             5            120  org.springframework.boot.logging.DeferredLog
1535:             5            120  org.springframework.context.annotation.FilterType
1536:             3            120  org.springframework.core.SerializableTypeWrapper$MethodInvokeTypeProvider
1537:             3            120  org.springframework.core.convert.Property
1538:             5            120  org.springframework.core.convert.support.GenericConversionService$Converters
1539:             5            120  org.springframework.http.HttpStatus$Series
1540:             3            120  org.springframework.http.converter.xml.Jaxb2RootElementHttpMessageConverter
1541:             5            120  org.springframework.messaging.simp.broker.DefaultSubscriptionRegistry$SessionSubscriptionInfo
1542:             3            120  org.springframework.messaging.support.ExecutorSubscribableChannel
1543:             5            120  org.springframework.web.accept.ContentNegotiationManager
1544:             3            120  org.springframework.web.accept.ServletPathExtensionContentNegotiationStrategy
1545:             1            120  org.springframework.web.servlet.DispatcherServlet
1546:             3            120  org.springframework.web.servlet.mvc.method.annotation.HttpEntityMethodProcessor
1547:             1            120  org.springframework.web.servlet.mvc.method.annotation.RequestMappingHandlerMapping
1548:             3            120  org.springframework.web.servlet.mvc.method.annotation.RequestResponseBodyMethodProcessor
1549:             5            120  org.zeroturnaround.bundled.javassist.bytecode.FloatInfo
1550:             5            120  org.zeroturnaround.bundled.javassist.bytecode.stackmap.TypeData$BasicType
1551:             5            120  org.zeroturnaround.javarebel.integration.util.WeakUtil$WeakClassLoaderDestructionListener
1552:             5            120  org.zeroturnaround.javarebel.integration.util.WeakUtil$WeakFileEventListener
1553:             3            120  org.zeroturnaround.javarebel.reporting.MetricsExecutor$DelayedRunnable
1554:             5            120  sun.misc.FloatingDecimal$PreparedASCIIToBinaryBuffer
1555:             5            120  sun.nio.fs.WindowsPathType
1556:             3            120  sun.rmi.server.UnicastServerRef
1557:             3            120  sun.rmi.transport.tcp.TCPTransport$ConnectionHandler
1558:             5            120  sun.security.jca.ServiceId
1559:             3            120  sun.security.provider.DSAPublicKeyImpl
1560:             3            120  sun.security.ssl.SSLContextImpl$TLSContext
1561:             5            120  sun.security.util.DisabledAlgorithmConstraints
1562:             5            120  sun.util.resources.ParallelListResourceBundle$KeySet
1563:             1            112  [Lcom.alibaba.fastjson.parser.Feature;
1564:             2            112  [Lcom.fasterxml.jackson.core.JsonGenerator$Feature;
1565:             3            112  [Lcom.sun.org.apache.xerces.internal.util.XMLAttributesImpl$Attribute;
1566:             2            112  [Lcom.zeroturnaround.javarebel.ggp;
1567:             2            112  [Ljava.lang.invoke.MethodType;
1568:             2            112  [Ljava.security.CryptoPrimitive;
1569:             3            112  [Ljava.util.Map;
1570:             2            112  [Lorg.springframework.boot.autoconfigure.cache.CacheType;
1571:             1            112  com.alibaba.fastjson.serializer.ASMSerializer_5_CompilerDO
1572:             1            112  com.alibaba.fastjson.serializer.ASMSerializer_6_ClassLoaderDO
1573:             2            112  com.sun.org.apache.xerces.internal.util.XMLAttributesIteratorImpl
1574:             7            112  com.sun.proxy.$Proxy52
1575:             2            112  com.zeroturnaround.javarebel.chx
1576:             2            112  com.zeroturnaround.javarebel.uv
1577:             2            112  com.zeroturnaround.javarebel.yf
1578:             7            112  java.util.concurrent.ConcurrentHashMap$ValuesView
1579:             7            112  java.util.concurrent.Semaphore
1580:             2            112  javax.management.remote.rmi.RMIJRMPServerImpl
1581:             1            112  org.apache.catalina.connector.Connector
1582:             7            112  org.apache.catalina.connector.CoyoteInputStream
1583:             7            112  org.apache.catalina.connector.CoyoteOutputStream
1584:             7            112  org.apache.catalina.connector.RequestFacade
1585:             7            112  org.apache.catalina.connector.ResponseFacade
1586:             7            112  org.apache.coyote.http11.Http11InputBuffer$SocketInputBuffer
1587:             7            112  org.apache.coyote.http11.Http11OutputBuffer$SocketOutputBuffer
1588:             7            112  org.apache.coyote.http11.filters.VoidInputFilter
1589:             7            112  org.apache.coyote.http11.filters.VoidOutputFilter
1590:             7            112  org.apache.tomcat.util.buf.UDecoder
1591:             1            112  org.apache.tomcat.util.digester.Digester
1592:             2            112  org.springframework.expression.spel.support.StandardEvaluationContext
1593:             7            112  org.zeroturnaround.javarebel.integration.util.WeakIdentityHashMap$2
1594:             2            112  sun.nio.cs.ext.DoubleByte$Decoder_DBCSONLY
1595:             2            112  sun.rmi.transport.tcp.TCPChannel
1596:             2            112  sun.rmi.transport.tcp.TCPConnection
1597:             3            104  [Lorg.springframework.core.io.Resource;
1598:             1            104  ch.qos.logback.classic.LoggerContext
1599:             1            104  org.apache.catalina.authenticator.NonLoginAuthenticator
1600:             1            104  org.apache.tomcat.util.net.SocketProperties
1601:             1            104  org.springframework.boot.autoconfigure.jdbc.DataSourceProperties
1602:             1            104  org.springframework.http.converter.json.Jackson2ObjectMapperBuilder
1603:             1            104  org.springframework.web.servlet.view.InternalResourceViewResolver
1604:             1            104  org.springframework.web.socket.messaging.WebSocketAnnotationMethodMessageHandler
1605:             2             96  [Lcom.fasterxml.jackson.annotation.PropertyAccessor;
1606:             2             96  [Lcom.sun.org.apache.xerces.internal.utils.XMLSecurityManager$State;
1607:             6             96  [Lcom.zeroturnaround.javarebel.fxz;
1608:             4             96  [Lorg.apache.logging.log4j.Marker;
1609:             2             96  [Lorg.apache.logging.log4j.spi.StandardLevel;
1610:             2             96  [Lorg.springframework.boot.logging.LogLevel;
1611:             1             96  [Lorg.zeroturnaround.javarebel.reporting.MessageType;
1612:             3             96  [Lsun.nio.fs.NativeBuffer;
1613:             1             96  [[J
1614:             4             96  ch.qos.logback.core.pattern.parser.Token
1615:             4             96  ch.qos.logback.core.subst.Token
1616:             1             96  com.alibaba.fastjson.serializer.ASMSerializer_4_CompilationDO
1617:             4             96  com.fasterxml.jackson.annotation.JsonCreator$Mode
1618:             4             96  com.fasterxml.jackson.annotation.JsonProperty$Access
1619:             4             96  com.fasterxml.jackson.core.JsonFactory$Feature
1620:             6             96  com.fasterxml.jackson.databind.deser.BeanDeserializerFactory
1621:             6             96  com.fasterxml.jackson.databind.introspect.AnnotatedMethodMap
1622:             6             96  com.fasterxml.jackson.databind.ser.BeanSerializerFactory
1623:             4             96  com.fasterxml.jackson.databind.ser.impl.PropertySerializerMap$Single
1624:             6             96  com.fasterxml.jackson.databind.type.TypeParser
1625:             1             96  com.sun.crypto.provider.SunJCE
1626:             3             96  com.sun.jmx.mbeanserver.DefaultMXBeanMappingFactory$EnumMapping
1627:             2             96  com.sun.jmx.mbeanserver.MBeanIntrospector$MBeanInfoMap
1628:             2             96  com.sun.jmx.mbeanserver.MBeanIntrospector$PerInterfaceMap
1629:             1             96  com.sun.net.ssl.internal.ssl.Provider
1630:             3             96  com.sun.org.apache.xalan.internal.utils.XMLSecurityManager$NameMap
1631:             2             96  com.sun.org.apache.xerces.internal.impl.XMLDocumentFragmentScannerImpl$ElementStack
1632:             1             96  com.sun.org.apache.xerces.internal.impl.dtd.XMLDTDProcessor
1633:             3             96  com.sun.org.apache.xerces.internal.utils.XMLSecurityManager$NameMap
1634:             6             96  com.sun.proxy.$Proxy33
1635:             6             96  com.sun.proxy.$Proxy67
1636:             1             96  com.sun.security.sasl.Provider
1637:             4             96  com.zeroturnaround.javarebel.adz
1638:             3             96  com.zeroturnaround.javarebel.ae
1639:             2             96  com.zeroturnaround.javarebel.agg
1640:             4             96  com.zeroturnaround.javarebel.av
1641:             6             96  com.zeroturnaround.javarebel.btf
1642:             3             96  com.zeroturnaround.javarebel.bxa
1643:             2             96  com.zeroturnaround.javarebel.cdh
1644:             3             96  com.zeroturnaround.javarebel.cdp
1645:             3             96  com.zeroturnaround.javarebel.cef
1646:             3             96  com.zeroturnaround.javarebel.ceh
1647:             4             96  com.zeroturnaround.javarebel.chu
1648:             4             96  com.zeroturnaround.javarebel.cio
1649:             6             96  com.zeroturnaround.javarebel.clm
1650:             4             96  com.zeroturnaround.javarebel.clx
1651:             3             96  com.zeroturnaround.javarebel.f
1652:             4             96  com.zeroturnaround.javarebel.goz
1653:             4             96  com.zeroturnaround.javarebel.guu
1654:             3             96  com.zeroturnaround.javarebel.k
1655:             2             96  com.zeroturnaround.javarebel.wf
1656:             3             96  com.zeroturnaround.jrebel.bundled.org.apache.http.impl.execchain.g
1657:             1             96  com.zeroturnaround.jrebel.bundled.org.bouncycastle.jce.provider.BouncyCastleProvider
1658:             4             96  com.zeroturnaround.jrebelbase.facade.at
1659:             4             96  com.zeroturnaround.jrebelbase.facade.z
1660:             3             96  java.lang.Exception
1661:             4             96  java.lang.reflect.Proxy$KeyX
1662:             4             96  java.security.AllPermissionCollection
1663:             4             96  java.text.Normalizer$Form
1664:             4             96  java.time.format.DateTimeFormatterBuilder$OffsetIdPrinterParser
1665:             4             96  java.time.format.DateTimeFormatterBuilder$SettingsParser
1666:             4             96  java.time.format.FormatStyle
1667:             4             96  java.util.Collections$3
1668:             6             96  java.util.EnumMap$EntrySet
1669:             3             96  java.util.concurrent.ScheduledThreadPoolExecutor$DelayedWorkQueue
1670:             3             96  java.util.concurrent.SynchronousQueue
1671:             3             96  java.util.concurrent.atomic.AtomicReferenceFieldUpdater$AtomicReferenceFieldUpdaterImpl
1672:             4             96  java.util.stream.ReferencePipeline$2$1
1673:             4             96  java.util.stream.StreamShape
1674:             4             96  javax.management.NotificationBroadcasterSupport
1675:             2             96  javax.management.openmbean.TabularType
1676:             2             96  org.apache.catalina.mbeans.NamingResourcesMBean
1677:             4             96  org.apache.commons.logging.LogAdapter$LogApi
1678:             3             96  org.apache.tomcat.util.buf.UDecoder$DecodeException
1679:             3             96  org.apache.tomcat.util.collections.SynchronizedQueue
1680:             4             96  org.apache.tomcat.util.digester.ArrayStack
1681:             3             96  org.apache.tomcat.util.http.ConcurrentDateFormat
1682:             4             96  org.apache.tomcat.util.log.UserDataHelper$Config
1683:             4             96  org.apache.tomcat.util.net.AbstractEndpoint$BindState
1684:             4             96  org.apache.tomcat.util.net.Acceptor$AcceptorState
1685:             2             96  org.apache.tomcat.util.net.NioEndpoint$Poller
1686:             4             96  org.apache.tomcat.util.net.NioEndpoint$PollerEvent
1687:             1             96  org.apache.tomcat.util.threads.ThreadPoolExecutor
1688:             6             96  org.apache.tomcat.websocket.WsRemoteEndpointAsync
1689:             6             96  org.apache.tomcat.websocket.WsRemoteEndpointBasic
1690:             6             96  org.apache.tomcat.websocket.WsRemoteEndpointImplBase$IntermediateMessageHandler
1691:             6             96  org.apache.tomcat.websocket.WsRemoteEndpointImplBase$StateMachine
1692:             1             96  org.apache.tomcat.websocket.server.WsServerContainer
1693:             4             96  org.hibernate.validator.resourceloading.PlatformResourceBundleLocator
1694:             1             96  org.jcp.xml.dsig.internal.dom.XMLDSigRI
1695:             4             96  org.springframework.boot.autoconfigure.jmx.JmxAutoConfiguration$$EnhancerBySpringCGLIB$$a39d2c5a$$FastClassBySpringCGLIB$$8fac147c
1696:             4             96  org.springframework.boot.autoconfigure.jmx.JmxAutoConfiguration$$FastClassBySpringCGLIB$$e2017fd7
1697:             1             96  org.springframework.boot.autoconfigure.web.ServerProperties$Tomcat
1698:             4             96  org.springframework.boot.context.properties.source.DefaultPropertyMapper$LastMapping
1699:             4             96  org.springframework.context.annotation.ScopedProxyMode
1700:             1             96  org.springframework.context.support.PropertySourcesPlaceholderConfigurer
1701:             4             96  org.springframework.core.Constants
1702:             4             96  org.springframework.core.convert.support.ArrayToArrayConverter
1703:             2             96  org.springframework.core.task.SimpleAsyncTaskExecutor
1704:             3             96  org.springframework.expression.spel.SpelParserConfiguration
1705:             6             96  org.springframework.format.datetime.DateFormatterRegistrar$CalendarToDateConverter
1706:             6             96  org.springframework.format.datetime.DateFormatterRegistrar$CalendarToLongConverter
1707:             6             96  org.springframework.format.datetime.DateFormatterRegistrar$DateToCalendarConverter
1708:             6             96  org.springframework.format.datetime.DateFormatterRegistrar$DateToLongConverter
1709:             6             96  org.springframework.format.datetime.DateFormatterRegistrar$LongToCalendarConverter
1710:             6             96  org.springframework.format.datetime.DateFormatterRegistrar$LongToDateConverter
1711:             4             96  org.springframework.http.converter.ResourceRegionHttpMessageConverter
1712:             3             96  org.springframework.http.converter.xml.SourceHttpMessageConverter
1713:             4             96  org.springframework.messaging.simp.broker.DefaultSubscriptionRegistry$DestinationCache$$Lambda$480/1194730465
1714:             1             96  org.springframework.messaging.simp.broker.SimpleBrokerMessageHandler
1715:             4             96  org.springframework.util.ConcurrentReferenceHashMap$TaskOption
1716:             6             96  org.springframework.web.cors.DefaultCorsProcessor
1717:             4             96  org.springframework.web.method.annotation.ModelAttributeMethodProcessor
1718:             3             96  org.springframework.web.servlet.resource.PathResourceResolver
1719:             4             96  org.springframework.web.socket.WebSocketExtension
1720:             4             96  org.springframework.web.socket.WebSocketHttpHeaders
1721:             4             96  org.springframework.web.socket.server.support.HandshakeInterceptorChain
1722:             1             96  org.springframework.web.socket.server.support.WebSocketHandlerMapping
1723:             4             96  org.springframework.web.socket.sockjs.frame.SockJsFrameType
1724:             1             96  org.springframework.web.socket.sockjs.transport.handler.DefaultSockJsService
1725:             6             96  org.zeroturnaround.bundled.javassist.bytecode.ConstInfoPadding
1726:             4             96  org.zeroturnaround.bundled.javassist.bytecode.DeprecatedAttribute
1727:             4             96  org.zeroturnaround.javarebel.integration.generic.DependencyClassEventListener
1728:             4             96  org.zeroturnaround.javarebel.integration.util.ReRunThrottler
1729:             4             96  org.zeroturnaround.javarebel.preferences.FileStore$4
1730:             4             96  org.zeroturnaround.javarebel.preferences.FileStore$Lock
1731:             4             96  org.zeroturnaround.javarebel.service.ServiceRequestPriority
1732:             2             96  sun.management.GarbageCollectorImpl
1733:             4             96  sun.misc.JarIndex
1734:             1             96  sun.misc.Launcher$AppClassLoader
1735:             3             96  sun.net.spi.DefaultProxySelector$NonProxyInfo
1736:             3             96  sun.nio.ch.AllocatedNativeObject
1737:             3             96  sun.nio.ch.PollArrayWrapper
1738:             1             96  sun.nio.ch.ServerSocketChannelImpl
1739:             3             96  sun.nio.ch.WindowsSelectorImpl$SubSelector
1740:             3             96  sun.nio.fs.NativeBuffer
1741:             4             96  sun.reflect.ByteVectorImpl
1742:             4             96  sun.rmi.transport.ObjectEndpoint
1743:             3             96  sun.rmi.transport.tcp.TCPTransport
1744:             3             96  sun.rmi.transport.tcp.TCPTransport$AcceptLoop
1745:             1             96  sun.security.ec.SunEC
1746:             1             96  sun.security.jca.ProviderList$1
1747:             1             96  sun.security.mscapi.SunMSCAPI
1748:             1             96  sun.security.rsa.SunRsaSign
1749:             1             96  sun.security.smartcardio.SunPCSC
1750:             3             96  sun.security.ssl.X509TrustManagerImpl
1751:             3             96  sun.security.x509.ExtendedKeyUsageExtension
1752:             3             96  sun.security.x509.SubjectAlternativeNameExtension
1753:             1             88  [Ljava.lang.ConditionalSpecialCasing$Entry;
1754:             2             88  [Ljava.nio.file.attribute.PosixFilePermission;
1755:             1             88  [Lorg.springframework.boot.ansi.AnsiColor;
1756:             1             88  [Lorg.zeroturnaround.jrebel.stats.id.container.ServerType;
1757:             1             88  [Lsun.security.util.ObjectIdentifier;
1758:             1             88  [[Ljava.lang.Byte;
1759:             1             88  org.apache.catalina.webresources.StandardRoot
1760:             1             88  org.hibernate.validator.internal.engine.ConfigurationImpl
1761:             1             88  org.springframework.aop.framework.autoproxy.InfrastructureAdvisorAutoProxyCreator
1762:             1             88  org.springframework.beans.JrBeanFactoryData
1763:             1             88  org.springframework.boot.autoconfigure.web.servlet.WebMvcAutoConfiguration$EnableWebMvcConfiguration$$EnhancerBySpringCGLIB$$8f1f0dbe
1764:             1             88  org.springframework.boot.autoconfigure.web.servlet.WelcomePageHandlerMapping
1765:             1             88  org.springframework.jmx.export.annotation.AnnotationMBeanExporter
1766:             1             88  org.springframework.web.servlet.handler.BeanNameUrlHandlerMapping
1767:             1             88  sun.misc.Launcher$ExtClassLoader
1768:             1             88  sun.nio.cs.CharsetMapping
1769:             3             80  [Ljava.security.cert.X509Certificate;
1770:             2             80  [Ljava.util.stream.StreamOpFlag$Type;
1771:             2             80  [Ljavax.servlet.DispatcherType;
1772:             2             80  [Ljavax.validation.executable.ExecutableType;
1773:             1             80  [Ljavax.websocket.CloseReason$CloseCodes;
1774:             2             80  [Lorg.springframework.context.annotation.FilterType;
1775:             4             80  [Lorg.springframework.core.annotation.AnnotationAttributes;
1776:             2             80  [Lorg.springframework.http.HttpStatus$Series;
1777:             2             80  [Lorg.springframework.web.socket.sockjs.transport.TransportType;
1778:             1             80  [Lorg.zeroturnaround.javarebel.ResourceSource;
1779:             1             80  [Lsun.security.ssl.CipherSuite$KeyExchange;
1780:             2             80  [[S
1781:             5             80  com.fasterxml.jackson.databind.introspect.BasicClassIntrospector
1782:             5             80  com.fasterxml.jackson.databind.jsontype.impl.StdSubtypeResolver
1783:             5             80  com.fasterxml.jackson.databind.module.SimpleKeyDeserializers
1784:             5             80  com.fasterxml.jackson.databind.util.RootNameLookup
1785:             5             80  com.fasterxml.jackson.datatype.jdk8.Jdk8Deserializers
1786:             5             80  com.fasterxml.jackson.datatype.jdk8.Jdk8Serializers
1787:             5             80  com.fasterxml.jackson.datatype.jdk8.Jdk8TypeModifier
1788:             5             80  com.fasterxml.jackson.datatype.jsr310.JavaTimeModule$1
1789:             2             80  com.sun.jmx.mbeanserver.DefaultMXBeanMappingFactory$TabularMapping
1790:             2             80  com.sun.org.apache.xerces.internal.impl.XMLDocumentFragmentScannerImpl$ElementStack2
1791:             2             80  com.sun.org.apache.xerces.internal.impl.dtd.XMLDTDDescription
1792:             2             80  com.sun.org.apache.xerces.internal.impl.validation.ValidationState
1793:             5             80  com.zeroturnaround.javarebel.aeb
1794:             2             80  com.zeroturnaround.javarebel.bzf
1795:             2             80  com.zeroturnaround.javarebel.chy
1796:             1             80  com.zeroturnaround.javarebel.la
1797:             2             80  com.zeroturnaround.javarebel.oa
1798:             2             80  java.io.ExpiringCache
1799:             2             80  java.util.Collections$SynchronizedSortedMap
1800:             5             80  java.util.Hashtable$EntrySet
1801:             2             80  java.util.Locale$Category
1802:             5             80  java.util.concurrent.ThreadPoolExecutor$AbortPolicy
1803:             5             80  java.util.concurrent.atomic.AtomicMarkableReference
1804:             5             80  javax.security.auth.x500.X500Principal
1805:             1             80  org.apache.catalina.core.StandardService
1806:             1             80  org.apache.catalina.servlets.DefaultServlet
1807:             1             80  org.apache.catalina.startup.Tomcat$SimpleRealm
1808:             1             80  org.apache.coyote.RequestGroupInfo
1809:             5             80  org.apache.tomcat.util.net.NioBlockingSelector$KeyReference
1810:             2             80  org.hibernate.validator.internal.metadata.core.AnnotationProcessingOptionsImpl
1811:             1             80  org.springframework.beans.BeanWrapperImpl
1812:             2             80  org.springframework.beans.propertyeditors.CustomBooleanEditor
1813:             1             80  org.springframework.boot.SpringApplication
1814:             1             80  org.springframework.context.annotation.ClassPathBeanDefinitionScanner
1815:             1             80  org.springframework.context.annotation.ConfigurationClassPostProcessor
1816:             2             80  org.springframework.context.event.SimpleApplicationEventMulticaster
1817:             5             80  org.springframework.core.$Proxy55
1818:             2             80  org.springframework.core.io.support.ResourceArrayPropertyEditor
1819:             2             80  org.springframework.expression.spel.support.ReflectivePropertyAccessor
1820:             2             80  org.springframework.messaging.simp.annotation.support.SendToMethodReturnValueHandler
1821:             1             80  org.springframework.scheduling.concurrent.ThreadPoolTaskScheduler
1822:             5             80  org.springframework.web.accept.HeaderContentNegotiationStrategy
1823:             1             80  org.springframework.web.servlet.mvc.method.annotation.ExceptionHandlerExceptionResolver
1824:             1             80  org.springframework.web.socket.messaging.SubProtocolWebSocketHandler
1825:             5             80  org.zeroturnaround.javarebel.IDENotifications$IDENotificationLevel
1826:             5             80  org.zeroturnaround.jrebel.apache.commons.compress.archivers.zip.ZipShort
1827:             2             80  org.zeroturnaround.jrebel.intellij.OutputReader
1828:             2             80  sun.management.MemoryManagerImpl
1829:             1             80  sun.reflect.misc.MethodUtil
1830:             5             80  sun.security.util.DisabledAlgorithmConstraints$Constraints
1831:             1             72  [Lcom.fasterxml.jackson.core.JsonToken;
1832:             1             72  [Ljava.lang.invoke.LambdaFormEditor$Transform$Kind;
1833:             1             72  [Ljavax.management.openmbean.SimpleType;
1834:             3             72  [Ljavax.validation.constraintvalidation.ValidationTarget;
1835:             1             72  [Lorg.apache.coyote.AsyncStateMachine$AsyncState;
1836:             2             72  [Lsun.security.jca.ProviderConfig;
1837:             3             72  [Lsun.security.ssl.EphemeralKeyManager$EphemeralKeyPair;
1838:             1             72  ch.qos.logback.core.ConsoleAppender
1839:             3             72  ch.qos.logback.core.pattern.FormatInfo
1840:             3             72  ch.qos.logback.core.spi.FilterReply
1841:             3             72  ch.qos.logback.core.subst.Tokenizer$TokenizerState
1842:             1             72  com.alibaba.fastjson.serializer.ASMSerializer_1_Log
1843:             1             72  com.fasterxml.jackson.core.util.InternCache
1844:             3             72  com.fasterxml.jackson.databind.ser.std.NumberSerializer
1845:             3             72  com.fasterxml.jackson.databind.util.AccessPattern
1846:             3             72  com.fasterxml.jackson.datatype.jsr310.deser.JSR310StringParsableDeserializer
1847:             1             72  com.fasterxml.jackson.module.paramnames.ParameterNamesModule
1848:             3             72  com.sysmin.controller.jvm.JvmHandlerController$$Lambda$474/1145068602
1849:             3             72  com.sysmin.controller.jvm.JvmHandlerController$$Lambda$475/712453684
1850:             3             72  com.sysmin.controller.jvm.JvmHandlerController$$Lambda$476/1652708270
1851:             3             72  com.sysmin.controller.jvm.JvmHandlerController$$Lambda$477/974753881
1852:             3             72  com.sysmin.controller.jvm.JvmHandlerController$$Lambda$478/1444247956
1853:             3             72  com.sysmin.core.log.LogType
1854:             1             72  com.zeroturnaround.javarebel.aat
1855:             1             72  com.zeroturnaround.javarebel.bia
1856:             1             72  com.zeroturnaround.javarebel.bib
1857:             1             72  com.zeroturnaround.javarebel.bic
1858:             1             72  com.zeroturnaround.javarebel.bid
1859:             1             72  com.zeroturnaround.javarebel.bie
1860:             1             72  com.zeroturnaround.javarebel.bif
1861:             1             72  com.zeroturnaround.javarebel.big
1862:             3             72  com.zeroturnaround.javarebel.bov
1863:             3             72  com.zeroturnaround.javarebel.bxd
1864:             3             72  com.zeroturnaround.javarebel.cei
1865:             3             72  com.zeroturnaround.javarebel.cfs
1866:             3             72  com.zeroturnaround.javarebel.cfw
1867:             3             72  com.zeroturnaround.javarebel.cgm
1868:             3             72  com.zeroturnaround.javarebel.d
1869:             3             72  com.zeroturnaround.javarebel.e
1870:             3             72  com.zeroturnaround.javarebel.g
1871:             3             72  com.zeroturnaround.javarebel.gdu
1872:             3             72  com.zeroturnaround.javarebel.gdv
1873:             3             72  com.zeroturnaround.javarebel.gdw
1874:             3             72  com.zeroturnaround.javarebel.gfi
1875:             1             72  com.zeroturnaround.javarebel.gg
1876:             3             72  com.zeroturnaround.javarebel.gsa
1877:             3             72  com.zeroturnaround.javarebel.kz
1878:             3             72  com.zeroturnaround.javarebel.o
1879:             3             72  com.zeroturnaround.javarebel.zr
1880:             3             72  com.zeroturnaround.jrebel.bundled.org.apache.http.impl.execchain.f
1881:             3             72  com.zeroturnaround.jrebel.bundled.org.apache.http.impl.execchain.k
1882:             3             72  com.zeroturnaround.reload.n
1883:             3             72  java.lang.annotation.RetentionPolicy
1884:             3             72  java.lang.invoke.MethodHandles$Lookup
1885:             3             72  java.net.Proxy$Type
1886:             3             72  java.net.ServerSocket
1887:             3             72  java.security.CodeSigner
1888:             3             72  java.time.LocalDate
1889:             3             72  java.time.ZoneOffset
1890:             3             72  java.time.format.ResolverStyle
1891:             3             72  java.util.Base64$Encoder
1892:             3             72  java.util.Currency
1893:             1             72  java.util.ResourceBundle$RBClassLoader
1894:             1             72  java.util.logging.LogManager$RootLogger
1895:             3             72  java.util.stream.Collector$Characteristics
1896:             3             72  java.util.stream.MatchOps$MatchKind
1897:             3             72  javax.crypto.CryptoPermissions
1898:             3             72  javax.servlet.SessionTrackingMode
1899:             3             72  org.apache.coyote.http11.Http11InputBuffer$HeaderParseStatus
1900:             3             72  org.apache.tomcat.util.http.parser.SkipResult
1901:             3             72  org.apache.tomcat.util.log.UserDataHelper$Mode
1902:             3             72  org.apache.tomcat.util.net.SendfileState
1903:             3             72  org.apache.tomcat.websocket.MessageHandlerResultType
1904:             3             72  org.apache.tomcat.websocket.TransformationResult
1905:             3             72  org.apache.tomcat.websocket.WsFrameBase$State
1906:             3             72  org.apache.tomcat.websocket.WsSession$State
1907:             3             72  org.hibernate.validator.internal.metadata.raw.ConfigurationSource
1908:             3             72  org.hibernate.validator.internal.util.ConcurrentReferenceHashMap$ReferenceType
1909:             3             72  org.springframework.beans.AbstractNestablePropertyAccessor$PropertyTokenHolder
1910:             3             72  org.springframework.beans.factory.annotation.Autowire
1911:             3             72  org.springframework.beans.factory.config.EmbeddedValueResolver
1912:             3             72  org.springframework.boot.Banner$Mode
1913:             3             72  org.springframework.boot.WebApplicationType
1914:             3             72  org.springframework.boot.ansi.AnsiOutput$Enabled
1915:             3             72  org.springframework.boot.autoconfigure.condition.ConditionalOnWebApplication$Type
1916:             3             72  org.springframework.boot.autoconfigure.condition.SearchStrategy
1917:             3             72  org.springframework.boot.autoconfigure.web.ErrorProperties$IncludeStacktrace
1918:             1             72  org.springframework.boot.autoconfigure.web.ServerProperties
1919:             3             72  org.springframework.boot.autoconfigure.web.servlet.WebMvcAutoConfiguration$WebMvcAutoConfigurationAdapter$$EnhancerBySpringCGLIB$$3122d8a3$$FastClassBySpringCGLIB$$3f01059d
1920:             3             72  org.springframework.boot.autoconfigure.web.servlet.WebMvcAutoConfiguration$WebMvcAutoConfigurationAdapter$$FastClassBySpringCGLIB$$99958c00
1921:             3             72  org.springframework.boot.autoconfigure.web.servlet.error.ErrorMvcAutoConfiguration$$EnhancerBySpringCGLIB$$4fddc2c3$$FastClassBySpringCGLIB$$73cc506a
1922:             3             72  org.springframework.boot.autoconfigure.web.servlet.error.ErrorMvcAutoConfiguration$$FastClassBySpringCGLIB$$75715220
1923:             3             72  org.springframework.boot.context.properties.source.ConfigurationPropertyName$Form
1924:             3             72  org.springframework.boot.context.properties.source.ConfigurationPropertyState
1925:             3             72  org.springframework.boot.devtools.autoconfigure.LocalDevToolsAutoConfiguration$LiveReloadConfiguration$$EnhancerBySpringCGLIB$$ef1aa9b0$$FastClassBySpringCGLIB$$2cf51a3
1926:             3             72  org.springframework.boot.devtools.autoconfigure.LocalDevToolsAutoConfiguration$LiveReloadConfiguration$$FastClassBySpringCGLIB$$605e686d
1927:             3             72  org.springframework.boot.devtools.filewatch.ChangedFile$Type
1928:             1             72  org.springframework.boot.devtools.restart.Restarter
1929:             1             72  org.springframework.boot.jackson.JsonComponentModule
1930:             3             72  org.springframework.boot.jdbc.DataSourceInitializationMode
1931:             3             72  org.springframework.context.annotation.AnnotationScopeMetadataResolver
1932:             3             72  org.springframework.core.ResolvableType$SyntheticParameterizedType
1933:             3             72  org.springframework.core.ResolvableType$TypeVariablesVariableResolver
1934:             3             72  org.springframework.core.env.PropertySource$StubPropertySource
1935:             3             72  org.springframework.core.type.classreading.CachingMetadataReaderFactory
1936:             3             72  org.springframework.expression.TypedValue
1937:             3             72  org.springframework.expression.spel.SpelCompilerMode
1938:             3             72  org.springframework.format.datetime.standard.DateTimeFormatterRegistrar$Type
1939:             3             72  org.springframework.http.converter.ByteArrayHttpMessageConverter
1940:             3             72  org.springframework.jdbc.datasource.embedded.EmbeddedDatabaseType
1941:             3             72  org.springframework.jmx.support.RegistrationPolicy
1942:             3             72  org.springframework.messaging.simp.config.ChannelRegistration
1943:             3             72  org.springframework.transaction.annotation.ProxyTransactionManagementConfiguration$$EnhancerBySpringCGLIB$$2431bd3e$$FastClassBySpringCGLIB$$83fee9d2
1944:             3             72  org.springframework.transaction.annotation.ProxyTransactionManagementConfiguration$$FastClassBySpringCGLIB$$1e4b583b
1945:             3             72  org.springframework.web.servlet.mvc.method.annotation.RequestAttributeMethodArgumentResolver
1946:             3             72  org.springframework.web.servlet.mvc.method.annotation.SessionAttributeMethodArgumentResolver
1947:             3             72  org.springframework.web.servlet.resource.DefaultResourceTransformerChain
1948:             3             72  org.springframework.web.socket.config.annotation.WebSocketMessageBrokerConfigurationSupport$$FastClassBySpringCGLIB$$c80633df
1949:             3             72  org.springframework.web.socket.sockjs.transport.session.AbstractSockJsSession$State
1950:             3             72  org.springframework.web.util.HierarchicalUriComponents$EncodeState
1951:             3             72  org.zeroturnaround.javarebel.integration.monitor.FileMonitorAdapter$DirtyListener
1952:             1             72  org.zeroturnaround.javarebel.integration.spring.boot.ResourceReloadingProperties
1953:             3             72  org.zeroturnaround.javarebel.integration.util.WeakUtil$WeakRequestListener
1954:             1             72  org.zeroturnaround.javarebel.reporting.MixpanelMetrics
1955:             3             72  org.zeroturnaround.javarebel.reporting.MixpanelMetrics$12
1956:             1             72  org.zeroturnaround.javarebel.spring.SpringMetrics
1957:             3             72  org.zeroturnaround.jrebel.apache.commons.compress.archivers.zip.ZipLong
1958:             3             72  org.zeroturnaround.jrebel.apache.commons.io.IOCase
1959:             1             72  org.zeroturnaround.jrebel.intellij.FileWatcher
1960:             3             72  sun.misc.FloatingDecimal$ExceptionalBinaryToASCIIBuffer
1961:             3             72  sun.misc.ObjectInputFilter$Status
1962:             3             72  sun.nio.ch.PipeImpl
1963:             3             72  sun.nio.ch.WindowsSelectorImpl$FinishLock
1964:             3             72  sun.nio.ch.WindowsSelectorImpl$StartLock
1965:             3             72  sun.nio.fs.NativeBuffer$Deallocator
1966:             3             72  sun.security.provider.DSAParameters
1967:             3             72  sun.security.provider.PolicyFile$PolicyEntry
1968:             3             72  sun.security.provider.certpath.X509CertPath
1969:             3             72  sun.security.ssl.CipherSuite$CipherType
1970:             3             72  sun.security.ssl.CipherSuiteList
1971:             1             72  sun.util.locale.provider.JRELocaleProviderAdapter
1972:             2             64  [Lcom.fasterxml.jackson.annotation.JsonCreator$Mode;
1973:             2             64  [Lcom.sun.org.apache.xerces.internal.impl.XMLEntityManager$CharacterBuffer;
1974:             2             64  [Lcom.sun.org.apache.xerces.internal.utils.XMLSecurityPropertyManager$State;
1975:             2             64  [Lcom.zeroturnaround.javarebel.ae;
1976:             1             64  [Lcom.zeroturnaround.javarebel.bga;
1977:             2             64  [Ljava.lang.annotation.RetentionPolicy;
1978:             2             64  [Ljava.lang.invoke.LambdaFormEditor$Transform;
1979:             2             64  [Ljava.util.stream.Collector$Characteristics;
1980:             2             64  [Ljavax.servlet.SessionTrackingMode;
1981:             1             64  [Lorg.apache.catalina.LifecycleState;
1982:             3             64  [Lorg.apache.catalina.connector.Connector;
1983:             2             64  [Lorg.springframework.beans.factory.annotation.Autowire;
1984:             2             64  [Lorg.springframework.boot.ansi.AnsiOutput$Enabled;
1985:             2             64  [Lorg.springframework.boot.autoconfigure.condition.ConditionalOnWebApplication$Type;
1986:             2             64  [Lorg.springframework.boot.autoconfigure.condition.SearchStrategy;
1987:             2             64  [Lorg.springframework.boot.autoconfigure.web.ErrorProperties$IncludeStacktrace;
1988:             2             64  [Lorg.springframework.context.annotation.ScopedProxyMode;
1989:             2             64  [Lorg.springframework.format.datetime.standard.DateTimeFormatterRegistrar$Type;
1990:             2             64  [Lorg.springframework.util.ConcurrentReferenceHashMap$TaskOption;
1991:             1             64  [Lorg.zeroturnaround.javarebel.reporting.stats.repository.DailyFieldId;
1992:             1             64  [Lsun.reflect.annotation.TypeAnnotation$TypeAnnotationTarget;
1993:             1             64  ch.qos.logback.classic.PatternLayout
1994:             2             64  ch.qos.logback.core.joran.spi.ConsoleTarget
1995:             2             64  ch.qos.logback.core.util.COWArrayList
1996:             2             64  ch.qos.logback.core.util.CachingDateFormatter
1997:             1             64  com.fasterxml.classmate.util.LRUTypeCache$CacheMap
1998:             2             64  com.fasterxml.jackson.databind.deser.std.StringArrayDeserializer
1999:             2             64  com.fasterxml.jackson.databind.ser.std.NumberSerializers$DoubleSerializer
2000:             2             64  com.fasterxml.jackson.databind.ser.std.NumberSerializers$IntegerSerializer
2001:             2             64  com.fasterxml.jackson.databind.ser.std.NumberSerializers$LongSerializer
2002:             2             64  com.sun.crypto.provider.AESCrypt
2003:             2             64  com.sun.jmx.mbeanserver.DefaultMXBeanMappingFactory$CollectionMapping
2004:             2             64  com.sun.org.apache.xalan.internal.utils.XMLSecurityPropertyManager$Property
2005:             1             64  com.sun.org.apache.xerces.internal.impl.XMLEntityScanner
2006:             2             64  com.sun.org.apache.xerces.internal.impl.dtd.XMLElementDecl
2007:             2             64  com.sun.org.apache.xerces.internal.utils.XMLSecurityPropertyManager$Property
2008:             4             64  com.sun.proxy.$Proxy10
2009:             4             64  com.sun.proxy.$Proxy2
2010:             4             64  com.sun.proxy.$Proxy22
2011:             4             64  com.sun.proxy.$Proxy30
2012:             4             64  com.sun.proxy.$Proxy41
2013:             4             64  com.sun.proxy.$Proxy56
2014:             2             64  com.sysmin.core.jvm.enums.JpsType
2015:             4             64  com.zeroturnaround.javarebel.aea
2016:             4             64  com.zeroturnaround.javarebel.ay
2017:             2             64  com.zeroturnaround.javarebel.bpx
2018:             4             64  com.zeroturnaround.javarebel.r
2019:             2             64  com.zeroturnaround.javarebel.uo
2020:             2             64  com.zeroturnaround.javarebel.wi
2021:             2             64  com.zeroturnaround.jrebelbase.e
2022:             2             64  com.zeroturnaround.jrebelbase.facade.av
2023:             2             64  java.io.PrintStream
2024:             4             64  java.io.RandomAccessFile$1
2025:             1             64  java.lang.ClassValue$ClassValueMap
2026:             2             64  java.lang.VirtualMachineError
2027:             4             64  java.lang.invoke.$Proxy73
2028:             2             64  java.lang.ref.ReferenceQueue$Null
2029:             4             64  java.time.format.DateTimeTextProvider
2030:             2             64  java.time.temporal.IsoFields$Unit
2031:             4             64  java.util.Collections$UnmodifiableCollection
2032:             4             64  java.util.Hashtable$KeySet
2033:             2             64  java.util.TreeMap$EntryIterator
2034:             4             64  java.util.concurrent.CountDownLatch
2035:             2             64  javax.management.remote.JMXServiceURL
2036:             1             64  org.apache.catalina.core.ApplicationContext
2037:             1             64  org.apache.catalina.loader.WebappLoader
2038:             1             64  org.apache.catalina.mapper.Mapper$ContextVersion
2039:             1             64  org.apache.catalina.valves.ErrorReportValve
2040:             1             64  org.apache.catalina.webresources.DirResourceSet
2041:             2             64  org.apache.logging.log4j.util.PropertiesUtil$Environment
2042:             4             64  org.apache.tomcat.util.collections.CaseInsensitiveKeyMap$EntryIterator
2043:             4             64  org.apache.tomcat.util.collections.CaseInsensitiveKeyMap$EntrySet
2044:             4             64  org.apache.tomcat.websocket.WsHandshakeResponse
2045:             1             64  org.hibernate.validator.internal.engine.ValidatorFactoryImpl
2046:             1             64  org.springframework.aop.framework.ProxyFactory
2047:             4             64  org.springframework.beans.factory.support.NullBean
2048:             2             64  org.springframework.beans.propertyeditors.CharacterEditor
2049:             2             64  org.springframework.beans.propertyeditors.ClassArrayEditor
2050:             2             64  org.springframework.beans.propertyeditors.ClassEditor
2051:             2             64  org.springframework.beans.propertyeditors.FileEditor
2052:             2             64  org.springframework.beans.propertyeditors.InputSourceEditor
2053:             2             64  org.springframework.beans.propertyeditors.InputStreamEditor
2054:             2             64  org.springframework.beans.propertyeditors.PathEditor
2055:             2             64  org.springframework.beans.propertyeditors.ReaderEditor
2056:             2             64  org.springframework.beans.propertyeditors.URIEditor
2057:             2             64  org.springframework.beans.propertyeditors.URLEditor
2058:             1             64  org.springframework.boot.autoconfigure.jackson.JacksonProperties
2059:             1             64  org.springframework.boot.autoconfigure.template.TemplateAvailabilityProviders$1
2060:             1             64  org.springframework.boot.autoconfigure.web.servlet.WebMvcProperties
2061:             4             64  org.springframework.boot.convert.CollectionToDelimitedStringConverter
2062:             2             64  org.springframework.boot.devtools.classpath.ClassPathChangedEvent
2063:             1             64  org.springframework.context.annotation.CommonAnnotationBeanPostProcessor
2064:             2             64  org.springframework.context.annotation.ConditionEvaluator$ConditionContextImpl
2065:             2             64  org.springframework.context.annotation.ConfigurationClassParser$ImportStack
2066:             4             64  org.springframework.core.convert.support.ArrayToCollectionConverter
2067:             4             64  org.springframework.core.convert.support.ArrayToObjectConverter
2068:             4             64  org.springframework.core.convert.support.ArrayToStringConverter
2069:             4             64  org.springframework.core.convert.support.ByteBufferConverter
2070:             4             64  org.springframework.core.convert.support.CharacterToNumberFactory
2071:             4             64  org.springframework.core.convert.support.CollectionToCollectionConverter
2072:             4             64  org.springframework.core.convert.support.CollectionToObjectConverter
2073:             4             64  org.springframework.core.convert.support.EnumToIntegerConverter
2074:             4             64  org.springframework.core.convert.support.EnumToStringConverter
2075:             4             64  org.springframework.core.convert.support.FallbackObjectToStringConverter
2076:             4             64  org.springframework.core.convert.support.IdToEntityConverter
2077:             4             64  org.springframework.core.convert.support.IntegerToEnumConverterFactory
2078:             4             64  org.springframework.core.convert.support.MapToMapConverter
2079:             4             64  org.springframework.core.convert.support.NumberToCharacterConverter
2080:             4             64  org.springframework.core.convert.support.NumberToNumberConverterFactory
2081:             4             64  org.springframework.core.convert.support.ObjectToArrayConverter
2082:             4             64  org.springframework.core.convert.support.ObjectToCollectionConverter
2083:             4             64  org.springframework.core.convert.support.ObjectToObjectConverter
2084:             4             64  org.springframework.core.convert.support.ObjectToOptionalConverter
2085:             4             64  org.springframework.core.convert.support.PropertiesToStringConverter
2086:             4             64  org.springframework.core.convert.support.StreamConverter
2087:             4             64  org.springframework.core.convert.support.StringToArrayConverter
2088:             4             64  org.springframework.core.convert.support.StringToBooleanConverter
2089:             4             64  org.springframework.core.convert.support.StringToCharacterConverter
2090:             4             64  org.springframework.core.convert.support.StringToCharsetConverter
2091:             4             64  org.springframework.core.convert.support.StringToCollectionConverter
2092:             4             64  org.springframework.core.convert.support.StringToCurrencyConverter
2093:             4             64  org.springframework.core.convert.support.StringToEnumConverterFactory
2094:             4             64  org.springframework.core.convert.support.StringToLocaleConverter
2095:             4             64  org.springframework.core.convert.support.StringToNumberConverterFactory
2096:             4             64  org.springframework.core.convert.support.StringToPropertiesConverter
2097:             4             64  org.springframework.core.convert.support.StringToTimeZoneConverter
2098:             4             64  org.springframework.core.convert.support.StringToUUIDConverter
2099:             4             64  org.springframework.core.convert.support.ZoneIdToTimeZoneConverter
2100:             4             64  org.springframework.core.convert.support.ZonedDateTimeToCalendarConverter
2101:             2             64  org.springframework.core.task.SimpleAsyncTaskExecutor$ConcurrencyThrottleAdapter
2102:             2             64  org.springframework.core.type.filter.AnnotationTypeFilter
2103:             4             64  org.springframework.http.MediaTypeFactory$$Lambda$462/898126790
2104:             2             64  org.springframework.http.converter.support.AllEncompassingFormHttpMessageConverter
2105:             1             64  org.springframework.jdbc.core.namedparam.NamedParameterJdbcTemplate$1
2106:             2             64  org.springframework.messaging.simp.broker.BrokerAvailabilityEvent
2107:             1             64  org.springframework.messaging.simp.broker.DefaultSubscriptionRegistry$DestinationCache$1
2108:             2             64  org.springframework.messaging.simp.config.TaskExecutorRegistration
2109:             1             64  org.springframework.messaging.simp.stomp.StompEncoder$1
2110:             4             64  org.springframework.util.LinkedCaseInsensitiveMap$$Lambda$460/1463191173
2111:             1             64  org.springframework.validation.beanvalidation.MethodValidationPostProcessor
2112:             2             64  org.springframework.web.context.support.StandardServletEnvironment
2113:             4             64  org.springframework.web.method.annotation.ModelMethodProcessor
2114:             1             64  org.springframework.web.servlet.view.AbstractCachingViewResolver$2
2115:             4             64  org.springframework.web.socket.messaging.StompSubProtocolHandler$$Lambda$465/132059279
2116:             4             64  org.springframework.web.socket.messaging.StompSubProtocolHandler$$Lambda$466/220691455
2117:             4             64  org.zeroturnaround.javarebel.integration.generic.MultiReloadCheckListener
2118:             2             64  org.zeroturnaround.javarebel.integration.util.ClassLoaderLocalUtil$DestructibleClassEventListenerAdapter
2119:             4             64  sun.net.www.protocol.jar.Handler
2120:             2             64  sun.reflect.UnsafeQualifiedBooleanFieldAccessorImpl
2121:             1             64  sun.security.provider.SHA2$SHA256
2122:             2             64  sun.security.x509.NetscapeCertTypeExtension
2123:             1             64  sun.util.locale.provider.RuleBasedBreakIterator
2124:             1             56  [Lcom.fasterxml.jackson.annotation.JsonFormat$Shape;
2125:             1             56  [Lcom.sun.org.apache.xalan.internal.utils.XMLSecurityManager$Limit;
2126:             1             56  [Lcom.sun.org.apache.xerces.internal.impl.XMLScanner$NameType;
2127:             1             56  [Lcom.sun.org.apache.xerces.internal.utils.XMLSecurityManager$Limit;
2128:             2             56  [Lcom.zeroturnaround.javarebel.cmy;
2129:             1             56  [Ljava.lang.Runnable;
2130:             1             56  [Ljava.text.Format;
2131:             3             56  [Lorg.springframework.context.annotation.ComponentScan$Filter;
2132:             1             56  [Lorg.springframework.messaging.simp.SimpMessageType;
2133:             2             56  [Lorg.springframework.util.MimeType;
2134:             1             56  [Lorg.zeroturnaround.bundled.javassist.CtClass;
2135:             1             56  [Lorg.zeroturnaround.javarebel.LicenceType;
2136:             1             56  [Lsun.util.logging.PlatformLogger$Level;
2137:             1             56  ch.qos.logback.classic.encoder.PatternLayoutEncoder
2138:             1             56  com.fasterxml.classmate.types.ResolvedObjectType
2139:             1             56  com.fasterxml.jackson.datatype.jsr310.ser.ZonedDateTimeSerializer
2140:             1             56  com.sun.org.apache.xerces.internal.jaxp.SAXParserImpl
2141:             1             56  com.zeroturnaround.javarebel.fxq
2142:             1             56  java.util.logging.LogManager
2143:             1             56  org.apache.catalina.core.StandardContextValve
2144:             1             56  org.apache.catalina.core.StandardEngineValve
2145:             1             56  org.apache.catalina.core.StandardHostValve
2146:             1             56  org.apache.catalina.util.StandardSessionIdGenerator
2147:             1             56  org.apache.catalina.webresources.Cache
2148:             1             56  org.apache.tomcat.util.net.NioSelectorPool
2149:             1             56  org.apache.tomcat.util.scan.StandardJarScanFilter
2150:             1             56  org.apache.tomcat.util.threads.TaskQueue
2151:             1             56  org.hibernate.validator.internal.metadata.BeanMetaDataManager
2152:             1             56  org.hibernate.validator.internal.xml.config.BootstrapConfigurationImpl
2153:             1             56  org.hibernate.validator.internal.xml.config.ValidationBootstrapParameters
2154:             1             56  org.springframework.asm.Label
2155:             1             56  org.springframework.beans.factory.annotation.AutowiredAnnotationBeanPostProcessor
2156:             1             56  org.springframework.boot.autoconfigure.web.ResourceProperties$Cache$Cachecontrol
2157:             1             56  org.springframework.boot.autoconfigure.web.servlet.DispatcherServletRegistrationBean
2158:             1             56  org.springframework.boot.autoconfigure.web.servlet.WebMvcAutoConfiguration$WebMvcAutoConfigurationAdapter$$EnhancerBySpringCGLIB$$3122d8a3
2159:             1             56  org.springframework.boot.devtools.filewatch.FileSystemWatcher
2160:             1             56  org.springframework.boot.web.client.RestTemplateBuilder
2161:             1             56  org.springframework.boot.web.embedded.tomcat.LazySessionIdGenerator
2162:             1             56  org.springframework.dao.annotation.PersistenceExceptionTranslationPostProcessor
2163:             1             56  org.springframework.messaging.simp.config.MessageBrokerRegistry
2164:             1             56  org.springframework.util.StopWatch
2165:             1             56  org.springframework.validation.beanvalidation.LocalValidatorFactoryBean
2166:             1             56  org.springframework.web.servlet.view.ContentNegotiatingViewResolver
2167:             1             56  org.springframework.web.socket.config.annotation.DelegatingWebSocketMessageBrokerConfiguration$$EnhancerBySpringCGLIB$$151c7e11
2168:             1             56  org.springframework.web.socket.messaging.StompSubProtocolHandler
2169:             1             56  org.zeroturnaround.javarebel.integration.monitor.FileMonitorAdapter
2170:             1             56  sun.rmi.runtime.Log$InternalStreamHandler
2171:             1             56  sun.security.provider.MD5
2172:             1             56  sun.security.ssl.InputRecord
2173:             3             48  [Lcom.fasterxml.classmate.ResolvedType;
2174:             1             48  [Lcom.fasterxml.jackson.annotation.JsonFormat$Feature;
2175:             1             48  [Lcom.fasterxml.jackson.annotation.JsonInclude$Include;
2176:             1             48  [Lcom.sun.beans.util.Cache$CacheEntry;
2177:             1             48  [Lcom.sun.management.VMOption$Origin;
2178:             1             48  [Lcom.zeroturnaround.javarebel.gdk;
2179:             1             48  [Ljava.beans.WeakIdentityMap$Entry;
2180:             3             48  [Ljava.lang.StackTraceElement;
2181:             3             48  [Ljava.lang.Throwable;
2182:             1             48  [Ljava.lang.invoke.MethodHandleImpl$Intrinsic;
2183:             1             48  [Ljava.math.RoundingMode;
2184:             1             48  [Ljava.util.concurrent.TimeUnit;
2185:             2             48  [Ljavax.annotation.Resource$AuthenticationType;
2186:             3             48  [Lorg.apache.catalina.mapper.Mapper$MappedWrapper;
2187:             1             48  [Lorg.apache.tomcat.util.http.parser.HttpParser$DomainParseState;
2188:             1             48  [Lorg.apache.tomcat.util.net.AbstractEndpoint$Handler$SocketState;
2189:             2             48  [Lorg.hibernate.validator.internal.util.ConcurrentReferenceHashMap$Option;
2190:             1             48  [Lorg.springframework.boot.convert.DurationStyle$Unit;
2191:             1             48  [Lorg.springframework.cglib.proxy.CallbackInfo;
2192:             2             48  [Lorg.springframework.context.annotation.AdviceMode;
2193:             1             48  [Lsun.management.counter.Units;
2194:             1             48  [Lsun.security.ssl.SignatureAndHashAlgorithm$HashAlgorithm;
2195:             1             48  [Lsun.security.x509.NetscapeCertTypeExtension$MapEntry;
2196:             1             48  [[Ljava.lang.Object;
2197:             1             48  ch.qos.logback.classic.pattern.DateConverter
2198:             3             48  ch.qos.logback.core.spi.LogbackLock
2199:             2             48  ch.qos.logback.core.subst.Node$Type
2200:             1             48  com.alibaba.fastjson.parser.ParserConfig
2201:             2             48  com.alibaba.fastjson.util.IdentityHashMap
2202:             2             48  com.fasterxml.jackson.databind.AnnotationIntrospector$ReferenceProperty$Type
2203:             1             48  com.fasterxml.jackson.databind.cfg.ConfigOverride$Empty
2204:             2             48  com.fasterxml.jackson.databind.deser.impl.NullsConstantProvider
2205:             2             48  com.fasterxml.jackson.databind.introspect.AnnotationIntrospectorPair
2206:             2             48  com.fasterxml.jackson.databind.ser.std.BooleanSerializer
2207:             1             48  com.fasterxml.jackson.databind.ser.std.CollectionSerializer
2208:             1             48  com.fasterxml.jackson.databind.util.StdDateFormat
2209:             1             48  com.fasterxml.jackson.datatype.jsr310.ser.InstantSerializer
2210:             1             48  com.fasterxml.jackson.datatype.jsr310.ser.OffsetDateTimeSerializer
2211:             2             48  com.sun.crypto.provider.AESCipher$General
2212:             2             48  com.sun.jmx.mbeanserver.ClassLoaderRepositorySupport$LoaderEntry
2213:             1             48  com.sun.jmx.mbeanserver.DefaultMXBeanMappingFactory$Mappings
2214:             2             48  com.sun.jmx.mbeanserver.WeakIdentityHashMap
2215:             2             48  com.sun.org.apache.xerces.internal.impl.dtd.DTDGrammarBucket
2216:             2             48  com.sun.org.apache.xerces.internal.impl.dtd.XMLAttributeDecl
2217:             3             48  com.sun.org.apache.xerces.internal.impl.dv.dtd.ListDatatypeValidator
2218:             1             48  com.sun.org.apache.xerces.internal.util.XMLAttributesImpl
2219:             3             48  com.sun.proxy.$Proxy14
2220:             3             48  com.sun.proxy.$Proxy32
2221:             3             48  com.sun.proxy.$Proxy47
2222:             3             48  com.sun.proxy.$Proxy54
2223:             3             48  com.sun.proxy.$Proxy70
2224:             2             48  com.zeroturnaround.javarebel.ayo
2225:             3             48  com.zeroturnaround.javarebel.bta
2226:             3             48  com.zeroturnaround.javarebel.btb
2227:             3             48  com.zeroturnaround.javarebel.btc
2228:             3             48  com.zeroturnaround.javarebel.btg
2229:             3             48  com.zeroturnaround.javarebel.bth
2230:             3             48  com.zeroturnaround.javarebel.btm
2231:             3             48  com.zeroturnaround.javarebel.btn
2232:             3             48  com.zeroturnaround.javarebel.bvw
2233:             2             48  com.zeroturnaround.javarebel.bwb
2234:             2             48  com.zeroturnaround.javarebel.bwc
2235:             3             48  com.zeroturnaround.javarebel.bxp
2236:             3             48  com.zeroturnaround.javarebel.bzl
2237:             3             48  com.zeroturnaround.javarebel.bzn
2238:             3             48  com.zeroturnaround.javarebel.bzr
2239:             3             48  com.zeroturnaround.javarebel.bzv
2240:             3             48  com.zeroturnaround.javarebel.c
2241:             3             48  com.zeroturnaround.javarebel.cai
2242:             3             48  com.zeroturnaround.javarebel.can
2243:             3             48  com.zeroturnaround.javarebel.cax
2244:             1             48  com.zeroturnaround.javarebel.cb
2245:             2             48  com.zeroturnaround.javarebel.cet
2246:             2             48  com.zeroturnaround.javarebel.cfx
2247:             3             48  com.zeroturnaround.javarebel.cgd
2248:             3             48  com.zeroturnaround.javarebel.cgh
2249:             2             48  com.zeroturnaround.javarebel.chk
2250:             1             48  com.zeroturnaround.javarebel.ciw
2251:             3             48  com.zeroturnaround.javarebel.cjf
2252:             1             48  com.zeroturnaround.javarebel.ckb
2253:             3             48  com.zeroturnaround.javarebel.cky
2254:             3             48  com.zeroturnaround.javarebel.clj
2255:             3             48  com.zeroturnaround.javarebel.cln
2256:             3             48  com.zeroturnaround.javarebel.h
2257:             3             48  com.zeroturnaround.javarebel.hab
2258:             2             48  com.zeroturnaround.javarebel.i
2259:             2             48  com.zeroturnaround.javarebel.internalsdk.Internal$CoreVersion
2260:             3             48  com.zeroturnaround.javarebel.jv
2261:             3             48  com.zeroturnaround.javarebel.ke
2262:             3             48  com.zeroturnaround.javarebel.s
2263:             2             48  com.zeroturnaround.javarebel.ux
2264:             2             48  com.zeroturnaround.javarebel.xy
2265:             2             48  com.zeroturnaround.javarebel.yc
2266:             2             48  com.zeroturnaround.javarebel.yd
2267:             2             48  com.zeroturnaround.javarebel.yo
2268:             2             48  com.zeroturnaround.javarebel.yq
2269:             2             48  com.zeroturnaround.javarebel.yy
2270:             2             48  com.zeroturnaround.javarebel.z
2271:             1             48  com.zeroturnaround.javarebel.zn
2272:             1             48  com.zeroturnaround.javarebel.zo
2273:             1             48  com.zeroturnaround.jrebel.bundled.org.apache.http.impl.execchain.c
2274:             2             48  com.zeroturnaround.jrebelbase.f
2275:             1             48  com.zeroturnaround.reload.a
2276:             2             48  java.io.File$PathStatus
2277:             2             48  java.lang.ClassValue$Version
2278:             1             48  java.lang.ProcessEnvironment
2279:             1             48  java.lang.invoke.BoundMethodHandle$Species_L4
2280:             1             48  java.lang.invoke.BoundMethodHandle$Species_L5
2281:             2             48  java.lang.reflect.ReflectPermission
2282:             2             48  java.net.InetAddress$Cache
2283:             2             48  java.net.InetAddress$Cache$Type
2284:             2             48  java.net.SocketPermissionCollection
2285:             2             48  java.net.StandardProtocolFamily
2286:             3             48  java.nio.channels.spi.AbstractSelector$1
2287:             2             48  java.nio.charset.CoderResult
2288:             3             48  java.nio.charset.CodingErrorAction
2289:             2             48  java.sql.SQLPermission
2290:             3             48  java.text.AttributedCharacterIterator$Attribute
2291:             2             48  java.time.format.DateTimeFormatterBuilder$1
2292:             3             48  java.time.format.DateTimeFormatterBuilder$StringLiteralPrinterParser
2293:             2             48  java.time.format.DateTimeFormatterBuilder$ZoneIdPrinterParser
2294:             2             48  java.time.format.DateTimeTextProvider$LocaleStore
2295:             3             48  java.util.Base64$Decoder
2296:             1             48  java.util.concurrent.ConcurrentSkipListMap
2297:             2             48  java.util.concurrent.LinkedBlockingDeque$Node
2298:             3             48  java.util.concurrent.SynchronousQueue$TransferStack
2299:             1             48  java.util.concurrent.locks.ReentrantReadWriteLock$FairSync
2300:             3             48  java.util.jar.JarVerifier$3
2301:             2             48  java.util.logging.Logger$LoggerBundle
2302:             2             48  java.util.regex.Pattern$Prolog
2303:             2             48  javax.annotation.Resource$AuthenticationType
2304:             2             48  javax.crypto.spec.SecretKeySpec
2305:             2             48  javax.el.ExpressionFactory$CacheValue
2306:             2             48  javax.el.Util$CacheValue
2307:             2             48  javax.management.remote.rmi.RMIJRMPServerImpl$ExportedWrapper
2308:             2             48  javax.validation.constraintvalidation.ValidationTarget
2309:             1             48  org.apache.catalina.core.DefaultInstanceManager
2310:             2             48  org.apache.catalina.core.StandardWrapperFacade
2311:             1             48  org.apache.catalina.mapper.MapperListener
2312:             3             48  org.apache.catalina.realm.RealmBase$AllRolesMode
2313:             1             48  org.apache.catalina.startup.Tomcat
2314:             2             48  org.apache.catalina.util.ErrorPageSupport
2315:             2             48  org.apache.catalina.util.URLEncoder
2316:             1             48  org.apache.catalina.webresources.FileResource
2317:             1             48  org.apache.logging.log4j.simple.SimpleLogger
2318:             1             48  org.apache.logging.log4j.status.StatusLogger
2319:             1             48  org.apache.logging.slf4j.SLF4JProvider
2320:             2             48  org.apache.tomcat.util.buf.UEncoder$SafeCharsSet
2321:             1             48  org.apache.tomcat.util.digester.CallMethodRule
2322:             1             48  org.apache.tomcat.util.modeler.Registry
2323:             1             48  org.hibernate.validator.internal.engine.ValidatorFactoryImpl$ValidatorFactoryScopedContext
2324:             1             48  org.hibernate.validator.internal.engine.ValidatorImpl
2325:             2             48  org.hibernate.validator.internal.metadata.descriptor.ConstraintDescriptorImpl$ConstraintType
2326:             1             48  org.hibernate.validator.messageinterpolation.ResourceBundleMessageInterpolator
2327:             2             48  org.springframework.aop.support.annotation.AnnotationClassFilter
2328:             2             48  org.springframework.aop.support.annotation.AnnotationMatchingPointcut
2329:             2             48  org.springframework.beans.factory.annotation.InitDestroyAnnotationBeanPostProcessor$LifecycleElement
2330:             3             48  org.springframework.boot.autoconfigure.cache.CacheCondition
2331:             2             48  org.springframework.boot.autoconfigure.condition.OnResourceCondition
2332:             2             48  org.springframework.boot.autoconfigure.http.HttpProperties$Encoding$Type
2333:             2             48  org.springframework.boot.autoconfigure.jdbc.DataSourceAutoConfiguration$PooledDataSourceCondition
2334:             1             48  org.springframework.boot.autoconfigure.task.TaskExecutionAutoConfiguration$$EnhancerBySpringCGLIB$$afd15614
2335:             1             48  org.springframework.boot.autoconfigure.web.ServerProperties$Jetty$Accesslog
2336:             2             48  org.springframework.boot.autoconfigure.web.servlet.HttpEncodingAutoConfiguration$$EnhancerBySpringCGLIB$$f78673e0$$FastClassBySpringCGLIB$$830cfb52
2337:             2             48  org.springframework.boot.autoconfigure.web.servlet.HttpEncodingAutoConfiguration$$FastClassBySpringCGLIB$$8e591c9d
2338:             2             48  org.springframework.boot.autoconfigure.web.servlet.MultipartAutoConfiguration$$EnhancerBySpringCGLIB$$6676fbed$$FastClassBySpringCGLIB$$b156b9e9
2339:             2             48  org.springframework.boot.autoconfigure.web.servlet.MultipartAutoConfiguration$$FastClassBySpringCGLIB$$e81ad00a
2340:             2             48  org.springframework.boot.autoconfigure.web.servlet.ServletWebServerFactoryAutoConfiguration$$EnhancerBySpringCGLIB$$13eae4a1$$FastClassBySpringCGLIB$$698e7598
2341:             2             48  org.springframework.boot.autoconfigure.web.servlet.ServletWebServerFactoryAutoConfiguration$$FastClassBySpringCGLIB$$36b2d63e
2342:             2             48  org.springframework.boot.autoconfigure.web.servlet.WebMvcAutoConfiguration$$EnhancerBySpringCGLIB$$5873fbb5$$FastClassBySpringCGLIB$$ff50e6b5
2343:             2             48  org.springframework.boot.autoconfigure.web.servlet.WebMvcAutoConfiguration$$FastClassBySpringCGLIB$$1a49ed2
2344:             2             48  org.springframework.boot.autoconfigure.web.servlet.WebMvcAutoConfiguration$WebMvcAutoConfigurationAdapter$FaviconConfiguration$$EnhancerBySpringCGLIB$$ed5fe0e9$$FastClassBySpringCGLIB$$dbde8142
2345:             2             48  org.springframework.boot.autoconfigure.web.servlet.WebMvcAutoConfiguration$WebMvcAutoConfigurationAdapter$FaviconConfiguration$$FastClassBySpringCGLIB$$63819186
2346:             2             48  org.springframework.boot.autoconfigure.web.servlet.WebMvcProperties$LocaleResolver
2347:             1             48  org.springframework.boot.autoconfigure.web.servlet.error.ErrorMvcAutoConfiguration$$EnhancerBySpringCGLIB$$4fddc2c3
2348:             2             48  org.springframework.boot.autoconfigure.web.servlet.error.ErrorMvcAutoConfiguration$WhitelabelErrorViewConfiguration$$EnhancerBySpringCGLIB$$2f11a93b$$FastClassBySpringCGLIB$$75cc8bbc
2349:             2             48  org.springframework.boot.autoconfigure.web.servlet.error.ErrorMvcAutoConfiguration$WhitelabelErrorViewConfiguration$$FastClassBySpringCGLIB$$aa49e198
2350:             2             48  org.springframework.boot.context.properties.bind.JavaBeanBinder$Bean
2351:             2             48  org.springframework.boot.context.properties.source.SpringConfigurationPropertySource
2352:             2             48  org.springframework.boot.context.properties.source.SpringConfigurationPropertySources
2353:             2             48  org.springframework.boot.devtools.filewatch.ChangedFile
2354:             2             48  org.springframework.boot.devtools.filewatch.ChangedFiles
2355:             1             48  org.springframework.boot.devtools.filewatch.FileSystemWatcher$Watcher
2356:             1             48  org.springframework.boot.logging.logback.ExtendedWhitespaceThrowableProxyConverter
2357:             1             48  org.springframework.boot.task.TaskExecutorBuilder
2358:             1             48  org.springframework.boot.web.servlet.filter.OrderedCharacterEncodingFilter
2359:             1             48  org.springframework.boot.web.servlet.filter.OrderedFormContentFilter
2360:             1             48  org.springframework.boot.web.servlet.filter.OrderedHiddenHttpMethodFilter
2361:             1             48  org.springframework.boot.web.servlet.filter.OrderedRequestContextFilter
2362:             3             48  org.springframework.cglib.core.AbstractClassGenerator$Source
2363:             2             48  org.springframework.context.annotation.AdviceMode
2364:             3             48  org.springframework.context.annotation.AnnotationBeanNameGenerator
2365:             1             48  org.springframework.context.annotation.ConfigurationClassBeanDefinitionReader
2366:             2             48  org.springframework.context.annotation.ConfigurationCondition$ConfigurationPhase
2367:             2             48  org.springframework.context.support.ApplicationListenerDetector
2368:             2             48  org.springframework.core.NamedInheritableThreadLocal
2369:             2             48  org.springframework.core.ResolvableType$WildcardBounds$Kind
2370:             3             48  org.springframework.core.env.MutablePropertySources
2371:             3             48  org.springframework.expression.spel.standard.SpelExpressionParser
2372:             3             48  org.springframework.expression.spel.support.StandardOperatorOverloader
2373:             3             48  org.springframework.expression.spel.support.StandardTypeComparator
2374:             3             48  org.springframework.expression.spel.support.StandardTypeConverter
2375:             2             48  org.springframework.expression.spel.support.StandardTypeLocator
2376:             3             48  org.springframework.format.datetime.DateTimeFormatAnnotationFormatterFactory
2377:             3             48  org.springframework.format.datetime.standard.DateTimeConverters$CalendarToInstantConverter
2378:             3             48  org.springframework.format.datetime.standard.DateTimeConverters$CalendarToLocalDateConverter
2379:             3             48  org.springframework.format.datetime.standard.DateTimeConverters$CalendarToLocalDateTimeConverter
2380:             3             48  org.springframework.format.datetime.standard.DateTimeConverters$CalendarToLocalTimeConverter
2381:             3             48  org.springframework.format.datetime.standard.DateTimeConverters$CalendarToOffsetDateTimeConverter
2382:             3             48  org.springframework.format.datetime.standard.DateTimeConverters$CalendarToZonedDateTimeConverter
2383:             3             48  org.springframework.format.datetime.standard.DateTimeConverters$InstantToLongConverter
2384:             3             48  org.springframework.format.datetime.standard.DateTimeConverters$LocalDateTimeToLocalDateConverter
2385:             3             48  org.springframework.format.datetime.standard.DateTimeConverters$LocalDateTimeToLocalTimeConverter
2386:             3             48  org.springframework.format.datetime.standard.DateTimeConverters$LongToInstantConverter
2387:             3             48  org.springframework.format.datetime.standard.DateTimeConverters$OffsetDateTimeToInstantConverter
2388:             3             48  org.springframework.format.datetime.standard.DateTimeConverters$OffsetDateTimeToLocalDateConverter
2389:             3             48  org.springframework.format.datetime.standard.DateTimeConverters$OffsetDateTimeToLocalDateTimeConverter
2390:             3             48  org.springframework.format.datetime.standard.DateTimeConverters$OffsetDateTimeToLocalTimeConverter
2391:             3             48  org.springframework.format.datetime.standard.DateTimeConverters$OffsetDateTimeToZonedDateTimeConverter
2392:             3             48  org.springframework.format.datetime.standard.DateTimeConverters$ZonedDateTimeToInstantConverter
2393:             3             48  org.springframework.format.datetime.standard.DateTimeConverters$ZonedDateTimeToLocalDateConverter
2394:             3             48  org.springframework.format.datetime.standard.DateTimeConverters$ZonedDateTimeToLocalDateTimeConverter
2395:             3             48  org.springframework.format.datetime.standard.DateTimeConverters$ZonedDateTimeToLocalTimeConverter
2396:             3             48  org.springframework.format.datetime.standard.DateTimeConverters$ZonedDateTimeToOffsetDateTimeConverter
2397:             3             48  org.springframework.format.datetime.standard.DurationFormatter
2398:             3             48  org.springframework.format.datetime.standard.InstantFormatter
2399:             3             48  org.springframework.format.datetime.standard.Jsr310DateTimeFormatAnnotationFormatterFactory
2400:             3             48  org.springframework.format.datetime.standard.MonthDayFormatter
2401:             3             48  org.springframework.format.datetime.standard.MonthFormatter
2402:             3             48  org.springframework.format.datetime.standard.PeriodFormatter
2403:             3             48  org.springframework.format.datetime.standard.YearFormatter
2404:             3             48  org.springframework.format.datetime.standard.YearMonthFormatter
2405:             3             48  org.springframework.format.number.NumberFormatAnnotationFormatterFactory
2406:             1             48  org.springframework.jdbc.core.JdbcTemplate
2407:             3             48  org.springframework.messaging.converter.DefaultContentTypeResolver
2408:             1             48  org.springframework.messaging.simp.broker.DefaultSubscriptionRegistry
2409:             1             48  org.springframework.messaging.simp.user.UserDestinationMessageHandler
2410:             3             48  org.springframework.messaging.support.ImmutableMessageChannelInterceptor
2411:             1             48  org.springframework.scheduling.annotation.ScheduledAnnotationBeanPostProcessor
2412:             1             48  org.springframework.scheduling.config.ScheduledTaskRegistrar
2413:             2             48  org.springframework.util.ConcurrentReferenceHashMap$ReferenceType
2414:             2             48  org.springframework.util.ConcurrentReferenceHashMap$Restructure
2415:             1             48  org.springframework.web.accept.ContentNegotiationManagerFactoryBean
2416:             2             48  org.springframework.web.context.support.ServletContextResource
2417:             2             48  org.springframework.web.context.support.ServletContextResourcePatternResolver
2418:             2             48  org.springframework.web.method.annotation.ExpressionValueMethodArgumentResolver
2419:             3             48  org.springframework.web.method.annotation.MapMethodProcessor
2420:             2             48  org.springframework.web.method.support.HandlerMethodReturnValueHandlerComposite
2421:             2             48  org.springframework.web.servlet.mvc.condition.ProducesRequestCondition$ProduceMediaTypeExpression
2422:             2             48  org.springframework.web.servlet.mvc.method.annotation.MatrixVariableMethodArgumentResolver
2423:             2             48  org.springframework.web.servlet.mvc.method.annotation.PathVariableMethodArgumentResolver
2424:             2             48  org.springframework.web.servlet.mvc.method.annotation.ServletModelAttributeMethodProcessor
2425:             3             48  org.springframework.web.servlet.mvc.method.annotation.ServletRequestMethodArgumentResolver
2426:             3             48  org.springframework.web.servlet.mvc.method.annotation.ServletResponseMethodArgumentResolver
2427:             1             48  org.springframework.web.socket.config.WebSocketMessageBrokerStats
2428:             2             48  org.springframework.web.socket.handler.ConcurrentWebSocketSessionDecorator$OverflowStrategy
2429:             1             48  org.springframework.web.socket.messaging.SubProtocolWebSocketHandler$Stats
2430:             2             48  org.zeroturnaround.bundled.javassist.CtArray
2431:             1             48  org.zeroturnaround.bundled.javassist.compiler.KeywordTable
2432:             1             48  org.zeroturnaround.javarebel.integration.fileservlet.FileServlet
2433:             3             48  org.zeroturnaround.javarebel.integration.generic.BaseServletContextImplClassBytecodeProcessor
2434:             2             48  org.zeroturnaround.javarebel.integration.spring.beans.cbp.AutowiredPropertyCacheCBP
2435:             2             48  org.zeroturnaround.javarebel.integration.spring.beans.cbp.InjectionPropertySkippingCBP
2436:             3             48  org.zeroturnaround.javarebel.integration.support.AtomicBoolean
2437:             2             48  org.zeroturnaround.javarebel.preferences.FileStore$1
2438:             2             48  org.zeroturnaround.javarebel.preferences.FileStore$3
2439:             2             48  org.zeroturnaround.javarebel.preferences.InMemoryPreferences
2440:             1             48  org.zeroturnaround.javarebel.reporting.MetricsExecutor
2441:             2             48  org.zeroturnaround.javarebel.reporting.backend.LazyInitMessageBackendDecorator
2442:             2             48  org.zeroturnaround.javarebel.reporting.backend.impl.SegmentIOBackend$METHOD
2443:             1             48  org.zeroturnaround.javarebel.reporting.stats.repository.impl.RepositoryMetricsStatistics$AppSizeStatsListener
2444:             2             48  org.zeroturnaround.javarebel.service.ServiceRequestUtil$WeakServiceRequestListener
2445:             2             48  org.zeroturnaround.javarebel.spring.SpringMetrics$ShipInBackgroundThreadStrategy$1
2446:             3             48  org.zeroturnaround.jrebel.apache.commons.compress.archivers.zip.ExtraFieldUtils$UnparseableExtraField
2447:             2             48  org.zeroturnaround.jrebel.apache.commons.compress.archivers.zip.ZipEncodingHelper$SimpleEncodingHolder
2448:             2             48  sun.management.ManagementFactoryHelper$1
2449:             2             48  sun.misc.NativeSignalHandler
2450:             2             48  sun.misc.Signal
2451:             3             48  sun.nio.ch.Util$3
2452:             2             48  sun.nio.cs.ext.EUC_KR
2453:             2             48  sun.nio.cs.ext.JIS_X_0208_MS5022X
2454:             2             48  sun.nio.cs.ext.JIS_X_0212_MS5022X
2455:             3             48  sun.rmi.server.UnicastRef
2456:             3             48  sun.rmi.server.WeakClassHashMap$ValueCell
2457:             2             48  sun.security.jca.ProviderList
2458:             2             48  sun.security.jca.ProviderList$3
2459:             3             48  sun.security.ssl.AbstractTrustManagerWrapper
2460:             3             48  sun.security.ssl.EphemeralKeyManager
2461:             1             48  sun.security.ssl.OutputRecord
2462:             2             48  sun.security.ssl.SSLAlgorithmConstraints
2463:             3             48  sun.security.ssl.SSLSocketFactoryImpl
2464:             3             48  sun.security.util.AlgorithmDecomposer
2465:             3             48  sun.text.normalizer.CharTrie$FriendAgent
2466:             1             48  sun.text.normalizer.IntTrie
2467:             3             48  sun.text.normalizer.NormalizerBase$QuickCheckResult
2468:             3             48  sun.text.normalizer.VersionInfo
2469:             1             48  sun.text.resources.FormatData
2470:             1             48  sun.text.resources.en.FormatData_en
2471:             1             48  sun.text.resources.en.FormatData_en_US
2472:             1             48  sun.text.resources.zh.FormatData_zh
2473:             1             48  sun.text.resources.zh.FormatData_zh_CN
2474:             1             48  sun.util.resources.CalendarData
2475:             1             48  sun.util.resources.CurrencyNames
2476:             2             48  sun.util.resources.LocaleData$1
2477:             1             48  sun.util.resources.TimeZoneNames
2478:             1             48  sun.util.resources.en.CalendarData_en
2479:             1             48  sun.util.resources.en.CurrencyNames_en_US
2480:             1             48  sun.util.resources.en.TimeZoneNames_en
2481:             1             48  sun.util.resources.zh.CalendarData_zh
2482:             1             48  sun.util.resources.zh.CurrencyNames_zh_CN
2483:             2             40  [Lch.qos.logback.core.Appender;
2484:             1             40  [Lch.qos.logback.core.pattern.parser.TokenStream$TokenizerState;
2485:             1             40  [Lch.qos.logback.core.subst.Token$Type;
2486:             1             40  [Lcom.fasterxml.jackson.annotation.JsonAutoDetect$Visibility;
2487:             1             40  [Lcom.fasterxml.jackson.annotation.Nulls;
2488:             1             40  [Lcom.fasterxml.jackson.core.JsonParser$NumberType;
2489:             2             40  [Lcom.sun.jmx.mbeanserver.ClassLoaderRepositorySupport$LoaderEntry;
2490:             1             40  [Lcom.sun.org.apache.xerces.internal.util.Status;
2491:             1             40  [Lcom.sysmin.core.jvm.enums.JstatType;
2492:             1             40  [Lcom.zeroturnaround.javarebel.bpq;
2493:             1             40  [Lcom.zeroturnaround.javarebel.gps;
2494:             1             40  [Lcom.zeroturnaround.javarebel.oq;
2495:             1             40  [Lcom.zeroturnaround.javarebel.x;
2496:             2             40  [Ljava.beans.PropertyChangeListener;
2497:             2             40  [Ljava.lang.instrument.ClassFileTransformer;
2498:             1             40  [Ljava.lang.management.MemoryPoolMXBean;
2499:             2             40  [Ljava.net.URL;
2500:             1             40  [Ljava.time.format.SignStyle;
2501:             1             40  [Ljava.time.format.TextStyle;
2502:             1             40  [Ljava.util.stream.StreamOpFlag;
2503:             1             40  [Ljavax.servlet.http.MappingMatch;
2504:             1             40  [Lorg.apache.coyote.http11.Http11InputBuffer$HeaderParsePosition;
2505:             1             40  [Lorg.apache.tomcat.util.descriptor.web.FilterMap;
2506:             1             40  [Lorg.apache.tomcat.util.net.SocketEvent;
2507:             1             40  [Lorg.apache.tomcat.websocket.WsFrameBase$ReadState;
2508:             1             40  [Lorg.hibernate.validator.internal.metadata.raw.ConstrainedElement$ConstrainedElementKind;
2509:             1             40  [Lorg.jboss.logging.Logger$Level;
2510:             1             40  [Lorg.springframework.boot.ansi.AnsiStyle;
2511:             1             40  [Lorg.zeroturnaround.javarebel.reporting.stats.repository.CommonFieldId;
2512:             1             40  [Lsun.nio.fs.WindowsPathType;
2513:             1             40  [Lsun.security.jca.ServiceId;
2514:             1             40  [Lsun.security.ssl.SignatureAndHashAlgorithm$SignatureAlgorithm;
2515:             1             40  [Lsun.security.util.DisabledAlgorithmConstraints$Constraint$Operator;
2516:             1             40  [Lsun.util.locale.provider.LocaleProviderAdapter$Type;
2517:             1             40  [[Ljava.lang.invoke.LambdaForm$Name;
2518:             1             40  ch.qos.logback.classic.pattern.LoggerConverter
2519:             1             40  ch.qos.logback.core.BasicStatusManager
2520:             1             40  com.SysminApplication$$EnhancerBySpringCGLIB$$cb50aac1
2521:             1             40  com.conf.StompConf$$EnhancerBySpringCGLIB$$6fcfe05b
2522:             1             40  com.fasterxml.jackson.annotation.JsonFormat$Value
2523:             1             40  com.sun.beans.finder.MethodFinder$1
2524:             1             40  com.sun.jmx.interceptor.DefaultMBeanServerInterceptor
2525:             1             40  com.sun.jmx.mbeanserver.JmxMBeanServer
2526:             1             40  com.sun.jmx.mbeanserver.MBeanServerDelegateImpl
2527:             1             40  com.sun.org.apache.xerces.internal.impl.XMLEntityManager$CharacterBufferPool
2528:             1             40  com.sun.org.apache.xerces.internal.impl.XMLErrorReporter
2529:             1             40  com.sun.org.apache.xerces.internal.impl.XMLVersionDetector
2530:             1             40  com.sun.org.apache.xerces.internal.util.SymbolTable
2531:             1             40  com.sun.org.apache.xerces.internal.utils.XMLLimitAnalyzer
2532:             1             40  com.sun.org.apache.xerces.internal.utils.XMLSecurityManager
2533:             1             40  com.sun.xml.internal.stream.XMLEntityStorage
2534:             1             40  com.sun.xml.internal.stream.util.BufferAllocator
2535:             1             40  com.sysmin.controller.jvm.JvmHandlerController
2536:             1             40  com.zeroturnaround.javarebel.abj
2537:             1             40  com.zeroturnaround.javarebel.br
2538:             1             40  com.zeroturnaround.javarebel.bsb
2539:             1             40  com.zeroturnaround.javarebel.bsi
2540:             1             40  com.zeroturnaround.javarebel.bud
2541:             1             40  com.zeroturnaround.javarebel.byf
2542:             1             40  com.zeroturnaround.javarebel.chg
2543:             1             40  com.zeroturnaround.javarebel.gfh
2544:             1             40  com.zeroturnaround.javarebel.gwc
2545:             1             40  com.zeroturnaround.javarebel.mz
2546:             1             40  com.zeroturnaround.javarebel.ys
2547:             1             40  com.zeroturnaround.javarebel.ze
2548:             1             40  com.zeroturnaround.jrebel.bundled.org.bouncycastle.jce.provider.BouncyCastleProviderConfiguration
2549:             1             40  java.beans.WeakIdentityMap$Entry
2550:             1             40  java.text.MessageFormat
2551:             1             40  java.time.format.DateTimeFormatterBuilder
2552:             1             40  java.time.format.DateTimeFormatterBuilder$ReducedPrinterParser
2553:             1             40  java.time.format.DateTimeFormatterBuilder$ZoneTextPrinterParser
2554:             1             40  java.time.zone.ZoneRules
2555:             1             40  java.util.ResourceBundle$1
2556:             1             40  java.util.regex.Pattern$LazyLoop
2557:             1             40  java.util.regex.Pattern$Loop
2558:             1             40  javax.crypto.CryptoAllPermission
2559:             1             40  javax.servlet.MultipartConfigElement
2560:             1             40  org.apache.catalina.core.ApplicationSessionCookieConfig
2561:             1             40  org.apache.catalina.mapper.Mapper
2562:             1             40  org.apache.catalina.mbeans.ClassNameMBean
2563:             1             40  org.apache.catalina.mbeans.ConnectorMBean
2564:             1             40  org.apache.catalina.mbeans.ServiceMBean
2565:             1             40  org.apache.catalina.realm.MessageDigestCredentialHandler
2566:             1             40  org.apache.coyote.AbstractProtocol$RecycledProcessors
2567:             1             40  org.hibernate.validator.internal.engine.ValidationContext$ValidatorScopedContext
2568:             1             40  org.hibernate.validator.internal.engine.constraintvalidation.ConstraintValidatorManager
2569:             1             40  org.slf4j.bridge.SLF4JBridgeHandler
2570:             1             40  org.springframework.beans.JrNonSingletonBeanSupport
2571:             1             40  org.springframework.beans.JrNonSingletonBeanSupport$BeanInfo
2572:             1             40  org.springframework.beans.factory.annotation.AutowiredAnnotationBeanPostProcessor$AutowiredFieldElement
2573:             1             40  org.springframework.boot.autoconfigure.admin.SpringApplicationAdminJmxAutoConfiguration$$EnhancerBySpringCGLIB$$b6de5e0c
2574:             1             40  org.springframework.boot.autoconfigure.http.HttpMessageConvertersAutoConfiguration$$EnhancerBySpringCGLIB$$3e6588d2
2575:             1             40  org.springframework.boot.autoconfigure.http.HttpMessageConvertersAutoConfiguration$StringHttpMessageConverterConfiguration$$EnhancerBySpringCGLIB$$71734f72
2576:             1             40  org.springframework.boot.autoconfigure.info.ProjectInfoAutoConfiguration$$EnhancerBySpringCGLIB$$602bca57
2577:             1             40  org.springframework.boot.autoconfigure.jackson.JacksonAutoConfiguration$JacksonObjectMapperBuilderConfiguration$$EnhancerBySpringCGLIB$$3211fee8
2578:             1             40  org.springframework.boot.autoconfigure.jdbc.DataSourceJmxConfiguration$Hikari$$EnhancerBySpringCGLIB$$dd61ea8
2579:             1             40  org.springframework.boot.autoconfigure.jdbc.DataSourceTransactionManagerAutoConfiguration$DataSourceTransactionManagerConfiguration$$EnhancerBySpringCGLIB$$d13255ad
2580:             1             40  org.springframework.boot.autoconfigure.jdbc.JdbcTemplateAutoConfiguration$JdbcTemplateConfiguration$$EnhancerBySpringCGLIB$$3cbcebab
2581:             1             40  org.springframework.boot.autoconfigure.jmx.JmxAutoConfiguration$$EnhancerBySpringCGLIB$$a39d2c5a
2582:             1             40  org.springframework.boot.autoconfigure.transaction.TransactionAutoConfiguration$TransactionTemplateConfiguration$$EnhancerBySpringCGLIB$$22bc1a80
2583:             1             40  org.springframework.boot.autoconfigure.web.ServerProperties$Tomcat$Accesslog
2584:             1             40  org.springframework.boot.autoconfigure.web.ServerProperties$Undertow
2585:             1             40  org.springframework.boot.autoconfigure.web.client.RestTemplateAutoConfiguration$$EnhancerBySpringCGLIB$$bf47b6bf
2586:             1             40  org.springframework.boot.autoconfigure.web.format.WebConversionService
2587:             1             40  org.springframework.boot.autoconfigure.web.servlet.DispatcherServletAutoConfiguration$DispatcherServletConfiguration$$EnhancerBySpringCGLIB$$74314d07
2588:             1             40  org.springframework.boot.autoconfigure.web.servlet.DispatcherServletAutoConfiguration$DispatcherServletRegistrationConfiguration$$EnhancerBySpringCGLIB$$d638e1ae
2589:             1             40  org.springframework.boot.autoconfigure.web.servlet.HttpEncodingAutoConfiguration$$EnhancerBySpringCGLIB$$f78673e0
2590:             1             40  org.springframework.boot.autoconfigure.web.servlet.MultipartAutoConfiguration$$EnhancerBySpringCGLIB$$6676fbed
2591:             1             40  org.springframework.boot.autoconfigure.web.servlet.WebMvcAutoConfiguration$WebMvcAutoConfigurationAdapter$FaviconConfiguration$$EnhancerBySpringCGLIB$$ed5fe0e9
2592:             1             40  org.springframework.boot.autoconfigure.web.servlet.error.ErrorMvcAutoConfiguration$DefaultErrorViewResolverConfiguration$$EnhancerBySpringCGLIB$$64729763
2593:             1             40  org.springframework.boot.autoconfigure.web.servlet.error.ErrorMvcAutoConfiguration$WhitelabelErrorViewConfiguration$$EnhancerBySpringCGLIB$$2f11a93b
2594:             1             40  org.springframework.boot.autoconfigure.websocket.servlet.WebSocketMessagingAutoConfiguration$WebSocketMessageConverterConfiguration$$EnhancerBySpringCGLIB$$fc2b30ef
2595:             1             40  org.springframework.boot.context.properties.ConfigurationPropertiesBinder
2596:             1             40  org.springframework.boot.devtools.autoconfigure.DevToolsProperties$Restart
2597:             1             40  org.springframework.boot.devtools.autoconfigure.LocalDevToolsAutoConfiguration$LiveReloadConfiguration$$EnhancerBySpringCGLIB$$ef1aa9b0
2598:             1             40  org.springframework.boot.devtools.autoconfigure.LocalDevToolsAutoConfiguration$RestartConfiguration$$EnhancerBySpringCGLIB$$8ac4de8e
2599:             1             40  org.springframework.boot.devtools.livereload.LiveReloadServer
2600:             1             40  org.springframework.boot.web.servlet.server.Session
2601:             1             40  org.springframework.boot.web.servlet.server.Session$Cookie
2602:             1             40  org.springframework.context.event.EventListenerMethodProcessor
2603:             1             40  org.springframework.context.expression.StandardBeanExpressionResolver
2604:             1             40  org.springframework.expression.spel.support.SimpleEvaluationContext
2605:             1             40  org.springframework.jdbc.datasource.DataSourceTransactionManager
2606:             1             40  org.springframework.jndi.support.SimpleJndiBeanFactory
2607:             1             40  org.springframework.messaging.converter.MappingJackson2MessageConverter
2608:             1             40  org.springframework.messaging.converter.StringMessageConverter
2609:             1             40  org.springframework.messaging.simp.config.SimpleBrokerRegistration
2610:             1             40  org.springframework.transaction.annotation.ProxyTransactionManagementConfiguration$$EnhancerBySpringCGLIB$$2431bd3e
2611:             1             40  org.springframework.transaction.interceptor.AbstractFallbackTransactionAttributeSource$1
2612:             1             40  org.springframework.transaction.interceptor.BeanFactoryTransactionAttributeSourceAdvisor
2613:             1             40  org.springframework.transaction.interceptor.TransactionInterceptor
2614:             1             40  org.springframework.transaction.support.TransactionTemplate
2615:             1             40  org.springframework.ui.context.support.ResourceBundleThemeSource
2616:             1             40  org.springframework.web.bind.support.ConfigurableWebBindingInitializer
2617:             1             40  org.springframework.web.servlet.config.annotation.PathMatchConfigurer
2618:             1             40  org.springframework.web.servlet.handler.AbstractHandlerMethodMapping$MappingRegistry
2619:             1             40  org.springframework.web.servlet.mvc.annotation.ResponseStatusExceptionResolver
2620:             1             40  org.springframework.web.servlet.mvc.support.DefaultHandlerExceptionResolver
2621:             1             40  org.zeroturnaround.bundled.javassist.ClassPool
2622:             1             40  org.zeroturnaround.javarebel.preferences.FileStore
2623:             1             40  org.zeroturnaround.javarebel.reporting.stats.repository.impl.RepositoryMetricsStatistics
2624:             1             40  org.zeroturnaround.javarebel.reporting.stats.repository.impl.StatisticsRepositoryImpl
2625:             1             40  org.zeroturnaround.javarebel.spring.handlermethod.HandlerMethodReloader
2626:             1             40  org.zeroturnaround.jrebel.intellij.IntelliJProcessListener
2627:             1             40  sun.management.DiagnosticCommandImpl
2628:             1             40  sun.management.resources.agent
2629:             1             40  sun.management.resources.agent_zh_CN
2630:             1             40  sun.net.idn.StringPrep
2631:             1             40  sun.nio.cs.StandardCharsets$Aliases
2632:             1             40  sun.nio.cs.StandardCharsets$Cache
2633:             1             40  sun.nio.cs.StandardCharsets$Classes
2634:             1             40  sun.nio.cs.ext.ExtendedCharsets
2635:             1             40  sun.rmi.server.UnicastServerRef2
2636:             1             40  sun.security.ssl.HandshakeHash
2637:             1             40  sun.text.resources.BreakIteratorInfo
2638:             1             40  sun.util.logging.resources.logging
2639:             1             40  sun.util.logging.resources.logging_zh_CN
2640:             1             32  [Lch.qos.logback.core.spi.FilterReply;
2641:             1             32  [Lch.qos.logback.core.subst.Tokenizer$TokenizerState;
2642:             1             32  [Lcom.fasterxml.jackson.annotation.JsonProperty$Access;
2643:             1             32  [Lcom.fasterxml.jackson.core.JsonFactory$Feature;
2644:             1             32  [Lcom.fasterxml.jackson.databind.util.AccessPattern;
2645:             1             32  [Lcom.sun.beans.util.Cache$Kind;
2646:             1             32  [Lcom.sun.org.apache.xalan.internal.utils.XMLSecurityManager$NameMap;
2647:             1             32  [Lcom.sun.org.apache.xerces.internal.utils.XMLSecurityManager$NameMap;
2648:             1             32  [Lcom.sysmin.core.jvm.enums.JmapType;
2649:             1             32  [Lcom.sysmin.core.log.LogType;
2650:             1             32  [Lcom.zeroturnaround.javarebel.aa;
2651:             1             32  [Lcom.zeroturnaround.javarebel.gfi;
2652:             1             32  [Lcom.zeroturnaround.javarebel.goz;
2653:             1             32  [Lcom.zeroturnaround.javarebel.gsa;
2654:             1             32  [Lcom.zeroturnaround.javarebel.kz;
2655:             1             32  [Lcom.zeroturnaround.javarebel.zr;
2656:             1             32  [Lcom.zeroturnaround.reload.n;
2657:             2             32  [Ljava.lang.Enum;
2658:             1             32  [Ljava.lang.OutOfMemoryError;
2659:             1             32  [Ljava.lang.ThreadGroup;
2660:             1             32  [Ljava.lang.management.MemoryManagerMXBean;
2661:             1             32  [Ljava.net.Proxy$Type;
2662:             1             32  [Ljava.text.Normalizer$Form;
2663:             1             32  [Ljava.time.format.DateTimeFormatter;
2664:             1             32  [Ljava.time.format.DateTimeFormatterBuilder$SettingsParser;
2665:             1             32  [Ljava.time.format.FormatStyle;
2666:             1             32  [Ljava.time.format.ResolverStyle;
2667:             1             32  [Ljava.time.temporal.IsoFields$Field;
2668:             1             32  [Ljava.util.stream.MatchOps$MatchKind;
2669:             1             32  [Ljava.util.stream.StreamShape;
2670:             1             32  [Lorg.apache.commons.logging.LogAdapter$LogApi;
2671:             1             32  [Lorg.apache.coyote.ErrorState;
2672:             1             32  [Lorg.apache.coyote.http11.Http11InputBuffer$HeaderParseStatus;
2673:             1             32  [Lorg.apache.tomcat.util.http.ConcurrentDateFormat;
2674:             1             32  [Lorg.apache.tomcat.util.http.parser.SkipResult;
2675:             1             32  [Lorg.apache.tomcat.util.log.UserDataHelper$Config;
2676:             1             32  [Lorg.apache.tomcat.util.log.UserDataHelper$Mode;
2677:             1             32  [Lorg.apache.tomcat.util.net.AbstractEndpoint$BindState;
2678:             1             32  [Lorg.apache.tomcat.util.net.Acceptor$AcceptorState;
2679:             1             32  [Lorg.apache.tomcat.util.net.SendfileState;
2680:             1             32  [Lorg.apache.tomcat.websocket.MessageHandlerResultType;
2681:             1             32  [Lorg.apache.tomcat.websocket.TransformationResult;
2682:             1             32  [Lorg.apache.tomcat.websocket.WsFrameBase$State;
2683:             1             32  [Lorg.apache.tomcat.websocket.WsSession$State;
2684:             1             32  [Lorg.hibernate.validator.internal.metadata.raw.ConfigurationSource;
2685:             1             32  [Lorg.hibernate.validator.internal.util.ConcurrentReferenceHashMap$ReferenceType;
2686:             1             32  [Lorg.springframework.boot.Banner$Mode;
2687:             1             32  [Lorg.springframework.boot.WebApplicationType;
2688:             1             32  [Lorg.springframework.boot.cloud.CloudPlatform;
2689:             1             32  [Lorg.springframework.boot.context.properties.source.ConfigurationPropertyName$Form;
2690:             1             32  [Lorg.springframework.boot.context.properties.source.ConfigurationPropertyState;
2691:             1             32  [Lorg.springframework.boot.devtools.filewatch.ChangedFile$Type;
2692:             1             32  [Lorg.springframework.boot.jdbc.DataSourceInitializationMode;
2693:             1             32  [Lorg.springframework.boot.jdbc.EmbeddedDatabaseConnection;
2694:             1             32  [Lorg.springframework.boot.web.servlet.ServletContextInitializer;
2695:             1             32  [Lorg.springframework.cglib.proxy.Callback;
2696:             1             32  [Lorg.springframework.expression.spel.SpelCompilerMode;
2697:             1             32  [Lorg.springframework.jdbc.datasource.embedded.EmbeddedDatabaseType;
2698:             1             32  [Lorg.springframework.jmx.support.RegistrationPolicy;
2699:             1             32  [Lorg.springframework.web.socket.sockjs.frame.SockJsFrameType;
2700:             1             32  [Lorg.springframework.web.socket.sockjs.transport.session.AbstractSockJsSession$State;
2701:             1             32  [Lorg.springframework.web.util.HierarchicalUriComponents$EncodeState;
2702:             1             32  [Lorg.zeroturnaround.javarebel.reporting.MessageType$SendFilterImpl;
2703:             1             32  [Lorg.zeroturnaround.javarebel.service.ServiceRequestPriority;
2704:             1             32  [Lsun.misc.ObjectInputFilter$Status;
2705:             2             32  [Lsun.reflect.annotation.TypeAnnotation;
2706:             1             32  [Lsun.security.ssl.CipherSuite$CipherType;
2707:             1             32  [Lsun.security.ssl.CipherSuite$PRF;
2708:             1             32  ch.qos.logback.classic.jul.LevelChangePropagator
2709:             1             32  ch.qos.logback.classic.pattern.LevelConverter
2710:             1             32  ch.qos.logback.classic.pattern.LineSeparatorConverter
2711:             1             32  ch.qos.logback.classic.pattern.MessageConverter
2712:             1             32  ch.qos.logback.classic.pattern.ThreadConverter
2713:             1             32  ch.qos.logback.classic.spi.LoggerContextVO
2714:             1             32  ch.qos.logback.core.helpers.CyclicBuffer
2715:             2             32  com.alibaba.fastjson.parser.deserializer.JSONPDeserializer
2716:             2             32  com.alibaba.fastjson.parser.deserializer.SqlDateDeserializer
2717:             2             32  com.alibaba.fastjson.serializer.MiscCodec
2718:             1             32  com.alibaba.fastjson.serializer.SerializeConfig
2719:             1             32  com.fasterxml.classmate.TypeBindings
2720:             1             32  com.fasterxml.jackson.annotation.JsonInclude$Value
2721:             1             32  com.fasterxml.jackson.databind.ObjectWriter$GeneratorSettings
2722:             1             32  com.fasterxml.jackson.databind.introspect.VisibilityChecker$Std
2723:             2             32  com.fasterxml.jackson.databind.node.JsonNodeFactory
2724:             2             32  com.fasterxml.jackson.databind.ser.impl.PropertySerializerMap$Empty
2725:             1             32  com.fasterxml.jackson.databind.ser.impl.StringArraySerializer
2726:             1             32  com.fasterxml.jackson.databind.ser.std.CalendarSerializer
2727:             1             32  com.fasterxml.jackson.databind.ser.std.DateSerializer
2728:             1             32  com.fasterxml.jackson.databind.ser.std.NumberSerializers$FloatSerializer
2729:             1             32  com.fasterxml.jackson.databind.ser.std.NumberSerializers$IntLikeSerializer
2730:             1             32  com.fasterxml.jackson.databind.ser.std.NumberSerializers$ShortSerializer
2731:             1             32  com.fasterxml.jackson.datatype.jsr310.ser.DurationSerializer
2732:             1             32  com.fasterxml.jackson.datatype.jsr310.ser.LocalDateSerializer
2733:             1             32  com.fasterxml.jackson.datatype.jsr310.ser.LocalDateTimeSerializer
2734:             1             32  com.fasterxml.jackson.datatype.jsr310.ser.LocalTimeSerializer
2735:             1             32  com.fasterxml.jackson.datatype.jsr310.ser.MonthDaySerializer
2736:             1             32  com.fasterxml.jackson.datatype.jsr310.ser.OffsetTimeSerializer
2737:             1             32  com.fasterxml.jackson.datatype.jsr310.ser.YearMonthSerializer
2738:             1             32  com.fasterxml.jackson.datatype.jsr310.ser.YearSerializer
2739:             2             32  com.sun.beans.WeakCache
2740:             1             32  com.sun.jmx.mbeanserver.Repository
2741:             1             32  com.sun.org.apache.xalan.internal.utils.FeatureManager$Feature
2742:             2             32  com.sun.org.apache.xerces.internal.impl.XMLDocumentScannerImpl$PrologDriver
2743:             2             32  com.sun.org.apache.xerces.internal.impl.XMLDocumentScannerImpl$TrailingMiscDriver
2744:             2             32  com.sun.org.apache.xerces.internal.impl.XMLDocumentScannerImpl$XMLDeclDriver
2745:             1             32  com.sun.org.apache.xerces.internal.impl.XMLEntityScanner$1
2746:             2             32  com.sun.org.apache.xerces.internal.impl.dv.dtd.ENTITYDatatypeValidator
2747:             1             32  com.sun.org.apache.xerces.internal.jaxp.SAXParserFactoryImpl
2748:             1             32  com.sun.org.apache.xerces.internal.util.NamespaceSupport
2749:             2             32  com.sun.proxy.$Proxy15
2750:             2             32  com.sun.proxy.$Proxy16
2751:             2             32  com.sun.proxy.$Proxy19
2752:             2             32  com.sun.proxy.$Proxy25
2753:             2             32  com.sun.proxy.$Proxy3
2754:             2             32  com.sun.proxy.$Proxy46
2755:             2             32  com.sun.proxy.$Proxy57
2756:             2             32  com.sun.proxy.$Proxy59
2757:             2             32  com.sun.proxy.$Proxy63
2758:             2             32  com.sun.proxy.$Proxy65
2759:             2             32  com.sun.proxy.$Proxy68
2760:             2             32  com.sun.proxy.$Proxy74
2761:             1             32  com.sysmin.core.jvm.service.impl.JstatImpl
2762:             1             32  com.zeroturnaround.javarebel.SDKConfigurationImpl
2763:             1             32  com.zeroturnaround.javarebel.SDKIntegrationImpl
2764:             1             32  com.zeroturnaround.javarebel.at
2765:             2             32  com.zeroturnaround.javarebel.ays
2766:             1             32  com.zeroturnaround.javarebel.bh
2767:             1             32  com.zeroturnaround.javarebel.bxq
2768:             1             32  com.zeroturnaround.javarebel.bz
2769:             1             32  com.zeroturnaround.javarebel.cec
2770:             1             32  com.zeroturnaround.javarebel.cfr
2771:             2             32  com.zeroturnaround.javarebel.cis
2772:             2             32  com.zeroturnaround.javarebel.cit
2773:             2             32  com.zeroturnaround.javarebel.cix
2774:             2             32  com.zeroturnaround.javarebel.ciy
2775:             2             32  com.zeroturnaround.javarebel.cjm
2776:             2             32  com.zeroturnaround.javarebel.di
2777:             2             32  com.zeroturnaround.javarebel.dj
2778:             2             32  com.zeroturnaround.javarebel.eb
2779:             2             32  com.zeroturnaround.javarebel.eq
2780:             1             32  com.zeroturnaround.javarebel.fi
2781:             2             32  com.zeroturnaround.javarebel.fs
2782:             2             32  com.zeroturnaround.javarebel.im
2783:             2             32  com.zeroturnaround.javarebel.ip
2784:             2             32  com.zeroturnaround.javarebel.is
2785:             2             32  com.zeroturnaround.javarebel.iv
2786:             2             32  com.zeroturnaround.javarebel.jj
2787:             1             32  com.zeroturnaround.javarebel.lk
2788:             1             32  com.zeroturnaround.javarebel.nb
2789:             1             32  com.zeroturnaround.javarebel.pk
2790:             1             32  com.zeroturnaround.javarebel.uy
2791:             1             32  com.zeroturnaround.javarebel.xn
2792:             1             32  com.zeroturnaround.javarebel.zh
2793:             2             32  com.zeroturnaround.jrebel.bundled.org.bouncycastle.jcajce.provider.asymmetric.dh.KeyFactorySpi
2794:             2             32  com.zeroturnaround.jrebel.bundled.org.bouncycastle.jcajce.provider.asymmetric.ecgost.KeyFactorySpi
2795:             1             32  java.beans.ThreadGroupContext
2796:             1             32  java.beans.ThreadGroupContext$1
2797:             1             32  java.io.SerializablePermission
2798:             1             32  java.io.WinNTFileSystem
2799:             1             32  java.lang.ArithmeticException
2800:             2             32  java.lang.ClassValue$Identity
2801:             2             32  java.lang.Float
2802:             1             32  java.lang.NullPointerException
2803:             2             32  java.lang.Shutdown$Lock
2804:             1             32  java.lang.reflect.WeakCache
2805:             1             32  java.lang.reflect.WeakCache$CacheKey
2806:             2             32  java.nio.ByteOrder
2807:             2             32  java.rmi.server.RemoteObjectInvocationHandler
2808:             1             32  java.security.ProtectionDomain$WeakProtectionDomainKey
2809:             1             32  java.security.cert.PolicyQualifierInfo
2810:             1             32  java.text.DontCareFieldPosition
2811:             1             32  java.time.format.DateTimeFormatterBuilder$FractionPrinterParser
2812:             2             32  java.util.AbstractMap$1
2813:             1             32  java.util.PriorityQueue
2814:             2             32  java.util.TreeMap$EntrySet
2815:             1             32  java.util.concurrent.ConcurrentSkipListMap$HeadIndex
2816:             1             32  java.util.concurrent.DelayQueue
2817:             2             32  java.util.concurrent.atomic.AtomicReferenceArray
2818:             2             32  java.util.logging.ErrorManager
2819:             1             32  java.util.logging.LogManager$SystemLoggerContext
2820:             1             32  javax.crypto.spec.RC5ParameterSpec
2821:             1             32  org.apache.catalina.authenticator.jaspic.AuthConfigFactoryImpl
2822:             1             32  org.apache.catalina.mapper.Mapper$MappedHost
2823:             1             32  org.apache.coyote.AbstractProtocol$ConnectionHandler
2824:             1             32  org.apache.coyote.CompressionConfig
2825:             1             32  org.apache.logging.log4j.status.StatusLogger$BoundedQueue
2826:             2             32  org.apache.logging.log4j.util.EnvironmentPropertySource
2827:             2             32  org.apache.logging.log4j.util.PropertiesUtil
2828:             2             32  org.apache.logging.log4j.util.PropertyFilePropertySource
2829:             2             32  org.apache.logging.log4j.util.PropertySource$Comparator
2830:             2             32  org.apache.logging.log4j.util.SystemPropertiesPropertySource
2831:             1             32  org.apache.tomcat.util.collections.ManagedConcurrentWeakHashMap
2832:             1             32  org.apache.tomcat.util.descriptor.web.LoginConfig
2833:             1             32  org.apache.tomcat.util.scan.StandardJarScanner
2834:             1             32  org.apache.tomcat.util.threads.LimitLatch
2835:             1             32  org.apache.tomcat.util.threads.LimitLatch$Sync
2836:             1             32  org.apache.tomcat.util.threads.TaskThreadFactory
2837:             1             32  org.apache.tomcat.websocket.BackgroundProcessManager
2838:             1             32  org.apache.tomcat.websocket.server.WsWriteTimeout
2839:             1             32  org.hibernate.validator.internal.cfg.context.DefaultConstraintMapping
2840:             1             32  org.hibernate.validator.internal.engine.ValidatorFactoryImpl$BeanMetaDataManagerKey
2841:             1             32  org.hibernate.validator.internal.engine.constraintvalidation.HibernateConstraintValidatorInitializationContextImpl
2842:             1             32  org.hibernate.validator.internal.engine.scripting.DefaultScriptEvaluatorFactory
2843:             1             32  org.hibernate.validator.internal.engine.valueextraction.ValueExtractorResolver
2844:             1             32  org.hibernate.validator.internal.metadata.core.ConstraintHelper
2845:             1             32  org.hibernate.validator.internal.metadata.provider.AnnotationMetaDataProvider
2846:             1             32  org.hibernate.validator.internal.metadata.raw.BeanConfiguration
2847:             1             32  org.springframework.beans.factory.support.AbstractAutowireCapableBeanFactory$$Lambda$114/460741164
2848:             1             32  org.springframework.beans.factory.support.AbstractBeanFactory$$Lambda$113/1495608502
2849:             1             32  org.springframework.beans.factory.support.BeanDefinitionDefaults
2850:             1             32  org.springframework.beans.propertyeditors.CustomMapEditor
2851:             1             32  org.springframework.beans.propertyeditors.PatternEditor
2852:             1             32  org.springframework.boot.DefaultApplicationArguments$Source
2853:             1             32  org.springframework.boot.admin.SpringApplicationAdminMXBeanRegistrar
2854:             1             32  org.springframework.boot.autoconfigure.condition.ConditionEvaluationReport
2855:             1             32  org.springframework.boot.autoconfigure.context.ConfigurationPropertiesAutoConfiguration$$EnhancerBySpringCGLIB$$13bb488c
2856:             1             32  org.springframework.boot.autoconfigure.context.PropertyPlaceholderAutoConfiguration$$EnhancerBySpringCGLIB$$24e82f77
2857:             1             32  org.springframework.boot.autoconfigure.dao.PersistenceExceptionTranslationAutoConfiguration$$EnhancerBySpringCGLIB$$e890c151
2858:             1             32  org.springframework.boot.autoconfigure.http.HttpProperties$Encoding
2859:             1             32  org.springframework.boot.autoconfigure.http.JacksonHttpMessageConvertersConfiguration$$EnhancerBySpringCGLIB$$a1bc7f00
2860:             1             32  org.springframework.boot.autoconfigure.http.JacksonHttpMessageConvertersConfiguration$MappingJackson2HttpMessageConverterConfiguration$$EnhancerBySpringCGLIB$$ab494b72
2861:             1             32  org.springframework.boot.autoconfigure.http.codec.CodecsAutoConfiguration$$EnhancerBySpringCGLIB$$96d9503b
2862:             1             32  org.springframework.boot.autoconfigure.http.codec.CodecsAutoConfiguration$JacksonCodecConfiguration$$EnhancerBySpringCGLIB$$8c0bd88a
2863:             1             32  org.springframework.boot.autoconfigure.http.codec.CodecsAutoConfiguration$LoggingCodecConfiguration$$EnhancerBySpringCGLIB$$c107a916
2864:             1             32  org.springframework.boot.autoconfigure.jackson.JacksonAutoConfiguration$$EnhancerBySpringCGLIB$$61d0da5e
2865:             1             32  org.springframework.boot.autoconfigure.jackson.JacksonAutoConfiguration$Jackson2ObjectMapperBuilderCustomizerConfiguration$$EnhancerBySpringCGLIB$$ed28e4d7
2866:             1             32  org.springframework.boot.autoconfigure.jackson.JacksonAutoConfiguration$JacksonObjectMapperConfiguration$$EnhancerBySpringCGLIB$$7fc53ccf
2867:             1             32  org.springframework.boot.autoconfigure.jackson.JacksonAutoConfiguration$ParameterNamesModuleConfiguration$$EnhancerBySpringCGLIB$$13f45c05
2868:             1             32  org.springframework.boot.autoconfigure.jdbc.DataSourceAutoConfiguration$$EnhancerBySpringCGLIB$$625609e
2869:             1             32  org.springframework.boot.autoconfigure.jdbc.DataSourceAutoConfiguration$PooledDataSourceConfiguration$$EnhancerBySpringCGLIB$$a2d5ae30
2870:             1             32  org.springframework.boot.autoconfigure.jdbc.DataSourceInitializationConfiguration$$EnhancerBySpringCGLIB$$bf97af2d
2871:             1             32  org.springframework.boot.autoconfigure.jdbc.DataSourceInitializerInvoker
2872:             1             32  org.springframework.boot.autoconfigure.jdbc.DataSourceJmxConfiguration$$EnhancerBySpringCGLIB$$f3912a10
2873:             1             32  org.springframework.boot.autoconfigure.jdbc.DataSourceTransactionManagerAutoConfiguration$$EnhancerBySpringCGLIB$$3508ad8f
2874:             1             32  org.springframework.boot.autoconfigure.jdbc.JdbcTemplateAutoConfiguration$$EnhancerBySpringCGLIB$$4415f22e
2875:             1             32  org.springframework.boot.autoconfigure.jdbc.JdbcTemplateAutoConfiguration$NamedParameterJdbcTemplateConfiguration$$EnhancerBySpringCGLIB$$2e9de2db
2876:             1             32  org.springframework.boot.autoconfigure.jdbc.metadata.DataSourcePoolMetadataProvidersConfiguration$$EnhancerBySpringCGLIB$$122a57f
2877:             1             32  org.springframework.boot.autoconfigure.jdbc.metadata.DataSourcePoolMetadataProvidersConfiguration$HikariPoolDataSourceMetadataProviderConfiguration$$EnhancerBySpringCGLIB$$8488e522
2878:             1             32  org.springframework.boot.autoconfigure.jmx.ParentAwareNamingStrategy
2879:             1             32  org.springframework.boot.autoconfigure.logging.ConditionEvaluationReportLoggingListener
2880:             1             32  org.springframework.boot.autoconfigure.task.TaskExecutionProperties$Pool
2881:             1             32  org.springframework.boot.autoconfigure.task.TaskSchedulingAutoConfiguration$$EnhancerBySpringCGLIB$$d7f13954
2882:             1             32  org.springframework.boot.autoconfigure.transaction.TransactionAutoConfiguration$$EnhancerBySpringCGLIB$$b8a5b848
2883:             1             32  org.springframework.boot.autoconfigure.validation.ValidationAutoConfiguration$$EnhancerBySpringCGLIB$$95314dc8
2884:             1             32  org.springframework.boot.autoconfigure.web.ErrorProperties
2885:             1             32  org.springframework.boot.autoconfigure.web.ResourceProperties
2886:             1             32  org.springframework.boot.autoconfigure.web.ServerProperties$Jetty
2887:             1             32  org.springframework.boot.autoconfigure.web.ServerProperties$Servlet
2888:             1             32  org.springframework.boot.autoconfigure.web.ServerProperties$Undertow$Accesslog
2889:             1             32  org.springframework.boot.autoconfigure.web.embedded.EmbeddedWebServerFactoryCustomizerAutoConfiguration$$EnhancerBySpringCGLIB$$3999bd20
2890:             1             32  org.springframework.boot.autoconfigure.web.embedded.EmbeddedWebServerFactoryCustomizerAutoConfiguration$TomcatWebServerFactoryCustomizerConfiguration$$EnhancerBySpringCGLIB$$2a5d4a0c
2891:             1             32  org.springframework.boot.autoconfigure.web.servlet.DispatcherServletAutoConfiguration$$EnhancerBySpringCGLIB$$129411fb
2892:             2             32  org.springframework.boot.autoconfigure.web.servlet.DispatcherServletAutoConfiguration$DefaultDispatcherServletCondition
2893:             2             32  org.springframework.boot.autoconfigure.web.servlet.DispatcherServletAutoConfiguration$DispatcherServletRegistrationCondition
2894:             1             32  org.springframework.boot.autoconfigure.web.servlet.MultipartProperties
2895:             1             32  org.springframework.boot.autoconfigure.web.servlet.ServletWebServerFactoryAutoConfiguration$$EnhancerBySpringCGLIB$$13eae4a1
2896:             1             32  org.springframework.boot.autoconfigure.web.servlet.ServletWebServerFactoryConfiguration$EmbeddedTomcat$$EnhancerBySpringCGLIB$$8eb42f28
2897:             1             32  org.springframework.boot.autoconfigure.web.servlet.WebMvcAutoConfiguration$$EnhancerBySpringCGLIB$$5873fbb5
2898:             1             32  org.springframework.boot.autoconfigure.web.servlet.error.DefaultErrorViewResolver
2899:             1             32  org.springframework.boot.autoconfigure.websocket.servlet.WebSocketMessagingAutoConfiguration$$EnhancerBySpringCGLIB$$d0cb3091
2900:             1             32  org.springframework.boot.autoconfigure.websocket.servlet.WebSocketServletAutoConfiguration$$EnhancerBySpringCGLIB$$e520a710
2901:             1             32  org.springframework.boot.autoconfigure.websocket.servlet.WebSocketServletAutoConfiguration$TomcatWebSocketConfiguration$$EnhancerBySpringCGLIB$$9ccbd22d
2902:             1             32  org.springframework.boot.context.config.ConfigFileApplicationListener
2903:             1             32  org.springframework.boot.context.logging.LoggingApplicationListener
2904:             1             32  org.springframework.boot.context.properties.bind.Binder
2905:             1             32  org.springframework.boot.convert.ApplicationConversionService
2906:             2             32  org.springframework.boot.convert.ArrayToDelimitedStringConverter
2907:             2             32  org.springframework.boot.convert.DelimitedStringToArrayConverter
2908:             2             32  org.springframework.boot.convert.DelimitedStringToCollectionConverter
2909:             2             32  org.springframework.boot.convert.StringToDataSizeConverter
2910:             2             32  org.springframework.boot.convert.StringToDurationConverter
2911:             1             32  org.springframework.boot.devtools.autoconfigure.DevToolsDataSourceAutoConfiguration$$EnhancerBySpringCGLIB$$fef5cc75
2912:             1             32  org.springframework.boot.devtools.autoconfigure.LocalDevToolsAutoConfiguration$$EnhancerBySpringCGLIB$$6b3a4683
2913:             1             32  org.springframework.boot.devtools.autoconfigure.RemoteDevToolsProperties
2914:             1             32  org.springframework.boot.devtools.classpath.ClassPathFileSystemWatcher
2915:             2             32  org.springframework.boot.devtools.filewatch.FolderSnapshot$$Lambda$481/2106418294
2916:             1             32  org.springframework.boot.devtools.restart.ClassLoaderFilesResourcePatternResolver$WebApplicationContextResourceLoader
2917:             1             32  org.springframework.boot.env.OriginTrackedMapPropertySource
2918:             1             32  org.springframework.boot.env.SystemEnvironmentPropertySourceEnvironmentPostProcessor$OriginAwareSystemEnvironmentPropertySource
2919:             1             32  org.springframework.boot.logging.logback.LogbackLoggingSystem$1
2920:             1             32  org.springframework.boot.web.embedded.tomcat.TomcatWebServer
2921:             1             32  org.springframework.boot.web.server.Compression
2922:             2             32  org.springframework.boot.web.server.MimeMappings
2923:             1             32  org.springframework.cglib.core.AbstractClassGenerator$ClassLoaderData
2924:             1             32  org.springframework.cglib.core.ClassNameReader$EarlyExitException
2925:             2             32  org.springframework.cglib.proxy.DispatcherGenerator
2926:             1             32  org.springframework.context.annotation.AnnotatedBeanDefinitionReader
2927:             1             32  org.springframework.context.annotation.ComponentScanAnnotationParser
2928:             2             32  org.springframework.context.annotation.ConditionEvaluator
2929:             1             32  org.springframework.context.annotation.ContextAnnotationAutowireCandidateResolver$1
2930:             2             32  org.springframework.context.expression.BeanExpressionContextAccessor
2931:             2             32  org.springframework.context.expression.BeanFactoryAccessor
2932:             2             32  org.springframework.context.expression.BeanFactoryResolver
2933:             2             32  org.springframework.context.expression.EnvironmentAccessor
2934:             2             32  org.springframework.context.expression.MapAccessor
2935:             1             32  org.springframework.context.support.DefaultLifecycleProcessor
2936:             1             32  org.springframework.context.support.DelegatingMessageSource
2937:             1             32  org.springframework.context.support.PropertySourcesPlaceholderConfigurer$1
2938:             2             32  org.springframework.core.convert.support.GenericConversionService$NoOpConverter
2939:             1             32  org.springframework.core.env.PropertiesPropertySource
2940:             1             32  org.springframework.core.env.SystemEnvironmentPropertySource
2941:             1             32  org.springframework.format.support.DefaultFormattingConversionService
2942:             2             32  org.springframework.jmx.export.annotation.AnnotationJmxAttributeSource
2943:             1             32  org.springframework.jmx.export.assembler.MetadataMBeanInfoAssembler
2944:             1             32  org.springframework.messaging.converter.ByteArrayMessageConverter
2945:             1             32  org.springframework.messaging.handler.annotation.support.DestinationVariableMethodArgumentResolver
2946:             1             32  org.springframework.messaging.handler.annotation.support.HeaderMethodArgumentResolver
2947:             1             32  org.springframework.scheduling.annotation.SchedulingConfiguration$$EnhancerBySpringCGLIB$$c58073b9
2948:             1             32  org.springframework.scheduling.config.FixedRateTask
2949:             1             32  org.springframework.transaction.annotation.AnnotationTransactionAttributeSource
2950:             2             32  org.springframework.util.AlternativeJdkIdGenerator
2951:             2             32  org.springframework.web.method.annotation.RequestParamMapMethodArgumentResolver
2952:             1             32  org.springframework.web.servlet.mvc.method.RequestMappingInfo$BuilderConfiguration
2953:             2             32  org.springframework.web.servlet.mvc.method.annotation.JsonViewResponseBodyAdvice
2954:             2             32  org.springframework.web.servlet.mvc.method.annotation.MatrixVariableMapMethodArgumentResolver
2955:             2             32  org.springframework.web.servlet.mvc.method.annotation.ModelAndViewMethodReturnValueHandler
2956:             2             32  org.springframework.web.servlet.mvc.method.annotation.PathVariableMapMethodArgumentResolver
2957:             1             32  org.springframework.web.servlet.mvc.method.annotation.ReactiveTypeHandler
2958:             2             32  org.springframework.web.servlet.mvc.method.annotation.RedirectAttributesMethodArgumentResolver
2959:             1             32  org.springframework.web.servlet.mvc.method.annotation.RequestPartMethodArgumentResolver
2960:             1             32  org.springframework.web.servlet.mvc.method.annotation.ServletCookieValueMethodArgumentResolver
2961:             2             32  org.springframework.web.servlet.mvc.method.annotation.ViewMethodReturnValueHandler
2962:             2             32  org.springframework.web.servlet.mvc.method.annotation.ViewNameMethodReturnValueHandler
2963:             1             32  org.springframework.web.servlet.resource.ResourceUrlProvider
2964:             1             32  org.springframework.web.servlet.view.BeanNameViewResolver
2965:             1             32  org.springframework.web.servlet.view.DefaultRequestToViewNameTranslator
2966:             1             32  org.springframework.web.socket.config.annotation.WebSocketTransportRegistration
2967:             1             32  org.springframework.web.socket.messaging.DefaultSimpUserRegistry
2968:             1             32  org.springframework.web.socket.server.support.DefaultHandshakeHandler
2969:             1             32  org.springframework.web.socket.sockjs.transport.handler.WebSocketTransportHandler
2970:             2             32  org.zeroturnaround.javarebel.integration.generic.StandardClassLoaderCBP
2971:             2             32  org.zeroturnaround.javarebel.integration.glassfish.GlassfishWsOptionsCBP
2972:             2             32  org.zeroturnaround.javarebel.integration.glassfish.WsgenToolCBP
2973:             2             32  org.zeroturnaround.javarebel.integration.jboss7.ConcurrentClassLoaderCBP
2974:             2             32  org.zeroturnaround.javarebel.integration.jboss7.ModuleCBP
2975:             2             32  org.zeroturnaround.javarebel.integration.jboss7.ModuleClassLoaderCBP
2976:             2             32  org.zeroturnaround.javarebel.integration.jboss7.ModuleLoaderCBP
2977:             2             32  org.zeroturnaround.javarebel.integration.jboss7.PathUtilsCBP
2978:             2             32  org.zeroturnaround.javarebel.integration.prosyst.ProSystFrameworkLoaderCBP
2979:             2             32  org.zeroturnaround.javarebel.integration.sap.SapResourceLoaderCBP
2980:             2             32  org.zeroturnaround.javarebel.integration.support.CacheAwareJavassistClassBytecodeProcessor$CachingPolicy
2981:             1             32  org.zeroturnaround.javarebel.integration.util.RequestListenerUtil$BoundRequestListener
2982:             2             32  org.zeroturnaround.javarebel.preferences.PreferencesSnapshot
2983:             2             32  org.zeroturnaround.javarebel.preferences.PreferencesTransaction
2984:             1             32  org.zeroturnaround.javarebel.reporting.backend.impl.BrowserController
2985:             1             32  org.zeroturnaround.javarebel.reporting.backend.impl.SegmentIOBackend
2986:             1             32  org.zeroturnaround.javarebel.reporting.model.JRebelMetadata
2987:             1             32  org.zeroturnaround.javarebel.reporting.model.UserMetadata
2988:             1             32  org.zeroturnaround.javarebel.reporting.stats.repository.impl.RepositoryMetricsStatistics$ModuleInfo
2989:             1             32  org.zeroturnaround.javarebel.spring.SpringMetrics$CountData
2990:             1             32  org.zeroturnaround.jrebel.intellij.ComposerMessageRegistry
2991:             1             32  sun.instrument.InstrumentationImpl
2992:             2             32  sun.management.jmxremote.ConnectorBootstrap$PermanentExporter
2993:             1             32  sun.management.jmxremote.LocalRMIServerSocketFactory$1
2994:             1             32  sun.management.jmxremote.SingleEntryRegistry
2995:             2             32  sun.net.www.protocol.file.Handler
2996:             1             32  sun.nio.ch.ServerSocketAdaptor
2997:             2             32  sun.nio.ch.SocketDispatcher
2998:             1             32  sun.nio.cs.StandardCharsets
2999:             1             32  sun.nio.fs.WindowsFileSystem
3000:             1             32  sun.reflect.MethodAccessorGenerator$1
3001:             1             32  sun.reflect.annotation.AnnotatedTypeFactory$AnnotatedTypeBaseImpl
3002:             1             32  sun.rmi.transport.DGCImpl$LeaseInfo
3003:             1             32  sun.rmi.transport.proxy.RMIMasterSocketFactory
3004:             2             32  sun.rmi.transport.tcp.TCPTransport$ConnectionHandler$$Lambda$6/607160599
3005:             1             32  sun.security.provider.PolicyFile
3006:             1             32  sun.security.provider.PolicyFile$PolicyInfo
3007:             2             32  sun.security.ssl.Authenticator
3008:             2             32  sun.security.ssl.SSLAlgorithmDecomposer
3009:             2             32  sun.security.ssl.SessionId
3010:             1             32  sun.security.validator.SimpleValidator
3011:             1             32  sun.text.CompactByteArray
3012:             1             24  [Lch.qos.logback.core.joran.spi.ConsoleTarget;
3013:             1             24  [Lch.qos.logback.core.subst.Node$Type;
3014:             1             24  [Lcom.fasterxml.jackson.databind.AnnotationIntrospector$ReferenceProperty$Type;
3015:             1             24  [Lcom.fasterxml.jackson.databind.Module;
3016:             1             24  [Lcom.sun.org.apache.xalan.internal.utils.FeatureManager$Feature;
3017:             1             24  [Lcom.sun.org.apache.xalan.internal.utils.XMLSecurityPropertyManager$Property;
3018:             1             24  [Lcom.sun.org.apache.xerces.internal.utils.XMLSecurityPropertyManager$Property;
3019:             1             24  [Lcom.sysmin.core.jvm.enums.JpsType;
3020:             1             24  [Lcom.sysmin.core.jvm.enums.JstackType;
3021:             1             24  [Lcom.zeroturnaround.javarebel.bwb;
3022:             1             24  [Lcom.zeroturnaround.javarebel.bwc;
3023:             1             24  [Lcom.zeroturnaround.javarebel.cfx;
3024:             1             24  [Lcom.zeroturnaround.javarebel.i;
3025:             1             24  [Lcom.zeroturnaround.javarebel.internalsdk.Internal$CoreVersion;
3026:             1             24  [Lcom.zeroturnaround.javarebel.z;
3027:             1             24  [Lcom.zeroturnaround.javarebel.zj;
3028:             1             24  [Ljava.io.File$PathStatus;
3029:             1             24  [Ljava.net.InetAddress$Cache$Type;
3030:             1             24  [Ljava.net.StandardProtocolFamily;
3031:             1             24  [Ljava.time.ZoneOffset;
3032:             1             24  [Ljava.time.temporal.IsoFields$Unit;
3033:             1             24  [Ljava.util.Locale$Category;
3034:             1             24  [Lorg.apache.catalina.Service;
3035:             1             24  [Lorg.apache.catalina.WebResource;
3036:             1             24  [Lorg.apache.catalina.mapper.Mapper$ContextVersion;
3037:             1             24  [Lorg.apache.catalina.mapper.Mapper$MappedContext;
3038:             1             24  [Lorg.apache.catalina.mapper.Mapper$MappedHost;
3039:             1             24  [Lorg.apache.tomcat.util.IntrospectionUtils$PropertySource;
3040:             1             24  [Lorg.apache.tomcat.util.buf.UEncoder$SafeCharsSet;
3041:             1             24  [Lorg.apache.tomcat.util.net.NioEndpoint$Poller;
3042:             1             24  [Lorg.hibernate.validator.internal.metadata.descriptor.ConstraintDescriptorImpl$ConstraintType;
3043:             1             24  [Lorg.springframework.boot.autoconfigure.condition.ConditionMessage$Style;
3044:             1             24  [Lorg.springframework.boot.autoconfigure.condition.FilteringSpringBootCondition$ClassNameFilter;
3045:             1             24  [Lorg.springframework.boot.autoconfigure.http.HttpProperties$Encoding$Type;
3046:             1             24  [Lorg.springframework.boot.autoconfigure.web.servlet.WebMvcProperties$LocaleResolver;
3047:             1             24  [Lorg.springframework.boot.context.ConfigurationWarningsApplicationContextInitializer$Check;
3048:             1             24  [Lorg.springframework.boot.convert.DurationStyle;
3049:             1             24  [Lorg.springframework.context.annotation.ConfigurationCondition$ConfigurationPhase;
3050:             1             24  [Lorg.springframework.context.annotation.MBeanExportConfiguration$SpecificPlatform;
3051:             1             24  [Lorg.springframework.core.ResolvableType$WildcardBounds$Kind;
3052:             1             24  [Lorg.springframework.expression.PropertyAccessor;
3053:             1             24  [Lorg.springframework.util.ConcurrentReferenceHashMap$ReferenceType;
3054:             1             24  [Lorg.springframework.util.ConcurrentReferenceHashMap$Restructure;
3055:             1             24  [Lorg.springframework.web.socket.handler.ConcurrentWebSocketSessionDecorator$OverflowStrategy;
3056:             1             24  [Lorg.zeroturnaround.javarebel.reporting.backend.impl.SegmentIOBackend$METHOD;
3057:             1             24  [Lorg.zeroturnaround.javarebel.reporting.interceptors.MessageInterceptor;
3058:             1             24  [Lsun.launcher.LauncherHelper;
3059:             1             24  [Lsun.misc.JavaSecurityProtectionDomainAccess$ProtectionDomainCache;
3060:             1             24  ch.qos.logback.classic.BasicConfigurator
3061:             1             24  ch.qos.logback.classic.spi.TurboFilterList
3062:             1             24  ch.qos.logback.classic.util.ContextSelectorStaticBinder
3063:             1             24  ch.qos.logback.classic.util.LogbackMDCAdapter
3064:             1             24  com.alibaba.fastjson.parser.SymbolTable
3065:             1             24  com.alibaba.fastjson.parser.deserializer.ASMDeserializerFactory
3066:             1             24  com.alibaba.fastjson.serializer.ASMSerializerFactory
3067:             1             24  com.fasterxml.classmate.util.LRUTypeCache
3068:             1             24  com.fasterxml.jackson.annotation.JsonFormat$Features
3069:             1             24  com.fasterxml.jackson.annotation.JsonIgnoreProperties$Value
3070:             1             24  com.fasterxml.jackson.annotation.JsonSetter$Value
3071:             1             24  com.fasterxml.jackson.core.util.MinimalPrettyPrinter
3072:             1             24  com.fasterxml.jackson.core.util.Separators
3073:             1             24  com.fasterxml.jackson.databind.AnnotationIntrospector$ReferenceProperty
3074:             1             24  com.fasterxml.jackson.databind.cfg.ContextAttributes$Impl
3075:             1             24  com.fasterxml.jackson.databind.introspect.JacksonAnnotationIntrospector
3076:             1             24  com.fasterxml.jackson.databind.introspect.TypeResolutionContext$Basic
3077:             1             24  com.fasterxml.jackson.databind.ser.impl.FailingSerializer
3078:             1             24  com.fasterxml.jackson.databind.ser.std.StdKeySerializers$Default
3079:             1             24  com.fasterxml.jackson.datatype.jsr310.deser.LocalDateDeserializer
3080:             1             24  com.fasterxml.jackson.datatype.jsr310.deser.LocalDateTimeDeserializer
3081:             1             24  com.fasterxml.jackson.datatype.jsr310.deser.LocalTimeDeserializer
3082:             1             24  com.fasterxml.jackson.datatype.jsr310.deser.MonthDayDeserializer
3083:             1             24  com.fasterxml.jackson.datatype.jsr310.deser.OffsetTimeDeserializer
3084:             1             24  com.fasterxml.jackson.datatype.jsr310.deser.YearDeserializer
3085:             1             24  com.fasterxml.jackson.datatype.jsr310.deser.YearMonthDeserializer
3086:             1             24  com.fasterxml.jackson.module.paramnames.ParameterNamesAnnotationIntrospector
3087:             1             24  com.sun.beans.util.Cache$Kind$1
3088:             1             24  com.sun.beans.util.Cache$Kind$2
3089:             1             24  com.sun.beans.util.Cache$Kind$3
3090:             1             24  com.sun.crypto.provider.TlsMasterSecretGenerator$TlsMasterSecretKey
3091:             1             24  com.sun.jmx.mbeanserver.ClassLoaderRepositorySupport
3092:             1             24  com.sun.jmx.mbeanserver.MXBeanLookup
3093:             1             24  com.sun.jmx.mbeanserver.StandardMBeanSupport
3094:             1             24  com.sun.org.apache.xerces.internal.impl.Constants$ArrayEnumeration
3095:             1             24  com.sun.org.apache.xerces.internal.impl.XMLDocumentScannerImpl$ContentDriver
3096:             1             24  com.sun.org.apache.xerces.internal.impl.XMLNSDocumentScannerImpl$NSContentDriver
3097:             1             24  com.sun.org.apache.xerces.internal.impl.msg.XMLMessageFormatter
3098:             1             24  com.sun.org.apache.xerces.internal.impl.validation.ValidationManager
3099:             1             24  com.sun.org.apache.xerces.internal.parsers.AbstractSAXParser$LocatorProxy
3100:             1             24  com.sun.org.apache.xerces.internal.utils.XMLSecurityPropertyManager
3101:             1             24  com.sysmin.controller.LogController
3102:             1             24  com.sysmin.controller.jvm.JpsController
3103:             1             24  com.sysmin.controller.jvm.JpsController$$M$_jr_2EAFFFDEFB8067EE_1
3104:             1             24  com.sysmin.core.jvm.enums.JstackType
3105:             1             24  com.zeroturnaround.javarebel.ab
3106:             1             24  com.zeroturnaround.javarebel.abl
3107:             1             24  com.zeroturnaround.javarebel.ac
3108:             1             24  com.zeroturnaround.javarebel.ad
3109:             1             24  com.zeroturnaround.javarebel.bg
3110:             1             24  com.zeroturnaround.javarebel.bp
3111:             1             24  com.zeroturnaround.javarebel.bug
3112:             1             24  com.zeroturnaround.javarebel.buk
3113:             1             24  com.zeroturnaround.javarebel.cbj
3114:             1             24  com.zeroturnaround.javarebel.ccj
3115:             1             24  com.zeroturnaround.javarebel.ccs
3116:             1             24  com.zeroturnaround.javarebel.cdi
3117:             1             24  com.zeroturnaround.javarebel.ceg
3118:             1             24  com.zeroturnaround.javarebel.cgs
3119:             1             24  com.zeroturnaround.javarebel.cjc
3120:             1             24  com.zeroturnaround.javarebel.ckm
3121:             1             24  com.zeroturnaround.javarebel.cph
3122:             1             24  com.zeroturnaround.javarebel.cpk
3123:             1             24  com.zeroturnaround.javarebel.ex
3124:             1             24  com.zeroturnaround.javarebel.gdj
3125:             1             24  com.zeroturnaround.javarebel.gua
3126:             1             24  com.zeroturnaround.javarebel.gvg
3127:             1             24  com.zeroturnaround.javarebel.internalsdk.InternalImpl
3128:             1             24  com.zeroturnaround.javarebel.lx
3129:             1             24  com.zeroturnaround.javarebel.mt
3130:             1             24  com.zeroturnaround.javarebel.ni
3131:             1             24  com.zeroturnaround.javarebel.nz
3132:             1             24  com.zeroturnaround.javarebel.oe
3133:             1             24  com.zeroturnaround.javarebel.q
3134:             1             24  com.zeroturnaround.javarebel.ra
3135:             1             24  com.zeroturnaround.javarebel.tf
3136:             1             24  com.zeroturnaround.javarebel.xb
3137:             1             24  com.zeroturnaround.javarebel.yn
3138:             1             24  com.zeroturnaround.javarebel.zp
3139:             1             24  com.zeroturnaround.javarebel.zs
3140:             1             24  com.zeroturnaround.jrebel.bundled.org.apache.commons.logging.impl.SLF4JLogFactory
3141:             1             24  com.zeroturnaround.jrebel.bundled.org.apache.http.impl.execchain.HttpResponseProxy
3142:             1             24  com.zeroturnaround.jrebel.bundled.org.apache.http.impl.execchain.j
3143:             1             24  com.zeroturnaround.jrebel.bundled.org.slf4j.helpers.FormattingTuple
3144:             1             24  com.zeroturnaround.reload.h
3145:             1             24  com.zeroturnaround.reload.jvmti.MinimalInstrumentation
3146:             1             24  java.lang.Class$1
3147:             1             24  java.lang.invoke.DirectMethodHandle$EnsureInitialized
3148:             1             24  java.lang.invoke.MethodHandleImpl$4
3149:             1             24  java.lang.invoke.MethodType$ConcurrentWeakInternSet
3150:             1             24  java.math.MutableBigInteger
3151:             1             24  java.net.Inet6AddressImpl
3152:             1             24  java.net.Proxy
3153:             1             24  java.net.URLClassLoader$1
3154:             1             24  java.rmi.dgc.VMID
3155:             1             24  java.security.Policy$PolicyInfo
3156:             1             24  java.security.Policy$UnsupportedEmptyCollection
3157:             1             24  java.security.ProtectionDomain$PDCache
3158:             1             24  java.sql.DriverInfo
3159:             1             24  java.text.BreakIterator$BreakIteratorCache
3160:             1             24  java.text.CalendarBuilder
3161:             1             24  java.time.ZoneRegion
3162:             1             24  java.time.format.DecimalStyle
3163:             1             24  java.time.temporal.IsoFields$Field$1
3164:             1             24  java.time.temporal.IsoFields$Field$2
3165:             1             24  java.time.temporal.IsoFields$Field$3
3166:             1             24  java.time.temporal.IsoFields$Field$4
3167:             1             24  java.util.Collections$EmptyMap
3168:             1             24  java.util.Locale$Cache
3169:             1             24  java.util.PropertyPermissionCollection
3170:             1             24  java.util.ResourceBundle$Control$CandidateListCache
3171:             1             24  java.util.concurrent.ConcurrentSkipListMap$Node
3172:             1             24  java.util.concurrent.Executors$DelegatedScheduledExecutorService
3173:             1             24  java.util.concurrent.TimeUnit$1
3174:             1             24  java.util.concurrent.TimeUnit$2
3175:             1             24  java.util.concurrent.TimeUnit$3
3176:             1             24  java.util.concurrent.TimeUnit$4
3177:             1             24  java.util.concurrent.TimeUnit$5
3178:             1             24  java.util.concurrent.TimeUnit$6
3179:             1             24  java.util.concurrent.TimeUnit$7
3180:             1             24  java.util.logging.LogManager$LoggerContext
3181:             1             24  java.util.logging.LoggingPermission
3182:             1             24  javax.crypto.spec.RC2ParameterSpec
3183:             1             24  javax.el.ExpressionFactory$CacheKey
3184:             1             24  javax.el.Util$CacheKey
3185:             1             24  javax.net.ssl.SNIHostName
3186:             1             24  javax.websocket.SendResult
3187:             1             24  org.apache.catalina.connector.CoyoteAdapter
3188:             1             24  org.apache.catalina.core.ApplicationContextFacade
3189:             1             24  org.apache.catalina.core.StandardContext$ContextFilterMaps
3190:             1             24  org.apache.catalina.mapper.Mapper$ContextList
3191:             1             24  org.apache.catalina.mapper.Mapper$MappedContext
3192:             1             24  org.apache.catalina.mapper.Mapper$MappedWrapper
3193:             1             24  org.apache.catalina.webresources.TomcatURLStreamHandlerFactory
3194:             1             24  org.apache.coyote.AbstractProtocol$AsyncTimeout
3195:             1             24  org.apache.logging.log4j.spi.LoggerRegistry
3196:             1             24  org.apache.naming.StringManager
3197:             1             24  org.apache.tomcat.util.collections.ConcurrentCache
3198:             1             24  org.apache.tomcat.util.descriptor.web.ErrorPage
3199:             1             24  org.apache.tomcat.util.digester.RulesBase
3200:             1             24  org.apache.tomcat.util.net.Acceptor
3201:             1             24  org.apache.tomcat.util.net.NioBlockingSelector
3202:             1             24  org.apache.tomcat.websocket.server.WsFilter
3203:             1             24  org.hibernate.validator.internal.engine.MethodValidationConfiguration
3204:             1             24  org.hibernate.validator.internal.engine.valueextraction.ValueExtractorManager
3205:             1             24  org.hibernate.validator.internal.metadata.provider.ProgrammaticMetaDataProvider
3206:             1             24  org.hibernate.validator.internal.util.ConcurrentReferenceHashMap$Option
3207:             1             24  org.slf4j.helpers.FormattingTuple
3208:             1             24  org.slf4j.helpers.SubstituteLoggerFactory
3209:             1             24  org.slf4j.impl.StaticLoggerBinder
3210:             1             24  org.springframework.aop.framework.JdkDynamicAopProxy
3211:             1             24  org.springframework.aop.framework.autoproxy.AbstractAdvisorAutoProxyCreator$BeanFactoryAdvisorRetrievalHelperAdapter
3212:             1             24  org.springframework.aop.support.DefaultPointcutAdvisor
3213:             1             24  org.springframework.aop.target.EmptyTargetSource
3214:             1             24  org.springframework.beans.BeanReloadingFilter
3215:             1             24  org.springframework.beans.JrBeanCreationListenerGroup
3216:             1             24  org.springframework.beans.JrBeanFactoryPostProcessorRegistry
3217:             1             24  org.springframework.beans.JrBeanReloader$1
3218:             1             24  org.springframework.beans.JrBeanReloader$2
3219:             1             24  org.springframework.beans.JrBeanReloader$4
3220:             1             24  org.springframework.beans.factory.config.CustomScopeConfigurer
3221:             1             24  org.springframework.beans.factory.config.RuntimeBeanReference
3222:             1             24  org.springframework.beans.propertyeditors.ByteArrayPropertyEditor
3223:             1             24  org.springframework.beans.propertyeditors.CharArrayPropertyEditor
3224:             1             24  org.springframework.beans.propertyeditors.CharsetEditor
3225:             1             24  org.springframework.beans.propertyeditors.CurrencyEditor
3226:             1             24  org.springframework.beans.propertyeditors.LocaleEditor
3227:             1             24  org.springframework.beans.propertyeditors.PropertiesEditor
3228:             1             24  org.springframework.beans.propertyeditors.TimeZoneEditor
3229:             1             24  org.springframework.beans.propertyeditors.UUIDEditor
3230:             1             24  org.springframework.beans.propertyeditors.ZoneIdEditor
3231:             1             24  org.springframework.beans.support.ResourceEditorRegistrar
3232:             1             24  org.springframework.boot.DefaultApplicationArguments
3233:             1             24  org.springframework.boot.SpringApplicationBannerPrinter$PrintedBanner
3234:             1             24  org.springframework.boot.SpringApplicationRunListeners
3235:             1             24  org.springframework.boot.autoconfigure.AutoConfigurationImportSelector$AutoConfigurationEntry
3236:             1             24  org.springframework.boot.autoconfigure.AutoConfigurationPackages$BasePackages
3237:             1             24  org.springframework.boot.autoconfigure.admin.SpringApplicationAdminJmxAutoConfiguration$$EnhancerBySpringCGLIB$$b6de5e0c$$FastClassBySpringCGLIB$$5ed6da28
3238:             1             24  org.springframework.boot.autoconfigure.admin.SpringApplicationAdminJmxAutoConfiguration$$FastClassBySpringCGLIB$$6d716d49
3239:             1             24  org.springframework.boot.autoconfigure.condition.BeanTypeRegistry
3240:             1             24  org.springframework.boot.autoconfigure.condition.ConditionMessage$Style$1
3241:             1             24  org.springframework.boot.autoconfigure.condition.ConditionMessage$Style$2
3242:             1             24  org.springframework.boot.autoconfigure.condition.FilteringSpringBootCondition$ClassNameFilter$1
3243:             1             24  org.springframework.boot.autoconfigure.condition.FilteringSpringBootCondition$ClassNameFilter$2
3244:             1             24  org.springframework.boot.autoconfigure.diagnostics.analyzer.NoSuchBeanDefinitionFailureAnalyzer
3245:             1             24  org.springframework.boot.autoconfigure.freemarker.FreeMarkerTemplateAvailabilityProvider
3246:             1             24  org.springframework.boot.autoconfigure.groovy.template.GroovyTemplateAvailabilityProvider
3247:             1             24  org.springframework.boot.autoconfigure.http.HttpMessageConvertersAutoConfiguration$$EnhancerBySpringCGLIB$$3e6588d2$$FastClassBySpringCGLIB$$e3a72469
3248:             1             24  org.springframework.boot.autoconfigure.http.HttpMessageConvertersAutoConfiguration$$FastClassBySpringCGLIB$$ba15c54f
3249:             1             24  org.springframework.boot.autoconfigure.http.HttpMessageConvertersAutoConfiguration$StringHttpMessageConverterConfiguration$$EnhancerBySpringCGLIB$$71734f72$$FastClassBySpringCGLIB$$5c148f6d
3250:             1             24  org.springframework.boot.autoconfigure.http.HttpMessageConvertersAutoConfiguration$StringHttpMessageConverterConfiguration$$FastClassBySpringCGLIB$$a19557ef
3251:             1             24  org.springframework.boot.autoconfigure.http.HttpProperties
3252:             1             24  org.springframework.boot.autoconfigure.http.JacksonHttpMessageConvertersConfiguration$MappingJackson2HttpMessageConverterConfiguration$$EnhancerBySpringCGLIB$$ab494b72$$FastClassBySpringCGLIB$$d4fa3b99
3253:             1             24  org.springframework.boot.autoconfigure.http.JacksonHttpMessageConvertersConfiguration$MappingJackson2HttpMessageConverterConfiguration$$FastClassBySpringCGLIB$$cc27d3ef
3254:             1             24  org.springframework.boot.autoconfigure.http.codec.CodecsAutoConfiguration$JacksonCodecConfiguration$$EnhancerBySpringCGLIB$$8c0bd88a$$FastClassBySpringCGLIB$$9cd97dac
3255:             1             24  org.springframework.boot.autoconfigure.http.codec.CodecsAutoConfiguration$JacksonCodecConfiguration$$FastClassBySpringCGLIB$$b3c4d607
3256:             1             24  org.springframework.boot.autoconfigure.http.codec.CodecsAutoConfiguration$LoggingCodecConfiguration$$EnhancerBySpringCGLIB$$c107a916$$FastClassBySpringCGLIB$$6c95edd8
3257:             1             24  org.springframework.boot.autoconfigure.http.codec.CodecsAutoConfiguration$LoggingCodecConfiguration$$FastClassBySpringCGLIB$$8da6a113
3258:             1             24  org.springframework.boot.autoconfigure.info.ProjectInfoAutoConfiguration$GitResourceAvailableCondition
3259:             1             24  org.springframework.boot.autoconfigure.info.ProjectInfoProperties
3260:             1             24  org.springframework.boot.autoconfigure.info.ProjectInfoProperties$Build
3261:             1             24  org.springframework.boot.autoconfigure.info.ProjectInfoProperties$Git
3262:             1             24  org.springframework.boot.autoconfigure.jackson.JacksonAutoConfiguration$$EnhancerBySpringCGLIB$$61d0da5e$$FastClassBySpringCGLIB$$e1c43312
3263:             1             24  org.springframework.boot.autoconfigure.jackson.JacksonAutoConfiguration$$FastClassBySpringCGLIB$$ee97f15b
3264:             1             24  org.springframework.boot.autoconfigure.jackson.JacksonAutoConfiguration$Jackson2ObjectMapperBuilderCustomizerConfiguration$$EnhancerBySpringCGLIB$$ed28e4d7$$FastClassBySpringCGLIB$$7d1656ac
3265:             1             24  org.springframework.boot.autoconfigure.jackson.JacksonAutoConfiguration$Jackson2ObjectMapperBuilderCustomizerConfiguration$$FastClassBySpringCGLIB$$a7cec5b4
3266:             1             24  org.springframework.boot.autoconfigure.jackson.JacksonAutoConfiguration$Jackson2ObjectMapperBuilderCustomizerConfiguration$StandardJackson2ObjectMapperBuilderCustomizer
3267:             1             24  org.springframework.boot.autoconfigure.jackson.JacksonAutoConfiguration$JacksonObjectMapperBuilderConfiguration$$EnhancerBySpringCGLIB$$3211fee8$$FastClassBySpringCGLIB$$72c1c8e5
3268:             1             24  org.springframework.boot.autoconfigure.jackson.JacksonAutoConfiguration$JacksonObjectMapperBuilderConfiguration$$FastClassBySpringCGLIB$$28b34ea5
3269:             1             24  org.springframework.boot.autoconfigure.jackson.JacksonAutoConfiguration$JacksonObjectMapperConfiguration$$EnhancerBySpringCGLIB$$7fc53ccf$$FastClassBySpringCGLIB$$84c59101
3270:             1             24  org.springframework.boot.autoconfigure.jackson.JacksonAutoConfiguration$JacksonObjectMapperConfiguration$$FastClassBySpringCGLIB$$596316ac
3271:             1             24  org.springframework.boot.autoconfigure.jackson.JacksonAutoConfiguration$ParameterNamesModuleConfiguration$$EnhancerBySpringCGLIB$$13f45c05$$FastClassBySpringCGLIB$$872c02da
3272:             1             24  org.springframework.boot.autoconfigure.jackson.JacksonAutoConfiguration$ParameterNamesModuleConfiguration$$FastClassBySpringCGLIB$$f1cb4522
3273:             1             24  org.springframework.boot.autoconfigure.jdbc.DataSourceAutoConfiguration$EmbeddedDatabaseCondition
3274:             1             24  org.springframework.boot.autoconfigure.jdbc.DataSourceInitializer
3275:             1             24  org.springframework.boot.autoconfigure.jdbc.DataSourceProperties$Xa
3276:             1             24  org.springframework.boot.autoconfigure.jdbc.DataSourceTransactionManagerAutoConfiguration$DataSourceTransactionManagerConfiguration$$EnhancerBySpringCGLIB$$d13255ad$$FastClassBySpringCGLIB$$d73c47de
3277:             1             24  org.springframework.boot.autoconfigure.jdbc.DataSourceTransactionManagerAutoConfiguration$DataSourceTransactionManagerConfiguration$$FastClassBySpringCGLIB$$6c5cb1ca
3278:             1             24  org.springframework.boot.autoconfigure.jdbc.JdbcProperties$Template
3279:             1             24  org.springframework.boot.autoconfigure.jdbc.JdbcTemplateAutoConfiguration$JdbcTemplateConfiguration$$EnhancerBySpringCGLIB$$3cbcebab$$FastClassBySpringCGLIB$$8d26f00
3280:             1             24  org.springframework.boot.autoconfigure.jdbc.JdbcTemplateAutoConfiguration$JdbcTemplateConfiguration$$FastClassBySpringCGLIB$$d6b54608
3281:             1             24  org.springframework.boot.autoconfigure.jdbc.JdbcTemplateAutoConfiguration$NamedParameterJdbcTemplateConfiguration$$EnhancerBySpringCGLIB$$2e9de2db$$FastClassBySpringCGLIB$$3e5e0faa
3282:             1             24  org.springframework.boot.autoconfigure.jdbc.JdbcTemplateAutoConfiguration$NamedParameterJdbcTemplateConfiguration$$FastClassBySpringCGLIB$$2cc8738
3283:             1             24  org.springframework.boot.autoconfigure.jdbc.metadata.DataSourcePoolMetadataProvidersConfiguration$HikariPoolDataSourceMetadataProviderConfiguration$$EnhancerBySpringCGLIB$$8488e522$$FastClassBySpringCGLIB$$d6777026
3284:             1             24  org.springframework.boot.autoconfigure.jdbc.metadata.DataSourcePoolMetadataProvidersConfiguration$HikariPoolDataSourceMetadataProviderConfiguration$$FastClassBySpringCGLIB$$f8fbe79f
3285:             1             24  org.springframework.boot.autoconfigure.task.TaskExecutionAutoConfiguration$$EnhancerBySpringCGLIB$$afd15614$$FastClassBySpringCGLIB$$6f3c54be
3286:             1             24  org.springframework.boot.autoconfigure.task.TaskExecutionAutoConfiguration$$FastClassBySpringCGLIB$$16d26c51
3287:             1             24  org.springframework.boot.autoconfigure.task.TaskExecutionProperties
3288:             1             24  org.springframework.boot.autoconfigure.task.TaskSchedulingAutoConfiguration$$EnhancerBySpringCGLIB$$d7f13954$$FastClassBySpringCGLIB$$33697b6b
3289:             1             24  org.springframework.boot.autoconfigure.task.TaskSchedulingAutoConfiguration$$FastClassBySpringCGLIB$$dd612791
3290:             1             24  org.springframework.boot.autoconfigure.task.TaskSchedulingProperties
3291:             1             24  org.springframework.boot.autoconfigure.template.TemplateAvailabilityProviders
3292:             1             24  org.springframework.boot.autoconfigure.transaction.TransactionAutoConfiguration$$EnhancerBySpringCGLIB$$b8a5b848$$FastClassBySpringCGLIB$$abc62378
3293:             1             24  org.springframework.boot.autoconfigure.transaction.TransactionAutoConfiguration$$FastClassBySpringCGLIB$$58253c05
3294:             1             24  org.springframework.boot.autoconfigure.transaction.TransactionAutoConfiguration$TransactionTemplateConfiguration$$EnhancerBySpringCGLIB$$22bc1a80$$FastClassBySpringCGLIB$$92f9afe5
3295:             1             24  org.springframework.boot.autoconfigure.transaction.TransactionAutoConfiguration$TransactionTemplateConfiguration$$FastClassBySpringCGLIB$$3ce48f3d
3296:             1             24  org.springframework.boot.autoconfigure.transaction.TransactionProperties
3297:             1             24  org.springframework.boot.autoconfigure.validation.ValidatorAdapter
3298:             1             24  org.springframework.boot.autoconfigure.web.ResourceProperties$Cache
3299:             1             24  org.springframework.boot.autoconfigure.web.ResourceProperties$Chain
3300:             1             24  org.springframework.boot.autoconfigure.web.ResourceProperties$Content
3301:             1             24  org.springframework.boot.autoconfigure.web.ResourceProperties$Fixed
3302:             1             24  org.springframework.boot.autoconfigure.web.ResourceProperties$Strategy
3303:             1             24  org.springframework.boot.autoconfigure.web.ServerProperties$Tomcat$Resource
3304:             1             24  org.springframework.boot.autoconfigure.web.client.RestTemplateAutoConfiguration$$EnhancerBySpringCGLIB$$bf47b6bf$$FastClassBySpringCGLIB$$7f6b4abc
3305:             1             24  org.springframework.boot.autoconfigure.web.client.RestTemplateAutoConfiguration$$FastClassBySpringCGLIB$$79a6429c
3306:             1             24  org.springframework.boot.autoconfigure.web.embedded.EmbeddedWebServerFactoryCustomizerAutoConfiguration$TomcatWebServerFactoryCustomizerConfiguration$$EnhancerBySpringCGLIB$$2a5d4a0c$$FastClassBySpringCGLIB$$c558182e
3307:             1             24  org.springframework.boot.autoconfigure.web.embedded.EmbeddedWebServerFactoryCustomizerAutoConfiguration$TomcatWebServerFactoryCustomizerConfiguration$$FastClassBySpringCGLIB$$3b7ed949
3308:             1             24  org.springframework.boot.autoconfigure.web.embedded.TomcatWebServerFactoryCustomizer
3309:             1             24  org.springframework.boot.autoconfigure.web.embedded.TomcatWebServerFactoryCustomizer$$Lambda$333/191519989
3310:             1             24  org.springframework.boot.autoconfigure.web.servlet.DispatcherServletAutoConfiguration$DispatcherServletConfiguration$$EnhancerBySpringCGLIB$$74314d07$$FastClassBySpringCGLIB$$e83f3a07
3311:             1             24  org.springframework.boot.autoconfigure.web.servlet.DispatcherServletAutoConfiguration$DispatcherServletConfiguration$$FastClassBySpringCGLIB$$c3057e4
3312:             1             24  org.springframework.boot.autoconfigure.web.servlet.DispatcherServletAutoConfiguration$DispatcherServletRegistrationConfiguration$$EnhancerBySpringCGLIB$$d638e1ae$$FastClassBySpringCGLIB$$73daf335
3313:             1             24  org.springframework.boot.autoconfigure.web.servlet.DispatcherServletAutoConfiguration$DispatcherServletRegistrationConfiguration$$FastClassBySpringCGLIB$$20b85eab
3314:             1             24  org.springframework.boot.autoconfigure.web.servlet.ServletWebServerFactoryConfiguration$EmbeddedTomcat$$EnhancerBySpringCGLIB$$8eb42f28$$FastClassBySpringCGLIB$$e9f2e2d
3315:             1             24  org.springframework.boot.autoconfigure.web.servlet.ServletWebServerFactoryConfiguration$EmbeddedTomcat$$FastClassBySpringCGLIB$$57e7b6e5
3316:             1             24  org.springframework.boot.autoconfigure.web.servlet.WebMvcProperties$Contentnegotiation
3317:             1             24  org.springframework.boot.autoconfigure.web.servlet.WebMvcProperties$Servlet
3318:             1             24  org.springframework.boot.autoconfigure.web.servlet.WebMvcProperties$View
3319:             1             24  org.springframework.boot.autoconfigure.web.servlet.error.BasicErrorController
3320:             1             24  org.springframework.boot.autoconfigure.web.servlet.error.ErrorMvcAutoConfiguration$DefaultErrorViewResolverConfiguration$$EnhancerBySpringCGLIB$$64729763$$FastClassBySpringCGLIB$$70bd156d
3321:             1             24  org.springframework.boot.autoconfigure.web.servlet.error.ErrorMvcAutoConfiguration$DefaultErrorViewResolverConfiguration$$FastClassBySpringCGLIB$$696432c0
3322:             1             24  org.springframework.boot.autoconfigure.web.servlet.error.ErrorMvcAutoConfiguration$ErrorPageCustomizer
3323:             1             24  org.springframework.boot.autoconfigure.websocket.servlet.WebSocketServletAutoConfiguration$TomcatWebSocketConfiguration$$EnhancerBySpringCGLIB$$9ccbd22d$$FastClassBySpringCGLIB$$6eacc718
3324:             1             24  org.springframework.boot.autoconfigure.websocket.servlet.WebSocketServletAutoConfiguration$TomcatWebSocketConfiguration$$FastClassBySpringCGLIB$$f1131e4a
3325:             1             24  org.springframework.boot.builder.ParentContextCloserApplicationListener
3326:             1             24  org.springframework.boot.cloud.CloudPlatform$1
3327:             1             24  org.springframework.boot.cloud.CloudPlatform$2
3328:             1             24  org.springframework.boot.cloud.CloudPlatform$3
3329:             1             24  org.springframework.boot.context.ContextIdApplicationContextInitializer$ContextId
3330:             1             24  org.springframework.boot.context.config.ConfigFileApplicationListener$PropertySourceOrderingPostProcessor
3331:             1             24  org.springframework.boot.context.config.DelegatingApplicationListener
3332:             1             24  org.springframework.boot.context.event.EventPublishingRunListener
3333:             1             24  org.springframework.boot.context.properties.ConfigurationBeanFactoryMetadata
3334:             1             24  org.springframework.boot.context.properties.ConfigurationPropertiesBindingPostProcessor
3335:             1             24  org.springframework.boot.context.properties.PropertyMapper
3336:             1             24  org.springframework.boot.context.properties.bind.BindConverter$TypeConverterConversionService
3337:             1             24  org.springframework.boot.context.properties.bind.PropertySourcesPlaceholdersResolver
3338:             1             24  org.springframework.boot.context.properties.source.ConfigurationPropertySourcesPropertySource
3339:             1             24  org.springframework.boot.context.properties.source.DefaultPropertyMapper
3340:             1             24  org.springframework.boot.convert.DurationStyle$1
3341:             1             24  org.springframework.boot.convert.DurationStyle$2
3342:             1             24  org.springframework.boot.devtools.autoconfigure.DevToolsDataSourceAutoConfiguration$$EnhancerBySpringCGLIB$$fef5cc75$$FastClassBySpringCGLIB$$de31cb3
3343:             1             24  org.springframework.boot.devtools.autoconfigure.DevToolsDataSourceAutoConfiguration$$FastClassBySpringCGLIB$$2fb51792
3344:             1             24  org.springframework.boot.devtools.autoconfigure.DevToolsDataSourceAutoConfiguration$NonEmbeddedInMemoryDatabaseShutdownExecutor
3345:             1             24  org.springframework.boot.devtools.autoconfigure.DevToolsProperties
3346:             1             24  org.springframework.boot.devtools.autoconfigure.DevToolsProperties$Livereload
3347:             1             24  org.springframework.boot.devtools.autoconfigure.RemoteDevToolsProperties$Proxy
3348:             1             24  org.springframework.boot.devtools.classpath.ClassPathFileChangeListener
3349:             1             24  org.springframework.boot.devtools.classpath.PatternClassPathRestartStrategy
3350:             1             24  org.springframework.boot.devtools.restart.ClassLoaderFilesResourcePatternResolver
3351:             1             24  org.springframework.boot.devtools.restart.Restarter$LeakSafeThreadFactory$$Lambda$413/1116292004
3352:             1             24  org.springframework.boot.devtools.settings.DevToolsSettings
3353:             1             24  org.springframework.boot.diagnostics.FailureAnalyzers
3354:             1             24  org.springframework.boot.env.RandomValuePropertySource
3355:             1             24  org.springframework.boot.logging.AbstractLoggingSystem$LogLevels
3356:             1             24  org.springframework.boot.logging.DeferredLog$Line
3357:             1             24  org.springframework.boot.task.TaskSchedulerBuilder
3358:             1             24  org.springframework.boot.type.classreading.ConcurrentReferenceCachingMetadataReaderFactory
3359:             1             24  org.springframework.boot.web.client.RestTemplateBuilder$RequestFactoryCustomizer
3360:             1             24  org.springframework.boot.web.embedded.tomcat.TomcatServletWebServerFactory$StaticResourceConfigurer
3361:             1             24  org.springframework.boot.web.embedded.tomcat.TomcatStarter
3362:             1             24  org.springframework.boot.web.embedded.tomcat.TomcatWebServer$$Lambda$334/1521261927
3363:             1             24  org.springframework.boot.web.server.ErrorPage
3364:             1             24  org.springframework.boot.web.server.ErrorPageRegistrarBeanPostProcessor
3365:             1             24  org.springframework.boot.web.server.WebServerFactoryCustomizerBeanPostProcessor
3366:             1             24  org.springframework.boot.web.servlet.context.WebApplicationContextServletContextAwareProcessor
3367:             1             24  org.springframework.boot.web.servlet.server.DocumentRoot
3368:             1             24  org.springframework.boot.web.servlet.server.Jsp
3369:             1             24  org.springframework.cglib.core.EmitUtils$ArrayDelimiters
3370:             1             24  org.springframework.cglib.core.MethodWrapper$MethodWrapperKey$$KeyFactoryByCGLIB$$552be97a
3371:             1             24  org.springframework.cglib.core.internal.LoadingCache
3372:             1             24  org.springframework.context.annotation.ConfigurationClassEnhancer$ConditionalCallbackFilter
3373:             1             24  org.springframework.context.annotation.ContextAnnotationAutowireCandidateResolver
3374:             1             24  org.springframework.context.annotation.MBeanExportConfiguration$SpecificPlatform$1
3375:             1             24  org.springframework.context.annotation.MBeanExportConfiguration$SpecificPlatform$2
3376:             1             24  org.springframework.context.event.EventExpressionEvaluator
3377:             1             24  org.springframework.context.support.ApplicationContextAwareProcessor
3378:             1             24  org.springframework.context.support.PostProcessorRegistrationDelegate$BeanPostProcessorChecker
3379:             1             24  org.springframework.context.support.PropertySourcesPlaceholderConfigurer$$Lambda$192/272059566
3380:             1             24  org.springframework.core.OrderComparator$$Lambda$209/654322778
3381:             1             24  org.springframework.core.ReactiveAdapterRegistry
3382:             1             24  org.springframework.core.convert.support.DefaultConversionService
3383:             1             24  org.springframework.core.env.CommandLineArgs
3384:             1             24  org.springframework.core.io.support.PathMatchingResourcePatternResolver
3385:             1             24  org.springframework.dao.annotation.PersistenceExceptionTranslationAdvisor
3386:             1             24  org.springframework.dao.support.PersistenceExceptionTranslationInterceptor
3387:             1             24  org.springframework.http.HttpEntity
3388:             1             24  org.springframework.http.ResponseEntity
3389:             1             24  org.springframework.jdbc.core.namedparam.NamedParameterJdbcTemplate
3390:             1             24  org.springframework.jmx.export.naming.MetadataNamingStrategy
3391:             1             24  org.springframework.jndi.JndiTemplate
3392:             1             24  org.springframework.messaging.handler.annotation.support.PayloadArgumentResolver
3393:             1             24  org.springframework.messaging.handler.invocation.HandlerMethodArgumentResolverComposite
3394:             1             24  org.springframework.messaging.handler.invocation.HandlerMethodReturnValueHandlerComposite
3395:             1             24  org.springframework.messaging.simp.annotation.support.SubscriptionMethodReturnValueHandler
3396:             1             24  org.springframework.messaging.simp.broker.DefaultSubscriptionRegistry$DestinationCache
3397:             1             24  org.springframework.messaging.simp.stomp.StompEncoder
3398:             1             24  org.springframework.messaging.simp.user.DefaultUserDestinationResolver
3399:             1             24  org.springframework.messaging.support.IdTimestampMessageHeaderInitializer
3400:             1             24  org.springframework.objenesis.SpringObjenesis
3401:             1             24  org.springframework.scheduling.annotation.SchedulingConfiguration$$EnhancerBySpringCGLIB$$c58073b9$$FastClassBySpringCGLIB$$22b54e40
3402:             1             24  org.springframework.scheduling.annotation.SchedulingConfiguration$$FastClassBySpringCGLIB$$bd049a56
3403:             1             24  org.springframework.scheduling.config.ScheduledTask
3404:             1             24  org.springframework.scheduling.support.ScheduledMethodRunnable
3405:             1             24  org.springframework.transaction.interceptor.BeanFactoryTransactionAttributeSourceAdvisor$1
3406:             1             24  org.springframework.util.StopWatch$TaskInfo
3407:             1             24  org.springframework.validation.beanvalidation.LocalValidatorFactoryBean$1
3408:             1             24  org.springframework.web.context.support.ServletContextPropertySource
3409:             1             24  org.springframework.web.context.support.ServletContextScope
3410:             1             24  org.springframework.web.method.annotation.ExceptionHandlerMethodResolver
3411:             1             24  org.springframework.web.method.annotation.RequestHeaderMethodArgumentResolver
3412:             1             24  org.springframework.web.method.support.CompositeUriComponentsContributor
3413:             1             24  org.springframework.web.servlet.handler.HandlerExceptionResolverComposite
3414:             1             24  org.springframework.web.servlet.i18n.AcceptHeaderLocaleResolver
3415:             1             24  org.springframework.web.servlet.mvc.method.annotation.ResponseBodyEmitterReturnValueHandler
3416:             1             24  org.springframework.web.servlet.support.SessionFlashMapManager
3417:             1             24  org.springframework.web.servlet.view.ViewResolverComposite
3418:             1             24  org.springframework.web.socket.messaging.StompSubProtocolHandler$Stats
3419:             1             24  org.springframework.web.socket.server.standard.TomcatRequestUpgradeStrategy
3420:             1             24  org.springframework.web.socket.server.support.OriginHandshakeInterceptor
3421:             1             24  org.springframework.web.socket.sockjs.support.SockJsHttpRequestHandler
3422:             1             24  org.springframework.web.socket.sockjs.transport.handler.EventSourceTransportHandler
3423:             1             24  org.springframework.web.socket.sockjs.transport.handler.HtmlFileTransportHandler
3424:             1             24  org.springframework.web.socket.sockjs.transport.handler.XhrPollingTransportHandler
3425:             1             24  org.springframework.web.socket.sockjs.transport.handler.XhrReceivingTransportHandler
3426:             1             24  org.springframework.web.socket.sockjs.transport.handler.XhrStreamingTransportHandler
3427:             1             24  org.zeroturnaround.bundled.javassist.ClassPathList
3428:             1             24  org.zeroturnaround.javarebel.integration.IntegrationClassEventListener
3429:             1             24  org.zeroturnaround.javarebel.integration.catalina.cbp.ApplicationContextFacadeCBP
3430:             1             24  org.zeroturnaround.javarebel.integration.hybris.WidgetClassLoaderCBP
3431:             1             24  org.zeroturnaround.javarebel.integration.ide.IDECallbackClassEventListener
3432:             1             24  org.zeroturnaround.javarebel.integration.javaxel.BeanELResolverCBP
3433:             1             24  org.zeroturnaround.javarebel.integration.jenkins.WebAppMainCBP
3434:             1             24  org.zeroturnaround.javarebel.integration.objectdb.ObjectDBDelegationCBP$Processor
3435:             1             24  org.zeroturnaround.javarebel.integration.proxy.cglib.FastClassProxyEventListener
3436:             1             24  org.zeroturnaround.javarebel.integration.resin.ResinWatchdogCBP
3437:             1             24  org.zeroturnaround.javarebel.integration.resin.WatchdogProcessCBP
3438:             1             24  org.zeroturnaround.javarebel.integration.servlet.oc4j.OC4JJspClassLoaderCBP
3439:             1             24  org.zeroturnaround.javarebel.integration.spring.GenericTypeResolverCEL
3440:             1             24  org.zeroturnaround.javarebel.integration.spring.annotations.ComponentScannerAnnotation
3441:             1             24  org.zeroturnaround.javarebel.integration.spring.beans.BeanTypeResolverImpl
3442:             1             24  org.zeroturnaround.javarebel.integration.spring.beans.ExpressionDependencyRegistry
3443:             1             24  org.zeroturnaround.javarebel.integration.spring.beans.ScannedClassManager
3444:             1             24  org.zeroturnaround.javarebel.integration.spring.beans.cbp.BeanDefinitionReaderUtilsCBP
3445:             1             24  org.zeroturnaround.javarebel.integration.spring.boot.SpringBootRegistry
3446:             1             24  org.zeroturnaround.javarebel.integration.spring.core.ReflectionUtilsCacheClearer
3447:             1             24  org.zeroturnaround.javarebel.integration.support.JavassistClassBytecodeProcessor$FilterClassPathWrapper
3448:             1             24  org.zeroturnaround.javarebel.integration.util.ClassLoaderLocalUtil$LoaderAttachment
3449:             1             24  org.zeroturnaround.javarebel.preferences.FileStorePreferences
3450:             1             24  org.zeroturnaround.javarebel.reporting.MessageType$SendFilterImpl$1
3451:             1             24  org.zeroturnaround.javarebel.reporting.MessageType$SendFilterImpl$2
3452:             1             24  org.zeroturnaround.javarebel.reporting.MessageType$SendFilterImpl$3
3453:             1             24  org.zeroturnaround.javarebel.reporting.MessageType$SendFilterImpl$4
3454:             1             24  org.zeroturnaround.javarebel.reporting.MixpanelMetrics$10
3455:             1             24  org.zeroturnaround.javarebel.reporting.MixpanelMetrics$3
3456:             1             24  org.zeroturnaround.javarebel.reporting.MixpanelMetrics$4
3457:             1             24  org.zeroturnaround.javarebel.reporting.MixpanelMetrics$5
3458:             1             24  org.zeroturnaround.javarebel.reporting.MixpanelMetrics$8
3459:             1             24  org.zeroturnaround.javarebel.reporting.backend.impl.SegmentIOBackend$ProxyHttpBackend
3460:             1             24  org.zeroturnaround.javarebel.reporting.stats.JVMLanguageStatsListener
3461:             1             24  org.zeroturnaround.javarebel.reporting.stats.repository.impl.RepositoryMetricsStatistics$ServerStartedStatsListener
3462:             1             24  org.zeroturnaround.javarebel.service.ServiceRequestUtil$TCLBindingServiceRequestListener
3463:             1             24  org.zeroturnaround.javarebel.spring.SpringMetrics$1
3464:             1             24  org.zeroturnaround.jrebel.integration.logback.LogbackReloader
3465:             1             24  org.zeroturnaround.jrebel.intellij.FileWatcher$1
3466:             1             24  org.zeroturnaround.jrebel.intellij.FileWatcher$Lock
3467:             1             24  org.zeroturnaround.jrebel.jackson2.cbp.ObjectMapperCBP
3468:             1             24  sun.instrument.TransformerManager
3469:             1             24  sun.launcher.LauncherHelper
3470:             1             24  sun.management.CompilationImpl
3471:             1             24  sun.management.MemoryImpl
3472:             1             24  sun.management.OperatingSystemImpl
3473:             1             24  sun.management.RuntimeImpl
3474:             1             24  sun.management.ThreadImpl
3475:             1             24  sun.management.VMManagementImpl
3476:             1             24  sun.misc.URLClassPath$FileLoader
3477:             1             24  sun.net.ProgressMonitor
3478:             1             24  sun.net.www.protocol.http.Handler
3479:             1             24  sun.nio.cs.CESU_8
3480:             1             24  sun.nio.cs.IBM437
3481:             1             24  sun.nio.cs.IBM737
3482:             1             24  sun.nio.cs.IBM775
3483:             1             24  sun.nio.cs.IBM850
3484:             1             24  sun.nio.cs.IBM852
3485:             1             24  sun.nio.cs.IBM855
3486:             1             24  sun.nio.cs.IBM857
3487:             1             24  sun.nio.cs.IBM858
3488:             1             24  sun.nio.cs.IBM862
3489:             1             24  sun.nio.cs.IBM866
3490:             1             24  sun.nio.cs.IBM874
3491:             1             24  sun.nio.cs.ISO_8859_1
3492:             1             24  sun.nio.cs.ISO_8859_13
3493:             1             24  sun.nio.cs.ISO_8859_15
3494:             1             24  sun.nio.cs.ISO_8859_2
3495:             1             24  sun.nio.cs.ISO_8859_4
3496:             1             24  sun.nio.cs.ISO_8859_5
3497:             1             24  sun.nio.cs.ISO_8859_7
3498:             1             24  sun.nio.cs.ISO_8859_9
3499:             1             24  sun.nio.cs.KOI8_R
3500:             1             24  sun.nio.cs.KOI8_U
3501:             1             24  sun.nio.cs.MS1250
3502:             1             24  sun.nio.cs.MS1251
3503:             1             24  sun.nio.cs.MS1252
3504:             1             24  sun.nio.cs.MS1253
3505:             1             24  sun.nio.cs.MS1254
3506:             1             24  sun.nio.cs.MS1257
3507:             1             24  sun.nio.cs.ThreadLocalCoders$1
3508:             1             24  sun.nio.cs.ThreadLocalCoders$2
3509:             1             24  sun.nio.cs.US_ASCII
3510:             1             24  sun.nio.cs.UTF_16
3511:             1             24  sun.nio.cs.UTF_16BE
3512:             1             24  sun.nio.cs.UTF_16LE
3513:             1             24  sun.nio.cs.UTF_16LE_BOM
3514:             1             24  sun.nio.cs.UTF_32
3515:             1             24  sun.nio.cs.UTF_32BE
3516:             1             24  sun.nio.cs.UTF_32BE_BOM
3517:             1             24  sun.nio.cs.UTF_32LE
3518:             1             24  sun.nio.cs.UTF_32LE_BOM
3519:             1             24  sun.nio.cs.UTF_8
3520:             1             24  sun.nio.cs.ext.Big5
3521:             1             24  sun.nio.cs.ext.Big5_HKSCS
3522:             1             24  sun.nio.cs.ext.Big5_HKSCS_2001
3523:             1             24  sun.nio.cs.ext.Big5_Solaris
3524:             1             24  sun.nio.cs.ext.EUC_CN
3525:             1             24  sun.nio.cs.ext.EUC_JP
3526:             1             24  sun.nio.cs.ext.EUC_JP_LINUX
3527:             1             24  sun.nio.cs.ext.EUC_JP_Open
3528:             1             24  sun.nio.cs.ext.EUC_TW
3529:             1             24  sun.nio.cs.ext.GB18030
3530:             1             24  sun.nio.cs.ext.GBK
3531:             1             24  sun.nio.cs.ext.IBM037
3532:             1             24  sun.nio.cs.ext.IBM1006
3533:             1             24  sun.nio.cs.ext.IBM1025
3534:             1             24  sun.nio.cs.ext.IBM1026
3535:             1             24  sun.nio.cs.ext.IBM1046
3536:             1             24  sun.nio.cs.ext.IBM1047
3537:             1             24  sun.nio.cs.ext.IBM1097
3538:             1             24  sun.nio.cs.ext.IBM1098
3539:             1             24  sun.nio.cs.ext.IBM1112
3540:             1             24  sun.nio.cs.ext.IBM1122
3541:             1             24  sun.nio.cs.ext.IBM1123
3542:             1             24  sun.nio.cs.ext.IBM1124
3543:             1             24  sun.nio.cs.ext.IBM1140
3544:             1             24  sun.nio.cs.ext.IBM1141
3545:             1             24  sun.nio.cs.ext.IBM1142
3546:             1             24  sun.nio.cs.ext.IBM1143
3547:             1             24  sun.nio.cs.ext.IBM1144
3548:             1             24  sun.nio.cs.ext.IBM1145
3549:             1             24  sun.nio.cs.ext.IBM1146
3550:             1             24  sun.nio.cs.ext.IBM1147
3551:             1             24  sun.nio.cs.ext.IBM1148
3552:             1             24  sun.nio.cs.ext.IBM1149
3553:             1             24  sun.nio.cs.ext.IBM1166
3554:             1             24  sun.nio.cs.ext.IBM1364
3555:             1             24  sun.nio.cs.ext.IBM1381
3556:             1             24  sun.nio.cs.ext.IBM1383
3557:             1             24  sun.nio.cs.ext.IBM273
3558:             1             24  sun.nio.cs.ext.IBM277
3559:             1             24  sun.nio.cs.ext.IBM278
3560:             1             24  sun.nio.cs.ext.IBM280
3561:             1             24  sun.nio.cs.ext.IBM284
3562:             1             24  sun.nio.cs.ext.IBM285
3563:             1             24  sun.nio.cs.ext.IBM290
3564:             1             24  sun.nio.cs.ext.IBM297
3565:             1             24  sun.nio.cs.ext.IBM300
3566:             1             24  sun.nio.cs.ext.IBM33722
3567:             1             24  sun.nio.cs.ext.IBM420
3568:             1             24  sun.nio.cs.ext.IBM424
3569:             1             24  sun.nio.cs.ext.IBM500
3570:             1             24  sun.nio.cs.ext.IBM833
3571:             1             24  sun.nio.cs.ext.IBM834
3572:             1             24  sun.nio.cs.ext.IBM838
3573:             1             24  sun.nio.cs.ext.IBM856
3574:             1             24  sun.nio.cs.ext.IBM860
3575:             1             24  sun.nio.cs.ext.IBM861
3576:             1             24  sun.nio.cs.ext.IBM863
3577:             1             24  sun.nio.cs.ext.IBM864
3578:             1             24  sun.nio.cs.ext.IBM865
3579:             1             24  sun.nio.cs.ext.IBM868
3580:             1             24  sun.nio.cs.ext.IBM869
3581:             1             24  sun.nio.cs.ext.IBM870
3582:             1             24  sun.nio.cs.ext.IBM871
3583:             1             24  sun.nio.cs.ext.IBM875
3584:             1             24  sun.nio.cs.ext.IBM918
3585:             1             24  sun.nio.cs.ext.IBM921
3586:             1             24  sun.nio.cs.ext.IBM922
3587:             1             24  sun.nio.cs.ext.IBM930
3588:             1             24  sun.nio.cs.ext.IBM933
3589:             1             24  sun.nio.cs.ext.IBM935
3590:             1             24  sun.nio.cs.ext.IBM937
3591:             1             24  sun.nio.cs.ext.IBM939
3592:             1             24  sun.nio.cs.ext.IBM942
3593:             1             24  sun.nio.cs.ext.IBM942C
3594:             1             24  sun.nio.cs.ext.IBM943
3595:             1             24  sun.nio.cs.ext.IBM943C
3596:             1             24  sun.nio.cs.ext.IBM948
3597:             1             24  sun.nio.cs.ext.IBM949
3598:             1             24  sun.nio.cs.ext.IBM949C
3599:             1             24  sun.nio.cs.ext.IBM950
3600:             1             24  sun.nio.cs.ext.IBM964
3601:             1             24  sun.nio.cs.ext.IBM970
3602:             1             24  sun.nio.cs.ext.ISCII91
3603:             1             24  sun.nio.cs.ext.ISO2022_CN
3604:             1             24  sun.nio.cs.ext.ISO2022_CN_CNS
3605:             1             24  sun.nio.cs.ext.ISO2022_CN_GB
3606:             1             24  sun.nio.cs.ext.ISO2022_JP
3607:             1             24  sun.nio.cs.ext.ISO2022_JP_2
3608:             1             24  sun.nio.cs.ext.ISO2022_KR
3609:             1             24  sun.nio.cs.ext.ISO_8859_11
3610:             1             24  sun.nio.cs.ext.ISO_8859_3
3611:             1             24  sun.nio.cs.ext.ISO_8859_6
3612:             1             24  sun.nio.cs.ext.ISO_8859_8
3613:             1             24  sun.nio.cs.ext.JISAutoDetect
3614:             1             24  sun.nio.cs.ext.JIS_X_0201
3615:             1             24  sun.nio.cs.ext.JIS_X_0208
3616:             1             24  sun.nio.cs.ext.JIS_X_0212
3617:             1             24  sun.nio.cs.ext.Johab
3618:             1             24  sun.nio.cs.ext.MS1255
3619:             1             24  sun.nio.cs.ext.MS1256
3620:             1             24  sun.nio.cs.ext.MS1258
3621:             1             24  sun.nio.cs.ext.MS50220
3622:             1             24  sun.nio.cs.ext.MS50221
3623:             1             24  sun.nio.cs.ext.MS874
3624:             1             24  sun.nio.cs.ext.MS932
3625:             1             24  sun.nio.cs.ext.MS932_0213
3626:             1             24  sun.nio.cs.ext.MS936
3627:             1             24  sun.nio.cs.ext.MS949
3628:             1             24  sun.nio.cs.ext.MS950
3629:             1             24  sun.nio.cs.ext.MS950_HKSCS
3630:             1             24  sun.nio.cs.ext.MS950_HKSCS_XP
3631:             1             24  sun.nio.cs.ext.MSISO2022JP
3632:             1             24  sun.nio.cs.ext.MacArabic
3633:             1             24  sun.nio.cs.ext.MacCentralEurope
3634:             1             24  sun.nio.cs.ext.MacCroatian
3635:             1             24  sun.nio.cs.ext.MacCyrillic
3636:             1             24  sun.nio.cs.ext.MacDingbat
3637:             1             24  sun.nio.cs.ext.MacGreek
3638:             1             24  sun.nio.cs.ext.MacHebrew
3639:             1             24  sun.nio.cs.ext.MacIceland
3640:             1             24  sun.nio.cs.ext.MacRoman
3641:             1             24  sun.nio.cs.ext.MacRomania
3642:             1             24  sun.nio.cs.ext.MacSymbol
3643:             1             24  sun.nio.cs.ext.MacThai
3644:             1             24  sun.nio.cs.ext.MacTurkish
3645:             1             24  sun.nio.cs.ext.MacUkraine
3646:             1             24  sun.nio.cs.ext.PCK
3647:             1             24  sun.nio.cs.ext.SJIS
3648:             1             24  sun.nio.cs.ext.SJIS_0213
3649:             1             24  sun.nio.cs.ext.TIS_620
3650:             1             24  sun.nio.fs.WindowsSecurityDescriptor
3651:             1             24  sun.reflect.annotation.TypeAnnotation$LocationInfo
3652:             1             24  sun.rmi.runtime.RuntimeUtil$1
3653:             1             24  sun.rmi.transport.DGCImpl
3654:             1             24  sun.rmi.transport.SequenceEntry
3655:             1             24  sun.security.ssl.AppInputStream
3656:             1             24  sun.security.ssl.AppOutputStream
3657:             1             24  sun.security.ssl.MAC
3658:             1             24  sun.security.ssl.SupportedEllipticPointFormatsExtension
3659:             1             24  sun.security.validator.EndEntityChecker
3660:             1             24  sun.security.x509.Extension
3661:             1             24  sun.util.locale.BaseLocale$Cache
3662:             1             24  sun.util.locale.provider.BreakIteratorProviderImpl
3663:             1             24  sun.util.locale.provider.CalendarDataProviderImpl
3664:             1             24  sun.util.locale.provider.CalendarNameProviderImpl
3665:             1             24  sun.util.locale.provider.CalendarProviderImpl
3666:             1             24  sun.util.locale.provider.CurrencyNameProviderImpl
3667:             1             24  sun.util.locale.provider.DateFormatSymbolsProviderImpl
3668:             1             24  sun.util.locale.provider.DecimalFormatSymbolsProviderImpl
3669:             1             24  sun.util.locale.provider.NumberFormatProviderImpl
3670:             1             24  sun.util.locale.provider.TimeZoneNameProviderImpl
3671:             1             24  sun.util.logging.PlatformLogger
3672:             1             24  sun.util.logging.PlatformLogger$JavaLoggerProxy
3673:             1             16  [Lch.qos.logback.core.filter.Filter;
3674:             1             16  [Lcom.alibaba.fastjson.serializer.SerializeFilter;
3675:             1             16  [Lcom.fasterxml.classmate.members.RawConstructor;
3676:             1             16  [Lcom.fasterxml.classmate.members.RawField;
3677:             1             16  [Lcom.fasterxml.classmate.members.RawMethod;
3678:             1             16  [Lcom.fasterxml.jackson.databind.AbstractTypeResolver;
3679:             1             16  [Lcom.fasterxml.jackson.databind.deser.BeanDeserializerModifier;
3680:             1             16  [Lcom.fasterxml.jackson.databind.ser.BeanSerializerModifier;
3681:             1             16  [Lcom.fasterxml.jackson.databind.util.ClassUtil$Ctor;
3682:             1             16  [Lcom.zeroturnaround.javarebel.bny;
3683:             1             16  [Ljava.beans.EventSetDescriptor;
3684:             1             16  [Ljava.lang.Double;
3685:             1             16  [Ljava.lang.Float;
3686:             1             16  [Ljava.lang.reflect.AnnotatedType;
3687:             1             16  [Ljava.nio.file.attribute.FileAttribute;
3688:             1             16  [Ljava.security.Provider;
3689:             1             16  [Ljava.text.FieldPosition;
3690:             1             16  [Ljava.time.LocalDateTime;
3691:             1             16  [Ljava.time.zone.ZoneOffsetTransitionRule;
3692:             1             16  [Ljava.util.logging.Handler;
3693:             1             16  [Lorg.apache.catalina.Session;
3694:             1             16  [Lorg.apache.catalina.core.DefaultInstanceManager$AnnotationCacheEntry;
3695:             1             16  [Lorg.apache.catalina.servlets.DefaultServlet$CompressionFormat;
3696:             1             16  [Lorg.apache.tomcat.util.descriptor.web.ApplicationParameter;
3697:             1             16  [Lorg.apache.tomcat.util.descriptor.web.SecurityConstraint;
3698:             1             16  [Lorg.springframework.aop.Advisor;
3699:             1             16  [Lorg.springframework.web.context.request.async.CallableProcessingInterceptor;
3700:             1             16  [Lorg.springframework.web.context.request.async.DeferredResultProcessingInterceptor;
3701:             1             16  [Lorg.zeroturnaround.javarebel.Resource;
3702:             1             16  [Lsun.instrument.TransformerManager$TransformerInfo;
3703:             1             16  [Lsun.reflect.annotation.TypeAnnotation$LocationInfo$Location;
3704:             1             16  ch.qos.logback.classic.pattern.EnsureExceptionHandling
3705:             1             16  ch.qos.logback.classic.pattern.TargetLengthBasedClassNameAbbreviator
3706:             1             16  ch.qos.logback.classic.selector.DefaultContextSelector
3707:             1             16  ch.qos.logback.classic.util.ContextInitializer
3708:             1             16  ch.qos.logback.core.LifeCycleManager
3709:             1             16  ch.qos.logback.core.joran.spi.ConsoleTarget$1
3710:             1             16  ch.qos.logback.core.joran.spi.ConsoleTarget$2
3711:             1             16  ch.qos.logback.core.spi.AppenderAttachableImpl
3712:             1             16  ch.qos.logback.core.spi.FilterAttachableImpl
3713:             1             16  com.alibaba.fastjson.parser.deserializer.JavaObjectDeserializer
3714:             1             16  com.alibaba.fastjson.parser.deserializer.MapDeserializer
3715:             1             16  com.alibaba.fastjson.parser.deserializer.NumberDeserializer
3716:             1             16  com.alibaba.fastjson.parser.deserializer.StackTraceElementDeserializer
3717:             1             16  com.alibaba.fastjson.parser.deserializer.TimeDeserializer
3718:             1             16  com.alibaba.fastjson.serializer.AppendableSerializer
3719:             1             16  com.alibaba.fastjson.serializer.AtomicCodec
3720:             1             16  com.alibaba.fastjson.serializer.BigDecimalCodec
3721:             1             16  com.alibaba.fastjson.serializer.BigIntegerCodec
3722:             1             16  com.alibaba.fastjson.serializer.BooleanCodec
3723:             1             16  com.alibaba.fastjson.serializer.CalendarCodec
3724:             1             16  com.alibaba.fastjson.serializer.CharArrayCodec
3725:             1             16  com.alibaba.fastjson.serializer.CharacterCodec
3726:             1             16  com.alibaba.fastjson.serializer.CollectionCodec
3727:             1             16  com.alibaba.fastjson.serializer.DateCodec
3728:             1             16  com.alibaba.fastjson.serializer.DoubleSerializer
3729:             1             16  com.alibaba.fastjson.serializer.FloatCodec
3730:             1             16  com.alibaba.fastjson.serializer.IntegerCodec
3731:             1             16  com.alibaba.fastjson.serializer.LongCodec
3732:             1             16  com.alibaba.fastjson.serializer.ObjectArrayCodec
3733:             1             16  com.alibaba.fastjson.serializer.PrimitiveArraySerializer
3734:             1             16  com.alibaba.fastjson.serializer.ReferenceCodec
3735:             1             16  com.alibaba.fastjson.serializer.StringCodec
3736:             1             16  com.alibaba.fastjson.serializer.ToStringSerializer
3737:             1             16  com.alibaba.fastjson.support.spring.FastJsonViewResponseBodyAdvice
3738:             1             16  com.alibaba.fastjson.support.spring.FastJsonpResponseBodyAdvice
3739:             1             16  com.alibaba.fastjson.support.spring.JSONPResponseBodyAdvice
3740:             1             16  com.fasterxml.classmate.TypeResolver
3741:             1             16  com.fasterxml.jackson.core.util.DefaultPrettyPrinter$FixedSpaceIndenter
3742:             1             16  com.fasterxml.jackson.core.util.DefaultPrettyPrinter$NopIndenter
3743:             1             16  com.fasterxml.jackson.databind.deser.std.StdKeyDeserializers
3744:             1             16  com.fasterxml.jackson.databind.deser.std.StringDeserializer
3745:             1             16  com.fasterxml.jackson.databind.ext.Java7SupportImpl
3746:             1             16  com.fasterxml.jackson.databind.ext.OptionalHandlerFactory
3747:             1             16  com.fasterxml.jackson.databind.introspect.AnnotationCollector$EmptyCollector
3748:             1             16  com.fasterxml.jackson.databind.introspect.AnnotationCollector$NoAnnotations
3749:             1             16  com.fasterxml.jackson.databind.introspect.NopAnnotationIntrospector$1
3750:             1             16  com.fasterxml.jackson.databind.ser.impl.UnknownSerializer
3751:             1             16  com.fasterxml.jackson.databind.ser.std.NullSerializer
3752:             1             16  com.fasterxml.jackson.databind.ser.std.StdKeySerializer
3753:             1             16  com.fasterxml.jackson.databind.ser.std.StdKeySerializers$StringKeySerializer
3754:             1             16  com.fasterxml.jackson.databind.ser.std.StringSerializer
3755:             1             16  com.fasterxml.jackson.databind.ser.std.UUIDSerializer
3756:             1             16  com.fasterxml.jackson.datatype.jsr310.deser.DurationDeserializer
3757:             1             16  com.fasterxml.jackson.datatype.jsr310.deser.InstantDeserializer$$Lambda$115/1568667802
3758:             1             16  com.fasterxml.jackson.datatype.jsr310.deser.InstantDeserializer$$Lambda$118/645486081
3759:             1             16  com.fasterxml.jackson.datatype.jsr310.deser.InstantDeserializer$$Lambda$119/496965756
3760:             1             16  com.fasterxml.jackson.datatype.jsr310.deser.InstantDeserializer$$Lambda$120/1071072905
3761:             1             16  com.fasterxml.jackson.datatype.jsr310.deser.InstantDeserializer$$Lambda$121/1517221367
3762:             1             16  com.fasterxml.jackson.datatype.jsr310.deser.InstantDeserializer$$Lambda$122/1567177744
3763:             1             16  com.fasterxml.jackson.datatype.jsr310.deser.InstantDeserializer$$Lambda$123/1166456511
3764:             1             16  com.fasterxml.jackson.datatype.jsr310.deser.InstantDeserializer$$Lambda$124/1080050568
3765:             1             16  com.fasterxml.jackson.datatype.jsr310.deser.InstantDeserializer$$Lambda$125/1837946686
3766:             1             16  com.fasterxml.jackson.datatype.jsr310.deser.InstantDeserializer$$Lambda$126/2031222563
3767:             1             16  com.fasterxml.jackson.datatype.jsr310.deser.InstantDeserializer$$Lambda$127/164797936
3768:             1             16  com.fasterxml.jackson.datatype.jsr310.deser.InstantDeserializer$$Lambda$128/1265427265
3769:             1             16  com.fasterxml.jackson.datatype.jsr310.deser.key.DurationKeyDeserializer
3770:             1             16  com.fasterxml.jackson.datatype.jsr310.deser.key.InstantKeyDeserializer
3771:             1             16  com.fasterxml.jackson.datatype.jsr310.deser.key.LocalDateKeyDeserializer
3772:             1             16  com.fasterxml.jackson.datatype.jsr310.deser.key.LocalDateTimeKeyDeserializer
3773:             1             16  com.fasterxml.jackson.datatype.jsr310.deser.key.LocalTimeKeyDeserializer
3774:             1             16  com.fasterxml.jackson.datatype.jsr310.deser.key.MonthDayKeyDeserializer
3775:             1             16  com.fasterxml.jackson.datatype.jsr310.deser.key.OffsetDateTimeKeyDeserializer
3776:             1             16  com.fasterxml.jackson.datatype.jsr310.deser.key.OffsetTimeKeyDeserializer
3777:             1             16  com.fasterxml.jackson.datatype.jsr310.deser.key.PeriodKeyDeserializer
3778:             1             16  com.fasterxml.jackson.datatype.jsr310.deser.key.YearKeyDeserializer
3779:             1             16  com.fasterxml.jackson.datatype.jsr310.deser.key.YearMothKeyDeserializer
3780:             1             16  com.fasterxml.jackson.datatype.jsr310.deser.key.ZoneIdKeyDeserializer
3781:             1             16  com.fasterxml.jackson.datatype.jsr310.deser.key.ZoneOffsetKeyDeserializer
3782:             1             16  com.fasterxml.jackson.datatype.jsr310.deser.key.ZonedDateTimeKeyDeserializer
3783:             1             16  com.fasterxml.jackson.datatype.jsr310.ser.InstantSerializer$$Lambda$130/1502019690
3784:             1             16  com.fasterxml.jackson.datatype.jsr310.ser.InstantSerializer$$Lambda$131/1494661298
3785:             1             16  com.fasterxml.jackson.datatype.jsr310.ser.InstantSerializer$$Lambda$132/1209591472
3786:             1             16  com.fasterxml.jackson.datatype.jsr310.ser.OffsetDateTimeSerializer$$Lambda$133/381118726
3787:             1             16  com.fasterxml.jackson.datatype.jsr310.ser.OffsetDateTimeSerializer$$Lambda$134/968862427
3788:             1             16  com.fasterxml.jackson.datatype.jsr310.ser.OffsetDateTimeSerializer$$Lambda$135/190256056
3789:             1             16  com.fasterxml.jackson.datatype.jsr310.ser.ZonedDateTimeSerializer$$Lambda$136/998099417
3790:             1             16  com.fasterxml.jackson.datatype.jsr310.ser.ZonedDateTimeSerializer$$Lambda$137/873468021
3791:             1             16  com.fasterxml.jackson.datatype.jsr310.ser.ZonedDateTimeSerializer$$Lambda$138/688582491
3792:             1             16  com.fasterxml.jackson.datatype.jsr310.ser.key.ZonedDateTimeKeySerializer
3793:             1             16  com.fasterxml.jackson.module.paramnames.ParameterExtractor
3794:             1             16  com.intellij.openapi.util.io.win32.IdeaWin32
3795:             1             16  com.mysql.cj.jdbc.AbandonedConnectionCleanupThread
3796:             1             16  com.mysql.cj.jdbc.AbandonedConnectionCleanupThread$1
3797:             1             16  com.mysql.cj.jdbc.Driver
3798:             1             16  com.sun.jmx.interceptor.DefaultMBeanServerInterceptor$ResourceContext$1
3799:             1             16  com.sun.jmx.mbeanserver.DefaultMXBeanMappingFactory
3800:             1             16  com.sun.jmx.mbeanserver.DescriptorCache
3801:             1             16  com.sun.jmx.mbeanserver.MBeanAnalyzer$MethodOrder
3802:             1             16  com.sun.jmx.mbeanserver.MBeanInstantiator
3803:             1             16  com.sun.jmx.mbeanserver.MXBeanIntrospector
3804:             1             16  com.sun.jmx.mbeanserver.SecureClassLoaderRepository
3805:             1             16  com.sun.jmx.mbeanserver.StandardMBeanIntrospector
3806:             1             16  com.sun.jmx.remote.protocol.iiop.IIOPProxyImpl
3807:             1             16  com.sun.naming.internal.VersionHelper12
3808:             1             16  com.sun.org.apache.xalan.internal.utils.SecuritySupport
3809:             1             16  com.sun.org.apache.xerces.internal.impl.dv.dtd.DTDDVFactoryImpl
3810:             1             16  com.sun.org.apache.xerces.internal.impl.dv.dtd.IDDatatypeValidator
3811:             1             16  com.sun.org.apache.xerces.internal.impl.dv.dtd.IDREFDatatypeValidator
3812:             1             16  com.sun.org.apache.xerces.internal.impl.dv.dtd.NMTOKENDatatypeValidator
3813:             1             16  com.sun.org.apache.xerces.internal.impl.dv.dtd.NOTATIONDatatypeValidator
3814:             1             16  com.sun.org.apache.xerces.internal.impl.dv.dtd.StringDatatypeValidator
3815:             1             16  com.sun.org.apache.xerces.internal.parsers.AbstractSAXParser$AttributesProxy
3816:             1             16  com.sun.org.apache.xerces.internal.util.EntityResolver2Wrapper
3817:             1             16  com.sun.org.apache.xerces.internal.util.ErrorHandlerWrapper
3818:             1             16  com.sun.org.apache.xerces.internal.utils.SecuritySupport
3819:             1             16  com.sun.proxy.$Proxy12
3820:             1             16  com.sun.proxy.$Proxy13
3821:             1             16  com.sun.proxy.$Proxy17
3822:             1             16  com.sun.proxy.$Proxy18
3823:             1             16  com.sun.proxy.$Proxy20
3824:             1             16  com.sun.proxy.$Proxy23
3825:             1             16  com.sun.proxy.$Proxy29
3826:             1             16  com.sun.proxy.$Proxy45
3827:             1             16  com.sun.proxy.$Proxy48
3828:             1             16  com.sun.proxy.$Proxy53
3829:             1             16  com.sysmin.controller.IndexController
3830:             1             16  com.sysmin.controller.jvm.JvmHandlerController$$Lambda$469/878876737
3831:             1             16  com.sysmin.core.jvm.service.impl.JinfoImpl
3832:             1             16  com.sysmin.core.jvm.service.impl.JmapImpl
3833:             1             16  com.sysmin.core.jvm.service.impl.JpsImpl
3834:             1             16  com.sysmin.core.jvm.service.impl.JpsImpl$$M$_jr_2EAFFFDEFB8067EE_4
3835:             1             16  com.sysmin.core.jvm.service.impl.JstackImpl
3836:             1             16  com.sysmin.core.linux.defult.service.impl.BaseImpl
3837:             1             16  com.sysmin.core.linux.defult.service.impl.ShImpl
3838:             1             16  com.sysmin.core.linux.net.service.impl.NetInfoImpl
3839:             1             16  com.sysmin.core.linux.process.service.impl.ProcessImpl
3840:             1             16  com.sysmin.core.linux.service.service.impl.ServiceImpl
3841:             1             16  com.sysmin.core.system.service.impl.DiskImpl
3842:             1             16  com.sysmin.core.system.service.impl.UpTimeImpl
3843:             1             16  com.zeroturnaround.javarebel.SDKReloaderImpl
3844:             1             16  com.zeroturnaround.javarebel.aav
3845:             1             16  com.zeroturnaround.javarebel.abd
3846:             1             16  com.zeroturnaround.javarebel.abv
3847:             1             16  com.zeroturnaround.javarebel.acj
3848:             1             16  com.zeroturnaround.javarebel.adb
3849:             1             16  com.zeroturnaround.javarebel.adj
3850:             1             16  com.zeroturnaround.javarebel.agn
3851:             1             16  com.zeroturnaround.javarebel.agx
3852:             1             16  com.zeroturnaround.javarebel.ai
3853:             1             16  com.zeroturnaround.javarebel.ak
3854:             1             16  com.zeroturnaround.javarebel.aq
3855:             1             16  com.zeroturnaround.javarebel.ar
3856:             1             16  com.zeroturnaround.javarebel.as
3857:             1             16  com.zeroturnaround.javarebel.aspectj.AspectJPlugin
3858:             1             16  com.zeroturnaround.javarebel.bl
3859:             1             16  com.zeroturnaround.javarebel.bn
3860:             1             16  com.zeroturnaround.javarebel.bo
3861:             1             16  com.zeroturnaround.javarebel.bq
3862:             1             16  com.zeroturnaround.javarebel.bsz
3863:             1             16  com.zeroturnaround.javarebel.bwu
3864:             1             16  com.zeroturnaround.javarebel.bww
3865:             1             16  com.zeroturnaround.javarebel.bwx
3866:             1             16  com.zeroturnaround.javarebel.bx
3867:             1             16  com.zeroturnaround.javarebel.bxh
3868:             1             16  com.zeroturnaround.javarebel.bxr
3869:             1             16  com.zeroturnaround.javarebel.byz
3870:             1             16  com.zeroturnaround.javarebel.bzc
3871:             1             16  com.zeroturnaround.javarebel.bze
3872:             1             16  com.zeroturnaround.javarebel.cbh
3873:             1             16  com.zeroturnaround.javarebel.cbm
3874:             1             16  com.zeroturnaround.javarebel.cbr
3875:             1             16  com.zeroturnaround.javarebel.cdd
3876:             1             16  com.zeroturnaround.javarebel.cdo
3877:             1             16  com.zeroturnaround.javarebel.ceq
3878:             1             16  com.zeroturnaround.javarebel.cf
3879:             1             16  com.zeroturnaround.javarebel.cfl
3880:             1             16  com.zeroturnaround.javarebel.cfn
3881:             1             16  com.zeroturnaround.javarebel.cfo
3882:             1             16  com.zeroturnaround.javarebel.cfp
3883:             1             16  com.zeroturnaround.javarebel.cfq
3884:             1             16  com.zeroturnaround.javarebel.cgo
3885:             1             16  com.zeroturnaround.javarebel.cgp
3886:             1             16  com.zeroturnaround.javarebel.cgq
3887:             1             16  com.zeroturnaround.javarebel.cgr
3888:             1             16  com.zeroturnaround.javarebel.cgu
3889:             1             16  com.zeroturnaround.javarebel.cgy
3890:             1             16  com.zeroturnaround.javarebel.cgz
3891:             1             16  com.zeroturnaround.javarebel.chl
3892:             1             16  com.zeroturnaround.javarebel.ck
3893:             1             16  com.zeroturnaround.javarebel.cn
3894:             1             16  com.zeroturnaround.javarebel.cpa
3895:             1             16  com.zeroturnaround.javarebel.cq
3896:             1             16  com.zeroturnaround.javarebel.ct
3897:             1             16  com.zeroturnaround.javarebel.cu
3898:             1             16  com.zeroturnaround.javarebel.cv
3899:             1             16  com.zeroturnaround.javarebel.cw
3900:             1             16  com.zeroturnaround.javarebel.cx
3901:             1             16  com.zeroturnaround.javarebel.cy
3902:             1             16  com.zeroturnaround.javarebel.cz
3903:             1             16  com.zeroturnaround.javarebel.da
3904:             1             16  com.zeroturnaround.javarebel.db
3905:             1             16  com.zeroturnaround.javarebel.dc
3906:             1             16  com.zeroturnaround.javarebel.de
3907:             1             16  com.zeroturnaround.javarebel.dk
3908:             1             16  com.zeroturnaround.javarebel.dm
3909:             1             16  com.zeroturnaround.javarebel.dn
3910:             1             16  com.zeroturnaround.javarebel.dq
3911:             1             16  com.zeroturnaround.javarebel.du
3912:             1             16  com.zeroturnaround.javarebel.dv
3913:             1             16  com.zeroturnaround.javarebel.dw
3914:             1             16  com.zeroturnaround.javarebel.ea
3915:             1             16  com.zeroturnaround.javarebel.ed
3916:             1             16  com.zeroturnaround.javarebel.ee
3917:             1             16  com.zeroturnaround.javarebel.ef
3918:             1             16  com.zeroturnaround.javarebel.eh
3919:             1             16  com.zeroturnaround.javarebel.ek
3920:             1             16  com.zeroturnaround.javarebel.em
3921:             1             16  com.zeroturnaround.javarebel.en
3922:             1             16  com.zeroturnaround.javarebel.er
3923:             1             16  com.zeroturnaround.javarebel.et
3924:             1             16  com.zeroturnaround.javarebel.ev
3925:             1             16  com.zeroturnaround.javarebel.fa
3926:             1             16  com.zeroturnaround.javarebel.fcb
3927:             1             16  com.zeroturnaround.javarebel.fcs
3928:             1             16  com.zeroturnaround.javarebel.fn
3929:             1             16  com.zeroturnaround.javarebel.ft
3930:             1             16  com.zeroturnaround.javarebel.ggf
3931:             1             16  com.zeroturnaround.javarebel.ghh
3932:             1             16  com.zeroturnaround.javarebel.ghi
3933:             1             16  com.zeroturnaround.javarebel.ghr
3934:             1             16  com.zeroturnaround.javarebel.ghs
3935:             1             16  com.zeroturnaround.javarebel.gkx
3936:             1             16  com.zeroturnaround.javarebel.gkz
3937:             1             16  com.zeroturnaround.javarebel.gld
3938:             1             16  com.zeroturnaround.javarebel.gle
3939:             1             16  com.zeroturnaround.javarebel.glf
3940:             1             16  com.zeroturnaround.javarebel.glg
3941:             1             16  com.zeroturnaround.javarebel.glh
3942:             1             16  com.zeroturnaround.javarebel.glk
3943:             1             16  com.zeroturnaround.javarebel.gln
3944:             1             16  com.zeroturnaround.javarebel.glx
3945:             1             16  com.zeroturnaround.javarebel.gpv
3946:             1             16  com.zeroturnaround.javarebel.gpw
3947:             1             16  com.zeroturnaround.javarebel.gpx
3948:             1             16  com.zeroturnaround.javarebel.gpy
3949:             1             16  com.zeroturnaround.javarebel.gpz
3950:             1             16  com.zeroturnaround.javarebel.gqa
3951:             1             16  com.zeroturnaround.javarebel.gqb
3952:             1             16  com.zeroturnaround.javarebel.gqh
3953:             1             16  com.zeroturnaround.javarebel.gqi
3954:             1             16  com.zeroturnaround.javarebel.gqj
3955:             1             16  com.zeroturnaround.javarebel.gqk
3956:             1             16  com.zeroturnaround.javarebel.gqm
3957:             1             16  com.zeroturnaround.javarebel.gqo
3958:             1             16  com.zeroturnaround.javarebel.gqp
3959:             1             16  com.zeroturnaround.javarebel.gqq
3960:             1             16  com.zeroturnaround.javarebel.gqs
3961:             1             16  com.zeroturnaround.javarebel.gqv
3962:             1             16  com.zeroturnaround.javarebel.gqx
3963:             1             16  com.zeroturnaround.javarebel.gqy
3964:             1             16  com.zeroturnaround.javarebel.gqz
3965:             1             16  com.zeroturnaround.javarebel.gra
3966:             1             16  com.zeroturnaround.javarebel.grb
3967:             1             16  com.zeroturnaround.javarebel.grc
3968:             1             16  com.zeroturnaround.javarebel.grd
3969:             1             16  com.zeroturnaround.javarebel.grg
3970:             1             16  com.zeroturnaround.javarebel.grk
3971:             1             16  com.zeroturnaround.javarebel.grn
3972:             1             16  com.zeroturnaround.javarebel.grp
3973:             1             16  com.zeroturnaround.javarebel.grr
3974:             1             16  com.zeroturnaround.javarebel.grs
3975:             1             16  com.zeroturnaround.javarebel.grv
3976:             1             16  com.zeroturnaround.javarebel.gtj
3977:             1             16  com.zeroturnaround.javarebel.gtk
3978:             1             16  com.zeroturnaround.javarebel.gtz
3979:             1             16  com.zeroturnaround.javarebel.gub
3980:             1             16  com.zeroturnaround.javarebel.guice.GuicePlugin
3981:             1             16  com.zeroturnaround.javarebel.gwd
3982:             1             16  com.zeroturnaround.javarebel.gye
3983:             1             16  com.zeroturnaround.javarebel.gyg
3984:             1             16  com.zeroturnaround.javarebel.gyh
3985:             1             16  com.zeroturnaround.javarebel.gyk
3986:             1             16  com.zeroturnaround.javarebel.had
3987:             1             16  com.zeroturnaround.javarebel.hn
3988:             1             16  com.zeroturnaround.javarebel.ho
3989:             1             16  com.zeroturnaround.javarebel.hu
3990:             1             16  com.zeroturnaround.javarebel.hv
3991:             1             16  com.zeroturnaround.javarebel.hw
3992:             1             16  com.zeroturnaround.javarebel.ih
3993:             1             16  com.zeroturnaround.javarebel.ii
3994:             1             16  com.zeroturnaround.javarebel.ij
3995:             1             16  com.zeroturnaround.javarebel.ik
3996:             1             16  com.zeroturnaround.javarebel.il
3997:             1             16  com.zeroturnaround.javarebel.internalsdk.ClassBytecodeProcessorIntegrationImpl
3998:             1             16  com.zeroturnaround.javarebel.internalsdk.PluginIntegrationImpl
3999:             1             16  com.zeroturnaround.javarebel.internalsdk.ServletContextIntegrationImpl
4000:             1             16  com.zeroturnaround.javarebel.iu
4001:             1             16  com.zeroturnaround.javarebel.ix
4002:             1             16  com.zeroturnaround.javarebel.iz
4003:             1             16  com.zeroturnaround.javarebel.jf
4004:             1             16  com.zeroturnaround.javarebel.ji
4005:             1             16  com.zeroturnaround.javarebel.jl
4006:             1             16  com.zeroturnaround.javarebel.jn
4007:             1             16  com.zeroturnaround.javarebel.jo
4008:             1             16  com.zeroturnaround.javarebel.js
4009:             1             16  com.zeroturnaround.javarebel.jt
4010:             1             16  com.zeroturnaround.javarebel.kh
4011:             1             16  com.zeroturnaround.javarebel.ll
4012:             1             16  com.zeroturnaround.javarebel.mi
4013:             1             16  com.zeroturnaround.javarebel.ms
4014:             1             16  com.zeroturnaround.javarebel.mu
4015:             1             16  com.zeroturnaround.javarebel.mx
4016:             1             16  com.zeroturnaround.javarebel.n
4017:             1             16  com.zeroturnaround.javarebel.nk
4018:             1             16  com.zeroturnaround.javarebel.nl
4019:             1             16  com.zeroturnaround.javarebel.nm
4020:             1             16  com.zeroturnaround.javarebel.os
4021:             1             16  com.zeroturnaround.javarebel.ot
4022:             1             16  com.zeroturnaround.javarebel.pc
4023:             1             16  com.zeroturnaround.javarebel.pf
4024:             1             16  com.zeroturnaround.javarebel.pj
4025:             1             16  com.zeroturnaround.javarebel.pn
4026:             1             16  com.zeroturnaround.javarebel.pz
4027:             1             16  com.zeroturnaround.javarebel.rn
4028:             1             16  com.zeroturnaround.javarebel.tg
4029:             1             16  com.zeroturnaround.javarebel.th
4030:             1             16  com.zeroturnaround.javarebel.tk
4031:             1             16  com.zeroturnaround.javarebel.tl
4032:             1             16  com.zeroturnaround.javarebel.ud
4033:             1             16  com.zeroturnaround.javarebel.us
4034:             1             16  com.zeroturnaround.javarebel.uz
4035:             1             16  com.zeroturnaround.javarebel.vc
4036:             1             16  com.zeroturnaround.javarebel.vd
4037:             1             16  com.zeroturnaround.javarebel.ve
4038:             1             16  com.zeroturnaround.javarebel.vp
4039:             1             16  com.zeroturnaround.javarebel.vq
4040:             1             16  com.zeroturnaround.javarebel.vr
4041:             1             16  com.zeroturnaround.javarebel.w
4042:             1             16  com.zeroturnaround.javarebel.wc
4043:             1             16  com.zeroturnaround.javarebel.wh
4044:             1             16  com.zeroturnaround.javarebel.wm
4045:             1             16  com.zeroturnaround.javarebel.wn
4046:             1             16  com.zeroturnaround.javarebel.wo
4047:             1             16  com.zeroturnaround.javarebel.wp
4048:             1             16  com.zeroturnaround.javarebel.wr
4049:             1             16  com.zeroturnaround.javarebel.wt
4050:             1             16  com.zeroturnaround.javarebel.wv
4051:             1             16  com.zeroturnaround.javarebel.wy
4052:             1             16  com.zeroturnaround.javarebel.wz
4053:             1             16  com.zeroturnaround.javarebel.xd
4054:             1             16  com.zeroturnaround.javarebel.xe
4055:             1             16  com.zeroturnaround.javarebel.xf
4056:             1             16  com.zeroturnaround.javarebel.xg
4057:             1             16  com.zeroturnaround.javarebel.xl
4058:             1             16  com.zeroturnaround.javarebel.xq
4059:             1             16  com.zeroturnaround.javarebel.xt
4060:             1             16  com.zeroturnaround.javarebel.xx
4061:             1             16  com.zeroturnaround.javarebel.yi
4062:             1             16  com.zeroturnaround.javarebel.yk
4063:             1             16  com.zeroturnaround.javarebel.zc
4064:             1             16  com.zeroturnaround.javarebel.zt
4065:             1             16  com.zeroturnaround.jrebel.bundled.org.bouncycastle.jcajce.provider.asymmetric.dsa.KeyFactorySpi
4066:             1             16  com.zeroturnaround.jrebel.bundled.org.bouncycastle.jcajce.provider.asymmetric.elgamal.KeyFactorySpi
4067:             1             16  com.zeroturnaround.jrebel.bundled.org.bouncycastle.jcajce.provider.asymmetric.gost.KeyFactorySpi
4068:             1             16  com.zeroturnaround.jrebel.bundled.org.bouncycastle.jcajce.provider.asymmetric.rsa.KeyFactorySpi
4069:             1             16  com.zeroturnaround.jrebel.bundled.org.slf4j.helpers.NOPLoggerFactory
4070:             1             16  com.zeroturnaround.jrebel.bundled.org.slf4j.helpers.SubstituteLoggerFactory
4071:             1             16  com.zeroturnaround.jrebel.bundled.org.slf4j.impl.StaticLoggerBinder
4072:             1             16  com.zeroturnaround.jrebelbase.facade.as
4073:             1             16  com.zeroturnaround.jrebelbase.facade.s
4074:             1             16  com.zeroturnaround.jrebelbase.reorder.c
4075:             1             16  com.zeroturnaround.licensing.d
4076:             1             16  com.zeroturnaround.reload.ac
4077:             1             16  com.zeroturnaround.reload.af
4078:             1             16  com.zeroturnaround.reload.al
4079:             1             16  com.zeroturnaround.reload.c
4080:             1             16  com.zeroturnaround.reload.i
4081:             1             16  com.zeroturnaround.reload.v
4082:             1             16  java.io.DeleteOnExitHook$1
4083:             1             16  java.io.FileDescriptor$1
4084:             1             16  java.io.ObjectInputStream$$Lambda$7/205494827
4085:             1             16  java.io.ObjectInputStream$1
4086:             1             16  java.lang.ApplicationShutdownHooks$1
4087:             1             16  java.lang.CharacterData00
4088:             1             16  java.lang.CharacterDataLatin1
4089:             1             16  java.lang.InheritableThreadLocal
4090:             1             16  java.lang.ProcessEnvironment$CheckedEntrySet
4091:             1             16  java.lang.ProcessEnvironment$CheckedKeySet
4092:             1             16  java.lang.ProcessEnvironment$EntryComparator
4093:             1             16  java.lang.ProcessEnvironment$NameComparator
4094:             1             16  java.lang.Runtime
4095:             1             16  java.lang.String$CaseInsensitiveComparator
4096:             1             16  java.lang.System$2
4097:             1             16  java.lang.Terminator$1
4098:             1             16  java.lang.invoke.MemberName$Factory
4099:             1             16  java.lang.invoke.MethodHandleImpl$2
4100:             1             16  java.lang.invoke.MethodHandleImpl$3
4101:             1             16  java.lang.management.PlatformComponent$1
4102:             1             16  java.lang.management.PlatformComponent$10
4103:             1             16  java.lang.management.PlatformComponent$11
4104:             1             16  java.lang.management.PlatformComponent$12
4105:             1             16  java.lang.management.PlatformComponent$13
4106:             1             16  java.lang.management.PlatformComponent$14
4107:             1             16  java.lang.management.PlatformComponent$15
4108:             1             16  java.lang.management.PlatformComponent$2
4109:             1             16  java.lang.management.PlatformComponent$3
4110:             1             16  java.lang.management.PlatformComponent$4
4111:             1             16  java.lang.management.PlatformComponent$5
4112:             1             16  java.lang.management.PlatformComponent$6
4113:             1             16  java.lang.management.PlatformComponent$7
4114:             1             16  java.lang.management.PlatformComponent$8
4115:             1             16  java.lang.management.PlatformComponent$9
4116:             1             16  java.lang.ref.Reference$1
4117:             1             16  java.lang.ref.Reference$Lock
4118:             1             16  java.lang.reflect.Proxy$KeyFactory
4119:             1             16  java.lang.reflect.Proxy$ProxyClassFactory
4120:             1             16  java.lang.reflect.ReflectAccess
4121:             1             16  java.math.BigDecimal$1
4122:             1             16  java.net.InetAddress$2
4123:             1             16  java.net.URLClassLoader$7
4124:             1             16  java.nio.Bits$1
4125:             1             16  java.nio.Bits$1$1
4126:             1             16  java.nio.charset.CoderResult$1
4127:             1             16  java.nio.charset.CoderResult$2
4128:             1             16  java.nio.file.Files$AcceptAllFilter
4129:             1             16  java.rmi.server.RMIClassLoader$2
4130:             1             16  java.rmi.server.RemoteObjectInvocationHandler$MethodToHash_Maps
4131:             1             16  java.security.AllPermission
4132:             1             16  java.security.ProtectionDomain$2
4133:             1             16  java.security.ProtectionDomain$JavaSecurityAccessImpl
4134:             1             16  java.text.DontCareFieldPosition$1
4135:             1             16  java.text.MessageFormat$Field
4136:             1             16  java.time.chrono.AbstractChronology$$Lambda$25/337289991
4137:             1             16  java.time.chrono.AbstractChronology$$Lambda$26/1875861984
4138:             1             16  java.time.chrono.AbstractChronology$$Lambda$27/1086540234
4139:             1             16  java.time.chrono.IsoChronology
4140:             1             16  java.time.format.DateTimeFormatter$$Lambda$28/1166969089
4141:             1             16  java.time.format.DateTimeFormatter$$Lambda$29/129012602
4142:             1             16  java.time.format.DateTimeFormatterBuilder$$Lambda$24/1166782206
4143:             1             16  java.time.format.DateTimeFormatterBuilder$2
4144:             1             16  java.time.format.DateTimeFormatterBuilder$InstantPrinterParser
4145:             1             16  java.time.format.DateTimeTextProvider$1
4146:             1             16  java.time.temporal.TemporalQueries$$Lambda$449/1566314202
4147:             1             16  java.time.temporal.TemporalQueries$$Lambda$450/904729801
4148:             1             16  java.time.temporal.TemporalQueries$$Lambda$451/1707416509
4149:             1             16  java.time.temporal.TemporalQueries$$Lambda$452/1078041182
4150:             1             16  java.time.temporal.TemporalQueries$$Lambda$453/259627273
4151:             1             16  java.time.temporal.TemporalQueries$$Lambda$454/1110205352
4152:             1             16  java.time.temporal.TemporalQueries$$Lambda$455/1672075530
4153:             1             16  java.util.Collections$EmptyEnumeration
4154:             1             16  java.util.Collections$EmptyIterator
4155:             1             16  java.util.Collections$EmptyList
4156:             1             16  java.util.Collections$EmptySet
4157:             1             16  java.util.Collections$ReverseComparator
4158:             1             16  java.util.Currency$CurrencyNameGetter
4159:             1             16  java.util.EnumMap$1
4160:             1             16  java.util.EnumMap$Values
4161:             1             16  java.util.IdentityHashMap$EntrySet
4162:             1             16  java.util.IdentityHashMap$Values
4163:             1             16  java.util.ResourceBundle$Control
4164:             1             16  java.util.Spliterators$EmptySpliterator$OfDouble
4165:             1             16  java.util.Spliterators$EmptySpliterator$OfInt
4166:             1             16  java.util.Spliterators$EmptySpliterator$OfLong
4167:             1             16  java.util.Spliterators$EmptySpliterator$OfRef
4168:             1             16  java.util.concurrent.ConcurrentSkipListSet
4169:             1             16  java.util.concurrent.Executors$FinalizableDelegatedExecutorService
4170:             1             16  java.util.jar.JavaUtilJarAccessImpl
4171:             1             16  java.util.logging.LoggingProxyImpl
4172:             1             16  java.util.logging.SimpleFormatter
4173:             1             16  java.util.regex.Pattern$4
4174:             1             16  java.util.regex.Pattern$CharPropertyNames$10
4175:             1             16  java.util.regex.Pattern$CharPropertyNames$11
4176:             1             16  java.util.regex.Pattern$CharPropertyNames$12
4177:             1             16  java.util.regex.Pattern$CharPropertyNames$13
4178:             1             16  java.util.regex.Pattern$CharPropertyNames$14
4179:             1             16  java.util.regex.Pattern$CharPropertyNames$15
4180:             1             16  java.util.regex.Pattern$CharPropertyNames$16
4181:             1             16  java.util.regex.Pattern$CharPropertyNames$17
4182:             1             16  java.util.regex.Pattern$CharPropertyNames$18
4183:             1             16  java.util.regex.Pattern$CharPropertyNames$19
4184:             1             16  java.util.regex.Pattern$CharPropertyNames$20
4185:             1             16  java.util.regex.Pattern$CharPropertyNames$21
4186:             1             16  java.util.regex.Pattern$CharPropertyNames$22
4187:             1             16  java.util.regex.Pattern$CharPropertyNames$23
4188:             1             16  java.util.regex.Pattern$CharPropertyNames$5
4189:             1             16  java.util.regex.Pattern$CharPropertyNames$6
4190:             1             16  java.util.regex.Pattern$CharPropertyNames$7
4191:             1             16  java.util.regex.Pattern$CharPropertyNames$8
4192:             1             16  java.util.regex.Pattern$CharPropertyNames$9
4193:             1             16  java.util.regex.Pattern$LastNode
4194:             1             16  java.util.regex.Pattern$Node
4195:             1             16  java.util.stream.Collectors$$Lambda$158/1675122956
4196:             1             16  java.util.stream.Collectors$$Lambda$159/293338808
4197:             1             16  java.util.stream.Collectors$$Lambda$35/1916575798
4198:             1             16  java.util.stream.Collectors$$Lambda$36/685558284
4199:             1             16  java.util.stream.Collectors$$Lambda$37/79782883
4200:             1             16  java.util.stream.Collectors$$Lambda$38/1250121181
4201:             1             16  java.util.stream.Collectors$$Lambda$430/1801319187
4202:             1             16  java.util.stream.Collectors$$Lambda$431/443215084
4203:             1             16  java.util.stream.Collectors$$Lambda$432/1368955671
4204:             1             16  java.util.stream.Collectors$$Lambda$59/1002535454
4205:             1             16  java.util.stream.Collectors$$Lambda$60/2056072640
4206:             1             16  java.util.stream.Collectors$$Lambda$61/882600762
4207:             1             16  java.util.stream.Collectors$$Lambda$84/311834717
4208:             1             16  java.util.stream.FindOps$$Lambda$18/1421866327
4209:             1             16  java.util.stream.FindOps$$Lambda$19/1526970878
4210:             1             16  java.util.stream.Nodes$EmptyNode$OfDouble
4211:             1             16  java.util.stream.Nodes$EmptyNode$OfInt
4212:             1             16  java.util.stream.Nodes$EmptyNode$OfLong
4213:             1             16  java.util.stream.Nodes$EmptyNode$OfRef
4214:             1             16  java.util.zip.ZipFile$1
4215:             1             16  javax.crypto.JceSecurityManager
4216:             1             16  javax.management.JMX
4217:             1             16  javax.management.MBeanServerBuilder
4218:             1             16  javax.management.NotificationBroadcasterSupport$1
4219:             1             16  javax.net.DefaultSocketFactory
4220:             1             16  javax.validation.Validation$DefaultValidationProviderResolver
4221:             1             16  javax.validation.Validation$GetValidationProviderListAction
4222:             1             16  javax.xml.parsers.SecuritySupport
4223:             1             16  javax.xml.transform.SecuritySupport
4224:             1             16  org.apache.catalina.connector.CoyoteAdapter$1
4225:             1             16  org.apache.catalina.connector.Request$1
4226:             1             16  org.apache.catalina.connector.Request$2
4227:             1             16  org.apache.catalina.connector.Request$3
4228:             1             16  org.apache.catalina.connector.Request$4
4229:             1             16  org.apache.catalina.connector.Request$5
4230:             1             16  org.apache.catalina.connector.Request$6
4231:             1             16  org.apache.catalina.connector.Request$7
4232:             1             16  org.apache.catalina.core.AprLifecycleListener
4233:             1             16  org.apache.catalina.core.ContainerBase$ContainerBackgroundProcessor
4234:             1             16  org.apache.catalina.core.StandardContext$1
4235:             1             16  org.apache.catalina.core.StandardHost$MemoryLeakTrackingListener
4236:             1             16  org.apache.catalina.mbeans.MBeanFactory
4237:             1             16  org.apache.catalina.realm.X509SubjectDnRetriever
4238:             1             16  org.apache.catalina.startup.Tomcat$FixContextListener
4239:             1             16  org.apache.catalina.util.CharsetMapper
4240:             1             16  org.apache.commons.logging.impl.NoOpLog
4241:             1             16  org.apache.el.ExpressionFactoryImpl
4242:             1             16  org.apache.juli.logging.LogFactory
4243:             1             16  org.apache.logging.log4j.message.ParameterizedNoReferenceMessageFactory
4244:             1             16  org.apache.logging.log4j.message.ReusableMessageFactory
4245:             1             16  org.apache.logging.log4j.spi.LoggerRegistry$ConcurrentMapFactory
4246:             1             16  org.apache.logging.log4j.util.LoaderUtil$ThreadContextClassLoaderGetter
4247:             1             16  org.apache.logging.log4j.util.ProviderUtil
4248:             1             16  org.apache.logging.slf4j.SLF4JLoggerContext
4249:             1             16  org.apache.logging.slf4j.SLF4JLoggerContextFactory
4250:             1             16  org.apache.tomcat.util.buf.MessageBytes$MessageBytesFactory
4251:             1             16  org.apache.tomcat.util.buf.StringCache
4252:             1             16  org.apache.tomcat.util.digester.Digester$SystemPropertySource
4253:             1             16  org.apache.tomcat.util.http.CookieProcessorBase$1
4254:             1             16  org.apache.tomcat.util.http.Rfc6265CookieProcessor
4255:             1             16  org.apache.tomcat.util.http.parser.MediaTypeCache
4256:             1             16  org.apache.tomcat.util.modeler.ManagedBean$$Lambda$144/1097037264
4257:             1             16  org.apache.tomcat.util.net.SocketWrapperBase$1
4258:             1             16  org.apache.tomcat.util.net.SocketWrapperBase$2
4259:             1             16  org.apache.tomcat.util.net.SocketWrapperBase$3
4260:             1             16  org.apache.tomcat.util.threads.ThreadPoolExecutor$RejectHandler
4261:             1             16  org.apache.tomcat.websocket.TransformationFactory
4262:             1             16  org.apache.tomcat.websocket.server.DefaultServerEndpointConfigurator
4263:             1             16  org.apache.tomcat.websocket.server.WsContextListener
4264:             1             16  org.apache.tomcat.websocket.server.WsSessionListener
4265:             1             16  org.apache.tomcat.websocket.server.WsWriteTimeout$EndpointComparator
4266:             1             16  org.hibernate.validator.HibernateValidator
4267:             1             16  org.hibernate.validator.internal.engine.ConfigurationImpl$$Lambda$57/1616232890
4268:             1             16  org.hibernate.validator.internal.engine.DefaultClockProvider
4269:             1             16  org.hibernate.validator.internal.engine.DefaultParameterNameProvider
4270:             1             16  org.hibernate.validator.internal.engine.MethodValidationConfiguration$Builder
4271:             1             16  org.hibernate.validator.internal.engine.constraintvalidation.ConstraintValidatorFactoryImpl
4272:             1             16  org.hibernate.validator.internal.engine.constraintvalidation.ConstraintValidatorManager$1
4273:             1             16  org.hibernate.validator.internal.engine.groups.ValidationOrderGenerator
4274:             1             16  org.hibernate.validator.internal.engine.resolver.TraverseAllTraversableResolver
4275:             1             16  org.hibernate.validator.internal.engine.valueextraction.AnnotatedObject
4276:             1             16  org.hibernate.validator.internal.engine.valueextraction.BooleanArrayValueExtractor
4277:             1             16  org.hibernate.validator.internal.engine.valueextraction.ByteArrayValueExtractor
4278:             1             16  org.hibernate.validator.internal.engine.valueextraction.CharArrayValueExtractor
4279:             1             16  org.hibernate.validator.internal.engine.valueextraction.DoubleArrayValueExtractor
4280:             1             16  org.hibernate.validator.internal.engine.valueextraction.FloatArrayValueExtractor
4281:             1             16  org.hibernate.validator.internal.engine.valueextraction.IntArrayValueExtractor
4282:             1             16  org.hibernate.validator.internal.engine.valueextraction.IterableValueExtractor
4283:             1             16  org.hibernate.validator.internal.engine.valueextraction.ListPropertyValueExtractor
4284:             1             16  org.hibernate.validator.internal.engine.valueextraction.ListValueExtractor
4285:             1             16  org.hibernate.validator.internal.engine.valueextraction.LongArrayValueExtractor
4286:             1             16  org.hibernate.validator.internal.engine.valueextraction.MapKeyExtractor
4287:             1             16  org.hibernate.validator.internal.engine.valueextraction.MapPropertyKeyExtractor
4288:             1             16  org.hibernate.validator.internal.engine.valueextraction.MapPropertyValueExtractor
4289:             1             16  org.hibernate.validator.internal.engine.valueextraction.MapValueExtractor
4290:             1             16  org.hibernate.validator.internal.engine.valueextraction.ObjectArrayValueExtractor
4291:             1             16  org.hibernate.validator.internal.engine.valueextraction.ObservableValueValueExtractor
4292:             1             16  org.hibernate.validator.internal.engine.valueextraction.OptionalDoubleValueExtractor
4293:             1             16  org.hibernate.validator.internal.engine.valueextraction.OptionalIntValueExtractor
4294:             1             16  org.hibernate.validator.internal.engine.valueextraction.OptionalLongValueExtractor
4295:             1             16  org.hibernate.validator.internal.engine.valueextraction.OptionalValueExtractor
4296:             1             16  org.hibernate.validator.internal.engine.valueextraction.ReadOnlyListPropertyValueExtractor
4297:             1             16  org.hibernate.validator.internal.engine.valueextraction.ReadOnlyMapPropertyKeyExtractor
4298:             1             16  org.hibernate.validator.internal.engine.valueextraction.ReadOnlyMapPropertyValueExtractor
4299:             1             16  org.hibernate.validator.internal.engine.valueextraction.ReadOnlySetPropertyValueExtractor
4300:             1             16  org.hibernate.validator.internal.engine.valueextraction.SetPropertyValueExtractor
4301:             1             16  org.hibernate.validator.internal.engine.valueextraction.ShortArrayValueExtractor
4302:             1             16  org.hibernate.validator.internal.metadata.aggregated.rule.OverridingMethodMustNotAlterParameterConstraints
4303:             1             16  org.hibernate.validator.internal.metadata.aggregated.rule.ParallelMethodsMustNotDefineGroupConversionForCascadedReturnValue
4304:             1             16  org.hibernate.validator.internal.metadata.aggregated.rule.ParallelMethodsMustNotDefineParameterConstraints
4305:             1             16  org.hibernate.validator.internal.metadata.aggregated.rule.ReturnValueMayOnlyBeMarkedOnceAsCascadedPerHierarchyLine
4306:             1             16  org.hibernate.validator.internal.metadata.aggregated.rule.VoidMethodsMustNotBeReturnValueConstrained
4307:             1             16  org.hibernate.validator.internal.metadata.core.ConstraintHelper$ValidatorDescriptorMap
4308:             1             16  org.hibernate.validator.internal.metadata.provider.AnnotationMetaDataProvider$$Lambda$83/2029370043
4309:             1             16  org.hibernate.validator.internal.util.ExecutableHelper
4310:             1             16  org.hibernate.validator.internal.util.ExecutableParameterNameProvider
4311:             1             16  org.hibernate.validator.internal.util.TypeResolutionHelper
4312:             1             16  org.hibernate.validator.internal.util.logging.Messages_$bundle
4313:             1             16  org.hibernate.validator.resourceloading.PlatformResourceBundleLocator$AggregateResourceBundleControl
4314:             1             16  org.jboss.logging.Log4j2LoggerProvider
4315:             1             16  org.slf4j.helpers.NOPLoggerFactory
4316:             1             16  org.slf4j.impl.StaticMDCBinder
4317:             1             16  org.springframework.aop.Advisor$1
4318:             1             16  org.springframework.aop.TrueClassFilter
4319:             1             16  org.springframework.aop.TrueMethodMatcher
4320:             1             16  org.springframework.aop.TruePointcut
4321:             1             16  org.springframework.aop.framework.DefaultAdvisorChainFactory
4322:             1             16  org.springframework.aop.framework.DefaultAopProxyFactory
4323:             1             16  org.springframework.aop.framework.adapter.AfterReturningAdviceAdapter
4324:             1             16  org.springframework.aop.framework.adapter.DefaultAdvisorAdapterRegistry
4325:             1             16  org.springframework.aop.framework.adapter.MethodBeforeAdviceAdapter
4326:             1             16  org.springframework.aop.framework.adapter.ThrowsAdviceAdapter
4327:             1             16  org.springframework.beans.ExtendedBeanInfoFactory
4328:             1             16  org.springframework.beans.JrBeanDisposer
4329:             1             16  org.springframework.beans.JrBeanReloader$3
4330:             1             16  org.springframework.beans.factory.BeanFactoryUtils$$Lambda$112/288306765
4331:             1             16  org.springframework.beans.factory.parsing.FailFastProblemReporter
4332:             1             16  org.springframework.beans.factory.parsing.PassThroughSourceExtractor
4333:             1             16  org.springframework.beans.factory.support.AbstractAutowireCapableBeanFactory$$Lambda$177/371271246
4334:             1             16  org.springframework.beans.factory.support.AutowireUtils$$Lambda$203/1420664825
4335:             1             16  org.springframework.beans.factory.support.AutowireUtils$$Lambda$230/880314240
4336:             1             16  org.springframework.beans.factory.support.CglibSubclassingInstantiationStrategy
4337:             1             16  org.springframework.beans.factory.support.DefaultListableBeanFactory$$Lambda$324/1574206600
4338:             1             16  org.springframework.beans.factory.support.DefaultSingletonBeanRegistry$$Lambda$116/1233327519
4339:             1             16  org.springframework.beans.factory.support.DefaultSingletonBeanRegistry$$Lambda$117/1155769010
4340:             1             16  org.springframework.boot.ClearCachesApplicationListener
4341:             1             16  org.springframework.boot.SpringBootBanner
4342:             1             16  org.springframework.boot.StartupInfoLogger$$Lambda$100/858818438
4343:             1             16  org.springframework.boot.StartupInfoLogger$$Lambda$102/1335503880
4344:             1             16  org.springframework.boot.StartupInfoLogger$$Lambda$94/1097897234
4345:             1             16  org.springframework.boot.StartupInfoLogger$$Lambda$97/1107530534
4346:             1             16  org.springframework.boot.admin.SpringApplicationAdminMXBeanRegistrar$SpringApplicationAdmin
4347:             1             16  org.springframework.boot.autoconfigure.AutoConfigurationImportSelector$$Lambda$151/1585853402
4348:             1             16  org.springframework.boot.autoconfigure.AutoConfigurationImportSelector$AutoConfigurationGroup$$Lambda$153/1333404258
4349:             1             16  org.springframework.boot.autoconfigure.AutoConfigurationImportSelector$AutoConfigurationGroup$$Lambda$154/1247247257
4350:             1             16  org.springframework.boot.autoconfigure.AutoConfigurationImportSelector$AutoConfigurationGroup$$Lambda$155/1141049797
4351:             1             16  org.springframework.boot.autoconfigure.AutoConfigurationImportSelector$AutoConfigurationGroup$$Lambda$156/1355039397
4352:             1             16  org.springframework.boot.autoconfigure.AutoConfigurationImportSelector$AutoConfigurationGroup$$Lambda$157/1070146065
4353:             1             16  org.springframework.boot.autoconfigure.BackgroundPreinitializer
4354:             1             16  org.springframework.boot.autoconfigure.SharedMetadataReaderFactoryContextInitializer
4355:             1             16  org.springframework.boot.autoconfigure.SharedMetadataReaderFactoryContextInitializer$CachingMetadataReaderFactoryPostProcessor
4356:             1             16  org.springframework.boot.autoconfigure.SharedMetadataReaderFactoryContextInitializer$CachingMetadataReaderFactoryPostProcessor$$Lambda$110/1423768154
4357:             1             16  org.springframework.boot.autoconfigure.SharedMetadataReaderFactoryContextInitializer$SharedMetadataReaderFactoryBean
4358:             1             16  org.springframework.boot.autoconfigure.condition.BeanTypeRegistry$$Lambda$174/855715439
4359:             1             16  org.springframework.boot.autoconfigure.condition.BeanTypeRegistry$$Lambda$183/1014923261
4360:             1             16  org.springframework.boot.autoconfigure.condition.BeanTypeRegistry$$Lambda$184/1171425975
4361:             1             16  org.springframework.boot.autoconfigure.condition.ConditionEvaluationReport$AncestorsMatchedCondition
4362:             1             16  org.springframework.boot.autoconfigure.condition.OnBeanCondition$BeanSearchSpec$$Lambda$171/682846231
4363:             1             16  org.springframework.boot.autoconfigure.condition.OnBeanCondition$BeanSearchSpec$$Lambda$173/1019854313
4364:             1             16  org.springframework.boot.autoconfigure.context.MessageSourceAutoConfiguration$ResourceBundleCondition
4365:             1             16  org.springframework.boot.autoconfigure.http.HttpMessageConverters
4366:             1             16  org.springframework.boot.autoconfigure.http.codec.CodecsAutoConfiguration$JacksonCodecConfiguration$$Lambda$407/42506186
4367:             1             16  org.springframework.boot.autoconfigure.http.codec.CodecsAutoConfiguration$LoggingCodecConfiguration$$Lambda$406/2220012
4368:             1             16  org.springframework.boot.autoconfigure.jdbc.DataSourceBeanCreationFailureAnalyzer
4369:             1             16  org.springframework.boot.autoconfigure.jdbc.DataSourceConfiguration$Hikari
4370:             1             16  org.springframework.boot.autoconfigure.jdbc.DataSourceInitializerPostProcessor
4371:             1             16  org.springframework.boot.autoconfigure.jdbc.HikariDriverConfigurationFailureAnalyzer
4372:             1             16  org.springframework.boot.autoconfigure.jdbc.JdbcProperties
4373:             1             16  org.springframework.boot.autoconfigure.jdbc.metadata.DataSourcePoolMetadataProvidersConfiguration$HikariPoolDataSourceMetadataProviderConfiguration$$Lambda$405/1913495957
4374:             1             16  org.springframework.boot.autoconfigure.logging.ConditionEvaluationReportLoggingListener$ConditionEvaluationReportListener
4375:             1             16  org.springframework.boot.autoconfigure.mustache.MustacheTemplateAvailabilityProvider
4376:             1             16  org.springframework.boot.autoconfigure.session.NonUniqueSessionRepositoryFailureAnalyzer
4377:             1             16  org.springframework.boot.autoconfigure.task.TaskSchedulingProperties$Pool
4378:             1             16  org.springframework.boot.autoconfigure.template.TemplateAvailabilityProviders$NoTemplateAvailabilityProvider
4379:             1             16  org.springframework.boot.autoconfigure.thymeleaf.ThymeleafTemplateAvailabilityProvider
4380:             1             16  org.springframework.boot.autoconfigure.transaction.TransactionManagerCustomizers
4381:             1             16  org.springframework.boot.autoconfigure.web.ErrorProperties$Whitelabel
4382:             1             16  org.springframework.boot.autoconfigure.web.OnEnabledResourceChainCondition
4383:             1             16  org.springframework.boot.autoconfigure.web.embedded.TomcatWebServerFactoryCustomizer$$Lambda$264/1730542048
4384:             1             16  org.springframework.boot.autoconfigure.web.embedded.TomcatWebServerFactoryCustomizer$$Lambda$268/1667552329
4385:             1             16  org.springframework.boot.autoconfigure.web.embedded.TomcatWebServerFactoryCustomizer$$Lambda$273/651916608
4386:             1             16  org.springframework.boot.autoconfigure.web.embedded.TomcatWebServerFactoryCustomizer$$Lambda$277/104404643
4387:             1             16  org.springframework.boot.autoconfigure.web.embedded.TomcatWebServerFactoryCustomizer$$Lambda$279/1525361802
4388:             1             16  org.springframework.boot.autoconfigure.web.embedded.TomcatWebServerFactoryCustomizer$$Lambda$283/87816081
4389:             1             16  org.springframework.boot.autoconfigure.web.embedded.TomcatWebServerFactoryCustomizer$$Lambda$285/1598005588
4390:             1             16  org.springframework.boot.autoconfigure.web.embedded.TomcatWebServerFactoryCustomizer$$Lambda$287/1003409618
4391:             1             16  org.springframework.boot.autoconfigure.web.embedded.TomcatWebServerFactoryCustomizer$$Lambda$289/932205110
4392:             1             16  org.springframework.boot.autoconfigure.web.embedded.TomcatWebServerFactoryCustomizer$$Lambda$290/1339765646
4393:             1             16  org.springframework.boot.autoconfigure.web.embedded.TomcatWebServerFactoryCustomizer$$Lambda$292/743571331
4394:             1             16  org.springframework.boot.autoconfigure.web.embedded.TomcatWebServerFactoryCustomizer$$Lambda$294/2089733159
4395:             1             16  org.springframework.boot.autoconfigure.web.embedded.TomcatWebServerFactoryCustomizer$$Lambda$303/464632404
4396:             1             16  org.springframework.boot.autoconfigure.web.embedded.TomcatWebServerFactoryCustomizer$$Lambda$307/668964635
4397:             1             16  org.springframework.boot.autoconfigure.web.embedded.TomcatWebServerFactoryCustomizer$$Lambda$308/909866761
4398:             1             16  org.springframework.boot.autoconfigure.web.servlet.HttpEncodingAutoConfiguration$LocaleCharsetMappingsCustomizer
4399:             1             16  org.springframework.boot.autoconfigure.web.servlet.JspTemplateAvailabilityProvider
4400:             1             16  org.springframework.boot.autoconfigure.web.servlet.ServletWebServerFactoryCustomizer
4401:             1             16  org.springframework.boot.autoconfigure.web.servlet.TomcatServletWebServerFactoryCustomizer
4402:             1             16  org.springframework.boot.autoconfigure.web.servlet.TomcatServletWebServerFactoryCustomizer$$Lambda$260/573032493
4403:             1             16  org.springframework.boot.autoconfigure.web.servlet.WebMvcProperties$Async
4404:             1             16  org.springframework.boot.autoconfigure.web.servlet.WebMvcProperties$Pathmatch
4405:             1             16  org.springframework.boot.autoconfigure.web.servlet.error.ErrorMvcAutoConfiguration$ErrorTemplateMissingCondition
4406:             1             16  org.springframework.boot.autoconfigure.web.servlet.error.ErrorMvcAutoConfiguration$PreserveErrorControllerTargetClassPostProcessor
4407:             1             16  org.springframework.boot.autoconfigure.web.servlet.error.ErrorMvcAutoConfiguration$StaticView
4408:             1             16  org.springframework.boot.autoconfigure.websocket.servlet.TomcatWebSocketServletWebServerCustomizer
4409:             1             16  org.springframework.boot.autoconfigure.websocket.servlet.TomcatWebSocketServletWebServerCustomizer$$Lambda$234/810833183
4410:             1             16  org.springframework.boot.context.ConfigurationWarningsApplicationContextInitializer
4411:             1             16  org.springframework.boot.context.ConfigurationWarningsApplicationContextInitializer$ComponentScanPackageCheck
4412:             1             16  org.springframework.boot.context.ConfigurationWarningsApplicationContextInitializer$ConfigurationWarningsPostProcessor
4413:             1             16  org.springframework.boot.context.ContextIdApplicationContextInitializer
4414:             1             16  org.springframework.boot.context.FileEncodingApplicationListener
4415:             1             16  org.springframework.boot.context.config.AnsiOutputApplicationListener
4416:             1             16  org.springframework.boot.context.config.AnsiOutputApplicationListener$$Lambda$71/1991278377
4417:             1             16  org.springframework.boot.context.config.ConfigFileApplicationListener$Loader$$Lambda$33/711540569
4418:             1             16  org.springframework.boot.context.config.ConfigFileApplicationListener$Loader$$Lambda$40/1816725203
4419:             1             16  org.springframework.boot.context.config.ConfigFileApplicationListener$Loader$$Lambda$50/347978868
4420:             1             16  org.springframework.boot.context.config.ConfigFileApplicationListener$Loader$$Lambda$51/307829448
4421:             1             16  org.springframework.boot.context.config.ConfigFileApplicationListener$Loader$$Lambda$52/1518331471
4422:             1             16  org.springframework.boot.context.config.ConfigFileApplicationListener$Loader$$Lambda$53/459718907
4423:             1             16  org.springframework.boot.context.config.ConfigFileApplicationListener$Loader$$Lambda$55/616674002
4424:             1             16  org.springframework.boot.context.config.DelegatingApplicationContextInitializer
4425:             1             16  org.springframework.boot.context.logging.ClasspathLoggingApplicationListener
4426:             1             16  org.springframework.boot.context.logging.LoggingApplicationListener$$Lambda$80/1117871068
4427:             1             16  org.springframework.boot.context.properties.ConfigurationPropertiesBinder$$Lambda$210/1009342118
4428:             1             16  org.springframework.boot.context.properties.EnableConfigurationPropertiesImportSelector$ConfigurationPropertiesBeanRegistrar$$Lambda$185/1669068412
4429:             1             16  org.springframework.boot.context.properties.EnableConfigurationPropertiesImportSelector$ConfigurationPropertiesBeanRegistrar$$Lambda$186/2072567128
4430:             1             16  org.springframework.boot.context.properties.EnableConfigurationPropertiesImportSelector$ConfigurationPropertiesBeanRegistrar$$Lambda$187/1349649220
4431:             1             16  org.springframework.boot.context.properties.PropertyMapper$$Lambda$235/92373719
4432:             1             16  org.springframework.boot.context.properties.PropertyMapper$Source$$Lambda$238/1777043623
4433:             1             16  org.springframework.boot.context.properties.PropertyMapper$Source$$Lambda$280/157474874
4434:             1             16  org.springframework.boot.context.properties.PropertyMapper$Source$$Lambda$312/793414138
4435:             1             16  org.springframework.boot.context.properties.bind.BindConverter
4436:             1             16  org.springframework.boot.context.properties.bind.BindConverter$CompositeConversionService
4437:             1             16  org.springframework.boot.context.properties.bind.BindConverter$TypeConverterConverter
4438:             1             16  org.springframework.boot.context.properties.bind.BindHandler$1
4439:             1             16  org.springframework.boot.context.properties.bind.BindResult
4440:             1             16  org.springframework.boot.context.properties.bind.Binder$$Lambda$214/1557075266
4441:             1             16  org.springframework.boot.context.properties.bind.JavaBeanBinder
4442:             1             16  org.springframework.boot.context.properties.bind.JavaBeanBinder$Bean$$Lambda$215/1990567985
4443:             1             16  org.springframework.boot.context.properties.bind.JavaBeanBinder$Bean$$Lambda$217/799885067
4444:             1             16  org.springframework.boot.context.properties.bind.JavaBeanBinder$Bean$$Lambda$218/569927998
4445:             1             16  org.springframework.boot.context.properties.bind.PlaceholdersResolver$$Lambda$400/460628066
4446:             1             16  org.springframework.boot.context.properties.source.ConfigurationPropertyName$$Lambda$165/1865370526
4447:             1             16  org.springframework.boot.context.properties.source.ConfigurationPropertyNameAliases$$Lambda$397/142573894
4448:             1             16  org.springframework.boot.context.properties.source.ConfigurationPropertyNameAliases$$Lambda$398/130839597
4449:             1             16  org.springframework.boot.context.properties.source.ConfigurationPropertyNameAliases$$Lambda$403/1164455486
4450:             1             16  org.springframework.boot.context.properties.source.SpringConfigurationPropertySource$$Lambda$46/554348863
4451:             1             16  org.springframework.boot.context.properties.source.SpringConfigurationPropertySource$$Lambda$79/127702987
4452:             1             16  org.springframework.boot.context.properties.source.SystemEnvironmentPropertyMapper
4453:             1             16  org.springframework.boot.context.properties.source.SystemEnvironmentPropertyMapper$$Lambda$77/1245065720
4454:             1             16  org.springframework.boot.convert.CharArrayFormatter
4455:             1             16  org.springframework.boot.convert.DurationStyle$Unit$$Lambda$316/297120242
4456:             1             16  org.springframework.boot.convert.DurationStyle$Unit$$Lambda$317/1300714811
4457:             1             16  org.springframework.boot.convert.DurationStyle$Unit$$Lambda$318/837804180
4458:             1             16  org.springframework.boot.convert.DurationStyle$Unit$$Lambda$319/225049978
4459:             1             16  org.springframework.boot.convert.DurationStyle$Unit$$Lambda$320/1770496243
4460:             1             16  org.springframework.boot.convert.DurationStyle$Unit$$Lambda$321/509480565
4461:             1             16  org.springframework.boot.convert.DurationStyle$Unit$$Lambda$322/1358673514
4462:             1             16  org.springframework.boot.convert.DurationToNumberConverter
4463:             1             16  org.springframework.boot.convert.DurationToStringConverter
4464:             1             16  org.springframework.boot.convert.InetAddressFormatter
4465:             1             16  org.springframework.boot.convert.IsoOffsetFormatter
4466:             1             16  org.springframework.boot.convert.NumberToDataSizeConverter
4467:             1             16  org.springframework.boot.convert.NumberToDurationConverter
4468:             1             16  org.springframework.boot.convert.StringToEnumIgnoringCaseConverterFactory
4469:             1             16  org.springframework.boot.convert.StringToEnumIgnoringCaseConverterFactory$StringToEnum$$Lambda$67/746074699
4470:             1             16  org.springframework.boot.convert.StringToEnumIgnoringCaseConverterFactory$StringToEnum$$Lambda$68/405896924
4471:             1             16  org.springframework.boot.convert.StringToEnumIgnoringCaseConverterFactory$StringToEnum$$Lambda$69/1309335839
4472:             1             16  org.springframework.boot.devtools.autoconfigure.ConditionEvaluationDeltaLoggingListener
4473:             1             16  org.springframework.boot.devtools.autoconfigure.DevToolsDataSourceAutoConfiguration$DevToolsDataSourceCondition
4474:             1             16  org.springframework.boot.devtools.autoconfigure.HateoasObjenesisCacheDisabler
4475:             1             16  org.springframework.boot.devtools.autoconfigure.LocalDevToolsAutoConfiguration$LiveReloadServerEventListener
4476:             1             16  org.springframework.boot.devtools.autoconfigure.LocalDevToolsAutoConfiguration$RestartConfiguration$$Lambda$410/294834677
4477:             1             16  org.springframework.boot.devtools.autoconfigure.OptionalLiveReloadServer
4478:             1             16  org.springframework.boot.devtools.autoconfigure.RemoteDevToolsProperties$Restart
4479:             1             16  org.springframework.boot.devtools.livereload.LiveReloadServer$$Lambda$412/356563238
4480:             1             16  org.springframework.boot.devtools.livereload.LiveReloadServer$WorkerThreadFactory
4481:             1             16  org.springframework.boot.devtools.logger.DevToolsLogFactory$Listener
4482:             1             16  org.springframework.boot.devtools.logger.DevToolsLogFactory$Listener$$Lambda$108/1265012928
4483:             1             16  org.springframework.boot.devtools.restart.OnInitializedRestarterCondition
4484:             1             16  org.springframework.boot.devtools.restart.RestartApplicationListener
4485:             1             16  org.springframework.boot.devtools.restart.RestartScopeInitializer
4486:             1             16  org.springframework.boot.devtools.restart.RestartScopeInitializer$RestartScope
4487:             1             16  org.springframework.boot.devtools.restart.Restarter$LeakSafeThreadFactory
4488:             1             16  org.springframework.boot.devtools.restart.SilentExitExceptionHandler
4489:             1             16  org.springframework.boot.devtools.restart.classloader.ClassLoaderFiles
4490:             1             16  org.springframework.boot.diagnostics.analyzer.BeanCurrentlyInCreationFailureAnalyzer
4491:             1             16  org.springframework.boot.diagnostics.analyzer.BeanDefinitionOverrideFailureAnalyzer
4492:             1             16  org.springframework.boot.diagnostics.analyzer.BeanNotOfRequiredTypeFailureAnalyzer
4493:             1             16  org.springframework.boot.diagnostics.analyzer.BindFailureAnalyzer
4494:             1             16  org.springframework.boot.diagnostics.analyzer.BindValidationFailureAnalyzer
4495:             1             16  org.springframework.boot.diagnostics.analyzer.ConnectorStartFailureAnalyzer
4496:             1             16  org.springframework.boot.diagnostics.analyzer.InvalidConfigurationPropertyNameFailureAnalyzer
4497:             1             16  org.springframework.boot.diagnostics.analyzer.InvalidConfigurationPropertyValueFailureAnalyzer
4498:             1             16  org.springframework.boot.diagnostics.analyzer.NoSuchMethodFailureAnalyzer
4499:             1             16  org.springframework.boot.diagnostics.analyzer.NoUniqueBeanDefinitionFailureAnalyzer
4500:             1             16  org.springframework.boot.diagnostics.analyzer.PortInUseFailureAnalyzer
4501:             1             16  org.springframework.boot.diagnostics.analyzer.UnboundConfigurationPropertyFailureAnalyzer
4502:             1             16  org.springframework.boot.diagnostics.analyzer.ValidationExceptionFailureAnalyzer
4503:             1             16  org.springframework.boot.env.PropertiesPropertySourceLoader
4504:             1             16  org.springframework.boot.env.SpringApplicationJsonEnvironmentPostProcessor$$Lambda$30/1681920301
4505:             1             16  org.springframework.boot.env.SpringApplicationJsonEnvironmentPostProcessor$$Lambda$31/589273327
4506:             1             16  org.springframework.boot.liquibase.LiquibaseServiceLocatorApplicationListener
4507:             1             16  org.springframework.boot.logging.LoggerConfigurationComparator
4508:             1             16  org.springframework.boot.logging.LoggingSystem$$Lambda$21/688005825
4509:             1             16  org.springframework.boot.logging.logback.LogbackLoggingSystem
4510:             1             16  org.springframework.boot.util.LambdaSafe$InvocationResult
4511:             1             16  org.springframework.boot.web.context.ServerPortInfoApplicationContextInitializer
4512:             1             16  org.springframework.boot.web.embedded.tomcat.TomcatEmbeddedContext$$Lambda$423/134653575
4513:             1             16  org.springframework.boot.web.embedded.tomcat.TomcatEmbeddedContext$$Lambda$424/132076376
4514:             1             16  org.springframework.boot.web.embedded.tomcat.TomcatWebServer$$Lambda$428/1944081600
4515:             1             16  org.springframework.boot.web.server.Http2
4516:             1             16  org.springframework.boot.web.servlet.ServletContextInitializerBeans$$Lambda$336/2029095559
4517:             1             16  org.springframework.boot.web.servlet.ServletContextInitializerBeans$$Lambda$337/1409855597
4518:             1             16  org.springframework.boot.web.servlet.context.ServletWebServerApplicationContext$$Lambda$326/546037348
4519:             1             16  org.springframework.boot.web.servlet.error.DefaultErrorAttributes
4520:             1             16  org.springframework.boot.web.servlet.server.AbstractServletWebServerFactory$$Lambda$328/643996026
4521:             1             16  org.springframework.boot.web.servlet.server.AbstractServletWebServerFactory$SessionConfiguringInitializer
4522:             1             16  org.springframework.boot.web.servlet.server.SessionStoreDirectory
4523:             1             16  org.springframework.boot.web.servlet.server.StaticResourceJars
4524:             1             16  org.springframework.cglib.core.AbstractClassGenerator$ClassLoaderData$1
4525:             1             16  org.springframework.cglib.core.AbstractClassGenerator$ClassLoaderData$2
4526:             1             16  org.springframework.cglib.core.AbstractClassGenerator$ClassLoaderData$3
4527:             1             16  org.springframework.cglib.core.DefaultGeneratorStrategy
4528:             1             16  org.springframework.cglib.core.DefaultNamingPolicy
4529:             1             16  org.springframework.cglib.core.KeyFactory$1
4530:             1             16  org.springframework.cglib.core.KeyFactory$2
4531:             1             16  org.springframework.cglib.core.KeyFactory$3
4532:             1             16  org.springframework.cglib.core.KeyFactory$4
4533:             1             16  org.springframework.cglib.core.MethodInfoTransformer
4534:             1             16  org.springframework.cglib.core.SpringNamingPolicy
4535:             1             16  org.springframework.cglib.core.internal.LoadingCache$1
4536:             1             16  org.springframework.cglib.proxy.Enhancer$1
4537:             1             16  org.springframework.cglib.proxy.FixedValueGenerator
4538:             1             16  org.springframework.cglib.proxy.InvocationHandlerGenerator
4539:             1             16  org.springframework.cglib.proxy.LazyLoaderGenerator
4540:             1             16  org.springframework.cglib.proxy.MethodInterceptorGenerator
4541:             1             16  org.springframework.cglib.proxy.MethodInterceptorGenerator$1
4542:             1             16  org.springframework.cglib.proxy.NoOp$1
4543:             1             16  org.springframework.cglib.proxy.NoOpGenerator
4544:             1             16  org.springframework.context.annotation.ConfigurationClassEnhancer$BeanFactoryAwareMethodInterceptor
4545:             1             16  org.springframework.context.annotation.ConfigurationClassEnhancer$BeanMethodInterceptor
4546:             1             16  org.springframework.context.annotation.ConfigurationClassParser$$Lambda$143/1420196421
4547:             1             16  org.springframework.context.annotation.ConfigurationClassPostProcessor$$Lambda$142/1806880779
4548:             1             16  org.springframework.context.annotation.ConfigurationClassPostProcessor$1
4549:             1             16  org.springframework.context.annotation.ConfigurationClassPostProcessor$ImportAwareBeanPostProcessor
4550:             1             16  org.springframework.context.event.DefaultEventListenerFactory
4551:             1             16  org.springframework.context.event.EventListenerMethodProcessor$$Lambda$414/1304217806
4552:             1             16  org.springframework.context.expression.StandardBeanExpressionResolver$1
4553:             1             16  org.springframework.context.index.CandidateComponentsIndexLoader$$Lambda$90/1517640897
4554:             1             16  org.springframework.context.support.LiveBeansView
4555:             1             16  org.springframework.core.$Proxy71
4556:             1             16  org.springframework.core.OrderComparator
4557:             1             16  org.springframework.core.ResolvableType$EmptyType
4558:             1             16  org.springframework.core.annotation.AnnotatedElementUtils$AlwaysTrueBooleanAnnotationProcessor
4559:             1             16  org.springframework.core.annotation.AnnotationAwareOrderComparator
4560:             1             16  org.springframework.core.annotation.AnnotationUtils$$Lambda$14/925308434
4561:             1             16  org.springframework.core.io.DefaultResourceLoader$$Lambda$89/1827171553
4562:             1             16  org.springframework.core.io.support.DefaultPropertySourceFactory
4563:             1             16  org.springframework.core.io.support.PathMatchingResourcePatternResolver$$Lambda$145/440736059
4564:             1             16  org.springframework.core.log.CompositeLog$$Lambda$101/159441867
4565:             1             16  org.springframework.core.log.CompositeLog$$Lambda$103/733812578
4566:             1             16  org.springframework.core.log.CompositeLog$$Lambda$95/452345825
4567:             1             16  org.springframework.core.log.CompositeLog$$Lambda$96/1099723379
4568:             1             16  org.springframework.core.log.CompositeLog$$Lambda$98/1280365600
4569:             1             16  org.springframework.core.log.CompositeLog$$Lambda$99/581097801
4570:             1             16  org.springframework.expression.spel.support.SimpleEvaluationContext$$Lambda$358/702811569
4571:             1             16  org.springframework.http.MediaType$$Lambda$444/1713005215
4572:             1             16  org.springframework.http.MediaType$$Lambda$92/184559443
4573:             1             16  org.springframework.http.MediaType$1
4574:             1             16  org.springframework.http.MediaTypeFactory$$Lambda$461/876245110
4575:             1             16  org.springframework.http.ReadOnlyHttpHeaders$$Lambda$485/311355631
4576:             1             16  org.springframework.http.converter.json.SpringHandlerInstantiator
4577:             1             16  org.springframework.http.converter.xml.Jaxb2RootElementHttpMessageConverter$$Lambda$106/1984318997
4578:             1             16  org.springframework.http.converter.xml.SourceHttpMessageConverter$$Lambda$104/1541164316
4579:             1             16  org.springframework.http.converter.xml.SourceHttpMessageConverter$$Lambda$105/1063789673
4580:             1             16  org.springframework.jdbc.config.SortedResourcesFactoryBean$$Lambda$404/1511787468
4581:             1             16  org.springframework.messaging.converter.CompositeMessageConverter
4582:             1             16  org.springframework.messaging.converter.SimpleMessageConverter
4583:             1             16  org.springframework.messaging.handler.annotation.support.AnnotationExceptionHandlerMethodResolver$$Lambda$354/1779936135
4584:             1             16  org.springframework.messaging.handler.annotation.support.HeadersMethodArgumentResolver
4585:             1             16  org.springframework.messaging.handler.annotation.support.MessageMethodArgumentResolver
4586:             1             16  org.springframework.messaging.handler.invocation.CompletableFutureReturnValueHandler
4587:             1             16  org.springframework.messaging.handler.invocation.ListenableFutureReturnValueHandler
4588:             1             16  org.springframework.messaging.handler.invocation.ReactiveReturnValueHandler
4589:             1             16  org.springframework.messaging.simp.SimpAttributes$$Lambda$479/1379022729
4590:             1             16  org.springframework.messaging.simp.SimpSessionScope
4591:             1             16  org.springframework.messaging.simp.annotation.support.PrincipalMethodArgumentResolver
4592:             1             16  org.springframework.messaging.simp.broker.AbstractBrokerMessageHandler$UnsentDisconnectChannelInterceptor
4593:             1             16  org.springframework.messaging.simp.broker.DefaultSubscriptionRegistry$SessionSubscriptionRegistry
4594:             1             16  org.springframework.messaging.simp.broker.DefaultSubscriptionRegistry$SimpMessageHeaderPropertyAccessor
4595:             1             16  org.springframework.messaging.simp.broker.OrderedMessageSender$$Lambda$359/1076708413
4596:             1             16  org.springframework.messaging.simp.stomp.StompDecoder
4597:             1             16  org.springframework.messaging.support.IdTimestampMessageHeaderInitializer$$Lambda$463/713197767
4598:             1             16  org.springframework.messaging.support.NativeMessageHeaderAccessor$$Lambda$464/928236365
4599:             1             16  org.springframework.objenesis.strategy.StdInstantiatorStrategy
4600:             1             16  org.springframework.scheduling.annotation.ScheduledAnnotationBeanPostProcessor$$Lambda$205/1765776053
4601:             1             16  org.springframework.scheduling.annotation.ScheduledAnnotationBeanPostProcessor$$Lambda$344/1967508247
4602:             1             16  org.springframework.scheduling.support.TaskUtils$LoggingErrorHandler
4603:             1             16  org.springframework.scheduling.support.TaskUtils$PropagatingErrorHandler
4604:             1             16  org.springframework.transaction.annotation.SpringTransactionAnnotationParser
4605:             1             16  org.springframework.transaction.event.TransactionalEventListenerFactory
4606:             1             16  org.springframework.util.CollectionUtils$MultiValueMapAdapter$$Lambda$458/675965412
4607:             1             16  org.springframework.util.ConcurrentReferenceHashMap$EntrySet
4608:             1             16  org.springframework.util.DefaultPropertiesPersister
4609:             1             16  org.springframework.util.LinkedMultiValueMap$$Lambda$10/198099809
4610:             1             16  org.springframework.util.LinkedMultiValueMap$$Lambda$399/1934471203
4611:             1             16  org.springframework.util.MimeType$SpecificityComparator
4612:             1             16  org.springframework.util.ReflectionUtils$$Lambda$11/2079179914
4613:             1             16  org.springframework.util.ReflectionUtils$$Lambda$12/20049680
4614:             1             16  org.springframework.util.ReflectionUtils$$Lambda$13/1882349076
4615:             1             16  org.springframework.validation.beanvalidation.LocaleContextMessageInterpolator
4616:             1             16  org.springframework.validation.beanvalidation.MethodValidationInterceptor
4617:             1             16  org.springframework.validation.beanvalidation.SpringConstraintValidatorFactory
4618:             1             16  org.springframework.web.bind.support.DefaultSessionAttributeStore
4619:             1             16  org.springframework.web.context.request.SessionScope
4620:             1             16  org.springframework.web.context.request.async.TimeoutCallableProcessingInterceptor
4621:             1             16  org.springframework.web.context.request.async.TimeoutDeferredResultProcessingInterceptor
4622:             1             16  org.springframework.web.context.support.WebApplicationContextUtils$RequestObjectFactory
4623:             1             16  org.springframework.web.context.support.WebApplicationContextUtils$ResponseObjectFactory
4624:             1             16  org.springframework.web.context.support.WebApplicationContextUtils$SessionObjectFactory
4625:             1             16  org.springframework.web.context.support.WebApplicationContextUtils$WebRequestObjectFactory
4626:             1             16  org.springframework.web.method.HandlerTypePredicate$Builder$$Lambda$351/2039642748
4627:             1             16  org.springframework.web.method.annotation.ErrorsMethodArgumentResolver
4628:             1             16  org.springframework.web.method.annotation.ExceptionHandlerMethodResolver$$Lambda$391/330174461
4629:             1             16  org.springframework.web.method.annotation.RequestHeaderMapMethodArgumentResolver
4630:             1             16  org.springframework.web.method.annotation.SessionStatusMethodArgumentResolver
4631:             1             16  org.springframework.web.multipart.support.StandardServletMultipartResolver
4632:             1             16  org.springframework.web.servlet.config.annotation.InterceptorRegistry$$Lambda$369/268248785
4633:             1             16  org.springframework.web.servlet.config.annotation.InterceptorRegistry$$Lambda$370/564985952
4634:             1             16  org.springframework.web.servlet.config.annotation.WebMvcConfigurerComposite
4635:             1             16  org.springframework.web.servlet.handler.AbstractHandlerMethodMapping$EmptyHandler
4636:             1             16  org.springframework.web.servlet.handler.ConversionServiceExposingInterceptor
4637:             1             16  org.springframework.web.servlet.mvc.HttpRequestHandlerAdapter
4638:             1             16  org.springframework.web.servlet.mvc.SimpleControllerHandlerAdapter
4639:             1             16  org.springframework.web.servlet.mvc.method.RequestMappingInfoHandlerMethodMappingNamingStrategy
4640:             1             16  org.springframework.web.servlet.mvc.method.annotation.AsyncTaskMethodReturnValueHandler
4641:             1             16  org.springframework.web.servlet.mvc.method.annotation.CallableMethodReturnValueHandler
4642:             1             16  org.springframework.web.servlet.mvc.method.annotation.DeferredResultMethodReturnValueHandler
4643:             1             16  org.springframework.web.servlet.mvc.method.annotation.HttpHeadersReturnValueHandler
4644:             1             16  org.springframework.web.servlet.mvc.method.annotation.JsonViewRequestBodyAdvice
4645:             1             16  org.springframework.web.servlet.mvc.method.annotation.RequestMappingHandlerAdapter$$Lambda$364/96443314
4646:             1             16  org.springframework.web.servlet.mvc.method.annotation.RequestMappingHandlerAdapter$$Lambda$365/1992645019
4647:             1             16  org.springframework.web.servlet.mvc.method.annotation.StreamingResponseBodyReturnValueHandler
4648:             1             16  org.springframework.web.servlet.mvc.method.annotation.UriComponentsBuilderMethodArgumentResolver
4649:             1             16  org.springframework.web.servlet.resource.ResourceUrlProviderExposingInterceptor
4650:             1             16  org.springframework.web.servlet.theme.FixedThemeResolver
4651:             1             16  org.springframework.web.servlet.view.AbstractCachingViewResolver$1
4652:             1             16  org.springframework.web.servlet.view.ContentNegotiatingViewResolver$1
4653:             1             16  org.springframework.web.socket.config.WebSocketMessageBrokerStats$$Lambda$347/500268044
4654:             1             16  org.springframework.web.socket.handler.ExceptionWebSocketHandlerDecorator
4655:             1             16  org.springframework.web.socket.handler.LoggingWebSocketHandlerDecorator
4656:             1             16  org.springframework.web.socket.sockjs.frame.Jackson2SockJsMessageCodec
4657:             1             16  org.springframework.web.socket.sockjs.support.AbstractSockJsService$IframeHandler
4658:             1             16  org.springframework.web.socket.sockjs.support.AbstractSockJsService$InfoHandler
4659:             1             16  org.springframework.web.socket.sockjs.transport.TransportHandlingSockJsService$$Lambda$459/830670620
4660:             1             16  org.springframework.web.util.HierarchicalUriComponents$1
4661:             1             16  org.zeroturnaround.bundled.javassist.ClassPoolTail
4662:             1             16  org.zeroturnaround.javarebel.felix.FelixPlugin
4663:             1             16  org.zeroturnaround.javarebel.integration.ReinitClassEventListener
4664:             1             16  org.zeroturnaround.javarebel.integration.ant.AntClassLoaderCBP
4665:             1             16  org.zeroturnaround.javarebel.integration.apdplat.SystemListenerCBP
4666:             1             16  org.zeroturnaround.javarebel.integration.aries.AriesProxyClassLoaderCBP
4667:             1             16  org.zeroturnaround.javarebel.integration.arjuna.ArjunaTransactionManagerImpleCBP
4668:             1             16  org.zeroturnaround.javarebel.integration.atg.AtgReusableClassLoaderCBP
4669:             1             16  org.zeroturnaround.javarebel.integration.atmosphere.DefaultAnnotationProcessorServletContainerInitializerAnnotationProcessorCBP
4670:             1             16  org.zeroturnaround.javarebel.integration.camel.CamelExtensionCBP
4671:             1             16  org.zeroturnaround.javarebel.integration.catalina.CatalinaPlugin
4672:             1             16  org.zeroturnaround.javarebel.integration.catalina.cbp.AbstractArchiveResourceSetCBP
4673:             1             16  org.zeroturnaround.javarebel.integration.catalina.cbp.ApplicationContextCBP
4674:             1             16  org.zeroturnaround.javarebel.integration.catalina.cbp.BaseDirContextCBP
4675:             1             16  org.zeroturnaround.javarebel.integration.catalina.cbp.CacheCBP
4676:             1             16  org.zeroturnaround.javarebel.integration.catalina.cbp.CachedResourceCBP
4677:             1             16  org.zeroturnaround.javarebel.integration.catalina.cbp.ConnectorCBP
4678:             1             16  org.zeroturnaround.javarebel.integration.catalina.cbp.ContextConfigCBP
4679:             1             16  org.zeroturnaround.javarebel.integration.catalina.cbp.CoyoteAdapterCBP
4680:             1             16  org.zeroturnaround.javarebel.integration.catalina.cbp.MapperCBP
4681:             1             16  org.zeroturnaround.javarebel.integration.catalina.cbp.MessageBytesCBP
4682:             1             16  org.zeroturnaround.javarebel.integration.catalina.cbp.RequestCBP
4683:             1             16  org.zeroturnaround.javarebel.integration.catalina.cbp.ServletRegistrationImplCBP
4684:             1             16  org.zeroturnaround.javarebel.integration.catalina.cbp.StandardContextCBP
4685:             1             16  org.zeroturnaround.javarebel.integration.catalina.cbp.StandardContextValveCBP
4686:             1             16  org.zeroturnaround.javarebel.integration.catalina.cbp.StandardHostValveCBP
4687:             1             16  org.zeroturnaround.javarebel.integration.catalina.cbp.StandardRootCBP
4688:             1             16  org.zeroturnaround.javarebel.integration.catalina.cbp.WebXmlCBP
4689:             1             16  org.zeroturnaround.javarebel.integration.catalina.cbp.WebappLoaderCBP
4690:             1             16  org.zeroturnaround.javarebel.integration.classworlds.ClassRealmCBP
4691:             1             16  org.zeroturnaround.javarebel.integration.classworlds.RealmClassLoaderCBP
4692:             1             16  org.zeroturnaround.javarebel.integration.classworlds.UberJarRealmClassLoaderCBP
4693:             1             16  org.zeroturnaround.javarebel.integration.clojure.ClojureDynamicClassLoaderCBP
4694:             1             16  org.zeroturnaround.javarebel.integration.commonsbeanutils.PropertyUtilsBeanCBP
4695:             1             16  org.zeroturnaround.javarebel.integration.confluence.JarClassLoaderCBP
4696:             1             16  org.zeroturnaround.javarebel.integration.cxf.CXFPlugin
4697:             1             16  org.zeroturnaround.javarebel.integration.dorado.MethodAutoMatchingUtilsCBP
4698:             1             16  org.zeroturnaround.javarebel.integration.dozer.DozerPlugin
4699:             1             16  org.zeroturnaround.javarebel.integration.drools.KModuleBeanFactoryPostProcessorCBP
4700:             1             16  org.zeroturnaround.javarebel.integration.eclipse.EclipsePlugin
4701:             1             16  org.zeroturnaround.javarebel.integration.eclipse301.Eclipse301DefaultClassLoaderClassBytecodeProcessor
4702:             1             16  org.zeroturnaround.javarebel.integration.elcommons.BeanInfoManagerElCommonsCBP
4703:             1             16  org.zeroturnaround.javarebel.integration.elcommons.BeanInfoManagerFacesCBP
4704:             1             16  org.zeroturnaround.javarebel.integration.elcommons.BeanInfoManagerStandardLangCBP
4705:             1             16  org.zeroturnaround.javarebel.integration.equinox.BundleLoaderCBP
4706:             1             16  org.zeroturnaround.javarebel.integration.equinox.DirBundleFileCBP
4707:             1             16  org.zeroturnaround.javarebel.integration.equinox.EquinoxClassLoaderCBP
4708:             1             16  org.zeroturnaround.javarebel.integration.equinox.EquinoxClassPathManagerClassBytecodeProcessor
4709:             1             16  org.zeroturnaround.javarebel.integration.equinox.EquinoxContainerCBP
4710:             1             16  org.zeroturnaround.javarebel.integration.equinox.EquinoxDefaultClassLoaderClassBytecodeProcessor
4711:             1             16  org.zeroturnaround.javarebel.integration.equinox.EquinoxFWClassLoaderCBP
4712:             1             16  org.zeroturnaround.javarebel.integration.equinox.EquinoxModuleClassLoader
4713:             1             16  org.zeroturnaround.javarebel.integration.equinox.EquinoxPlugin
4714:             1             16  org.zeroturnaround.javarebel.integration.equinox.FrameworkCBP
4715:             1             16  org.zeroturnaround.javarebel.integration.felix.FelixBundleClassLoaderCBP
4716:             1             16  org.zeroturnaround.javarebel.integration.felix.FelixBundleRevisionImplCBP
4717:             1             16  org.zeroturnaround.javarebel.integration.felix.FelixBundleWiringImplCBP
4718:             1             16  org.zeroturnaround.javarebel.integration.felix.FelixContentClassLoaderCBP
4719:             1             16  org.zeroturnaround.javarebel.integration.felix.FelixContentLoaderImplCBP
4720:             1             16  org.zeroturnaround.javarebel.integration.felix.FelixModuleClassLoaderCBP
4721:             1             16  org.zeroturnaround.javarebel.integration.felix.FelixModuleImplCBP
4722:             1             16  org.zeroturnaround.javarebel.integration.felix.FelixResolverImplCBP
4723:             1             16  org.zeroturnaround.javarebel.integration.felix.R4SearchPolicyCoreCBP
4724:             1             16  org.zeroturnaround.javarebel.integration.fileservlet.DefaultServletCBP
4725:             1             16  org.zeroturnaround.javarebel.integration.fileservlet.FileServlet$DefaultResourcePathResolver
4726:             1             16  org.zeroturnaround.javarebel.integration.fileservlet.FileServletPlugin
4727:             1             16  org.zeroturnaround.javarebel.integration.flyway.FlywayCBP
4728:             1             16  org.zeroturnaround.javarebel.integration.freemarker.BeansWrapperCBP
4729:             1             16  org.zeroturnaround.javarebel.integration.freemarker.FreemarkerClassIntrospectorCBP
4730:             1             16  org.zeroturnaround.javarebel.integration.freemarker.FreemarkerConfigurationCBP
4731:             1             16  org.zeroturnaround.javarebel.integration.freemarker.FreemarkerJavaRebelIntegrationCBP
4732:             1             16  org.zeroturnaround.javarebel.integration.gae.DevAppServerImplCBP
4733:             1             16  org.zeroturnaround.javarebel.integration.gae.GaeCustomSecurityManagerCBP
4734:             1             16  org.zeroturnaround.javarebel.integration.gae.GaeProxyPolicyCBP
4735:             1             16  org.zeroturnaround.javarebel.integration.gae.GaeTransformerCBP
4736:             1             16  org.zeroturnaround.javarebel.integration.gae.IsolatedAppClassLoaderCBP
4737:             1             16  org.zeroturnaround.javarebel.integration.gae.JettyContainerServiceCBP
4738:             1             16  org.zeroturnaround.javarebel.integration.gae.KickStartCBP
4739:             1             16  org.zeroturnaround.javarebel.integration.gae.RestrictedUrlClassLoaderCBP
4740:             1             16  org.zeroturnaround.javarebel.integration.gemini.BundleWebappClassLoaderCBP
4741:             1             16  org.zeroturnaround.javarebel.integration.gemini.GeminiBundleDelegatingClassLoaderCBP
4742:             1             16  org.zeroturnaround.javarebel.integration.gemini.GeminiBundleEntryCBP
4743:             1             16  org.zeroturnaround.javarebel.integration.gemini.GeminiChainedClassLoaderCBP
4744:             1             16  org.zeroturnaround.javarebel.integration.generic.FindResourceClassResourceSource
4745:             1             16  org.zeroturnaround.javarebel.integration.geronimo.JarFileClassLoaderCBP
4746:             1             16  org.zeroturnaround.javarebel.integration.geronimo.MultiParentClassLoaderCBP
4747:             1             16  org.zeroturnaround.javarebel.integration.geronimo.XbeanEquinoxBundleClassLoaderCBP
4748:             1             16  org.zeroturnaround.javarebel.integration.gigaspaces.ClassLoaderContextCBP
4749:             1             16  org.zeroturnaround.javarebel.integration.glassfish.DeploymentContextImplCBP
4750:             1             16  org.zeroturnaround.javarebel.integration.glassfish.DeploymentUtilsCBP
4751:             1             16  org.zeroturnaround.javarebel.integration.glassfish.EJBClassLoaderCBP
4752:             1             16  org.zeroturnaround.javarebel.integration.glassfish.GlassfishDelegatingClassLoaderCBP
4753:             1             16  org.zeroturnaround.javarebel.integration.glassfish.GlassfishPersistenceUnitInfoImpl
4754:             1             16  org.zeroturnaround.javarebel.integration.glassfish.LoggingOutputStreamCBP
4755:             1             16  org.zeroturnaround.javarebel.integration.glassfish.WebApplicationCBP
4756:             1             16  org.zeroturnaround.javarebel.integration.glassfish.WebModuleCBP
4757:             1             16  org.zeroturnaround.javarebel.integration.glassfish.corba.ClassCopierOrdinaryImplCBP
4758:             1             16  org.zeroturnaround.javarebel.integration.glassfish.corba.ClassInfoCacheCBP
4759:             1             16  org.zeroturnaround.javarebel.integration.glassfish.corba.DefaultClassCopierFactoriesCBP
4760:             1             16  org.zeroturnaround.javarebel.integration.glassfish.corba.ObjectStreamClassCBP
4761:             1             16  org.zeroturnaround.javarebel.integration.google.GuiceBridgeClassLoaderCBP
4762:             1             16  org.zeroturnaround.javarebel.integration.guava.ThrowablesCBP
4763:             1             16  org.zeroturnaround.javarebel.integration.hibernate.HibernatePlugin
4764:             1             16  org.zeroturnaround.javarebel.integration.hibernate5.HibernatePlugin
4765:             1             16  org.zeroturnaround.javarebel.integration.hybris.RegistryCBP
4766:             1             16  org.zeroturnaround.javarebel.integration.intellij.IntelliJClassLoaderClassBytecodeProcessor
4767:             1             16  org.zeroturnaround.javarebel.integration.jackson.JsonFactoryCBP
4768:             1             16  org.zeroturnaround.javarebel.integration.jasper.JasperPlugin
4769:             1             16  org.zeroturnaround.javarebel.integration.jasper.LiferayJasperPlugin
4770:             1             16  org.zeroturnaround.javarebel.integration.javac.JavacBaseFileManagerCBP
4771:             1             16  org.zeroturnaround.javarebel.integration.javacas.Cas20ProxyReceivingTicketValidationFilterCBP
4772:             1             16  org.zeroturnaround.javarebel.integration.javaxel.BeanELResolverBeanPropertiesCBP
4773:             1             16  org.zeroturnaround.javarebel.integration.jboss.classfilewriter.ClassAnnotationCBP
4774:             1             16  org.zeroturnaround.javarebel.integration.jboss.classfilewriter.EnumAnnotationValueCBP
4775:             1             16  org.zeroturnaround.javarebel.integration.jboss.classfilewriter.StringAnnotationValueCBP
4776:             1             16  org.zeroturnaround.javarebel.integration.jboss3.AbstractWebContainerCBP
4777:             1             16  org.zeroturnaround.javarebel.integration.jboss3.AbstractWebDeployerCBP
4778:             1             16  org.zeroturnaround.javarebel.integration.jboss3.UnifiedClassLoaderCBP
4779:             1             16  org.zeroturnaround.javarebel.integration.jboss4.DelegatingClassLoaderCBP
4780:             1             16  org.zeroturnaround.javarebel.integration.jboss4.JbossAbstractWebContainerCBP
4781:             1             16  org.zeroturnaround.javarebel.integration.jboss4.JbossDeploymentInfoCBP
4782:             1             16  org.zeroturnaround.javarebel.integration.jboss4.JbossEJBDeployerCBP
4783:             1             16  org.zeroturnaround.javarebel.integration.jboss4.JbossMainDeployerCBP
4784:             1             16  org.zeroturnaround.javarebel.integration.jboss4.LoadMgr3CBP
4785:             1             16  org.zeroturnaround.javarebel.integration.jboss4.RepositoryClassLoaderCBP
4786:             1             16  org.zeroturnaround.javarebel.integration.jboss5.AbstractVFSContextCBP
4787:             1             16  org.zeroturnaround.javarebel.integration.jboss5.BaseClassLoaderCBP
4788:             1             16  org.zeroturnaround.javarebel.integration.jboss5.BaseClassLoaderDomainCBP
4789:             1             16  org.zeroturnaround.javarebel.integration.jboss7.VFSResourceLoaderCBP
4790:             1             16  org.zeroturnaround.javarebel.integration.jbossel.ReferenceCacheCBP
4791:             1             16  org.zeroturnaround.javarebel.integration.jbossel.ReflectionUtilCBP
4792:             1             16  org.zeroturnaround.javarebel.integration.jenkins.AntClassLoader2CBP
4793:             1             16  org.zeroturnaround.javarebel.integration.jenkins.JenkinsAntClassLoaderCBP
4794:             1             16  org.zeroturnaround.javarebel.integration.jenkins.JenkinsCBP
4795:             1             16  org.zeroturnaround.javarebel.integration.jetty.JettyPlugin
4796:             1             16  org.zeroturnaround.javarebel.integration.jetty.JettyWebAppClassLoaderCBP
4797:             1             16  org.zeroturnaround.javarebel.integration.jibx.BindingFactoryBaseCBP
4798:             1             16  org.zeroturnaround.javarebel.integration.jpf.StandardPluginClassLoaderCBP
4799:             1             16  org.zeroturnaround.javarebel.integration.jshell.RemoteClassLoaderCBP
4800:             1             16  org.zeroturnaround.javarebel.integration.liquibase.LiquibaseCBP
4801:             1             16  org.zeroturnaround.javarebel.integration.log4j.Log4jPlugin
4802:             1             16  org.zeroturnaround.javarebel.integration.log4j2.Log4j2Plugin
4803:             1             16  org.zeroturnaround.javarebel.integration.metrics.ICEFacesContextFactoryCBP
4804:             1             16  org.zeroturnaround.javarebel.integration.metrics.JstlCoreTLVCBP
4805:             1             16  org.zeroturnaround.javarebel.integration.metrics.MainEventListenerCBP
4806:             1             16  org.zeroturnaround.javarebel.integration.metrics.TemplateCBP
4807:             1             16  org.zeroturnaround.javarebel.integration.metrics.VersionBeanVersionCBP
4808:             1             16  org.zeroturnaround.javarebel.integration.metro.MetroPlugin
4809:             1             16  org.zeroturnaround.javarebel.integration.mobicents.URLClassLoaderDomainImplCBP
4810:             1             16  org.zeroturnaround.javarebel.integration.modelmapper.TypeResolverCBP
4811:             1             16  org.zeroturnaround.javarebel.integration.netbeans.NetbeansJarClassLoaderCBP
4812:             1             16  org.zeroturnaround.javarebel.integration.netbeans.ProxyClassLoaderCBP
4813:             1             16  org.zeroturnaround.javarebel.integration.netbeans.TopSecurityManagerCBP
4814:             1             16  org.zeroturnaround.javarebel.integration.netty.NettyHttpServerCBP
4815:             1             16  org.zeroturnaround.javarebel.integration.objectdb.ObjectDBDelegationCBP
4816:             1             16  org.zeroturnaround.javarebel.integration.oc4j.ClassPathAccessorCBP
4817:             1             16  org.zeroturnaround.javarebel.integration.oc4j.EJBPackageDeploymentCBP
4818:             1             16  org.zeroturnaround.javarebel.integration.oc4j.NotFoundServletCBP
4819:             1             16  org.zeroturnaround.javarebel.integration.oc4j.PolicyClassLoaderCBP
4820:             1             16  org.zeroturnaround.javarebel.integration.ognl.OgnlRuntimeCBP
4821:             1             16  org.zeroturnaround.javarebel.integration.openejb.OpenEJBBasicURLClassPathCBP
4822:             1             16  org.zeroturnaround.javarebel.integration.openejb.OpenEjbTempClassLoaderCBP
4823:             1             16  org.zeroturnaround.javarebel.integration.openejb.PersistenceClassLoaderHandlerImplCBP
4824:             1             16  org.zeroturnaround.javarebel.integration.openl.UnpackClasspathJarToDirectoryBeanCBP
4825:             1             16  org.zeroturnaround.javarebel.integration.ops4j.WebAppHttpContextCBP
4826:             1             16  org.zeroturnaround.javarebel.integration.powermock.PowermockDeferSupportingClassLoaderCBP
4827:             1             16  org.zeroturnaround.javarebel.integration.prosyst.ProSystBundleLoaderCBP
4828:             1             16  org.zeroturnaround.javarebel.integration.prosyst.ProSystDefaultClassProviderCBP
4829:             1             16  org.zeroturnaround.javarebel.integration.prosyst.ProSystPackagesManagerCBP
4830:             1             16  org.zeroturnaround.javarebel.integration.proxy.bytebuddy.ByteArrayClassLoaderCBP
4831:             1             16  org.zeroturnaround.javarebel.integration.proxy.bytebuddy.ClassDefinitionActionCBP
4832:             1             16  org.zeroturnaround.javarebel.integration.proxy.bytebuddy.ClassInjectorUsingCBP
4833:             1             16  org.zeroturnaround.javarebel.integration.proxy.bytebuddy.ClassInjectorUsingLookupCBP
4834:             1             16  org.zeroturnaround.javarebel.integration.proxy.bytebuddy.DynamicTypeBuilderCBP
4835:             1             16  org.zeroturnaround.javarebel.integration.proxy.bytebuddy.ForLoadedTypeCBP
4836:             1             16  org.zeroturnaround.javarebel.integration.proxy.bytebuddy.InstrumentedTypeDefaultCBP
4837:             1             16  org.zeroturnaround.javarebel.integration.proxy.bytebuddy.InstrumentedTypeFactoryCBP
4838:             1             16  org.zeroturnaround.javarebel.integration.proxy.bytebuddy.MethodRegistryDefaultCBP
4839:             1             16  org.zeroturnaround.javarebel.integration.proxy.cglib.AbstractClassGeneratorCBP
4840:             1             16  org.zeroturnaround.javarebel.integration.proxy.cglib.EnhancerCBP
4841:             1             16  org.zeroturnaround.javarebel.integration.proxy.cglib.FastClassGeneratorCBP
4842:             1             16  org.zeroturnaround.javarebel.integration.proxy.cglib.FastConstructorCBP
4843:             1             16  org.zeroturnaround.javarebel.integration.proxy.cglib.FastMethodCBP
4844:             1             16  org.zeroturnaround.javarebel.integration.proxy.cglib.IndicesCallbackFilterCBP
4845:             1             16  org.zeroturnaround.javarebel.integration.proxy.cglib.ProxyConstructorCBP
4846:             1             16  org.zeroturnaround.javarebel.integration.proxy.cglib.ProxyFactoryCBP
4847:             1             16  org.zeroturnaround.javarebel.integration.proxy.cglib.ReflectUtilsCBP
4848:             1             16  org.zeroturnaround.javarebel.integration.proxy.cglib.UndeclaredThrowableStrategyCBP
4849:             1             16  org.zeroturnaround.javarebel.integration.proxy.deltaspike.AsmProxyClassGeneratorCBP
4850:             1             16  org.zeroturnaround.javarebel.integration.proxy.javassist.ProxyFactoryCBP
4851:             1             16  org.zeroturnaround.javarebel.integration.reflectionslib.ClasspathHelperCBP
4852:             1             16  org.zeroturnaround.javarebel.integration.reflectionslib.ZipDirIterableAbstractIteratorCBP
4853:             1             16  org.zeroturnaround.javarebel.integration.resin.LineConfigExceptionCBP
4854:             1             16  org.zeroturnaround.javarebel.integration.resin.ResinCBP
4855:             1             16  org.zeroturnaround.javarebel.integration.resin.ResinDeployControllerConfigCBP
4856:             1             16  org.zeroturnaround.javarebel.integration.resin.ResinDynamicClassLoaderCBP
4857:             1             16  org.zeroturnaround.javarebel.integration.resin.ResinEnvironmentClassLoaderCBP
4858:             1             16  org.zeroturnaround.javarebel.integration.resin.WatchdogClientCBP
4859:             1             16  org.zeroturnaround.javarebel.integration.resin.WatchdogConfigCBP
4860:             1             16  org.zeroturnaround.javarebel.integration.resteasy.GeneralValidatorImplCBP
4861:             1             16  org.zeroturnaround.javarebel.integration.sap.SapMultiParentClassLoaderCBP
4862:             1             16  org.zeroturnaround.javarebel.integration.sap.SapResourceMultiParentClassLoaderCBP
4863:             1             16  org.zeroturnaround.javarebel.integration.sap.SapSystemURLStreamHandlerFactoryCBP
4864:             1             16  org.zeroturnaround.javarebel.integration.serp.SerpStringsCBP
4865:             1             16  org.zeroturnaround.javarebel.integration.servlet.HttpServletRequestCBP
4866:             1             16  org.zeroturnaround.javarebel.integration.servlet.HttpServletResponseCBP
4867:             1             16  org.zeroturnaround.javarebel.integration.servlet.LiferayCustomServletContextHelperCBP
4868:             1             16  org.zeroturnaround.javarebel.integration.servlet.ServletContextCBP
4869:             1             16  org.zeroturnaround.javarebel.integration.servlet.ServletIntegrationPlugin
4870:             1             16  org.zeroturnaround.javarebel.integration.servlet.gae.StaticFileFilterCBP
4871:             1             16  org.zeroturnaround.javarebel.integration.servlet.jboss.JBossContextConfigCBP
4872:             1             16  org.zeroturnaround.javarebel.integration.servlet.jetty.JettyContextHandlerCBP
4873:             1             16  org.zeroturnaround.javarebel.integration.servlet.jetty.JettyJarFileResourceCBP
4874:             1             16  org.zeroturnaround.javarebel.integration.servlet.jetty.JettyServletContextHandlerCBP
4875:             1             16  org.zeroturnaround.javarebel.integration.servlet.jetty.JettyWebAppContextCBP
4876:             1             16  org.zeroturnaround.javarebel.integration.servlet.jetty.ResourceCBP
4877:             1             16  org.zeroturnaround.javarebel.integration.servlet.liferay.EquinoxServletContextAdaptorCBP
4878:             1             16  org.zeroturnaround.javarebel.integration.servlet.oc4j.ApplicationTldCacheImplCBP
4879:             1             16  org.zeroturnaround.javarebel.integration.servlet.oc4j.HttpApplicationCBP
4880:             1             16  org.zeroturnaround.javarebel.integration.servlet.oc4j.HttpRequestHandlerCBP
4881:             1             16  org.zeroturnaround.javarebel.integration.servlet.oc4j.HttpSiteCBP
4882:             1             16  org.zeroturnaround.javarebel.integration.servlet.oc4j.OC4JJspJavacCompilerCBP
4883:             1             16  org.zeroturnaround.javarebel.integration.servlet.oc4j.ServletDescriptorCBP
4884:             1             16  org.zeroturnaround.javarebel.integration.servlet.oc4j.ServletMappingCBP
4885:             1             16  org.zeroturnaround.javarebel.integration.servlet.resin.InvocationCBP
4886:             1             16  org.zeroturnaround.javarebel.integration.servlet.resin.JspPropertyGroupCBP
4887:             1             16  org.zeroturnaround.javarebel.integration.servlet.resin.PageFilterChainCBP
4888:             1             16  org.zeroturnaround.javarebel.integration.servlet.resin.ResinApplicationCBP
4889:             1             16  org.zeroturnaround.javarebel.integration.servlet.resin.ResinJavaCompilerCBP
4890:             1             16  org.zeroturnaround.javarebel.integration.servlet.sap.SapApplicationContextCBP
4891:             1             16  org.zeroturnaround.javarebel.integration.servlet.undertow.UndertowServletPlugin
4892:             1             16  org.zeroturnaround.javarebel.integration.servlet.virgo.BundleWebResourceRootCBP
4893:             1             16  org.zeroturnaround.javarebel.integration.servlet.virgo.VirgoTomcatServletContainerCBP
4894:             1             16  org.zeroturnaround.javarebel.integration.servlet.weblogic.JSPServletCBP
4895:             1             16  org.zeroturnaround.javarebel.integration.servlet.weblogic.JavelinxJSPStubCBP
4896:             1             16  org.zeroturnaround.javarebel.integration.servlet.weblogic.JavelinxJspPrecompilerCBP
4897:             1             16  org.zeroturnaround.javarebel.integration.servlet.weblogic.JavelinxTagFileStaleCheckerCBP
4898:             1             16  org.zeroturnaround.javarebel.integration.servlet.weblogic.JspConfigCBP
4899:             1             16  org.zeroturnaround.javarebel.integration.servlet.weblogic.JspParserCBP
4900:             1             16  org.zeroturnaround.javarebel.integration.servlet.weblogic.JspStubCBP
4901:             1             16  org.zeroturnaround.javarebel.integration.servlet.weblogic.JspTagLibraryFeatureCBP
4902:             1             16  org.zeroturnaround.javarebel.integration.servlet.weblogic.ServletInvocationActionCBP
4903:             1             16  org.zeroturnaround.javarebel.integration.servlet.weblogic.ServletStubImplCBP
4904:             1             16  org.zeroturnaround.javarebel.integration.servlet.weblogic.TagFileTagInfoCBP
4905:             1             16  org.zeroturnaround.javarebel.integration.servlet.weblogic.WarResourceFinderCBP
4906:             1             16  org.zeroturnaround.javarebel.integration.servlet.weblogic.WebAppConfigManagerCBP
4907:             1             16  org.zeroturnaround.javarebel.integration.servlet.weblogic.WebAppProjectFeatureImplCBP
4908:             1             16  org.zeroturnaround.javarebel.integration.servlet.weblogic.WebAppServletContextCBP
4909:             1             16  org.zeroturnaround.javarebel.integration.servlet.weblogic.WeblogicJspClassLoaderCBP
4910:             1             16  org.zeroturnaround.javarebel.integration.servlet.weblogic.WeblogicTagFileClassLoaderCBP
4911:             1             16  org.zeroturnaround.javarebel.integration.servlet.websphere.AbstractJSPExtensionProcessorCBP
4912:             1             16  org.zeroturnaround.javarebel.integration.servlet.websphere.AbstractJSPExtensionServletWrapperCBP
4913:             1             16  org.zeroturnaround.javarebel.integration.servlet.websphere.CacheServletWrapperCBP
4914:             1             16  org.zeroturnaround.javarebel.integration.servlet.websphere.GeneratorUtilsCBP
4915:             1             16  org.zeroturnaround.javarebel.integration.servlet.websphere.JSPExtensionClassLoaderCBP
4916:             1             16  org.zeroturnaround.javarebel.integration.servlet.websphere.JSPExtensionContextCBP
4917:             1             16  org.zeroturnaround.javarebel.integration.servlet.websphere.JSPExtensionServletWrapperCBP
4918:             1             16  org.zeroturnaround.javarebel.integration.servlet.websphere.JspDependentCBP
4919:             1             16  org.zeroturnaround.javarebel.integration.servlet.websphere.JspInputSourceContainerImplCBP
4920:             1             16  org.zeroturnaround.javarebel.integration.servlet.websphere.JspInputSourceImplCBP
4921:             1             16  org.zeroturnaround.javarebel.integration.servlet.websphere.JspOptionsCBP
4922:             1             16  org.zeroturnaround.javarebel.integration.servlet.websphere.LibertyWebappCBP
4923:             1             16  org.zeroturnaround.javarebel.integration.servlet.websphere.TagFileResourcesImplCBP
4924:             1             16  org.zeroturnaround.javarebel.integration.servlet.websphere.TagLibraryCacheCBP
4925:             1             16  org.zeroturnaround.javarebel.integration.servlet.websphere.ValidateVisitorCBP
4926:             1             16  org.zeroturnaround.javarebel.integration.servlet.websphere.WasServletConfigCBP
4927:             1             16  org.zeroturnaround.javarebel.integration.servlet.websphere.WebContainerCBP
4928:             1             16  org.zeroturnaround.javarebel.integration.servlet.websphere.WebGroupImplCBP
4929:             1             16  org.zeroturnaround.javarebel.integration.servlet.websphere.WebappCBP
4930:             1             16  org.zeroturnaround.javarebel.integration.sling.ClassLoaderFacadeCBP
4931:             1             16  org.zeroturnaround.javarebel.integration.smartGwt.SmartGwtLinkerCBP
4932:             1             16  org.zeroturnaround.javarebel.integration.spring.BundleDelegatingClassLoaderCBP
4933:             1             16  org.zeroturnaround.javarebel.integration.spring.InstrumentationLoadTimeWeaverCBP
4934:             1             16  org.zeroturnaround.javarebel.integration.spring.OverridingClassLoaderCBP
4935:             1             16  org.zeroturnaround.javarebel.integration.spring.ResourceCBP
4936:             1             16  org.zeroturnaround.javarebel.integration.spring.ShadowingClassLoaderCBP
4937:             1             16  org.zeroturnaround.javarebel.integration.spring.SpringMvcPlugin
4938:             1             16  org.zeroturnaround.javarebel.integration.spring.SpringOrmTransactionManagerCBP
4939:             1             16  org.zeroturnaround.javarebel.integration.spring.SpringPlugin
4940:             1             16  org.zeroturnaround.javarebel.integration.spring.SpringWebPlugin
4941:             1             16  org.zeroturnaround.javarebel.integration.spring.TomcatInstrumentableClassLoaderCBP
4942:             1             16  org.zeroturnaround.javarebel.integration.spring.WebApplicationObjectSupportCBP
4943:             1             16  org.zeroturnaround.javarebel.integration.spring.actuator.SpringBootActuatorPlugin
4944:             1             16  org.zeroturnaround.javarebel.integration.spring.annotations.ConfigurationReloaderSpring3
4945:             1             16  org.zeroturnaround.javarebel.integration.spring.aop.AdviceBeanWrapper
4946:             1             16  org.zeroturnaround.javarebel.integration.spring.aop.SpringAopPlugin
4947:             1             16  org.zeroturnaround.javarebel.integration.spring.aop.cbp.AbstractAdvisingBeanPostProcessorCBP
4948:             1             16  org.zeroturnaround.javarebel.integration.spring.aop.cbp.AbstractAutoProxyCreatorCBP
4949:             1             16  org.zeroturnaround.javarebel.integration.spring.aop.cbp.AbstractSingletonProxyFactoryBeanCBP
4950:             1             16  org.zeroturnaround.javarebel.integration.spring.aop.cbp.AdvisedSupportCBP
4951:             1             16  org.zeroturnaround.javarebel.integration.spring.aop.cbp.AnnotationAwareAspectJAutoProxyCreatorCBP
4952:             1             16  org.zeroturnaround.javarebel.integration.spring.aop.cbp.AspectJExpressionPointcutCBP
4953:             1             16  org.zeroturnaround.javarebel.integration.spring.aop.cbp.AutoProxyUtilsCBP
4954:             1             16  org.zeroturnaround.javarebel.integration.spring.aop.cbp.BeanFactoryAspectJAdvisorsBuilderCBP
4955:             1             16  org.zeroturnaround.javarebel.integration.spring.aop.cbp.InfrastructureAdvisorAutoProxyCreatorCBP
4956:             1             16  org.zeroturnaround.javarebel.integration.spring.beans.JsfCdiToSpringBeanFactoryPostProcessorCBP
4957:             1             16  org.zeroturnaround.javarebel.integration.spring.beans.PostProcessorRegistrationDelegateCBP
4958:             1             16  org.zeroturnaround.javarebel.integration.spring.beans.RootBeanDefinitionCBP
4959:             1             16  org.zeroturnaround.javarebel.integration.spring.beans.SpringBeansPlugin
4960:             1             16  org.zeroturnaround.javarebel.integration.spring.beans.XmlBeanDefinitionManager
4961:             1             16  org.zeroturnaround.javarebel.integration.spring.beans.cbp.AbstractApplicationContextCBP
4962:             1             16  org.zeroturnaround.javarebel.integration.spring.beans.cbp.AbstractAutowireCapableBeanFactoryCBP
4963:             1             16  org.zeroturnaround.javarebel.integration.spring.beans.cbp.AbstractBeanDefinitionCBP
4964:             1             16  org.zeroturnaround.javarebel.integration.spring.beans.cbp.AbstractBeanFactoryCBP
4965:             1             16  org.zeroturnaround.javarebel.integration.spring.beans.cbp.AbstractCamelContextFactoryBeanCBP
4966:             1             16  org.zeroturnaround.javarebel.integration.spring.beans.cbp.AbstractRequestAttributesCBP
4967:             1             16  org.zeroturnaround.javarebel.integration.spring.beans.cbp.AutowiredAnnotationBeanPostProcessorCBP
4968:             1             16  org.zeroturnaround.javarebel.integration.spring.beans.cbp.BeanDefinitionHolderCBP
4969:             1             16  org.zeroturnaround.javarebel.integration.spring.beans.cbp.BeanDefinitionParserDelegateCBP
4970:             1             16  org.zeroturnaround.javarebel.integration.spring.beans.cbp.BeanDefinitionValueResolverCBP
4971:             1             16  org.zeroturnaround.javarebel.integration.spring.beans.cbp.CachedIntrospectionResultsCBP
4972:             1             16  org.zeroturnaround.javarebel.integration.spring.beans.cbp.CamelContextFactoryBeanCBP
4973:             1             16  org.zeroturnaround.javarebel.integration.spring.beans.cbp.ContextLoaderListenerCBP
4974:             1             16  org.zeroturnaround.javarebel.integration.spring.beans.cbp.CustomScopeAnnotationConfigurerCBP
4975:             1             16  org.zeroturnaround.javarebel.integration.spring.beans.cbp.DefaultListableBeanFactoryCBP
4976:             1             16  org.zeroturnaround.javarebel.integration.spring.beans.cbp.DefaultSingletonBeanRegistryCBP
4977:             1             16  org.zeroturnaround.javarebel.integration.spring.beans.cbp.FrameworkServletCBP
4978:             1             16  org.zeroturnaround.javarebel.integration.spring.beans.cbp.HybrisWebApplicationBeanFactoryPostProcessorCBP
4979:             1             16  org.zeroturnaround.javarebel.integration.spring.beans.cbp.InjectionMetadataCBP
4980:             1             16  org.zeroturnaround.javarebel.integration.spring.beans.cbp.MBeanExporterCBP
4981:             1             16  org.zeroturnaround.javarebel.integration.spring.beans.cbp.MBeanRegistrationSupportCBP
4982:             1             16  org.zeroturnaround.javarebel.integration.spring.beans.cbp.MutablePropertyValuesCBP
4983:             1             16  org.zeroturnaround.javarebel.integration.spring.beans.cbp.OpenEntityManagerInViewFilterCBP
4984:             1             16  org.zeroturnaround.javarebel.integration.spring.beans.cbp.PlaceholderConfigurerSupportCBP
4985:             1             16  org.zeroturnaround.javarebel.integration.spring.beans.cbp.PropertiesFactoryBeanCBP
4986:             1             16  org.zeroturnaround.javarebel.integration.spring.beans.cbp.PropertyOrFieldReferenceCBP
4987:             1             16  org.zeroturnaround.javarebel.integration.spring.beans.cbp.PropertyResourceConfigurerCBP
4988:             1             16  org.zeroturnaround.javarebel.integration.spring.beans.cbp.PropertyValueCBP
4989:             1             16  org.zeroturnaround.javarebel.integration.spring.beans.cbp.ServletRequestAttributesCBP
4990:             1             16  org.zeroturnaround.javarebel.integration.spring.beans.cbp.SimpleInstantiationStrategyCBP
4991:             1             16  org.zeroturnaround.javarebel.integration.spring.beans.cbp.TypedStringValueCBP
4992:             1             16  org.zeroturnaround.javarebel.integration.spring.beans.cbp.XmlBeanDefinitionReaderCBP
4993:             1             16  org.zeroturnaround.javarebel.integration.spring.beans.cbp.XmlBeanFactoryCBP
4994:             1             16  org.zeroturnaround.javarebel.integration.spring.boot.JrRunCmdLineOnReload
4995:             1             16  org.zeroturnaround.javarebel.integration.spring.boot.Profile
4996:             1             16  org.zeroturnaround.javarebel.integration.spring.boot.SpringBootPlugin
4997:             1             16  org.zeroturnaround.javarebel.integration.spring.boot.cbp.AbstractRepositoryConfigurationSourceSupportCBP
4998:             1             16  org.zeroturnaround.javarebel.integration.spring.boot.cbp.BeanTypeRegistryCBP
4999:             1             16  org.zeroturnaround.javarebel.integration.spring.boot.cbp.ConfigurationBeanFactoryMetadataCBP
5000:             1             16  org.zeroturnaround.javarebel.integration.spring.boot.cbp.ConfigurationPropertiesBinderCBP
5001:             1             16  org.zeroturnaround.javarebel.integration.spring.boot.cbp.ConfigurationPropertiesBindingPostProcessorCBP
5002:             1             16  org.zeroturnaround.javarebel.integration.spring.boot.cbp.LoggingApplicationListenerCBP
5003:             1             16  org.zeroturnaround.javarebel.integration.spring.boot.cbp.OnBeanConditionCBP
5004:             1             16  org.zeroturnaround.javarebel.integration.spring.boot.cbp.PropertiesPropertySourceLoaderCBP
5005:             1             16  org.zeroturnaround.javarebel.integration.spring.boot.cbp.SpringApplicationCBP
5006:             1             16  org.zeroturnaround.javarebel.integration.spring.boot.cbp.StandardLoggingSystemCBP
5007:             1             16  org.zeroturnaround.javarebel.integration.spring.boot.cbp.YamlPropertySourceLoaderCBP
5008:             1             16  org.zeroturnaround.javarebel.integration.spring.cbp.AbstractApplicationContextCBP
5009:             1             16  org.zeroturnaround.javarebel.integration.spring.cbp.AbstractDetectingUrlHandlerMappingCBP
5010:             1             16  org.zeroturnaround.javarebel.integration.spring.cbp.AbstractHandlerMappingCBP
5011:             1             16  org.zeroturnaround.javarebel.integration.spring.cbp.AbstractHandlerMethodMappingCBP
5012:             1             16  org.zeroturnaround.javarebel.integration.spring.cbp.AbstractMapBasedHandlerMappingCBP
5013:             1             16  org.zeroturnaround.javarebel.integration.spring.cbp.AbstractNamedValueMethodArgumentResolverCBP
5014:             1             16  org.zeroturnaround.javarebel.integration.spring.cbp.AbstractRefreshableApplicationContextCBP
5015:             1             16  org.zeroturnaround.javarebel.integration.spring.cbp.AbstractUrlHandlerMappingCBP
5016:             1             16  org.zeroturnaround.javarebel.integration.spring.cbp.AnnotationBeanValidationConfigurationLoaderCBP
5017:             1             16  org.zeroturnaround.javarebel.integration.spring.cbp.AnnotationConfigApplicationContextCBP
5018:             1             16  org.zeroturnaround.javarebel.integration.spring.cbp.AnnotationConfigWebApplicationContextCBP
5019:             1             16  org.zeroturnaround.javarebel.integration.spring.cbp.AnnotationMethodHandlerAdapterCBP
5020:             1             16  org.zeroturnaround.javarebel.integration.spring.cbp.AopUtilsCBP
5021:             1             16  org.zeroturnaround.javarebel.integration.spring.cbp.ApplicationObjectSupportCBP
5022:             1             16  org.zeroturnaround.javarebel.integration.spring.cbp.BeanMethodInterceptorCBP
5023:             1             16  org.zeroturnaround.javarebel.integration.spring.cbp.CachingResourceResolverCBP
5024:             1             16  org.zeroturnaround.javarebel.integration.spring.cbp.ConfigurationClassBeanDefinitionReaderCBP
5025:             1             16  org.zeroturnaround.javarebel.integration.spring.cbp.ConfigurationClassParserCBP
5026:             1             16  org.zeroturnaround.javarebel.integration.spring.cbp.ConfigurationClassPostProcessorCBP
5027:             1             16  org.zeroturnaround.javarebel.integration.spring.cbp.DefaultAnnotationHandlerMappingCBP
5028:             1             16  org.zeroturnaround.javarebel.integration.spring.cbp.DelegatingFilterProxyCBP
5029:             1             16  org.zeroturnaround.javarebel.integration.spring.cbp.DispatcherServletCBP
5030:             1             16  org.zeroturnaround.javarebel.integration.spring.cbp.ExceptionHandlerExceptionResolverCBP
5031:             1             16  org.zeroturnaround.javarebel.integration.spring.cbp.GenericApplicationContextCBP
5032:             1             16  org.zeroturnaround.javarebel.integration.spring.cbp.GenericTypeResolverCBP
5033:             1             16  org.zeroturnaround.javarebel.integration.spring.cbp.HandlerMethodArgumentResolverCompositeCBP
5034:             1             16  org.zeroturnaround.javarebel.integration.spring.cbp.HandlerMethodCBP
5035:             1             16  org.zeroturnaround.javarebel.integration.spring.cbp.MappingRegistryCBP
5036:             1             16  org.zeroturnaround.javarebel.integration.spring.cbp.MethodValidationPostProcessorCBP
5037:             1             16  org.zeroturnaround.javarebel.integration.spring.cbp.MultiActionControllerCBP
5038:             1             16  org.zeroturnaround.javarebel.integration.spring.cbp.PathResourceResolverCBP
5039:             1             16  org.zeroturnaround.javarebel.integration.spring.cbp.PortletDefaultAnnotationHandlerMappingCBP
5040:             1             16  org.zeroturnaround.javarebel.integration.spring.cbp.PortletModeParameterHandlerMappingCBP
5041:             1             16  org.zeroturnaround.javarebel.integration.spring.cbp.PropertySourcesPlaceholderConfigurerCBP
5042:             1             16  org.zeroturnaround.javarebel.integration.spring.cbp.ReloadableResourceBundleMessageSourceCBP
5043:             1             16  org.zeroturnaround.javarebel.integration.spring.cbp.RequestMappingHandlerAdaptorCBP
5044:             1             16  org.zeroturnaround.javarebel.integration.spring.cbp.RequestMappingHandlerMappingCBP
5045:             1             16  org.zeroturnaround.javarebel.integration.spring.cbp.ResourceBundleMessageSourceCBP
5046:             1             16  org.zeroturnaround.javarebel.integration.spring.cbp.ResourceBundleMessageSourceMessageSourceControlCBP
5047:             1             16  org.zeroturnaround.javarebel.integration.spring.cbp.ResourceHttpRequestHandlerCBP
5048:             1             16  org.zeroturnaround.javarebel.integration.spring.cbp.ScheduledMethodRunnableCBP
5049:             1             16  org.zeroturnaround.javarebel.integration.spring.cbp.SchedulingAnnotationBeanPostProcessorCBP
5050:             1             16  org.zeroturnaround.javarebel.integration.spring.cbp.SimpleUrlHandlerMappingCBP
5051:             1             16  org.zeroturnaround.javarebel.integration.spring.cbp.TransactionAspectSupportCBP
5052:             1             16  org.zeroturnaround.javarebel.integration.spring.cbp.TransactionAttributeSourceCBP
5053:             1             16  org.zeroturnaround.javarebel.integration.spring.cbp.VelocityEngineFactoryCBP
5054:             1             16  org.zeroturnaround.javarebel.integration.spring.cbp.ViewControllerBeanDefinitionParserCBP
5055:             1             16  org.zeroturnaround.javarebel.integration.spring.cbp.WebMvcConfigurationSupportCBP
5056:             1             16  org.zeroturnaround.javarebel.integration.spring.cbp.annotations.AbstractFallbackTransactionAttributeSourceCBP
5057:             1             16  org.zeroturnaround.javarebel.integration.spring.cbp.annotations.BeanAnnotationHelperCBP
5058:             1             16  org.zeroturnaround.javarebel.integration.spring.cbp.annotations.ClassPathBeanDefinitionScannerCBP
5059:             1             16  org.zeroturnaround.javarebel.integration.spring.cbp.annotations.ClassPathScanningCandidateComponentProviderCBP
5060:             1             16  org.zeroturnaround.javarebel.integration.spring.cbp.annotations.ComponentScanAnnotationParserCBP
5061:             1             16  org.zeroturnaround.javarebel.integration.spring.cbp.annotations.ComponentScanBeanDefinitionParserCBP
5062:             1             16  org.zeroturnaround.javarebel.integration.spring.cbp.annotations.InjectionMetadataCacheCBP
5063:             1             16  org.zeroturnaround.javarebel.integration.spring.cbp.annotations.ScannedGenericBeanDefinitionCBP
5064:             1             16  org.zeroturnaround.javarebel.integration.spring.cbp.annotations.SchedulingAnnotationDrivenBeanDefinitionParserCBP
5065:             1             16  org.zeroturnaround.javarebel.integration.spring.cbp.instrument.JBossLoadTimeWeaverCBP
5066:             1             16  org.zeroturnaround.javarebel.integration.spring.core.AnnotationsUtilsCacheClearer
5067:             1             16  org.zeroturnaround.javarebel.integration.spring.core.SpringCorePlugin
5068:             1             16  org.zeroturnaround.javarebel.integration.spring.core.cbp.AnnotationsUtilsCBP
5069:             1             16  org.zeroturnaround.javarebel.integration.spring.core.cbp.AttributeAccessorSupportCBP
5070:             1             16  org.zeroturnaround.javarebel.integration.spring.core.cbp.CachingMetadataReaderFactoryCBP
5071:             1             16  org.zeroturnaround.javarebel.integration.spring.core.cbp.LocalVariableTableParameterNameDiscovererCBP
5072:             1             16  org.zeroturnaround.javarebel.integration.spring.core.cbp.MapPropertySourceCBP
5073:             1             16  org.zeroturnaround.javarebel.integration.spring.core.cbp.MethodParameterCBP
5074:             1             16  org.zeroturnaround.javarebel.integration.spring.core.cbp.PathMatchingResourcePatternResolverCBP
5075:             1             16  org.zeroturnaround.javarebel.integration.spring.core.cbp.ReflectionUtilsCBP
5076:             1             16  org.zeroturnaround.javarebel.integration.spring.core.cbp.ResourcePropertySourceCBP
5077:             1             16  org.zeroturnaround.javarebel.integration.spring.core.cbp.SimpleMetadataReaderFactoryCBP
5078:             1             16  org.zeroturnaround.javarebel.integration.spring.core.cbp.VFSResourcePatternResolvingHelperCBP
5079:             1             16  org.zeroturnaround.javarebel.integration.spring.core.cbp.VfsResourceMatchingDelegateCBP
5080:             1             16  org.zeroturnaround.javarebel.integration.spring.jms.SpringJmsPlugin
5081:             1             16  org.zeroturnaround.javarebel.integration.spring.orm.SpringOrmPlugin
5082:             1             16  org.zeroturnaround.javarebel.integration.spring.oxm.SpringOxmPlugin
5083:             1             16  org.zeroturnaround.javarebel.integration.spring.reactive.SpringWebFluxPlugin
5084:             1             16  org.zeroturnaround.javarebel.integration.spring.webflow.SpringWebflowPlugin
5085:             1             16  org.zeroturnaround.javarebel.integration.streambase.StreamBaseJarClassLoaderCBP
5086:             1             16  org.zeroturnaround.javarebel.integration.struts.Struts1Plugin
5087:             1             16  org.zeroturnaround.javarebel.integration.struts2.Struts2Plugin
5088:             1             16  org.zeroturnaround.javarebel.integration.support.JavassistClassBytecodeProcessor$1
5089:             1             16  org.zeroturnaround.javarebel.integration.support.JavassistClassBytecodeProcessor$2
5090:             1             16  org.zeroturnaround.javarebel.integration.support.RestrictedClassClassPath
5091:             1             16  org.zeroturnaround.javarebel.integration.swagger.ApiListingResourceCBP
5092:             1             16  org.zeroturnaround.javarebel.integration.swagger.SwaggerCBP
5093:             1             16  org.zeroturnaround.javarebel.integration.swagger.SwaggerConfigCBP
5094:             1             16  org.zeroturnaround.javarebel.integration.tapestry4.Tapestry4Plugin
5095:             1             16  org.zeroturnaround.javarebel.integration.tapestry5.Tapestry5Plugin
5096:             1             16  org.zeroturnaround.javarebel.integration.tcat.TcatClassLoaderFilter
5097:             1             16  org.zeroturnaround.javarebel.integration.tk.WebAppMigrationLauncherCBP
5098:             1             16  org.zeroturnaround.javarebel.integration.tomcat.ProxyDirContextCBP
5099:             1             16  org.zeroturnaround.javarebel.integration.tomcat.StandardJarScannerCBP
5100:             1             16  org.zeroturnaround.javarebel.integration.tomcat.WebappClassLoaderCBP
5101:             1             16  org.zeroturnaround.javarebel.integration.tomee.OpenEJBContextConfigCBP
5102:             1             16  org.zeroturnaround.javarebel.integration.tomee.TomcatWebAppBuilderCBP
5103:             1             16  org.zeroturnaround.javarebel.integration.tomee.TomeeUrlCacheCBP
5104:             1             16  org.zeroturnaround.javarebel.integration.util.MonitorUtil$1
5105:             1             16  org.zeroturnaround.javarebel.integration.util.RequestCountingUtil$CountingRequestListener
5106:             1             16  org.zeroturnaround.javarebel.integration.util.WeakUtil$WeakListenerReference$1
5107:             1             16  org.zeroturnaround.javarebel.integration.vaadin.ApplicationCBP
5108:             1             16  org.zeroturnaround.javarebel.integration.vaadin.RouteRegistryCBP
5109:             1             16  org.zeroturnaround.javarebel.integration.vaadin.UICBP
5110:             1             16  org.zeroturnaround.javarebel.integration.vaadin.spring.SpringViewDisplayPostProcessorCBP
5111:             1             16  org.zeroturnaround.javarebel.integration.vaadin.spring.SpringViewDisplayRegistrationBeanCBP
5112:             1             16  org.zeroturnaround.javarebel.integration.vfs.VFSCBP
5113:             1             16  org.zeroturnaround.javarebel.integration.virgo.FindResourceDelegatingClassLoaderCBP
5114:             1             16  org.zeroturnaround.javarebel.integration.virgo.KernelBundleClassLoaderCBP
5115:             1             16  org.zeroturnaround.javarebel.integration.virgo.SnapServletContextCBP
5116:             1             16  org.zeroturnaround.javarebel.integration.virgo.VirgoThrowAwayClassLoaderCBP
5117:             1             16  org.zeroturnaround.javarebel.integration.vraptor.VRaptorCBP
5118:             1             16  org.zeroturnaround.javarebel.integration.vraptor.VRaptorPlugin
5119:             1             16  org.zeroturnaround.javarebel.integration.weblogic.AbstractPersistenceUnitRegistryCBP
5120:             1             16  org.zeroturnaround.javarebel.integration.weblogic.ByteArraySourceCBP
5121:             1             16  org.zeroturnaround.javarebel.integration.weblogic.ChangeAwareClassLoaderCBP
5122:             1             16  org.zeroturnaround.javarebel.integration.weblogic.ClassFinderIndexCBP
5123:             1             16  org.zeroturnaround.javarebel.integration.weblogic.DirectoryClassFinderCBP
5124:             1             16  org.zeroturnaround.javarebel.integration.weblogic.FilteringClassLoaderCBP
5125:             1             16  org.zeroturnaround.javarebel.integration.weblogic.GenericClassLoaderCBP
5126:             1             16  org.zeroturnaround.javarebel.integration.weblogic.PersistenceUtilsCBP
5127:             1             16  org.zeroturnaround.javarebel.integration.weblogic.ZipClassFinderCBP
5128:             1             16  org.zeroturnaround.javarebel.integration.weblogic.logging.BaseLoggerCBP
5129:             1             16  org.zeroturnaround.javarebel.integration.weblogic.logging.CodeGeneratorCBP
5130:             1             16  org.zeroturnaround.javarebel.integration.weblogic.logging.CompilerForJDTCBP
5131:             1             16  org.zeroturnaround.javarebel.integration.weblogic.logging.CompilerInvokerCBP
5132:             1             16  org.zeroturnaround.javarebel.integration.weblogic.logging.DebugLoggerCBP
5133:             1             16  org.zeroturnaround.javarebel.integration.weblogic.logging.T3SrvrLoggerCBP
5134:             1             16  org.zeroturnaround.javarebel.integration.websphere.CompoundClassLoaderCBP
5135:             1             16  org.zeroturnaround.javarebel.integration.websphere.ContainerClassLoaderCBP
5136:             1             16  org.zeroturnaround.javarebel.integration.websphere.JPAApplInfoCBP
5137:             1             16  org.zeroturnaround.javarebel.integration.websphere.MobilefirstParentLastClassLoader
5138:             1             16  org.zeroturnaround.javarebel.integration.websphere.SRTServletResponseCBP
5139:             1             16  org.zeroturnaround.javarebel.integration.websphere.SharedJPAComponentImplCBP
5140:             1             16  org.zeroturnaround.javarebel.integration.websphere.SmartClassPathImplCBP
5141:             1             16  org.zeroturnaround.javarebel.integration.websphere.URLByteResourceInformationCBP
5142:             1             16  org.zeroturnaround.javarebel.integration.websphere.WasAppClassLoaderCBP
5143:             1             16  org.zeroturnaround.javarebel.integration.websphere.WasExtClassLoaderCBP
5144:             1             16  org.zeroturnaround.javarebel.integration.websphere.WasReloadableClassLoaderCBP
5145:             1             16  org.zeroturnaround.javarebel.integration.websphere.WasUnifiedClassLoaderCBP
5146:             1             16  org.zeroturnaround.javarebel.integration.websphere.WlpJPAPUnitInfoCBP
5147:             1             16  org.zeroturnaround.javarebel.integration.websphere.WlpShadowClassLoaderCBP
5148:             1             16  org.zeroturnaround.javarebel.integration.wildfly.cbp.BeansXmlProcessorCBP
5149:             1             16  org.zeroturnaround.javarebel.integration.wildfly.cbp.ExternalBeanArchiveProcessorCBP
5150:             1             16  org.zeroturnaround.javarebel.integration.wildfly.cbp.ServerEnvironmentCBP
5151:             1             16  org.zeroturnaround.javarebel.integration.wildfly.undertow.WildFlyPlugin
5152:             1             16  org.zeroturnaround.javarebel.integration.yoko.YokoField
5153:             1             16  org.zeroturnaround.javarebel.integration.yoko.YokoLocalDescriptorsCBP
5154:             1             16  org.zeroturnaround.javarebel.jboss.JbossPlugin
5155:             1             16  org.zeroturnaround.javarebel.jboss7.Jboss7Plugin
5156:             1             16  org.zeroturnaround.javarebel.preferences.FileStore$RetryFS
5157:             1             16  org.zeroturnaround.javarebel.reporting.MixpanelMetrics$1
5158:             1             16  org.zeroturnaround.javarebel.reporting.MixpanelMetrics$9
5159:             1             16  org.zeroturnaround.javarebel.reporting.StatsPersister
5160:             1             16  org.zeroturnaround.javarebel.reporting.Time$DefaultTimeProvider
5161:             1             16  org.zeroturnaround.javarebel.reporting.backend.impl.SegmentIOBackend$HttpBackend
5162:             1             16  org.zeroturnaround.javarebel.reporting.interceptors.ActivatedFilter
5163:             1             16  org.zeroturnaround.javarebel.reporting.interceptors.PIIConsentFilter
5164:             1             16  org.zeroturnaround.javarebel.reporting.interceptors.RemotingFilter
5165:             1             16  org.zeroturnaround.javarebel.reporting.stats.DebuggerStatsListener
5166:             1             16  org.zeroturnaround.javarebel.reporting.stats.SpringStatsListener
5167:             1             16  org.zeroturnaround.javarebel.reporting.stats.UsedContainerManager
5168:             1             16  org.zeroturnaround.javarebel.reporting.stats.UsedContainerManager$ContainerIdentifierListener
5169:             1             16  org.zeroturnaround.javarebel.reporting.stats.repository.impl.RepositoryMetricsStatistics$ModuleDeployStatsListener
5170:             1             16  org.zeroturnaround.javarebel.reporting.stats.repository.impl.RepositoryMetricsStatistics$PropertyStatsListener
5171:             1             16  org.zeroturnaround.javarebel.seamwicket.SeamWicketPlugin
5172:             1             16  org.zeroturnaround.javarebel.service.ServiceRequestIntegrationImpl
5173:             1             16  org.zeroturnaround.javarebel.service.ServiceRequestIntegrationImpl$ListenerPriorityComparator
5174:             1             16  org.zeroturnaround.javarebel.spring.SpringMetrics$SendToStatisticsCollectorStrategy
5175:             1             16  org.zeroturnaround.javarebel.spring.SpringMetrics$ShipInBackgroundThreadStrategy
5176:             1             16  org.zeroturnaround.javarebel.spring.handlermethod.HandlerMethodHelper
5177:             1             16  org.zeroturnaround.javarebel.velocity.VelocityPlugin
5178:             1             16  org.zeroturnaround.jrebel.GrailsCliPlugin
5179:             1             16  org.zeroturnaround.jrebel.adf.core.AdfCorePlugin
5180:             1             16  org.zeroturnaround.jrebel.adf.faces.AdfFacesPlugin
5181:             1             16  org.zeroturnaround.jrebel.apache.commons.compress.archivers.zip.FallbackZipEncoding
5182:             1             16  org.zeroturnaround.jrebel.apache.commons.compress.archivers.zip.JarMarker
5183:             1             16  org.zeroturnaround.jrebel.axon.AxonPlugin
5184:             1             16  org.zeroturnaround.jrebel.bval.BValPlugin
5185:             1             16  org.zeroturnaround.jrebel.camel.CamelPlugin
5186:             1             16  org.zeroturnaround.jrebel.captaincasa.CaptainCasaPlugin
5187:             1             16  org.zeroturnaround.jrebel.deltaspike.DeltaspikePlugin
5188:             1             16  org.zeroturnaround.jrebel.ebean.EbeanPlugin
5189:             1             16  org.zeroturnaround.jrebel.facelets.FaceletsPlugin
5190:             1             16  org.zeroturnaround.jrebel.gemini.blueprint.GeminiBlueprintPlugin
5191:             1             16  org.zeroturnaround.jrebel.glassfish.GlassFishPlugin
5192:             1             16  org.zeroturnaround.jrebel.grails2.Grails2Plugin
5193:             1             16  org.zeroturnaround.jrebel.grails2.util.GrailsVersionComparator
5194:             1             16  org.zeroturnaround.jrebel.grails3.Grails3Plugin
5195:             1             16  org.zeroturnaround.jrebel.groovy.GroovyPlugin
5196:             1             16  org.zeroturnaround.jrebel.hibernate.validator.HibernateValidatorPlugin
5197:             1             16  org.zeroturnaround.jrebel.hibernate.validator.cbp.AnnotationMetaDataProviderCBP
5198:             1             16  org.zeroturnaround.jrebel.hibernate.validator.cbp.BeanMetaDataCacheCBP
5199:             1             16  org.zeroturnaround.jrebel.hibernate.validator.cbp.BeanMetaDataManagerCBP
5200:             1             16  org.zeroturnaround.jrebel.hibernate.validator.cbp.ConfigurationImplCBP
5201:             1             16  org.zeroturnaround.jrebel.hibernate.validator.cbp.ConstraintHelperCBP
5202:             1             16  org.zeroturnaround.jrebel.hibernate.validator.cbp.ConstraintLocationCBP
5203:             1             16  org.zeroturnaround.jrebel.hibernate.validator.cbp.ConstraintValidatorManagerCBP
5204:             1             16  org.zeroturnaround.jrebel.hibernate.validator.cbp.ResolvedTypeCacheCBP
5205:             1             16  org.zeroturnaround.jrebel.hibernate.validator.cbp.ResolvedTypeCacheCBP$KeyCBP
5206:             1             16  org.zeroturnaround.jrebel.hibernate.validator.cbp.ResourceBundleMessageInterpolatorCBP
5207:             1             16  org.zeroturnaround.jrebel.hibernate.validator.cbp.ValidationBootstrapParametersCBP
5208:             1             16  org.zeroturnaround.jrebel.hibernate.validator.cbp.ValidatorClassMapCBP
5209:             1             16  org.zeroturnaround.jrebel.hibernate.validator.cbp.ValidatorDescriptorMapCBP
5210:             1             16  org.zeroturnaround.jrebel.hibernate.validator.cbp.ValidatorFactoryImpl23CBP
5211:             1             16  org.zeroturnaround.jrebel.hibernate.validator.cbp.ValidatorFactoryImplCBP
5212:             1             16  org.zeroturnaround.jrebel.hibernate.validator.cbp.ValidatorImplCBP
5213:             1             16  org.zeroturnaround.jrebel.hibernate.validator.cbp.VersionCBP
5214:             1             16  org.zeroturnaround.jrebel.hk2.HK2Plugin
5215:             1             16  org.zeroturnaround.jrebel.hybris.HybrisPlugin
5216:             1             16  org.zeroturnaround.jrebel.ibatis.IbatisPlugin
5217:             1             16  org.zeroturnaround.jrebel.infinispan.InfinispanPlugin
5218:             1             16  org.zeroturnaround.jrebel.integration.amazon.AmazonPlugin
5219:             1             16  org.zeroturnaround.jrebel.integration.atg.AtgPlugin
5220:             1             16  org.zeroturnaround.jrebel.integration.axis2.Axis2Plugin
5221:             1             16  org.zeroturnaround.jrebel.integration.axis2.was.Axis2WasPlugin
5222:             1             16  org.zeroturnaround.jrebel.integration.click.ClickPlugin
5223:             1             16  org.zeroturnaround.jrebel.integration.eclipselink.EclipseLinkPlugin
5224:             1             16  org.zeroturnaround.jrebel.integration.eclipselinkmoxy.EclipseLinkMOXyPlugin
5225:             1             16  org.zeroturnaround.jrebel.integration.gwt.GwtPlugin
5226:             1             16  org.zeroturnaround.jrebel.integration.jasypt.JasyptPlugin
5227:             1             16  org.zeroturnaround.jrebel.integration.logback.LogbackPlugin
5228:             1             16  org.zeroturnaround.jrebel.integration.logback.cbp.ContextBaseCBP
5229:             1             16  org.zeroturnaround.jrebel.integration.logback.cbp.ContextInitializerCBP
5230:             1             16  org.zeroturnaround.jrebel.integration.logback.cbp.LoggerCBP
5231:             1             16  org.zeroturnaround.jrebel.integration.openjpa.OpenJPAPlugin
5232:             1             16  org.zeroturnaround.jrebel.integration.seam3.Seam3Plugin
5233:             1             16  org.zeroturnaround.jrebel.integration.spring.integration.SpringIntegrationPlugin
5234:             1             16  org.zeroturnaround.jrebel.integration.spring.security.SpringSecurityPlugin
5235:             1             16  org.zeroturnaround.jrebel.integration.springdata.SpringDataPlugin
5236:             1             16  org.zeroturnaround.jrebel.integration.stripes.StripesPlugin
5237:             1             16  org.zeroturnaround.jrebel.integration.tiles1.Tiles1Plugin
5238:             1             16  org.zeroturnaround.jrebel.integration.tiles2.Tiles2Plugin
5239:             1             16  org.zeroturnaround.jrebel.integration.toplink.TopLinkPlugin
5240:             1             16  org.zeroturnaround.jrebel.integration.toplink.spring.TopLinkSpringPlugin
5241:             1             16  org.zeroturnaround.jrebel.intellij.FSNotifyPlugin
5242:             1             16  org.zeroturnaround.jrebel.intellij.FileWatcher$Counter
5243:             1             16  org.zeroturnaround.jrebel.intellij.FileWatcher$ErrorListener
5244:             1             16  org.zeroturnaround.jrebel.intellij.FileWatcher$RegistrationLatch
5245:             1             16  org.zeroturnaround.jrebel.jackson.JacksonPlugin
5246:             1             16  org.zeroturnaround.jrebel.jackson2.Jackson2Plugin
5247:             1             16  org.zeroturnaround.jrebel.jackson2.afterburner.cbp.CreatorOptimizerCBP
5248:             1             16  org.zeroturnaround.jrebel.jackson2.afterburner.cbp.DeserializerModifierCBP
5249:             1             16  org.zeroturnaround.jrebel.jackson2.afterburner.cbp.MyClassLoaderCBP
5250:             1             16  org.zeroturnaround.jrebel.jackson2.afterburner.cbp.PropertyAccessorCollectorCBP
5251:             1             16  org.zeroturnaround.jrebel.jackson2.afterburner.cbp.PropertyMutatorCollectorCBP
5252:             1             16  org.zeroturnaround.jrebel.jackson2.afterburner.cbp.SerializerModifierCBP
5253:             1             16  org.zeroturnaround.jrebel.jackson2.cbp.ClassUtilCBP
5254:             1             16  org.zeroturnaround.jrebel.jackson2.cbp.ReadOnlyClassToSerializerMap2CBP
5255:             1             16  org.zeroturnaround.jrebel.jackson2.cbp.SerializerCache2CBP
5256:             1             16  org.zeroturnaround.jrebel.jackson2.cbp.StdDeserializerProviderCBP
5257:             1             16  org.zeroturnaround.jrebel.jackson2.cbp.TypeFactoryCBP
5258:             1             16  org.zeroturnaround.jrebel.jackson2.cbp.UnwrappingBeanPropertyWriterCBP
5259:             1             16  org.zeroturnaround.jrebel.jaxb.JAXBPlugin
5260:             1             16  org.zeroturnaround.jrebel.jaxb.endorsed.JAXBEndorsedPlugin
5261:             1             16  org.zeroturnaround.jrebel.jaxb.ibm.JAXBIbmPlugin
5262:             1             16  org.zeroturnaround.jrebel.jaxb.java6.JAXBJava6Plugin
5263:             1             16  org.zeroturnaround.jrebel.jaxb.java6.cbp.AccessorInjectorCBP
5264:             1             16  org.zeroturnaround.jrebel.jaxb.java6.cbp.JAXBContextBuilderCBP
5265:             1             16  org.zeroturnaround.jrebel.jaxb.java6.cbp.JAXBContextFactoryCBP
5266:             1             16  org.zeroturnaround.jrebel.jaxb.java6.cbp.JAXBContextImplCBP
5267:             1             16  org.zeroturnaround.jrebel.jbossaop.JBossAOPPlugin
5268:             1             16  org.zeroturnaround.jrebel.jersey.JerseyPlugin
5269:             1             16  org.zeroturnaround.jrebel.jersey2.Jersey2Plugin
5270:             1             16  org.zeroturnaround.jrebel.jruby.JRubyPlugin
5271:             1             16  org.zeroturnaround.jrebel.liferay.LiferayPlugin
5272:             1             16  org.zeroturnaround.jrebel.liferay.LiferayStatusPlugin
5273:             1             16  org.zeroturnaround.jrebel.lift.LiftPlugin
5274:             1             16  org.zeroturnaround.jrebel.magnolia.MagnoliaPlugin
5275:             1             16  org.zeroturnaround.jrebel.mojarra.MojarraPlugin
5276:             1             16  org.zeroturnaround.jrebel.mustache.MustachePlugin
5277:             1             16  org.zeroturnaround.jrebel.mybatis.MyBatisPlugin
5278:             1             16  org.zeroturnaround.jrebel.myfaces.MyFacesPlugin
5279:             1             16  org.zeroturnaround.jrebel.openwebbeans.OpenWebBeansPlugin
5280:             1             16  org.zeroturnaround.jrebel.picketlink.PicketlinkPlugin
5281:             1             16  org.zeroturnaround.jrebel.prettyfaces.PrettyfacesPlugin
5282:             1             16  org.zeroturnaround.jrebel.primefaces.PrimefacesPlugin
5283:             1             16  org.zeroturnaround.jrebel.remoting.RemotingPlugin
5284:             1             16  org.zeroturnaround.jrebel.remoting.RootRemotingPlugin
5285:             1             16  org.zeroturnaround.jrebel.resteasy.ResteasyPlugin
5286:             1             16  org.zeroturnaround.jrebel.resteasy.spring.RESTEasySpringPlugin
5287:             1             16  org.zeroturnaround.jrebel.restlet.RestletPlugin
5288:             1             16  org.zeroturnaround.jrebel.scalate.ScalatePlugin
5289:             1             16  org.zeroturnaround.jrebel.seam.SeamPlugin
5290:             1             16  org.zeroturnaround.jrebel.solder.SolderPlugin
5291:             1             16  org.zeroturnaround.jrebel.spring.metro.SpringMetroPlugin
5292:             1             16  org.zeroturnaround.jrebel.springfox.SpringfoxPlugin
5293:             1             16  org.zeroturnaround.jrebel.springplugin.SpringPluginPlugin
5294:             1             16  org.zeroturnaround.jrebel.springws.SpringWSPlugin
5295:             1             16  org.zeroturnaround.jrebel.stats.id.container.ContainerIdentifierPlugin
5296:             1             16  org.zeroturnaround.jrebel.stats.startup.tomcat.HostConfigCBP
5297:             1             16  org.zeroturnaround.jrebel.stats.startup.tomcat.StandardServerStartCBP
5298:             1             16  org.zeroturnaround.jrebel.switchyard.SwitchYardPlugin
5299:             1             16  org.zeroturnaround.jrebel.thymeleaf.ThymeleafPlugin
5300:             1             16  org.zeroturnaround.jrebel.undertow.UndertowPlugin
5301:             1             16  org.zeroturnaround.jrebel.vaadin.VaadinPlugin
5302:             1             16  org.zeroturnaround.jrebel.vaadin.cdiutils.VaadinCdiutilsPlugin
5303:             1             16  org.zeroturnaround.jrebel.weblogic.WeblogicPlugin
5304:             1             16  org.zeroturnaround.jrebel.websphere.WebsphereJAXRS2Plugin
5305:             1             16  org.zeroturnaround.jrebel.websphere.WebspherePlugin
5306:             1             16  org.zeroturnaround.jrebel.weld.WeldPlugin
5307:             1             16  org.zeroturnaround.jrebel.weld2.Weld2Plugin
5308:             1             16  org.zeroturnaround.jrebel.weld2.glassfish.Weld2GlassfishPlugin
5309:             1             16  org.zeroturnaround.jrebel.weld2.websphere.Weld2WebspherePlugin
5310:             1             16  org.zeroturnaround.jrebel.wicket.WicketPlugin
5311:             1             16  org.zeroturnaround.jrebel.wink.WinkPlugin
5312:             1             16  org.zeroturnaround.jrebel.zk.ZKPlugin
5313:             1             16  sun.management.ClassLoadingImpl
5314:             1             16  sun.management.HotSpotDiagnostic
5315:             1             16  sun.management.ManagementFactoryHelper$PlatformLoggingImpl
5316:             1             16  sun.management.jmxremote.LocalRMIServerSocketFactory
5317:             1             16  sun.misc.ASCIICaseInsensitiveComparator
5318:             1             16  sun.misc.FloatingDecimal$1
5319:             1             16  sun.misc.Launcher
5320:             1             16  sun.misc.Launcher$Factory
5321:             1             16  sun.misc.ObjectInputFilter$Config$$Lambda$8/1738867229
5322:             1             16  sun.misc.Perf
5323:             1             16  sun.misc.Unsafe
5324:             1             16  sun.net.DefaultProgressMeteringPolicy
5325:             1             16  sun.net.ExtendedOptionsImpl$$Lambda$421/454256192
5326:             1             16  sun.net.idn.StringPrep$StringPrepTrieImpl
5327:             1             16  sun.net.spi.DefaultProxySelector
5328:             1             16  sun.net.www.protocol.jar.JarFileFactory
5329:             1             16  sun.nio.ch.ExtendedSocketOption$1
5330:             1             16  sun.nio.ch.FileChannelImpl$1
5331:             1             16  sun.nio.ch.Net$1
5332:             1             16  sun.nio.ch.Util$1
5333:             1             16  sun.nio.ch.WindowsSelectorProvider
5334:             1             16  sun.nio.cs.CharsetMapping$2
5335:             1             16  sun.nio.cs.CharsetMapping$3
5336:             1             16  sun.nio.cs.CharsetMapping$4
5337:             1             16  sun.nio.fs.WindowsChannelFactory$1
5338:             1             16  sun.nio.fs.WindowsFileSystemProvider
5339:             1             16  sun.reflect.ClassDefiner$1
5340:             1             16  sun.reflect.GeneratedConstructorAccessor1
5341:             1             16  sun.reflect.GeneratedConstructorAccessor10
5342:             1             16  sun.reflect.GeneratedConstructorAccessor11
5343:             1             16  sun.reflect.GeneratedConstructorAccessor12
5344:             1             16  sun.reflect.GeneratedConstructorAccessor13
5345:             1             16  sun.reflect.GeneratedConstructorAccessor14
5346:             1             16  sun.reflect.GeneratedConstructorAccessor15
5347:             1             16  sun.reflect.GeneratedConstructorAccessor16
5348:             1             16  sun.reflect.GeneratedConstructorAccessor17
5349:             1             16  sun.reflect.GeneratedConstructorAccessor18
5350:             1             16  sun.reflect.GeneratedConstructorAccessor19
5351:             1             16  sun.reflect.GeneratedConstructorAccessor2
5352:             1             16  sun.reflect.GeneratedConstructorAccessor20
5353:             1             16  sun.reflect.GeneratedConstructorAccessor21
5354:             1             16  sun.reflect.GeneratedConstructorAccessor22
5355:             1             16  sun.reflect.GeneratedConstructorAccessor23
5356:             1             16  sun.reflect.GeneratedConstructorAccessor24
5357:             1             16  sun.reflect.GeneratedConstructorAccessor25
5358:             1             16  sun.reflect.GeneratedConstructorAccessor26
5359:             1             16  sun.reflect.GeneratedConstructorAccessor27
5360:             1             16  sun.reflect.GeneratedConstructorAccessor28
5361:             1             16  sun.reflect.GeneratedConstructorAccessor29
5362:             1             16  sun.reflect.GeneratedConstructorAccessor3
5363:             1             16  sun.reflect.GeneratedConstructorAccessor30
5364:             1             16  sun.reflect.GeneratedConstructorAccessor31
5365:             1             16  sun.reflect.GeneratedConstructorAccessor32
5366:             1             16  sun.reflect.GeneratedConstructorAccessor33
5367:             1             16  sun.reflect.GeneratedConstructorAccessor34
5368:             1             16  sun.reflect.GeneratedConstructorAccessor35
5369:             1             16  sun.reflect.GeneratedConstructorAccessor36
5370:             1             16  sun.reflect.GeneratedConstructorAccessor37
5371:             1             16  sun.reflect.GeneratedConstructorAccessor38
5372:             1             16  sun.reflect.GeneratedConstructorAccessor39
5373:             1             16  sun.reflect.GeneratedConstructorAccessor4
5374:             1             16  sun.reflect.GeneratedConstructorAccessor40
5375:             1             16  sun.reflect.GeneratedConstructorAccessor41
5376:             1             16  sun.reflect.GeneratedConstructorAccessor42
5377:             1             16  sun.reflect.GeneratedConstructorAccessor43
5378:             1             16  sun.reflect.GeneratedConstructorAccessor44
5379:             1             16  sun.reflect.GeneratedConstructorAccessor45
5380:             1             16  sun.reflect.GeneratedConstructorAccessor46
5381:             1             16  sun.reflect.GeneratedConstructorAccessor47
5382:             1             16  sun.reflect.GeneratedConstructorAccessor48
5383:             1             16  sun.reflect.GeneratedConstructorAccessor49
5384:             1             16  sun.reflect.GeneratedConstructorAccessor5
5385:             1             16  sun.reflect.GeneratedConstructorAccessor50
5386:             1             16  sun.reflect.GeneratedConstructorAccessor51
5387:             1             16  sun.reflect.GeneratedConstructorAccessor52
5388:             1             16  sun.reflect.GeneratedConstructorAccessor53
5389:             1             16  sun.reflect.GeneratedConstructorAccessor54
5390:             1             16  sun.reflect.GeneratedConstructorAccessor55
5391:             1             16  sun.reflect.GeneratedConstructorAccessor56
5392:             1             16  sun.reflect.GeneratedConstructorAccessor57
5393:             1             16  sun.reflect.GeneratedConstructorAccessor58
5394:             1             16  sun.reflect.GeneratedConstructorAccessor59
5395:             1             16  sun.reflect.GeneratedConstructorAccessor6
5396:             1             16  sun.reflect.GeneratedConstructorAccessor60
5397:             1             16  sun.reflect.GeneratedConstructorAccessor61
5398:             1             16  sun.reflect.GeneratedConstructorAccessor7
5399:             1             16  sun.reflect.GeneratedConstructorAccessor8
5400:             1             16  sun.reflect.GeneratedConstructorAccessor9
5401:             1             16  sun.reflect.GeneratedMethodAccessor1
5402:             1             16  sun.reflect.GeneratedMethodAccessor10
5403:             1             16  sun.reflect.GeneratedMethodAccessor11
5404:             1             16  sun.reflect.GeneratedMethodAccessor12
5405:             1             16  sun.reflect.GeneratedMethodAccessor13
5406:             1             16  sun.reflect.GeneratedMethodAccessor14
5407:             1             16  sun.reflect.GeneratedMethodAccessor15
5408:             1             16  sun.reflect.GeneratedMethodAccessor16
5409:             1             16  sun.reflect.GeneratedMethodAccessor17
5410:             1             16  sun.reflect.GeneratedMethodAccessor18
5411:             1             16  sun.reflect.GeneratedMethodAccessor19
5412:             1             16  sun.reflect.GeneratedMethodAccessor2
5413:             1             16  sun.reflect.GeneratedMethodAccessor20
5414:             1             16  sun.reflect.GeneratedMethodAccessor21
5415:             1             16  sun.reflect.GeneratedMethodAccessor22
5416:             1             16  sun.reflect.GeneratedMethodAccessor23
5417:             1             16  sun.reflect.GeneratedMethodAccessor24
5418:             1             16  sun.reflect.GeneratedMethodAccessor25
5419:             1             16  sun.reflect.GeneratedMethodAccessor26
5420:             1             16  sun.reflect.GeneratedMethodAccessor27
5421:             1             16  sun.reflect.GeneratedMethodAccessor28
5422:             1             16  sun.reflect.GeneratedMethodAccessor29
5423:             1             16  sun.reflect.GeneratedMethodAccessor3
5424:             1             16  sun.reflect.GeneratedMethodAccessor30
5425:             1             16  sun.reflect.GeneratedMethodAccessor31
5426:             1             16  sun.reflect.GeneratedMethodAccessor32
5427:             1             16  sun.reflect.GeneratedMethodAccessor33
5428:             1             16  sun.reflect.GeneratedMethodAccessor34
5429:             1             16  sun.reflect.GeneratedMethodAccessor35
5430:             1             16  sun.reflect.GeneratedMethodAccessor36
5431:             1             16  sun.reflect.GeneratedMethodAccessor37
5432:             1             16  sun.reflect.GeneratedMethodAccessor38
5433:             1             16  sun.reflect.GeneratedMethodAccessor39
5434:             1             16  sun.reflect.GeneratedMethodAccessor4
5435:             1             16  sun.reflect.GeneratedMethodAccessor40
5436:             1             16  sun.reflect.GeneratedMethodAccessor41
5437:             1             16  sun.reflect.GeneratedMethodAccessor42
5438:             1             16  sun.reflect.GeneratedMethodAccessor43
5439:             1             16  sun.reflect.GeneratedMethodAccessor44
5440:             1             16  sun.reflect.GeneratedMethodAccessor45
5441:             1             16  sun.reflect.GeneratedMethodAccessor46
5442:             1             16  sun.reflect.GeneratedMethodAccessor47
5443:             1             16  sun.reflect.GeneratedMethodAccessor48
5444:             1             16  sun.reflect.GeneratedMethodAccessor49
5445:             1             16  sun.reflect.GeneratedMethodAccessor5
5446:             1             16  sun.reflect.GeneratedMethodAccessor50
5447:             1             16  sun.reflect.GeneratedMethodAccessor51
5448:             1             16  sun.reflect.GeneratedMethodAccessor52
5449:             1             16  sun.reflect.GeneratedMethodAccessor53
5450:             1             16  sun.reflect.GeneratedMethodAccessor54
5451:             1             16  sun.reflect.GeneratedMethodAccessor55
5452:             1             16  sun.reflect.GeneratedMethodAccessor56
5453:             1             16  sun.reflect.GeneratedMethodAccessor57
5454:             1             16  sun.reflect.GeneratedMethodAccessor58
5455:             1             16  sun.reflect.GeneratedMethodAccessor59
5456:             1             16  sun.reflect.GeneratedMethodAccessor6
5457:             1             16  sun.reflect.GeneratedMethodAccessor60
5458:             1             16  sun.reflect.GeneratedMethodAccessor62
5459:             1             16  sun.reflect.GeneratedMethodAccessor63
5460:             1             16  sun.reflect.GeneratedMethodAccessor64
5461:             1             16  sun.reflect.GeneratedMethodAccessor65
5462:             1             16  sun.reflect.GeneratedMethodAccessor66
5463:             1             16  sun.reflect.GeneratedMethodAccessor67
5464:             1             16  sun.reflect.GeneratedMethodAccessor68
5465:             1             16  sun.reflect.GeneratedMethodAccessor69
5466:             1             16  sun.reflect.GeneratedMethodAccessor7
5467:             1             16  sun.reflect.GeneratedMethodAccessor70
5468:             1             16  sun.reflect.GeneratedMethodAccessor71
5469:             1             16  sun.reflect.GeneratedMethodAccessor72
5470:             1             16  sun.reflect.GeneratedMethodAccessor73
5471:             1             16  sun.reflect.GeneratedMethodAccessor74
5472:             1             16  sun.reflect.GeneratedMethodAccessor75
5473:             1             16  sun.reflect.GeneratedMethodAccessor76
5474:             1             16  sun.reflect.GeneratedMethodAccessor77
5475:             1             16  sun.reflect.GeneratedMethodAccessor78
5476:             1             16  sun.reflect.GeneratedMethodAccessor79
5477:             1             16  sun.reflect.GeneratedMethodAccessor8
5478:             1             16  sun.reflect.GeneratedMethodAccessor80
5479:             1             16  sun.reflect.GeneratedMethodAccessor81
5480:             1             16  sun.reflect.GeneratedMethodAccessor82
5481:             1             16  sun.reflect.GeneratedMethodAccessor83
5482:             1             16  sun.reflect.GeneratedMethodAccessor84
5483:             1             16  sun.reflect.GeneratedMethodAccessor85
5484:             1             16  sun.reflect.GeneratedMethodAccessor86
5485:             1             16  sun.reflect.GeneratedMethodAccessor9
5486:             1             16  sun.reflect.GeneratedSerializationConstructorAccessor1
5487:             1             16  sun.reflect.GeneratedSerializationConstructorAccessor10
5488:             1             16  sun.reflect.GeneratedSerializationConstructorAccessor11
5489:             1             16  sun.reflect.GeneratedSerializationConstructorAccessor12
5490:             1             16  sun.reflect.GeneratedSerializationConstructorAccessor13
5491:             1             16  sun.reflect.GeneratedSerializationConstructorAccessor14
5492:             1             16  sun.reflect.GeneratedSerializationConstructorAccessor15
5493:             1             16  sun.reflect.GeneratedSerializationConstructorAccessor16
5494:             1             16  sun.reflect.GeneratedSerializationConstructorAccessor17
5495:             1             16  sun.reflect.GeneratedSerializationConstructorAccessor18
5496:             1             16  sun.reflect.GeneratedSerializationConstructorAccessor19
5497:             1             16  sun.reflect.GeneratedSerializationConstructorAccessor2
5498:             1             16  sun.reflect.GeneratedSerializationConstructorAccessor20
5499:             1             16  sun.reflect.GeneratedSerializationConstructorAccessor21
5500:             1             16  sun.reflect.GeneratedSerializationConstructorAccessor22
5501:             1             16  sun.reflect.GeneratedSerializationConstructorAccessor23
5502:             1             16  sun.reflect.GeneratedSerializationConstructorAccessor25
5503:             1             16  sun.reflect.GeneratedSerializationConstructorAccessor3
5504:             1             16  sun.reflect.GeneratedSerializationConstructorAccessor4
5505:             1             16  sun.reflect.GeneratedSerializationConstructorAccessor5
5506:             1             16  sun.reflect.GeneratedSerializationConstructorAccessor6
5507:             1             16  sun.reflect.GeneratedSerializationConstructorAccessor7
5508:             1             16  sun.reflect.GeneratedSerializationConstructorAccessor8
5509:             1             16  sun.reflect.GeneratedSerializationConstructorAccessor9
5510:             1             16  sun.reflect.MagicInitInvoker
5511:             1             16  sun.reflect.ProxyDefineClassMethodAccessor
5512:             1             16  sun.reflect.ReflectionFactory
5513:             1             16  sun.reflect.generics.reflectiveObjects.GenericArrayTypeImpl
5514:             1             16  sun.reflect.generics.tree.BooleanSignature
5515:             1             16  sun.reflect.generics.tree.BottomSignature
5516:             1             16  sun.reflect.generics.tree.ByteSignature
5517:             1             16  sun.reflect.generics.tree.CharSignature
5518:             1             16  sun.reflect.generics.tree.DoubleSignature
5519:             1             16  sun.reflect.generics.tree.FloatSignature
5520:             1             16  sun.reflect.generics.tree.IntSignature
5521:             1             16  sun.reflect.generics.tree.LongSignature
5522:             1             16  sun.reflect.generics.tree.ShortSignature
5523:             1             16  sun.reflect.generics.tree.VoidDescriptor
5524:             1             16  sun.rmi.registry.RegistryImpl$$Lambda$4/2024453272
5525:             1             16  sun.rmi.registry.RegistryImpl$$Lambda$5/98394724
5526:             1             16  sun.rmi.registry.RegistryImpl_Skel
5527:             1             16  sun.rmi.registry.RegistryImpl_Stub
5528:             1             16  sun.rmi.runtime.Log$LoggerLogFactory
5529:             1             16  sun.rmi.runtime.RuntimeUtil
5530:             1             16  sun.rmi.server.UnicastRef2
5531:             1             16  sun.rmi.server.UnicastServerRef$HashToMethod_Maps
5532:             1             16  sun.rmi.transport.DGCImpl$$Lambda$2/689401025
5533:             1             16  sun.rmi.transport.DGCImpl$1
5534:             1             16  sun.rmi.transport.DGCImpl$2$$Lambda$3/363988129
5535:             1             16  sun.rmi.transport.DGCImpl_Skel
5536:             1             16  sun.rmi.transport.DGCImpl_Stub
5537:             1             16  sun.rmi.transport.proxy.RMIDirectSocketFactory
5538:             1             16  sun.rmi.transport.tcp.TCPTransport$1
5539:             1             16  sun.security.provider.NativeSeedGenerator
5540:             1             16  sun.security.rsa.RSAKeyFactory
5541:             1             16  sun.security.ssl.DummyX509KeyManager
5542:             1             16  sun.security.util.ByteArrayLexOrder
5543:             1             16  sun.security.util.ByteArrayTagOrder
5544:             1             16  sun.security.x509.RFC822Name
5545:             1             16  sun.text.SupplementaryCharacterData
5546:             1             16  sun.text.normalizer.NormalizerBase$Mode
5547:             1             16  sun.text.normalizer.NormalizerBase$NFCMode
5548:             1             16  sun.text.normalizer.NormalizerBase$NFDMode
5549:             1             16  sun.text.normalizer.NormalizerBase$NFKCMode
5550:             1             16  sun.text.normalizer.NormalizerBase$NFKDMode
5551:             1             16  sun.text.normalizer.NormalizerImpl
5552:             1             16  sun.text.normalizer.NormalizerImpl$AuxTrieImpl
5553:             1             16  sun.text.normalizer.NormalizerImpl$FCDTrieImpl
5554:             1             16  sun.text.normalizer.NormalizerImpl$NormTrieImpl
5555:             1             16  sun.util.calendar.Gregorian
5556:             1             16  sun.util.locale.InternalLocaleBuilder$CaseInsensitiveChar
5557:             1             16  sun.util.locale.provider.AuxLocaleProviderAdapter$NullProvider
5558:             1             16  sun.util.locale.provider.CalendarDataUtility$CalendarFieldValueNamesMapGetter
5559:             1             16  sun.util.locale.provider.CalendarDataUtility$CalendarWeekParameterGetter
5560:             1             16  sun.util.locale.provider.CalendarNameProviderImpl$LengthBasedComparator
5561:             1             16  sun.util.locale.provider.SPILocaleProviderAdapter
5562:             1             16  sun.util.locale.provider.TimeZoneNameUtility$TimeZoneNameGetter
5563:             1             16  sun.util.resources.LocaleData
5564:             1             16  sun.util.resources.LocaleData$LocaleDataResourceBundleControl
Total       3035960      335961352

