
 num     #instances         #bytes  class name
----------------------------------------------
   1:        216680       37445760  [C
   2:          6552        9631880  [I
   3:          6096        6025712  [B
   4:        190843        4580232  java.lang.String
   5:         64612        3618272  java.util.LinkedHashMap
   6:         26968        2588928  java.lang.reflect.Method
   7:         59490        1903680  java.util.HashMap$Node
   8:         22152        1440096  [Ljava.lang.Object;
   9:         33913        1356520  java.util.LinkedHashMap$Entry
  10:         13930        1348944  [Ljava.util.HashMap$Node;
  11:         12060        1341912  java.lang.Class
  12:         41278        1320896  java.util.concurrent.ConcurrentHashMap$Node
  13:          1821         972984  [Lcom.zeroturnaround.javarebel.gwb;
  14:         14510         812560  com.zeroturnaround.javarebel.gvw
  15:         11004         792288  org.springframework.core.type.classreading.AnnotationMetadataReadingVisitor
  16:         11642         745088  java.net.URL
  17:         27546         606720  [Ljava.lang.Class;
  18:         35266         564256  java.util.LinkedHashSet
  19:         17303         474064  [Ljava.lang.String;
  20:          5448         435840  java.lang.reflect.Field
  21:           218         393456  [Ljava.util.concurrent.ConcurrentHashMap$Node;
  22:         10502         336064  com.zeroturnaround.javarebel.gwb
  23:          6443         309264  org.springframework.util.ConcurrentReferenceHashMap$SoftEntryReference
  24:          3713         297040  java.lang.reflect.Constructor
  25:          5935         284880  java.util.HashMap
  26:          3698         266256  org.springframework.core.annotation.AnnotationAttributes
  27:         11003         264072  org.springframework.core.type.classreading.SimpleMetadataReader
  28:          5269         252912  com.zeroturnaround.jrebelbase.d
  29:         10495         251880  org.springframework.core.io.UrlResource
  30:         10105         242520  com.zeroturnaround.javarebel.guo
  31:         14140         226240  java.lang.Object
  32:          9048         217152  java.lang.Long
  33:         12026         192416  org.springframework.util.LinkedMultiValueMap
  34:         11909         190544  java.util.LinkedHashMap$LinkedValues
  35:          7895         189480  com.zeroturnaround.javarebel.agh
  36:          5532         177024  java.util.LinkedList
  37:          2372         160496  [Ljava.lang.reflect.Method;
  38:          6389         153336  org.springframework.util.ConcurrentReferenceHashMap$Entry
  39:          2736         153216  java.lang.Class$ReflectionData
  40:          4783         153056  java.util.Hashtable$Entry
  41:          6367         152808  java.util.LinkedList$Node
  42:          6170         148080  java.util.ArrayList
  43:          9077         145232  java.lang.Integer
  44:          3534         141360  java.lang.ref.SoftReference
  45:          5693         136632  java.lang.StringBuilder
  46:          2794         134112  org.springframework.core.ResolvableType
  47:          3679         117728  java.lang.ref.WeakReference
  48:          1224         114584  [Ljava.util.Hashtable$Entry;
  49:          7107         113712  com.zeroturnaround.javarebel.age
  50:          2641         105640  java.lang.ref.Finalizer
  51:          4292         103008  com.zeroturnaround.javarebel.guq
  52:          2759          88288  java.io.File
  53:           839          80544  com.zeroturnaround.reload.ab
  54:          1971          78840  org.springframework.boot.devtools.filewatch.FileSnapshot
  55:           848          76032  [Lcom.zeroturnaround.javarebel.haf;
  56:          3154          75696  org.springframework.core.MethodClassKey
  57:          2322          74304  java.util.Vector
  58:           905          74200  [Lorg.springframework.util.ConcurrentReferenceHashMap$Reference;
  59:          1833          73320  java.security.ProtectionDomain
  60:          1307          73192  java.security.Provider$Service
  61:          2261          72352  sun.reflect.DelegatingConstructorAccessorImpl
  62:          2180          69760  java.lang.ref.ReferenceQueue
  63:          4328          69248  com.zeroturnaround.javarebel.gwg
  64:          1700          68000  java.util.TreeMap$Entry
  65:          1697          67880  com.zeroturnaround.javarebel.gww
  66:          4219          67504  org.springframework.core.annotation.AnnotationUtils$DefaultValueHolder
  67:          1197          67032  java.lang.invoke.MemberName
  68:             2          65568  [Lcom.alibaba.fastjson.util.IdentityHashMap$Entry;
  69:          1991          63712  java.util.concurrent.locks.ReentrantLock$NonfairSync
  70:          2624          62976  java.security.Provider$ServiceKey
  71:           357          62832  org.springframework.context.annotation.ConfigurationClassBeanDefinitionReader$ConfigurationClassBeanDefinition
  72:          1831          58592  java.security.CodeSource
  73:          1187          56976  java.util.Hashtable
  74:           997          55832  org.springframework.core.type.classreading.MethodMetadataReadingVisitor
  75:          2199          52776  org.zeroturnaround.bundled.javassist.bytecode.Utf8Info
  76:          2076          49824  sun.reflect.annotation.AnnotationInvocationHandler
  77:          1029          49392  org.apache.tomcat.util.modeler.AttributeInfo
  78:          1028          49344  org.zeroturnaround.javarebel.integration.util.WeakIdentityHashMap$Entry
  79:           844          47264  com.zeroturnaround.reload.z
  80:           270          45360  org.springframework.beans.factory.support.RootBeanDefinition
  81:          2675          42800  java.util.LinkedHashMap$LinkedEntrySet
  82:          1069          42760  java.lang.invoke.MethodType
  83:           866          41568  com.zeroturnaround.javarebel.haf
  84:           847          40656  com.zeroturnaround.javarebel.gzy
  85:           106          39856  java.lang.Thread
  86:          1638          38768  [Ljava.lang.reflect.Constructor;
  87:           448          36976  [Ljava.util.WeakHashMap$Entry;
  88:           441          36144  [Lorg.springframework.boot.context.properties.source.ConfigurationPropertyName$ElementType;
  89:          2182          34912  java.lang.ref.ReferenceQueue$Lock
  90:          1451          34824  sun.reflect.generics.tree.SimpleClassTypeSignature
  91:          1088          34816  java.lang.ThreadLocal$ThreadLocalMap$Entry
  92:           835          34768  [Ljava.lang.reflect.Field;
  93:          1080          34560  sun.reflect.DelegatingMethodAccessorImpl
  94:          1073          34336  java.lang.invoke.MethodType$ConcurrentWeakInternSet$WeakEntry
  95:           710          34080  java.nio.HeapCharBuffer
  96:           145          34064  [[C
  97:          1363          32712  java.lang.Class$AnnotationData
  98:          2038          32608  java.util.HashSet
  99:           940          30080  java.util.Collections$SynchronizedMap
 100:          1239          29736  sun.reflect.NativeConstructorAccessorImpl
 101:          1834          29344  java.security.ProtectionDomain$Key
 102:          1833          29328  [Ljava.security.Principal;
 103:          1212          29088  com.zeroturnaround.javarebel.gtb
 104:           516          28896  java.lang.Package
 105:           720          28800  org.springframework.util.ConcurrentReferenceHashMap$Segment
 106:           438          28032  org.springframework.core.MethodParameter
 107:          1093          27440  [Ljava.lang.annotation.Annotation;
 108:          1143          27432  java.util.concurrent.CopyOnWriteArrayList
 109:           424          27136  java.util.concurrent.ConcurrentHashMap
 110:          1451          27024  [Lsun.reflect.generics.tree.TypeArgument;
 111:          1688          27008  java.util.LinkedHashMap$LinkedKeySet
 112:           562          26976  org.apache.tomcat.util.buf.ByteChunk
 113:           665          26600  java.util.WeakHashMap$Entry
 114:           554          26592  java.util.concurrent.locks.ReentrantReadWriteLock$NonfairSync
 115:           180          25472  [Z
 116:           530          25440  org.apache.tomcat.util.buf.CharChunk
 117:          1058          25392  java.util.jar.Attributes$Name
 118:           225          25168  [Ljava.lang.ThreadLocal$ThreadLocalMap$Entry;
 119:           523          25104  org.apache.tomcat.util.buf.MessageBytes
 120:            46          24288  [Lorg.zeroturnaround.bundled.javassist.bytecode.ConstInfo;
 121:          1004          24096  org.springframework.beans.BeanMetadataAttribute
 122:           601          24040  java.io.FileDescriptor
 123:           485          23280  ch.qos.logback.classic.Logger
 124:           725          23200  java.lang.invoke.DirectMethodHandle
 125:          1405          22480  sun.reflect.generics.tree.ClassTypeSignature
 126:           451          21648  org.apache.tomcat.util.modeler.OperationInfo
 127:           518          20720  org.zeroturnaround.bundled.javassist.bytecode.MethodInfo
 128:           876          20648  [Ljava.lang.reflect.Type;
 129:           422          20256  java.util.WeakHashMap
 130:           839          20136  com.zeroturnaround.javarebel.gup
 131:           626          20032  com.zeroturnaround.javarebel.gds
 132:           277          19944  com.sun.jmx.remote.util.OrderClassLoaders
 133:           277          19944  javax.management.remote.rmi.RMIConnectionImpl$CombinedClassLoader
 134:           277          19944  javax.management.remote.rmi.RMIConnectionImpl$CombinedClassLoader$ClassLoaderWrapper
 135:           615          19680  org.springframework.asm.Type
 136:           811          19464  org.springframework.http.MediaType
 137:          1207          19312  java.util.concurrent.locks.ReentrantLock
 138:           480          19200  java.math.BigInteger
 139:           598          19136  javax.management.MBeanAttributeInfo
 140:           837          18808  [Lorg.springframework.core.ResolvableType;
 141:           779          18696  org.zeroturnaround.bundled.javassist.bytecode.NameAndTypeInfo
 142:           738          17712  com.zeroturnaround.javarebel.cmy
 143:           524          17704  [Ljava.lang.CharSequence;
 144:           440          17600  org.springframework.boot.context.properties.source.ConfigurationPropertyName$Elements
 145:           439          17560  org.zeroturnaround.bundled.javassist.bytecode.CodeAttribute
 146:           720          17280  org.springframework.util.ConcurrentReferenceHashMap$ReferenceManager
 147:           303          16968  sun.nio.cs.UTF_8$Encoder
 148:           492          16920  [Ljava.io.File;
 149:           695          16680  org.zeroturnaround.bundled.javassist.bytecode.MethodrefInfo
 150:           966          15456  org.springframework.core.ResolvableType$DefaultVariableResolver
 151:           606          14544  com.zeroturnaround.javarebel.gi
 152:           178          14112  [J
 153:           431          13792  java.lang.invoke.LambdaForm$Name
 154:           424          13568  java.io.FileInputStream
 155:           844          13504  com.zeroturnaround.reload.aj
 156:           840          13440  com.zeroturnaround.javarebel.abr
 157:           546          13104  java.util.concurrent.locks.ReentrantReadWriteLock
 158:           409          13088  org.springframework.core.SerializableTypeWrapper$MethodParameterTypeProvider
 159:            47          13048  [Lorg.zeroturnaround.javarebel.integration.util.WeakIdentityHashMap$Entry;
 160:           202          12928  java.util.jar.JarFile
 161:           134          12864  org.apache.catalina.webresources.CachedResource
 162:           389          12448  sun.reflect.generics.repository.ClassRepository
 163:           172          12384  sun.reflect.DelegatingClassLoader
 164:           205          12272  [Ljava.lang.ref.SoftReference;
 165:           255          12240  java.util.zip.Inflater
 166:           213          11928  sun.security.ssl.CipherSuite
 167:           462          11872  [Lorg.springframework.asm.Type;
 168:           133          11704  com.zeroturnaround.javarebel.qe
 169:           286          11440  javax.management.MBeanOperationInfo
 170:           475          11400  sun.reflect.generics.reflectiveObjects.ParameterizedTypeImpl
 171:           472          11328  sun.reflect.NativeMethodAccessorImpl
 172:           469          11256  java.lang.StringBuffer
 173:           458          10992  java.util.concurrent.CopyOnWriteArrayList$COWIterator
 174:           341          10912  sun.misc.FDBigInteger
 175:           194          10864  java.util.ResourceBundle$CacheKey
 176:           447          10728  sun.reflect.generics.factory.CoreReflectionFactory
 177:           440          10560  org.springframework.boot.context.properties.source.ConfigurationPropertyName
 178:           439          10536  org.zeroturnaround.bundled.javassist.bytecode.ExceptionTable
 179:           439          10536  org.zeroturnaround.bundled.javassist.bytecode.LineNumberAttribute
 180:           219          10512  java.nio.HeapByteBuffer
 181:           655          10480  com.sun.proxy.$Proxy28
 182:           262          10480  com.zeroturnaround.javarebel.od
 183:           436          10464  org.springframework.boot.context.properties.source.PropertyMapping
 184:           260          10400  sun.misc.Cleaner
 185:           432          10368  org.springframework.core.convert.converter.GenericConverter$ConvertiblePair
 186:           431          10344  org.springframework.core.io.ClassPathResource
 187:           215          10320  java.util.logging.LogManager$LoggerWeakRef
 188:           410           9840  org.springframework.cglib.core.Signature
 189:           303           9696  org.apache.tomcat.util.modeler.ParameterInfo
 190:           395           9480  sun.reflect.generics.scope.ClassScope
 191:           147           9408  java.text.DateFormatSymbols
 192:           389           9336  sun.reflect.generics.tree.ClassSignature
 193:           194           9312  java.util.ResourceBundle$BundleReference
 194:           451           9248  [Lorg.apache.tomcat.util.modeler.ParameterInfo;
 195:           159           8904  java.beans.MethodDescriptor
 196:           371           8904  org.zeroturnaround.bundled.javassist.bytecode.ClassInfo
 197:           555           8880  java.util.concurrent.locks.ReentrantReadWriteLock$ReadLock
 198:           555           8880  java.util.concurrent.locks.ReentrantReadWriteLock$Sync$ThreadLocalHoldCounter
 199:           555           8880  java.util.concurrent.locks.ReentrantReadWriteLock$WriteLock
 200:           363           8712  org.springframework.beans.factory.annotation.InjectionMetadata
 201:           265           8480  org.apache.logging.slf4j.SLF4JLogger
 202:           264           8448  java.util.zip.ZipCoder
 203:           389           8384  [Lsun.reflect.generics.tree.ClassTypeSignature;
 204:           257           8224  java.nio.DirectByteBuffer$Deallocator
 205:           513           8208  java.util.HashMap$KeySet
 206:           169           8112  java.lang.invoke.LambdaForm
 207:           202           8080  org.springframework.beans.factory.annotation.InitDestroyAnnotationBeanPostProcessor$LifecycleMetadata
 208:            66           7920  org.springframework.beans.factory.annotation.AnnotatedGenericBeanDefinition
 209:           448           7792  [Lsun.reflect.generics.tree.FormalTypeParameter;
 210:           174           7720  [Ljava.lang.invoke.LambdaForm$Name;
 211:           320           7680  com.zeroturnaround.javarebel.gvb
 212:           475           7600  org.apache.commons.logging.LogAdapter$Log4jLog
 213:           104           7488  java.util.logging.Logger
 214:           307           7368  java.beans.MethodRef
 215:           176           7040  sun.nio.cs.UTF_8$Decoder
 216:           437           6992  org.springframework.core.convert.support.GenericConversionService$ConvertersForPair
 217:           290           6960  java.util.ArrayDeque
 218:           124           6944  java.lang.invoke.MethodTypeForm
 219:           216           6912  javax.management.MBeanParameterInfo
 220:            78           6864  com.zeroturnaround.javarebel.gdm
 221:           203           6496  com.zeroturnaround.javarebel.gdo
 222:           201           6432  java.util.RegularEnumSet
 223:           267           6408  org.apache.logging.log4j.message.DefaultFlowMessageFactory
 224:           200           6400  sun.security.util.ObjectIdentifier
 225:           265           6360  java.util.zip.ZStreamRef
 226:           263           6312  org.springframework.boot.autoconfigure.condition.ConditionEvaluationReport$ConditionAndOutcome
 227:           263           6312  org.springframework.boot.autoconfigure.condition.ConditionOutcome
 228:           194           6208  java.util.ResourceBundle$LoaderReference
 229:            43           6192  java.text.DecimalFormat
 230:            86           6192  java.util.regex.Pattern
 231:            38           6072  [S
 232:           187           5984  java.lang.invoke.BoundMethodHandle$Species_L
 233:           187           5984  org.zeroturnaround.javarebel.integration.util.WeakUtil$WeakListenerReference
 234:           180           5760  org.springframework.core.convert.support.GenericConversionService$ConverterAdapter
 235:            51           5712  java.util.GregorianCalendar
 236:           236           5664  com.zeroturnaround.javarebel.agl
 237:            59           5664  java.util.jar.JarFile$JarFileEntry
 238:           141           5640  java.security.AccessControlContext
 239:           350           5600  java.util.Collections$UnmodifiableSet
 240:           247           5448  [Lsun.reflect.generics.tree.FieldTypeSignature;
 241:           169           5408  org.springframework.cglib.proxy.MethodProxy
 242:            83           5384  [Ljavax.management.MBeanAttributeInfo;
 243:           223           5352  org.springframework.beans.MutablePropertyValues
 244:           167           5344  java.util.logging.LogManager$LogNode
 245:           216           5184  java.lang.ThreadLocal$ThreadLocalMap
 246:            81           5184  java.nio.DirectByteBuffer
 247:           216           5184  org.zeroturnaround.javarebel.integration.spring.beans.BeanWithDefinition
 248:           215           5160  com.fasterxml.jackson.databind.type.ClassKey
 249:           321           5136  java.util.jar.Attributes
 250:            91           5096  sun.misc.URLClassPath$JarLoader
 251:           127           5080  com.fasterxml.jackson.databind.introspect.AnnotatedMethod
 252:           126           5040  java.io.BufferedInputStream
 253:           209           5016  javax.management.ImmutableDescriptor
 254:            63           4984  [Ljava.nio.ByteBuffer;
 255:            62           4960  sun.net.www.protocol.jar.URLJarFile
 256:           309           4944  com.zeroturnaround.javarebel.az
 257:            51           4896  sun.util.calendar.Gregorian$Date
 258:           101           4848  com.zeroturnaround.javarebel.gzv
 259:           151           4832  com.sun.jmx.mbeanserver.ConvertingMethod
 260:           150           4800  java.util.concurrent.locks.AbstractQueuedSynchronizer$Node
 261:           198           4752  java.lang.invoke.LambdaForm$NamedFunction
 262:           118           4720  java.io.ObjectStreamField
 263:           173           4712  [Ljava.lang.annotation.ElementType;
 264:           193           4632  org.zeroturnaround.bundled.javassist.bytecode.StackMapTable
 265:           183           4392  org.hibernate.validator.internal.engine.constraintvalidation.ClassBasedValidatorDescriptor
 266:           274           4384  com.sun.proxy.$Proxy34
 267:           273           4368  java.lang.Byte
 268:            54           4320  com.alibaba.fastjson.util.FieldInfo
 269:           133           4256  java.io.FileOutputStream
 270:           266           4256  org.apache.logging.log4j.message.ParameterizedMessageFactory
 271:           176           4224  org.springframework.boot.web.server.MimeMappings$Mapping
 272:            95           4216  [Ljava.security.ProtectionDomain;
 273:           263           4208  org.springframework.boot.autoconfigure.condition.ConditionMessage
 274:           169           4160  [Ljavax.management.MBeanParameterInfo;
 275:           129           4128  sun.security.util.DerInputBuffer
 276:           129           4128  sun.security.util.DerValue
 277:           256           4096  java.lang.Short
 278:           127           4064  com.sun.org.apache.xerces.internal.xni.QName
 279:           127           4064  java.lang.invoke.DirectMethodHandle$Special
 280:           127           4064  java.util.ArrayList$Itr
 281:           101           4040  java.lang.reflect.Parameter
 282:           124           3968  com.alibaba.fastjson.util.IdentityHashMap$Entry
 283:           123           3936  java.lang.ProcessImpl
 284:            82           3936  javax.management.MBeanInfo
 285:           163           3912  java.util.Date
 286:            97           3880  com.zeroturnaround.javarebel.nx
 287:           160           3840  com.zeroturnaround.javarebel.abm
 288:           160           3840  com.zeroturnaround.javarebel.ax
 289:            10           3840  org.apache.tomcat.util.threads.TaskThread
 290:            68           3808  org.apache.tomcat.util.modeler.ManagedBean
 291:           118           3776  java.security.Permissions
 292:           156           3744  javax.management.ObjectName$Property
 293:           115           3680  java.io.FilePermission
 294:           131           3664  [Ljavax.management.ObjectName$Property;
 295:            91           3640  sun.nio.fs.WindowsPath
 296:           226           3616  org.springframework.boot.autoconfigure.condition.ConditionEvaluationReport$ConditionAndOutcomes
 297:           113           3616  org.springframework.cglib.proxy.MethodProxy$CreateInfo
 298:            45           3600  [Lorg.springframework.util.ConcurrentReferenceHashMap$Segment;
 299:            64           3584  org.hibernate.validator.internal.util.ConcurrentReferenceHashMap$Segment
 300:           149           3576  org.zeroturnaround.bundled.javassist.bytecode.SignatureAttribute
 301:            37           3552  org.springframework.beans.GenericTypeAwarePropertyDescriptor
 302:           220           3520  com.fasterxml.jackson.databind.introspect.AnnotationMap
 303:           146           3504  java.security.Provider$UString
 304:           107           3424  java.security.BasicPermissionCollection
 305:            71           3408  java.util.concurrent.ThreadPoolExecutor$Worker
 306:            85           3400  org.zeroturnaround.bundled.javassist.bytecode.FieldInfo
 307:           138           3312  com.zeroturnaround.javarebel.fd
 308:           205           3280  com.zeroturnaround.jrebelbase.reflection.u
 309:            45           3240  java.util.concurrent.ScheduledThreadPoolExecutor$ScheduledFutureTask
 310:           135           3240  org.apache.catalina.webresources.EmptyResource
 311:            36           3200  [Lcom.zeroturnaround.javarebel.gzv;
 312:            37           3200  [Ljava.lang.invoke.MethodHandle;
 313:           133           3192  com.zeroturnaround.javarebel.pv
 314:            49           3136  javax.management.openmbean.OpenMBeanAttributeInfoSupport
 315:            56           3136  sun.util.calendar.ZoneInfo
 316:           130           3120  org.apache.tomcat.util.http.MimeHeaderField
 317:            97           3104  org.springframework.cglib.proxy.MethodProxy$FastClassInfo
 318:           129           3096  sun.security.util.DerInputStream
 319:           127           3048  java.io.BufferedOutputStream
 320:           126           3024  [Lsun.security.x509.AVA;
 321:            54           3024  com.alibaba.fastjson.serializer.FieldSerializer
 322:            63           3024  com.sysmin.core.log.Log
 323:           126           3024  sun.security.x509.AVA
 324:           126           3024  sun.security.x509.RDN
 325:            29           3016  java.io.ObjectStreamClass
 326:            47           3008  java.text.DecimalFormatSymbols
 327:           158           2992  [Lcom.sun.jmx.mbeanserver.MXBeanMapping;
 328:           121           2904  org.zeroturnaround.javarebel.integration.util.WeakUtil$WeakClassEventListenerAdapter
 329:            90           2880  com.fasterxml.jackson.databind.ser.impl.ReadOnlyClassToSerializerMap$Bucket
 330:            45           2880  java.util.regex.Matcher
 331:            90           2880  org.zeroturnaround.javarebel.integration.monitor.MonitoredResource
 332:           118           2832  java.lang.RuntimePermission
 333:            59           2832  java.util.TreeMap
 334:           118           2832  java.util.concurrent.LinkedBlockingQueue$Node
 335:            88           2816  org.zeroturnaround.bundled.javassist.bytecode.ExceptionTableEntry
 336:           174           2784  java.util.HashMap$EntrySet
 337:            58           2784  java.util.concurrent.ConcurrentHashMap$TreeNode
 338:            87           2784  org.zeroturnaround.javarebel.reporting.stats.repository.impl.DayHolder
 339:            87           2784  sun.reflect.generics.reflectiveObjects.TypeVariableImpl
 340:            64           2688  [Lorg.hibernate.validator.internal.util.ConcurrentReferenceHashMap$HashEntry;
 341:            84           2688  org.apache.catalina.util.ManifestResource
 342:            37           2664  java.beans.PropertyDescriptor
 343:           111           2664  java.io.FilePermissionCollection
 344:            66           2640  javax.management.ObjectName
 345:            66           2640  org.springframework.cglib.proxy.Enhancer$EnhancerKey$$KeyFactoryByCGLIB$$4ce19e8f
 346:            71           2624  [Ljavax.management.MBeanOperationInfo;
 347:           108           2592  java.util.regex.Pattern$Slice
 348:           161           2576  com.zeroturnaround.javarebel.SDKLoggerImpl
 349:            46           2576  org.zeroturnaround.javarebel.integration.util.WeakIdentityHashMap
 350:            40           2560  java.text.SimpleDateFormat
 351:           105           2520  org.zeroturnaround.bundled.javassist.bytecode.FieldrefInfo
 352:            22           2464  org.springframework.context.annotation.ScannedGenericBeanDefinition
 353:            75           2400  java.lang.reflect.WeakCache$CacheValue
 354:            75           2400  java.net.InetAddress$InetAddressHolder
 355:            23           2392  com.fasterxml.jackson.databind.ser.impl.FilteredBeanPropertyWriter$MultiView
 356:           105           2360  [Ljava.lang.reflect.TypeVariable;
 357:            98           2352  java.io.ExpiringCache$Entry
 358:            98           2352  org.springframework.boot.context.properties.ConfigurationBeanFactoryMetadata$FactoryMetadata
 359:            96           2304  org.zeroturnaround.bundled.javassist.bytecode.StringInfo
 360:            19           2280  java.net.SocksSocketImpl
 361:            95           2280  java.util.Collections$UnmodifiableRandomAccessList
 362:            28           2240  java.net.URI
 363:            23           2208  com.fasterxml.jackson.databind.ser.BeanPropertyWriter
 364:            69           2208  java.util.regex.Pattern$Curly
 365:            91           2184  org.springframework.core.io.FileSystemResource
 366:            91           2184  sun.reflect.generics.tree.FormalTypeParameter
 367:            90           2160  org.zeroturnaround.javarebel.support.FileResource
 368:            45           2160  sun.util.locale.LocaleObjectCache$CacheEntry
 369:            67           2144  java.lang.reflect.Proxy$Key1
 370:            67           2144  org.springframework.http.HttpStatus
 371:           133           2128  com.sun.proxy.$Proxy21
 372:            19           2128  org.springframework.beans.factory.support.GenericBeanDefinition
 373:            53           2120  sun.security.ec.NamedCurve
 374:            19           2096  [Lorg.springframework.boot.context.properties.source.PropertyMapping;
 375:            65           2080  org.springframework.cglib.core.WeakCacheKey
 376:            65           2080  org.springframework.cglib.proxy.Enhancer$EnhancerFactoryData
 377:            65           2080  sun.reflect.annotation.AnnotationType
 378:            15           2064  [[B
 379:            64           2048  com.zeroturnaround.reload.e
 380:           128           2048  java.lang.Character
 381:            85           2040  java.util.Collections$SetFromMap
 382:            85           2040  org.springframework.core.convert.TypeDescriptor$AnnotatedElementAdapter
 383:            50           2000  com.zeroturnaround.javarebel.awm
 384:           125           2000  java.lang.ThreadLocal
 385:            82           1968  com.zeroturnaround.javarebel.gtf
 386:            82           1968  com.zeroturnaround.javarebel.oo
 387:            61           1952  java.util.Collections$UnmodifiableMap
 388:            81           1944  com.zeroturnaround.jrebelbase.reflection.n
 389:            81           1944  com.zeroturnaround.jrebelbase.reflection.s
 390:            48           1920  sun.reflect.generics.repository.MethodRepository
 391:            79           1896  org.springframework.core.convert.TypeDescriptor
 392:            59           1888  sun.reflect.generics.tree.MethodTypeSignature
 393:            78           1872  com.zeroturnaround.javarebel.gdn
 394:            78           1872  com.zeroturnaround.javarebel.gdp
 395:            78           1872  com.zeroturnaround.javarebel.gdr
 396:            78           1872  java.util.Collections$SingletonList
 397:            78           1872  java.util.regex.Pattern$GroupHead
 398:            78           1872  java.util.regex.Pattern$GroupTail
 399:            58           1856  java.util.LinkedHashMap$LinkedKeyIterator
 400:           116           1856  org.springframework.expression.common.LiteralExpression
 401:            45           1800  org.springframework.util.ConcurrentReferenceHashMap
 402:            74           1768  [Ljava.lang.reflect.Parameter;
 403:            43           1720  java.text.DigitList
 404:            53           1696  java.security.spec.EllipticCurve
 405:            70           1680  com.zeroturnaround.javarebel.aaf
 406:            35           1680  com.zeroturnaround.javarebel.gzo
 407:            30           1680  org.apache.tomcat.util.res.StringManager$1
 408:            19           1672  java.net.DualStackPlainSocketImpl
 409:            26           1664  com.fasterxml.jackson.databind.introspect.AnnotatedClass
 410:            41           1640  org.springframework.core.log.CompositeLog
 411:            34           1632  com.fasterxml.jackson.databind.type.SimpleType
 412:            51           1632  org.springframework.format.support.FormattingConversionService$AnnotationParserConverter
 413:            51           1632  org.springframework.format.support.FormattingConversionService$AnnotationPrinterConverter
 414:            68           1632  org.zeroturnaround.bundled.javassist.bytecode.InterfaceMethodrefInfo
 415:            67           1608  org.springframework.boot.autoconfigure.condition.OnClassCondition
 416:            67           1608  org.springframework.core.type.StandardAnnotationMetadata
 417:            25           1600  org.springframework.util.LinkedCaseInsensitiveMap$1
 418:            25           1600  org.zeroturnaround.bundled.javassist.CtClassType
 419:            40           1600  sun.management.DiagnosticCommandArgumentInfo
 420:            66           1584  com.zeroturnaround.reload.d
 421:            66           1584  java.util.concurrent.locks.AbstractQueuedSynchronizer$ConditionObject
 422:            14           1568  sun.nio.ch.SocketChannelImpl
 423:            65           1560  com.sun.jmx.mbeanserver.NamedObject
 424:            24           1536  com.zeroturnaround.javarebel.gxi
 425:            96           1536  java.util.HashMap$Values
 426:            96           1536  java.util.WeakHashMap$KeySet
 427:            48           1536  java.util.regex.Pattern$Branch
 428:            96           1536  sun.reflect.generics.tree.TypeVariableSignature
 429:            63           1512  com.fasterxml.jackson.databind.introspect.MemberKey
 430:            27           1512  org.springframework.web.method.HandlerMethod
 431:            93           1488  com.sun.proxy.$Proxy11
 432:            62           1488  sun.nio.ch.Util$BufferCache
 433:            92           1472  com.sun.proxy.$Proxy36
 434:            92           1472  java.util.concurrent.atomic.AtomicInteger
 435:            46           1472  org.springframework.boot.context.properties.bind.JavaBeanBinder$BeanProperty
 436:            26           1456  com.fasterxml.jackson.core.util.TextBuffer
 437:            48           1448  [Ljava.util.regex.Pattern$Node;
 438:            90           1440  java.io.FileOutputStream$1
 439:            30           1440  java.time.temporal.ValueRange
 440:            59           1416  org.springframework.boot.autoconfigure.condition.OnBeanCondition
 441:            44           1408  java.util.regex.Pattern$BnM
 442:            25           1400  java.util.zip.ZipFile$ZipFileInflaterInputStream
 443:            25           1400  java.util.zip.ZipFile$ZipFileInputStream
 444:            35           1400  org.springframework.core.annotation.AnnotationUtils$AliasDescriptor
 445:            16           1392  [Ljava.lang.Byte;
 446:            58           1392  java.util.regex.Pattern$Single
 447:            87           1392  sun.reflect.BootstrapConstructorAccessorImpl
 448:            50           1384  [Ljava.io.ObjectStreamField;
 449:            59           1384  [Lsun.reflect.generics.tree.TypeSignature;
 450:             1           1376  [Lsun.misc.FDBigInteger;
 451:            43           1376  sun.reflect.generics.reflectiveObjects.WildcardTypeImpl
 452:            43           1376  sun.security.x509.AlgorithmId
 453:            57           1368  java.util.regex.Pattern$BitClass
 454:            57           1368  org.zeroturnaround.bundled.javassist.bytecode.ExceptionsAttribute
 455:            34           1360  java.util.HashMap$KeyIterator
 456:            42           1344  [Ljava.time.format.DateTimeFormatterBuilder$DateTimePrinterParser;
 457:            42           1344  com.zeroturnaround.javarebel.gtd
 458:            42           1344  org.springframework.format.support.FormattingConversionService$PrinterConverter
 459:            28           1344  sun.security.x509.X500Name
 460:            83           1328  org.apache.juli.logging.DirectJDKLog
 461:            41           1312  com.zeroturnaround.javarebel.fxz
 462:            54           1296  com.alibaba.fastjson.serializer.BeanContext
 463:            54           1296  java.security.spec.ECPoint
 464:             9           1296  org.apache.tomcat.util.net.NioEndpoint$NioSocketWrapper
 465:            53           1280  [Lcom.fasterxml.jackson.databind.introspect.AnnotationMap;
 466:            39           1280  [Ljava.math.BigInteger;
 467:            40           1280  com.fasterxml.jackson.databind.util.TypeKey
 468:            32           1280  java.util.PropertyResourceBundle
 469:            26           1248  org.springframework.web.servlet.mvc.method.RequestMappingInfo
 470:            31           1240  org.apache.tomcat.util.modeler.BaseModelMBean
 471:             7           1232  org.apache.coyote.Request
 472:            51           1224  java.util.Collections$SynchronizedSet
 473:            76           1216  com.sun.proxy.$Proxy39
 474:            38           1216  com.zeroturnaround.javarebel.gdi
 475:            19           1216  org.zeroturnaround.bundled.javassist.bytecode.ClassFile
 476:            30           1200  java.math.BigDecimal
 477:            30           1200  java.time.format.DateTimeFormatter
 478:            30           1200  java.time.temporal.ChronoField
 479:            50           1200  java.util.jar.Manifest
 480:            49           1184  [Lcom.fasterxml.jackson.databind.JavaType;
 481:            49           1176  java.util.Arrays$ArrayList
 482:            49           1176  java.util.concurrent.atomic.AtomicLong
 483:            49           1176  java.util.regex.Pattern$Ctype
 484:             7           1176  org.apache.catalina.connector.Request
 485:            73           1168  org.springframework.beans.factory.support.ConstructorResolver$AutowiredArgumentMarker
 486:            24           1152  com.fasterxml.jackson.databind.introspect.BasicBeanDescription
 487:            36           1152  com.fasterxml.jackson.databind.introspect.POJOPropertyBuilder$Linked
 488:            48           1152  sun.reflect.generics.scope.MethodScope
 489:            48           1152  sun.reflect.generics.tree.Wildcard
 490:            69           1136  [Lorg.springframework.web.bind.annotation.RequestMethod;
 491:            47           1128  org.zeroturnaround.javarebel.integration.util.WeakUtil$WeakClassBytecodeProcessorAdapter
 492:             6           1120  [Lcom.fasterxml.jackson.databind.ser.impl.ReadOnlyClassToSerializerMap$Bucket;
 493:            28           1120  com.zeroturnaround.javarebel.gxe
 494:            35           1120  java.time.format.DateTimeFormatterBuilder$NumberPrinterParser
 495:            14           1120  sun.security.x509.X509CertImpl
 496:            46           1104  com.zeroturnaround.javarebel.cmz
 497:            46           1096  [Lcom.zeroturnaround.javarebel.oc;
 498:            68           1088  [Lorg.apache.tomcat.util.modeler.NotificationInfo;
 499:            17           1088  org.apache.catalina.mapper.MappingData
 500:            15           1080  org.springframework.web.method.HandlerMethod$HandlerMethodParameter
 501:            67           1072  com.sun.proxy.$Proxy4
 502:             2           1056  [Ljava.lang.Integer;
 503:             2           1056  [Ljava.lang.Long;
 504:             2           1056  [Ljava.lang.Short;
 505:            22           1056  java.util.Properties
 506:            44           1056  org.apache.coyote.ActionCode
 507:            33           1056  org.apache.tomcat.util.http.ValuesEnumerator
 508:             1           1040  [Lsun.text.normalizer.UnicodeSet;
 509:            65           1040  org.springframework.context.annotation.ConfigurationClassEnhancer$BeanFactoryAwareGeneratorStrategy
 510:            28           1008  [Lsun.security.x509.RDN;
 511:            63           1008  com.sun.proxy.$Proxy1
 512:            63           1008  com.sun.proxy.$Proxy7
 513:            42           1008  java.time.format.DateTimeFormatterBuilder$CompositePrinterParser
 514:            42           1008  org.springframework.core.annotation.AnnotationUtils$AnnotationCacheKey
 515:            42           1008  org.springframework.format.support.FormattingConversionService$ParserConverter
 516:            42           1008  org.springframework.util.AntPathMatcher$AntPathStringMatcher
 517:            21           1008  sun.nio.cs.StreamDecoder
 518:            21           1008  sun.util.locale.provider.LocaleResources$ResourceReference
 519:            25           1000  sun.security.ssl.SupportedEllipticCurvesExtension$NamedEllipticCurve
 520:            25           1000  sun.util.locale.BaseLocale$Key
 521:            31            992  java.lang.StringCoding$StringEncoder
 522:            60            960  com.zeroturnaround.javarebel.gvc
 523:            24            960  com.zeroturnaround.javarebel.gxm
 524:            30            960  java.security.Provider$EngineDescription
 525:            24            960  org.springframework.beans.factory.support.DisposableBeanAdapter
 526:            40            952  [Ljava.security.cert.Certificate;
 527:            29            928  java.io.ObjectStreamClass$WeakClassKey
 528:            29            928  java.net.Inet6Address
 529:            29            928  java.net.Inet6Address$Inet6AddressHolder
 530:            10            912  [D
 531:            19            912  [[Lorg.zeroturnaround.bundled.javassist.bytecode.ConstInfo;
 532:            19            912  java.io.BufferedReader
 533:            38            912  java.util.Collections$UnmodifiableCollection$1
 534:            19            912  java.util.StringTokenizer
 535:            19            912  sun.management.DiagnosticCommandInfo
 536:            14            896  [Lorg.apache.tomcat.util.http.MimeHeaderField;
 537:            28            896  com.fasterxml.jackson.databind.DeserializationFeature
 538:            16            896  com.fasterxml.jackson.databind.type.CollectionType
 539:            16            896  sun.security.util.MemoryCache$SoftCacheEntry
 540:            22            880  com.sun.jmx.mbeanserver.MXBeanSupport
 541:            36            864  com.sun.org.apache.xerces.internal.util.XMLStringBuffer
 542:            54            864  com.sun.proxy.$Proxy6
 543:            36            864  com.zeroturnaround.javarebel.gly
 544:            18            864  java.util.EnumMap
 545:            36            864  java.util.regex.Pattern$Start
 546:            36            864  org.zeroturnaround.javarebel.integration.util.WeakUtil$1
 547:            35            840  java.net.InetSocketAddress$InetSocketAddressHolder
 548:            15            840  javax.management.openmbean.ArrayType
 549:            26            832  com.fasterxml.jackson.databind.MapperFeature
 550:            26            832  org.hibernate.validator.internal.engine.valueextraction.ValueExtractorDescriptor
 551:            26            832  org.springframework.web.servlet.mvc.condition.PatternsRequestCondition
 552:            45            816  [Ljavax.management.MBeanNotificationInfo;
 553:             5            800  [Ljava.lang.Thread;
 554:            25            800  com.fasterxml.jackson.core.io.SerializedString
 555:            25            800  java.util.LinkedHashMap$LinkedEntryIterator
 556:            33            792  com.fasterxml.jackson.core.io.JsonStringEncoder
 557:            33            792  com.zeroturnaround.javarebel.ur
 558:            33            792  org.springframework.beans.factory.config.ConstructorArgumentValues
 559:             7            784  org.apache.coyote.Response
 560:             2            784  org.springframework.boot.devtools.restart.Restarter$LeakSafeThread
 561:            14            784  sun.nio.cs.ISO_8859_1$Encoder
 562:            14            784  sun.security.x509.X509CertInfo
 563:             8            768  [Lcom.sun.org.apache.xerces.internal.xni.QName;
 564:            24            768  com.fasterxml.jackson.databind.introspect.AnnotatedField
 565:            32            768  com.sun.jmx.mbeanserver.DefaultMXBeanMappingFactory$IdentityMapping
 566:            16            768  com.sun.org.apache.xerces.internal.util.XMLAttributesImpl$Attribute
 567:            48            768  java.util.regex.Pattern$BranchConn
 568:            24            768  org.springframework.web.servlet.handler.AbstractHandlerMethodMapping$MappingRegistration
 569:            24            768  sun.security.x509.OIDMap$OIDInfo
 570:            19            760  org.apache.tomcat.util.collections.ManagedConcurrentWeakHashMap$Key
 571:            31            744  com.sun.org.apache.xerces.internal.xni.XMLString
 572:            31            744  com.zeroturnaround.javarebel.guf
 573:            31            744  java.net.Inet4Address
 574:            23            736  com.fasterxml.jackson.databind.SerializationFeature
 575:            23            736  com.fasterxml.jackson.databind.type.TypeBindings
 576:            23            736  com.sun.jmx.mbeanserver.WeakIdentityHashMap$IdentityWeakReference
 577:            44            728  [Ljavax.management.MBeanConstructorInfo;
 578:            13            728  java.lang.invoke.LambdaFormEditor$Transform
 579:             7            728  org.apache.coyote.http11.Http11Processor
 580:             5            720  [Lcom.fasterxml.jackson.core.sym.CharsToNameCanonicalizer$Bucket;
 581:             9            720  [Lcom.zeroturnaround.javarebel.avx;
 582:             5            720  [Ljava.beans.MethodDescriptor;
 583:            30            720  com.alibaba.fastjson.serializer.SerializerFeature
 584:             9            720  com.zeroturnaround.javarebel.gdq
 585:            15            720  java.lang.management.PlatformComponent
 586:            30            720  java.util.concurrent.ConcurrentHashMap$KeySetView
 587:            30            720  java.util.regex.Pattern$7
 588:            30            720  org.apache.tomcat.util.res.StringManager
 589:            18            720  org.hibernate.validator.internal.metadata.aggregated.CascadingMetaDataBuilder
 590:            30            720  org.jboss.logging.Log4j2Logger
 591:            22            704  java.util.Locale
 592:            29            696  java.io.ByteArrayOutputStream
 593:            17            680  org.springframework.util.AntPathMatcher
 594:            12            672  com.fasterxml.jackson.databind.introspect.POJOPropertyBuilder
 595:            28            672  com.zeroturnaround.javarebel.gue
 596:            21            672  java.util.PropertyPermission
 597:            12            672  sun.security.ssl.CipherSuite$BulkCipher
 598:            21            672  sun.util.locale.BaseLocale
 599:             9            648  com.zeroturnaround.javarebel.ggp
 600:            12            640  [Lcom.alibaba.fastjson.serializer.FieldSerializer;
 601:            12            640  [Lcom.alibaba.fastjson.util.FieldInfo;
 602:            40            640  com.sun.proxy.$Proxy51
 603:            20            640  org.zeroturnaround.javarebel.reporting.MessageType
 604:            16            640  sun.misc.FloatingDecimal$BinaryToASCIIBuffer
 605:            10            640  sun.nio.cs.ext.DoubleByte$Encoder
 606:            20            640  sun.security.x509.URIName
 607:             3            624  [Ljava.lang.invoke.LambdaForm;
 608:            13            624  com.fasterxml.jackson.core.JsonToken
 609:            26            624  java.security.spec.ECFieldF2m
 610:            26            624  java.time.Duration
 611:            39            624  java.util.regex.Pattern$CharPropertyNames$1
 612:            26            624  org.hibernate.validator.internal.engine.valueextraction.ValueExtractorDescriptor$Key
 613:            26            624  org.springframework.web.servlet.mvc.condition.ProducesRequestCondition
 614:            11            616  com.fasterxml.jackson.databind.cfg.BaseSettings
 615:            11            616  java.util.concurrent.ConcurrentHashMap$KeyIterator
 616:             7            616  org.apache.coyote.RequestInfo
 617:             7            616  org.apache.coyote.http11.Http11InputBuffer
 618:            19            608  org.zeroturnaround.bundled.javassist.bytecode.ConstPool
 619:            19            608  sun.management.DiagnosticCommandImpl$Wrapper
 620:            15            600  com.sun.jmx.mbeanserver.PerInterface
 621:            25            600  com.sun.jmx.mbeanserver.PerInterface$MethodAndSig
 622:            25            600  com.zeroturnaround.jrebel.bundled.org.apache.commons.logging.impl.SLF4JLog
 623:            15            600  java.lang.invoke.DirectMethodHandle$Accessor
 624:            25            600  java.util.Locale$LocaleKey
 625:            25            600  org.springframework.core.convert.support.GenericConversionService$ConverterCacheKey
 626:            25            600  org.springframework.util.LinkedCaseInsensitiveMap
 627:            25            600  sun.nio.cs.CharsetMapping$Entry
 628:             9            576  com.zeroturnaround.javarebel.axz
 629:            12            576  org.hibernate.validator.internal.metadata.raw.ConstrainedExecutable
 630:            18            576  org.springframework.context.event.AbstractApplicationEventMulticaster$ListenerRetriever
 631:            24            576  org.springframework.web.util.UrlPathHelper
 632:            18            576  org.zeroturnaround.jrebel.stats.id.container.ServerType
 633:            10            560  com.fasterxml.jackson.databind.type.MapType
 634:            35            560  java.net.InetSocketAddress
 635:            10            560  java.util.zip.Deflater
 636:            14            560  javax.management.openmbean.SimpleType
 637:            14            560  org.apache.tomcat.util.http.ServerCookie
 638:            14            560  org.springframework.beans.propertyeditors.CustomNumberEditor
 639:            10            560  sun.invoke.util.Wrapper
 640:            10            560  sun.security.provider.SHA
 641:             4            552  [Ljava.util.concurrent.RunnableScheduledFuture;
 642:            23            552  com.alibaba.fastjson.parser.Feature
 643:            23            552  java.util.regex.Pattern$1
 644:            23            552  java.util.regex.Pattern$5
 645:            23            552  java.util.regex.Pattern$CharProperty$1
 646:             2            544  [Ljava.lang.Character;
 647:            17            544  com.sun.org.apache.xerces.internal.util.AugmentationsImpl$SmallContainer
 648:            17            544  java.lang.ConditionalSpecialCasing$Entry
 649:            34            544  java.time.format.DateTimeFormatterBuilder$CharLiteralPrinterParser
 650:            34            544  java.util.concurrent.atomic.AtomicBoolean
 651:            17            544  org.springframework.core.annotation.DefaultAnnotationAttributeExtractor
 652:             1            536  org.springframework.boot.web.embedded.tomcat.TomcatEmbeddedContext
 653:            22            528  com.zeroturnaround.licensing.b
 654:            22            528  java.io.ObjectStreamClass$ClassDataSlot
 655:            22            528  java.util.regex.Pattern$Ques
 656:            13            520  java.lang.invoke.MethodHandleImpl$IntrinsicMethodHandle
 657:            13            520  java.util.concurrent.LinkedBlockingDeque
 658:             8            512  java.security.SecureRandom
 659:            16            512  java.time.temporal.ChronoUnit
 660:             8            512  org.springframework.beans.factory.support.DefaultListableBeanFactory$NestedDependencyDescriptor
 661:            16            512  org.zeroturnaround.javarebel.support.URLResource
 662:            16            512  sun.security.ssl.CipherSuite$KeyExchange
 663:             7            504  com.fasterxml.jackson.databind.ser.DefaultSerializerProvider$Impl
 664:            21            504  java.io.InputStreamReader
 665:            21            504  java.util.AbstractMap$SimpleImmutableEntry
 666:             7            504  java.util.concurrent.ThreadPoolExecutor
 667:             9            504  javax.management.openmbean.CompositeType
 668:             9            504  javax.management.openmbean.OpenMBeanParameterInfoSupport
 669:             7            504  org.apache.catalina.connector.InputBuffer
 670:             7            504  org.apache.tomcat.util.http.Parameters
 671:            21            504  org.springframework.core.convert.support.GenericConversionService$ConverterFactoryAdapter
 672:            21            504  sun.security.x509.AVAKeyword
 673:            31            496  com.sun.proxy.$Proxy43
 674:            31            496  com.sun.proxy.$Proxy60
 675:            31            496  java.lang.Boolean
 676:            31            496  org.springframework.core.SerializableTypeWrapper$TypeProxyInvocationHandler
 677:            31            496  sun.reflect.generics.tree.ArrayTypeSignature
 678:            25            488  [Lorg.springframework.core.MethodParameter;
 679:            19            488  [Lsun.management.DiagnosticCommandArgumentInfo;
 680:            12            480  ch.qos.logback.core.status.InfoStatus
 681:             6            480  com.sun.org.apache.xalan.internal.xsltc.trax.TransformerFactoryImpl
 682:            12            480  java.io.ObjectStreamClass$FieldReflector
 683:            12            480  java.io.ObjectStreamClass$FieldReflectorKey
 684:            10            480  java.util.concurrent.LinkedBlockingQueue
 685:             2            480  org.apache.catalina.core.StandardWrapper
 686:            10            480  org.apache.catalina.util.Extension
 687:            30            480  org.apache.logging.log4j.message.MessageFormatMessageFactory
 688:            15            480  org.springframework.messaging.simp.stomp.StompCommand
 689:            20            480  org.springframework.util.MimeType
 690:            20            480  org.zeroturnaround.javarebel.reporting.MessageType$Strategy
 691:            29            464  com.sun.proxy.$Proxy5
 692:            29            464  com.zeroturnaround.javarebel.fj
 693:            29            464  org.hibernate.validator.internal.util.logging.Log_$logger
 694:             6            456  [Lsun.invoke.util.Wrapper;
 695:            19            456  java.lang.invoke.Invokers
 696:            19            456  java.util.BitSet
 697:            19            456  java.util.concurrent.ConcurrentLinkedQueue$Node
 698:            19            456  org.springframework.context.support.MessageSourceAccessor
 699:            19            456  org.springframework.web.socket.config.annotation.DelegatingWebSocketMessageBrokerConfiguration$$EnhancerBySpringCGLIB$$151c7e11$$FastClassBySpringCGLIB$$d316366f
 700:            19            456  org.zeroturnaround.bundled.javassist.bytecode.ConstantAttribute
 701:            19            456  org.zeroturnaround.bundled.javassist.bytecode.LongVector
 702:            19            456  org.zeroturnaround.bundled.javassist.bytecode.SourceFileAttribute
 703:            19            456  org.zeroturnaround.javarebel.IDENotifications$IDENotificationType
 704:            14            448  [Lorg.apache.coyote.http11.InputFilter;
 705:            14            448  [Lorg.apache.coyote.http11.OutputFilter;
 706:            14            448  com.fasterxml.jackson.core.JsonParser$Feature
 707:            28            448  com.sun.proxy.$Proxy37
 708:            28            448  com.zeroturnaround.javarebel.gxc
 709:            28            448  com.zeroturnaround.javarebel.gzr
 710:            14            448  java.lang.StringCoding$StringDecoder
 711:             8            448  java.util.concurrent.ConcurrentHashMap$EntryIterator
 712:            28            448  java.util.concurrent.atomic.AtomicReference
 713:             7            448  org.apache.catalina.connector.OutputBuffer
 714:             7            448  org.apache.catalina.connector.Response
 715:             7            448  org.apache.coyote.http11.filters.ChunkedInputFilter
 716:             8            448  org.springframework.context.annotation.CommonAnnotationBeanPostProcessor$ResourceElement
 717:            28            448  org.springframework.core.convert.support.ObjectToStringConverter
 718:             8            448  sun.nio.cs.ext.DoubleByte$Decoder
 719:            14            448  sun.security.util.MemoryCache
 720:             5            440  [[I
 721:            11            440  org.apache.tomcat.util.buf.Utf8Decoder
 722:            11            440  org.apache.tomcat.util.log.UserDataHelper
 723:            11            440  sun.nio.ch.SocketAdaptor
 724:            11            440  sun.security.rsa.RSAPublicKeyImpl
 725:            11            440  sun.security.x509.AuthorityKeyIdentifierExtension
 726:             1            432  [[[C
 727:             6            432  com.fasterxml.jackson.databind.introspect.POJOPropertiesCollector
 728:            27            432  com.sun.proxy.$Proxy66
 729:            27            432  java.security.spec.ECFieldFp
 730:            18            432  java.text.DateFormat$Field
 731:            27            432  java.util.concurrent.CopyOnWriteArraySet
 732:            18            432  org.springframework.format.datetime.standard.TemporalAccessorParser
 733:             9            432  org.zeroturnaround.bundled.javassist.CtPrimitiveType
 734:            18            432  sun.misc.MetaIndex
 735:             1            424  [Lcom.sun.org.apache.xerces.internal.util.SymbolTable$Entry;
 736:            13            416  java.lang.invoke.SimpleMethodHandle
 737:            13            416  java.net.Socket
 738:            13            416  java.security.AlgorithmParameters
 739:            26            416  org.springframework.web.servlet.mvc.condition.RequestConditionHolder
 740:            26            416  org.zeroturnaround.javarebel.integration.util.MiscUtil$3
 741:            17            408  com.sun.org.apache.xerces.internal.util.SymbolTable$Entry
 742:            17            408  org.springframework.boot.ansi.AnsiColor
 743:            17            408  org.springframework.boot.autoconfigure.web.servlet.WebMvcAutoConfiguration$EnableWebMvcConfiguration$$EnhancerBySpringCGLIB$$8f1f0dbe$$FastClassBySpringCGLIB$$391e50d8
 744:            17            408  org.springframework.context.event.AbstractApplicationEventMulticaster$ListenerCacheKey
 745:            17            408  org.springframework.core.annotation.SynthesizedAnnotationInvocationHandler
 746:            17            408  org.springframework.util.AntPathMatcher$PathSeparatorPatternCache
 747:             5            400  com.fasterxml.jackson.databind.DeserializationConfig
 748:             5            400  com.fasterxml.jackson.databind.SerializationConfig
 749:            25            400  com.sun.proxy.$Proxy8
 750:            10            400  java.util.IdentityHashMap
 751:            10            400  javax.crypto.CryptoPermission
 752:            25            400  org.springframework.core.$Proxy27
 753:            25            400  org.springframework.web.servlet.mvc.condition.ConsumesRequestCondition
 754:            25            400  org.springframework.web.servlet.mvc.condition.HeadersRequestCondition
 755:            25            400  org.springframework.web.servlet.mvc.condition.RequestMethodsRequestCondition
 756:            10            400  sun.nio.cs.ISO_8859_1$Decoder
 757:            10            400  sun.rmi.transport.tcp.TCPEndpoint
 758:             7            392  [Lorg.apache.catalina.core.ApplicationFilterConfig;
 759:             1            392  com.zeroturnaround.javarebel.pb
 760:             1            392  com.zeroturnaround.javarebel.vo
 761:             7            392  org.apache.catalina.connector.CoyoteReader
 762:             7            392  org.apache.coyote.http11.Http11OutputBuffer
 763:             1            392  org.apache.tomcat.util.net.NioBlockingSelector$BlockPoller
 764:            12            384  [Lcom.fasterxml.jackson.databind.ser.BeanPropertyWriter;
 765:            16            384  com.fasterxml.jackson.databind.PropertyName
 766:             1            384  com.intellij.rt.execution.application.AppMainV2$1
 767:            24            384  com.sun.proxy.$Proxy24
 768:             1            384  com.zeroturnaround.javarebel.aas
 769:             1            384  com.zeroturnaround.javarebel.adk
 770:             1            384  com.zeroturnaround.javarebel.bd
 771:             1            384  com.zeroturnaround.javarebel.bu
 772:             1            384  com.zeroturnaround.javarebel.cc
 773:             1            384  com.zeroturnaround.javarebel.cd
 774:             8            384  com.zeroturnaround.javarebel.geo
 775:            24            384  com.zeroturnaround.javarebel.gxp
 776:             1            384  com.zeroturnaround.javarebel.oh
 777:             1            384  java.lang.ref.Finalizer$FinalizerThread
 778:             8            384  java.net.SocketInputStream
 779:            12            384  java.security.MessageDigest$Delegate
 780:             1            384  java.util.logging.LogManager$Cleaner
 781:            12            384  org.apache.catalina.LifecycleState
 782:             1            384  org.apache.tomcat.websocket.BackgroundProcessManager$WsBackgroundThread
 783:             8            384  org.springframework.beans.PropertyValue
 784:            12            384  org.springframework.boot.context.properties.source.SpringIterableConfigurationPropertySource
 785:             1            384  org.springframework.boot.web.embedded.tomcat.TomcatWebServer$1
 786:             1            384  org.springframework.context.support.AbstractApplicationContext$1
 787:            16            384  org.springframework.messaging.simp.broker.DefaultSubscriptionRegistry$Subscription
 788:            16            384  org.springframework.messaging.simp.config.AbstractMessageBrokerConfiguration$$FastClassBySpringCGLIB$$aaa385a0
 789:            24            384  org.springframework.web.servlet.mvc.condition.ParamsRequestCondition
 790:             6            384  org.springframework.web.servlet.view.InternalResourceView
 791:            16            384  org.springframework.web.socket.CloseStatus
 792:            16            384  org.zeroturnaround.javarebel.integration.support.AvoidDuplicatePatchingCBP
 793:             6            384  sun.nio.ch.FileChannelImpl
 794:            16            384  sun.nio.ch.OptionKey
 795:            16            384  sun.nio.ch.SocketOptionRegistry$RegistryKey
 796:             3            384  sun.nio.ch.WindowsSelectorImpl
 797:             8            384  sun.nio.cs.StreamEncoder
 798:            24            384  sun.security.x509.GeneralName
 799:             7            376  [Lcom.sun.org.apache.xalan.internal.utils.XMLSecurityManager$State;
 800:             1            376  com.zeroturnaround.javarebel.an
 801:             1            376  com.zeroturnaround.javarebel.be
 802:             1            376  com.zeroturnaround.javarebel.gl
 803:             1            376  com.zeroturnaround.javarebel.uw
 804:             1            376  com.zeroturnaround.reload.b
 805:             1            376  com.zeroturnaround.reload.t
 806:             1            376  java.lang.ref.Reference$ReferenceHandler
 807:            23            368  sun.security.x509.DNSName
 808:             5            360  com.fasterxml.jackson.databind.deser.DefaultDeserializationContext$Impl
 809:             9            360  com.sun.org.apache.xalan.internal.utils.XMLSecurityManager$Limit
 810:             9            360  com.sun.org.apache.xerces.internal.utils.XMLSecurityManager$Limit
 811:             9            360  java.lang.ClassLoader$NativeLibrary
 812:             9            360  java.lang.invoke.DirectMethodHandle$Constructor
 813:            15            360  java.net.InetAddress
 814:             9            360  java.util.HashMap$ValueIterator
 815:            15            360  javax.management.StandardMBean
 816:            15            360  javax.websocket.CloseReason$CloseCodes
 817:            11            352  com.fasterxml.jackson.databind.introspect.AnnotatedConstructor
 818:             1            352  com.sun.org.apache.xerces.internal.impl.XMLNSDocumentScannerImpl
 819:            11            352  com.zeroturnaround.javarebel.bga
 820:            11            352  java.util.LinkedList$ListItr
 821:            22            352  org.zeroturnaround.javarebel.integration.util.MonitorUtil$MonitorHolder
 822:            11            352  sun.reflect.generics.repository.ConstructorRepository
 823:            11            352  sun.security.ssl.SignatureAndHashAlgorithm
 824:            22            352  sun.security.x509.KeyIdentifier
 825:            11            352  sun.security.x509.SubjectKeyIdentifierExtension
 826:             1            344  com.sun.org.apache.xerces.internal.impl.XMLDocumentScannerImpl
 827:            13            336  [Ljava.io.ObjectStreamClass$ClassDataSlot;
 828:            14            336  ch.qos.logback.core.spi.ContextAwareBase
 829:            21            336  com.fasterxml.jackson.databind.ser.std.ToStringSerializer
 830:             7            336  com.sun.jmx.mbeanserver.DefaultMXBeanMappingFactory$CompositeMapping
 831:            21            336  com.sun.proxy.$Proxy26
 832:            14            336  java.lang.invoke.LambdaFormEditor$Transform$Kind
 833:             7            336  java.net.SocketOutputStream
 834:             6            336  java.nio.DirectLongBufferU
 835:             6            336  java.nio.StringCharBuffer
 836:            21            336  java.nio.channels.spi.AbstractInterruptibleChannel$1
 837:            14            336  org.apache.tomcat.util.http.MimeHeaders
 838:            21            336  org.springframework.boot.autoconfigure.condition.OnPropertyCondition
 839:            14            336  org.springframework.boot.context.properties.source.SpringConfigurationPropertySource$DelegatingPropertyMapper
 840:             3            336  org.springframework.web.servlet.resource.ResourceHttpRequestHandler
 841:             6            336  sun.management.MemoryPoolImpl
 842:            14            336  sun.nio.cs.Surrogate$Parser
 843:            14            336  sun.security.util.BitArray
 844:            14            336  sun.security.util.Cache$EqualByteArray
 845:            14            336  sun.security.x509.CertificateValidity
 846:            13            328  [Lcom.sun.org.apache.xalan.internal.utils.FeaturePropertyBase$State;
 847:            16            328  [Ljava.lang.management.PlatformComponent;
 848:             4            320  [Lorg.hibernate.validator.internal.util.ConcurrentReferenceHashMap$Segment;
 849:            10            320  com.fasterxml.jackson.core.JsonGenerator$Feature
 850:             5            320  com.fasterxml.jackson.core.sym.ByteQuadsCanonicalizer
 851:             5            320  com.fasterxml.jackson.core.sym.CharsToNameCanonicalizer
 852:             5            320  com.fasterxml.jackson.databind.ObjectMapper
 853:             5            320  com.fasterxml.jackson.datatype.jsr310.JavaTimeModule
 854:            20            320  com.sun.proxy.$Proxy31
 855:            20            320  com.sun.proxy.$Proxy58
 856:            10            320  com.zeroturnaround.javarebel.fxo
 857:             8            320  com.zeroturnaround.javarebel.hah
 858:            10            320  java.lang.OutOfMemoryError
 859:             4            320  org.springframework.web.servlet.mvc.method.annotation.ExtendedServletRequestDataBinder
 860:            10            320  sun.security.jca.ProviderConfig
 861:             8            320  sun.security.ssl.SignatureAndHashAlgorithm$HashAlgorithm
 862:            10            320  sun.security.util.DisabledAlgorithmConstraints$KeySizeConstraint
 863:            10            320  sun.security.x509.BasicConstraintsExtension
 864:            13            312  java.lang.management.ManagementPermission
 865:            13            312  org.apache.coyote.AsyncStateMachine$AsyncState
 866:            13            312  org.apache.tomcat.util.collections.CaseInsensitiveKeyMap$Key
 867:            13            312  org.springframework.beans.factory.config.BeanExpressionContext
 868:            13            312  org.springframework.boot.context.properties.source.SpringIterableConfigurationPropertySource$Cache
 869:            13            312  sun.security.ssl.ExtensionType
 870:            13            312  sun.security.x509.AccessDescription
 871:            19            304  com.sun.proxy.$Proxy62
 872:             9            288  [Ljava.lang.invoke.LambdaForm$BasicType;
 873:             1            288  [Lorg.springframework.http.HttpStatus;
 874:            12            288  ch.qos.logback.core.pattern.LiteralConverter
 875:             9            288  com.alibaba.fastjson.asm.Type
 876:             9            288  com.fasterxml.classmate.types.ResolvedPrimitiveType
 877:            12            288  com.fasterxml.jackson.databind.util.LRUMap
 878:            12            288  com.sun.jmx.remote.util.ClassLogger
 879:            18            288  com.sun.proxy.$Proxy35
 880:            18            288  com.sun.proxy.$Proxy50
 881:            12            288  com.zeroturnaround.javarebel.byk
 882:            12            288  java.beans.PropertyChangeSupport
 883:             9            288  java.util.concurrent.ConcurrentHashMap$ForwardingNode
 884:             9            288  java.util.logging.Level
 885:            18            288  java.util.regex.Pattern$CharPropertyNames$4
 886:             9            288  jdk.internal.org.objectweb.asm.Type
 887:             2            288  org.apache.tomcat.websocket.WsSession
 888:            12            288  org.springframework.core.io.DefaultResourceLoader
 889:            18            288  org.springframework.format.datetime.standard.TemporalAccessorPrinter
 890:             3            288  org.springframework.scheduling.concurrent.ThreadPoolTaskExecutor
 891:            12            288  org.springframework.web.method.annotation.AbstractNamedValueMethodArgumentResolver$NamedValueInfo
 892:            12            288  org.springframework.web.servlet.config.annotation.WebMvcConfigurationSupport$$FastClassBySpringCGLIB$$69f69f7c
 893:            12            288  org.zeroturnaround.bundled.javassist.bytecode.IntegerInfo
 894:             9            288  sun.security.provider.SecureRandom
 895:             9            288  sun.security.x509.KeyUsageExtension
 896:             7            280  [Ljava.lang.invoke.BoundMethodHandle$SpeciesData;
 897:             5            280  com.fasterxml.jackson.databind.MappingJsonFactory
 898:             7            280  java.lang.invoke.BoundMethodHandle$Species_LL
 899:             7            280  org.apache.coyote.AsyncStateMachine
 900:             7            280  org.apache.coyote.http11.filters.ChunkedOutputFilter
 901:             7            280  org.apache.coyote.http11.filters.IdentityInputFilter
 902:             7            280  org.springframework.boot.logging.logback.ColorConverter
 903:             7            280  org.springframework.core.io.ResourceEditor
 904:             7            280  sun.nio.ch.SelectionKeyImpl
 905:            17            272  com.sun.org.apache.xerces.internal.util.AugmentationsImpl
 906:            11            264  com.fasterxml.jackson.databind.type.TypeBindings$AsKey
 907:            11            264  com.zeroturnaround.javarebel.cly
 908:            11            264  com.zeroturnaround.javarebel.xp
 909:            11            264  com.zeroturnaround.jrebel.bundled.org.bouncycastle.jcajce.provider.asymmetric.ec.KeyFactorySpi$EC
 910:            11            264  java.net.StandardSocketOptions$StdSocketOption
 911:             3            264  java.util.jar.JarVerifier
 912:            11            264  org.zeroturnaround.javarebel.reporting.stats.repository.DailyFieldId
 913:            11            264  sun.reflect.annotation.TypeAnnotation$TypeAnnotationTarget
 914:            11            264  sun.reflect.generics.scope.ConstructorScope
 915:            11            264  sun.security.x509.CertificateExtensions
 916:             2            256  [Lcom.fasterxml.jackson.databind.DeserializationFeature;
 917:            11            256  [Lcom.fasterxml.jackson.databind.ser.Serializers;
 918:             8            256  [Ljava.nio.channels.SelectionKey;
 919:             8            256  [Ljava.text.SimpleDateFormat;
 920:             4            256  com.fasterxml.jackson.databind.ser.std.MapSerializer
 921:             4            256  com.sun.crypto.provider.GHASH
 922:            16            256  java.io.FileInputStream$1
 923:             8            256  java.util.Random
 924:             8            256  javax.management.MBeanNotificationInfo
 925:             8            256  org.apache.tomcat.util.net.NioChannel
 926:             4            256  org.springframework.beans.factory.config.DependencyDescriptor
 927:             8            256  org.springframework.beans.factory.support.DefaultListableBeanFactory$DependencyObjectProvider
 928:             8            256  sun.misc.ProxyGenerator$PrimitiveTypeInfo
 929:             8            248  [Ljava.lang.invoke.LambdaForm$NamedFunction;
 930:             2            240  [Lcom.fasterxml.jackson.databind.MapperFeature;
 931:             6            240  [Lcom.zeroturnaround.javarebel.bop;
 932:             5            240  [Ljava.beans.PropertyDescriptor;
 933:             2            240  [Lsun.nio.cs.CharsetMapping$Entry;
 934:             6            240  com.alibaba.fastjson.serializer.SerializeBeanInfo
 935:            10            240  com.fasterxml.classmate.util.ClassKey
 936:            10            240  com.fasterxml.jackson.annotation.JsonFormat$Shape
 937:            10            240  com.fasterxml.jackson.core.util.BufferRecycler
 938:            10            240  com.fasterxml.jackson.databind.module.SimpleSerializers
 939:             5            240  com.fasterxml.jackson.databind.ser.BeanSerializer
 940:            10            240  com.sun.org.apache.xerces.internal.impl.XMLScanner$NameType
 941:            15            240  com.sun.proxy.$Proxy40
 942:             3            240  com.zeroturnaround.javarebel.gdt
 943:             5            240  java.beans.BeanDescriptor
 944:            10            240  java.lang.annotation.ElementType
 945:             6            240  java.lang.invoke.BoundMethodHandle$SpeciesData
 946:            10            240  java.security.CryptoPrimitive
 947:            15            240  java.util.TreeSet
 948:             3            240  java.util.concurrent.ScheduledThreadPoolExecutor
 949:            10            240  org.apache.catalina.core.ApplicationContext$DispatchData
 950:             5            240  org.apache.tomcat.util.descriptor.web.FilterDef
 951:            10            240  org.apache.tomcat.util.http.parser.Cookie$ByteBuffer
 952:             2            240  org.apache.tomcat.websocket.server.WsRemoteEndpointImplServer
 953:             5            240  org.springframework.beans.SimpleTypeConverter
 954:             1            240  org.springframework.beans.factory.support.DefaultListableBeanFactory
 955:            10            240  org.springframework.boot.autoconfigure.cache.CacheType
 956:            10            240  org.springframework.boot.autoconfigure.condition.OnWebApplicationCondition
 957:            10            240  org.springframework.util.unit.DataSize
 958:             6            240  org.springframework.web.accept.PathExtensionContentNegotiationStrategy
 959:             6            240  sun.management.MemoryPoolImpl$CollectionSensor
 960:             6            240  sun.management.MemoryPoolImpl$PoolSensor
 961:            10            240  sun.rmi.runtime.Log$LoggerLog
 962:            10            240  sun.security.x509.PolicyInformation
 963:             8            232  [Ljava.lang.Boolean;
 964:             4            232  [[Ljava.lang.String;
 965:             2            224  [Lcom.fasterxml.jackson.databind.SerializationFeature;
 966:             7            224  [Lorg.apache.tomcat.util.http.ServerCookie;
 967:             7            224  com.fasterxml.jackson.core.util.ByteArrayBuilder
 968:            14            224  com.sun.proxy.$Proxy38
 969:             4            224  com.zeroturnaround.javarebel.brh
 970:            14            224  com.zeroturnaround.javarebel.gwx
 971:            14            224  com.zeroturnaround.javarebel.gwy
 972:            14            224  com.zeroturnaround.javarebel.gxd
 973:            14            224  java.rmi.server.Operation
 974:             7            224  java.rmi.server.UID
 975:             4            224  java.util.concurrent.ConcurrentHashMap$ValueIterator
 976:             4            224  javax.management.openmbean.OpenMBeanOperationInfoSupport
 977:             7            224  org.apache.catalina.core.ApplicationFilterChain
 978:             7            224  org.apache.coyote.http11.Http11InputBuffer$HeaderParseData
 979:             7            224  org.apache.coyote.http11.filters.BufferedInputFilter
 980:             7            224  org.apache.coyote.http11.filters.IdentityOutputFilter
 981:             7            224  org.apache.tomcat.util.buf.B2CConverter
 982:             7            224  org.apache.tomcat.util.buf.UEncoder
 983:             7            224  org.apache.tomcat.util.digester.ObjectCreateRule
 984:             7            224  org.apache.tomcat.util.digester.SetNextRule
 985:             7            224  org.apache.tomcat.util.http.parser.HttpParser$DomainParseState
 986:             2            224  org.apache.tomcat.websocket.server.WsFrameServer
 987:             7            224  org.springframework.boot.convert.DurationStyle$Unit
 988:             7            224  sun.nio.ch.WindowsSelectorImpl$MapEntry
 989:             4            224  sun.rmi.transport.Target
 990:             7            224  sun.security.x509.AuthorityInfoAccessExtension
 991:             7            224  sun.security.x509.CRLDistributionPointsExtension
 992:            14            224  sun.security.x509.CertificateAlgorithmId
 993:             7            224  sun.security.x509.CertificatePoliciesExtension
 994:            14            224  sun.security.x509.CertificateSerialNumber
 995:            14            224  sun.security.x509.CertificateVersion
 996:            14            224  sun.security.x509.CertificateX509Key
 997:             7            224  sun.security.x509.DistributionPoint
 998:            14            224  sun.security.x509.SerialNumber
 999:             3            216  com.zeroturnaround.javarebel.cdb
1000:             9            216  java.nio.file.attribute.PosixFilePermission
1001:             9            216  java.time.format.DateTimeFormatterBuilder$LocalizedPrinterParser
1002:             9            216  java.util.concurrent.ConcurrentLinkedQueue
1003:             9            216  java.util.logging.Level$KnownLevel
1004:             9            216  org.apache.tomcat.util.net.WriteBuffer
1005:             9            216  org.apache.tomcat.websocket.WsRemoteEndpointImplBase$State
1006:             9            216  org.springframework.boot.devtools.filewatch.FolderSnapshot
1007:             9            216  org.springframework.messaging.simp.SimpMessageType
1008:             9            216  org.springframework.util.MimeType$$Lambda$91/882356814
1009:             3            216  org.springframework.web.servlet.mvc.method.annotation.ServletInvocableHandlerMethod
1010:             9            216  org.zeroturnaround.bundled.javassist.bytecode.InnerClassesAttribute
1011:             9            216  org.zeroturnaround.javarebel.LicenceType
1012:             9            216  sun.util.logging.PlatformLogger$Level
1013:             1            208  com.alibaba.fastjson.serializer.ASMSerializer_2_GcHeapDO
1014:            13            208  com.zeroturnaround.jrebelbase.reflection.t
1015:            13            208  java.util.TreeMap$KeySet
1016:            13            208  org.springframework.boot.context.properties.source.SpringIterableConfigurationPropertySource$CacheKey
1017:            13            208  org.springframework.util.CollectionUtils$MultiValueMapAdapter
1018:             2            208  sun.security.ssl.SSLSessionImpl
1019:             2            200  [Ljava.text.DateFormat$Field;
1020:             5            200  com.fasterxml.jackson.core.sym.ByteQuadsCanonicalizer$TableInfo
1021:             5            200  com.fasterxml.jackson.core.util.DefaultPrettyPrinter
1022:             1            200  com.sun.org.apache.xerces.internal.impl.XMLDTDScannerImpl
1023:             5            200  java.beans.GenericBeanInfo
1024:             5            200  java.lang.invoke.MethodHandleImpl$AsVarargsCollector
1025:             5            200  java.util.stream.StreamOpFlag
1026:             5            200  org.apache.catalina.core.StandardPipeline
1027:             5            200  org.apache.tomcat.util.descriptor.web.FilterMap
1028:             9            192  [Ljava.security.CodeSigner;
1029:             1            192  [Lorg.apache.coyote.ActionCode;
1030:             6            192  com.fasterxml.jackson.databind.cfg.DeserializerFactoryConfig
1031:             6            192  com.fasterxml.jackson.databind.type.TypeFactory
1032:             6            192  com.sun.org.apache.xalan.internal.utils.XMLSecurityManager
1033:             1            192  com.sun.org.apache.xerces.internal.parsers.XIncludeAwareParserConfiguration
1034:             8            192  com.zeroturnaround.javarebel.ayv
1035:             8            192  com.zeroturnaround.javarebel.ayw
1036:             8            192  com.zeroturnaround.javarebel.gdk
1037:             6            192  com.zeroturnaround.javarebel.x
1038:             6            192  com.zeroturnaround.jrebel.bundled.org.bouncycastle.jcajce.provider.config.ProviderConfigurationPermission
1039:            12            192  java.beans.PropertyChangeSupport$PropertyChangeListenerMap
1040:             8            192  java.io.OutputStreamWriter
1041:             6            192  java.io.RandomAccessFile
1042:             6            192  java.lang.invoke.LambdaForm$BasicType
1043:             8            192  java.lang.invoke.MethodHandleImpl$Intrinsic
1044:             8            192  java.math.RoundingMode
1045:             6            192  java.time.format.DateTimeFormatterBuilder$TextPrinterParser
1046:             6            192  java.time.format.TextStyle
1047:            12            192  java.util.Collections$UnmodifiableMap$UnmodifiableEntrySet
1048:            12            192  java.util.Collections$UnmodifiableMap$UnmodifiableEntrySet$UnmodifiableEntry
1049:             6            192  java.util.Stack
1050:             4            192  java.util.TreeMap$AscendingSubMap
1051:             4            192  java.util.concurrent.ConcurrentHashMap$TreeBin
1052:             8            192  javax.crypto.CryptoPermissionCollection
1053:             8            192  org.apache.logging.log4j.Level
1054:             8            192  org.apache.logging.log4j.spi.StandardLevel
1055:             8            192  org.apache.tomcat.util.http.parser.HttpParser
1056:             8            192  org.apache.tomcat.util.net.AbstractEndpoint$Handler$SocketState
1057:             1            192  org.apache.tomcat.util.net.NioEndpoint
1058:             8            192  org.apache.tomcat.util.net.SocketBufferHandler
1059:             4            192  org.hibernate.validator.internal.metadata.raw.ConstrainedParameter
1060:             4            192  org.hibernate.validator.internal.util.ConcurrentReferenceHashMap
1061:             2            192  org.springframework.cglib.proxy.Enhancer
1062:             8            192  org.springframework.core.NamedThreadLocal
1063:             8            192  org.springframework.http.HttpMethod
1064:             6            192  org.springframework.http.converter.ResourceHttpMessageConverter
1065:             6            192  org.springframework.util.PropertyPlaceholderHelper
1066:             8            192  org.springframework.web.bind.annotation.RequestMethod
1067:             6            192  org.springframework.web.method.ControllerAdviceBean
1068:             6            192  org.springframework.web.socket.sockjs.transport.TransportType
1069:             4            192  sun.misc.URLClassPath
1070:             2            192  sun.security.jgss.SunProvider
1071:             2            192  sun.security.provider.Sun
1072:             6            192  sun.security.ssl.EphemeralKeyManager$EphemeralKeyPair
1073:             6            192  sun.security.ssl.SSLSessionContextImpl
1074:             1            176  com.sun.org.apache.xerces.internal.impl.dtd.XMLDTDValidator
1075:             1            176  com.sun.org.apache.xerces.internal.impl.dtd.XMLNSDTDValidator
1076:            11            176  com.sun.proxy.$Proxy42
1077:            11            176  com.sun.proxy.$Proxy61
1078:            11            176  com.zeroturnaround.javarebel.abq
1079:            11            176  com.zeroturnaround.javarebel.agi
1080:            11            176  com.zeroturnaround.javarebel.agk
1081:             2            176  com.zeroturnaround.javarebel.lh
1082:            11            176  java.text.NumberFormat$Field
1083:             2            176  javax.management.remote.rmi.NoCallStackClassLoader
1084:             2            176  org.apache.catalina.core.StandardWrapperValve
1085:             2            176  org.apache.catalina.deploy.NamingResourcesImpl
1086:             1            176  org.springframework.beans.JrBeanReloader
1087:             2            176  org.springframework.web.servlet.handler.SimpleUrlHandlerMapping
1088:             2            176  org.springframework.web.socket.sockjs.transport.session.WebSocketServerSockJsSession
1089:             1            176  sun.security.ssl.SSLSocketImpl
1090:             3            168  [Lcom.alibaba.fastjson.serializer.SerializerFeature;
1091:             2            168  [Ljava.lang.ClassValue$Entry;
1092:             7            168  [Ljava.net.InetSocketAddress;
1093:             1            168  [[Ljava.math.BigInteger;
1094:             7            168  ch.qos.logback.classic.Level
1095:             7            168  com.fasterxml.jackson.annotation.JsonFormat$Feature
1096:             7            168  com.fasterxml.jackson.annotation.JsonInclude$Include
1097:             7            168  com.fasterxml.jackson.annotation.PropertyAccessor
1098:             7            168  com.fasterxml.jackson.databind.introspect.AnnotatedClass$Creators
1099:             3            168  com.fasterxml.jackson.databind.type.ArrayType
1100:             7            168  com.sun.management.VMOption$Origin
1101:             7            168  com.sun.org.apache.xerces.internal.util.FeatureState
1102:             1            168  com.zaxxer.hikari.HikariDataSource
1103:             7            168  com.zeroturnaround.javarebel.agd
1104:             3            168  com.zeroturnaround.javarebel.ccc
1105:             7            168  com.zeroturnaround.javarebel.cje
1106:             3            168  com.zeroturnaround.jrebel.bundled.org.apache.http.impl.execchain.d
1107:             7            168  java.net.NetPermission
1108:             3            168  java.net.SocketPermission
1109:             3            168  java.util.Calendar$Builder
1110:             7            168  java.util.Collections$SynchronizedCollection
1111:             7            168  java.util.concurrent.Executors$RunnableAdapter
1112:             7            168  java.util.regex.Pattern$SliceI
1113:             7            168  org.apache.catalina.core.ApplicationMapping
1114:             1            168  org.apache.catalina.core.StandardHost
1115:             7            168  org.apache.catalina.util.ParameterMap
1116:             7            168  org.apache.coyote.http11.filters.GzipOutputFilter
1117:             7            168  org.apache.coyote.http11.filters.GzipOutputFilter$FakeOutputStream
1118:             7            168  org.apache.tomcat.util.digester.SetPropertiesRule
1119:             7            168  org.apache.tomcat.util.http.ServerCookies
1120:             7            168  org.apache.tomcat.util.net.NioEndpoint$SocketProcessor
1121:             7            168  org.springframework.boot.logging.LogLevel
1122:             7            168  org.springframework.boot.origin.OriginTrackedValue$OriginTrackedCharSequence
1123:             7            168  org.springframework.boot.origin.TextResourceOrigin
1124:             7            168  org.springframework.boot.origin.TextResourceOrigin$Location
1125:             7            168  org.springframework.cglib.proxy.CallbackInfo
1126:             3            168  org.springframework.core.env.PropertySourcesPropertyResolver
1127:             7            168  org.springframework.web.servlet.mvc.method.annotation.RequestResponseBodyAdviceChain
1128:             7            168  org.zeroturnaround.bundled.javassist.bytecode.AnnotationsAttribute
1129:             7            168  sun.management.counter.Units
1130:             3            168  sun.nio.ch.SinkChannelImpl
1131:             3            168  sun.nio.ch.SourceChannelImpl
1132:             7            168  sun.security.x509.NetscapeCertTypeExtension$MapEntry
1133:             4            160  [F
1134:             2            160  [Ljava.time.temporal.ChronoUnit;
1135:             2            160  [Lorg.springframework.messaging.simp.stomp.StompCommand;
1136:             1            160  com.alibaba.fastjson.serializer.ASMSerializer_3_GcUtilDO
1137:             4            160  com.fasterxml.jackson.core.Base64Variant
1138:             5            160  com.fasterxml.jackson.core.JsonEncoding
1139:             4            160  com.fasterxml.jackson.core.Version
1140:             5            160  com.fasterxml.jackson.core.sym.CharsToNameCanonicalizer$TableInfo
1141:             5            160  com.fasterxml.jackson.databind.cfg.ConfigOverrides
1142:             2            160  com.sun.crypto.provider.GaloisCounterMode
1143:             4            160  com.sun.org.apache.xerces.internal.impl.dtd.XMLSimpleType
1144:            10            160  com.sun.proxy.$Proxy44
1145:            10            160  com.sun.proxy.$Proxy49
1146:             5            160  com.zeroturnaround.javarebel.bok
1147:             5            160  com.zeroturnaround.reload.aa
1148:             5            160  com.zeroturnaround.reload.y
1149:             4            160  java.io.BufferedWriter
1150:             4            160  java.lang.reflect.Proxy$Key2
1151:            10            160  java.util.Formatter$Flags
1152:             4            160  java.util.TreeMap$NavigableSubMap$SubMapEntryIterator
1153:            10            160  java.util.concurrent.ConcurrentHashMap$EntrySetView
1154:             5            160  java.util.regex.Pattern$3
1155:             5            160  javax.management.StandardEmitterMBean
1156:             5            160  org.apache.catalina.core.ApplicationFilterConfig
1157:             4            160  org.apache.catalina.mbeans.ContainerMBean
1158:             1            160  org.apache.catalina.session.StandardManager
1159:            10            160  org.apache.tomcat.util.threads.TaskThread$WrappingRunnable
1160:             4            160  org.springframework.http.converter.json.MappingJackson2HttpMessageConverter
1161:             4            160  org.springframework.web.context.request.ServletRequestAttributes
1162:             2            160  org.springframework.web.method.HandlerMethod$ReturnValueMethodParameter
1163:             1            160  org.springframework.web.servlet.mvc.method.annotation.RequestMappingHandlerAdapter
1164:             5            160  org.zeroturnaround.javarebel.integration.util.ClassEventListenerUtil$BoundClassEventListener
1165:             4            160  org.zeroturnaround.javarebel.reporting.stats.repository.impl.StatsHolder
1166:             4            160  sun.rmi.transport.WeakRef
1167:            10            160  sun.security.ec.ECParameters
1168:             5            160  sun.security.ssl.CipherSuite$MacAlg
1169:             5            160  sun.security.ssl.SignatureAndHashAlgorithm$SignatureAlgorithm
1170:            10            160  sun.security.x509.CertificatePolicyId
1171:            10            160  sun.security.x509.GeneralNames
1172:             4            160  sun.util.locale.InternalLocaleBuilder
1173:             4            160  sun.util.locale.LanguageTag
1174:             4            160  sun.util.locale.StringTokenIterator
1175:             5            160  sun.util.locale.provider.LocaleProviderAdapter$Type
1176:             7            152  [Lcom.fasterxml.jackson.databind.deser.Deserializers;
1177:             5            152  [Ljava.net.InetAddress;
1178:             1            152  org.springframework.boot.web.embedded.tomcat.TomcatEmbeddedWebappClassLoader
1179:             1            152  org.springframework.boot.web.servlet.context.AnnotationConfigServletWebServerApplicationContext
1180:             2            144  [Lcom.fasterxml.jackson.core.JsonParser$Feature;
1181:             6            144  [Lcom.fasterxml.jackson.databind.deser.KeyDeserializers;
1182:             2            144  [Ljava.math.BigDecimal;
1183:             3            144  [Lsun.nio.ch.SelectionKeyImpl;
1184:             2            144  com.alibaba.fastjson.util.ASMClassLoader
1185:             6            144  com.fasterxml.jackson.annotation.JsonAutoDetect$Visibility
1186:             6            144  com.fasterxml.jackson.core.JsonParser$NumberType
1187:             6            144  com.fasterxml.jackson.databind.cfg.SerializerFactoryConfig
1188:             3            144  com.fasterxml.jackson.databind.ser.impl.IndexedListSerializer
1189:             6            144  com.fasterxml.jackson.databind.ser.impl.ReadOnlyClassToSerializerMap
1190:             3            144  com.fasterxml.jackson.datatype.jsr310.deser.InstantDeserializer
1191:             6            144  com.sun.org.apache.xalan.internal.utils.FeatureManager
1192:             6            144  com.sun.org.apache.xalan.internal.utils.XMLSecurityPropertyManager
1193:             6            144  com.sun.org.apache.xerces.internal.util.Status
1194:             9            144  com.zeroturnaround.javarebel.bui
1195:             2            144  com.zeroturnaround.javarebel.cdc
1196:             2            144  com.zeroturnaround.javarebel.cdx
1197:             6            144  com.zeroturnaround.javarebel.cgt
1198:             6            144  com.zeroturnaround.javarebel.clh
1199:             9            144  com.zeroturnaround.javarebel.gaz
1200:             6            144  com.zeroturnaround.javarebel.pa
1201:             6            144  java.lang.Double
1202:             3            144  java.lang.ThreadGroup
1203:             6            144  java.security.SecurityPermission
1204:             6            144  java.util.Collections$SynchronizedRandomAccessList
1205:             3            144  java.util.WeakHashMap$KeyIterator
1206:             6            144  java.util.regex.Pattern$CharPropertyNames$2
1207:             6            144  java.util.regex.Pattern$SingleI
1208:             6            144  javax.validation.executable.ExecutableType
1209:             6            144  org.apache.coyote.http11.Http11InputBuffer$HeaderParsePosition
1210:             6            144  org.apache.logging.log4j.MarkerManager$Log4jMarker
1211:             6            144  org.apache.tomcat.util.net.SocketEvent
1212:             6            144  org.apache.tomcat.websocket.WsFrameBase$ReadState
1213:             9            144  org.hibernate.validator.internal.engine.valueextraction.ArrayElement
1214:             6            144  org.jboss.logging.Logger$Level
1215:             6            144  org.springframework.beans.CachedIntrospectionResults
1216:             6            144  org.springframework.beans.TypeConverterDelegate
1217:             6            144  org.springframework.boot.context.properties.bind.BindConverter$ResolvableTypeDescriptor
1218:             6            144  org.springframework.boot.context.properties.source.ConfigurationPropertyName$ElementType
1219:             1            144  org.springframework.boot.web.embedded.tomcat.TomcatServletWebServerFactory
1220:             3            144  org.springframework.messaging.simp.SimpMessagingTemplate
1221:             9            144  org.springframework.web.context.request.RequestScope
1222:             3            144  org.springframework.web.context.request.ServletWebRequest
1223:             2            144  org.springframework.web.context.request.async.StandardServletAsyncWebRequest
1224:             6            144  org.springframework.web.cors.UrlBasedCorsConfigurationSource
1225:             6            144  org.springframework.web.method.HandlerTypePredicate
1226:             6            144  org.springframework.web.servlet.resource.DefaultResourceResolverChain
1227:             6            144  org.zeroturnaround.bundled.javassist.bytecode.LongInfo
1228:             6            144  org.zeroturnaround.javarebel.integration.util.ClassLoaderLocalUtil$DestructibleClassBytecodeProcessorAdapter
1229:             6            144  org.zeroturnaround.javarebel.reporting.stats.repository.CommonFieldId
1230:             6            144  org.zeroturnaround.javarebel.reporting.stats.repository.impl.RepositoryMetricsStatistics$DailyImpl
1231:             6            144  sun.misc.PerfCounter
1232:             6            144  sun.nio.ch.NativeThreadSet
1233:             3            144  sun.nio.ch.WindowsSelectorImpl$FdMap
1234:             3            144  sun.security.ssl.CipherBox
1235:             6            144  sun.security.ssl.ProtocolVersion
1236:             6            144  sun.security.util.DisabledAlgorithmConstraints$Constraint$Operator
1237:             3            144  sun.text.normalizer.CharTrie
1238:             6            136  [Lcom.fasterxml.jackson.databind.deser.ValueInstantiators;
1239:             1            136  [Ljava.time.temporal.ChronoField;
1240:             1            136  org.apache.coyote.http11.Http11NioProtocol
1241:             4            128  [Ljava.lang.ref.WeakReference;
1242:             4            128  [Ljava.rmi.server.Operation;
1243:             6            128  [Lorg.springframework.web.servlet.HandlerInterceptor;
1244:             2            128  com.sun.crypto.provider.CipherCore
1245:             4            128  com.sun.crypto.provider.GCTR
1246:             4            128  com.sun.jmx.mbeanserver.DefaultMXBeanMappingFactory$ArrayMapping
1247:             1            128  com.sun.org.apache.xerces.internal.impl.XMLEntityManager
1248:             4            128  com.sun.org.apache.xerces.internal.util.XMLResourceIdentifierImpl
1249:             8            128  com.sun.proxy.$Proxy64
1250:             4            128  com.sysmin.core.jvm.enums.JmapType
1251:             8            128  com.zeroturnaround.javarebel.hac
1252:             4            128  java.io.DataInputStream
1253:             2            128  java.io.ExpiringCache$1
1254:             4            128  java.lang.ClassValue$Entry
1255:             4            128  java.util.LinkedHashMap$LinkedValueIterator
1256:             4            128  java.util.TreeMap$AscendingSubMap$AscendingEntrySetView
1257:             4            128  java.util.concurrent.CountDownLatch$Sync
1258:             8            128  java.util.regex.Pattern$Begin
1259:             8            128  java.util.regex.Pattern$CharPropertyNames$3
1260:             8            128  java.util.regex.Pattern$Dot
1261:             2            128  javax.crypto.Cipher
1262:             4            128  javax.management.MBeanConstructorInfo
1263:             2            128  javax.management.remote.rmi.RMIConnectorServer
1264:             1            128  org.apache.catalina.core.StandardEngine
1265:             4            128  org.apache.coyote.ErrorState
1266:             4            128  org.apache.tomcat.util.collections.SynchronizedStack
1267:             4            128  org.apache.tomcat.util.net.NioBlockingSelector$BlockPoller$RunnableRemove
1268:             4            128  org.springframework.beans.propertyeditors.CustomCollectionEditor
1269:             4            128  org.springframework.boot.context.properties.bind.Bindable
1270:             4            128  org.springframework.boot.jdbc.EmbeddedDatabaseConnection
1271:             8            128  org.springframework.core.DefaultParameterNameDiscoverer
1272:             8            128  org.springframework.core.LocalVariableTableParameterNameDiscoverer
1273:             8            128  org.springframework.core.StandardReflectionParameterNameDiscoverer
1274:             8            128  org.springframework.core.convert.support.CollectionToArrayConverter
1275:             8            128  org.springframework.core.convert.support.CollectionToStringConverter
1276:             4            128  org.springframework.core.env.MapPropertySource
1277:             2            128  org.springframework.core.type.classreading.CachingMetadataReaderFactory$LocalResourceCache
1278:             4            128  org.springframework.http.converter.StringHttpMessageConverter
1279:             4            128  org.springframework.web.method.annotation.RequestParamMethodArgumentResolver
1280:             4            128  org.springframework.web.method.annotation.SessionAttributesHandler
1281:             2            128  org.springframework.web.servlet.FlashMap
1282:             8            128  org.zeroturnaround.javarebel.integration.util.MiscUtil$2
1283:             2            128  sun.nio.cs.ext.DoubleByte$Encoder_DBCSONLY
1284:             4            128  sun.rmi.transport.LiveRef
1285:             4            128  sun.security.ssl.CipherSuite$PRF
1286:             4            128  sun.security.ssl.ProtocolList
1287:             4            128  sun.util.locale.provider.LocaleResources
1288:             4            128  sun.util.locale.provider.LocaleServiceProviderPool
1289:             5            120  [Lcom.fasterxml.jackson.databind.type.TypeModifier;
1290:             6            120  [Lcom.zeroturnaround.javarebel.bos;
1291:             3            120  [Lorg.apache.tomcat.websocket.WsRemoteEndpointImplBase$State;
1292:             3            120  [Lorg.springframework.http.HttpMethod;
1293:             1            120  [Lsun.security.ssl.SupportedEllipticCurvesExtension$NamedEllipticCurve;
1294:             5            120  ch.qos.logback.core.pattern.parser.TokenStream$TokenizerState
1295:             5            120  ch.qos.logback.core.subst.Token$Type
1296:             5            120  com.fasterxml.jackson.annotation.Nulls
1297:             5            120  com.fasterxml.jackson.core.util.DefaultIndenter
1298:             3            120  com.fasterxml.jackson.databind.PropertyMetadata
1299:             5            120  com.fasterxml.jackson.databind.deser.DeserializerCache
1300:             5            120  com.fasterxml.jackson.databind.introspect.SimpleMixInResolver
1301:             5            120  com.fasterxml.jackson.databind.module.SimpleDeserializers
1302:             5            120  com.fasterxml.jackson.databind.ser.SerializerCache
1303:             5            120  com.sun.org.apache.xalan.internal.utils.FeaturePropertyBase$State
1304:             5            120  com.sun.org.apache.xalan.internal.utils.XMLSecurityManager$State
1305:             3            120  com.sun.org.apache.xerces.internal.impl.dtd.XMLEntityDecl
1306:             1            120  com.sun.org.apache.xerces.internal.jaxp.SAXParserImpl$JAXPSAXParser
1307:             5            120  com.sun.org.apache.xerces.internal.util.PropertyState
1308:             5            120  com.sun.org.apache.xerces.internal.utils.XMLSecurityManager$State
1309:             5            120  com.sun.org.apache.xerces.internal.utils.XMLSecurityPropertyManager$State
1310:             5            120  com.sysmin.core.jvm.enums.JstatType
1311:             5            120  com.zeroturnaround.javarebel.bpq
1312:             3            120  com.zeroturnaround.javarebel.bvx
1313:             3            120  com.zeroturnaround.javarebel.cka
1314:             5            120  com.zeroturnaround.javarebel.ghm
1315:             5            120  com.zeroturnaround.javarebel.gps
1316:             5            120  com.zeroturnaround.javarebel.gxq
1317:             5            120  com.zeroturnaround.javarebel.gxr
1318:             5            120  com.zeroturnaround.jrebel.bundled.org.bouncycastle.jcajce.provider.asymmetric.ec.KeyFactorySpi$ECMQV
1319:             5            120  java.io.ObjectStreamClass$ExceptionInfo
1320:             5            120  java.net.InetAddress$CacheEntry
1321:             5            120  java.rmi.server.ObjID
1322:             5            120  java.time.format.SignStyle
1323:             3            120  java.util.Collections$SingletonMap
1324:             5            120  java.util.concurrent.atomic.AtomicMarkableReference$Pair
1325:             5            120  java.util.concurrent.locks.ReentrantReadWriteLock$Sync$HoldCounter
1326:             5            120  java.util.regex.Pattern$Dollar
1327:             5            120  java.util.stream.StreamOpFlag$Type
1328:             5            120  javax.servlet.DispatcherType
1329:             5            120  javax.servlet.http.MappingMatch
1330:             5            120  org.apache.catalina.LifecycleEvent
1331:             1            120  org.apache.catalina.core.StandardServer
1332:             5            120  org.apache.tomcat.util.threads.InlineExecutorService
1333:             5            120  org.hibernate.validator.internal.metadata.raw.ConstrainedElement$ConstrainedElementKind
1334:             3            120  org.springframework.beans.factory.annotation.AutowiredAnnotationBeanPostProcessor$AutowiredMethodElement
1335:             3            120  org.springframework.beans.factory.config.ConstructorArgumentValues$ValueHolder
1336:             5            120  org.springframework.boot.ansi.AnsiStyle
1337:             5            120  org.springframework.boot.autoconfigure.web.servlet.WebMvcAutoConfiguration$EnableWebMvcConfiguration$$FastClassBySpringCGLIB$$982f18bb
1338:             5            120  org.springframework.boot.devtools.autoconfigure.LocalDevToolsAutoConfiguration$RestartConfiguration$$EnhancerBySpringCGLIB$$8ac4de8e$$FastClassBySpringCGLIB$$2d221596
1339:             5            120  org.springframework.boot.devtools.autoconfigure.LocalDevToolsAutoConfiguration$RestartConfiguration$$FastClassBySpringCGLIB$$bc8d9f8b
1340:             5            120  org.springframework.boot.logging.DeferredLog
1341:             5            120  org.springframework.context.annotation.FilterType
1342:             3            120  org.springframework.core.SerializableTypeWrapper$MethodInvokeTypeProvider
1343:             3            120  org.springframework.core.convert.Property
1344:             5            120  org.springframework.core.convert.support.GenericConversionService$Converters
1345:             5            120  org.springframework.http.HttpStatus$Series
1346:             5            120  org.springframework.http.ReadOnlyHttpHeaders
1347:             3            120  org.springframework.http.converter.xml.Jaxb2RootElementHttpMessageConverter
1348:             3            120  org.springframework.messaging.support.ExecutorSubscribableChannel
1349:             5            120  org.springframework.web.accept.ContentNegotiationManager
1350:             3            120  org.springframework.web.accept.ServletPathExtensionContentNegotiationStrategy
1351:             5            120  org.springframework.web.method.support.HandlerMethodArgumentResolverComposite
1352:             1            120  org.springframework.web.servlet.DispatcherServlet
1353:             3            120  org.springframework.web.servlet.mvc.method.annotation.HttpEntityMethodProcessor
1354:             1            120  org.springframework.web.servlet.mvc.method.annotation.RequestMappingHandlerMapping
1355:             3            120  org.springframework.web.servlet.mvc.method.annotation.RequestResponseBodyMethodProcessor
1356:             5            120  org.springframework.web.socket.sockjs.frame.SockJsFrame
1357:             5            120  org.zeroturnaround.bundled.javassist.bytecode.FloatInfo
1358:             5            120  org.zeroturnaround.bundled.javassist.bytecode.stackmap.TypeData$BasicType
1359:             5            120  org.zeroturnaround.javarebel.integration.util.WeakUtil$WeakClassLoaderDestructionListener
1360:             5            120  org.zeroturnaround.javarebel.integration.util.WeakUtil$WeakFileEventListener
1361:             3            120  org.zeroturnaround.javarebel.reporting.MetricsExecutor$DelayedRunnable
1362:             5            120  sun.misc.FloatingDecimal$PreparedASCIIToBinaryBuffer
1363:             3            120  sun.nio.ch.FileKey
1364:             5            120  sun.nio.fs.WindowsPathType
1365:             3            120  sun.rmi.server.UnicastServerRef
1366:             3            120  sun.rmi.transport.tcp.TCPTransport$ConnectionHandler
1367:             5            120  sun.security.jca.ServiceId
1368:             3            120  sun.security.provider.DSAPublicKeyImpl
1369:             3            120  sun.security.ssl.SSLContextImpl$TLSContext
1370:             5            120  sun.security.util.DisabledAlgorithmConstraints
1371:             5            120  sun.util.resources.ParallelListResourceBundle$KeySet
1372:             1            112  [Lcom.alibaba.fastjson.parser.Feature;
1373:             2            112  [Lcom.fasterxml.jackson.core.JsonGenerator$Feature;
1374:             3            112  [Lcom.sun.org.apache.xerces.internal.util.XMLAttributesImpl$Attribute;
1375:             2            112  [Lcom.zeroturnaround.javarebel.ggp;
1376:             2            112  [Ljava.lang.invoke.MethodType;
1377:             2            112  [Ljava.security.CryptoPrimitive;
1378:             3            112  [Ljava.util.Map;
1379:             2            112  [Lorg.springframework.boot.autoconfigure.cache.CacheType;
1380:             1            112  com.alibaba.fastjson.serializer.ASMSerializer_5_CompilerDO
1381:             1            112  com.alibaba.fastjson.serializer.ASMSerializer_6_ClassLoaderDO
1382:             2            112  com.sun.org.apache.xerces.internal.util.XMLAttributesIteratorImpl
1383:             7            112  com.sun.proxy.$Proxy52
1384:             2            112  com.zeroturnaround.javarebel.chx
1385:             2            112  com.zeroturnaround.javarebel.uv
1386:             2            112  com.zeroturnaround.javarebel.yf
1387:             7            112  java.util.Collections$SingletonSet
1388:             7            112  java.util.concurrent.ConcurrentHashMap$ValuesView
1389:             2            112  javax.management.remote.rmi.RMIJRMPServerImpl
1390:             1            112  org.apache.catalina.connector.Connector
1391:             7            112  org.apache.catalina.connector.CoyoteInputStream
1392:             7            112  org.apache.catalina.connector.CoyoteOutputStream
1393:             7            112  org.apache.catalina.connector.RequestFacade
1394:             7            112  org.apache.catalina.connector.ResponseFacade
1395:             7            112  org.apache.coyote.http11.Http11InputBuffer$SocketInputBuffer
1396:             7            112  org.apache.coyote.http11.Http11OutputBuffer$SocketOutputBuffer
1397:             7            112  org.apache.coyote.http11.filters.VoidInputFilter
1398:             7            112  org.apache.coyote.http11.filters.VoidOutputFilter
1399:             7            112  org.apache.tomcat.util.buf.UDecoder
1400:             1            112  org.apache.tomcat.util.digester.Digester
1401:             2            112  org.apache.tomcat.websocket.PerMessageDeflate
1402:             2            112  org.springframework.core.ResolvableType$1
1403:             2            112  org.springframework.expression.spel.support.StandardEvaluationContext
1404:             2            112  org.springframework.http.CacheControl
1405:             2            112  org.springframework.validation.support.BindingAwareModelMap
1406:             2            112  org.springframework.web.socket.adapter.standard.StandardWebSocketSession
1407:             2            112  org.springframework.web.util.UriComponentsBuilder
1408:             7            112  org.zeroturnaround.javarebel.integration.util.WeakIdentityHashMap$2
1409:             2            112  sun.nio.cs.ext.DoubleByte$Decoder_DBCSONLY
1410:             2            112  sun.rmi.transport.tcp.TCPChannel
1411:             2            112  sun.rmi.transport.tcp.TCPConnection
1412:             5            104  [Lorg.apache.catalina.Container;
1413:             3            104  [Lorg.springframework.core.io.Resource;
1414:             1            104  ch.qos.logback.classic.LoggerContext
1415:             1            104  org.apache.catalina.authenticator.NonLoginAuthenticator
1416:             1            104  org.apache.tomcat.util.net.SocketProperties
1417:             1            104  org.springframework.boot.autoconfigure.jdbc.DataSourceProperties
1418:             1            104  org.springframework.http.converter.json.Jackson2ObjectMapperBuilder
1419:             1            104  org.springframework.web.servlet.view.InternalResourceViewResolver
1420:             1            104  org.springframework.web.socket.messaging.WebSocketAnnotationMethodMessageHandler
1421:             2             96  [Lcom.fasterxml.jackson.annotation.PropertyAccessor;
1422:             2             96  [Lcom.sun.org.apache.xerces.internal.utils.XMLSecurityManager$State;
1423:             4             96  [Lorg.apache.logging.log4j.Marker;
1424:             2             96  [Lorg.apache.logging.log4j.spi.StandardLevel;
1425:             2             96  [Lorg.springframework.boot.logging.LogLevel;
1426:             1             96  [Lorg.zeroturnaround.javarebel.reporting.MessageType;
1427:             3             96  [Lsun.nio.fs.NativeBuffer;
1428:             1             96  [[J
1429:             4             96  ch.qos.logback.core.pattern.parser.Token
1430:             4             96  ch.qos.logback.core.subst.Token
1431:             1             96  com.alibaba.fastjson.serializer.ASMSerializer_4_CompilationDO
1432:             4             96  com.fasterxml.jackson.annotation.JsonCreator$Mode
1433:             4             96  com.fasterxml.jackson.annotation.JsonProperty$Access
1434:             4             96  com.fasterxml.jackson.core.JsonFactory$Feature
1435:             6             96  com.fasterxml.jackson.databind.deser.BeanDeserializerFactory
1436:             6             96  com.fasterxml.jackson.databind.introspect.AnnotatedMethodMap
1437:             6             96  com.fasterxml.jackson.databind.ser.BeanSerializerFactory
1438:             4             96  com.fasterxml.jackson.databind.ser.impl.PropertySerializerMap$Single
1439:             6             96  com.fasterxml.jackson.databind.type.TypeParser
1440:             1             96  com.sun.crypto.provider.SunJCE
1441:             3             96  com.sun.jmx.mbeanserver.DefaultMXBeanMappingFactory$EnumMapping
1442:             2             96  com.sun.jmx.mbeanserver.MBeanIntrospector$MBeanInfoMap
1443:             2             96  com.sun.jmx.mbeanserver.MBeanIntrospector$PerInterfaceMap
1444:             1             96  com.sun.net.ssl.internal.ssl.Provider
1445:             3             96  com.sun.org.apache.xalan.internal.utils.XMLSecurityManager$NameMap
1446:             2             96  com.sun.org.apache.xerces.internal.impl.XMLDocumentFragmentScannerImpl$ElementStack
1447:             1             96  com.sun.org.apache.xerces.internal.impl.dtd.XMLDTDProcessor
1448:             3             96  com.sun.org.apache.xerces.internal.utils.XMLSecurityManager$NameMap
1449:             6             96  com.sun.proxy.$Proxy33
1450:             6             96  com.sun.proxy.$Proxy67
1451:             1             96  com.sun.security.sasl.Provider
1452:             4             96  com.zeroturnaround.javarebel.adz
1453:             3             96  com.zeroturnaround.javarebel.ae
1454:             2             96  com.zeroturnaround.javarebel.agg
1455:             4             96  com.zeroturnaround.javarebel.av
1456:             6             96  com.zeroturnaround.javarebel.btf
1457:             3             96  com.zeroturnaround.javarebel.bxa
1458:             2             96  com.zeroturnaround.javarebel.cdh
1459:             3             96  com.zeroturnaround.javarebel.cdp
1460:             3             96  com.zeroturnaround.javarebel.cef
1461:             3             96  com.zeroturnaround.javarebel.ceh
1462:             4             96  com.zeroturnaround.javarebel.chu
1463:             4             96  com.zeroturnaround.javarebel.cio
1464:             6             96  com.zeroturnaround.javarebel.clm
1465:             4             96  com.zeroturnaround.javarebel.clx
1466:             3             96  com.zeroturnaround.javarebel.f
1467:             4             96  com.zeroturnaround.javarebel.goz
1468:             3             96  com.zeroturnaround.javarebel.k
1469:             2             96  com.zeroturnaround.javarebel.wf
1470:             3             96  com.zeroturnaround.jrebel.bundled.org.apache.http.impl.execchain.g
1471:             1             96  com.zeroturnaround.jrebel.bundled.org.bouncycastle.jce.provider.BouncyCastleProvider
1472:             3             96  java.io.DataOutputStream
1473:             3             96  java.lang.Exception
1474:             4             96  java.lang.reflect.Proxy$KeyX
1475:             4             96  java.security.AllPermissionCollection
1476:             4             96  java.text.Normalizer$Form
1477:             4             96  java.time.format.DateTimeFormatterBuilder$OffsetIdPrinterParser
1478:             4             96  java.time.format.DateTimeFormatterBuilder$SettingsParser
1479:             4             96  java.time.format.FormatStyle
1480:             6             96  java.util.EnumMap$EntrySet
1481:             3             96  java.util.TreeMap$ValueIterator
1482:             3             96  java.util.concurrent.ScheduledThreadPoolExecutor$DelayedWorkQueue
1483:             3             96  java.util.concurrent.Semaphore$NonfairSync
1484:             3             96  java.util.concurrent.SynchronousQueue
1485:             3             96  java.util.concurrent.atomic.AtomicReferenceFieldUpdater$AtomicReferenceFieldUpdaterImpl
1486:             4             96  java.util.stream.StreamShape
1487:             4             96  javax.management.NotificationBroadcasterSupport
1488:             2             96  javax.management.openmbean.TabularType
1489:             2             96  org.apache.catalina.mbeans.NamingResourcesMBean
1490:             4             96  org.apache.commons.logging.LogAdapter$LogApi
1491:             3             96  org.apache.tomcat.util.buf.UDecoder$DecodeException
1492:             2             96  org.apache.tomcat.util.buf.Utf8Encoder
1493:             3             96  org.apache.tomcat.util.collections.SynchronizedQueue
1494:             4             96  org.apache.tomcat.util.digester.ArrayStack
1495:             3             96  org.apache.tomcat.util.http.ConcurrentDateFormat
1496:             4             96  org.apache.tomcat.util.http.parser.AcceptLanguage
1497:             4             96  org.apache.tomcat.util.log.UserDataHelper$Config
1498:             4             96  org.apache.tomcat.util.net.AbstractEndpoint$BindState
1499:             4             96  org.apache.tomcat.util.net.Acceptor$AcceptorState
1500:             2             96  org.apache.tomcat.util.net.NioEndpoint$Poller
1501:             1             96  org.apache.tomcat.util.threads.ThreadPoolExecutor
1502:             1             96  org.apache.tomcat.websocket.server.WsServerContainer
1503:             4             96  org.hibernate.validator.resourceloading.PlatformResourceBundleLocator
1504:             1             96  org.jcp.xml.dsig.internal.dom.XMLDSigRI
1505:             4             96  org.springframework.boot.autoconfigure.jmx.JmxAutoConfiguration$$EnhancerBySpringCGLIB$$a39d2c5a$$FastClassBySpringCGLIB$$8fac147c
1506:             4             96  org.springframework.boot.autoconfigure.jmx.JmxAutoConfiguration$$FastClassBySpringCGLIB$$e2017fd7
1507:             1             96  org.springframework.boot.autoconfigure.web.ServerProperties$Tomcat
1508:             4             96  org.springframework.boot.context.properties.source.DefaultPropertyMapper$LastMapping
1509:             4             96  org.springframework.context.annotation.ScopedProxyMode
1510:             1             96  org.springframework.context.support.PropertySourcesPlaceholderConfigurer
1511:             4             96  org.springframework.core.Constants
1512:             4             96  org.springframework.core.convert.support.ArrayToArrayConverter
1513:             2             96  org.springframework.core.task.SimpleAsyncTaskExecutor
1514:             3             96  org.springframework.expression.spel.SpelParserConfiguration
1515:             6             96  org.springframework.format.datetime.DateFormatterRegistrar$CalendarToDateConverter
1516:             6             96  org.springframework.format.datetime.DateFormatterRegistrar$CalendarToLongConverter
1517:             6             96  org.springframework.format.datetime.DateFormatterRegistrar$DateToCalendarConverter
1518:             6             96  org.springframework.format.datetime.DateFormatterRegistrar$DateToLongConverter
1519:             6             96  org.springframework.format.datetime.DateFormatterRegistrar$LongToCalendarConverter
1520:             6             96  org.springframework.format.datetime.DateFormatterRegistrar$LongToDateConverter
1521:             4             96  org.springframework.http.converter.ResourceRegionHttpMessageConverter
1522:             3             96  org.springframework.http.converter.xml.SourceHttpMessageConverter
1523:             3             96  org.springframework.http.server.ServletServerHttpRequest
1524:             1             96  org.springframework.messaging.simp.broker.SimpleBrokerMessageHandler
1525:             3             96  org.springframework.messaging.support.ExecutorSubscribableChannel$SendTask
1526:             4             96  org.springframework.scheduling.support.DelegatingErrorHandlingRunnable
1527:             4             96  org.springframework.util.ConcurrentReferenceHashMap$TaskOption
1528:             6             96  org.springframework.web.cors.DefaultCorsProcessor
1529:             4             96  org.springframework.web.method.annotation.ModelAttributeMethodProcessor
1530:             2             96  org.springframework.web.method.support.ModelAndViewContainer
1531:             3             96  org.springframework.web.servlet.resource.PathResourceResolver
1532:             2             96  org.springframework.web.socket.server.standard.ServerEndpointRegistration
1533:             1             96  org.springframework.web.socket.server.support.WebSocketHandlerMapping
1534:             4             96  org.springframework.web.socket.sockjs.frame.SockJsFrameType
1535:             1             96  org.springframework.web.socket.sockjs.transport.handler.DefaultSockJsService
1536:             2             96  org.springframework.web.util.HierarchicalUriComponents
1537:             6             96  org.zeroturnaround.bundled.javassist.bytecode.ConstInfoPadding
1538:             4             96  org.zeroturnaround.bundled.javassist.bytecode.DeprecatedAttribute
1539:             4             96  org.zeroturnaround.javarebel.integration.generic.DependencyClassEventListener
1540:             4             96  org.zeroturnaround.javarebel.integration.util.ReRunThrottler
1541:             4             96  org.zeroturnaround.javarebel.service.ServiceRequestPriority
1542:             2             96  sun.management.GarbageCollectorImpl
1543:             4             96  sun.misc.JarIndex
1544:             1             96  sun.misc.Launcher$AppClassLoader
1545:             3             96  sun.net.spi.DefaultProxySelector$NonProxyInfo
1546:             3             96  sun.nio.ch.AllocatedNativeObject
1547:             6             96  sun.nio.ch.FileDispatcherImpl
1548:             3             96  sun.nio.ch.PollArrayWrapper
1549:             1             96  sun.nio.ch.ServerSocketChannelImpl
1550:             3             96  sun.nio.ch.WindowsSelectorImpl$SubSelector
1551:             3             96  sun.nio.fs.NativeBuffer
1552:             4             96  sun.rmi.transport.ObjectEndpoint
1553:             3             96  sun.rmi.transport.tcp.TCPTransport
1554:             3             96  sun.rmi.transport.tcp.TCPTransport$AcceptLoop
1555:             1             96  sun.security.ec.SunEC
1556:             1             96  sun.security.jca.ProviderList$1
1557:             1             96  sun.security.mscapi.SunMSCAPI
1558:             1             96  sun.security.rsa.SunRsaSign
1559:             1             96  sun.security.smartcardio.SunPCSC
1560:             3             96  sun.security.ssl.X509TrustManagerImpl
1561:             3             96  sun.security.x509.ExtendedKeyUsageExtension
1562:             3             96  sun.security.x509.SubjectAlternativeNameExtension
1563:             4             96  sun.util.locale.ParseStatus
1564:             1             88  [Ljava.lang.ConditionalSpecialCasing$Entry;
1565:             2             88  [Ljava.nio.file.attribute.PosixFilePermission;
1566:             1             88  [Lorg.springframework.boot.ansi.AnsiColor;
1567:             1             88  [Lorg.zeroturnaround.jrebel.stats.id.container.ServerType;
1568:             1             88  [Lsun.security.util.ObjectIdentifier;
1569:             1             88  [[Ljava.lang.Byte;
1570:             1             88  com.alibaba.fastjson.serializer.JSONSerializer
1571:             1             88  org.apache.catalina.webresources.StandardRoot
1572:             1             88  org.hibernate.validator.internal.engine.ConfigurationImpl
1573:             1             88  org.springframework.aop.framework.autoproxy.InfrastructureAdvisorAutoProxyCreator
1574:             1             88  org.springframework.beans.JrBeanFactoryData
1575:             1             88  org.springframework.boot.autoconfigure.web.servlet.WebMvcAutoConfiguration$EnableWebMvcConfiguration$$EnhancerBySpringCGLIB$$8f1f0dbe
1576:             1             88  org.springframework.boot.autoconfigure.web.servlet.WelcomePageHandlerMapping
1577:             1             88  org.springframework.jmx.export.annotation.AnnotationMBeanExporter
1578:             1             88  org.springframework.web.servlet.handler.BeanNameUrlHandlerMapping
1579:             1             88  sun.misc.Launcher$ExtClassLoader
1580:             1             88  sun.nio.cs.CharsetMapping
1581:             3             80  [Ljava.security.cert.X509Certificate;
1582:             2             80  [Ljava.util.stream.StreamOpFlag$Type;
1583:             2             80  [Ljavax.servlet.DispatcherType;
1584:             2             80  [Ljavax.validation.executable.ExecutableType;
1585:             1             80  [Ljavax.websocket.CloseReason$CloseCodes;
1586:             2             80  [Lorg.springframework.context.annotation.FilterType;
1587:             4             80  [Lorg.springframework.core.annotation.AnnotationAttributes;
1588:             2             80  [Lorg.springframework.http.HttpStatus$Series;
1589:             2             80  [Lorg.springframework.web.socket.sockjs.transport.TransportType;
1590:             1             80  [Lorg.zeroturnaround.javarebel.ResourceSource;
1591:             1             80  [Lsun.security.ssl.CipherSuite$KeyExchange;
1592:             2             80  [[S
1593:             5             80  com.fasterxml.jackson.databind.introspect.BasicClassIntrospector
1594:             5             80  com.fasterxml.jackson.databind.jsontype.impl.StdSubtypeResolver
1595:             5             80  com.fasterxml.jackson.databind.module.SimpleKeyDeserializers
1596:             5             80  com.fasterxml.jackson.databind.util.RootNameLookup
1597:             5             80  com.fasterxml.jackson.datatype.jdk8.Jdk8Deserializers
1598:             5             80  com.fasterxml.jackson.datatype.jdk8.Jdk8Serializers
1599:             5             80  com.fasterxml.jackson.datatype.jdk8.Jdk8TypeModifier
1600:             5             80  com.fasterxml.jackson.datatype.jsr310.JavaTimeModule$1
1601:             2             80  com.sun.jmx.mbeanserver.DefaultMXBeanMappingFactory$TabularMapping
1602:             2             80  com.sun.org.apache.xerces.internal.impl.XMLDocumentFragmentScannerImpl$ElementStack2
1603:             2             80  com.sun.org.apache.xerces.internal.impl.dtd.XMLDTDDescription
1604:             2             80  com.sun.org.apache.xerces.internal.impl.validation.ValidationState
1605:             5             80  com.zeroturnaround.javarebel.aeb
1606:             2             80  com.zeroturnaround.javarebel.bzf
1607:             2             80  com.zeroturnaround.javarebel.chy
1608:             1             80  com.zeroturnaround.javarebel.la
1609:             2             80  com.zeroturnaround.javarebel.oa
1610:             2             80  java.io.ExpiringCache
1611:             2             80  java.io.StringReader
1612:             2             80  java.util.Collections$SynchronizedSortedMap
1613:             2             80  java.util.HashMap$EntryIterator
1614:             5             80  java.util.Hashtable$EntrySet
1615:             2             80  java.util.Locale$Category
1616:             5             80  java.util.concurrent.ThreadPoolExecutor$AbortPolicy
1617:             5             80  java.util.concurrent.atomic.AtomicMarkableReference
1618:             5             80  javax.security.auth.x500.X500Principal
1619:             1             80  org.apache.catalina.core.StandardService
1620:             1             80  org.apache.catalina.servlets.DefaultServlet
1621:             1             80  org.apache.catalina.startup.Tomcat$SimpleRealm
1622:             1             80  org.apache.coyote.RequestGroupInfo
1623:             2             80  org.apache.tomcat.util.http.parser.Host$MessageBytesReader
1624:             5             80  org.apache.tomcat.util.net.NioBlockingSelector$KeyReference
1625:             2             80  org.apache.tomcat.websocket.MessagePart
1626:             1             80  org.apache.tomcat.websocket.server.WsHttpUpgradeHandler
1627:             2             80  org.hibernate.validator.internal.metadata.core.AnnotationProcessingOptionsImpl
1628:             1             80  org.springframework.beans.BeanWrapperImpl
1629:             2             80  org.springframework.beans.propertyeditors.CustomBooleanEditor
1630:             1             80  org.springframework.boot.SpringApplication
1631:             1             80  org.springframework.context.annotation.ClassPathBeanDefinitionScanner
1632:             1             80  org.springframework.context.annotation.ConfigurationClassPostProcessor
1633:             2             80  org.springframework.context.event.SimpleApplicationEventMulticaster
1634:             5             80  org.springframework.core.$Proxy55
1635:             2             80  org.springframework.core.io.support.ResourceArrayPropertyEditor
1636:             2             80  org.springframework.expression.spel.support.ReflectivePropertyAccessor
1637:             2             80  org.springframework.messaging.simp.annotation.support.SendToMethodReturnValueHandler
1638:             1             80  org.springframework.scheduling.concurrent.ThreadPoolTaskScheduler
1639:             5             80  org.springframework.web.accept.HeaderContentNegotiationStrategy
1640:             2             80  org.springframework.web.context.request.async.WebAsyncManager
1641:             1             80  org.springframework.web.servlet.mvc.method.annotation.ExceptionHandlerExceptionResolver
1642:             1             80  org.springframework.web.socket.messaging.SubProtocolWebSocketHandler
1643:             5             80  org.zeroturnaround.javarebel.IDENotifications$IDENotificationLevel
1644:             5             80  org.zeroturnaround.jrebel.apache.commons.compress.archivers.zip.ZipShort
1645:             2             80  org.zeroturnaround.jrebel.intellij.OutputReader
1646:             2             80  sun.management.MemoryManagerImpl
1647:             1             80  sun.reflect.misc.MethodUtil
1648:             5             80  sun.security.util.DisabledAlgorithmConstraints$Constraints
1649:             1             72  [Lcom.fasterxml.jackson.core.JsonToken;
1650:             1             72  [Ljava.lang.invoke.LambdaFormEditor$Transform$Kind;
1651:             1             72  [Ljavax.management.openmbean.SimpleType;
1652:             3             72  [Ljavax.validation.constraintvalidation.ValidationTarget;
1653:             1             72  [Lorg.apache.coyote.AsyncStateMachine$AsyncState;
1654:             2             72  [Lsun.security.jca.ProviderConfig;
1655:             3             72  [Lsun.security.ssl.EphemeralKeyManager$EphemeralKeyPair;
1656:             1             72  ch.qos.logback.core.ConsoleAppender
1657:             3             72  ch.qos.logback.core.pattern.FormatInfo
1658:             3             72  ch.qos.logback.core.spi.FilterReply
1659:             3             72  ch.qos.logback.core.subst.Tokenizer$TokenizerState
1660:             1             72  com.alibaba.fastjson.serializer.ASMSerializer_1_Log
1661:             1             72  com.fasterxml.jackson.core.util.InternCache
1662:             3             72  com.fasterxml.jackson.databind.ser.std.NumberSerializer
1663:             3             72  com.fasterxml.jackson.databind.util.AccessPattern
1664:             3             72  com.fasterxml.jackson.datatype.jsr310.deser.JSR310StringParsableDeserializer
1665:             1             72  com.fasterxml.jackson.module.paramnames.ParameterNamesModule
1666:             3             72  com.sysmin.controller.jvm.JvmHandlerController$$Lambda$474/1145068602
1667:             3             72  com.sysmin.controller.jvm.JvmHandlerController$$Lambda$475/712453684
1668:             3             72  com.sysmin.controller.jvm.JvmHandlerController$$Lambda$476/1652708270
1669:             3             72  com.sysmin.controller.jvm.JvmHandlerController$$Lambda$477/974753881
1670:             3             72  com.sysmin.controller.jvm.JvmHandlerController$$Lambda$478/1444247956
1671:             3             72  com.sysmin.core.log.LogType
1672:             1             72  com.zeroturnaround.javarebel.aat
1673:             1             72  com.zeroturnaround.javarebel.bia
1674:             1             72  com.zeroturnaround.javarebel.bib
1675:             1             72  com.zeroturnaround.javarebel.bic
1676:             1             72  com.zeroturnaround.javarebel.bid
1677:             1             72  com.zeroturnaround.javarebel.bie
1678:             1             72  com.zeroturnaround.javarebel.bif
1679:             1             72  com.zeroturnaround.javarebel.big
1680:             3             72  com.zeroturnaround.javarebel.bov
1681:             3             72  com.zeroturnaround.javarebel.bxd
1682:             3             72  com.zeroturnaround.javarebel.cei
1683:             3             72  com.zeroturnaround.javarebel.cfs
1684:             3             72  com.zeroturnaround.javarebel.cfw
1685:             3             72  com.zeroturnaround.javarebel.cgm
1686:             3             72  com.zeroturnaround.javarebel.d
1687:             3             72  com.zeroturnaround.javarebel.e
1688:             3             72  com.zeroturnaround.javarebel.g
1689:             3             72  com.zeroturnaround.javarebel.gdu
1690:             3             72  com.zeroturnaround.javarebel.gdv
1691:             3             72  com.zeroturnaround.javarebel.gdw
1692:             3             72  com.zeroturnaround.javarebel.gfi
1693:             1             72  com.zeroturnaround.javarebel.gg
1694:             3             72  com.zeroturnaround.javarebel.gsa
1695:             3             72  com.zeroturnaround.javarebel.kz
1696:             3             72  com.zeroturnaround.javarebel.o
1697:             3             72  com.zeroturnaround.javarebel.zr
1698:             3             72  com.zeroturnaround.jrebel.bundled.org.apache.http.impl.execchain.f
1699:             3             72  com.zeroturnaround.jrebel.bundled.org.apache.http.impl.execchain.k
1700:             3             72  com.zeroturnaround.reload.n
1701:             3             72  java.lang.annotation.RetentionPolicy
1702:             3             72  java.lang.invoke.MethodHandles$Lookup
1703:             3             72  java.net.Proxy$Type
1704:             3             72  java.net.ServerSocket
1705:             3             72  java.security.CodeSigner
1706:             3             72  java.time.LocalDate
1707:             3             72  java.time.ZoneOffset
1708:             3             72  java.time.format.ResolverStyle
1709:             3             72  java.util.Base64$Encoder
1710:             3             72  java.util.Collections$UnmodifiableMap$UnmodifiableEntrySet$1
1711:             3             72  java.util.Currency
1712:             1             72  java.util.ResourceBundle$RBClassLoader
1713:             1             72  java.util.logging.LogManager$RootLogger
1714:             3             72  java.util.stream.Collector$Characteristics
1715:             3             72  java.util.stream.MatchOps$MatchKind
1716:             3             72  javax.crypto.CryptoPermissions
1717:             3             72  javax.servlet.SessionTrackingMode
1718:             3             72  org.apache.coyote.http11.Http11InputBuffer$HeaderParseStatus
1719:             3             72  org.apache.tomcat.util.http.parser.SkipResult
1720:             3             72  org.apache.tomcat.util.log.UserDataHelper$Mode
1721:             3             72  org.apache.tomcat.util.net.NioEndpoint$PollerEvent
1722:             3             72  org.apache.tomcat.util.net.SendfileState
1723:             3             72  org.apache.tomcat.websocket.MessageHandlerResultType
1724:             3             72  org.apache.tomcat.websocket.TransformationResult
1725:             3             72  org.apache.tomcat.websocket.WsExtension
1726:             3             72  org.apache.tomcat.websocket.WsFrameBase$State
1727:             3             72  org.apache.tomcat.websocket.WsSession$State
1728:             3             72  org.hibernate.validator.internal.metadata.raw.ConfigurationSource
1729:             3             72  org.hibernate.validator.internal.util.ConcurrentReferenceHashMap$ReferenceType
1730:             3             72  org.springframework.beans.AbstractNestablePropertyAccessor$PropertyTokenHolder
1731:             3             72  org.springframework.beans.factory.annotation.Autowire
1732:             3             72  org.springframework.beans.factory.config.EmbeddedValueResolver
1733:             3             72  org.springframework.boot.Banner$Mode
1734:             3             72  org.springframework.boot.WebApplicationType
1735:             3             72  org.springframework.boot.ansi.AnsiOutput$Enabled
1736:             3             72  org.springframework.boot.autoconfigure.condition.ConditionalOnWebApplication$Type
1737:             3             72  org.springframework.boot.autoconfigure.condition.SearchStrategy
1738:             3             72  org.springframework.boot.autoconfigure.web.ErrorProperties$IncludeStacktrace
1739:             1             72  org.springframework.boot.autoconfigure.web.ServerProperties
1740:             3             72  org.springframework.boot.autoconfigure.web.servlet.WebMvcAutoConfiguration$WebMvcAutoConfigurationAdapter$$EnhancerBySpringCGLIB$$3122d8a3$$FastClassBySpringCGLIB$$3f01059d
1741:             3             72  org.springframework.boot.autoconfigure.web.servlet.WebMvcAutoConfiguration$WebMvcAutoConfigurationAdapter$$FastClassBySpringCGLIB$$99958c00
1742:             3             72  org.springframework.boot.autoconfigure.web.servlet.error.ErrorMvcAutoConfiguration$$EnhancerBySpringCGLIB$$4fddc2c3$$FastClassBySpringCGLIB$$73cc506a
1743:             3             72  org.springframework.boot.autoconfigure.web.servlet.error.ErrorMvcAutoConfiguration$$FastClassBySpringCGLIB$$75715220
1744:             3             72  org.springframework.boot.context.properties.source.ConfigurationPropertyName$Form
1745:             3             72  org.springframework.boot.context.properties.source.ConfigurationPropertyState
1746:             3             72  org.springframework.boot.devtools.autoconfigure.LocalDevToolsAutoConfiguration$LiveReloadConfiguration$$EnhancerBySpringCGLIB$$ef1aa9b0$$FastClassBySpringCGLIB$$2cf51a3
1747:             3             72  org.springframework.boot.devtools.autoconfigure.LocalDevToolsAutoConfiguration$LiveReloadConfiguration$$FastClassBySpringCGLIB$$605e686d
1748:             3             72  org.springframework.boot.devtools.filewatch.ChangedFile$Type
1749:             1             72  org.springframework.boot.devtools.restart.Restarter
1750:             1             72  org.springframework.boot.jackson.JsonComponentModule
1751:             3             72  org.springframework.boot.jdbc.DataSourceInitializationMode
1752:             3             72  org.springframework.context.annotation.AnnotationScopeMetadataResolver
1753:             3             72  org.springframework.core.ResolvableType$SyntheticParameterizedType
1754:             3             72  org.springframework.core.ResolvableType$TypeVariablesVariableResolver
1755:             3             72  org.springframework.core.env.PropertySource$StubPropertySource
1756:             3             72  org.springframework.core.type.classreading.CachingMetadataReaderFactory
1757:             3             72  org.springframework.expression.TypedValue
1758:             3             72  org.springframework.expression.spel.SpelCompilerMode
1759:             3             72  org.springframework.format.datetime.standard.DateTimeFormatterRegistrar$Type
1760:             3             72  org.springframework.http.converter.ByteArrayHttpMessageConverter
1761:             3             72  org.springframework.http.server.ServletServerHttpResponse
1762:             3             72  org.springframework.http.server.ServletServerHttpResponse$ServletResponseHttpHeaders
1763:             3             72  org.springframework.jdbc.datasource.embedded.EmbeddedDatabaseType
1764:             3             72  org.springframework.jmx.support.RegistrationPolicy
1765:             3             72  org.springframework.messaging.simp.config.ChannelRegistration
1766:             3             72  org.springframework.messaging.support.MessageHeaderAccessor$MutableMessageHeaders
1767:             3             72  org.springframework.transaction.annotation.ProxyTransactionManagementConfiguration$$EnhancerBySpringCGLIB$$2431bd3e$$FastClassBySpringCGLIB$$83fee9d2
1768:             3             72  org.springframework.transaction.annotation.ProxyTransactionManagementConfiguration$$FastClassBySpringCGLIB$$1e4b583b
1769:             3             72  org.springframework.web.servlet.mvc.method.annotation.RequestAttributeMethodArgumentResolver
1770:             3             72  org.springframework.web.servlet.mvc.method.annotation.ServletRequestDataBinderFactory
1771:             3             72  org.springframework.web.servlet.mvc.method.annotation.SessionAttributeMethodArgumentResolver
1772:             3             72  org.springframework.web.servlet.resource.DefaultResourceTransformerChain
1773:             3             72  org.springframework.web.socket.config.annotation.WebSocketMessageBrokerConfigurationSupport$$FastClassBySpringCGLIB$$c80633df
1774:             3             72  org.springframework.web.socket.sockjs.transport.session.AbstractSockJsSession$HeartbeatTask
1775:             3             72  org.springframework.web.socket.sockjs.transport.session.AbstractSockJsSession$State
1776:             3             72  org.springframework.web.util.HierarchicalUriComponents$EncodeState
1777:             3             72  org.zeroturnaround.javarebel.integration.monitor.FileMonitorAdapter$DirtyListener
1778:             1             72  org.zeroturnaround.javarebel.integration.spring.boot.ResourceReloadingProperties
1779:             3             72  org.zeroturnaround.javarebel.integration.util.WeakUtil$WeakRequestListener
1780:             1             72  org.zeroturnaround.javarebel.reporting.MixpanelMetrics
1781:             3             72  org.zeroturnaround.javarebel.reporting.MixpanelMetrics$12
1782:             1             72  org.zeroturnaround.javarebel.spring.SpringMetrics
1783:             3             72  org.zeroturnaround.jrebel.apache.commons.compress.archivers.zip.ZipLong
1784:             3             72  org.zeroturnaround.jrebel.apache.commons.io.IOCase
1785:             1             72  org.zeroturnaround.jrebel.intellij.FileWatcher
1786:             3             72  sun.misc.FloatingDecimal$ExceptionalBinaryToASCIIBuffer
1787:             3             72  sun.misc.ObjectInputFilter$Status
1788:             3             72  sun.nio.ch.PipeImpl
1789:             3             72  sun.nio.ch.SharedFileLockTable
1790:             3             72  sun.nio.ch.WindowsSelectorImpl$FinishLock
1791:             3             72  sun.nio.ch.WindowsSelectorImpl$StartLock
1792:             3             72  sun.nio.fs.NativeBuffer$Deallocator
1793:             3             72  sun.security.provider.DSAParameters
1794:             3             72  sun.security.provider.PolicyFile$PolicyEntry
1795:             3             72  sun.security.provider.certpath.X509CertPath
1796:             3             72  sun.security.ssl.CipherSuite$CipherType
1797:             3             72  sun.security.ssl.CipherSuiteList
1798:             1             72  sun.util.locale.provider.JRELocaleProviderAdapter
1799:             2             64  [Lcom.fasterxml.jackson.annotation.JsonCreator$Mode;
1800:             2             64  [Lcom.sun.org.apache.xerces.internal.impl.XMLEntityManager$CharacterBuffer;
1801:             2             64  [Lcom.sun.org.apache.xerces.internal.utils.XMLSecurityPropertyManager$State;
1802:             2             64  [Lcom.zeroturnaround.javarebel.ae;
1803:             1             64  [Lcom.zeroturnaround.javarebel.bga;
1804:             2             64  [Ljava.lang.annotation.RetentionPolicy;
1805:             2             64  [Ljava.lang.invoke.LambdaFormEditor$Transform;
1806:             2             64  [Ljava.util.stream.Collector$Characteristics;
1807:             2             64  [Ljavax.servlet.SessionTrackingMode;
1808:             1             64  [Lorg.apache.catalina.LifecycleState;
1809:             3             64  [Lorg.apache.catalina.connector.Connector;
1810:             2             64  [Lorg.springframework.beans.factory.annotation.Autowire;
1811:             2             64  [Lorg.springframework.boot.ansi.AnsiOutput$Enabled;
1812:             2             64  [Lorg.springframework.boot.autoconfigure.condition.ConditionalOnWebApplication$Type;
1813:             2             64  [Lorg.springframework.boot.autoconfigure.condition.SearchStrategy;
1814:             2             64  [Lorg.springframework.boot.autoconfigure.web.ErrorProperties$IncludeStacktrace;
1815:             2             64  [Lorg.springframework.context.annotation.ScopedProxyMode;
1816:             2             64  [Lorg.springframework.format.datetime.standard.DateTimeFormatterRegistrar$Type;
1817:             2             64  [Lorg.springframework.util.ConcurrentReferenceHashMap$TaskOption;
1818:             1             64  [Lorg.zeroturnaround.javarebel.reporting.stats.repository.DailyFieldId;
1819:             1             64  [Lsun.reflect.annotation.TypeAnnotation$TypeAnnotationTarget;
1820:             1             64  ch.qos.logback.classic.PatternLayout
1821:             2             64  ch.qos.logback.core.joran.spi.ConsoleTarget
1822:             2             64  ch.qos.logback.core.util.COWArrayList
1823:             2             64  ch.qos.logback.core.util.CachingDateFormatter
1824:             1             64  com.alibaba.fastjson.serializer.SerializeWriter
1825:             1             64  com.fasterxml.classmate.util.LRUTypeCache$CacheMap
1826:             2             64  com.fasterxml.jackson.databind.deser.std.StringArrayDeserializer
1827:             2             64  com.fasterxml.jackson.databind.ser.std.NumberSerializers$DoubleSerializer
1828:             2             64  com.fasterxml.jackson.databind.ser.std.NumberSerializers$IntegerSerializer
1829:             2             64  com.fasterxml.jackson.databind.ser.std.NumberSerializers$LongSerializer
1830:             2             64  com.sun.crypto.provider.AESCrypt
1831:             2             64  com.sun.jmx.mbeanserver.DefaultMXBeanMappingFactory$CollectionMapping
1832:             2             64  com.sun.org.apache.xalan.internal.utils.XMLSecurityPropertyManager$Property
1833:             1             64  com.sun.org.apache.xerces.internal.impl.XMLEntityScanner
1834:             2             64  com.sun.org.apache.xerces.internal.impl.dtd.XMLElementDecl
1835:             2             64  com.sun.org.apache.xerces.internal.utils.XMLSecurityPropertyManager$Property
1836:             4             64  com.sun.proxy.$Proxy10
1837:             4             64  com.sun.proxy.$Proxy2
1838:             4             64  com.sun.proxy.$Proxy22
1839:             4             64  com.sun.proxy.$Proxy30
1840:             4             64  com.sun.proxy.$Proxy41
1841:             4             64  com.sun.proxy.$Proxy56
1842:             2             64  com.sysmin.core.jvm.enums.JpsType
1843:             4             64  com.zeroturnaround.javarebel.aea
1844:             4             64  com.zeroturnaround.javarebel.ay
1845:             2             64  com.zeroturnaround.javarebel.bpx
1846:             4             64  com.zeroturnaround.javarebel.r
1847:             2             64  com.zeroturnaround.javarebel.uo
1848:             2             64  com.zeroturnaround.javarebel.wi
1849:             2             64  com.zeroturnaround.jrebelbase.e
1850:             2             64  com.zeroturnaround.jrebelbase.facade.av
1851:             2             64  java.io.PrintStream
1852:             1             64  java.lang.ClassValue$ClassValueMap
1853:             2             64  java.lang.ProcessBuilder
1854:             2             64  java.lang.VirtualMachineError
1855:             4             64  java.lang.invoke.$Proxy73
1856:             2             64  java.lang.ref.ReferenceQueue$Null
1857:             2             64  java.net.URI$Parser
1858:             4             64  java.time.format.DateTimeTextProvider
1859:             2             64  java.time.temporal.IsoFields$Unit
1860:             2             64  java.util.AbstractList$Itr
1861:             4             64  java.util.Collections$UnmodifiableCollection
1862:             4             64  java.util.Hashtable$KeySet
1863:             4             64  java.util.Optional
1864:             4             64  java.util.TreeMap$Values
1865:             4             64  java.util.concurrent.CountDownLatch
1866:             1             64  java.util.stream.ReferencePipeline$3
1867:             2             64  javax.management.remote.JMXServiceURL
1868:             1             64  org.apache.catalina.core.ApplicationContext
1869:             1             64  org.apache.catalina.loader.WebappLoader
1870:             1             64  org.apache.catalina.mapper.Mapper$ContextVersion
1871:             1             64  org.apache.catalina.valves.ErrorReportValve
1872:             1             64  org.apache.catalina.webresources.DirResourceSet
1873:             2             64  org.apache.logging.log4j.util.PropertiesUtil$Environment
1874:             2             64  org.apache.tomcat.util.http.NamesEnumerator
1875:             1             64  org.hibernate.validator.internal.engine.ValidatorFactoryImpl
1876:             1             64  org.springframework.aop.framework.ProxyFactory
1877:             4             64  org.springframework.beans.factory.support.NullBean
1878:             2             64  org.springframework.beans.propertyeditors.CharacterEditor
1879:             2             64  org.springframework.beans.propertyeditors.ClassArrayEditor
1880:             2             64  org.springframework.beans.propertyeditors.ClassEditor
1881:             2             64  org.springframework.beans.propertyeditors.FileEditor
1882:             2             64  org.springframework.beans.propertyeditors.InputSourceEditor
1883:             2             64  org.springframework.beans.propertyeditors.InputStreamEditor
1884:             2             64  org.springframework.beans.propertyeditors.PathEditor
1885:             2             64  org.springframework.beans.propertyeditors.ReaderEditor
1886:             2             64  org.springframework.beans.propertyeditors.URIEditor
1887:             2             64  org.springframework.beans.propertyeditors.URLEditor
1888:             1             64  org.springframework.boot.autoconfigure.jackson.JacksonProperties
1889:             1             64  org.springframework.boot.autoconfigure.template.TemplateAvailabilityProviders$1
1890:             1             64  org.springframework.boot.autoconfigure.web.servlet.WebMvcProperties
1891:             4             64  org.springframework.boot.convert.CollectionToDelimitedStringConverter
1892:             1             64  org.springframework.context.annotation.CommonAnnotationBeanPostProcessor
1893:             2             64  org.springframework.context.annotation.ConditionEvaluator$ConditionContextImpl
1894:             2             64  org.springframework.context.annotation.ConfigurationClassParser$ImportStack
1895:             4             64  org.springframework.core.convert.support.ArrayToCollectionConverter
1896:             4             64  org.springframework.core.convert.support.ArrayToObjectConverter
1897:             4             64  org.springframework.core.convert.support.ArrayToStringConverter
1898:             4             64  org.springframework.core.convert.support.ByteBufferConverter
1899:             4             64  org.springframework.core.convert.support.CharacterToNumberFactory
1900:             4             64  org.springframework.core.convert.support.CollectionToCollectionConverter
1901:             4             64  org.springframework.core.convert.support.CollectionToObjectConverter
1902:             4             64  org.springframework.core.convert.support.EnumToIntegerConverter
1903:             4             64  org.springframework.core.convert.support.EnumToStringConverter
1904:             4             64  org.springframework.core.convert.support.FallbackObjectToStringConverter
1905:             4             64  org.springframework.core.convert.support.IdToEntityConverter
1906:             4             64  org.springframework.core.convert.support.IntegerToEnumConverterFactory
1907:             4             64  org.springframework.core.convert.support.MapToMapConverter
1908:             4             64  org.springframework.core.convert.support.NumberToCharacterConverter
1909:             4             64  org.springframework.core.convert.support.NumberToNumberConverterFactory
1910:             4             64  org.springframework.core.convert.support.ObjectToArrayConverter
1911:             4             64  org.springframework.core.convert.support.ObjectToCollectionConverter
1912:             4             64  org.springframework.core.convert.support.ObjectToObjectConverter
1913:             4             64  org.springframework.core.convert.support.ObjectToOptionalConverter
1914:             4             64  org.springframework.core.convert.support.PropertiesToStringConverter
1915:             4             64  org.springframework.core.convert.support.StreamConverter
1916:             4             64  org.springframework.core.convert.support.StringToArrayConverter
1917:             4             64  org.springframework.core.convert.support.StringToBooleanConverter
1918:             4             64  org.springframework.core.convert.support.StringToCharacterConverter
1919:             4             64  org.springframework.core.convert.support.StringToCharsetConverter
1920:             4             64  org.springframework.core.convert.support.StringToCollectionConverter
1921:             4             64  org.springframework.core.convert.support.StringToCurrencyConverter
1922:             4             64  org.springframework.core.convert.support.StringToEnumConverterFactory
1923:             4             64  org.springframework.core.convert.support.StringToLocaleConverter
1924:             4             64  org.springframework.core.convert.support.StringToNumberConverterFactory
1925:             4             64  org.springframework.core.convert.support.StringToNumberConverterFactory$StringToNumber
1926:             4             64  org.springframework.core.convert.support.StringToPropertiesConverter
1927:             4             64  org.springframework.core.convert.support.StringToTimeZoneConverter
1928:             4             64  org.springframework.core.convert.support.StringToUUIDConverter
1929:             4             64  org.springframework.core.convert.support.ZoneIdToTimeZoneConverter
1930:             4             64  org.springframework.core.convert.support.ZonedDateTimeToCalendarConverter
1931:             4             64  org.springframework.core.env.AbstractPropertyResolver$$Lambda$72/527829831
1932:             2             64  org.springframework.core.task.SimpleAsyncTaskExecutor$ConcurrencyThrottleAdapter
1933:             2             64  org.springframework.core.type.filter.AnnotationTypeFilter
1934:             2             64  org.springframework.http.converter.support.AllEncompassingFormHttpMessageConverter
1935:             1             64  org.springframework.jdbc.core.namedparam.NamedParameterJdbcTemplate$1
1936:             2             64  org.springframework.messaging.simp.broker.BrokerAvailabilityEvent
1937:             1             64  org.springframework.messaging.simp.broker.DefaultSubscriptionRegistry$DestinationCache$1
1938:             2             64  org.springframework.messaging.simp.config.TaskExecutorRegistration
1939:             1             64  org.springframework.messaging.simp.stomp.StompEncoder$1
1940:             4             64  org.springframework.validation.DefaultBindingErrorProcessor
1941:             1             64  org.springframework.validation.beanvalidation.MethodValidationPostProcessor
1942:             1             64  org.springframework.web.context.support.ServletRequestHandledEvent
1943:             2             64  org.springframework.web.context.support.StandardServletEnvironment
1944:             4             64  org.springframework.web.method.annotation.ModelMethodProcessor
1945:             2             64  org.springframework.web.servlet.HandlerExecutionChain
1946:             2             64  org.springframework.web.servlet.mvc.method.annotation.RequestMappingHandlerAdapter$$Lambda$440/161765989
1947:             1             64  org.springframework.web.servlet.view.AbstractCachingViewResolver$2
1948:             2             64  org.springframework.web.socket.sockjs.transport.handler.SockJsWebSocketHandler
1949:             4             64  org.zeroturnaround.javarebel.integration.generic.MultiReloadCheckListener
1950:             2             64  org.zeroturnaround.javarebel.integration.util.ClassLoaderLocalUtil$DestructibleClassEventListenerAdapter
1951:             2             64  sun.misc.FloatingDecimal$ASCIIToBinaryBuffer
1952:             4             64  sun.net.www.protocol.jar.Handler
1953:             2             64  sun.reflect.UnsafeQualifiedBooleanFieldAccessorImpl
1954:             1             64  sun.security.provider.SHA2$SHA256
1955:             2             64  sun.security.x509.NetscapeCertTypeExtension
1956:             1             64  sun.util.locale.provider.RuleBasedBreakIterator
1957:             1             56  [Lcom.fasterxml.jackson.annotation.JsonFormat$Shape;
1958:             1             56  [Lcom.sun.org.apache.xalan.internal.utils.XMLSecurityManager$Limit;
1959:             1             56  [Lcom.sun.org.apache.xerces.internal.impl.XMLScanner$NameType;
1960:             1             56  [Lcom.sun.org.apache.xerces.internal.utils.XMLSecurityManager$Limit;
1961:             2             56  [Lcom.zeroturnaround.javarebel.cmy;
1962:             1             56  [Ljava.lang.Runnable;
1963:             1             56  [Ljava.text.Format;
1964:             3             56  [Lorg.springframework.context.annotation.ComponentScan$Filter;
1965:             1             56  [Lorg.springframework.messaging.simp.SimpMessageType;
1966:             2             56  [Lorg.springframework.util.MimeType;
1967:             1             56  [Lorg.zeroturnaround.bundled.javassist.CtClass;
1968:             1             56  [Lorg.zeroturnaround.javarebel.LicenceType;
1969:             1             56  [Lsun.util.logging.PlatformLogger$Level;
1970:             1             56  ch.qos.logback.classic.encoder.PatternLayoutEncoder
1971:             1             56  com.fasterxml.classmate.types.ResolvedObjectType
1972:             1             56  com.fasterxml.jackson.datatype.jsr310.ser.ZonedDateTimeSerializer
1973:             1             56  com.sun.org.apache.xerces.internal.jaxp.SAXParserImpl
1974:             1             56  com.zeroturnaround.javarebel.fxq
1975:             1             56  java.util.logging.LogManager
1976:             1             56  java.util.stream.ReferencePipeline$Head
1977:             1             56  org.apache.catalina.core.StandardContextValve
1978:             1             56  org.apache.catalina.core.StandardEngineValve
1979:             1             56  org.apache.catalina.core.StandardHostValve
1980:             1             56  org.apache.catalina.util.StandardSessionIdGenerator
1981:             1             56  org.apache.catalina.webresources.Cache
1982:             1             56  org.apache.tomcat.util.net.NioSelectorPool
1983:             1             56  org.apache.tomcat.util.scan.StandardJarScanFilter
1984:             1             56  org.apache.tomcat.util.threads.TaskQueue
1985:             1             56  org.hibernate.validator.internal.metadata.BeanMetaDataManager
1986:             1             56  org.hibernate.validator.internal.xml.config.BootstrapConfigurationImpl
1987:             1             56  org.hibernate.validator.internal.xml.config.ValidationBootstrapParameters
1988:             1             56  org.springframework.asm.Label
1989:             1             56  org.springframework.beans.factory.annotation.AutowiredAnnotationBeanPostProcessor
1990:             1             56  org.springframework.boot.autoconfigure.web.ResourceProperties$Cache$Cachecontrol
1991:             1             56  org.springframework.boot.autoconfigure.web.servlet.DispatcherServletRegistrationBean
1992:             1             56  org.springframework.boot.autoconfigure.web.servlet.WebMvcAutoConfiguration$WebMvcAutoConfigurationAdapter$$EnhancerBySpringCGLIB$$3122d8a3
1993:             1             56  org.springframework.boot.devtools.filewatch.FileSystemWatcher
1994:             1             56  org.springframework.boot.web.client.RestTemplateBuilder
1995:             1             56  org.springframework.boot.web.embedded.tomcat.LazySessionIdGenerator
1996:             1             56  org.springframework.dao.annotation.PersistenceExceptionTranslationPostProcessor
1997:             1             56  org.springframework.messaging.simp.broker.SimpleBrokerMessageHandler$SessionInfo
1998:             1             56  org.springframework.messaging.simp.config.MessageBrokerRegistry
1999:             1             56  org.springframework.util.StopWatch
2000:             1             56  org.springframework.validation.beanvalidation.LocalValidatorFactoryBean
2001:             1             56  org.springframework.web.servlet.view.ContentNegotiatingViewResolver
2002:             1             56  org.springframework.web.socket.config.annotation.DelegatingWebSocketMessageBrokerConfiguration$$EnhancerBySpringCGLIB$$151c7e11
2003:             1             56  org.springframework.web.socket.handler.ConcurrentWebSocketSessionDecorator
2004:             1             56  org.springframework.web.socket.messaging.StompSubProtocolHandler
2005:             1             56  org.zeroturnaround.javarebel.integration.monitor.FileMonitorAdapter
2006:             1             56  sun.rmi.runtime.Log$InternalStreamHandler
2007:             1             56  sun.security.provider.MD5
2008:             1             56  sun.security.ssl.InputRecord
2009:             3             48  [Lcom.fasterxml.classmate.ResolvedType;
2010:             1             48  [Lcom.fasterxml.jackson.annotation.JsonFormat$Feature;
2011:             1             48  [Lcom.fasterxml.jackson.annotation.JsonInclude$Include;
2012:             1             48  [Lcom.sun.beans.util.Cache$CacheEntry;
2013:             1             48  [Lcom.sun.management.VMOption$Origin;
2014:             1             48  [Lcom.zeroturnaround.javarebel.gdk;
2015:             1             48  [Ljava.beans.WeakIdentityMap$Entry;
2016:             3             48  [Ljava.lang.StackTraceElement;
2017:             3             48  [Ljava.lang.Throwable;
2018:             1             48  [Ljava.lang.invoke.MethodHandleImpl$Intrinsic;
2019:             1             48  [Ljava.math.RoundingMode;
2020:             1             48  [Ljava.util.concurrent.TimeUnit;
2021:             2             48  [Ljavax.annotation.Resource$AuthenticationType;
2022:             3             48  [Lorg.apache.catalina.mapper.Mapper$MappedWrapper;
2023:             1             48  [Lorg.apache.tomcat.util.http.parser.HttpParser$DomainParseState;
2024:             1             48  [Lorg.apache.tomcat.util.net.AbstractEndpoint$Handler$SocketState;
2025:             2             48  [Lorg.hibernate.validator.internal.util.ConcurrentReferenceHashMap$Option;
2026:             1             48  [Lorg.springframework.boot.convert.DurationStyle$Unit;
2027:             1             48  [Lorg.springframework.cglib.proxy.CallbackInfo;
2028:             2             48  [Lorg.springframework.context.annotation.AdviceMode;
2029:             1             48  [Lsun.management.counter.Units;
2030:             1             48  [Lsun.security.ssl.SignatureAndHashAlgorithm$HashAlgorithm;
2031:             1             48  [Lsun.security.x509.NetscapeCertTypeExtension$MapEntry;
2032:             1             48  [[Ljava.lang.Object;
2033:             1             48  ch.qos.logback.classic.pattern.DateConverter
2034:             3             48  ch.qos.logback.core.spi.LogbackLock
2035:             2             48  ch.qos.logback.core.subst.Node$Type
2036:             1             48  com.alibaba.fastjson.parser.ParserConfig
2037:             2             48  com.alibaba.fastjson.util.IdentityHashMap
2038:             2             48  com.fasterxml.jackson.databind.AnnotationIntrospector$ReferenceProperty$Type
2039:             1             48  com.fasterxml.jackson.databind.cfg.ConfigOverride$Empty
2040:             2             48  com.fasterxml.jackson.databind.deser.impl.NullsConstantProvider
2041:             2             48  com.fasterxml.jackson.databind.introspect.AnnotationIntrospectorPair
2042:             2             48  com.fasterxml.jackson.databind.ser.std.BooleanSerializer
2043:             1             48  com.fasterxml.jackson.databind.ser.std.CollectionSerializer
2044:             1             48  com.fasterxml.jackson.databind.util.StdDateFormat
2045:             1             48  com.fasterxml.jackson.datatype.jsr310.ser.InstantSerializer
2046:             1             48  com.fasterxml.jackson.datatype.jsr310.ser.OffsetDateTimeSerializer
2047:             2             48  com.sun.crypto.provider.AESCipher$General
2048:             2             48  com.sun.jmx.mbeanserver.ClassLoaderRepositorySupport$LoaderEntry
2049:             1             48  com.sun.jmx.mbeanserver.DefaultMXBeanMappingFactory$Mappings
2050:             2             48  com.sun.jmx.mbeanserver.WeakIdentityHashMap
2051:             2             48  com.sun.org.apache.xerces.internal.impl.dtd.DTDGrammarBucket
2052:             2             48  com.sun.org.apache.xerces.internal.impl.dtd.XMLAttributeDecl
2053:             3             48  com.sun.org.apache.xerces.internal.impl.dv.dtd.ListDatatypeValidator
2054:             1             48  com.sun.org.apache.xerces.internal.util.XMLAttributesImpl
2055:             3             48  com.sun.proxy.$Proxy14
2056:             3             48  com.sun.proxy.$Proxy32
2057:             3             48  com.sun.proxy.$Proxy47
2058:             3             48  com.sun.proxy.$Proxy54
2059:             3             48  com.sun.proxy.$Proxy70
2060:             2             48  com.zeroturnaround.javarebel.ayo
2061:             3             48  com.zeroturnaround.javarebel.bta
2062:             3             48  com.zeroturnaround.javarebel.btb
2063:             3             48  com.zeroturnaround.javarebel.btc
2064:             3             48  com.zeroturnaround.javarebel.btg
2065:             3             48  com.zeroturnaround.javarebel.bth
2066:             3             48  com.zeroturnaround.javarebel.btm
2067:             3             48  com.zeroturnaround.javarebel.btn
2068:             3             48  com.zeroturnaround.javarebel.bvw
2069:             2             48  com.zeroturnaround.javarebel.bwb
2070:             2             48  com.zeroturnaround.javarebel.bwc
2071:             3             48  com.zeroturnaround.javarebel.bxp
2072:             3             48  com.zeroturnaround.javarebel.bzl
2073:             3             48  com.zeroturnaround.javarebel.bzn
2074:             3             48  com.zeroturnaround.javarebel.bzr
2075:             3             48  com.zeroturnaround.javarebel.bzv
2076:             3             48  com.zeroturnaround.javarebel.c
2077:             3             48  com.zeroturnaround.javarebel.cai
2078:             3             48  com.zeroturnaround.javarebel.can
2079:             3             48  com.zeroturnaround.javarebel.cax
2080:             1             48  com.zeroturnaround.javarebel.cb
2081:             2             48  com.zeroturnaround.javarebel.cet
2082:             2             48  com.zeroturnaround.javarebel.cfx
2083:             3             48  com.zeroturnaround.javarebel.cgd
2084:             3             48  com.zeroturnaround.javarebel.cgh
2085:             2             48  com.zeroturnaround.javarebel.chk
2086:             1             48  com.zeroturnaround.javarebel.ciw
2087:             3             48  com.zeroturnaround.javarebel.cjf
2088:             1             48  com.zeroturnaround.javarebel.ckb
2089:             3             48  com.zeroturnaround.javarebel.cky
2090:             3             48  com.zeroturnaround.javarebel.clj
2091:             3             48  com.zeroturnaround.javarebel.cln
2092:             3             48  com.zeroturnaround.javarebel.h
2093:             3             48  com.zeroturnaround.javarebel.hab
2094:             2             48  com.zeroturnaround.javarebel.i
2095:             2             48  com.zeroturnaround.javarebel.internalsdk.Internal$CoreVersion
2096:             3             48  com.zeroturnaround.javarebel.jv
2097:             3             48  com.zeroturnaround.javarebel.ke
2098:             3             48  com.zeroturnaround.javarebel.s
2099:             2             48  com.zeroturnaround.javarebel.ux
2100:             2             48  com.zeroturnaround.javarebel.xy
2101:             2             48  com.zeroturnaround.javarebel.yc
2102:             2             48  com.zeroturnaround.javarebel.yd
2103:             2             48  com.zeroturnaround.javarebel.yo
2104:             2             48  com.zeroturnaround.javarebel.yq
2105:             2             48  com.zeroturnaround.javarebel.yy
2106:             2             48  com.zeroturnaround.javarebel.z
2107:             1             48  com.zeroturnaround.javarebel.zn
2108:             1             48  com.zeroturnaround.javarebel.zo
2109:             1             48  com.zeroturnaround.jrebel.bundled.org.apache.http.impl.execchain.c
2110:             2             48  com.zeroturnaround.jrebelbase.f
2111:             1             48  com.zeroturnaround.reload.a
2112:             2             48  java.io.File$PathStatus
2113:             2             48  java.lang.ClassValue$Version
2114:             1             48  java.lang.ProcessEnvironment
2115:             2             48  java.lang.ProcessImpl$2
2116:             1             48  java.lang.invoke.BoundMethodHandle$Species_L4
2117:             1             48  java.lang.invoke.BoundMethodHandle$Species_L5
2118:             2             48  java.lang.reflect.ReflectPermission
2119:             2             48  java.net.InetAddress$Cache
2120:             2             48  java.net.InetAddress$Cache$Type
2121:             2             48  java.net.SocketPermissionCollection
2122:             2             48  java.net.StandardProtocolFamily
2123:             3             48  java.nio.channels.spi.AbstractSelector$1
2124:             2             48  java.nio.charset.CoderResult
2125:             3             48  java.nio.charset.CodingErrorAction
2126:             2             48  java.sql.SQLPermission
2127:             3             48  java.text.AttributedCharacterIterator$Attribute
2128:             2             48  java.time.format.DateTimeFormatterBuilder$1
2129:             3             48  java.time.format.DateTimeFormatterBuilder$StringLiteralPrinterParser
2130:             2             48  java.time.format.DateTimeFormatterBuilder$ZoneIdPrinterParser
2131:             2             48  java.time.format.DateTimeTextProvider$LocaleStore
2132:             3             48  java.util.Base64$Decoder
2133:             1             48  java.util.concurrent.ConcurrentSkipListMap
2134:             2             48  java.util.concurrent.LinkedBlockingDeque$Node
2135:             3             48  java.util.concurrent.Semaphore
2136:             3             48  java.util.concurrent.SynchronousQueue$TransferStack
2137:             1             48  java.util.concurrent.locks.ReentrantReadWriteLock$FairSync
2138:             3             48  java.util.jar.JarVerifier$3
2139:             2             48  java.util.logging.Logger$LoggerBundle
2140:             2             48  java.util.regex.Pattern$Prolog
2141:             2             48  javax.annotation.Resource$AuthenticationType
2142:             2             48  javax.crypto.spec.SecretKeySpec
2143:             2             48  javax.el.ExpressionFactory$CacheValue
2144:             2             48  javax.el.Util$CacheValue
2145:             2             48  javax.management.remote.rmi.RMIJRMPServerImpl$ExportedWrapper
2146:             2             48  javax.validation.constraintvalidation.ValidationTarget
2147:             1             48  org.apache.catalina.core.DefaultInstanceManager
2148:             2             48  org.apache.catalina.core.StandardWrapperFacade
2149:             1             48  org.apache.catalina.mapper.MapperListener
2150:             3             48  org.apache.catalina.realm.RealmBase$AllRolesMode
2151:             1             48  org.apache.catalina.startup.Tomcat
2152:             2             48  org.apache.catalina.util.ErrorPageSupport
2153:             2             48  org.apache.catalina.util.URLEncoder
2154:             1             48  org.apache.catalina.webresources.FileResource
2155:             1             48  org.apache.logging.log4j.simple.SimpleLogger
2156:             1             48  org.apache.logging.log4j.status.StatusLogger
2157:             1             48  org.apache.logging.slf4j.SLF4JProvider
2158:             2             48  org.apache.tomcat.util.buf.UEncoder$SafeCharsSet
2159:             1             48  org.apache.tomcat.util.digester.CallMethodRule
2160:             1             48  org.apache.tomcat.util.modeler.Registry
2161:             2             48  org.apache.tomcat.websocket.WsExtensionParameter
2162:             2             48  org.apache.tomcat.websocket.WsFrameBase$UnmaskTransformation
2163:             2             48  org.apache.tomcat.websocket.server.WsPerSessionServerEndpointConfig
2164:             1             48  org.hibernate.validator.internal.engine.ValidatorFactoryImpl$ValidatorFactoryScopedContext
2165:             1             48  org.hibernate.validator.internal.engine.ValidatorImpl
2166:             2             48  org.hibernate.validator.internal.metadata.descriptor.ConstraintDescriptorImpl$ConstraintType
2167:             1             48  org.hibernate.validator.messageinterpolation.ResourceBundleMessageInterpolator
2168:             2             48  org.springframework.aop.support.annotation.AnnotationClassFilter
2169:             2             48  org.springframework.aop.support.annotation.AnnotationMatchingPointcut
2170:             2             48  org.springframework.beans.factory.annotation.InitDestroyAnnotationBeanPostProcessor$LifecycleElement
2171:             3             48  org.springframework.boot.autoconfigure.cache.CacheCondition
2172:             2             48  org.springframework.boot.autoconfigure.condition.OnResourceCondition
2173:             2             48  org.springframework.boot.autoconfigure.http.HttpProperties$Encoding$Type
2174:             2             48  org.springframework.boot.autoconfigure.jdbc.DataSourceAutoConfiguration$PooledDataSourceCondition
2175:             1             48  org.springframework.boot.autoconfigure.task.TaskExecutionAutoConfiguration$$EnhancerBySpringCGLIB$$afd15614
2176:             1             48  org.springframework.boot.autoconfigure.web.ServerProperties$Jetty$Accesslog
2177:             2             48  org.springframework.boot.autoconfigure.web.servlet.HttpEncodingAutoConfiguration$$EnhancerBySpringCGLIB$$f78673e0$$FastClassBySpringCGLIB$$830cfb52
2178:             2             48  org.springframework.boot.autoconfigure.web.servlet.HttpEncodingAutoConfiguration$$FastClassBySpringCGLIB$$8e591c9d
2179:             2             48  org.springframework.boot.autoconfigure.web.servlet.MultipartAutoConfiguration$$EnhancerBySpringCGLIB$$6676fbed$$FastClassBySpringCGLIB$$b156b9e9
2180:             2             48  org.springframework.boot.autoconfigure.web.servlet.MultipartAutoConfiguration$$FastClassBySpringCGLIB$$e81ad00a
2181:             2             48  org.springframework.boot.autoconfigure.web.servlet.ServletWebServerFactoryAutoConfiguration$$EnhancerBySpringCGLIB$$13eae4a1$$FastClassBySpringCGLIB$$698e7598
2182:             2             48  org.springframework.boot.autoconfigure.web.servlet.ServletWebServerFactoryAutoConfiguration$$FastClassBySpringCGLIB$$36b2d63e
2183:             2             48  org.springframework.boot.autoconfigure.web.servlet.WebMvcAutoConfiguration$$EnhancerBySpringCGLIB$$5873fbb5$$FastClassBySpringCGLIB$$ff50e6b5
2184:             2             48  org.springframework.boot.autoconfigure.web.servlet.WebMvcAutoConfiguration$$FastClassBySpringCGLIB$$1a49ed2
2185:             2             48  org.springframework.boot.autoconfigure.web.servlet.WebMvcAutoConfiguration$WebMvcAutoConfigurationAdapter$FaviconConfiguration$$EnhancerBySpringCGLIB$$ed5fe0e9$$FastClassBySpringCGLIB$$dbde8142
2186:             2             48  org.springframework.boot.autoconfigure.web.servlet.WebMvcAutoConfiguration$WebMvcAutoConfigurationAdapter$FaviconConfiguration$$FastClassBySpringCGLIB$$63819186
2187:             2             48  org.springframework.boot.autoconfigure.web.servlet.WebMvcProperties$LocaleResolver
2188:             1             48  org.springframework.boot.autoconfigure.web.servlet.error.ErrorMvcAutoConfiguration$$EnhancerBySpringCGLIB$$4fddc2c3
2189:             2             48  org.springframework.boot.autoconfigure.web.servlet.error.ErrorMvcAutoConfiguration$WhitelabelErrorViewConfiguration$$EnhancerBySpringCGLIB$$2f11a93b$$FastClassBySpringCGLIB$$75cc8bbc
2190:             2             48  org.springframework.boot.autoconfigure.web.servlet.error.ErrorMvcAutoConfiguration$WhitelabelErrorViewConfiguration$$FastClassBySpringCGLIB$$aa49e198
2191:             2             48  org.springframework.boot.context.properties.bind.JavaBeanBinder$Bean
2192:             2             48  org.springframework.boot.context.properties.source.SpringConfigurationPropertySource
2193:             2             48  org.springframework.boot.context.properties.source.SpringConfigurationPropertySources
2194:             1             48  org.springframework.boot.devtools.filewatch.FileSystemWatcher$Watcher
2195:             1             48  org.springframework.boot.logging.logback.ExtendedWhitespaceThrowableProxyConverter
2196:             1             48  org.springframework.boot.task.TaskExecutorBuilder
2197:             1             48  org.springframework.boot.web.servlet.filter.OrderedCharacterEncodingFilter
2198:             1             48  org.springframework.boot.web.servlet.filter.OrderedFormContentFilter
2199:             1             48  org.springframework.boot.web.servlet.filter.OrderedHiddenHttpMethodFilter
2200:             1             48  org.springframework.boot.web.servlet.filter.OrderedRequestContextFilter
2201:             3             48  org.springframework.cglib.core.AbstractClassGenerator$Source
2202:             2             48  org.springframework.context.annotation.AdviceMode
2203:             3             48  org.springframework.context.annotation.AnnotationBeanNameGenerator
2204:             1             48  org.springframework.context.annotation.ConfigurationClassBeanDefinitionReader
2205:             2             48  org.springframework.context.annotation.ConfigurationCondition$ConfigurationPhase
2206:             2             48  org.springframework.context.support.ApplicationListenerDetector
2207:             2             48  org.springframework.core.NamedInheritableThreadLocal
2208:             2             48  org.springframework.core.ResolvableType$WildcardBounds$Kind
2209:             3             48  org.springframework.core.env.MutablePropertySources
2210:             3             48  org.springframework.expression.spel.standard.SpelExpressionParser
2211:             3             48  org.springframework.expression.spel.support.StandardOperatorOverloader
2212:             3             48  org.springframework.expression.spel.support.StandardTypeComparator
2213:             3             48  org.springframework.expression.spel.support.StandardTypeConverter
2214:             2             48  org.springframework.expression.spel.support.StandardTypeLocator
2215:             3             48  org.springframework.format.datetime.DateTimeFormatAnnotationFormatterFactory
2216:             3             48  org.springframework.format.datetime.standard.DateTimeConverters$CalendarToInstantConverter
2217:             3             48  org.springframework.format.datetime.standard.DateTimeConverters$CalendarToLocalDateConverter
2218:             3             48  org.springframework.format.datetime.standard.DateTimeConverters$CalendarToLocalDateTimeConverter
2219:             3             48  org.springframework.format.datetime.standard.DateTimeConverters$CalendarToLocalTimeConverter
2220:             3             48  org.springframework.format.datetime.standard.DateTimeConverters$CalendarToOffsetDateTimeConverter
2221:             3             48  org.springframework.format.datetime.standard.DateTimeConverters$CalendarToZonedDateTimeConverter
2222:             3             48  org.springframework.format.datetime.standard.DateTimeConverters$InstantToLongConverter
2223:             3             48  org.springframework.format.datetime.standard.DateTimeConverters$LocalDateTimeToLocalDateConverter
2224:             3             48  org.springframework.format.datetime.standard.DateTimeConverters$LocalDateTimeToLocalTimeConverter
2225:             3             48  org.springframework.format.datetime.standard.DateTimeConverters$LongToInstantConverter
2226:             3             48  org.springframework.format.datetime.standard.DateTimeConverters$OffsetDateTimeToInstantConverter
2227:             3             48  org.springframework.format.datetime.standard.DateTimeConverters$OffsetDateTimeToLocalDateConverter
2228:             3             48  org.springframework.format.datetime.standard.DateTimeConverters$OffsetDateTimeToLocalDateTimeConverter
2229:             3             48  org.springframework.format.datetime.standard.DateTimeConverters$OffsetDateTimeToLocalTimeConverter
2230:             3             48  org.springframework.format.datetime.standard.DateTimeConverters$OffsetDateTimeToZonedDateTimeConverter
2231:             3             48  org.springframework.format.datetime.standard.DateTimeConverters$ZonedDateTimeToInstantConverter
2232:             3             48  org.springframework.format.datetime.standard.DateTimeConverters$ZonedDateTimeToLocalDateConverter
2233:             3             48  org.springframework.format.datetime.standard.DateTimeConverters$ZonedDateTimeToLocalDateTimeConverter
2234:             3             48  org.springframework.format.datetime.standard.DateTimeConverters$ZonedDateTimeToLocalTimeConverter
2235:             3             48  org.springframework.format.datetime.standard.DateTimeConverters$ZonedDateTimeToOffsetDateTimeConverter
2236:             3             48  org.springframework.format.datetime.standard.DurationFormatter
2237:             3             48  org.springframework.format.datetime.standard.InstantFormatter
2238:             3             48  org.springframework.format.datetime.standard.Jsr310DateTimeFormatAnnotationFormatterFactory
2239:             3             48  org.springframework.format.datetime.standard.MonthDayFormatter
2240:             3             48  org.springframework.format.datetime.standard.MonthFormatter
2241:             3             48  org.springframework.format.datetime.standard.PeriodFormatter
2242:             3             48  org.springframework.format.datetime.standard.YearFormatter
2243:             3             48  org.springframework.format.datetime.standard.YearMonthFormatter
2244:             3             48  org.springframework.format.number.NumberFormatAnnotationFormatterFactory
2245:             1             48  org.springframework.jdbc.core.JdbcTemplate
2246:             3             48  org.springframework.messaging.converter.DefaultContentTypeResolver
2247:             2             48  org.springframework.messaging.simp.SimpMessageHeaderAccessor
2248:             1             48  org.springframework.messaging.simp.broker.DefaultSubscriptionRegistry
2249:             1             48  org.springframework.messaging.simp.user.UserDestinationMessageHandler
2250:             2             48  org.springframework.messaging.support.AbstractMessageChannel$ChannelInterceptorChain
2251:             2             48  org.springframework.messaging.support.GenericMessage
2252:             3             48  org.springframework.messaging.support.ImmutableMessageChannelInterceptor
2253:             1             48  org.springframework.scheduling.annotation.ScheduledAnnotationBeanPostProcessor
2254:             1             48  org.springframework.scheduling.config.ScheduledTaskRegistrar
2255:             2             48  org.springframework.util.ConcurrentReferenceHashMap$ReferenceType
2256:             2             48  org.springframework.util.ConcurrentReferenceHashMap$Restructure
2257:             1             48  org.springframework.web.accept.ContentNegotiationManagerFactoryBean
2258:             2             48  org.springframework.web.context.support.ServletContextResource
2259:             2             48  org.springframework.web.context.support.ServletContextResourcePatternResolver
2260:             2             48  org.springframework.web.method.annotation.ExpressionValueMethodArgumentResolver
2261:             3             48  org.springframework.web.method.annotation.MapMethodProcessor
2262:             2             48  org.springframework.web.method.annotation.ModelFactory
2263:             2             48  org.springframework.web.method.support.HandlerMethodReturnValueHandlerComposite
2264:             2             48  org.springframework.web.servlet.DispatcherServlet$$Lambda$436/1867208492
2265:             2             48  org.springframework.web.servlet.DispatcherServlet$$Lambda$437/682105256
2266:             2             48  org.springframework.web.servlet.handler.AbstractHandlerMapping$CorsInterceptor
2267:             2             48  org.springframework.web.servlet.handler.AbstractHandlerMethodMapping$Match
2268:             2             48  org.springframework.web.servlet.handler.AbstractHandlerMethodMapping$MatchComparator
2269:             2             48  org.springframework.web.servlet.mvc.condition.ProducesRequestCondition$ProduceMediaTypeExpression
2270:             2             48  org.springframework.web.servlet.mvc.method.annotation.MatrixVariableMethodArgumentResolver
2271:             2             48  org.springframework.web.servlet.mvc.method.annotation.PathVariableMethodArgumentResolver
2272:             2             48  org.springframework.web.servlet.mvc.method.annotation.RequestMappingHandlerAdapter$$Lambda$439/206922740
2273:             2             48  org.springframework.web.servlet.mvc.method.annotation.ServletModelAttributeMethodProcessor
2274:             3             48  org.springframework.web.servlet.mvc.method.annotation.ServletRequestMethodArgumentResolver
2275:             3             48  org.springframework.web.servlet.mvc.method.annotation.ServletResponseMethodArgumentResolver
2276:             2             48  org.springframework.web.socket.TextMessage
2277:             2             48  org.springframework.web.socket.adapter.standard.StandardToWebSocketExtensionAdapter
2278:             2             48  org.springframework.web.socket.adapter.standard.StandardWebSocketHandlerAdapter
2279:             2             48  org.springframework.web.socket.adapter.standard.StandardWebSocketHandlerAdapter$3
2280:             2             48  org.springframework.web.socket.adapter.standard.StandardWebSocketHandlerAdapter$4
2281:             2             48  org.springframework.web.socket.adapter.standard.StandardWebSocketHandlerAdapter$5
2282:             1             48  org.springframework.web.socket.config.WebSocketMessageBrokerStats
2283:             2             48  org.springframework.web.socket.handler.ConcurrentWebSocketSessionDecorator$OverflowStrategy
2284:             1             48  org.springframework.web.socket.messaging.SubProtocolWebSocketHandler$Stats
2285:             2             48  org.zeroturnaround.bundled.javassist.CtArray
2286:             1             48  org.zeroturnaround.bundled.javassist.compiler.KeywordTable
2287:             1             48  org.zeroturnaround.javarebel.integration.fileservlet.FileServlet
2288:             3             48  org.zeroturnaround.javarebel.integration.generic.BaseServletContextImplClassBytecodeProcessor
2289:             2             48  org.zeroturnaround.javarebel.integration.spring.beans.cbp.AutowiredPropertyCacheCBP
2290:             2             48  org.zeroturnaround.javarebel.integration.spring.beans.cbp.InjectionPropertySkippingCBP
2291:             3             48  org.zeroturnaround.javarebel.integration.support.AtomicBoolean
2292:             1             48  org.zeroturnaround.javarebel.reporting.MetricsExecutor
2293:             2             48  org.zeroturnaround.javarebel.reporting.backend.LazyInitMessageBackendDecorator
2294:             2             48  org.zeroturnaround.javarebel.reporting.backend.impl.SegmentIOBackend$METHOD
2295:             1             48  org.zeroturnaround.javarebel.reporting.stats.repository.impl.RepositoryMetricsStatistics$AppSizeStatsListener
2296:             2             48  org.zeroturnaround.javarebel.service.ServiceRequestUtil$WeakServiceRequestListener
2297:             3             48  org.zeroturnaround.jrebel.apache.commons.compress.archivers.zip.ExtraFieldUtils$UnparseableExtraField
2298:             2             48  org.zeroturnaround.jrebel.apache.commons.compress.archivers.zip.ZipEncodingHelper$SimpleEncodingHolder
2299:             2             48  sun.management.ManagementFactoryHelper$1
2300:             2             48  sun.misc.NativeSignalHandler
2301:             2             48  sun.misc.Signal
2302:             3             48  sun.nio.ch.Util$3
2303:             1             48  sun.nio.cs.US_ASCII$Decoder
2304:             2             48  sun.nio.cs.ext.EUC_KR
2305:             2             48  sun.nio.cs.ext.JIS_X_0208_MS5022X
2306:             2             48  sun.nio.cs.ext.JIS_X_0212_MS5022X
2307:             3             48  sun.rmi.server.UnicastRef
2308:             3             48  sun.rmi.server.WeakClassHashMap$ValueCell
2309:             2             48  sun.security.jca.ProviderList
2310:             2             48  sun.security.jca.ProviderList$3
2311:             3             48  sun.security.ssl.AbstractTrustManagerWrapper
2312:             3             48  sun.security.ssl.EphemeralKeyManager
2313:             1             48  sun.security.ssl.OutputRecord
2314:             2             48  sun.security.ssl.SSLAlgorithmConstraints
2315:             3             48  sun.security.ssl.SSLSocketFactoryImpl
2316:             3             48  sun.security.util.AlgorithmDecomposer
2317:             3             48  sun.text.normalizer.CharTrie$FriendAgent
2318:             1             48  sun.text.normalizer.IntTrie
2319:             3             48  sun.text.normalizer.NormalizerBase$QuickCheckResult
2320:             3             48  sun.text.normalizer.VersionInfo
2321:             1             48  sun.text.resources.FormatData
2322:             1             48  sun.text.resources.en.FormatData_en
2323:             1             48  sun.text.resources.en.FormatData_en_US
2324:             1             48  sun.text.resources.zh.FormatData_zh
2325:             1             48  sun.text.resources.zh.FormatData_zh_CN
2326:             1             48  sun.util.resources.CalendarData
2327:             1             48  sun.util.resources.CurrencyNames
2328:             1             48  sun.util.resources.TimeZoneNames
2329:             1             48  sun.util.resources.en.CalendarData_en
2330:             1             48  sun.util.resources.en.CurrencyNames_en_US
2331:             1             48  sun.util.resources.en.TimeZoneNames_en
2332:             1             48  sun.util.resources.zh.CalendarData_zh
2333:             1             48  sun.util.resources.zh.CurrencyNames_zh_CN
2334:             2             40  [Lch.qos.logback.core.Appender;
2335:             1             40  [Lch.qos.logback.core.pattern.parser.TokenStream$TokenizerState;
2336:             1             40  [Lch.qos.logback.core.subst.Token$Type;
2337:             1             40  [Lcom.fasterxml.jackson.annotation.JsonAutoDetect$Visibility;
2338:             1             40  [Lcom.fasterxml.jackson.annotation.Nulls;
2339:             1             40  [Lcom.fasterxml.jackson.core.JsonEncoding;
2340:             1             40  [Lcom.fasterxml.jackson.core.JsonParser$NumberType;
2341:             2             40  [Lcom.sun.jmx.mbeanserver.ClassLoaderRepositorySupport$LoaderEntry;
2342:             1             40  [Lcom.sun.org.apache.xerces.internal.util.Status;
2343:             1             40  [Lcom.sysmin.core.jvm.enums.JstatType;
2344:             1             40  [Lcom.zeroturnaround.javarebel.bpq;
2345:             1             40  [Lcom.zeroturnaround.javarebel.gps;
2346:             1             40  [Lcom.zeroturnaround.javarebel.oq;
2347:             1             40  [Lcom.zeroturnaround.javarebel.x;
2348:             2             40  [Ljava.beans.PropertyChangeListener;
2349:             2             40  [Ljava.lang.instrument.ClassFileTransformer;
2350:             1             40  [Ljava.lang.management.MemoryPoolMXBean;
2351:             2             40  [Ljava.net.URL;
2352:             1             40  [Ljava.time.format.SignStyle;
2353:             1             40  [Ljava.time.format.TextStyle;
2354:             1             40  [Ljava.util.stream.StreamOpFlag;
2355:             1             40  [Ljavax.servlet.http.MappingMatch;
2356:             1             40  [Lorg.apache.coyote.http11.Http11InputBuffer$HeaderParsePosition;
2357:             1             40  [Lorg.apache.tomcat.util.descriptor.web.FilterMap;
2358:             1             40  [Lorg.apache.tomcat.util.net.SocketEvent;
2359:             1             40  [Lorg.apache.tomcat.websocket.WsFrameBase$ReadState;
2360:             1             40  [Lorg.hibernate.validator.internal.metadata.raw.ConstrainedElement$ConstrainedElementKind;
2361:             1             40  [Lorg.jboss.logging.Logger$Level;
2362:             1             40  [Lorg.springframework.boot.ansi.AnsiStyle;
2363:             1             40  [Lorg.zeroturnaround.javarebel.reporting.stats.repository.CommonFieldId;
2364:             1             40  [Lsun.nio.fs.WindowsPathType;
2365:             1             40  [Lsun.security.jca.ServiceId;
2366:             1             40  [Lsun.security.ssl.SignatureAndHashAlgorithm$SignatureAlgorithm;
2367:             1             40  [Lsun.security.util.DisabledAlgorithmConstraints$Constraint$Operator;
2368:             1             40  [Lsun.util.locale.provider.LocaleProviderAdapter$Type;
2369:             1             40  [[Ljava.lang.invoke.LambdaForm$Name;
2370:             1             40  ch.qos.logback.classic.pattern.LoggerConverter
2371:             1             40  ch.qos.logback.core.BasicStatusManager
2372:             1             40  com.SysminApplication$$EnhancerBySpringCGLIB$$cb50aac1
2373:             1             40  com.conf.StompConf$$EnhancerBySpringCGLIB$$6fcfe05b
2374:             1             40  com.fasterxml.jackson.annotation.JsonFormat$Value
2375:             1             40  com.sun.beans.finder.MethodFinder$1
2376:             1             40  com.sun.jmx.interceptor.DefaultMBeanServerInterceptor
2377:             1             40  com.sun.jmx.mbeanserver.JmxMBeanServer
2378:             1             40  com.sun.jmx.mbeanserver.MBeanServerDelegateImpl
2379:             1             40  com.sun.org.apache.xerces.internal.impl.XMLEntityManager$CharacterBufferPool
2380:             1             40  com.sun.org.apache.xerces.internal.impl.XMLErrorReporter
2381:             1             40  com.sun.org.apache.xerces.internal.impl.XMLVersionDetector
2382:             1             40  com.sun.org.apache.xerces.internal.util.SymbolTable
2383:             1             40  com.sun.org.apache.xerces.internal.utils.XMLLimitAnalyzer
2384:             1             40  com.sun.org.apache.xerces.internal.utils.XMLSecurityManager
2385:             1             40  com.sun.xml.internal.stream.XMLEntityStorage
2386:             1             40  com.sun.xml.internal.stream.util.BufferAllocator
2387:             1             40  com.sysmin.controller.jvm.JvmHandlerController
2388:             1             40  com.zeroturnaround.javarebel.abj
2389:             1             40  com.zeroturnaround.javarebel.br
2390:             1             40  com.zeroturnaround.javarebel.bsb
2391:             1             40  com.zeroturnaround.javarebel.bsi
2392:             1             40  com.zeroturnaround.javarebel.bud
2393:             1             40  com.zeroturnaround.javarebel.byf
2394:             1             40  com.zeroturnaround.javarebel.chg
2395:             1             40  com.zeroturnaround.javarebel.gfh
2396:             1             40  com.zeroturnaround.javarebel.gwc
2397:             1             40  com.zeroturnaround.javarebel.mz
2398:             1             40  com.zeroturnaround.javarebel.ys
2399:             1             40  com.zeroturnaround.javarebel.ze
2400:             1             40  com.zeroturnaround.jrebel.bundled.org.bouncycastle.jce.provider.BouncyCastleProviderConfiguration
2401:             1             40  java.beans.WeakIdentityMap$Entry
2402:             1             40  java.text.MessageFormat
2403:             1             40  java.time.format.DateTimeFormatterBuilder
2404:             1             40  java.time.format.DateTimeFormatterBuilder$ReducedPrinterParser
2405:             1             40  java.time.format.DateTimeFormatterBuilder$ZoneTextPrinterParser
2406:             1             40  java.time.zone.ZoneRules
2407:             1             40  java.util.ResourceBundle$1
2408:             1             40  java.util.regex.Pattern$LazyLoop
2409:             1             40  java.util.regex.Pattern$Loop
2410:             1             40  javax.crypto.CryptoAllPermission
2411:             1             40  javax.servlet.MultipartConfigElement
2412:             1             40  org.apache.catalina.core.ApplicationSessionCookieConfig
2413:             1             40  org.apache.catalina.mapper.Mapper
2414:             1             40  org.apache.catalina.mbeans.ClassNameMBean
2415:             1             40  org.apache.catalina.mbeans.ConnectorMBean
2416:             1             40  org.apache.catalina.mbeans.ServiceMBean
2417:             1             40  org.apache.catalina.realm.MessageDigestCredentialHandler
2418:             1             40  org.apache.coyote.AbstractProtocol$RecycledProcessors
2419:             1             40  org.apache.tomcat.websocket.server.WsHandshakeRequest
2420:             1             40  org.hibernate.validator.internal.engine.ValidationContext$ValidatorScopedContext
2421:             1             40  org.hibernate.validator.internal.engine.constraintvalidation.ConstraintValidatorManager
2422:             1             40  org.slf4j.bridge.SLF4JBridgeHandler
2423:             1             40  org.springframework.beans.JrNonSingletonBeanSupport
2424:             1             40  org.springframework.beans.JrNonSingletonBeanSupport$BeanInfo
2425:             1             40  org.springframework.beans.factory.annotation.AutowiredAnnotationBeanPostProcessor$AutowiredFieldElement
2426:             1             40  org.springframework.boot.autoconfigure.admin.SpringApplicationAdminJmxAutoConfiguration$$EnhancerBySpringCGLIB$$b6de5e0c
2427:             1             40  org.springframework.boot.autoconfigure.http.HttpMessageConvertersAutoConfiguration$$EnhancerBySpringCGLIB$$3e6588d2
2428:             1             40  org.springframework.boot.autoconfigure.http.HttpMessageConvertersAutoConfiguration$StringHttpMessageConverterConfiguration$$EnhancerBySpringCGLIB$$71734f72
2429:             1             40  org.springframework.boot.autoconfigure.info.ProjectInfoAutoConfiguration$$EnhancerBySpringCGLIB$$602bca57
2430:             1             40  org.springframework.boot.autoconfigure.jackson.JacksonAutoConfiguration$JacksonObjectMapperBuilderConfiguration$$EnhancerBySpringCGLIB$$3211fee8
2431:             1             40  org.springframework.boot.autoconfigure.jdbc.DataSourceJmxConfiguration$Hikari$$EnhancerBySpringCGLIB$$dd61ea8
2432:             1             40  org.springframework.boot.autoconfigure.jdbc.DataSourceTransactionManagerAutoConfiguration$DataSourceTransactionManagerConfiguration$$EnhancerBySpringCGLIB$$d13255ad
2433:             1             40  org.springframework.boot.autoconfigure.jdbc.JdbcTemplateAutoConfiguration$JdbcTemplateConfiguration$$EnhancerBySpringCGLIB$$3cbcebab
2434:             1             40  org.springframework.boot.autoconfigure.jmx.JmxAutoConfiguration$$EnhancerBySpringCGLIB$$a39d2c5a
2435:             1             40  org.springframework.boot.autoconfigure.transaction.TransactionAutoConfiguration$TransactionTemplateConfiguration$$EnhancerBySpringCGLIB$$22bc1a80
2436:             1             40  org.springframework.boot.autoconfigure.web.ServerProperties$Tomcat$Accesslog
2437:             1             40  org.springframework.boot.autoconfigure.web.ServerProperties$Undertow
2438:             1             40  org.springframework.boot.autoconfigure.web.client.RestTemplateAutoConfiguration$$EnhancerBySpringCGLIB$$bf47b6bf
2439:             1             40  org.springframework.boot.autoconfigure.web.format.WebConversionService
2440:             1             40  org.springframework.boot.autoconfigure.web.servlet.DispatcherServletAutoConfiguration$DispatcherServletConfiguration$$EnhancerBySpringCGLIB$$74314d07
2441:             1             40  org.springframework.boot.autoconfigure.web.servlet.DispatcherServletAutoConfiguration$DispatcherServletRegistrationConfiguration$$EnhancerBySpringCGLIB$$d638e1ae
2442:             1             40  org.springframework.boot.autoconfigure.web.servlet.HttpEncodingAutoConfiguration$$EnhancerBySpringCGLIB$$f78673e0
2443:             1             40  org.springframework.boot.autoconfigure.web.servlet.MultipartAutoConfiguration$$EnhancerBySpringCGLIB$$6676fbed
2444:             1             40  org.springframework.boot.autoconfigure.web.servlet.WebMvcAutoConfiguration$WebMvcAutoConfigurationAdapter$FaviconConfiguration$$EnhancerBySpringCGLIB$$ed5fe0e9
2445:             1             40  org.springframework.boot.autoconfigure.web.servlet.error.ErrorMvcAutoConfiguration$DefaultErrorViewResolverConfiguration$$EnhancerBySpringCGLIB$$64729763
2446:             1             40  org.springframework.boot.autoconfigure.web.servlet.error.ErrorMvcAutoConfiguration$WhitelabelErrorViewConfiguration$$EnhancerBySpringCGLIB$$2f11a93b
2447:             1             40  org.springframework.boot.autoconfigure.websocket.servlet.WebSocketMessagingAutoConfiguration$WebSocketMessageConverterConfiguration$$EnhancerBySpringCGLIB$$fc2b30ef
2448:             1             40  org.springframework.boot.context.properties.ConfigurationPropertiesBinder
2449:             1             40  org.springframework.boot.devtools.autoconfigure.DevToolsProperties$Restart
2450:             1             40  org.springframework.boot.devtools.autoconfigure.LocalDevToolsAutoConfiguration$LiveReloadConfiguration$$EnhancerBySpringCGLIB$$ef1aa9b0
2451:             1             40  org.springframework.boot.devtools.autoconfigure.LocalDevToolsAutoConfiguration$RestartConfiguration$$EnhancerBySpringCGLIB$$8ac4de8e
2452:             1             40  org.springframework.boot.devtools.livereload.LiveReloadServer
2453:             1             40  org.springframework.boot.web.servlet.server.Session
2454:             1             40  org.springframework.boot.web.servlet.server.Session$Cookie
2455:             1             40  org.springframework.context.event.EventListenerMethodProcessor
2456:             1             40  org.springframework.context.expression.StandardBeanExpressionResolver
2457:             1             40  org.springframework.expression.spel.support.SimpleEvaluationContext
2458:             1             40  org.springframework.jdbc.datasource.DataSourceTransactionManager
2459:             1             40  org.springframework.jndi.support.SimpleJndiBeanFactory
2460:             1             40  org.springframework.messaging.converter.MappingJackson2MessageConverter
2461:             1             40  org.springframework.messaging.converter.StringMessageConverter
2462:             1             40  org.springframework.messaging.simp.config.SimpleBrokerRegistration
2463:             1             40  org.springframework.transaction.annotation.ProxyTransactionManagementConfiguration$$EnhancerBySpringCGLIB$$2431bd3e
2464:             1             40  org.springframework.transaction.interceptor.AbstractFallbackTransactionAttributeSource$1
2465:             1             40  org.springframework.transaction.interceptor.BeanFactoryTransactionAttributeSourceAdvisor
2466:             1             40  org.springframework.transaction.interceptor.TransactionInterceptor
2467:             1             40  org.springframework.transaction.support.TransactionTemplate
2468:             1             40  org.springframework.ui.context.support.ResourceBundleThemeSource
2469:             1             40  org.springframework.web.bind.support.ConfigurableWebBindingInitializer
2470:             1             40  org.springframework.web.cors.CorsConfiguration
2471:             1             40  org.springframework.web.servlet.config.annotation.PathMatchConfigurer
2472:             1             40  org.springframework.web.servlet.handler.AbstractHandlerMethodMapping$MappingRegistry
2473:             1             40  org.springframework.web.servlet.mvc.annotation.ResponseStatusExceptionResolver
2474:             1             40  org.springframework.web.servlet.mvc.support.DefaultHandlerExceptionResolver
2475:             1             40  org.zeroturnaround.bundled.javassist.ClassPool
2476:             1             40  org.zeroturnaround.javarebel.preferences.FileStore
2477:             1             40  org.zeroturnaround.javarebel.reporting.stats.repository.impl.RepositoryMetricsStatistics
2478:             1             40  org.zeroturnaround.javarebel.reporting.stats.repository.impl.StatisticsRepositoryImpl
2479:             1             40  org.zeroturnaround.javarebel.spring.handlermethod.HandlerMethodReloader
2480:             1             40  org.zeroturnaround.jrebel.intellij.IntelliJProcessListener
2481:             1             40  sun.management.DiagnosticCommandImpl
2482:             1             40  sun.management.resources.agent
2483:             1             40  sun.management.resources.agent_zh_CN
2484:             1             40  sun.net.idn.StringPrep
2485:             1             40  sun.nio.ch.FileLockImpl
2486:             1             40  sun.nio.cs.StandardCharsets$Aliases
2487:             1             40  sun.nio.cs.StandardCharsets$Cache
2488:             1             40  sun.nio.cs.StandardCharsets$Classes
2489:             1             40  sun.nio.cs.ext.ExtendedCharsets
2490:             1             40  sun.rmi.server.UnicastServerRef2
2491:             1             40  sun.security.ssl.HandshakeHash
2492:             1             40  sun.text.resources.BreakIteratorInfo
2493:             1             40  sun.util.logging.resources.logging
2494:             1             40  sun.util.logging.resources.logging_zh_CN
2495:             1             32  [Lch.qos.logback.core.spi.FilterReply;
2496:             1             32  [Lch.qos.logback.core.subst.Tokenizer$TokenizerState;
2497:             1             32  [Lcom.fasterxml.jackson.annotation.JsonProperty$Access;
2498:             1             32  [Lcom.fasterxml.jackson.core.JsonFactory$Feature;
2499:             1             32  [Lcom.fasterxml.jackson.databind.util.AccessPattern;
2500:             1             32  [Lcom.sun.beans.util.Cache$Kind;
2501:             1             32  [Lcom.sun.org.apache.xalan.internal.utils.XMLSecurityManager$NameMap;
2502:             1             32  [Lcom.sun.org.apache.xerces.internal.utils.XMLSecurityManager$NameMap;
2503:             1             32  [Lcom.sysmin.core.jvm.enums.JmapType;
2504:             1             32  [Lcom.sysmin.core.log.LogType;
2505:             1             32  [Lcom.zeroturnaround.javarebel.aa;
2506:             2             32  [Lcom.zeroturnaround.javarebel.fxz;
2507:             1             32  [Lcom.zeroturnaround.javarebel.gfi;
2508:             1             32  [Lcom.zeroturnaround.javarebel.goz;
2509:             1             32  [Lcom.zeroturnaround.javarebel.gsa;
2510:             1             32  [Lcom.zeroturnaround.javarebel.kz;
2511:             1             32  [Lcom.zeroturnaround.javarebel.zr;
2512:             1             32  [Lcom.zeroturnaround.reload.n;
2513:             2             32  [Ljava.lang.Enum;
2514:             1             32  [Ljava.lang.OutOfMemoryError;
2515:             1             32  [Ljava.lang.ThreadGroup;
2516:             1             32  [Ljava.lang.management.MemoryManagerMXBean;
2517:             1             32  [Ljava.net.Proxy$Type;
2518:             1             32  [Ljava.text.Normalizer$Form;
2519:             1             32  [Ljava.time.format.DateTimeFormatter;
2520:             1             32  [Ljava.time.format.DateTimeFormatterBuilder$SettingsParser;
2521:             1             32  [Ljava.time.format.FormatStyle;
2522:             1             32  [Ljava.time.format.ResolverStyle;
2523:             1             32  [Ljava.time.temporal.IsoFields$Field;
2524:             1             32  [Ljava.util.stream.MatchOps$MatchKind;
2525:             1             32  [Ljava.util.stream.StreamShape;
2526:             1             32  [Lorg.apache.commons.logging.LogAdapter$LogApi;
2527:             1             32  [Lorg.apache.coyote.ErrorState;
2528:             1             32  [Lorg.apache.coyote.http11.Http11InputBuffer$HeaderParseStatus;
2529:             1             32  [Lorg.apache.tomcat.util.http.ConcurrentDateFormat;
2530:             1             32  [Lorg.apache.tomcat.util.http.parser.SkipResult;
2531:             1             32  [Lorg.apache.tomcat.util.log.UserDataHelper$Config;
2532:             1             32  [Lorg.apache.tomcat.util.log.UserDataHelper$Mode;
2533:             1             32  [Lorg.apache.tomcat.util.net.AbstractEndpoint$BindState;
2534:             1             32  [Lorg.apache.tomcat.util.net.Acceptor$AcceptorState;
2535:             1             32  [Lorg.apache.tomcat.util.net.SendfileState;
2536:             1             32  [Lorg.apache.tomcat.websocket.MessageHandlerResultType;
2537:             1             32  [Lorg.apache.tomcat.websocket.TransformationResult;
2538:             1             32  [Lorg.apache.tomcat.websocket.WsFrameBase$State;
2539:             1             32  [Lorg.apache.tomcat.websocket.WsSession$State;
2540:             1             32  [Lorg.hibernate.validator.internal.metadata.raw.ConfigurationSource;
2541:             1             32  [Lorg.hibernate.validator.internal.util.ConcurrentReferenceHashMap$ReferenceType;
2542:             1             32  [Lorg.springframework.boot.Banner$Mode;
2543:             1             32  [Lorg.springframework.boot.WebApplicationType;
2544:             1             32  [Lorg.springframework.boot.cloud.CloudPlatform;
2545:             1             32  [Lorg.springframework.boot.context.properties.source.ConfigurationPropertyName$Form;
2546:             1             32  [Lorg.springframework.boot.context.properties.source.ConfigurationPropertyState;
2547:             1             32  [Lorg.springframework.boot.devtools.filewatch.ChangedFile$Type;
2548:             1             32  [Lorg.springframework.boot.jdbc.DataSourceInitializationMode;
2549:             1             32  [Lorg.springframework.boot.jdbc.EmbeddedDatabaseConnection;
2550:             1             32  [Lorg.springframework.boot.web.servlet.ServletContextInitializer;
2551:             1             32  [Lorg.springframework.cglib.proxy.Callback;
2552:             1             32  [Lorg.springframework.expression.spel.SpelCompilerMode;
2553:             1             32  [Lorg.springframework.jdbc.datasource.embedded.EmbeddedDatabaseType;
2554:             1             32  [Lorg.springframework.jmx.support.RegistrationPolicy;
2555:             1             32  [Lorg.springframework.web.socket.sockjs.frame.SockJsFrameType;
2556:             1             32  [Lorg.springframework.web.socket.sockjs.transport.session.AbstractSockJsSession$State;
2557:             1             32  [Lorg.springframework.web.util.HierarchicalUriComponents$EncodeState;
2558:             1             32  [Lorg.zeroturnaround.javarebel.reporting.MessageType$SendFilterImpl;
2559:             1             32  [Lorg.zeroturnaround.javarebel.service.ServiceRequestPriority;
2560:             1             32  [Lsun.misc.ObjectInputFilter$Status;
2561:             2             32  [Lsun.reflect.annotation.TypeAnnotation;
2562:             1             32  [Lsun.security.ssl.CipherSuite$CipherType;
2563:             1             32  [Lsun.security.ssl.CipherSuite$PRF;
2564:             1             32  ch.qos.logback.classic.jul.LevelChangePropagator
2565:             1             32  ch.qos.logback.classic.pattern.LevelConverter
2566:             1             32  ch.qos.logback.classic.pattern.LineSeparatorConverter
2567:             1             32  ch.qos.logback.classic.pattern.MessageConverter
2568:             1             32  ch.qos.logback.classic.pattern.ThreadConverter
2569:             1             32  ch.qos.logback.classic.spi.LoggerContextVO
2570:             1             32  ch.qos.logback.core.helpers.CyclicBuffer
2571:             2             32  com.alibaba.fastjson.parser.deserializer.JSONPDeserializer
2572:             2             32  com.alibaba.fastjson.parser.deserializer.SqlDateDeserializer
2573:             2             32  com.alibaba.fastjson.serializer.MiscCodec
2574:             1             32  com.alibaba.fastjson.serializer.SerialContext
2575:             1             32  com.alibaba.fastjson.serializer.SerializeConfig
2576:             1             32  com.fasterxml.classmate.TypeBindings
2577:             1             32  com.fasterxml.jackson.annotation.JsonInclude$Value
2578:             1             32  com.fasterxml.jackson.databind.ObjectWriter$GeneratorSettings
2579:             1             32  com.fasterxml.jackson.databind.introspect.VisibilityChecker$Std
2580:             2             32  com.fasterxml.jackson.databind.node.JsonNodeFactory
2581:             2             32  com.fasterxml.jackson.databind.ser.impl.PropertySerializerMap$Empty
2582:             1             32  com.fasterxml.jackson.databind.ser.impl.StringArraySerializer
2583:             1             32  com.fasterxml.jackson.databind.ser.std.CalendarSerializer
2584:             1             32  com.fasterxml.jackson.databind.ser.std.DateSerializer
2585:             1             32  com.fasterxml.jackson.databind.ser.std.NumberSerializers$FloatSerializer
2586:             1             32  com.fasterxml.jackson.databind.ser.std.NumberSerializers$IntLikeSerializer
2587:             1             32  com.fasterxml.jackson.databind.ser.std.NumberSerializers$ShortSerializer
2588:             1             32  com.fasterxml.jackson.datatype.jsr310.ser.DurationSerializer
2589:             1             32  com.fasterxml.jackson.datatype.jsr310.ser.LocalDateSerializer
2590:             1             32  com.fasterxml.jackson.datatype.jsr310.ser.LocalDateTimeSerializer
2591:             1             32  com.fasterxml.jackson.datatype.jsr310.ser.LocalTimeSerializer
2592:             1             32  com.fasterxml.jackson.datatype.jsr310.ser.MonthDaySerializer
2593:             1             32  com.fasterxml.jackson.datatype.jsr310.ser.OffsetTimeSerializer
2594:             1             32  com.fasterxml.jackson.datatype.jsr310.ser.YearMonthSerializer
2595:             1             32  com.fasterxml.jackson.datatype.jsr310.ser.YearSerializer
2596:             2             32  com.sun.beans.WeakCache
2597:             1             32  com.sun.jmx.mbeanserver.Repository
2598:             1             32  com.sun.org.apache.xalan.internal.utils.FeatureManager$Feature
2599:             2             32  com.sun.org.apache.xerces.internal.impl.XMLDocumentScannerImpl$PrologDriver
2600:             2             32  com.sun.org.apache.xerces.internal.impl.XMLDocumentScannerImpl$TrailingMiscDriver
2601:             2             32  com.sun.org.apache.xerces.internal.impl.XMLDocumentScannerImpl$XMLDeclDriver
2602:             1             32  com.sun.org.apache.xerces.internal.impl.XMLEntityScanner$1
2603:             2             32  com.sun.org.apache.xerces.internal.impl.dv.dtd.ENTITYDatatypeValidator
2604:             1             32  com.sun.org.apache.xerces.internal.jaxp.SAXParserFactoryImpl
2605:             1             32  com.sun.org.apache.xerces.internal.util.NamespaceSupport
2606:             2             32  com.sun.proxy.$Proxy15
2607:             2             32  com.sun.proxy.$Proxy16
2608:             2             32  com.sun.proxy.$Proxy19
2609:             2             32  com.sun.proxy.$Proxy25
2610:             2             32  com.sun.proxy.$Proxy3
2611:             2             32  com.sun.proxy.$Proxy46
2612:             2             32  com.sun.proxy.$Proxy57
2613:             2             32  com.sun.proxy.$Proxy59
2614:             2             32  com.sun.proxy.$Proxy63
2615:             2             32  com.sun.proxy.$Proxy65
2616:             2             32  com.sun.proxy.$Proxy68
2617:             2             32  com.sun.proxy.$Proxy74
2618:             1             32  com.sysmin.core.jvm.service.impl.JstatImpl
2619:             1             32  com.zeroturnaround.javarebel.SDKConfigurationImpl
2620:             1             32  com.zeroturnaround.javarebel.SDKIntegrationImpl
2621:             1             32  com.zeroturnaround.javarebel.at
2622:             2             32  com.zeroturnaround.javarebel.ays
2623:             1             32  com.zeroturnaround.javarebel.bh
2624:             1             32  com.zeroturnaround.javarebel.bxq
2625:             1             32  com.zeroturnaround.javarebel.bz
2626:             1             32  com.zeroturnaround.javarebel.cec
2627:             1             32  com.zeroturnaround.javarebel.cfr
2628:             2             32  com.zeroturnaround.javarebel.cis
2629:             2             32  com.zeroturnaround.javarebel.cit
2630:             2             32  com.zeroturnaround.javarebel.cix
2631:             2             32  com.zeroturnaround.javarebel.ciy
2632:             2             32  com.zeroturnaround.javarebel.cjm
2633:             2             32  com.zeroturnaround.javarebel.di
2634:             2             32  com.zeroturnaround.javarebel.dj
2635:             2             32  com.zeroturnaround.javarebel.eb
2636:             2             32  com.zeroturnaround.javarebel.eq
2637:             1             32  com.zeroturnaround.javarebel.fi
2638:             2             32  com.zeroturnaround.javarebel.fs
2639:             2             32  com.zeroturnaround.javarebel.im
2640:             2             32  com.zeroturnaround.javarebel.ip
2641:             2             32  com.zeroturnaround.javarebel.is
2642:             2             32  com.zeroturnaround.javarebel.iv
2643:             2             32  com.zeroturnaround.javarebel.jj
2644:             1             32  com.zeroturnaround.javarebel.lk
2645:             1             32  com.zeroturnaround.javarebel.nb
2646:             1             32  com.zeroturnaround.javarebel.pk
2647:             1             32  com.zeroturnaround.javarebel.uy
2648:             1             32  com.zeroturnaround.javarebel.xn
2649:             1             32  com.zeroturnaround.javarebel.zh
2650:             2             32  com.zeroturnaround.jrebel.bundled.org.bouncycastle.jcajce.provider.asymmetric.dh.KeyFactorySpi
2651:             2             32  com.zeroturnaround.jrebel.bundled.org.bouncycastle.jcajce.provider.asymmetric.ecgost.KeyFactorySpi
2652:             1             32  java.beans.ThreadGroupContext
2653:             1             32  java.beans.ThreadGroupContext$1
2654:             1             32  java.io.SerializablePermission
2655:             1             32  java.io.WinNTFileSystem
2656:             1             32  java.lang.ArithmeticException
2657:             2             32  java.lang.ClassValue$Identity
2658:             2             32  java.lang.Float
2659:             1             32  java.lang.NullPointerException
2660:             2             32  java.lang.Shutdown$Lock
2661:             1             32  java.lang.reflect.WeakCache
2662:             1             32  java.lang.reflect.WeakCache$CacheKey
2663:             2             32  java.nio.ByteOrder
2664:             2             32  java.rmi.server.RemoteObjectInvocationHandler
2665:             1             32  java.security.ProtectionDomain$WeakProtectionDomainKey
2666:             1             32  java.security.cert.PolicyQualifierInfo
2667:             1             32  java.text.DontCareFieldPosition
2668:             1             32  java.time.format.DateTimeFormatterBuilder$FractionPrinterParser
2669:             1             32  java.util.AbstractList$ListItr
2670:             2             32  java.util.AbstractMap$1
2671:             1             32  java.util.ArrayList$ArrayListSpliterator
2672:             1             32  java.util.ArrayList$ListItr
2673:             1             32  java.util.PriorityQueue
2674:             1             32  java.util.TreeMap$KeyIterator
2675:             1             32  java.util.UUID
2676:             1             32  java.util.concurrent.ConcurrentSkipListMap$HeadIndex
2677:             1             32  java.util.concurrent.DelayQueue
2678:             2             32  java.util.concurrent.atomic.AtomicReferenceArray
2679:             2             32  java.util.logging.ErrorManager
2680:             1             32  java.util.logging.LogManager$SystemLoggerContext
2681:             1             32  java.util.stream.Collectors$CollectorImpl
2682:             1             32  java.util.stream.ReduceOps$3
2683:             1             32  java.util.stream.ReduceOps$3ReducingSink
2684:             1             32  javax.crypto.spec.RC5ParameterSpec
2685:             1             32  org.apache.catalina.authenticator.jaspic.AuthConfigFactoryImpl
2686:             1             32  org.apache.catalina.mapper.Mapper$MappedHost
2687:             1             32  org.apache.coyote.AbstractProtocol$ConnectionHandler
2688:             1             32  org.apache.coyote.CompressionConfig
2689:             1             32  org.apache.logging.log4j.status.StatusLogger$BoundedQueue
2690:             2             32  org.apache.logging.log4j.util.EnvironmentPropertySource
2691:             2             32  org.apache.logging.log4j.util.PropertiesUtil
2692:             2             32  org.apache.logging.log4j.util.PropertyFilePropertySource
2693:             2             32  org.apache.logging.log4j.util.PropertySource$Comparator
2694:             2             32  org.apache.logging.log4j.util.SystemPropertiesPropertySource
2695:             1             32  org.apache.tomcat.util.collections.ManagedConcurrentWeakHashMap
2696:             1             32  org.apache.tomcat.util.descriptor.web.LoginConfig
2697:             1             32  org.apache.tomcat.util.scan.StandardJarScanner
2698:             1             32  org.apache.tomcat.util.threads.LimitLatch
2699:             1             32  org.apache.tomcat.util.threads.LimitLatch$Sync
2700:             1             32  org.apache.tomcat.util.threads.TaskThreadFactory
2701:             1             32  org.apache.tomcat.websocket.BackgroundProcessManager
2702:             2             32  org.apache.tomcat.websocket.WsRemoteEndpointAsync
2703:             2             32  org.apache.tomcat.websocket.WsRemoteEndpointBasic
2704:             2             32  org.apache.tomcat.websocket.WsRemoteEndpointImplBase$IntermediateMessageHandler
2705:             2             32  org.apache.tomcat.websocket.WsRemoteEndpointImplBase$StateMachine
2706:             1             32  org.apache.tomcat.websocket.server.WsWriteTimeout
2707:             1             32  org.hibernate.validator.internal.cfg.context.DefaultConstraintMapping
2708:             1             32  org.hibernate.validator.internal.engine.ValidatorFactoryImpl$BeanMetaDataManagerKey
2709:             1             32  org.hibernate.validator.internal.engine.constraintvalidation.HibernateConstraintValidatorInitializationContextImpl
2710:             1             32  org.hibernate.validator.internal.engine.scripting.DefaultScriptEvaluatorFactory
2711:             1             32  org.hibernate.validator.internal.engine.valueextraction.ValueExtractorResolver
2712:             1             32  org.hibernate.validator.internal.metadata.core.ConstraintHelper
2713:             1             32  org.hibernate.validator.internal.metadata.provider.AnnotationMetaDataProvider
2714:             1             32  org.hibernate.validator.internal.metadata.raw.BeanConfiguration
2715:             1             32  org.springframework.beans.factory.support.AbstractAutowireCapableBeanFactory$$Lambda$114/460741164
2716:             1             32  org.springframework.beans.factory.support.AbstractBeanFactory$$Lambda$113/1495608502
2717:             1             32  org.springframework.beans.factory.support.BeanDefinitionDefaults
2718:             1             32  org.springframework.beans.propertyeditors.CustomMapEditor
2719:             1             32  org.springframework.beans.propertyeditors.PatternEditor
2720:             1             32  org.springframework.boot.DefaultApplicationArguments$Source
2721:             1             32  org.springframework.boot.admin.SpringApplicationAdminMXBeanRegistrar
2722:             1             32  org.springframework.boot.autoconfigure.condition.ConditionEvaluationReport
2723:             1             32  org.springframework.boot.autoconfigure.context.ConfigurationPropertiesAutoConfiguration$$EnhancerBySpringCGLIB$$13bb488c
2724:             1             32  org.springframework.boot.autoconfigure.context.PropertyPlaceholderAutoConfiguration$$EnhancerBySpringCGLIB$$24e82f77
2725:             1             32  org.springframework.boot.autoconfigure.dao.PersistenceExceptionTranslationAutoConfiguration$$EnhancerBySpringCGLIB$$e890c151
2726:             1             32  org.springframework.boot.autoconfigure.http.HttpProperties$Encoding
2727:             1             32  org.springframework.boot.autoconfigure.http.JacksonHttpMessageConvertersConfiguration$$EnhancerBySpringCGLIB$$a1bc7f00
2728:             1             32  org.springframework.boot.autoconfigure.http.JacksonHttpMessageConvertersConfiguration$MappingJackson2HttpMessageConverterConfiguration$$EnhancerBySpringCGLIB$$ab494b72
2729:             1             32  org.springframework.boot.autoconfigure.http.codec.CodecsAutoConfiguration$$EnhancerBySpringCGLIB$$96d9503b
2730:             1             32  org.springframework.boot.autoconfigure.http.codec.CodecsAutoConfiguration$JacksonCodecConfiguration$$EnhancerBySpringCGLIB$$8c0bd88a
2731:             1             32  org.springframework.boot.autoconfigure.http.codec.CodecsAutoConfiguration$LoggingCodecConfiguration$$EnhancerBySpringCGLIB$$c107a916
2732:             1             32  org.springframework.boot.autoconfigure.jackson.JacksonAutoConfiguration$$EnhancerBySpringCGLIB$$61d0da5e
2733:             1             32  org.springframework.boot.autoconfigure.jackson.JacksonAutoConfiguration$Jackson2ObjectMapperBuilderCustomizerConfiguration$$EnhancerBySpringCGLIB$$ed28e4d7
2734:             1             32  org.springframework.boot.autoconfigure.jackson.JacksonAutoConfiguration$JacksonObjectMapperConfiguration$$EnhancerBySpringCGLIB$$7fc53ccf
2735:             1             32  org.springframework.boot.autoconfigure.jackson.JacksonAutoConfiguration$ParameterNamesModuleConfiguration$$EnhancerBySpringCGLIB$$13f45c05
2736:             1             32  org.springframework.boot.autoconfigure.jdbc.DataSourceAutoConfiguration$$EnhancerBySpringCGLIB$$625609e
2737:             1             32  org.springframework.boot.autoconfigure.jdbc.DataSourceAutoConfiguration$PooledDataSourceConfiguration$$EnhancerBySpringCGLIB$$a2d5ae30
2738:             1             32  org.springframework.boot.autoconfigure.jdbc.DataSourceInitializationConfiguration$$EnhancerBySpringCGLIB$$bf97af2d
2739:             1             32  org.springframework.boot.autoconfigure.jdbc.DataSourceInitializerInvoker
2740:             1             32  org.springframework.boot.autoconfigure.jdbc.DataSourceJmxConfiguration$$EnhancerBySpringCGLIB$$f3912a10
2741:             1             32  org.springframework.boot.autoconfigure.jdbc.DataSourceTransactionManagerAutoConfiguration$$EnhancerBySpringCGLIB$$3508ad8f
2742:             1             32  org.springframework.boot.autoconfigure.jdbc.JdbcTemplateAutoConfiguration$$EnhancerBySpringCGLIB$$4415f22e
2743:             1             32  org.springframework.boot.autoconfigure.jdbc.JdbcTemplateAutoConfiguration$NamedParameterJdbcTemplateConfiguration$$EnhancerBySpringCGLIB$$2e9de2db
2744:             1             32  org.springframework.boot.autoconfigure.jdbc.metadata.DataSourcePoolMetadataProvidersConfiguration$$EnhancerBySpringCGLIB$$122a57f
2745:             1             32  org.springframework.boot.autoconfigure.jdbc.metadata.DataSourcePoolMetadataProvidersConfiguration$HikariPoolDataSourceMetadataProviderConfiguration$$EnhancerBySpringCGLIB$$8488e522
2746:             1             32  org.springframework.boot.autoconfigure.jmx.ParentAwareNamingStrategy
2747:             1             32  org.springframework.boot.autoconfigure.logging.ConditionEvaluationReportLoggingListener
2748:             1             32  org.springframework.boot.autoconfigure.task.TaskExecutionProperties$Pool
2749:             1             32  org.springframework.boot.autoconfigure.task.TaskSchedulingAutoConfiguration$$EnhancerBySpringCGLIB$$d7f13954
2750:             1             32  org.springframework.boot.autoconfigure.transaction.TransactionAutoConfiguration$$EnhancerBySpringCGLIB$$b8a5b848
2751:             1             32  org.springframework.boot.autoconfigure.validation.ValidationAutoConfiguration$$EnhancerBySpringCGLIB$$95314dc8
2752:             1             32  org.springframework.boot.autoconfigure.web.ErrorProperties
2753:             1             32  org.springframework.boot.autoconfigure.web.ResourceProperties
2754:             1             32  org.springframework.boot.autoconfigure.web.ServerProperties$Jetty
2755:             1             32  org.springframework.boot.autoconfigure.web.ServerProperties$Servlet
2756:             1             32  org.springframework.boot.autoconfigure.web.ServerProperties$Undertow$Accesslog
2757:             1             32  org.springframework.boot.autoconfigure.web.embedded.EmbeddedWebServerFactoryCustomizerAutoConfiguration$$EnhancerBySpringCGLIB$$3999bd20
2758:             1             32  org.springframework.boot.autoconfigure.web.embedded.EmbeddedWebServerFactoryCustomizerAutoConfiguration$TomcatWebServerFactoryCustomizerConfiguration$$EnhancerBySpringCGLIB$$2a5d4a0c
2759:             1             32  org.springframework.boot.autoconfigure.web.servlet.DispatcherServletAutoConfiguration$$EnhancerBySpringCGLIB$$129411fb
2760:             2             32  org.springframework.boot.autoconfigure.web.servlet.DispatcherServletAutoConfiguration$DefaultDispatcherServletCondition
2761:             2             32  org.springframework.boot.autoconfigure.web.servlet.DispatcherServletAutoConfiguration$DispatcherServletRegistrationCondition
2762:             1             32  org.springframework.boot.autoconfigure.web.servlet.MultipartProperties
2763:             1             32  org.springframework.boot.autoconfigure.web.servlet.ServletWebServerFactoryAutoConfiguration$$EnhancerBySpringCGLIB$$13eae4a1
2764:             1             32  org.springframework.boot.autoconfigure.web.servlet.ServletWebServerFactoryConfiguration$EmbeddedTomcat$$EnhancerBySpringCGLIB$$8eb42f28
2765:             1             32  org.springframework.boot.autoconfigure.web.servlet.WebMvcAutoConfiguration$$EnhancerBySpringCGLIB$$5873fbb5
2766:             1             32  org.springframework.boot.autoconfigure.web.servlet.error.DefaultErrorViewResolver
2767:             1             32  org.springframework.boot.autoconfigure.websocket.servlet.WebSocketMessagingAutoConfiguration$$EnhancerBySpringCGLIB$$d0cb3091
2768:             1             32  org.springframework.boot.autoconfigure.websocket.servlet.WebSocketServletAutoConfiguration$$EnhancerBySpringCGLIB$$e520a710
2769:             1             32  org.springframework.boot.autoconfigure.websocket.servlet.WebSocketServletAutoConfiguration$TomcatWebSocketConfiguration$$EnhancerBySpringCGLIB$$9ccbd22d
2770:             1             32  org.springframework.boot.context.config.ConfigFileApplicationListener
2771:             1             32  org.springframework.boot.context.logging.LoggingApplicationListener
2772:             1             32  org.springframework.boot.context.properties.bind.Binder
2773:             1             32  org.springframework.boot.convert.ApplicationConversionService
2774:             2             32  org.springframework.boot.convert.ArrayToDelimitedStringConverter
2775:             2             32  org.springframework.boot.convert.DelimitedStringToArrayConverter
2776:             2             32  org.springframework.boot.convert.DelimitedStringToCollectionConverter
2777:             2             32  org.springframework.boot.convert.StringToDataSizeConverter
2778:             2             32  org.springframework.boot.convert.StringToDurationConverter
2779:             1             32  org.springframework.boot.devtools.autoconfigure.DevToolsDataSourceAutoConfiguration$$EnhancerBySpringCGLIB$$fef5cc75
2780:             1             32  org.springframework.boot.devtools.autoconfigure.LocalDevToolsAutoConfiguration$$EnhancerBySpringCGLIB$$6b3a4683
2781:             1             32  org.springframework.boot.devtools.autoconfigure.RemoteDevToolsProperties
2782:             1             32  org.springframework.boot.devtools.classpath.ClassPathFileSystemWatcher
2783:             1             32  org.springframework.boot.devtools.restart.ClassLoaderFilesResourcePatternResolver$WebApplicationContextResourceLoader
2784:             1             32  org.springframework.boot.env.OriginTrackedMapPropertySource
2785:             1             32  org.springframework.boot.env.SystemEnvironmentPropertySourceEnvironmentPostProcessor$OriginAwareSystemEnvironmentPropertySource
2786:             1             32  org.springframework.boot.logging.logback.LogbackLoggingSystem$1
2787:             1             32  org.springframework.boot.web.embedded.tomcat.TomcatWebServer
2788:             1             32  org.springframework.boot.web.server.Compression
2789:             2             32  org.springframework.boot.web.server.MimeMappings
2790:             1             32  org.springframework.cglib.core.AbstractClassGenerator$ClassLoaderData
2791:             1             32  org.springframework.cglib.core.ClassNameReader$EarlyExitException
2792:             2             32  org.springframework.cglib.proxy.DispatcherGenerator
2793:             1             32  org.springframework.context.annotation.AnnotatedBeanDefinitionReader
2794:             1             32  org.springframework.context.annotation.ComponentScanAnnotationParser
2795:             2             32  org.springframework.context.annotation.ConditionEvaluator
2796:             1             32  org.springframework.context.annotation.ContextAnnotationAutowireCandidateResolver$1
2797:             2             32  org.springframework.context.expression.BeanExpressionContextAccessor
2798:             2             32  org.springframework.context.expression.BeanFactoryAccessor
2799:             2             32  org.springframework.context.expression.BeanFactoryResolver
2800:             2             32  org.springframework.context.expression.EnvironmentAccessor
2801:             2             32  org.springframework.context.expression.MapAccessor
2802:             2             32  org.springframework.context.i18n.SimpleLocaleContext
2803:             1             32  org.springframework.context.support.DefaultLifecycleProcessor
2804:             1             32  org.springframework.context.support.DelegatingMessageSource
2805:             1             32  org.springframework.context.support.PropertySourcesPlaceholderConfigurer$1
2806:             2             32  org.springframework.core.convert.support.GenericConversionService$NoOpConverter
2807:             1             32  org.springframework.core.env.PropertiesPropertySource
2808:             1             32  org.springframework.core.env.SystemEnvironmentPropertySource
2809:             1             32  org.springframework.format.support.DefaultFormattingConversionService
2810:             2             32  org.springframework.http.HttpHeaders
2811:             2             32  org.springframework.jmx.export.annotation.AnnotationJmxAttributeSource
2812:             1             32  org.springframework.jmx.export.assembler.MetadataMBeanInfoAssembler
2813:             1             32  org.springframework.messaging.converter.ByteArrayMessageConverter
2814:             1             32  org.springframework.messaging.handler.annotation.support.DestinationVariableMethodArgumentResolver
2815:             1             32  org.springframework.messaging.handler.annotation.support.HeaderMethodArgumentResolver
2816:             1             32  org.springframework.messaging.simp.broker.SimpleBrokerMessageHandler$$Lambda$472/707873527
2817:             1             32  org.springframework.messaging.simp.stomp.BufferingStompDecoder
2818:             1             32  org.springframework.messaging.simp.user.DefaultUserDestinationResolver$ParseResult
2819:             1             32  org.springframework.messaging.simp.user.UserDestinationResult
2820:             1             32  org.springframework.scheduling.annotation.SchedulingConfiguration$$EnhancerBySpringCGLIB$$c58073b9
2821:             1             32  org.springframework.scheduling.config.FixedRateTask
2822:             1             32  org.springframework.transaction.annotation.AnnotationTransactionAttributeSource
2823:             2             32  org.springframework.ui.ModelMap$$Lambda$441/2008844861
2824:             2             32  org.springframework.util.AlternativeJdkIdGenerator
2825:             2             32  org.springframework.util.AntPathMatcher$AntPatternComparator
2826:             2             32  org.springframework.util.CollectionUtils$$Lambda$357/1915259704
2827:             2             32  org.springframework.util.MimeType$$Lambda$456/796273739
2828:             2             32  org.springframework.web.bind.support.SimpleSessionStatus
2829:             2             32  org.springframework.web.context.request.async.WebAsyncManager$$Lambda$442/967570750
2830:             2             32  org.springframework.web.method.annotation.RequestParamMapMethodArgumentResolver
2831:             2             32  org.springframework.web.servlet.FrameworkServlet$RequestBindingInterceptor
2832:             1             32  org.springframework.web.servlet.mvc.method.RequestMappingInfo$BuilderConfiguration
2833:             2             32  org.springframework.web.servlet.mvc.method.RequestMappingInfoHandlerMapping$$Lambda$438/121091984
2834:             2             32  org.springframework.web.servlet.mvc.method.annotation.JsonViewResponseBodyAdvice
2835:             2             32  org.springframework.web.servlet.mvc.method.annotation.MatrixVariableMapMethodArgumentResolver
2836:             2             32  org.springframework.web.servlet.mvc.method.annotation.ModelAndViewMethodReturnValueHandler
2837:             2             32  org.springframework.web.servlet.mvc.method.annotation.PathVariableMapMethodArgumentResolver
2838:             1             32  org.springframework.web.servlet.mvc.method.annotation.ReactiveTypeHandler
2839:             2             32  org.springframework.web.servlet.mvc.method.annotation.RedirectAttributesMethodArgumentResolver
2840:             1             32  org.springframework.web.servlet.mvc.method.annotation.RequestPartMethodArgumentResolver
2841:             1             32  org.springframework.web.servlet.mvc.method.annotation.ServletCookieValueMethodArgumentResolver
2842:             2             32  org.springframework.web.servlet.mvc.method.annotation.ViewMethodReturnValueHandler
2843:             2             32  org.springframework.web.servlet.mvc.method.annotation.ViewNameMethodReturnValueHandler
2844:             1             32  org.springframework.web.servlet.resource.ResourceUrlProvider
2845:             1             32  org.springframework.web.servlet.view.BeanNameViewResolver
2846:             1             32  org.springframework.web.servlet.view.DefaultRequestToViewNameTranslator
2847:             1             32  org.springframework.web.socket.config.annotation.WebSocketTransportRegistration
2848:             1             32  org.springframework.web.socket.messaging.DefaultSimpUserRegistry
2849:             1             32  org.springframework.web.socket.messaging.SubProtocolWebSocketHandler$WebSocketSessionHolder
2850:             1             32  org.springframework.web.socket.server.support.DefaultHandshakeHandler
2851:             1             32  org.springframework.web.socket.sockjs.transport.handler.WebSocketTransportHandler
2852:             2             32  org.springframework.web.util.UriComponentsBuilder$CompositePathComponentBuilder
2853:             2             32  org.zeroturnaround.javarebel.integration.generic.StandardClassLoaderCBP
2854:             2             32  org.zeroturnaround.javarebel.integration.glassfish.GlassfishWsOptionsCBP
2855:             2             32  org.zeroturnaround.javarebel.integration.glassfish.WsgenToolCBP
2856:             2             32  org.zeroturnaround.javarebel.integration.jboss7.ConcurrentClassLoaderCBP
2857:             2             32  org.zeroturnaround.javarebel.integration.jboss7.ModuleCBP
2858:             2             32  org.zeroturnaround.javarebel.integration.jboss7.ModuleClassLoaderCBP
2859:             2             32  org.zeroturnaround.javarebel.integration.jboss7.ModuleLoaderCBP
2860:             2             32  org.zeroturnaround.javarebel.integration.jboss7.PathUtilsCBP
2861:             2             32  org.zeroturnaround.javarebel.integration.prosyst.ProSystFrameworkLoaderCBP
2862:             2             32  org.zeroturnaround.javarebel.integration.sap.SapResourceLoaderCBP
2863:             2             32  org.zeroturnaround.javarebel.integration.support.CacheAwareJavassistClassBytecodeProcessor$CachingPolicy
2864:             2             32  org.zeroturnaround.javarebel.integration.util.MonitorUtil$Counter
2865:             1             32  org.zeroturnaround.javarebel.integration.util.RequestListenerUtil$BoundRequestListener
2866:             1             32  org.zeroturnaround.javarebel.reporting.backend.impl.BrowserController
2867:             1             32  org.zeroturnaround.javarebel.reporting.backend.impl.SegmentIOBackend
2868:             1             32  org.zeroturnaround.javarebel.reporting.model.JRebelMetadata
2869:             1             32  org.zeroturnaround.javarebel.reporting.model.UserMetadata
2870:             1             32  org.zeroturnaround.javarebel.reporting.stats.repository.impl.RepositoryMetricsStatistics$ModuleInfo
2871:             1             32  org.zeroturnaround.javarebel.spring.SpringMetrics$CountData
2872:             1             32  org.zeroturnaround.jrebel.intellij.ComposerMessageRegistry
2873:             1             32  sun.instrument.InstrumentationImpl
2874:             2             32  sun.management.jmxremote.ConnectorBootstrap$PermanentExporter
2875:             1             32  sun.management.jmxremote.LocalRMIServerSocketFactory$1
2876:             1             32  sun.management.jmxremote.SingleEntryRegistry
2877:             2             32  sun.net.www.protocol.file.Handler
2878:             1             32  sun.nio.ch.ServerSocketAdaptor
2879:             1             32  sun.nio.ch.SharedFileLockTable$FileLockReference
2880:             2             32  sun.nio.ch.SocketDispatcher
2881:             1             32  sun.nio.cs.StandardCharsets
2882:             1             32  sun.nio.fs.WindowsFileSystem
2883:             1             32  sun.reflect.annotation.AnnotatedTypeFactory$AnnotatedTypeBaseImpl
2884:             1             32  sun.rmi.transport.DGCImpl$LeaseInfo
2885:             1             32  sun.rmi.transport.proxy.RMIMasterSocketFactory
2886:             2             32  sun.rmi.transport.tcp.TCPTransport$ConnectionHandler$$Lambda$6/607160599
2887:             1             32  sun.security.provider.PolicyFile
2888:             1             32  sun.security.provider.PolicyFile$PolicyInfo
2889:             2             32  sun.security.ssl.Authenticator
2890:             2             32  sun.security.ssl.SSLAlgorithmDecomposer
2891:             2             32  sun.security.ssl.SessionId
2892:             1             32  sun.security.validator.SimpleValidator
2893:             1             32  sun.text.CompactByteArray
2894:             1             24  [Lch.qos.logback.core.joran.spi.ConsoleTarget;
2895:             1             24  [Lch.qos.logback.core.subst.Node$Type;
2896:             1             24  [Lcom.fasterxml.jackson.databind.AnnotationIntrospector$ReferenceProperty$Type;
2897:             1             24  [Lcom.fasterxml.jackson.databind.Module;
2898:             1             24  [Lcom.sun.org.apache.xalan.internal.utils.FeatureManager$Feature;
2899:             1             24  [Lcom.sun.org.apache.xalan.internal.utils.XMLSecurityPropertyManager$Property;
2900:             1             24  [Lcom.sun.org.apache.xerces.internal.utils.XMLSecurityPropertyManager$Property;
2901:             1             24  [Lcom.sysmin.core.jvm.enums.JpsType;
2902:             1             24  [Lcom.sysmin.core.jvm.enums.JstackType;
2903:             1             24  [Lcom.zeroturnaround.javarebel.bwb;
2904:             1             24  [Lcom.zeroturnaround.javarebel.bwc;
2905:             1             24  [Lcom.zeroturnaround.javarebel.cfx;
2906:             1             24  [Lcom.zeroturnaround.javarebel.i;
2907:             1             24  [Lcom.zeroturnaround.javarebel.internalsdk.Internal$CoreVersion;
2908:             1             24  [Lcom.zeroturnaround.javarebel.z;
2909:             1             24  [Lcom.zeroturnaround.javarebel.zj;
2910:             1             24  [Ljava.io.File$PathStatus;
2911:             1             24  [Ljava.net.InetAddress$Cache$Type;
2912:             1             24  [Ljava.net.StandardProtocolFamily;
2913:             1             24  [Ljava.time.ZoneOffset;
2914:             1             24  [Ljava.time.temporal.IsoFields$Unit;
2915:             1             24  [Ljava.util.Locale$Category;
2916:             1             24  [Lorg.apache.catalina.Service;
2917:             1             24  [Lorg.apache.catalina.WebResource;
2918:             1             24  [Lorg.apache.catalina.mapper.Mapper$ContextVersion;
2919:             1             24  [Lorg.apache.catalina.mapper.Mapper$MappedContext;
2920:             1             24  [Lorg.apache.catalina.mapper.Mapper$MappedHost;
2921:             1             24  [Lorg.apache.tomcat.util.IntrospectionUtils$PropertySource;
2922:             1             24  [Lorg.apache.tomcat.util.buf.UEncoder$SafeCharsSet;
2923:             1             24  [Lorg.apache.tomcat.util.net.NioEndpoint$Poller;
2924:             1             24  [Lorg.hibernate.validator.internal.metadata.descriptor.ConstraintDescriptorImpl$ConstraintType;
2925:             1             24  [Lorg.springframework.boot.autoconfigure.condition.ConditionMessage$Style;
2926:             1             24  [Lorg.springframework.boot.autoconfigure.condition.FilteringSpringBootCondition$ClassNameFilter;
2927:             1             24  [Lorg.springframework.boot.autoconfigure.http.HttpProperties$Encoding$Type;
2928:             1             24  [Lorg.springframework.boot.autoconfigure.web.servlet.WebMvcProperties$LocaleResolver;
2929:             1             24  [Lorg.springframework.boot.context.ConfigurationWarningsApplicationContextInitializer$Check;
2930:             1             24  [Lorg.springframework.boot.convert.DurationStyle;
2931:             1             24  [Lorg.springframework.context.annotation.ConfigurationCondition$ConfigurationPhase;
2932:             1             24  [Lorg.springframework.context.annotation.MBeanExportConfiguration$SpecificPlatform;
2933:             1             24  [Lorg.springframework.core.ResolvableType$WildcardBounds$Kind;
2934:             1             24  [Lorg.springframework.expression.PropertyAccessor;
2935:             1             24  [Lorg.springframework.util.ConcurrentReferenceHashMap$ReferenceType;
2936:             1             24  [Lorg.springframework.util.ConcurrentReferenceHashMap$Restructure;
2937:             1             24  [Lorg.springframework.web.socket.handler.ConcurrentWebSocketSessionDecorator$OverflowStrategy;
2938:             1             24  [Lorg.zeroturnaround.javarebel.reporting.backend.impl.SegmentIOBackend$METHOD;
2939:             1             24  [Lorg.zeroturnaround.javarebel.reporting.interceptors.MessageInterceptor;
2940:             1             24  [Lsun.launcher.LauncherHelper;
2941:             1             24  [Lsun.misc.JavaSecurityProtectionDomainAccess$ProtectionDomainCache;
2942:             1             24  ch.qos.logback.classic.BasicConfigurator
2943:             1             24  ch.qos.logback.classic.spi.TurboFilterList
2944:             1             24  ch.qos.logback.classic.util.ContextSelectorStaticBinder
2945:             1             24  ch.qos.logback.classic.util.LogbackMDCAdapter
2946:             1             24  com.alibaba.fastjson.parser.SymbolTable
2947:             1             24  com.alibaba.fastjson.parser.deserializer.ASMDeserializerFactory
2948:             1             24  com.alibaba.fastjson.serializer.ASMSerializerFactory
2949:             1             24  com.fasterxml.classmate.util.LRUTypeCache
2950:             1             24  com.fasterxml.jackson.annotation.JsonFormat$Features
2951:             1             24  com.fasterxml.jackson.annotation.JsonIgnoreProperties$Value
2952:             1             24  com.fasterxml.jackson.annotation.JsonSetter$Value
2953:             1             24  com.fasterxml.jackson.core.util.MinimalPrettyPrinter
2954:             1             24  com.fasterxml.jackson.core.util.Separators
2955:             1             24  com.fasterxml.jackson.databind.AnnotationIntrospector$ReferenceProperty
2956:             1             24  com.fasterxml.jackson.databind.ObjectWriter$Prefetch
2957:             1             24  com.fasterxml.jackson.databind.cfg.ContextAttributes$Impl
2958:             1             24  com.fasterxml.jackson.databind.introspect.JacksonAnnotationIntrospector
2959:             1             24  com.fasterxml.jackson.databind.introspect.TypeResolutionContext$Basic
2960:             1             24  com.fasterxml.jackson.databind.ser.impl.FailingSerializer
2961:             1             24  com.fasterxml.jackson.databind.ser.std.StdKeySerializers$Default
2962:             1             24  com.fasterxml.jackson.datatype.jsr310.deser.LocalDateDeserializer
2963:             1             24  com.fasterxml.jackson.datatype.jsr310.deser.LocalDateTimeDeserializer
2964:             1             24  com.fasterxml.jackson.datatype.jsr310.deser.LocalTimeDeserializer
2965:             1             24  com.fasterxml.jackson.datatype.jsr310.deser.MonthDayDeserializer
2966:             1             24  com.fasterxml.jackson.datatype.jsr310.deser.OffsetTimeDeserializer
2967:             1             24  com.fasterxml.jackson.datatype.jsr310.deser.YearDeserializer
2968:             1             24  com.fasterxml.jackson.datatype.jsr310.deser.YearMonthDeserializer
2969:             1             24  com.fasterxml.jackson.module.paramnames.ParameterNamesAnnotationIntrospector
2970:             1             24  com.sun.beans.util.Cache$Kind$1
2971:             1             24  com.sun.beans.util.Cache$Kind$2
2972:             1             24  com.sun.beans.util.Cache$Kind$3
2973:             1             24  com.sun.crypto.provider.TlsMasterSecretGenerator$TlsMasterSecretKey
2974:             1             24  com.sun.jmx.mbeanserver.ClassLoaderRepositorySupport
2975:             1             24  com.sun.jmx.mbeanserver.MXBeanLookup
2976:             1             24  com.sun.jmx.mbeanserver.StandardMBeanSupport
2977:             1             24  com.sun.org.apache.xerces.internal.impl.Constants$ArrayEnumeration
2978:             1             24  com.sun.org.apache.xerces.internal.impl.XMLDocumentScannerImpl$ContentDriver
2979:             1             24  com.sun.org.apache.xerces.internal.impl.XMLNSDocumentScannerImpl$NSContentDriver
2980:             1             24  com.sun.org.apache.xerces.internal.impl.msg.XMLMessageFormatter
2981:             1             24  com.sun.org.apache.xerces.internal.impl.validation.ValidationManager
2982:             1             24  com.sun.org.apache.xerces.internal.parsers.AbstractSAXParser$LocatorProxy
2983:             1             24  com.sun.org.apache.xerces.internal.utils.XMLSecurityPropertyManager
2984:             1             24  com.sysmin.controller.LogController
2985:             1             24  com.sysmin.controller.LogController$$Lambda$470/208722269
2986:             1             24  com.sysmin.controller.jvm.JpsController
2987:             1             24  com.sysmin.controller.jvm.JpsController$$M$_jr_2EAFFFDEFB8067EE_1
2988:             1             24  com.sysmin.core.jvm.enums.JstackType
2989:             1             24  com.zeroturnaround.javarebel.ab
2990:             1             24  com.zeroturnaround.javarebel.abl
2991:             1             24  com.zeroturnaround.javarebel.ac
2992:             1             24  com.zeroturnaround.javarebel.ad
2993:             1             24  com.zeroturnaround.javarebel.bg
2994:             1             24  com.zeroturnaround.javarebel.bp
2995:             1             24  com.zeroturnaround.javarebel.bug
2996:             1             24  com.zeroturnaround.javarebel.buk
2997:             1             24  com.zeroturnaround.javarebel.cbj
2998:             1             24  com.zeroturnaround.javarebel.ccj
2999:             1             24  com.zeroturnaround.javarebel.ccs
3000:             1             24  com.zeroturnaround.javarebel.cdi
3001:             1             24  com.zeroturnaround.javarebel.ceg
3002:             1             24  com.zeroturnaround.javarebel.cgs
3003:             1             24  com.zeroturnaround.javarebel.cjc
3004:             1             24  com.zeroturnaround.javarebel.ckm
3005:             1             24  com.zeroturnaround.javarebel.cph
3006:             1             24  com.zeroturnaround.javarebel.cpk
3007:             1             24  com.zeroturnaround.javarebel.ex
3008:             1             24  com.zeroturnaround.javarebel.gdj
3009:             1             24  com.zeroturnaround.javarebel.gua
3010:             1             24  com.zeroturnaround.javarebel.gvg
3011:             1             24  com.zeroturnaround.javarebel.internalsdk.InternalImpl
3012:             1             24  com.zeroturnaround.javarebel.lx
3013:             1             24  com.zeroturnaround.javarebel.mt
3014:             1             24  com.zeroturnaround.javarebel.ni
3015:             1             24  com.zeroturnaround.javarebel.nz
3016:             1             24  com.zeroturnaround.javarebel.oe
3017:             1             24  com.zeroturnaround.javarebel.q
3018:             1             24  com.zeroturnaround.javarebel.ra
3019:             1             24  com.zeroturnaround.javarebel.tf
3020:             1             24  com.zeroturnaround.javarebel.xb
3021:             1             24  com.zeroturnaround.javarebel.yn
3022:             1             24  com.zeroturnaround.javarebel.zp
3023:             1             24  com.zeroturnaround.javarebel.zs
3024:             1             24  com.zeroturnaround.jrebel.bundled.org.apache.commons.logging.impl.SLF4JLogFactory
3025:             1             24  com.zeroturnaround.jrebel.bundled.org.apache.http.impl.execchain.HttpResponseProxy
3026:             1             24  com.zeroturnaround.jrebel.bundled.org.apache.http.impl.execchain.j
3027:             1             24  com.zeroturnaround.jrebel.bundled.org.slf4j.helpers.FormattingTuple
3028:             1             24  com.zeroturnaround.reload.h
3029:             1             24  com.zeroturnaround.reload.jvmti.MinimalInstrumentation
3030:             1             24  java.lang.invoke.DirectMethodHandle$EnsureInitialized
3031:             1             24  java.lang.invoke.MethodHandleImpl$4
3032:             1             24  java.lang.invoke.MethodType$ConcurrentWeakInternSet
3033:             1             24  java.math.MutableBigInteger
3034:             1             24  java.net.Inet6AddressImpl
3035:             1             24  java.net.Proxy
3036:             1             24  java.net.URLClassLoader$1
3037:             1             24  java.net.URLClassLoader$2
3038:             1             24  java.rmi.dgc.VMID
3039:             1             24  java.security.Policy$PolicyInfo
3040:             1             24  java.security.Policy$UnsupportedEmptyCollection
3041:             1             24  java.security.ProtectionDomain$PDCache
3042:             1             24  java.sql.DriverInfo
3043:             1             24  java.text.BreakIterator$BreakIteratorCache
3044:             1             24  java.time.ZoneRegion
3045:             1             24  java.time.format.DecimalStyle
3046:             1             24  java.time.temporal.IsoFields$Field$1
3047:             1             24  java.time.temporal.IsoFields$Field$2
3048:             1             24  java.time.temporal.IsoFields$Field$3
3049:             1             24  java.time.temporal.IsoFields$Field$4
3050:             1             24  java.util.Collections$1
3051:             1             24  java.util.Collections$EmptyMap
3052:             1             24  java.util.Comparator$$Lambda$445/316740616
3053:             1             24  java.util.Locale$Cache
3054:             1             24  java.util.PropertyPermissionCollection
3055:             1             24  java.util.ResourceBundle$Control$CandidateListCache
3056:             1             24  java.util.concurrent.ConcurrentSkipListMap$Node
3057:             1             24  java.util.concurrent.Executors$DelegatedScheduledExecutorService
3058:             1             24  java.util.concurrent.TimeUnit$1
3059:             1             24  java.util.concurrent.TimeUnit$2
3060:             1             24  java.util.concurrent.TimeUnit$3
3061:             1             24  java.util.concurrent.TimeUnit$4
3062:             1             24  java.util.concurrent.TimeUnit$5
3063:             1             24  java.util.concurrent.TimeUnit$6
3064:             1             24  java.util.concurrent.TimeUnit$7
3065:             1             24  java.util.logging.LogManager$LoggerContext
3066:             1             24  java.util.logging.LoggingPermission
3067:             1             24  java.util.stream.ReferencePipeline$3$1
3068:             1             24  javax.crypto.spec.RC2ParameterSpec
3069:             1             24  javax.el.ExpressionFactory$CacheKey
3070:             1             24  javax.el.Util$CacheKey
3071:             1             24  javax.net.ssl.SNIHostName
3072:             1             24  javax.websocket.CloseReason
3073:             1             24  javax.websocket.SendResult
3074:             1             24  org.apache.catalina.connector.CoyoteAdapter
3075:             1             24  org.apache.catalina.core.ApplicationContextFacade
3076:             1             24  org.apache.catalina.core.StandardContext$ContextFilterMaps
3077:             1             24  org.apache.catalina.mapper.Mapper$ContextList
3078:             1             24  org.apache.catalina.mapper.Mapper$MappedContext
3079:             1             24  org.apache.catalina.mapper.Mapper$MappedWrapper
3080:             1             24  org.apache.catalina.webresources.TomcatURLStreamHandlerFactory
3081:             1             24  org.apache.coyote.AbstractProtocol$AsyncTimeout
3082:             1             24  org.apache.coyote.UpgradeToken
3083:             1             24  org.apache.coyote.http11.upgrade.UpgradeProcessorInternal
3084:             1             24  org.apache.logging.log4j.spi.LoggerRegistry
3085:             1             24  org.apache.naming.StringManager
3086:             1             24  org.apache.tomcat.util.collections.CaseInsensitiveKeyMap
3087:             1             24  org.apache.tomcat.util.collections.ConcurrentCache
3088:             1             24  org.apache.tomcat.util.descriptor.web.ErrorPage
3089:             1             24  org.apache.tomcat.util.digester.RulesBase
3090:             1             24  org.apache.tomcat.util.net.Acceptor
3091:             1             24  org.apache.tomcat.util.net.NioBlockingSelector
3092:             1             24  org.apache.tomcat.websocket.server.WsFilter
3093:             1             24  org.hibernate.validator.internal.engine.MethodValidationConfiguration
3094:             1             24  org.hibernate.validator.internal.engine.valueextraction.ValueExtractorManager
3095:             1             24  org.hibernate.validator.internal.metadata.provider.ProgrammaticMetaDataProvider
3096:             1             24  org.hibernate.validator.internal.util.ConcurrentReferenceHashMap$Option
3097:             1             24  org.slf4j.helpers.FormattingTuple
3098:             1             24  org.slf4j.helpers.SubstituteLoggerFactory
3099:             1             24  org.slf4j.impl.StaticLoggerBinder
3100:             1             24  org.springframework.aop.framework.JdkDynamicAopProxy
3101:             1             24  org.springframework.aop.framework.autoproxy.AbstractAdvisorAutoProxyCreator$BeanFactoryAdvisorRetrievalHelperAdapter
3102:             1             24  org.springframework.aop.support.DefaultPointcutAdvisor
3103:             1             24  org.springframework.aop.target.EmptyTargetSource
3104:             1             24  org.springframework.beans.BeanReloadingFilter
3105:             1             24  org.springframework.beans.JrBeanCreationListenerGroup
3106:             1             24  org.springframework.beans.JrBeanFactoryPostProcessorRegistry
3107:             1             24  org.springframework.beans.JrBeanReloader$1
3108:             1             24  org.springframework.beans.JrBeanReloader$2
3109:             1             24  org.springframework.beans.JrBeanReloader$4
3110:             1             24  org.springframework.beans.factory.config.CustomScopeConfigurer
3111:             1             24  org.springframework.beans.factory.config.RuntimeBeanReference
3112:             1             24  org.springframework.beans.propertyeditors.ByteArrayPropertyEditor
3113:             1             24  org.springframework.beans.propertyeditors.CharArrayPropertyEditor
3114:             1             24  org.springframework.beans.propertyeditors.CharsetEditor
3115:             1             24  org.springframework.beans.propertyeditors.CurrencyEditor
3116:             1             24  org.springframework.beans.propertyeditors.LocaleEditor
3117:             1             24  org.springframework.beans.propertyeditors.PropertiesEditor
3118:             1             24  org.springframework.beans.propertyeditors.TimeZoneEditor
3119:             1             24  org.springframework.beans.propertyeditors.UUIDEditor
3120:             1             24  org.springframework.beans.propertyeditors.ZoneIdEditor
3121:             1             24  org.springframework.beans.support.ResourceEditorRegistrar
3122:             1             24  org.springframework.boot.DefaultApplicationArguments
3123:             1             24  org.springframework.boot.SpringApplicationBannerPrinter$PrintedBanner
3124:             1             24  org.springframework.boot.SpringApplicationRunListeners
3125:             1             24  org.springframework.boot.autoconfigure.AutoConfigurationImportSelector$AutoConfigurationEntry
3126:             1             24  org.springframework.boot.autoconfigure.AutoConfigurationPackages$BasePackages
3127:             1             24  org.springframework.boot.autoconfigure.admin.SpringApplicationAdminJmxAutoConfiguration$$EnhancerBySpringCGLIB$$b6de5e0c$$FastClassBySpringCGLIB$$5ed6da28
3128:             1             24  org.springframework.boot.autoconfigure.admin.SpringApplicationAdminJmxAutoConfiguration$$FastClassBySpringCGLIB$$6d716d49
3129:             1             24  org.springframework.boot.autoconfigure.condition.BeanTypeRegistry
3130:             1             24  org.springframework.boot.autoconfigure.condition.ConditionMessage$Style$1
3131:             1             24  org.springframework.boot.autoconfigure.condition.ConditionMessage$Style$2
3132:             1             24  org.springframework.boot.autoconfigure.condition.FilteringSpringBootCondition$ClassNameFilter$1
3133:             1             24  org.springframework.boot.autoconfigure.condition.FilteringSpringBootCondition$ClassNameFilter$2
3134:             1             24  org.springframework.boot.autoconfigure.diagnostics.analyzer.NoSuchBeanDefinitionFailureAnalyzer
3135:             1             24  org.springframework.boot.autoconfigure.freemarker.FreeMarkerTemplateAvailabilityProvider
3136:             1             24  org.springframework.boot.autoconfigure.groovy.template.GroovyTemplateAvailabilityProvider
3137:             1             24  org.springframework.boot.autoconfigure.http.HttpMessageConvertersAutoConfiguration$$EnhancerBySpringCGLIB$$3e6588d2$$FastClassBySpringCGLIB$$e3a72469
3138:             1             24  org.springframework.boot.autoconfigure.http.HttpMessageConvertersAutoConfiguration$$FastClassBySpringCGLIB$$ba15c54f
3139:             1             24  org.springframework.boot.autoconfigure.http.HttpMessageConvertersAutoConfiguration$StringHttpMessageConverterConfiguration$$EnhancerBySpringCGLIB$$71734f72$$FastClassBySpringCGLIB$$5c148f6d
3140:             1             24  org.springframework.boot.autoconfigure.http.HttpMessageConvertersAutoConfiguration$StringHttpMessageConverterConfiguration$$FastClassBySpringCGLIB$$a19557ef
3141:             1             24  org.springframework.boot.autoconfigure.http.HttpProperties
3142:             1             24  org.springframework.boot.autoconfigure.http.JacksonHttpMessageConvertersConfiguration$MappingJackson2HttpMessageConverterConfiguration$$EnhancerBySpringCGLIB$$ab494b72$$FastClassBySpringCGLIB$$d4fa3b99
3143:             1             24  org.springframework.boot.autoconfigure.http.JacksonHttpMessageConvertersConfiguration$MappingJackson2HttpMessageConverterConfiguration$$FastClassBySpringCGLIB$$cc27d3ef
3144:             1             24  org.springframework.boot.autoconfigure.http.codec.CodecsAutoConfiguration$JacksonCodecConfiguration$$EnhancerBySpringCGLIB$$8c0bd88a$$FastClassBySpringCGLIB$$9cd97dac
3145:             1             24  org.springframework.boot.autoconfigure.http.codec.CodecsAutoConfiguration$JacksonCodecConfiguration$$FastClassBySpringCGLIB$$b3c4d607
3146:             1             24  org.springframework.boot.autoconfigure.http.codec.CodecsAutoConfiguration$LoggingCodecConfiguration$$EnhancerBySpringCGLIB$$c107a916$$FastClassBySpringCGLIB$$6c95edd8
3147:             1             24  org.springframework.boot.autoconfigure.http.codec.CodecsAutoConfiguration$LoggingCodecConfiguration$$FastClassBySpringCGLIB$$8da6a113
3148:             1             24  org.springframework.boot.autoconfigure.info.ProjectInfoAutoConfiguration$GitResourceAvailableCondition
3149:             1             24  org.springframework.boot.autoconfigure.info.ProjectInfoProperties
3150:             1             24  org.springframework.boot.autoconfigure.info.ProjectInfoProperties$Build
3151:             1             24  org.springframework.boot.autoconfigure.info.ProjectInfoProperties$Git
3152:             1             24  org.springframework.boot.autoconfigure.jackson.JacksonAutoConfiguration$$EnhancerBySpringCGLIB$$61d0da5e$$FastClassBySpringCGLIB$$e1c43312
3153:             1             24  org.springframework.boot.autoconfigure.jackson.JacksonAutoConfiguration$$FastClassBySpringCGLIB$$ee97f15b
3154:             1             24  org.springframework.boot.autoconfigure.jackson.JacksonAutoConfiguration$Jackson2ObjectMapperBuilderCustomizerConfiguration$$EnhancerBySpringCGLIB$$ed28e4d7$$FastClassBySpringCGLIB$$7d1656ac
3155:             1             24  org.springframework.boot.autoconfigure.jackson.JacksonAutoConfiguration$Jackson2ObjectMapperBuilderCustomizerConfiguration$$FastClassBySpringCGLIB$$a7cec5b4
3156:             1             24  org.springframework.boot.autoconfigure.jackson.JacksonAutoConfiguration$Jackson2ObjectMapperBuilderCustomizerConfiguration$StandardJackson2ObjectMapperBuilderCustomizer
3157:             1             24  org.springframework.boot.autoconfigure.jackson.JacksonAutoConfiguration$JacksonObjectMapperBuilderConfiguration$$EnhancerBySpringCGLIB$$3211fee8$$FastClassBySpringCGLIB$$72c1c8e5
3158:             1             24  org.springframework.boot.autoconfigure.jackson.JacksonAutoConfiguration$JacksonObjectMapperBuilderConfiguration$$FastClassBySpringCGLIB$$28b34ea5
3159:             1             24  org.springframework.boot.autoconfigure.jackson.JacksonAutoConfiguration$JacksonObjectMapperConfiguration$$EnhancerBySpringCGLIB$$7fc53ccf$$FastClassBySpringCGLIB$$84c59101
3160:             1             24  org.springframework.boot.autoconfigure.jackson.JacksonAutoConfiguration$JacksonObjectMapperConfiguration$$FastClassBySpringCGLIB$$596316ac
3161:             1             24  org.springframework.boot.autoconfigure.jackson.JacksonAutoConfiguration$ParameterNamesModuleConfiguration$$EnhancerBySpringCGLIB$$13f45c05$$FastClassBySpringCGLIB$$872c02da
3162:             1             24  org.springframework.boot.autoconfigure.jackson.JacksonAutoConfiguration$ParameterNamesModuleConfiguration$$FastClassBySpringCGLIB$$f1cb4522
3163:             1             24  org.springframework.boot.autoconfigure.jdbc.DataSourceAutoConfiguration$EmbeddedDatabaseCondition
3164:             1             24  org.springframework.boot.autoconfigure.jdbc.DataSourceInitializer
3165:             1             24  org.springframework.boot.autoconfigure.jdbc.DataSourceProperties$Xa
3166:             1             24  org.springframework.boot.autoconfigure.jdbc.DataSourceTransactionManagerAutoConfiguration$DataSourceTransactionManagerConfiguration$$EnhancerBySpringCGLIB$$d13255ad$$FastClassBySpringCGLIB$$d73c47de
3167:             1             24  org.springframework.boot.autoconfigure.jdbc.DataSourceTransactionManagerAutoConfiguration$DataSourceTransactionManagerConfiguration$$FastClassBySpringCGLIB$$6c5cb1ca
3168:             1             24  org.springframework.boot.autoconfigure.jdbc.JdbcProperties$Template
3169:             1             24  org.springframework.boot.autoconfigure.jdbc.JdbcTemplateAutoConfiguration$JdbcTemplateConfiguration$$EnhancerBySpringCGLIB$$3cbcebab$$FastClassBySpringCGLIB$$8d26f00
3170:             1             24  org.springframework.boot.autoconfigure.jdbc.JdbcTemplateAutoConfiguration$JdbcTemplateConfiguration$$FastClassBySpringCGLIB$$d6b54608
3171:             1             24  org.springframework.boot.autoconfigure.jdbc.JdbcTemplateAutoConfiguration$NamedParameterJdbcTemplateConfiguration$$EnhancerBySpringCGLIB$$2e9de2db$$FastClassBySpringCGLIB$$3e5e0faa
3172:             1             24  org.springframework.boot.autoconfigure.jdbc.JdbcTemplateAutoConfiguration$NamedParameterJdbcTemplateConfiguration$$FastClassBySpringCGLIB$$2cc8738
3173:             1             24  org.springframework.boot.autoconfigure.jdbc.metadata.DataSourcePoolMetadataProvidersConfiguration$HikariPoolDataSourceMetadataProviderConfiguration$$EnhancerBySpringCGLIB$$8488e522$$FastClassBySpringCGLIB$$d6777026
3174:             1             24  org.springframework.boot.autoconfigure.jdbc.metadata.DataSourcePoolMetadataProvidersConfiguration$HikariPoolDataSourceMetadataProviderConfiguration$$FastClassBySpringCGLIB$$f8fbe79f
3175:             1             24  org.springframework.boot.autoconfigure.task.TaskExecutionAutoConfiguration$$EnhancerBySpringCGLIB$$afd15614$$FastClassBySpringCGLIB$$6f3c54be
3176:             1             24  org.springframework.boot.autoconfigure.task.TaskExecutionAutoConfiguration$$FastClassBySpringCGLIB$$16d26c51
3177:             1             24  org.springframework.boot.autoconfigure.task.TaskExecutionProperties
3178:             1             24  org.springframework.boot.autoconfigure.task.TaskSchedulingAutoConfiguration$$EnhancerBySpringCGLIB$$d7f13954$$FastClassBySpringCGLIB$$33697b6b
3179:             1             24  org.springframework.boot.autoconfigure.task.TaskSchedulingAutoConfiguration$$FastClassBySpringCGLIB$$dd612791
3180:             1             24  org.springframework.boot.autoconfigure.task.TaskSchedulingProperties
3181:             1             24  org.springframework.boot.autoconfigure.template.TemplateAvailabilityProviders
3182:             1             24  org.springframework.boot.autoconfigure.transaction.TransactionAutoConfiguration$$EnhancerBySpringCGLIB$$b8a5b848$$FastClassBySpringCGLIB$$abc62378
3183:             1             24  org.springframework.boot.autoconfigure.transaction.TransactionAutoConfiguration$$FastClassBySpringCGLIB$$58253c05
3184:             1             24  org.springframework.boot.autoconfigure.transaction.TransactionAutoConfiguration$TransactionTemplateConfiguration$$EnhancerBySpringCGLIB$$22bc1a80$$FastClassBySpringCGLIB$$92f9afe5
3185:             1             24  org.springframework.boot.autoconfigure.transaction.TransactionAutoConfiguration$TransactionTemplateConfiguration$$FastClassBySpringCGLIB$$3ce48f3d
3186:             1             24  org.springframework.boot.autoconfigure.transaction.TransactionProperties
3187:             1             24  org.springframework.boot.autoconfigure.validation.ValidatorAdapter
3188:             1             24  org.springframework.boot.autoconfigure.web.ResourceProperties$Cache
3189:             1             24  org.springframework.boot.autoconfigure.web.ResourceProperties$Chain
3190:             1             24  org.springframework.boot.autoconfigure.web.ResourceProperties$Content
3191:             1             24  org.springframework.boot.autoconfigure.web.ResourceProperties$Fixed
3192:             1             24  org.springframework.boot.autoconfigure.web.ResourceProperties$Strategy
3193:             1             24  org.springframework.boot.autoconfigure.web.ServerProperties$Tomcat$Resource
3194:             1             24  org.springframework.boot.autoconfigure.web.client.RestTemplateAutoConfiguration$$EnhancerBySpringCGLIB$$bf47b6bf$$FastClassBySpringCGLIB$$7f6b4abc
3195:             1             24  org.springframework.boot.autoconfigure.web.client.RestTemplateAutoConfiguration$$FastClassBySpringCGLIB$$79a6429c
3196:             1             24  org.springframework.boot.autoconfigure.web.embedded.EmbeddedWebServerFactoryCustomizerAutoConfiguration$TomcatWebServerFactoryCustomizerConfiguration$$EnhancerBySpringCGLIB$$2a5d4a0c$$FastClassBySpringCGLIB$$c558182e
3197:             1             24  org.springframework.boot.autoconfigure.web.embedded.EmbeddedWebServerFactoryCustomizerAutoConfiguration$TomcatWebServerFactoryCustomizerConfiguration$$FastClassBySpringCGLIB$$3b7ed949
3198:             1             24  org.springframework.boot.autoconfigure.web.embedded.TomcatWebServerFactoryCustomizer
3199:             1             24  org.springframework.boot.autoconfigure.web.embedded.TomcatWebServerFactoryCustomizer$$Lambda$333/191519989
3200:             1             24  org.springframework.boot.autoconfigure.web.servlet.DispatcherServletAutoConfiguration$DispatcherServletConfiguration$$EnhancerBySpringCGLIB$$74314d07$$FastClassBySpringCGLIB$$e83f3a07
3201:             1             24  org.springframework.boot.autoconfigure.web.servlet.DispatcherServletAutoConfiguration$DispatcherServletConfiguration$$FastClassBySpringCGLIB$$c3057e4
3202:             1             24  org.springframework.boot.autoconfigure.web.servlet.DispatcherServletAutoConfiguration$DispatcherServletRegistrationConfiguration$$EnhancerBySpringCGLIB$$d638e1ae$$FastClassBySpringCGLIB$$73daf335
3203:             1             24  org.springframework.boot.autoconfigure.web.servlet.DispatcherServletAutoConfiguration$DispatcherServletRegistrationConfiguration$$FastClassBySpringCGLIB$$20b85eab
3204:             1             24  org.springframework.boot.autoconfigure.web.servlet.ServletWebServerFactoryConfiguration$EmbeddedTomcat$$EnhancerBySpringCGLIB$$8eb42f28$$FastClassBySpringCGLIB$$e9f2e2d
3205:             1             24  org.springframework.boot.autoconfigure.web.servlet.ServletWebServerFactoryConfiguration$EmbeddedTomcat$$FastClassBySpringCGLIB$$57e7b6e5
3206:             1             24  org.springframework.boot.autoconfigure.web.servlet.WebMvcProperties$Contentnegotiation
3207:             1             24  org.springframework.boot.autoconfigure.web.servlet.WebMvcProperties$Servlet
3208:             1             24  org.springframework.boot.autoconfigure.web.servlet.WebMvcProperties$View
3209:             1             24  org.springframework.boot.autoconfigure.web.servlet.error.BasicErrorController
3210:             1             24  org.springframework.boot.autoconfigure.web.servlet.error.ErrorMvcAutoConfiguration$DefaultErrorViewResolverConfiguration$$EnhancerBySpringCGLIB$$64729763$$FastClassBySpringCGLIB$$70bd156d
3211:             1             24  org.springframework.boot.autoconfigure.web.servlet.error.ErrorMvcAutoConfiguration$DefaultErrorViewResolverConfiguration$$FastClassBySpringCGLIB$$696432c0
3212:             1             24  org.springframework.boot.autoconfigure.web.servlet.error.ErrorMvcAutoConfiguration$ErrorPageCustomizer
3213:             1             24  org.springframework.boot.autoconfigure.websocket.servlet.WebSocketServletAutoConfiguration$TomcatWebSocketConfiguration$$EnhancerBySpringCGLIB$$9ccbd22d$$FastClassBySpringCGLIB$$6eacc718
3214:             1             24  org.springframework.boot.autoconfigure.websocket.servlet.WebSocketServletAutoConfiguration$TomcatWebSocketConfiguration$$FastClassBySpringCGLIB$$f1131e4a
3215:             1             24  org.springframework.boot.builder.ParentContextCloserApplicationListener
3216:             1             24  org.springframework.boot.cloud.CloudPlatform$1
3217:             1             24  org.springframework.boot.cloud.CloudPlatform$2
3218:             1             24  org.springframework.boot.cloud.CloudPlatform$3
3219:             1             24  org.springframework.boot.context.ContextIdApplicationContextInitializer$ContextId
3220:             1             24  org.springframework.boot.context.config.ConfigFileApplicationListener$PropertySourceOrderingPostProcessor
3221:             1             24  org.springframework.boot.context.config.DelegatingApplicationListener
3222:             1             24  org.springframework.boot.context.event.EventPublishingRunListener
3223:             1             24  org.springframework.boot.context.properties.ConfigurationBeanFactoryMetadata
3224:             1             24  org.springframework.boot.context.properties.ConfigurationPropertiesBindingPostProcessor
3225:             1             24  org.springframework.boot.context.properties.PropertyMapper
3226:             1             24  org.springframework.boot.context.properties.bind.BindConverter$TypeConverterConversionService
3227:             1             24  org.springframework.boot.context.properties.bind.PropertySourcesPlaceholdersResolver
3228:             1             24  org.springframework.boot.context.properties.source.ConfigurationPropertySourcesPropertySource
3229:             1             24  org.springframework.boot.context.properties.source.DefaultPropertyMapper
3230:             1             24  org.springframework.boot.convert.DurationStyle$1
3231:             1             24  org.springframework.boot.convert.DurationStyle$2
3232:             1             24  org.springframework.boot.devtools.autoconfigure.DevToolsDataSourceAutoConfiguration$$EnhancerBySpringCGLIB$$fef5cc75$$FastClassBySpringCGLIB$$de31cb3
3233:             1             24  org.springframework.boot.devtools.autoconfigure.DevToolsDataSourceAutoConfiguration$$FastClassBySpringCGLIB$$2fb51792
3234:             1             24  org.springframework.boot.devtools.autoconfigure.DevToolsDataSourceAutoConfiguration$NonEmbeddedInMemoryDatabaseShutdownExecutor
3235:             1             24  org.springframework.boot.devtools.autoconfigure.DevToolsProperties
3236:             1             24  org.springframework.boot.devtools.autoconfigure.DevToolsProperties$Livereload
3237:             1             24  org.springframework.boot.devtools.autoconfigure.RemoteDevToolsProperties$Proxy
3238:             1             24  org.springframework.boot.devtools.classpath.ClassPathFileChangeListener
3239:             1             24  org.springframework.boot.devtools.classpath.PatternClassPathRestartStrategy
3240:             1             24  org.springframework.boot.devtools.restart.ClassLoaderFilesResourcePatternResolver
3241:             1             24  org.springframework.boot.devtools.restart.Restarter$LeakSafeThreadFactory$$Lambda$413/1116292004
3242:             1             24  org.springframework.boot.devtools.settings.DevToolsSettings
3243:             1             24  org.springframework.boot.diagnostics.FailureAnalyzers
3244:             1             24  org.springframework.boot.env.RandomValuePropertySource
3245:             1             24  org.springframework.boot.logging.AbstractLoggingSystem$LogLevels
3246:             1             24  org.springframework.boot.logging.DeferredLog$Line
3247:             1             24  org.springframework.boot.task.TaskSchedulerBuilder
3248:             1             24  org.springframework.boot.type.classreading.ConcurrentReferenceCachingMetadataReaderFactory
3249:             1             24  org.springframework.boot.web.client.RestTemplateBuilder$RequestFactoryCustomizer
3250:             1             24  org.springframework.boot.web.embedded.tomcat.TomcatServletWebServerFactory$StaticResourceConfigurer
3251:             1             24  org.springframework.boot.web.embedded.tomcat.TomcatStarter
3252:             1             24  org.springframework.boot.web.embedded.tomcat.TomcatWebServer$$Lambda$334/1521261927
3253:             1             24  org.springframework.boot.web.server.ErrorPage
3254:             1             24  org.springframework.boot.web.server.ErrorPageRegistrarBeanPostProcessor
3255:             1             24  org.springframework.boot.web.server.WebServerFactoryCustomizerBeanPostProcessor
3256:             1             24  org.springframework.boot.web.servlet.context.WebApplicationContextServletContextAwareProcessor
3257:             1             24  org.springframework.boot.web.servlet.server.DocumentRoot
3258:             1             24  org.springframework.boot.web.servlet.server.Jsp
3259:             1             24  org.springframework.cglib.core.EmitUtils$ArrayDelimiters
3260:             1             24  org.springframework.cglib.core.MethodWrapper$MethodWrapperKey$$KeyFactoryByCGLIB$$552be97a
3261:             1             24  org.springframework.cglib.core.internal.LoadingCache
3262:             1             24  org.springframework.context.annotation.ConfigurationClassEnhancer$ConditionalCallbackFilter
3263:             1             24  org.springframework.context.annotation.ContextAnnotationAutowireCandidateResolver
3264:             1             24  org.springframework.context.annotation.MBeanExportConfiguration$SpecificPlatform$1
3265:             1             24  org.springframework.context.annotation.MBeanExportConfiguration$SpecificPlatform$2
3266:             1             24  org.springframework.context.event.EventExpressionEvaluator
3267:             1             24  org.springframework.context.support.ApplicationContextAwareProcessor
3268:             1             24  org.springframework.context.support.PostProcessorRegistrationDelegate$BeanPostProcessorChecker
3269:             1             24  org.springframework.context.support.PropertySourcesPlaceholderConfigurer$$Lambda$192/272059566
3270:             1             24  org.springframework.core.OrderComparator$$Lambda$209/654322778
3271:             1             24  org.springframework.core.ReactiveAdapterRegistry
3272:             1             24  org.springframework.core.convert.support.DefaultConversionService
3273:             1             24  org.springframework.core.env.CommandLineArgs
3274:             1             24  org.springframework.core.io.support.PathMatchingResourcePatternResolver
3275:             1             24  org.springframework.dao.annotation.PersistenceExceptionTranslationAdvisor
3276:             1             24  org.springframework.dao.support.PersistenceExceptionTranslationInterceptor
3277:             1             24  org.springframework.http.HttpEntity
3278:             1             24  org.springframework.http.ResponseEntity
3279:             1             24  org.springframework.jdbc.core.namedparam.NamedParameterJdbcTemplate
3280:             1             24  org.springframework.jmx.export.naming.MetadataNamingStrategy
3281:             1             24  org.springframework.jndi.JndiTemplate
3282:             1             24  org.springframework.messaging.handler.annotation.support.PayloadArgumentResolver
3283:             1             24  org.springframework.messaging.handler.invocation.HandlerMethodArgumentResolverComposite
3284:             1             24  org.springframework.messaging.handler.invocation.HandlerMethodReturnValueHandlerComposite
3285:             1             24  org.springframework.messaging.simp.annotation.support.SubscriptionMethodReturnValueHandler
3286:             1             24  org.springframework.messaging.simp.broker.DefaultSubscriptionRegistry$DestinationCache
3287:             1             24  org.springframework.messaging.simp.broker.DefaultSubscriptionRegistry$SessionSubscriptionInfo
3288:             1             24  org.springframework.messaging.simp.stomp.StompEncoder
3289:             1             24  org.springframework.messaging.simp.stomp.StompHeaderAccessor
3290:             1             24  org.springframework.messaging.simp.user.DefaultUserDestinationResolver
3291:             1             24  org.springframework.messaging.support.IdTimestampMessageHeaderInitializer
3292:             1             24  org.springframework.objenesis.SpringObjenesis
3293:             1             24  org.springframework.scheduling.annotation.SchedulingConfiguration$$EnhancerBySpringCGLIB$$c58073b9$$FastClassBySpringCGLIB$$22b54e40
3294:             1             24  org.springframework.scheduling.annotation.SchedulingConfiguration$$FastClassBySpringCGLIB$$bd049a56
3295:             1             24  org.springframework.scheduling.config.ScheduledTask
3296:             1             24  org.springframework.scheduling.support.ScheduledMethodRunnable
3297:             1             24  org.springframework.transaction.interceptor.BeanFactoryTransactionAttributeSourceAdvisor$1
3298:             1             24  org.springframework.util.StopWatch$TaskInfo
3299:             1             24  org.springframework.validation.beanvalidation.LocalValidatorFactoryBean$1
3300:             1             24  org.springframework.web.context.support.ServletContextPropertySource
3301:             1             24  org.springframework.web.context.support.ServletContextScope
3302:             1             24  org.springframework.web.method.annotation.ExceptionHandlerMethodResolver
3303:             1             24  org.springframework.web.method.annotation.RequestHeaderMethodArgumentResolver
3304:             1             24  org.springframework.web.method.annotation.SessionAttributesHandler$$Lambda$443/1742892465
3305:             1             24  org.springframework.web.method.support.CompositeUriComponentsContributor
3306:             1             24  org.springframework.web.servlet.handler.HandlerExceptionResolverComposite
3307:             1             24  org.springframework.web.servlet.i18n.AcceptHeaderLocaleResolver
3308:             1             24  org.springframework.web.servlet.mvc.method.annotation.ResponseBodyEmitterReturnValueHandler
3309:             1             24  org.springframework.web.servlet.support.SessionFlashMapManager
3310:             1             24  org.springframework.web.servlet.view.ViewResolverComposite
3311:             1             24  org.springframework.web.socket.messaging.StompSubProtocolHandler$Stats
3312:             1             24  org.springframework.web.socket.server.standard.TomcatRequestUpgradeStrategy
3313:             1             24  org.springframework.web.socket.server.support.OriginHandshakeInterceptor
3314:             1             24  org.springframework.web.socket.sockjs.support.SockJsHttpRequestHandler
3315:             1             24  org.springframework.web.socket.sockjs.transport.handler.EventSourceTransportHandler
3316:             1             24  org.springframework.web.socket.sockjs.transport.handler.HtmlFileTransportHandler
3317:             1             24  org.springframework.web.socket.sockjs.transport.handler.XhrPollingTransportHandler
3318:             1             24  org.springframework.web.socket.sockjs.transport.handler.XhrReceivingTransportHandler
3319:             1             24  org.springframework.web.socket.sockjs.transport.handler.XhrStreamingTransportHandler
3320:             1             24  org.zeroturnaround.bundled.javassist.ClassPathList
3321:             1             24  org.zeroturnaround.javarebel.integration.IntegrationClassEventListener
3322:             1             24  org.zeroturnaround.javarebel.integration.catalina.cbp.ApplicationContextFacadeCBP
3323:             1             24  org.zeroturnaround.javarebel.integration.hybris.WidgetClassLoaderCBP
3324:             1             24  org.zeroturnaround.javarebel.integration.ide.IDECallbackClassEventListener
3325:             1             24  org.zeroturnaround.javarebel.integration.javaxel.BeanELResolverCBP
3326:             1             24  org.zeroturnaround.javarebel.integration.jenkins.WebAppMainCBP
3327:             1             24  org.zeroturnaround.javarebel.integration.objectdb.ObjectDBDelegationCBP$Processor
3328:             1             24  org.zeroturnaround.javarebel.integration.proxy.cglib.FastClassProxyEventListener
3329:             1             24  org.zeroturnaround.javarebel.integration.resin.ResinWatchdogCBP
3330:             1             24  org.zeroturnaround.javarebel.integration.resin.WatchdogProcessCBP
3331:             1             24  org.zeroturnaround.javarebel.integration.servlet.oc4j.OC4JJspClassLoaderCBP
3332:             1             24  org.zeroturnaround.javarebel.integration.spring.GenericTypeResolverCEL
3333:             1             24  org.zeroturnaround.javarebel.integration.spring.annotations.ComponentScannerAnnotation
3334:             1             24  org.zeroturnaround.javarebel.integration.spring.beans.BeanTypeResolverImpl
3335:             1             24  org.zeroturnaround.javarebel.integration.spring.beans.ExpressionDependencyRegistry
3336:             1             24  org.zeroturnaround.javarebel.integration.spring.beans.ScannedClassManager
3337:             1             24  org.zeroturnaround.javarebel.integration.spring.beans.cbp.BeanDefinitionReaderUtilsCBP
3338:             1             24  org.zeroturnaround.javarebel.integration.spring.boot.SpringBootRegistry
3339:             1             24  org.zeroturnaround.javarebel.integration.spring.core.ReflectionUtilsCacheClearer
3340:             1             24  org.zeroturnaround.javarebel.integration.support.JavassistClassBytecodeProcessor$FilterClassPathWrapper
3341:             1             24  org.zeroturnaround.javarebel.integration.util.ClassLoaderLocalUtil$LoaderAttachment
3342:             1             24  org.zeroturnaround.javarebel.preferences.FileStorePreferences
3343:             1             24  org.zeroturnaround.javarebel.reporting.MessageType$SendFilterImpl$1
3344:             1             24  org.zeroturnaround.javarebel.reporting.MessageType$SendFilterImpl$2
3345:             1             24  org.zeroturnaround.javarebel.reporting.MessageType$SendFilterImpl$3
3346:             1             24  org.zeroturnaround.javarebel.reporting.MessageType$SendFilterImpl$4
3347:             1             24  org.zeroturnaround.javarebel.reporting.MixpanelMetrics$10
3348:             1             24  org.zeroturnaround.javarebel.reporting.MixpanelMetrics$3
3349:             1             24  org.zeroturnaround.javarebel.reporting.MixpanelMetrics$4
3350:             1             24  org.zeroturnaround.javarebel.reporting.MixpanelMetrics$5
3351:             1             24  org.zeroturnaround.javarebel.reporting.MixpanelMetrics$8
3352:             1             24  org.zeroturnaround.javarebel.reporting.backend.impl.SegmentIOBackend$ProxyHttpBackend
3353:             1             24  org.zeroturnaround.javarebel.reporting.stats.JVMLanguageStatsListener
3354:             1             24  org.zeroturnaround.javarebel.reporting.stats.repository.impl.RepositoryMetricsStatistics$ServerStartedStatsListener
3355:             1             24  org.zeroturnaround.javarebel.service.ServiceRequestUtil$TCLBindingServiceRequestListener
3356:             1             24  org.zeroturnaround.javarebel.spring.SpringMetrics$1
3357:             1             24  org.zeroturnaround.jrebel.integration.logback.LogbackReloader
3358:             1             24  org.zeroturnaround.jrebel.intellij.FileWatcher$1
3359:             1             24  org.zeroturnaround.jrebel.intellij.FileWatcher$Lock
3360:             1             24  org.zeroturnaround.jrebel.jackson2.cbp.ObjectMapperCBP
3361:             1             24  sun.instrument.TransformerManager
3362:             1             24  sun.launcher.LauncherHelper
3363:             1             24  sun.management.CompilationImpl
3364:             1             24  sun.management.MemoryImpl
3365:             1             24  sun.management.OperatingSystemImpl
3366:             1             24  sun.management.RuntimeImpl
3367:             1             24  sun.management.ThreadImpl
3368:             1             24  sun.management.VMManagementImpl
3369:             1             24  sun.misc.URLClassPath$FileLoader
3370:             1             24  sun.net.ProgressMonitor
3371:             1             24  sun.net.www.protocol.http.Handler
3372:             1             24  sun.nio.cs.CESU_8
3373:             1             24  sun.nio.cs.IBM437
3374:             1             24  sun.nio.cs.IBM737
3375:             1             24  sun.nio.cs.IBM775
3376:             1             24  sun.nio.cs.IBM850
3377:             1             24  sun.nio.cs.IBM852
3378:             1             24  sun.nio.cs.IBM855
3379:             1             24  sun.nio.cs.IBM857
3380:             1             24  sun.nio.cs.IBM858
3381:             1             24  sun.nio.cs.IBM862
3382:             1             24  sun.nio.cs.IBM866
3383:             1             24  sun.nio.cs.IBM874
3384:             1             24  sun.nio.cs.ISO_8859_1
3385:             1             24  sun.nio.cs.ISO_8859_13
3386:             1             24  sun.nio.cs.ISO_8859_15
3387:             1             24  sun.nio.cs.ISO_8859_2
3388:             1             24  sun.nio.cs.ISO_8859_4
3389:             1             24  sun.nio.cs.ISO_8859_5
3390:             1             24  sun.nio.cs.ISO_8859_7
3391:             1             24  sun.nio.cs.ISO_8859_9
3392:             1             24  sun.nio.cs.KOI8_R
3393:             1             24  sun.nio.cs.KOI8_U
3394:             1             24  sun.nio.cs.MS1250
3395:             1             24  sun.nio.cs.MS1251
3396:             1             24  sun.nio.cs.MS1252
3397:             1             24  sun.nio.cs.MS1253
3398:             1             24  sun.nio.cs.MS1254
3399:             1             24  sun.nio.cs.MS1257
3400:             1             24  sun.nio.cs.ThreadLocalCoders$1
3401:             1             24  sun.nio.cs.ThreadLocalCoders$2
3402:             1             24  sun.nio.cs.US_ASCII
3403:             1             24  sun.nio.cs.UTF_16
3404:             1             24  sun.nio.cs.UTF_16BE
3405:             1             24  sun.nio.cs.UTF_16LE
3406:             1             24  sun.nio.cs.UTF_16LE_BOM
3407:             1             24  sun.nio.cs.UTF_32
3408:             1             24  sun.nio.cs.UTF_32BE
3409:             1             24  sun.nio.cs.UTF_32BE_BOM
3410:             1             24  sun.nio.cs.UTF_32LE
3411:             1             24  sun.nio.cs.UTF_32LE_BOM
3412:             1             24  sun.nio.cs.UTF_8
3413:             1             24  sun.nio.cs.ext.Big5
3414:             1             24  sun.nio.cs.ext.Big5_HKSCS
3415:             1             24  sun.nio.cs.ext.Big5_HKSCS_2001
3416:             1             24  sun.nio.cs.ext.Big5_Solaris
3417:             1             24  sun.nio.cs.ext.EUC_CN
3418:             1             24  sun.nio.cs.ext.EUC_JP
3419:             1             24  sun.nio.cs.ext.EUC_JP_LINUX
3420:             1             24  sun.nio.cs.ext.EUC_JP_Open
3421:             1             24  sun.nio.cs.ext.EUC_TW
3422:             1             24  sun.nio.cs.ext.GB18030
3423:             1             24  sun.nio.cs.ext.GBK
3424:             1             24  sun.nio.cs.ext.IBM037
3425:             1             24  sun.nio.cs.ext.IBM1006
3426:             1             24  sun.nio.cs.ext.IBM1025
3427:             1             24  sun.nio.cs.ext.IBM1026
3428:             1             24  sun.nio.cs.ext.IBM1046
3429:             1             24  sun.nio.cs.ext.IBM1047
3430:             1             24  sun.nio.cs.ext.IBM1097
3431:             1             24  sun.nio.cs.ext.IBM1098
3432:             1             24  sun.nio.cs.ext.IBM1112
3433:             1             24  sun.nio.cs.ext.IBM1122
3434:             1             24  sun.nio.cs.ext.IBM1123
3435:             1             24  sun.nio.cs.ext.IBM1124
3436:             1             24  sun.nio.cs.ext.IBM1140
3437:             1             24  sun.nio.cs.ext.IBM1141
3438:             1             24  sun.nio.cs.ext.IBM1142
3439:             1             24  sun.nio.cs.ext.IBM1143
3440:             1             24  sun.nio.cs.ext.IBM1144
3441:             1             24  sun.nio.cs.ext.IBM1145
3442:             1             24  sun.nio.cs.ext.IBM1146
3443:             1             24  sun.nio.cs.ext.IBM1147
3444:             1             24  sun.nio.cs.ext.IBM1148
3445:             1             24  sun.nio.cs.ext.IBM1149
3446:             1             24  sun.nio.cs.ext.IBM1166
3447:             1             24  sun.nio.cs.ext.IBM1364
3448:             1             24  sun.nio.cs.ext.IBM1381
3449:             1             24  sun.nio.cs.ext.IBM1383
3450:             1             24  sun.nio.cs.ext.IBM273
3451:             1             24  sun.nio.cs.ext.IBM277
3452:             1             24  sun.nio.cs.ext.IBM278
3453:             1             24  sun.nio.cs.ext.IBM280
3454:             1             24  sun.nio.cs.ext.IBM284
3455:             1             24  sun.nio.cs.ext.IBM285
3456:             1             24  sun.nio.cs.ext.IBM290
3457:             1             24  sun.nio.cs.ext.IBM297
3458:             1             24  sun.nio.cs.ext.IBM300
3459:             1             24  sun.nio.cs.ext.IBM33722
3460:             1             24  sun.nio.cs.ext.IBM420
3461:             1             24  sun.nio.cs.ext.IBM424
3462:             1             24  sun.nio.cs.ext.IBM500
3463:             1             24  sun.nio.cs.ext.IBM833
3464:             1             24  sun.nio.cs.ext.IBM834
3465:             1             24  sun.nio.cs.ext.IBM838
3466:             1             24  sun.nio.cs.ext.IBM856
3467:             1             24  sun.nio.cs.ext.IBM860
3468:             1             24  sun.nio.cs.ext.IBM861
3469:             1             24  sun.nio.cs.ext.IBM863
3470:             1             24  sun.nio.cs.ext.IBM864
3471:             1             24  sun.nio.cs.ext.IBM865
3472:             1             24  sun.nio.cs.ext.IBM868
3473:             1             24  sun.nio.cs.ext.IBM869
3474:             1             24  sun.nio.cs.ext.IBM870
3475:             1             24  sun.nio.cs.ext.IBM871
3476:             1             24  sun.nio.cs.ext.IBM875
3477:             1             24  sun.nio.cs.ext.IBM918
3478:             1             24  sun.nio.cs.ext.IBM921
3479:             1             24  sun.nio.cs.ext.IBM922
3480:             1             24  sun.nio.cs.ext.IBM930
3481:             1             24  sun.nio.cs.ext.IBM933
3482:             1             24  sun.nio.cs.ext.IBM935
3483:             1             24  sun.nio.cs.ext.IBM937
3484:             1             24  sun.nio.cs.ext.IBM939
3485:             1             24  sun.nio.cs.ext.IBM942
3486:             1             24  sun.nio.cs.ext.IBM942C
3487:             1             24  sun.nio.cs.ext.IBM943
3488:             1             24  sun.nio.cs.ext.IBM943C
3489:             1             24  sun.nio.cs.ext.IBM948
3490:             1             24  sun.nio.cs.ext.IBM949
3491:             1             24  sun.nio.cs.ext.IBM949C
3492:             1             24  sun.nio.cs.ext.IBM950
3493:             1             24  sun.nio.cs.ext.IBM964
3494:             1             24  sun.nio.cs.ext.IBM970
3495:             1             24  sun.nio.cs.ext.ISCII91
3496:             1             24  sun.nio.cs.ext.ISO2022_CN
3497:             1             24  sun.nio.cs.ext.ISO2022_CN_CNS
3498:             1             24  sun.nio.cs.ext.ISO2022_CN_GB
3499:             1             24  sun.nio.cs.ext.ISO2022_JP
3500:             1             24  sun.nio.cs.ext.ISO2022_JP_2
3501:             1             24  sun.nio.cs.ext.ISO2022_KR
3502:             1             24  sun.nio.cs.ext.ISO_8859_11
3503:             1             24  sun.nio.cs.ext.ISO_8859_3
3504:             1             24  sun.nio.cs.ext.ISO_8859_6
3505:             1             24  sun.nio.cs.ext.ISO_8859_8
3506:             1             24  sun.nio.cs.ext.JISAutoDetect
3507:             1             24  sun.nio.cs.ext.JIS_X_0201
3508:             1             24  sun.nio.cs.ext.JIS_X_0208
3509:             1             24  sun.nio.cs.ext.JIS_X_0212
3510:             1             24  sun.nio.cs.ext.Johab
3511:             1             24  sun.nio.cs.ext.MS1255
3512:             1             24  sun.nio.cs.ext.MS1256
3513:             1             24  sun.nio.cs.ext.MS1258
3514:             1             24  sun.nio.cs.ext.MS50220
3515:             1             24  sun.nio.cs.ext.MS50221
3516:             1             24  sun.nio.cs.ext.MS874
3517:             1             24  sun.nio.cs.ext.MS932
3518:             1             24  sun.nio.cs.ext.MS932_0213
3519:             1             24  sun.nio.cs.ext.MS936
3520:             1             24  sun.nio.cs.ext.MS949
3521:             1             24  sun.nio.cs.ext.MS950
3522:             1             24  sun.nio.cs.ext.MS950_HKSCS
3523:             1             24  sun.nio.cs.ext.MS950_HKSCS_XP
3524:             1             24  sun.nio.cs.ext.MSISO2022JP
3525:             1             24  sun.nio.cs.ext.MacArabic
3526:             1             24  sun.nio.cs.ext.MacCentralEurope
3527:             1             24  sun.nio.cs.ext.MacCroatian
3528:             1             24  sun.nio.cs.ext.MacCyrillic
3529:             1             24  sun.nio.cs.ext.MacDingbat
3530:             1             24  sun.nio.cs.ext.MacGreek
3531:             1             24  sun.nio.cs.ext.MacHebrew
3532:             1             24  sun.nio.cs.ext.MacIceland
3533:             1             24  sun.nio.cs.ext.MacRoman
3534:             1             24  sun.nio.cs.ext.MacRomania
3535:             1             24  sun.nio.cs.ext.MacSymbol
3536:             1             24  sun.nio.cs.ext.MacThai
3537:             1             24  sun.nio.cs.ext.MacTurkish
3538:             1             24  sun.nio.cs.ext.MacUkraine
3539:             1             24  sun.nio.cs.ext.PCK
3540:             1             24  sun.nio.cs.ext.SJIS
3541:             1             24  sun.nio.cs.ext.SJIS_0213
3542:             1             24  sun.nio.cs.ext.TIS_620
3543:             1             24  sun.nio.fs.WindowsSecurityDescriptor
3544:             1             24  sun.reflect.annotation.TypeAnnotation$LocationInfo
3545:             1             24  sun.rmi.runtime.RuntimeUtil$1
3546:             1             24  sun.rmi.transport.DGCImpl
3547:             1             24  sun.rmi.transport.SequenceEntry
3548:             1             24  sun.security.action.GetPropertyAction
3549:             1             24  sun.security.ssl.AppInputStream
3550:             1             24  sun.security.ssl.AppOutputStream
3551:             1             24  sun.security.ssl.MAC
3552:             1             24  sun.security.ssl.SupportedEllipticPointFormatsExtension
3553:             1             24  sun.security.validator.EndEntityChecker
3554:             1             24  sun.security.x509.Extension
3555:             1             24  sun.util.locale.BaseLocale$Cache
3556:             1             24  sun.util.locale.provider.BreakIteratorProviderImpl
3557:             1             24  sun.util.locale.provider.CalendarDataProviderImpl
3558:             1             24  sun.util.locale.provider.CalendarNameProviderImpl
3559:             1             24  sun.util.locale.provider.CalendarProviderImpl
3560:             1             24  sun.util.locale.provider.CurrencyNameProviderImpl
3561:             1             24  sun.util.locale.provider.DateFormatSymbolsProviderImpl
3562:             1             24  sun.util.locale.provider.DecimalFormatSymbolsProviderImpl
3563:             1             24  sun.util.locale.provider.NumberFormatProviderImpl
3564:             1             24  sun.util.locale.provider.TimeZoneNameProviderImpl
3565:             1             24  sun.util.logging.PlatformLogger
3566:             1             24  sun.util.logging.PlatformLogger$JavaLoggerProxy
3567:             1             16  [Lch.qos.logback.core.filter.Filter;
3568:             1             16  [Lcom.alibaba.fastjson.serializer.SerializeFilter;
3569:             1             16  [Lcom.fasterxml.classmate.members.RawConstructor;
3570:             1             16  [Lcom.fasterxml.classmate.members.RawField;
3571:             1             16  [Lcom.fasterxml.classmate.members.RawMethod;
3572:             1             16  [Lcom.fasterxml.jackson.databind.AbstractTypeResolver;
3573:             1             16  [Lcom.fasterxml.jackson.databind.deser.BeanDeserializerModifier;
3574:             1             16  [Lcom.fasterxml.jackson.databind.ser.BeanSerializerModifier;
3575:             1             16  [Lcom.fasterxml.jackson.databind.util.ClassUtil$Ctor;
3576:             1             16  [Lcom.zeroturnaround.javarebel.bny;
3577:             1             16  [Ljava.beans.EventSetDescriptor;
3578:             1             16  [Ljava.lang.Double;
3579:             1             16  [Ljava.lang.Float;
3580:             1             16  [Ljava.lang.reflect.AnnotatedType;
3581:             1             16  [Ljava.nio.file.attribute.FileAttribute;
3582:             1             16  [Ljava.security.Provider;
3583:             1             16  [Ljava.text.FieldPosition;
3584:             1             16  [Ljava.time.LocalDateTime;
3585:             1             16  [Ljava.time.zone.ZoneOffsetTransitionRule;
3586:             1             16  [Ljava.util.logging.Handler;
3587:             1             16  [Lorg.apache.catalina.core.DefaultInstanceManager$AnnotationCacheEntry;
3588:             1             16  [Lorg.apache.catalina.servlets.DefaultServlet$CompressionFormat;
3589:             1             16  [Lorg.apache.tomcat.util.descriptor.web.ApplicationParameter;
3590:             1             16  [Lorg.apache.tomcat.util.descriptor.web.SecurityConstraint;
3591:             1             16  [Lorg.springframework.aop.Advisor;
3592:             1             16  [Lorg.springframework.web.context.request.async.CallableProcessingInterceptor;
3593:             1             16  [Lorg.springframework.web.context.request.async.DeferredResultProcessingInterceptor;
3594:             1             16  [Lorg.zeroturnaround.javarebel.Resource;
3595:             1             16  [Lsun.instrument.TransformerManager$TransformerInfo;
3596:             1             16  [Lsun.reflect.annotation.TypeAnnotation$LocationInfo$Location;
3597:             1             16  ch.qos.logback.classic.pattern.EnsureExceptionHandling
3598:             1             16  ch.qos.logback.classic.pattern.TargetLengthBasedClassNameAbbreviator
3599:             1             16  ch.qos.logback.classic.selector.DefaultContextSelector
3600:             1             16  ch.qos.logback.classic.util.ContextInitializer
3601:             1             16  ch.qos.logback.core.LifeCycleManager
3602:             1             16  ch.qos.logback.core.joran.spi.ConsoleTarget$1
3603:             1             16  ch.qos.logback.core.joran.spi.ConsoleTarget$2
3604:             1             16  ch.qos.logback.core.spi.AppenderAttachableImpl
3605:             1             16  ch.qos.logback.core.spi.FilterAttachableImpl
3606:             1             16  com.alibaba.fastjson.parser.deserializer.JavaObjectDeserializer
3607:             1             16  com.alibaba.fastjson.parser.deserializer.MapDeserializer
3608:             1             16  com.alibaba.fastjson.parser.deserializer.NumberDeserializer
3609:             1             16  com.alibaba.fastjson.parser.deserializer.StackTraceElementDeserializer
3610:             1             16  com.alibaba.fastjson.parser.deserializer.TimeDeserializer
3611:             1             16  com.alibaba.fastjson.serializer.AppendableSerializer
3612:             1             16  com.alibaba.fastjson.serializer.AtomicCodec
3613:             1             16  com.alibaba.fastjson.serializer.BigDecimalCodec
3614:             1             16  com.alibaba.fastjson.serializer.BigIntegerCodec
3615:             1             16  com.alibaba.fastjson.serializer.BooleanCodec
3616:             1             16  com.alibaba.fastjson.serializer.CalendarCodec
3617:             1             16  com.alibaba.fastjson.serializer.CharArrayCodec
3618:             1             16  com.alibaba.fastjson.serializer.CharacterCodec
3619:             1             16  com.alibaba.fastjson.serializer.CollectionCodec
3620:             1             16  com.alibaba.fastjson.serializer.DateCodec
3621:             1             16  com.alibaba.fastjson.serializer.DoubleSerializer
3622:             1             16  com.alibaba.fastjson.serializer.FloatCodec
3623:             1             16  com.alibaba.fastjson.serializer.IntegerCodec
3624:             1             16  com.alibaba.fastjson.serializer.LongCodec
3625:             1             16  com.alibaba.fastjson.serializer.ObjectArrayCodec
3626:             1             16  com.alibaba.fastjson.serializer.PrimitiveArraySerializer
3627:             1             16  com.alibaba.fastjson.serializer.ReferenceCodec
3628:             1             16  com.alibaba.fastjson.serializer.StringCodec
3629:             1             16  com.alibaba.fastjson.serializer.ToStringSerializer
3630:             1             16  com.alibaba.fastjson.support.spring.FastJsonViewResponseBodyAdvice
3631:             1             16  com.alibaba.fastjson.support.spring.FastJsonpResponseBodyAdvice
3632:             1             16  com.alibaba.fastjson.support.spring.JSONPResponseBodyAdvice
3633:             1             16  com.fasterxml.classmate.TypeResolver
3634:             1             16  com.fasterxml.jackson.core.util.DefaultPrettyPrinter$FixedSpaceIndenter
3635:             1             16  com.fasterxml.jackson.core.util.DefaultPrettyPrinter$NopIndenter
3636:             1             16  com.fasterxml.jackson.databind.deser.std.StdKeyDeserializers
3637:             1             16  com.fasterxml.jackson.databind.deser.std.StringDeserializer
3638:             1             16  com.fasterxml.jackson.databind.ext.Java7SupportImpl
3639:             1             16  com.fasterxml.jackson.databind.ext.OptionalHandlerFactory
3640:             1             16  com.fasterxml.jackson.databind.introspect.AnnotationCollector$EmptyCollector
3641:             1             16  com.fasterxml.jackson.databind.introspect.AnnotationCollector$NoAnnotations
3642:             1             16  com.fasterxml.jackson.databind.introspect.NopAnnotationIntrospector$1
3643:             1             16  com.fasterxml.jackson.databind.ser.impl.UnknownSerializer
3644:             1             16  com.fasterxml.jackson.databind.ser.std.NullSerializer
3645:             1             16  com.fasterxml.jackson.databind.ser.std.StdKeySerializer
3646:             1             16  com.fasterxml.jackson.databind.ser.std.StdKeySerializers$StringKeySerializer
3647:             1             16  com.fasterxml.jackson.databind.ser.std.StringSerializer
3648:             1             16  com.fasterxml.jackson.databind.ser.std.UUIDSerializer
3649:             1             16  com.fasterxml.jackson.datatype.jsr310.deser.DurationDeserializer
3650:             1             16  com.fasterxml.jackson.datatype.jsr310.deser.InstantDeserializer$$Lambda$115/1568667802
3651:             1             16  com.fasterxml.jackson.datatype.jsr310.deser.InstantDeserializer$$Lambda$118/645486081
3652:             1             16  com.fasterxml.jackson.datatype.jsr310.deser.InstantDeserializer$$Lambda$119/496965756
3653:             1             16  com.fasterxml.jackson.datatype.jsr310.deser.InstantDeserializer$$Lambda$120/1071072905
3654:             1             16  com.fasterxml.jackson.datatype.jsr310.deser.InstantDeserializer$$Lambda$121/1517221367
3655:             1             16  com.fasterxml.jackson.datatype.jsr310.deser.InstantDeserializer$$Lambda$122/1567177744
3656:             1             16  com.fasterxml.jackson.datatype.jsr310.deser.InstantDeserializer$$Lambda$123/1166456511
3657:             1             16  com.fasterxml.jackson.datatype.jsr310.deser.InstantDeserializer$$Lambda$124/1080050568
3658:             1             16  com.fasterxml.jackson.datatype.jsr310.deser.InstantDeserializer$$Lambda$125/1837946686
3659:             1             16  com.fasterxml.jackson.datatype.jsr310.deser.InstantDeserializer$$Lambda$126/2031222563
3660:             1             16  com.fasterxml.jackson.datatype.jsr310.deser.InstantDeserializer$$Lambda$127/164797936
3661:             1             16  com.fasterxml.jackson.datatype.jsr310.deser.InstantDeserializer$$Lambda$128/1265427265
3662:             1             16  com.fasterxml.jackson.datatype.jsr310.deser.key.DurationKeyDeserializer
3663:             1             16  com.fasterxml.jackson.datatype.jsr310.deser.key.InstantKeyDeserializer
3664:             1             16  com.fasterxml.jackson.datatype.jsr310.deser.key.LocalDateKeyDeserializer
3665:             1             16  com.fasterxml.jackson.datatype.jsr310.deser.key.LocalDateTimeKeyDeserializer
3666:             1             16  com.fasterxml.jackson.datatype.jsr310.deser.key.LocalTimeKeyDeserializer
3667:             1             16  com.fasterxml.jackson.datatype.jsr310.deser.key.MonthDayKeyDeserializer
3668:             1             16  com.fasterxml.jackson.datatype.jsr310.deser.key.OffsetDateTimeKeyDeserializer
3669:             1             16  com.fasterxml.jackson.datatype.jsr310.deser.key.OffsetTimeKeyDeserializer
3670:             1             16  com.fasterxml.jackson.datatype.jsr310.deser.key.PeriodKeyDeserializer
3671:             1             16  com.fasterxml.jackson.datatype.jsr310.deser.key.YearKeyDeserializer
3672:             1             16  com.fasterxml.jackson.datatype.jsr310.deser.key.YearMothKeyDeserializer
3673:             1             16  com.fasterxml.jackson.datatype.jsr310.deser.key.ZoneIdKeyDeserializer
3674:             1             16  com.fasterxml.jackson.datatype.jsr310.deser.key.ZoneOffsetKeyDeserializer
3675:             1             16  com.fasterxml.jackson.datatype.jsr310.deser.key.ZonedDateTimeKeyDeserializer
3676:             1             16  com.fasterxml.jackson.datatype.jsr310.ser.InstantSerializer$$Lambda$130/1502019690
3677:             1             16  com.fasterxml.jackson.datatype.jsr310.ser.InstantSerializer$$Lambda$131/1494661298
3678:             1             16  com.fasterxml.jackson.datatype.jsr310.ser.InstantSerializer$$Lambda$132/1209591472
3679:             1             16  com.fasterxml.jackson.datatype.jsr310.ser.OffsetDateTimeSerializer$$Lambda$133/381118726
3680:             1             16  com.fasterxml.jackson.datatype.jsr310.ser.OffsetDateTimeSerializer$$Lambda$134/968862427
3681:             1             16  com.fasterxml.jackson.datatype.jsr310.ser.OffsetDateTimeSerializer$$Lambda$135/190256056
3682:             1             16  com.fasterxml.jackson.datatype.jsr310.ser.ZonedDateTimeSerializer$$Lambda$136/998099417
3683:             1             16  com.fasterxml.jackson.datatype.jsr310.ser.ZonedDateTimeSerializer$$Lambda$137/873468021
3684:             1             16  com.fasterxml.jackson.datatype.jsr310.ser.ZonedDateTimeSerializer$$Lambda$138/688582491
3685:             1             16  com.fasterxml.jackson.datatype.jsr310.ser.key.ZonedDateTimeKeySerializer
3686:             1             16  com.fasterxml.jackson.module.paramnames.ParameterExtractor
3687:             1             16  com.intellij.openapi.util.io.win32.IdeaWin32
3688:             1             16  com.mysql.cj.jdbc.AbandonedConnectionCleanupThread
3689:             1             16  com.mysql.cj.jdbc.AbandonedConnectionCleanupThread$1
3690:             1             16  com.mysql.cj.jdbc.Driver
3691:             1             16  com.sun.jmx.interceptor.DefaultMBeanServerInterceptor$ResourceContext$1
3692:             1             16  com.sun.jmx.mbeanserver.DefaultMXBeanMappingFactory
3693:             1             16  com.sun.jmx.mbeanserver.DescriptorCache
3694:             1             16  com.sun.jmx.mbeanserver.MBeanAnalyzer$MethodOrder
3695:             1             16  com.sun.jmx.mbeanserver.MBeanInstantiator
3696:             1             16  com.sun.jmx.mbeanserver.MXBeanIntrospector
3697:             1             16  com.sun.jmx.mbeanserver.SecureClassLoaderRepository
3698:             1             16  com.sun.jmx.mbeanserver.StandardMBeanIntrospector
3699:             1             16  com.sun.jmx.remote.protocol.iiop.IIOPProxyImpl
3700:             1             16  com.sun.naming.internal.VersionHelper12
3701:             1             16  com.sun.org.apache.xalan.internal.utils.SecuritySupport
3702:             1             16  com.sun.org.apache.xerces.internal.impl.dv.dtd.DTDDVFactoryImpl
3703:             1             16  com.sun.org.apache.xerces.internal.impl.dv.dtd.IDDatatypeValidator
3704:             1             16  com.sun.org.apache.xerces.internal.impl.dv.dtd.IDREFDatatypeValidator
3705:             1             16  com.sun.org.apache.xerces.internal.impl.dv.dtd.NMTOKENDatatypeValidator
3706:             1             16  com.sun.org.apache.xerces.internal.impl.dv.dtd.NOTATIONDatatypeValidator
3707:             1             16  com.sun.org.apache.xerces.internal.impl.dv.dtd.StringDatatypeValidator
3708:             1             16  com.sun.org.apache.xerces.internal.parsers.AbstractSAXParser$AttributesProxy
3709:             1             16  com.sun.org.apache.xerces.internal.util.EntityResolver2Wrapper
3710:             1             16  com.sun.org.apache.xerces.internal.util.ErrorHandlerWrapper
3711:             1             16  com.sun.org.apache.xerces.internal.utils.SecuritySupport
3712:             1             16  com.sun.proxy.$Proxy12
3713:             1             16  com.sun.proxy.$Proxy13
3714:             1             16  com.sun.proxy.$Proxy17
3715:             1             16  com.sun.proxy.$Proxy18
3716:             1             16  com.sun.proxy.$Proxy20
3717:             1             16  com.sun.proxy.$Proxy23
3718:             1             16  com.sun.proxy.$Proxy29
3719:             1             16  com.sun.proxy.$Proxy45
3720:             1             16  com.sun.proxy.$Proxy48
3721:             1             16  com.sun.proxy.$Proxy53
3722:             1             16  com.sysmin.controller.IndexController
3723:             1             16  com.sysmin.controller.jvm.JvmHandlerController$$Lambda$469/878876737
3724:             1             16  com.sysmin.core.jvm.service.impl.JinfoImpl
3725:             1             16  com.sysmin.core.jvm.service.impl.JmapImpl
3726:             1             16  com.sysmin.core.jvm.service.impl.JpsImpl
3727:             1             16  com.sysmin.core.jvm.service.impl.JpsImpl$$M$_jr_2EAFFFDEFB8067EE_4
3728:             1             16  com.sysmin.core.jvm.service.impl.JstackImpl
3729:             1             16  com.sysmin.core.linux.defult.service.impl.BaseImpl
3730:             1             16  com.sysmin.core.linux.defult.service.impl.ShImpl
3731:             1             16  com.sysmin.core.linux.net.service.impl.NetInfoImpl
3732:             1             16  com.sysmin.core.linux.process.service.impl.ProcessImpl
3733:             1             16  com.sysmin.core.linux.service.service.impl.ServiceImpl
3734:             1             16  com.sysmin.core.system.service.impl.DiskImpl
3735:             1             16  com.sysmin.core.system.service.impl.UpTimeImpl
3736:             1             16  com.zeroturnaround.javarebel.SDKReloaderImpl
3737:             1             16  com.zeroturnaround.javarebel.aav
3738:             1             16  com.zeroturnaround.javarebel.abd
3739:             1             16  com.zeroturnaround.javarebel.abv
3740:             1             16  com.zeroturnaround.javarebel.acj
3741:             1             16  com.zeroturnaround.javarebel.adb
3742:             1             16  com.zeroturnaround.javarebel.adj
3743:             1             16  com.zeroturnaround.javarebel.agn
3744:             1             16  com.zeroturnaround.javarebel.agx
3745:             1             16  com.zeroturnaround.javarebel.ai
3746:             1             16  com.zeroturnaround.javarebel.ak
3747:             1             16  com.zeroturnaround.javarebel.aq
3748:             1             16  com.zeroturnaround.javarebel.ar
3749:             1             16  com.zeroturnaround.javarebel.as
3750:             1             16  com.zeroturnaround.javarebel.aspectj.AspectJPlugin
3751:             1             16  com.zeroturnaround.javarebel.bl
3752:             1             16  com.zeroturnaround.javarebel.bn
3753:             1             16  com.zeroturnaround.javarebel.bo
3754:             1             16  com.zeroturnaround.javarebel.bq
3755:             1             16  com.zeroturnaround.javarebel.bsz
3756:             1             16  com.zeroturnaround.javarebel.bwu
3757:             1             16  com.zeroturnaround.javarebel.bww
3758:             1             16  com.zeroturnaround.javarebel.bwx
3759:             1             16  com.zeroturnaround.javarebel.bx
3760:             1             16  com.zeroturnaround.javarebel.bxh
3761:             1             16  com.zeroturnaround.javarebel.bxr
3762:             1             16  com.zeroturnaround.javarebel.byz
3763:             1             16  com.zeroturnaround.javarebel.bzc
3764:             1             16  com.zeroturnaround.javarebel.bze
3765:             1             16  com.zeroturnaround.javarebel.cbh
3766:             1             16  com.zeroturnaround.javarebel.cbm
3767:             1             16  com.zeroturnaround.javarebel.cbr
3768:             1             16  com.zeroturnaround.javarebel.cdd
3769:             1             16  com.zeroturnaround.javarebel.cdo
3770:             1             16  com.zeroturnaround.javarebel.ceq
3771:             1             16  com.zeroturnaround.javarebel.cf
3772:             1             16  com.zeroturnaround.javarebel.cfl
3773:             1             16  com.zeroturnaround.javarebel.cfn
3774:             1             16  com.zeroturnaround.javarebel.cfo
3775:             1             16  com.zeroturnaround.javarebel.cfp
3776:             1             16  com.zeroturnaround.javarebel.cfq
3777:             1             16  com.zeroturnaround.javarebel.cgo
3778:             1             16  com.zeroturnaround.javarebel.cgp
3779:             1             16  com.zeroturnaround.javarebel.cgq
3780:             1             16  com.zeroturnaround.javarebel.cgr
3781:             1             16  com.zeroturnaround.javarebel.cgu
3782:             1             16  com.zeroturnaround.javarebel.cgy
3783:             1             16  com.zeroturnaround.javarebel.cgz
3784:             1             16  com.zeroturnaround.javarebel.chl
3785:             1             16  com.zeroturnaround.javarebel.ck
3786:             1             16  com.zeroturnaround.javarebel.cn
3787:             1             16  com.zeroturnaround.javarebel.cpa
3788:             1             16  com.zeroturnaround.javarebel.cq
3789:             1             16  com.zeroturnaround.javarebel.ct
3790:             1             16  com.zeroturnaround.javarebel.cu
3791:             1             16  com.zeroturnaround.javarebel.cv
3792:             1             16  com.zeroturnaround.javarebel.cw
3793:             1             16  com.zeroturnaround.javarebel.cx
3794:             1             16  com.zeroturnaround.javarebel.cy
3795:             1             16  com.zeroturnaround.javarebel.cz
3796:             1             16  com.zeroturnaround.javarebel.da
3797:             1             16  com.zeroturnaround.javarebel.db
3798:             1             16  com.zeroturnaround.javarebel.dc
3799:             1             16  com.zeroturnaround.javarebel.de
3800:             1             16  com.zeroturnaround.javarebel.dk
3801:             1             16  com.zeroturnaround.javarebel.dm
3802:             1             16  com.zeroturnaround.javarebel.dn
3803:             1             16  com.zeroturnaround.javarebel.dq
3804:             1             16  com.zeroturnaround.javarebel.du
3805:             1             16  com.zeroturnaround.javarebel.dv
3806:             1             16  com.zeroturnaround.javarebel.dw
3807:             1             16  com.zeroturnaround.javarebel.ea
3808:             1             16  com.zeroturnaround.javarebel.ed
3809:             1             16  com.zeroturnaround.javarebel.ee
3810:             1             16  com.zeroturnaround.javarebel.ef
3811:             1             16  com.zeroturnaround.javarebel.eh
3812:             1             16  com.zeroturnaround.javarebel.ek
3813:             1             16  com.zeroturnaround.javarebel.em
3814:             1             16  com.zeroturnaround.javarebel.en
3815:             1             16  com.zeroturnaround.javarebel.er
3816:             1             16  com.zeroturnaround.javarebel.et
3817:             1             16  com.zeroturnaround.javarebel.ev
3818:             1             16  com.zeroturnaround.javarebel.fa
3819:             1             16  com.zeroturnaround.javarebel.fcb
3820:             1             16  com.zeroturnaround.javarebel.fcs
3821:             1             16  com.zeroturnaround.javarebel.fn
3822:             1             16  com.zeroturnaround.javarebel.ft
3823:             1             16  com.zeroturnaround.javarebel.ggf
3824:             1             16  com.zeroturnaround.javarebel.ghh
3825:             1             16  com.zeroturnaround.javarebel.ghi
3826:             1             16  com.zeroturnaround.javarebel.ghr
3827:             1             16  com.zeroturnaround.javarebel.ghs
3828:             1             16  com.zeroturnaround.javarebel.gkx
3829:             1             16  com.zeroturnaround.javarebel.gkz
3830:             1             16  com.zeroturnaround.javarebel.gld
3831:             1             16  com.zeroturnaround.javarebel.gle
3832:             1             16  com.zeroturnaround.javarebel.glf
3833:             1             16  com.zeroturnaround.javarebel.glg
3834:             1             16  com.zeroturnaround.javarebel.glh
3835:             1             16  com.zeroturnaround.javarebel.glk
3836:             1             16  com.zeroturnaround.javarebel.gln
3837:             1             16  com.zeroturnaround.javarebel.glx
3838:             1             16  com.zeroturnaround.javarebel.gpv
3839:             1             16  com.zeroturnaround.javarebel.gpw
3840:             1             16  com.zeroturnaround.javarebel.gpx
3841:             1             16  com.zeroturnaround.javarebel.gpy
3842:             1             16  com.zeroturnaround.javarebel.gpz
3843:             1             16  com.zeroturnaround.javarebel.gqa
3844:             1             16  com.zeroturnaround.javarebel.gqb
3845:             1             16  com.zeroturnaround.javarebel.gqh
3846:             1             16  com.zeroturnaround.javarebel.gqi
3847:             1             16  com.zeroturnaround.javarebel.gqj
3848:             1             16  com.zeroturnaround.javarebel.gqk
3849:             1             16  com.zeroturnaround.javarebel.gqm
3850:             1             16  com.zeroturnaround.javarebel.gqo
3851:             1             16  com.zeroturnaround.javarebel.gqp
3852:             1             16  com.zeroturnaround.javarebel.gqq
3853:             1             16  com.zeroturnaround.javarebel.gqs
3854:             1             16  com.zeroturnaround.javarebel.gqv
3855:             1             16  com.zeroturnaround.javarebel.gqx
3856:             1             16  com.zeroturnaround.javarebel.gqy
3857:             1             16  com.zeroturnaround.javarebel.gqz
3858:             1             16  com.zeroturnaround.javarebel.gra
3859:             1             16  com.zeroturnaround.javarebel.grb
3860:             1             16  com.zeroturnaround.javarebel.grc
3861:             1             16  com.zeroturnaround.javarebel.grd
3862:             1             16  com.zeroturnaround.javarebel.grg
3863:             1             16  com.zeroturnaround.javarebel.grk
3864:             1             16  com.zeroturnaround.javarebel.grn
3865:             1             16  com.zeroturnaround.javarebel.grp
3866:             1             16  com.zeroturnaround.javarebel.grr
3867:             1             16  com.zeroturnaround.javarebel.grs
3868:             1             16  com.zeroturnaround.javarebel.grv
3869:             1             16  com.zeroturnaround.javarebel.gtj
3870:             1             16  com.zeroturnaround.javarebel.gtk
3871:             1             16  com.zeroturnaround.javarebel.gtz
3872:             1             16  com.zeroturnaround.javarebel.gub
3873:             1             16  com.zeroturnaround.javarebel.guice.GuicePlugin
3874:             1             16  com.zeroturnaround.javarebel.gwd
3875:             1             16  com.zeroturnaround.javarebel.gye
3876:             1             16  com.zeroturnaround.javarebel.gyg
3877:             1             16  com.zeroturnaround.javarebel.gyh
3878:             1             16  com.zeroturnaround.javarebel.gyk
3879:             1             16  com.zeroturnaround.javarebel.had
3880:             1             16  com.zeroturnaround.javarebel.hn
3881:             1             16  com.zeroturnaround.javarebel.ho
3882:             1             16  com.zeroturnaround.javarebel.hu
3883:             1             16  com.zeroturnaround.javarebel.hv
3884:             1             16  com.zeroturnaround.javarebel.hw
3885:             1             16  com.zeroturnaround.javarebel.ih
3886:             1             16  com.zeroturnaround.javarebel.ii
3887:             1             16  com.zeroturnaround.javarebel.ij
3888:             1             16  com.zeroturnaround.javarebel.ik
3889:             1             16  com.zeroturnaround.javarebel.il
3890:             1             16  com.zeroturnaround.javarebel.internalsdk.ClassBytecodeProcessorIntegrationImpl
3891:             1             16  com.zeroturnaround.javarebel.internalsdk.PluginIntegrationImpl
3892:             1             16  com.zeroturnaround.javarebel.internalsdk.ServletContextIntegrationImpl
3893:             1             16  com.zeroturnaround.javarebel.iu
3894:             1             16  com.zeroturnaround.javarebel.ix
3895:             1             16  com.zeroturnaround.javarebel.iz
3896:             1             16  com.zeroturnaround.javarebel.jf
3897:             1             16  com.zeroturnaround.javarebel.ji
3898:             1             16  com.zeroturnaround.javarebel.jl
3899:             1             16  com.zeroturnaround.javarebel.jn
3900:             1             16  com.zeroturnaround.javarebel.jo
3901:             1             16  com.zeroturnaround.javarebel.js
3902:             1             16  com.zeroturnaround.javarebel.jt
3903:             1             16  com.zeroturnaround.javarebel.kh
3904:             1             16  com.zeroturnaround.javarebel.ll
3905:             1             16  com.zeroturnaround.javarebel.mi
3906:             1             16  com.zeroturnaround.javarebel.ms
3907:             1             16  com.zeroturnaround.javarebel.mu
3908:             1             16  com.zeroturnaround.javarebel.mx
3909:             1             16  com.zeroturnaround.javarebel.n
3910:             1             16  com.zeroturnaround.javarebel.nk
3911:             1             16  com.zeroturnaround.javarebel.nl
3912:             1             16  com.zeroturnaround.javarebel.nm
3913:             1             16  com.zeroturnaround.javarebel.os
3914:             1             16  com.zeroturnaround.javarebel.ot
3915:             1             16  com.zeroturnaround.javarebel.pc
3916:             1             16  com.zeroturnaround.javarebel.pf
3917:             1             16  com.zeroturnaround.javarebel.pj
3918:             1             16  com.zeroturnaround.javarebel.pn
3919:             1             16  com.zeroturnaround.javarebel.pz
3920:             1             16  com.zeroturnaround.javarebel.rn
3921:             1             16  com.zeroturnaround.javarebel.tg
3922:             1             16  com.zeroturnaround.javarebel.th
3923:             1             16  com.zeroturnaround.javarebel.tk
3924:             1             16  com.zeroturnaround.javarebel.tl
3925:             1             16  com.zeroturnaround.javarebel.ud
3926:             1             16  com.zeroturnaround.javarebel.us
3927:             1             16  com.zeroturnaround.javarebel.uz
3928:             1             16  com.zeroturnaround.javarebel.vc
3929:             1             16  com.zeroturnaround.javarebel.vd
3930:             1             16  com.zeroturnaround.javarebel.ve
3931:             1             16  com.zeroturnaround.javarebel.vp
3932:             1             16  com.zeroturnaround.javarebel.vq
3933:             1             16  com.zeroturnaround.javarebel.vr
3934:             1             16  com.zeroturnaround.javarebel.w
3935:             1             16  com.zeroturnaround.javarebel.wc
3936:             1             16  com.zeroturnaround.javarebel.wh
3937:             1             16  com.zeroturnaround.javarebel.wm
3938:             1             16  com.zeroturnaround.javarebel.wn
3939:             1             16  com.zeroturnaround.javarebel.wo
3940:             1             16  com.zeroturnaround.javarebel.wp
3941:             1             16  com.zeroturnaround.javarebel.wr
3942:             1             16  com.zeroturnaround.javarebel.wt
3943:             1             16  com.zeroturnaround.javarebel.wv
3944:             1             16  com.zeroturnaround.javarebel.wy
3945:             1             16  com.zeroturnaround.javarebel.wz
3946:             1             16  com.zeroturnaround.javarebel.xd
3947:             1             16  com.zeroturnaround.javarebel.xe
3948:             1             16  com.zeroturnaround.javarebel.xf
3949:             1             16  com.zeroturnaround.javarebel.xg
3950:             1             16  com.zeroturnaround.javarebel.xl
3951:             1             16  com.zeroturnaround.javarebel.xq
3952:             1             16  com.zeroturnaround.javarebel.xt
3953:             1             16  com.zeroturnaround.javarebel.xx
3954:             1             16  com.zeroturnaround.javarebel.yi
3955:             1             16  com.zeroturnaround.javarebel.yk
3956:             1             16  com.zeroturnaround.javarebel.zc
3957:             1             16  com.zeroturnaround.javarebel.zt
3958:             1             16  com.zeroturnaround.jrebel.bundled.org.bouncycastle.jcajce.provider.asymmetric.dsa.KeyFactorySpi
3959:             1             16  com.zeroturnaround.jrebel.bundled.org.bouncycastle.jcajce.provider.asymmetric.elgamal.KeyFactorySpi
3960:             1             16  com.zeroturnaround.jrebel.bundled.org.bouncycastle.jcajce.provider.asymmetric.gost.KeyFactorySpi
3961:             1             16  com.zeroturnaround.jrebel.bundled.org.bouncycastle.jcajce.provider.asymmetric.rsa.KeyFactorySpi
3962:             1             16  com.zeroturnaround.jrebel.bundled.org.slf4j.helpers.NOPLoggerFactory
3963:             1             16  com.zeroturnaround.jrebel.bundled.org.slf4j.helpers.SubstituteLoggerFactory
3964:             1             16  com.zeroturnaround.jrebel.bundled.org.slf4j.impl.StaticLoggerBinder
3965:             1             16  com.zeroturnaround.jrebelbase.facade.as
3966:             1             16  com.zeroturnaround.jrebelbase.facade.s
3967:             1             16  com.zeroturnaround.jrebelbase.reorder.c
3968:             1             16  com.zeroturnaround.licensing.d
3969:             1             16  com.zeroturnaround.reload.ac
3970:             1             16  com.zeroturnaround.reload.af
3971:             1             16  com.zeroturnaround.reload.al
3972:             1             16  com.zeroturnaround.reload.c
3973:             1             16  com.zeroturnaround.reload.i
3974:             1             16  com.zeroturnaround.reload.v
3975:             1             16  java.io.DeleteOnExitHook$1
3976:             1             16  java.io.FileDescriptor$1
3977:             1             16  java.io.ObjectInputStream$$Lambda$7/205494827
3978:             1             16  java.io.ObjectInputStream$1
3979:             1             16  java.lang.ApplicationShutdownHooks$1
3980:             1             16  java.lang.CharacterData00
3981:             1             16  java.lang.CharacterDataLatin1
3982:             1             16  java.lang.InheritableThreadLocal
3983:             1             16  java.lang.ProcessEnvironment$CheckedEntrySet
3984:             1             16  java.lang.ProcessEnvironment$CheckedKeySet
3985:             1             16  java.lang.ProcessEnvironment$EntryComparator
3986:             1             16  java.lang.ProcessEnvironment$NameComparator
3987:             1             16  java.lang.Runtime
3988:             1             16  java.lang.String$CaseInsensitiveComparator
3989:             1             16  java.lang.System$2
3990:             1             16  java.lang.Terminator$1
3991:             1             16  java.lang.invoke.MemberName$Factory
3992:             1             16  java.lang.invoke.MethodHandleImpl$2
3993:             1             16  java.lang.invoke.MethodHandleImpl$3
3994:             1             16  java.lang.management.PlatformComponent$1
3995:             1             16  java.lang.management.PlatformComponent$10
3996:             1             16  java.lang.management.PlatformComponent$11
3997:             1             16  java.lang.management.PlatformComponent$12
3998:             1             16  java.lang.management.PlatformComponent$13
3999:             1             16  java.lang.management.PlatformComponent$14
4000:             1             16  java.lang.management.PlatformComponent$15
4001:             1             16  java.lang.management.PlatformComponent$2
4002:             1             16  java.lang.management.PlatformComponent$3
4003:             1             16  java.lang.management.PlatformComponent$4
4004:             1             16  java.lang.management.PlatformComponent$5
4005:             1             16  java.lang.management.PlatformComponent$6
4006:             1             16  java.lang.management.PlatformComponent$7
4007:             1             16  java.lang.management.PlatformComponent$8
4008:             1             16  java.lang.management.PlatformComponent$9
4009:             1             16  java.lang.ref.Reference$1
4010:             1             16  java.lang.ref.Reference$Lock
4011:             1             16  java.lang.reflect.Proxy$KeyFactory
4012:             1             16  java.lang.reflect.Proxy$ProxyClassFactory
4013:             1             16  java.lang.reflect.ReflectAccess
4014:             1             16  java.math.BigDecimal$1
4015:             1             16  java.net.InetAddress$2
4016:             1             16  java.net.URLClassLoader$7
4017:             1             16  java.nio.Bits$1
4018:             1             16  java.nio.Bits$1$1
4019:             1             16  java.nio.charset.CoderResult$1
4020:             1             16  java.nio.charset.CoderResult$2
4021:             1             16  java.nio.file.Files$AcceptAllFilter
4022:             1             16  java.rmi.server.RMIClassLoader$2
4023:             1             16  java.rmi.server.RemoteObjectInvocationHandler$MethodToHash_Maps
4024:             1             16  java.security.AllPermission
4025:             1             16  java.security.ProtectionDomain$2
4026:             1             16  java.security.ProtectionDomain$JavaSecurityAccessImpl
4027:             1             16  java.text.DontCareFieldPosition$1
4028:             1             16  java.text.MessageFormat$Field
4029:             1             16  java.time.chrono.AbstractChronology$$Lambda$25/337289991
4030:             1             16  java.time.chrono.AbstractChronology$$Lambda$26/1875861984
4031:             1             16  java.time.chrono.AbstractChronology$$Lambda$27/1086540234
4032:             1             16  java.time.chrono.IsoChronology
4033:             1             16  java.time.format.DateTimeFormatter$$Lambda$28/1166969089
4034:             1             16  java.time.format.DateTimeFormatter$$Lambda$29/129012602
4035:             1             16  java.time.format.DateTimeFormatterBuilder$$Lambda$24/1166782206
4036:             1             16  java.time.format.DateTimeFormatterBuilder$2
4037:             1             16  java.time.format.DateTimeFormatterBuilder$InstantPrinterParser
4038:             1             16  java.time.format.DateTimeTextProvider$1
4039:             1             16  java.time.temporal.TemporalQueries$$Lambda$449/1566314202
4040:             1             16  java.time.temporal.TemporalQueries$$Lambda$450/904729801
4041:             1             16  java.time.temporal.TemporalQueries$$Lambda$451/1707416509
4042:             1             16  java.time.temporal.TemporalQueries$$Lambda$452/1078041182
4043:             1             16  java.time.temporal.TemporalQueries$$Lambda$453/259627273
4044:             1             16  java.time.temporal.TemporalQueries$$Lambda$454/1110205352
4045:             1             16  java.time.temporal.TemporalQueries$$Lambda$455/1672075530
4046:             1             16  java.util.Collections$EmptyEnumeration
4047:             1             16  java.util.Collections$EmptyIterator
4048:             1             16  java.util.Collections$EmptyList
4049:             1             16  java.util.Collections$EmptySet
4050:             1             16  java.util.Collections$ReverseComparator
4051:             1             16  java.util.Currency$CurrencyNameGetter
4052:             1             16  java.util.EnumMap$1
4053:             1             16  java.util.EnumMap$Values
4054:             1             16  java.util.IdentityHashMap$EntrySet
4055:             1             16  java.util.IdentityHashMap$Values
4056:             1             16  java.util.ResourceBundle$Control
4057:             1             16  java.util.Spliterators$EmptySpliterator$OfDouble
4058:             1             16  java.util.Spliterators$EmptySpliterator$OfInt
4059:             1             16  java.util.Spliterators$EmptySpliterator$OfLong
4060:             1             16  java.util.Spliterators$EmptySpliterator$OfRef
4061:             1             16  java.util.concurrent.ConcurrentSkipListSet
4062:             1             16  java.util.concurrent.Executors$FinalizableDelegatedExecutorService
4063:             1             16  java.util.jar.JavaUtilJarAccessImpl
4064:             1             16  java.util.logging.LoggingProxyImpl
4065:             1             16  java.util.logging.SimpleFormatter
4066:             1             16  java.util.regex.Pattern$4
4067:             1             16  java.util.regex.Pattern$CharPropertyNames$10
4068:             1             16  java.util.regex.Pattern$CharPropertyNames$11
4069:             1             16  java.util.regex.Pattern$CharPropertyNames$12
4070:             1             16  java.util.regex.Pattern$CharPropertyNames$13
4071:             1             16  java.util.regex.Pattern$CharPropertyNames$14
4072:             1             16  java.util.regex.Pattern$CharPropertyNames$15
4073:             1             16  java.util.regex.Pattern$CharPropertyNames$16
4074:             1             16  java.util.regex.Pattern$CharPropertyNames$17
4075:             1             16  java.util.regex.Pattern$CharPropertyNames$18
4076:             1             16  java.util.regex.Pattern$CharPropertyNames$19
4077:             1             16  java.util.regex.Pattern$CharPropertyNames$20
4078:             1             16  java.util.regex.Pattern$CharPropertyNames$21
4079:             1             16  java.util.regex.Pattern$CharPropertyNames$22
4080:             1             16  java.util.regex.Pattern$CharPropertyNames$23
4081:             1             16  java.util.regex.Pattern$CharPropertyNames$5
4082:             1             16  java.util.regex.Pattern$CharPropertyNames$6
4083:             1             16  java.util.regex.Pattern$CharPropertyNames$7
4084:             1             16  java.util.regex.Pattern$CharPropertyNames$8
4085:             1             16  java.util.regex.Pattern$CharPropertyNames$9
4086:             1             16  java.util.regex.Pattern$LastNode
4087:             1             16  java.util.regex.Pattern$Node
4088:             1             16  java.util.stream.Collectors$$Lambda$158/1675122956
4089:             1             16  java.util.stream.Collectors$$Lambda$159/293338808
4090:             1             16  java.util.stream.Collectors$$Lambda$35/1916575798
4091:             1             16  java.util.stream.Collectors$$Lambda$36/685558284
4092:             1             16  java.util.stream.Collectors$$Lambda$37/79782883
4093:             1             16  java.util.stream.Collectors$$Lambda$38/1250121181
4094:             1             16  java.util.stream.Collectors$$Lambda$430/1801319187
4095:             1             16  java.util.stream.Collectors$$Lambda$431/443215084
4096:             1             16  java.util.stream.Collectors$$Lambda$432/1368955671
4097:             1             16  java.util.stream.Collectors$$Lambda$59/1002535454
4098:             1             16  java.util.stream.Collectors$$Lambda$60/2056072640
4099:             1             16  java.util.stream.Collectors$$Lambda$61/882600762
4100:             1             16  java.util.stream.Collectors$$Lambda$84/311834717
4101:             1             16  java.util.stream.FindOps$$Lambda$18/1421866327
4102:             1             16  java.util.stream.FindOps$$Lambda$19/1526970878
4103:             1             16  java.util.stream.Nodes$EmptyNode$OfDouble
4104:             1             16  java.util.stream.Nodes$EmptyNode$OfInt
4105:             1             16  java.util.stream.Nodes$EmptyNode$OfLong
4106:             1             16  java.util.stream.Nodes$EmptyNode$OfRef
4107:             1             16  java.util.zip.ZipFile$1
4108:             1             16  javax.crypto.JceSecurityManager
4109:             1             16  javax.management.JMX
4110:             1             16  javax.management.MBeanServerBuilder
4111:             1             16  javax.management.NotificationBroadcasterSupport$1
4112:             1             16  javax.net.DefaultSocketFactory
4113:             1             16  javax.validation.Validation$DefaultValidationProviderResolver
4114:             1             16  javax.validation.Validation$GetValidationProviderListAction
4115:             1             16  javax.xml.parsers.SecuritySupport
4116:             1             16  javax.xml.transform.SecuritySupport
4117:             1             16  org.apache.catalina.connector.CoyoteAdapter$1
4118:             1             16  org.apache.catalina.connector.Request$1
4119:             1             16  org.apache.catalina.connector.Request$2
4120:             1             16  org.apache.catalina.connector.Request$3
4121:             1             16  org.apache.catalina.connector.Request$4
4122:             1             16  org.apache.catalina.connector.Request$5
4123:             1             16  org.apache.catalina.connector.Request$6
4124:             1             16  org.apache.catalina.connector.Request$7
4125:             1             16  org.apache.catalina.core.AprLifecycleListener
4126:             1             16  org.apache.catalina.core.ContainerBase$ContainerBackgroundProcessor
4127:             1             16  org.apache.catalina.core.StandardContext$1
4128:             1             16  org.apache.catalina.core.StandardHost$MemoryLeakTrackingListener
4129:             1             16  org.apache.catalina.mbeans.MBeanFactory
4130:             1             16  org.apache.catalina.realm.X509SubjectDnRetriever
4131:             1             16  org.apache.catalina.startup.Tomcat$FixContextListener
4132:             1             16  org.apache.catalina.util.CharsetMapper
4133:             1             16  org.apache.catalina.webresources.Cache$EvictionOrder
4134:             1             16  org.apache.commons.logging.impl.NoOpLog
4135:             1             16  org.apache.el.ExpressionFactoryImpl
4136:             1             16  org.apache.juli.logging.LogFactory
4137:             1             16  org.apache.logging.log4j.message.ParameterizedNoReferenceMessageFactory
4138:             1             16  org.apache.logging.log4j.message.ReusableMessageFactory
4139:             1             16  org.apache.logging.log4j.spi.LoggerRegistry$ConcurrentMapFactory
4140:             1             16  org.apache.logging.log4j.util.LoaderUtil$ThreadContextClassLoaderGetter
4141:             1             16  org.apache.logging.log4j.util.ProviderUtil
4142:             1             16  org.apache.logging.slf4j.SLF4JLoggerContext
4143:             1             16  org.apache.logging.slf4j.SLF4JLoggerContextFactory
4144:             1             16  org.apache.tomcat.util.buf.MessageBytes$MessageBytesFactory
4145:             1             16  org.apache.tomcat.util.buf.StringCache
4146:             1             16  org.apache.tomcat.util.digester.Digester$SystemPropertySource
4147:             1             16  org.apache.tomcat.util.http.CookieProcessorBase$1
4148:             1             16  org.apache.tomcat.util.http.Rfc6265CookieProcessor
4149:             1             16  org.apache.tomcat.util.http.parser.MediaTypeCache
4150:             1             16  org.apache.tomcat.util.modeler.ManagedBean$$Lambda$144/1097037264
4151:             1             16  org.apache.tomcat.util.net.SocketWrapperBase$1
4152:             1             16  org.apache.tomcat.util.net.SocketWrapperBase$2
4153:             1             16  org.apache.tomcat.util.net.SocketWrapperBase$3
4154:             1             16  org.apache.tomcat.util.threads.ThreadPoolExecutor$RejectHandler
4155:             1             16  org.apache.tomcat.websocket.TransformationFactory
4156:             1             16  org.apache.tomcat.websocket.WsRemoteEndpointImplBase$BlockingSendHandler
4157:             1             16  org.apache.tomcat.websocket.server.DefaultServerEndpointConfigurator
4158:             1             16  org.apache.tomcat.websocket.server.WsContextListener
4159:             1             16  org.apache.tomcat.websocket.server.WsSessionListener
4160:             1             16  org.apache.tomcat.websocket.server.WsWriteTimeout$EndpointComparator
4161:             1             16  org.hibernate.validator.HibernateValidator
4162:             1             16  org.hibernate.validator.internal.engine.ConfigurationImpl$$Lambda$57/1616232890
4163:             1             16  org.hibernate.validator.internal.engine.DefaultClockProvider
4164:             1             16  org.hibernate.validator.internal.engine.DefaultParameterNameProvider
4165:             1             16  org.hibernate.validator.internal.engine.MethodValidationConfiguration$Builder
4166:             1             16  org.hibernate.validator.internal.engine.constraintvalidation.ConstraintValidatorFactoryImpl
4167:             1             16  org.hibernate.validator.internal.engine.constraintvalidation.ConstraintValidatorManager$1
4168:             1             16  org.hibernate.validator.internal.engine.groups.ValidationOrderGenerator
4169:             1             16  org.hibernate.validator.internal.engine.resolver.TraverseAllTraversableResolver
4170:             1             16  org.hibernate.validator.internal.engine.valueextraction.AnnotatedObject
4171:             1             16  org.hibernate.validator.internal.engine.valueextraction.BooleanArrayValueExtractor
4172:             1             16  org.hibernate.validator.internal.engine.valueextraction.ByteArrayValueExtractor
4173:             1             16  org.hibernate.validator.internal.engine.valueextraction.CharArrayValueExtractor
4174:             1             16  org.hibernate.validator.internal.engine.valueextraction.DoubleArrayValueExtractor
4175:             1             16  org.hibernate.validator.internal.engine.valueextraction.FloatArrayValueExtractor
4176:             1             16  org.hibernate.validator.internal.engine.valueextraction.IntArrayValueExtractor
4177:             1             16  org.hibernate.validator.internal.engine.valueextraction.IterableValueExtractor
4178:             1             16  org.hibernate.validator.internal.engine.valueextraction.ListPropertyValueExtractor
4179:             1             16  org.hibernate.validator.internal.engine.valueextraction.ListValueExtractor
4180:             1             16  org.hibernate.validator.internal.engine.valueextraction.LongArrayValueExtractor
4181:             1             16  org.hibernate.validator.internal.engine.valueextraction.MapKeyExtractor
4182:             1             16  org.hibernate.validator.internal.engine.valueextraction.MapPropertyKeyExtractor
4183:             1             16  org.hibernate.validator.internal.engine.valueextraction.MapPropertyValueExtractor
4184:             1             16  org.hibernate.validator.internal.engine.valueextraction.MapValueExtractor
4185:             1             16  org.hibernate.validator.internal.engine.valueextraction.ObjectArrayValueExtractor
4186:             1             16  org.hibernate.validator.internal.engine.valueextraction.ObservableValueValueExtractor
4187:             1             16  org.hibernate.validator.internal.engine.valueextraction.OptionalDoubleValueExtractor
4188:             1             16  org.hibernate.validator.internal.engine.valueextraction.OptionalIntValueExtractor
4189:             1             16  org.hibernate.validator.internal.engine.valueextraction.OptionalLongValueExtractor
4190:             1             16  org.hibernate.validator.internal.engine.valueextraction.OptionalValueExtractor
4191:             1             16  org.hibernate.validator.internal.engine.valueextraction.ReadOnlyListPropertyValueExtractor
4192:             1             16  org.hibernate.validator.internal.engine.valueextraction.ReadOnlyMapPropertyKeyExtractor
4193:             1             16  org.hibernate.validator.internal.engine.valueextraction.ReadOnlyMapPropertyValueExtractor
4194:             1             16  org.hibernate.validator.internal.engine.valueextraction.ReadOnlySetPropertyValueExtractor
4195:             1             16  org.hibernate.validator.internal.engine.valueextraction.SetPropertyValueExtractor
4196:             1             16  org.hibernate.validator.internal.engine.valueextraction.ShortArrayValueExtractor
4197:             1             16  org.hibernate.validator.internal.metadata.aggregated.rule.OverridingMethodMustNotAlterParameterConstraints
4198:             1             16  org.hibernate.validator.internal.metadata.aggregated.rule.ParallelMethodsMustNotDefineGroupConversionForCascadedReturnValue
4199:             1             16  org.hibernate.validator.internal.metadata.aggregated.rule.ParallelMethodsMustNotDefineParameterConstraints
4200:             1             16  org.hibernate.validator.internal.metadata.aggregated.rule.ReturnValueMayOnlyBeMarkedOnceAsCascadedPerHierarchyLine
4201:             1             16  org.hibernate.validator.internal.metadata.aggregated.rule.VoidMethodsMustNotBeReturnValueConstrained
4202:             1             16  org.hibernate.validator.internal.metadata.core.ConstraintHelper$ValidatorDescriptorMap
4203:             1             16  org.hibernate.validator.internal.metadata.provider.AnnotationMetaDataProvider$$Lambda$83/2029370043
4204:             1             16  org.hibernate.validator.internal.util.ExecutableHelper
4205:             1             16  org.hibernate.validator.internal.util.ExecutableParameterNameProvider
4206:             1             16  org.hibernate.validator.internal.util.TypeResolutionHelper
4207:             1             16  org.hibernate.validator.internal.util.logging.Messages_$bundle
4208:             1             16  org.hibernate.validator.resourceloading.PlatformResourceBundleLocator$AggregateResourceBundleControl
4209:             1             16  org.jboss.logging.Log4j2LoggerProvider
4210:             1             16  org.slf4j.helpers.NOPLoggerFactory
4211:             1             16  org.slf4j.impl.StaticMDCBinder
4212:             1             16  org.springframework.aop.Advisor$1
4213:             1             16  org.springframework.aop.TrueClassFilter
4214:             1             16  org.springframework.aop.TrueMethodMatcher
4215:             1             16  org.springframework.aop.TruePointcut
4216:             1             16  org.springframework.aop.framework.DefaultAdvisorChainFactory
4217:             1             16  org.springframework.aop.framework.DefaultAopProxyFactory
4218:             1             16  org.springframework.aop.framework.adapter.AfterReturningAdviceAdapter
4219:             1             16  org.springframework.aop.framework.adapter.DefaultAdvisorAdapterRegistry
4220:             1             16  org.springframework.aop.framework.adapter.MethodBeforeAdviceAdapter
4221:             1             16  org.springframework.aop.framework.adapter.ThrowsAdviceAdapter
4222:             1             16  org.springframework.beans.ExtendedBeanInfoFactory
4223:             1             16  org.springframework.beans.JrBeanDisposer
4224:             1             16  org.springframework.beans.JrBeanReloader$3
4225:             1             16  org.springframework.beans.factory.BeanFactoryUtils$$Lambda$112/288306765
4226:             1             16  org.springframework.beans.factory.parsing.FailFastProblemReporter
4227:             1             16  org.springframework.beans.factory.parsing.PassThroughSourceExtractor
4228:             1             16  org.springframework.beans.factory.support.AbstractAutowireCapableBeanFactory$$Lambda$177/371271246
4229:             1             16  org.springframework.beans.factory.support.AutowireUtils$$Lambda$203/1420664825
4230:             1             16  org.springframework.beans.factory.support.AutowireUtils$$Lambda$230/880314240
4231:             1             16  org.springframework.beans.factory.support.CglibSubclassingInstantiationStrategy
4232:             1             16  org.springframework.beans.factory.support.DefaultListableBeanFactory$$Lambda$324/1574206600
4233:             1             16  org.springframework.beans.factory.support.DefaultSingletonBeanRegistry$$Lambda$116/1233327519
4234:             1             16  org.springframework.beans.factory.support.DefaultSingletonBeanRegistry$$Lambda$117/1155769010
4235:             1             16  org.springframework.boot.ClearCachesApplicationListener
4236:             1             16  org.springframework.boot.SpringBootBanner
4237:             1             16  org.springframework.boot.StartupInfoLogger$$Lambda$100/858818438
4238:             1             16  org.springframework.boot.StartupInfoLogger$$Lambda$102/1335503880
4239:             1             16  org.springframework.boot.StartupInfoLogger$$Lambda$94/1097897234
4240:             1             16  org.springframework.boot.StartupInfoLogger$$Lambda$97/1107530534
4241:             1             16  org.springframework.boot.admin.SpringApplicationAdminMXBeanRegistrar$SpringApplicationAdmin
4242:             1             16  org.springframework.boot.autoconfigure.AutoConfigurationImportSelector$$Lambda$151/1585853402
4243:             1             16  org.springframework.boot.autoconfigure.AutoConfigurationImportSelector$AutoConfigurationGroup$$Lambda$153/1333404258
4244:             1             16  org.springframework.boot.autoconfigure.AutoConfigurationImportSelector$AutoConfigurationGroup$$Lambda$154/1247247257
4245:             1             16  org.springframework.boot.autoconfigure.AutoConfigurationImportSelector$AutoConfigurationGroup$$Lambda$155/1141049797
4246:             1             16  org.springframework.boot.autoconfigure.AutoConfigurationImportSelector$AutoConfigurationGroup$$Lambda$156/1355039397
4247:             1             16  org.springframework.boot.autoconfigure.AutoConfigurationImportSelector$AutoConfigurationGroup$$Lambda$157/1070146065
4248:             1             16  org.springframework.boot.autoconfigure.BackgroundPreinitializer
4249:             1             16  org.springframework.boot.autoconfigure.SharedMetadataReaderFactoryContextInitializer
4250:             1             16  org.springframework.boot.autoconfigure.SharedMetadataReaderFactoryContextInitializer$CachingMetadataReaderFactoryPostProcessor
4251:             1             16  org.springframework.boot.autoconfigure.SharedMetadataReaderFactoryContextInitializer$CachingMetadataReaderFactoryPostProcessor$$Lambda$110/1423768154
4252:             1             16  org.springframework.boot.autoconfigure.SharedMetadataReaderFactoryContextInitializer$SharedMetadataReaderFactoryBean
4253:             1             16  org.springframework.boot.autoconfigure.condition.BeanTypeRegistry$$Lambda$174/855715439
4254:             1             16  org.springframework.boot.autoconfigure.condition.BeanTypeRegistry$$Lambda$183/1014923261
4255:             1             16  org.springframework.boot.autoconfigure.condition.BeanTypeRegistry$$Lambda$184/1171425975
4256:             1             16  org.springframework.boot.autoconfigure.condition.ConditionEvaluationReport$AncestorsMatchedCondition
4257:             1             16  org.springframework.boot.autoconfigure.condition.OnBeanCondition$BeanSearchSpec$$Lambda$171/682846231
4258:             1             16  org.springframework.boot.autoconfigure.condition.OnBeanCondition$BeanSearchSpec$$Lambda$173/1019854313
4259:             1             16  org.springframework.boot.autoconfigure.context.MessageSourceAutoConfiguration$ResourceBundleCondition
4260:             1             16  org.springframework.boot.autoconfigure.http.HttpMessageConverters
4261:             1             16  org.springframework.boot.autoconfigure.http.codec.CodecsAutoConfiguration$JacksonCodecConfiguration$$Lambda$407/42506186
4262:             1             16  org.springframework.boot.autoconfigure.http.codec.CodecsAutoConfiguration$LoggingCodecConfiguration$$Lambda$406/2220012
4263:             1             16  org.springframework.boot.autoconfigure.jdbc.DataSourceBeanCreationFailureAnalyzer
4264:             1             16  org.springframework.boot.autoconfigure.jdbc.DataSourceConfiguration$Hikari
4265:             1             16  org.springframework.boot.autoconfigure.jdbc.DataSourceInitializerPostProcessor
4266:             1             16  org.springframework.boot.autoconfigure.jdbc.HikariDriverConfigurationFailureAnalyzer
4267:             1             16  org.springframework.boot.autoconfigure.jdbc.JdbcProperties
4268:             1             16  org.springframework.boot.autoconfigure.jdbc.metadata.DataSourcePoolMetadataProvidersConfiguration$HikariPoolDataSourceMetadataProviderConfiguration$$Lambda$405/1913495957
4269:             1             16  org.springframework.boot.autoconfigure.logging.ConditionEvaluationReportLoggingListener$ConditionEvaluationReportListener
4270:             1             16  org.springframework.boot.autoconfigure.mustache.MustacheTemplateAvailabilityProvider
4271:             1             16  org.springframework.boot.autoconfigure.session.NonUniqueSessionRepositoryFailureAnalyzer
4272:             1             16  org.springframework.boot.autoconfigure.task.TaskSchedulingProperties$Pool
4273:             1             16  org.springframework.boot.autoconfigure.template.TemplateAvailabilityProviders$NoTemplateAvailabilityProvider
4274:             1             16  org.springframework.boot.autoconfigure.thymeleaf.ThymeleafTemplateAvailabilityProvider
4275:             1             16  org.springframework.boot.autoconfigure.transaction.TransactionManagerCustomizers
4276:             1             16  org.springframework.boot.autoconfigure.web.ErrorProperties$Whitelabel
4277:             1             16  org.springframework.boot.autoconfigure.web.OnEnabledResourceChainCondition
4278:             1             16  org.springframework.boot.autoconfigure.web.embedded.TomcatWebServerFactoryCustomizer$$Lambda$264/1730542048
4279:             1             16  org.springframework.boot.autoconfigure.web.embedded.TomcatWebServerFactoryCustomizer$$Lambda$268/1667552329
4280:             1             16  org.springframework.boot.autoconfigure.web.embedded.TomcatWebServerFactoryCustomizer$$Lambda$273/651916608
4281:             1             16  org.springframework.boot.autoconfigure.web.embedded.TomcatWebServerFactoryCustomizer$$Lambda$277/104404643
4282:             1             16  org.springframework.boot.autoconfigure.web.embedded.TomcatWebServerFactoryCustomizer$$Lambda$279/1525361802
4283:             1             16  org.springframework.boot.autoconfigure.web.embedded.TomcatWebServerFactoryCustomizer$$Lambda$283/87816081
4284:             1             16  org.springframework.boot.autoconfigure.web.embedded.TomcatWebServerFactoryCustomizer$$Lambda$285/1598005588
4285:             1             16  org.springframework.boot.autoconfigure.web.embedded.TomcatWebServerFactoryCustomizer$$Lambda$287/1003409618
4286:             1             16  org.springframework.boot.autoconfigure.web.embedded.TomcatWebServerFactoryCustomizer$$Lambda$289/932205110
4287:             1             16  org.springframework.boot.autoconfigure.web.embedded.TomcatWebServerFactoryCustomizer$$Lambda$290/1339765646
4288:             1             16  org.springframework.boot.autoconfigure.web.embedded.TomcatWebServerFactoryCustomizer$$Lambda$292/743571331
4289:             1             16  org.springframework.boot.autoconfigure.web.embedded.TomcatWebServerFactoryCustomizer$$Lambda$294/2089733159
4290:             1             16  org.springframework.boot.autoconfigure.web.embedded.TomcatWebServerFactoryCustomizer$$Lambda$303/464632404
4291:             1             16  org.springframework.boot.autoconfigure.web.embedded.TomcatWebServerFactoryCustomizer$$Lambda$307/668964635
4292:             1             16  org.springframework.boot.autoconfigure.web.embedded.TomcatWebServerFactoryCustomizer$$Lambda$308/909866761
4293:             1             16  org.springframework.boot.autoconfigure.web.servlet.HttpEncodingAutoConfiguration$LocaleCharsetMappingsCustomizer
4294:             1             16  org.springframework.boot.autoconfigure.web.servlet.JspTemplateAvailabilityProvider
4295:             1             16  org.springframework.boot.autoconfigure.web.servlet.ServletWebServerFactoryCustomizer
4296:             1             16  org.springframework.boot.autoconfigure.web.servlet.TomcatServletWebServerFactoryCustomizer
4297:             1             16  org.springframework.boot.autoconfigure.web.servlet.TomcatServletWebServerFactoryCustomizer$$Lambda$260/573032493
4298:             1             16  org.springframework.boot.autoconfigure.web.servlet.WebMvcProperties$Async
4299:             1             16  org.springframework.boot.autoconfigure.web.servlet.WebMvcProperties$Pathmatch
4300:             1             16  org.springframework.boot.autoconfigure.web.servlet.error.ErrorMvcAutoConfiguration$ErrorTemplateMissingCondition
4301:             1             16  org.springframework.boot.autoconfigure.web.servlet.error.ErrorMvcAutoConfiguration$PreserveErrorControllerTargetClassPostProcessor
4302:             1             16  org.springframework.boot.autoconfigure.web.servlet.error.ErrorMvcAutoConfiguration$StaticView
4303:             1             16  org.springframework.boot.autoconfigure.websocket.servlet.TomcatWebSocketServletWebServerCustomizer
4304:             1             16  org.springframework.boot.autoconfigure.websocket.servlet.TomcatWebSocketServletWebServerCustomizer$$Lambda$234/810833183
4305:             1             16  org.springframework.boot.context.ConfigurationWarningsApplicationContextInitializer
4306:             1             16  org.springframework.boot.context.ConfigurationWarningsApplicationContextInitializer$ComponentScanPackageCheck
4307:             1             16  org.springframework.boot.context.ConfigurationWarningsApplicationContextInitializer$ConfigurationWarningsPostProcessor
4308:             1             16  org.springframework.boot.context.ContextIdApplicationContextInitializer
4309:             1             16  org.springframework.boot.context.FileEncodingApplicationListener
4310:             1             16  org.springframework.boot.context.config.AnsiOutputApplicationListener
4311:             1             16  org.springframework.boot.context.config.AnsiOutputApplicationListener$$Lambda$71/1991278377
4312:             1             16  org.springframework.boot.context.config.ConfigFileApplicationListener$Loader$$Lambda$33/711540569
4313:             1             16  org.springframework.boot.context.config.ConfigFileApplicationListener$Loader$$Lambda$40/1816725203
4314:             1             16  org.springframework.boot.context.config.ConfigFileApplicationListener$Loader$$Lambda$50/347978868
4315:             1             16  org.springframework.boot.context.config.ConfigFileApplicationListener$Loader$$Lambda$51/307829448
4316:             1             16  org.springframework.boot.context.config.ConfigFileApplicationListener$Loader$$Lambda$52/1518331471
4317:             1             16  org.springframework.boot.context.config.ConfigFileApplicationListener$Loader$$Lambda$53/459718907
4318:             1             16  org.springframework.boot.context.config.ConfigFileApplicationListener$Loader$$Lambda$55/616674002
4319:             1             16  org.springframework.boot.context.config.DelegatingApplicationContextInitializer
4320:             1             16  org.springframework.boot.context.logging.ClasspathLoggingApplicationListener
4321:             1             16  org.springframework.boot.context.logging.LoggingApplicationListener$$Lambda$80/1117871068
4322:             1             16  org.springframework.boot.context.properties.ConfigurationPropertiesBinder$$Lambda$210/1009342118
4323:             1             16  org.springframework.boot.context.properties.EnableConfigurationPropertiesImportSelector$ConfigurationPropertiesBeanRegistrar$$Lambda$185/1669068412
4324:             1             16  org.springframework.boot.context.properties.EnableConfigurationPropertiesImportSelector$ConfigurationPropertiesBeanRegistrar$$Lambda$186/2072567128
4325:             1             16  org.springframework.boot.context.properties.EnableConfigurationPropertiesImportSelector$ConfigurationPropertiesBeanRegistrar$$Lambda$187/1349649220
4326:             1             16  org.springframework.boot.context.properties.PropertyMapper$$Lambda$235/92373719
4327:             1             16  org.springframework.boot.context.properties.PropertyMapper$Source$$Lambda$238/1777043623
4328:             1             16  org.springframework.boot.context.properties.PropertyMapper$Source$$Lambda$280/157474874
4329:             1             16  org.springframework.boot.context.properties.PropertyMapper$Source$$Lambda$312/793414138
4330:             1             16  org.springframework.boot.context.properties.bind.BindConverter
4331:             1             16  org.springframework.boot.context.properties.bind.BindConverter$CompositeConversionService
4332:             1             16  org.springframework.boot.context.properties.bind.BindConverter$TypeConverterConverter
4333:             1             16  org.springframework.boot.context.properties.bind.BindHandler$1
4334:             1             16  org.springframework.boot.context.properties.bind.BindResult
4335:             1             16  org.springframework.boot.context.properties.bind.Binder$$Lambda$214/1557075266
4336:             1             16  org.springframework.boot.context.properties.bind.JavaBeanBinder
4337:             1             16  org.springframework.boot.context.properties.bind.JavaBeanBinder$Bean$$Lambda$215/1990567985
4338:             1             16  org.springframework.boot.context.properties.bind.JavaBeanBinder$Bean$$Lambda$217/799885067
4339:             1             16  org.springframework.boot.context.properties.bind.JavaBeanBinder$Bean$$Lambda$218/569927998
4340:             1             16  org.springframework.boot.context.properties.bind.PlaceholdersResolver$$Lambda$400/460628066
4341:             1             16  org.springframework.boot.context.properties.source.ConfigurationPropertyName$$Lambda$165/1865370526
4342:             1             16  org.springframework.boot.context.properties.source.ConfigurationPropertyNameAliases$$Lambda$397/142573894
4343:             1             16  org.springframework.boot.context.properties.source.ConfigurationPropertyNameAliases$$Lambda$398/130839597
4344:             1             16  org.springframework.boot.context.properties.source.ConfigurationPropertyNameAliases$$Lambda$403/1164455486
4345:             1             16  org.springframework.boot.context.properties.source.SpringConfigurationPropertySource$$Lambda$46/554348863
4346:             1             16  org.springframework.boot.context.properties.source.SpringConfigurationPropertySource$$Lambda$79/127702987
4347:             1             16  org.springframework.boot.context.properties.source.SystemEnvironmentPropertyMapper
4348:             1             16  org.springframework.boot.context.properties.source.SystemEnvironmentPropertyMapper$$Lambda$77/1245065720
4349:             1             16  org.springframework.boot.convert.CharArrayFormatter
4350:             1             16  org.springframework.boot.convert.DurationStyle$Unit$$Lambda$316/297120242
4351:             1             16  org.springframework.boot.convert.DurationStyle$Unit$$Lambda$317/1300714811
4352:             1             16  org.springframework.boot.convert.DurationStyle$Unit$$Lambda$318/837804180
4353:             1             16  org.springframework.boot.convert.DurationStyle$Unit$$Lambda$319/225049978
4354:             1             16  org.springframework.boot.convert.DurationStyle$Unit$$Lambda$320/1770496243
4355:             1             16  org.springframework.boot.convert.DurationStyle$Unit$$Lambda$321/509480565
4356:             1             16  org.springframework.boot.convert.DurationStyle$Unit$$Lambda$322/1358673514
4357:             1             16  org.springframework.boot.convert.DurationToNumberConverter
4358:             1             16  org.springframework.boot.convert.DurationToStringConverter
4359:             1             16  org.springframework.boot.convert.InetAddressFormatter
4360:             1             16  org.springframework.boot.convert.IsoOffsetFormatter
4361:             1             16  org.springframework.boot.convert.NumberToDataSizeConverter
4362:             1             16  org.springframework.boot.convert.NumberToDurationConverter
4363:             1             16  org.springframework.boot.convert.StringToEnumIgnoringCaseConverterFactory
4364:             1             16  org.springframework.boot.convert.StringToEnumIgnoringCaseConverterFactory$StringToEnum$$Lambda$67/746074699
4365:             1             16  org.springframework.boot.convert.StringToEnumIgnoringCaseConverterFactory$StringToEnum$$Lambda$68/405896924
4366:             1             16  org.springframework.boot.convert.StringToEnumIgnoringCaseConverterFactory$StringToEnum$$Lambda$69/1309335839
4367:             1             16  org.springframework.boot.devtools.autoconfigure.ConditionEvaluationDeltaLoggingListener
4368:             1             16  org.springframework.boot.devtools.autoconfigure.DevToolsDataSourceAutoConfiguration$DevToolsDataSourceCondition
4369:             1             16  org.springframework.boot.devtools.autoconfigure.HateoasObjenesisCacheDisabler
4370:             1             16  org.springframework.boot.devtools.autoconfigure.LocalDevToolsAutoConfiguration$LiveReloadServerEventListener
4371:             1             16  org.springframework.boot.devtools.autoconfigure.LocalDevToolsAutoConfiguration$RestartConfiguration$$Lambda$410/294834677
4372:             1             16  org.springframework.boot.devtools.autoconfigure.OptionalLiveReloadServer
4373:             1             16  org.springframework.boot.devtools.autoconfigure.RemoteDevToolsProperties$Restart
4374:             1             16  org.springframework.boot.devtools.livereload.LiveReloadServer$$Lambda$412/356563238
4375:             1             16  org.springframework.boot.devtools.livereload.LiveReloadServer$WorkerThreadFactory
4376:             1             16  org.springframework.boot.devtools.logger.DevToolsLogFactory$Listener
4377:             1             16  org.springframework.boot.devtools.logger.DevToolsLogFactory$Listener$$Lambda$108/1265012928
4378:             1             16  org.springframework.boot.devtools.restart.OnInitializedRestarterCondition
4379:             1             16  org.springframework.boot.devtools.restart.RestartApplicationListener
4380:             1             16  org.springframework.boot.devtools.restart.RestartScopeInitializer
4381:             1             16  org.springframework.boot.devtools.restart.RestartScopeInitializer$RestartScope
4382:             1             16  org.springframework.boot.devtools.restart.Restarter$LeakSafeThreadFactory
4383:             1             16  org.springframework.boot.devtools.restart.SilentExitExceptionHandler
4384:             1             16  org.springframework.boot.devtools.restart.classloader.ClassLoaderFiles
4385:             1             16  org.springframework.boot.diagnostics.analyzer.BeanCurrentlyInCreationFailureAnalyzer
4386:             1             16  org.springframework.boot.diagnostics.analyzer.BeanDefinitionOverrideFailureAnalyzer
4387:             1             16  org.springframework.boot.diagnostics.analyzer.BeanNotOfRequiredTypeFailureAnalyzer
4388:             1             16  org.springframework.boot.diagnostics.analyzer.BindFailureAnalyzer
4389:             1             16  org.springframework.boot.diagnostics.analyzer.BindValidationFailureAnalyzer
4390:             1             16  org.springframework.boot.diagnostics.analyzer.ConnectorStartFailureAnalyzer
4391:             1             16  org.springframework.boot.diagnostics.analyzer.InvalidConfigurationPropertyNameFailureAnalyzer
4392:             1             16  org.springframework.boot.diagnostics.analyzer.InvalidConfigurationPropertyValueFailureAnalyzer
4393:             1             16  org.springframework.boot.diagnostics.analyzer.NoSuchMethodFailureAnalyzer
4394:             1             16  org.springframework.boot.diagnostics.analyzer.NoUniqueBeanDefinitionFailureAnalyzer
4395:             1             16  org.springframework.boot.diagnostics.analyzer.PortInUseFailureAnalyzer
4396:             1             16  org.springframework.boot.diagnostics.analyzer.UnboundConfigurationPropertyFailureAnalyzer
4397:             1             16  org.springframework.boot.diagnostics.analyzer.ValidationExceptionFailureAnalyzer
4398:             1             16  org.springframework.boot.env.PropertiesPropertySourceLoader
4399:             1             16  org.springframework.boot.env.SpringApplicationJsonEnvironmentPostProcessor$$Lambda$30/1681920301
4400:             1             16  org.springframework.boot.env.SpringApplicationJsonEnvironmentPostProcessor$$Lambda$31/589273327
4401:             1             16  org.springframework.boot.liquibase.LiquibaseServiceLocatorApplicationListener
4402:             1             16  org.springframework.boot.logging.LoggerConfigurationComparator
4403:             1             16  org.springframework.boot.logging.LoggingSystem$$Lambda$21/688005825
4404:             1             16  org.springframework.boot.logging.logback.LogbackLoggingSystem
4405:             1             16  org.springframework.boot.util.LambdaSafe$InvocationResult
4406:             1             16  org.springframework.boot.web.context.ServerPortInfoApplicationContextInitializer
4407:             1             16  org.springframework.boot.web.embedded.tomcat.TomcatEmbeddedContext$$Lambda$423/134653575
4408:             1             16  org.springframework.boot.web.embedded.tomcat.TomcatEmbeddedContext$$Lambda$424/132076376
4409:             1             16  org.springframework.boot.web.embedded.tomcat.TomcatWebServer$$Lambda$428/1944081600
4410:             1             16  org.springframework.boot.web.server.Http2
4411:             1             16  org.springframework.boot.web.servlet.ServletContextInitializerBeans$$Lambda$336/2029095559
4412:             1             16  org.springframework.boot.web.servlet.ServletContextInitializerBeans$$Lambda$337/1409855597
4413:             1             16  org.springframework.boot.web.servlet.context.ServletWebServerApplicationContext$$Lambda$326/546037348
4414:             1             16  org.springframework.boot.web.servlet.error.DefaultErrorAttributes
4415:             1             16  org.springframework.boot.web.servlet.server.AbstractServletWebServerFactory$$Lambda$328/643996026
4416:             1             16  org.springframework.boot.web.servlet.server.AbstractServletWebServerFactory$SessionConfiguringInitializer
4417:             1             16  org.springframework.boot.web.servlet.server.SessionStoreDirectory
4418:             1             16  org.springframework.boot.web.servlet.server.StaticResourceJars
4419:             1             16  org.springframework.cglib.core.AbstractClassGenerator$ClassLoaderData$1
4420:             1             16  org.springframework.cglib.core.AbstractClassGenerator$ClassLoaderData$2
4421:             1             16  org.springframework.cglib.core.AbstractClassGenerator$ClassLoaderData$3
4422:             1             16  org.springframework.cglib.core.DefaultGeneratorStrategy
4423:             1             16  org.springframework.cglib.core.DefaultNamingPolicy
4424:             1             16  org.springframework.cglib.core.KeyFactory$1
4425:             1             16  org.springframework.cglib.core.KeyFactory$2
4426:             1             16  org.springframework.cglib.core.KeyFactory$3
4427:             1             16  org.springframework.cglib.core.KeyFactory$4
4428:             1             16  org.springframework.cglib.core.MethodInfoTransformer
4429:             1             16  org.springframework.cglib.core.SpringNamingPolicy
4430:             1             16  org.springframework.cglib.core.internal.LoadingCache$1
4431:             1             16  org.springframework.cglib.proxy.Enhancer$1
4432:             1             16  org.springframework.cglib.proxy.FixedValueGenerator
4433:             1             16  org.springframework.cglib.proxy.InvocationHandlerGenerator
4434:             1             16  org.springframework.cglib.proxy.LazyLoaderGenerator
4435:             1             16  org.springframework.cglib.proxy.MethodInterceptorGenerator
4436:             1             16  org.springframework.cglib.proxy.MethodInterceptorGenerator$1
4437:             1             16  org.springframework.cglib.proxy.NoOp$1
4438:             1             16  org.springframework.cglib.proxy.NoOpGenerator
4439:             1             16  org.springframework.context.annotation.ConfigurationClassEnhancer$BeanFactoryAwareMethodInterceptor
4440:             1             16  org.springframework.context.annotation.ConfigurationClassEnhancer$BeanMethodInterceptor
4441:             1             16  org.springframework.context.annotation.ConfigurationClassParser$$Lambda$143/1420196421
4442:             1             16  org.springframework.context.annotation.ConfigurationClassPostProcessor$$Lambda$142/1806880779
4443:             1             16  org.springframework.context.annotation.ConfigurationClassPostProcessor$1
4444:             1             16  org.springframework.context.annotation.ConfigurationClassPostProcessor$ImportAwareBeanPostProcessor
4445:             1             16  org.springframework.context.event.DefaultEventListenerFactory
4446:             1             16  org.springframework.context.event.EventListenerMethodProcessor$$Lambda$414/1304217806
4447:             1             16  org.springframework.context.expression.StandardBeanExpressionResolver$1
4448:             1             16  org.springframework.context.index.CandidateComponentsIndexLoader$$Lambda$90/1517640897
4449:             1             16  org.springframework.context.support.LiveBeansView
4450:             1             16  org.springframework.core.$Proxy71
4451:             1             16  org.springframework.core.MethodParameter$$Lambda$129/2120063568
4452:             1             16  org.springframework.core.OrderComparator
4453:             1             16  org.springframework.core.ResolvableType$EmptyType
4454:             1             16  org.springframework.core.annotation.AnnotatedElementUtils$AlwaysTrueBooleanAnnotationProcessor
4455:             1             16  org.springframework.core.annotation.AnnotationAwareOrderComparator
4456:             1             16  org.springframework.core.annotation.AnnotationUtils$$Lambda$14/925308434
4457:             1             16  org.springframework.core.io.DefaultResourceLoader$$Lambda$89/1827171553
4458:             1             16  org.springframework.core.io.support.DefaultPropertySourceFactory
4459:             1             16  org.springframework.core.io.support.PathMatchingResourcePatternResolver$$Lambda$145/440736059
4460:             1             16  org.springframework.core.log.CompositeLog$$Lambda$101/159441867
4461:             1             16  org.springframework.core.log.CompositeLog$$Lambda$103/733812578
4462:             1             16  org.springframework.core.log.CompositeLog$$Lambda$95/452345825
4463:             1             16  org.springframework.core.log.CompositeLog$$Lambda$96/1099723379
4464:             1             16  org.springframework.core.log.CompositeLog$$Lambda$98/1280365600
4465:             1             16  org.springframework.core.log.CompositeLog$$Lambda$99/581097801
4466:             1             16  org.springframework.expression.spel.support.SimpleEvaluationContext$$Lambda$358/702811569
4467:             1             16  org.springframework.http.MediaType$$Lambda$444/1713005215
4468:             1             16  org.springframework.http.MediaType$$Lambda$92/184559443
4469:             1             16  org.springframework.http.MediaType$1
4470:             1             16  org.springframework.http.MediaTypeFactory$$Lambda$461/876245110
4471:             1             16  org.springframework.http.ReadOnlyHttpHeaders$$Lambda$485/311355631
4472:             1             16  org.springframework.http.converter.json.SpringHandlerInstantiator
4473:             1             16  org.springframework.http.converter.xml.Jaxb2RootElementHttpMessageConverter$$Lambda$106/1984318997
4474:             1             16  org.springframework.http.converter.xml.SourceHttpMessageConverter$$Lambda$104/1541164316
4475:             1             16  org.springframework.http.converter.xml.SourceHttpMessageConverter$$Lambda$105/1063789673
4476:             1             16  org.springframework.http.server.ServletServerHttpResponse$$Lambda$457/637273604
4477:             1             16  org.springframework.jdbc.config.SortedResourcesFactoryBean$$Lambda$404/1511787468
4478:             1             16  org.springframework.messaging.converter.CompositeMessageConverter
4479:             1             16  org.springframework.messaging.converter.SimpleMessageConverter
4480:             1             16  org.springframework.messaging.handler.annotation.support.AnnotationExceptionHandlerMethodResolver$$Lambda$354/1779936135
4481:             1             16  org.springframework.messaging.handler.annotation.support.HeadersMethodArgumentResolver
4482:             1             16  org.springframework.messaging.handler.annotation.support.MessageMethodArgumentResolver
4483:             1             16  org.springframework.messaging.handler.invocation.CompletableFutureReturnValueHandler
4484:             1             16  org.springframework.messaging.handler.invocation.ListenableFutureReturnValueHandler
4485:             1             16  org.springframework.messaging.handler.invocation.ReactiveReturnValueHandler
4486:             1             16  org.springframework.messaging.simp.SimpAttributes$$Lambda$479/1379022729
4487:             1             16  org.springframework.messaging.simp.SimpSessionScope
4488:             1             16  org.springframework.messaging.simp.annotation.support.PrincipalMethodArgumentResolver
4489:             1             16  org.springframework.messaging.simp.broker.AbstractBrokerMessageHandler$UnsentDisconnectChannelInterceptor
4490:             1             16  org.springframework.messaging.simp.broker.DefaultSubscriptionRegistry$SessionSubscriptionRegistry
4491:             1             16  org.springframework.messaging.simp.broker.DefaultSubscriptionRegistry$SimpMessageHeaderPropertyAccessor
4492:             1             16  org.springframework.messaging.simp.broker.OrderedMessageSender$$Lambda$359/1076708413
4493:             1             16  org.springframework.messaging.simp.stomp.StompDecoder
4494:             1             16  org.springframework.messaging.support.IdTimestampMessageHeaderInitializer$$Lambda$463/713197767
4495:             1             16  org.springframework.messaging.support.MessageHeaderAccessor$$Lambda$473/1671748845
4496:             1             16  org.springframework.messaging.support.NativeMessageHeaderAccessor$$Lambda$464/928236365
4497:             1             16  org.springframework.objenesis.strategy.StdInstantiatorStrategy
4498:             1             16  org.springframework.scheduling.annotation.ScheduledAnnotationBeanPostProcessor$$Lambda$205/1765776053
4499:             1             16  org.springframework.scheduling.annotation.ScheduledAnnotationBeanPostProcessor$$Lambda$344/1967508247
4500:             1             16  org.springframework.scheduling.support.TaskUtils$LoggingErrorHandler
4501:             1             16  org.springframework.scheduling.support.TaskUtils$PropagatingErrorHandler
4502:             1             16  org.springframework.transaction.annotation.SpringTransactionAnnotationParser
4503:             1             16  org.springframework.transaction.event.TransactionalEventListenerFactory
4504:             1             16  org.springframework.util.CollectionUtils$MultiValueMapAdapter$$Lambda$458/675965412
4505:             1             16  org.springframework.util.ConcurrentReferenceHashMap$EntrySet
4506:             1             16  org.springframework.util.DefaultPropertiesPersister
4507:             1             16  org.springframework.util.LinkedMultiValueMap$$Lambda$10/198099809
4508:             1             16  org.springframework.util.LinkedMultiValueMap$$Lambda$399/1934471203
4509:             1             16  org.springframework.util.LinkedMultiValueMap$$Lambda$471/921419418
4510:             1             16  org.springframework.util.MimeType$SpecificityComparator
4511:             1             16  org.springframework.util.ReflectionUtils$$Lambda$11/2079179914
4512:             1             16  org.springframework.util.ReflectionUtils$$Lambda$12/20049680
4513:             1             16  org.springframework.util.ReflectionUtils$$Lambda$13/1882349076
4514:             1             16  org.springframework.validation.beanvalidation.LocaleContextMessageInterpolator
4515:             1             16  org.springframework.validation.beanvalidation.MethodValidationInterceptor
4516:             1             16  org.springframework.validation.beanvalidation.SpringConstraintValidatorFactory
4517:             1             16  org.springframework.web.bind.support.DefaultSessionAttributeStore
4518:             1             16  org.springframework.web.context.request.SessionScope
4519:             1             16  org.springframework.web.context.request.async.TimeoutCallableProcessingInterceptor
4520:             1             16  org.springframework.web.context.request.async.TimeoutDeferredResultProcessingInterceptor
4521:             1             16  org.springframework.web.context.support.WebApplicationContextUtils$RequestObjectFactory
4522:             1             16  org.springframework.web.context.support.WebApplicationContextUtils$ResponseObjectFactory
4523:             1             16  org.springframework.web.context.support.WebApplicationContextUtils$SessionObjectFactory
4524:             1             16  org.springframework.web.context.support.WebApplicationContextUtils$WebRequestObjectFactory
4525:             1             16  org.springframework.web.method.HandlerTypePredicate$Builder$$Lambda$351/2039642748
4526:             1             16  org.springframework.web.method.annotation.ErrorsMethodArgumentResolver
4527:             1             16  org.springframework.web.method.annotation.ExceptionHandlerMethodResolver$$Lambda$391/330174461
4528:             1             16  org.springframework.web.method.annotation.RequestHeaderMapMethodArgumentResolver
4529:             1             16  org.springframework.web.method.annotation.SessionStatusMethodArgumentResolver
4530:             1             16  org.springframework.web.multipart.support.StandardServletMultipartResolver
4531:             1             16  org.springframework.web.servlet.config.annotation.InterceptorRegistry$$Lambda$369/268248785
4532:             1             16  org.springframework.web.servlet.config.annotation.InterceptorRegistry$$Lambda$370/564985952
4533:             1             16  org.springframework.web.servlet.config.annotation.WebMvcConfigurerComposite
4534:             1             16  org.springframework.web.servlet.handler.AbstractHandlerMethodMapping$EmptyHandler
4535:             1             16  org.springframework.web.servlet.handler.ConversionServiceExposingInterceptor
4536:             1             16  org.springframework.web.servlet.mvc.HttpRequestHandlerAdapter
4537:             1             16  org.springframework.web.servlet.mvc.SimpleControllerHandlerAdapter
4538:             1             16  org.springframework.web.servlet.mvc.method.RequestMappingInfoHandlerMethodMappingNamingStrategy
4539:             1             16  org.springframework.web.servlet.mvc.method.annotation.AbstractMessageConverterMethodProcessor$$Lambda$468/983180345
4540:             1             16  org.springframework.web.servlet.mvc.method.annotation.AsyncTaskMethodReturnValueHandler
4541:             1             16  org.springframework.web.servlet.mvc.method.annotation.CallableMethodReturnValueHandler
4542:             1             16  org.springframework.web.servlet.mvc.method.annotation.DeferredResultMethodReturnValueHandler
4543:             1             16  org.springframework.web.servlet.mvc.method.annotation.HttpHeadersReturnValueHandler
4544:             1             16  org.springframework.web.servlet.mvc.method.annotation.JsonViewRequestBodyAdvice
4545:             1             16  org.springframework.web.servlet.mvc.method.annotation.RequestMappingHandlerAdapter$$Lambda$364/96443314
4546:             1             16  org.springframework.web.servlet.mvc.method.annotation.RequestMappingHandlerAdapter$$Lambda$365/1992645019
4547:             1             16  org.springframework.web.servlet.mvc.method.annotation.StreamingResponseBodyReturnValueHandler
4548:             1             16  org.springframework.web.servlet.mvc.method.annotation.UriComponentsBuilderMethodArgumentResolver
4549:             1             16  org.springframework.web.servlet.resource.ResourceUrlProviderExposingInterceptor
4550:             1             16  org.springframework.web.servlet.theme.FixedThemeResolver
4551:             1             16  org.springframework.web.servlet.view.AbstractCachingViewResolver$1
4552:             1             16  org.springframework.web.servlet.view.ContentNegotiatingViewResolver$1
4553:             1             16  org.springframework.web.socket.config.WebSocketMessageBrokerStats$$Lambda$347/500268044
4554:             1             16  org.springframework.web.socket.handler.ExceptionWebSocketHandlerDecorator
4555:             1             16  org.springframework.web.socket.handler.LoggingWebSocketHandlerDecorator
4556:             1             16  org.springframework.web.socket.sockjs.frame.Jackson2SockJsMessageCodec
4557:             1             16  org.springframework.web.socket.sockjs.support.AbstractSockJsService$IframeHandler
4558:             1             16  org.springframework.web.socket.sockjs.support.AbstractSockJsService$InfoHandler
4559:             1             16  org.springframework.web.socket.sockjs.transport.TransportHandlingSockJsService$$Lambda$459/830670620
4560:             1             16  org.springframework.web.util.HierarchicalUriComponents$1
4561:             1             16  org.zeroturnaround.bundled.javassist.ClassPoolTail
4562:             1             16  org.zeroturnaround.javarebel.felix.FelixPlugin
4563:             1             16  org.zeroturnaround.javarebel.integration.ReinitClassEventListener
4564:             1             16  org.zeroturnaround.javarebel.integration.ant.AntClassLoaderCBP
4565:             1             16  org.zeroturnaround.javarebel.integration.apdplat.SystemListenerCBP
4566:             1             16  org.zeroturnaround.javarebel.integration.aries.AriesProxyClassLoaderCBP
4567:             1             16  org.zeroturnaround.javarebel.integration.arjuna.ArjunaTransactionManagerImpleCBP
4568:             1             16  org.zeroturnaround.javarebel.integration.atg.AtgReusableClassLoaderCBP
4569:             1             16  org.zeroturnaround.javarebel.integration.atmosphere.DefaultAnnotationProcessorServletContainerInitializerAnnotationProcessorCBP
4570:             1             16  org.zeroturnaround.javarebel.integration.camel.CamelExtensionCBP
4571:             1             16  org.zeroturnaround.javarebel.integration.catalina.CatalinaPlugin
4572:             1             16  org.zeroturnaround.javarebel.integration.catalina.cbp.AbstractArchiveResourceSetCBP
4573:             1             16  org.zeroturnaround.javarebel.integration.catalina.cbp.ApplicationContextCBP
4574:             1             16  org.zeroturnaround.javarebel.integration.catalina.cbp.BaseDirContextCBP
4575:             1             16  org.zeroturnaround.javarebel.integration.catalina.cbp.CacheCBP
4576:             1             16  org.zeroturnaround.javarebel.integration.catalina.cbp.CachedResourceCBP
4577:             1             16  org.zeroturnaround.javarebel.integration.catalina.cbp.ConnectorCBP
4578:             1             16  org.zeroturnaround.javarebel.integration.catalina.cbp.ContextConfigCBP
4579:             1             16  org.zeroturnaround.javarebel.integration.catalina.cbp.CoyoteAdapterCBP
4580:             1             16  org.zeroturnaround.javarebel.integration.catalina.cbp.MapperCBP
4581:             1             16  org.zeroturnaround.javarebel.integration.catalina.cbp.MessageBytesCBP
4582:             1             16  org.zeroturnaround.javarebel.integration.catalina.cbp.RequestCBP
4583:             1             16  org.zeroturnaround.javarebel.integration.catalina.cbp.ServletRegistrationImplCBP
4584:             1             16  org.zeroturnaround.javarebel.integration.catalina.cbp.StandardContextCBP
4585:             1             16  org.zeroturnaround.javarebel.integration.catalina.cbp.StandardContextValveCBP
4586:             1             16  org.zeroturnaround.javarebel.integration.catalina.cbp.StandardHostValveCBP
4587:             1             16  org.zeroturnaround.javarebel.integration.catalina.cbp.StandardRootCBP
4588:             1             16  org.zeroturnaround.javarebel.integration.catalina.cbp.WebXmlCBP
4589:             1             16  org.zeroturnaround.javarebel.integration.catalina.cbp.WebappLoaderCBP
4590:             1             16  org.zeroturnaround.javarebel.integration.classworlds.ClassRealmCBP
4591:             1             16  org.zeroturnaround.javarebel.integration.classworlds.RealmClassLoaderCBP
4592:             1             16  org.zeroturnaround.javarebel.integration.classworlds.UberJarRealmClassLoaderCBP
4593:             1             16  org.zeroturnaround.javarebel.integration.clojure.ClojureDynamicClassLoaderCBP
4594:             1             16  org.zeroturnaround.javarebel.integration.commonsbeanutils.PropertyUtilsBeanCBP
4595:             1             16  org.zeroturnaround.javarebel.integration.confluence.JarClassLoaderCBP
4596:             1             16  org.zeroturnaround.javarebel.integration.cxf.CXFPlugin
4597:             1             16  org.zeroturnaround.javarebel.integration.dorado.MethodAutoMatchingUtilsCBP
4598:             1             16  org.zeroturnaround.javarebel.integration.dozer.DozerPlugin
4599:             1             16  org.zeroturnaround.javarebel.integration.drools.KModuleBeanFactoryPostProcessorCBP
4600:             1             16  org.zeroturnaround.javarebel.integration.eclipse.EclipsePlugin
4601:             1             16  org.zeroturnaround.javarebel.integration.eclipse301.Eclipse301DefaultClassLoaderClassBytecodeProcessor
4602:             1             16  org.zeroturnaround.javarebel.integration.elcommons.BeanInfoManagerElCommonsCBP
4603:             1             16  org.zeroturnaround.javarebel.integration.elcommons.BeanInfoManagerFacesCBP
4604:             1             16  org.zeroturnaround.javarebel.integration.elcommons.BeanInfoManagerStandardLangCBP
4605:             1             16  org.zeroturnaround.javarebel.integration.equinox.BundleLoaderCBP
4606:             1             16  org.zeroturnaround.javarebel.integration.equinox.DirBundleFileCBP
4607:             1             16  org.zeroturnaround.javarebel.integration.equinox.EquinoxClassLoaderCBP
4608:             1             16  org.zeroturnaround.javarebel.integration.equinox.EquinoxClassPathManagerClassBytecodeProcessor
4609:             1             16  org.zeroturnaround.javarebel.integration.equinox.EquinoxContainerCBP
4610:             1             16  org.zeroturnaround.javarebel.integration.equinox.EquinoxDefaultClassLoaderClassBytecodeProcessor
4611:             1             16  org.zeroturnaround.javarebel.integration.equinox.EquinoxFWClassLoaderCBP
4612:             1             16  org.zeroturnaround.javarebel.integration.equinox.EquinoxModuleClassLoader
4613:             1             16  org.zeroturnaround.javarebel.integration.equinox.EquinoxPlugin
4614:             1             16  org.zeroturnaround.javarebel.integration.equinox.FrameworkCBP
4615:             1             16  org.zeroturnaround.javarebel.integration.felix.FelixBundleClassLoaderCBP
4616:             1             16  org.zeroturnaround.javarebel.integration.felix.FelixBundleRevisionImplCBP
4617:             1             16  org.zeroturnaround.javarebel.integration.felix.FelixBundleWiringImplCBP
4618:             1             16  org.zeroturnaround.javarebel.integration.felix.FelixContentClassLoaderCBP
4619:             1             16  org.zeroturnaround.javarebel.integration.felix.FelixContentLoaderImplCBP
4620:             1             16  org.zeroturnaround.javarebel.integration.felix.FelixModuleClassLoaderCBP
4621:             1             16  org.zeroturnaround.javarebel.integration.felix.FelixModuleImplCBP
4622:             1             16  org.zeroturnaround.javarebel.integration.felix.FelixResolverImplCBP
4623:             1             16  org.zeroturnaround.javarebel.integration.felix.R4SearchPolicyCoreCBP
4624:             1             16  org.zeroturnaround.javarebel.integration.fileservlet.DefaultServletCBP
4625:             1             16  org.zeroturnaround.javarebel.integration.fileservlet.FileServlet$DefaultResourcePathResolver
4626:             1             16  org.zeroturnaround.javarebel.integration.fileservlet.FileServletPlugin
4627:             1             16  org.zeroturnaround.javarebel.integration.flyway.FlywayCBP
4628:             1             16  org.zeroturnaround.javarebel.integration.freemarker.BeansWrapperCBP
4629:             1             16  org.zeroturnaround.javarebel.integration.freemarker.FreemarkerClassIntrospectorCBP
4630:             1             16  org.zeroturnaround.javarebel.integration.freemarker.FreemarkerConfigurationCBP
4631:             1             16  org.zeroturnaround.javarebel.integration.freemarker.FreemarkerJavaRebelIntegrationCBP
4632:             1             16  org.zeroturnaround.javarebel.integration.gae.DevAppServerImplCBP
4633:             1             16  org.zeroturnaround.javarebel.integration.gae.GaeCustomSecurityManagerCBP
4634:             1             16  org.zeroturnaround.javarebel.integration.gae.GaeProxyPolicyCBP
4635:             1             16  org.zeroturnaround.javarebel.integration.gae.GaeTransformerCBP
4636:             1             16  org.zeroturnaround.javarebel.integration.gae.IsolatedAppClassLoaderCBP
4637:             1             16  org.zeroturnaround.javarebel.integration.gae.JettyContainerServiceCBP
4638:             1             16  org.zeroturnaround.javarebel.integration.gae.KickStartCBP
4639:             1             16  org.zeroturnaround.javarebel.integration.gae.RestrictedUrlClassLoaderCBP
4640:             1             16  org.zeroturnaround.javarebel.integration.gemini.BundleWebappClassLoaderCBP
4641:             1             16  org.zeroturnaround.javarebel.integration.gemini.GeminiBundleDelegatingClassLoaderCBP
4642:             1             16  org.zeroturnaround.javarebel.integration.gemini.GeminiBundleEntryCBP
4643:             1             16  org.zeroturnaround.javarebel.integration.gemini.GeminiChainedClassLoaderCBP
4644:             1             16  org.zeroturnaround.javarebel.integration.generic.FindResourceClassResourceSource
4645:             1             16  org.zeroturnaround.javarebel.integration.geronimo.JarFileClassLoaderCBP
4646:             1             16  org.zeroturnaround.javarebel.integration.geronimo.MultiParentClassLoaderCBP
4647:             1             16  org.zeroturnaround.javarebel.integration.geronimo.XbeanEquinoxBundleClassLoaderCBP
4648:             1             16  org.zeroturnaround.javarebel.integration.gigaspaces.ClassLoaderContextCBP
4649:             1             16  org.zeroturnaround.javarebel.integration.glassfish.DeploymentContextImplCBP
4650:             1             16  org.zeroturnaround.javarebel.integration.glassfish.DeploymentUtilsCBP
4651:             1             16  org.zeroturnaround.javarebel.integration.glassfish.EJBClassLoaderCBP
4652:             1             16  org.zeroturnaround.javarebel.integration.glassfish.GlassfishDelegatingClassLoaderCBP
4653:             1             16  org.zeroturnaround.javarebel.integration.glassfish.GlassfishPersistenceUnitInfoImpl
4654:             1             16  org.zeroturnaround.javarebel.integration.glassfish.LoggingOutputStreamCBP
4655:             1             16  org.zeroturnaround.javarebel.integration.glassfish.WebApplicationCBP
4656:             1             16  org.zeroturnaround.javarebel.integration.glassfish.WebModuleCBP
4657:             1             16  org.zeroturnaround.javarebel.integration.glassfish.corba.ClassCopierOrdinaryImplCBP
4658:             1             16  org.zeroturnaround.javarebel.integration.glassfish.corba.ClassInfoCacheCBP
4659:             1             16  org.zeroturnaround.javarebel.integration.glassfish.corba.DefaultClassCopierFactoriesCBP
4660:             1             16  org.zeroturnaround.javarebel.integration.glassfish.corba.ObjectStreamClassCBP
4661:             1             16  org.zeroturnaround.javarebel.integration.google.GuiceBridgeClassLoaderCBP
4662:             1             16  org.zeroturnaround.javarebel.integration.guava.ThrowablesCBP
4663:             1             16  org.zeroturnaround.javarebel.integration.hibernate.HibernatePlugin
4664:             1             16  org.zeroturnaround.javarebel.integration.hibernate5.HibernatePlugin
4665:             1             16  org.zeroturnaround.javarebel.integration.hybris.RegistryCBP
4666:             1             16  org.zeroturnaround.javarebel.integration.intellij.IntelliJClassLoaderClassBytecodeProcessor
4667:             1             16  org.zeroturnaround.javarebel.integration.jackson.JsonFactoryCBP
4668:             1             16  org.zeroturnaround.javarebel.integration.jasper.JasperPlugin
4669:             1             16  org.zeroturnaround.javarebel.integration.jasper.LiferayJasperPlugin
4670:             1             16  org.zeroturnaround.javarebel.integration.javac.JavacBaseFileManagerCBP
4671:             1             16  org.zeroturnaround.javarebel.integration.javacas.Cas20ProxyReceivingTicketValidationFilterCBP
4672:             1             16  org.zeroturnaround.javarebel.integration.javaxel.BeanELResolverBeanPropertiesCBP
4673:             1             16  org.zeroturnaround.javarebel.integration.jboss.classfilewriter.ClassAnnotationCBP
4674:             1             16  org.zeroturnaround.javarebel.integration.jboss.classfilewriter.EnumAnnotationValueCBP
4675:             1             16  org.zeroturnaround.javarebel.integration.jboss.classfilewriter.StringAnnotationValueCBP
4676:             1             16  org.zeroturnaround.javarebel.integration.jboss3.AbstractWebContainerCBP
4677:             1             16  org.zeroturnaround.javarebel.integration.jboss3.AbstractWebDeployerCBP
4678:             1             16  org.zeroturnaround.javarebel.integration.jboss3.UnifiedClassLoaderCBP
4679:             1             16  org.zeroturnaround.javarebel.integration.jboss4.DelegatingClassLoaderCBP
4680:             1             16  org.zeroturnaround.javarebel.integration.jboss4.JbossAbstractWebContainerCBP
4681:             1             16  org.zeroturnaround.javarebel.integration.jboss4.JbossDeploymentInfoCBP
4682:             1             16  org.zeroturnaround.javarebel.integration.jboss4.JbossEJBDeployerCBP
4683:             1             16  org.zeroturnaround.javarebel.integration.jboss4.JbossMainDeployerCBP
4684:             1             16  org.zeroturnaround.javarebel.integration.jboss4.LoadMgr3CBP
4685:             1             16  org.zeroturnaround.javarebel.integration.jboss4.RepositoryClassLoaderCBP
4686:             1             16  org.zeroturnaround.javarebel.integration.jboss5.AbstractVFSContextCBP
4687:             1             16  org.zeroturnaround.javarebel.integration.jboss5.BaseClassLoaderCBP
4688:             1             16  org.zeroturnaround.javarebel.integration.jboss5.BaseClassLoaderDomainCBP
4689:             1             16  org.zeroturnaround.javarebel.integration.jboss7.VFSResourceLoaderCBP
4690:             1             16  org.zeroturnaround.javarebel.integration.jbossel.ReferenceCacheCBP
4691:             1             16  org.zeroturnaround.javarebel.integration.jbossel.ReflectionUtilCBP
4692:             1             16  org.zeroturnaround.javarebel.integration.jenkins.AntClassLoader2CBP
4693:             1             16  org.zeroturnaround.javarebel.integration.jenkins.JenkinsAntClassLoaderCBP
4694:             1             16  org.zeroturnaround.javarebel.integration.jenkins.JenkinsCBP
4695:             1             16  org.zeroturnaround.javarebel.integration.jetty.JettyPlugin
4696:             1             16  org.zeroturnaround.javarebel.integration.jetty.JettyWebAppClassLoaderCBP
4697:             1             16  org.zeroturnaround.javarebel.integration.jibx.BindingFactoryBaseCBP
4698:             1             16  org.zeroturnaround.javarebel.integration.jpf.StandardPluginClassLoaderCBP
4699:             1             16  org.zeroturnaround.javarebel.integration.jshell.RemoteClassLoaderCBP
4700:             1             16  org.zeroturnaround.javarebel.integration.liquibase.LiquibaseCBP
4701:             1             16  org.zeroturnaround.javarebel.integration.log4j.Log4jPlugin
4702:             1             16  org.zeroturnaround.javarebel.integration.log4j2.Log4j2Plugin
4703:             1             16  org.zeroturnaround.javarebel.integration.metrics.ICEFacesContextFactoryCBP
4704:             1             16  org.zeroturnaround.javarebel.integration.metrics.JstlCoreTLVCBP
4705:             1             16  org.zeroturnaround.javarebel.integration.metrics.MainEventListenerCBP
4706:             1             16  org.zeroturnaround.javarebel.integration.metrics.TemplateCBP
4707:             1             16  org.zeroturnaround.javarebel.integration.metrics.VersionBeanVersionCBP
4708:             1             16  org.zeroturnaround.javarebel.integration.metro.MetroPlugin
4709:             1             16  org.zeroturnaround.javarebel.integration.mobicents.URLClassLoaderDomainImplCBP
4710:             1             16  org.zeroturnaround.javarebel.integration.modelmapper.TypeResolverCBP
4711:             1             16  org.zeroturnaround.javarebel.integration.monitor.MonitoredResource$1
4712:             1             16  org.zeroturnaround.javarebel.integration.netbeans.NetbeansJarClassLoaderCBP
4713:             1             16  org.zeroturnaround.javarebel.integration.netbeans.ProxyClassLoaderCBP
4714:             1             16  org.zeroturnaround.javarebel.integration.netbeans.TopSecurityManagerCBP
4715:             1             16  org.zeroturnaround.javarebel.integration.netty.NettyHttpServerCBP
4716:             1             16  org.zeroturnaround.javarebel.integration.objectdb.ObjectDBDelegationCBP
4717:             1             16  org.zeroturnaround.javarebel.integration.oc4j.ClassPathAccessorCBP
4718:             1             16  org.zeroturnaround.javarebel.integration.oc4j.EJBPackageDeploymentCBP
4719:             1             16  org.zeroturnaround.javarebel.integration.oc4j.NotFoundServletCBP
4720:             1             16  org.zeroturnaround.javarebel.integration.oc4j.PolicyClassLoaderCBP
4721:             1             16  org.zeroturnaround.javarebel.integration.ognl.OgnlRuntimeCBP
4722:             1             16  org.zeroturnaround.javarebel.integration.openejb.OpenEJBBasicURLClassPathCBP
4723:             1             16  org.zeroturnaround.javarebel.integration.openejb.OpenEjbTempClassLoaderCBP
4724:             1             16  org.zeroturnaround.javarebel.integration.openejb.PersistenceClassLoaderHandlerImplCBP
4725:             1             16  org.zeroturnaround.javarebel.integration.openl.UnpackClasspathJarToDirectoryBeanCBP
4726:             1             16  org.zeroturnaround.javarebel.integration.ops4j.WebAppHttpContextCBP
4727:             1             16  org.zeroturnaround.javarebel.integration.powermock.PowermockDeferSupportingClassLoaderCBP
4728:             1             16  org.zeroturnaround.javarebel.integration.prosyst.ProSystBundleLoaderCBP
4729:             1             16  org.zeroturnaround.javarebel.integration.prosyst.ProSystDefaultClassProviderCBP
4730:             1             16  org.zeroturnaround.javarebel.integration.prosyst.ProSystPackagesManagerCBP
4731:             1             16  org.zeroturnaround.javarebel.integration.proxy.bytebuddy.ByteArrayClassLoaderCBP
4732:             1             16  org.zeroturnaround.javarebel.integration.proxy.bytebuddy.ClassDefinitionActionCBP
4733:             1             16  org.zeroturnaround.javarebel.integration.proxy.bytebuddy.ClassInjectorUsingCBP
4734:             1             16  org.zeroturnaround.javarebel.integration.proxy.bytebuddy.ClassInjectorUsingLookupCBP
4735:             1             16  org.zeroturnaround.javarebel.integration.proxy.bytebuddy.DynamicTypeBuilderCBP
4736:             1             16  org.zeroturnaround.javarebel.integration.proxy.bytebuddy.ForLoadedTypeCBP
4737:             1             16  org.zeroturnaround.javarebel.integration.proxy.bytebuddy.InstrumentedTypeDefaultCBP
4738:             1             16  org.zeroturnaround.javarebel.integration.proxy.bytebuddy.InstrumentedTypeFactoryCBP
4739:             1             16  org.zeroturnaround.javarebel.integration.proxy.bytebuddy.MethodRegistryDefaultCBP
4740:             1             16  org.zeroturnaround.javarebel.integration.proxy.cglib.AbstractClassGeneratorCBP
4741:             1             16  org.zeroturnaround.javarebel.integration.proxy.cglib.EnhancerCBP
4742:             1             16  org.zeroturnaround.javarebel.integration.proxy.cglib.FastClassGeneratorCBP
4743:             1             16  org.zeroturnaround.javarebel.integration.proxy.cglib.FastConstructorCBP
4744:             1             16  org.zeroturnaround.javarebel.integration.proxy.cglib.FastMethodCBP
4745:             1             16  org.zeroturnaround.javarebel.integration.proxy.cglib.IndicesCallbackFilterCBP
4746:             1             16  org.zeroturnaround.javarebel.integration.proxy.cglib.ProxyConstructorCBP
4747:             1             16  org.zeroturnaround.javarebel.integration.proxy.cglib.ProxyFactoryCBP
4748:             1             16  org.zeroturnaround.javarebel.integration.proxy.cglib.ReflectUtilsCBP
4749:             1             16  org.zeroturnaround.javarebel.integration.proxy.cglib.UndeclaredThrowableStrategyCBP
4750:             1             16  org.zeroturnaround.javarebel.integration.proxy.deltaspike.AsmProxyClassGeneratorCBP
4751:             1             16  org.zeroturnaround.javarebel.integration.proxy.javassist.ProxyFactoryCBP
4752:             1             16  org.zeroturnaround.javarebel.integration.reflectionslib.ClasspathHelperCBP
4753:             1             16  org.zeroturnaround.javarebel.integration.reflectionslib.ZipDirIterableAbstractIteratorCBP
4754:             1             16  org.zeroturnaround.javarebel.integration.resin.LineConfigExceptionCBP
4755:             1             16  org.zeroturnaround.javarebel.integration.resin.ResinCBP
4756:             1             16  org.zeroturnaround.javarebel.integration.resin.ResinDeployControllerConfigCBP
4757:             1             16  org.zeroturnaround.javarebel.integration.resin.ResinDynamicClassLoaderCBP
4758:             1             16  org.zeroturnaround.javarebel.integration.resin.ResinEnvironmentClassLoaderCBP
4759:             1             16  org.zeroturnaround.javarebel.integration.resin.WatchdogClientCBP
4760:             1             16  org.zeroturnaround.javarebel.integration.resin.WatchdogConfigCBP
4761:             1             16  org.zeroturnaround.javarebel.integration.resteasy.GeneralValidatorImplCBP
4762:             1             16  org.zeroturnaround.javarebel.integration.sap.SapMultiParentClassLoaderCBP
4763:             1             16  org.zeroturnaround.javarebel.integration.sap.SapResourceMultiParentClassLoaderCBP
4764:             1             16  org.zeroturnaround.javarebel.integration.sap.SapSystemURLStreamHandlerFactoryCBP
4765:             1             16  org.zeroturnaround.javarebel.integration.serp.SerpStringsCBP
4766:             1             16  org.zeroturnaround.javarebel.integration.servlet.HttpServletRequestCBP
4767:             1             16  org.zeroturnaround.javarebel.integration.servlet.HttpServletResponseCBP
4768:             1             16  org.zeroturnaround.javarebel.integration.servlet.LiferayCustomServletContextHelperCBP
4769:             1             16  org.zeroturnaround.javarebel.integration.servlet.ServletContextCBP
4770:             1             16  org.zeroturnaround.javarebel.integration.servlet.ServletIntegrationPlugin
4771:             1             16  org.zeroturnaround.javarebel.integration.servlet.gae.StaticFileFilterCBP
4772:             1             16  org.zeroturnaround.javarebel.integration.servlet.jboss.JBossContextConfigCBP
4773:             1             16  org.zeroturnaround.javarebel.integration.servlet.jetty.JettyContextHandlerCBP
4774:             1             16  org.zeroturnaround.javarebel.integration.servlet.jetty.JettyJarFileResourceCBP
4775:             1             16  org.zeroturnaround.javarebel.integration.servlet.jetty.JettyServletContextHandlerCBP
4776:             1             16  org.zeroturnaround.javarebel.integration.servlet.jetty.JettyWebAppContextCBP
4777:             1             16  org.zeroturnaround.javarebel.integration.servlet.jetty.ResourceCBP
4778:             1             16  org.zeroturnaround.javarebel.integration.servlet.liferay.EquinoxServletContextAdaptorCBP
4779:             1             16  org.zeroturnaround.javarebel.integration.servlet.oc4j.ApplicationTldCacheImplCBP
4780:             1             16  org.zeroturnaround.javarebel.integration.servlet.oc4j.HttpApplicationCBP
4781:             1             16  org.zeroturnaround.javarebel.integration.servlet.oc4j.HttpRequestHandlerCBP
4782:             1             16  org.zeroturnaround.javarebel.integration.servlet.oc4j.HttpSiteCBP
4783:             1             16  org.zeroturnaround.javarebel.integration.servlet.oc4j.OC4JJspJavacCompilerCBP
4784:             1             16  org.zeroturnaround.javarebel.integration.servlet.oc4j.ServletDescriptorCBP
4785:             1             16  org.zeroturnaround.javarebel.integration.servlet.oc4j.ServletMappingCBP
4786:             1             16  org.zeroturnaround.javarebel.integration.servlet.resin.InvocationCBP
4787:             1             16  org.zeroturnaround.javarebel.integration.servlet.resin.JspPropertyGroupCBP
4788:             1             16  org.zeroturnaround.javarebel.integration.servlet.resin.PageFilterChainCBP
4789:             1             16  org.zeroturnaround.javarebel.integration.servlet.resin.ResinApplicationCBP
4790:             1             16  org.zeroturnaround.javarebel.integration.servlet.resin.ResinJavaCompilerCBP
4791:             1             16  org.zeroturnaround.javarebel.integration.servlet.sap.SapApplicationContextCBP
4792:             1             16  org.zeroturnaround.javarebel.integration.servlet.undertow.UndertowServletPlugin
4793:             1             16  org.zeroturnaround.javarebel.integration.servlet.virgo.BundleWebResourceRootCBP
4794:             1             16  org.zeroturnaround.javarebel.integration.servlet.virgo.VirgoTomcatServletContainerCBP
4795:             1             16  org.zeroturnaround.javarebel.integration.servlet.weblogic.JSPServletCBP
4796:             1             16  org.zeroturnaround.javarebel.integration.servlet.weblogic.JavelinxJSPStubCBP
4797:             1             16  org.zeroturnaround.javarebel.integration.servlet.weblogic.JavelinxJspPrecompilerCBP
4798:             1             16  org.zeroturnaround.javarebel.integration.servlet.weblogic.JavelinxTagFileStaleCheckerCBP
4799:             1             16  org.zeroturnaround.javarebel.integration.servlet.weblogic.JspConfigCBP
4800:             1             16  org.zeroturnaround.javarebel.integration.servlet.weblogic.JspParserCBP
4801:             1             16  org.zeroturnaround.javarebel.integration.servlet.weblogic.JspStubCBP
4802:             1             16  org.zeroturnaround.javarebel.integration.servlet.weblogic.JspTagLibraryFeatureCBP
4803:             1             16  org.zeroturnaround.javarebel.integration.servlet.weblogic.ServletInvocationActionCBP
4804:             1             16  org.zeroturnaround.javarebel.integration.servlet.weblogic.ServletStubImplCBP
4805:             1             16  org.zeroturnaround.javarebel.integration.servlet.weblogic.TagFileTagInfoCBP
4806:             1             16  org.zeroturnaround.javarebel.integration.servlet.weblogic.WarResourceFinderCBP
4807:             1             16  org.zeroturnaround.javarebel.integration.servlet.weblogic.WebAppConfigManagerCBP
4808:             1             16  org.zeroturnaround.javarebel.integration.servlet.weblogic.WebAppProjectFeatureImplCBP
4809:             1             16  org.zeroturnaround.javarebel.integration.servlet.weblogic.WebAppServletContextCBP
4810:             1             16  org.zeroturnaround.javarebel.integration.servlet.weblogic.WeblogicJspClassLoaderCBP
4811:             1             16  org.zeroturnaround.javarebel.integration.servlet.weblogic.WeblogicTagFileClassLoaderCBP
4812:             1             16  org.zeroturnaround.javarebel.integration.servlet.websphere.AbstractJSPExtensionProcessorCBP
4813:             1             16  org.zeroturnaround.javarebel.integration.servlet.websphere.AbstractJSPExtensionServletWrapperCBP
4814:             1             16  org.zeroturnaround.javarebel.integration.servlet.websphere.CacheServletWrapperCBP
4815:             1             16  org.zeroturnaround.javarebel.integration.servlet.websphere.GeneratorUtilsCBP
4816:             1             16  org.zeroturnaround.javarebel.integration.servlet.websphere.JSPExtensionClassLoaderCBP
4817:             1             16  org.zeroturnaround.javarebel.integration.servlet.websphere.JSPExtensionContextCBP
4818:             1             16  org.zeroturnaround.javarebel.integration.servlet.websphere.JSPExtensionServletWrapperCBP
4819:             1             16  org.zeroturnaround.javarebel.integration.servlet.websphere.JspDependentCBP
4820:             1             16  org.zeroturnaround.javarebel.integration.servlet.websphere.JspInputSourceContainerImplCBP
4821:             1             16  org.zeroturnaround.javarebel.integration.servlet.websphere.JspInputSourceImplCBP
4822:             1             16  org.zeroturnaround.javarebel.integration.servlet.websphere.JspOptionsCBP
4823:             1             16  org.zeroturnaround.javarebel.integration.servlet.websphere.LibertyWebappCBP
4824:             1             16  org.zeroturnaround.javarebel.integration.servlet.websphere.TagFileResourcesImplCBP
4825:             1             16  org.zeroturnaround.javarebel.integration.servlet.websphere.TagLibraryCacheCBP
4826:             1             16  org.zeroturnaround.javarebel.integration.servlet.websphere.ValidateVisitorCBP
4827:             1             16  org.zeroturnaround.javarebel.integration.servlet.websphere.WasServletConfigCBP
4828:             1             16  org.zeroturnaround.javarebel.integration.servlet.websphere.WebContainerCBP
4829:             1             16  org.zeroturnaround.javarebel.integration.servlet.websphere.WebGroupImplCBP
4830:             1             16  org.zeroturnaround.javarebel.integration.servlet.websphere.WebappCBP
4831:             1             16  org.zeroturnaround.javarebel.integration.sling.ClassLoaderFacadeCBP
4832:             1             16  org.zeroturnaround.javarebel.integration.smartGwt.SmartGwtLinkerCBP
4833:             1             16  org.zeroturnaround.javarebel.integration.spring.BundleDelegatingClassLoaderCBP
4834:             1             16  org.zeroturnaround.javarebel.integration.spring.InstrumentationLoadTimeWeaverCBP
4835:             1             16  org.zeroturnaround.javarebel.integration.spring.OverridingClassLoaderCBP
4836:             1             16  org.zeroturnaround.javarebel.integration.spring.ResourceCBP
4837:             1             16  org.zeroturnaround.javarebel.integration.spring.ShadowingClassLoaderCBP
4838:             1             16  org.zeroturnaround.javarebel.integration.spring.SpringMvcPlugin
4839:             1             16  org.zeroturnaround.javarebel.integration.spring.SpringOrmTransactionManagerCBP
4840:             1             16  org.zeroturnaround.javarebel.integration.spring.SpringPlugin
4841:             1             16  org.zeroturnaround.javarebel.integration.spring.SpringWebPlugin
4842:             1             16  org.zeroturnaround.javarebel.integration.spring.TomcatInstrumentableClassLoaderCBP
4843:             1             16  org.zeroturnaround.javarebel.integration.spring.WebApplicationObjectSupportCBP
4844:             1             16  org.zeroturnaround.javarebel.integration.spring.actuator.SpringBootActuatorPlugin
4845:             1             16  org.zeroturnaround.javarebel.integration.spring.annotations.ConfigurationReloaderSpring3
4846:             1             16  org.zeroturnaround.javarebel.integration.spring.aop.AdviceBeanWrapper
4847:             1             16  org.zeroturnaround.javarebel.integration.spring.aop.SpringAopPlugin
4848:             1             16  org.zeroturnaround.javarebel.integration.spring.aop.cbp.AbstractAdvisingBeanPostProcessorCBP
4849:             1             16  org.zeroturnaround.javarebel.integration.spring.aop.cbp.AbstractAutoProxyCreatorCBP
4850:             1             16  org.zeroturnaround.javarebel.integration.spring.aop.cbp.AbstractSingletonProxyFactoryBeanCBP
4851:             1             16  org.zeroturnaround.javarebel.integration.spring.aop.cbp.AdvisedSupportCBP
4852:             1             16  org.zeroturnaround.javarebel.integration.spring.aop.cbp.AnnotationAwareAspectJAutoProxyCreatorCBP
4853:             1             16  org.zeroturnaround.javarebel.integration.spring.aop.cbp.AspectJExpressionPointcutCBP
4854:             1             16  org.zeroturnaround.javarebel.integration.spring.aop.cbp.AutoProxyUtilsCBP
4855:             1             16  org.zeroturnaround.javarebel.integration.spring.aop.cbp.BeanFactoryAspectJAdvisorsBuilderCBP
4856:             1             16  org.zeroturnaround.javarebel.integration.spring.aop.cbp.InfrastructureAdvisorAutoProxyCreatorCBP
4857:             1             16  org.zeroturnaround.javarebel.integration.spring.beans.JsfCdiToSpringBeanFactoryPostProcessorCBP
4858:             1             16  org.zeroturnaround.javarebel.integration.spring.beans.PostProcessorRegistrationDelegateCBP
4859:             1             16  org.zeroturnaround.javarebel.integration.spring.beans.RootBeanDefinitionCBP
4860:             1             16  org.zeroturnaround.javarebel.integration.spring.beans.SpringBeansPlugin
4861:             1             16  org.zeroturnaround.javarebel.integration.spring.beans.XmlBeanDefinitionManager
4862:             1             16  org.zeroturnaround.javarebel.integration.spring.beans.cbp.AbstractApplicationContextCBP
4863:             1             16  org.zeroturnaround.javarebel.integration.spring.beans.cbp.AbstractAutowireCapableBeanFactoryCBP
4864:             1             16  org.zeroturnaround.javarebel.integration.spring.beans.cbp.AbstractBeanDefinitionCBP
4865:             1             16  org.zeroturnaround.javarebel.integration.spring.beans.cbp.AbstractBeanFactoryCBP
4866:             1             16  org.zeroturnaround.javarebel.integration.spring.beans.cbp.AbstractCamelContextFactoryBeanCBP
4867:             1             16  org.zeroturnaround.javarebel.integration.spring.beans.cbp.AbstractRequestAttributesCBP
4868:             1             16  org.zeroturnaround.javarebel.integration.spring.beans.cbp.AutowiredAnnotationBeanPostProcessorCBP
4869:             1             16  org.zeroturnaround.javarebel.integration.spring.beans.cbp.BeanDefinitionHolderCBP
4870:             1             16  org.zeroturnaround.javarebel.integration.spring.beans.cbp.BeanDefinitionParserDelegateCBP
4871:             1             16  org.zeroturnaround.javarebel.integration.spring.beans.cbp.BeanDefinitionValueResolverCBP
4872:             1             16  org.zeroturnaround.javarebel.integration.spring.beans.cbp.CachedIntrospectionResultsCBP
4873:             1             16  org.zeroturnaround.javarebel.integration.spring.beans.cbp.CamelContextFactoryBeanCBP
4874:             1             16  org.zeroturnaround.javarebel.integration.spring.beans.cbp.ContextLoaderListenerCBP
4875:             1             16  org.zeroturnaround.javarebel.integration.spring.beans.cbp.CustomScopeAnnotationConfigurerCBP
4876:             1             16  org.zeroturnaround.javarebel.integration.spring.beans.cbp.DefaultListableBeanFactoryCBP
4877:             1             16  org.zeroturnaround.javarebel.integration.spring.beans.cbp.DefaultSingletonBeanRegistryCBP
4878:             1             16  org.zeroturnaround.javarebel.integration.spring.beans.cbp.FrameworkServletCBP
4879:             1             16  org.zeroturnaround.javarebel.integration.spring.beans.cbp.HybrisWebApplicationBeanFactoryPostProcessorCBP
4880:             1             16  org.zeroturnaround.javarebel.integration.spring.beans.cbp.InjectionMetadataCBP
4881:             1             16  org.zeroturnaround.javarebel.integration.spring.beans.cbp.MBeanExporterCBP
4882:             1             16  org.zeroturnaround.javarebel.integration.spring.beans.cbp.MBeanRegistrationSupportCBP
4883:             1             16  org.zeroturnaround.javarebel.integration.spring.beans.cbp.MutablePropertyValuesCBP
4884:             1             16  org.zeroturnaround.javarebel.integration.spring.beans.cbp.OpenEntityManagerInViewFilterCBP
4885:             1             16  org.zeroturnaround.javarebel.integration.spring.beans.cbp.PlaceholderConfigurerSupportCBP
4886:             1             16  org.zeroturnaround.javarebel.integration.spring.beans.cbp.PropertiesFactoryBeanCBP
4887:             1             16  org.zeroturnaround.javarebel.integration.spring.beans.cbp.PropertyOrFieldReferenceCBP
4888:             1             16  org.zeroturnaround.javarebel.integration.spring.beans.cbp.PropertyResourceConfigurerCBP
4889:             1             16  org.zeroturnaround.javarebel.integration.spring.beans.cbp.PropertyValueCBP
4890:             1             16  org.zeroturnaround.javarebel.integration.spring.beans.cbp.ServletRequestAttributesCBP
4891:             1             16  org.zeroturnaround.javarebel.integration.spring.beans.cbp.SimpleInstantiationStrategyCBP
4892:             1             16  org.zeroturnaround.javarebel.integration.spring.beans.cbp.TypedStringValueCBP
4893:             1             16  org.zeroturnaround.javarebel.integration.spring.beans.cbp.XmlBeanDefinitionReaderCBP
4894:             1             16  org.zeroturnaround.javarebel.integration.spring.beans.cbp.XmlBeanFactoryCBP
4895:             1             16  org.zeroturnaround.javarebel.integration.spring.boot.JrRunCmdLineOnReload
4896:             1             16  org.zeroturnaround.javarebel.integration.spring.boot.Profile
4897:             1             16  org.zeroturnaround.javarebel.integration.spring.boot.SpringBootPlugin
4898:             1             16  org.zeroturnaround.javarebel.integration.spring.boot.cbp.AbstractRepositoryConfigurationSourceSupportCBP
4899:             1             16  org.zeroturnaround.javarebel.integration.spring.boot.cbp.BeanTypeRegistryCBP
4900:             1             16  org.zeroturnaround.javarebel.integration.spring.boot.cbp.ConfigurationBeanFactoryMetadataCBP
4901:             1             16  org.zeroturnaround.javarebel.integration.spring.boot.cbp.ConfigurationPropertiesBinderCBP
4902:             1             16  org.zeroturnaround.javarebel.integration.spring.boot.cbp.ConfigurationPropertiesBindingPostProcessorCBP
4903:             1             16  org.zeroturnaround.javarebel.integration.spring.boot.cbp.LoggingApplicationListenerCBP
4904:             1             16  org.zeroturnaround.javarebel.integration.spring.boot.cbp.OnBeanConditionCBP
4905:             1             16  org.zeroturnaround.javarebel.integration.spring.boot.cbp.PropertiesPropertySourceLoaderCBP
4906:             1             16  org.zeroturnaround.javarebel.integration.spring.boot.cbp.SpringApplicationCBP
4907:             1             16  org.zeroturnaround.javarebel.integration.spring.boot.cbp.StandardLoggingSystemCBP
4908:             1             16  org.zeroturnaround.javarebel.integration.spring.boot.cbp.YamlPropertySourceLoaderCBP
4909:             1             16  org.zeroturnaround.javarebel.integration.spring.cbp.AbstractApplicationContextCBP
4910:             1             16  org.zeroturnaround.javarebel.integration.spring.cbp.AbstractDetectingUrlHandlerMappingCBP
4911:             1             16  org.zeroturnaround.javarebel.integration.spring.cbp.AbstractHandlerMappingCBP
4912:             1             16  org.zeroturnaround.javarebel.integration.spring.cbp.AbstractHandlerMethodMappingCBP
4913:             1             16  org.zeroturnaround.javarebel.integration.spring.cbp.AbstractMapBasedHandlerMappingCBP
4914:             1             16  org.zeroturnaround.javarebel.integration.spring.cbp.AbstractNamedValueMethodArgumentResolverCBP
4915:             1             16  org.zeroturnaround.javarebel.integration.spring.cbp.AbstractRefreshableApplicationContextCBP
4916:             1             16  org.zeroturnaround.javarebel.integration.spring.cbp.AbstractUrlHandlerMappingCBP
4917:             1             16  org.zeroturnaround.javarebel.integration.spring.cbp.AnnotationBeanValidationConfigurationLoaderCBP
4918:             1             16  org.zeroturnaround.javarebel.integration.spring.cbp.AnnotationConfigApplicationContextCBP
4919:             1             16  org.zeroturnaround.javarebel.integration.spring.cbp.AnnotationConfigWebApplicationContextCBP
4920:             1             16  org.zeroturnaround.javarebel.integration.spring.cbp.AnnotationMethodHandlerAdapterCBP
4921:             1             16  org.zeroturnaround.javarebel.integration.spring.cbp.AopUtilsCBP
4922:             1             16  org.zeroturnaround.javarebel.integration.spring.cbp.ApplicationObjectSupportCBP
4923:             1             16  org.zeroturnaround.javarebel.integration.spring.cbp.BeanMethodInterceptorCBP
4924:             1             16  org.zeroturnaround.javarebel.integration.spring.cbp.CachingResourceResolverCBP
4925:             1             16  org.zeroturnaround.javarebel.integration.spring.cbp.ConfigurationClassBeanDefinitionReaderCBP
4926:             1             16  org.zeroturnaround.javarebel.integration.spring.cbp.ConfigurationClassParserCBP
4927:             1             16  org.zeroturnaround.javarebel.integration.spring.cbp.ConfigurationClassPostProcessorCBP
4928:             1             16  org.zeroturnaround.javarebel.integration.spring.cbp.DefaultAnnotationHandlerMappingCBP
4929:             1             16  org.zeroturnaround.javarebel.integration.spring.cbp.DelegatingFilterProxyCBP
4930:             1             16  org.zeroturnaround.javarebel.integration.spring.cbp.DispatcherServletCBP
4931:             1             16  org.zeroturnaround.javarebel.integration.spring.cbp.ExceptionHandlerExceptionResolverCBP
4932:             1             16  org.zeroturnaround.javarebel.integration.spring.cbp.GenericApplicationContextCBP
4933:             1             16  org.zeroturnaround.javarebel.integration.spring.cbp.GenericTypeResolverCBP
4934:             1             16  org.zeroturnaround.javarebel.integration.spring.cbp.HandlerMethodArgumentResolverCompositeCBP
4935:             1             16  org.zeroturnaround.javarebel.integration.spring.cbp.HandlerMethodCBP
4936:             1             16  org.zeroturnaround.javarebel.integration.spring.cbp.MappingRegistryCBP
4937:             1             16  org.zeroturnaround.javarebel.integration.spring.cbp.MethodValidationPostProcessorCBP
4938:             1             16  org.zeroturnaround.javarebel.integration.spring.cbp.MultiActionControllerCBP
4939:             1             16  org.zeroturnaround.javarebel.integration.spring.cbp.PathResourceResolverCBP
4940:             1             16  org.zeroturnaround.javarebel.integration.spring.cbp.PortletDefaultAnnotationHandlerMappingCBP
4941:             1             16  org.zeroturnaround.javarebel.integration.spring.cbp.PortletModeParameterHandlerMappingCBP
4942:             1             16  org.zeroturnaround.javarebel.integration.spring.cbp.PropertySourcesPlaceholderConfigurerCBP
4943:             1             16  org.zeroturnaround.javarebel.integration.spring.cbp.ReloadableResourceBundleMessageSourceCBP
4944:             1             16  org.zeroturnaround.javarebel.integration.spring.cbp.RequestMappingHandlerAdaptorCBP
4945:             1             16  org.zeroturnaround.javarebel.integration.spring.cbp.RequestMappingHandlerMappingCBP
4946:             1             16  org.zeroturnaround.javarebel.integration.spring.cbp.ResourceBundleMessageSourceCBP
4947:             1             16  org.zeroturnaround.javarebel.integration.spring.cbp.ResourceBundleMessageSourceMessageSourceControlCBP
4948:             1             16  org.zeroturnaround.javarebel.integration.spring.cbp.ResourceHttpRequestHandlerCBP
4949:             1             16  org.zeroturnaround.javarebel.integration.spring.cbp.ScheduledMethodRunnableCBP
4950:             1             16  org.zeroturnaround.javarebel.integration.spring.cbp.SchedulingAnnotationBeanPostProcessorCBP
4951:             1             16  org.zeroturnaround.javarebel.integration.spring.cbp.SimpleUrlHandlerMappingCBP
4952:             1             16  org.zeroturnaround.javarebel.integration.spring.cbp.TransactionAspectSupportCBP
4953:             1             16  org.zeroturnaround.javarebel.integration.spring.cbp.TransactionAttributeSourceCBP
4954:             1             16  org.zeroturnaround.javarebel.integration.spring.cbp.VelocityEngineFactoryCBP
4955:             1             16  org.zeroturnaround.javarebel.integration.spring.cbp.ViewControllerBeanDefinitionParserCBP
4956:             1             16  org.zeroturnaround.javarebel.integration.spring.cbp.WebMvcConfigurationSupportCBP
4957:             1             16  org.zeroturnaround.javarebel.integration.spring.cbp.annotations.AbstractFallbackTransactionAttributeSourceCBP
4958:             1             16  org.zeroturnaround.javarebel.integration.spring.cbp.annotations.BeanAnnotationHelperCBP
4959:             1             16  org.zeroturnaround.javarebel.integration.spring.cbp.annotations.ClassPathBeanDefinitionScannerCBP
4960:             1             16  org.zeroturnaround.javarebel.integration.spring.cbp.annotations.ClassPathScanningCandidateComponentProviderCBP
4961:             1             16  org.zeroturnaround.javarebel.integration.spring.cbp.annotations.ComponentScanAnnotationParserCBP
4962:             1             16  org.zeroturnaround.javarebel.integration.spring.cbp.annotations.ComponentScanBeanDefinitionParserCBP
4963:             1             16  org.zeroturnaround.javarebel.integration.spring.cbp.annotations.InjectionMetadataCacheCBP
4964:             1             16  org.zeroturnaround.javarebel.integration.spring.cbp.annotations.ScannedGenericBeanDefinitionCBP
4965:             1             16  org.zeroturnaround.javarebel.integration.spring.cbp.annotations.SchedulingAnnotationDrivenBeanDefinitionParserCBP
4966:             1             16  org.zeroturnaround.javarebel.integration.spring.cbp.instrument.JBossLoadTimeWeaverCBP
4967:             1             16  org.zeroturnaround.javarebel.integration.spring.core.AnnotationsUtilsCacheClearer
4968:             1             16  org.zeroturnaround.javarebel.integration.spring.core.SpringCorePlugin
4969:             1             16  org.zeroturnaround.javarebel.integration.spring.core.cbp.AnnotationsUtilsCBP
4970:             1             16  org.zeroturnaround.javarebel.integration.spring.core.cbp.AttributeAccessorSupportCBP
4971:             1             16  org.zeroturnaround.javarebel.integration.spring.core.cbp.CachingMetadataReaderFactoryCBP
4972:             1             16  org.zeroturnaround.javarebel.integration.spring.core.cbp.LocalVariableTableParameterNameDiscovererCBP
4973:             1             16  org.zeroturnaround.javarebel.integration.spring.core.cbp.MapPropertySourceCBP
4974:             1             16  org.zeroturnaround.javarebel.integration.spring.core.cbp.MethodParameterCBP
4975:             1             16  org.zeroturnaround.javarebel.integration.spring.core.cbp.PathMatchingResourcePatternResolverCBP
4976:             1             16  org.zeroturnaround.javarebel.integration.spring.core.cbp.ReflectionUtilsCBP
4977:             1             16  org.zeroturnaround.javarebel.integration.spring.core.cbp.ResourcePropertySourceCBP
4978:             1             16  org.zeroturnaround.javarebel.integration.spring.core.cbp.SimpleMetadataReaderFactoryCBP
4979:             1             16  org.zeroturnaround.javarebel.integration.spring.core.cbp.VFSResourcePatternResolvingHelperCBP
4980:             1             16  org.zeroturnaround.javarebel.integration.spring.core.cbp.VfsResourceMatchingDelegateCBP
4981:             1             16  org.zeroturnaround.javarebel.integration.spring.jms.SpringJmsPlugin
4982:             1             16  org.zeroturnaround.javarebel.integration.spring.orm.SpringOrmPlugin
4983:             1             16  org.zeroturnaround.javarebel.integration.spring.oxm.SpringOxmPlugin
4984:             1             16  org.zeroturnaround.javarebel.integration.spring.reactive.SpringWebFluxPlugin
4985:             1             16  org.zeroturnaround.javarebel.integration.spring.webflow.SpringWebflowPlugin
4986:             1             16  org.zeroturnaround.javarebel.integration.streambase.StreamBaseJarClassLoaderCBP
4987:             1             16  org.zeroturnaround.javarebel.integration.struts.Struts1Plugin
4988:             1             16  org.zeroturnaround.javarebel.integration.struts2.Struts2Plugin
4989:             1             16  org.zeroturnaround.javarebel.integration.support.JavassistClassBytecodeProcessor$1
4990:             1             16  org.zeroturnaround.javarebel.integration.support.JavassistClassBytecodeProcessor$2
4991:             1             16  org.zeroturnaround.javarebel.integration.support.RestrictedClassClassPath
4992:             1             16  org.zeroturnaround.javarebel.integration.swagger.ApiListingResourceCBP
4993:             1             16  org.zeroturnaround.javarebel.integration.swagger.SwaggerCBP
4994:             1             16  org.zeroturnaround.javarebel.integration.swagger.SwaggerConfigCBP
4995:             1             16  org.zeroturnaround.javarebel.integration.tapestry4.Tapestry4Plugin
4996:             1             16  org.zeroturnaround.javarebel.integration.tapestry5.Tapestry5Plugin
4997:             1             16  org.zeroturnaround.javarebel.integration.tcat.TcatClassLoaderFilter
4998:             1             16  org.zeroturnaround.javarebel.integration.tk.WebAppMigrationLauncherCBP
4999:             1             16  org.zeroturnaround.javarebel.integration.tomcat.ProxyDirContextCBP
5000:             1             16  org.zeroturnaround.javarebel.integration.tomcat.StandardJarScannerCBP
5001:             1             16  org.zeroturnaround.javarebel.integration.tomcat.WebappClassLoaderCBP
5002:             1             16  org.zeroturnaround.javarebel.integration.tomee.OpenEJBContextConfigCBP
5003:             1             16  org.zeroturnaround.javarebel.integration.tomee.TomcatWebAppBuilderCBP
5004:             1             16  org.zeroturnaround.javarebel.integration.tomee.TomeeUrlCacheCBP
5005:             1             16  org.zeroturnaround.javarebel.integration.util.MonitorUtil$1
5006:             1             16  org.zeroturnaround.javarebel.integration.util.RequestCountingUtil$CountingRequestListener
5007:             1             16  org.zeroturnaround.javarebel.integration.util.WeakUtil$WeakListenerReference$1
5008:             1             16  org.zeroturnaround.javarebel.integration.vaadin.ApplicationCBP
5009:             1             16  org.zeroturnaround.javarebel.integration.vaadin.RouteRegistryCBP
5010:             1             16  org.zeroturnaround.javarebel.integration.vaadin.UICBP
5011:             1             16  org.zeroturnaround.javarebel.integration.vaadin.spring.SpringViewDisplayPostProcessorCBP
5012:             1             16  org.zeroturnaround.javarebel.integration.vaadin.spring.SpringViewDisplayRegistrationBeanCBP
5013:             1             16  org.zeroturnaround.javarebel.integration.vfs.VFSCBP
5014:             1             16  org.zeroturnaround.javarebel.integration.virgo.FindResourceDelegatingClassLoaderCBP
5015:             1             16  org.zeroturnaround.javarebel.integration.virgo.KernelBundleClassLoaderCBP
5016:             1             16  org.zeroturnaround.javarebel.integration.virgo.SnapServletContextCBP
5017:             1             16  org.zeroturnaround.javarebel.integration.virgo.VirgoThrowAwayClassLoaderCBP
5018:             1             16  org.zeroturnaround.javarebel.integration.vraptor.VRaptorCBP
5019:             1             16  org.zeroturnaround.javarebel.integration.vraptor.VRaptorPlugin
5020:             1             16  org.zeroturnaround.javarebel.integration.weblogic.AbstractPersistenceUnitRegistryCBP
5021:             1             16  org.zeroturnaround.javarebel.integration.weblogic.ByteArraySourceCBP
5022:             1             16  org.zeroturnaround.javarebel.integration.weblogic.ChangeAwareClassLoaderCBP
5023:             1             16  org.zeroturnaround.javarebel.integration.weblogic.ClassFinderIndexCBP
5024:             1             16  org.zeroturnaround.javarebel.integration.weblogic.DirectoryClassFinderCBP
5025:             1             16  org.zeroturnaround.javarebel.integration.weblogic.FilteringClassLoaderCBP
5026:             1             16  org.zeroturnaround.javarebel.integration.weblogic.GenericClassLoaderCBP
5027:             1             16  org.zeroturnaround.javarebel.integration.weblogic.PersistenceUtilsCBP
5028:             1             16  org.zeroturnaround.javarebel.integration.weblogic.ZipClassFinderCBP
5029:             1             16  org.zeroturnaround.javarebel.integration.weblogic.logging.BaseLoggerCBP
5030:             1             16  org.zeroturnaround.javarebel.integration.weblogic.logging.CodeGeneratorCBP
5031:             1             16  org.zeroturnaround.javarebel.integration.weblogic.logging.CompilerForJDTCBP
5032:             1             16  org.zeroturnaround.javarebel.integration.weblogic.logging.CompilerInvokerCBP
5033:             1             16  org.zeroturnaround.javarebel.integration.weblogic.logging.DebugLoggerCBP
5034:             1             16  org.zeroturnaround.javarebel.integration.weblogic.logging.T3SrvrLoggerCBP
5035:             1             16  org.zeroturnaround.javarebel.integration.websphere.CompoundClassLoaderCBP
5036:             1             16  org.zeroturnaround.javarebel.integration.websphere.ContainerClassLoaderCBP
5037:             1             16  org.zeroturnaround.javarebel.integration.websphere.JPAApplInfoCBP
5038:             1             16  org.zeroturnaround.javarebel.integration.websphere.MobilefirstParentLastClassLoader
5039:             1             16  org.zeroturnaround.javarebel.integration.websphere.SRTServletResponseCBP
5040:             1             16  org.zeroturnaround.javarebel.integration.websphere.SharedJPAComponentImplCBP
5041:             1             16  org.zeroturnaround.javarebel.integration.websphere.SmartClassPathImplCBP
5042:             1             16  org.zeroturnaround.javarebel.integration.websphere.URLByteResourceInformationCBP
5043:             1             16  org.zeroturnaround.javarebel.integration.websphere.WasAppClassLoaderCBP
5044:             1             16  org.zeroturnaround.javarebel.integration.websphere.WasExtClassLoaderCBP
5045:             1             16  org.zeroturnaround.javarebel.integration.websphere.WasReloadableClassLoaderCBP
5046:             1             16  org.zeroturnaround.javarebel.integration.websphere.WasUnifiedClassLoaderCBP
5047:             1             16  org.zeroturnaround.javarebel.integration.websphere.WlpJPAPUnitInfoCBP
5048:             1             16  org.zeroturnaround.javarebel.integration.websphere.WlpShadowClassLoaderCBP
5049:             1             16  org.zeroturnaround.javarebel.integration.wildfly.cbp.BeansXmlProcessorCBP
5050:             1             16  org.zeroturnaround.javarebel.integration.wildfly.cbp.ExternalBeanArchiveProcessorCBP
5051:             1             16  org.zeroturnaround.javarebel.integration.wildfly.cbp.ServerEnvironmentCBP
5052:             1             16  org.zeroturnaround.javarebel.integration.wildfly.undertow.WildFlyPlugin
5053:             1             16  org.zeroturnaround.javarebel.integration.yoko.YokoField
5054:             1             16  org.zeroturnaround.javarebel.integration.yoko.YokoLocalDescriptorsCBP
5055:             1             16  org.zeroturnaround.javarebel.jboss.JbossPlugin
5056:             1             16  org.zeroturnaround.javarebel.jboss7.Jboss7Plugin
5057:             1             16  org.zeroturnaround.javarebel.preferences.FileStore$RetryFS
5058:             1             16  org.zeroturnaround.javarebel.reporting.MixpanelMetrics$1
5059:             1             16  org.zeroturnaround.javarebel.reporting.MixpanelMetrics$9
5060:             1             16  org.zeroturnaround.javarebel.reporting.StatsPersister
5061:             1             16  org.zeroturnaround.javarebel.reporting.Time$DefaultTimeProvider
5062:             1             16  org.zeroturnaround.javarebel.reporting.backend.impl.SegmentIOBackend$HttpBackend
5063:             1             16  org.zeroturnaround.javarebel.reporting.interceptors.ActivatedFilter
5064:             1             16  org.zeroturnaround.javarebel.reporting.interceptors.PIIConsentFilter
5065:             1             16  org.zeroturnaround.javarebel.reporting.interceptors.RemotingFilter
5066:             1             16  org.zeroturnaround.javarebel.reporting.stats.DebuggerStatsListener
5067:             1             16  org.zeroturnaround.javarebel.reporting.stats.SpringStatsListener
5068:             1             16  org.zeroturnaround.javarebel.reporting.stats.UsedContainerManager
5069:             1             16  org.zeroturnaround.javarebel.reporting.stats.UsedContainerManager$ContainerIdentifierListener
5070:             1             16  org.zeroturnaround.javarebel.reporting.stats.repository.impl.RepositoryMetricsStatistics$ModuleDeployStatsListener
5071:             1             16  org.zeroturnaround.javarebel.reporting.stats.repository.impl.RepositoryMetricsStatistics$PropertyStatsListener
5072:             1             16  org.zeroturnaround.javarebel.seamwicket.SeamWicketPlugin
5073:             1             16  org.zeroturnaround.javarebel.service.ServiceRequestIntegrationImpl
5074:             1             16  org.zeroturnaround.javarebel.service.ServiceRequestIntegrationImpl$ListenerPriorityComparator
5075:             1             16  org.zeroturnaround.javarebel.spring.SpringMetrics$SendToStatisticsCollectorStrategy
5076:             1             16  org.zeroturnaround.javarebel.spring.SpringMetrics$ShipInBackgroundThreadStrategy
5077:             1             16  org.zeroturnaround.javarebel.spring.handlermethod.HandlerMethodHelper
5078:             1             16  org.zeroturnaround.javarebel.velocity.VelocityPlugin
5079:             1             16  org.zeroturnaround.jrebel.GrailsCliPlugin
5080:             1             16  org.zeroturnaround.jrebel.adf.core.AdfCorePlugin
5081:             1             16  org.zeroturnaround.jrebel.adf.faces.AdfFacesPlugin
5082:             1             16  org.zeroturnaround.jrebel.apache.commons.compress.archivers.zip.FallbackZipEncoding
5083:             1             16  org.zeroturnaround.jrebel.apache.commons.compress.archivers.zip.JarMarker
5084:             1             16  org.zeroturnaround.jrebel.axon.AxonPlugin
5085:             1             16  org.zeroturnaround.jrebel.bval.BValPlugin
5086:             1             16  org.zeroturnaround.jrebel.camel.CamelPlugin
5087:             1             16  org.zeroturnaround.jrebel.captaincasa.CaptainCasaPlugin
5088:             1             16  org.zeroturnaround.jrebel.deltaspike.DeltaspikePlugin
5089:             1             16  org.zeroturnaround.jrebel.ebean.EbeanPlugin
5090:             1             16  org.zeroturnaround.jrebel.facelets.FaceletsPlugin
5091:             1             16  org.zeroturnaround.jrebel.gemini.blueprint.GeminiBlueprintPlugin
5092:             1             16  org.zeroturnaround.jrebel.glassfish.GlassFishPlugin
5093:             1             16  org.zeroturnaround.jrebel.grails2.Grails2Plugin
5094:             1             16  org.zeroturnaround.jrebel.grails2.util.GrailsVersionComparator
5095:             1             16  org.zeroturnaround.jrebel.grails3.Grails3Plugin
5096:             1             16  org.zeroturnaround.jrebel.groovy.GroovyPlugin
5097:             1             16  org.zeroturnaround.jrebel.hibernate.validator.HibernateValidatorPlugin
5098:             1             16  org.zeroturnaround.jrebel.hibernate.validator.cbp.AnnotationMetaDataProviderCBP
5099:             1             16  org.zeroturnaround.jrebel.hibernate.validator.cbp.BeanMetaDataCacheCBP
5100:             1             16  org.zeroturnaround.jrebel.hibernate.validator.cbp.BeanMetaDataManagerCBP
5101:             1             16  org.zeroturnaround.jrebel.hibernate.validator.cbp.ConfigurationImplCBP
5102:             1             16  org.zeroturnaround.jrebel.hibernate.validator.cbp.ConstraintHelperCBP
5103:             1             16  org.zeroturnaround.jrebel.hibernate.validator.cbp.ConstraintLocationCBP
5104:             1             16  org.zeroturnaround.jrebel.hibernate.validator.cbp.ConstraintValidatorManagerCBP
5105:             1             16  org.zeroturnaround.jrebel.hibernate.validator.cbp.ResolvedTypeCacheCBP
5106:             1             16  org.zeroturnaround.jrebel.hibernate.validator.cbp.ResolvedTypeCacheCBP$KeyCBP
5107:             1             16  org.zeroturnaround.jrebel.hibernate.validator.cbp.ResourceBundleMessageInterpolatorCBP
5108:             1             16  org.zeroturnaround.jrebel.hibernate.validator.cbp.ValidationBootstrapParametersCBP
5109:             1             16  org.zeroturnaround.jrebel.hibernate.validator.cbp.ValidatorClassMapCBP
5110:             1             16  org.zeroturnaround.jrebel.hibernate.validator.cbp.ValidatorDescriptorMapCBP
5111:             1             16  org.zeroturnaround.jrebel.hibernate.validator.cbp.ValidatorFactoryImpl23CBP
5112:             1             16  org.zeroturnaround.jrebel.hibernate.validator.cbp.ValidatorFactoryImplCBP
5113:             1             16  org.zeroturnaround.jrebel.hibernate.validator.cbp.ValidatorImplCBP
5114:             1             16  org.zeroturnaround.jrebel.hibernate.validator.cbp.VersionCBP
5115:             1             16  org.zeroturnaround.jrebel.hk2.HK2Plugin
5116:             1             16  org.zeroturnaround.jrebel.hybris.HybrisPlugin
5117:             1             16  org.zeroturnaround.jrebel.ibatis.IbatisPlugin
5118:             1             16  org.zeroturnaround.jrebel.infinispan.InfinispanPlugin
5119:             1             16  org.zeroturnaround.jrebel.integration.amazon.AmazonPlugin
5120:             1             16  org.zeroturnaround.jrebel.integration.atg.AtgPlugin
5121:             1             16  org.zeroturnaround.jrebel.integration.axis2.Axis2Plugin
5122:             1             16  org.zeroturnaround.jrebel.integration.axis2.was.Axis2WasPlugin
5123:             1             16  org.zeroturnaround.jrebel.integration.click.ClickPlugin
5124:             1             16  org.zeroturnaround.jrebel.integration.eclipselink.EclipseLinkPlugin
5125:             1             16  org.zeroturnaround.jrebel.integration.eclipselinkmoxy.EclipseLinkMOXyPlugin
5126:             1             16  org.zeroturnaround.jrebel.integration.gwt.GwtPlugin
5127:             1             16  org.zeroturnaround.jrebel.integration.jasypt.JasyptPlugin
5128:             1             16  org.zeroturnaround.jrebel.integration.logback.LogbackPlugin
5129:             1             16  org.zeroturnaround.jrebel.integration.logback.cbp.ContextBaseCBP
5130:             1             16  org.zeroturnaround.jrebel.integration.logback.cbp.ContextInitializerCBP
5131:             1             16  org.zeroturnaround.jrebel.integration.logback.cbp.LoggerCBP
5132:             1             16  org.zeroturnaround.jrebel.integration.openjpa.OpenJPAPlugin
5133:             1             16  org.zeroturnaround.jrebel.integration.seam3.Seam3Plugin
5134:             1             16  org.zeroturnaround.jrebel.integration.spring.integration.SpringIntegrationPlugin
5135:             1             16  org.zeroturnaround.jrebel.integration.spring.security.SpringSecurityPlugin
5136:             1             16  org.zeroturnaround.jrebel.integration.springdata.SpringDataPlugin
5137:             1             16  org.zeroturnaround.jrebel.integration.stripes.StripesPlugin
5138:             1             16  org.zeroturnaround.jrebel.integration.tiles1.Tiles1Plugin
5139:             1             16  org.zeroturnaround.jrebel.integration.tiles2.Tiles2Plugin
5140:             1             16  org.zeroturnaround.jrebel.integration.toplink.TopLinkPlugin
5141:             1             16  org.zeroturnaround.jrebel.integration.toplink.spring.TopLinkSpringPlugin
5142:             1             16  org.zeroturnaround.jrebel.intellij.FSNotifyPlugin
5143:             1             16  org.zeroturnaround.jrebel.intellij.FileWatcher$Counter
5144:             1             16  org.zeroturnaround.jrebel.intellij.FileWatcher$ErrorListener
5145:             1             16  org.zeroturnaround.jrebel.intellij.FileWatcher$RegistrationLatch
5146:             1             16  org.zeroturnaround.jrebel.jackson.JacksonPlugin
5147:             1             16  org.zeroturnaround.jrebel.jackson2.Jackson2Plugin
5148:             1             16  org.zeroturnaround.jrebel.jackson2.afterburner.cbp.CreatorOptimizerCBP
5149:             1             16  org.zeroturnaround.jrebel.jackson2.afterburner.cbp.DeserializerModifierCBP
5150:             1             16  org.zeroturnaround.jrebel.jackson2.afterburner.cbp.MyClassLoaderCBP
5151:             1             16  org.zeroturnaround.jrebel.jackson2.afterburner.cbp.PropertyAccessorCollectorCBP
5152:             1             16  org.zeroturnaround.jrebel.jackson2.afterburner.cbp.PropertyMutatorCollectorCBP
5153:             1             16  org.zeroturnaround.jrebel.jackson2.afterburner.cbp.SerializerModifierCBP
5154:             1             16  org.zeroturnaround.jrebel.jackson2.cbp.ClassUtilCBP
5155:             1             16  org.zeroturnaround.jrebel.jackson2.cbp.ReadOnlyClassToSerializerMap2CBP
5156:             1             16  org.zeroturnaround.jrebel.jackson2.cbp.SerializerCache2CBP
5157:             1             16  org.zeroturnaround.jrebel.jackson2.cbp.StdDeserializerProviderCBP
5158:             1             16  org.zeroturnaround.jrebel.jackson2.cbp.TypeFactoryCBP
5159:             1             16  org.zeroturnaround.jrebel.jackson2.cbp.UnwrappingBeanPropertyWriterCBP
5160:             1             16  org.zeroturnaround.jrebel.jaxb.JAXBPlugin
5161:             1             16  org.zeroturnaround.jrebel.jaxb.endorsed.JAXBEndorsedPlugin
5162:             1             16  org.zeroturnaround.jrebel.jaxb.ibm.JAXBIbmPlugin
5163:             1             16  org.zeroturnaround.jrebel.jaxb.java6.JAXBJava6Plugin
5164:             1             16  org.zeroturnaround.jrebel.jaxb.java6.cbp.AccessorInjectorCBP
5165:             1             16  org.zeroturnaround.jrebel.jaxb.java6.cbp.JAXBContextBuilderCBP
5166:             1             16  org.zeroturnaround.jrebel.jaxb.java6.cbp.JAXBContextFactoryCBP
5167:             1             16  org.zeroturnaround.jrebel.jaxb.java6.cbp.JAXBContextImplCBP
5168:             1             16  org.zeroturnaround.jrebel.jbossaop.JBossAOPPlugin
5169:             1             16  org.zeroturnaround.jrebel.jersey.JerseyPlugin
5170:             1             16  org.zeroturnaround.jrebel.jersey2.Jersey2Plugin
5171:             1             16  org.zeroturnaround.jrebel.jruby.JRubyPlugin
5172:             1             16  org.zeroturnaround.jrebel.liferay.LiferayPlugin
5173:             1             16  org.zeroturnaround.jrebel.liferay.LiferayStatusPlugin
5174:             1             16  org.zeroturnaround.jrebel.lift.LiftPlugin
5175:             1             16  org.zeroturnaround.jrebel.magnolia.MagnoliaPlugin
5176:             1             16  org.zeroturnaround.jrebel.mojarra.MojarraPlugin
5177:             1             16  org.zeroturnaround.jrebel.mustache.MustachePlugin
5178:             1             16  org.zeroturnaround.jrebel.mybatis.MyBatisPlugin
5179:             1             16  org.zeroturnaround.jrebel.myfaces.MyFacesPlugin
5180:             1             16  org.zeroturnaround.jrebel.openwebbeans.OpenWebBeansPlugin
5181:             1             16  org.zeroturnaround.jrebel.picketlink.PicketlinkPlugin
5182:             1             16  org.zeroturnaround.jrebel.prettyfaces.PrettyfacesPlugin
5183:             1             16  org.zeroturnaround.jrebel.primefaces.PrimefacesPlugin
5184:             1             16  org.zeroturnaround.jrebel.remoting.RemotingPlugin
5185:             1             16  org.zeroturnaround.jrebel.remoting.RootRemotingPlugin
5186:             1             16  org.zeroturnaround.jrebel.resteasy.ResteasyPlugin
5187:             1             16  org.zeroturnaround.jrebel.resteasy.spring.RESTEasySpringPlugin
5188:             1             16  org.zeroturnaround.jrebel.restlet.RestletPlugin
5189:             1             16  org.zeroturnaround.jrebel.scalate.ScalatePlugin
5190:             1             16  org.zeroturnaround.jrebel.seam.SeamPlugin
5191:             1             16  org.zeroturnaround.jrebel.solder.SolderPlugin
5192:             1             16  org.zeroturnaround.jrebel.spring.metro.SpringMetroPlugin
5193:             1             16  org.zeroturnaround.jrebel.springfox.SpringfoxPlugin
5194:             1             16  org.zeroturnaround.jrebel.springplugin.SpringPluginPlugin
5195:             1             16  org.zeroturnaround.jrebel.springws.SpringWSPlugin
5196:             1             16  org.zeroturnaround.jrebel.stats.id.container.ContainerIdentifierPlugin
5197:             1             16  org.zeroturnaround.jrebel.stats.startup.tomcat.HostConfigCBP
5198:             1             16  org.zeroturnaround.jrebel.stats.startup.tomcat.StandardServerStartCBP
5199:             1             16  org.zeroturnaround.jrebel.switchyard.SwitchYardPlugin
5200:             1             16  org.zeroturnaround.jrebel.thymeleaf.ThymeleafPlugin
5201:             1             16  org.zeroturnaround.jrebel.undertow.UndertowPlugin
5202:             1             16  org.zeroturnaround.jrebel.vaadin.VaadinPlugin
5203:             1             16  org.zeroturnaround.jrebel.vaadin.cdiutils.VaadinCdiutilsPlugin
5204:             1             16  org.zeroturnaround.jrebel.weblogic.WeblogicPlugin
5205:             1             16  org.zeroturnaround.jrebel.websphere.WebsphereJAXRS2Plugin
5206:             1             16  org.zeroturnaround.jrebel.websphere.WebspherePlugin
5207:             1             16  org.zeroturnaround.jrebel.weld.WeldPlugin
5208:             1             16  org.zeroturnaround.jrebel.weld2.Weld2Plugin
5209:             1             16  org.zeroturnaround.jrebel.weld2.glassfish.Weld2GlassfishPlugin
5210:             1             16  org.zeroturnaround.jrebel.weld2.websphere.Weld2WebspherePlugin
5211:             1             16  org.zeroturnaround.jrebel.wicket.WicketPlugin
5212:             1             16  org.zeroturnaround.jrebel.wink.WinkPlugin
5213:             1             16  org.zeroturnaround.jrebel.zk.ZKPlugin
5214:             1             16  sun.management.ClassLoadingImpl
5215:             1             16  sun.management.HotSpotDiagnostic
5216:             1             16  sun.management.ManagementFactoryHelper$PlatformLoggingImpl
5217:             1             16  sun.management.jmxremote.LocalRMIServerSocketFactory
5218:             1             16  sun.misc.ASCIICaseInsensitiveComparator
5219:             1             16  sun.misc.FloatingDecimal$1
5220:             1             16  sun.misc.Launcher
5221:             1             16  sun.misc.Launcher$Factory
5222:             1             16  sun.misc.ObjectInputFilter$Config$$Lambda$8/1738867229
5223:             1             16  sun.misc.Perf
5224:             1             16  sun.misc.Unsafe
5225:             1             16  sun.net.DefaultProgressMeteringPolicy
5226:             1             16  sun.net.ExtendedOptionsImpl$$Lambda$421/454256192
5227:             1             16  sun.net.idn.StringPrep$StringPrepTrieImpl
5228:             1             16  sun.net.spi.DefaultProxySelector
5229:             1             16  sun.net.www.protocol.jar.JarFileFactory
5230:             1             16  sun.nio.ch.ExtendedSocketOption$1
5231:             1             16  sun.nio.ch.FileChannelImpl$1
5232:             1             16  sun.nio.ch.Net$1
5233:             1             16  sun.nio.ch.Util$1
5234:             1             16  sun.nio.ch.WindowsSelectorProvider
5235:             1             16  sun.nio.cs.CharsetMapping$2
5236:             1             16  sun.nio.cs.CharsetMapping$3
5237:             1             16  sun.nio.cs.CharsetMapping$4
5238:             1             16  sun.nio.fs.WindowsChannelFactory$1
5239:             1             16  sun.nio.fs.WindowsFileSystemProvider
5240:             1             16  sun.reflect.GeneratedConstructorAccessor1
5241:             1             16  sun.reflect.GeneratedConstructorAccessor10
5242:             1             16  sun.reflect.GeneratedConstructorAccessor11
5243:             1             16  sun.reflect.GeneratedConstructorAccessor12
5244:             1             16  sun.reflect.GeneratedConstructorAccessor13
5245:             1             16  sun.reflect.GeneratedConstructorAccessor14
5246:             1             16  sun.reflect.GeneratedConstructorAccessor15
5247:             1             16  sun.reflect.GeneratedConstructorAccessor16
5248:             1             16  sun.reflect.GeneratedConstructorAccessor17
5249:             1             16  sun.reflect.GeneratedConstructorAccessor18
5250:             1             16  sun.reflect.GeneratedConstructorAccessor19
5251:             1             16  sun.reflect.GeneratedConstructorAccessor2
5252:             1             16  sun.reflect.GeneratedConstructorAccessor20
5253:             1             16  sun.reflect.GeneratedConstructorAccessor21
5254:             1             16  sun.reflect.GeneratedConstructorAccessor22
5255:             1             16  sun.reflect.GeneratedConstructorAccessor23
5256:             1             16  sun.reflect.GeneratedConstructorAccessor24
5257:             1             16  sun.reflect.GeneratedConstructorAccessor25
5258:             1             16  sun.reflect.GeneratedConstructorAccessor26
5259:             1             16  sun.reflect.GeneratedConstructorAccessor27
5260:             1             16  sun.reflect.GeneratedConstructorAccessor28
5261:             1             16  sun.reflect.GeneratedConstructorAccessor29
5262:             1             16  sun.reflect.GeneratedConstructorAccessor3
5263:             1             16  sun.reflect.GeneratedConstructorAccessor30
5264:             1             16  sun.reflect.GeneratedConstructorAccessor31
5265:             1             16  sun.reflect.GeneratedConstructorAccessor32
5266:             1             16  sun.reflect.GeneratedConstructorAccessor33
5267:             1             16  sun.reflect.GeneratedConstructorAccessor34
5268:             1             16  sun.reflect.GeneratedConstructorAccessor35
5269:             1             16  sun.reflect.GeneratedConstructorAccessor36
5270:             1             16  sun.reflect.GeneratedConstructorAccessor37
5271:             1             16  sun.reflect.GeneratedConstructorAccessor38
5272:             1             16  sun.reflect.GeneratedConstructorAccessor39
5273:             1             16  sun.reflect.GeneratedConstructorAccessor4
5274:             1             16  sun.reflect.GeneratedConstructorAccessor40
5275:             1             16  sun.reflect.GeneratedConstructorAccessor41
5276:             1             16  sun.reflect.GeneratedConstructorAccessor42
5277:             1             16  sun.reflect.GeneratedConstructorAccessor43
5278:             1             16  sun.reflect.GeneratedConstructorAccessor44
5279:             1             16  sun.reflect.GeneratedConstructorAccessor45
5280:             1             16  sun.reflect.GeneratedConstructorAccessor46
5281:             1             16  sun.reflect.GeneratedConstructorAccessor47
5282:             1             16  sun.reflect.GeneratedConstructorAccessor48
5283:             1             16  sun.reflect.GeneratedConstructorAccessor49
5284:             1             16  sun.reflect.GeneratedConstructorAccessor5
5285:             1             16  sun.reflect.GeneratedConstructorAccessor50
5286:             1             16  sun.reflect.GeneratedConstructorAccessor51
5287:             1             16  sun.reflect.GeneratedConstructorAccessor52
5288:             1             16  sun.reflect.GeneratedConstructorAccessor53
5289:             1             16  sun.reflect.GeneratedConstructorAccessor54
5290:             1             16  sun.reflect.GeneratedConstructorAccessor55
5291:             1             16  sun.reflect.GeneratedConstructorAccessor56
5292:             1             16  sun.reflect.GeneratedConstructorAccessor57
5293:             1             16  sun.reflect.GeneratedConstructorAccessor58
5294:             1             16  sun.reflect.GeneratedConstructorAccessor59
5295:             1             16  sun.reflect.GeneratedConstructorAccessor6
5296:             1             16  sun.reflect.GeneratedConstructorAccessor60
5297:             1             16  sun.reflect.GeneratedConstructorAccessor61
5298:             1             16  sun.reflect.GeneratedConstructorAccessor7
5299:             1             16  sun.reflect.GeneratedConstructorAccessor8
5300:             1             16  sun.reflect.GeneratedConstructorAccessor9
5301:             1             16  sun.reflect.GeneratedMethodAccessor1
5302:             1             16  sun.reflect.GeneratedMethodAccessor10
5303:             1             16  sun.reflect.GeneratedMethodAccessor11
5304:             1             16  sun.reflect.GeneratedMethodAccessor12
5305:             1             16  sun.reflect.GeneratedMethodAccessor13
5306:             1             16  sun.reflect.GeneratedMethodAccessor14
5307:             1             16  sun.reflect.GeneratedMethodAccessor15
5308:             1             16  sun.reflect.GeneratedMethodAccessor16
5309:             1             16  sun.reflect.GeneratedMethodAccessor17
5310:             1             16  sun.reflect.GeneratedMethodAccessor18
5311:             1             16  sun.reflect.GeneratedMethodAccessor19
5312:             1             16  sun.reflect.GeneratedMethodAccessor2
5313:             1             16  sun.reflect.GeneratedMethodAccessor20
5314:             1             16  sun.reflect.GeneratedMethodAccessor21
5315:             1             16  sun.reflect.GeneratedMethodAccessor22
5316:             1             16  sun.reflect.GeneratedMethodAccessor23
5317:             1             16  sun.reflect.GeneratedMethodAccessor24
5318:             1             16  sun.reflect.GeneratedMethodAccessor25
5319:             1             16  sun.reflect.GeneratedMethodAccessor26
5320:             1             16  sun.reflect.GeneratedMethodAccessor27
5321:             1             16  sun.reflect.GeneratedMethodAccessor28
5322:             1             16  sun.reflect.GeneratedMethodAccessor29
5323:             1             16  sun.reflect.GeneratedMethodAccessor3
5324:             1             16  sun.reflect.GeneratedMethodAccessor30
5325:             1             16  sun.reflect.GeneratedMethodAccessor31
5326:             1             16  sun.reflect.GeneratedMethodAccessor32
5327:             1             16  sun.reflect.GeneratedMethodAccessor33
5328:             1             16  sun.reflect.GeneratedMethodAccessor34
5329:             1             16  sun.reflect.GeneratedMethodAccessor35
5330:             1             16  sun.reflect.GeneratedMethodAccessor36
5331:             1             16  sun.reflect.GeneratedMethodAccessor37
5332:             1             16  sun.reflect.GeneratedMethodAccessor38
5333:             1             16  sun.reflect.GeneratedMethodAccessor39
5334:             1             16  sun.reflect.GeneratedMethodAccessor4
5335:             1             16  sun.reflect.GeneratedMethodAccessor40
5336:             1             16  sun.reflect.GeneratedMethodAccessor41
5337:             1             16  sun.reflect.GeneratedMethodAccessor42
5338:             1             16  sun.reflect.GeneratedMethodAccessor43
5339:             1             16  sun.reflect.GeneratedMethodAccessor44
5340:             1             16  sun.reflect.GeneratedMethodAccessor45
5341:             1             16  sun.reflect.GeneratedMethodAccessor46
5342:             1             16  sun.reflect.GeneratedMethodAccessor47
5343:             1             16  sun.reflect.GeneratedMethodAccessor48
5344:             1             16  sun.reflect.GeneratedMethodAccessor49
5345:             1             16  sun.reflect.GeneratedMethodAccessor5
5346:             1             16  sun.reflect.GeneratedMethodAccessor50
5347:             1             16  sun.reflect.GeneratedMethodAccessor51
5348:             1             16  sun.reflect.GeneratedMethodAccessor52
5349:             1             16  sun.reflect.GeneratedMethodAccessor53
5350:             1             16  sun.reflect.GeneratedMethodAccessor54
5351:             1             16  sun.reflect.GeneratedMethodAccessor55
5352:             1             16  sun.reflect.GeneratedMethodAccessor56
5353:             1             16  sun.reflect.GeneratedMethodAccessor57
5354:             1             16  sun.reflect.GeneratedMethodAccessor58
5355:             1             16  sun.reflect.GeneratedMethodAccessor59
5356:             1             16  sun.reflect.GeneratedMethodAccessor6
5357:             1             16  sun.reflect.GeneratedMethodAccessor60
5358:             1             16  sun.reflect.GeneratedMethodAccessor62
5359:             1             16  sun.reflect.GeneratedMethodAccessor63
5360:             1             16  sun.reflect.GeneratedMethodAccessor64
5361:             1             16  sun.reflect.GeneratedMethodAccessor65
5362:             1             16  sun.reflect.GeneratedMethodAccessor66
5363:             1             16  sun.reflect.GeneratedMethodAccessor67
5364:             1             16  sun.reflect.GeneratedMethodAccessor68
5365:             1             16  sun.reflect.GeneratedMethodAccessor69
5366:             1             16  sun.reflect.GeneratedMethodAccessor7
5367:             1             16  sun.reflect.GeneratedMethodAccessor70
5368:             1             16  sun.reflect.GeneratedMethodAccessor71
5369:             1             16  sun.reflect.GeneratedMethodAccessor72
5370:             1             16  sun.reflect.GeneratedMethodAccessor73
5371:             1             16  sun.reflect.GeneratedMethodAccessor74
5372:             1             16  sun.reflect.GeneratedMethodAccessor75
5373:             1             16  sun.reflect.GeneratedMethodAccessor76
5374:             1             16  sun.reflect.GeneratedMethodAccessor77
5375:             1             16  sun.reflect.GeneratedMethodAccessor78
5376:             1             16  sun.reflect.GeneratedMethodAccessor79
5377:             1             16  sun.reflect.GeneratedMethodAccessor8
5378:             1             16  sun.reflect.GeneratedMethodAccessor80
5379:             1             16  sun.reflect.GeneratedMethodAccessor81
5380:             1             16  sun.reflect.GeneratedMethodAccessor82
5381:             1             16  sun.reflect.GeneratedMethodAccessor83
5382:             1             16  sun.reflect.GeneratedMethodAccessor84
5383:             1             16  sun.reflect.GeneratedMethodAccessor85
5384:             1             16  sun.reflect.GeneratedMethodAccessor9
5385:             1             16  sun.reflect.GeneratedSerializationConstructorAccessor1
5386:             1             16  sun.reflect.GeneratedSerializationConstructorAccessor10
5387:             1             16  sun.reflect.GeneratedSerializationConstructorAccessor11
5388:             1             16  sun.reflect.GeneratedSerializationConstructorAccessor12
5389:             1             16  sun.reflect.GeneratedSerializationConstructorAccessor13
5390:             1             16  sun.reflect.GeneratedSerializationConstructorAccessor14
5391:             1             16  sun.reflect.GeneratedSerializationConstructorAccessor15
5392:             1             16  sun.reflect.GeneratedSerializationConstructorAccessor16
5393:             1             16  sun.reflect.GeneratedSerializationConstructorAccessor17
5394:             1             16  sun.reflect.GeneratedSerializationConstructorAccessor18
5395:             1             16  sun.reflect.GeneratedSerializationConstructorAccessor19
5396:             1             16  sun.reflect.GeneratedSerializationConstructorAccessor2
5397:             1             16  sun.reflect.GeneratedSerializationConstructorAccessor20
5398:             1             16  sun.reflect.GeneratedSerializationConstructorAccessor21
5399:             1             16  sun.reflect.GeneratedSerializationConstructorAccessor22
5400:             1             16  sun.reflect.GeneratedSerializationConstructorAccessor23
5401:             1             16  sun.reflect.GeneratedSerializationConstructorAccessor25
5402:             1             16  sun.reflect.GeneratedSerializationConstructorAccessor3
5403:             1             16  sun.reflect.GeneratedSerializationConstructorAccessor4
5404:             1             16  sun.reflect.GeneratedSerializationConstructorAccessor5
5405:             1             16  sun.reflect.GeneratedSerializationConstructorAccessor6
5406:             1             16  sun.reflect.GeneratedSerializationConstructorAccessor7
5407:             1             16  sun.reflect.GeneratedSerializationConstructorAccessor8
5408:             1             16  sun.reflect.GeneratedSerializationConstructorAccessor9
5409:             1             16  sun.reflect.MagicInitInvoker
5410:             1             16  sun.reflect.ProxyDefineClassMethodAccessor
5411:             1             16  sun.reflect.ReflectionFactory
5412:             1             16  sun.reflect.generics.reflectiveObjects.GenericArrayTypeImpl
5413:             1             16  sun.reflect.generics.tree.BooleanSignature
5414:             1             16  sun.reflect.generics.tree.BottomSignature
5415:             1             16  sun.reflect.generics.tree.ByteSignature
5416:             1             16  sun.reflect.generics.tree.CharSignature
5417:             1             16  sun.reflect.generics.tree.DoubleSignature
5418:             1             16  sun.reflect.generics.tree.FloatSignature
5419:             1             16  sun.reflect.generics.tree.IntSignature
5420:             1             16  sun.reflect.generics.tree.LongSignature
5421:             1             16  sun.reflect.generics.tree.ShortSignature
5422:             1             16  sun.reflect.generics.tree.VoidDescriptor
5423:             1             16  sun.rmi.registry.RegistryImpl$$Lambda$4/2024453272
5424:             1             16  sun.rmi.registry.RegistryImpl$$Lambda$5/98394724
5425:             1             16  sun.rmi.registry.RegistryImpl_Skel
5426:             1             16  sun.rmi.registry.RegistryImpl_Stub
5427:             1             16  sun.rmi.runtime.Log$LoggerLogFactory
5428:             1             16  sun.rmi.runtime.RuntimeUtil
5429:             1             16  sun.rmi.server.UnicastRef2
5430:             1             16  sun.rmi.server.UnicastServerRef$HashToMethod_Maps
5431:             1             16  sun.rmi.transport.DGCImpl$$Lambda$2/689401025
5432:             1             16  sun.rmi.transport.DGCImpl$1
5433:             1             16  sun.rmi.transport.DGCImpl$2$$Lambda$3/363988129
5434:             1             16  sun.rmi.transport.DGCImpl_Skel
5435:             1             16  sun.rmi.transport.DGCImpl_Stub
5436:             1             16  sun.rmi.transport.proxy.RMIDirectSocketFactory
5437:             1             16  sun.rmi.transport.tcp.TCPTransport$1
5438:             1             16  sun.security.provider.NativeSeedGenerator
5439:             1             16  sun.security.rsa.RSAKeyFactory
5440:             1             16  sun.security.ssl.DummyX509KeyManager
5441:             1             16  sun.security.util.ByteArrayLexOrder
5442:             1             16  sun.security.util.ByteArrayTagOrder
5443:             1             16  sun.security.x509.RFC822Name
5444:             1             16  sun.text.SupplementaryCharacterData
5445:             1             16  sun.text.normalizer.NormalizerBase$Mode
5446:             1             16  sun.text.normalizer.NormalizerBase$NFCMode
5447:             1             16  sun.text.normalizer.NormalizerBase$NFDMode
5448:             1             16  sun.text.normalizer.NormalizerBase$NFKCMode
5449:             1             16  sun.text.normalizer.NormalizerBase$NFKDMode
5450:             1             16  sun.text.normalizer.NormalizerImpl
5451:             1             16  sun.text.normalizer.NormalizerImpl$AuxTrieImpl
5452:             1             16  sun.text.normalizer.NormalizerImpl$FCDTrieImpl
5453:             1             16  sun.text.normalizer.NormalizerImpl$NormTrieImpl
5454:             1             16  sun.util.calendar.Gregorian
5455:             1             16  sun.util.locale.InternalLocaleBuilder$CaseInsensitiveChar
5456:             1             16  sun.util.locale.provider.AuxLocaleProviderAdapter$NullProvider
5457:             1             16  sun.util.locale.provider.CalendarDataUtility$CalendarFieldValueNamesMapGetter
5458:             1             16  sun.util.locale.provider.CalendarDataUtility$CalendarWeekParameterGetter
5459:             1             16  sun.util.locale.provider.CalendarNameProviderImpl$LengthBasedComparator
5460:             1             16  sun.util.locale.provider.SPILocaleProviderAdapter
5461:             1             16  sun.util.locale.provider.TimeZoneNameUtility$TimeZoneNameGetter
5462:             1             16  sun.util.resources.LocaleData
5463:             1             16  sun.util.resources.LocaleData$LocaleDataResourceBundleControl
Total       1188542       89787952

