
 num     #instances         #bytes  class name
----------------------------------------------
   1:        911122       91418616  [C
   2:        101878       42906864  [B
   3:        116239       34001712  [I
   4:        442256       27829272  [Ljava.lang.Object;
   5:        795695       19096680  java.lang.String
   6:        299451       11978040  com.intellij.psi.impl.source.tree.LeafPsiElement
   7:         68599        7505040  java.lang.Class
   8:        270113        6482712  com.intellij.util.SmartList
   9:        103348        5787488  com.intellij.psi.impl.source.tree.CompositeElement
  10:        205028        4920672  com.intellij.util.keyFMap.OneElementFMap
  11:        193018        4632432  com.intellij.util.io.StringRef
  12:        142985        4575520  java.util.concurrent.ConcurrentHashMap$Node
  13:         94418        3776720  com.intellij.util.containers.hash.LinkedHashMap$Entry
  14:         58439        3740096  com.intellij.lang.javascript.psi.impl.JSReferenceExpressionImpl
  15:         84918        3396720  com.intellij.psi.impl.source.tree.PsiWhiteSpaceImpl
  16:        105690        3382080  java.util.HashMap$Node
  17:         78786        3151440  java.util.LinkedHashMap$Entry
  18:         78476        3139040  com.intellij.reference.SoftReference
  19:         35373        2838240  [J
  20:         23908        2811984  [Ljava.util.HashMap$Node;
  21:        114294        2743056  java.util.ArrayList
  22:         63528        2541120  com.intellij.psi.impl.java.stubs.impl.PsiModifierListStubImpl
  23:         74307        2377824  com.intellij.util.text.ByteArrayCharSequence
  24:            72        2360448  [Ljava.util.concurrent.ForkJoinTask;
  25:         48686        2336928  com.intellij.lang.javascript.psi.stubs.impl.TypeScriptSingleTypeStubImpl
  26:         25398        2234912  [Lcom.intellij.util.KeyedLazyInstanceEP;
  27:         29523        2125656  java.lang.reflect.Field
  28:         61488        1967616  com.intellij.util.containers.IntObjectLinkedMap$MapEntry
  29:         40128        1926144  java.nio.HeapCharBuffer
  30:         38098        1828704  com.intellij.lang.javascript.psi.stubs.impl.JSAttributeListStubImpl
  31:          7401        1790296  [Ljava.util.concurrent.ConcurrentHashMap$Node;
  32:         57315        1675568  [Ljava.awt.Component;
  33:         34599        1660752  org.jdom.ImmutableElement
  34:         22857        1645704  java.awt.geom.AffineTransform
  35:         34206        1641888  com.intellij.psi.impl.java.stubs.impl.PsiClassReferenceListStubImpl
  36:         43566        1583032  [Ljava.lang.String;
  37:         30927        1484496  net.sourceforge.pmd.lang.java.ast.Token
  38:         15439        1482144  com.intellij.codeInsight.daemon.impl.HighlightInfo
  39:         59433        1426392  com.intellij.psi.impl.cache.TypeInfo
  40:         25159        1408904  com.intellij.psi.impl.java.stubs.impl.PsiMethodStubImpl
  41:         25531        1225488  com.intellij.psi.impl.java.stubs.impl.PsiParameterStubImpl
  42:         37374        1195968  java.util.AbstractList$Itr
  43:         20943        1172808  java.util.concurrent.ConcurrentHashMap$KeyIterator
  44:         29206        1168240  com.intellij.psi.impl.java.stubs.impl.PsiTypeParameterListStubImpl
  45:         28407        1136280  java.security.AccessControlContext
  46:         28240        1129600  java.lang.ref.SoftReference
  47:          5429        1129232  sun.java2d.SunGraphics2D
  48:         23496        1127808  com.intellij.util.containers.ConcurrentWeakKeySoftValueHashMap$SoftValue
  49:         46675        1120200  com.intellij.psi.impl.source.tree.AstPath$ChildPath
  50:         10986        1109096  [Lcom.intellij.util.containers.hash.LinkedHashMap$Entry;
  51:         27365        1094600  gnu.trove.THashSet
  52:         46641        1070576  [Ljava.lang.Class;
  53:         33109        1059488  com.intellij.util.containers.LockFreeCopyOnWriteArrayList$COWIterator
  54:         11872        1044736  java.lang.reflect.Method
  55:         15738        1044264  [Lorg.jdom.Content;
  56:         25159        1006360  com.intellij.psi.impl.java.stubs.impl.PsiParameterListStubImpl
  57:         31375        1004000  com.intellij.util.containers.ConcurrentIntObjectHashMap$Node
  58:         24799         991960  com.intellij.util.containers.ConcurrentWeakKeySoftValueHashMap$WeakKey
  59:         12245         979600  com.intellij.openapi.editor.impl.RangeHighlighterImpl
  60:         17444         976864  com.intellij.lang.javascript.psi.stubs.impl.TypeScriptParameterStubImpl
  61:         29055         929760  com.intellij.psi.impl.PsiCachedValueImpl
  62:         14449         924736  java.util.concurrent.ConcurrentHashMap
  63:         19067         915216  java.util.HashMap
  64:         26522         848704  com.intellij.psi.impl.source.AstPathPsiMap$MyReference
  65:         13023         848568  [D
  66:         21009         840360  com.intellij.psi.impl.source.tree.java.PsiJavaTokenImpl
  67:         17505         840240  gnu.trove.THashMap
  68:         12817         820288  com.intellij.lang.javascript.psi.impl.JSArgumentListImpl
  69:         16480         791040  com.intellij.codeInsight.daemon.impl.LocalInspectionsPass$5
  70:         24364         779648  java.util.Hashtable$Entry
  71:         32063         769512  com.intellij.psi.impl.source.tree.injected.InjectedPsiCachedValueProvider$MyInjProcessor
  72:         11785         754240  com.intellij.lang.javascript.psi.impl.JSBinaryExpressionImpl
  73:         13161         737016  java.util.LinkedHashMap
  74:         18318         732720  com.intellij.psi.css.impl.descriptor.CssCommonDescriptorData
  75:         29388         705312  com.intellij.util.text.ImmutableText$InnerLeaf
  76:         12529         701624  com.intellij.psi.impl.source.tree.java.PsiReferenceParameterListImpl
  77:         28903         693672  com.intellij.openapi.util.Pair
  78:         10770         689280  com.intellij.openapi.editor.impl.RangeHighlighterTree$RHNode
  79:         28042         673008  org.kohsuke.rngom.ast.util.LocatorImpl
  80:         13988         671424  com.intellij.lang.javascript.psi.stubs.impl.TypeScriptPropertySignatureStubImpl
  81:         11962         669872  com.intellij.lang.javascript.psi.stubs.impl.JSParameterStubImpl
  82:         10442         668288  com.intellij.lang.javascript.psi.stubs.impl.JSPropertyStubImpl
  83:         20811         665952  java.util.concurrent.locks.AbstractQueuedSynchronizer$Node
  84:         27591         662184  org.jdom.ImmutableSameTypeAttributeList
  85:         16270         650800  com.intellij.psi.css.impl.descriptor.value.CssValueDescriptorData
  86:         26273         630552  java.util.Arrays$ArrayList
  87:         25993         623832  org.kohsuke.rngom.digested.DAnnotation
  88:          9465         605760  java.util.stream.ReferencePipeline$2
  89:         24864         596736  com.intellij.util.CachedValueBase$Data
  90:         24636         591264  com.intellij.util.SmartList$SingletonIterator
  91:         14043         561720  com.intellij.openapi.extensions.impl.ExtensionComponentAdapter
  92:         13863         554520  com.intellij.psi.impl.source.tree.java.PsiIdentifierImpl
  93:         34592         553472  com.intellij.psi.impl.source.SubstrateRef$StubRef
  94:          9817         549752  java.lang.invoke.MemberName
  95:         17046         545472  com.intellij.util.indexing.impl.ChangeTrackingValueContainer
  96:         11183         536784  com.intellij.util.containers.ConcurrentIntKeySoftValueHashMap$MyRef
  97:          8285         530240  java.net.URL
  98:         11046         530208  com.intellij.util.pico.CachingConstructorInjectionComponentAdapter
  99:         16490         527680  com.intellij.codeInspection.LocalInspectionToolSession
 100:         21478         515472  com.intellij.psi.util.CachedValuesManager$$Lambda$1135/312702771
 101:          7068         508896  com.intellij.psi.impl.source.PsiJavaCodeReferenceElementImpl
 102:         20857         500568  java.lang.StringBuilder
 103:         31251         500016  java.lang.Integer
 104:         15412         493184  org.jdom.Attribute
 105:          8785         491960  com.intellij.psi.impl.java.stubs.impl.PsiFieldStubImpl
 106:         20242         485808  com.intellij.openapi.util.TextRange
 107:          7486         479104  java.util.regex.Matcher
 108:         14968         478976  com.intellij.psi.impl.source.tree.AstPath$MilestoneChildPath
 109:         14574         466368  java.lang.ref.WeakReference
 110:         11166         446640  com.intellij.codeInspection.ex.ScopeToolState
 111:          6960         445440  com.intellij.openapi.actionSystem.Presentation
 112:         10966         438640  org.jdom.Element
 113:          6799         435136  com.intellij.lang.javascript.psi.stubs.impl.JSDefinitionExpressionStubImpl
 114:          5407         432560  java.lang.reflect.Constructor
 115:         10540         421600  com.intellij.psi.infos.CandidateInfo
 116:          2603         420144  [S
 117:         17418         418032  com.intellij.util.containers.ImmutableList$Itr
 118:         10440         417600  com.intellij.psi.impl.PsiCachedValuesFactory$3
 119:         17220         413280  com.intellij.util.indexing.impl.ValueContainerImpl
 120:          7376         413056  com.intellij.psi.impl.source.PsiImmediateClassType
 121:         17045         409080  com.intellij.util.indexing.impl.MapIndexStorage$3$1
 122:         10161         406440  java.util.TreeMap$Entry
 123:         12581         402592  com.intellij.util.keyFMap.PairElementsFMap
 124:         10058         402320  com.intellij.lang.javascript.psi.stubs.impl.TypeScriptParameterListStubImpl
 125:         12423         397536  gnu.trove.TObjectHashIterator
 126:         12413         397216  org.jdom.ContentList
 127:         12389         396448  org.jdom.AttributeList
 128:         16436         394464  java.util.Collections$1
 129:            33         388624  [Lcom.intellij.util.containers.IntObjectLinkedMap$MapEntry;
 130:          9705         388200  com.intellij.openapi.vfs.newvfs.impl.VirtualDirectoryImpl
 131:          6919         387464  java.util.stream.ReferencePipeline$Head
 132:          9482         379280  java.lang.invoke.MethodType
 133:          6700         375200  com.intellij.lang.javascript.psi.stubs.impl.JSFunctionExpressionStubImpl
 134:          5207         374904  com.intellij.psi.impl.source.tree.java.PsiReferenceExpressionImpl
 135:         23398         374368  java.util.Collections$SingletonSet
 136:         11642         372544  org.kohsuke.rngom.digested.DRefPattern
 137:         11634         372288  java.awt.Insets
 138:          9240         369600  com.intellij.util.ui.JBUI$ScaleContext
 139:         22729         363664  java.lang.Object
 140:         11169         357408  com.intellij.util.containers.ConcurrentWeakValueHashMap$MyWeakReference
 141:         11166         357312  com.intellij.codeInspection.ex.ToolsImpl
 142:          3298         353424  [Ljava.util.Hashtable$Entry;
 143:          7352         352896  com.intellij.util.containers.ConcurrentSoftValueHashMap$MySoftReference
 144:         14689         352536  com.intellij.codeInspection.SuppressionUtil$$Lambda$4169/805810776
 145:         10932         349824  com.intellij.psi.css.impl.descriptor.value.CssNameValue
 146:          8745         349800  com.intellij.psi.impl.compiled.ClsMethodImpl
 147:         14135         345832  [Lnet.sourceforge.pmd.lang.ast.Node;
 148:          3905         343640  com.intellij.openapi.editor.impl.view.VisualLineFragmentsIterator
 149:          2216         343472  [[I
 150:          5338         341632  com.intellij.lang.javascript.psi.impl.JSExpressionStatementImpl
 151:          6053         338968  com.intellij.lang.javascript.psi.stubs.impl.TypeScriptFunctionSignatureStubImpl
 152:          8202         329280  [Lorg.jdom.Attribute;
 153:          8167         326680  com.intellij.lang.javascript.psi.stubs.impl.JSParameterListStubImpl
 154:         10162         325184  com.intellij.psi.impl.source.resolve.reference.ProviderBinding$ProviderInfo
 155:          5036         322304  java.util.stream.ReferencePipeline$3
 156:          6700         321600  com.intellij.util.containers.SmartHashSet
 157:         13350         320400  com.intellij.psi.impl.compiled.ClsMemberImpl$2
 158:          4364         314208  com.intellij.lang.javascript.psi.impl.JSBlockStatementImpl
 159:          3007         312728  sun.awt.image.IntegerInterleavedRaster
 160:          9678         309696  java.awt.Rectangle
 161:          9629         308128  com.intellij.openapi.vfs.newvfs.impl.VirtualFileImpl
 162:          3499         307976  [Lcom.intellij.psi.impl.source.tree.CompositeElement;
 163:         12806         307344  com.intellij.psi.impl.compiled.ClsModifierListImpl
 164:          9486         303552  java.lang.invoke.MethodType$ConcurrentWeakInternSet$WeakEntry
 165:          6610         301056  [F
 166:          6264         300672  java.awt.geom.Rectangle2D$Double
 167:          1147         298544  [Lcom.intellij.util.containers.ConcurrentIntObjectHashMap$Node;
 168:          6109         293232  com.intellij.psi.impl.java.stubs.impl.PsiAnnotationStubImpl
 169:          5182         290192  java.lang.Package
 170:          4532         290048  java.awt.event.InvocationEvent
 171:         12076         289824  com.intellij.openapi.vfs.newvfs.impl.VfsData$DirectoryData
 172:         12005         288120  com.intellij.patterns.StringPattern
 173:         17962         287392  com.intellij.openapi.vfs.newvfs.impl.FileNameCache$$Lambda$107/2104455243
 174:          5113         286328  com.intellij.util.containers.SLRUMap$1
 175:          5113         286328  com.intellij.util.containers.SLRUMap$2
 176:          4380         280320  com.intellij.util.concurrency.SchedulingWrapper$MyScheduledFutureTask
 177:          3873         278856  com.intellij.spring.boot.application.metadata.SpringBootApplicationMetaConfigKeyImpl
 178:          4357         278848  com.intellij.lang.javascript.psi.impl.JSCommaExpressionImpl
 179:          6799         271960  com.intellij.lang.javascript.psi.stubs.impl.JSAssignmentExpressionStubImpl
 180:          8217         262944  java.util.concurrent.SynchronousQueue$TransferStack$SNode
 181:          9883         262104  [Ljava.security.ProtectionDomain;
 182:         10830         259920  com.intellij.openapi.util.UnfairTextRange
 183:         10739         257736  com.intellij.util.containers.ConcurrentFactoryMap$4
 184:         10650         255600  com.intellij.openapi.util.ProperTextRange
 185:         10582         253968  java.beans.PropertyChangeSupport
 186:         15496         247936  java.lang.Boolean
 187:          3833         245312  com.intellij.psi.impl.source.tree.injected.InjectionRegistrarImpl
 188:          7641         244512  com.intellij.psi.impl.TypeCorrector$PsiCorrectedClassType
 189:         10139         243328  [Lcom.intellij.psi.JavaResolveResult;
 190:          7456         238592  com.intellij.lang.javascript.psi.impl.JSPropertyImpl
 191:          7445         238240  com.intellij.patterns.TreeElementPattern$4
 192:          8297         236624  [Lcom.intellij.psi.PsiMethod;
 193:          9811         235464  java.util.Collections$UnmodifiableRandomAccessList
 194:          7158         229056  java.lang.invoke.DirectMethodHandle
 195:          7157         229024  java.lang.StackTraceElement
 196:          7153         228896  com.intellij.openapi.editor.impl.view.LineLayout$BidiRun
 197:         10726         228824  [Lcom.intellij.openapi.editor.impl.view.LineLayout$Chunk;
 198:          9465         227160  java.util.stream.ReferencePipeline$2$1
 199:          4049         226744  com.intellij.psi.impl.java.stubs.impl.PsiClassStubImpl
 200:          9436         226464  com.intellij.codeInspection.ex.LocalInspectionToolWrapper
 201:          5635         225400  com.intellij.psi.impl.source.resolve.reference.impl.providers.JavaClassReference
 202:          6974         223168  com.intellij.psi.impl.smartPointers.SmartPsiElementPointerImpl
 203:          9236         221664  java.util.Collections$SingletonList
 204:          5496         219840  com.intellij.lang.javascript.psi.stubs.impl.TypeScriptUnionOrIntersectionTypeStubImpl
 205:          3905         218680  com.intellij.openapi.editor.impl.view.LineLayout$VisualOrderIterator
 206:          5366         214640  com.intellij.util.containers.WeakHashMap$WeakKey
 207:         12815         205040  com.intellij.util.containers.LockFreeCopyOnWriteArrayList
 208:          6340         202880  java.lang.ThreadLocal$ThreadLocalMap$Entry
 209:          8314         199536  java.awt.Point
 210:          4979         199160  com.intellij.lang.javascript.psi.impl.JSFunctionExpressionImpl
 211:          4934         197360  com.intellij.psi.impl.TypeCorrector$CorrectedResolveResult
 212:          6162         197184  com.intellij.lang.javascript.psi.ecmal4.impl.JSAttributeListImpl
 213:          2237         196856  net.sourceforge.pmd.lang.java.ast.ASTPrimaryPrefix
 214:         12293         196688  com.intellij.openapi.util.Ref
 215:          3459         193704  com.intellij.lang.javascript.psi.stubs.impl.JSVariableStubImpl
 216:          8047         193128  com.intellij.patterns.XmlAttributeValuePattern
 217:           548         192896  com.intellij.ui.components.JBScrollPane$Corner
 218:          8024         192576  com.intellij.ide.impl.DataManagerImpl$1
 219:          2868         192000  [Z
 220:          7753         186072  com.intellij.patterns.ObjectPattern$4
 221:          7690         184560  com.intellij.psi.impl.compiled.ClsMethodImpl$1
 222:          4571         182840  com.intellij.psi.impl.source.tree.AstBufferUtil$BufferVisitor
 223:          5617         179744  java.util.ArrayList$Itr
 224:          2237         178960  net.sourceforge.pmd.lang.java.ast.ASTPrimaryExpression
 225:          4455         178200  com.intellij.openapi.actionSystem.AnActionEvent
 226:          3703         177744  java.awt.event.ActionEvent
 227:          7395         177480  com.intellij.util.indexing.containers.ChangeBufferingList
 228:          7378         177072  com.intellij.psi.stubs.StubIdList
 229:          5494         175808  java.io.File
 230:          1826         175296  com.intellij.codeInspection.LocalInspectionEP
 231:          4380         175200  org.jetbrains.kotlin.protobuf.SmallSortedMap$1
 232:          5770         173792  [Lcom.intellij.psi.PsiMember;
 233:           500         172000  javax.swing.JPanel
 234:          7152         171640  [Lcom.intellij.openapi.editor.impl.view.LineLayout$BidiRun;
 235:          7133         171192  com.intellij.psi.impl.source.tree.injected.InjectedLanguageUtil$$Lambda$2114/1793017709
 236:          7126         171024  java.awt.AWTEventMulticaster
 237:         10631         170096  java.beans.PropertyChangeSupport$PropertyChangeListenerMap
 238:          3003         168168  java.util.concurrent.ConcurrentHashMap$EntryIterator
 239:          2996         167776  com.intellij.lang.javascript.psi.stubs.impl.JSDocCommentStubImpl
 240:          3470         166560  com.intellij.openapi.editor.LogicalPosition
 241:          5129         164128  java.awt.Color
 242:          2537         162368  com.intellij.lang.javascript.psi.impl.JSIndexedPropertyAccessExpressionImpl
 243:          6606         158544  com.intellij.util.ProcessingContext
 244:          3905         156200  com.intellij.openapi.editor.impl.view.LineLayout$VisualFragment
 245:          3873         154920  com.intellij.spring.boot.application.metadata.ConfigKeyDeclarationPsiElement
 246:          4806         153792  org.kohsuke.rngom.digested.DDefine
 247:          3828         153120  com.intellij.psi.impl.compiled.ClsJavaCodeReferenceElementImpl
 248:          1737         152856  net.sourceforge.pmd.lang.java.ast.ASTName
 249:          3181         152688  java.util.Hashtable
 250:          6352         152448  com.intellij.openapi.util.Trinity
 251:          3803         152120  com.intellij.lang.javascript.psi.stubs.impl.JSObjectLiteralExpressionStubImpl
 252:          2365         151360  com.intellij.lang.javascript.psi.impl.JSPrefixExpressionImpl
 253:          6264         150336  com.intellij.patterns.XmlTagPattern$Capture
 254:          4621         147872  java.util.Spliterators$ArraySpliterator
 255:          2308         147712  com.intellij.lang.javascript.psi.impl.JSArrayLiteralExpressionImpl
 256:          3689         147560  java.util.IdentityHashMap
 257:          9195         147120  javax.swing.event.EventListenerList
 258:          3060         146880  com.intellij.spellchecker.inspections.SpellCheckingInspection$MyTokenConsumer
 259:          4573         146336  com.intellij.lang.javascript.psi.types.JSTypeSource
 260:          6049         145176  javassist.bytecode.Utf8Info
 261:          6045         145080  com.intellij.util.keyFMap.ArrayBackedFMap
 262:          3611         144440  com.intellij.lang.javascript.psi.stubs.impl.TypeScriptObjectTypeStubImpl
 263:          3608         144320  com.intellij.lang.javascript.psi.stubs.impl.JSVarStatementStubImpl
 264:          5978         143472  com.intellij.openapi.editor.impl.TextRangeInterval
 265:          1383         142208  [Ljava.lang.reflect.Field;
 266:          4430         141760  java.util.stream.FindOps$FindOp
 267:          8757         140112  java.util.concurrent.atomic.AtomicBoolean
 268:          8564         137024  com.intellij.psi.impl.source.SubstrateRef$2
 269:          5700         136800  com.intellij.util.containers.SmartHashSet$1
 270:          2113         135232  com.intellij.psi.impl.java.stubs.impl.PsiJavaFileStubImpl
 271:          2412         135072  com.intellij.lang.javascript.psi.stubs.impl.TypeScriptFunctionTypeStubImpl
 272:          3375         135000  com.intellij.lang.javascript.psi.impl.JSParameterImpl
 273:          5286         133560  [Lcom.intellij.psi.PsiLanguageInjectionHost$Shred;
 274:          1186         132832  com.intellij.openapi.editor.impl.view.IterationState
 275:          3315         132600  com.intellij.psi.impl.smartPointers.SmartPointerTracker$PointerReference
 276:           337         132104  javax.swing.JLabel
 277:          5368         128832  com.intellij.openapi.editor.impl.view.SimpleTextFragment
 278:          3195         127800  com.intellij.lang.javascript.psi.impl.JSDefinitionExpressionImpl
 279:          3194         127760  com.intellij.psi.impl.compiled.ClsTypeElementImpl
 280:          5319         127656  com.intellij.semantic.SemServiceImpl$2$$Lambda$1457/1765536476
 281:           312         127296  com.intellij.ui.SimpleColoredComponent
 282:          1979         126656  com.intellij.lang.javascript.psi.impl.JSParenthesizedExpressionImpl
 283:          3938         126016  org.kohsuke.rngom.digested.DOptionalPattern
 284:          1568         125440  net.sourceforge.pmd.lang.java.ast.ASTExpression
 285:          2598         124704  com.intellij.codeInsight.daemon.impl.HighlightInfo$IntentionActionDescriptor
 286:          1941         124224  com.intellij.openapi.util.IconLoader$CachedImageIcon$MyScaledIconsCache$1
 287:          3873         123936  com.intellij.spring.boot.application.metadata.SpringBootApplicationMetaConfigKeyImpl$1
 288:          5140         123360  sun.awt.EventQueueItem
 289:          3076         123040  com.intellij.psi.impl.source.xml.XmlTokenImpl
 290:          3834         122688  [Lcom.intellij.psi.LanguageInjector;
 291:          5077         121848  com.intellij.patterns.ObjectPattern$1
 292:          3033         121320  sun.java2d.pipe.Region
 293:          5050         121200  com.intellij.codeInsight.template.impl.TemplateSettings$TemplateKey
 294:          5036         120864  java.util.stream.ReferencePipeline$3$1
 295:          3016         120640  com.intellij.psi.impl.source.tree.java.PsiKeywordImpl
 296:          3728         119296  java.io.ObjectStreamClass$WeakClassKey
 297:          2949         117960  sun.nio.cs.ISO_8859_1$Decoder
 298:          7368         117888  com.intellij.psi.impl.source.PsiImmediateClassType$1
 299:          7314         117024  java.util.HashSet
 300:          4874         116976  com.intellij.psi.impl.PsiSubstitutorImpl
 301:          3653         116896  com.intellij.psi.impl.ScopedClassHierarchy
 302:          2892         115680  org.kohsuke.rngom.digested.DAttributePattern
 303:          3605         115360  java.lang.ref.ReferenceQueue
 304:          2402         115296  com.intellij.lang.javascript.psi.stubs.impl.TypeScriptInterfaceStubImpl
 305:          2058         115248  com.intellij.psi.ClassFileViewProvider
 306:          2058         115248  com.intellij.psi.impl.compiled.ClsFileImpl
 307:          1794         114816  com.intellij.lang.javascript.psi.impl.JSThisExpressionImpl
 308:          1794         114816  com.intellij.openapi.editor.impl.IntervalTreeImpl$1
 309:          2391         114768  com.intellij.psi.css.impl.stubs.CssSimpleSelectorStub
 310:          2045         114520  com.intellij.psi.impl.source.PsiTypeElementImpl
 311:          2856         114240  com.intellij.openapi.util.objectTree.ObjectNode
 312:          2375         114000  com.intellij.lang.javascript.psi.ecma6.impl.TypeScriptInterfaceImpl
 313:          4750         114000  com.intellij.util.text.ImmutableText$CompositeNode
 314:          4748         113952  java.awt.Dimension
 315:          2808         112320  com.intellij.psi.impl.source.javadoc.PsiDocTokenImpl
 316:          2804         112160  com.intellij.psi.impl.compiled.ClsClassImpl
 317:          3483         111456  java.util.Vector
 318:          3470         111040  org.intellij.plugins.relaxNG.model.descriptors.RngXmlAttributeDescriptor
 319:          4623         110952  javax.xml.namespace.QName
 320:          4610         110640  java.awt.EventQueue$3
 321:          6912         110592  com.intellij.psi.impl.source.PsiClassReferenceType$DelegatingClassResolveResult
 322:          2744         109760  com.intellij.lang.javascript.psi.impl.JSParameterListImpl
 323:          4573         109752  com.intellij.psi.impl.source.tree.RecursiveTreeElementWalkingVisitor$1
 324:          2284         109632  org.kohsuke.rngom.digested.DValuePattern
 325:          3399         108768  java.util.concurrent.locks.ReentrantLock$NonfairSync
 326:          4523         108552  com.intellij.patterns.ObjectPattern$3
 327:          4488         107712  com.intellij.openapi.application.TransactionGuardImpl$1
 328:          2240         107520  com.intellij.spring.contexts.model.SpringCachingProcessor$1
 329:          2240         107520  com.intellij.spring.contexts.model.SpringCachingProcessor$2
 330:          4430         106320  java.util.stream.FindOps$FindSink$OfRef
 331:          4408         105792  java.util.concurrent.Executors$RunnableAdapter
 332:          1202         105776  org.jetbrains.kotlin.serialization.ProtoBuf$Function
 333:          3301         105632  com.intellij.lang.javascript.psi.impl.JSAssignmentExpressionImpl
 334:          4380         105120  org.jetbrains.kotlin.protobuf.FieldSet
 335:          4372         104928  sun.font.TrueTypeFont$DirectoryEntry
 336:            30         104784  [[J
 337:          4364         104736  kotlin.sequences.GeneratorSequence
 338:          4364         104736  kotlin.sequences.GeneratorSequence$iterator$1
 339:          4364         104736  kotlin.sequences.SequencesKt__SequencesKt$generateSequence$2
 340:           221         104312  javax.swing.JCheckBox
 341:          4316         103584  [Lcom.intellij.lang.MetaLanguage;
 342:          1175         103400  org.jetbrains.kotlin.serialization.ProtoBuf$Type
 343:           156         102336  io.netty.util.internal.shaded.org.jctools.queues.MpscArrayQueue
 344:          3194         102208  com.intellij.psi.impl.compiled.ClsTypeElementImpl$1
 345:          4255         102120  java.util.concurrent.locks.AbstractQueuedSynchronizer$ConditionObject
 346:          1062         101952  com.intellij.psi.impl.source.JavaDummyElement
 347:          1062         101952  com.intellij.psi.impl.source.JavaDummyHolder
 348:          4237         101688  com.intellij.openapi.vcs.ex.PartialLocalLineStatusTracker$RangeState
 349:          2536         101440  com.intellij.psi.css.impl.stubs.CssStub
 350:          4185         100440  [Lkotlin.sequences.Sequence;
 351:          4185         100440  kotlin.jvm.internal.ArrayIterator
 352:          4185         100440  kotlin.sequences.FlatteningSequence
 353:          4185         100440  kotlin.sequences.FlatteningSequence$iterator$1
 354:          6228          99648  com.intellij.lang.javascript.psi.types.JSTypeBaseImpl$JSResolvedTypeIdImpl
 355:          1550          99200  com.intellij.openapi.vfs.impl.VirtualFilePointerContainerImpl
 356:          4117          98808  com.intellij.psi.impl.smartPointers.HardElementInfo
 357:           272          98152  [Lorg.apache.xerces.util.SymbolHash$Entry;
 358:          2444          97760  com.intellij.codeInsight.template.impl.LiveTemplatesOptionsTopHitProvider$Option
 359:          4066          97584  com.intellij.patterns.XmlAttributeValuePattern$2
 360:          3026          96832  com.intellij.psi.PsiAnchor$StubIndexReference
 361:          1504          96256  com.intellij.lang.javascript.psi.impl.JSConditionalExpressionImpl
 362:           802          96240  org.jetbrains.idea.maven.navigator.MavenProjectsStructure$DependencyNode
 363:          5935          94960  com.intellij.psi.impl.source.tree.LazyParseableElement$ChameleonLock
 364:          3920          94080  gnu.trove.TIntArrayList
 365:          3890          93360  com.intellij.patterns.PsiElementPattern$Capture
 366:          1941          93168  com.intellij.openapi.util.IconLoader$CachedImageIcon
 367:          3873          92952  com.intellij.spring.boot.application.metadata.SpringBootApplicationMetaConfigKeyImpl$3
 368:          3833          91992  com.intellij.psi.impl.source.tree.injected.InjectedLanguageManagerImpl$PsiManagerRegisteredInjectorsAdapter$$Lambda$2176/1192904017
 369:          1914          91872  com.intellij.psi.css.impl.stubs.base.CssNamedStub
 370:          2843          90976  com.intellij.lang.javascript.psi.ecma6.impl.TypeScriptSingleTypeImpl
 371:          3754          90096  java.util.concurrent.ConcurrentLinkedQueue$Node
 372:          1402          89728  com.intellij.openapi.extensions.impl.ExtensionPointImpl
 373:          2242          89680  com.intellij.psi.css.impl.descriptor.value.CssGroupOrValue
 374:          1598          89488  com.intellij.lang.javascript.psi.stubs.impl.TypeScriptVariableStubImpl
 375:          3726          89424  java.lang.Double
 376:          2790          89280  kotlin.sequences.TakeWhileSequence$iterator$1
 377:          2188          87520  kotlin.reflect.jvm.internal.impl.protobuf.SmallSortedMap$1
 378:          1083          86640  java.awt.event.MouseEvent
 379:          1543          86408  com.intellij.openapi.actionSystem.ActionStub
 380:          5384          86144  com.intellij.openapi.extensions.PluginId
 381:          5378          86048  com.intellij.util.indexing.FileBasedIndexImpl$ChangedFilesCollector$$Lambda$912/278824526
 382:          1343          85952  com.intellij.codeInsight.template.impl.TemplateImpl
 383:          1427          85232  [Ljava.lang.ref.SoftReference;
 384:          3540          84960  com.intellij.psi.impl.TypeCorrector
 385:          2123          84920  com.intellij.psi.stubs.StubIndexImpl$2
 386:          2650          84800  org.jdom.ImmutableAttribute
 387:          1763          84624  java.awt.image.DataBufferInt
 388:          1763          84624  java.awt.image.SinglePixelPackedSampleModel
 389:          2112          84480  org.kohsuke.rngom.digested.DChoicePattern
 390:          5238          83808  com.intellij.codeInsight.daemon.impl.ShowIntentionsPass$$Lambda$2111/1782775380
 391:           218          83712  com.intellij.ui.components.JBScrollBar
 392:          3477          83448  [Lcom.intellij.spring.boot.model.SpringBootModelConfigFileNameContributor;
 393:          1488          83328  java.awt.BorderLayout
 394:          3471          83304  com.intellij.openapi.vfs.newvfs.persistent.FSRecords$$Lambda$2058/900566601
 395:          3470          83280  com.intellij.psi.impl.source.html.dtd.HtmlAttributeDescriptorImpl
 396:          2069          82760  com.intellij.lang.javascript.psi.types.JSTypeImpl
 397:          2580          82560  com.intellij.psi.impl.compiled.ClsReferenceListImpl
 398:          3428          82272  com.intellij.patterns.XmlNamedElementPattern$1
 399:          1467          82152  com.intellij.lang.javascript.psi.stubs.impl.JSFunctionStubImpl
 400:           931          81928  com.intellij.util.io.PagedFileStorage
 401:          1684          80832  com.intellij.psi.css.impl.stubs.CssSelectorStub
 402:          2521          80672  com.intellij.lang.javascript.psi.impl.JSVarStatementImpl
 403:            10          80440  [Lcom.intellij.codeInspection.ex.InspectionToolWrapper;
 404:          2005          80200  com.intellij.ui.JBColor
 405:          1427          79912  com.intellij.lang.javascript.psi.stubs.impl.TypeScriptCallSignatureStubImpl
 406:          2486          79552  javax.swing.text.html.parser.ContentModel
 407:          3296          79104  com.intellij.lang.LanguageExtensionPoint$1
 408:          1405          78680  com.intellij.util.containers.ConcurrentSoftHashMap$SoftKey
 409:          1625          78000  com.intellij.openapi.fileEditor.impl.text.TextEditorState$CaretState
 410:          4874          77984  com.intellij.psi.impl.PsiSubstitutorImpl$SubstitutionVisitor
 411:          3249          77976  com.intellij.psi.impl.source.tree.injected.InjectedLanguageUtil$TokenInfo
 412:          1929          77160  org.apache.log4j.Logger
 413:           219          77088  com.intellij.ui.components.panels.NonOpaquePanel
 414:          3200          76800  com.intellij.ide.ProhibitAWTEvents
 415:          3194          76656  com.intellij.psi.impl.compiled.ClsTypeElementImpl$2
 416:          1916          76640  java.util.WeakHashMap$Entry
 417:          3174          76176  com.intellij.patterns.PsiAnnotationPattern
 418:          2372          75904  com.intellij.openapi.editor.impl.view.IterationState$HighlighterSweep
 419:          2372          75904  com.intellij.openapi.editor.impl.view.IterationState$HighlighterSweep$1
 420:          1172          75008  com.intellij.ui.components.TwoWayAnimator$MyAnimator
 421:          2343          74976  com.intellij.lang.javascript.psi.impl.JSCallExpressionImpl
 422:          3123          74952  org.apache.log4j.CategoryKey
 423:          1860          74400  com.intellij.ide.fileTemplates.impl.DefaultTemplate
 424:          1548          74304  com.intellij.lang.javascript.psi.stubs.impl.JSCallExpressionStubImpl
 425:          1857          74280  java.util.HashMap$KeyIterator
 426:           829          72952  sun.awt.image.BufImgSurfaceData
 427:          2969          72456  [Ljava.beans.PropertyChangeListener;
 428:          2257          72224  com.intellij.diff.util.Range
 429:          2998          71952  com.intellij.util.containers.ConcurrentRefHashMap$RefEntry
 430:          2998          71952  java.util.concurrent.ConcurrentHashMap$MapEntry
 431:          2988          71712  com.intellij.openapi.editor.ex.MarkupIterator$2
 432:           135          71280  [Ljavassist.bytecode.ConstInfo;
 433:          1778          71120  com.intellij.lang.javascript.psi.impl.JSVariableImpl
 434:          2208          70656  java.util.Collections$SynchronizedMap
 435:          2940          70560  java.util.LinkedList$Node
 436:          2925          70200  com.intellij.openapi.util.SimpleModificationTracker
 437:          1755          70200  com.intellij.psi.impl.smartPointers.SelfElementInfo
 438:          2186          69952  com.intellij.lang.javascript.psi.impl.JSObjectLiteralExpressionImpl
 439:           873          69840  com.intellij.psi.impl.source.tree.java.PsiCodeBlockImpl
 440:          4354          69664  com.intellij.openapi.editor.markup.TextAttributes
 441:          2897          69528  com.intellij.psi.impl.PsiSubstitutorImpl$SubstitutionVisitor$1
 442:           963          69336  sun.reflect.DelegatingClassLoader
 443:          1731          69240  com.intellij.psi.impl.compiled.ClsFieldImpl
 444:          2882          69168  com.intellij.psi.impl.source.ClassInnerStuffCache
 445:          1728          69120  org.kohsuke.rngom.digested.DInterleavePattern
 446:          2877          69048  com.intellij.psi.impl.source.PsiClassReferenceType
 447:          4315          69040  com.intellij.lang.LanguageExtension$$Lambda$262/1314471419
 448:          4315          69040  com.intellij.lang.MetaLanguage$$Lambda$261/1818209976
 449:          1228          68768  com.intellij.psi.impl.source.tree.java.ModifierListElement
 450:          1072          68608  com.intellij.lang.javascript.psi.impl.JSIfStatementImpl
 451:           951          68472  java.util.regex.Pattern
 452:          2139          68448  com.intellij.psi.stubs.StubTree
 453:          1216          68096  com.intellij.openapi.command.impl.EditorChangeAction
 454:          2832          67968  kotlin.sequences.TakeWhileSequence
 455:          1699          67960  com.intellij.util.containers.ConcurrentIntKeyWeakValueHashMap$MyRef
 456:          1411          67728  com.intellij.psi.impl.source.CharTableImpl$StringHashToCharSequencesMap
 457:           184          67712  com.intellij.util.ui.components.BorderLayoutPanel
 458:          2095          67040  java.awt.geom.Rectangle2D$Float
 459:          1674          66960  com.intellij.ui.components.ScrollColorProducer
 460:          4185          66960  kotlin.collections.ArraysKt___ArraysKt$asSequence$$inlined$Sequence$1
 461:          1383          66384  org.jdom.ContentList$FilterListIterator
 462:          1037          66368  org.jetbrains.kotlin.serialization.ProtoBuf$ValueParameter
 463:          4142          66272  org.kohsuke.rngom.nc.SimpleNameClass
 464:          2761          66264  gnu.trove.THashMap$EntryView
 465:          4124          65984  com.intellij.util.text.ImmutableText$Leaf8BitNode
 466:          1367          65616  org.kohsuke.rngom.parse.compact.Token
 467:           819          65520  net.sourceforge.pmd.lang.java.ast.ASTStatement
 468:          1014          64896  com.intellij.psi.impl.source.tree.java.PsiBinaryExpressionImpl
 469:          1014          64896  org.apache.xerces.dom.ElementNSImpl
 470:          1622          64880  org.kohsuke.rngom.digested.DGroupPattern
 471:           165          64680  com.intellij.ui.components.JBViewport
 472:          2620          64032  [Lcom.intellij.psi.PsiType;
 473:          1592          63680  com.intellij.lang.javascript.psi.ecma6.impl.TypeScriptVariableImpl
 474:          1137          63672  com.intellij.util.containers.ConcurrentIntObjectHashMap
 475:          1989          63648  com.intellij.lang.javascript.psi.impl.JSLiteralExpressionImpl
 476:          1324          63552  java.util.TreeMap
 477:          2638          63312  kotlin.reflect.jvm.internal.ReflectProperties$LazySoftVal
 478:           309          63000  [Ljava.lang.StackTraceElement;
 479:           873          62856  java.awt.Font
 480:          2613          62712  com.intellij.patterns.XmlNamedElementPattern$2
 481:          3916          62656  com.intellij.openapi.editor.impl.InlayModelImpl$$Lambda$1032/2095104298
 482:          3905          62480  com.intellij.openapi.editor.impl.view.VisualLineFragmentsIterator$Fragment
 483:          2584          62016  com.intellij.codeInspection.LocalInspectionTool$1
 484:          3873          61968  com.intellij.spring.boot.application.metadata.SpringBootApplicationMetaConfigKeyImpl$2
 485:          2580          61920  com.intellij.psi.impl.compiled.ClsReferenceListImpl$1
 486:          1284          61632  com.intellij.openapi.editor.impl.view.VisualLinesIterator$Location
 487:          1281          61488  com.intellij.lang.javascript.psi.stubs.impl.JSReferenceListMemberStubImpl
 488:           767          61360  net.sourceforge.pmd.lang.java.ast.ASTBlockStatement
 489:          2554          61296  com.intellij.openapi.actionSystem.impl.ProxyShortcutSet
 490:          1903          60896  com.intellij.openapi.components.impl.ServiceManagerImpl$MyComponentAdapter
 491:           861          60648  [Lcom.intellij.psi.impl.source.resolve.reference.impl.providers.JavaClassReference;
 492:          1081          60536  com.intellij.psi.impl.source.tree.java.PsiExpressionListImpl
 493:          1890          60480  java.lang.invoke.BoundMethodHandle$Species_L
 494:          1876          60032  com.intellij.ide.fileTemplates.impl.BundledFileTemplate
 495:          1487          59480  com.intellij.psi.css.impl.descriptor.CssPropertyDescriptorImplEx
 496:          1062          59472  com.intellij.psi.DummyHolderViewProvider
 497:           743          59440  net.sourceforge.pmd.lang.java.ast.ASTPrimarySuffix
 498:          3703          59248  javax.swing.Timer$1
 499:          1231          59088  com.intellij.lang.javascript.psi.stubs.impl.TypeScriptTypeParameterStubImpl
 500:          1843          58976  com.intellij.util.ui.JBUI$BaseScaleContext
 501:          1843          58976  com.intellij.util.ui.JBUI$JBIcon$1
 502:           919          58816  com.intellij.psi.impl.source.tree.java.PsiMethodCallExpressionImpl
 503:           150          58800  com.intellij.openapi.actionSystem.impl.ActionToolbarImpl$6
 504:          1218          58464  com.intellij.openapi.vfs.impl.FilePointerPartNode
 505:          3653          58448  com.intellij.psi.impl.ScopedClassHierarchy$$Lambda$2406/371991964
 506:          1460          58400  com.intellij.ide.ui.ToolOptionDescription
 507:          1040          58240  java.security.Provider$Service
 508:          1818          58176  org.jetbrains.kotlin.name.FqNameUnsafe
 509:          3610          57760  java.lang.ref.ReferenceQueue$Lock
 510:          1801          57632  com.intellij.psi.impl.compiled.ClsFieldImpl$2
 511:          1800          57600  com.intellij.psi.impl.source.PsiModifierListImpl
 512:          1790          57280  net.sourceforge.pmd.lang.java.symboltable.JavaNameOccurrence
 513:           893          57152  com.intellij.openapi.editor.impl.RangeMarkerTree$RMNode
 514:           778          56520  [Ljava.lang.reflect.Method;
 515:          1402          56080  com.intellij.lang.javascript.psi.stubs.impl.TypeScriptStringLiteralTypeStubImpl
 516:           495          55440  java.awt.GridBagConstraints
 517:          2284          54816  com.intellij.configurationStore.properties.ObjectStoredProperty
 518:           977          54712  java.lang.invoke.MethodTypeForm
 519:          1705          54560  com.intellij.psi.impl.compiled.ClsAnnotationImpl
 520:          2270          54480  com.intellij.codeInspection.AbstractBaseJavaLocalInspectionTool$1
 521:          3401          54416  com.intellij.psi.PsiLock
 522:           679          54320  org.jetbrains.kotlin.serialization.ProtoBuf$Annotation$Argument$Value
 523:          3387          54192  java.util.concurrent.locks.ReentrantLock
 524:          3381          54096  com.intellij.psi.AbstractFileViewProvider$VirtualFileContent
 525:          3379          54064  java.util.LinkedHashSet
 526:          2249          53976  com.intellij.internal.statistic.beans.UsageDescriptor
 527:           961          53816  java.util.ResourceBundle$CacheKey
 528:          2234          53616  com.intellij.codeInsight.daemon.HighlightDisplayKey
 529:           741          53352  com.intellij.util.JBHiDPIScaledImage
 530:          1328          53120  java.util.Spliterators$IteratorSpliterator
 531:          2208          52992  [Lcom.intellij.openapi.command.undo.DocumentReference;
 532:          2203          52872  java.security.Provider$ServiceKey
 533:          3295          52720  com.intellij.spring.boot.application.metadata.SpringBootApplicationMetaConfigKey$DescriptionText
 534:           597          52536  kotlin.reflect.jvm.internal.impl.serialization.ProtoBuf$Function
 535:          2188          52512  kotlin.reflect.jvm.internal.impl.protobuf.FieldSet
 536:          2183          52392  com.intellij.openapi.editor.VisualPosition
 537:          1303          52120  com.intellij.lang.javascript.psi.impl.JSFunctionImpl
 538:          1084          52032  com.intellij.testFramework.LightVirtualFile
 539:          2167          52008  com.intellij.patterns.PsiNameValuePairPattern
 540:          1625          52000  com.intellij.openapi.fileEditor.impl.text.TextEditorState
 541:           588          51744  kotlin.reflect.jvm.internal.impl.serialization.ProtoBuf$Type
 542:          1613          51616  java.lang.invoke.DirectMethodHandle$Special
 543:          1611          51552  com.intellij.ide.util.treeView.TreeState$PathElement
 544:          2139          51336  sun.reflect.annotation.AnnotationInvocationHandler
 545:          2139          51328  [Lcom.intellij.psi.stubs.PsiFileStub;
 546:          3200          51200  com.intellij.ide.ProhibitAWTEvents$1
 547:          1276          51040  com.intellij.codeInsight.template.impl.Variable
 548:          1276          51040  com.intellij.lang.javascript.psi.resolve.JSReferenceExpressionResolver
 549:          1060          50880  java.nio.HeapByteBuffer
 550:          3175          50800  java.util.concurrent.atomic.AtomicReference
 551:           513          50672  [Ljava.util.WeakHashMap$Entry;
 552:           633          50640  net.sourceforge.pmd.lang.java.ast.ASTArguments
 553:          1582          50624  java.beans.PropertyChangeEvent
 554:          2105          50520  com.intellij.lang.javascript.psi.JSQualifiedNameImpl
 555:          1574          50368  com.intellij.util.text.CharSequenceSubSequence
 556:          1256          50240  com.intellij.psi.infos.ClassCandidateInfo
 557:           626          50080  net.sourceforge.pmd.lang.java.ast.ASTType
 558:           566          49808  net.sourceforge.pmd.lang.java.ast.ASTLiteral
 559:          2072          49728  com.intellij.psi.impl.compiled.ClsTypeParametersListImpl
 560:          1030          49440  com.intellij.codeInsight.daemon.impl.LocalInspectionsPass$1
 561:          1236          49440  sun.font.FontStrikeDesc
 562:          1231          49240  com.intellij.lang.javascript.psi.ecma6.impl.TypeScriptParameterImpl
 563:          1533          49056  com.intellij.lang.javascript.psi.types.JSTypeImpl$$Lambda$1623/1299914423
 564:           175          49000  javax.swing.CellRendererPane
 565:          1210          48400  com.intellij.util.xmlb.OptionTagBinding
 566:           193          48248  [Lcom.intellij.psi.impl.smartPointers.SmartPointerTracker$PointerReference;
 567:           858          48048  com.intellij.util.io.Page
 568:          2995          47920  com.intellij.codeInsight.AnnotationUtil$$Lambda$1657/1905731483
 569:           745          47680  com.intellij.codeInspection.ProblemDescriptorBase
 570:           312          47424  com.intellij.ide.plugins.IdeaPluginDescriptorImpl
 571:           988          47424  gnu.trove.TIntIntHashMap
 572:          1471          47072  com.intellij.ide.impl.DataManagerImpl$MyDataContext
 573:          1169          46760  com.intellij.lang.javascript.psi.stubs.impl.TypeScriptParenthesizedTypeStubImpl
 574:          1941          46584  [Ljava.awt.image.ImageFilter;
 575:          1941          46584  com.intellij.openapi.util.IconLoader$CachedImageIcon$MyScaledIconsCache
 576:          1442          46144  com.intellij.psi.impl.source.PsiModifierListImpl$ModifierCache
 577:           720          46080  com.intellij.openapi.components.impl.ComponentManagerImpl$ComponentConfigComponentAdapter
 578:          1905          45720  com.intellij.psi.impl.source.resolve.SymbolCollectingProcessor$ResultWithContext
 579:          1904          45696  com.intellij.codeInspection.JavaSuppressionUtil$$Lambda$2817/756950029
 580:          1895          45480  com.intellij.patterns.compiler.PatternCompilerImpl$Node
 581:           947          45456  org.jetbrains.idea.maven.model.MavenArtifactNode
 582:           941          45168  java.util.ResourceBundle$BundleReference
 583:          1124          44960  java.security.ProtectionDomain
 584:           468          44928  net.sourceforge.pmd.lang.java.ast.ASTVariableDeclaratorId
 585:          1397          44704  java.util.ArrayList$ListItr
 586:          1390          44480  com.intellij.util.containers.UnsafeWeakList$MyReference
 587:          1386          44352  com.intellij.util.ui.JBInsets
 588:          1100          44000  com.intellij.lang.javascript.psi.stubs.impl.TypeScriptTypeParameterListStubImpl
 589:          1833          43992  org.jdom.ImmutableText
 590:          1097          43880  com.intellij.util.Alarm
 591:          1364          43648  java.util.LinkedHashMap$LinkedKeyIterator
 592:          2727          43632  com.intellij.openapi.util.Computable$PredefinedValueComputable
 593:           776          43456  java.lang.Class$ReflectionData
 594:          1081          43240  com.intellij.lang.javascript.psi.stubs.impl.JSReferenceListStubImpl
 595:          1801          43224  com.intellij.psi.impl.compiled.ClsFieldImpl$1
 596:          1080          43200  com.intellij.psi.impl.source.html.dtd.HtmlElementDescriptorImpl
 597:          1797          43128  com.intellij.patterns.PsiJavaElementPattern$Capture
 598:           672          43008  java.nio.DirectByteBuffer
 599:          1785          42840  sun.java2d.StateTrackableDelegate
 600:          2677          42832  com.intellij.codeInsight.daemon.impl.LocalInspectionsPass$$Lambda$3986/237885926
 601:          1338          42816  com.intellij.openapi.editor.impl.IntervalTreeImpl$IntervalNode$WeakReferencedGetter
 602:          1779          42696  sun.reflect.generics.tree.SimpleClassTypeSignature
 603:          1773          42552  com.intellij.jam.reflect.JamAnnotationMeta$$Lambda$1473/704150684
 604:          1773          42552  com.intellij.patterns.ObjectPattern$2
 605:          2647          42352  javax.swing.ArrayTable
 606:           416          42336  [Lcom.intellij.lang.javascript.psi.ecma6.TypeScriptTypeMember;
 607:          1317          42144  com.intellij.spring.model.jam.JamSpringBeanPointerImpl
 608:          1685          42016  [Lcom.intellij.psi.css.CssSelector$Combinator;
 609:           875          42000  com.intellij.ui.RowIcon
 610:          1748          41952  org.jetbrains.kotlin.name.FqName
 611:          1730          41520  com.intellij.codeInspection.ex.GlobalInspectionToolWrapper
 612:          1705          40920  com.intellij.psi.impl.compiled.ClsAnnotationImpl$1
 613:          1705          40920  com.intellij.psi.impl.compiled.ClsAnnotationImpl$2
 614:           852          40896  com.intellij.spring.boot.run.lifecycle.beans.LiveBeanImpl
 615:          1698          40752  kotlin.reflect.jvm.internal.ReflectProperties$LazySoftVal
 616:           462          40656  net.sourceforge.pmd.lang.java.ast.ASTReferenceType
 617:          1266          40512  java.lang.invoke.LambdaForm$Name
 618:          1264          40448  com.intellij.openapi.util.RecursionManager$MyKey
 619:          1258          40256  com.intellij.lang.javascript.psi.ecma6.impl.TypeScriptObjectTypeImpl
 620:          1255          40160  com.intellij.openapi.components.ServiceDescriptor
 621:           717          40152  com.intellij.spring.boot.model.autoconfigure.AutoConfigLocalAnnotationModel
 622:          1672          40128  com.intellij.openapi.actionSystem.KeyboardShortcut
 623:          1003          40120  java.awt.image.BufferedImage
 624:           829          39792  java.util.concurrent.locks.ReentrantReadWriteLock$NonfairSync
 625:          2480          39680  com.intellij.jsf.references.libraries.providers.JsfWrappingReferenceProvider
 626:            95          39520  com.intellij.ui.components.JBScrollPane
 627:          1645          39480  sun.reflect.NativeConstructorAccessorImpl
 628:           818          39264  gnu.trove.TObjectIntHashMap
 629:           488          39040  net.sourceforge.pmd.lang.java.ast.ASTClassOrInterfaceType
 630:          1625          39000  [Lcom.intellij.openapi.fileEditor.impl.text.TextEditorState$CaretState;
 631:           971          38840  net.sourceforge.pmd.lang.java.dfa.JavaDataFlowNode
 632:           103          38728  java.lang.Thread
 633:           795          38160  com.intellij.lang.javascript.psi.types.TypeScriptJSFunctionTypeImpl
 634:           953          38120  com.intellij.psi.impl.java.stubs.impl.PsiTypeParameterStubImpl
 635:          1191          38112  org.apache.log4j.ProvisionNode
 636:           792          38016  com.intellij.openapi.actionSystem.DefaultActionGroup
 637:          1172          37504  org.apache.xerces.dom.TextImpl
 638:           936          37440  org.kohsuke.rngom.digested.DElementPattern
 639:          1548          37152  com.intellij.openapi.util.Key
 640:          1154          36928  java.util.regex.Pattern$Curly
 641:          1535          36840  com.intellij.spring.contexts.model.graph.LocalModelDependency
 642:          1150          36800  com.intellij.lang.javascript.psi.JSTypeEvaluationResult$JSTypeEvaluationResultElement
 643:          1533          36792  com.intellij.openapi.fileTypes.ExtensionFileNameMatcher
 644:           574          36736  com.intellij.lang.javascript.psi.impl.JSPostfixExpressionImpl
 645:          1526          36624  java.lang.Class$AnnotationData
 646:           915          36600  com.intellij.lang.javascript.psi.stubs.impl.TypeScriptTypeParameterConstraintStubImpl
 647:           652          36512  com.intellij.ide.projectView.PresentationData
 648:          1140          36480  javax.swing.SizeRequirements
 649:           106          36464  javax.swing.Box$Filler
 650:          1507          36168  com.intellij.patterns.PsiMethodPattern
 651:          1499          35976  com.intellij.util.containers.ConcurrentRefHashMap$EntrySet$1
 652:          1124          35968  java.lang.ref.PhantomReference
 653:           345          35880  com.intellij.util.io.IntToIntBtree
 654:          1495          35880  java.lang.StringBuffer
 655:          1120          35840  java.security.CodeSource
 656:          1268          35648  [Lcom.intellij.util.lang.Loader;
 657:          1478          35472  com.intellij.util.containers.WeakValueHashMap
 658:           885          35400  com.intellij.ide.browsers.actions.BaseOpenInBrowserActionKt$createRequest$1
 659:          1104          35328  com.intellij.util.containers.WeakValueHashMap$MyWeakReference
 660:           881          35240  com.intellij.lang.LanguageExtensionPoint
 661:           152          35232  [Lcom.intellij.openapi.fileTypes.FileType;
 662:          1100          35200  com.intellij.semantic.SemKey
 663:           439          35120  net.sourceforge.pmd.lang.java.ast.ASTArgumentList
 664:           875          35000  javassist.bytecode.CodeAttribute
 665:           875          35000  javassist.bytecode.MethodInfo
 666:          1356          34976  [Lcom.intellij.lang.javascript.psi.JSElement;
 667:           138          34960  [[C
 668:          1446          34952  [Ljavax.swing.Icon;
 669:          1454          34896  com.intellij.codeInsight.daemon.impl.HighlightInfoType$HighlightInfoTypeImpl
 670:          2168          34688  com.intellij.codeInspection.ex.InspectionProfileImpl$$Lambda$861/1739510031
 671:           867          34680  com.intellij.psi.impl.source.tree.PsiCommentImpl
 672:          2164          34624  java.util.HashMap$KeySet
 673:            96          34560  com.intellij.psi.codeStyle.CommonCodeStyleSettings
 674:           540          34560  io.netty.buffer.PoolSubpage
 675:          1440          34560  java.util.BitSet
 676:           862          34480  com.intellij.lang.javascript.psi.stubs.impl.TypeScriptIndexedAccessTypeStubImpl
 677:           862          34480  com.intellij.lang.javascript.psi.stubs.impl.TypeScriptTypeOperatorStubImpl
 678:          1436          34464  com.intellij.psi.impl.file.PsiJavaDirectoryImpl
 679:            86          34400  com.intellij.ui.tabs.impl.singleRow.SingleRowLayout$GhostComponent
 680:          1162          34320  [Lcom.intellij.util.lang.Loader;
 681:          1411          34304  [Lcom.intellij.psi.css.descriptor.CssMediaGroup;
 682:          1427          34248  com.intellij.openapi.command.impl.EditorAndState
 683:          2139          34224  com.intellij.psi.stubs.StubSpine
 684:           855          34200  com.intellij.lang.javascript.psi.types.JSLocalNamedType
 685:           708          33984  org.kohsuke.rngom.digested.DDataPattern
 686:           847          33880  com.intellij.spring.spi.SpringSpiReferenceContributor$3$1$1
 687:           702          33696  com.intellij.openapi.editor.impl.FoldRegionImpl
 688:          1779          33592  [Lsun.reflect.generics.tree.TypeArgument;
 689:          1395          33480  org.jetbrains.kotlin.idea.intentions.SelfTargetingIntention$getTarget$1
 690:          1395          33480  org.jetbrains.kotlin.idea.intentions.SelfTargetingIntention$getTarget$2
 691:           836          33440  com.intellij.lang.javascript.psi.stubs.impl.TypeScriptTypeArgumentListStubImpl
 692:            95          33440  com.intellij.ui.components.panels.Wrapper
 693:           696          33408  com.intellij.openapi.command.impl.UndoableGroup
 694:           517          33088  kotlin.reflect.jvm.internal.impl.serialization.ProtoBuf$ValueParameter
 695:          2067          33072  com.intellij.lang.javascript.psi.types.JSTypeImpl$$Lambda$1621/1742208284
 696:           825          33000  com.intellij.psi.impl.compiled.ClsReferenceExpressionImpl
 697:          1375          33000  com.intellij.util.text.ImmutableText
 698:          1030          32960  com.intellij.codeInsight.daemon.impl.LocalInspectionsPass$InspectionContext
 699:          1370          32880  com.intellij.psi.impl.source.FileTrees
 700:          1026          32832  sun.java2d.DefaultDisposerRecord
 701:          1365          32760  java.util.concurrent.CopyOnWriteArrayList
 702:           340          32640  com.intellij.util.io.PersistentBTreeEnumerator
 703:           811          32440  java.awt.FlowLayout
 704:           576          32256  sun.java2d.loops.FontInfo
 705:          1341          32184  com.intellij.psi.impl.source.AstPathPsiMap
 706:          2009          32144  java.util.LinkedHashMap$LinkedKeySet
 707:            88          32128  [Ljava.lang.ThreadLocal$ThreadLocalMap$Entry;
 708:          1330          31920  com.intellij.configurationStore.BindingCacheKey
 709:           997          31904  com.intellij.util.containers.ConcurrentWeakKeyWeakValueHashMap$WeakValue
 710:           209          31768  sun.font.TrueTypeFont
 711:            72          31680  com.intellij.openapi.actionSystem.impl.ActionToolbarImpl
 712:           989          31648  com.intellij.openapi.editor.IndentGuideDescriptor
 713:          1317          31608  com.intellij.spring.model.SpringBaseBeanPointer$1
 714:           657          31536  com.intellij.util.ui.JBImageIcon
 715:           783          31320  java.math.BigInteger
 716:          1000          31256  [Lcom.intellij.psi.PsiElement;
 717:          1941          31056  com.intellij.openapi.util.IconLoader$CachedImageIcon$1
 718:           551          30856  com.intellij.psi.impl.source.tree.java.PsiBlockStatementImpl
 719:           321          30816  com.intellij.util.io.PersistentHashMapValueStorage
 720:           641          30768  gnu.trove.TIntObjectHashMap
 721:           961          30752  java.util.ResourceBundle$LoaderReference
 722:          1279          30696  com.intellij.patterns.ObjectPattern$Capture
 723:          1918          30688  com.intellij.idea.IdeaLogger
 724:          1911          30576  com.intellij.lang.javascript.psi.impl.JSImplicitElementProviderImpl$$Lambda$2140/1191232778
 725:           382          30560  net.sourceforge.pmd.lang.java.ast.ASTBlock
 726:           346          30448  com.intellij.codeInspection.InspectionEP
 727:           951          30432  gnu.trove.THashMap$Entry
 728:           760          30400  com.intellij.openapi.editor.markup.AttributesFlyweight$FlyweightKey
 729:           422          30384  com.intellij.ui.DeferredIconImpl
 730:            90          30240  [Lio.netty.util.Recycler$DefaultHandle;
 731:           934          29888  com.intellij.util.ui.JBEmptyBorder
 732:           930          29760  net.sourceforge.pmd.lang.java.ast.JavaParser$JJCalls
 733:           743          29720  java.lang.ref.Finalizer
 734:          1237          29688  com.intellij.psi.impl.compiled.ClsParameterListImpl
 735:           265          29680  org.jetbrains.kotlin.serialization.ProtoBuf$Class
 736:           927          29664  sun.reflect.UnsafeBooleanFieldAccessorImpl
 737:           926          29632  com.intellij.psi.impl.compiled.ClsIdentifierImpl
 738:           921          29472  com.intellij.psi.impl.source.tree.java.PsiLiteralExpressionImpl
 739:           735          29400  com.intellij.openapi.editor.markup.AttributesFlyweight
 740:           612          29376  com.intellij.codeInsight.daemon.impl.ShowIntentionsPass$1
 741:           457          29248  com.intellij.ui.LayeredIcon
 742:          1825          29200  com.intellij.codeInspection.ex.InspectionToolRegistrar$$Lambda$650/1485140787
 743:           728          29120  java.util.HashMap$EntryIterator
 744:          1210          29040  com.intellij.openapi.editor.impl.view.LineLayout$Chunk
 745:            74          29008  com.intellij.openapi.wm.impl.ToolWindowHeader$ActionButton$1
 746:           720          28800  sun.misc.Cleaner
 747:           718          28720  javax.swing.text.GapContent$MarkData
 748:           896          28672  com.intellij.openapi.vcs.ex.PartialLocalLineStatusTracker$MyUndoableAction
 749:          1782          28512  com.intellij.codeInsight.AnnotationUtil$$Lambda$2420/806026610
 750:          1188          28512  com.intellij.psi.filters.position.FilterPattern
 751:          1188          28512  com.intellij.psi.filters.position.FilterPattern$1
 752:          1188          28512  javassist.bytecode.NameAndTypeInfo
 753:           507          28392  com.intellij.psi.impl.source.tree.java.ParameterElement
 754:           887          28384  kotlin.reflect.jvm.internal.impl.name.FqNameUnsafe
 755:           886          28352  [Lcom.intellij.ide.browsers.WebBrowserUrlProvider;
 756:          1180          28320  org.jdom.ImmutableSameTypeAttributeList$1
 757:          1765          28240  sun.reflect.generics.tree.ClassTypeSignature
 758:          1750          28000  sun.reflect.DelegatingConstructorAccessorImpl
 759:          1163          27912  com.intellij.codeInspection.ex.QuickFixWrapper
 760:           581          27888  com.intellij.codeInsight.intention.IntentionActionBean
 761:          1162          27888  com.intellij.psi.css.descriptor.BrowserVersion
 762:          1160          27840  java.lang.Long
 763:          1156          27744  kotlin.SynchronizedLazyImpl
 764:           865          27680  com.intellij.codeInsight.controlflow.impl.InstructionImpl
 765:           691          27640  com.intellij.util.io.ResizeableMappedFile
 766:           863          27616  sun.security.util.DerInputBuffer
 767:           863          27616  sun.security.util.DerValue
 768:           431          27584  com.intellij.uiDesigner.core.GridConstraints
 769:          1146          27504  com.intellij.openapi.editor.ex.util.LexerEditorHighlighter$HighlighterIteratorImpl
 770:           685          27400  com.intellij.lang.javascript.psi.ecma6.impl.TypeScriptParameterListImpl
 771:           489          27384  com.intellij.psi.impl.source.tree.java.PsiReturnStatementImpl
 772:           568          27264  com.intellij.util.keyFMap.MapBackedFMap
 773:           340          27200  kotlin.reflect.jvm.internal.impl.serialization.ProtoBuf$Annotation$Argument$Value
 774:           376          27072  org.apache.xerces.impl.xs.XSElementDecl
 775:           514          26944  [Ljava.lang.invoke.LambdaForm$Name;
 776:          1120          26880  com.intellij.spring.contexts.model.AbstractSimpleSpringModel$1
 777:          1120          26880  com.intellij.spring.contexts.model.AbstractSimpleSpringModel$2
 778:          1120          26880  com.intellij.spring.contexts.model.CachedLocalModel$1
 779:           305          26840  org.jetbrains.kotlin.serialization.ProtoBuf$Property
 780:          1106          26544  com.intellij.patterns.PsiClassPattern
 781:           828          26496  com.intellij.patterns.PsiAnnotationPattern$2
 782:          1654          26464  com.intellij.codeInspection.bytecodeAnalysis.HMember
 783:           551          26448  com.intellij.codeInsight.intention.impl.config.IntentionActionMetaData
 784:           367          26424  com.intellij.codeInsight.completion.JavaPsiClassReferenceElement
 785:           275          26400  sun.awt.image.ImageRepresentation
 786:            73          26352  [Lcom.intellij.psi.tree.IElementType;
 787:          1097          26328  com.intellij.psi.impl.source.resolve.reference.ArbitraryPlaceUrlReferenceProvider$1$$Lambda$2320/1356529732
 788:           548          26304  com.intellij.psi.impl.file.PsiPackageImpl
 789:           548          26304  com.intellij.util.lang.JarLoader
 790:          1100          26296  [Lcom.intellij.semantic.SemKey;
 791:           815          26080  javax.swing.text.html.StyleSheet$SmallConversionSet
 792:           814          26048  com.intellij.psi.impl.source.PsiMethodImpl
 793:           647          25880  com.intellij.lang.javascript.psi.stubs.impl.TypeScriptArrayTypeStubImpl
 794:          1075          25800  com.intellij.patterns.PsiNameValuePairPattern$1
 795:           801          25632  com.intellij.lang.javascript.psi.ecma6.impl.TypeScriptStringLiteralTypeImpl
 796:           228          25536  com.intellij.util.indexing.impl.MapIndexStorage$2
 797:           793          25376  com.intellij.lang.javascript.psi.ecma6.impl.TypeScriptPropertySignatureImpl
 798:           974          25256  [Lcom.intellij.openapi.editor.ex.RangeHighlighterEx;
 799:           526          25248  com.intellij.psi.impl.source.HierarchicalMethodSignatureImpl
 800:           629          25160  com.intellij.util.io.ReadWriteDirectBufferWrapper
 801:           781          24992  java.util.stream.Collectors$CollectorImpl
 802:           781          24992  java.util.stream.ReduceOps$3
 803:           781          24992  java.util.stream.ReduceOps$3ReducingSink
 804:           390          24960  com.intellij.psi.impl.source.tree.java.PsiLocalVariableImpl
 805:           390          24960  org.jetbrains.idea.maven.model.MavenArtifact
 806:          1039          24936  javax.swing.ActionMap
 807:          1550          24800  com.intellij.psi.impl.ScopedClassHierarchy$$Lambda$2405/1440221895
 808:          1550          24800  java.lang.ThreadLocal
 809:            56          24640  com.intellij.ide.navigationToolbar.NavBarItem
 810:          1026          24624  org.intellij.html.RelaxedHtmlFromRngElementDescriptor
 811:          1025          24600  com.intellij.openapi.vfs.impl.local.LocalFileSystemImpl$WatchRequestImpl
 812:           384          24576  java.util.stream.ReferencePipeline$7
 813:          1021          24504  com.intellij.lang.javascript.psi.resolve.JSResolveResult
 814:           509          24432  java.lang.invoke.LambdaForm
 815:           509          24432  java.util.WeakHashMap
 816:           436          24416  com.intellij.psi.impl.source.tree.java.AnnotationElement
 817:           436          24416  com.intellij.psi.impl.source.tree.java.AnnotationParamListElement
 818:          1015          24360  java.util.Comparator$$Lambda$500/1326472209
 819:          1009          24216  java.util.ArrayDeque
 820:           121          24200  org.apache.xerces.impl.dv.xs.XSSimpleTypeDecl
 821:          1007          24168  com.intellij.openapi.editor.impl.IndentsModelImpl$IntPair
 822:          1006          24144  javassist.bytecode.MethodrefInfo
 823:           754          24128  java.io.DataInputStream
 824:           753          24096  com.intellij.lang.javascript.psi.ecma6.impl.TypeScriptUnionOrIntersectionTypeImpl
 825:          1004          24096  com.intellij.lang.javascript.psi.types.JSParameterTypeDecoratorImpl
 826:           753          24096  com.intellij.psi.impl.compiled.ClsParameterImpl
 827:          1004          24096  javax.swing.InputMap
 828:           602          24080  com.intellij.psi.css.impl.CssTokenImpl
 829:           167          24048  java.text.DecimalFormat
 830:          1495          23920  com.intellij.util.Processors$1
 831:           990          23760  net.sourceforge.pmd.lang.dfa.VariableAccess
 832:            56          23744  com.intellij.ui.TitledSeparator$1
 833:           742          23744  com.intellij.util.containers.FList
 834:           370          23680  com.intellij.spring.model.jam.javaConfig.ContextJavaBean$$EnhancerByJetBrainsMainCglib$$4c9549eb
 835:           739          23648  [Lcom.intellij.psi.search.scope.packageSet.CustomScopesProvider;
 836:            72          23616  java.util.concurrent.ForkJoinPool$WorkQueue
 837:          1471          23536  com.intellij.util.SmartFMap
 838:           419          23464  javax.swing.Timer
 839:           488          23424  com.intellij.psi.impl.smartPointers.AnchorElementInfo
 840:           418          23408  com.intellij.psi.impl.source.javadoc.PsiDocTagImpl
 841:           992          23280  [Ljava.lang.reflect.Type;
 842:           578          23120  com.intellij.openapi.editor.impl.view.EditorPainter$1
 843:           578          23120  com.intellij.openapi.editor.impl.view.EditorPainter$2
 844:           321          23112  com.intellij.util.io.PersistentHashMapValueStorage$MyCompressedAppendableFile
 845:           721          23072  java.awt.geom.Path2D$Double
 846:           319          22968  com.intellij.psi.impl.source.tree.java.ReferenceListElement
 847:           151          22952  [Lcom.intellij.execution.runners.ProgramRunner;
 848:           573          22920  com.intellij.lang.javascript.psi.ecma6.impl.TypeScriptFunctionSignatureImpl
 849:           406          22736  com.intellij.psi.impl.source.tree.java.PsiExpressionStatementImpl
 850:           315          22680  com.intellij.psi.impl.source.xml.XmlAttributeValueImpl
 851:          1417          22672  com.intellij.codeInsight.AnnotationUtil$$Lambda$1658/1883192849
 852:           688          22648  [Lcom.intellij.openapi.actionSystem.AnAction;
 853:           942          22608  org.jetbrains.kotlin.name.Name
 854:          1410          22560  com.intellij.psi.impl.source.CharTableImpl
 855:           563          22520  org.jetbrains.kotlin.serialization.ProtoBuf$Annotation$Argument
 856:           938          22512  com.intellij.patterns.IElementTypePattern
 857:          1402          22432  com.intellij.lang.javascript.frameworks.amd.JSAmdUtil$$Lambda$4183/1444528059
 858:          1398          22368  java.util.HashMap$EntrySet
 859:           252          22176  net.sourceforge.pmd.lang.java.ast.ASTFormalParameter
 860:           923          22152  org.intellij.plugins.relaxNG.model.descriptors.RngElementDescriptor
 861:           307          22104  com.intellij.openapi.roots.impl.libraries.LibraryImpl
 862:           551          22040  com.intellij.codeInsight.intention.impl.config.IntentionsOptionsTopHitProvider$Option
 863:           688          22016  java.awt.geom.Path2D$Double$TxIterator
 864:            56          21952  com.intellij.concurrency.IdeaForkJoinWorkerThreadFactory$1
 865:           908          21792  com.intellij.lang.javascript.psi.impl.JSPropertyImpl$$Lambda$2638/1056896998
 866:           389          21784  com.intellij.psi.impl.source.tree.java.PsiIfStatementImpl
 867:          1353          21648  com.intellij.openapi.editor.impl.view.LineLayout$SingleChunk
 868:           451          21648  org.jetbrains.kotlin.serialization.ProtoBuf$QualifiedNameTable$QualifiedName
 869:           672          21504  org.jdom.ContentList$FilterList
 870:          1343          21488  com.intellij.codeInsight.template.impl.TemplateContext
 871:           671          21472  com.intellij.util.xmlb.PropertyAccessor
 872:           894          21456  kotlin.reflect.jvm.internal.impl.name.FqName
 873:           243          21384  com.intellij.psi.impl.source.html.HtmlTagImpl
 874:           888          21312  java.util.concurrent.ConcurrentLinkedQueue
 875:           242          21296  net.sourceforge.pmd.lang.java.ast.ASTPrimitiveType
 876:           209          21248  [Lsun.font.TrueTypeFont$DirectoryEntry;
 877:           885          21240  com.intellij.ide.browsers.actions.BaseOpenInBrowserActionKt$createRequest$1$_element$2
 878:           442          21216  com.intellij.openapi.actionSystem.impl.ActionManagerImpl$1
 879:           528          21120  com.intellij.psi.util.MethodSignatureBackedByPsiMethod
 880:           880          21120  com.intellij.spring.contexts.model.AbstractSimpleLocalModel$1
 881:           528          21120  org.apache.xerces.impl.xs.XSParticleDecl
 882:            10          21112  [Lcom.intellij.codeInsight.intention.IntentionAction;
 883:           658          21056  com.intellij.util.ui.CenteredIcon
 884:           657          21024  com.intellij.concurrency.ConcurrentHashMap$Node
 885:          1314          21024  com.intellij.psi.impl.source.PsiTypeElementImpl$$Lambda$2625/1497779942
 886:           875          21000  javassist.bytecode.ExceptionTable
 887:           875          21000  javassist.bytecode.LineNumberAttribute
 888:           744          20976  [Lcom.intellij.psi.filters.ElementFilter;
 889:           655          20960  java.nio.DirectByteBuffer$Deallocator
 890:           873          20952  com.intellij.util.io.PoolPageKey
 891:           873          20952  java.util.regex.Pattern$Slice
 892:           869          20856  javassist.bytecode.LocalVariableAttribute
 893:          1298          20768  com.intellij.spring.model.SpringBaseBeanPointer$$Lambda$3803/49325144
 894:           259          20720  net.sourceforge.pmd.lang.java.ast.ASTStatementExpression
 895:           863          20712  sun.security.util.DerInputStream
 896:           645          20640  com.intellij.psi.impl.compiled.ClsPackageStatementImpl
 897:           858          20592  com.intellij.util.io.Page$Range
 898:           856          20544  org.jetbrains.kotlin.cli.common.arguments.Freezable$FreezableVar
 899:           640          20480  org.kohsuke.rngom.parse.compact.CompactSyntax$JJCalls
 900:           852          20448  [Lsun.security.x509.AVA;
 901:           852          20448  sun.security.x509.AVA
 902:           852          20448  sun.security.x509.RDN
 903:           850          20400  javax.swing.KeyStroke
 904:           424          20352  com.intellij.openapi.vfs.newvfs.persistent.PersistentFSImpl$FsRoot
 905:           847          20328  sun.swing.SwingUtilities2$AATextInfo$KeyPair
 906:           317          20288  com.intellij.psi.impl.source.xml.XmlAttributeImpl
 907:           253          20240  com.intellij.notification.Notification
 908:            56          20160  com.intellij.ui.TitledSeparator
 909:           359          20104  com.intellij.psi.impl.source.tree.java.PsiDeclarationStatementImpl
 910:           626          20032  com.intellij.psi.impl.compiled.ClsReferenceParameterListImpl
 911:            48          19968  com.intellij.ui.components.JBLabel
 912:          1245          19920  java.util.concurrent.atomic.AtomicInteger
 913:           622          19904  java.util.LinkedList
 914:           355          19880  com.intellij.psi.impl.source.tree.java.NameValuePairElement
 915:           828          19872  com.intellij.jam.reflect.JamAnnotationAttributeMeta$JamCreator
 916:           828          19872  com.intellij.jam.reflect.JamAnnotationMeta$$Lambda$1479/1914223889
 917:           496          19840  com.intellij.util.Alarm$Request
 918:           496          19840  com.intellij.util.containers.ConcurrentWeakHashMap$WeakKey
 919:           617          19744  com.intellij.psi.impl.source.PsiParameterImpl
 920:            56          19712  javax.swing.JSeparator
 921:           272          19584  com.intellij.psi.impl.source.javadoc.PsiDocCommentImpl
 922:           811          19464  java.util.regex.Pattern$GroupTail
 923:           607          19424  java.awt.font.FontRenderContext
 924:           809          19416  java.util.stream.MatchOps$$Lambda$380/2037207006
 925:           809          19416  java.util.stream.MatchOps$1MatchSink
 926:           809          19416  java.util.stream.MatchOps$MatchOp
 927:           652          19392  [Lcom.intellij.psi.PsiClass;
 928:           808          19392  java.util.regex.Pattern$GroupHead
 929:           604          19328  gnu.trove.THashMap$EntryView$EntryIterator
 930:           802          19248  com.intellij.psi.filters.position.ParentElementFilter
 931:            52          19136  com.intellij.openapi.ui.OnePixelDivider
 932:           794          19056  java.util.concurrent.locks.ReentrantReadWriteLock
 933:            39          19032  com.intellij.ide.ui.laf.intellij.WinIntelliJComboBoxUI$1
 934:            54          19008  com.intellij.ui.AbstractExpandableItemsHandler$1
 935:           395          18960  javax.swing.text.html.HTMLDocument$BlockElement
 936:           473          18920  com.intellij.reference.SoftReference
 937:            30          18880  [Lio.netty.buffer.PoolSubpage;
 938:           472          18880  com.intellij.lang.javascript.psi.ecma6.impl.TypeScriptFunctionTypeImpl
 939:           157          18840  [Lcom.intellij.psi.codeStyle.LanguageCodeStyleSettingsProvider;
 940:           336          18816  [Ljava.util.regex.Pattern$GroupHead;
 941:           392          18816  com.intellij.util.containers.ObjectIntHashMap
 942:           335          18760  java.util.HashMap$TreeNode
 943:           293          18752  com.intellij.ui.components.DefaultScrollBarUI
 944:           334          18704  com.intellij.util.ui.UIUtil$21
 945:           581          18592  com.intellij.codeInsight.intention.impl.config.IntentionActionWrapper
 946:            54          18576  com.intellij.uiDesigner.core.Spacer
 947:           577          18464  com.intellij.util.io.DataOutputStream
 948:            32          18432  com.intellij.execution.ui.layout.impl.GridCellImpl$2
 949:            39          18408  com.intellij.ide.ui.laf.intellij.WinIntelliJComboBoxUI$3$1
 950:           765          18360  com.intellij.jam.JamClassGeneratorImpl$JamReferenceHolderImpl
 951:           459          18360  com.intellij.lang.javascript.psi.controlflow.instruction.JSReadWriteInstruction
 952:           573          18336  org.jetbrains.kotlin.idea.core.script.KotlinScriptDependenciesClassFinder$findClassInPackage$1
 953:           458          18320  com.intellij.util.io.IntToIntBtree$BtreeIndexNodeView
 954:           760          18240  com.intellij.lang.javascript.JSLanguageInjector$$Lambda$2164/1407748683
 955:           758          18192  java.util.regex.Pattern$Start
 956:           757          18168  sun.awt.image.BufImgSurfaceManager
 957:           324          18144  com.intellij.openapi.editor.impl.RangeMarkerTree
 958:           753          18072  com.intellij.patterns.PsiNamePatternCondition
 959:           753          18072  com.intellij.psi.impl.compiled.ClsParameterImpl$1
 960:          1127          18032  com.intellij.openapi.util.RecursionManager$2
 961:           751          18024  com.intellij.util.indexing.impl.ValueContainerImpl$SingleValueIterator
 962:          1125          18000  java.security.ProtectionDomain$Key
 963:          1124          17984  [Ljava.security.Principal;
 964:           748          17952  com.intellij.patterns.PsiModifierListOwnerPattern$3
 965:           748          17944  [Lcom.intellij.openapi.components.Storage;
 966:          1120          17920  com.intellij.spring.contexts.model.CachedLocalModel$$Lambda$2546/1274605399
 967:           746          17904  java.util.regex.Pattern$5
 968:            39          17784  com.intellij.ide.ui.laf.intellij.WinIntelliJComboBoxUI$5
 969:           369          17712  org.jetbrains.kotlin.serialization.ProtoBuf$Type$Argument
 970:           736          17664  [Lcom.intellij.psi.search.scope.packageSet.NamedScopesHolder;
 971:           735          17640  javax.swing.tree.TreePath
 972:            38          17632  com.intellij.util.ui.ButtonlessScrollBarUI$EmptyButton
 973:           548          17536  org.jetbrains.plugins.groovy.lang.psi.impl.search.GrSourceFilterScope
 974:           729          17496  kotlin.Pair
 975:           677          17488  [Lcom.intellij.lang.ASTNode;
 976:           543          17376  com.intellij.javaee.ExternalResourceManagerExImpl$Resource
 977:           655          17160  [Ljavax.swing.text.AbstractDocument$AbstractElement;
 978:           536          17152  com.intellij.psi.impl.source.tree.java.PsiAnnotationImpl
 979:           306          17136  com.intellij.psi.css.impl.stubs.CssPseudoSelectorStub
 980:           712          17088  com.intellij.util.io.FileChunkKey
 981:           214          17056  [Lcom.intellij.lang.javascript.index.FrameworkIndexingHandler;
 982:           533          17056  com.intellij.configurationStore.ComponentInfoImpl
 983:           354          16992  com.intellij.lang.javascript.psi.stubs.impl.TypeScriptTypeAliasStubImpl
 984:          1062          16992  com.intellij.psi.impl.source.DummyHolder$DummyHolderTreeLock
 985:           708          16992  org.jetbrains.kotlin.protobuf.LiteralByteString
 986:           212          16960  net.sourceforge.pmd.lang.java.ast.ASTVariableDeclarator
 987:           705          16920  com.intellij.patterns.XmlNamedElementPattern$XmlAttributePattern
 988:           420          16800  com.intellij.openapi.vfs.impl.jar.BasicJarHandler
 989:           420          16800  com.intellij.openapi.vfs.impl.jar.BasicJarHandler$ZipResourceHandle
 990:           210          16800  net.sourceforge.pmd.lang.java.ast.ASTReturnStatement
 991:           233          16776  com.intellij.util.ui.JBFont$JBFontUIResource
 992:           698          16752  com.intellij.psi.tree.TokenSet
 993:           696          16704  org.apache.xerces.util.SymbolTable$Entry
 994:           686          16688  [Lcom.intellij.psi.PsiClassType;
 995:           189          16632  com.intellij.openapi.wm.impl.WindowInfoImpl
 996:           173          16608  sun.font.CompositeFont
 997:            38          16600  [Lcom.intellij.xml.XmlAttributeDescriptor;
 998:           623          16592  [Lcom.intellij.psi.css.descriptor.BrowserVersion;
 999:           691          16584  javassist.bytecode.AnnotationsAttribute
1000:           518          16576  com.intellij.lang.javascript.psi.resolve.JSSymbolResolveStatus
1001:           296          16576  com.intellij.psi.impl.source.tree.java.TypeParameterListElement
1002:            44          16544  com.intellij.openapi.fileEditor.impl.EditorComposite$TopBottomPanel
1003:           689          16536  javassist.bytecode.ClassInfo
1004:           295          16520  sun.nio.cs.UTF_8$Encoder
1005:           747          16472  [Ljavax.swing.text.AttributeSet;
1006:           686          16464  com.intellij.compiler.backwardRefs.CompilerReferenceServiceImpl$$Lambda$2160/1376872881
1007:           686          16464  com.intellij.compiler.backwardRefs.CompilerReferenceServiceImpl$HierarchySearchKey
1008:           343          16464  org.iq80.snappy.SnappyFramedOutputStream
1009:          1026          16416  com.intellij.util.ConstantFunction
1010:           680          16320  sun.swing.SwingUtilities2$AATextInfo
1011:           508          16256  com.intellij.util.io.UnsyncByteArrayInputStream
1012:           674          16176  com.ansorgit.plugins.bash.editor.codecompletion.BashPathCompletionService$CompletionItem
1013:           404          16160  com.intellij.psi.impl.source.tree.injected.ShredImpl
1014:           252          16128  com.intellij.lang.javascript.psi.impl.JSForStatementImpl
1015:          1001          16016  com.intellij.util.text.ImmutableText$WideLeafNode
1016:           667          16008  org.jdom.Text
1017:            40          16000  javax.swing.JScrollPane
1018:           665          15960  kotlin.reflect.jvm.internal.ReflectProperties$LazyVal
1019:           664          15936  java.io.SerialCallbackContext
1020:            39          15912  javax.swing.plaf.basic.BasicComboPopup$1
1021:           397          15880  com.android.repository.impl.generated.v1.ArchiveType
1022:           491          15712  com.intellij.lang.javascript.psi.resolve.AccessibilityProcessingHandler
1023:           280          15680  com.intellij.psi.impl.source.tree.java.ParameterListElement
1024:           490          15680  sun.reflect.UnsafeObjectFieldAccessorImpl
1025:           325          15600  sun.util.locale.LocaleObjectCache$CacheEntry
1026:           277          15512  com.intellij.util.containers.hash.LinkedHashMap
1027:           484          15488  java.util.TreeMap$KeyIterator
1028:           387          15480  org.jetbrains.kotlin.serialization.ProtoBuf$Annotation
1029:           241          15424  java.text.DecimalFormatSymbols
1030:            41          15416  javax.swing.JScrollPane$ScrollBar
1031:           214          15408  com.intellij.lang.javascript.psi.jsdoc.impl.JSDocTagImpl
1032:           321          15408  com.intellij.util.io.PersistentHashMap$5
1033:            30          15360  com.intellij.openapi.wm.impl.StripeButton
1034:           240          15360  com.intellij.util.io.AppendableStorageBackedByResizableMappedFile
1035:           274          15344  [Ljava.text.Format;
1036:           479          15328  com.android.repository.impl.generated.v1.RevisionType
1037:           957          15312  com.intellij.lang.javascript.psi.resolve.JSScopeNamesCache$$Lambda$2142/626031852
1038:           478          15296  sun.security.util.ObjectIdentifier
1039:           273          15288  com.intellij.psi.impl.source.tree.java.MethodElement
1040:           477          15264  org.jetbrains.kotlin.idea.inspections.IntentionBasedInspection$buildVisitor$1
1041:           635          15240  com.intellij.spring.model.jam.stereotype.CustomSpringComponent
1042:           633          15192  java.util.regex.Pattern$Ctype
1043:           135          15120  java.util.GregorianCalendar
1044:           629          15096  org.jetbrains.kotlin.renderer.DescriptorRendererOptionsImpl$property$$inlined$vetoable$1
1045:           942          15072  com.intellij.semantic.SemServiceImpl$SemCacheChunk
1046:           628          15072  sun.reflect.generics.factory.CoreReflectionFactory
1047:           173          15064  [Lsun.font.PhysicalFont;
1048:            40          15040  javax.swing.JViewport
1049:           626          15024  [Lcom.intellij.psi.impl.compiled.ClsTypeElementImpl;
1050:           313          15024  com.android.tools.lint.detector.api.Issue
1051:           268          15008  com.android.repository.impl.generated.v1.RemotePackage
1052:           373          14920  java.io.FileDescriptor
1053:            38          14896  com.intellij.ui.tabs.impl.ActionButton$1
1054:           133          14896  kotlin.reflect.jvm.internal.impl.serialization.ProtoBuf$Class
1055:           620          14880  de.plushnikov.intellij.plugin.provider.LombokAugmentProvider$ClassLombokCachedValueProvider
1056:           186          14880  net.sourceforge.pmd.lang.java.ast.ASTLocalVariableDeclaration
1057:           261          14616  java.util.stream.DistinctOps$1
1058:           456          14592  com.intellij.lang.javascript.psi.types.JSCompositeTypeImpl
1059:           453          14496  com.intellij.util.indexing.containers.ChangeBufferingList$ChangesIterator
1060:           225          14400  com.intellij.psi.impl.source.tree.java.PsiAssignmentExpressionImpl
1061:           584          14376  [Lcom.intellij.psi.PsiReference;
1062:           256          14336  com.intellij.psi.impl.source.javadoc.PsiDocParamRef
1063:           597          14328  sun.reflect.generics.reflectiveObjects.ParameterizedTypeImpl
1064:           298          14304  com.intellij.openapi.util.registry.RegistryValue
1065:           596          14304  com.intellij.psi.css.impl.descriptor.value.CssInlineValue
1066:           447          14304  com.intellij.psi.impl.smartPointers.SmartPsiFileRangePointerImpl
1067:           893          14288  com.intellij.openapi.util.LowMemoryWatcher
1068:           893          14288  org.jetbrains.plugins.groovy.lang.psi.GroovyPsiElementVisitor
1069:           446          14272  org.kohsuke.rngom.digested.DEmptyPattern
1070:           137          14248  com.intellij.ide.plugins.cl.PluginClassLoader
1071:           178          14240  net.sourceforge.pmd.lang.java.ast.ASTVariableInitializer
1072:           593          14232  com.intellij.util.CachedValueImpl
1073:           592          14208  com.intellij.configurationStore.properties.NormalizedStringStoredProperty
1074:           148          14208  javax.swing.text.html.InlineView
1075:           443          14176  com.intellij.psi.impl.source.PsiReferenceListImpl
1076:           353          14120  com.intellij.lang.javascript.psi.ecma6.impl.TypeScriptTypeAliasImpl
1077:           880          14080  java.util.Collections$UnmodifiableSet
1078:           438          14016  com.intellij.psi.impl.source.tree.java.PsiTypeParameterListImpl
1079:           350          14000  com.intellij.psi.css.impl.descriptor.value.CssGroupAllValue
1080:           875          14000  com.intellij.ui.RowIcon$$Lambda$1321/1658574357
1081:           350          14000  javax.swing.text.html.HTMLDocument$RunElement
1082:           436          13952  com.intellij.lang.javascript.psi.types.JSRecordTypeImpl$PropertySignatureImpl
1083:           579          13896  java.util.Collections$2
1084:            34          13872  com.intellij.openapi.wm.impl.InternalDecorator
1085:            34          13872  com.intellij.ui.tabs.impl.TabLabel$4
1086:           578          13872  net.sourceforge.pmd.lang.java.symboltable.LocalScope
1087:           577          13848  com.intellij.patterns.StandardPatterns$4
1088:           577          13848  com.intellij.util.EventDispatcher
1089:           577          13848  java.util.concurrent.locks.ReentrantReadWriteLock$Sync$HoldCounter
1090:           288          13824  net.sourceforge.pmd.lang.dfa.StartOrEndDataFlowNode
1091:           345          13800  sun.nio.fs.WindowsPath
1092:           430          13760  com.intellij.psi.impl.compiled.ClsAnnotationParameterListImpl
1093:           573          13752  com.intellij.lang.javascript.psi.resolve.JSQualifiedNameResolver$$Lambda$2451/105753410
1094:           573          13752  com.intellij.util.containers.MostlySingularMultiMap$ValueList
1095:           429          13728  com.intellij.spring.boot.model.autoconfigure.AutoConfigureMetadataIndex$AutoConfigureMetadata
1096:           858          13728  com.intellij.util.io.Page$PageLock
1097:           857          13712  com.intellij.codeInsight.AnnotationUtil$$Lambda$3568/618297084
1098:           571          13704  java.util.concurrent.atomic.AtomicLong
1099:            38          13680  com.intellij.ui.content.impl.ContentManagerImpl$MyNonOpaquePanel
1100:           244          13664  com.intellij.openapi.ui.ShadowAction
1101:           243          13608  javax.swing.tree.VariableHeightLayoutCache$TreeStateNode
1102:           500          13600  [Lcom.intellij.psi.ResolveResult;
1103:            34          13600  com.intellij.openapi.wm.impl.InternalDecorator$1
1104:           170          13600  net.sourceforge.pmd.lang.java.ast.ASTClassOrInterfaceBodyDeclaration
1105:           339          13560  com.intellij.codeInsight.daemon.impl.UpdateHighlightersUtil$$Lambda$2203/1677435147
1106:           845          13520  sun.reflect.DelegatingMethodAccessorImpl
1107:           563          13512  com.intellij.lang.javascript.psi.util.JSTreeUtil$JSScopeNameUsages
1108:           563          13512  com.intellij.lang.javascript.psi.util.JSTreeUtil$JSScopeReferenceAssignments
1109:           422          13504  [Lorg.jetbrains.uast.UastLanguagePlugin;
1110:           422          13504  com.intellij.ui.IconDeferrerImpl$$Lambda$1313/511512247
1111:           422          13504  java.io.ByteArrayInputStream
1112:           241          13496  com.intellij.ide.ui.laf.intellij.WinIntelliJCheckBoxUI
1113:           843          13488  com.intellij.util.xmlb.FieldAccessor
1114:           561          13464  com.intellij.util.messages.impl.MessageBusImpl$DeliveryJob
1115:           420          13440  com.intellij.jam.JamClassGeneratorImpl$12
1116:           120          13440  com.intellij.openapi.editor.impl.DocumentImpl
1117:           420          13440  javax.swing.text.html.CSS$LengthValue
1118:           543          13384  [Lcom.intellij.openapi.actionSystem.Shortcut;
1119:           152          13376  kotlin.reflect.jvm.internal.impl.serialization.ProtoBuf$Property
1120:           418          13376  org.kohsuke.rngom.digested.DZeroOrMorePattern
1121:           334          13360  java.io.ObjectStreamField
1122:            34          13328  com.intellij.openapi.wm.impl.ToolWindowHeader$3
1123:            34          13328  com.intellij.openapi.wm.impl.ToolWindowHeader$6
1124:           833          13328  java.util.concurrent.locks.ReentrantReadWriteLock$Sync$ThreadLocalHoldCounter
1125:           833          13328  java.util.concurrent.locks.ReentrantReadWriteLock$WriteLock
1126:           416          13312  com.intellij.lang.javascript.psi.ecma6.impl.TypeScriptParenthesizedTypeImpl
1127:           831          13296  com.intellij.jam.reflect.JamMemberMeta$$Lambda$1472/535485970
1128:           830          13280  java.util.concurrent.locks.ReentrantReadWriteLock$ReadLock
1129:           553          13272  javax.swing.text.GapContent$StickyPosition
1130:           414          13248  com.intellij.util.messages.impl.MessageBusConnectionImpl
1131:           551          13224  com.intellij.codeInsight.intention.impl.config.IntentionManagerSettings$MetaDataKey
1132:           127          13208  com.intellij.lang.javascript.psi.jsdoc.impl.JSDocCommentCachedData
1133:           330          13200  com.intellij.util.text.StringTokenizer
1134:           550          13200  gnu.trove.TLongArrayList
1135:           275          13200  sun.awt.image.ToolkitImage
1136:           548          13152  com.intellij.psi.NonClasspathClassFinder$$Lambda$2087/1215036930
1137:           548          13152  com.intellij.psi.NonClasspathClassFinder$$Lambda$2089/1802648898
1138:           547          13128  org.zeroturnaround.bundled.org.bouncycastle.asn1.ASN1ObjectIdentifier
1139:           205          13120  com.intellij.configurationStore.StateStorageManagerImpl$MyFileStorage
1140:           546          13104  java.util.regex.Pattern$Single
1141:           272          13056  ch.qos.logback.classic.Logger
1142:           408          13056  com.intellij.openapi.vfs.impl.VirtualFilePointerImpl
1143:            34          13056  com.intellij.openapi.wm.impl.content.ToolWindowContentUi
1144:            34          13056  com.intellij.util.ui.AsyncProcessIcon$Big
1145:           815          13040  javax.swing.event.ChangeEvent
1146:           543          13032  [Lcom.intellij.openapi.editor.EditorLinePainter;
1147:           543          13032  com.intellij.patterns.PsiAnnotationPattern$1
1148:           543          13032  java.lang.invoke.LambdaForm$NamedFunction
1149:           406          12992  com.intellij.lang.javascript.psi.types.JSResolvedTypeInfoImpl
1150:           135          12960  sun.util.calendar.Gregorian$Date
1151:           433          12952  [Lcom.intellij.openapi.vfs.VirtualFile;
1152:           404          12928  org.kohsuke.rngom.digested.DNotAllowedPattern
1153:            31          12896  com.intellij.openapi.wm.impl.content.TabContentLayout$3
1154:           479          12832  [Lcom.intellij.openapi.vfs.impl.FilePointerPartNode;
1155:           316          12832  [Ljavax.swing.text.GapContent$MarkData;
1156:           533          12792  kotlin.reflect.jvm.internal.ReflectProperties$LazyVal
1157:            34          12784  com.intellij.openapi.ui.LoadingDecorator$LoadingLayer
1158:           228          12768  java.util.zip.ZipFile$ZipFileInputStream
1159:           797          12752  com.intellij.psi.impl.source.ClassInnerStuffCache$$Lambda$2354/1959661028
1160:           531          12744  com.intellij.openapi.util.io.BufferExposingByteArrayOutputStream
1161:           524          12728  [Lcom.intellij.lang.javascript.psi.JSParameterListElement;
1162:           318          12720  com.intellij.xml.util.documentation.HtmlAttributeDescriptor
1163:           227          12712  javax.swing.text.html.StyleSheet$BoxPainter
1164:           397          12704  com.android.repository.impl.generated.v1.CompleteType
1165:           529          12696  javassist.bytecode.StringInfo
1166:           316          12640  com.intellij.openapi.components.OldComponentConfig
1167:           395          12640  com.intellij.util.containers.TreeTraversal$P1
1168:           526          12624  java.util.Date
1169:           524          12576  com.intellij.openapi.vfs.newvfs.impl.VfsData$Segment
1170:           784          12544  com.intellij.lang.javascript.psi.impl.JSPropertyImpl$$Lambda$2267/190645011
1171:            28          12544  com.intellij.openapi.editor.impl.EditorComponentImpl
1172:            32          12544  javax.swing.plaf.basic.BasicComboBoxRenderer$UIResource
1173:            31          12528  [Lcom.intellij.concurrency.ConcurrentHashMap$Node;
1174:           522          12528  com.intellij.util.containers.NotNullList
1175:           261          12528  sun.font.FontStrikeDisposer
1176:           261          12528  sun.font.StrikeCache$SoftDisposerRef
1177:           522          12528  sun.reflect.NativeMethodAccessorImpl
1178:            34          12512  com.intellij.openapi.wm.impl.InternalDecorator$MyDivider
1179:           521          12504  com.intellij.spellchecker.compress.UnitBitSet
1180:           390          12480  com.intellij.lang.javascript.psi.JSTypeUtils$2
1181:           779          12464  com.intellij.lang.javascript.psi.impl.JSPropertyImpl$$Lambda$2141/1539731147
1182:           779          12464  java.util.LinkedHashMap$LinkedEntrySet
1183:           258          12384  com.intellij.psi.impl.java.stubs.impl.PsiImportStatementStubImpl
1184:            28          12320  com.intellij.openapi.wm.impl.content.ContentTabLabel
1185:           154          12320  net.sourceforge.pmd.lang.java.ast.ASTFormalParameters
1186:           769          12304  java.awt.RenderingHints
1187:            34          12240  com.intellij.openapi.ui.LoadingDecorator$MyLayeredPane
1188:           382          12224  com.intellij.configurationStore.properties.FloatStoredProperty
1189:           382          12224  com.intellij.psi.impl.source.PsiParameterListImpl
1190:           509          12216  com.intellij.patterns.PsiJavaPatterns$4
1191:           139          12192  [Lsun.font.CharToGlyphMapper;
1192:           508          12192  com.intellij.spring.boot.application.metadata.SpringBootApplicationMetaConfigKey$Deprecation
1193:           505          12120  com.intellij.compiler.backwardRefs.CompilerReferenceServiceImpl$$Lambda$4576/2112056632
1194:           378          12096  com.intellij.openapi.components.BaseState$property$result$1
1195:            28          12096  com.intellij.openapi.editor.impl.EditorGutterComponentImpl
1196:           754          12064  javax.swing.Timer$DoPostEvent
1197:           502          12048  org.apache.xerces.util.SymbolHash$Entry
1198:           502          12048  sun.reflect.generics.scope.ClassScope
1199:           215          12040  com.intellij.psi.impl.source.tree.java.PsiArrayInitializerMemberValueImpl
1200:           188          12032  com.intellij.psi.impl.source.tree.java.PsiParenthesizedExpressionImpl
1201:           250          12000  java.awt.GridBagLayout
1202:            34          11968  com.intellij.openapi.actionSystem.impl.ActionToolbarImpl$MySeparator
1203:            34          11968  com.intellij.openapi.wm.impl.ToolWindowHeader$1
1204:           187          11968  com.intellij.psi.codeStyle.CommonCodeStyleSettings$IndentOptions
1205:            34          11968  com.intellij.ui.tabs.impl.JBTabsImpl$Toolbar
1206:           260          11944  [Lcom.intellij.ide.util.treeView.TreeState$PathElement;
1207:           213          11928  sun.security.ssl.CipherSuite
1208:           496          11904  com.intellij.psi.impl.PropertyIndexValue
1209:           496          11904  com.intellij.util.ui.update.UiNotifyConnector
1210:            28          11872  com.intellij.openapi.editor.impl.EditorImpl$MyScrollPane
1211:           494          11856  com.intellij.psi.impl.file.PsiPackageImpl$$Lambda$2538/461129248
1212:           185          11840  com.intellij.psi.impl.source.tree.java.PsiNewExpressionImpl
1213:           368          11776  com.google.common.collect.Iterators$10
1214:           245          11760  com.alibaba.p3c.idea.inspection.AliPmdInspection
1215:           113          11752  com.intellij.ide.projectView.impl.nodes.PsiDirectoryNode
1216:           367          11744  com.intellij.psi.WeighingComparable
1217:           367          11744  java.text.FieldPosition
1218:           489          11736  kotlin.collections.ArrayAsCollection
1219:           293          11720  com.intellij.ui.components.DefaultScrollBarUI$1
1220:           293          11720  com.intellij.ui.components.DefaultScrollBarUI$2
1221:           366          11712  java.util.regex.Pattern$Branch
1222:           484          11616  com.intellij.util.containers.JBIterable$5
1223:           161          11592  com.intellij.psi.impl.source.xml.XmlTextImpl
1224:           161          11592  com.sun.xml.internal.bind.v2.model.impl.RuntimeElementPropertyInfoImpl
1225:           362          11584  [Lcom.intellij.openapi.module.ModuleTypeEP;
1226:           362          11584  com.intellij.util.ui.JBDimension$Size2D
1227:           289          11560  javax.swing.JToggleButton$ToggleButtonModel
1228:            32          11520  com.intellij.execution.ui.layout.impl.GridImpl$Placeholder
1229:            30          11520  com.intellij.find.SearchTextArea$7
1230:           480          11520  com.intellij.openapi.application.QueryExecutorBase$$Lambda$2127/885524243
1231:           144          11520  net.sourceforge.pmd.lang.java.ast.ASTMethodDeclaration
1232:           144          11520  net.sourceforge.pmd.lang.java.ast.ASTMethodDeclarator
1233:           144          11520  net.sourceforge.pmd.lang.java.ast.ASTResultType
1234:            80          11520  org.kohsuke.rngom.parse.compact.CompactSyntax
1235:           239          11472  java.util.logging.LogManager$LoggerWeakRef
1236:           179          11456  java.text.DateFormatSymbols
1237:           712          11392  com.intellij.psi.impl.smartPointers.ClsElementInfo
1238:           356          11392  java.util.RegularEnumSet
1239:           708          11328  com.intellij.psi.filters.AndFilter
1240:           177          11328  javax.swing.plaf.metal.MetalScrollPaneUI
1241:           282          11280  kotlin.reflect.jvm.internal.impl.serialization.ProtoBuf$Annotation$Argument
1242:           281          11256  [Lcom.intellij.util.xmlb.Binding;
1243:           469          11256  com.intellij.patterns.PsiElementPattern$5
1244:           469          11256  com.intellij.util.containers.MultiMap$5
1245:            28          11200  com.intellij.openapi.editor.impl.EditorImpl$MyScrollBar
1246:           466          11184  com.intellij.compiler.backwardRefs.CompilerReferenceServiceImpl$$Lambda$4577/948697499
1247:           465          11160  org.apache.xerces.impl.xs.util.XSObjectListImpl
1248:           348          11136  javax.swing.text.StyleContext$NamedStyle
1249:           347          11104  com.intellij.util.ui.JBDimension
1250:           277          11080  com.intellij.psi.impl.search.JavaSourceFilterScope
1251:           346          11072  com.intellij.spring.boot.model.autoconfigure.conditions.ConditionalOnEvaluationContextBase
1252:           346          11072  sun.reflect.generics.repository.ClassRepository
1253:           458          10992  com.intellij.openapi.actionSystem.impl.ToolbarUpdater$MyUpdateRunnable
1254:            28          10976  com.intellij.openapi.editor.impl.EditorImpl$OpaqueAwareScrollBar
1255:           457          10968  org.jetbrains.kotlin.name.ClassId
1256:           685          10960  com.intellij.codeInsight.AnnotationUtil$$Lambda$3566/1494650824
1257:           274          10960  com.intellij.ide.ui.PluginBooleanOptionDescriptor
1258:           274          10960  com.intellij.ui.components.Interpolator
1259:           274          10960  java.text.MessageFormat
1260:           228          10944  com.intellij.util.indexing.impl.MapIndexStorage$3
1261:           273          10920  com.intellij.ui.components.JBScrollBar$Model
1262:           341          10912  sun.misc.FDBigInteger
1263:           454          10896  com.intellij.lang.javascript.psi.types.JSRecordMemberSourceFactory$SingleMemberSource
1264:           226          10848  kotlin.reflect.jvm.internal.impl.serialization.ProtoBuf$QualifiedNameTable$QualifiedName
1265:           677          10832  com.intellij.psi.impl.ScopedClassHierarchy$$Lambda$2404/1075443562
1266:           451          10824  com.intellij.openapi.util.Couple
1267:           451          10824  java.util.regex.Pattern$BitClass
1268:            26          10816  com.intellij.ide.util.treeView.NodeRenderer
1269:           450          10800  com.intellij.lang.javascript.psi.resolve.JSContextLevel
1270:           450          10800  com.intellij.psi.util.CachedValueProvider$Result
1271:           225          10800  java.util.concurrent.LinkedBlockingQueue
1272:           337          10784  com.intellij.lang.javascript.psi.types.primitives.JSNumberType
1273:           192          10752  com.intellij.util.indexing.VfsAwareMapIndexStorage
1274:           671          10736  com.intellij.codeInsight.AnnotationUtil$$Lambda$2422/931549496
1275:           447          10728  com.intellij.spellchecker.quickfixes.SaveTo
1276:           335          10720  com.intellij.lang.javascript.psi.impl.JSReturnStatementImpl
1277:           366          10712  [Ljava.util.regex.Pattern$Node;
1278:           446          10704  [Lcom.intellij.spellchecker.quickfixes.SpellCheckerQuickFix;
1279:           267          10680  org.jetbrains.kotlin.serialization.ProtoBuf$TypeTable
1280:           443          10632  com.intellij.lang.javascript.psi.resolve.JSEvaluationResultContext$JSEvaluationResultContextImpl
1281:           441          10584  com.intellij.openapi.vfs.impl.local.LocalFileSystemImpl$TreeNode
1282:           120          10560  net.sourceforge.pmd.lang.java.ast.ASTImportDeclaration
1283:           329          10528  com.intellij.psi.impl.source.tree.java.PsiAnnotationParamListImpl
1284:           219          10512  sun.security.x509.X500Name
1285:           435          10440  com.google.common.collect.ImmutableMapEntry
1286:           130          10400  net.sourceforge.pmd.lang.java.ast.ASTAssignmentOperator
1287:           432          10368  javax.swing.plaf.basic.BasicButtonListener
1288:            92          10304  com.intellij.ide.ui.laf.darcula.ui.TextFieldWithPopupHandlerUI$MyCaret
1289:            28          10304  com.intellij.openapi.ui.ThreeComponentsSplitter$Divider
1290:           322          10304  com.intellij.util.containers.LimitedPool
1291:           161          10304  org.apache.xerces.impl.xs.XSComplexTypeDecl
1292:           321          10272  com.intellij.ui.Gray
1293:           428          10272  java.util.regex.Pattern$1
1294:            22          10208  javax.swing.JButton
1295:           182          10192  com.intellij.util.io.CompressedAppendableFile$SegmentedChunkInputStream
1296:           424          10176  com.intellij.openapi.editor.colors.TextAttributesKey
1297:           317          10144  com.intellij.psi.impl.source.tree.java.PsiNameValuePairImpl
1298:            11          10120  com.intellij.psi.codeStyle.CodeStyleSettings
1299:           316          10112  java.awt.datatransfer.DataFlavor
1300:           158          10112  kotlin.reflect.jvm.internal.KMutableProperty1Impl
1301:           158          10112  kotlin.reflect.jvm.internal.KProperty1Impl
1302:           315          10080  com.intellij.configurationStore.FileBasedStorage$FileSaveSession
1303:            28          10080  com.intellij.openapi.editor.impl.EditorImpl
1304:           315          10080  com.intellij.psi.impl.source.PsiImportStatementImpl
1305:           629          10064  java.util.concurrent.atomic.AtomicReferenceArray
1306:           157          10048  com.intellij.psi.impl.source.tree.java.PsiArrayAccessExpressionImpl
1307:           313          10016  sun.security.x509.AlgorithmId
1308:           312           9984  com.intellij.patterns.compiler.PatternCompilerImpl$LazyPresentablePattern
1309:           415           9960  com.intellij.lang.javascript.psi.types.JSRecordTypeImpl$CallSignatureImpl
1310:           414           9936  com.intellij.lang.javascript.psi.resolve.JSTypeResolveResult
1311:           414           9936  com.intellij.patterns.PsiParameterPattern
1312:           414           9936  com.intellij.util.containers.MultiMap
1313:            28           9856  com.intellij.openapi.editor.impl.EditorImpl$MyHeaderPanel
1314:           176           9856  java.awt.geom.EllipseIterator
1315:           113           9840  [Lsun.font.PhysicalStrike;
1316:           153           9792  com.intellij.openapi.editor.impl.InlayModelImpl$1$1
1317:            20           9760  com.intellij.ide.ui.laf.intellij.WinIntelliJSpinnerUI$2
1318:           304           9728  com.intellij.lang.javascript.intentions.ES6ConvertVarToLetConstQuickFix
1319:           404           9696  com.intellij.util.containers.JBIterable$Intercepted
1320:           404           9696  javax.swing.text.html.StyleSheet$ViewAttributeSet
1321:           302           9664  [Lcom.intellij.lang.javascript.psi.resolve.JSElementResolveScopeProvider;
1322:           134           9648  com.intellij.lang.javascript.psi.resolve.SinkResolveProcessor
1323:           201           9648  com.intellij.util.lang.JarLoader
1324:           201           9648  java.util.TimSort
1325:           338           9600  [Lcom.intellij.patterns.ElementPattern;
1326:           240           9600  com.intellij.util.io.AppendableStorageBackedByResizableMappedFile$MyBufferedIS
1327:           300           9600  java.util.Collections$UnmodifiableMap
1328:           120           9600  net.sourceforge.pmd.lang.java.ast.ASTIfStatement
1329:           171           9576  com.intellij.util.xml.stubs.ElementStub
1330:           398           9552  kotlin.reflect.jvm.internal.impl.name.Name
1331:           199           9552  sun.java2d.loops.Blit
1332:           392           9496  [Ljava.lang.reflect.Constructor;
1333:           237           9480  com.intellij.ui.ClickListener$1
1334:           148           9472  com.intellij.psi.impl.source.tree.java.PsiClassObjectAccessExpressionImpl
1335:           197           9456  com.intellij.util.containers.RefHashMap$MyMap
1336:            20           9440  javax.swing.JTextField
1337:           379           9432  [Lcom.intellij.lang.Language;
1338:           294           9408  com.intellij.psi.impl.compiled.ClsNameValuePairImpl
1339:           294           9408  com.intellij.util.indexing.impl.ValueContainerImpl$2
1340:           326           9400  [Lcom.intellij.psi.css.descriptor.CssContextType;
1341:           293           9376  com.intellij.ui.components.DefaultScrollBarUI$Listener
1342:           536           9368  [Lcom.intellij.ui.content.Content;
1343:           117           9360  com.intellij.psi.stubs.StubIndexImpl$MyIndex
1344:            16           9344  [Ljava.nio.ByteBuffer;
1345:           362           9320  [Ljavax.swing.text.View;
1346:           166           9296  com.intellij.lang.javascript.psi.stubs.impl.TypeScriptFunctionStubImpl
1347:           290           9280  com.siyeh.ig.callMatcher.CallMatcher$Simple
1348:           579           9264  com.intellij.util.EventDispatcher$2
1349:           289           9248  javax.swing.border.EmptyBorder
1350:           165           9240  com.intellij.psi.SingleRootFileViewProvider
1351:           577           9232  com.intellij.util.EventDispatcher$1
1352:           384           9216  de.plushnikov.intellij.plugin.provider.LombokAugmentProvider$MethodLombokCachedValueProvider
1353:           384           9216  java.util.stream.ReferencePipeline$7$1
1354:           128           9216  net.sourceforge.pmd.lang.java.ast.JavadocElement
1355:           573           9168  kotlin.jvm.internal.Ref$ObjectRef
1356:           286           9152  org.kohsuke.rngom.digested.DTextPattern
1357:           381           9144  com.intellij.psi.UastReferenceRegistrar$getOrCreateCachedElement$1
1358:           381           9144  kotlin.sequences.FilteringSequence
1359:           381           9144  kotlin.sequences.TransformingSequence
1360:           381           9144  kotlin.sequences.TransformingSequence$iterator$1
1361:           570           9120  com.intellij.codeInspection.magicConstant.MagicConstantInspection$$Lambda$4156/354048600
1362:           228           9120  com.intellij.spring.contexts.model.BeansSpringModel
1363:           142           9088  net.sourceforge.pmd.lang.java.ast.FormalComment
1364:           227           9080  java.util.EnumMap
1365:           378           9072  com.intellij.psi.impl.PsiClassImplUtil$$Lambda$2424/1776705447
1366:           283           9056  com.sun.xml.internal.bind.v2.runtime.Name
1367:           377           9048  com.intellij.psi.statistics.StatisticsInfo
1368:           430           9024  [Lcom.intellij.psi.impl.compiled.ClsNameValuePairImpl;
1369:           376           9024  [Lorg.apache.xerces.impl.xs.identity.IdentityConstraint;
1370:           376           9024  com.intellij.codeInsight.completion.PresentationInvariant
1371:           188           9024  com.intellij.lang.javascript.psi.types.JSRecordTypeImpl
1372:           563           9008  com.intellij.lang.javascript.psi.util.JSTreeUtil$JSScopeDeclarationsAndAssignments
1373:           160           8960  com.intellij.psi.impl.source.tree.java.ImportStatementElement
1374:            26           8944  com.intellij.util.ui.Centerizer
1375:           372           8928  kotlin.reflect.jvm.internal.impl.protobuf.LiteralByteString
1376:           370           8880  com.intellij.configurationStore.BinaryXmlWriter
1377:           185           8880  kotlin.reflect.jvm.internal.impl.serialization.ProtoBuf$Type$Argument
1378:           554           8864  com.intellij.lang.javascript.psi.JSTypeEvaluationResult
1379:           367           8808  com.intellij.psi.util.ProximityLocation
1380:            22           8800  com.intellij.xml.breadcrumbs.PsiBreadcrumbs
1381:           110           8800  net.sourceforge.pmd.lang.java.ast.ASTAdditiveExpression
1382:           122           8784  java.awt.geom.RoundRectIterator
1383:           274           8768  com.intellij.util.lang.IntObjectHashMap
1384:           273           8736  [Ljava.lang.StringBuilder;
1385:           272           8704  com.intellij.jam.JamClassGeneratorImpl$$Lambda$1474/1445650920
1386:           362           8688  com.intellij.util.ui.MyScaler
1387:           181           8688  org.jetbrains.kotlin.serialization.ProtoBuf$Constructor
1388:           542           8672  com.intellij.jsf.references.libraries.providers.MultiVariantsPsiReferenceProvider
1389:           108           8640  [Lcom.sun.xml.internal.bind.v2.util.QNameMap$Entry;
1390:           540           8640  com.intellij.codeInsight.intention.impl.config.ResourceTextDescriptor
1391:           180           8640  java.awt.geom.Line2D$Double
1392:           540           8640  java.util.LinkedHashMap$LinkedValues
1393:           360           8640  java.util.regex.Pattern$SliceI
1394:            22           8624  com.intellij.openapi.fileEditor.impl.text.PsiAwareTextEditorImpl$PsiAwareTextEditorComponent
1395:           359           8616  com.intellij.psi.stubs.StubIndexImpl$3
1396:           269           8608  com.intellij.ui.SimpleTextAttributes
1397:           537           8592  java.util.TreeSet
1398:           536           8576  com.intellij.lang.javascript.psi.types.JSTypeImpl$$Lambda$2327/435351677
1399:           134           8576  kotlin.reflect.jvm.internal.KMutableProperty1Impl
1400:           153           8568  com.intellij.openapi.editor.impl.InlayImpl
1401:           535           8560  com.intellij.psi.filters.TextFilter
1402:           356           8544  com.intellij.lang.javascript.psi.resolve.JSClassResolver$$Lambda$2264/1212456616
1403:           178           8544  com.intellij.util.io.AppendableStorageBackedByResizableMappedFile$4
1404:            11           8512  [Ljava.nio.channels.SelectionKey;
1405:           152           8512  javax.swing.TransferHandler$SwingDropTarget
1406:            19           8512  javax.swing.tree.DefaultTreeCellRenderer
1407:           354           8496  com.intellij.openapi.vfs.impl.VirtualFilePointerManagerImpl$2
1408:            18           8496  com.intellij.ui.components.JBCheckBox
1409:           531           8496  com.intellij.util.containers.ContainerUtil$ImmutableListBackedByArray
1410:           156           8480  [Lcom.intellij.openapi.editor.event.DocumentListener;
1411:            88           8448  com.intellij.util.io.PersistentHashMap
1412:            22           8448  com.intellij.xml.breadcrumbs.BreadcrumbsXmlWrapper
1413:           327           8416  [Lcom.intellij.lang.javascript.psi.JSExpression;
1414:           263           8416  java.awt.geom.Point2D$Double
1415:           263           8416  java.util.zip.ZipCoder
1416:           525           8400  com.intellij.psi.filters.ScopeFilter
1417:            30           8400  java.util.concurrent.ConcurrentHashMap$CounterCell
1418:           524           8384  java.util.concurrent.atomic.AtomicIntegerArray
1419:           261           8352  com.intellij.lang.javascript.ecmascript6.TypeScriptModuleDeclarationsProcessor
1420:           261           8352  com.intellij.lang.javascript.psi.resolve.JSQualifiedNameResolver$1
1421:           347           8328  org.apache.xerces.impl.xs.XSAnnotationImpl
1422:           260           8320  com.intellij.spring.boot.run.lifecycle.beans.LiveResourceImpl
1423:           104           8320  sun.security.x509.X509CertImpl
1424:           346           8304  org.jetbrains.kotlin.diagnostics.DiagnosticFactory0
1425:           346           8304  sun.reflect.generics.tree.ClassSignature
1426:           345           8280  com.intellij.util.io.IntToIntBtree$BtreeRootNode
1427:           345           8280  com.intellij.util.io.PersistentEnumeratorBase$Version
1428:           206           8240  com.intellij.lang.javascript.psi.jsdoc.impl.JSDocCommentImpl
1429:           343           8232  com.intellij.psi.impl.ElementBase$ElementIconRequest
1430:           343           8232  javax.swing.text.html.StyleSheet$ResolvedStyle
1431:           342           8208  org.kohsuke.rngom.nc.ChoiceNameClass
1432:           170           8160  java.util.zip.ZipFile
1433:           203           8120  [Lcom.intellij.openapi.roots.PersistentOrderRootType;
1434:            78           8112  javax.swing.text.ParagraphView$Row
1435:           253           8096  com.intellij.openapi.roots.impl.PackageDirectoryCache$PackageInfo
1436:            22           8096  com.intellij.ui.tabs.impl.ActionPanel
1437:           101           8080  com.intellij.psi.impl.source.tree.FileElement
1438:           336           8064  com.intellij.patterns.StandardPatterns$3
1439:           126           8064  com.intellij.spring.boot.model.properties.jam.EnableConfigurationProperties$$EnhancerByJetBrainsMainCglib$$cf6c455d
1440:           336           8064  java.util.regex.Pattern$TreeInfo
1441:           473           8056  [Lsun.reflect.generics.tree.FormalTypeParameter;
1442:           251           8032  com.intellij.ui.tree.StructureTreeModel$Node
1443:           346           8024  [Lsun.reflect.generics.tree.ClassTypeSignature;
1444:           334           8016  com.intellij.patterns.PsiClassNamePatternCondition
1445:           333           7992  com.intellij.util.xml.impl.DomImplementationClassEP
1446:           249           7968  com.intellij.jam.reflect.JamAnnotationMeta
1447:           142           7952  sun.util.calendar.ZoneInfo
1448:            22           7920  com.intellij.openapi.editor.impl.EditorImpl$6
1449:           329           7896  com.intellij.util.containers.ConcurrentSoftValueHashMap
1450:            21           7896  javax.swing.JProgressBar
1451:           164           7872  org.apache.xerces.impl.xs.XSAttributeGroupDecl
1452:           109           7848  com.intellij.concurrency.ConcurrentHashMap
1453:           140           7840  com.intellij.concurrency.ConcurrentHashMap$KeyIterator
1454:           326           7824  com.intellij.util.io.PersistentHashMapValueStorage$CreationTimeOptions
1455:           163           7824  sun.java2d.loops.ScaledBlit
1456:           244           7808  com.intellij.openapi.util.text.StringUtil$9
1457:           486           7776  com.intellij.openapi.extensions.ExtensionPointName
1458:           243           7776  sun.awt.image.OffScreenImageSource
1459:           194           7760  com.intellij.ide.ui.ConfigurableOptionsTopHitProvider$Option
1460:           194           7760  kotlin.reflect.jvm.internal.impl.serialization.ProtoBuf$Annotation
1461:            19           7752  com.intellij.openapi.ui.ComboBox
1462:            22           7744  com.intellij.openapi.fileEditor.impl.EditorComposite$MyComponent
1463:            22           7744  com.intellij.openapi.fileEditor.impl.EditorWindow$TComp
1464:           242           7744  sun.reflect.UnsafeIntegerFieldAccessorImpl
1465:           322           7728  com.intellij.psi.css.impl.descriptor.value.CssFunctionInvocationValue
1466:           321           7704  com.intellij.util.io.PersistentHashMap$3
1467:           240           7680  com.intellij.util.io.AppendableStorageBackedByResizableMappedFile$MyDataIS
1468:           240           7680  com.intellij.util.io.MappedFileInputStream
1469:           240           7680  org.apache.velocity.runtime.parser.Parser$JJCalls
1470:            60           7680  sun.font.FileFontStrike
1471:           137           7672  com.intellij.ui.components.JBScrollPane$Layout
1472:           238           7616  com.intellij.configurationStore.KotlinAwareBeanBinding
1473:           476           7616  com.intellij.openapi.editor.impl.RangeMarkerTree$1
1474:            56           7616  javax.swing.text.html.ParagraphView
1475:           316           7584  java.awt.datatransfer.MimeType
1476:           158           7584  javax.swing.text.AbstractDocument$BidiRootElement
1477:           473           7568  com.intellij.psi.impl.source.ClassInnerStuffCache$$Lambda$2409/1404864646
1478:            21           7560  com.intellij.ui.CaptionPanel
1479:           315           7560  kotlin.SafePublicationLazyImpl
1480:           315           7560  kotlin.reflect.jvm.internal.KCallableImpl$annotations_$1
1481:           315           7560  kotlin.reflect.jvm.internal.KCallableImpl$parameters_$1
1482:           315           7560  kotlin.reflect.jvm.internal.KCallableImpl$returnType_$1
1483:           315           7560  kotlin.reflect.jvm.internal.KCallableImpl$typeParameters_$1
1484:           315           7560  kotlin.reflect.jvm.internal.KPropertyImpl$descriptor_$1
1485:           315           7560  kotlin.reflect.jvm.internal.KPropertyImpl$javaField_$1
1486:           189           7560  org.jetbrains.kotlin.idea.stubindex.KotlinSourceFilterScope
1487:           472           7552  com.intellij.lang.javascript.psi.JSTypeUtils$$Lambda$2306/1148590311
1488:           188           7520  com.intellij.lang.javascript.validation.fixes.CreateJSFunctionIntentionAction
1489:           469           7504  com.intellij.ui.LayeredIcon$$Lambda$132/194026195
1490:           219           7488  [Lsun.security.x509.RDN;
1491:           312           7488  com.intellij.ide.plugins.IdeaPluginDescriptorImpl$1
1492:           117           7488  com.intellij.lang.javascript.psi.resolve.JSSimpleTypeProcessor
1493:           468           7488  net.sourceforge.pmd.lang.java.symboltable.VariableNameDeclaration
1494:           312           7488  sun.java2d.pipe.ShapeSpanIterator
1495:           311           7464  com.intellij.patterns.PsiMethodPattern$3
1496:           181           7448  [Lcom.intellij.lang.injection.MultiHostInjector;
1497:            19           7448  javax.swing.JComboBox
1498:           310           7440  org.intellij.plugins.intelliLang.inject.config.InjectionPlace
1499:           310           7440  org.jetbrains.kotlin.protobuf.SmallSortedMap$Entry
1500:           155           7440  sun.nio.cs.StreamDecoder
1501:           232           7424  com.intellij.psi.impl.compiled.ClsArrayInitializerMemberValueImpl
1502:           232           7424  java.util.logging.LogManager$LogNode
1503:            16           7424  javax.swing.JRadioButton
1504:            92           7360  com.intellij.uiDesigner.core.GridLayoutManager
1505:           230           7360  com.sun.xml.internal.bind.v2.util.QNameMap$Entry
1506:            92           7360  javax.swing.text.FieldView
1507:           306           7344  com.intellij.util.containers.JBIterator$FilterOp
1508:           306           7344  kotlin.reflect.jvm.internal.impl.name.ClassId
1509:           131           7336  com.intellij.psi.impl.source.javadoc.PsiDocTagValueImpl
1510:           229           7328  [Lcom.intellij.psi.css.EmbeddedCssProvider;
1511:           458           7328  javax.swing.AbstractButton$Handler
1512:             1           7320  [Lcom.intellij.codeInspection.LocalInspectionEP;
1513:           304           7296  com.intellij.spellchecker.quickfixes.ChangeTo
1514:           228           7296  com.intellij.xml.util.documentation.HtmlTagDescriptor
1515:           456           7296  java.lang.Float
1516:           114           7296  kotlin.reflect.jvm.internal.KProperty1Impl
1517:           299           7288  [Lcom.intellij.codeInspection.LocalQuickFix;
1518:           181           7240  javax.swing.DefaultBoundedRangeModel
1519:           301           7224  com.intellij.lang.javascript.inspections.JSNonASCIINamesInspection$Checker
1520:           301           7224  com.intellij.util.indexing.containers.SortedIdSet
1521:            20           7200  com.intellij.openapi.ui.Splitter$DividerImpl
1522:           300           7200  com.intellij.sql.dialects.functions.SqlFunctionDefinition$Type
1523:            60           7200  java.net.SocksSocketImpl
1524:           449           7184  com.intellij.openapi.util.Disposer$2
1525:            56           7168  javax.swing.text.html.HTMLEditorKit$HTMLFactory$BodyBlockView
1526:           298           7152  com.intellij.patterns.PsiExpressionPattern$Capture
1527:            99           7128  java.util.logging.Logger
1528:           127           7112  com.intellij.psi.css.impl.stubs.CssAttributeStub
1529:           111           7104  [Ljava.lang.Comparable;
1530:           443           7088  [Lcom.intellij.lang.javascript.psi.resolve.context.JSApplyContextElement;
1531:           443           7088  com.intellij.codeInsight.PsiEquivalenceUtil$ReferenceComparator
1532:           177           7080  com.intellij.util.concurrency.BoundedTaskExecutor
1533:           221           7072  org.jetbrains.plugins.groovy.lang.lexer.GroovyElementType
1534:            80           7040  com.sun.xml.internal.bind.v2.runtime.ClassBeanInfoImpl
1535:            88           7040  net.sourceforge.pmd.lang.java.ast.ASTRelationalExpression
1536:           292           7008  com.intellij.lang.javascript.psi.impl.JSDefinitionExpressionImpl$$Lambda$2587/366915938
1537:           219           7008  com.intellij.lang.javascript.psi.util.JSStubBasedPsiTreeUtil$1
1538:           292           7008  com.intellij.spring.model.SpringModelSearchParameters$BeanClass
1539:           292           7008  kotlin.reflect.jvm.internal.KProperty1Impl$delegateField$1
1540:           292           7008  kotlin.reflect.jvm.internal.KProperty1Impl$getter_$1
1541:            57           7000  [Lcom.intellij.codeInsight.controlflow.Instruction;
1542:           175           7000  com.intellij.lang.javascript.psi.stubs.impl.JSReturnStatementStubImpl
1543:           125           7000  java.beans.MethodDescriptor
1544:           125           7000  org.jetbrains.kotlin.serialization.ProtoBuf$TypeParameter
1545:            13           6968  com.intellij.openapi.actionSystem.impl.ActionMenu
1546:           290           6960  com.intellij.psi.PsiArrayType
1547:           124           6944  com.intellij.openapi.editor.impl.RangeHighlighterTree
1548:           289           6936  java.util.Collections$SetFromMap
1549:            18           6912  com.intellij.ui.tabs.impl.TabLabel
1550:           216           6912  com.intellij.util.containers.hash.LinkedHashMap$KeySet$1
1551:           288           6912  javax.swing.text.html.StyleSheet$SelectorMapping
1552:            86           6880  net.sourceforge.pmd.lang.java.ast.ASTEqualityExpression
1553:           285           6840  javassist.bytecode.ParameterAnnotationsAttribute
1554:            71           6816  com.intellij.psi.scope.processor.MethodCandidatesProcessor$1
1555:           206           6800  [Lcom.intellij.openapi.extensions.PluginId;
1556:           283           6792  kotlin.SafePublicationLazyImpl
1557:           283           6792  kotlin.reflect.jvm.internal.KCallableImpl$annotations_$1
1558:           283           6792  kotlin.reflect.jvm.internal.KCallableImpl$parameters_$1
1559:           283           6792  kotlin.reflect.jvm.internal.KCallableImpl$returnType_$1
1560:           283           6792  kotlin.reflect.jvm.internal.KCallableImpl$typeParameters_$1
1561:           283           6792  kotlin.reflect.jvm.internal.KPropertyImpl$descriptor_$1
1562:           283           6792  kotlin.reflect.jvm.internal.KPropertyImpl$javaField_$1
1563:            94           6768  com.intellij.codeInsight.daemon.impl.HighlightInfo$B
1564:           211           6752  com.intellij.util.containers.ContainerUtil$10
1565:           422           6752  com.intellij.util.messages.impl.MessageBusImpl$5
1566:           281           6744  com.intellij.psi.css.impl.descriptor.value.CssLengthValue
1567:           168           6720  com.intellij.lang.javascript.psi.resolve.ResolveResultSink
1568:           168           6720  com.intellij.util.text.StringSearcher
1569:           105           6720  javax.swing.DefaultListSelectionModel
1570:           168           6720  sun.nio.cs.UTF_8$Decoder
1571:           210           6704  [Lorg.apache.xerces.xs.XSObject;
1572:           209           6688  java.lang.reflect.WeakCache$CacheValue
1573:           167           6680  java.text.DigitList
1574:           208           6656  com.intellij.configurationStore.properties.IntStoredProperty
1575:           166           6640  javax.swing.text.html.parser.AttributeList
1576:            92           6624  com.intellij.ide.ui.laf.intellij.WinIntelliJTextFieldUI
1577:           138           6624  com.intellij.spring.boot.model.properties.EnableConfigurationPropertiesModel
1578:            92           6624  javax.swing.text.PlainDocument
1579:            59           6608  javax.swing.text.html.BlockView
1580:           165           6600  javax.swing.DefaultButtonModel
1581:           137           6576  com.intellij.lang.aspectj.search.AspectJSourceFilterScope
1582:           137           6576  com.intellij.util.containers.WeakHashMap
1583:           137           6576  com.intellij.util.lang.ClassPath
1584:           410           6560  com.intellij.aop.jam.AopJavaAnnotator$$Lambda$3807/152110290
1585:           164           6560  com.intellij.diagnostic.ApdexData
1586:           410           6560  com.intellij.spring.factories.SpringFactoryBeansManagerImpl$$Lambda$3804/1418586846
1587:           410           6560  com.intellij.spring.model.SpringBeanFactoryAwareTypeProvider$$Lambda$3808/503061310
1588:           205           6560  java.util.LinkedHashMap$LinkedEntryIterator
1589:           410           6560  sun.font.Font2DHandle
1590:           117           6552  com.intellij.lang.javascript.psi.resolve.JSTypeFromResolveResultProcessor
1591:            68           6528  com.intellij.ide.projectView.impl.nodes.NamedLibraryElementNode
1592:           272           6528  com.intellij.lang.javascript.psi.resolve.JSResolveStatus
1593:           272           6528  kotlin.reflect.jvm.internal.KProperty1Impl$delegateField$1
1594:           272           6528  kotlin.reflect.jvm.internal.KProperty1Impl$getter_$1
1595:           272           6528  org.apache.xerces.util.SymbolHash
1596:           163           6520  sun.util.locale.BaseLocale$Key
1597:           407           6512  com.intellij.openapi.actionSystem.CustomShortcutSet
1598:           271           6504  com.intellij.patterns.PsiElementPattern$11
1599:           162           6480  com.intellij.codeInsight.completion.CompletionContributorEP
1600:           162           6480  com.sun.xml.internal.bind.v2.model.impl.RuntimeTypeRefImpl
1601:           405           6480  java.lang.Short
1602:           101           6464  com.intellij.psi.css.impl.CssTermImpl
1603:            23           6440  com.intellij.util.ui.tree.WideSelectionTreeUI$4
1604:           268           6432  com.android.repository.api.UpdatablePackage
1605:           134           6432  com.intellij.jam.reflect.JamClassMeta
1606:           201           6432  java.lang.reflect.Proxy$Key1
1607:           268           6432  javassist.bytecode.IntegerInfo
1608:            90           6424  [Lcom.intellij.openapi.vfs.newvfs.impl.VirtualFileSystemEntry;
1609:            80           6400  com.sun.xml.internal.bind.v2.model.impl.RuntimeClassInfoImpl
1610:           199           6368  com.android.repository.impl.generated.v1.PatchType
1611:           159           6360  com.intellij.psi.css.impl.descriptor.value.CssGroupAnyValue
1612:            15           6360  com.intellij.ui.popup.list.ListPopupImpl$MyList
1613:           159           6360  kotlin.reflect.jvm.internal.pcollections.IntTree
1614:           158           6320  javax.swing.text.AbstractDocument$BidiElement
1615:           158           6320  javax.swing.text.GapContent
1616:           197           6304  com.intellij.lang.javascript.psi.types.primitives.JSStringType
1617:           157           6280  com.intellij.lang.javascript.psi.resolve.JSEvaluateContext
1618:           112           6272  com.intellij.spring.model.jam.SpringSemContributorUtil$1
1619:           196           6272  com.intellij.util.ui.TimedDeadzone
1620:            98           6272  java.text.SimpleDateFormat
1621:            16           6272  javax.swing.DefaultListCellRenderer
1622:            56           6272  javax.swing.text.html.HTMLEditorKit$HTMLFactory$1
1623:           261           6264  com.intellij.lang.javascript.ecmascript6.TypeScriptQualifiedNameResolver
1624:           261           6264  com.intellij.lang.javascript.ecmascript6.TypeScriptQualifiedNameResolver$$Lambda$2445/1572932095
1625:            87           6264  org.apache.xerces.impl.xs.models.XSDFACM
1626:            60           6240  java.net.TwoStacksPlainSocketImpl
1627:           147           6168  [Lorg.jetbrains.idea.maven.navigator.MavenProjectsStructure$MavenSimpleNode;
1628:            77           6160  [Lcom.intellij.lang.javascript.psi.ecmal4.JSAttributeList$ModifierType;
1629:           154           6160  com.intellij.openapi.vcs.ex.PartialLocalLineStatusTracker$LocalRange
1630:           154           6160  javax.swing.BoxLayout
1631:           110           6160  sun.security.util.MemoryCache$SoftCacheEntry
1632:           192           6144  com.intellij.util.indexing.MemoryIndexStorage
1633:            13           6136  com.intellij.openapi.actionSystem.impl.StubItem
1634:           255           6120  com.intellij.javaee.ejb.inspections.AbstractEjbInspection$1
1635:            85           6120  com.intellij.psi.impl.source.PsiJavaFileImpl
1636:            15           6120  com.intellij.ui.ErrorLabel
1637:           255           6120  javax.swing.text.html.parser.Entity
1638:           128           6112  [Ljava.lang.invoke.MethodHandle;
1639:           127           6096  com.intellij.execution.impl.RunnerAndConfigurationSettingsImpl
1640:           254           6096  com.intellij.plugins.drools.lang.lexer.DroolsElementType
1641:           381           6096  kotlin.collections.CollectionsKt___CollectionsKt$asSequence$$inlined$Sequence$1
1642:           164           6088  [Lorg.apache.xerces.impl.xs.XSAttributeUseImpl;
1643:            95           6080  com.intellij.lang.javascript.psi.impl.JSForInStatementImpl
1644:           152           6080  com.intellij.ui.ScrollingUtil$MoveAction
1645:           253           6072  com.intellij.openapi.roots.impl.PackageDirectoryCache$PackageInfo$1
1646:           253           6072  com.intellij.psi.stubs.StubSerializationHelper$FileLocalStringEnumerator
1647:           253           6072  java.beans.MethodRef
1648:           329           6056  [Ljavax.swing.MenuElement;
1649:           252           6048  com.intellij.database.dialects.TypeNames$MyMultiMap
1650:           378           6048  com.intellij.psi.impl.PsiClassImplUtil$MembersMap
1651:           252           6048  com.intellij.ui.tree.Reference
1652:            16           6016  com.intellij.openapi.project.DumbUnawareHider
1653:           150           6000  com.intellij.lang.javascript.psi.ecma6.impl.TypeScriptFunctionImpl
1654:           249           5976  com.intellij.psi.PsiReferenceService$Hints
1655:           249           5976  java.util.concurrent.LinkedBlockingQueue$Node
1656:            39           5928  com.intellij.ide.ui.laf.intellij.WinIntelliJComboBoxUI
1657:           247           5928  java.awt.geom.Point2D$Float
1658:           185           5920  com.intellij.sql.psi.SqlReferenceElementType
1659:            74           5920  com.intellij.util.indexing.VfsAwareMapReduceIndex
1660:           185           5920  com.intellij.util.xmlb.AttributeBinding
1661:            74           5920  sun.net.www.protocol.jar.URLJarFile
1662:           339           5912  [Ljava.lang.reflect.TypeVariable;
1663:            82           5904  com.intellij.featureStatistics.FeatureDescriptor
1664:           245           5880  com.jediterm.terminal.TerminalColor
1665:           367           5872  com.intellij.codeInsight.completion.LookupElementProximityWeigher$$Lambda$3535/2007522942
1666:           366           5856  com.intellij.psi.impl.PsiClassImplUtil$ByNameCachedValueProvider$$Lambda$2423/957752103
1667:           244           5856  com.intellij.spring.model.jam.stereotype.SpringConfiguration
1668:            61           5856  com.intellij.tasks.impl.LocalTaskImpl
1669:           366           5856  java.util.regex.Pattern$BranchConn
1670:             8           5840  [Lorg.apache.xerces.util.SymbolTable$Entry;
1671:            73           5840  sun.awt.shell.Win32ShellFolder2
1672:            56           5824  java.io.ObjectStreamClass
1673:           104           5824  sun.security.x509.X509CertInfo
1674:           242           5808  com.intellij.util.containers.JBIterator$NextOp
1675:           242           5808  java.awt.image.FilteredImageSource
1676:           145           5800  com.intellij.psi.impl.source.resolve.reference.PsiReferenceContributorEP
1677:            75           5784  [Lcom.google.common.collect.ImmutableMapEntry;
1678:           241           5784  [Lcom.intellij.configurationStore.StreamProviderFactory;
1679:           241           5784  com.intellij.psi.css.impl.descriptor.value.CssPercentageValue
1680:           241           5784  com.sun.istack.internal.FinalArrayList
1681:            80           5760  org.kohsuke.rngom.parse.compact.UCode_UCodeESC_CharStream
1682:           233           5736  [Lcom.intellij.psi.PsiAnnotationMemberValue;
1683:           143           5720  com.intellij.ide.ui.laf.intellij.WinIntelliJButtonUI
1684:            51           5712  com.intellij.ui.content.impl.ContentImpl
1685:           178           5696  com.intellij.util.containers.ConcurrentLongObjectHashMap$Node
1686:           178           5696  org.jaxen.expr.DefaultNameStep
1687:           237           5688  com.intellij.psi.css.impl.descriptor.value.CssTextValue
1688:            71           5680  com.intellij.psi.scope.processor.MethodResolverProcessor
1689:           355           5680  org.jetbrains.idea.devkit.util.PsiUtil$$Lambda$3964/440476490
1690:           101           5656  com.intellij.psi.css.impl.CssTermListImpl
1691:            16           5632  com.intellij.execution.ui.layout.impl.RunnerContentUi$TwoSideComponent
1692:           176           5632  com.intellij.xml.util.ColorSampleLookupValue
1693:           176           5632  java.util.ArrayList$ArrayListSpliterator
1694:           224           5616  [Lcom.intellij.psi.PsiAnnotation;
1695:           234           5616  com.intellij.compiler.backwardRefs.CompilerReferenceServiceImpl$$Lambda$2159/355470733
1696:           234           5616  com.intellij.ide.IdeEventQueue$$Lambda$782/1291085306
1697:           140           5600  com.intellij.psi.impl.java.stubs.impl.PsiAnnotationParameterListStubImpl
1698:            50           5600  com.intellij.ui.tabs.TabInfo
1699:            70           5600  net.sourceforge.pmd.lang.java.ast.ASTAllocationExpression
1700:           350           5600  org.angularjs.index.AngularIndexUtil$$Lambda$2104/1712721668
1701:           233           5592  com.intellij.util.ui.JBUI$Scale
1702:           233           5592  org.jdom.filter.ElementFilter
1703:           139           5560  javax.swing.RepaintManager$4
1704:           347           5552  com.intellij.lang.javascript.validation.JSReferenceChecker
1705:           231           5544  com.android.sdklib.repository.generated.common.v1.IdDisplayType
1706:            99           5544  com.intellij.psi.css.impl.CssElementImpl
1707:            99           5544  java.util.Calendar$Builder
1708:           346           5536  com.intellij.codeInspection.ex.InspectionToolRegistrar$$Lambda$651/401239114
1709:           173           5536  com.intellij.util.containers.WeakKeyWeakValueHashMap$WeakValueReference
1710:           173           5536  com.intellij.util.xml.JavaMethod
1711:           230           5520  com.intellij.lang.javascript.psi.types.primitives.JSNullType
1712:           345           5520  com.intellij.util.io.PersistentBTreeEnumerator$RecordBufferHandler
1713:           345           5520  org.iq80.snappy.Crc32C
1714:           229           5504  [Lcom.intellij.psi.impl.compiled.ClsJavaCodeReferenceElementImpl;
1715:            86           5504  com.intellij.lang.javascript.psi.jsdoc.impl.JSDocTagValueImpl
1716:            14           5488  com.intellij.openapi.ui.ThreeComponentsSplitter
1717:           137           5480  com.intellij.openapi.vfs.impl.ArchiveHandler$EntryInfo
1718:           228           5472  com.intellij.spring.contexts.model.AbstractSimpleLocalModel$1$1
1719:            68           5440  java.net.URI
1720:            68           5440  net.sourceforge.pmd.lang.java.ast.ASTAnnotation
1721:           113           5424  sun.font.CompositeStrike
1722:           113           5424  sun.font.FontFamily
1723:            15           5400  com.intellij.ui.GroupedElementsRenderer$MyComponent
1724:            15           5400  com.intellij.ui.SeparatorWithText
1725:           337           5392  com.intellij.ide.projectView.impl.nodes.PsiTreeAnchorizer$$Lambda$1303/1901807420
1726:            56           5376  com.intellij.ide.projectView.impl.nodes.ClassTreeNode
1727:           168           5376  com.intellij.psi.search.GlobalSearchScope$FileTypeRestrictionScope
1728:            14           5376  com.intellij.ui.InplaceButton
1729:           168           5376  java.util.Locale
1730:           134           5360  kotlin.reflect.jvm.internal.impl.serialization.ProtoBuf$TypeTable
1731:           167           5344  com.intellij.psi.impl.smartPointers.SmartPointerTracker
1732:           111           5328  com.intellij.lang.ecmascript6.stubs.impl.ES6ComputedNameStubImpl
1733:           111           5328  com.intellij.util.ui.update.MergingUpdateQueue
1734:           133           5320  com.intellij.openapi.wm.impl.content.ToolWindowContentUi$3
1735:            83           5312  com.intellij.lang.javascript.psi.impl.JSCatchBlockImpl
1736:            83           5312  com.intellij.lang.javascript.psi.impl.JSTryStatementImpl
1737:           166           5312  com.intellij.patterns.PsiParameterPattern$1
1738:            15           5280  com.intellij.codeInsight.intention.impl.IntentionHintComponent$1
1739:           330           5280  com.intellij.openapi.util.text.StringUtil$7
1740:           220           5280  com.intellij.util.xml.JavaMethodSignature
1741:            82           5248  com.intellij.lang.javascript.psi.impl.JSCaseClauseImpl
1742:            82           5248  com.intellij.psi.impl.source.tree.injected.InjectedFileViewProvider
1743:           327           5232  com.intellij.util.containers.ImmutableList$Singleton
1744:           163           5216  java.net.InetAddress$InetAddressHolder
1745:           217           5208  [Lcom.intellij.psi.impl.compiled.ClsCustomNavigationPolicy;
1746:           216           5184  com.intellij.codeInspection.dataFlow.NullityInference$$Lambda$3953/1475225067
1747:           162           5184  com.intellij.patterns.TreeElementPattern$5
1748:           324           5184  com.intellij.psi.PsiAnchor$StubIndexReference$$Lambda$2407/950576453
1749:           108           5184  com.sun.xml.internal.bind.v2.runtime.LeafBeanInfoImpl
1750:           162           5184  sun.util.locale.BaseLocale
1751:            28           5152  com.intellij.openapi.editor.impl.SettingsImpl
1752:           161           5152  java.util.Stack
1753:           161           5152  javax.swing.text.html.CSS$FontSize
1754:           321           5136  com.intellij.patterns.XmlNamedElementPattern$XmlAttributePattern$1
1755:           321           5136  com.intellij.util.io.CompressedAppendableFile$1
1756:           321           5136  com.intellij.util.io.PersistentHashMap$1
1757:           321           5136  com.intellij.util.io.PersistentHashMap$2
1758:           321           5136  com.intellij.util.io.PersistentHashMap$4
1759:           214           5136  java.util.concurrent.ConcurrentHashMap$KeySetView
1760:           128           5120  [Lcom.intellij.psi.injection.ReferenceInjector;
1761:           160           5120  com.intellij.lang.javascript.psi.types.JSCompositeFunctionPropertySignatureImpl
1762:           128           5120  com.intellij.openapi.editor.impl.view.VisualLinesIterator
1763:            80           5120  org.kohsuke.rngom.parse.compact.CompactSyntaxTokenManager
1764:           212           5088  com.intellij.psi.css.impl.descriptor.value.CssNumberValue
1765:           106           5088  com.intellij.psi.impl.source.resolve.JavaResolveUtil$1
1766:            53           5088  javax.swing.plaf.basic.BasicHTML$BasicDocument
1767:           127           5080  com.intellij.execution.impl.RunnerAndConfigurationSettingsImpl$configurationPerRunnerSettings$1
1768:           127           5080  com.intellij.execution.impl.RunnerAndConfigurationSettingsImpl$runnerSettings$1
1769:           127           5080  sun.reflect.generics.repository.MethodRepository
1770:           211           5064  com.intellij.patterns.PsiMemberPattern$Capture
1771:           316           5056  com.intellij.codeInspection.dataFlow.ControlFlowAnalyzer$$Lambda$3992/231144543
1772:           316           5056  java.awt.datatransfer.MimeTypeParameterList
1773:           158           5056  javax.swing.text.GapContent$MarkVector
1774:            63           5040  com.intellij.lang.javascript.psi.impl.JSFileImpl
1775:           315           5040  com.intellij.psi.filters.position.NamespaceFilter
1776:           126           5040  com.intellij.ui.InplaceButton$1
1777:           126           5040  javassist.bytecode.FieldInfo
1778:            10           5040  javax.swing.JFormattedTextField
1779:           315           5040  javax.swing.JScrollBar$ModelListener
1780:           313           5008  com.intellij.util.CommonProcessors$FindFirstProcessor
1781:            13           4992  com.intellij.openapi.ui.JBPopupMenu
1782:           312           4992  com.intellij.psi.impl.compiled.ClsFileImpl$$Lambda$2372/1978312650
1783:           104           4992  com.intellij.psi.impl.source.tree.injected.DocumentWindowImpl
1784:            13           4992  com.intellij.util.ui.AsyncProcessIcon
1785:           104           4992  java.util.StringTokenizer
1786:            89           4984  com.intellij.ui.components.JBPanelWithEmptyText$1
1787:            69           4968  com.intellij.lang.javascript.psi.impl.JSBreakStatementImpl
1788:           155           4960  com.intellij.patterns.PsiElementPattern$6
1789:           155           4960  com.intellij.util.indexing.FileBasedIndexImpl$$Lambda$1813/606631055
1790:           206           4944  com.intellij.openapi.util.NotNullLazyValue$2
1791:           309           4944  com.sun.proxy.$Proxy54
1792:            22           4928  com.intellij.openapi.editor.impl.EditorMarkupModelImpl$MyErrorPanel
1793:            56           4928  com.intellij.openapi.progress.util.ProgressIndicatorBase
1794:           205           4920  java.awt.EventQueue$4
1795:           102           4896  [Lcom.intellij.ide.scratch.RootType;
1796:           204           4896  [Lcom.intellij.openapi.roots.TestSourcesFilter;
1797:           153           4896  com.intellij.codeInsight.daemon.impl.ParameterHintsPresentationManager$MyRenderer
1798:           102           4896  gnu.trove.TIntHashSet
1799:           122           4880  com.intellij.util.xmlb.CollectionBinding
1800:            87           4872  com.intellij.openapi.vcs.changes.ChangeListChange
1801:           152           4864  com.intellij.openapi.vcs.ex.PartialLocalLineStatusTracker$MyBlockData
1802:           151           4832  java.lang.Exception
1803:           302           4832  org.intellij.plugins.intelliLang.util.AnnotationUtilEx$$Lambda$3572/1408053792
1804:           201           4824  com.intellij.util.containers.Stack
1805:           201           4824  com.sun.xml.internal.bind.v2.model.impl.RuntimeClassInfoImpl$RuntimePropertySeed
1806:           301           4816  com.intellij.lang.javascript.psi.resolve.JSScopeNamesCache$$Lambda$2427/462203581
1807:            86           4816  com.intellij.psi.impl.light.LightClassReference
1808:            10           4800  com.intellij.ui.SearchTextField$1
1809:           120           4800  com.intellij.ui.tree.AsyncTreeModel$Node
1810:            13           4784  com.intellij.openapi.wm.impl.status.TextPanel
1811:           199           4776  com.intellij.openapi.fileTypes.ExactFileNameMatcher
1812:            85           4760  com.intellij.database.model.DataType
1813:           148           4736  com.intellij.psi.impl.compiled.ClsClassObjectAccessExpressionImpl
1814:           197           4728  com.intellij.util.containers.RefHashMap$HardKey
1815:            10           4720  com.intellij.openapi.ui.FixedSizeButton
1816:           196           4704  com.google.common.collect.ImmutableMapEntry$NonTerminalImmutableMapEntry
1817:           196           4704  com.intellij.lang.javascript.psi.types.primitives.JSVoidType
1818:            12           4704  com.intellij.openapi.wm.impl.Stripe
1819:            84           4704  com.intellij.psi.impl.source.tree.injected.VirtualFileWindowImpl
1820:            12           4704  com.intellij.ui.HyperlinkLabel
1821:           196           4704  com.intellij.util.ui.BaseButtonBehavior$MyMouseListener
1822:           147           4704  com.intellij.util.ui.JBInsets$JBInsetsUIResource
1823:            49           4704  javax.swing.plaf.basic.BasicListUI
1824:           188           4688  [Ljavax.swing.SizeRequirements;
1825:           195           4680  org.jetbrains.kotlin.diagnostics.DiagnosticFactory1
1826:           146           4672  org.apache.xerces.impl.xs.XSModelGroupImpl
1827:           194           4656  com.intellij.util.indexing.FileBasedIndexImpl$$Lambda$1769/1623219570
1828:            10           4640  javax.swing.JTextArea
1829:           145           4640  javax.swing.plaf.ColorUIResource
1830:           289           4624  com.intellij.openapi.application.impl.LaterInvocator$$Lambda$431/1365473
1831:           192           4608  com.intellij.compiler.impl.CompileDriver$MessagesActivationListener
1832:           192           4608  com.intellij.util.indexing.IndexingStamp$IndexVersion
1833:           288           4608  com.sun.proxy.$Proxy15
1834:           288           4608  com.sun.proxy.$Proxy20
1835:           192           4608  com.sun.xml.internal.bind.v2.model.impl.FieldPropertySeed
1836:           192           4608  com.sun.xml.internal.bind.v2.runtime.reflect.Accessor$FieldReflection
1837:           144           4608  io.netty.buffer.PoolThreadCache$SubPageMemoryRegionCache
1838:            64           4608  java.beans.PropertyDescriptor
1839:           115           4600  kotlin.reflect.jvm.internal.pcollections.IntTree
1840:           287           4592  com.sun.proxy.$Proxy55
1841:           191           4584  java.awt.dnd.DropTargetContext
1842:           191           4584  kotlin.SynchronizedLazyImpl
1843:           143           4576  java.io.FileInputStream
1844:           286           4576  org.jetbrains.kotlin.idea.util.application.ApplicationUtilsKt$sam$Computable$0997cc15
1845:            11           4576  sun.swing.table.DefaultTableCellHeaderRenderer
1846:            95           4560  com.intellij.jam.reflect.JamMethodMeta
1847:           189           4536  com.intellij.application.options.ReplacePathToMacroMap
1848:           189           4536  javax.management.ImmutableDescriptor
1849:           283           4528  com.intellij.psi.ref.AnnotationAttributeChildLink
1850:           231           4520  [Lsun.reflect.generics.tree.FieldTypeSignature;
1851:           113           4520  com.intellij.codeInsight.intention.impl.IntentionActionWithTextCaching
1852:            47           4512  com.intellij.ide.projectView.impl.nodes.PsiFileNode
1853:           188           4512  com.sun.xml.internal.bind.v2.runtime.unmarshaller.ChildLoader
1854:           187           4488  com.ansorgit.plugins.bash.lang.lexer.BashElementType
1855:           187           4488  com.intellij.psi.css.impl.descriptor.CssFunctionDescriptorImpl
1856:            70           4480  com.intellij.spring.web.mvc.jam.SpringRequestMapping$MethodMapping$$EnhancerByJetBrainsMainCglib$$9f32432
1857:           140           4480  com.intellij.util.containers.hash.HashMap$Entry
1858:            80           4480  java.awt.geom.RectIterator
1859:           278           4448  com.sun.proxy.$Proxy21
1860:           139           4448  sun.font.CompositeGlyphMapper
1861:           185           4440  com.intellij.codeInsight.daemon.impl.UpdateHighlightersUtil$$Lambda$4044/777208976
1862:           277           4432  com.intellij.psi.impl.source.ClassInnerStuffCache$$Lambda$2408/1067681536
1863:           184           4416  com.intellij.javascript.JSFunctionWithSubstitutor
1864:           138           4416  com.intellij.lang.javascript.modules.ES6ModulesSuggester
1865:           138           4416  com.intellij.lang.javascript.modules.JSModuleReferenceExpressionInfo
1866:            69           4416  com.intellij.psi.impl.source.tree.java.PsiThisExpressionImpl
1867:            69           4416  javassist.CtClassType
1868:           183           4392  com.intellij.lang.javascript.JSAnalysisHandlersFactory$1
1869:           137           4384  com.intellij.lang.javascript.psi.types.JSTopLevelNamespace
1870:           274           4384  com.intellij.lang.javascript.validation.fixes.RenameReferenceFix
1871:           274           4384  com.intellij.ui.components.Interpolator$TimerListener
1872:           274           4384  com.intellij.ui.components.JBScrollBar$$Lambda$344/1603913449
1873:           274           4384  com.intellij.ui.components.JBScrollBar$$Lambda$345/1179591812
1874:           137           4384  com.intellij.util.lang.ClasspathCache
1875:           137           4384  org.jetbrains.kotlin.idea.caches.resolve.IDELightClassGenerationSupport$findClassOrObjectDeclarations$1
1876:           137           4384  org.jetbrains.kotlin.idea.caches.resolve.IDELightClassGenerationSupport$findFilesForFacade$1
1877:           137           4384  org.jetbrains.kotlin.idea.stubindex.StaticFacadeIndexUtil$getMultifileClassForPart$1
1878:           182           4368  com.intellij.openapi.editor.event.EditorMouseEvent
1879:           273           4368  java.lang.Byte
1880:            91           4368  kotlin.reflect.jvm.internal.impl.serialization.ProtoBuf$Constructor
1881:            39           4368  org.jetbrains.idea.maven.navigator.MavenProjectsStructure$PluginGoalNode
1882:            78           4368  sun.nio.cs.ext.DoubleByte$Decoder
1883:            52           4352  [Lcom.intellij.lang.LanguageExtensionPoint;
1884:           181           4344  javassist.bytecode.FieldrefInfo
1885:            12           4320  com.intellij.ui.components.JBLoadingPanel
1886:           180           4320  com.intellij.util.io.PersistentHashMapValueStorage$ReadResult
1887:            90           4320  java.util.zip.Inflater
1888:             9           4320  javax.swing.tree.DefaultTreeCellEditor$DefaultTextField
1889:           146           4296  [Lorg.apache.xerces.impl.xs.XSParticleDecl;
1890:           179           4296  com.intellij.util.indexing.impl.ValueContainerImpl$1
1891:           268           4288  com.android.repository.impl.generated.v1.ArchivesType
1892:           268           4288  com.android.repository.impl.generated.v1.ChannelRefType
1893:           268           4288  com.android.repository.impl.generated.v1.LicenseRefType
1894:            67           4288  com.intellij.lang.javascript.psi.impl.JSWhileStatementImpl
1895:            67           4288  com.intellij.openapi.roots.impl.LibraryOrderEntryImpl
1896:            67           4288  javassist.bytecode.ClassFile
1897:           137           4280  [Ljava.lang.ClassLoader;
1898:           107           4280  cn.yiiguxing.plugin.translate.trans.Lang
1899:           178           4272  com.android.tools.lint.detector.api.Implementation
1900:            89           4272  javax.swing.text.html.parser.Element
1901:           133           4256  com.intellij.sql.psi.stubs.SqlSpecificStubElementType
1902:           133           4256  javax.swing.text.JTextComponent$MutableCaretEvent
1903:            76           4256  sun.font.StrikeMetrics
1904:           177           4248  com.intellij.lang.javascript.JSElementType
1905:            10           4240  com.intellij.find.SearchTextArea$3
1906:            23           4232  com.intellij.ide.ui.laf.darcula.ui.DarculaTreeUI
1907:           264           4224  com.intellij.psi.css.CssAttributeDescriptorsProvider$CssAttributeDescriptor
1908:           132           4224  com.intellij.psi.impl.PomTargetPsiElementImpl
1909:            12           4224  com.intellij.ui.TabbedPaneWrapper$TabWrapper
1910:            88           4224  java.awt.geom.Ellipse2D$Double
1911:            44           4224  kotlin.reflect.jvm.internal.KClassImpl$Data
1912:            88           4224  sun.java2d.loops.MaskBlit
1913:           105           4200  javax.swing.plaf.basic.BasicTextUI$RootView
1914:           131           4192  com.intellij.execution.configurations.RunConfigurationOptions$OutputFileOptions
1915:           131           4192  com.intellij.lang.javascript.psi.types.primitives.JSBooleanType
1916:           131           4192  com.intellij.psi.impl.compiled.ClsTypeParameterImpl
1917:           131           4192  com.intellij.psi.impl.light.LightEmptyImplementsList
1918:           131           4192  com.intellij.psi.impl.source.PsiFieldImpl
1919:           174           4176  com.intellij.codeInsight.daemon.impl.DaemonCodeAnalyzerEx$$Lambda$1942/2041753781
1920:           261           4176  com.intellij.lang.javascript.ecmascript6.TypeScriptImportHandler$$Lambda$2452/63614571
1921:           261           4176  com.intellij.lang.javascript.psi.resolve.JSQualifiedNameResolver$$Lambda$2446/245414290
1922:           261           4176  com.intellij.lang.javascript.psi.resolve.JSQualifiedNameResolver$$Lambda$2450/409116095
1923:           130           4160  [Lcom.intellij.lang.javascript.flex.JSResolveHelper;
1924:           130           4160  com.intellij.lang.javascript.documentation.JSDocumentationUtils$DocTag
1925:           104           4160  com.intellij.openapi.roots.impl.DirectoryInfoImpl
1926:            65           4160  com.intellij.psi.impl.source.tree.java.PsiPolyadicExpressionImpl
1927:           104           4160  java.security.cert.TrustAnchor
1928:           259           4144  com.intellij.psi.impl.source.resolve.reference.SimpleProviderBinding
1929:            11           4136  com.intellij.ui.table.JBTable$JBTableHeader
1930:           172           4128  com.intellij.codeInsight.BaseExternalAnnotationsManager$AnnotationData
1931:           129           4128  com.intellij.patterns.PsiJavaElementPattern$2
1932:           258           4128  java.util.HashMap$Values
1933:           172           4128  org.zeroturnaround.jrebel.client.logger.Log
1934:           103           4120  com.intellij.util.xml.stubs.AttributeStub
1935:           103           4120  java.awt.BasicStroke
1936:            57           4104  javax.swing.plaf.FontUIResource
1937:           256           4096  com.intellij.openapi.util.Conditions$Not
1938:            64           4096  com.intellij.psi.impl.source.tree.java.PsiPostfixExpressionImpl
1939:           128           4096  com.sun.jmx.mbeanserver.ConvertingMethod
1940:           170           4080  com.intellij.util.EventDispatcher$3
1941:           170           4080  java.util.Collections$UnmodifiableCollection$1
1942:           102           4080  javax.swing.text.AbstractDocument$BranchElement
1943:           102           4080  javax.swing.text.AbstractDocument$LeafElement
1944:           170           4080  org.jetbrains.kotlin.idea.inspections.AbstractApplicabilityBasedInspection$buildVisitor$1
1945:           254           4064  com.intellij.psi.ref.AnnotationChildLink
1946:           127           4064  sun.reflect.generics.tree.MethodTypeSignature
1947:           169           4056  com.intellij.util.Functions$2
1948:           169           4048  [Lcom.intellij.psi.xml.XmlElement;
1949:           126           4032  com.intellij.openapi.fileEditor.impl.IdeDocumentHistoryImpl$PlaceInfo
1950:           168           4032  com.intellij.patterns.VirtualFilePattern
1951:           168           4032  com.intellij.psi.impl.source.xml.XmlElementImpl$1
1952:           168           4032  com.intellij.xml.util.XmlPsiUtil$XmlElementProcessor
1953:           168           4032  java.util.regex.Pattern$Dollar
1954:           252           4032  java.util.regex.Pattern$Dot
1955:            63           4032  javax.swing.text.html.StyleSheet
1956:            84           4032  org.intellij.plugins.intelliLang.inject.config.BaseInjection
1957:           252           4032  org.jaxen.expr.PredicateSet
1958:           167           4008  com.intellij.psi.impl.smartPointers.MarkerCache
1959:           167           4008  com.intellij.psi.impl.source.tree.JavaSharedImplUtil$FilteringTypeAnnotationProvider
1960:           113           3992  [Lcom.intellij.uiDesigner.core.GridConstraints;
1961:           166           3984  java.util.regex.Pattern$CharProperty$1
1962:            83           3984  net.miginfocom.layout.DimConstraint
1963:            71           3976  com.intellij.execution.configurations.coverage.JavaCoverageEnabledConfiguration
1964:           248           3968  com.intellij.psi.impl.source.resolve.ResolveCache$StrongValueReference
1965:           124           3968  java.util.LinkedList$ListItr
1966:            99           3960  com.intellij.lang.javascript.psi.stubs.impl.TypeScriptIndexSignatureStubImpl
1967:            99           3960  com.intellij.openapi.editor.colors.impl.FontPreferencesImpl
1968:           164           3936  com.intellij.sql.psi.SqlCompositeElementType
1969:            10           3920  com.intellij.find.SearchTextArea
1970:            70           3920  com.intellij.openapi.vcs.changes.ui.ChangesBrowserChangeNode
1971:            49           3920  java.util.zip.ZipEntry
1972:           163           3912  com.intellij.lang.javascript.psi.resolve.JSTypeEvaluator$$Lambda$2315/1474817697
1973:           163           3912  com.intellij.psi.filters.PsiMethodCallFilter
1974:           244           3904  com.intellij.openapi.ui.ShadowAction$1
1975:           244           3904  com.intellij.openapi.ui.ShadowAction$2
1976:            26           3896  [Lcom.intellij.util.QueryExecutor;
1977:           162           3888  com.intellij.codeInspection.htmlInspections.HtmlLocalInspectionTool$1
1978:            11           3872  com.intellij.ui.popup.WizardPopup$MyContainer
1979:           121           3872  com.intellij.util.indexing.PerIndexDocumentVersionMap$IdVersionInfo
1980:           161           3864  com.intellij.psi.impl.smartPointers.DirElementInfo
1981:           161           3864  com.sun.xml.internal.bind.v2.model.impl.ElementPropertyInfoImpl$1
1982:            80           3840  [Lorg.kohsuke.rngom.parse.compact.CompactSyntax$JJCalls;
1983:           120           3840  com.intellij.openapi.editor.impl.DisplayedFoldingAnchor
1984:            15           3840  com.intellij.ui.popup.list.ListPopupImpl
1985:            80           3840  com.sun.xml.internal.bind.v2.runtime.unmarshaller.StructureLoader
1986:           160           3840  java.util.Locale$LocaleKey
1987:            60           3840  org.apache.oro.text.regex.Perl5Pattern
1988:           240           3840  sun.reflect.BootstrapConstructorAccessorImpl
1989:           225           3824  [Lcom.intellij.codeInsight.hint.HintManagerImpl$HintInfo;
1990:           239           3824  java.lang.Character
1991:           159           3816  kotlin.reflect.jvm.internal.pcollections.ConsPStack
1992:           119           3808  com.intellij.lang.javascript.flex.flexunit.inspections.FlexUnitMethodInspectionBase$1
1993:            95           3800  sun.security.rsa.RSAPublicKeyImpl
1994:           158           3792  com.intellij.configurationStore.properties.ListStoredProperty
1995:            79           3792  com.intellij.util.containers.FilteredTraverserBase$Meta
1996:            79           3792  com.sun.xml.internal.bind.v2.runtime.property.SingleElementNodeProperty
1997:           158           3792  kotlin.reflect.jvm.internal.KMutableProperty1Impl$setter_$1
1998:           158           3792  kotlin.reflect.jvm.internal.pcollections.MapEntry
1999:           118           3776  [Lcom.intellij.coverage.CoverageRunner;
2000:           118           3776  com.intellij.lang.javascript.psi.types.JSTypeParser
2001:           118           3776  com.intellij.psi.css.resolve.HtmlCssClassOrIdReference
2002:            59           3776  com.intellij.psi.impl.source.tree.java.PsiPrefixExpressionImpl
2003:           157           3768  com.intellij.lang.javascript.ecmascript6.TypeScriptTypeEvaluator
2004:           157           3768  com.intellij.openapi.vcs.LocalFilePath
2005:           156           3744  com.android.tools.idea.lang.roomSql.psi.RoomTokenType
2006:            78           3744  com.intellij.openapi.MnemonicWrapper$LabelWrapper
2007:           156           3744  com.intellij.psi.codeStyle.PackageEntry
2008:           156           3744  com.intellij.util.ui.StatusText$1
2009:           156           3744  com.intellij.util.ui.StatusText$2
2010:           156           3744  sun.reflect.generics.repository.FieldRepository
2011:           155           3720  com.intellij.psi.css.impl.descriptor.value.CssPropertyReferenceValue
2012:           155           3720  com.intellij.util.descriptors.ConfigFileVersion
2013:           155           3720  kotlin.reflect.jvm.internal.impl.protobuf.SmallSortedMap$Entry
2014:           116           3712  com.intellij.lang.javascript.psi.types.primitives.JSObjectType
2015:           116           3712  javax.swing.JComponent$ActionStandin
2016:           116           3712  org.apache.xerces.xni.QName
2017:            77           3696  com.intellij.lang.javascript.psi.types.JSTypeSubstitutor
2018:           154           3696  com.intellij.openapi.vcs.ex.LineStatusMarkerRenderer$1
2019:           154           3696  com.intellij.openapi.vcs.ex.LineStatusMarkerRenderer$MyActiveGutterRenderer
2020:            10           3680  [Lnet.sourceforge.pmd.lang.java.ast.JavaParser$JJCalls;
2021:            10           3680  javax.swing.JSpinner
2022:           153           3672  com.intellij.psi.impl.compiled.ClsMemberImpl$1
2023:           152           3648  com.intellij.codeInsight.completion.impl.CompletionSorterImpl$1
2024:           228           3648  com.intellij.lang.javascript.psi.types.TypeScriptTypeParser$$Lambda$2730/1405528163
2025:           152           3648  com.intellij.openapi.vcs.ex.DocumentTracker$Block
2026:           228           3648  com.intellij.util.indexing.impl.MapIndexStorage$1
2027:           228           3648  com.intellij.util.indexing.impl.ValueContainerMap$ValueContainerExternalizer
2028:           114           3648  java.lang.Throwable
2029:           227           3632  javax.swing.text.html.CSSBorder
2030:           151           3624  com.intellij.lang.javascript.psi.resolve.JSRecursionGuard
2031:           151           3624  com.intellij.psi.css.impl.descriptor.value.CssStringValue
2032:            31           3600  [Lcom.intellij.openapi.editor.FoldRegion;
2033:           150           3600  com.intellij.execution.ExecutorRegistryImpl$ExecutorAction$$Lambda$2117/707367905
2034:           150           3600  com.intellij.execution.compound.SettingsAndEffectiveTarget
2035:            10           3600  com.intellij.openapi.ui.SimpleToolWindowPanel
2036:            90           3600  com.intellij.psi.impl.compiled.ClsLiteralExpressionImpl
2037:           225           3600  com.intellij.util.indexing.impl.MapReduceIndex$1
2038:           225           3600  com.intellij.util.indexing.impl.MapReduceIndex$5
2039:           225           3600  com.intellij.util.indexing.impl.MapReduceIndex$6
2040:           225           3600  com.intellij.util.indexing.impl.MapReduceIndex$7
2041:           112           3584  com.intellij.psi.css.impl.descriptor.CssMediaFeatureDescriptorImpl
2042:            56           3584  javax.swing.text.DefaultStyledDocument$ElementBuffer
2043:           149           3576  com.intellij.openapi.vcs.ex.Range$InnerRange
2044:            74           3552  com.intellij.codeInsight.lookup.CachingComparingClassifier
2045:            74           3552  org.jetbrains.idea.maven.plugins.api.MavenPluginDescriptor$Param
2046:           221           3536  java.lang.Character$UnicodeBlock
2047:             9           3528  javax.swing.DefaultListCellRenderer$UIResource
2048:           147           3528  kotlin.reflect.jvm.internal.KClassImpl
2049:           147           3528  kotlin.reflect.jvm.internal.KClassImpl$data$1
2050:            63           3528  kotlin.reflect.jvm.internal.impl.serialization.ProtoBuf$TypeParameter
2051:           220           3520  com.intellij.psi.impl.source.PsiMethodImpl$$Lambda$3604/1823052541
2052:            20           3520  com.intellij.util.ui.GridBag
2053:            44           3520  net.sourceforge.pmd.lang.java.ast.ASTMarkerAnnotation
2054:           146           3504  com.intellij.psi.css.impl.descriptor.CssPseudoClassDescriptorImpl
2055:           218           3488  com.intellij.openapi.actionSystem.DataKey
2056:           109           3488  io.netty.util.Recycler$DefaultHandle
2057:           218           3488  org.jetbrains.kotlin.protobuf.SmallSortedMap$EntrySet
2058:           145           3480  com.intellij.database.model.ObjectKind
2059:           145           3480  com.intellij.jam.JamClassGeneratorImpl$$Lambda$1471/869411939
2060:            87           3480  com.intellij.lang.javascript.psi.types.JSGenericParameterImpl
2061:           145           3480  com.intellij.patterns.StandardPatterns$5
2062:           145           3480  com.intellij.psi.impl.source.resolve.reference.PsiReferenceContributorEP$1
2063:            87           3480  com.intellij.spring.model.jam.SpringSemContributorUtil$$Lambda$1552/543260720
2064:           145           3480  com.intellij.util.concurrency.BoundedScheduledExecutorService
2065:            87           3480  java.io.ObjectStreamClass$FieldReflectorKey
2066:           217           3472  com.intellij.ide.projectView.impl.nodes.PsiTreeAnchorizer$SmartPointerWrapper
2067:            62           3472  com.intellij.openapi.MnemonicWrapper$ButtonWrapper
2068:           108           3456  [Lcom.intellij.execution.RunConfigurationExtension;
2069:            72           3456  com.intellij.codeInsight.daemon.impl.PassExecutorService$ScheduledPass
2070:            54           3456  com.intellij.lang.javascript.psi.resolve.AccessibilityProcessingHandler$2
2071:           108           3456  com.intellij.lang.javascript.psi.stubs.impl.JSElementIndexingDataStructureImpl
2072:             9           3456  com.intellij.openapi.actionSystem.impl.ActionButton
2073:            72           3456  com.intellij.openapi.actionSystem.impl.ActionToolbarImpl$2
2074:           108           3456  com.intellij.openapi.application.impl.LaterInvocator$RunnableInfo
2075:           108           3456  com.intellij.openapi.editor.impl.view.EditorPainter$$Lambda$1355/287079212
2076:           108           3456  com.intellij.openapi.editor.impl.view.EditorPainter$$Lambda$1357/726723398
2077:           108           3456  com.intellij.openapi.editor.impl.view.EditorPainter$$Lambda$1358/1018737170
2078:            48           3456  com.intellij.psi.css.impl.CssBlockImpl
2079:             8           3456  com.intellij.spring.boot.run.lifecycle.tabs.RequestMappingsPanel$RequestMappingsTableCellRenderer
2080:           216           3456  com.intellij.util.containers.hash.LinkedHashMap$KeySet
2081:           108           3456  com.sun.xml.internal.bind.v2.util.QNameMap
2082:           144           3456  net.sourceforge.pmd.lang.java.symboltable.MethodScope
2083:            48           3456  net.sourceforge.pmd.lang.rule.RuleReference
2084:            86           3440  com.intellij.lang.javascript.psi.impl.JSReferenceSet
2085:            86           3440  com.intellij.lang.javascript.psi.types.JSGenericTypeImpl
2086:            10           3440  javax.swing.JSpinner$NumberEditor
2087:            86           3440  net.miginfocom.layout.UnitValue
2088:           143           3432  com.intellij.codeInspection.bytecodeAnalysis.ProjectBytecodeAnalysis$$Lambda$3908/103700954
2089:           143           3432  kotlin.sequences.TransformingSequence
2090:           107           3424  com.intellij.lang.javascript.validation.fixes.CreateJSVariableIntentionAction
2091:           149           3408  [Lcom.intellij.psi.search.GlobalSearchScope;
2092:           142           3408  java.io.InputStreamReader
2093:            53           3392  com.intellij.spring.boot.model.autoconfigure.conditions.jam.ConditionalOnClass$$EnhancerByJetBrainsMainCglib$$6ff3ae40
2094:            53           3392  com.intellij.spring.boot.model.properties.jam.ConfigurationProperties$$EnhancerByJetBrainsMainCglib$$609a6ba0
2095:           103           3384  [Lorg.kohsuke.rngom.digested.DElementPattern;
2096:           141           3384  com.intellij.lang.ecmascript6.validation.ES6AnnotatingVisitor
2097:           141           3384  com.intellij.spellchecker.quickfixes.RenameTo
2098:           140           3360  [Lcom.intellij.coverage.CoverageEngine;
2099:           140           3360  com.intellij.patterns.PsiMethodPattern$2
2100:            60           3360  com.intellij.psi.impl.source.tree.java.FieldElement
2101:           210           3360  com.intellij.psi.impl.source.xml.XmlTagImpl$$Lambda$1642/36913659
2102:            84           3360  io.netty.buffer.PoolChunkList
2103:           105           3360  javax.swing.plaf.basic.BasicTextUI$BasicHighlighter
2104:           105           3360  javax.swing.plaf.basic.BasicTextUI$FocusAction
2105:           105           3360  javax.swing.text.DefaultHighlighter$SafeDamager
2106:           209           3344  com.intellij.util.CommonProcessors$CollectProcessor
2107:           209           3344  sun.font.TrueTypeFont$TTDisposerRecord
2108:           139           3336  com.intellij.configurationStore.properties.StateObjectStoredProperty
2109:           139           3336  javassist.bytecode.StackMapTable
2110:           139           3336  javax.swing.text.html.CSS$FontFamily
2111:           139           3336  net.sf.cglib.core.Signature
2112:           134           3328  [Lcom.intellij.psi.xml.XmlAttribute;
2113:           208           3328  com.intellij.openapi.vfs.newvfs.persistent.FSRecords$$Lambda$114/925600488
2114:            52           3328  com.intellij.psi.impl.source.tree.java.PsiTypeCastExpressionImpl
2115:           138           3312  [Lorg.apache.xerces.impl.xs.XSAnnotationImpl;
2116:           138           3312  com.intellij.jam.reflect.JamStringAttributeMeta$Single
2117:           207           3312  com.intellij.psi.stubs.StubTreeBuilder$$Lambda$1531/353821280
2118:           103           3296  org.intellij.plugins.relaxNG.model.descriptors.CompositeDescriptor
2119:           137           3288  com.intellij.util.lang.ClasspathCache$Name2LoaderFilter
2120:           137           3288  org.jetbrains.kotlin.idea.core.script.KotlinScriptDependenciesClassFinder$findClassInCache$1
2121:           137           3288  org.jetbrains.kotlin.idea.core.script.KotlinScriptDependenciesClassFinder$splitDotQualifiedName$1
2122:           136           3264  com.intellij.codeInspection.AbstractBaseUastLocalInspectionTool$1
2123:           136           3264  com.intellij.uast.UastVisitorAdapter
2124:           102           3264  javax.swing.plaf.basic.BasicTextUI$TextActionWrapper
2125:            68           3264  sun.java2d.pipe.AlphaPaintPipe$TileContext
2126:           107           3256  [Lorg.intellij.plugins.intelliLang.inject.config.InjectionPlace;
2127:           135           3240  com.intellij.jpa.ql.psi.QlTokenType
2128:            31           3224  net.miginfocom.layout.CC
2129:            67           3216  [[Ljavassist.bytecode.ConstInfo;
2130:           134           3216  com.intellij.ide.ui.laf.darcula.DarculaUIUtil$MouseHoverPropertyTrigger
2131:           134           3216  com.intellij.psi.css.impl.descriptor.value.CssAnyValueImpl
2132:           134           3216  javax.swing.text.html.CSS$ColorValue
2133:           134           3216  kotlin.reflect.jvm.internal.KMutableProperty1Impl$setter_$1
2134:            50           3200  [Lcom.intellij.openapi.projectRoots.JavaSdkVersion;
2135:            46           3200  [[B
2136:           200           3200  com.intellij.openapi.ui.ShadowAction$3
2137:           100           3200  com.intellij.util.concurrency.Semaphore$Sync
2138:            80           3200  com.intellij.util.containers.ConcurrentWeakHashMap
2139:            40           3200  net.sourceforge.pmd.lang.java.ast.ASTNullLiteral
2140:           133           3192  com.intellij.openapi.wm.impl.content.ToolWindowContentUi$4
2141:            57           3192  com.intellij.util.io.RandomAccessFileWithLengthAndSizeTracking
2142:           133           3192  org.apache.xerces.impl.xpath.regex.Op$RangeOp
2143:           199           3184  com.intellij.lang.javascript.psi.types.TypeScriptTypeParser$$Lambda$2722/739773662
2144:           199           3184  javax.swing.JViewport$ViewListener
2145:            99           3168  com.intellij.patterns.TreeElementPattern$6
2146:           132           3168  com.intellij.spring.model.jam.stereotype.SpringStereotypeElement$1
2147:            36           3168  javax.swing.JPanel$AccessibleJPanel
2148:           197           3152  com.intellij.util.containers.RefHashMap$MyMap$1
2149:           197           3152  java.util.TreeMap$Values
2150:           131           3144  com.intellij.openapi.vfs.impl.VirtualFilePointerManagerImpl$DelegatingDisposable
2151:             8           3136  com.intellij.execution.ui.layout.impl.GridCellImpl$2$1
2152:             8           3136  com.intellij.openapi.ui.Splitter
2153:            56           3136  com.intellij.ui.border.IdeaTitledBorder
2154:           196           3136  com.intellij.util.ui.BaseButtonBehavior$MyMouseMotionListener
2155:            78           3120  com.intellij.lang.javascript.psi.types.JSStringLiteralTypeImpl
2156:           195           3120  com.intellij.openapi.actionSystem.impl.ActionButton$1
2157:           195           3120  com.intellij.openapi.actionSystem.impl.ActionButton$2
2158:            78           3120  com.intellij.psi.impl.source.PsiClassImpl
2159:            98           3112  [Lkotlin.reflect.KProperty;
2160:            97           3104  com.intellij.psi.impl.smartPointers.FileElementInfo
2161:           193           3088  java.util.TreeMap$KeySet
2162:             7           3080  [Lcom.intellij.execution.console.CustomizableConsoleFoldingBean;
2163:           128           3072  com.intellij.codeInsight.daemon.impl.DefaultHighlightInfoProcessor$$Lambda$1941/1199431871
2164:           192           3072  com.intellij.compiler.progress.CompilerTask$IDObject
2165:             8           3072  com.intellij.execution.ui.layout.impl.GridImpl
2166:             8           3072  com.intellij.execution.ui.layout.impl.JBRunnerTabs$MyTabLabel
2167:           192           3072  com.intellij.util.indexing.VfsAwareMapReduceIndex$1
2168:            64           3072  com.sun.xml.internal.bind.v2.runtime.property.SingleElementLeafProperty
2169:            48           3072  net.sourceforge.pmd.lang.java.ast.SingleLineComment
2170:           128           3072  sun.reflect.generics.scope.MethodScope
2171:           127           3048  javax.swing.plaf.InputMapUIResource
2172:            76           3040  [Lcom.intellij.psi.codeStyle.LanguageCodeStyleSettingsProvider$SettingsType;
2173:            95           3040  com.android.sdklib.repository.generated.sysimg.v1.SysImgDetailsType
2174:            95           3040  com.intellij.psi.search.GlobalSearchScope$UnionScope
2175:            95           3040  com.intellij.util.containers.JBIterator$1
2176:            95           3040  com.intellij.xml.util.HTMLControls$Control
2177:            38           3040  net.sourceforge.pmd.lang.java.ast.ASTPostfixExpression
2178:            95           3040  sun.security.x509.BasicConstraintsExtension
2179:             2           3024  [Lsun.java2d.loops.GraphicsPrimitive;
2180:           189           3024  com.intellij.application.options.ReplacePathToMacroMap$$Lambda$695/1554127325
2181:           126           3024  com.sun.xml.internal.bind.v2.runtime.unmarshaller.XsiTypeLoader
2182:            21           3024  java.awt.image.DirectColorModel
2183:            94           3008  java.util.AbstractList$ListItr
2184:           187           2992  com.intellij.codeInsight.intention.EmptyIntentionAction
2185:            22           2992  com.intellij.util.containers.ConcurrentIntObjectHashMap$CounterCell
2186:           124           2976  com.intellij.struts2.reference.StaticStringValuesReferenceProvider
2187:            90           2968  [Ljava.io.ObjectStreamField;
2188:            74           2960  javax.swing.LayoutFocusTraversalPolicy
2189:            74           2960  org.jetbrains.idea.maven.plugins.api.MavenPluginParamInfo$ParamInfo
2190:           123           2952  com.intellij.patterns.PsiMemberPattern$1
2191:            41           2952  io.netty.channel.DefaultChannelHandlerContext
2192:           123           2952  javax.swing.text.StyleContext$FontKey
2193:            92           2944  org.kohsuke.rngom.digested.DListPattern
2194:            92           2944  org.kohsuke.rngom.digested.DOneOrMorePattern
2195:            92           2944  sun.security.x509.SubjectKeyIdentifierExtension
2196:            61           2928  com.intellij.util.xmlb.MapBinding
2197:            73           2920  sun.awt.shell.Win32ShellFolder2$FolderDisposer
2198:            28           2912  com.intellij.openapi.editor.impl.view.EditorView
2199:            91           2912  com.intellij.psi.impl.smartPointers.InjectedSelfElementInfo
2200:           182           2912  com.intellij.psi.impl.source.xml.XmlTagImpl$$Lambda$1641/895450205
2201:           121           2904  com.intellij.ui.tree.AsyncTreeModel$CommandQueue
2202:           181           2896  com.intellij.lang.javascript.validation.JSTypeChecker
2203:             8           2880  com.intellij.execution.ui.layout.impl.GridCellImpl$ProviderWrapper
2204:           120           2880  com.intellij.lang.javascript.documentation.JSDocumentationUtils$4
2205:           120           2880  com.intellij.openapi.editor.impl.LockFreeCOWSortedArray
2206:            60           2880  com.intellij.openapi.vfs.VirtualFileEvent
2207:           180           2880  com.intellij.psi.impl.source.xml.XmlTagImpl$$Lambda$2328/1681152680
2208:            72           2880  com.intellij.spring.boot.model.properties.EnableConfigurationPropertiesModel$1
2209:            60           2880  com.intellij.util.containers.SoftHashMap
2210:            45           2880  javax.management.openmbean.OpenMBeanAttributeInfoSupport
2211:            10           2880  org.jetbrains.kotlin.cli.common.arguments.K2JVMCompilerArguments
2212:           119           2856  com.intellij.psi.impl.source.xml.XmlTagImpl$$Lambda$2337/1783183627
2213:            17           2856  org.jetbrains.kotlin.renderer.DescriptorRendererOptionsImpl
2214:            59           2832  com.intellij.lang.javascript.psi.resolve.ImplicitJSVariableImpl
2215:             6           2832  com.intellij.openapi.editor.impl.EditorMarkupModelImpl$ErrorStripeButton
2216:            59           2832  com.intellij.openapi.util.RecursionManager$CalculationStack
2217:            59           2832  gnu.trove.TDoubleObjectHashMap
2218:           177           2832  javax.swing.plaf.basic.BasicScrollPaneUI$Handler
2219:           177           2832  javax.swing.plaf.metal.MetalScrollPaneUI$1
2220:            88           2816  com.intellij.codeInsight.completion.impl.CompletionServiceImpl$3
2221:            96           2808  [Lcom.intellij.lang.javascript.psi.ecmal4.JSReferenceListMember;
2222:           117           2808  com.intellij.patterns.PsiFieldPattern
2223:           117           2808  com.intellij.psi.stubs.StubIndexImpl$1
2224:           117           2808  com.intellij.psi.stubs.StubIndexKey
2225:            39           2808  org.apache.velocity.runtime.parser.VelocityCharStream
2226:            70           2800  com.intellij.psi.impl.compiled.ClsEnumConstantImpl
2227:            50           2800  com.intellij.util.ui.AnimatedIcon$1
2228:           116           2784  com.jetbrains.quirksmode.HtmlTagPattern
2229:           116           2784  java.util.regex.Pattern$Category
2230:            87           2752  [Lkotlin.reflect.KProperty;
2231:            43           2752  com.intellij.codeInsight.daemon.impl.JavaLineMarkerProvider$ArrowUpLineMarkerInfo
2232:            86           2752  com.intellij.ui.SideBorder
2233:            43           2752  com.intellij.ui.tabs.impl.singleRow.ScrollableSingleRowLayout
2234:            86           2752  com.intellij.ui.tabs.impl.singleRow.SingleRowLayout$GhostComponent$1
2235:            86           2752  com.sun.java.swing.plaf.windows.TMSchema$Part
2236:            86           2752  sun.security.x509.KeyUsageExtension
2237:            49           2744  javax.swing.ScrollPaneLayout$UIResource
2238:            57           2736  com.intellij.ide.navigationToolbar.NavBarPanel$1
2239:           114           2736  com.intellij.openapi.util.DifferenceFilter
2240:           114           2736  com.intellij.psi.css.impl.descriptor.CssPseudoElementDescriptorImpl
2241:           114           2736  com.intellij.util.io.FileAccessorCache$Handle
2242:            57           2736  java.awt.event.HierarchyEvent
2243:           114           2736  javax.swing.ComponentInputMap
2244:           114           2728  [Lcom.intellij.openapi.extensions.ExtensionPointListener;
2245:            68           2720  java.util.HashMap$ValueIterator
2246:            85           2720  java.util.regex.Pattern$BnM
2247:            85           2720  net.miginfocom.layout.ResizeConstraint
2248:            34           2720  net.sourceforge.pmd.lang.java.ast.ASTForStatement
2249:            34           2720  net.sourceforge.pmd.lang.java.ast.ASTTypeArguments
2250:           113           2712  com.android.repository.impl.generated.v1.DependencyType
2251:           113           2712  com.intellij.codeInsight.intention.impl.IntentionActionWithTextCaching$MyIntentionAction
2252:           113           2712  java.util.regex.Pattern$Ques
2253:           169           2704  com.android.tools.idea.AndroidPsiUtils$$Lambda$1645/389157255
2254:           169           2704  org.jetbrains.kotlin.container.InstanceComponentDescriptor
2255:           112           2688  com.intellij.lang.javascript.psi.impl.JSPropertyImpl$JSPropertyCachedData
2256:            28           2688  com.intellij.openapi.editor.impl.CaretImpl
2257:            28           2688  com.intellij.openapi.editor.impl.EditorMarkupModelImpl
2258:            84           2688  com.intellij.ui.PopupHandler$2
2259:           112           2688  java.lang.invoke.Invokers
2260:            42           2688  java.util.stream.IntPipeline$4
2261:            56           2688  javax.swing.text.FlowView$LogicalView
2262:            28           2688  javax.swing.text.html.BRView
2263:            24           2688  org.jetbrains.idea.maven.navigator.MavenProjectsStructure$StandardGoalNode
2264:            84           2688  org.kohsuke.rngom.digested.DAnnotation$Attribute
2265:            67           2680  com.intellij.ide.TypeNameEP
2266:            67           2680  io.netty.util.Recycler$WeakOrderQueue
2267:           111           2664  com.intellij.psi.css.impl.CssElementTypeImpl
2268:           111           2664  com.siyeh.ig.callMatcher.CallHandler
2269:           111           2664  org.jetbrains.kotlin.storage.LockBasedStorageManager$LockBasedNotNullLazyValue
2270:            83           2656  com.intellij.util.xmlb.TagBinding
2271:           109           2648  [Lcom.intellij.lang.javascript.psi.JSVariable;
2272:            30           2640  com.intellij.lang.javascript.psi.resolve.JavaScriptQualifiedItemProcessor$1
2273:            66           2640  com.intellij.lang.javascript.psi.stubs.impl.TypeScriptThisTypeStubImpl
2274:            66           2640  com.intellij.openapi.fileTypes.SyntaxHighlighterFactoryEP
2275:           110           2640  com.intellij.sql.psi.impl.SqlKeywordTokenType
2276:           165           2640  com.intellij.ui.components.JBViewport$2
2277:             7           2632  com.intellij.ui.BalloonImpl$CloseButton
2278:            41           2624  com.intellij.lang.javascript.psi.impl.JSThrowStatementImpl
2279:            82           2624  com.intellij.lang.javascript.psi.types.JSReferenceType
2280:            41           2624  java.awt.geom.RoundRectangle2D$Double
2281:           106           2616  [Ljavax.xml.namespace.QName;
2282:           109           2616  javax.swing.plaf.ActionMapUIResource
2283:           163           2608  com.intellij.psi.impl.compiled.ClsParameterImpl$$Lambda$3614/994105120
2284:            81           2592  com.intellij.codeInsight.daemon.NavigateAction
2285:           108           2592  com.intellij.openapi.fileTypes.impl.FileTypeManagerImpl$StandardFileType
2286:           108           2592  com.intellij.openapi.ui.popup.ActiveIcon
2287:           108           2592  com.intellij.patterns.CollectionPattern
2288:            81           2592  com.intellij.psi.impl.smartPointers.SmartTypePointerManagerImpl$ClassTypePointer
2289:           108           2592  com.sun.xml.internal.bind.v2.runtime.unmarshaller.TextLoader
2290:            54           2592  java.util.concurrent.ThreadPoolExecutor$Worker
2291:            54           2592  net.sourceforge.pmd.lang.java.ast.Token$GTToken
2292:            51           2584  [Lcom.intellij.util.containers.hash.HashMap$Entry;
2293:             7           2576  com.intellij.ui.BalloonImpl$MyComponent
2294:           107           2568  com.intellij.openapi.actionSystem.impl.WeakTimerListener
2295:           107           2568  com.intellij.openapi.editor.impl.view.LineLayout$WithSize
2296:           107           2568  com.intellij.psi.impl.source.resolve.reference.impl.providers.AttributeValueSelfReference
2297:            40           2560  com.intellij.concurrency.ApplierCompleter
2298:           160           2560  com.intellij.lang.javascript.psi.types.JSCompositeFunctionPropertySignatureImpl$$Lambda$2732/1574549557
2299:            80           2560  com.sun.xml.internal.bind.v2.runtime.LifecycleMethods
2300:            32           2560  net.sourceforge.pmd.lang.java.ast.ASTStatementExpressionList
2301:            32           2560  net.sourceforge.pmd.lang.java.ast.ASTTypeArgument
2302:            80           2560  org.kohsuke.rngom.parse.compact.CompactSyntax$LookaheadSuccess
2303:            40           2560  sun.nio.ch.FileChannelImpl
2304:            49           2544  [Ljavax.management.MBeanAttributeInfo;
2305:           159           2544  com.intellij.codeInspection.dataFlow.InferenceFromSourceUtil$$Lambda$3711/1909939052
2306:            53           2544  com.intellij.lang.javascript.psi.impl.JSFunctionCachedData
2307:             6           2544  com.intellij.openapi.vcs.changes.shelf.ShelvedChangesViewManager$ShelfTreeCellRenderer
2308:           106           2544  com.sun.xml.internal.bind.v2.runtime.property.TagAndType
2309:            53           2544  java.net.SocketInputStream
2310:            53           2544  java.net.SocketOutputStream
2311:            53           2544  javax.swing.plaf.basic.BasicHTML$Renderer
2312:           106           2544  sun.security.util.BitArray
2313:           106           2544  sun.security.util.Cache$EqualByteArray
2314:           135           2536  [Lcom.sun.jmx.mbeanserver.MXBeanMapping;
2315:            76           2520  [Lorg.apache.xerces.impl.xs.XSElementDecl;
2316:           105           2520  com.intellij.execution.console.CustomizableConsoleFoldingBean
2317:           105           2520  javax.swing.plaf.basic.BasicTextUI$UpdateHandler
2318:           105           2520  javax.swing.text.JTextComponent$KeymapActionMap
2319:           105           2520  javax.swing.text.JTextComponent$KeymapWrapper
2320:             9           2520  javax.swing.tree.DefaultTreeCellEditor$EditorContainer
2321:            63           2520  org.jetbrains.kotlin.serialization.ProtoBuf$EnumEntry
2322:            52           2496  com.intellij.openapi.extensions.impl.ExtensionPointImpl$ObjectComponentAdapter
2323:           104           2496  com.intellij.psi.impl.source.tree.injected.DocumentWindowImpl$CachedText
2324:           104           2496  com.intellij.psi.impl.source.tree.injected.Place
2325:            39           2496  com.intellij.psi.impl.source.tree.java.PsiConditionalExpressionImpl
2326:           104           2496  sun.security.x509.CertificateValidity
2327:            31           2480  sun.font.FontDesignMetrics
2328:           103           2472  java.lang.Character$UnicodeScript
2329:           103           2472  javax.swing.plaf.ComponentInputMapUIResource
2330:           103           2472  org.jetbrains.plugins.groovy.lang.psi.impl.synthetic.GrGdkMethodImpl$$Lambda$4653/140218998
2331:            77           2464  com.intellij.lang.javascript.psi.ecma6.impl.TypeScriptTypeParameterImpl
2332:            28           2464  com.intellij.openapi.editor.impl.softwrap.mapping.SoftWrapApplianceManager$ProcessingContext
2333:            77           2464  com.intellij.openapi.fileTypes.FileTypeExtensionPoint
2334:            77           2464  com.sun.xml.internal.bind.v2.runtime.unmarshaller.LeafPropertyXsiLoader
2335:            62           2456  [Lcom.intellij.openapi.components.OldComponentConfig;
2336:            34           2448  com.intellij.openapi.wm.impl.ToolWindowImpl
2337:           102           2448  com.intellij.psi.css.impl.descriptor.value.CssIntegerValue
2338:           102           2448  org.jaxen.QualifiedName
2339:            61           2440  com.intellij.psi.search.GlobalSearchScope$3
2340:            38           2432  com.intellij.ui.tabs.impl.ActionPanel$1
2341:            38           2432  java.awt.GridBagLayoutInfo
2342:           101           2424  org.jaxen.QualifiedName
2343:           134           2416  [Ljava.awt.event.ContainerListener;
2344:            43           2408  com.intellij.ui.tabs.impl.JBTabsImpl$3
2345:           150           2400  com.intellij.execution.ExecutorRegistryImpl$ExecutorAction$$Lambda$2116/499025567
2346:            30           2400  com.intellij.lang.ecmascript6.resolve.ES6QualifiedItemProcessor
2347:           100           2400  com.intellij.openapi.application.impl.ReadMostlyRWLock$Reader
2348:            75           2400  com.intellij.openapi.editor.impl.EditorMarkupModelImpl$PositionedStripe
2349:            60           2400  com.intellij.openapi.options.BeanConfigurable$1
2350:            75           2400  com.intellij.openapi.vcs.actions.VcsContextWrapper
2351:            75           2400  com.intellij.ui.EngravedTextGraphics
2352:            75           2400  com.intellij.util.indexing.FileBasedIndexImpl$DocumentUpdateTask
2353:           100           2400  com.intellij.util.messages.impl.MessageBusImpl$2
2354:            60           2400  javax.swing.plaf.basic.BasicListUI$Handler
2355:            15           2400  org.apache.xerces.impl.xs.SchemaGrammar
2356:           100           2400  org.jetbrains.kotlin.diagnostics.DiagnosticFactory2
2357:            71           2384  [Lcom.intellij.openapi.fileEditor.impl.EditorWithProviderComposite;
2358:            33           2376  com.intellij.lang.javascript.frameworks.jquery.JQueryCssFileImpl
2359:            33           2376  com.intellij.psi.css.impl.CssLazyStylesheet
2360:            98           2352  com.intellij.codeInsight.template.impl.TemplateImpl$Segment
2361:             6           2352  com.intellij.openapi.wm.impl.ToolWindowHeader$13
2362:            98           2352  com.intellij.ui.components.JBViewport$ResourceViewBorder
2363:             6           2352  com.intellij.ui.popup.AbstractPopup$12
2364:            49           2352  com.intellij.util.containers.TreeTraversal$BiOrderIt
2365:           147           2352  com.sun.proxy.$Proxy11
2366:            98           2352  java.net.Inet4Address
2367:            98           2352  java.security.Provider$UString
2368:            42           2352  java.util.stream.IntPipeline$Head
2369:            73           2336  com.intellij.lang.javascript.psi.ecma6.impl.TypeScriptArrayTypeImpl
2370:            73           2336  com.intellij.openapi.util.ClassExtensionPoint
2371:           146           2336  com.intellij.psi.impl.source.tree.injected.InjectedLanguageUtil$$Lambda$2598/941175609
2372:            73           2336  java.util.concurrent.FutureTask
2373:            97           2328  com.intellij.openapi.application.TransactionGuardImpl$2
2374:            97           2328  com.sun.xml.internal.bind.v2.runtime.reflect.TransducedAccessor$CompositeTransducedAccessorImpl
2375:            58           2320  com.intellij.lang.javascript.psi.controlflow.instruction.JSConditionInstruction
2376:           145           2320  com.intellij.psi.impl.PsiSuperMethodImplUtil$1
2377:            58           2320  com.intellij.util.containers.SLRUMap
2378:            72           2304  com.intellij.concurrency.JobLauncherImpl$VoidForkJoinTask
2379:            48           2304  com.intellij.execution.configurations.ModuleBasedConfigurationOptions
2380:             4           2304  com.intellij.execution.ui.layout.impl.JBRunnerTabs
2381:            24           2304  com.intellij.ide.ui.laf.darcula.ui.DarculaProgressBarUI
2382:            72           2304  com.intellij.jam.JamStringAttributeElement
2383:           144           2304  com.intellij.lang.javascript.dialects.ECMA6SyntaxHighlighterFactory$ECMA6SyntaxHighlighter
2384:             4           2304  com.intellij.ui.JBTabsPaneImpl$1
2385:            96           2304  com.intellij.util.containers.LinkedMultiMap
2386:            96           2304  com.intellij.util.xml.XmlName
2387:            72           2304  io.netty.util.internal.LongAdderCounter
2388:             4           2304  io.netty.util.internal.shaded.org.jctools.queues.MpscChunkedArrayQueue
2389:            48           2304  java.util.Properties
2390:            36           2304  java.util.stream.ReferencePipeline$11
2391:            48           2304  javax.management.MBeanInfo
2392:           144           2304  net.sourceforge.pmd.lang.java.symboltable.MethodNameDeclaration
2393:            41           2296  com.intellij.ui.content.impl.ContentManagerImpl
2394:            41           2296  sun.security.provider.SHA
2395:           143           2288  com.intellij.ide.ui.laf.intellij.WinIntelliJButtonUI$1
2396:            26           2288  net.sourceforge.pmd.lang.java.ast.ASTFieldDeclaration
2397:            57           2280  com.intellij.util.containers.ConcurrentSoftHashMap
2398:            95           2280  java.util.regex.Pattern$7
2399:            95           2280  sun.security.x509.CertificateExtensions
2400:           142           2272  com.intellij.jsf.references.libraries.providers.JsfWrappingPathReferenceProvider
2401:           142           2272  com.intellij.psi.impl.cache.impl.id.IdIndexEntry
2402:            71           2272  org.jetbrains.org.objectweb.asm.Type
2403:            71           2272  sun.reflect.generics.reflectiveObjects.TypeVariableImpl
2404:           141           2256  com.intellij.lang.javascript.validation.JSAnnotatorProblemReporter
2405:             6           2256  com.intellij.openapi.editor.impl.ContextMenuImpl
2406:            94           2256  com.intellij.openapi.editor.impl.DocumentImpl$DocumentListenerDisposable
2407:            94           2256  com.intellij.util.messages.Topic
2408:            47           2256  sun.java2d.loops.MaskFill
2409:            80           2240  [Lcom.sun.xml.internal.bind.v2.runtime.property.Property;
2410:            35           2240  com.intellij.lang.javascript.psi.impl.JSEmptyStatementImpl
2411:            28           2240  com.intellij.openapi.editor.impl.softwrap.mapping.SoftWrapApplianceManager
2412:            70           2240  com.intellij.psi.impl.source.xml.XmlTagValueImpl
2413:            70           2240  com.intellij.psi.tree.java.IJavaElementType
2414:           140           2240  java.util.concurrent.ConcurrentHashMap$EntrySetView
2415:            93           2232  [Lcom.intellij.openapi.fileEditor.impl.EditorTabColorProvider;
2416:            93           2232  com.intellij.codeInsight.folding.impl.DocumentFoldingInfo$Info
2417:            93           2232  java.util.zip.ZStreamRef
2418:             6           2208  com.intellij.ui.ColorPanel
2419:            69           2208  com.intellij.util.indexing.VfsAwareMapReduceIndex$MyMapBasedForwardIndex
2420:            92           2208  com.jetbrains.quirksmode.CssDeclarationPattern
2421:            92           2208  java.awt.image.BufferedImage$1
2422:            92           2208  javax.swing.text.html.CSS$BorderStyle
2423:            69           2208  org.jetbrains.kotlin.util.slicedMap.BasicWritableSlice
2424:            46           2208  sun.font.FontDesignMetrics$KeyReference
2425:            55           2200  com.intellij.lang.javascript.psi.stubs.impl.TypeScriptTupleTypeStubImpl
2426:            55           2200  com.intellij.psi.impl.java.stubs.impl.PsiImportListStubImpl
2427:            55           2200  com.intellij.ui.tree.AsyncTreeModel$CmdGetChildren
2428:            55           2200  org.jetbrains.kotlin.config.LanguageFeature
2429:           137           2192  com.intellij.ui.components.JBScrollPane$$Lambda$346/374920495
2430:            21           2184  [Lcom.intellij.execution.BeforeRunTaskProvider;
2431:            91           2184  com.intellij.coldFusion.model.psi.CfmlElementType
2432:            91           2184  com.intellij.psi.impl.source.tree.injected.InjectionResult
2433:            68           2176  com.intellij.openapi.editor.impl.FrozenDocument
2434:            34           2176  com.sun.xml.internal.bind.v2.model.impl.RuntimeAttributePropertyInfoImpl
2435:            16           2176  io.netty.util.internal.InternalThreadLocalMap
2436:            68           2176  java.text.StringCharacterIterator
2437:           136           2176  javax.swing.LayoutComparator
2438:            68           2176  javax.swing.text.html.CSS$BorderWidthValue
2439:           136           2176  org.jetbrains.kotlin.psi.VisitorWrappersKt$propertyVisitor$1
2440:           127           2160  [Lsun.reflect.generics.tree.TypeSignature;
2441:            90           2160  com.android.tools.idea.lang.roomSql.psi.RoomAstNodeType
2442:             5           2160  com.intellij.find.SearchReplaceComponent
2443:            54           2160  com.intellij.lang.javascript.psi.controlflow.instruction.JSBranchInstruction
2444:            54           2160  com.intellij.openapi.editor.impl.ClipDetector
2445:           135           2160  com.intellij.psi.impl.source.xml.XmlAttributeImpl$$Lambda$2325/1137433624
2446:            30           2160  com.intellij.psi.impl.source.xml.XmlFileImpl
2447:            90           2160  com.intellij.tasks.timeTracking.model.WorkItem
2448:             5           2160  com.intellij.ui.components.labels.LinkLabel
2449:            54           2160  com.intellij.ui.popup.MovablePopup
2450:            30           2160  org.jetbrains.jps.backwardRefs.CompilerBackwardReferenceIndex$CompilerMapReduceIndex
2451:            67           2144  com.intellij.jarRepository.RepositoryLibraryDefinition
2452:           134           2144  com.intellij.openapi.util.StaticGetter
2453:           134           2144  com.intellij.psi.css.CssAttributeDescriptorsProvider$$Lambda$3447/116975760
2454:           134           2144  com.intellij.ui.JBColor$5
2455:            67           2144  javassist.bytecode.ConstPool
2456:            67           2144  sun.reflect.annotation.AnnotationType
2457:            89           2136  kotlin.reflect.jvm.internal.pcollections.ConsPStack
2458:            38           2128  com.intellij.lexer.StringLiteralLexer
2459:            53           2120  java.util.PropertyResourceBundle
2460:            53           2120  net.sourceforge.pmd.benchmark.BenchmarkResult
2461:            53           2120  sun.security.ec.NamedCurve
2462:            44           2112  com.intellij.execution.configurations.LocatableRunConfigurationOptions
2463:            11           2112  com.intellij.javaee.JavaeeCodeStyleSettings
2464:             6           2112  com.intellij.openapi.editor.impl.ContextMenuImpl$ContextMenuPanel
2465:            88           2112  com.intellij.psi.codeStyle.CodeStyleSettings$TypeToNameMap
2466:            66           2112  io.netty.util.Recycler$WeakOrderQueue$Link
2467:            88           2112  java.awt.ColorPaintContext
2468:             6           2112  javax.swing.JLayeredPane
2469:            66           2112  javax.swing.text.html.CSS$BackgroundPosition
2470:            88           2112  javax.swing.text.html.CSS$FontWeight
2471:            88           2112  kotlin.reflect.jvm.internal.pcollections.MapEntry
2472:            66           2112  kotlin.sequences.FilteringSequence$iterator$1
2473:           131           2096  com.intellij.codeInspection.dataFlow.ContractInference$$Lambda$3896/515132979
2474:            87           2088  com.intellij.compiler.backwardRefs.CompilerReferenceServiceImpl$$Lambda$3898/61751647
2475:            87           2088  com.intellij.lang.ognl.psi.OgnlTokenType
2476:            29           2088  com.intellij.psi.impl.source.html.HtmlFileImpl
2477:            87           2088  com.intellij.semantic.SemContributorEP
2478:            87           2088  com.intellij.spring.model.jam.SpringSemContributorUtil$$Lambda$1553/15123684
2479:            87           2088  org.intellij.lang.regexp.RegExpElementType
2480:            87           2088  org.jetbrains.kotlin.idea.inspections.IntentionBasedInspection$IntentionData
2481:            20           2080  com.intellij.ui.components.WideSelectionListUI
2482:            52           2080  com.intellij.util.containers.JBIterable$2$1
2483:            52           2080  java.util.regex.Pattern$Loop
2484:            26           2080  net.sourceforge.pmd.lang.java.ast.ASTConditionalAndExpression
2485:            20           2080  org.apache.velocity.runtime.parser.Parser
2486:            37           2072  com.intellij.psi.impl.source.tree.java.PsiForStatementImpl
2487:           129           2064  com.intellij.debugger.streams.trace.impl.interpret.SimplePeekCallTraceInterpreter
2488:           129           2064  com.intellij.patterns.PsiMemberPattern$Capture$1
2489:            43           2064  com.intellij.ui.tabs.impl.JBTabsImpl$4
2490:            86           2064  com.intellij.util.containers.JBIterable$Appended
2491:            64           2048  com.intellij.util.containers.WeakList
2492:             5           2040  com.intellij.codeInsight.daemon.impl.FileIncludeContextHectorPanel$MyListCellRenderer
2493:            85           2040  com.intellij.codeInspection.ex.GlobalInspectionToolWrapper$1
2494:            85           2040  com.intellij.lang.javascript.psi.impl.JSTextReference
2495:            51           2040  com.intellij.notification.NotificationGroup
2496:            85           2040  com.intellij.velocity.inspections.VtlInspectionBase$1
2497:            85           2040  com.intellij.ws.inspections.BaseWebServicesInspection$1
2498:            85           2040  org.jetbrains.kotlin.idea.inspections.PropertyNameInspectionBase$buildVisitor$1
2499:            17           2040  sun.awt.image.ByteInterleavedRaster
2500:           127           2032  com.intellij.spring.SpringLibraryUtil$$Lambda$2143/783021817
2501:            23           2024  com.intellij.execution.application.ApplicationConfigurationOptions
2502:            36           2016  com.intellij.execution.lineMarker.ExecutorAction
2503:            84           2016  com.intellij.jpa.ql.psi.QlCompositeElementType
2504:            84           2016  com.intellij.lang.javascript.psi.resolve.JSTypeEvaluator$$Lambda$2708/1151904647
2505:            28           2016  com.intellij.openapi.editor.impl.view.EditorSizeManager
2506:            28           2016  com.intellij.psi.codeStyle.TimeStampedIndentOptions
2507:            84           2016  com.intellij.sql.psi.impl.SqlTokenType
2508:            42           2016  com.intellij.ui.SizedIcon
2509:            84           2016  java.lang.ThreadLocal$ThreadLocalMap
2510:            84           2016  java.text.FieldPosition$Delegate
2511:            84           2016  java.util.Collections$SynchronizedSet
2512:            84           2016  net.sourceforge.pmd.lang.ast.xpath.AttributeAxisIterator$MethodWrapper
2513:            63           2016  org.jetbrains.concurrency.AsyncPromise
2514:            63           2016  org.jetbrains.kotlin.KtNodeType
2515:           125           2000  com.intellij.codeInspection.dataFlow.PurityInference$$Lambda$3906/1292495880
2516:            25           2000  com.intellij.find.FindModel
2517:             5           2000  com.intellij.find.editorHeaderActions.StatusTextAction$1
2518:             5           2000  com.intellij.lang.javascript.library.ui.JSUsedLibrariesHectorProvider$MyPanel$2
2519:            50           2000  com.intellij.plugins.jboss.arquillian.configuration.container.ArquillianContainerBean
2520:           125           2000  com.intellij.psi.impl.compiled.ClsMethodImpl$$Lambda$3615/240845717
2521:           125           2000  com.intellij.psi.impl.source.xml.XmlTagImpl$$Lambda$2281/522735977
2522:             5           2000  com.intellij.ui.OnePixelSplitter
2523:            83           1992  [Lcom.intellij.lang.javascript.ecmascript6.TypeScriptAnnotatorCheckerProvider;
2524:            83           1992  com.intellij.lang.javascript.psi.resolve.JSTaggedResolveResult
2525:            83           1992  org.jetbrains.idea.maven.utils.MavenPluginInfo$Mojo
2526:             4           1984  com.intellij.ui.table.TableView
2527:            82           1968  com.intellij.lang.javascript.psi.resolve.context.JSApplyCallElement
2528:           123           1968  com.intellij.openapi.util.UserDataHolderBase
2529:            41           1968  com.intellij.openapi.vcs.changes.Change
2530:           123           1968  com.intellij.spring.boot.application.metadata.RelaxedNames
2531:             5           1960  com.intellij.openapi.actionSystem.impl.ActionToolbarImpl$3
2532:            61           1952  com.intellij.lang.javascript.psi.ecma6.impl.TypeScriptTypeParameterListImpl
2533:           122           1952  com.intellij.psi.codeStyle.SoftMargins
2534:            61           1952  org.coffeescript.lang.lexer.CoffeeScriptElementType
2535:           122           1952  sun.security.x509.KeyIdentifier
2536:            38           1944  [Ljava.lang.Integer;
2537:            81           1944  kotlin.reflect.jvm.internal.KClassImpl
2538:            81           1944  kotlin.reflect.jvm.internal.KClassImpl$data$1
2539:            24           1920  com.intellij.concurrency.SensitiveProgressWrapper
2540:            24           1920  com.intellij.configurationStore.SchemeManagerImpl
2541:           120           1920  com.intellij.openapi.editor.impl.DocumentImpl$1
2542:            80           1920  com.intellij.patterns.PsiElementPattern$2
2543:            30           1920  com.intellij.ui.components.breadcrumbs.Breadcrumbs$CrumbView
2544:            80           1920  com.intellij.util.ui.update.UiNotifyConnector$2
2545:            20           1920  java.awt.image.IndexColorModel
2546:            80           1920  java.io.PushbackInputStream
2547:            30           1920  java.util.stream.ReferencePipeline$4
2548:            60           1920  javax.management.MBeanAttributeInfo
2549:             5           1920  javax.swing.JRootPane
2550:             5           1920  javax.swing.JSlider
2551:            30           1920  net.miginfocom.layout.Grid$CompWrap
2552:            60           1920  net.miginfocom.swing.SwingComponentWrapper
2553:            60           1920  net.sf.cglib.asm.$Type
2554:            24           1920  net.sourceforge.pmd.lang.java.ast.ASTForInit
2555:            24           1920  net.sourceforge.pmd.lang.java.ast.ASTForUpdate
2556:            24           1920  net.sourceforge.pmd.lang.java.ast.ASTMemberValue
2557:            24           1920  net.sourceforge.pmd.lang.java.ast.ASTSingleMemberAnnotation
2558:            20           1920  org.apache.velocity.runtime.parser.ParserTokenManager
2559:            40           1920  org.apache.xerces.impl.xs.XSAttributeDecl
2560:            80           1920  org.intellij.plugins.relaxNG.compact.RncElementType
2561:            34           1904  com.intellij.openapi.ui.LoadingDecorator$1
2562:            34           1904  com.sun.tools.javac.main.Option
2563:           119           1904  java.util.regex.Pattern$Begin
2564:           119           1904  org.jaxen.expr.iter.IterableChildAxis
2565:            79           1896  com.intellij.configurationStore.StateMap
2566:            79           1896  com.intellij.openapi.command.impl.NonUndoableAction
2567:            59           1888  [Ljava.util.Set;
2568:            59           1888  javax.swing.tree.DefaultMutableTreeNode
2569:            94           1880  [Lcom.intellij.openapi.progress.impl.CoreProgressManager$CheckCanceledHook;
2570:            47           1880  [Lsun.awt.EventQueueItem;
2571:            78           1872  com.intellij.diagnostic.PerformanceWatcher$SwingThreadRunnable
2572:            78           1872  com.intellij.psi.impl.source.xml.TagNameReference
2573:            39           1872  java.awt.dnd.DropTarget
2574:             4           1856  com.intellij.ui.treeStructure.Tree
2575:           116           1856  com.intellij.util.xml.TypeChooserManager
2576:           116           1856  com.sun.proxy.$Proxy10
2577:            33           1848  com.intellij.lang.javascript.JSFileViewProviderFactory$JSFileViewProvider
2578:            77           1848  com.intellij.openapi.fileTypes.FileTypeExtensionPoint$1
2579:            77           1848  com.intellij.openapi.project.DumbService$$Lambda$1514/1931445690
2580:            77           1848  com.intellij.openapi.util.KeyedExtensionCollector$2
2581:            33           1848  com.intellij.psi.css.impl.CssSelectorSuffixListImpl
2582:            33           1848  com.intellij.psi.impl.source.tree.java.PsiThrowStatementImpl
2583:            77           1848  com.sun.xml.internal.bind.v2.runtime.unmarshaller.LeafPropertyLoader
2584:            77           1848  javax.swing.text.html.HTML$Tag
2585:            77           1848  org.intellij.markdown.MarkdownElementType
2586:            46           1840  com.intellij.openapi.roots.impl.LibraryScopeCache$2
2587:            23           1840  com.intellij.psi.impl.source.html.HtmlDocumentImpl
2588:            23           1840  com.intellij.psi.impl.source.tree.HtmlFileElement
2589:           115           1840  com.intellij.util.containers.ConcurrentInstanceMap$1
2590:            46           1840  com.intellij.util.containers.JBIterable$FlattenFun$FlattenIt
2591:            76           1824  com.intellij.concurrency.ConcurrentHashMap$KeySetView
2592:            57           1824  com.intellij.lang.javascript.psi.controlflow.instruction.JSEntryPointInstruction
2593:            76           1824  com.intellij.openapi.editor.ex.util.EmptyEditorHighlighter$1
2594:            57           1824  com.intellij.openapi.fileEditor.impl.HistoryEntry
2595:            57           1824  com.intellij.psi.css.impl.CssRulesetImpl
2596:             4           1824  com.intellij.spring.boot.run.lifecycle.tabs.LiveContextsPanel
2597:            57           1824  com.intellij.util.xmlb.AccessorBindingWrapper
2598:            57           1824  org.apache.xerces.impl.xs.models.XSAllCM
2599:           114           1824  sun.security.x509.SerialNumber
2600:           113           1808  com.intellij.util.containers.JBIterable$Multi
2601:            70           1800  [Lcom.intellij.psi.xml.XmlTagChild;
2602:             5           1800  com.intellij.codeInsight.daemon.impl.HectorComponent
2603:            75           1800  com.intellij.codeInsight.daemon.impl.quickfix.SafeDeleteFix
2604:            45           1800  com.intellij.configurationStore.ComponentWithModificationTrackerInfo
2605:            75           1800  com.intellij.execution.configurations.JavaRunConfigurationModule
2606:             5           1800  com.intellij.find.SearchReplaceComponent$2
2607:             5           1800  com.intellij.find.SearchReplaceComponent$3
2608:             5           1800  com.intellij.find.SearchReplaceComponent$5
2609:            75           1800  com.intellij.psi.codeStyle.CommonCodeStyleSettings$IndentOptions$1
2610:            75           1800  com.intellij.psi.codeStyle.LanguageCodeStyleSettingsProvider$SupportedFieldCollector
2611:             5           1800  com.intellij.ui.ComboboxWithBrowseButton
2612:            75           1800  com.intellij.util.indexing.FileBasedIndexImpl$FileIndexDataInitialization$$Lambda$224/1898345611
2613:            75           1800  com.intellij.util.indexing.ID
2614:            25           1800  java.util.stream.SliceOps$1
2615:             4           1792  com.intellij.execution.impl.ConsoleViewImpl
2616:            28           1792  com.intellij.openapi.editor.impl.EditorImpl$MyColorSchemeDelegate
2617:            28           1792  com.intellij.openapi.editor.impl.EditorMarkupModelImpl$EditorFragmentRenderer
2618:            56           1792  com.intellij.openapi.editor.impl.RangeMarkerImpl
2619:            28           1792  com.intellij.openapi.editor.impl.SoftWrapModelImpl
2620:            56           1792  de.plushnikov.intellij.plugin.lombokconfig.ConfigKey
2621:            56           1792  java.awt.geom.GeneralPath
2622:            74           1776  com.intellij.openapi.editor.impl.LineSet
2623:            74           1776  com.intellij.util.containers.SingletonIterator
2624:            74           1776  com.intellij.util.indexing.VfsAwareMapReduceIndex$MapDataExternalizer
2625:           110           1760  com.intellij.openapi.actionSystem.impl.PresentationFactory
2626:            55           1760  com.intellij.openapi.editor.impl.view.IterationState$CaretData
2627:            55           1760  com.intellij.openapi.vfs.newvfs.impl.MapReference
2628:            11           1760  com.intellij.psi.codeStyle.JavaCodeStyleSettings
2629:             5           1760  com.intellij.ui.components.panels.Wrapper$North
2630:            44           1760  com.intellij.util.containers.OpenTHashSet
2631:            44           1760  java.lang.invoke.DirectMethodHandle$Constructor
2632:            55           1760  java.net.Socket
2633:            44           1760  org.kohsuke.rngom.digested.DDataPattern$Param
2634:            73           1752  com.intellij.openapi.util.ClassExtensionPoint$1
2635:            73           1752  com.intellij.openapi.vcs.changes.ui.RemoteStatusChangeNodeDecorator
2636:           109           1744  com.intellij.psi.PsiElementRef$PsiRefColleague$Real
2637:            13           1728  [Ljava.beans.MethodDescriptor;
2638:            72           1728  com.intellij.concurrency.JobLauncherImpl$VoidForkJoinTask$1
2639:            36           1728  com.intellij.execution.lineMarker.LineMarkerActionWrapper
2640:            27           1728  com.intellij.lang.javascript.inspections.JSUnusedAssignmentInspection$SimpleControlFlowProcessor
2641:            72           1728  com.intellij.openapi.editor.colors.ColorKey
2642:             3           1728  com.intellij.openapi.fileEditor.impl.EditorTabbedContainer$1
2643:           108           1728  com.intellij.openapi.vfs.newvfs.persistent.FSRecords$$Lambda$88/1188747115
2644:           108           1728  com.intellij.psi.PsiElementRef
2645:            72           1728  com.intellij.psi.codeStyle.CommonCodeStyleSettings$SupportedFieldsDiffFilter
2646:            72           1728  com.intellij.spring.boot.application.metadata.SpringBootApplicationMetaConfigKey$ItemHint
2647:            72           1728  com.intellij.spring.model.jam.JamStringAttributeElementPsiElementPointer
2648:            72           1728  com.intellij.spring.web.mvc.model.SpringMVCRequestMappings$Mapping
2649:             4           1728  com.intellij.ui.FinderRecursivePanel$MyListCellRenderer
2650:            72           1728  com.intellij.ui.tabs.impl.JBTabsImpl$$Lambda$1077/154487499
2651:            72           1728  com.intellij.util.indexing.impl.InputIndexDataExternalizer
2652:            54           1728  com.intellij.xml.util.HtmlUtil$CustomXmlTagDescriptor
2653:            72           1728  org.jaxen.expr.DefaultAllNodeStep
2654:            26           1720  [Lcom.intellij.lang.javascript.index.flags.FlagsStructureElement;
2655:             2           1720  [Ljava.lang.Character$UnicodeScript;
2656:            43           1720  com.intellij.psi.impl.source.PsiImportListImpl
2657:            43           1720  com.intellij.ui.tabs.impl.JBTabsImpl$SelectNextAction
2658:            43           1720  com.intellij.ui.tabs.impl.JBTabsImpl$SelectPreviousAction
2659:            43           1720  java.io.BufferedInputStream
2660:            71           1704  [Lcom.intellij.psi.scope.PsiConflictResolver;
2661:            23           1704  [Ljava.awt.Font;
2662:             3           1704  com.intellij.designer.propertyTable.PropertyTablePanel$1
2663:            71           1704  com.intellij.ide.projectView.impl.ProjectViewFileNestingService$NestingRule
2664:            71           1704  com.intellij.patterns.PsiElementPattern$3
2665:            71           1704  com.intellij.psi.scope.conflictResolvers.JavaMethodsConflictResolver
2666:             3           1704  com.intellij.uiDesigner.propertyInspector.PropertyInspectorTable
2667:            71           1704  com.sun.java.swing.plaf.windows.TMSchema$State
2668:            71           1704  org.jdom.ImmutableCDATA
2669:            71           1704  sun.reflect.generics.tree.FormalTypeParameter
2670:           106           1696  com.intellij.openapi.actionSystem.impl.ToolbarUpdater$MyKeymapManagerListener
2671:           106           1696  com.intellij.openapi.actionSystem.impl.ToolbarUpdater$MyTimerListener
2672:            53           1696  com.intellij.psi.css.impl.CssSelectorImpl
2673:            53           1696  com.intellij.psi.css.impl.CssSelectorListImpl
2674:            53           1696  com.intellij.psi.css.impl.CssSimpleSelectorImpl
2675:            53           1696  com.intellij.psi.impl.source.tree.JavaElementType$JavaCompositeElementType
2676:            53           1696  com.intellij.psi.tree.java.IKeywordElementType
2677:             4           1696  com.intellij.ui.components.JBList
2678:            53           1696  java.security.spec.EllipticCurve
2679:           106           1696  org.jaxen.expr.DefaultRelativeLocationPath
2680:            21           1680  [Lcom.intellij.ui.breadcrumbs.BreadcrumbsProvider;
2681:           105           1680  javax.swing.text.DefaultCaret$Handler
2682:            69           1672  [Lcom.intellij.lang.annotation.HighlightSeverity;
2683:            38           1664  [Lnet.sf.cglib.asm.$Type;
2684:            52           1664  com.intellij.lang.javascript.inspections.JSUnusedGlobalSymbolsInspection$1
2685:            26           1664  com.intellij.lang.javascript.psi.types.guard.JavaScriptTypeGuard
2686:            52           1664  com.intellij.openapi.editor.impl.EditorImpl$CaretRectangle
2687:            13           1664  com.intellij.ui.plaf.beg.IdeaMenuUI
2688:            52           1664  com.sun.xml.internal.bind.v2.runtime.reflect.AdaptedAccessor
2689:           104           1664  javax.security.auth.x500.X500Principal
2690:           104           1664  sun.security.x509.CertificateAlgorithmId
2691:           104           1664  sun.security.x509.CertificateSerialNumber
2692:           104           1664  sun.security.x509.CertificateVersion
2693:           104           1664  sun.security.x509.CertificateX509Key
2694:            69           1656  com.intellij.psi.codeStyle.CodeStyleSettingsCustomizable$SpacingOption
2695:            69           1656  com.intellij.spring.boot.application.metadata.SpringBootApplicationMetaConfigKey$ValueProvider
2696:            69           1656  javax.swing.text.html.CSS$LengthUnit
2697:           103           1648  com.intellij.codeInspection.dataFlow.NullityInference$$Lambda$3952/1349214447
2698:            48           1632  [Lcom.intellij.psi.PsiExpression;
2699:            68           1632  com.intellij.aop.jam.AbstractAopInspection$1
2700:            34           1632  com.intellij.ide.actions.ToggleToolbarAction$OptionsGroup
2701:            68           1632  com.intellij.ide.projectView.impl.nodes.NamedLibraryElement
2702:             6           1632  com.intellij.ide.util.treeView.AbstractTreeUi
2703:            51           1632  com.intellij.lang.javascript.flex.flexunit.inspections.FlexUnitClassInspectionBase$1
2704:            34           1632  com.intellij.openapi.wm.impl.ToolWindowHeader$10
2705:            68           1632  com.intellij.psi.impl.smartPointers.Identikit$ByType
2706:            68           1632  gnu.trove.THashMap$KeyView
2707:            51           1632  io.netty.channel.AbstractChannelHandlerContext$WriteAndFlushTask
2708:            68           1632  java.util.regex.Pattern$SingleI
2709:           102           1632  javax.swing.text.html.CSS$StringValue
2710:            68           1632  org.jetbrains.idea.maven.utils.library.RepositoryLibraryDescription
2711:            29           1624  com.intellij.psi.impl.source.tree.java.PsiWhileStatementImpl
2712:            67           1608  com.intellij.ide.TypeNameEP$1
2713:            67           1608  com.intellij.util.containers.JBIterable$10
2714:            67           1608  com.intellij.util.containers.JBIterator$TransformOp
2715:            67           1608  gnu.trove.THashMap$ValueView
2716:            67           1608  javassist.bytecode.LongVector
2717:            67           1608  javassist.bytecode.SourceFileAttribute
2718:            67           1608  javax.swing.text.html.CSS$Attribute
2719:            50           1600  [Lcom.intellij.spring.boot.run.update.SpringBootApplicationUpdatePolicy;
2720:           100           1600  com.android.repository.impl.generated.v1.DependenciesType
2721:            50           1600  com.intellij.openapi.actionSystem.EmptyAction
2722:            50           1600  com.intellij.plugins.jboss.arquillian.configuration.container.ArquillianContainerPredefined
2723:           100           1600  com.intellij.util.concurrency.Semaphore
2724:            50           1600  java.net.URI$Parser
2725:            40           1600  net.miginfocom.layout.Grid$LinkedDimGroup
2726:            50           1600  sun.java2d.loops.SurfaceType
2727:            22           1584  com.intellij.openapi.fileEditor.impl.EditorWithProviderComposite
2728:            66           1584  com.intellij.spring.boot.application.metadata.SpringBootApplicationMetaConfigKey$ValueHint
2729:            11           1584  com.intellij.sql.formatter.settings.SqlCodeStyleSettings
2730:            99           1584  java.util.Comparator$$Lambda$223/1917846243
2731:            66           1584  javax.swing.text.html.CSS
2732:            66           1584  javax.swing.text.html.CSS$BackgroundImage
2733:            66           1584  kotlin.sequences.FilteringSequence
2734:            18           1584  net.sourceforge.pmd.lang.java.ast.ASTCastExpression
2735:            18           1584  org.apache.xerces.impl.XMLEntityManager$ScannedEntity
2736:            11           1584  org.coffeescript.formatter.CoffeeScriptCodeStyleSettings
2737:            33           1584  org.jetbrains.jps.backwardRefs.CompilerBackwardReferenceIndex$3
2738:            22           1576  [[Ljava.lang.String;
2739:            49           1568  com.intellij.lang.javascript.buildTools.npm.rc.NpmCommand
2740:            49           1568  com.intellij.lang.javascript.psi.types.JSArrayTypeImpl
2741:            28           1568  com.intellij.openapi.editor.impl.FoldingModelImpl
2742:            28           1568  com.intellij.openapi.editor.impl.InlayModelImpl$1
2743:            28           1568  com.intellij.openapi.vcs.changes.ui.ChangesBrowserFileNode
2744:            49           1568  com.intellij.util.concurrency.BoundedTaskExecutor$2
2745:            49           1568  com.intellij.util.containers.TreeTraversal$1
2746:            39           1560  com.intellij.openapi.compiler.util.InspectionValidatorWrapper
2747:            65           1560  java.security.spec.ECPoint
2748:            65           1560  sun.nio.fs.NativeBuffer$Deallocator
2749:            32           1536  com.intellij.codeInsight.daemon.impl.ThreadLocalAnnotatorMap$VersionedMap
2750:            32           1536  com.intellij.execution.ui.layout.impl.GridCellImpl
2751:            48           1536  com.intellij.lang.javascript.psi.ExpectedTypeEvaluator
2752:            64           1536  com.intellij.openapi.util.BuildNumber
2753:            64           1536  com.intellij.openapi.util.ExecutionCallback
2754:            48           1536  com.intellij.openapi.util.VolatileNullableLazyValue$1
2755:             4           1536  com.intellij.openapi.wm.impl.IdeGlassPaneImpl
2756:             4           1536  com.intellij.spring.boot.run.lifecycle.tabs.RequestMappingsPanel
2757:             4           1536  com.intellij.ui.SearchTextField
2758:             3           1536  com.intellij.uiDesigner.componentTree.ComponentTree
2759:            32           1536  com.intellij.xml.util.documentation.CompositeAttributeTagDescriptor
2760:            24           1536  io.netty.util.Recycler$Stack
2761:            48           1536  java.awt.geom.Path2D$Float$TxIterator
2762:            64           1536  java.io.BufferedOutputStream
2763:            64           1536  java.net.InetAddress
2764:            64           1536  java.util.jar.Attributes$Name
2765:            32           1536  org.apache.xerces.impl.dv.xs.DecimalDV$XDecimal
2766:            24           1536  org.apache.xerces.impl.xpath.regex.RegularExpression
2767:            48           1536  org.apache.xerces.impl.xs.traversers.OneAttr
2768:            24           1536  org.jdom.input.SAXHandler
2769:            38           1520  com.intellij.psi.css.impl.descriptor.value.CssGroupAndValue
2770:            19           1520  net.sf.cglib.proxy.AdvancedEnhancer
2771:            63           1512  com.intellij.lang.javascript.psi.ecmal4.impl.JSClassBase$ClassesUserDataCache$1$1
2772:            27           1512  com.intellij.lang.javascript.psi.resolve.WalkUpResolveProcessor
2773:            63           1512  com.intellij.lang.properties.xml.XmlPropertiesIndex$Key
2774:             3           1512  org.jetbrains.idea.maven.navigator.MavenProjectsNavigator$6
2775:            63           1512  org.jetbrains.plugins.stylus.psi.StylusElementType
2776:            47           1504  com.intellij.lang.javascript.inspections.JSUnusedGlobalSymbolsInspection$$Lambda$4232/1725007770
2777:            47           1504  com.intellij.openapi.module.impl.scopes.LibraryRuntimeClasspathScope
2778:             4           1504  com.intellij.spring.boot.run.lifecycle.tabs.SpringBootApplicationEndpointsTab
2779:             4           1504  com.intellij.ui.components.JBPanelWithEmptyText
2780:            47           1504  java.awt.GradientPaint
2781:            94           1504  org.intellij.plugins.intelliLang.inject.InjectorUtils$$Lambda$2162/2027643942
2782:            47           1504  org.jetbrains.kotlin.lexer.KtKeywordToken
2783:            11           1496  com.intellij.lang.typescript.formatter.TypeScriptCodeStyleSettings
2784:            17           1496  com.intellij.ui.tabs.impl.singleRow.SingleRowPassInfo
2785:            93           1488  com.intellij.codeInsight.daemon.impl.FileStatusMap$$Lambda$1877/5868403
2786:            31           1488  com.intellij.ide.dnd.DnDSupport
2787:            31           1488  com.intellij.lexer.FlexAdapter
2788:            62           1488  com.intellij.psi.impl.source.PsiTypeElementImpl$1
2789:            62           1488  com.intellij.util.containers.ConcurrentWeakValueHashMap
2790:            31           1488  com.intellij.util.xml.impl.FixedChildDescriptionImpl
2791:            37           1480  com.intellij.psi.impl.search.PsiSearchHelperImpl$$Lambda$3912/194692933
2792:             4           1472  com.intellij.execution.impl.MyDiffContainer
2793:            92           1472  com.intellij.ide.ui.laf.darcula.ui.TextFieldWithPopupHandlerUI$Handler
2794:            92           1472  com.intellij.psi.impl.source.xml.XmlTagImpl$$Lambda$2336/779972970
2795:             4           1472  com.intellij.ui.speedSearch.ListWithFilter
2796:            23           1472  com.intellij.ui.treeStructure.Tree$MySelectionModel
2797:            92           1472  javax.swing.JTextField$ScrollRepainter
2798:            23           1472  javax.swing.UIDefaults
2799:             4           1472  org.jetbrains.kotlin.idea.formatter.KotlinCommonCodeStyleSettings
2800:            23           1472  sun.nio.cs.ext.DoubleByte$Encoder
2801:             3           1464  com.intellij.designer.componentTree.ComponentTree
2802:             3           1464  com.intellij.openapi.wm.impl.status.MemoryUsagePanel
2803:            61           1464  com.intellij.patterns.PsiFilePattern$Capture
2804:            61           1464  com.intellij.psi.tree.xml.IXmlLeafElementType
2805:            61           1464  com.intellij.util.containers.ConcurrentRefHashMap$HardKey
2806:            91           1456  com.intellij.util.containers.ContainerUtil$ImmutableListBackedByList
2807:            26           1456  com.sun.xml.internal.bind.v2.runtime.property.ArrayElementNodeProperty
2808:            13           1456  javax.swing.plaf.basic.BasicTextUI$BasicCaret
2809:            13           1456  org.jetbrains.kotlin.serialization.deserialization.descriptors.DeserializedSimpleFunctionDescriptor
2810:            26           1456  sun.misc.URLClassPath$JarLoader
2811:            18           1440  [Ljava.util.concurrent.RunnableScheduledFuture;
2812:             4           1440  com.intellij.execution.ui.layout.impl.RunnerContentUi$MyComponent
2813:            45           1440  com.intellij.lang.javascript.linter.JSLinterEditorPanelCreator$MyJSLinterEditorNotificationPanel
2814:            30           1440  com.intellij.lang.javascript.modules.JSModuleFixDescriptor
2815:            20           1440  com.intellij.lexer.HtmlHighlightingLexer
2816:             3           1440  com.intellij.openapi.wm.impl.IdeFrameImpl
2817:            60           1440  com.intellij.patterns.uast.UElementPattern$filter$1
2818:            30           1440  com.intellij.psi.impl.java.stubs.impl.PsiNameValuePairStubImpl
2819:            18           1440  com.intellij.psi.impl.source.tree.java.JavaFileElement
2820:            60           1440  com.intellij.psi.impl.source.xml.XmlAttributeImpl$$Lambda$2594/1214553137
2821:            60           1440  com.intellij.spring.model.jam.SpringSemContributorUtil$2
2822:            60           1440  com.intellij.util.containers.ConcurrentWeakKeySoftValueHashMap$HardKey
2823:            60           1440  com.intellij.util.containers.ThreadLocalRandom$Tlr
2824:            90           1440  com.intellij.ws.references.WSReferenceContributor$MyReferenceProviderWrapper
2825:            45           1440  java.security.MessageDigest$Delegate
2826:            30           1440  java.time.temporal.ValueRange
2827:            18           1440  java.util.concurrent.ScheduledThreadPoolExecutor
2828:            45           1440  org.jetbrains.kotlin.lexer.KtSingleValueToken
2829:            30           1440  sun.java2d.loops.DrawGlyphListAA
2830:            63           1424  [Lcom.intellij.openapi.editor.impl.EditorImpl$CaretRectangle;
2831:            89           1424  java.util.Collections$UnmodifiableCollection
2832:            89           1424  org.jetbrains.idea.maven.utils.MavenUtil$$Lambda$756/567644252
2833:            59           1416  com.intellij.aop.psi.AopElementType
2834:            59           1416  com.intellij.execution.runners.ExecutionUtil$2
2835:             3           1416  com.intellij.openapi.vcs.changes.ui.ChangesListView
2836:             3           1416  com.intellij.ui.components.JBTextField
2837:            58           1408  [Lcom.intellij.lang.javascript.psi.JSParameter;
2838:            44           1408  com.android.sdklib.repository.generated.common.v1.LibraryType
2839:            44           1408  com.intellij.lang.javascript.JSMinifiedFileUtil$CachedMinifiedStatus
2840:            11           1408  com.intellij.lang.javascript.formatter.ECMA4CodeStyleSettings
2841:            11           1408  com.intellij.lang.javascript.formatter.JSCodeStyleSettings
2842:             4           1408  com.intellij.ui.TabbedPaneWrapper$JBTabsFactory$1
2843:            44           1408  io.netty.buffer.PoolThreadCache$MemoryRegionCache$Entry
2844:            44           1408  java.io.RandomAccessFile
2845:            44           1408  java.util.TreeMap$ValueIterator
2846:            22           1408  javax.swing.table.TableColumn
2847:            16           1408  net.sourceforge.pmd.lang.java.ast.ASTConditionalExpression
2848:             1           1400  [Lcom.intellij.codeInspection.InspectionEP;
2849:             7           1400  com.intellij.ui.BalloonImpl
2850:            35           1400  com.intellij.util.descriptors.ConfigFileMetaData
2851:            16           1392  [Ljava.lang.Byte;
2852:             3           1392  com.intellij.ide.projectView.impl.ProjectViewPane$1
2853:             3           1392  com.intellij.openapi.vcs.changes.shelf.ShelvedChangesViewManager$ShelfTree
2854:            58           1392  com.intellij.openapi.vcs.impl.ModuleDefaultVcsRootPolicy$$Lambda$1040/1449603610
2855:            58           1392  com.siyeh.ig.fixes.ChangeModifierFix
2856:            58           1392  javax.swing.DefaultSingleSelectionModel
2857:             1           1376  [Lsun.misc.FDBigInteger;
2858:            43           1376  com.intellij.ui.tabs.impl.TabsBorder
2859:            43           1376  com.intellij.ui.tabs.impl.TabsSideSplitter
2860:            43           1376  com.intellij.util.KeyedLazyInstanceEP
2861:            43           1376  com.intellij.util.xmlb.BeanBinding
2862:            86           1376  java.lang.ProcessEnvironment$CheckedEntry
2863:             2           1368  [Lcom.intellij.util.xml.impl.DomImplementationClassEP;
2864:             3           1368  [Ljava.util.Locale;
2865:            19           1368  com.intellij.execution.application.ApplicationConfiguration
2866:            57           1368  com.intellij.freemarker.psi.FtlTokenType
2867:            57           1368  com.intellij.ide.navigationToolbar.NavBarPanel$2
2868:            57           1368  com.intellij.util.ui.update.UiNotifyConnector$Once
2869:            57           1368  java.awt.AlphaComposite
2870:            34           1360  [Lcom.intellij.openapi.roots.GeneratedSourcesFilter;
2871:            17           1360  com.intellij.codeInsight.daemon.impl.ShowIntentionsPass
2872:            34           1360  com.intellij.ide.actions.ToggleToolbarAction
2873:            85           1360  com.intellij.lang.javascript.index.flags.BooleanStructureElement
2874:            34           1360  com.intellij.openapi.editor.impl.MarkupModelImpl
2875:            34           1360  com.intellij.openapi.wm.impl.content.TabContentLayout
2876:            85           1360  com.intellij.psi.impl.source.PsiJavaFileBaseImpl$MyCacheBuilder
2877:            34           1360  com.intellij.ui.components.JBLoadingPanel$1
2878:            34           1360  com.sun.xml.internal.bind.v2.runtime.property.AttributeProperty
2879:            34           1360  org.jetbrains.kotlin.protobuf.GeneratedMessageLite$GeneratedExtension
2880:            85           1360  org.jetbrains.kotlin.psi.VisitorWrappersKt$namedFunctionVisitor$1
2881:            11           1352  [Ljava.util.Map$Entry;
2882:            28           1344  [Lcom.intellij.testIntegration.TestFramework;
2883:            56           1344  com.intellij.aop.jam.AbstractAopInspection$$Lambda$3991/989789299
2884:            84           1344  com.intellij.ide.navigationToolbar.NavBarModel$$Lambda$1492/1653066578
2885:            56           1344  com.intellij.ide.navigationToolbar.NavBarPanel$3
2886:            56           1344  com.intellij.ide.navigationToolbar.NavBarPanel$4
2887:            56           1344  com.intellij.lang.javascript.documentation.JSDocumentationProcessor$MetaDocType
2888:            56           1344  com.intellij.openapi.actionSystem.impl.ToolbarUpdater$$Lambda$712/1918884986
2889:            28           1344  com.intellij.openapi.editor.impl.CaretModelImpl
2890:            28           1344  com.intellij.openapi.editor.impl.EditorImpl$ScrollingTimer
2891:            28           1344  com.intellij.openapi.editor.impl.ScrollingModelImpl
2892:            56           1344  com.intellij.patterns.StringPattern$2
2893:            24           1344  com.intellij.psi.impl.source.xml.XmlPrologImpl
2894:            21           1344  com.intellij.spring.gutter.groups.SpringRelatedMergeableLineMarkerInfo
2895:            56           1344  com.intellij.ui.components.JBViewport$ViewBorder
2896:            84           1344  com.sun.proxy.$Proxy26
2897:            28           1344  java.awt.ImageMediaEntry
2898:            42           1344  java.util.Spliterators$IntIteratorSpliterator
2899:            56           1344  javax.swing.plaf.metal.MetalSeparatorUI
2900:            56           1344  javax.swing.text.FlowView$FlowStrategy
2901:            42           1344  org.jetbrains.kotlin.descriptors.annotations.KotlinTarget
2902:            28           1336  [Lcom.intellij.psi.PsiField;
2903:            33           1320  com.intellij.lang.javascript.modules.NodeJSModulesSearcher
2904:            55           1320  com.intellij.tasks.jira.jql.JqlElementType
2905:             3           1320  com.intellij.uiDesigner.propertyInspector.properties.ClassToBindProperty$MyEditor$1
2906:            33           1320  com.intellij.util.containers.hash.HashMap
2907:            55           1320  com.intellij.util.containers.hash.HashSet$Entry
2908:            41           1312  com.intellij.codeInsight.daemon.impl.PassExecutorService$$Lambda$1896/2004795242
2909:            41           1312  com.intellij.openapi.project.DumbAwareAction$1
2910:            41           1312  git4idea.GitContentRevision
2911:            41           1312  gnu.trove.THashMap$ValueView$1
2912:            41           1312  java.util.concurrent.ConcurrentHashMap$ForwardingNode
2913:            12           1304  [Lcom.intellij.openapi.wm.impl.WindowInfoImpl;
2914:             5           1296  [Lcn.yiiguxing.plugin.translate.trans.Lang;
2915:            81           1296  [Lcom.intellij.psi.SmartPsiElementPointer;
2916:            54           1296  com.intellij.openapi.editor.impl.view.EditorPainter$LineWhitespacePaintingStrategy
2917:             3           1296  com.intellij.openapi.vcs.changes.ui.ChangesBrowserNodeRenderer
2918:            54           1296  com.intellij.patterns.XmlAttributeValuePattern$4
2919:            27           1296  com.intellij.psi.impl.java.stubs.impl.PsiLiteralStub
2920:            54           1296  com.intellij.psi.tree.jsp.el.IELElementType
2921:            27           1296  com.sun.jna.Function
2922:            18           1296  java.util.concurrent.ThreadPoolExecutor
2923:            81           1296  javax.swing.text.html.HTML$Attribute
2924:            27           1296  sun.java2d.loops.BlitBg
2925:            40           1288  [Lcom.intellij.thymeleaf.dialects.ThymeleafDialect;
2926:            23           1288  com.intellij.psi.impl.source.tree.java.ClassElement
2927:            23           1288  com.intellij.ui.treeStructure.Tree$1
2928:            23           1288  javax.swing.tree.VariableHeightLayoutCache
2929:            20           1280  [Lorg.apache.velocity.runtime.parser.Parser$JJCalls;
2930:            40           1280  com.intellij.lang.javascript.psi.ecma6.impl.TypeScriptTypeArgumentListImpl
2931:            32           1280  com.intellij.spring.boot.run.lifecycle.tabs.RequestMappingsTab$LiveRequestMethodActionGroup$1
2932:            20           1280  com.intellij.ui.HintHint
2933:            80           1280  com.intellij.util.ui.update.UiNotifyConnector$1
2934:            80           1280  com.theoryinpractice.testng.util.TestNGUtil$$Lambda$2503/1519538479
2935:            40           1280  javax.swing.text.Segment
2936:            32           1280  kotlin.reflect.jvm.internal.impl.serialization.ProtoBuf$EnumEntry
2937:            32           1280  org.apache.xerces.impl.dv.ValidatedInfo
2938:            40           1280  org.apache.xerces.impl.xs.XSAttributeUseImpl
2939:            40           1280  org.zeroturnaround.javarebel.reporting.stats.repository.impl.DayHolder
2940:            54           1272  [Lcom.intellij.openapi.vcs.AbstractVcs;
2941:            26           1272  [Lcom.sun.java.swing.plaf.windows.TMSchema$State;
2942:             3           1272  com.intellij.designer.propertyTable.PropertyTable$PropertyCellRenderer$1
2943:             3           1272  com.intellij.openapi.wm.impl.IdeRootPane
2944:             3           1272  com.intellij.openapi.wm.impl.ToolWindowsPane
2945:             3           1272  com.intellij.openapi.wm.impl.status.ProcessPopup$3
2946:            53           1272  java.util.regex.Pattern$Prolog
2947:            53           1264  [Lcom.intellij.psi.PsiParameter;
2948:            35           1264  [Lcom.intellij.util.descriptors.ConfigFileVersion;
2949:            41           1264  [Lorg.apache.xerces.impl.xs.traversers.OneAttr;
2950:            26           1248  com.intellij.codeInsight.lookup.LookupElementBuilder
2951:            39           1248  com.intellij.debugger.streams.lib.impl.FilterOperation
2952:             3           1248  com.intellij.designer.componentTree.ComponentTree$3
2953:             3           1248  com.intellij.designer.propertyTable.PropertyTable$PropertyCellRenderer$MyCellRenderer
2954:             3           1248  com.intellij.ide.projectView.impl.ProjectViewTree$1
2955:            26           1248  com.intellij.lang.LanguageExtension
2956:            39           1248  com.intellij.openapi.editor.actionSystem.EditorActionHandlerBean
2957:             3           1248  com.intellij.openapi.fileEditor.impl.EditorsSplitters
2958:            52           1248  com.intellij.openapi.wm.FocusWatcher
2959:             3           1248  com.intellij.openapi.wm.impl.content.ContentComboLabel
2960:            52           1248  com.intellij.play.language.PlayTokenType
2961:            78           1248  com.intellij.psi.codeStyle.PackageEntryTable
2962:            52           1248  com.intellij.thymeleaf.dialects.beans.ThymeleafAttributeProcessorBean
2963:            26           1248  com.intellij.ui.DeferredIconImpl$$Lambda$1371/1279769610
2964:             3           1248  com.intellij.uiDesigner.componentTree.ComponentTree$MyTreeCellRenderer
2965:             3           1248  com.intellij.uiDesigner.propertyInspector.PropertyInspectorTable$MyCompositeTableCellRenderer$1
2966:             3           1248  com.intellij.uiDesigner.propertyInspector.PropertyInspectorTable$MyCompositeTableCellRenderer$2
2967:            52           1248  com.sun.xml.internal.bind.v2.model.core.Adapter
2968:            13           1248  java.util.jar.JarFile$JarFileEntry
2969:            52           1248  javax.swing.plaf.basic.BasicPopupMenuUI
2970:            52           1248  javax.swing.plaf.basic.BasicPopupMenuUI$BasicMenuKeyListener
2971:            39           1248  javax.swing.undo.UndoManager
2972:            39           1248  sun.nio.fs.NativeBuffer
2973:            31           1240  com.intellij.ide.ui.AppearanceOptionsTopHitProvider$1
2974:            31           1240  com.intellij.psi.css.impl.CssDeclarationImpl
2975:            31           1240  org.intellij.plugins.intelliLang.references.InjectedReferencesContributor$1$1
2976:            77           1232  com.android.repository.impl.generated.v1.PatchesType
2977:            77           1232  com.intellij.openapi.util.KeyedExtensionCollector$1
2978:            22           1232  com.intellij.util.ui.ButtonlessScrollBarUI$10
2979:            22           1232  com.intellij.util.ui.ButtonlessScrollBarUI$11
2980:            22           1232  com.intellij.util.ui.ButtonlessScrollBarUI$12
2981:            77           1232  org.jetbrains.kotlin.psi.VisitorWrappersKt$callExpressionVisitor$1
2982:            17           1224  [Lcom.intellij.pom.PomDeclarationSearcher;
2983:            51           1224  com.intellij.codeInsight.daemon.impl.analysis.XmlPathReferenceInspection$1
2984:             3           1224  com.intellij.codeInsight.lookup.impl.LookupCellRenderer$MySimpleColoredComponent
2985:            51           1224  com.intellij.ide.util.treeView.PresentableNodeDescriptor$ColoredFragment
2986:            51           1224  com.intellij.lang.javascript.ecmascript6.TypeScriptAnnotatorCheckerProvider$2
2987:             3           1224  com.intellij.openapi.vcs.changes.PreviewDiffSplitterComponent
2988:             3           1224  com.intellij.openapi.wm.impl.content.BaseLabel
2989:             3           1224  com.intellij.openapi.wm.impl.status.IdeStatusBarImpl$IconPresentationWrapper
2990:             3           1224  com.intellij.openapi.wm.impl.status.InfoAndProgressPanel
2991:            51           1224  com.intellij.plugins.jboss.arquillian.configuration.container.ArquillianContainerBean$MavenDependency
2992:            51           1224  com.intellij.plugins.jboss.arquillian.configuration.container.ArquillianMavenCoordinates
2993:            76           1216  com.intellij.codeInsight.AnnotationUtil$$Lambda$3567/84961704
2994:            38           1216  com.intellij.lang.javascript.psi.ecma6.impl.JSReferenceListMemberImpl
2995:            38           1216  com.intellij.lang.javascript.psi.impl.JSNewExpressionImpl
2996:            38           1216  com.intellij.psi.impl.search.PsiSearchHelperImpl$$Lambda$3890/1354845171
2997:            38           1216  java.io.FileOutputStream
2998:            19           1216  java.util.jar.JarFile
2999:            38           1216  net.sf.cglib.proxy.MethodProxy
3000:            38           1216  net.sf.cglib.proxy.MethodProxy$CreateInfo
3001:            30           1200  [Lcom.intellij.codeInsight.daemon.ProblemHighlightFilter;
3002:            15           1200  com.intellij.application.options.editor.AutoImportOptionsProviderEP
3003:            50           1200  com.intellij.lang.javascript.inspections.JSUnusedAssignmentInspection$SimpleControlFlowProcessor$DefinedValuesInfo
3004:            30           1200  com.intellij.lang.javascript.modules.ImportES6ModuleFix
3005:            30           1200  com.intellij.openapi.wm.impl.ToolWindowManagerImpl$ToolWindowFocusWatcher
3006:             3           1200  com.intellij.openapi.wm.impl.status.ProcessPopup$1
3007:             3           1200  com.intellij.ui.JBSplitter
3008:            50           1200  com.intellij.ui.SimpleColoredText
3009:             3           1200  com.intellij.uiDesigner.propertyInspector.PropertyInspector$2
3010:             3           1200  com.intellij.uiDesigner.propertyInspector.properties.BindingProperty$1
3011:             3           1200  com.intellij.uiDesigner.propertyInspector.properties.ButtonGroupProperty$1
3012:             3           1200  com.intellij.uiDesigner.propertyInspector.properties.LayoutManagerProperty$1
3013:             3           1200  com.intellij.uiDesigner.propertyInspector.renderers.ClassToBindRenderer
3014:            50           1200  com.intellij.util.containers.MultiMap$7
3015:            75           1200  com.intellij.util.indexing.FileBasedIndexImpl$$Lambda$227/2074169498
3016:            30           1200  com.intellij.util.xml.impl.CollectionChildDescriptionImpl
3017:            75           1200  com.intellij.xml.XmlExtension$$Lambda$1643/1924746971
3018:            50           1200  com.jetbrains.quirksmode.BrowserSet
3019:            30           1200  java.time.temporal.ChronoField
3020:            30           1200  javax.swing.GrayFilter
3021:            30           1200  sun.security.x509.AuthorityKeyIdentifierExtension
3022:             4           1184  [Lcom.intellij.psi.codeStyle.CodeStyleSettingsCustomizable$SpacingOption;
3023:            38           1184  [Ljava.math.BigInteger;
3024:            37           1184  com.intellij.configurationStore.schemeManager.ExternalInfo
3025:            37           1184  com.intellij.openapi.editor.impl.FoldRegionsTree$CachedData
3026:            74           1184  com.intellij.openapi.wm.impl.ToolWindowHeader$ActionButton$$Lambda$745/885211773
3027:            37           1184  com.intellij.psi.impl.search.PsiSearchHelperImpl$$Lambda$3913/789060460
3028:            74           1184  com.intellij.spring.web.mvc.jam.SpringRequestMapping$$Lambda$4251/1116599761
3029:            37           1184  com.intellij.ui.tabs.impl.JBTabsImpl$5
3030:            37           1184  com.intellij.util.containers.hash.LinkedHashMap$EntrySet$1
3031:            74           1184  javax.swing.text.SimpleAttributeSet
3032:            49           1176  com.alibaba.p3c.idea.inspection.AliLocalInspectionToolProvider$RuleInfo
3033:             3           1176  com.intellij.designer.DesignerToolWindow$1
3034:             3           1176  com.intellij.ide.palette.impl.PaletteWindow
3035:            21           1176  com.intellij.lang.javascript.psi.stubs.impl.JSFileStubImpl
3036:            49           1176  com.intellij.lang.javascript.validation.fixes.CreateJSNamespaceIntentionAction
3037:            49           1176  com.intellij.patterns.CollectionPattern$3
3038:            49           1176  com.intellij.struts.inplace.reference.config.TilesReferenceProvider
3039:             3           1176  com.intellij.uiDesigner.propertyInspector.DesignerToolWindow$MyToolWindowPanel
3040:            49           1176  com.intellij.util.KeyedLazyInstanceEP$1
3041:            49           1176  com.intellij.util.ReflectionAssignabilityCache$1$1
3042:            21           1176  com.intellij.xdebugger.impl.breakpoints.BreakpointState
3043:            29           1160  com.intellij.jam.reflect.JamAnnotationAttributeMeta$Collection
3044:            29           1160  com.intellij.lang.javascript.psi.stubs.impl.TypeScriptTypeParameterDefaultStubImpl
3045:            29           1160  com.intellij.util.ui.EmptyIcon
3046:            72           1152  [Lcom.intellij.spring.web.mvc.jam.RequestMethod;
3047:            36           1152  com.intellij.codeInsight.editorActions.QuoteHandlerEP
3048:            48           1152  com.intellij.codeInspection.javaDoc.JavaDocLocalInspection$AddUnknownTagToCustoms
3049:            36           1152  com.intellij.coldFusion.model.psi.CfmlOperatorTokenType
3050:            36           1152  com.intellij.ide.TypeIconEP
3051:            72           1152  com.intellij.javascript.nodejs.interpreter.NodeJsInterpreterRef
3052:            36           1152  com.intellij.lang.javascript.index.JSTypeEvaluateManager$$Lambda$2506/450843813
3053:            36           1152  com.intellij.lang.javascript.psi.resolve.BaseJSSymbolProcessor$1
3054:            24           1152  com.intellij.openapi.editor.ex.util.LexerEditorHighlighter
3055:            48           1152  com.intellij.openapi.updateSettings.impl.PatchInfo
3056:            48           1152  com.intellij.openapi.util.TraceableDisposable
3057:             3           1152  com.intellij.openapi.wm.impl.status.IdeStatusBarImpl
3058:            48           1152  com.intellij.patterns.CaseInsensitiveValuePatternCondition
3059:            48           1152  com.intellij.patterns.PsiElementPattern$12
3060:            48           1152  com.intellij.patterns.PsiJavaPatterns$3
3061:            48           1152  com.intellij.patterns.VirtualFilePattern$3
3062:            18           1152  com.intellij.psi.impl.source.tree.java.PsiInstanceOfExpressionImpl
3063:            36           1152  com.intellij.psi.search.PsiSearchRequest
3064:            48           1152  com.intellij.spring.contexts.model.CachedLocalModel$$Lambda$2564/559520460
3065:            48           1152  com.intellij.spring.contexts.model.VisitedModelsDelegateProcessor
3066:             3           1152  com.intellij.ui.components.JBTabbedPane
3067:             3           1152  com.intellij.uiDesigner.propertyInspector.PropertyInspector
3068:            48           1152  com.intellij.util.containers.ConcurrentWeakKeySoftValueHashMap$HardKey
3069:            36           1152  com.intellij.util.lang.FileLoader
3070:            48           1152  com.intellij.util.messages.impl.Message
3071:            16           1152  com.intellij.util.ui.JBFont
3072:            12           1152  java.awt.event.MouseWheelEvent
3073:            48           1152  javax.swing.event.SwingPropertyChangeSupport
3074:            36           1152  org.jetbrains.idea.maven.model.MavenPlugin$Execution
3075:            36           1152  sun.awt.windows.WMouseDragGestureRecognizer
3076:            36           1152  sun.reflect.UnsafeQualifiedObjectFieldAccessorImpl
3077:            38           1144  [Lcom.intellij.ide.b.t;
3078:            53           1144  [Lcom.intellij.openapi.fileEditor.FileEditor;
3079:            71           1136  com.intellij.refactoring.actions.BaseRefactoringAction$$Lambda$194/1335712498
3080:            71           1136  com.intellij.util.HiDPIScaledGraphics
3081:            71           1136  com.intellij.util.containers.MostlySingularMultiMap
3082:             3           1128  com.intellij.designer.palette.PalettePanel
3083:             3           1128  com.intellij.designer.propertyTable.PropertyTablePanel
3084:             3           1128  com.intellij.diff.impl.DiffRequestProcessor$MyPanel
3085:             3           1128  com.intellij.diff.impl.DiffRequestProcessor$MyProgressBar
3086:            47           1128  com.intellij.jam.reflect.JamStringAttributeMeta$Collection
3087:             3           1128  com.intellij.openapi.wm.impl.status.StatusPanel$1
3088:             3           1128  com.intellij.util.ui.RefreshFileSystemIcon
3089:            47           1128  sun.font.FontDesignMetrics$MetricsKey
3090:            47           1120  [Ljavax.management.ObjectName$Property;
3091:            35           1120  com.intellij.codeInsight.template.impl.TemplateGroup
3092:            35           1120  com.intellij.ide.actions.ShowContentAction
3093:            20           1120  com.intellij.lang.java.lexer._JavaLexer
3094:            20           1120  com.intellij.lang.javascript.flex.run.FlashRunnerParameters$Emulator
3095:            70           1120  com.intellij.lang.javascript.psi.ExpectedTypeEvaluator$$Lambda$2793/1037363632
3096:            28           1120  com.intellij.openapi.editor.impl.InlayModelImpl
3097:            28           1120  com.intellij.openapi.editor.impl.view.LogicalPositionCache
3098:            28           1120  com.intellij.openapi.editor.impl.view.TextLayoutCache
3099:            70           1120  com.intellij.psi.impl.ElementPresentationUtil$$Lambda$1656/501797509
3100:            70           1120  com.intellij.spring.factories.resolvers.SingleObjectTypeResolver
3101:            20           1120  com.intellij.ui.components.JBList$1
3102:            20           1120  com.intellij.ui.tabs.impl.JBTabsImpl$AccessibleTabPage
3103:            28           1120  java.io.ObjectStreamClass$FieldReflector
3104:            14           1120  net.sourceforge.pmd.lang.java.ast.ASTCatchStatement
3105:            14           1120  net.sourceforge.pmd.lang.java.ast.ASTLambdaExpression
3106:            14           1120  net.sourceforge.pmd.lang.java.ast.ASTTryStatement
3107:            28           1120  org.apache.xerces.util.XMLAttributesImpl$Attribute
3108:            10           1120  sun.nio.ch.SocketChannelImpl
3109:             2           1112  [Lcom.intellij.openapi.vfs.impl.ArchiveHandler$EntryInfo;
3110:            41           1112  [Lcom.siyeh.ig.callMatcher.CallMatcher;
3111:            46           1104  [Ljava.lang.Iterable;
3112:            23           1104  com.intellij.codeInsight.navigation.NavigationGutterIconBuilder$MyNavigationGutterIconRenderer
3113:            46           1104  com.intellij.openapi.actionSystem.MouseShortcut
3114:             3           1104  com.intellij.openapi.wm.impl.IdePanePanel
3115:             3           1104  com.intellij.openapi.wm.impl.ToolWindowsPane$MyLayeredPane
3116:             3           1104  com.intellij.openapi.wm.impl.status.StatusPanel
3117:            69           1104  com.intellij.psi.impl.source.ClassInnerStuffCache$$Lambda$2491/445866233
3118:            23           1104  com.intellij.ui.TreeExpandableItemsHandler
3119:             6           1104  com.intellij.ui.popup.AbstractPopup
3120:            46           1104  com.intellij.util.containers.JBTreeTraverser
3121:            46           1104  de.plushnikov.intellij.plugin.provider.LombokAugmentProvider$FieldLombokCachedValueProvider
3122:            23           1104  java.util.TreeMap$AscendingSubMap
3123:            69           1104  java.util.concurrent.ConcurrentHashMap$ValuesView
3124:            23           1104  javax.swing.plaf.basic.BasicTreeUI$Handler
3125:            23           1104  org.apache.velocity.runtime.parser.Token
3126:             3           1104  org.jetbrains.idea.maven.navigator.MavenProjectsNavigatorPanel
3127:            34           1088  com.intellij.lang.javascript.flex.flexunit.inspections.FlexUnitSuiteInspectionBase$1
3128:            17           1088  com.intellij.lang.javascript.psi.impl.JSSwitchStatementImpl
3129:            34           1088  com.intellij.lang.javascript.psi.resolve.JSContextResolver
3130:            34           1088  com.intellij.openapi.editor.CaretState
3131:            34           1088  com.intellij.openapi.wm.impl.InternalDecorator$RemoveStripeButtonAction
3132:            34           1088  com.intellij.openapi.wm.impl.InternalDecorator$ToggleContentUiTypeAction
3133:            34           1088  com.intellij.openapi.wm.impl.InternalDecorator$ToggleDockModeAction
3134:            34           1088  com.intellij.openapi.wm.impl.InternalDecorator$ToggleFloatingModeAction
3135:            34           1088  com.intellij.openapi.wm.impl.InternalDecorator$TogglePinnedModeAction
3136:            34           1088  com.intellij.openapi.wm.impl.InternalDecorator$ToggleSideModeAction
3137:            34           1088  com.intellij.openapi.wm.impl.InternalDecorator$ToggleWindowedModeAction
3138:            34           1088  com.intellij.openapi.wm.impl.ToolWindowHeader$2
3139:            34           1088  com.intellij.openapi.wm.impl.ToolWindowHeader$4
3140:            34           1088  com.intellij.openapi.wm.impl.ToolWindowHeader$5
3141:            34           1088  com.intellij.openapi.wm.impl.content.TabContentLayout$1
3142:            34           1088  com.intellij.openapi.wm.impl.content.TabContentLayout$2
3143:            17           1088  com.intellij.psi.impl.source.tree.java.PsiCatchSectionImpl
3144:            17           1088  com.intellij.psi.impl.source.tree.java.PsiTryStatementImpl
3145:            68           1088  com.intellij.spellchecker.tokenizer.PsiIdentifierOwnerTokenizer
3146:            34           1088  com.intellij.ui.content.tabs.TabbedContentAction$CloseAllAction
3147:            34           1088  com.intellij.ui.content.tabs.TabbedContentAction$MyNextTabAction
3148:            34           1088  com.intellij.ui.content.tabs.TabbedContentAction$MyPreviousTabAction
3149:            68           1088  com.intellij.util.containers.JBIterable$Single
3150:            34           1088  com.siyeh.ig.testFrameworks.SimplifiableAssertionInspection$SimplifiableJUnitAssertionVisitor
3151:            68           1088  javax.accessibility.AccessibleRelationSet
3152:            34           1088  org.jetbrains.kotlin.protobuf.GeneratedMessageLite$ExtensionDescriptor
3153:            68           1088  org.jetbrains.kotlin.psi.VisitorWrappersKt$binaryExpressionVisitor$1
3154:            68           1088  org.jetbrains.kotlin.psi.VisitorWrappersKt$expressionVisitor$1
3155:            45           1080  com.intellij.codeInsight.intention.impl.IntentionHintComponent$EditIntentionSettingsAction
3156:            45           1080  com.intellij.codeInsight.intention.impl.IntentionHintComponent$EnableDisableIntentionAction
3157:            15           1080  com.intellij.codeInsight.intention.impl.IntentionHintComponent$MyComponentHint
3158:             3           1080  com.intellij.openapi.ui.ComponentWithBrowseButton
3159:            45           1080  com.intellij.psi.tree.IFileElementType
3160:            45           1080  com.intellij.util.xml.EvaluatedXmlNameImpl
3161:            27           1080  java.awt.event.ContainerEvent
3162:            27           1080  org.jetbrains.idea.maven.model.MavenPlugin
3163:            45           1080  org.zeroturnaround.bundled.org.bouncycastle.asn1.ASN1ObjectIdentifier$OidHandle
3164:            67           1072  com.intellij.openapi.roots.impl.LibraryOrderEntryImpl$MyOrderEntryLibraryTableListener
3165:            19           1064  com.intellij.lang.java.lexer._JavaDocLexer
3166:            19           1064  sun.java2d.loops.GraphicsPrimitiveProxy
3167:             2           1056  [Ljava.lang.Long;
3168:             2           1056  [Ljava.lang.Short;
3169:            33           1056  com.intellij.codeInsight.intention.impl.IntentionHintComponent$4
3170:             3           1056  com.intellij.ide.projectView.impl.ProjectViewImpl$MyPanel
3171:            22           1056  com.intellij.jam.reflect.JamMemberMeta
3172:            22           1056  com.intellij.lang.javascript.buildTools.npm.rc.NpmRunSettings
3173:            33           1056  com.intellij.lang.javascript.modules.ModuleFixCreator
3174:            44           1056  com.intellij.lang.javascript.psi.resolve.JSTypeEvaluator$$Lambda$2775/779308153
3175:            33           1056  com.intellij.openapi.actionSystem.EmptyAction$MyDelegatingAction
3176:            66           1056  com.intellij.openapi.actionSystem.impl.ActionButton$$Lambda$713/1077549291
3177:            44           1056  com.intellij.openapi.actionSystem.impl.ActionToolbarImpl$1ToolbarClicksCollectorListener
3178:            22           1056  com.intellij.openapi.externalSystem.model.execution.ExternalSystemTaskExecutionSettings
3179:            22           1056  com.intellij.openapi.fileEditor.impl.text.AsyncEditorLoader
3180:            22           1056  com.intellij.openapi.fileEditor.impl.text.PsiAwareTextEditorImpl
3181:             3           1056  com.intellij.openapi.wm.impl.status.PresentationModeProgressPanel$1
3182:             3           1056  com.intellij.openapi.wm.impl.status.ProcessPopup$ActiveContent
3183:            33           1056  com.intellij.psi.css.impl.CssRulesetListImpl
3184:            33           1056  com.intellij.psi.css.impl.CssStubStylesheet
3185:            33           1056  com.intellij.psi.css.resolve.CssSelectorSelfReference
3186:            66           1056  com.intellij.psi.impl.source.ClassInnerStuffCache$$Lambda$2763/1600530107
3187:            44           1056  com.intellij.spring.model.jam.stereotype.SpringService
3188:             3           1056  com.intellij.ui.components.JBLayeredPane
3189:            33           1056  java.awt.GridLayout
3190:            66           1056  java.util.TreeMap$EntrySet
3191:            44           1056  java.util.function.BiConsumer$$Lambda$1101/2071318276
3192:            66           1056  javax.swing.text.html.CSS$CssValue
3193:            66           1056  javax.swing.text.html.CSS$CssValueMapper
3194:            44           1056  kotlin.reflect.jvm.internal.KClassImpl$Data$allMembers$2
3195:            44           1056  kotlin.reflect.jvm.internal.KClassImpl$Data$allNonStaticMembers$2
3196:            44           1056  kotlin.reflect.jvm.internal.KClassImpl$Data$allStaticMembers$2
3197:            44           1056  kotlin.reflect.jvm.internal.KClassImpl$Data$annotations$2
3198:            44           1056  kotlin.reflect.jvm.internal.KClassImpl$Data$constructors$2
3199:            44           1056  kotlin.reflect.jvm.internal.KClassImpl$Data$declaredMembers$2
3200:            44           1056  kotlin.reflect.jvm.internal.KClassImpl$Data$declaredNonStaticMembers$2
3201:            44           1056  kotlin.reflect.jvm.internal.KClassImpl$Data$declaredStaticMembers$2
3202:            44           1056  kotlin.reflect.jvm.internal.KClassImpl$Data$descriptor$2
3203:            44           1056  kotlin.reflect.jvm.internal.KClassImpl$Data$inheritedNonStaticMembers$2
3204:            44           1056  kotlin.reflect.jvm.internal.KClassImpl$Data$inheritedStaticMembers$2
3205:            44           1056  kotlin.reflect.jvm.internal.KClassImpl$Data$nestedClasses$2
3206:            44           1056  kotlin.reflect.jvm.internal.KClassImpl$Data$objectInstance$2
3207:            44           1056  kotlin.reflect.jvm.internal.KClassImpl$Data$qualifiedName$2
3208:            44           1056  kotlin.reflect.jvm.internal.KClassImpl$Data$simpleName$2
3209:            44           1056  kotlin.reflect.jvm.internal.KClassImpl$Data$supertypes$2
3210:            44           1056  kotlin.reflect.jvm.internal.KClassImpl$Data$typeParameters$2
3211:            44           1056  kotlin.reflect.jvm.internal.KDeclarationContainerImpl$Data$moduleData$2
3212:            66           1056  org.jaxen.expr.DefaultPredicate
3213:            44           1056  org.jetbrains.kotlin.psi.stubs.elements.KtStubElementType$$Lambda$295/1408662709
3214:            44           1056  org.jetbrains.kotlin.storage.LockBasedStorageManager$MapBasedMemoizedFunction
3215:             1           1040  [Lcom.intellij.ui.Gray;
3216:             1           1040  [Ljava.lang.Character$UnicodeBlock;
3217:            29           1040  [Ljavax.swing.text.html.CSS$Attribute;
3218:             1           1040  [Lsun.text.normalizer.UnicodeSet;
3219:            65           1040  com.intellij.openapi.wm.impl.content.BaseLabel$1
3220:            26           1040  com.intellij.ui.DeferredIconImpl$$Lambda$1366/1352309418
3221:            65           1040  com.sun.proxy.$Proxy24
3222:            26           1040  java.awt.SystemColor
3223:            13           1040  javax.swing.plaf.basic.BasicMenuItemUI
3224:            10           1040  net.miginfocom.layout.Grid
3225:             3           1032  com.intellij.designer.palette.PaletteContainer
3226:            43           1032  com.intellij.find.impl.FindResultImpl
3227:            43           1032  com.intellij.lang.javascript.psi.stubs.impl.JSFileCachedData
3228:             3           1032  com.intellij.ui.components.JBBox
3229:             3           1032  com.intellij.ui.components.panels.VerticalBox
3230:            43           1032  com.intellij.ui.tabs.impl.DarculaEditorTabsPainter
3231:            43           1032  com.intellij.ui.tabs.impl.DefaultEditorTabsPainter
3232:            43           1032  com.intellij.ui.tabs.impl.JBTabsImpl$TabActionsAutoHideListener
3233:            43           1032  com.intellij.ui.tabs.impl.singleRow.SingleRowLayout$1
3234:            43           1032  com.intellij.ui.tabs.impl.singleRow.SingleRowLayoutStrategy$Bottom
3235:            43           1032  com.intellij.ui.tabs.impl.singleRow.SingleRowLayoutStrategy$Left
3236:            43           1032  com.intellij.ui.tabs.impl.singleRow.SingleRowLayoutStrategy$Right
3237:            43           1032  com.intellij.ui.tabs.impl.singleRow.SingleRowLayoutStrategy$Top
3238:            43           1032  com.intellij.ui.tabs.impl.table.TableLayout
3239:            43           1032  com.intellij.util.lang.JarLoader$MyResource
3240:            64           1024  com.intellij.openapi.editor.FoldingGroup
3241:            16           1024  com.intellij.spring.boot.model.autoconfigure.conditions.jam.ConditionalOnProperty$$EnhancerByJetBrainsMainCglib$$1181ebcd
3242:            64           1024  com.intellij.util.Alarm$Request$1
3243:            32           1024  com.intellij.util.containers.IntObjectLinkedMap
3244:            64           1024  com.sun.proxy.$Proxy9
3245:            32           1024  java.awt.geom.Path2D$Float
3246:            32           1024  org.jetbrains.kotlin.lexer.KtModifierKeywordToken
3247:            64           1024  sun.java2d.loops.GraphicsPrimitiveMgr$PrimitiveSpec
3248:            39           1008  [Lcom.intellij.lang.javascript.psi.JSFunction;
3249:             7           1008  [Lcom.intellij.psi.codeStyle.CodeStyleSettingsProvider;
3250:            39           1008  [Ljavax.management.MBeanOperationInfo;
3251:            18           1008  com.intellij.execution.process.BaseOSProcessHandler$SimpleOutputReader
3252:            42           1008  com.intellij.jpa.model.annotations.mapping.JpaJamContributor$2
3253:            21           1008  com.intellij.lang.javascript.buildTools.npm.rc.NpmRunSettings$Builder
3254:            42           1008  com.intellij.lang.typescript.psi.TypeScriptPsiUtil$1
3255:            42           1008  com.intellij.psi.filters.ClassFilter
3256:            18           1008  com.intellij.psi.impl.source.tree.java.ImportListElement
3257:            42           1008  com.intellij.util.xml.converters.values.NumberValueConverter
3258:            42           1008  com.intellij.ws.http.request.psi.HttpRequestTokenType
3259:             7           1008  io.netty.buffer.PoolArena$DirectArena
3260:             7           1008  io.netty.buffer.PoolArena$HeapArena
3261:            42           1008  java.lang.CharSequence$1CodePointIterator
3262:            42           1008  java.util.stream.IntPipeline$4$1
3263:            18           1008  org.apache.xerces.impl.xs.XSDDescription
3264:            14           1008  org.intellij.lang.regexp.RegExpFile
3265:             9           1008  org.jetbrains.idea.maven.navigator.MavenProjectsStructure$PluginNode
3266:            25           1000  [Lcom.intellij.ide.navigationToolbar.NavBarModelExtension;
3267:            25           1000  com.intellij.openapi.module.impl.scopes.ModuleWithDependenciesScope
3268:            25           1000  com.intellij.psi.stubs.SerializedStubTree
3269:            25           1000  java.util.stream.SliceOps$1$1
3270:            25           1000  org.apache.xerces.impl.xpath.regex.RangeToken
3271:            25           1000  sun.security.ssl.SupportedEllipticCurvesExtension$NamedEllipticCurve
3272:            31            992  com.intellij.ui.paint.EffectPainter$Cached$$Lambda$3361/868394024
3273:            31            992  com.intellij.util.containers.WeakKeyIntValueHashMap$MyReference
3274:            31            992  com.intellij.xml.breadcrumbs.PsiCrumb
3275:            31            992  com.jetbrains.ls.a.s
3276:            31            992  java.util.RandomAccessSubList
3277:            31            992  java.util.UUID
3278:            41            984  com.intellij.openapi.vcs.changes.ChangeListsIndexes$Data
3279:            41            984  sun.font.FontLineMetrics
3280:            41            984  sun.nio.fs.WindowsPathParser$Result
3281:            35            976  [Lcom.intellij.openapi.util.Segment;
3282:             1            976  [Lcom.jediterm.terminal.TerminalColor;
3283:             2            976  com.intellij.execution.actions.RunConfigurationsComboBoxAction$1
3284:             2            976  com.intellij.tasks.actions.SwitchTaskAction$1
3285:            11            968  com.intellij.psi.formatter.xml.HtmlCodeStyleSettings
3286:            11            968  org.jetbrains.plugins.groovy.codeStyle.GroovyCodeStyleSettings
3287:            40            960  [Lcom.intellij.codeInspection.lang.InspectionExtensionsFactory;
3288:            40            960  [Lcom.intellij.openapi.roots.SourceFolder;
3289:            24            960  com.android.sdklib.repository.generated.addon.v1.AddonDetailsType
3290:            12            960  com.google.common.cache.LocalCache$Segment
3291:            12            960  com.intellij.codeInsight.daemon.impl.DaemonProgressIndicator
3292:            24            960  com.intellij.execution.ui.layout.impl.ViewImpl
3293:             2            960  com.intellij.ide.IdeTooltipManager$5
3294:            20            960  com.intellij.ide.RecentProjectsManagerBase$RecentProjectMetaInfo
3295:            30            960  com.intellij.ide.actions.ActivateToolWindowAction
3296:            40            960  com.intellij.lang.javascript.psi.JSTypeUtils$$Lambda$2608/1585568041
3297:            40            960  com.intellij.lang.javascript.psi.resolve.WalkUpResolveProcessor$JSResolveTypeProcessor$$Lambda$2630/1026180896
3298:            20            960  com.intellij.lang.javascript.psi.stubs.impl.JSLiteralExpressionStubImpl
3299:            20            960  com.intellij.lexer._HtmlLexer
3300:            24            960  com.intellij.openapi.editor.impl.CaretImpl$PositionMarker
3301:            10            960  com.intellij.openapi.editor.richcopy.view.HtmlTransferableData
3302:            40            960  com.intellij.openapi.util.objectTree.ObjectNode$1
3303:            20            960  com.intellij.openapi.wm.ToolWindowEP
3304:            24            960  com.intellij.psi.AbstractFileViewProvider$PsiFileContent
3305:            40            960  com.intellij.psi.impl.source.resolve.reference.impl.providers.CustomizingReferenceProvider
3306:            60            960  com.intellij.psi.search.FileNameIndexServiceImpl$$Lambda$1780/1550357351
3307:            40            960  com.intellij.psi.tree.IElementType
3308:            60            960  com.sun.proxy.$Proxy50
3309:            30            960  com.zeroturnaround.javarebel.idea.plugin.ui.RebelImage
3310:            30            960  java.security.Provider$EngineDescription
3311:            40            960  java.util.Collections$SynchronizedRandomAccessList
3312:            24            960  javax.management.ObjectName
3313:            40            960  kotlin.text.Regex
3314:            30            960  net.miginfocom.layout.Grid$Cell
3315:            12            960  net.sourceforge.pmd.lang.java.ast.ASTWhileStatement
3316:            40            960  org.intellij.lang.xpath.XPathElementType
3317:            60            960  org.jetbrains.kotlin.psi.VisitorWrappersKt$declarationVisitor$1
3318:            24            960  org.jetbrains.kotlin.psi.stubs.elements.KtPlaceHolderStubElementType
3319:            40            960  org.jetbrains.plugins.javaFX.fxml.refs.JavaFxLocationReferenceProvider
3320:            40            960  org.jetbrains.uast.java.JavaAbstractUElement$uastParent$2
3321:            30            960  sun.java2d.loops.RenderCache$Entry
3322:            24            960  sun.java2d.pipe.GeneralCompositePipe$TileContext
3323:            40            960  sun.nio.ch.NativeThreadSet
3324:            20            960  sun.util.locale.provider.LocaleResources$ResourceReference
3325:            17            952  com.intellij.psi.impl.source.tree.java.PsiPackageStatementImpl
3326:            17            952  java.awt.image.PixelInterleavedSampleModel
3327:            47            944  [Lcom.intellij.openapi.util.objectTree.ObjectNode;
3328:            59            944  com.intellij.codeInspection.ex.InspectionToolRegistrar$$Lambda$649/1036955773
3329:             2            944  com.intellij.ui.NonFocusableCheckBox
3330:            59            944  java.util.regex.Pattern$All
3331:            39            936  com.intellij.framework.detection.FileContentPattern
3332:            39            936  com.intellij.ide.ui.laf.intellij.WinIntelliJComboBoxUI$3
3333:            39            936  com.intellij.ide.ui.laf.intellij.WinIntelliJComboBoxUI$4
3334:            39            936  com.intellij.ide.ui.laf.intellij.WinIntelliJComboBoxUI$5$2
3335:            39            936  com.intellij.patterns.DomElementPattern$Capture
3336:            13            936  com.intellij.spring.model.jam.stereotype.SpringContextImport$$EnhancerByJetBrainsMainCglib$$6748da7f
3337:            39            936  com.intellij.util.indexing.FileBasedIndexImpl$$Lambda$1767/985761083
3338:            39            936  java.io.ObjectStreamClass$ClassDataSlot
3339:            39            936  java.util.regex.Pattern$Bound
3340:            39            936  javax.swing.AncestorNotifier
3341:            39            936  javax.swing.plaf.basic.BasicComboBoxUI$DefaultKeySelectionManager
3342:            13            936  org.intellij.plugins.intelliLang.inject.config.XmlTagInjection
3343:            38            928  [Lcom.intellij.codeInsight.daemon.impl.analysis.FileHighlightingSetting;
3344:            28            928  [Lcom.intellij.psi.impl.source.resolve.reference.ProviderBinding;
3345:            58            928  com.android.repository.impl.generated.generic.v1.GenericDetailsType
3346:            29            928  com.android.resources.ResourceType
3347:            29            928  com.google.common.collect.RegularImmutableSet
3348:            29            928  com.intellij.debugger.streams.lib.impl.MappingOperation
3349:            58            928  com.intellij.lang.javascript.validation.fixes.CreateJSParameterIntentionAction
3350:            29            928  com.intellij.openapi.util.ActionCallback
3351:            29            928  com.intellij.psi.css.impl.CssIdSelectorImpl
3352:            58            928  com.intellij.psi.impl.PsiSuperMethodImplUtil$$Lambda$3571/827200232
3353:            29            928  com.intellij.psi.impl.source.resolve.reference.impl.providers.FileReference
3354:            29            928  com.intellij.util.containers.ConcurrentWeakKeySoftValueHashMap
3355:             2            928  javax.swing.JToggleButton
3356:            38            920  [Lcom.intellij.psi.search.ScopeOptimizer;
3357:            23            920  com.google.common.collect.RegularImmutableMap
3358:             5            920  com.intellij.ide.ui.laf.darcula.ui.DarculaTabbedPaneUI
3359:            19            912  com.google.gson.internal.bind.ReflectiveTypeAdapterFactory$1
3360:            57            912  com.intellij.codeInsight.controlflow.impl.ControlFlowImpl
3361:            19            912  com.intellij.lang.java.lexer.JavaDocLexer$AsteriskStripperLexer
3362:            19            912  com.intellij.lexer.JavaHighlightingLexer
3363:            19            912  com.intellij.lexer.LayeredLexer
3364:            38            912  com.intellij.openapi.actionSystem.Constraints
3365:            38            912  com.intellij.openapi.editor.impl.CaretImpl$VerticalInfo
3366:            19            912  com.intellij.openapi.wm.impl.Stripe$LayoutData
3367:            38            912  com.intellij.psi.impl.search.PsiSearchHelperImpl$$Lambda$3891/704044475
3368:            19            912  com.intellij.ui.ListExpandableItemsHandler
3369:            38            912  com.intellij.util.indexing.FileBasedIndexImpl$$Lambda$3892/1494068443
3370:            38            912  java.net.InetSocketAddress$InetSocketAddressHolder
3371:            38            912  org.editorconfig.plugincomponents.SettingsProviderComponent$$Lambda$1016/1213682700
3372:            57            912  org.jaxen.expr.iter.IterableAttributeAxis
3373:            38            912  sun.util.logging.PlatformLogger
3374:            38            912  sun.util.logging.PlatformLogger$JavaLoggerProxy
3375:            38            904  [Lcom.intellij.jam.reflect.JamMemberMeta;
3376:            38            904  [Ljava.net.URL;
3377:            16            896  com.intellij.ide.ui.laf.intellij.WinIntelliJRadioButtonUI
3378:            28            896  com.intellij.openapi.editor.impl.DefaultEditorTextRepresentationHelper
3379:            28            896  com.intellij.openapi.editor.impl.EditorImpl$CaretCursor
3380:            56            896  com.intellij.openapi.editor.impl.EditorImpl$OpaqueAwareScrollBar$$Lambda$992/870234969
3381:            28            896  com.intellij.openapi.editor.impl.EditorSizeAdjustmentStrategy
3382:            28            896  com.intellij.openapi.editor.impl.softwrap.mapping.SoftWrapApplianceManager$FontTypesStorage
3383:            28            896  com.intellij.openapi.editor.impl.softwrap.mapping.SoftWrapApplianceManager$LogicalLineData
3384:            28            896  com.intellij.openapi.editor.impl.view.EditorPainter
3385:            28            896  com.intellij.openapi.wm.impl.content.ContentTabLabel$1
3386:            28            896  com.intellij.openapi.wm.impl.content.ContentTabLabel$2
3387:            14            896  com.intellij.psi.codeStyle.FixingLayoutMatcher
3388:            16            896  com.intellij.psi.impl.source.tree.java.PsiSwitchLabelStatementImpl
3389:            14            896  com.intellij.spring.boot.model.autoconfigure.conditions.jam.Conditional$$EnhancerByJetBrainsMainCglib$$d0254219
3390:            28            896  io.netty.channel.ChannelOption
3391:            28            896  java.io.DataOutputStream
3392:            28            896  net.miginfocom.layout.BoundSize
3393:            16            896  org.apache.xerces.impl.xpath.regex.RegularExpression$Context
3394:            16            896  org.jetbrains.idea.maven.utils.MavenMergingUpdateQueue
3395:            14            896  sun.nio.fs.WindowsFileAttributes
3396:            56            896  sun.reflect.generics.tree.TypeVariableSignature
3397:            37            888  [Lcom.intellij.codeInsight.ContainerProvider;
3398:            33            888  [Lcom.intellij.psi.xml.XmlText;
3399:            37            888  com.intellij.framework.library.impl.DownloadableLibraryServiceImpl$1
3400:            37            888  com.intellij.lang.javascript.dialects.JSLanguageFeature
3401:            37            888  java.util.stream.ReduceOps$2
3402:            37            888  java.util.stream.ReduceOps$2ReducingSink
3403:            37            888  org.intellij.plugins.relaxNG.compact.RncParserDefinition$MyRncElement
3404:            37            888  org.jdom.Namespace
3405:            37            888  org.jdom.NamespaceKey
3406:            37            888  org.jetbrains.plugins.haml.psi.HAMLElementType
3407:            10            880  com.intellij.execution.junit.JUnitConfiguration$Data
3408:            22            880  com.intellij.openapi.fileEditor.impl.EditorTabbedContainer$CloseTab
3409:            11            880  com.intellij.ui.tabs.impl.DragHelper
3410:            22            880  com.intellij.util.ui.ButtonlessScrollBarUI$9
3411:            22            880  com.intellij.util.xmlb.ArrayBinding
3412:            10            880  com.jetbrains.plugins.webDeployment.config.PublishConfig$State
3413:            10            880  com.theoryinpractice.testng.model.TestData
3414:            10            880  net.miginfocom.swing.MigLayout
3415:            10            880  net.sourceforge.pmd.lang.java.ast.ASTClassOrInterfaceDeclaration
3416:            10            880  net.sourceforge.pmd.lang.java.ast.ASTCompilationUnit
3417:            10            880  net.sourceforge.pmd.lang.java.ast.JavaParser
3418:            10            880  net.sourceforge.pmd.lang.java.ast.JavaParserTokenManager
3419:            22            880  org.jetbrains.idea.maven.plugins.api.MavenPluginDescriptor
3420:            16            872  [Ljava.awt.Color;
3421:            18            864  [Lcom.intellij.xml.XmlAttributeDescriptorsProvider;
3422:            36            864  com.intellij.codeInsight.editorActions.QuoteHandlerEP$1
3423:            36            864  com.intellij.compiler.CompilerConfigurationImpl$CompiledPattern
3424:            36            864  com.intellij.diagram.DiagramCategory
3425:            36            864  com.intellij.ide.TypeIconEP$1
3426:            27            864  com.intellij.javaee.run.configuration.J2EEConfigurationFactoryImpl$MyConfigurationFactory
3427:            18            864  com.intellij.lang.javascript.buildTools.grunt.rc.GruntRunSettings
3428:            18            864  com.intellij.lang.javascript.buildTools.gulp.rc.GulpRunSettings
3429:            36            864  com.intellij.lang.javascript.index.JSTypeEvaluateManager$2
3430:            54            864  com.intellij.lang.javascript.psi.resolve.AccessibilityProcessingHandler$1
3431:            27            864  com.intellij.lang.javascript.psi.resolve.JSIndexBasedResolveUtil$JSSymbolCollector
3432:            27            864  com.intellij.lang.javascript.psi.resolve.JSTypeInfo
3433:            18            864  com.intellij.openapi.vcs.impl.VcsEP
3434:            36            864  com.intellij.openapi.wm.impl.InternalDecorator$InnerPanelBorder
3435:            27            864  com.intellij.psi.impl.compiled.ClsMethodImpl$2
3436:            36            864  com.intellij.psi.impl.meta.MetaRegistry$MyBinding
3437:            36            864  com.intellij.psi.impl.search.PsiSearchHelperImpl$2
3438:            36            864  com.intellij.psi.impl.search.PsiSearchHelperImpl$3
3439:            36            864  com.intellij.psi.impl.search.PsiSearchHelperImpl$RequestWithProcessor
3440:            54            864  com.intellij.ui.AbstractExpandableItemsHandler$2
3441:            54            864  com.intellij.ui.AbstractExpandableItemsHandler$3
3442:            54            864  com.intellij.ui.AbstractExpandableItemsHandler$4
3443:            54            864  com.intellij.ui.AbstractExpandableItemsHandler$5
3444:            54            864  com.intellij.ui.AbstractExpandableItemsHandler$6
3445:            54            864  com.intellij.ui.AbstractExpandableItemsHandler$7
3446:            54            864  com.intellij.ui.popup.MovablePopup$$Lambda$490/1167516396
3447:            36            864  git4idea.commands.GitCommand
3448:            36            864  java.util.stream.ReferencePipeline$11$1
3449:            36            864  org.apache.xerces.impl.xpath.regex.Token$UnionToken
3450:            36            864  org.apache.xerces.impl.xs.traversers.SmallContainer
3451:            27            864  org.apache.xerces.util.XMLResourceIdentifierImpl
3452:            36            864  org.apache.xerces.util.XMLStringBuffer
3453:            18            864  org.apache.xerces.xni.parser.XMLConfigurationException
3454:            12            864  org.jetbrains.kotlin.idea.core.formatter.KotlinCodeStyleSettings
3455:            36            864  sun.awt.SunHints$Value
3456:            27            856  [Ljava.time.format.DateTimeFormatterBuilder$DateTimePrinterParser;
3457:             2            848  com.intellij.ide.actions.SearchEverywhereAction$2
3458:            53            848  com.intellij.javaee.ejb.EjbUtil$$Lambda$4160/1483125718
3459:            53            848  com.intellij.openapi.util.text.StringUtil$3
3460:            53            848  com.intellij.psi.css.CssMinifiedFileChecker$$Lambda$3534/1361801354
3461:            53            848  com.intellij.psi.css.impl.CssSimpleSelectorImpl$$Lambda$2734/1431053922
3462:            53            848  com.siyeh.ig.callMatcher.CallMapper$$Lambda$2456/389016220
3463:            53            848  org.jaxen.expr.DefaultLiteralExpr
3464:            15            840  com.intellij.codeInsight.daemon.impl.ProgressableTextEditorHighlightingPass$EmptyPass
3465:            15            840  com.intellij.codeInsight.intention.impl.IntentionHintComponent
3466:            15            840  com.intellij.codeInsight.intention.impl.IntentionListStep
3467:            35            840  com.intellij.lang.javascript.psi.resolve.JSGenericTypesEvaluator$$Lambda$2814/466129588
3468:            35            840  com.intellij.openapi.progress.impl.CoreProgressManager$$Lambda$122/67481005
3469:            35            840  com.intellij.openapi.util.AtomicNotNullLazyValue$1
3470:            35            840  com.intellij.openapi.util.MutualMap
3471:            35            840  com.intellij.patterns.PsiClassPattern$7
3472:            21            840  com.intellij.ui.popup.AbstractPopup$1
3473:            35            840  javax.management.ObjectName$Property
3474:            15            840  javax.management.openmbean.ArrayType
3475:            35            840  org.jetbrains.plugins.scss.SCSSTokenType
3476:            35            840  org.slf4j.impl.Log4jLoggerAdapter
3477:            21            840  sun.awt.image.ByteArrayImageSource
3478:            35            832  [Lcom.intellij.lang.javascript.psi.ecma6.TypeScriptType;
3479:            12            832  [Lio.netty.buffer.PoolThreadCache$MemoryRegionCache;
3480:            13            832  com.intellij.openapi.ui.JBPopupMenu$MyLayout
3481:            52            832  com.intellij.openapi.ui.OnePixelDivider$MyMouseAdapter
3482:            26            832  com.intellij.psi.impl.source.resolve.reference.PsiReferenceRegistrarImpl$1
3483:            13            832  com.intellij.psi.impl.source.tree.java.PsiArrayInitializerExpressionImpl
3484:            26            832  com.intellij.ui.DeferredIconImpl$$Lambda$1367/11782327
3485:            13            832  com.intellij.ui.components.TextComponentEmptyText
3486:            52            832  com.intellij.util.CollectionQuery
3487:            26            832  com.intellij.util.containers.Queue
3488:             2            832  javax.swing.Popup$HeavyWeightWindow
3489:            52            832  javax.swing.plaf.basic.BasicPopupMenuUI$BasicPopupMenuListener
3490:            34            816  com.intellij.beanValidation.highlighting.BaseBeanValidationInspection$1
3491:            51            816  com.intellij.frameworks.reactor.util.ReactorLibraryUtil$$Lambda$3969/3989846
3492:            17            816  com.intellij.lang.javascript.DialectOptionHolder
3493:            51            816  com.intellij.lang.javascript.validation.JSReferenceInspectionVisitor
3494:            51            816  com.intellij.lang.javascript.validation.TypeScriptReferenceInspectionVisitor
3495:            34            816  com.intellij.openapi.wm.impl.ToolWindowHeader$11
3496:            34            816  com.intellij.openapi.wm.impl.ToolWindowHeader$7
3497:            34            816  com.intellij.openapi.wm.impl.ToolWindowHeader$8
3498:            34            816  com.intellij.openapi.wm.impl.ToolWindowHeader$9
3499:            34            816  com.intellij.openapi.wm.impl.ToolWindowImpl$1
3500:            34            816  com.intellij.openapi.wm.impl.ToolWindowImpl$3
3501:            34            816  com.intellij.openapi.wm.impl.content.ComboContentLayout
3502:            34            816  com.intellij.patterns.ElementPatternCondition
3503:            34            816  com.intellij.patterns.VirtualFilePattern$1
3504:            34            816  com.intellij.play.inspections.PlayBaseInspection$1
3505:            51            816  com.intellij.psi.impl.source.resolve.reference.impl.providers.JavaClassReferenceProvider$1
3506:            34            816  com.intellij.ui.tabs.impl.TabLabel$1
3507:            51            816  com.zeroturnaround.javarebel.idea.plugin.module.IntellijIdeModule$Storage
3508:            17            816  java.awt.image.DataBufferByte
3509:            51            816  java.nio.channels.spi.AbstractInterruptibleChannel$1
3510:             2            816  javax.swing.plaf.metal.MetalFileChooserUI$AlignedLabel
3511:            17            816  javax.swing.text.AbstractDocument$DefaultDocumentEvent
3512:            34            816  org.jetbrains.kotlin.idea.inspections.AbstractPrimitiveRangeToInspection$buildVisitor$1
3513:            34            816  org.jetbrains.kotlin.idea.inspections.collections.AbstractUselessCallInspection$QualifiedExpressionVisitor
3514:            34            816  org.jetbrains.kotlin.protobuf.ExtensionRegistryLite$ObjectIntPair
3515:            51            816  org.jetbrains.kotlin.psi.VisitorWrappersKt$dotQualifiedExpressionVisitor$1
3516:            51            816  org.jetbrains.kotlin.psi.VisitorWrappersKt$ifExpressionVisitor$1
3517:            34            816  org.jetbrains.plugins.groovy.codeInspection.GroovyLocalInspectionBase$1
3518:            17            816  sun.java2d.loops.DrawGlyphList
3519:            17            816  sun.java2d.loops.FillRect
3520:            32            800  [Ljava.util.EnumSet;
3521:            20            800  [Lnet.miginfocom.layout.ResizeConstraint;
3522:            40            800  [Lorg.jetbrains.uast.UMethod;
3523:            50            800  com.intellij.facet.impl.ProjectFacetManagerImpl$$Lambda$1347/464844228
3524:            10            800  com.intellij.find.SearchTextArea$1
3525:            20            800  com.intellij.ide.fileTemplates.impl.FTManager
3526:            20            800  com.intellij.lang.java.lexer.JavaLexer
3527:            25            800  com.intellij.lang.javascript.inspections.JSPotentiallyInvalidUsageOfThisInspection$1$2
3528:            20            800  com.intellij.lexer.MergingLexerAdapter
3529:            25            800  com.intellij.packaging.impl.elements.LibraryPackagingElement
3530:            25            800  com.intellij.psi.WeigherExtensionPoint
3531:            50            800  com.intellij.util.ui.AnimatedIcon$2
3532:            20            800  com.sun.jmx.mbeanserver.MXBeanSupport
3533:            50            800  com.sun.proxy.$Proxy12
3534:            25            800  java.rmi.server.UID
3535:            20            800  javax.management.MBeanOperationInfo
3536:            10            800  javax.swing.text.PlainView
3537:            50            800  kotlin.reflect.jvm.internal.impl.load.java.typeEnhancement.TypeEnhancementInfo
3538:            20            800  kotlin.reflect.jvm.internal.impl.protobuf.GeneratedMessageLite$GeneratedExtension
3539:            10            800  net.miginfocom.layout.LC
3540:            10            800  net.sourceforge.pmd.lang.ast.JavaCharStream
3541:            10            800  net.sourceforge.pmd.lang.java.ast.ASTArrayDimsAndInits
3542:            10            800  net.sourceforge.pmd.lang.java.ast.ASTClassOrInterfaceBody
3543:            10            800  net.sourceforge.pmd.lang.java.ast.ASTPackageDeclaration
3544:            10            800  net.sourceforge.pmd.lang.java.ast.ASTTypeDeclaration
3545:            10            800  net.sourceforge.pmd.lang.java.ast.ASTUnaryExpression
3546:            10            800  org.intellij.plugins.intelliLang.inject.config.XmlAttributeInjection
3547:            50            800  org.jetbrains.kotlin.load.java.typeEnhancement.TypeEnhancementInfo
3548:            20            800  org.jetbrains.uast.java.JavaUClass
3549:            20            800  org.jetbrains.uast.java.JavaUMethod
3550:            36            792  [Lorg.apache.xerces.impl.xs.util.SimpleLocator;
3551:            30            792  [Lorg.jetbrains.kotlin.idea.inspections.NamingRule;
3552:            33            792  com.intellij.codeInsight.daemon.impl.TextEditorHighlightingPassRegistrarImpl$PassConfig
3553:            33            792  com.intellij.lang.javascript.inspections.JSRemoveElementLocalQuickFix
3554:            33            792  com.intellij.openapi.keymap.impl.KeymapManagerImpl$addKeymapManagerListener$1
3555:            33            792  com.intellij.openapi.util.NotNullLazyValue$1
3556:            33            792  com.intellij.psi.UastPatternAdapter
3557:            33            792  com.intellij.psi.UastPatternAdapter$condition$1
3558:            33            792  com.jetbrains.quirksmode.CssDeclarationPattern$1
3559:            33            792  com.jetbrains.quirksmode.HtmlTagPattern$2
3560:            33            792  io.netty.util.internal.logging.Slf4JLogger
3561:            33            792  java.awt.CardLayout$Card
3562:            33            792  javassist.bytecode.InterfaceMethodrefInfo
3563:            33            792  javax.swing.DefaultComboBoxModel
3564:             9            792  net.sourceforge.pmd.lang.java.ast.ASTBooleanLiteral
3565:            33            792  org.jaxen.expr.DefaultEqualsExpr
3566:            33            792  org.jetbrains.yaml.YAMLElementType
3567:            49            784  com.intellij.codeInsight.intention.impl.IntentionListStep$$Lambda$2751/113203272
3568:            14            784  com.intellij.openapi.command.impl.CommandMerger
3569:            49            784  com.intellij.util.containers.FilteredTraverserBase$1
3570:            33            776  [Ljava.util.Collection;
3571:            32            768  [Ljava.io.ObjectStreamClass$ClassDataSlot;
3572:            32            768  com.intellij.codeInsight.daemon.impl.LocalInspectionsPass$InspectionResult
3573:            48            768  com.intellij.codeInsight.template.TemplateContextType$$Lambda$547/828992781
3574:            24            768  com.intellij.lang.javascript.completion.JSLookupPriority
3575:            32            768  com.intellij.lang.javascript.parsing.modifiers.JSModifiersStructureLeaf
3576:            24            768  com.intellij.lang.javascript.psi.JSRecursiveWalkingElementVisitor$1
3577:            24            768  com.intellij.lang.javascript.psi.types.JSApplyCallType
3578:            24            768  com.intellij.openapi.editor.ex.util.SegmentArrayWithData
3579:            24            768  com.intellij.openapi.util.WriteExternalException
3580:            24            768  com.intellij.psi.css.impl.CssAttributeImpl
3581:            24            768  com.intellij.psi.search.SearchRequestCollector
3582:            48            768  com.intellij.spring.contexts.model.CachedLocalModel$$Lambda$3885/1107163616
3583:            32            768  com.intellij.spring.model.actions.patterns.PatternActionAdapter$1
3584:            12            768  com.intellij.sql.injection.SqlTypeBasedInjection
3585:            24            768  com.intellij.ui.tabs.impl.ShapeTransform$Top
3586:            16            768  com.intellij.util.containers.RecentStringInterner$1
3587:            32            768  com.intellij.util.io.FinalizationRequest
3588:            48            768  com.intellij.util.text.UniqueNameGenerator
3589:            12            768  com.intellij.util.ui.AsyncProcessIcon$ProcessIcon
3590:            32            768  com.intellij.ws.utils.WsReferenceProvidersHelper$MyCustomizingReferenceProvider
3591:            48            768  com.intellij.ws.utils.WsReferenceProvidersHelper$PsiReferenceProviderWrapper
3592:            24            768  com.jetbrains.quirksmode.ProblemDetectorImpl
3593:            48            768  com.sixrr.inspectjs.utils.BinaryOperatorUtils$OperatorProperties
3594:            32            768  com.sun.jmx.mbeanserver.DefaultMXBeanMappingFactory$IdentityMapping
3595:            24            768  com.sun.jna.Library$Handler$FunctionInfo
3596:            16            768  gnu.trove.TIntDoubleHashMap
3597:            16            768  java.util.Hashtable$Enumerator
3598:            12            768  java.util.stream.ReferencePipeline$5
3599:            32            768  org.jaxen.expr.DefaultFunctionCallExpr
3600:            12            768  org.jetbrains.kotlin.builtins.BuiltInsPackageFragmentImpl
3601:            32            768  org.jetbrains.kotlin.diagnostics.DiagnosticFactory3
3602:            16            768  org.jetbrains.kotlin.serialization.deserialization.DeserializationContext
3603:            24            768  org.jetbrains.plugins.groovy.lang.groovydoc.lexer.GroovyDocElementTypeImpl
3604:            24            768  sun.font.EAttribute
3605:            16            768  sun.java2d.loops.DrawLine
3606:            16            768  sun.java2d.loops.DrawPath
3607:            16            768  sun.java2d.loops.DrawPolygons
3608:            16            768  sun.java2d.loops.DrawRect
3609:            16            768  sun.java2d.loops.FillPath
3610:            16            768  sun.java2d.loops.FillSpans
3611:            24            768  sun.security.x509.OIDMap$OIDInfo
3612:            38            760  [Lcom.intellij.openapi.roots.ContentEntry;
3613:            19            760  com.intellij.lang.java.lexer.JavaDocLexer
3614:            19            760  com.intellij.openapi.editor.impl.EditorFilteringMarkupModelEx$MyFilteringIterator
3615:             2            752  com.intellij.ide.actions.SearchEverywhereAction$1
3616:            47            752  com.intellij.lang.javascript.psi.util.JSStubBasedPsiTreeUtil$$Lambda$2811/749232016
3617:             2            752  com.intellij.openapi.wm.impl.status.IdeStatusBarImpl$TextPresentationWrapper
3618:            47            752  com.sun.proxy.$Proxy111
3619:             2            752  javax.swing.JTabbedPane
3620:             9            744  [Lorg.apache.xerces.xni.QName;
3621:            31            744  [Lorg.jetbrains.kotlin.idea.KotlinLanguage;
3622:            31            744  com.intellij.codeInsight.navigation.NavigationGutterIconBuilder$2
3623:            31            744  com.intellij.openapi.updateSettings.impl.ButtonInfo
3624:            31            744  com.intellij.openapi.util.NotNullLazyKey
3625:            31            744  com.intellij.patterns.PsiJavaPatterns$2
3626:            31            744  com.intellij.patterns.PsiMethodPattern$4
3627:            31            744  com.intellij.patterns.PsiModifierListOwnerPattern$2
3628:            31            744  com.intellij.util.containers.JBIterator$WhileOp
3629:            31            744  java.util.OptionalInt
3630:            31            744  kotlin.reflect.jvm.internal.impl.serialization.Flags$BooleanFlagField
3631:            31            744  org.apache.xerces.util.AugmentationsImpl$SmallContainer
3632:            31            744  org.jetbrains.kotlin.serialization.Flags$BooleanFlagField
3633:            31            744  org.jetbrains.kotlin.storage.LockBasedStorageManager$MapBasedMemoizedFunctionToNotNull
3634:            22            736  [Lcom.intellij.lang.javascript.psi.JSStatement;
3635:            46            736  [Lcom.intellij.psi.PsiFile;
3636:            13            736  [Ljava.beans.PropertyDescriptor;
3637:            23            736  com.intellij.execution.impl.TimedIconCache$get$$inlined$write$lambda$1
3638:            46            736  com.intellij.patterns.PsiFieldPattern$1
3639:            23            736  com.intellij.spring.model.SpringImplicitBean
3640:            23            736  com.intellij.sql.psi.stubs.SqlAlterStatementStubElementType
3641:            23            736  com.intellij.ui.SpeedSearchBase$4
3642:            46            736  com.intellij.util.containers.hash.LinkedHashMap$EntrySet
3643:            23            736  com.intellij.util.ui.tree.WideSelectionTreeUI$2
3644:            23            736  com.intellij.util.ui.tree.WideSelectionTreeUI$3
3645:            23            736  java.lang.ProcessImpl
3646:            23            736  java.util.TreeMap$AscendingSubMap$AscendingEntrySetView
3647:            46            736  org.jetbrains.plugins.javaFX.css.JavaFxCSSElementDescriptionProvider$$Lambda$2628/1188765698
3648:            23            736  sun.management.MappedMXBeanType$BasicMXBeanType
3649:            13            728  com.intellij.facet.ui.FacetDependentToolWindow
3650:            13            728  com.intellij.spring.boot.model.autoconfigure.EnableAutoConfigurationModel
3651:            13            728  com.intellij.ui.TreeSpeedSearch
3652:            13            728  org.jetbrains.kotlin.serialization.ProtoBuf$Package
3653:            13            728  org.jetbrains.kotlin.serialization.ProtoBuf$PackageFragment
3654:             7            728  org.jetbrains.kotlin.serialization.deserialization.descriptors.DeserializedClassDescriptor
3655:             8            720  [Lcom.intellij.lang.javascript.documentation.JSDocumentationProcessor$MetaDocType;
3656:             1            720  [Lcom.intellij.xml.util.ColorSampleLookupValue;
3657:             2            720  [Lcom.sun.java.swing.plaf.windows.TMSchema$Part;
3658:            30            720  com.intellij.codeInsight.unwrap.ScopeHighlighter
3659:            30            720  com.intellij.codeInspection.javaDoc.JavaDocLocalInspectionBase$Options
3660:            15            720  com.intellij.configurationStore.StateStorageManagerImpl$MyDirectoryStorage
3661:            30            720  com.intellij.ide.actions.ToggleToolbarAction$1
3662:            18            720  com.intellij.ide.browsers.LaunchBrowserBeforeRunTaskState
3663:            18            720  com.intellij.lang.javascript.buildTools.grunt.rc.GruntRunSettings$Builder
3664:            18            720  com.intellij.lang.javascript.buildTools.gulp.rc.GulpRunSettings$Builder
3665:            30            720  com.intellij.lang.javascript.modules.ImportES6ModuleFix$1
3666:            18            720  com.intellij.lang.javascript.psi.ecma6.impl.TypeScriptCallSignatureImpl
3667:            30            720  com.intellij.lang.javascript.psi.jsdoc.impl.JSDocParamReference
3668:            18            720  com.intellij.lang.properties.psi.impl.PropertyKeyImpl
3669:            18            720  com.intellij.lang.properties.psi.impl.PropertyValueImpl
3670:            45            720  com.intellij.lexer.MergingLexerAdapter$MyMergeFunction
3671:            18            720  com.intellij.openapi.editor.impl.FontInfo
3672:             2            720  com.intellij.openapi.ui.TextFieldWithBrowseButton
3673:            15            720  com.intellij.openapi.updateSettings.impl.BuildInfo
3674:            30            720  com.intellij.openapi.util.JDOMExternalizableStringList
3675:            30            720  com.intellij.openapi.wm.impl.ToolWindowManagerImpl$$Lambda$746/565434918
3676:             2            720  com.intellij.openapi.wm.impl.status.InlineProgressIndicator$MyComponent
3677:            30            720  com.intellij.refactoring.ui.TypeSelector$PsiTypeItem
3678:            15            720  com.intellij.ui.popup.list.ListPopupModel
3679:            15            720  com.intellij.ui.popup.list.PopupListElementRenderer
3680:            30            720  com.intellij.util.containers.JBIterable$6
3681:            30            720  com.intellij.util.ui.tree.TreeUtil$$Lambda$2038/2042972886
3682:            30            720  com.jediterm.terminal.model.CharBuffer
3683:            45            720  com.sun.proxy.$Proxy14
3684:            30            720  git4idea.GitRevisionNumber
3685:            15            720  java.lang.management.PlatformComponent
3686:            18            720  java.util.ArrayList$SubList$1
3687:            30            720  java.util.stream.ReduceOps$6
3688:            30            720  java.util.stream.ReduceOps$6ReducingSink
3689:            30            720  java.util.stream.ReferencePipeline$4$1
3690:            10            720  javax.swing.JSpinner$NumberEditorFormatter
3691:            18            720  org.apache.xerces.xni.parser.XMLInputSource
3692:            45            720  org.jetbrains.android.AndroidColorAnnotator
3693:            18            720  org.xml.sax.SAXNotRecognizedException
3694:            15            720  sun.java2d.loops.Blit$GeneralMaskBlit
3695:            18            720  sun.management.DiagnosticCommandArgumentInfo
3696:             2            704  com.intellij.guice.model.renderers.GuiceBindingClassPsiElementListCellRenderer
3697:            22            704  com.intellij.lang.javascript.frameworks.react.JSXSpecificHandlersFactory$JSXExpectedTypeEvaluator
3698:            22            704  com.intellij.openapi.extensions.KeyedFactoryEPBean
3699:            22            704  com.intellij.openapi.fileEditor.impl.EditorComposite$2
3700:            44            704  com.intellij.openapi.progress.util.AbstractProgressIndicatorExBase$$Lambda$412/260947467
3701:            22            704  com.intellij.psi.impl.source.resolve.reference.impl.providers.JavaClassReferenceProvider
3702:            11            704  com.intellij.spring.boot.model.autoconfigure.conditions.jam.ConditionalOnWebApplication$$EnhancerByJetBrainsMainCglib$$57bae154
3703:            11            704  com.intellij.spring.gutter.groups.SpringGroupRelatedItemLineMarkerInfo
3704:            22            704  com.intellij.spring.model.actions.GenerateSpringDomElementAction
3705:            22            704  com.intellij.xml.breadcrumbs.BreadcrumbsXmlWrapper$MyUpdate
3706:             8            704  com.sun.xml.internal.bind.v2.model.impl.RuntimeElementInfoImpl
3707:            11            704  kotlin.reflect.jvm.internal.KProperty0Impl
3708:            22            704  org.jaxen.BaseXPath
3709:            22            704  org.jaxen.ContextSupport
3710:            44            704  org.kohsuke.rngom.digested.Annotation
3711:            29            696  [Lcom.intellij.aop.AopProvider;
3712:             3            696  [Lcom.intellij.ui.EditorNotifications$Provider;
3713:            29            696  [Ljavax.swing.tree.TreePath;
3714:            29            696  com.google.gson.reflect.TypeToken
3715:            29            696  com.intellij.configurationStore.properties.MapStoredProperty
3716:            29            696  com.intellij.lang.javascript.psi.resolve.JSIndexBasedResolveUtil$JSSymbolCollector$$Lambda$2586/601095697
3717:            29            696  com.intellij.openapi.application.ReadActionProcessor$$Lambda$2544/860983831
3718:            29            696  com.intellij.openapi.roots.impl.PackageDirectoryCache
3719:            29            696  com.intellij.psi.impl.search.PsiSearchHelperImpl$3$$Lambda$2777/1421669481
3720:            29            696  com.intellij.ui.ExpandedItemListCellRendererWrapper
3721:            29            696  com.intellij.velocity.psi.VtlTokenType
3722:            29            696  com.jediterm.terminal.model.TerminalLine$TextEntry
3723:            29            696  com.sun.xml.internal.bind.v2.runtime.property.ArrayERProperty$ReceiverImpl
3724:            29            696  javax.accessibility.AccessibleState
3725:            29            696  kotlin.reflect.jvm.internal.impl.storage.LockBasedStorageManager$LockBasedNotNullLazyValue
3726:            29            696  org.jetbrains.kotlin.resolve.scopes.LexicalScopeKind
3727:            29            696  org.jetbrains.plugins.cucumber.psi.GherkinElementType
3728:             2            688  [Lcom.intellij.codeInsight.editorActions.ExtendWordSelectionHandler;
3729:            29            688  [Lcom.intellij.execution.configurations.ConfigurationFactory;
3730:            43            688  com.intellij.ui.tabs.impl.JBTabsImpl$$Lambda$932/296931079
3731:            43            688  com.intellij.ui.tabs.impl.JBTabsImpl$1
3732:            43            688  com.intellij.ui.tabs.impl.JBTabsImpl$2
3733:            43            688  com.intellij.ui.tabs.impl.JBTabsImpl$6
3734:            43            688  java.util.Collections$UnmodifiableMap$UnmodifiableEntrySet$UnmodifiableEntry
3735:             2            688  javax.swing.Box
3736:            27            680  [Lcom.intellij.openapi.util.Pair;
3737:            17            680  com.android.flags.Flag
3738:            17            680  com.intellij.codeInspection.uncheckedWarnings.UncheckedWarningLocalInspectionBase$1
3739:            17            680  com.intellij.formatting.SpacingImpl
3740:            17            680  com.intellij.psi.impl.search.PsiSearchHelperImpl$4
3741:            17            680  com.sixrr.inspectjs.confusing.PointlessBooleanExpressionJSInspection$PointlessBooleanExpressionVisitor
3742:            17            680  java.lang.ClassLoader$NativeLibrary
3743:            28            672  [Lcom.intellij.vcs.log.VcsLogProvider;
3744:            21            672  com.intellij.codeInsight.daemon.impl.DaemonCodeAnalyzerImpl$$Lambda$2095/693724302
3745:            42            672  com.intellij.compiler.impl.FileProcessingCompilerAdapterTask
3746:            21            672  com.intellij.debugger.streams.lib.impl.FlatMappingOperation
3747:            42            672  com.intellij.ide.navigationToolbar.NavBarPresentation$$Lambda$1497/1933853820
3748:            14            672  com.intellij.jam.reflect.JamFieldMeta
3749:            12            672  com.intellij.lang.javascript.JSStringLiteralLexer
3750:            14            672  com.intellij.lang.javascript.psi.stubs.impl.TypeScriptTypePredicateStubImpl
3751:            21            672  com.intellij.lang.javascript.psi.types.JSIntersectionTypeImpl
3752:            28            672  com.intellij.openapi.editor.impl.DefaultEditorTextRepresentationHelper$Key
3753:            28            672  com.intellij.openapi.editor.impl.EditorComponentImpl$EditorAccessibilityDocument
3754:            28            672  com.intellij.openapi.editor.impl.EditorFilteringMarkupModelEx
3755:            28            672  com.intellij.openapi.editor.impl.EditorImpl$$Lambda$1005/806746547
3756:            28            672  com.intellij.openapi.editor.impl.EditorImpl$2
3757:            28            672  com.intellij.openapi.editor.impl.EditorImpl$MyTransferHandler
3758:            28            672  com.intellij.openapi.editor.impl.FoldingModelImpl$1
3759:            28            672  com.intellij.openapi.editor.impl.ImmediatePainter
3760:            28            672  com.intellij.openapi.editor.impl.IndentsModelImpl
3761:            28            672  com.intellij.openapi.editor.impl.ScrollingModelImpl$2
3762:            28            672  com.intellij.openapi.editor.impl.SelectionModelImpl
3763:            28            672  com.intellij.openapi.editor.impl.softwrap.CompositeSoftWrapPainter
3764:            28            672  com.intellij.openapi.editor.impl.softwrap.SoftWrapsStorage
3765:            28            672  com.intellij.openapi.editor.impl.softwrap.mapping.CachingSoftWrapDataMapper
3766:            28            672  com.intellij.openapi.editor.impl.softwrap.mapping.SoftWrapApplianceManager$PrimitiveIntMap
3767:            28            672  com.intellij.openapi.editor.impl.softwrap.mapping.SoftWrapApplianceManager$WidthsStorage
3768:            28            672  com.intellij.openapi.editor.impl.view.EditorCoordinateMapper
3769:            28            672  com.intellij.openapi.editor.impl.view.TabFragment
3770:            28            672  com.intellij.openapi.progress.util.ProgressIndicatorUtils$$Lambda$1057/1700527513
3771:            28            672  com.intellij.openapi.progress.util.ProgressIndicatorUtils$$Lambda$1267/285254488
3772:             6            672  com.intellij.openapi.vcs.ex.PartialLocalLineStatusTracker
3773:            28            672  com.intellij.patterns.DomPatterns$1
3774:            28            672  com.intellij.patterns.PsiBinaryExpressionPattern
3775:            28            672  com.intellij.patterns.XmlElementPattern$Capture
3776:            21            672  com.intellij.psi.PsiRecursiveElementWalkingVisitor$1
3777:            21            672  com.intellij.psi.impl.smartPointers.InjectedSelfElementInfo$AffixOffsets
3778:            12            672  com.intellij.spring.contexts.model.LocalAnnotationModelImpl
3779:            28            672  com.intellij.terminal.JBTerminalPanel$$Lambda$5559/1727668871
3780:            28            672  com.intellij.ui.classFilter.ClassFilter
3781:            21            672  com.intellij.util.PatchedWeakReference
3782:            21            672  com.intellij.util.xml.reflect.DomExtenderEP
3783:            28            672  com.intellij.ws.http.request.psi.HttpRequestElementType
3784:            14            672  com.rover12421.exTENdS.exTENdS.ThrOWS.PrIVatE
3785:            21            672  com.sun.jmx.mbeanserver.WeakIdentityHashMap$IdentityWeakReference
3786:            21            672  com.sun.tools.javac.code.Lint$LintCategory
3787:            12            672  com.sun.xml.internal.bind.v2.runtime.ElementBeanInfoImpl
3788:            21            672  java.awt.Toolkit$SelectiveAWTEventListener
3789:            42            672  java.lang.CharSequence$$Lambda$3973/84654256
3790:            21            672  java.security.AlgorithmParameters
3791:            21            672  java.util.PropertyPermission
3792:            14            672  java.util.concurrent.ArrayBlockingQueue
3793:            21            672  javax.imageio.spi.DigraphNode
3794:            28            672  kotlin.reflect.jvm.internal.impl.load.java.typeEnhancement.PredefinedFunctionEnhancementInfo
3795:             3            672  org.apache.xerces.impl.XMLNSDocumentScannerImpl
3796:            21            672  org.jetbrains.idea.maven.utils.MavenPluginInfo
3797:            28            672  org.jetbrains.kotlin.load.java.typeEnhancement.PredefinedFunctionEnhancementInfo
3798:            14            672  sun.java2d.loops.TransformHelper
3799:            12            672  sun.security.ssl.CipherSuite$BulkCipher
3800:             1            664  [Lcom.intellij.codeInsight.completion.CompletionContributorEP;
3801:            17            656  [Lcom.intellij.lang.javascript.psi.ecmal4.JSClass;
3802:            13            656  [Lcom.intellij.util.containers.hash.HashSet$Entry;
3803:            20            656  [Lorg.jetbrains.idea.maven.plugins.api.MavenPluginDescriptor$Param;
3804:            41            656  com.intellij.codeInsight.daemon.impl.DaemonEditorPopup
3805:            41            656  com.intellij.debugger.streams.resolve.FilterResolver
3806:            41            656  com.intellij.lang.javascript.inspections.JSUnusedAssignmentInspection$SimpleControlFlowProcessor$BasicBlockInfo
3807:            41            656  com.intellij.openapi.vcs.changes.CurrentContentRevision
3808:            41            656  com.intellij.psi.css.impl.util.CssReferenceProvider$$Lambda$2487/1555019495
3809:            41            656  com.siyeh.ig.callMatcher.CallMatcher$1
3810:            41            656  com.sun.proxy.$Proxy99
3811:            41            656  java.util.Comparator$$Lambda$30/393478470
3812:            41            656  javax.swing.plaf.basic.BasicTreeUI$Actions
3813:            32            648  [Lcom.intellij.util.ui.update.Update;
3814:            27            648  com.android.sdklib.repository.generated.repository.v1.PlatformDetailsType
3815:            27            648  com.intellij.javaee.oss.descriptor.JavaeeDescriptor$1
3816:            27            648  com.intellij.lang.javascript.psi.controlflow.JSControlFlowUtils$1
3817:            27            648  com.intellij.lang.javascript.psi.resolve.WalkUpResolveProcessor$JSResolveMatchData
3818:            27            648  com.intellij.openapi.options.ConfigurableEP$ClassProducer
3819:            27            648  com.intellij.openapi.progress.util.ProgressIndicatorUtils$$Lambda$1056/1365722042
3820:            27            648  com.intellij.psi.impl.source.xml.XmlDocumentImpl$$Lambda$2342/804975369
3821:            27            648  com.intellij.ui.speedSearch.SpeedSearchSupply$1
3822:             9            648  io.netty.channel.DefaultChannelPipeline$HeadContext
3823:             9            648  io.netty.channel.DefaultChannelPipeline$TailContext
3824:            27            648  java.time.format.DateTimeFormatterBuilder$CompositePrinterParser
3825:             9            648  java.util.concurrent.ScheduledThreadPoolExecutor$ScheduledFutureTask
3826:            27            648  org.jetbrains.idea.maven.model.MavenId
3827:            27            648  org.jetbrains.kotlin.utils.SmartList
3828:            27            648  sun.security.jca.GetInstance$Instance
3829:            18            640  [Ljava.awt.Dimension;
3830:            10            640  com.google.common.cache.LocalCache$StrongAccessWriteEntry
3831:            10            640  com.intellij.codeInsight.daemon.impl.UpdateHighlightersUtil$$Lambda$2085/248706516
3832:            20            640  com.intellij.codeInsight.daemon.impl.analysis.HighlightUtil$Feature
3833:            20            640  com.intellij.codeInsight.folding.impl.DocumentFoldingInfo
3834:            40            640  com.intellij.codeInspection.magicConstant.MagicConstantInspection$$Lambda$4158/1155283196
3835:             4            640  com.intellij.execution.ui.layout.impl.RunnerContentUi
3836:            20            640  com.intellij.ide.ui.laf.darcula.ui.TextFieldWithPopupHandlerUI$IconHolder
3837:            20            640  com.intellij.lang.javascript.psi.ecma6.impl.TypeScriptTypeParameterConstraintImpl
3838:            16            640  com.intellij.lang.javascript.validation.fixes.ChangeSignatureFix
3839:            40            640  com.intellij.lexer.BaseHtmlLexer$XmlTagEndHandler
3840:            20            640  com.intellij.openapi.actionSystem.Separator
3841:            10            640  com.intellij.openapi.keymap.impl.DefaultKeymapImpl
3842:            16            640  com.intellij.openapi.vcs.configurable.VcsOptionsTopHitProvider$1
3843:            40            640  com.intellij.play.references.PlayPathViewsPsiReferenceProvider
3844:            20            640  com.intellij.psi.css.CssAttributeDescriptorsProvider$1
3845:            20            640  com.intellij.sql.psi.SqlDbElementType
3846:            20            640  com.intellij.ui.TableCellState
3847:            20            640  com.intellij.ui.components.JBList$2
3848:            40            640  com.intellij.ui.tabs.impl.JBTabsImpl$$Lambda$3002/1236371467
3849:            20            640  com.sun.java.swing.plaf.windows.TMSchema$Prop
3850:            16            640  java.io.ObjectOutputStream$HandleTable
3851:            10            640  java.security.SecureRandom
3852:            20            640  java.util.PriorityQueue
3853:            10            640  kotlin.reflect.jvm.internal.KMutableProperty0Impl
3854:            20            640  kotlin.reflect.jvm.internal.impl.protobuf.GeneratedMessageLite$ExtensionDescriptor
3855:             8            640  net.sourceforge.pmd.lang.java.ast.ASTConditionalOrExpression
3856:             8            640  net.sourceforge.pmd.lang.java.ast.ASTUnaryExpressionNotPlusMinus
3857:            20            640  org.apache.commons.lang.text.StrBuilder
3858:            20            640  org.apache.velocity.runtime.parser.JJTParserState
3859:            20            640  org.apache.velocity.runtime.parser.Parser$LookaheadSuccess
3860:            20            640  org.jetbrains.kotlin.idea.inspections.collections.SimplifiableCallChainInspection$Companion$Conversion
3861:            16            640  org.jetbrains.kotlin.serialization.deserialization.TypeDeserializer
3862:            20            640  org.jetbrains.uast.java.JavaUFile
3863:            20            640  org.objectweb.shadedzt.asm.Type
3864:            20            640  org.zeroturnaround.javarebel.reporting.MessageType
3865:            10            640  sun.font.CoreMetrics
3866:            40            640  sun.nio.ch.FileDispatcherImpl
3867:             7            632  [Lsun.java2d.loops.RenderCache$Entry;
3868:             3            624  [Ljava.lang.invoke.LambdaForm;
3869:            26            624  cn.yiiguxing.plugin.translate.trans.DictEntry
3870:            26            624  com.github.rjeschke.txtmark.MarkToken
3871:            39            624  com.intellij.codeInsight.daemon.impl.PassExecutorService$ScheduledPass$$Lambda$1883/613080463
3872:            39            624  com.intellij.codeInsight.daemon.impl.PassExecutorService$ScheduledPass$$Lambda$1886/548756934
3873:            39            624  com.intellij.codeInsight.daemon.impl.PassExecutorService$ScheduledPass$$Lambda$1890/81976721
3874:            26            624  com.intellij.codeInspection.dataFlow.ExpressionRange
3875:            13            624  com.intellij.execution.ui.layout.impl.TabImpl
3876:            39            624  com.intellij.ide.ui.laf.darcula.ui.DarculaComboBoxUI$2
3877:            39            624  com.intellij.ide.ui.laf.intellij.WinIntelliJComboBoxUI$$Lambda$612/1907741164
3878:            39            624  com.intellij.ide.ui.laf.intellij.WinIntelliJComboBoxUI$2
3879:            39            624  com.intellij.ide.ui.laf.intellij.WinIntelliJComboBoxUI$5$1
3880:            39            624  com.intellij.ide.ui.laf.intellij.WinIntelliJComboBoxUI$ComboBoxMouseListener
3881:            39            624  com.intellij.ide.ui.laf.intellij.WinIntelliJComboBoxUI$ComboBoxRendererWrapper
3882:            13            624  com.intellij.openapi.MnemonicWrapper$MenuWrapper
3883:            26            624  com.intellij.openapi.vcs.impl.ModuleDefaultVcsRootPolicy$$Lambda$1698/318188632
3884:            26            624  com.intellij.patterns.IElementTypePattern$1
3885:            26            624  com.intellij.patterns.StringPattern$4
3886:            26            624  com.intellij.psi.css.descriptor.value.CssValueType
3887:            26            624  com.intellij.psi.css.impl.descriptor.value.CssUrlValue
3888:            39            624  com.intellij.psi.impl.source.ClassInnerStuffCache$$Lambda$3608/131781131
3889:            13            624  com.intellij.util.containers.TransferToEDTQueue
3890:            26            624  com.intellij.vcs.log.impl.HashImpl
3891:            26            624  com.zeroturnaround.javarebel.idea.plugin.module.IntellijIdeModule
3892:            26            624  gnu.trove.ToObjectArrayProcedure
3893:             6            624  io.netty.channel.socket.nio.NioSocketChannel
3894:            13            624  java.beans.BeanDescriptor
3895:            26            624  java.security.spec.ECFieldF2m
3896:            39            624  java.util.regex.Pattern$CharPropertyNames$1
3897:            39            624  javax.swing.JComboBox$1
3898:            39            624  javax.swing.plaf.basic.BasicComboBoxUI$Handler
3899:            39            624  javax.swing.plaf.basic.BasicComboPopup$Handler
3900:            26            624  org.jetbrains.plugins.groovy.lang.psi.patterns.GroovyElementPattern$Capture
3901:            13            624  sun.java2d.loops.DrawGlyphListLCD
3902:            13            624  sun.management.DiagnosticCommandInfo
3903:             7            616  [Lcom.intellij.codeInsight.highlighting.HighlightErrorFilter;
3904:            11            616  com.intellij.ui.table.JBTable$1
3905:            11            616  com.intellij.util.SingleAlarm
3906:            11            616  javax.management.openmbean.CompositeType
3907:            19            608  com.intellij.codeInsight.daemon.impl.TextEditorBackgroundHighlighter
3908:            19            608  com.intellij.lang.properties.psi.impl.PropertyImpl
3909:            19            608  com.intellij.ui.ScrollingUtil$1
3910:            19            608  com.intellij.ui.ScrollingUtil$2
3911:            19            608  com.intellij.ui.ScrollingUtil$3
3912:            19            608  com.intellij.ui.ScrollingUtil$4
3913:            19            608  com.intellij.ui.ScrollingUtil$5
3914:            19            608  com.intellij.ui.ScrollingUtil$6
3915:            38            608  com.intellij.util.indexing.FileBasedIndexImpl$$Lambda$3894/441130229
3916:            38            608  com.sun.proxy.$Proxy104
3917:            38            608  com.sun.proxy.$Proxy105
3918:            38            608  java.net.InetSocketAddress
3919:            19            608  java.time.format.DateTimeFormatterBuilder$NumberPrinterParser
3920:            38            608  java.util.jar.Attributes
3921:            25            600  [Lcom.intellij.openapi.actionSystem.KeyboardShortcut;
3922:             1            600  [Lcom.intellij.psi.impl.source.resolve.reference.PsiReferenceContributorEP;
3923:            15            600  com.intellij.codeInsight.completion.CompletionConfidenceEP
3924:            25            600  com.intellij.codeInsight.completion.PreferByKindWeigher$MyResult
3925:            25            600  com.intellij.execution.ExecutionTargetManagerImpl$$Lambda$1343/1360622926
3926:            25            600  com.intellij.internal.statistic.beans.GroupDescriptor
3927:            25            600  com.intellij.internal.statistic.persistence.CollectedUsages
3928:            25            600  com.intellij.lang.javascript.inspections.JSPotentiallyInvalidUsageOfThisInspection$1$1
3929:            25            600  com.intellij.lang.javascript.patterns.JSElementPattern$Capture
3930:            25            600  com.intellij.openapi.vcs.changes.actions.RollbackAction$$Lambda$1598/733148414
3931:            25            600  com.intellij.patterns.uast.ULiteralExpressionPattern
3932:            25            600  com.intellij.psi.UastReferenceRegistrar$registerUastReferenceProvider$1
3933:            25            600  com.intellij.psi.WeigherExtensionPoint$1
3934:            25            600  com.sun.jna.Pointer
3935:            25            600  java.time.LocalTime
3936:            15            600  java.time.format.DateTimeFormatter
3937:            25            600  org.apache.commons.logging.impl.SLF4JLog
3938:            25            600  org.apache.xerces.impl.xpath.regex.Token$StringToken
3939:            25            600  org.intellij.plugins.markdown.lang.MarkdownElementType
3940:            25            600  sun.nio.cs.CharsetMapping$Entry
3941:            15            600  sun.swing.CachedPainter$PainterMultiResolutionCachedImage
3942:            37            592  com.intellij.framework.library.DownloadableLibraryType$1
3943:             2            592  com.intellij.openapi.application.impl.ApplicationInfoImpl
3944:            37            592  com.intellij.psi.filters.OrFilter
3945:            37            592  org.jetbrains.jps.backwardRefs.index.CompilerIndices$6
3946:             2            584  [Lcom.intellij.ide.plugins.IdeaPluginDescriptorImpl;
3947:            24            576  [Lcom.sun.xml.internal.bind.v2.runtime.property.AttributeProperty;
3948:            24            576  com.google.common.collect.ImmutableList$1
3949:            36            576  com.intellij.compiler.backwardRefs.CompilerReferenceServiceImpl$$Lambda$2153/1869974423
3950:            24            576  com.intellij.configurationStore.schemeManager.SchemeListManager
3951:            36            576  com.intellij.diff.tools.util.text.LineOffsetsUtil$LineOffsetsDocumentWrapper
3952:            18            576  com.intellij.execution.impl.RunConfigurationBeforeRunProvider$RunConfigurableBeforeRunTask
3953:            18            576  com.intellij.j2ee.webSphere.configuration.WebSphereBuildLooseAppBeforeRunTask
3954:            24            576  com.intellij.jam.reflect.JamChildrenQuery$AnnotatedMethodsQuery
3955:            18            576  com.intellij.lang.ant.config.impl.AntBeforeRunTask
3956:            24            576  com.intellij.lang.javascript.EmbeddedJsonSchemaFileProvider
3957:            18            576  com.intellij.lang.javascript.buildTools.gulp.beforeRun.GulpBeforeRunTask
3958:            36            576  com.intellij.lang.javascript.index.JSTypeEvaluateManager$$Lambda$2504/1318068111
3959:            18            576  com.intellij.lang.javascript.psi.ecma6.impl.TypeScriptIndexedAccessTypeImpl
3960:            18            576  com.intellij.lang.javascript.psi.ecma6.impl.TypeScriptTypeOperatorTypeImpl
3961:            24            576  com.intellij.lang.javascript.psi.resolve.JSGenericTypesEvaluator$$Lambda$2813/611001399
3962:            24            576  com.intellij.lang.javascript.psi.resolve.JSTypeEvaluator$$Lambda$2298/78469316
3963:            18            576  com.intellij.lang.javascript.psi.stubs.impl.JSImplicitElementStructureImpl
3964:            18            576  com.intellij.lang.javascript.psi.types.TypeScriptIndexedAccessJSTypeImpl
3965:            24            576  com.intellij.lang.javascript.psi.types.guard.JSTypeFacts$SimpleFact
3966:            18            576  com.intellij.lang.typescript.compiler.action.before.TypeScriptCompileBeforeRunTask
3967:            36            576  com.intellij.openapi.actionSystem.impl.ActionManagerImpl$$Lambda$2906/1390115974
3968:            24            576  com.intellij.openapi.editor.impl.ComplementaryFontsRegistry$FontKey
3969:            24            576  com.intellij.openapi.util.registry.RegistryValue$4
3970:            24            576  com.intellij.openapi.vcs.VcsShowOptionsSettingImpl
3971:            18            576  com.intellij.packaging.impl.run.BuildArtifactsBeforeRunTask
3972:            24            576  com.intellij.patterns.PsiModifierListOwnerPattern$4
3973:            24            576  com.intellij.psi.PsiPrimitiveType
3974:            24            576  com.intellij.psi.css.CssMinifiedFilesFilter$$Lambda$4204/1661948189
3975:            36            576  com.intellij.psi.search.ScopeOptimizer$$Lambda$2737/160953912
3976:            36            576  com.intellij.psi.search.SearchRequestCollector$$Lambda$2741/1143764524
3977:            24            576  com.intellij.psi.stubs.StubElementTypeHolderEP
3978:            18            576  com.intellij.psi.util.PsiTreeUtil$1
3979:            18            576  com.intellij.psi.util.PsiTreeUtil$4
3980:            24            576  com.intellij.spring.boot.model.autoconfigure.conditions.ConditionOutcome
3981:             9            576  com.intellij.spring.boot.model.autoconfigure.conditions.jam.ConditionalOnMissingBean$$EnhancerByJetBrainsMainCglib$$dd0e1cfe
3982:             9            576  com.intellij.spring.boot.run.SpringBootApplicationRunConfiguration$SpringBootApplicationRunConfigurationBean
3983:             8            576  com.intellij.spring.model.aliasFor.SpringAliasFor$$EnhancerByJetBrainsMainCglib$$cf52f1bf
3984:            24            576  com.intellij.struts.inplace.reference.config.TilesValueReferenceProvider
3985:            24            576  com.intellij.ui.HighlightedRegion
3986:            36            576  com.intellij.ui.tabs.impl.TabLabel$$Lambda$1364/507575016
3987:            36            576  com.intellij.ui.tabs.impl.TabLabel$$Lambda$1365/10425998
3988:            18            576  com.intellij.util.containers.TreeTraversal$3
3989:            18            576  com.intellij.util.io.BaseInputStreamReader
3990:            12            576  com.intellij.webcore.libraries.ScriptingLibraryModel
3991:             9            576  git4idea.GitCommit
3992:             9            576  io.netty.channel.ChannelOutboundBuffer
3993:             6            576  java.awt.event.KeyEvent
3994:            18            576  java.util.TreeMap$EntryIterator
3995:            24            576  java.util.concurrent.CompletableFuture
3996:            18            576  java.util.concurrent.ScheduledThreadPoolExecutor$DelayedWorkQueue
3997:            18            576  javax.management.MBeanParameterInfo
3998:            18            576  javax.swing.event.ListSelectionEvent
3999:            36            576  kotlin.reflect.jvm.internal.impl.protobuf.SmallSortedMap$EntrySet
4000:            18            576  kotlin.reflect.jvm.internal.impl.util.Checks
4001:             8            576  org.apache.log4j.spi.LoggingEvent
4002:            18            576  org.apache.xerces.impl.xpath.regex.Token$ClosureToken
4003:             3            576  org.apache.xerces.parsers.XIncludeAwareParserConfiguration
4004:            24            576  org.apache.xerces.util.SecurityManager
4005:            24            576  org.apache.xerces.xni.XMLString
4006:             8            576  org.intellij.plugins.relaxNG.compact.psi.impl.RncFileImpl
4007:            24            576  org.jdom.Document
4008:            24            576  org.jdom.input.TextBuffer
4009:            18            576  org.jetbrains.idea.maven.project.MavenProjectsProcessor
4010:            18            576  org.jetbrains.idea.maven.tasks.MavenBeforeRunTask
4011:            18            576  org.jetbrains.kotlin.util.Checks
4012:            18            576  sun.font.TrueTypeGlyphMapper
4013:             9            576  sun.java2d.loops.RenderLoops
4014:            20            560  [Ljava.util.ArrayList;
4015:             5            560  com.intellij.ide.plugins.PluginNode
4016:            14            560  com.intellij.ide.ui.EditorOptionDescription
4017:             5            560  com.intellij.ide.ui.laf.intellij.WinIntelliJSliderUI
4018:            14            560  com.intellij.lang.folding.NamedFoldingDescriptor
4019:            35            560  com.intellij.lang.javascript.psi.JSElementVisitor
4020:            35            560  com.intellij.psi.impl.source.ClassInnerStuffCache$$Lambda$2762/35649279
4021:            35            560  com.intellij.psi.impl.source.PsiClassImpl$$Lambda$2819/949282664
4022:            10            560  com.intellij.psi.impl.source.tree.java.PsiContinueStatementImpl
4023:            14            560  javax.management.openmbean.SimpleType
4024:            10            560  sun.invoke.util.Wrapper
4025:            14            560  sun.nio.fs.WindowsException
4026:            23            552  com.android.ide.common.repository.GradleVersion$VersionSegment
4027:            23            552  com.intellij.compiler.server.CompileServerPlugin
4028:            23            552  com.intellij.lang.javascript.psi.resolve.JSTypeEvaluator$$Lambda$2776/691092955
4029:            23            552  com.intellij.openapi.ui.ThreeComponentsSplitter$Divider$1
4030:            23            552  com.intellij.openapi.wm.impl.IdeGlassPaneImpl$1
4031:            23            552  com.intellij.psi.UastReferenceRegistrar$uastLiteralReferenceProvider$1
4032:            23            552  com.intellij.ui.SpeedSearchComparator
4033:            23            552  com.intellij.ui.TreeExpandableItemsHandler$1
4034:            23            552  com.intellij.ui.TreeExpandableItemsHandler$2
4035:            23            552  com.intellij.ui.TreeExpandableItemsHandler$3
4036:            23            552  com.intellij.ui.TreeExpandableItemsHandler$4
4037:            23            552  com.intellij.util.containers.JBIterable$2
4038:            23            552  com.intellij.util.ui.tree.WideSelectionTreeUI$1
4039:            23            552  com.jediterm.terminal.TextStyle
4040:            23            552  com.sun.jmx.mbeanserver.PerInterface$MethodAndSig
4041:            23            552  java.util.Collections$UnmodifiableNavigableSet
4042:            23            552  javax.swing.tree.DefaultTreeModel
4043:            23            552  sun.nio.ch.SocketOptionRegistry$RegistryKey
4044:            17            544  [Lcom.intellij.codeInsight.daemon.impl.analysis.DefaultHighlightingSettingProvider;
4045:            23            544  [Lcom.intellij.openapi.fileEditor.FileEditorProvider;
4046:             8            544  [Ljava.io.ObjectInputStream$HandleTable$HandleList;
4047:             2            544  [Ljava.lang.Character;
4048:             2            544  [Ljava.util.concurrent.atomic.AtomicBoolean;
4049:            17            544  [Lsun.nio.fs.NativeBuffer;
4050:            17            544  com.intellij.codeInsight.daemon.impl.ShowIntentionsPass$IntentionsInfo
4051:            17            544  com.intellij.codeInsight.daemon.impl.TrafficLightRenderer$DaemonCodeAnalyzerStatus
4052:            17            544  com.intellij.codeInsight.daemon.impl.analysis.XmlUnboundNsPrefixInspection$1
4053:            17            544  com.intellij.codeInsight.folding.impl.FoldingUpdate$$Lambda$2828/1747459587
4054:            17            544  com.intellij.codeInspection.deprecation.DeprecationInspectionBase$DeprecationElementVisitor
4055:            17            544  com.intellij.codeInspection.miscGenerics.SuspiciousCollectionsMethodCallsInspection$1
4056:            17            544  com.intellij.codeInspection.unused.UnusedPropertyInspection$1
4057:            17            544  com.intellij.codeInspection.unused.UnusedPropertyInspection$UnusedPropertiesSearchHelper
4058:            17            544  com.intellij.codeInspection.visibility.AccessCanBeTightenedInspection$MyVisitor
4059:            17            544  com.intellij.database.settings.UserPatterns$ParameterPattern
4060:            17            544  com.intellij.guice.inspections.BindingAnnotationWithoutInjectInspection$Visitor
4061:            17            544  com.intellij.guice.inspections.ConflictingAnnotationsInspection$Visitor
4062:            17            544  com.intellij.guice.inspections.InterceptionAnnotationWithoutRuntimeRetentionInspection$Visitor
4063:            17            544  com.intellij.guice.inspections.InvalidImplementedByInspection$Visitor
4064:            17            544  com.intellij.guice.inspections.InvalidProvidedByInspection$Visitor
4065:            17            544  com.intellij.guice.inspections.InvalidRequestParametersInspection$Visitor
4066:            17            544  com.intellij.guice.inspections.MultipleBindingAnnotationsInspection$Visitor
4067:            17            544  com.intellij.guice.inspections.MultipleInjectedConstructorsForClassInspection$Visitor
4068:            17            544  com.intellij.guice.inspections.PointlessBindingInspection$Visitor
4069:            17            544  com.intellij.guice.inspections.RedundantScopeBindingInspection$Visitor
4070:            17            544  com.intellij.guice.inspections.RedundantToBindingInspection$Visitor
4071:            17            544  com.intellij.guice.inspections.RedundantToProviderBindingInspection$Visitor
4072:            17            544  com.intellij.guice.inspections.SessionScopedInjectsRequestScopedInspection$Visitor
4073:            17            544  com.intellij.guice.inspections.SingletonInjectsScopedInspection$Visitor
4074:            17            544  com.intellij.guice.inspections.UninstantiableBindingInspection$Visitor
4075:            17            544  com.intellij.guice.inspections.UninstantiableImplementedByClassInspection$Visitor
4076:            17            544  com.intellij.guice.inspections.UninstantiableProvidedByClassInspection$Visitor
4077:            17            544  com.intellij.guice.inspections.UnnecessaryStaticInjectionInspection$Visitor
4078:            34            544  com.intellij.ide.actions.ToggleToolbarAction$$Lambda$743/1547502395
4079:            17            544  com.intellij.lang.javascript.inspections.JSUnusedGlobalSymbolsInspection$MyJSElementVisitor
4080:            17            544  com.intellij.openapi.ui.GraphicsConfig
4081:            34            544  com.intellij.openapi.wm.impl.$Proxy100
4082:            34            544  com.intellij.openapi.wm.impl.InternalDecorator$$Lambda$744/1505553130
4083:            34            544  com.intellij.openapi.wm.impl.InternalDecorator$2
4084:            34            544  com.intellij.openapi.wm.impl.InternalDecorator$MyDivider$MyMouseAdapter
4085:            34            544  com.intellij.openapi.wm.impl.ToolWindowHeader$12
4086:            34            544  com.intellij.openapi.wm.impl.content.ToolWindowContentUi$1
4087:            17            544  com.intellij.struts2.jsp.inspection.HardcodedActionUrlInspection$1
4088:            34            544  com.intellij.util.containers.hash.LinkedHashMap$Values
4089:            17            544  com.sixrr.inspectjs.assignment.SillyAssignmentJSInspection$Visitor
4090:            17            544  com.sixrr.inspectjs.bitwise.IncompatibleMaskJSInspection$IncompatibleMaskVisitor
4091:            17            544  com.sixrr.inspectjs.bitwise.PointlessBitwiseExpressionJSInspection$PointlessBitwiseVisitor
4092:            17            544  com.sixrr.inspectjs.bitwise.ShiftOutOfRangeJSInspection$ShiftOutOfRange
4093:            17            544  com.sixrr.inspectjs.bugs.InfiniteLoopJSInspection$Visitor
4094:            17            544  com.sixrr.inspectjs.bugs.InfiniteRecursionJSInspection$InfiniteRecursionVisitor
4095:            17            544  com.sixrr.inspectjs.confusing.CallerJSInspection$Visitor
4096:            17            544  com.sixrr.inspectjs.confusing.CommaExpressionJSInspection$Visitor
4097:            17            544  com.sixrr.inspectjs.confusing.EmptyStatementBodyJSInspection$EmptyStatementVisitor
4098:            17            544  com.sixrr.inspectjs.confusing.OctalIntegerJSInspection$Visitor
4099:            17            544  com.sixrr.inspectjs.confusing.PointlessArithmeticExpressionJSInspection$PointlessArithmeticVisitor
4100:            17            544  com.sixrr.inspectjs.confusing.WithStatementJSInspection$Visitor
4101:            17            544  com.sixrr.inspectjs.control.ConstantConditionalExpressionJSInspection$ConstantConditionalExpressionVisitor
4102:            17            544  com.sixrr.inspectjs.control.ConstantIfStatementJSInspection$ConstantIfStatementVisitor
4103:            17            544  com.sixrr.inspectjs.control.FallThroughInSwitchStatementJSInspection$Visitor
4104:            17            544  com.sixrr.inspectjs.control.JSTypeOfValuesInspection$1
4105:            17            544  com.sixrr.inspectjs.control.LoopStatementThatDoesntLoopJSInspection$Visitor
4106:            17            544  com.sixrr.inspectjs.control.TrivialConditionalJSInspection$UnnecessaryConditionalExpressionVisitor
4107:            17            544  com.sixrr.inspectjs.control.TrivialIfJSInspection$TrivialIfVisitor
4108:            17            544  com.sixrr.inspectjs.control.UnnecessaryContinueJSInspection$Visitor
4109:            17            544  com.sixrr.inspectjs.control.UnnecessaryLabelJSInspection$UnusedLabelVisitor
4110:            17            544  com.sixrr.inspectjs.control.UnnecessaryLabelOnBreakStatementJSInspection$Visitor
4111:            17            544  com.sixrr.inspectjs.control.UnnecessaryLabelOnContinueStatementJSInspection$Visitor
4112:            17            544  com.sixrr.inspectjs.control.UnnecessaryReturnJSInspection$UnnecessaryReturnVisitor
4113:            17            544  com.sixrr.inspectjs.dataflow.UnnecessaryLocalVariableJSInspectionBase$UnnecessaryLocalVariableVisitor
4114:            17            544  com.sixrr.inspectjs.exception.ContinueOrBreakFromFinallyBlockJSInspection$Visitor
4115:            17            544  com.sixrr.inspectjs.exception.ExceptionCaughtLocallyJSInspection$Visitor
4116:            17            544  com.sixrr.inspectjs.exception.ReturnFromFinallyBlockJSInspection$Visitor
4117:            17            544  com.sixrr.inspectjs.exception.ThrowFromFinallyBlockJSInspection$Visitor
4118:            17            544  com.sixrr.inspectjs.validity.BadExpressionStatementJSInspection$Visitor
4119:            17            544  com.sixrr.inspectjs.validity.DuplicateCaseLabelJSInspection$Visitor
4120:            17            544  com.sixrr.inspectjs.validity.ReservedWordUsedAsNameJSInspection$ReservedWordAsNameVisitor
4121:            17            544  com.sixrr.inspectjs.validity.ThisExpressionReferencesGlobalObjectJSInspection$Visitor
4122:            17            544  com.sixrr.inspectjs.validity.UnreachableCodeJSInspection$Visitor
4123:            17            544  com.siyeh.ig.bitwise.PointlessBitwiseExpressionInspection$PointlessBitwiseVisitor
4124:            17            544  com.siyeh.ig.bugs.EmptyStatementBodyInspection$EmptyStatementVisitor
4125:            17            544  com.siyeh.ig.bugs.EqualsBetweenInconvertibleTypesInspection$EqualsBetweenInconvertibleTypesVisitor
4126:            17            544  com.siyeh.ig.bugs.EqualsOnSuspiciousObjectInspection$1
4127:            17            544  com.siyeh.ig.bugs.IgnoreResultOfCallInspectionBase$IgnoreResultOfCallVisitor
4128:            17            544  com.siyeh.ig.bugs.MalformedFormatStringInspectionBase$MalformedFormatStringVisitor
4129:            17            544  com.siyeh.ig.cloneable.CloneDeclaresCloneNotSupportedInspection$CloneDeclaresCloneNotSupportedExceptionVisitor
4130:            17            544  com.siyeh.ig.controlflow.LoopConditionNotUpdatedInsideLoopInspection$LoopConditionNotUpdatedInsideLoopVisitor
4131:            17            544  com.siyeh.ig.controlflow.PointlessBooleanExpressionInspection$PointlessBooleanExpressionVisitor
4132:            17            544  com.siyeh.ig.controlflow.PointlessNullCheckInspection$PointlessNullCheckVisitor
4133:            17            544  com.siyeh.ig.controlflow.UnnecessaryContinueInspection$UnnecessaryContinueVisitor
4134:            17            544  com.siyeh.ig.controlflow.UnnecessaryReturnInspection$UnnecessaryReturnVisitor
4135:            17            544  com.siyeh.ig.dataflow.UnnecessaryLocalVariableInspectionBase$UnnecessaryLocalVariableVisitor
4136:            17            544  com.siyeh.ig.errorhandling.ThrowFromFinallyBlockInspection$ThrowFromFinallyBlockVisitor
4137:            17            544  com.siyeh.ig.inheritance.RefusedBequestInspectionBase$RefusedBequestVisitor
4138:            17            544  com.siyeh.ig.junit.JUnit5PlatformInspection$1
4139:            17            544  com.siyeh.ig.memory.UnnecessaryEmptyArrayUsageInspection$1
4140:            17            544  com.siyeh.ig.migration.ForCanBeForeachInspectionBase$ForCanBeForeachVisitor
4141:            17            544  com.siyeh.ig.migration.IfCanBeSwitchInspection$IfCanBeSwitchVisitor
4142:            17            544  com.siyeh.ig.migration.UnnecessaryBoxingInspection$UnnecessaryBoxingVisitor
4143:            17            544  com.siyeh.ig.migration.UnnecessaryUnboxingInspection$UnnecessaryUnboxingVisitor
4144:            17            544  com.siyeh.ig.numeric.CachedNumberConstructorCallInspection$LongConstructorVisitor
4145:            17            544  com.siyeh.ig.numeric.PointlessArithmeticExpressionInspection$PointlessArithmeticVisitor
4146:            17            544  com.siyeh.ig.performance.StringConstructorInspection$StringConstructorVisitor
4147:            17            544  com.siyeh.ig.performance.ToArrayCallWithZeroLengthArrayArgumentInspection$1
4148:            17            544  com.siyeh.ig.threading.SynchronizationOnLocalVariableOrMethodParameterInspection$SynchronizationOnLocalVariableVisitor
4149:            17            544  com.siyeh.ig.threading.WhileLoopSpinsOnFieldInspection$WhileLoopSpinsOnFieldVisitor
4150:            17            544  com.siyeh.ig.ui.ExternalizableStringSet
4151:            17            544  java.lang.reflect.WeakCache$CacheKey
4152:            17            544  javax.swing.TimerQueue$DelayedTimer
4153:            17            544  org.intellij.lang.regexp.inspection.RepeatedSpaceInspection$RepeatedSpaceVisitor
4154:            34            544  org.jetbrains.jps.backwardRefs.LightRef$JavaLightClassRef
4155:             4            544  org.jetbrains.kotlin.cli.common.arguments.CommonCompilerArguments$DummyImpl
4156:            17            544  org.jetbrains.kotlin.idea.inspections.KotlinRedundantOverrideInspection$buildVisitor$1
4157:            17            544  org.jetbrains.kotlin.idea.inspections.NullableBooleanElvisInspection$buildVisitor$1
4158:            17            544  org.jetbrains.kotlin.idea.inspections.RedundantSamConstructorInspection$buildVisitor$1
4159:            17            544  org.jetbrains.kotlin.idea.inspections.gradle.DifferentKotlinGradleVersionInspection$MyVisitor
4160:            17            544  org.jetbrains.kotlin.idea.inspections.gradle.DifferentStdlibGradleVersionInspection$MyVisitor
4161:            34            544  org.jetbrains.kotlin.psi.VisitorWrappersKt$classOrObjectVisitor$1
4162:            34            544  org.jetbrains.kotlin.psi.VisitorWrappersKt$lambdaExpressionVisitor$1
4163:            34            544  org.jetbrains.kotlin.psi.VisitorWrappersKt$parameterVisitor$1
4164:            34            544  org.jetbrains.kotlin.psi.VisitorWrappersKt$prefixExpressionVisitor$1
4165:            34            544  org.jetbrains.kotlin.psi.VisitorWrappersKt$propertyAccessorVisitor$1
4166:            34            544  org.jetbrains.kotlin.psi.VisitorWrappersKt$whenExpressionVisitor$1
4167:            17            544  org.jetbrains.plugins.grails.i18n.GrailsI18nInspection$3
4168:            17            544  org.jetbrains.plugins.groovy.codeInspection.bugs.GroovyDocCheckInspection$1
4169:            17            544  org.jetbrains.plugins.groovy.codeInspection.bugs.NewInstanceOfSingletonInspection$1
4170:            17            544  org.jetbrains.plugins.groovy.codeInspection.changeToOperator.ChangeToOperatorInspection$1
4171:            17            544  org.jetbrains.plugins.groovy.codeInspection.confusing.ClashingTraitMethodsInspectionBase$1
4172:            17            544  org.jetbrains.plugins.groovy.codeInspection.confusing.DelegatesToInspection$1
4173:            17            544  org.jetbrains.plugins.groovy.codeInspection.confusing.GrDeprecatedAPIUsageInspection$1
4174:            17            544  org.jetbrains.plugins.groovy.codeInspection.confusing.GrPackageInspection$1
4175:            17            544  org.jetbrains.plugins.groovy.codeInspection.confusing.GrReassignedInClosureLocalVarInspection$1
4176:            17            544  org.jetbrains.plugins.groovy.codeInspection.confusing.GroovyPointlessBooleanInspection$PointlessBooleanExpressionVisitor
4177:            17            544  org.jetbrains.plugins.groovy.codeInspection.confusing.UnnecessaryQualifiedReferenceInspection$1
4178:            17            544  org.jetbrains.plugins.groovy.codeInspection.control.finalVar.GrFinalVariableAccessInspection$1
4179:            17            544  org.jetbrains.plugins.groovy.codeInspection.declaration.GrMethodMayBeStaticInspection$1
4180:            17            544  org.jetbrains.plugins.groovy.codeInspection.resources.TypeCustomizerInspection$1
4181:            17            544  sun.security.x509.DistributionPoint
4182:            17            544  sun.security.x509.URIName
4183:             2            528  [Lcom.sun.tools.javac.main.Option;
4184:             1            528  [Lorg.apache.commons.collections.map.AbstractHashedMap$HashEntry;
4185:            22            528  com.google.gson.internal.bind.TypeAdapters$32
4186:             6            528  com.intellij.codeInsight.daemon.impl.DaemonCodeAnalyzerImpl$3
4187:            33            528  com.intellij.codeInsight.daemon.impl.DaemonTooltipRendererProvider
4188:             6            528  com.intellij.ide.util.treeView.AbstractTreeBuilder$AbstractTreeNodeWrapper
4189:            22            528  com.intellij.javascript.nodejs.util.NodePackageRef
4190:            22            528  com.intellij.lang.javascript.documentation.JSDocumentationUtils$1
4191:            22            528  com.intellij.lang.javascript.psi.util.JSStubBasedPsiTreeUtil$3
4192:             6            528  com.intellij.openapi.editor.impl.EditorComponentImpl$AccessibleEditorComponentImpl
4193:            22            528  com.intellij.openapi.editor.impl.EditorImpl$$Lambda$996/860680569
4194:            22            528  com.intellij.openapi.editor.impl.MarkupModelImpl$$Lambda$1003/1417410011
4195:            22            528  com.intellij.openapi.util.KeyedExtensionCollector$$Lambda$265/190438427
4196:            22            528  com.intellij.openapi.vcs.FileStatusFactory$FileStatusImpl
4197:            22            528  com.intellij.psi.CustomHighlighterTokenType$CustomElementType
4198:            33            528  com.intellij.psi.UastReferenceProviderAdapter
4199:            22            528  com.intellij.psi.css.impl.descriptor.value.CssPositionValue
4200:            11            528  com.intellij.psi.formatter.xml.XmlCodeStyleSettings
4201:            22            528  com.intellij.psi.impl.source.codeStyle.lineIndent.JavaLikeLangLineIndentProvider$JavaLikeElement
4202:            33            528  com.intellij.psi.impl.source.tree.injected.JavaConcatenationInjectorManager$BaseConcatenation2InjectorAdapter$$Lambda$3718/2031176519
4203:            22            528  com.intellij.psi.tree.jsp.IJspElementType
4204:            22            528  com.intellij.psi.tree.xml.IXmlElementType
4205:            11            528  com.intellij.ui.TableExpandableItemsHandler
4206:            11            528  com.intellij.ui.plaf.beg.BegTableUI
4207:            22            528  com.intellij.util.containers.BidirectionalMap
4208:            22            528  com.intellij.util.containers.FactoryMap$3
4209:            33            528  com.intellij.util.io.PersistentHashMapValueStorage$ReaderOverRandomAccessFileCache
4210:            22            528  com.intellij.util.ui.ButtonlessScrollBarUI$1
4211:            22            528  com.intellij.util.ui.ButtonlessScrollBarUI$7
4212:            22            528  com.intellij.util.ui.ButtonlessScrollBarUI$8
4213:            33            528  com.intellij.util.xml.impl.InvocationCache$15
4214:            22            528  com.sun.jmx.mbeanserver.NamedObject
4215:            22            528  java.util.Collections$SynchronizedCollection
4216:            22            528  javax.swing.plaf.basic.BasicScrollBarUI$ScrollListener
4217:             6            528  javax.swing.text.html.ImageView
4218:            22            528  kotlin.reflect.jvm.internal.impl.incremental.components.NoLookupLocation
4219:            22            528  org.apache.commons.imaging.ImageFormats
4220:             3            528  org.apache.xerces.impl.dtd.XMLNSDTDValidator
4221:            22            528  org.intellij.lang.regexp.RegExpCapability
4222:            22            528  org.jaxen.expr.DefaultAndExpr
4223:            22            528  org.jetbrains.kotlin.incremental.components.NoLookupLocation
4224:            11            528  org.jetbrains.plugins.grails.util.GrailsArtifact
4225:             6            528  sun.rmi.transport.ConnectionInputStream
4226:            11            528  sun.swing.ImageIconUIResource
4227:            13            520  [Ljava.awt.datatransfer.DataFlavor;
4228:            12            520  [Ljava.lang.Float;
4229:            13            520  com.intellij.codeInspection.dataFlow.MethodData
4230:            13            520  com.intellij.ide.util.treeView.AbstractTreeUi$ElementNode
4231:             5            520  com.intellij.util.indexing.SnapshotInputMappings$1
4232:            13            520  com.sun.tools.jdi.ConnectorImpl$StringArgumentImpl
4233:            13            520  java.beans.GenericBeanInfo
4234:            13            520  java.io.StringReader
4235:            13            520  java.lang.invoke.MethodHandleImpl$IntrinsicMethodHandle
4236:            13            520  java.util.ArrayList$SubList
4237:            13            520  javax.swing.plaf.basic.BasicLookAndFeel$AudioAction
4238:            13            520  javax.swing.text.GapContent$InsertUndo
4239:            13            520  org.jdom.output.Format
4240:            13            520  sun.rmi.transport.tcp.TCPEndpoint
4241:            16            512  [Lcom.intellij.coverage.JavaCoverageEngineExtension;
4242:            16            512  [Lcom.intellij.struts.inplace.gutter.ClassAnnotator;
4243:            32            512  com.android.sdklib.repository.generated.addon.v1.MavenType
4244:            16            512  com.ansorgit.plugins.bash.lang.parser.BashElementTypes$BashCompositeElementType
4245:            32            512  com.intellij.codeInsight.daemon.RelatedItemLineMarkerInfo$RelatedItemLineMarkerGutterIconRenderer
4246:            16            512  com.intellij.codeInsight.daemon.impl.LocalInspectionsPass$4
4247:            16            512  com.intellij.codeInspection.naming.NamingConventionBean
4248:            32            512  com.intellij.execution.ui.layout.impl.GridCellImpl$1
4249:            32            512  com.intellij.execution.ui.layout.impl.GridCellImpl$4
4250:             8            512  com.intellij.ide.highlighter.custom.SyntaxTable
4251:            32            512  com.intellij.lang.javascript.psi.JSTypeUtils$3
4252:            16            512  com.intellij.lang.javascript.psi.types.TypeScriptTypeOperatorJSTypeImpl
4253:            16            512  com.intellij.openapi.application.TransactionGuardImpl$TransactionIdImpl
4254:             8            512  com.intellij.openapi.editor.impl.view.TextLayoutCache$1
4255:             4            512  com.intellij.openapi.wm.impl.status.InfoAndProgressPanel$MyInlineProgressIndicator
4256:            16            512  com.intellij.psi.PsiAnchor$TreeRangeReference
4257:            16            512  com.intellij.psi.PsiWildcardType
4258:            16            512  com.intellij.psi.css.descriptor.CssContextType
4259:            16            512  com.intellij.psi.impl.source.xml.XmlAttributeImpl$VolatileState
4260:            32            512  com.intellij.ui.JBColor$7
4261:            16            512  com.intellij.ui.TreeSpeedSearch$MySelectAllAction
4262:            16            512  com.intellij.util.IntSLRUCache
4263:            16            512  com.intellij.util.containers.hash.LinkedHashMap$Values$1
4264:            16            512  com.intellij.util.ui.JBRectangle
4265:            16            512  com.intellij.velocity.psi.VtlCompositeStarterTokenType
4266:             8            512  com.intellij.webcore.libraries.ScriptingLibraryMappings$CompoundLibrary
4267:             8            512  java.io.LineNumberReader
4268:            16            512  java.security.Permissions
4269:            16            512  java.time.temporal.ChronoUnit
4270:            16            512  javax.swing.plaf.basic.BasicRadioButtonUI$SelectNextBtn
4271:            16            512  javax.swing.plaf.basic.BasicRadioButtonUI$SelectPreviousBtn
4272:             8            512  kotlin.reflect.jvm.internal.KProperty0Impl
4273:            16            512  org.jetbrains.plugins.javaFX.fxml.refs.FxmlReferencesContributor$MyJavaClassReferenceProvider
4274:            16            512  sun.reflect.generics.reflectiveObjects.WildcardTypeImpl
4275:            16            512  sun.security.ssl.CipherSuite$KeyExchange
4276:             6            504  [Ljavax.swing.Action;
4277:            18            504  [Lkotlin.reflect.jvm.internal.impl.util.Check;
4278:            18            504  [Lorg.jetbrains.kotlin.util.Check;
4279:            21            504  com.intellij.concurrency.ApplierCompleter$$Lambda$1986/346730191
4280:            21            504  com.intellij.database.util.Casing
4281:            21            504  com.intellij.ide.navigationToolbar.ui.AbstractNavBarUI$$Lambda$1506/1029109853
4282:             9            504  com.intellij.openapi.paths.StaticPathReferenceProvider$1
4283:            21            504  com.intellij.patterns.PsiModifierListOwnerPattern$1
4284:            21            504  com.intellij.persistence.ManipulatorsRegistryImpl$1MyFactory
4285:             7            504  com.intellij.psi.impl.source.tree.LazyParseableElement
4286:            21            504  com.intellij.ui.PopupBorder$BaseBorder
4287:            21            504  com.intellij.util.text.VersionComparatorUtil$VersionTokenType
4288:            21            504  com.jetbrains.quirksmode.CssSelectorPattern
4289:             9            504  freemarker.template.Version
4290:             7            504  io.netty.channel.AdaptiveRecvByteBufAllocator$HandleImpl
4291:            21            504  java.util.AbstractMap$SimpleImmutableEntry
4292:            21            504  java.util.SubList$1
4293:            21            504  kotlin.reflect.jvm.internal.impl.load.java.NameAndSignature
4294:            21            504  org.apache.xerces.impl.xpath.regex.Op$StringOp
4295:            21            504  org.jetbrains.kotlin.load.java.NameAndSignature
4296:            21            504  org.jetbrains.plugins.scss.SCSSElementType
4297:            21            504  sun.security.x509.AVAKeyword
4298:            21            496  [Lcom.intellij.openapi.module.Module;
4299:             1            496  [Lcom.intellij.ui.stripe.ErrorStripePainter$Value;
4300:            31            496  com.android.tools.idea.gradle.project.GradleProjectInfo$$Lambda$880/2013389202
4301:             1            496  com.intellij.execution.util.ListTableWithButtons$1
4302:            31            496  com.intellij.jam.reflect.JamInstantiator$1
4303:             1            496  com.intellij.terminal.JBTerminalPanel
4304:            31            496  org.apache.xerces.util.AugmentationsImpl
4305:             1            488  [Lcom.intellij.psi.stubs.StubIndexExtension;
4306:            17            488  [Lcom.intellij.psi.xml.XmlTag;
4307:             1            488  sun.swing.FilePane
4308:            20            480  [Lcom.intellij.codeInspection.XmlSuppressionProvider;
4309:             6            480  [Lcom.intellij.ide.projectView.TreeStructureProvider;
4310:             1            480  [Lcom.intellij.util.xml.DomFileDescription;
4311:            13            480  [Lde.plushnikov.intellij.plugin.processor.AbstractProcessor;
4312:             8            480  [Lnet.sourceforge.pmd.lang.ast.xpath.AttributeAxisIterator$MethodWrapper;
4313:            18            480  [Lorg.apache.xerces.impl.xs.XSComplexTypeDecl;
4314:            10            480  [Lsun.awt.SunHints$Value;
4315:             4            480  [[Ljava.lang.Object;
4316:            10            480  com.alibaba.p3c.pmd.fix.FixClassTypeResolver
4317:             6            480  com.intellij.application.options.editor.EditorSmartKeysConfigurableEP
4318:            15            480  com.intellij.codeInsight.intention.impl.IntentionHintComponent$$Lambda$2755/1918590389
4319:            30            480  com.intellij.codeInsight.intention.impl.IntentionListStep$$Lambda$2752/1410334369
4320:            20            480  com.intellij.codeInsight.navigation.NavigationGutterIconBuilder$1
4321:             6            480  com.intellij.codeInspection.ex.InspectionProfileImpl
4322:            15            480  com.intellij.configurationStore.DirectoryBasedStorage$MySaveSession
4323:            15            480  com.intellij.database.model.MetaModelImpl
4324:            12            480  com.intellij.designer.AbstractToolWindowManager$1
4325:            20            480  com.intellij.execution.filters.ExceptionInfoCache
4326:             6            480  com.intellij.execution.junit.JUnitConfiguration
4327:            10            480  com.intellij.ide.actions.NonTrivialActionGroup
4328:            30            480  com.intellij.ide.navigationToolbar.NavBarPresentation$$Lambda$1716/466021074
4329:            30            480  com.intellij.lang.javascript.JSLanguageUtil$1
4330:            30            480  com.intellij.lang.javascript.frameworks.react.JSXLanguageLevelAnnotator
4331:            12            480  com.intellij.lang.javascript.psi.resolve.JSResolveUtil$9
4332:            20            480  com.intellij.lang.javascript.psi.resolve.WalkUpResolveProcessor$JSResolveTypeProcessor
4333:            10            480  com.intellij.lang.javascript.psi.stubs.impl.TypeScriptMappedTypeParameterStubImpl
4334:            12            480  com.intellij.lang.javascript.psi.stubs.impl.TypeScriptTypeofTypeStubImpl
4335:            30            480  com.intellij.lang.javascript.validation.JSAnnotator
4336:            20            480  com.intellij.lexer.BaseHtmlLexer$1
4337:            15            480  com.intellij.openapi.actionSystem.impl.ActionToolbarImpl$ToolbarReference
4338:            20            480  com.intellij.openapi.components.ExpandMacroToPathMap
4339:            20            480  com.intellij.openapi.editor.colors.impl.AdditionalTextAttributesEP
4340:            30            480  com.intellij.openapi.editor.impl.view.EditorSizeManager$$Lambda$1029/426178004
4341:            20            480  com.intellij.openapi.keymap.impl.WeakKeymapManagerListener
4342:            12            480  com.intellij.openapi.util.io.FileAttributes
4343:             4            480  com.intellij.openapi.vcs.VcsConfiguration
4344:            15            480  com.intellij.openapi.vcs.impl.ContentRevisionCache$Key
4345:            20            480  com.intellij.openapi.vfs.impl.LightFilePointer
4346:            20            480  com.intellij.openapi.vfs.newvfs.FileAttribute
4347:            30            480  com.intellij.openapi.wm.impl.StripeButton$1
4348:            30            480  com.intellij.openapi.wm.impl.StripeButton$MyKeymapListener
4349:            30            480  com.intellij.openapi.wm.impl.StripeButton$MyPopupHandler
4350:            30            480  com.intellij.openapi.wm.impl.ToolWindowImpl$2
4351:            30            480  com.intellij.openapi.wm.impl.content.ToolWindowContentUi$2
4352:            20            480  com.intellij.patterns.XmlAttributeValuePattern$3
4353:            20            480  com.intellij.psi.impl.cache.impl.todo.TodoIndexEntry
4354:            12            480  com.intellij.psi.impl.search.PsiSearchHelperImpl$$Lambda$3916/1679692432
4355:            15            480  com.intellij.psi.impl.search.PsiSearchHelperImpl$$Lambda$3920/885400201
4356:            15            480  com.intellij.psi.impl.source.PsiEnumConstantImpl
4357:            15            480  com.intellij.psi.impl.source.javadoc.SimpleDocTagInfo
4358:            12            480  com.intellij.psi.search.searches.ReferencesSearch$SearchParameters
4359:            20            480  com.intellij.spring.references.StaticStringValuesReferenceProvider
4360:            20            480  com.intellij.ui.ListExpandableItemsHandler$1
4361:            20            480  com.intellij.ui.ListExpandableItemsHandler$2
4362:            20            480  com.intellij.ui.ListExpandableItemsHandler$3
4363:            20            480  com.intellij.ui.ListExpandableItemsHandler$4
4364:            15            480  com.intellij.ui.popup.WizardPopup$1
4365:            15            480  com.intellij.ui.popup.WizardPopup$2
4366:            15            480  com.intellij.ui.popup.list.ListPopupImpl$1
4367:            15            480  com.intellij.ui.popup.list.ListPopupImpl$2
4368:            15            480  com.intellij.ui.popup.list.ListPopupImpl$3
4369:            15            480  com.intellij.ui.popup.list.ListPopupImpl$4
4370:            12            480  com.intellij.uiDesigner.AbstractToolWindowManager$1
4371:            30            480  com.intellij.util.containers.JBIterator$CountDown
4372:            12            480  com.intellij.util.containers.UnsafeWeakList$MyIterator
4373:            30            480  com.intellij.util.indexing.impl.ValueContainerImpl$3
4374:            30            480  com.intellij.util.ui.tree.TreeUtil$$Lambda$2039/1459836907
4375:            15            480  com.intellij.util.xml.ModelMergerImpl
4376:            20            480  com.jetbrains.quirksmode.CssDeclarationPattern$2
4377:            12            480  com.sun.jmx.mbeanserver.PerInterface
4378:             6            480  com.theoryinpractice.testng.configuration.TestNGConfiguration
4379:            12            480  io.netty.util.DefaultAttributeMap$DefaultAttribute
4380:            15            480  java.awt.CardLayout
4381:            20            480  java.awt.Toolkit$ToolkitEventMulticaster
4382:            20            480  java.lang.RuntimePermission
4383:            20            480  java.lang.ThreadLocal$SuppliedThreadLocal
4384:            12            480  java.lang.reflect.Proxy$Key2
4385:            15            480  java.util.LinkedHashMap$LinkedValueIterator
4386:            30            480  javax.swing.plaf.basic.BasicListUI$Actions
4387:            20            480  kotlin.reflect.jvm.internal.impl.protobuf.ExtensionRegistryLite$ObjectIntPair
4388:            20            480  net.miginfocom.layout.AC
4389:            20            480  net.miginfocom.layout.Grid$FlowSizeSpec
4390:            15            480  net.sourceforge.pmd.benchmark.Benchmark
4391:            20            480  net.sourceforge.pmd.lang.dfa.SequenceChecker$Status
4392:             6            480  net.sourceforge.pmd.lang.java.ast.ASTMultiplicativeExpression
4393:            12            480  net.sourceforge.pmd.lang.rule.xpath.JaxenXPathRuleQuery
4394:             3            480  org.apache.xerces.impl.xs.SchemaGrammar$BuiltinSchemaGrammar
4395:            15            480  org.apache.xerces.util.XMLGrammarPoolImpl$Entry
4396:             3            480  org.jetbrains.idea.maven.project.MavenProject$State
4397:            12            480  org.jetbrains.kotlin.idea.search.ideaExtensions.KotlinRequestResultProcessor
4398:            20            480  org.jetbrains.uast.java.AbstractJavaUClass$uastDeclarations$2
4399:            20            480  org.jetbrains.uast.java.AbstractJavaUClass$uastSuperTypes$2
4400:            20            480  org.jetbrains.uast.java.JavaUFile$allCommentsInFile$2
4401:            20            480  org.jetbrains.uast.java.JavaUFile$classes$2
4402:            20            480  org.jetbrains.uast.java.JavaUFile$imports$2
4403:            20            480  org.jetbrains.uast.java.JavaUMethod$annotations$2
4404:            20            480  org.jetbrains.uast.java.JavaUMethod$uastBody$2
4405:            20            480  org.jetbrains.uast.java.JavaUMethod$uastParameters$2
4406:            20            480  org.jetbrains.uast.java.JavaUastLanguagePlugin$convertDeclaration$1
4407:            20            480  org.zeroturnaround.javarebel.reporting.MessageType$Strategy
4408:             3            480  org.zmlx.hg4idea.HgVcs
4409:            10            480  sun.font.CMap$CMapFormat4
4410:            10            480  sun.nio.cs.StreamEncoder
4411:            30            480  sun.security.x509.GeneralName
4412:            20            480  sun.swing.SwingLazyValue
4413:             1            472  com.intellij.ui.components.JBLabel$1
4414:             1            472  javax.swing.plaf.metal.MetalFileChooserUI$3
4415:            29            464  [Lcom.intellij.tasks.TaskRepository;
4416:            29            464  com.intellij.codeInsight.daemon.impl.analysis.XmlNamespaceAnnotator
4417:            29            464  com.intellij.codeInsight.daemon.impl.analysis.XmlNsPrefixAnnotator
4418:            29            464  com.intellij.codeInspection.htmlInspections.XmlWrongClosingTagNameInspection
4419:            29            464  com.intellij.debugger.streams.resolve.MapResolver
4420:             1            464  com.intellij.ide.errorTreeView.NewErrorTreeViewPanel$4
4421:            29            464  com.intellij.jsf.FacesXmlAnnotator
4422:            29            464  com.intellij.lang.javascript.psi.resolve.JSIndexBasedResolveUtil$$Lambda$2585/117104164
4423:             1            464  com.intellij.openapi.wm.impl.IdeMenuBar$MyExitFullScreenButton
4424:            29            464  com.intellij.psi.css.browse.CssColorAnnotator
4425:            29            464  com.intellij.psi.css.impl.util.CssHighlightingAnnotator
4426:            29            464  com.intellij.psi.impl.file.PsiPackageImpl$PackageAnnotationValueProvider
4427:            29            464  com.intellij.spring.webflow.navigation.WebflowIdentifiedAnnotator
4428:            29            464  com.intellij.spring.ws.annotators.SpringWebServiceDispatcherServletGutterAnnotator
4429:            29            464  com.intellij.struts.highlighting.syntax.StrutsSyntaxAnnotator
4430:            29            464  com.intellij.struts.highlighting.syntax.TilesSyntaxAnnotator
4431:            29            464  com.intellij.struts.highlighting.syntax.ValidatorSyntaxAnnotator
4432:            29            464  com.intellij.struts2.annotators.StrutsFileSetCheckingAnnotator
4433:            29            464  com.intellij.usages.impl.rules.UsageType
4434:            29            464  com.intellij.util.xml.impl.DefaultDomAnnotator
4435:            29            464  com.sun.proxy.$Proxy32
4436:            29            464  org.intellij.lang.xpath.xslt.validation.XsltXmlAnnotator
4437:            29            464  org.jetbrains.idea.maven.dom.annotator.MavenDomGutterAnnotator
4438:            29            464  org.jetbrains.plugins.javaFX.fxml.refs.JavaFxAnnotator
4439:            29            464  org.jetbrains.plugins.less.annotator.LessErrorsAnnotator
4440:            29            464  org.jetbrains.plugins.scss.annotator.SassScssAnnotator
4441:            29            464  sun.security.x509.GeneralNames
4442:             8            456  [Lcom.intellij.openapi.fileTypes.FileTypeExtensionPoint;
4443:            22            456  [Lcom.intellij.openapi.util.TextRange;
4444:            19            456  [Ljavax.management.MBeanParameterInfo;
4445:             6            456  [Lsun.invoke.util.Wrapper;
4446:            19            456  com.intellij.cvsSupport2.actions.actionVisibility.CvsActionVisibility
4447:             3            456  com.intellij.ide.projectView.impl.ProjectViewImpl
4448:            19            456  com.intellij.lang.javascript.highlighting.JSSemanticHighlightingUtil$TextAttributeKeyInfo
4449:            19            456  com.intellij.lang.javascript.library.JSLibraryMappings$$Lambda$2241/1082741965
4450:            19            456  com.intellij.lang.javascript.psi.resolve.JSNamedElementKind
4451:            19            456  com.intellij.lang.javascript.psi.resolve.JSSinkResolveStatus
4452:            19            456  com.intellij.openapi.ui.ComboBox$MyEditor
4453:            19            456  com.intellij.openapi.ui.ComboBoxWithWidePopup$AdjustingListCellRenderer
4454:            19            456  com.intellij.psi.css.impl.descriptor.value.CssAngleValue
4455:            19            456  com.intellij.refactoring.rename.inplace.MyLookupExpression$1
4456:            19            456  com.intellij.util.ui.UIUtil$17
4457:            19            456  com.intellij.webcore.libraries.ScriptingLibraryMappings$$Lambda$2242/163812460
4458:            19            456  com.rover12421.exTENdS.synCHrOnIZED.ThrOWS
4459:            19            456  java.time.Duration
4460:             3            456  org.apache.xerces.impl.XMLDTDScannerImpl
4461:            19            456  org.jetbrains.kotlin.lexer.KtToken
4462:            19            456  org.zeroturnaround.javarebel.IDENotifications$IDENotificationType
4463:            19            456  sun.java2d.loops.CompositeType
4464:             4            448  [Lcom.intellij.openapi.editor.markup.RangeHighlighter;
4465:            14            448  [Lcom.intellij.psi.augment.PsiAugmentProvider;
4466:             5            448  [Ljava.lang.Thread;
4467:             8            448  com.google.common.collect.RegularImmutableBiMap
4468:            14            448  com.intellij.codeInsight.folding.impl.FoldingUpdate$RegionInfo
4469:            28            448  com.intellij.database.DatabaseFamilyId
4470:            28            448  com.intellij.ide.dnd.DnDSupport$DnDNativeTargetWrapper
4471:            28            448  com.intellij.lang.javascript.inspections.JSPrimitiveTypeWrapperUsageInspection$ReplaceWithSimpleInstantiation
4472:            28            448  com.intellij.openapi.editor.impl.EditorComponentImpl$1
4473:            28            448  com.intellij.openapi.editor.impl.EditorComponentImpl$EditorAccessibilityCaret
4474:            28            448  com.intellij.openapi.editor.impl.EditorComponentImpl$EditorAccessibilityTextUI
4475:            28            448  com.intellij.openapi.editor.impl.EditorFilteringMarkupModelEx$$Lambda$994/579615377
4476:            28            448  com.intellij.openapi.editor.impl.EditorGutterComponentImpl$$Lambda$1008/663506222
4477:            28            448  com.intellij.openapi.editor.impl.EditorGutterComponentImpl$$Lambda$1009/663981360
4478:            28            448  com.intellij.openapi.editor.impl.EditorGutterComponentImpl$$Lambda$1010/2097450853
4479:            28            448  com.intellij.openapi.editor.impl.EditorGutterComponentImpl$$Lambda$1011/1026546111
4480:            28            448  com.intellij.openapi.editor.impl.EditorImpl$$Lambda$1006/1818465404
4481:            28            448  com.intellij.openapi.editor.impl.EditorImpl$$Lambda$1012/149836015
4482:            28            448  com.intellij.openapi.editor.impl.EditorImpl$$Lambda$1035/1036264921
4483:            28            448  com.intellij.openapi.editor.impl.EditorImpl$1
4484:            28            448  com.intellij.openapi.editor.impl.EditorImpl$10
4485:            28            448  com.intellij.openapi.editor.impl.EditorImpl$11
4486:            28            448  com.intellij.openapi.editor.impl.EditorImpl$3
4487:            28            448  com.intellij.openapi.editor.impl.EditorImpl$7
4488:            28            448  com.intellij.openapi.editor.impl.EditorImpl$8
4489:            28            448  com.intellij.openapi.editor.impl.EditorImpl$EditorDocumentBulkUpdateAdapter
4490:            28            448  com.intellij.openapi.editor.impl.EditorImpl$MyMouseAdapter
4491:            28            448  com.intellij.openapi.editor.impl.EditorImpl$MyMouseMotionListener
4492:            28            448  com.intellij.openapi.editor.impl.EditorImpl$MyTextDrawingCallback
4493:            28            448  com.intellij.openapi.editor.impl.FoldingAnchorsOverlayStrategy
4494:             8            448  com.intellij.openapi.editor.impl.FontFallbackIterator
4495:            28            448  com.intellij.openapi.editor.impl.ScrollingModelImpl$1
4496:            28            448  com.intellij.openapi.editor.impl.SoftWrapModelImpl$1
4497:            28            448  com.intellij.openapi.editor.impl.softwrap.mapping.SoftWrapApplianceManager$$Lambda$1001/1130283222
4498:            28            448  com.intellij.openapi.editor.impl.softwrap.mapping.SoftWrapApplianceManager$DefaultVisibleAreaWidthProvider
4499:            28            448  com.intellij.openapi.editor.impl.view.EditorPainter$XCorrector$LeftAligned
4500:            28            448  com.intellij.openapi.editor.impl.view.EditorSizeManager$1
4501:            28            448  com.intellij.openapi.fileEditor.impl.text.FileDropHandler
4502:            28            448  com.intellij.openapi.progress.util.ProgressIndicatorUtils$2
4503:             4            448  com.intellij.openapi.roots.impl.ProjectRootManagerComponent
4504:            28            448  com.intellij.openapi.ui.ThreeComponentsSplitter$Divider$MyMouseAdapter
4505:            14            448  com.intellij.openapi.vcs.ex.DocumentTracker$MyDocumentListener
4506:            28            448  com.intellij.openapi.wm.impl.content.ContentTabLabel$3
4507:            14            448  com.intellij.openapi.wm.impl.status.IdeStatusBarImpl$WidgetBean
4508:            28            448  com.intellij.patterns.XmlElementPattern$Capture$1
4509:             7            448  com.intellij.psi.impl.java.stubs.LambdaExpressionElementType$1
4510:             8            448  com.intellij.psi.impl.source.PsiDiamondTypeElementImpl
4511:             8            448  com.intellij.psi.impl.source.javadoc.PsiInlineDocTagImpl
4512:             8            448  com.intellij.psi.impl.source.tree.java.PsiForeachStatementImpl
4513:             8            448  com.intellij.spring.boot.run.SpringBootApplicationRunConfiguration
4514:            14            448  com.intellij.spring.spi.SpringSpiReferenceContributor$3$1
4515:             8            448  com.intellij.ui.tabs.impl.JBTabsImpl$ShapeInfo
4516:            14            448  com.intellij.util.containers.ConcurrentWeakKeyWeakValueHashMap
4517:            14            448  com.intellij.util.xml.model.impl.BaseDomModelFactory$1
4518:            14            448  com.intellij.util.xml.model.impl.BaseDomModelFactory$2
4519:            28            448  com.intellij.util.xmlb.SkipDefaultValuesSerializationFilters
4520:            14            448  com.intellij.velocity.psi.VtlOperatorTokenType
4521:             8            448  com.intellij.xdebugger.impl.breakpoints.XBreakpointBase
4522:            28            448  com.sun.proxy.$Proxy106
4523:            28            448  com.sun.proxy.$Proxy131
4524:             8            448  javax.management.openmbean.OpenMBeanParameterInfoSupport
4525:             1            448  javax.swing.JFrame
4526:            14            448  kotlin.reflect.jvm.internal.impl.protobuf.WireFormat$FieldType
4527:            14            448  org.intellij.plugins.relaxNG.compact.RncElementTypeEx
4528:             4            448  org.jetbrains.idea.maven.project.MavenProjectsManager
4529:            14            448  org.jetbrains.kotlin.protobuf.WireFormat$FieldType
4530:             7            448  org.jetbrains.kotlin.serialization.deserialization.descriptors.DeserializedClassDescriptor$DeserializedClassMemberScope
4531:            14            448  org.jetbrains.kotlin.types.SimpleTypeImpl
4532:             8            448  org.jetbrains.osgi.bnd.run.BndRunConfigurationOptions
4533:             8            448  sun.awt.image.SunVolatileImage
4534:            14            448  sun.font.FreetypeFontScaler
4535:             7            448  sun.java2d.windows.GDIBlitLoops
4536:             8            448  sun.rmi.transport.tcp.TCPChannel
4537:             8            448  sun.rmi.transport.tcp.TCPConnection
4538:            14            448  sun.security.util.MemoryCache
4539:            14            448  sun.security.x509.CRLDistributionPointsExtension
4540:            14            440  [[S
4541:             5            440  com.intellij.codeInsight.template.impl.TemplateState
4542:            11            440  com.intellij.codeInspection.lambdaToExplicit.LambdaAndExplicitMethodPair
4543:            11            440  com.intellij.json.formatter.JsonCodeStyleSettings
4544:            11            440  com.intellij.psi.css.codeStyle.CssCodeStyleSettings
4545:            11            440  com.intellij.psi.search.GlobalSearchScope$2
4546:            11            440  com.intellij.spring.facet.SpringFileSetData
4547:             1            440  com.intellij.ui.MultilineTreeCellRenderer$3
4548:            11            440  com.intellij.util.concurrency.QueueProcessor
4549:            11            440  com.jediterm.terminal.ui.TerminalAction
4550:            11            440  javax.swing.plaf.basic.BasicTableUI$Handler
4551:            11            440  javax.swing.table.DefaultTableColumnModel
4552:            11            440  org.jetbrains.android.formatter.AndroidXmlCodeStyleSettings
4553:            11            440  org.jetbrains.kotlin.storage.LockBasedStorageManager$3
4554:            11            440  org.zeroturnaround.jrebel.ide.common.notifications.NotificationType
4555:            11            440  sun.rmi.transport.tcp.TCPTransport$ConnectionHandler
4556:            11            440  sun.security.ec.ECPublicKeyImpl
4557:             1            432  [[[C
4558:            27            432  com.android.sdklib.repository.generated.repository.v1.LayoutlibType
4559:            18            432  com.intellij.codeInsight.completion.impl.LiftShorterItemsClassifier$1
4560:            18            432  com.intellij.codeInspection.java18StreamApi.StaticPseudoFunctionalStyleMethodOptions$PipelineElement
4561:            18            432  com.intellij.compiler.options.CompileStepBeforeRun$MakeBeforeRunTask
4562:            18            432  com.intellij.compiler.options.CompileStepBeforeRunNoErrorCheck$MakeBeforeRunTaskNoErrorCheck
4563:            18            432  com.intellij.compiler.options.MakeProjectStepBeforeRun$MakeProjectBeforeRunTask
4564:             6            432  com.intellij.compiler.server.BuildManager$6
4565:            27            432  com.intellij.configurationStore.DigestOutputStream
4566:             6            432  com.intellij.execution.lineMarker.RunLineMarkerProvider$1
4567:             9            432  com.intellij.execution.ui.layout.impl.TabImpl$Default
4568:             6            432  com.intellij.find.impl.livePreview.SearchResults
4569:            18            432  com.intellij.ide.browsers.LaunchBrowserBeforeRunTask
4570:            18            432  com.intellij.jam.reflect.JamAnnotationArchetype
4571:             9            432  com.intellij.jam.reflect.JamParameterMeta
4572:            18            432  com.intellij.javascript.testFramework.AbstractTestFileStructureBuilder$$Lambda$2082/1577303698
4573:             6            432  com.intellij.lang.annotation.Annotation
4574:            18            432  com.intellij.lang.javascript.buildTools.grunt.beforeRun.GruntBeforeRunTask
4575:            18            432  com.intellij.lang.javascript.buildTools.npm.beforeRun.NpmBeforeRunTask
4576:            27            432  com.intellij.lang.javascript.psi.resolve.BaseJSSymbolProcessor$$Lambda$2324/871136379
4577:            27            432  com.intellij.lang.javascript.psi.resolve.JSCoreLibraryElementsCollector
4578:            27            432  com.intellij.lang.javascript.psi.resolve.JSCoreLibraryElementsCollector$1
4579:            18            432  com.intellij.lang.javascript.psi.types.JSRecordTypeImpl$IndexSignatureImpl
4580:            18            432  com.intellij.lang.javascript.types.JSFileElementType
4581:            27            432  com.intellij.openapi.command.impl.DocumentReferenceByVirtualFile
4582:            18            432  com.intellij.openapi.externalSystem.service.execution.ExternalSystemBeforeRunTask
4583:            27            432  com.intellij.openapi.options.ConfigurableEP$$Lambda$1338/1728977167
4584:            18            432  com.intellij.openapi.progress.EmptyProgressIndicator
4585:            18            432  com.intellij.openapi.util.MultiValuesMap
4586:            18            432  com.intellij.openapi.vcs.changes.VirtualFileHolder
4587:            18            432  com.intellij.patterns.PsiStatementPattern$Capture
4588:            27            432  com.intellij.psi.css.impl.CssTermTypeImpl
4589:            18            432  com.intellij.psi.tree.java.IJavaDocElementType
4590:             9            432  com.intellij.spring.model.custom.CustomComponentsDiscovererHelper$CustomComponentDiscovererBeansModel
4591:            18            432  com.intellij.sql.psi.SqlPrimitiveType
4592:            18            432  com.intellij.sql.psi.SqlType$Category
4593:            18            432  com.intellij.tools.ToolBeforeRunTask
4594:             6            432  com.intellij.ui.RelativeFont$MyFont
4595:            18            432  com.intellij.ui.components.ScrollPainter$$Lambda$343/378493104
4596:            18            432  com.intellij.ui.popup.HintUpdateSupply$1
4597:            18            432  com.intellij.util.containers.FilteredTraverserBase$2
4598:            18            432  com.intellij.util.containers.MultiMap$3
4599:            18            432  com.intellij.util.containers.TreeTraversal$3$1WrappedTree
4600:            18            432  com.intellij.util.io.BaseDataReader$1
4601:            18            432  com.jetbrains.plugins.remotesdk.tools.RemoteToolBeforeRunTask
4602:            18            432  com.rover12421.exTENdS.exTENdS.ThrOWS.SyNchRONiZed
4603:            18            432  com.rover12421.exTENdS.exTENdS.ThrOWS.SyNchRONiZed
4604:            27            432  com.sixrr.inspectjs.validity.UnreachableCodeJSInspection$Visitor$$Lambda$4199/143462699
4605:            27            432  com.sixrr.inspectjs.validity.UnreachableCodeJSInspection$Visitor$$Lambda$4201/1231994289
4606:            18            432  com.sun.xml.internal.bind.v2.runtime.SchemaTypeTransducer
4607:             9            432  io.netty.channel.DefaultChannelPipeline
4608:            18            432  io.netty.channel.VoidChannelPromise
4609:            27            432  java.security.spec.ECFieldFp
4610:            18            432  java.text.DateFormat$Field
4611:             9            432  javassist.CtPrimitiveType
4612:            18            432  kotlin.reflect.jvm.internal.KProperty0Impl$delegateFieldValue$1
4613:            18            432  kotlin.reflect.jvm.internal.KProperty0Impl$getter_$1
4614:            18            432  org.coffeescript.run.before.CoffeeScriptSourceMapsTask
4615:            18            432  org.intellij.plugins.relaxNG.compact.psi.impl.RncDefineImpl
4616:            18            432  org.jetbrains.kotlin.idea.formatter.KotlinLanguageCodeStyleSettingsProvider$customizeSettings$1
4617:            18            432  org.jetbrains.kotlin.serialization.deserialization.AnnotationDeserializer
4618:             9            432  sun.java2d.loops.DrawGlyphListColor$General
4619:             6            432  sun.rmi.transport.ConnectionOutputStream
4620:            18            424  [Lcom.siyeh.ig.InspectionGadgetsFix;
4621:             1            424  com.intellij.codeInsight.lookup.impl.LookupImpl$1
4622:             1            424  com.intellij.compiler.impl.ProblemsViewPanel
4623:             1            424  javax.swing.JFileChooser
4624:             1            424  javax.swing.SwingUtilities$SharedOwnerFrame
4625:             2            416  [Lcom.intellij.codeInsight.template.TemplateContextType;
4626:            25            416  [Lcom.intellij.lang.javascript.psi.jsdoc.JSDocTag;
4627:            14            416  [Lcom.intellij.psi.PsiAnnotation$TargetType;
4628:             1            416  com.intellij.diagnostic.IdeFatalErrorsIcon
4629:             1            416  com.intellij.diff.util.DiffUtil$1
4630:            26            416  com.intellij.facet.FacetTypeId
4631:             1            416  com.intellij.ide.errorTreeView.CallingBackColoredTreeCellRenderer
4632:             4            416  com.intellij.lang.javascript.flex.run.FlashRunnerParameters
4633:            26            416  com.intellij.lang.javascript.index.flags.FlagsStructure
4634:            13            416  com.intellij.lang.javascript.psi.ecmal4.impl.JSReferenceListImpl
4635:            26            416  com.intellij.openapi.vfs.newvfs.persistent.FSRecords$$Lambda$101/1376070208
4636:             1            416  com.intellij.openapi.wm.impl.IdeMenuBar
4637:            13            416  com.intellij.patterns.PsiClassPattern$2
4638:            13            416  com.intellij.util.containers.ConcurrentIntObjectHashMap$ForwardingNode
4639:            13            416  com.intellij.util.containers.FilteredTraverserBase$Cond
4640:            13            416  com.intellij.util.containers.hash.HashSet
4641:            26            416  com.intellij.util.indexing.containers.SortedIdSet$1
4642:            13            416  com.intellij.util.ui.tree.TreeUtil$1
4643:            13            416  com.intellij.util.ui.tree.TreeUtil$2
4644:            13            416  com.intellij.util.ui.tree.TreeUtil$3
4645:            13            416  com.intellij.util.ui.tree.TreeUtil$4
4646:            26            416  com.sun.xml.internal.bind.v2.runtime.reflect.Lister$CollectionLister
4647:            13            416  gnu.trove.TIntObjectIterator
4648:            13            416  java.beans.EventHandler
4649:            13            416  java.lang.StringCoding$StringEncoder
4650:            13            416  java.lang.invoke.SimpleMethodHandle
4651:            13            416  java.util.regex.Pattern$3
4652:            26            416  javax.swing.JMenuItem$MenuItemFocusListener
4653:             4            416  org.apache.xerces.impl.dv.xs.AbstractDateTimeDV$DateTimeData
4654:            13            416  org.jetbrains.kotlin.serialization.ProtoBuf$QualifiedNameTable
4655:            13            416  org.jetbrains.kotlin.serialization.ProtoBuf$StringTable
4656:             4            416  org.jetbrains.plugins.cucumber.java.run.CucumberJavaConfigurationOptions
4657:            13            416  org.picocontainer.defaults.InstanceComponentAdapter
4658:            13            416  sun.management.DiagnosticCommandImpl$Wrapper
4659:            13            416  sun.misc.FloatingDecimal$ASCIIToBinaryBuffer
4660:             1            416  sun.swing.FilePane$4
4661:            15            408  [Lcom.intellij.diagram.DiagramCategory;
4662:             3            408  [Lcom.intellij.semantic.SemContributorEP;
4663:            15            408  [Lcom.intellij.ui.classFilter.ClassFilter;
4664:            17            408  [Lcom.intellij.util.Function;
4665:            17            408  com.ansorgit.plugins.bash.editor.inspections.inspections.DuplicateFunctionDefInspection$1
4666:            17            408  com.ansorgit.plugins.bash.editor.inspections.inspections.EvaluateArithmeticExpressionInspection$1
4667:            17            408  com.ansorgit.plugins.bash.editor.inspections.inspections.EvaluateExpansionInspection$1
4668:            17            408  com.ansorgit.plugins.bash.editor.inspections.inspections.FixShebangInspection$2
4669:            17            408  com.ansorgit.plugins.bash.editor.inspections.inspections.FloatArithmeticInspection$1
4670:            17            408  com.ansorgit.plugins.bash.editor.inspections.inspections.FunctionDefInspection$1
4671:            17            408  com.ansorgit.plugins.bash.editor.inspections.inspections.GlobalLocalVarDefInspection$1
4672:            17            408  com.ansorgit.plugins.bash.editor.inspections.inspections.GloballyRegisteredVariableInspection$GloballyRegisteredVarVisitor
4673:            17            408  com.ansorgit.plugins.bash.editor.inspections.inspections.InternalCommandFunctionOverrideInspection$1
4674:            17            408  com.ansorgit.plugins.bash.editor.inspections.inspections.InternalVariableInspection$1
4675:            17            408  com.ansorgit.plugins.bash.editor.inspections.inspections.ReadonlyVariableInspection$1
4676:            17            408  com.ansorgit.plugins.bash.editor.inspections.inspections.RecursiveIncludeFileInspection$1
4677:            17            408  com.ansorgit.plugins.bash.editor.inspections.inspections.SimpleArrayUseInspection$1
4678:            17            408  com.ansorgit.plugins.bash.editor.inspections.inspections.SimpleVarUsageInspection$1
4679:            17            408  com.ansorgit.plugins.bash.editor.inspections.inspections.UnknownFiledescriptorInspection$1
4680:            17            408  com.ansorgit.plugins.bash.editor.inspections.inspections.UnresolvedVariableInspection$UnresolvedVariableVisitor
4681:            17            408  com.ansorgit.plugins.bash.editor.inspections.inspections.UnusedFunctionParameterInspection$1
4682:            17            408  com.ansorgit.plugins.bash.editor.inspections.inspections.UseExtendedTestCommandInspection$ExtendedTestCommandVisitor
4683:            17            408  com.intellij.aop.jam.DeclareParentsInspection$1
4684:            17            408  com.intellij.codeInsight.daemon.impl.analysis.XmlDefaultAttributeValueInspection$1
4685:            17            408  com.intellij.codeInsight.daemon.impl.analysis.XmlUnusedNamespaceInspection$1
4686:            17            408  com.intellij.codeInsight.guess.impl.MethodPattern
4687:            17            408  com.intellij.codeInspection.AnonymousCanBeLambdaInspection$1
4688:            17            408  com.intellij.codeInspection.AnonymousCanBeMethodReferenceInspection$1
4689:            17            408  com.intellij.codeInspection.AnonymousHasLambdaAlternativeInspection$1
4690:            17            408  com.intellij.codeInspection.CollectionAddAllCanBeReplacedWithConstructorInspection$2
4691:            17            408  com.intellij.codeInspection.ComparatorCombinatorsInspection$1
4692:            17            408  com.intellij.codeInspection.ComparatorResultComparisonInspection$1
4693:            17            408  com.intellij.codeInspection.ConditionalBreakInInfiniteLoopInspection$1
4694:            17            408  com.intellij.codeInspection.DefaultAnnotationParamInspection$1
4695:            17            408  com.intellij.codeInspection.DeprecatedIsStillUsedInspection$1
4696:            17            408  com.intellij.codeInspection.EndlessStreamInspection$1
4697:            17            408  com.intellij.codeInspection.ExplicitTypeCanBeDiamondInspection$1
4698:            17            408  com.intellij.codeInspection.FunctionalExpressionCanBeFoldedInspection$1
4699:            17            408  com.intellij.codeInspection.IdempotentLoopBodyInspection$1
4700:            17            408  com.intellij.codeInspection.InvalidComparatorMethodReferenceInspection$1
4701:            17            408  com.intellij.codeInspection.LambdaCanBeMethodReferenceInspection$1
4702:            17            408  com.intellij.codeInspection.NumericOverflowInspection$1
4703:            17            408  com.intellij.codeInspection.ObviousNullCheckInspection$1
4704:            17            408  com.intellij.codeInspection.OptionalAssignedToNullInspection$1
4705:            17            408  com.intellij.codeInspection.OptionalIsPresentInspection$1
4706:            17            408  com.intellij.codeInspection.PossibleHeapPollutionVarargsInspection$1
4707:            17            408  com.intellij.codeInspection.RedundantComparatorComparingInspection$1
4708:            17            408  com.intellij.codeInspection.RedundantExplicitCloseInspection$1
4709:            17            408  com.intellij.codeInspection.RedundantLambdaCodeBlockInspection$1
4710:            17            408  com.intellij.codeInspection.RedundantStreamOptionalCallInspection$1
4711:            17            408  com.intellij.codeInspection.ReplaceInefficientStreamCountInspection$1
4712:            17            408  com.intellij.codeInspection.SimplifyCollectorInspection$1
4713:            17            408  com.intellij.codeInspection.SimplifyOptionalCallChainsInspection$1
4714:            17            408  com.intellij.codeInspection.SimplifyStreamApiCallChainsInspection$1
4715:            17            408  com.intellij.codeInspection.StringTokenizerDelimiterInspection$1
4716:            17            408  com.intellij.codeInspection.SuspiciousArrayMethodCallInspection$1
4717:            17            408  com.intellij.codeInspection.TrivialFunctionalExpressionUsageInspection$1
4718:            17            408  com.intellij.codeInspection.UseCompareMethodInspection$1
4719:            17            408  com.intellij.codeInspection.accessStaticViaInstance.AccessStaticViaInstanceBase$1
4720:            17            408  com.intellij.codeInspection.bulkOperation.UseBulkOperationInspection$1
4721:            17            408  com.intellij.codeInspection.capitalization.TitleCapitalizationInspection$1
4722:            17            408  com.intellij.codeInspection.compiler.JavacQuirksInspectionVisitor
4723:            17            408  com.intellij.codeInspection.dataFlow.ContractInspection$1
4724:            17            408  com.intellij.codeInspection.dataFlow.DataFlowInspectionBase$1
4725:            17            408  com.intellij.codeInspection.defUse.DefUseInspectionBase$1
4726:            17            408  com.intellij.codeInspection.duplicateThrows.DuplicateThrowsInspection$1
4727:            17            408  com.intellij.codeInspection.java15api.Java15APIUsageInspectionBase$MyVisitor
4728:            17            408  com.intellij.codeInspection.java18StreamApi.StaticPseudoFunctionalStyleMethodInspection$1
4729:            17            408  com.intellij.codeInspection.java18api.Java8CollectionRemoveIfInspection$1
4730:            17            408  com.intellij.codeInspection.java18api.Java8ListSortInspection$1
4731:            17            408  com.intellij.codeInspection.java18api.Java8MapApiInspection$1
4732:            17            408  com.intellij.codeInspection.java18api.Java8MapForEachInspection$1
4733:            17            408  com.intellij.codeInspection.javaDoc.JavaDocLocalInspectionBase$1
4734:            17            408  com.intellij.codeInspection.javaDoc.JavaDocReferenceInspectionBase$1
4735:            17            408  com.intellij.codeInspection.jsp.ELDeferredExpressionsInspection$1
4736:            17            408  com.intellij.codeInspection.jsp.ELSpecComplianceInspection$1
4737:            17            408  com.intellij.codeInspection.jsp.ELValidationInspection$1
4738:            17            408  com.intellij.codeInspection.jsp.ElMethodSignatureInspection$1
4739:            17            408  com.intellij.codeInspection.jsp.JspAbsolutePathInspection$1
4740:            17            408  com.intellij.codeInspection.jsp.JspDirectiveInspection$1
4741:            17            408  com.intellij.codeInspection.jsp.JspPropertiesInspection$1
4742:            17            408  com.intellij.codeInspection.jsp.JspTagBodyContentInspection$1
4743:            17            408  com.intellij.codeInspection.lambdaToExplicit.ExcessiveLambdaUsageInspection$1
4744:            17            408  com.intellij.codeInspection.magicConstant.MagicConstantInspection$1
4745:            17            408  com.intellij.codeInspection.reflectiveAccess.JavaLangInvokeHandleSignatureInspection$1
4746:            17            408  com.intellij.codeInspection.reflectiveAccess.JavaReflectionInvocationInspection$1
4747:            17            408  com.intellij.codeInspection.reflectiveAccess.JavaReflectionMemberAccessInspection$1
4748:            17            408  com.intellij.codeInspection.sillyAssignment.SillyAssignmentInspectionBase$1
4749:            17            408  com.intellij.codeInspection.streamMigration.FuseStreamOperationsInspection$1
4750:            17            408  com.intellij.codeInspection.suspiciousNameCombination.SuspiciousNameCombinationInspectionBase$MyVisitor
4751:            17            408  com.intellij.codeInspection.xml.DeprecatedClassUsageInspection$1
4752:            17            408  com.intellij.coldFusion.UI.inspections.CfmlFileReferenceInspection$1
4753:            17            408  com.intellij.coldFusion.UI.inspections.CfmlInspectionBase$1
4754:            17            408  com.intellij.coldFusion.model.psi.CfmlCompositeElementType
4755:            17            408  com.intellij.freemarker.inspections.FtlCallsInspection$1
4756:            17            408  com.intellij.freemarker.inspections.FtlDeprecatedBuiltInsInspection$1
4757:            17            408  com.intellij.freemarker.inspections.FtlFileReferencesInspection$1
4758:            17            408  com.intellij.freemarker.inspections.FtlImportCallInspection$1
4759:            17            408  com.intellij.freemarker.inspections.FtlReferencesInspection$1
4760:            17            408  com.intellij.freemarker.inspections.FtlTypesInspection$1
4761:            17            408  com.intellij.freemarker.inspections.FtlWellformednessInspection$1
4762:            17            408  com.intellij.htmltools.xml.util.CheckImageSizeInspection$1
4763:             1            408  com.intellij.ide.errorTreeView.NewErrorTreeRenderer
4764:             1            408  com.intellij.ide.errorTreeView.NewErrorTreeRenderer$MyNotSelectedColoredTreeCellRenderer
4765:             1            408  com.intellij.ide.navigationToolbar.NavBarPanel
4766:            17            408  com.intellij.j2meplugin.codeInspection.MissedExecutableInspection$1
4767:            17            408  com.intellij.javaee.ejb.inspections.EjbClassBasicInspection$1
4768:            17            408  com.intellij.javaee.ejb.inspections.EjbClassWarningsInspection$1
4769:            17            408  com.intellij.javaee.ejb.inspections.EjbEntityClassInspection$1
4770:            17            408  com.intellij.javaee.ejb.inspections.EjbEntityHomeInspection$1
4771:            17            408  com.intellij.javaee.ejb.inspections.EjbEntityInterfaceInspection$1
4772:            17            408  com.intellij.javaee.ejb.inspections.EjbEnvironmentInspection$1
4773:            17            408  com.intellij.javaee.ejb.inspections.EjbInterceptorInspection$1
4774:            17            408  com.intellij.javaee.ejb.inspections.EjbInterceptorWarningsInspection$1
4775:            17            408  com.intellij.javaee.ejb.inspections.EjbInterfaceMethodInspection$1
4776:            17            408  com.intellij.javaee.ejb.inspections.EjbInterfaceSignatureInspection$1
4777:            17            408  com.intellij.javaee.ejb.inspections.EjbProhibitedPackageUsageInspection$1
4778:            17            408  com.intellij.javaee.ejb.inspections.EjbRemoteRequirementsInspection$1
4779:            17            408  com.intellij.javaee.ejb.inspections.EjbSessionHomeInterfaceInspection$1
4780:            17            408  com.intellij.javaee.ejb.inspections.EjbStaticAccessInspection$1
4781:            17            408  com.intellij.javaee.ejb.inspections.EjbThisExpressionInspection$1
4782:            17            408  com.intellij.javascript.nodejs.packageJson.codeInsight.PackageJsonMismatchedDependencyInspection$1
4783:            17            408  com.intellij.jpa.highlighting.JpaQueryApiInspection$1
4784:            17            408  com.intellij.json.codeinsight.JsonDuplicatePropertyKeysInspection$1
4785:            17            408  com.intellij.json.codeinsight.JsonStandardComplianceInspection$1
4786:            17            408  com.intellij.lang.javascript.flow.FlowJSConfigInspection$1
4787:            17            408  com.intellij.lang.javascript.flow.inspections.FlowJSFlagCommentPlacementInspection$1
4788:            17            408  com.intellij.lang.javascript.index.JSTypeEvaluateManager$$Lambda$4213/783250578
4789:            17            408  com.intellij.lang.javascript.inspections.ES6BindWithArrowFunctionInspection$1
4790:            17            408  com.intellij.lang.javascript.inspections.ES6ClassMemberInitializationOrderInspection$1
4791:            17            408  com.intellij.lang.javascript.inspections.ES6PossiblyAsyncFunctionInspection$1
4792:            17            408  com.intellij.lang.javascript.inspections.ES6UnusedImportsInspection$1
4793:            17            408  com.intellij.lang.javascript.inspections.JSAccessibilityCheckInspection$1
4794:            17            408  com.intellij.lang.javascript.inspections.JSBitwiseOperatorUsageInspection$1
4795:            17            408  com.intellij.lang.javascript.inspections.JSCheckFunctionSignaturesInspection$1
4796:            17            408  com.intellij.lang.javascript.inspections.JSClosureCompilerSyntaxInspection$1
4797:            17            408  com.intellij.lang.javascript.inspections.JSCommentMatchesSignatureInspection$1
4798:            17            408  com.intellij.lang.javascript.inspections.JSComparisonWithNaNInspection$1
4799:            17            408  com.intellij.lang.javascript.inspections.JSConsecutiveCommasInArrayLiteralInspection$1
4800:            17            408  com.intellij.lang.javascript.inspections.JSConstructorReturnsPrimitiveInspection$1
4801:            17            408  com.intellij.lang.javascript.inspections.JSDeprecatedSymbolsInspection$1
4802:            17            408  com.intellij.lang.javascript.inspections.JSEqualityComparisonWithCoercionInspection$1
4803:            17            408  com.intellij.lang.javascript.inspections.JSFileReferencesInspection$1
4804:            17            408  com.intellij.lang.javascript.inspections.JSIgnoredPromiseFromCallInspection$1
4805:            17            408  com.intellij.lang.javascript.inspections.JSJQueryEfficiencyInspection$1
4806:            17            408  com.intellij.lang.javascript.inspections.JSLastCommaInArrayLiteralInspection$1
4807:            17            408  com.intellij.lang.javascript.inspections.JSLastCommaInObjectLiteralInspection$1
4808:            17            408  com.intellij.lang.javascript.inspections.JSMethodCanBeStaticInspection$1
4809:            17            408  com.intellij.lang.javascript.inspections.JSMismatchedCollectionQueryUpdateInspectionBase$MismatchedCollectionQueryUpdateVisitor
4810:            17            408  com.intellij.lang.javascript.inspections.JSNonASCIINamesInspection$1
4811:            17            408  com.intellij.lang.javascript.inspections.JSPotentiallyInvalidConstructorUsageInspection$1
4812:            17            408  com.intellij.lang.javascript.inspections.JSPotentiallyInvalidTargetOfIndexedPropertyAccess$1
4813:            17            408  com.intellij.lang.javascript.inspections.JSPotentiallyInvalidUsageOfClassThisInspection$1
4814:            17            408  com.intellij.lang.javascript.inspections.JSPotentiallyInvalidUsageOfThisInspection$1
4815:            17            408  com.intellij.lang.javascript.inspections.JSPrimitiveTypeWrapperUsageInspection$1
4816:            17            408  com.intellij.lang.javascript.inspections.JSReferencingArgumentsOutsideOfFunctionInspection$1
4817:            17            408  com.intellij.lang.javascript.inspections.JSReferencingMutableVariableFromClosureInspection$1
4818:            17            408  com.intellij.lang.javascript.inspections.JSSuspiciousNameCombinationInspectionBase$1
4819:            17            408  com.intellij.lang.javascript.inspections.JSUndeclaredVariableInspection$1
4820:            17            408  com.intellij.lang.javascript.inspections.JSUndefinedPropertyAssignmentInspection$1
4821:            17            408  com.intellij.lang.javascript.inspections.JSUnfilteredForInLoopInspection$1
4822:            17            408  com.intellij.lang.javascript.inspections.JSUnnecessarySemicolonInspection$1
4823:            17            408  com.intellij.lang.javascript.inspections.JSUnresolvedExtXTypeInspection$1
4824:            17            408  com.intellij.lang.javascript.inspections.JSUnresolvedFunctionInspection$1
4825:            17            408  com.intellij.lang.javascript.inspections.JSUnresolvedLibraryURLInspection$1
4826:            17            408  com.intellij.lang.javascript.inspections.JSUnresolvedVariableInspection$1
4827:            17            408  com.intellij.lang.javascript.inspections.JSUnusedAssignmentInspection$1
4828:            17            408  com.intellij.lang.javascript.inspections.JSUnusedLocalSymbolsInspection$1
4829:            17            408  com.intellij.lang.javascript.inspections.JSValidateJSDocInspection$1
4830:            17            408  com.intellij.lang.javascript.inspections.JSXNamespaceValidationInspection$1
4831:            17            408  com.intellij.lang.javascript.inspections.UnterminatedStatementJSInspection$Visitor
4832:            17            408  com.intellij.lang.javascript.inspections.actionscript.JSImplicitlyInternalDeclarationInspection$1
4833:            17            408  com.intellij.lang.javascript.inspections.actionscript.JSUntypedDeclarationInspection$1
4834:            17            408  com.intellij.lang.javascript.intentions.ES6ConvertVarToLetConstInspection$1
4835:            17            408  com.intellij.lang.javascript.modules.AmdModulesDependenciesInspection$MyJSElementVisitor
4836:            17            408  com.intellij.lang.javascript.modules.ES6CheckImportInspection$createVisitor$1
4837:            17            408  com.intellij.lang.javascript.modules.ES6ModulesDependenciesInspection$MyJSElementVisitor
4838:            17            408  com.intellij.lang.javascript.modules.NpmUsedModulesInstalledInspection$1
4839:            17            408  com.intellij.lang.javascript.modules.TypeScriptCheckImportInspection$createVisitor$1
4840:            17            408  com.intellij.lang.javascript.psi.JSLiteralExpressionKind
4841:            17            408  com.intellij.lang.typescript.inspection.TypeScriptPreferShortImportInspection$1
4842:            17            408  com.intellij.lang.typescript.inspection.TypeScriptUMDGlobalInspection$1
4843:            17            408  com.intellij.lang.typescript.inspections.TypeScriptAbstractClassConstructorCanBeMadeProtectedInspection$1
4844:            17            408  com.intellij.lang.typescript.inspections.TypeScriptAccessibilityCheckInspection$1
4845:            17            408  com.intellij.lang.typescript.inspections.TypeScriptSuspiciousConstructorParameterAssignmentInspection$1
4846:            17            408  com.intellij.lang.typescript.inspections.TypeScriptUnresolvedFunctionInspection$1
4847:            17            408  com.intellij.lang.typescript.inspections.TypeScriptUnresolvedVariableInspection$1
4848:            17            408  com.intellij.lang.typescript.inspections.TypeScriptValidateJSTypesInspection$1
4849:            17            408  com.intellij.lang.typescript.inspections.TypeScriptValidateTypesInspection$1
4850:            17            408  com.intellij.openapi.roots.GeneratedSourcesFilter$$Lambda$3148/967473031
4851:            17            408  com.intellij.openapi.roots.GeneratedSourcesFilter$$Lambda$3149/1300291335
4852:             1            408  com.intellij.openapi.wm.impl.status.IdeStatusBarImpl$MultipleTextValuesPresentationWrapper
4853:             1            408  com.intellij.openapi.wm.impl.status.ToolWindowsWidget
4854:            17            408  com.intellij.psi.css.impl.descriptor.value.CssTimeValue
4855:            17            408  com.intellij.psi.css.inspections.CssInvalidElementInspection$1
4856:            17            408  com.intellij.psi.css.inspections.CssNegativeValueInspection$1
4857:            17            408  com.intellij.psi.css.inspections.CssOptimizeSimilarPropertiesInspection$1
4858:            17            408  com.intellij.psi.css.inspections.CssOverwrittenPropertiesInspection$1
4859:            17            408  com.intellij.psi.css.inspections.CssUnknownPropertyInspectionBase$UnknownPropertyVisitor
4860:            17            408  com.intellij.psi.css.inspections.CssUnusedSymbolVisitor
4861:            17            408  com.intellij.psi.css.inspections.bugs.CssFloatPxLengthInspection$1
4862:            17            408  com.intellij.psi.css.inspections.bugs.CssMissingCommaInspection$1
4863:            17            408  com.intellij.psi.css.inspections.bugs.CssNoGenericFontNameInspection$1
4864:            17            408  com.intellij.psi.css.inspections.bugs.CssUnitlessNumberInspection$1
4865:            17            408  com.intellij.psi.css.inspections.invalid.CssInvalidAtRuleInspection$1
4866:            17            408  com.intellij.psi.css.inspections.invalid.CssInvalidCharsetRuleInspection$4
4867:            17            408  com.intellij.psi.css.inspections.invalid.CssInvalidFunctionInspection$1
4868:            17            408  com.intellij.psi.css.inspections.invalid.CssInvalidImportInspection$3
4869:            17            408  com.intellij.psi.css.inspections.invalid.CssInvalidMediaFeatureInspection$1
4870:            17            408  com.intellij.psi.css.inspections.invalid.CssInvalidPropertyValueInspection$1
4871:            17            408  com.intellij.psi.css.inspections.invalid.CssInvalidPseudoSelectorInspection$1
4872:            17            408  com.intellij.psi.css.inspections.invalid.CssUnknownTargetInspection$1
4873:            17            408  com.intellij.psi.css.inspections.invalid.CssUnresolvedClassInspection$1
4874:            17            408  com.intellij.psi.css.inspections.invalid.CssUnresolvedCustomPropertyInspection$1
4875:            17            408  com.intellij.psi.css.inspections.invalid.CssUnresolvedCustomPropertySetInspection$1
4876:            17            408  com.intellij.psi.css.inspections.style.CssRedundantUnitInspection$1
4877:            17            408  com.intellij.refactoring.typeMigration.inspections.GuavaInspection$1
4878:            17            408  com.intellij.refactoring.typeMigration.inspections.GuavaInspection$1$1
4879:            17            408  com.intellij.spellchecker.inspections.SpellCheckingInspection$1
4880:            17            408  com.intellij.spring.el.inspections.SpringElInspection$1
4881:            17            408  com.intellij.spring.model.actions.generate.SpringBeanGenerateProvider
4882:            17            408  com.intellij.spring.web.mvc.pathVariables.MVCPathVariableInspection$1
4883:            17            408  com.intellij.tasks.jira.jql.codeinsight.JqlFieldType
4884:             1            408  com.intellij.terminal.JBTerminalWidget
4885:            17            408  com.intellij.thymeleaf.highlighting.ThymeleafMessagesResolveInspection$1
4886:            17            408  com.intellij.thymeleaf.highlighting.ThymeleafVariablesResolveInspection$1
4887:            17            408  com.intellij.uiDesigner.inspections.BoundFieldAssignmentInspection$1
4888:            17            408  com.intellij.util.containers.IntArrayList
4889:            17            408  com.intellij.util.indexing.containers.SortedIdSet$Iterator
4890:            17            408  com.intellij.ws.inspections.AbstractWebServicesReferenceInspection$1
4891:            17            408  com.intellij.ws.inspections.AbstractWebServicesReferenceInspection$1
4892:            17            408  com.intellij.xml.util.CheckDtdReferencesInspection$1
4893:            17            408  com.intellij.xml.util.CheckEmptyTagInspection$1
4894:            17            408  com.intellij.xml.util.CheckTagEmptyBodyInspection$1
4895:            17            408  com.intellij.xml.util.CheckValidXmlInScriptBodyInspectionBase$1
4896:            17            408  com.siyeh.ig.abstraction.InterfaceMethodClashesWithObjectInspection$InterfaceClashesWithObjectClassVisitor
4897:            17            408  com.siyeh.ig.abstraction.OptionalUsedAsFieldOrParameterTypeInspection$OptionUsedAsFieldOrParameterTypeVisitor
4898:            17            408  com.siyeh.ig.bitwise.IncompatibleMaskInspection$IncompatibleMaskVisitor
4899:            17            408  com.siyeh.ig.bitwise.ShiftOutOfRangeInspection$ShiftOutOfRange
4900:            17            408  com.siyeh.ig.bugs.ArrayEqualsInspection$ArrayEqualsVisitor
4901:            17            408  com.siyeh.ig.bugs.ArrayHashCodeInspection$ArrayHashCodeVisitor
4902:            17            408  com.siyeh.ig.bugs.ArrayObjectsEqualsInspection$ArrayObjectsEqualsVisitor
4903:            17            408  com.siyeh.ig.bugs.AssertWithSideEffectsInspection$AssertWithSideEffectsVisitor
4904:            17            408  com.siyeh.ig.bugs.CollectionAddedToSelfInspection$CollectionAddedToSelfVisitor
4905:            17            408  com.siyeh.ig.bugs.CopyConstructorMissesFieldInspection$CopyConstructorMissesFieldVisitor
4906:            17            408  com.siyeh.ig.bugs.EqualsWhichDoesntCheckParameterClassInspection$EqualsWhichDoesntCheckParameterClassVisitor
4907:            17            408  com.siyeh.ig.bugs.EqualsWithItselfInspection$EqualsWithIfSelfVisitor
4908:            17            408  com.siyeh.ig.bugs.ImplicitArrayToStringInspection$ImplicitArrayToStringVisitor
4909:            17            408  com.siyeh.ig.bugs.InfiniteRecursionInspection$InfiniteRecursionVisitor
4910:            17            408  com.siyeh.ig.bugs.MalformedRegexInspection$MalformedRegexVisitor
4911:            17            408  com.siyeh.ig.bugs.MalformedXPathInspection$MalformedXPathVisitor
4912:            17            408  com.siyeh.ig.bugs.MathRandomCastToIntInspection$MathRandomCastToIntegerVisitor
4913:            17            408  com.siyeh.ig.bugs.MismatchedArrayReadWriteInspection$MismatchedArrayReadWriteVisitor
4914:            17            408  com.siyeh.ig.bugs.NewStringBufferWithCharArgumentInspection$StringBufferWithCharArgumentVisitor
4915:            17            408  com.siyeh.ig.bugs.NullArgumentToVariableArgMethodInspection$NullArgumentToVariableArgVisitor
4916:            17            408  com.siyeh.ig.bugs.NumberEqualityInspection$NumberEqualityVisitor
4917:            17            408  com.siyeh.ig.bugs.ObjectEqualsNullInspection$ObjectEqualsNullVisitor
4918:            17            408  com.siyeh.ig.bugs.PrimitiveArrayArgumentToVariableArgMethodInspection$PrimitiveArrayArgumentToVariableArgVisitor
4919:            17            408  com.siyeh.ig.bugs.ReflectionForUnavailableAnnotationInspection$ReflectionForUnavailableAnnotationVisitor
4920:            17            408  com.siyeh.ig.bugs.ReplaceAllDotInspection$ReplaceAllDotVisitor
4921:            17            408  com.siyeh.ig.bugs.StringEqualityInspection$ObjectEqualityVisitor
4922:            17            408  com.siyeh.ig.bugs.StringEqualsCharSequenceInspection$StringEqualsCharSequenceVisitor
4923:            17            408  com.siyeh.ig.bugs.SuspiciousComparatorCompareInspection$SuspiciousComparatorCompareVisitor
4924:            17            408  com.siyeh.ig.bugs.SuspiciousSystemArraycopyInspection$SuspiciousSystemArraycopyVisitor
4925:            17            408  com.siyeh.ig.bugs.SuspiciousToArrayCallInspection$SuspiciousToArrayCallVisitor
4926:            17            408  com.siyeh.ig.bugs.ThrowableNotThrownInspection$ThrowableResultOfMethodCallIgnoredVisitor
4927:            17            408  com.siyeh.ig.classlayout.FinalPrivateMethodInspection$FinalPrivateMethodVisitor
4928:            17            408  com.siyeh.ig.classlayout.FinalStaticMethodInspection$FinalStaticMethodVisitor
4929:            17            408  com.siyeh.ig.controlflow.ConstantConditionalExpressionInspection$ConstantConditionalExpressionVisitor
4930:            17            408  com.siyeh.ig.controlflow.DoubleNegationInspection$DoubleNegationVisitor
4931:            17            408  com.siyeh.ig.controlflow.InfiniteLoopStatementInspection$InfiniteLoopStatementsVisitor
4932:            17            408  com.siyeh.ig.controlflow.LoopStatementsThatDontLoopInspection$LoopStatementsThatDontLoopVisitor
4933:            17            408  com.siyeh.ig.controlflow.SimplifiableBooleanExpressionInspection$SimplifiableBooleanExpressionVisitor
4934:            17            408  com.siyeh.ig.controlflow.SimplifiableConditionalExpressionInspection$SimplifiableConditionalExpressionVisitor
4935:            17            408  com.siyeh.ig.controlflow.TrivialIfInspection$TrivialIfVisitor
4936:            17            408  com.siyeh.ig.controlflow.UnnecessaryBreakInspection$UnnecessaryBreakVisitor
4937:            17            408  com.siyeh.ig.controlflow.UnnecessaryConditionalExpressionInspection$UnnecessaryConditionalExpressionVisitor
4938:            17            408  com.siyeh.ig.controlflow.UnnecessaryLabelOnBreakStatementInspection$UnnecessaryLabelOnBreakStatementVisitor
4939:            17            408  com.siyeh.ig.controlflow.UnnecessaryLabelOnContinueStatementInspection$UnnecessaryLabelOnContinueStatementVisitor
4940:            17            408  com.siyeh.ig.errorhandling.CatchMayIgnoreExceptionInspection$1
4941:            17            408  com.siyeh.ig.errorhandling.CaughtExceptionImmediatelyRethrownInspection$CaughtExceptionImmediatelyRethrownVisitor
4942:            17            408  com.siyeh.ig.errorhandling.ContinueOrBreakFromFinallyBlockInspection$ContinueOrBreakFromFinallyBlockVisitor
4943:            17            408  com.siyeh.ig.errorhandling.EmptyFinallyBlockInspection$EmptyFinallyBlockVisitor
4944:            17            408  com.siyeh.ig.errorhandling.EmptyTryBlockInspection$EmptyTryBlockVisitor
4945:            17            408  com.siyeh.ig.errorhandling.FinallyBlockCannotCompleteNormallyInspection$FinallyBlockCannotCompleteNormallyVisitor
4946:            17            408  com.siyeh.ig.errorhandling.ReturnFromFinallyBlockInspection$ReturnFromFinallyBlockVisitor
4947:            17            408  com.siyeh.ig.errorhandling.UnnecessaryInitCauseInspectionBase$UnnecessaryInitCauseVisitor
4948:            17            408  com.siyeh.ig.finalization.NoExplicitFinalizeCallsInspection$NoExplicitFinalizeCallsVisitor
4949:            17            408  com.siyeh.ig.inheritance.ExtendsAnnotationInspection$ExtendsAnnotationVisitor
4950:            17            408  com.siyeh.ig.javadoc.DanglingJavadocInspection$DanglingJavadocVisitor
4951:            17            408  com.siyeh.ig.junit.AssertEqualsBetweenInconvertibleTypesInspection$AssertEqualsBetweenInconvertibleTypesVisitor
4952:            17            408  com.siyeh.ig.junit.JUnit4AnnotatedMethodInJUnit3TestCaseInspectionBase$Junit4AnnotatedMethodInJunit3TestCaseVisitor
4953:            17            408  com.siyeh.ig.maturity.ThrowablePrintedToSystemOutInspection$ThrowablePrintedToSystemOutVisitor
4954:            17            408  com.siyeh.ig.migration.IndexOfReplaceableByContainsInspection$IndexOfReplaceableByContainsVisitor
4955:            17            408  com.siyeh.ig.migration.StringBufferReplaceableByStringBuilderInspection$StringBufferReplaceableByStringBuilderVisitor
4956:            17            408  com.siyeh.ig.migration.TryFinallyCanBeTryWithResourcesInspection$TryFinallyCanBeTryWithResourcesVisitor
4957:            17            408  com.siyeh.ig.migration.TryWithIdenticalCatchesInspection$TryWithIdenticalCatchesVisitor
4958:            17            408  com.siyeh.ig.migration.WhileCanBeForeachInspectionBase$WhileCanBeForeachVisitor
4959:            17            408  com.siyeh.ig.naming.MethodNameSameAsClassNameInspectionBase$MethodNameSameAsClassNameVisitor
4960:            17            408  com.siyeh.ig.numeric.BigDecimalMethodWithoutRoundingCalledInspection$BigDecimalMethodWithoutRoundingCalledVisitor
4961:            17            408  com.siyeh.ig.numeric.DivideByZeroInspection$DivisionByZeroVisitor
4962:            17            408  com.siyeh.ig.numeric.LongLiteralsEndingWithLowercaseLInspection$LongLiteralWithLowercaseLVisitor
4963:            17            408  com.siyeh.ig.numeric.OctalLiteralInspection$OctalLiteralVisitor
4964:            17            408  com.siyeh.ig.performance.ArraysAsListWithZeroOrOneArgumentInspection$ArrayAsListWithOneArgumentVisitor
4965:            17            408  com.siyeh.ig.performance.BooleanConstructorInspection$BooleanConstructorVisitor
4966:            17            408  com.siyeh.ig.performance.BoxingBoxedValueInspection$BoxingBoxedValueVisitor
4967:            17            408  com.siyeh.ig.performance.ClassInitializerMayBeStaticInspection$ClassInitializerCanBeStaticVisitor
4968:            17            408  com.siyeh.ig.performance.InstantiatingObjectToGetClassObjectInspection$InstantiatingObjectToGetClassObjectVisitor
4969:            17            408  com.siyeh.ig.performance.ManualArrayCopyInspection$ManualArrayCopyVisitor
4970:            17            408  com.siyeh.ig.performance.ManualArrayToCollectionCopyInspection$ManualArrayToCollectionCopyVisitor
4971:            17            408  com.siyeh.ig.performance.RedundantStringFormatCallInspection$RedundantStringFormatCallVisitor
4972:            17            408  com.siyeh.ig.performance.StringConcatenationInLoopsInspection$StringConcatenationInLoopsVisitor
4973:            17            408  com.siyeh.ig.performance.StringConcatenationInsideStringBufferAppendInspection$StringConcatenationInsideStringBufferAppendVisitor
4974:            17            408  com.siyeh.ig.performance.UnnecessaryTemporaryOnConversionFromStringInspection$UnnecessaryTemporaryObjectVisitor
4975:            17            408  com.siyeh.ig.performance.UnnecessaryTemporaryOnConversionToStringInspection$UnnecessaryTemporaryObjectVisitor
4976:            17            408  com.siyeh.ig.redundancy.RedundantCollectionOperationInspection$1
4977:            17            408  com.siyeh.ig.redundancy.RedundantStringOperationInspection$1
4978:            17            408  com.siyeh.ig.redundancy.UnusedLabelInspection$UnusedLabelVisitor
4979:            17            408  com.siyeh.ig.serialization.ExternalizableWithoutPublicNoArgConstructorInspectionBase$ExternalizableWithoutPublicNoArgConstructorVisitor
4980:            17            408  com.siyeh.ig.style.ExtendsObjectInspection$ExtendsObjectVisitor
4981:            17            408  com.siyeh.ig.style.StringBufferReplaceableByStringInspectionBase$StringBufferReplaceableByStringVisitor
4982:            17            408  com.siyeh.ig.style.TypeParameterExtendsObjectInspection$ExtendsObjectVisitor
4983:            17            408  com.siyeh.ig.style.UnnecessaryEnumModifierInspection$UnnecessaryEnumModifierVisitor
4984:            17            408  com.siyeh.ig.style.UnnecessaryInterfaceModifierInspection$UnnecessaryInterfaceModifierVisitor
4985:            17            408  com.siyeh.ig.style.UnnecessarySemicolonInspection$UnnecessarySemicolonVisitor
4986:            17            408  com.siyeh.ig.threading.AtomicFieldUpdaterIssuesInspection$AtomicFieldUpdaterIssuesVisitor
4987:            17            408  com.siyeh.ig.threading.AtomicFieldUpdaterNotStaticFinalInspection$AtomicFieldUpdaterNotStaticFinalVisitor
4988:            17            408  com.siyeh.ig.threading.NonAtomicOperationOnVolatileFieldInspection$NonAtomicOperationOnVolatileFieldVisitor
4989:            17            408  com.siyeh.ig.threading.StaticInitializerReferencesSubClassInspection$1
4990:            17            408  com.siyeh.ig.threading.SynchronizationOnGetClassInspection$SynchronizationOnGetClassVisitor
4991:            17            408  com.siyeh.ig.threading.SynchronizeOnNonFinalFieldInspection$SynchronizeOnNonFinalFieldVisitor
4992:            17            408  com.siyeh.ig.visibility.TypeParameterHidesVisibleTypeInspectionBase$TypeParameterHidesVisibleTypeVisitor
4993:            17            408  com.sun.xml.internal.bind.v2.runtime.unmarshaller.XsiNilLoader$Array
4994:            17            408  com.theoryinpractice.testng.inspection.AssertEqualsBetweenInconvertibleTypesTestNGInspection$1
4995:            17            408  com.theoryinpractice.testng.inspection.TestNGDataProviderInspection$1
4996:            17            408  de.plushnikov.intellij.plugin.inspection.LombokInspection$LombokElementVisitor
4997:             3            408  git4idea.GitVcs
4998:            17            408  java.util.concurrent.Executors$DefaultThreadFactory
4999:            17            408  javax.swing.plaf.basic.LazyActionMap
5000:            17            408  net.jpountz.lz4.LZ4HCJavaUnsafeCompressor
5001:            17            408  org.angularjs.inspections.EmptyEventHandlerInspection$1
5002:            17            408  org.intellij.lang.regexp.inspection.DuplicateAlternationBranchInspection$DuplicateAlternationBranchVisitor
5003:            17            408  org.intellij.lang.regexp.psi.RegExpSimpleClass$Kind
5004:            17            408  org.intellij.plugins.intelliLang.inject.java.validation.InjectionNotApplicable$1
5005:            17            408  org.intellij.plugins.intelliLang.inject.java.validation.LanguageMismatch$1
5006:            17            408  org.intellij.plugins.intelliLang.inject.java.validation.UnknownLanguageID$1
5007:            17            408  org.intellij.plugins.intelliLang.pattern.PatternAnnotationNotApplicable$1
5008:            17            408  org.intellij.plugins.intelliLang.pattern.PatternOverriddenByNonAnnotatedMethod$1
5009:            17            408  org.intellij.plugins.intelliLang.pattern.PatternValidator$2
5010:            17            408  org.intellij.plugins.intelliLang.references.InjectedReferencesInspection$1
5011:            17            408  org.intellij.plugins.markdown.lang.references.MarkdownUnresolvedFileReferenceInspection$buildVisitor$1
5012:            17            408  org.jdom.CDATA
5013:            17            408  org.jetbrains.android.inspections.AndroidNonConstantResIdsInSwitchInspection$1
5014:            17            408  org.jetbrains.idea.devkit.inspections.InspectionMappingConsistencyInspection$1
5015:            17            408  org.jetbrains.idea.devkit.inspections.PsiElementConcatenationInspection$1
5016:            17            408  org.jetbrains.kotlin.android.inspection.IllegalIdentifierInspection$buildVisitor$1
5017:            17            408  org.jetbrains.kotlin.idea.inspections.AddVarianceModifierInspection$buildVisitor$1
5018:            17            408  org.jetbrains.kotlin.idea.inspections.ArrayInDataClassInspection$buildVisitor$1
5019:            17            408  org.jetbrains.kotlin.idea.inspections.CanBeParameterInspection$buildVisitor$1
5020:            17            408  org.jetbrains.kotlin.idea.inspections.CanBePrimaryConstructorPropertyInspection$buildVisitor$1
5021:            17            408  org.jetbrains.kotlin.idea.inspections.CanBeValInspection$buildVisitor$1
5022:            17            408  org.jetbrains.kotlin.idea.inspections.CascadeIfInspection$buildVisitor$1
5023:            17            408  org.jetbrains.kotlin.idea.inspections.ClassNameInspection$buildVisitor$1
5024:            17            408  org.jetbrains.kotlin.idea.inspections.ConstantConditionIfInspection$buildVisitor$1
5025:            17            408  org.jetbrains.kotlin.idea.inspections.CopyWithoutNamedArgumentsInspection$buildVisitor$1
5026:            17            408  org.jetbrains.kotlin.idea.inspections.DataClassPrivateConstructorInspection$buildVisitor$1
5027:            17            408  org.jetbrains.kotlin.idea.inspections.DestructuringWrongNameInspection$buildVisitor$1
5028:            17            408  org.jetbrains.kotlin.idea.inspections.EnumEntryNameInspection$buildVisitor$1
5029:            17            408  org.jetbrains.kotlin.idea.inspections.EqualsOrHashCodeInspection$buildVisitor$1
5030:            17            408  org.jetbrains.kotlin.idea.inspections.FunctionNameInspection$buildVisitor$1
5031:            17            408  org.jetbrains.kotlin.idea.inspections.JavaCollectionsStaticMethodInspection$buildVisitor$1
5032:            17            408  org.jetbrains.kotlin.idea.inspections.KotlinDoubleNegationInspection$buildVisitor$1
5033:            17            408  org.jetbrains.kotlin.idea.inspections.KotlinInternalInJavaInspection$buildVisitor$1
5034:            17            408  org.jetbrains.kotlin.idea.inspections.LeakingThisInspection$buildVisitor$1
5035:            17            408  org.jetbrains.kotlin.idea.inspections.LiftReturnOrAssignmentInspection$buildVisitor$1
5036:            17            408  org.jetbrains.kotlin.idea.inspections.MayBeConstantInspection$buildVisitor$1
5037:            17            408  org.jetbrains.kotlin.idea.inspections.MemberVisibilityCanBePrivateInspection$buildVisitor$1
5038:            17            408  org.jetbrains.kotlin.idea.inspections.MigrateDiagnosticSuppressionInspection$buildVisitor$1
5039:            17            408  org.jetbrains.kotlin.idea.inspections.MoveSuspiciousCallableReferenceIntoParenthesesInspection$buildVisitor$1
5040:            17            408  org.jetbrains.kotlin.idea.inspections.NullChecksToSafeCallInspection$buildVisitor$1
5041:            17            408  org.jetbrains.kotlin.idea.inspections.OverridingDeprecatedMemberInspection$buildVisitor$1
5042:            17            408  org.jetbrains.kotlin.idea.inspections.PackageNameInspection$buildVisitor$1
5043:            17            408  org.jetbrains.kotlin.idea.inspections.PlatformExtensionReceiverOfInlineInspection$buildVisitor$1
5044:            17            408  org.jetbrains.kotlin.idea.inspections.ProtectedInFinalInspection$buildVisitor$1
5045:            17            408  org.jetbrains.kotlin.idea.inspections.RecursivePropertyAccessorInspection$buildVisitor$1
5046:            17            408  org.jetbrains.kotlin.idea.inspections.RedundantExplicitTypeInspection$buildVisitor$1
5047:            17            408  org.jetbrains.kotlin.idea.inspections.RedundantGetterInspection$buildVisitor$1
5048:            17            408  org.jetbrains.kotlin.idea.inspections.RedundantIfInspection$buildVisitor$1
5049:            17            408  org.jetbrains.kotlin.idea.inspections.RedundantLambdaArrowInspection$buildVisitor$1
5050:            17            408  org.jetbrains.kotlin.idea.inspections.RedundantModalityModifierInspection$buildVisitor$1
5051:            17            408  org.jetbrains.kotlin.idea.inspections.RedundantSemicolonInspection$buildVisitor$1
5052:            17            408  org.jetbrains.kotlin.idea.inspections.RedundantSetterInspection$buildVisitor$1
5053:            17            408  org.jetbrains.kotlin.idea.inspections.RedundantSuspendModifierInspection$buildVisitor$1
5054:            17            408  org.jetbrains.kotlin.idea.inspections.RedundantUnitExpressionInspection$buildVisitor$1
5055:            17            408  org.jetbrains.kotlin.idea.inspections.RedundantUnitReturnTypeInspection$buildVisitor$1
5056:            17            408  org.jetbrains.kotlin.idea.inspections.RedundantVisibilityModifierInspection$buildVisitor$1
5057:            17            408  org.jetbrains.kotlin.idea.inspections.RemoveRedundantBackticksInspection$buildVisitor$1
5058:            17            408  org.jetbrains.kotlin.idea.inspections.RemoveRedundantSpreadOperatorInspection$buildVisitor$1
5059:            17            408  org.jetbrains.kotlin.idea.inspections.RemoveSetterParameterTypeInspection$buildVisitor$1
5060:            17            408  org.jetbrains.kotlin.idea.inspections.RemoveToStringInStringTemplateInspection$buildVisitor$1
5061:            17            408  org.jetbrains.kotlin.idea.inspections.ReplaceArrayOfWithLiteralInspection$buildVisitor$1
5062:            17            408  org.jetbrains.kotlin.idea.inspections.ReplaceToWithInfixFormInspection$buildVisitor$1
5063:            17            408  org.jetbrains.kotlin.idea.inspections.SelfAssignmentInspection$buildVisitor$1
5064:            17            408  org.jetbrains.kotlin.idea.inspections.SimplifyWhenWithBooleanConstantConditionInspection$buildVisitor$1
5065:            17            408  org.jetbrains.kotlin.idea.inspections.SuspiciousEqualsCombination$buildVisitor$1
5066:            17            408  org.jetbrains.kotlin.idea.inspections.TestFunctionNameInspection$buildVisitor$1
5067:            17            408  org.jetbrains.kotlin.idea.inspections.UnsafeCastFromDynamicInspection$buildVisitor$1
5068:            17            408  org.jetbrains.kotlin.idea.inspections.UnusedLambdaExpressionBodyInspection$buildVisitor$1
5069:            17            408  org.jetbrains.kotlin.idea.inspections.WhenWithOnlyElseInspection$buildVisitor$1
5070:            17            408  org.jetbrains.kotlin.idea.inspections.WrapUnaryOperatorInspection$buildVisitor$1
5071:            17            408  org.jetbrains.kotlin.idea.inspections.collections.SimplifiableCallChainInspection$buildVisitor$1
5072:            17            408  org.jetbrains.kotlin.idea.inspections.gradle.DeprecatedGradleDependencyInspection$DependencyFinder
5073:            17            408  org.jetbrains.kotlin.idea.spring.inspections.KotlinSpringFacetCodeInspection$buildVisitor$1
5074:            17            408  org.jetbrains.kotlin.idea.spring.inspections.SpringKotlinAutowiredMembersInspection$buildVisitor$1
5075:            17            408  org.jetbrains.kotlin.idea.spring.inspections.SpringKotlinAutowiringInspection$buildVisitor$1
5076:            17            408  org.jetbrains.kotlin.renderer.DescriptorRendererImpl
5077:            17            408  org.jetbrains.kotlin.renderer.DescriptorRendererImpl$functionTypeAnnotationsRenderer$2
5078:            17            408  org.jetbrains.kotlin.renderer.DescriptorRendererImpl$functionTypeParameterTypesRenderer$2
5079:            17            408  org.jetbrains.lang.manifest.highlighting.MisspelledHeaderInspection$1
5080:            17            408  org.jetbrains.plugins.cucumber.inspections.CucumberExamplesColonInspection$1
5081:            17            408  org.jetbrains.plugins.cucumber.inspections.CucumberMissedExamplesInspection$1
5082:            17            408  org.jetbrains.plugins.cucumber.inspections.CucumberStepInspection$1
5083:            17            408  org.jetbrains.plugins.cucumber.inspections.CucumberTableInspection$1
5084:            17            408  org.jetbrains.plugins.cucumber.inspections.GherkinBrokenTableInspection$1
5085:            17            408  org.jetbrains.plugins.cucumber.inspections.GherkinMisplacedBackgroundInspection$1
5086:            17            408  org.jetbrains.plugins.gradle.codeInspection.MultipleRepositoryUrlsInspection$MyVisitor
5087:            17            408  org.jetbrains.plugins.grails.lang.gsp.GspTagInspection$1
5088:            17            408  org.jetbrains.plugins.groovy.codeInspection.assignment.GroovySillyAssignmentInspection$Visitor
5089:            17            408  org.jetbrains.plugins.groovy.codeInspection.assignment.GroovyUncheckedAssignmentOfMemberOfRawTypeInspection$Visitor
5090:            17            408  org.jetbrains.plugins.groovy.codeInspection.bugs.GrEqualsBetweenInconvertibleTypesInspection$MyVisitor
5091:            17            408  org.jetbrains.plugins.groovy.codeInspection.bugs.GroovyConstructorNamedArgumentsInspection$MyVisitor
5092:            17            408  org.jetbrains.plugins.groovy.codeInspection.bugs.GroovyDivideByZeroInspection$Visitor
5093:            17            408  org.jetbrains.plugins.groovy.codeInspection.bugs.GroovyInArgumentCheckInspection$MyVisitor
5094:            17            408  org.jetbrains.plugins.groovy.codeInspection.bugs.GroovyInfiniteLoopStatementInspection$Visitor
5095:            17            408  org.jetbrains.plugins.groovy.codeInspection.bugs.GroovyInfiniteRecursionInspection$Visitor
5096:            17            408  org.jetbrains.plugins.groovy.codeInspection.bugs.GroovyLabeledStatementInspection$MyVisitor
5097:            17            408  org.jetbrains.plugins.groovy.codeInspection.bugs.GroovyResultOfObjectAllocationIgnoredInspection$Visitor
5098:            17            408  org.jetbrains.plugins.groovy.codeInspection.confusing.GrUnusedIncDecInspection$GrUnusedIncDecInspectionVisitor
5099:            17            408  org.jetbrains.plugins.groovy.codeInspection.confusing.GroovyDoubleNegationInspection$DoubleNegationVisitor
5100:            17            408  org.jetbrains.plugins.groovy.codeInspection.confusing.GroovyEmptyStatementBodyInspection$Visitor
5101:            17            408  org.jetbrains.plugins.groovy.codeInspection.confusing.GroovyGStringKeyInspection$Visitor
5102:            17            408  org.jetbrains.plugins.groovy.codeInspection.control.GroovyConditionalWithIdenticalBranchesInspection$Visitor
5103:            17            408  org.jetbrains.plugins.groovy.codeInspection.control.GroovyConstantConditionalInspection$ConstantConditionalExpressionVisitor
5104:            17            408  org.jetbrains.plugins.groovy.codeInspection.control.GroovyConstantIfStatementInspection$ConstantIfStatementVisitor
5105:            17            408  org.jetbrains.plugins.groovy.codeInspection.control.GroovyFallthroughInspection$Visitor
5106:            17            408  org.jetbrains.plugins.groovy.codeInspection.control.GroovyIfStatementWithIdenticalBranchesInspection$IfStatementWithIdenticalBranchesVisitor
5107:            17            408  org.jetbrains.plugins.groovy.codeInspection.control.GroovyTrivialConditionalInspection$UnnecessaryConditionalExpressionVisitor
5108:            17            408  org.jetbrains.plugins.groovy.codeInspection.control.GroovyTrivialIfInspection$TrivialIfVisitor
5109:            17            408  org.jetbrains.plugins.groovy.codeInspection.control.GroovyUnnecessaryContinueInspection$Visitor
5110:            17            408  org.jetbrains.plugins.groovy.codeInspection.control.GroovyUnnecessaryReturnInspection$Visitor
5111:            17            408  org.jetbrains.plugins.groovy.codeInspection.exception.GroovyUnusedCatchParameterInspection$Visitor
5112:            17            408  org.jetbrains.plugins.groovy.codeInspection.noReturnMethod.MissingReturnInspection$1
5113:            17            408  org.jetbrains.plugins.groovy.codeInspection.secondUnsafeCall.SecondUnsafeCallInspection$1
5114:            17            408  org.jetbrains.plugins.groovy.codeInspection.style.GrUnnecessaryDefModifierInspection$buildVisitor$1
5115:            17            408  org.jetbrains.plugins.groovy.codeInspection.style.GrUnnecessaryPublicModifierInspection$1
5116:            17            408  org.jetbrains.plugins.groovy.codeInspection.style.GrUnnecessarySemicolonInspection$2
5117:            17            408  org.jetbrains.plugins.groovy.codeInspection.threading.GroovyAccessToStaticFieldLockedOnInstanceInspection$Visitor
5118:            17            408  org.jetbrains.plugins.groovy.codeInspection.threading.GroovySynchronizationOnNonFinalFieldInspection$Visitor
5119:            17            408  org.jetbrains.plugins.groovy.codeInspection.threading.GroovySynchronizationOnVariableInitializedWithLiteralInspection$Visitor
5120:            17            408  org.jetbrains.plugins.groovy.codeInspection.threading.GroovyUnsynchronizedMethodOverridesSynchronizedMethodInspection$Visitor
5121:            17            408  org.jetbrains.plugins.groovy.codeInspection.type.GroovyTypeCheckVisitor
5122:            17            408  org.jetbrains.plugins.groovy.codeInspection.validity.GroovyDuplicateSwitchBranchInspection$Visitor
5123:            17            408  org.jetbrains.plugins.groovy.codeInspection.validity.GroovyUnreachableStatementInspection$Visitor
5124:            17            408  org.jetbrains.plugins.haml.codeInsight.inspections.HamlNestedTagContentInspection$1
5125:            17            408  org.jetbrains.plugins.javaFX.css.inspections.JavaFxUnresolvedStyleClassReferenceInspection$1
5126:            17            408  org.jetbrains.plugins.less.inspections.LessResolvedByNameOnlyInspection$1
5127:            17            408  org.jetbrains.plugins.less.inspections.LessUnresolvedMixinInspection$1
5128:            17            408  org.jetbrains.plugins.less.inspections.LessUnresolvedVariableInspection$1
5129:            17            408  org.jetbrains.plugins.scss.inspections.SassScssResolvedByNameOnlyInspection$1
5130:            17            408  org.jetbrains.plugins.scss.inspections.SassScssUnresolvedMixinInspection$1
5131:            17            408  org.jetbrains.plugins.scss.inspections.SassScssUnresolvedPlaceholderSelectorInspection$1
5132:            17            408  org.jetbrains.plugins.scss.inspections.SassScssUnresolvedVariableInspection$1
5133:            17            408  sun.swing.ImageCache
5134:             1            400  [Lcom.intellij.openapi.fileTypes.FileTypeFactory;
5135:            20            400  [Lcom.intellij.ui.HintListener;
5136:             1            400  [Lcom.intellij.xml.util.HTMLControls$Control;
5137:            10            400  [Ljava.util.Formatter$Flags;
5138:             5            400  com.intellij.application.options.editor.CodeFoldingOptionsProviderEP
5139:            25            400  com.intellij.execution.actions.RunConfigurationsComboBoxAction$$Lambda$1346/137222741
5140:            10            400  com.intellij.ide.ui.laf.intellij.WinIntelliJSpinnerUI
5141:            25            400  com.intellij.lang.javascript.psi.resolve.JSInheritanceUtil$$Lambda$4190/2137938859
5142:            25            400  com.intellij.lang.javascript.psi.resolve.JSTypeEvaluator$$Lambda$4194/902550081
5143:            10            400  com.intellij.lang.javascript.psi.stubs.impl.TypeScriptConditionalTypeStubImpl
5144:            10            400  com.intellij.lang.javascript.psi.stubs.impl.TypeScriptMappedTypeStubImpl
5145:             1            400  com.intellij.notification.impl.IdeNotificationArea
5146:            25            400  com.intellij.openapi.actionSystem.ex.CheckboxAction$1
5147:            10            400  com.intellij.openapi.editor.richcopy.model.SyntaxInfo
5148:            25            400  com.intellij.openapi.vcs.changes.ChangeListManagerImpl$$Lambda$1597/1478652208
5149:            25            400  com.intellij.psi.impl.source.tree.AstSpine
5150:             1            400  com.intellij.ui.EngravedLabel
5151:            25            400  com.intellij.util.indexing.FileBasedIndexImpl$$Lambda$1855/2083113115
5152:            10            400  com.sun.java.swing.plaf.windows.DesktopProperty$WeakPCL
5153:            10            400  java.lang.invoke.DirectMethodHandle$Accessor
5154:            10            400  java.util.Formatter$FormatSpecifier
5155:            10            400  javax.swing.SpinnerNumberModel
5156:            10            400  javax.swing.plaf.basic.BasicTextAreaUI
5157:             1            400  javax.swing.plaf.metal.MetalFileChooserUI$DirectoryComboBoxRenderer
5158:             1            400  javax.swing.plaf.metal.MetalFileChooserUI$FilterComboBoxRenderer
5159:            25            400  javax.swing.text.html.CSS$Value
5160:            25            400  org.jaxen.expr.iter.IterableSelfAxis
5161:             1            400  sun.swing.FilePane$FileRenderer
5162:             1            392  com.intellij.codeInsight.navigation.CtrlMouseHandler$QuickDocInfoPane$1
5163:             7            392  com.intellij.util.messages.impl.MessageBusImpl
5164:             1            392  java.awt.EventDispatchThread
5165:             7            392  java.util.concurrent.ConcurrentHashMap$ValueIterator
5166:             7            392  java.util.prefs.WindowsPreferences
5167:             1            392  javax.swing.plaf.basic.BasicDirectoryModel$LoadFilesThread
5168:             1            392  javax.swing.plaf.metal.MetalFileChooserUI$1
5169:             7            392  kotlin.reflect.jvm.internal.impl.serialization.ProtoBuf$Package
5170:             7            392  kotlin.reflect.jvm.internal.impl.serialization.ProtoBuf$PackageFragment
5171:             1            392  org.jetbrains.plugins.terminal.JBTabbedTerminalWidget
5172:            13            384  [Lcom.intellij.lang.javascript.parsing.modifiers.JSModifiersStructure;
5173:            12            384  [Lcom.intellij.openapi.vfs.WritingAccessProvider;
5174:            20            384  [Ljava.nio.file.LinkOption;
5175:            12            384  [Lnet.miginfocom.layout.UnitValue;
5176:             8            384  com.android.ide.common.repository.GradleVersion
5177:            16            384  com.android.repository.impl.generated.v1.LicenseType
5178:             4            384  com.android.tools.idea.run.AndroidRunConfiguration
5179:             4            384  com.android.tools.idea.testartifacts.instrumented.AndroidTestRunConfiguration
5180:            12            384  com.intellij.codeInsight.completion.OffsetMap
5181:            16            384  com.intellij.codeInsight.daemon.impl.PsiChangeHandler$1$$Lambda$2868/990714650
5182:             6            384  com.intellij.codeInsight.daemon.impl.TrafficLightRenderer
5183:            12            384  com.intellij.designer.propertyTable.PropertyTable$MyExpandCurrentAction
5184:            16            384  com.intellij.execution.junit.codeInsight.references.JUnitReferenceContributor$TestAnnotationFilter
5185:            24            384  com.intellij.execution.testframework.TestSearchScope$Wrapper
5186:            16            384  com.intellij.execution.ui.layout.impl.RunnerContentUi$CommonToolbarLayout
5187:            24            384  com.intellij.gwt.references.GwtModuleReferencesProvider
5188:            24            384  com.intellij.javascript.JavaScriptReferenceContributor$8
5189:            12            384  com.intellij.lang.javascript.psi.ecma6.impl.TypeScriptTypeofTypeImpl
5190:            24            384  com.intellij.lang.javascript.psi.resolve.JSGenericTypesEvaluator$$Lambda$2721/2009864750
5191:            12            384  com.intellij.lang.javascript.types.JSEmbeddedContentElementType
5192:            16            384  com.intellij.openapi.editor.impl.EditorImpl$MyInputMethodHandler
5193:            16            384  com.intellij.openapi.editor.impl.FoldingModelImpl$$Lambda$1004/1796973082
5194:            12            384  com.intellij.openapi.editor.impl.StripedIDGenerator$NextPair
5195:            16            384  com.intellij.openapi.progress.util.AbstractProgressIndicatorExBase$$Lambda$201/1772356773
5196:            12            384  com.intellij.openapi.util.ZipperUpdater
5197:             1            384  com.intellij.openapi.util.io.FileUtilRt$FilesToDeleteHolder$1
5198:            12            384  com.intellij.openapi.vcs.StartedActivated$MySection
5199:            12            384  com.intellij.openapi.vcs.changes.SwitchedFileHolder
5200:             4            384  com.intellij.openapi.vcs.impl.ProjectLevelVcsManagerImpl
5201:             4            384  com.intellij.openapi.wm.impl.status.InfoAndProgressPanel$MyInlineProgressIndicator$1
5202:            16            384  com.intellij.patterns.StringPattern$3
5203:            12            384  com.intellij.patterns.StringPattern$6
5204:            16            384  com.intellij.patterns.uast.UElementPattern$withSourcePsiCondition$1
5205:            24            384  com.intellij.play.references.PlayFakeRenameableReferenceProvider
5206:            16            384  com.intellij.psi.impl.search.JavaNullMethodArgumentIndex$MethodCallData
5207:            24            384  com.intellij.psi.util.PsiUtilCore$$Lambda$2146/349845347
5208:            24            384  com.intellij.spring.boot.model.autoconfigure.conditions.ConditionMessage
5209:            16            384  com.intellij.sql.psi.stubs.SqlFileElementType
5210:            16            384  com.intellij.struts.inplace.gutter.StrutsClassAnnotator$1
5211:            16            384  com.intellij.struts.inplace.gutter.StrutsClassAnnotator$2
5212:            16            384  com.intellij.struts.inplace.gutter.StrutsClassAnnotator$3
5213:            16            384  com.intellij.struts.inplace.gutter.StrutsClassAnnotator$4
5214:            16            384  com.intellij.util.containers.ContainerUtil$17
5215:            24            384  com.intellij.util.io.PersistentHashMapValueStorage$OutputStreamOverRandomAccessFileCache
5216:            16            384  com.jetbrains.quirksmode.CssSimpleSelectorPattern
5217:             1            384  com.pty4j.windows.WinPty$WaitForExitThread
5218:            16            384  com.sun.java.swing.plaf.windows.TMSchema$Control
5219:            12            384  com.sun.jna.Memory
5220:             4            384  com.sun.xml.internal.bind.v2.runtime.JAXBContextImpl
5221:            16            384  dk.brics.automaton.RegExp$Kind
5222:            12            384  io.netty.buffer.PoolThreadCache$NormalMemoryRegionCache
5223:             6            384  io.netty.channel.socket.nio.NioSocketChannel$NioSocketChannelConfig
5224:             1            384  io.netty.util.concurrent.FastThreadLocalThread
5225:            12            384  java.awt.geom.Line2D$Float
5226:             1            384  java.lang.ref.Finalizer$FinalizerThread
5227:            16            384  java.util.Collections$SynchronizedList
5228:             8            384  java.util.ComparableTimSort
5229:            12            384  java.util.concurrent.atomic.AtomicReferenceFieldUpdater$AtomicReferenceFieldUpdaterImpl
5230:             1            384  java.util.logging.LogManager$Cleaner
5231:            12            384  java.util.stream.ReduceOps$8
5232:            12            384  java.util.stream.ReduceOps$8ReducingSink
5233:            16            384  java.util.stream.Streams$StreamBuilderImpl
5234:            24            384  javax.swing.JProgressBar$ModelListener
5235:            16            384  javax.swing.RepaintManager$3
5236:            24            384  javax.swing.plaf.basic.BasicProgressBarUI$Handler
5237:             8            384  javax.swing.text.html.HTMLEditorKit$InsertHTMLTextAction
5238:             6            384  javax.swing.tree.DefaultTreeCellEditor
5239:             6            384  kotlin.reflect.jvm.internal.impl.builtins.BuiltInsPackageFragmentImpl
5240:             8            384  net.n3.nanoxml.XMLElement
5241:            24            384  net.n3.nanoxml.XMLEntityResolver
5242:            12            384  org.apache.commons.lang3.JavaVersion
5243:            12            384  org.apache.xerces.impl.xs.XSWildcardDecl
5244:            24            384  org.apache.xerces.parsers.AbstractSAXParser$LocatorProxy
5245:            24            384  org.jaxen.expr.iter.IterableParentAxis
5246:            24            384  org.jdom.input.BuilderErrorHandler
5247:            12            384  org.jdom.output.Format$DefaultEscapeStrategy
5248:            12            384  org.jetbrains.kotlin.idea.search.ideaExtensions.KotlinReferencesSearcher$QueryProcessor
5249:            16            384  org.jetbrains.kotlin.serialization.deserialization.MemberDeserializer
5250:            16            384  org.jetbrains.kotlin.serialization.deserialization.TypeDeserializer$classDescriptors$1
5251:            16            384  org.jetbrains.kotlin.serialization.deserialization.TypeDeserializer$typeAliasDescriptors$1
5252:             8            384  sun.awt.image.BufImgVolatileSurfaceManager
5253:             4            384  sun.font.AttributeValues
5254:             8            384  sun.font.CMap$CMapFormat12
5255:            16            384  sun.misc.MetaIndex
5256:            16            384  sun.nio.ch.OptionKey
5257:             4            384  sun.nio.ch.WindowsAsynchronousSocketChannelImpl
5258:            12            384  sun.nio.fs.WindowsChannelFactory$Flags
5259:            16            384  sun.reflect.generics.tree.Wildcard
5260:             1            376  com.intellij.codeInsight.navigation.CtrlMouseHandler$QuickDocInfoPane
5261:             1            376  com.intellij.openapi.wm.impl.status.EncodingPanel$1
5262:             1            376  com.intellij.openapi.wm.impl.status.LineSeparatorPanel$1
5263:             1            376  com.intellij.ui.TitlePanel
5264:             1            376  java.lang.ref.Reference$ReferenceHandler
5265:             1            376  sun.awt.image.ImageFetcher
5266:             1            376  sun.misc.GC$Daemon
5267:            17            368  [Ljavax.management.MBeanNotificationInfo;
5268:             2            368  com.intellij.codeInsight.completion.CompletionProgressIndicator
5269:            23            368  com.intellij.codeInsight.folding.impl.EditorFoldingInfo
5270:             1            368  com.intellij.diagnostic.IdeMessagePanel
5271:            23            368  com.intellij.ide.UiActivity$Focus
5272:            23            368  com.intellij.jam.reflect.JamClassAttributeMeta$Collection
5273:            23            368  com.intellij.openapi.editor.impl.EditorMarkupModelImpl$BasicTooltipRendererProvider
5274:            23            368  com.intellij.openapi.editor.impl.view.EditorSizeManager$$Lambda$1027/936391625
5275:             1            368  com.intellij.ui.CommonActionsPanel
5276:            23            368  com.intellij.ui.SpeedSearchBase$1
5277:            23            368  com.intellij.ui.SpeedSearchBase$2
5278:            23            368  com.intellij.ui.SpeedSearchBase$3
5279:            23            368  com.intellij.ui.SpeedSearchBase$MyToolWindowManagerListener
5280:            23            368  com.intellij.ui.treeStructure.Tree$2
5281:            23            368  com.intellij.ui.treeStructure.Tree$MyFocusListener
5282:            23            368  com.intellij.ui.treeStructure.Tree$MyMouseListener
5283:            23            368  java.awt.font.TextAttribute
5284:            23            368  java.util.concurrent.CopyOnWriteArraySet
5285:            23            368  javax.swing.JTree$TreeModelHandler
5286:            23            368  javax.swing.plaf.basic.BasicTreeUI$NodeDimensionsHandler
5287:             1            368  javax.swing.plaf.metal.MetalFileChooserUI
5288:            23            368  org.jaxen.expr.iter.IterableDescendantOrSelfAxis
5289:             1            368  org.jetbrains.plugins.terminal.TerminalToolWindowPanel
5290:             2            368  sun.awt.windows.WFramePeer
5291:            15            360  [Ljava.util.concurrent.ConcurrentHashMap$CounterCell;
5292:             7            360  [Lorg.intellij.plugins.intelliLang.inject.LanguageInjectionSupport;
5293:            15            360  ch.qos.logback.core.spi.ContextAwareBase
5294:            15            360  com.android.sdklib.repository.generated.repository.v1.SourceDetailsType
5295:            15            360  com.android.tools.lint.detector.api.Scope
5296:             9            360  com.google.common.collect.ImmutableSortedMap
5297:             5            360  com.intellij.codeInsight.daemon.impl.ShowAutoImportPass
5298:             9            360  com.intellij.codeInsight.daemon.impl.ShowIntentionsPass$$Lambda$3740/593008743
5299:             1            360  com.intellij.codeInsight.hint.HintUtil$HintLabel
5300:            15            360  com.intellij.codeInsight.intention.impl.IntentionHintComponent$3
5301:             1            360  com.intellij.codeInsight.lookup.impl.LookupUi$LookupLayeredPane
5302:            15            360  com.intellij.codeInspection.bytecodeAnalysis.Member
5303:            15            360  com.intellij.ide.IdeEventQueue$$Lambda$54/1275989093
5304:             9            360  com.intellij.ide.ui.SystemOptionsTopHitProvider$1
5305:            15            360  com.intellij.jam.reflect.JamEnumAttributeMeta$Single
5306:            15            360  com.intellij.javaee.model.annotations.ejb.EjbJamContributor$2
5307:            15            360  com.intellij.json.JsonTokenType
5308:            15            360  com.intellij.lang.BracePair
5309:            15            360  com.intellij.lang.annotation.HighlightSeverity
5310:            15            360  com.intellij.lang.javascript.psi.ecmal4.JSAttributeList$ModifierType
5311:            15            360  com.intellij.openapi.actionSystem.impl.ActionManagerImpl$3
5312:            15            360  com.intellij.openapi.actionSystem.impl.ActionToolbarImpl$9
5313:            15            360  com.intellij.openapi.application.ex.ApplicationUtil$$Lambda$3919/1172805044
5314:             5            360  com.intellij.openapi.editor.colors.impl.EditorColorsSchemeImpl
5315:             9            360  com.intellij.openapi.paths.PsiDynaReference
5316:             9            360  com.intellij.openapi.util.io.win32.FileInfo
5317:             3            360  com.intellij.openapi.vcs.changes.ChangesViewManager$MyChangeViewContent
5318:             1            360  com.intellij.openapi.wm.impl.status.ClockPanel
5319:            15            360  com.intellij.psi.codeStyle.CodeStyleSettingsCustomizable$BlankLinesOption
5320:            15            360  com.intellij.psi.impl.search.PsiSearchHelperImpl$$Lambda$3918/766222190
5321:             1            360  com.intellij.spring.gutter.SpringBeansPsiElementCellRenderer$1
5322:             1            360  com.intellij.struts2.annotators.ActionAnnotatorBase$1
5323:            15            360  com.intellij.ui.popup.WizardPopup$3
5324:            15            360  com.intellij.ui.popup.list.ListPopupImpl$MyMouseMotionListener
5325:             9            360  com.intellij.uiDesigner.core.HorizontalInfo
5326:             9            360  com.intellij.uiDesigner.core.LayoutState
5327:             9            360  com.intellij.uiDesigner.core.VerticalInfo
5328:             5            360  com.intellij.util.net.HttpConfigurable
5329:            15            360  com.sun.xml.internal.bind.v2.model.annotation.XmlSchemaQuick
5330:            15            360  com.zeroturnaround.licensing.LicensingLog
5331:            15            360  com.zeroturnaround.licensing.LicensingLoggerImpl
5332:             9            360  git4idea.GitCommit$UnparsedChanges
5333:             9            360  io.netty.channel.AbstractChannel$CloseFuture
5334:            15            360  java.awt.Cursor$CursorDisposer
5335:            15            360  javax.management.StandardMBean
5336:             9            360  javax.swing.tree.DefaultTreeCellEditor$1
5337:            15            360  kotlin.annotation.AnnotationTarget
5338:            15            360  one.util.streamex.StreamEx
5339:            15            360  org.angularjs.index.AngularJSIndexingHandler$1
5340:             9            360  org.apache.commons.lang3.concurrent.BasicThreadFactory
5341:             3            360  org.apache.xerces.impl.XMLEntityManager
5342:            15            360  org.intellij.plugins.intelliLang.inject.LanguageInjectionConfigBean
5343:             9            360  org.jetbrains.kotlin.cli.common.arguments.ArgumentParseErrors
5344:            15            360  org.jetbrains.kotlin.idea.inspections.IntentionBasedInspection$1
5345:             9            360  org.jetbrains.kotlin.idea.intentions.loopToCallChain.LoopToCallChainIntention
5346:             9            360  org.jetbrains.kotlin.idea.intentions.loopToCallChain.LoopToLazyCallChainIntention
5347:            15            360  org.jetbrains.plugins.less.LESSElementType
5348:            15            360  org.jetbrains.plugins.less.LESSTokenType
5349:            15            360  org.yaml.snakeyaml.nodes.Tag
5350:            15            360  sun.awt.windows.WDesktopProperties$WinPlaySound
5351:             9            360  sun.nio.ch.SelectionKeyImpl
5352:             9            360  sun.security.util.DisabledAlgorithmConstraints$KeySizeConstraint
5353:             2            352  [Lcom.intellij.codeInsight.daemon.ImplicitUsageProvider;
5354:            11            352  [Lcom.intellij.openapi.util.Trinity;
5355:            22            352  com.android.sdklib.repository.generated.addon.v1.LibrariesType
5356:             4            352  com.android.tools.idea.testartifacts.junit.AndroidJUnitConfiguration$1
5357:             1            352  com.intellij.cdi.gutter.CdiEventsModelClassAnnotator$1
5358:             1            352  com.intellij.cdi.gutter.CdiInjectionsClassAnnotator$CdiInjectionPointOwnerCellRenderer
5359:             1            352  com.intellij.cdi.gutter.CdiInjectionsClassAnnotator$InjectedBeansCellRenderer
5360:             1            352  com.intellij.codeInsight.lookup.impl.Advertiser$1
5361:             1            352  com.intellij.codeInsight.lookup.impl.LookupCellRenderer$LookupPanel
5362:            11            352  com.intellij.codeInsight.navigation.NavigationGutterIconBuilder$3
5363:            11            352  com.intellij.coldFusion.model.formatter.CfmlCodeStyleSettings
5364:             1            352  com.intellij.diff.util.DiffUtil$CenteredPanel
5365:            22            352  com.intellij.execution.junit.JUnitUtil$$Lambda$2485/1813213072
5366:            11            352  com.intellij.ide.browsers.actions.BaseWebBrowserAction
5367:             1            352  com.intellij.ide.errorTreeView.NewErrorTreeRenderer$MyWrapperRenderer$MyPanel
5368:             1            352  com.intellij.ide.navigationToolbar.NavBarRootPaneExtension$1
5369:             1            352  com.intellij.ide.navigationToolbar.NavBarRootPaneExtension$2
5370:             1            352  com.intellij.ide.navigationToolbar.NavBarRootPaneExtension$3
5371:            11            352  com.intellij.ide.ui.laf.darcula.DarculaTableHeaderUI
5372:            11            352  com.intellij.lang.properties.psi.codeStyle.PropertiesCodeStyleSettings
5373:            11            352  com.intellij.lang.typescript.tsconfig.TypeScriptConfigService$Provider$1
5374:            22            352  com.intellij.openapi.fileEditor.impl.EditorTabbedContainer$MyQueryable
5375:            22            352  com.intellij.openapi.fileEditor.impl.EditorWindow$TComp$1
5376:            22            352  com.intellij.openapi.fileEditor.impl.EditorWindow$TComp$2
5377:             1            352  com.intellij.openapi.vcs.changes.ui.ChangesViewContentManager$ContentStub
5378:            11            352  com.intellij.patterns.XmlTagPattern$2
5379:             4            352  com.intellij.plugins.jboss.arquillian.runConfiguration.ArquillianTestNGRunConfiguration
5380:            11            352  com.intellij.spring.gutter.SpringBeanAnnotator$2
5381:             1            352  com.intellij.spring.gutter.SpringBeansPsiElementCellRenderer
5382:             1            352  com.intellij.spring.model.cacheable.annotator.SpringCacheableAnnotator$1
5383:            22            352  com.intellij.spring.model.jam.converters.SpringBeanReferenceJamConverter
5384:             1            352  com.intellij.ui.ToolbarDecorator$1
5385:            22            352  com.intellij.ui.components.breadcrumbs.Breadcrumbs$$Lambda$1097/1478214576
5386:            22            352  com.intellij.ui.components.breadcrumbs.Breadcrumbs$$Lambda$1098/682680631
5387:            22            352  com.intellij.ui.components.breadcrumbs.Breadcrumbs$MouseHandler
5388:             1            352  com.intellij.ui.components.panels.OpaquePanel
5389:             1            352  com.intellij.ui.popup.AbstractPopup$MyContentPanel
5390:            22            352  com.intellij.ui.tabs.impl.TabLabel$5
5391:            22            352  com.intellij.util.containers.hash.HashMap$Values
5392:            22            352  com.intellij.util.ui.ButtonlessScrollBarUI$2
5393:            22            352  com.intellij.util.ui.ButtonlessScrollBarUI$3
5394:            22            352  com.intellij.util.ui.ButtonlessScrollBarUI$4
5395:            22            352  com.intellij.util.ui.ButtonlessScrollBarUI$5
5396:            22            352  com.intellij.util.ui.ButtonlessScrollBarUI$6
5397:            22            352  com.intellij.util.ui.ButtonlessScrollBarUI$WeakLestener
5398:            11            352  com.intellij.util.ui.JBDimension$JBDimensionUIResource
5399:            22            352  com.intellij.util.xml.converters.values.GenericDomValueConvertersRegistry$$Lambda$963/1511093364
5400:            22            352  com.intellij.xml.breadcrumbs.BreadcrumbsXmlWrapper$$Lambda$1100/572262126
5401:            22            352  com.intellij.xml.breadcrumbs.BreadcrumbsXmlWrapper$$Lambda$1102/416265760
5402:             4            352  com.sun.jna.platform.win32.WinBase$OVERLAPPED
5403:             4            352  io.netty.buffer.PooledUnsafeDirectByteBuf
5404:            22            352  javax.swing.plaf.basic.BasicScrollBarUI$Handler
5405:             4            352  org.apache.oro.text.regex.Perl5Matcher
5406:            22            352  org.jaxen.SimpleNamespaceContext
5407:            22            352  org.jaxen.SimpleVariableContext
5408:            22            352  org.jaxen.expr.DefaultXPathExpr
5409:             4            352  org.jetbrains.idea.svn.SvnConfigurationState
5410:            11            352  org.jetbrains.kotlin.compiler.plugin.CliOption
5411:            11            352  org.jetbrains.kotlin.parsing.KotlinExpressionParsing$Precedence
5412:            11            352  sun.security.provider.SecureRandom
5413:            11            352  sun.security.ssl.SignatureAndHashAlgorithm
5414:            11            352  sun.util.locale.provider.LocaleServiceProviderPool
5415:             3            344  [Lcom.intellij.openapi.util.ClassExtensionPoint;
5416:            10            344  [Ljava.lang.Boolean;
5417:            14            344  [Ljavax.swing.KeyStroke;
5418:             1            344  [Ljavax.swing.text.html.HTML$Attribute;
5419:             1            344  com.intellij.util.ui.update.MergingUpdateQueue$1
5420:             7            336  [Lcom.intellij.compiler.server.BuildProcessParametersProvider;
5421:             2            336  [Lcom.intellij.lang.javascript.dialects.JSLanguageFeature;
5422:             6            336  [Lcom.intellij.psi.ResolveScopeProvider;
5423:             7            336  [Lcom.intellij.psi.util.TypeConversionUtil$Caster;
5424:             9            336  [Lorg.jetbrains.kotlin.lexer.KtModifierKeywordToken;
5425:             3            336  [Lsun.font.EAttribute;
5426:            14            336  com.android.resources.ResourceFolderType
5427:            14            336  com.google.gson.internal.bind.TypeAdapters$32
5428:            14            336  com.intellij.codeInsight.daemon.impl.DefaultHighlightInfoProcessor$$Lambda$1917/716328501
5429:            14            336  com.intellij.codeInspection.dataFlow.NullabilityProblemKind
5430:            21            336  com.intellij.debugger.streams.resolve.FlatMapResolver
5431:            21            336  com.intellij.designer.LightToolWindowManager$$Lambda$570/1502812442
5432:            21            336  com.intellij.designer.LightToolWindowManager$$Lambda$571/1605601261
5433:            21            336  com.intellij.designer.LightToolWindowManager$$Lambda$572/760112040
5434:             7            336  com.intellij.execution.process.ColoredOutputTypeRegistry$AnsiConsoleViewContentType
5435:             7            336  com.intellij.ide.actions.NonEmptyActionGroup
5436:            14            336  com.intellij.lang.javascript.psi.JSRecordType$MemberSourceKind
5437:            21            336  com.intellij.lang.javascript.psi.ecmal4.impl.JSClassBase$ClassesUserDataCache$1
5438:            14            336  com.intellij.lang.javascript.psi.resolve.JSEvaluateContext$JSEvaluationPlace
5439:            14            336  com.intellij.lang.javascript.psi.resolve.JSInheritanceUtil$1
5440:            14            336  com.intellij.openapi.keymap.impl.KeymapImpl$gestureToListOfIds$2
5441:             7            336  com.intellij.openapi.keymap.impl.ModifierKeyDoubleClickHandler$MyDispatcher
5442:             3            336  com.intellij.openapi.vcs.changes.ChangeListManagerImpl
5443:             3            336  com.intellij.openapi.vcs.changes.ChangesViewManager$MyChangeProcessor
5444:             6            336  com.intellij.openapi.wm.impl.PaintersHelper$1
5445:            14            336  com.intellij.openapi.wm.impl.status.ProgressButton
5446:            14            336  com.intellij.patterns.PsiMethodCallPattern
5447:             6            336  com.intellij.psi.css.impl.util.table.CssPropertyValueImpl
5448:            21            336  com.intellij.psi.impl.source.tree.AstPath$RootPath
5449:             6            336  com.intellij.psi.impl.source.tree.java.EnumConstantElement
5450:            14            336  com.intellij.psi.impl.source.xml.XmlAttributeReference
5451:            14            336  com.intellij.psi.impl.source.xml.XmlAttributeReference$1
5452:            21            336  com.intellij.refactoring.actions.BasePlatformRefactoringAction$$Lambda$264/525684840
5453:            21            336  com.intellij.refactoring.actions.BasePlatformRefactoringAction$1
5454:             2            336  com.intellij.refactoring.introduceVariable.JavaVariableInplaceIntroducer
5455:            14            336  com.intellij.terminal.JBTerminalWidget$3
5456:            21            336  com.intellij.ui.tabs.impl.JBEditorTabs$1
5457:            14            336  com.intellij.util.containers.DoubleArrayList
5458:             6            336  com.intellij.util.io.RandomAccessDataFile
5459:            14            336  com.intellij.util.xml.model.impl.CachedMultipleDomModelFactory$1
5460:            14            336  com.intellij.util.xml.model.impl.CachedMultipleDomModelFactory$2
5461:            14            336  com.intellij.util.xml.model.impl.CachedSimpleDomModelFactory$1
5462:            21            336  com.intellij.xml.util.CheckTagEmptyBodyInspection$Fix
5463:             7            336  com.sun.jmx.mbeanserver.DefaultMXBeanMappingFactory$CompositeMapping
5464:             7            336  com.sun.jna.NativeLibrary
5465:             7            336  com.sun.jna.Structure$StructField
5466:            21            336  com.sun.proxy.$Proxy112
5467:            21            336  com.sun.proxy.$Proxy16
5468:             7            336  com.sun.tools.jdi.ConnectorImpl$IntegerArgumentImpl
5469:             6            336  com.sun.xml.internal.bind.v2.model.impl.RuntimeValuePropertyInfoImpl
5470:             6            336  freemarker.core.TextBlock
5471:            14            336  git4idea.history.GitLogParser$GitLogOption
5472:             6            336  java.io.ObjectInputStream$BlockDataInputStream
5473:             7            336  java.io.ObjectInputStream$FilterValues
5474:            14            336  java.lang.invoke.LambdaFormEditor$Transform$Kind
5475:             6            336  java.nio.DirectLongBufferU
5476:            21            336  java.util.IdentityHashMap$KeySet
5477:             6            336  java.util.zip.ZipFile$ZipFileInflaterInputStream
5478:            21            336  javax.swing.JList$ListSelectionHandler
5479:            14            336  javax.swing.KeyboardManager$ComponentKeyStrokePair
5480:             7            336  org.jetbrains.idea.perforce.perforce.PerforceOptionsTopHitProvider$1
5481:             7            336  org.jetbrains.jps.model.java.impl.compiler.ProcessorConfigProfileImpl
5482:             7            336  org.jetbrains.kotlin.serialization.deserialization.ProtoContainer$Class
5483:            14            336  org.jetbrains.kotlin.storage.LockBasedStorageManager$LockBasedLazyValue
5484:            14            336  org.jetbrains.lang.manifest.psi.ManifestTokenType
5485:            14            336  org.zeroturnaround.common.ListenerList
5486:            14            336  sun.awt.CausedFocusEvent$Cause
5487:             7            336  sun.java2d.pipe.PixelToParallelogramConverter
5488:             6            336  sun.management.MemoryPoolImpl
5489:            14            336  sun.nio.ch.Util$BufferCache
5490:            21            336  sun.security.ec.ECParameters
5491:            16            328  [Ljava.lang.management.PlatformComponent;
5492:            10            320  [Lcom.intellij.codeInsight.daemon.impl.IntentionActionFilter;
5493:            10            320  [Lcom.intellij.database.script.PersistenceConsoleProvider;
5494:             4            320  [Lcom.intellij.psi.codeStyle.CodeStyleSettingsCustomizable$BlankLinesOption;
5495:             1            320  [Lcom.intellij.util.indexing.FileBasedIndexExtension;
5496:             5            320  [Lorg.apache.xerces.util.XMLGrammarPoolImpl$Entry;
5497:            10            320  com.android.repository.api.SchemaModule$SchemaModuleVersion
5498:             4            320  com.android.tools.idea.testartifacts.junit.AndroidJUnitConfiguration
5499:             4            320  com.ansorgit.plugins.bash.runner.BashRunConfiguration
5500:             2            320  com.intellij.application.options.editor.EditorOptionsPanel
5501:            10            320  com.intellij.codeInsight.daemon.impl.AnnotationHolderImpl
5502:             4            320  com.intellij.codeInsight.daemon.impl.DaemonCodeAnalyzerImpl
5503:             4            320  com.intellij.codeInsight.daemon.impl.IdentifierHighlighterPass
5504:            10            320  com.intellij.codeInsight.daemon.impl.UpdateHighlightersUtil$$Lambda$2083/781834555
5505:            10            320  com.intellij.codeInsight.editorActions.TextBlockTransferable
5506:            10            320  com.intellij.codeInsight.intention.impl.IntentionHintComponent$MyComponentHint$$Lambda$2759/1623491577
5507:             8            320  com.intellij.codeInspection.naming.NamingConventionWithFallbackBean
5508:             4            320  com.intellij.compiler.CompilerConfigurationImpl
5509:            10            320  com.intellij.compiler.CompilerConfigurationImpl$State
5510:             4            320  com.intellij.execution.process.KillableColoredProcessHandler
5511:             4            320  com.intellij.execution.scratch.JavaScratchConfiguration
5512:            20            320  com.intellij.execution.util.ProgramParametersConfigurator
5513:            10            320  com.intellij.find.SearchReplaceComponent$10
5514:            10            320  com.intellij.find.SearchTextArea$5
5515:            10            320  com.intellij.find.SearchTextArea$ClearAction
5516:            10            320  com.intellij.find.SearchTextArea$NewLineAction
5517:            10            320  com.intellij.find.SearchTextArea$ShowHistoryAction
5518:            10            320  com.intellij.find.editorHeaderActions.NextOccurrenceAction
5519:            10            320  com.intellij.find.editorHeaderActions.PrevOccurrenceAction
5520:            10            320  com.intellij.find.editorHeaderActions.VariantsCompletionAction
5521:            10            320  com.intellij.lang.javascript.dialects.JSLanguageLevel
5522:             8            320  com.intellij.lang.javascript.inspections.ES6CreateClassOrInterfaceFix
5523:            10            320  com.intellij.lang.javascript.psi.ecma6.impl.TypeScriptConditionalTypeImpl
5524:            10            320  com.intellij.lang.javascript.psi.ecma6.impl.TypeScriptMappedTypeImpl
5525:            10            320  com.intellij.lang.javascript.psi.ecma6.impl.TypeScriptMappedTypeParameterImpl
5526:             5            320  com.intellij.lang.javascript.psi.impl.JSDoWhileStatementImpl
5527:             4            320  com.intellij.lang.javascript.service.highlighting.JSLanguageServiceHighlightingPass
5528:            20            320  com.intellij.lexer.BaseHtmlLexer$XmlAttributeValueEndHandler
5529:            20            320  com.intellij.lexer.BaseHtmlLexer$XmlAttributeValueHandler
5530:            20            320  com.intellij.lexer.BaseHtmlLexer$XmlNameHandler
5531:            20            320  com.intellij.lexer.BaseHtmlLexer$XmlTagClosedHandler
5532:            20            320  com.intellij.lexer.HtmlHighlightingLexer$XmlEmbeddmentHandler
5533:             8            320  com.intellij.openapi.command.impl.UndoRedoStacksHolder
5534:            10            320  com.intellij.openapi.editor.richcopy.view.RtfTransferableData
5535:             8            320  com.intellij.openapi.fileTypes.impl.AbstractFileType
5536:            10            320  com.intellij.openapi.keymap.KeymapUtil$RedispatchEventAction
5537:            10            320  com.intellij.openapi.ui.ComponentWithBrowseButton$MyDoClickAction
5538:            20            320  com.intellij.openapi.util.LowMemoryWatcher$1
5539:             8            320  com.intellij.openapi.vcs.VcsShowConfirmationOptionImpl
5540:            10            320  com.intellij.openapi.vcs.changes.RecursiveFileHolder
5541:             8            320  com.intellij.openapi.vcs.ex.DocumentTracker
5542:             8            320  com.intellij.openapi.wm.impl.FrameInfo
5543:             4            320  com.intellij.plugins.jboss.arquillian.runConfiguration.ArquillianJUnitRunConfiguration
5544:            20            320  com.intellij.psi.filters.XmlTextFilter
5545:            10            320  com.intellij.psi.impl.source.PostprocessReformattingAspect$Context
5546:            10            320  com.intellij.psi.impl.source.resolve.ResolveCache$2
5547:             5            320  com.intellij.psi.impl.source.tree.PsiErrorElementImpl
5548:            10            320  com.intellij.psi.search.searches.ExtensibleQueryFactory$1
5549:            20            320  com.intellij.spring.boot.application.SpringBootApplicationServiceImpl$$Lambda$2511/1555121650
5550:             5            320  com.intellij.spring.boot.model.autoconfigure.conditions.jam.ConditionalOnBean$$EnhancerByJetBrainsMainCglib$$1b45eda8
5551:             5            320  com.intellij.spring.model.jam.SpringOrder$$EnhancerByJetBrainsMainCglib$$f030032d
5552:            10            320  com.intellij.spring.osgi.patterns.GenerateOsgiPatternsGroup$OsgiBeanGenerateAction
5553:             8            320  com.intellij.spring.web.config.ServletFileSet
5554:             8            320  com.intellij.struts.inplace.reference.StrutsReferenceContributor$2
5555:            10            320  com.intellij.ui.SearchTextField$MyModel
5556:             4            320  com.intellij.ui.table.JBTable$DefaultColumnInfoBasedRowSorter
5557:             8            320  com.intellij.xml.util.XmlRefCountHolder
5558:             4            320  com.jetbrains.plugins.webDeployment.config.OldPublishConfigStateHolder$State
5559:             8            320  com.siyeh.ig.psiutils.MethodMatcher
5560:             4            320  git4idea.config.GitVcsSettings$State
5561:            10            320  io.netty.channel.AdaptiveRecvByteBufAllocator
5562:             8            320  java.awt.Cursor
5563:             8            320  java.io.ObjectOutputStream$BlockDataOutputStream
5564:            10            320  java.lang.OutOfMemoryError
5565:             8            320  java.nio.file.NoSuchFileException
5566:            10            320  java.security.cert.PolicyQualifierInfo
5567:            20            320  java.util.AbstractMap$1
5568:            20            320  java.util.Formatter$Flags
5569:            10            320  javax.swing.DefaultCellEditor$1
5570:             5            320  javax.swing.JRootPane$1
5571:            10            320  javax.swing.text.DefaultFormatterFactory
5572:             5            320  kotlin.reflect.jvm.internal.KMutableProperty2Impl
5573:             8            320  kotlin.reflect.jvm.internal.impl.builtins.PrimitiveType
5574:             8            320  kotlin.reflect.jvm.internal.impl.resolve.jvm.JvmPrimitiveType
5575:            10            320  net.miginfocom.swing.SwingContainerWrapper
5576:            10            320  net.sourceforge.pmd.lang.java.ast.JJTJavaParserState
5577:            10            320  net.sourceforge.pmd.lang.java.ast.JavaParser$LookaheadSuccess
5578:            10            320  net.sourceforge.pmd.lang.java.symboltable.ClassScope
5579:            10            320  net.sourceforge.pmd.lang.java.symboltable.SourceFileScope
5580:            10            320  net.sourceforge.pmd.lang.java.symboltable.TypeSet
5581:            10            320  org.jetbrains.jps.model.serialization.facet.FacetState
5582:             8            320  org.jetbrains.kotlin.builtins.PrimitiveType
5583:             4            320  org.jetbrains.kotlin.idea.run.KotlinRunConfiguration
5584:             8            320  org.jetbrains.kotlin.resolve.jvm.JvmPrimitiveType
5585:             4            320  org.jetbrains.plugins.cucumber.java.run.CucumberJavaRunConfiguration
5586:             4            320  org.jetbrains.plugins.grails.runner.GrailsRunConfiguration
5587:             8            320  sun.nio.ch.SocketAdaptor
5588:            10            320  sun.security.jca.ProviderConfig
5589:             8            320  sun.security.ssl.SignatureAndHashAlgorithm$HashAlgorithm
5590:            13            312  [Lcom.android.tools.idea.run.editor.AndroidDebugger;
5591:             2            312  [Lcom.intellij.openapi.roots.OrderEntry;
5592:             3            312  [Lcom.intellij.psi.PsiElementFinder;
5593:            10            312  [Ljava.util.List;
5594:             1            312  [Ljavax.swing.text.html.HTML$Tag;
5595:            18            312  [Lorg.apache.xerces.impl.xs.XSGroupDecl;
5596:             3            312  ch.qos.logback.classic.LoggerContext
5597:            13            312  com.github.rjeschke.txtmark.LineType
5598:            13            312  com.intellij.codeInsight.folding.impl.FoldingUpdate$$Lambda$1898/15023124
5599:            13            312  com.intellij.codeInspection.dataFlow.MethodData$methodBody$1
5600:            13            312  com.intellij.codeInspection.dataFlow.value.DfaValueFactory$FieldChecker
5601:            13            312  com.intellij.database.dialects.AbstractDatabaseDialect$1
5602:            13            312  com.intellij.database.dialects.TypeNames
5603:            13            312  com.intellij.htmltools.xml.util.HtmlReferenceProvider$HtmlIdSelfReference
5604:            13            312  com.intellij.lang.javascript.JSAnalysisHandlersFactory$2
5605:            13            312  com.intellij.lang.jvm.JvmModifier
5606:            13            312  com.intellij.openapi.ui.JBPopupMenu$MyLayout$1
5607:             3            312  com.intellij.openapi.wm.impl.ToolWindowManagerImpl
5608:            13            312  com.intellij.patterns.uast.UCallExpressionPattern
5609:            13            312  com.intellij.patterns.uast.UElementPattern$inCall$1
5610:            13            312  com.intellij.psi.impl.PsiManagerImpl$3
5611:            13            312  com.intellij.spring.SpringLibraryUtil$$Lambda$3579/556635598
5612:             3            312  com.intellij.ui.popup.BalloonPopupBuilderImpl
5613:            13            312  com.intellij.uiDesigner.propertyInspector.editors.IntEnumEditor$Pair
5614:            13            312  com.sun.jna.platform.win32.WinNT$HANDLE
5615:            13            312  de.plushnikov.intellij.plugin.action.delombok.BaseDelombokHandler
5616:             3            312  io.netty.channel.socket.nio.NioServerSocketChannel
5617:            13            312  java.rmi.server.ObjID
5618:             1            312  java.util.concurrent.ForkJoinPool
5619:            13            312  javax.swing.JMenu$MenuChangeListener
5620:            13            312  javax.swing.JMenu$WinListener
5621:            13            312  javax.swing.plaf.basic.BasicMenuUI$Handler
5622:            13            312  kotlin.reflect.jvm.internal.impl.serialization.ProtoBuf$Annotation$Argument$Value$Type
5623:            13            312  org.apache.log4j.Level
5624:            13            312  org.intellij.lang.regexp.psi.impl.RegExpCharImpl
5625:            13            312  org.intellij.plugins.relaxNG.model.descriptors.RngNsDescriptor$$Lambda$2646/1486487786
5626:            13            312  org.jetbrains.kotlin.protobuf.LazyStringArrayList
5627:            13            312  org.jetbrains.kotlin.protobuf.UnmodifiableLazyStringList
5628:            13            312  org.jetbrains.kotlin.serialization.ProtoBuf$Annotation$Argument$Value$Type
5629:            13            312  sun.security.ssl.ExtensionType
5630:            13            304  [Lcom.intellij.psi.css.CssSimpleSelector;
5631:            10            304  [Lcom.intellij.psi.impl.source.resolve.reference.impl.providers.FileReference;
5632:             2            304  com.intellij.codeInsight.daemon.impl.WholeFileLocalInspectionsPassFactory$2
5633:            19            304  com.intellij.ide.highlighter.JavaFileHighlighter
5634:             1            304  com.intellij.ide.ui.UISettings
5635:            19            304  com.intellij.lang.properties.PropertiesReferenceProvider
5636:            19            304  com.intellij.openapi.ui.ComboBox$$Lambda$613/1366975846
5637:            19            304  com.intellij.openapi.ui.ComboBox$1
5638:            19            304  com.intellij.openapi.ui.ComboBox$MyEditor$$Lambda$611/100479966
5639:            19            304  com.intellij.util.containers.MultiMap$1
5640:            19            304  com.intellij.util.containers.hash.HashMap$EntrySet
5641:             2            304  io.netty.channel.nio.NioEventLoop
5642:            19            304  java.util.Hashtable$KeySet
5643:            19            304  org.jetbrains.kotlin.idea.inspections.collections.AbstractUselessCallInspection$Companion$Conversion
5644:            16            296  [Lorg.apache.xerces.impl.xpath.regex.RegularExpression$ClosureContext;
5645:            13            296  [Lsun.management.DiagnosticCommandArgumentInfo;
5646:             9            288  [Lcom.intellij.execution.update.RunningApplicationUpdaterProvider;
5647:             1            288  [Lcom.intellij.ide.TypeNameEP;
5648:             1            288  [Lcom.intellij.jarRepository.RepositoryLibraryDefinition;
5649:            12            288  [Lcom.intellij.lang.javascript.psi.JSRecordType$PropertySignature;
5650:             4            288  [Lcom.intellij.thymeleaf.dialects.beans.ThymeleafAttributeProcessorBean;
5651:             2            288  [Lcom.intellij.util.containers.ConcurrentLongObjectHashMap$Node;
5652:            12            288  [Ljava.util.HashMap;
5653:            12            288  com.android.tools.lint.detector.api.Category
5654:            12            288  com.ansorgit.plugins.bash.editor.codecompletion.BashPsiPattern
5655:            12            288  com.github.rjeschke.txtmark.BlockType
5656:            12            288  com.google.common.cache.LocalCache$AccessQueue$1
5657:            12            288  com.google.common.cache.LocalCache$WriteQueue$1
5658:            12            288  com.google.common.collect.ImmutableEntry
5659:            12            288  com.google.common.collect.ImmutableEnumSet
5660:            18            288  com.google.common.collect.RegularImmutableList
5661:             9            288  com.google.common.collect.RegularImmutableSortedSet
5662:             4            288  com.intellij.codeInsight.CodeInsightSettings
5663:            12            288  com.intellij.codeInsight.HardcodedDefaultTypesKt$takeClassTypeArgument$1
5664:            12            288  com.intellij.codeInsight.MethodArgument
5665:             6            288  com.intellij.codeInsight.completion.impl.LiftShorterItemsClassifier
5666:            12            288  com.intellij.codeInsight.daemon.GutterIconDescriptor$Option
5667:            18            288  com.intellij.codeInsight.daemon.LineMarkerInfo$LineMarkerGutterIconRenderer
5668:             4            288  com.intellij.codeInsight.daemon.impl.CodeFoldingPass
5669:             4            288  com.intellij.codeInsight.daemon.impl.IndentsPass
5670:             4            288  com.intellij.codeInsight.daemon.impl.InjectedCodeFoldingPass
5671:             2            288  com.intellij.codeInsight.daemon.impl.LocalInspectionsPassFactory$MyLocalInspectionsPass
5672:             9            288  com.intellij.codeInsight.daemon.impl.ShowIntentionsPass$$Lambda$2096/1892573605
5673:             6            288  com.intellij.codeInsight.folding.impl.UpdateFoldRegionsOperation
5674:            18            288  com.intellij.codeInsight.hint.HintManagerImpl$4
5675:            18            288  com.intellij.codeInsight.hint.HintManagerImpl$5
5676:             9            288  com.intellij.codeInsight.template.impl.LiveTemplateLookupElementImpl
5677:            12            288  com.intellij.codeInspection.bytecodeAnalysis.DirectionResultPair
5678:            12            288  com.intellij.codeInspection.htmlInspections.AddCustomHtmlElementIntentionAction
5679:             9            288  com.intellij.codeInspection.sameParameterValue.SameParameterValueInspectionBase$LocalSameParameterValueInspection
5680:            12            288  com.intellij.compiler.backwardRefs.DirtyScopeHolder$$Lambda$3899/79429573
5681:            18            288  com.intellij.concurrency.ApplierCompleter$$Lambda$1985/602835789
5682:            12            288  com.intellij.configurationStore.StateStorageManagerImpl$Macro
5683:            18            288  com.intellij.dvcs.branch.BranchStorage
5684:             6            288  com.intellij.execution.actions.RunContextAction
5685:            12            288  com.intellij.execution.dashboard.tree.RunDashboardGrouper
5686:            12            288  com.intellij.execution.process.ProcessHandler$TasksRunner
5687:            12            288  com.intellij.execution.process.ProcessWaitFor
5688:             4            288  com.intellij.execution.ui.RunContentDescriptor
5689:             6            288  com.intellij.find.impl.livePreview.LivePreview
5690:             9            288  com.intellij.ide.TypePresentationServiceImpl$AnnotationBasedTemplate
5691:             3            288  com.intellij.ide.projectView.impl.nodes.ProjectViewProjectNode
5692:            18            288  com.intellij.jsf.references.libraries.providers.JsfWrappingPsiClassReferenceProvider
5693:             4            288  com.intellij.json.psi.impl.JsonFileImpl
5694:            12            288  com.intellij.lang.ecmascript6.findUsages.ES6ExportDefaultReferenceSearcher$MyProcessor
5695:            12            288  com.intellij.lang.ecmascript6.findUsages.ES6ImportAliasReferenceSearcher$MyProcessor
5696:            12            288  com.intellij.lang.java.parser.ExpressionParser$ExprType
5697:            12            288  com.intellij.lang.javascript.documentation.JSDocumentationUtils$JSTagToParameterMap
5698:             4            288  com.intellij.lang.javascript.flex.flexunit.FlexUnitRunnerParameters
5699:            12            288  com.intellij.lang.javascript.inspections.JSUnusedGlobalSymbolsInspection$MySearchProcessor
5700:             9            288  com.intellij.lang.javascript.psi.types.primitives.JSPrimitiveArrayType
5701:            18            288  com.intellij.lang.javascript.psi.util.JSTreeUtil$$Lambda$1202/1615904991
5702:            12            288  com.intellij.navigation.GotoRelatedItem
5703:             6            288  com.intellij.openapi.actionSystem.DefaultCompactActionGroup
5704:            12            288  com.intellij.openapi.command.impl.CoreCommandProcessor$1
5705:            18            288  com.intellij.openapi.editor.impl.EditorGutterComponentImpl$$Lambda$1359/1043525447
5706:             6            288  com.intellij.openapi.extensions.impl.ExtensionsAreaImpl
5707:             3            288  com.intellij.openapi.fileEditor.impl.IdeDocumentHistoryImpl
5708:             4            288  com.intellij.openapi.module.impl.ModuleManagerComponent
5709:             4            288  com.intellij.openapi.progress.util.StandardProgressIndicatorBase
5710:            12            288  com.intellij.openapi.util.NullableLazyValue$1
5711:             6            288  com.intellij.openapi.vcs.changes.ui.ChangesBrowserNode
5712:             6            288  com.intellij.openapi.vcs.impl.VcsFileStatusProvider
5713:             9            288  com.intellij.patterns.compiler.PatternClassBean
5714:            12            288  com.intellij.patterns.uast.UElementPattern$Capture
5715:            12            288  com.intellij.patterns.uast.ULiteralExpressionPattern$annotationParam$1
5716:            12            288  com.intellij.psi.PsiAnnotation$TargetType
5717:             9            288  com.intellij.psi.css.descriptor.CssElementDescriptor$CssVersion
5718:            12            288  com.intellij.psi.css.descriptor.CssMediaGroup
5719:            12            288  com.intellij.psi.css.descriptor.CssMediaType
5720:             4            288  com.intellij.psi.css.impl.CssFileImpl
5721:            12            288  com.intellij.psi.impl.PsiTreeChangeEventImpl$PsiEventType
5722:            12            288  com.intellij.psi.impl.search.PsiSearchHelperImpl$$Lambda$3915/928666828
5723:            12            288  com.intellij.psi.impl.search.PsiSearchHelperImpl$$Lambda$3917/1849393032
5724:             4            288  com.intellij.psi.impl.source.PsiPlainTextFileImpl
5725:             9            288  com.intellij.psi.impl.source.tree.injected.RangeMarkerWindow
5726:            12            288  com.intellij.psi.jsp.JspElementType$Kind
5727:            12            288  com.intellij.psi.search.SearchRequestQuery
5728:            12            288  com.intellij.psi.search.SingleTargetRequestResultProcessor
5729:             4            288  com.intellij.spring.boot.run.lifecycle.tabs.HealthTab
5730:             4            288  com.intellij.spring.boot.run.lifecycle.tabs.HealthTreeStructure$1
5731:            12            288  com.intellij.spring.impl.SpringLocalModelFactoryImpl$$Lambda$2537/565853923
5732:            12            288  com.intellij.spring.impl.SpringLocalModelFactoryImpl$$Lambda$2539/1194852095
5733:            12            288  com.intellij.spring.model.aliasFor.SpringAliasForUtils$$Lambda$1575/500868699
5734:             9            288  com.intellij.spring.web.mvc.SpringMVCReference
5735:            12            288  com.intellij.ui.HighlightedText
5736:            12            288  com.intellij.ui.HyperlinkLabel$Win10TextAttributes
5737:            12            288  com.intellij.ui.tabs.FileColorConfiguration
5738:            12            288  com.intellij.uiDesigner.binding.FormReferencesSearcher$$Lambda$3884/1205406774
5739:            12            288  com.intellij.util.ExecutorsQuery
5740:            12            288  com.intellij.util.MergeQuery
5741:            12            288  com.intellij.util.UniqueResultsQuery
5742:            12            288  com.intellij.util.UniqueResultsQuery$MyProcessor
5743:            12            288  com.intellij.util.concurrency.AtomicFieldUpdater
5744:            12            288  com.intellij.util.containers.ConcurrentFactoryMap$5
5745:             6            288  com.intellij.util.containers.ObjectLongHashMap
5746:            12            288  com.intellij.util.containers.WeakList$1
5747:            18            288  com.intellij.util.io.BaseDataReader$1$1
5748:            18            288  com.intellij.util.io.PagedFileStorage$StorageLock$2
5749:            18            288  com.intellij.util.io.ReadWriteDirectBufferWrapper$FileContext
5750:             4            288  com.intellij.util.xml.impl.DomRootInvocationHandler
5751:            12            288  com.jediterm.terminal.TerminalMode
5752:            12            288  com.jetbrains.ls.data.ProductData
5753:             9            288  com.rover12421.ThrOWS.SYNchRonIZEd
5754:             9            288  com.siyeh.ig.abstraction.StaticMethodOnlyUsedInOneClassInspection$StaticMethodOnlyUsedInOneClassLocalInspection
5755:             9            288  com.siyeh.ig.bugs.ObjectEqualityInspection$ObjectEqualityVisitor
5756:             9            288  com.siyeh.ig.classlayout.ClassMayBeInterfaceInspection$ClassMayBeInterfaceVisitor
5757:             9            288  com.siyeh.ig.controlflow.ConditionalCanBePushedInsideExpressionInspection$ConditionalCanBePushedInsideExpressionVisitor
5758:             9            288  com.siyeh.ig.controlflow.ConditionalExpressionInspection$ConditionalExpressionVisitor
5759:             9            288  com.siyeh.ig.controlflow.ConfusingElseInspection$ConfusingElseVisitor
5760:             9            288  com.siyeh.ig.controlflow.ForLoopReplaceableByWhileInspection$ForLoopReplaceableByWhileVisitor
5761:             9            288  com.siyeh.ig.dataflow.TooBroadScopeInspectionBase$TooBroadScopeVisitor
5762:             9            288  com.siyeh.ig.javadoc.MissingPackageInfoInspection$LocalMissingPackageInfoInspection
5763:             9            288  com.siyeh.ig.migration.EqualsReplaceableByObjectsCallInspection$EqualsReplaceableByObjectsCallVisitor
5764:             9            288  com.siyeh.ig.migration.MethodCanBeVariableArityMethodInspection$MethodCanBeVariableArityMethodVisitor
5765:             9            288  com.siyeh.ig.naming.PackageNamingConventionInspection$LocalPackageNamingConventionInspection
5766:             9            288  com.siyeh.ig.style.CStyleArrayDeclarationInspection$CStyleArrayDeclarationVisitor
5767:             9            288  com.siyeh.ig.style.UnnecessaryBlockStatementInspection$UnnecessaryBlockStatementVisitor
5768:             9            288  com.siyeh.ig.style.UnnecessaryFullyQualifiedNameInspection$UnnecessaryFullyQualifiedNameVisitor
5769:             9            288  com.siyeh.ig.style.UnnecessaryParenthesesInspection$UnnecessaryParenthesesVisitor
5770:             9            288  com.sun.jna.platform.win32.BaseTSD$ULONG_PTR
5771:            12            288  gnu.trove.decorator.TIntObjectHashMapDecorator
5772:            12            288  gnu.trove.decorator.TIntObjectHashMapDecorator$1$1
5773:             9            288  io.netty.channel.DefaultChannelId
5774:             9            288  java.awt.event.ComponentEvent
5775:            12            288  java.awt.geom.LineIterator
5776:             9            288  java.util.logging.Level
5777:            18            288  java.util.regex.Pattern$CharPropertyNames$4
5778:            12            288  java.util.stream.ReferencePipeline$5$1
5779:            12            288  javassist.ClassPathList
5780:             6            288  javax.swing.plaf.basic.BasicProgressBarUI$Animator
5781:             9            288  javax.swing.text.StyledEditorKit$FontSizeAction
5782:             3            288  javax.swing.text.html.HTMLDocument
5783:             9            288  jdk.internal.org.objectweb.asm.Type
5784:            12            288  org.apache.http.entity.ContentType
5785:             2            288  org.apache.xerces.dom.DocumentImpl
5786:             3            288  org.apache.xerces.impl.dtd.XMLDTDProcessor
5787:            12            288  org.apache.xerces.impl.xpath.regex.Token$CharToken
5788:             3            288  org.apache.xerces.jaxp.SAXParserImpl$JAXPSAXParser
5789:             4            288  org.jetbrains.idea.maven.project.MavenGeneralSettings
5790:             3            288  org.jetbrains.idea.maven.project.MavenProjectsTree
5791:             6            288  org.jetbrains.kotlin.descriptors.impl.ValueParameterDescriptorImpl
5792:            12            288  org.jetbrains.kotlin.idea.core.script.ClearableLazyValue
5793:             9            288  org.jetbrains.kotlin.idea.inspections.UseExpressionBodyInspection$buildVisitor$1
5794:             4            288  org.jetbrains.kotlin.idea.refactoring.cutPaste.MoveDeclarationsPassFactory$MyPass
5795:             4            288  org.jetbrains.kotlin.idea.run.script.standalone.KotlinStandaloneScriptRunConfiguration
5796:            12            288  org.jetbrains.kotlin.idea.search.ideaExtensions.KotlinReferencesSearcher$processQuery$1
5797:            12            288  org.jetbrains.kotlin.serialization.deserialization.DeserializedPackageFragment$memberScope$1
5798:            12            288  org.jetbrains.kotlin.serialization.deserialization.DeserializedPackageFragmentImpl$classDataFinder$1
5799:            12            288  org.jetbrains.kotlin.serialization.deserialization.NameResolverImpl
5800:            12            288  org.jetbrains.kotlin.serialization.deserialization.ProtoBasedClassDataFinder
5801:            12            288  org.jetbrains.plugins.cucumber.groovy.steps.search.GrCucumberStepDefinitionSearcher$$Lambda$2746/1317157952
5802:             9            288  org.jetbrains.plugins.groovy.codeInspection.changeToMethod.ChangeToMethodInspection$1
5803:            12            288  org.jetbrains.plugins.groovy.lang.psi.patterns.GroovyMethodCallPattern
5804:             9            288  org.zmlx.hg4idea.util.HgVersion
5805:             6            288  sun.awt.image.URLImageSource
5806:             6            288  sun.font.SunFontManager$FamilyDescription
5807:             6            288  sun.misc.SoftCache$ValueCell
5808:             4            288  sun.nio.ch.Iocp
5809:             3            288  sun.nio.ch.ServerSocketChannelImpl
5810:             9            288  sun.nio.ch.WindowsSelectorImpl$MapEntry
5811:             9            288  sun.reflect.UnsafeLongFieldAccessorImpl
5812:             9            288  sun.rmi.transport.LiveRef
5813:             6            288  sun.text.normalizer.CharTrie
5814:             1            280  [Lcom.intellij.execution.configurations.ConfigurationType;
5815:             1            280  [Lcom.intellij.openapi.fileTypes.SyntaxHighlighterFactoryEP;
5816:             7            280  [Lcom.intellij.openapi.roots.OrderEnumerationHandler$Factory;
5817:             5            280  com.intellij.codeInspection.javaDoc.JavaDocLocalInspection
5818:             7            280  com.intellij.configurationStore.properties.LongStoredProperty
5819:             5            280  com.intellij.lang.typescript.compiler.TypeScriptCompilerSettings$CompilerSettings
5820:             5            280  com.intellij.openapi.updateSettings.impl.PluginDownloader
5821:             5            280  com.intellij.openapi.wm.ext.LibraryDependentToolWindow
5822:             7            280  com.intellij.psi.css.impl.stubs.CssMediaStub
5823:             7            280  com.intellij.psi.impl.java.stubs.FunctionalExpressionStub
5824:             5            280  com.intellij.psi.impl.source.tree.java.PsiBreakStatementImpl
5825:             7            280  com.intellij.spellchecker.compress.CompressedDictionary
5826:             7            280  com.intellij.ui.BalloonImpl$ActionButton$1
5827:             7            280  java.util.Collections$SingletonMap
5828:             1            280  kotlin.reflect.jvm.internal.impl.builtins.KotlinBuiltIns$FqNames
5829:             5            280  org.jetbrains.java.debugger.breakpoints.properties.JavaExceptionBreakpointProperties
5830:             5            280  org.jetbrains.jps.api.CmdlineRemoteProto$Message
5831:             1            280  org.jetbrains.kotlin.builtins.KotlinBuiltIns$FqNames
5832:             7            280  org.jetbrains.kotlin.config.CompilerSettings
5833:             7            280  sun.awt.windows.WCustomCursor
5834:             2            272  [Lcom.android.resources.ResourceType;
5835:             2            272  [Lcom.intellij.ide.IconProvider;
5836:             6            272  [Lcom.intellij.openapi.editor.colors.TextAttributesKey;
5837:             1            272  [Lcom.intellij.openapi.startup.StartupActivity;
5838:            17            272  com.android.sdklib.repository.generated.addon.v1.ExtraDetailsType
5839:            17            272  com.ansorgit.plugins.bash.editor.inspections.inspections.MissingIncludeFileInspection$IncludeFileVisitor
5840:            17            272  com.ansorgit.plugins.bash.editor.inspections.inspections.UnusedFunctionDefInspection$1
5841:            17            272  com.intellij.codeInsight.MetaAnnotationUtil$$Lambda$2418/1842413554
5842:            17            272  com.intellij.codeInsight.daemon.impl.quickfix.GenerifyFileFix
5843:            17            272  com.intellij.codeInsight.folding.impl.AbstractElementSignatureProvider$$Lambda$1134/637834955
5844:            17            272  com.intellij.codeInspection.OverwrittenKeyInspection$OverwrittenKeyVisitor
5845:            17            272  com.intellij.lang.javascript.inspections.JSUnusedGlobalSymbolsInspection$$Lambda$3972/885242963
5846:            17            272  com.intellij.lang.javascript.inspections.actionscript.JSFieldCanBeLocalInspection$MyVisitor
5847:            17            272  com.intellij.lang.javascript.validation.JSTypeInspectionVisitor
5848:            17            272  com.intellij.openapi.module.impl.scopes.ModuleWithDependentsScope$$Lambda$3925/1540865322
5849:            17            272  com.intellij.psi.css.inspections.invalid.CssInvalidHtmlTagReferenceInspection$UnknownTagVisitor
5850:            17            272  com.intellij.psi.impl.search.PsiSearchHelperImpl$$Lambda$3888/529769407
5851:            17            272  com.intellij.psi.impl.source.tree.injected.InjectedLanguageUtil$$Lambda$2198/1165461085
5852:            17            272  com.intellij.util.containers.ClassMap
5853:            17            272  com.sun.proxy.$Proxy64
5854:            17            272  java.time.format.DateTimeFormatterBuilder$CharLiteralPrinterParser
5855:            17            272  kotlin.properties.NotNullVar
5856:            17            272  org.intellij.lang.regexp.inspection.EmptyAlternationBranchInspection$EmptyAlternationBranchVisitor
5857:            17            272  org.intellij.lang.regexp.inspection.RedundantEscapeInspection$RedundantEscapeVisitor
5858:            17            272  org.intellij.lang.regexp.inspection.SingleCharAlternationInspection$SingleCharAlternationVisitor
5859:            17            272  org.intellij.lang.regexp.inspection.UnexpectedAnchorInspection$UnexpectedAnchorVisitor
5860:            17            272  org.jetbrains.kotlin.idea.i18n.inspections.KotlinInvalidBundleOrPropertyInspection$buildVisitor$1
5861:            17            272  org.jetbrains.kotlin.idea.inspections.FakeJvmFieldConstantInspection$buildVisitor$1
5862:            17            272  org.jetbrains.kotlin.idea.inspections.RecursiveEqualsCallInspection$buildVisitor$1
5863:            17            272  org.jetbrains.kotlin.idea.inspections.RedundantObjectTypeCheckInspection$buildVisitor$1
5864:            17            272  org.jetbrains.kotlin.idea.inspections.SortModifiersInspection$buildVisitor$1
5865:            17            272  org.jetbrains.kotlin.idea.inspections.UnusedEqualsInspection$buildVisitor$1
5866:            17            272  org.jetbrains.kotlin.idea.inspections.UnusedReceiverParameterInspection$buildVisitor$1
5867:            17            272  org.jetbrains.kotlin.idea.kdoc.KDocUnresolvedReferenceInspection$KDocUnresolvedReferenceVisitor
5868:            17            272  org.jetbrains.kotlin.idea.refactoring.move.changePackage.PackageDirectoryMismatchInspection$buildVisitor$1
5869:            17            272  org.jetbrains.kotlin.idea.spring.inspections.KotlinSpringComponentScanInspection$buildVisitor$1
5870:            17            272  org.jetbrains.kotlin.psi.KtVisitorVoid
5871:            17            272  org.jetbrains.kotlin.psi.VisitorWrappersKt$annotationEntryVisitor$1
5872:            17            272  org.jetbrains.kotlin.psi.VisitorWrappersKt$classVisitor$1
5873:            17            272  org.jetbrains.kotlin.psi.VisitorWrappersKt$destructuringDeclarationVisitor$1
5874:            17            272  org.jetbrains.kotlin.psi.VisitorWrappersKt$enumEntryVisitor$1
5875:            17            272  org.jetbrains.kotlin.psi.VisitorWrappersKt$packageDirectiveVisitor$1
5876:            17            272  org.jetbrains.kotlin.psi.VisitorWrappersKt$primaryConstructorVisitor$1
5877:            17            272  org.jetbrains.kotlin.psi.VisitorWrappersKt$qualifiedExpressionVisitor$1
5878:            17            272  org.jetbrains.kotlin.psi.VisitorWrappersKt$referenceExpressionVisitor$1
5879:            17            272  org.jetbrains.kotlin.psi.VisitorWrappersKt$simpleNameExpressionVisitor$1
5880:            17            272  org.jetbrains.kotlin.psi.VisitorWrappersKt$valueArgumentVisitor$1
5881:            17            272  org.jetbrains.plugins.cucumber.java.inspections.CucumberJavaStepDefClassInDefaultPackageInspection$CucumberJavaStepDefClassIsPublicVisitor
5882:            17            272  org.jetbrains.plugins.cucumber.java.inspections.CucumberJavaStepDefClassIsPublicInspections$CucumberJavaStepDefClassIsPublicVisitor
5883:            17            272  org.jetbrains.plugins.groovy.codeInspection.style.GrUnnecessaryAliasInspection$buildVisitor$1
5884:            17            272  org.jetbrains.plugins.groovy.transformations.singleton.SingletonConstructorInspection$buildVisitor$1
5885:            17            272  sun.security.x509.DNSName
5886:            11            264  com.android.repository.impl.generated.v1.ChannelType
5887:             3            264  com.android.tools.idea.gradle.project.sync.GradleSyncState
5888:            11            264  com.android.tools.idea.lang.rs.RenderscriptTokenType
5889:            11            264  com.google.gson.internal.bind.TypeAdapters$33
5890:            11            264  com.intellij.application.options.JspCodeStyleSettings
5891:            11            264  com.intellij.codeHighlighting.HighlightDisplayLevel
5892:            11            264  com.intellij.codeInsight.intention.impl.IntentionHintComponent$5
5893:            11            264  com.intellij.database.scripting.SqlWords$WordSets
5894:            11            264  com.intellij.debugger.impl.DebuggerSession$Event
5895:            11            264  com.intellij.lang.annotation.AnnotationSession
5896:            11            264  com.intellij.openapi.editor.ex.util.EditorUtil$2
5897:            11            264  com.intellij.openapi.editor.impl.SweepProcessor$$Lambda$1021/1041279345
5898:            11            264  com.intellij.openapi.externalSystem.model.ProjectSystemId
5899:            11            264  com.intellij.openapi.projectRoots.JavaSdkVersion
5900:            11            264  com.intellij.openapi.vfs.impl.local.NativeFileWatcherImpl$WatcherOp
5901:            11            264  com.intellij.openapi.wm.impl.PaintersHelper
5902:            11            264  com.intellij.patterns.XmlFilePattern$Capture
5903:            11            264  com.intellij.patterns.uast.ULiteralExpressionPattern$annotationParam$2
5904:            11            264  com.intellij.psi.codeStyle.CommonCodeStyleSettingsManager
5905:            11            264  com.intellij.psi.impl.source.tree.injected.InjectedLanguageManagerImpl$$Lambda$2211/281527920
5906:             3            264  com.intellij.psi.impl.source.xml.XmlTagImpl
5907:            11            264  com.intellij.psi.search.searches.ReferenceDescriptor
5908:            11            264  com.intellij.spring.index.SpringBeanIndexType
5909:             3            264  com.intellij.ui.SimpleColoredComponent$AccessibleSimpleColoredComponent
5910:            11            264  com.intellij.ui.TableExpandableItemsHandler$1
5911:            11            264  com.intellij.ui.TableExpandableItemsHandler$2
5912:            11            264  com.intellij.ui.TableExpandableItemsHandler$3
5913:            11            264  com.intellij.ui.TableExpandableItemsHandler$4
5914:            11            264  com.intellij.ui.TableExpandableItemsHandler$5
5915:            11            264  com.intellij.ui.stripe.ErrorStripePainter$SingleValue
5916:            11            264  com.intellij.ui.table.JBTable$4
5917:            11            264  com.intellij.ui.table.JBTable$JBTableHeader$1
5918:            11            264  com.intellij.ui.table.JBTable$MyCellEditorRemover
5919:            11            264  com.jediterm.terminal.model.TerminalLine
5920:            11            264  com.jediterm.terminal.model.TerminalLine$TextEntries
5921:            11            264  com.jetbrains.quirksmode.BrowserImpl
5922:            11            264  com.sun.jna.DefaultTypeMapper$Entry
5923:            11            264  java.net.StandardSocketOptions$StdSocketOption
5924:            11            264  javax.swing.plaf.basic.BasicTableHeaderUI$MouseInputHandler
5925:            11            264  kotlin.reflect.jvm.internal.KPackageImpl
5926:            11            264  kotlin.reflect.jvm.internal.KPackageImpl$data$1
5927:            11            264  kotlin.reflect.jvm.internal.KProperty0Impl$delegateFieldValue$1
5928:            11            264  kotlin.reflect.jvm.internal.KProperty0Impl$getter_$1
5929:            11            264  org.editorconfig.settings.EditorConfigSettings
5930:            11            264  org.intellij.lang.regexp.psi.RegExpGroup$Type
5931:            11            264  org.intellij.lang.regexp.psi.impl.RegExpBranchImpl
5932:            11            264  org.intellij.lang.regexp.psi.impl.RegExpPatternImpl
5933:            11            264  org.intellij.lang.regexp.validation.RegExpAnnotator
5934:            11            264  org.jetbrains.android.formatter.AndroidXmlCodeStyleSettings$LayoutSettings
5935:            11            264  org.jetbrains.android.formatter.AndroidXmlCodeStyleSettings$ManifestSettings
5936:            11            264  org.jetbrains.android.formatter.AndroidXmlCodeStyleSettings$OtherSettings
5937:            11            264  org.jetbrains.android.formatter.AndroidXmlCodeStyleSettings$ValueResourceFileSettings
5938:            11            264  org.jetbrains.idea.maven.model.MavenExplicitProfiles
5939:            11            264  org.jetbrains.kotlin.types.AbstractTypeConstructor$supertypes$1
5940:            11            264  org.jetbrains.kotlin.types.AbstractTypeConstructor$supertypes$3
5941:            11            264  org.jetbrains.kotlin.utils.SmartSet
5942:            11            264  org.jetbrains.plugins.terminal.JBTabbedTerminalWidget$$Lambda$5555/1645605062
5943:            11            264  org.zeroturnaround.bundled.org.bouncycastle.jcajce.provider.asymmetric.ec.KeyFactorySpi$EC
5944:            11            264  org.zeroturnaround.javarebel.reporting.stats.repository.DailyFieldId
5945:            11            264  org.zeroturnaround.jrebel.client.logger.ConsoleLog
5946:             3            264  sun.java2d.windows.GDIWindowSurfaceData
5947:            11            264  sun.swing.table.DefaultTableCellHeaderRenderer$EmptyIcon
5948:             7            256  [Lcom.intellij.ide.ui.search.BooleanOptionDescription;
5949:             7            256  [Lcom.intellij.openapi.editor.Editor;
5950:             7            256  [Lcom.intellij.openapi.roots.impl.FilePropertyPusher;
5951:            10            256  [Lcom.intellij.ui.popup.AbstractPopup$State;
5952:             2            256  com.google.common.cache.LocalCache
5953:             8            256  com.google.common.collect.HashMultiset
5954:            16            256  com.google.common.collect.SingletonImmutableList
5955:             4            256  com.google.protobuf.CodedInputStream
5956:             4            256  com.intellij.codeInsight.completion.RecursionWeigher
5957:             2            256  com.intellij.codeInsight.daemon.impl.GeneralHighlightingPass
5958:             2            256  com.intellij.codeInsight.daemon.impl.InjectedGeneralHighlightingPass
5959:            16            256  com.intellij.codeInsight.daemon.impl.JavaDocAnnotator
5960:            16            256  com.intellij.codeInsight.template.postfix.util.JavaPostfixTemplatesUtils$3
5961:             8            256  com.intellij.codeInspection.dataFlow.rangeSet.LongRangeSet$Range
5962:            16            256  com.intellij.compiler.backwardRefs.DirtyScopeHolder$$Lambda$3900/833144493
5963:             8            256  com.intellij.compiler.impl.CompileDriver$$Lambda$837/1371155531
5964:             4            256  com.intellij.debugger.settings.DebuggerSettings
5965:             8            256  com.intellij.debugger.streams.lib.impl.OptionalResultOperation
5966:            16            256  com.intellij.execution.impl.ConsoleViewImpl$$Lambda$3056/1846471857
5967:            16            256  com.intellij.execution.ui.layout.impl.GridCellImpl$3
5968:            16            256  com.intellij.execution.ui.layout.impl.GridCellImpl$5
5969:            16            256  com.intellij.gwt.references.GwtToCssClassReferenceProvider
5970:            16            256  com.intellij.gwt.uiBinder.references.GwtUiReferenceContributor$UiFieldReferenceProvider
5971:            16            256  com.intellij.html.impl.Html5CustomAttributeDescriptorsProvider$$Lambda$3344/2015849584
5972:            16            256  com.intellij.jam.reflect.JamClassAttributeMeta$Single
5973:             4            256  com.intellij.javascript.debugger.execution.JavaScriptDebugConfiguration
5974:             4            256  com.intellij.javascript.nodejs.library.NodeModulesDirectoryManager
5975:            16            256  com.intellij.jsf.composite.references.AbstractForAttributeReferenceProvider$1
5976:            16            256  com.intellij.lang.aspectj.highlight.AjJavaAnnotator
5977:             8            256  com.intellij.lang.javascript.flex.run.LauncherParameters
5978:             8            256  com.intellij.lang.javascript.frameworks.webpack.WebpackFileReferenceHelper$WebpackFileReferenceResolver
5979:            16            256  com.intellij.lang.javascript.index.JSSymbolUtil$$Lambda$2610/1291364998
5980:            16            256  com.intellij.lang.javascript.psi.JSTypeUtils$$Lambda$2778/1644521786
5981:            16            256  com.intellij.lang.javascript.psi.JSTypeUtils$$Lambda$4226/1368071864
5982:            16            256  com.intellij.lang.javascript.psi.resolve.JSGenericTypesEvaluator$$Lambda$2795/88855097
5983:            16            256  com.intellij.lang.javascript.psi.types.JSTypeImpl$$Lambda$3338/1299968487
5984:             4            256  com.intellij.lang.javascript.validation.JSSemanticKeywordHighlighter
5985:            16            256  com.intellij.lang.properties.ResourceBundleReferenceProvider
5986:             8            256  com.intellij.notification.impl.IdeNotificationArea$TextIcon
5987:             8            256  com.intellij.openapi.command.impl.ChangeRange
5988:             8            256  com.intellij.openapi.command.impl.FileUndoProvider$MyUndoableAction
5989:             4            256  com.intellij.openapi.command.impl.UndoManagerImpl
5990:            16            256  com.intellij.openapi.components.ServiceManager$$Lambda$438/1676813911
5991:            16            256  com.intellij.openapi.editor.impl.EditorImpl$MyInputMethodHandleSwingThreadWrapper
5992:            16            256  com.intellij.openapi.progress.util.AbstractProgressIndicatorExBase$$Lambda$2805/12363537
5993:             4            256  com.intellij.openapi.vcs.changes.ui.ChangesBrowserChangeListNode
5994:             4            256  com.intellij.openapi.vcs.changes.ui.ChangesBrowserUnversionedFilesNode
5995:             8            256  com.intellij.patterns.TreeElementPattern$10
5996:            16            256  com.intellij.play.references.PlayControllerActionPsiReferenceProvider
5997:             4            256  com.intellij.profile.codeInspection.ProjectInspectionProfileManager
5998:            16            256  com.intellij.psi.css.impl.util.CssInHtmlReferenceProvider$CssInHtmlElementFilter
5999:             8            256  com.intellij.psi.impl.PsiModificationTrackerImpl$2
6000:             8            256  com.intellij.psi.impl.source.resolve.reference.PsiReferenceRegistrarImpl
6001:            16            256  com.intellij.psi.impl.source.resolve.reference.impl.providers.CustomizableReferenceProvider$CustomizationKey
6002:             8            256  com.intellij.psi.impl.source.resolve.reference.impl.providers.JavaClassListReferenceProvider
6003:            16            256  com.intellij.psi.impl.source.resolve.reference.impl.providers.XmlBaseReferenceProvider
6004:             8            256  com.intellij.psi.search.IndexPattern
6005:            16            256  com.intellij.seam.converters.jam.SeamJamAnnotationParameterReferenceProvider
6006:            16            256  com.intellij.seam.gutter.SeamConversationAnnotator
6007:             4            256  com.intellij.spring.boot.model.autoconfigure.conditions.jam.ConditionalOnSingleCandidate$$EnhancerByJetBrainsMainCglib$$ae4404e3
6008:             4            256  com.intellij.spring.boot.run.lifecycle.tabs.LiveBeansTab
6009:             4            256  com.intellij.spring.boot.run.lifecycle.tabs.RequestMappingsTab
6010:             8            256  com.intellij.spring.contexts.model.AnnotationSpringModelImpl
6011:            16            256  com.intellij.spring.integration.model.jam.converters.MessageChannelReferenceConverter
6012:            16            256  com.intellij.spring.references.SpringReferenceContributor$ClassPathResourceReferenceProvider
6013:             8            256  com.intellij.spring.web.config.anno.PsiBasedServlet
6014:             4            256  com.intellij.spring.web.mvc.jam.SpringRequestMapping$ClassMapping$$EnhancerByJetBrainsMainCglib$$b138afd1
6015:            16            256  com.intellij.struts.inplace.gutter.StrutsClassAnnotator
6016:            16            256  com.intellij.struts.inplace.reference.ReferenceProviderUtils$2
6017:             8            256  com.intellij.struts.inplace.reference.StrutsReferenceContributor$6
6018:             8            256  com.intellij.struts.inplace.reference.StrutsReferenceContributor$7
6019:             8            256  com.intellij.struts.inplace.reference.StrutsReferenceContributor$8
6020:             8            256  com.intellij.struts.inplace.reference.property.SetPropertyReferenceProvider
6021:            16            256  com.intellij.struts2.reference.StrutsTaglibReferenceContributorBase$HtmlIdWithAdditionalVariantsReferenceProvider
6022:            16            256  com.intellij.uiDesigner.binding.FormClassAnnotator
6023:            16            256  com.intellij.util.containers.TransferToEDTQueue$1
6024:             8            256  com.intellij.util.text.CharSequenceReader
6025:            16            256  com.intellij.util.ui.update.MergingUpdateQueue$$Lambda$892/819641333
6026:             8            256  com.intellij.util.xml.NanoXmlUtil$EmptyValidator
6027:             8            256  com.intellij.util.xml.NanoXmlUtil$MyXMLReader
6028:            16            256  com.intellij.util.xml.converters.values.GenericDomValueConvertersRegistry$$Lambda$962/1402365685
6029:            16            256  com.intellij.websocket.gutter.WebSocketClassAnnotator
6030:            16            256  com.siyeh.ig.callMatcher.CallMapper
6031:             8            256  com.sun.xml.internal.bind.v2.model.impl.RegistryInfoImpl
6032:             4            256  java.awt.GradientPaintContext
6033:             8            256  java.io.FilePermission
6034:             8            256  java.io.PushbackReader
6035:             8            256  java.util.Random
6036:             8            256  java.util.concurrent.Semaphore$NonfairSync
6037:             8            256  javax.management.MBeanNotificationInfo
6038:            16            256  javax.swing.plaf.basic.BasicRadioButtonUI$KeyHandler
6039:             8            256  javax.swing.text.DefaultEditorKit$NextVisualPositionAction
6040:             8            256  net.n3.nanoxml.PIReader
6041:             8            256  net.n3.nanoxml.StdXMLParser
6042:             8            256  net.n3.nanoxml.StdXMLReader$StackedReader
6043:            16            256  org.apache.xerces.impl.xpath.regex.RegularExpression$StringTarget
6044:             8            256  org.apache.xerces.util.SymbolTable
6045:             8            256  org.ini4j.spi.AbstractBeanInvocationHandler$Prefix
6046:            16            256  org.jetbrains.kotlin.idea.java.UnimplementedKotlinInterfaceMemberAnnotator
6047:            16            256  org.jetbrains.kotlin.serialization.deserialization.TypeTable
6048:             8            256  org.jetbrains.kotlin.util.slicedMap.SetSlice
6049:            16            256  org.jetbrains.plugins.javaFX.css.refs.JavaFxCSSReferenceContributor$JavaFxCssReferenceProvider
6050:            16            256  org.jetbrains.plugins.javaFX.fxml.refs.JavaFxComponentIdReferenceProvider
6051:            16            256  org.jetbrains.plugins.javaFX.fxml.refs.JavaFxSourceReferenceProvider
6052:             8            256  org.jetbrains.plugins.sass.extensions.SassExtensionFunctionInfoImpl
6053:             8            256  sun.misc.ProxyGenerator$PrimitiveTypeInfo
6054:             2            256  sun.nio.ch.WindowsSelectorImpl
6055:             8            256  sun.reflect.UnsafeQualifiedBooleanFieldAccessorImpl
6056:             8            256  sun.security.x509.CertificatePoliciesExtension
6057:             4            256  sun.util.locale.provider.RuleBasedBreakIterator
6058:             1            248  [Lcom.intellij.execution.actions.RunConfigurationProducer;
6059:             2            248  [Lcom.intellij.refactoring.rename.RenameHandler;
6060:             8            248  [Ljava.lang.invoke.LambdaForm$BasicType;
6061:             6            240  [Lcom.intellij.lang.javascript.library.JSPredefinedLibraryProvider;
6062:             1            240  [Lde.plushnikov.intellij.plugin.lombokconfig.ConfigKey;
6063:             6            240  [Ljava.lang.invoke.BoundMethodHandle$SpeciesData;
6064:             1            240  [Lorg.jetbrains.kotlin.config.LanguageFeature;
6065:             1            240  [Lorg.jetbrains.plugins.groovy.lang.resolve.NonCodeMembersContributor;
6066:             2            240  [Lsun.nio.cs.CharsetMapping$Entry;
6067:            10            240  ch.qos.logback.core.pattern.LiteralConverter
6068:            15            240  com.android.ide.common.repository.GradleCoordinate$NumberComponent
6069:             6            240  com.android.tools.idea.profiling.view.AnalysisResultsManager$2
6070:             6            240  com.android.tools.idea.profiling.view.EmptyManager$1
6071:             6            240  com.android.tools.idea.uibuilder.editor.NlAbstractWindowManager$2
6072:             3            240  com.android.tools.idea.uibuilder.layeredimage.LayersManager
6073:            10            240  com.google.common.collect.SingletonImmutableSet
6074:            10            240  com.google.gson.stream.JsonToken
6075:            10            240  com.google.gson.stream.JsonToken
6076:             5            240  com.intellij.codeInsight.daemon.impl.SeverityRegistrar$OrderMap
6077:             6            240  com.intellij.codeInsight.folding.impl.FoldingUpdate$$Lambda$1922/1499111961
6078:            10            240  com.intellij.codeInsight.folding.impl.actions.BaseExpandToLevelAction$1
6079:            10            240  com.intellij.codeInsight.hint.HintManagerImpl$10
6080:            10            240  com.intellij.codeInsight.hint.HintManagerImpl$HintInfo
6081:             3            240  com.intellij.codeInsight.navigation.CtrlMouseHandler
6082:            10            240  com.intellij.codeInspection.ProblemHighlightType
6083:            10            240  com.intellij.codeInspection.SimplifyStreamApiCallChainsInspection$ReplaceCollectorFix$$Lambda$5309/603282631
6084:            10            240  com.intellij.codeInspection.booleanIsAlwaysInverted.BooleanMethodIsAlwaysInvertedLocalInspection
6085:            10            240  com.intellij.codeInspection.visibility.AccessCanBeTightenedInspection
6086:            10            240  com.intellij.diagram.VisibilityLevel
6087:            10            240  com.intellij.diagram.settings.DiagramConfigElement
6088:             3            240  com.intellij.execution.impl.RunManagerImpl
6089:            10            240  com.intellij.execution.process.ProcessOutputType
6090:            10            240  com.intellij.featureStatistics.GroupDescriptor
6091:             5            240  com.intellij.find.EditorSearchSession
6092:            10            240  com.intellij.find.SearchReplaceComponent$9
6093:            10            240  com.intellij.find.SearchTextArea$$Lambda$5414/1964115691
6094:            10            240  com.intellij.find.SearchTextArea$Win10LafHelper
6095:            10            240  com.intellij.find.SearchTextArea$Win10LafHelper$1
6096:             6            240  com.intellij.find.findUsages.JavaClassFindUsagesOptions
6097:             6            240  com.intellij.find.findUsages.JavaMethodFindUsagesOptions
6098:             5            240  com.intellij.find.impl.livePreview.LivePreviewController
6099:            10            240  com.intellij.formatting.IndentImpl
6100:             6            240  com.intellij.history.core.changes.ChangeSet
6101:             1            240  com.intellij.ide.IdeEventQueue
6102:            10            240  com.intellij.ide.b.u
6103:             6            240  com.intellij.ide.browsers.ConfigurableWebBrowser
6104:            10            240  com.intellij.ide.ui.laf.darcula.ui.DarculaSpinnerUI$2
6105:            10            240  com.intellij.ide.ui.laf.darcula.ui.TextFieldWithPopupHandlerUI$SearchExtension
6106:            10            240  com.intellij.ide.ui.laf.intellij.WinIntelliJSpinnerUI$3
6107:            10            240  com.intellij.javaee.ejb.role.EjbClassRoleEnum
6108:             6            240  com.intellij.javaee.model.common.ejb.EjbDescriptorVersion
6109:            10            240  com.intellij.json.JsonElementType
6110:            10            240  com.intellij.lang.javascript.linter.FilesMirror
6111:             5            240  com.intellij.lang.javascript.psi.jsdoc.impl.JSDocReferenceSet
6112:             3            240  com.intellij.lang.typescript.compiler.TypeScriptLanguageServiceToolWindowManager
6113:            15            240  com.intellij.openapi.actionSystem.impl.ActionToolbarImpl$8
6114:            10            240  com.intellij.openapi.editor.CaretStateTransferableData
6115:            10            240  com.intellij.openapi.editor.richcopy.model.ColorRegistry
6116:            10            240  com.intellij.openapi.editor.richcopy.model.FontNameRegistry
6117:            10            240  com.intellij.openapi.externalSystem.configurationStore.ExternalStorageSpec
6118:             3            240  com.intellij.openapi.fileEditor.impl.PsiAwareFileEditorManagerImpl
6119:            10            240  com.intellij.openapi.paths.StaticPathReferenceProvider
6120:             3            240  com.intellij.openapi.project.DumbServiceImpl
6121:            10            240  com.intellij.openapi.project.DumbServiceImpl$3
6122:             6            240  com.intellij.openapi.roots.impl.ModuleOrderEnumerator
6123:            10            240  com.intellij.openapi.util.io.ByteArraySequence
6124:             6            240  com.intellij.openapi.vcs.changes.IgnoredFileBean
6125:             6            240  com.intellij.openapi.vcs.changes.LocalChangeListImpl
6126:            15            240  com.intellij.openapi.vcs.ex.PartialLocalLineStatusTracker$ChangeListMarker
6127:             3            240  com.intellij.openapi.vcs.impl.LineStatusTrackerManager
6128:            10            240  com.intellij.openapi.vfs.impl.win32.Win32FsCache
6129:            10            240  com.intellij.openapi.vfs.impl.win32.Win32LocalFileSystem
6130:            15            240  com.intellij.openapi.wm.impl.ToolWindowManagerImpl$$Lambda$773/279422664
6131:            15            240  com.intellij.openapi.wm.impl.ToolWindowManagerImpl$$Lambda$774/298712678
6132:            10            240  com.intellij.patterns.ObjectPattern$8
6133:            10            240  com.intellij.patterns.TreeElementPattern$2
6134:            10            240  com.intellij.psi.augment.PsiAugmentProvider$$Lambda$1672/1838357331
6135:             6            240  com.intellij.psi.impl.java.stubs.impl.PsiClassInitializerStubImpl
6136:            15            240  com.intellij.psi.impl.source.PsiEnumConstantImpl$MyReference
6137:            10            240  com.intellij.psi.impl.source.jsp.el.impl.ELResolveUtil$VariableInfoBean
6138:             3            240  com.intellij.psi.refResolve.RefResolveServiceImpl
6139:             5            240  com.intellij.remoteServer.impl.configuration.deployment.DeployToServerConfigurationType
6140:             6            240  com.intellij.spring.boot.model.autoconfigure.conditions.ConditionalContributorEP
6141:             6            240  com.intellij.spring.java.SpringJavaClassInfo
6142:            10            240  com.intellij.spring.osgi.patterns.OsgiSpringBeanGenerateProvider
6143:            10            240  com.intellij.sql.psi.impl.SqlTokenType$Synthetic
6144:             3            240  com.intellij.tapestry.intellij.view.TapestryProjectViewPane
6145:            15            240  com.intellij.ui.popup.HintUpdateSupply$4
6146:            15            240  com.intellij.ui.popup.list.ListPopupImpl$MyMouseListener
6147:            15            240  com.intellij.ui.popup.list.PopupListElementRenderer$1
6148:            10            240  com.intellij.util.containers.ConcurrentRefHashMap$EntrySet
6149:             6            240  com.intellij.util.containers.ConcurrentWeakKeySoftValueHashMap$WeakKey
6150:             6            240  com.intellij.util.pico.DefaultPicoContainer
6151:            15            240  com.intellij.util.xml.ModelMergerImpl$$Lambda$961/1841337286
6152:            15            240  com.intellij.util.xml.ModelMergerImpl$1
6153:            15            240  com.intellij.util.xml.ModelMergerImpl$2
6154:            15            240  com.intellij.util.xml.ModelMergerImpl$3
6155:            15            240  com.intellij.util.xml.ModelMergerImpl$4
6156:            15            240  com.intellij.util.xml.ModelMergerImpl$5
6157:            15            240  com.intellij.util.xml.ModelMergerImpl$6
6158:            15            240  com.intellij.util.xml.ModelMergerImpl$7
6159:            15            240  com.intellij.util.xml.ModelMergerImpl$8
6160:             3            240  com.intellij.vcs.commit.CommitMessageInspectionProfile
6161:             5            240  com.intellij.xdebugger.impl.BreakpointManagerState
6162:            10            240  com.jetbrains.quirksmode.HtmlFilePattern
6163:            10            240  com.rover12421.exTENdS.syNCHRonIzEd.syNCHRonIzEd
6164:            15            240  com.sun.proxy.$Proxy73
6165:             5            240  git4idea.config.GitOptionsTopHitProvider$2
6166:             5            240  gnu.trove.TObjectLongHashMap
6167:             6            240  io.netty.channel.socket.nio.NioSocketChannel$NioSocketChannelUnsafe
6168:             6            240  io.netty.handler.codec.protobuf.ProtobufVarint32FrameDecoder
6169:            10            240  java.io.OutputStreamWriter
6170:            10            240  java.lang.annotation.ElementType
6171:            10            240  java.nio.file.StandardOpenOption
6172:            10            240  java.security.CryptoPrimitive
6173:             5            240  java.text.ChoiceFormat
6174:            10            240  java.util.Formatter$FixedString
6175:            10            240  java.util.concurrent.Executors$DelegatedScheduledExecutorService
6176:            15            240  java.util.concurrent.atomic.AtomicLongArray
6177:            10            240  java.util.stream.Nodes$FixedNodeBuilder
6178:            10            240  javax.swing.plaf.basic.BasicSpinnerUI$Handler
6179:            10            240  kotlin.reflect.jvm.internal.KMutableProperty0Impl$setter_$1
6180:            10            240  kotlin.reflect.jvm.internal.KPackageImpl
6181:            10            240  kotlin.reflect.jvm.internal.KPackageImpl$data$1
6182:            10            240  kotlin.reflect.jvm.internal.impl.resolve.scopes.DescriptorKindFilter
6183:            10            240  kotlin.reflect.jvm.internal.impl.resolve.scopes.DescriptorKindFilter$Companion$MaskToName
6184:            10            240  kotlin.text.Regex
6185:            10            240  net.sourceforge.pmd.RuleSetReference
6186:            10            240  org.apache.xerces.impl.XMLEntityManager$EncodingInfo
6187:             6            240  org.apache.xerces.impl.dtd.XMLEntityDecl
6188:             6            240  org.apache.xerces.impl.dtd.XMLSimpleType
6189:            10            240  org.intellij.images.options.impl.ImagesOptionsComponent$SpinnerOptionsListener
6190:            10            240  org.intellij.lang.xpath.context.functions.Parameter
6191:            15            240  org.jaxen.expr.DefaultAbsoluteLocationPath
6192:             5            240  org.jetbrains.idea.maven.project.MavenImportingSettings
6193:             5            240  org.jetbrains.idea.svn.SvnOptionsTopHitProvider$1
6194:             5            240  org.jetbrains.jps.api.CmdlineRemoteProto$Message$UUID
6195:             6            240  org.jetbrains.jps.api.RequestFuture
6196:             6            240  org.jetbrains.jps.backwardRefs.CompilerBackwardReferenceIndex
6197:            10            240  org.jetbrains.kotlin.resolve.scopes.DescriptorKindFilter
6198:            10            240  org.jetbrains.kotlin.resolve.scopes.DescriptorKindFilter$Companion$MaskToName
6199:            10            240  sun.awt.SunHints$Key
6200:            10            240  sun.font.FileFont$CreatedFontFileDisposerRecord
6201:             5            240  sun.java2d.loops.DrawParallelogram
6202:             5            240  sun.java2d.loops.FillParallelogram
6203:             6            240  sun.management.MemoryPoolImpl$CollectionSensor
6204:             6            240  sun.management.MemoryPoolImpl$PoolSensor
6205:             6            240  sun.misc.FloatingDecimal$BinaryToASCIIBuffer
6206:             5            240  sun.nio.fs.WindowsDirectoryStream
6207:            10            240  sun.rmi.runtime.Log$LoggerLog
6208:            10            240  sun.security.x509.Extension
6209:             5            232  [Lcom.intellij.openapi.util.Condition;
6210:             4            224  [Lcom.intellij.ide.ui.search.OptionDescription;
6211:             2            224  [Lcom.intellij.lang.javascript.psi.types.guard.JSTypeFacts$SimpleFact;
6212:             3            224  [Lcom.intellij.openapi.extensions.KeyedFactoryEPBean;
6213:             2            224  [Lcom.jediterm.terminal.TerminalMode;
6214:             7            224  [Lorg.jetbrains.plugins.grails.runner.GrailsCommandExecutor;
6215:             7            224  com.android.tools.idea.res.ResourceHelper$UnitEntry
6216:             7            224  com.intellij.codeInsight.completion.impl.CamelHumpMatcher
6217:             4            224  com.intellij.codeInsight.daemon.impl.Divider$DividedElements
6218:             4            224  com.intellij.codeInsight.daemon.impl.EditorTracker
6219:             4            224  com.intellij.codeInsight.template.postfix.templates.ForeachPostfixTemplate
6220:             7            224  com.intellij.codeInspection.streamMigration.OperationReductionMigration$ReductionOperation
6221:             4            224  com.intellij.coldFusion.UI.runner.CfmlRunConfiguration
6222:            14            224  com.intellij.configurationStore.SchemeManagerImpl$SchemeFileTracker
6223:             7            224  com.intellij.debugger.streams.lib.impl.SortedOperation
6224:             4            224  com.intellij.execution.jar.JarApplicationConfiguration
6225:            14            224  com.intellij.execution.junit.JUnitConfiguration$1
6226:            14            224  com.intellij.execution.junit.JUnitConfiguration$2
6227:            14            224  com.intellij.execution.junit.JUnitConfiguration$3
6228:             7            224  com.intellij.ide.actions.CollapseAllToolbarAction
6229:             7            224  com.intellij.jam.reflect.JamMemberArchetype
6230:             4            224  com.intellij.lang.javascript._JSDocLexer
6231:             7            224  com.intellij.lang.javascript.psi.impl.JSEmbeddedContentImpl
6232:            14            224  com.intellij.lang.javascript.psi.resolve.JSIndexBasedResolveUtil$$Lambda$2601/1404391360
6233:             7            224  com.intellij.lang.javascript.psi.types.TypeScriptObjectJSTypeImpl
6234:             7            224  com.intellij.lang.javascript.psi.types.TypeScriptTypeParser$2
6235:            14            224  com.intellij.lang.javascript.psi.types.guard.TypeScriptTypeRelations$$Lambda$2632/1717567421
6236:            14            224  com.intellij.lang.javascript.template.postfix.JSPostfixTemplateUtils$3
6237:             4            224  com.intellij.openapi.externalSystem.configurationStore.ExternalProjectFilteringStorage
6238:             7            224  com.intellij.openapi.roots.impl.libraries.LibraryTableBase$LibraryModel
6239:            14            224  com.intellij.openapi.ui.SimpleToolWindowPanel$1
6240:            14            224  com.intellij.openapi.ui.ThreeComponentsSplitter$MyFocusTraversalPolicy
6241:             4            224  com.intellij.openapi.vcs.changes.ChangeListWorker
6242:             7            224  com.intellij.openapi.vcs.changes.ChangeListWorker$ListData
6243:             4            224  com.intellij.openapi.vcs.changes.VcsAnnotationLocalChangesListenerImpl
6244:             7            224  com.intellij.openapi.vcs.impl.VcsInitObject
6245:             4            224  com.intellij.openapi.vcs.impl.projectlevelman.NewMappings
6246:             4            224  com.intellij.openapi.vfs.newvfs.RefreshSessionImpl
6247:             4            224  com.intellij.psi.css.impl.util.table.CssLookupValue
6248:             4            224  com.intellij.psi.impl.PsiDocumentManagerImpl
6249:             4            224  com.intellij.psi.impl.PsiManagerImpl
6250:             4            224  com.intellij.psi.impl.source.tree.java.PsiEmptyStatementImpl
6251:             7            224  com.intellij.psi.impl.source.tree.java.PsiLambdaExpressionImpl
6252:             4            224  com.intellij.psi.impl.source.tree.java.PsiSwitchStatementImpl
6253:             7            224  com.intellij.psi.search.GlobalSearchScope$IntersectionScope
6254:             4            224  com.intellij.refactoring.ui.TypeSelectorManagerImpl
6255:             4            224  com.intellij.spring.boot.run.lifecycle.tabs.RequestMappingsTab$LiveRequestMethodActionGroup
6256:             4            224  com.intellij.tasks.impl.TaskManagerImpl$Config
6257:            14            224  com.intellij.ui.JBColor$6
6258:             4            224  com.intellij.ui.TabbedPaneWrapper$_MyFocusTraversalPolicy
6259:             4            224  com.intellij.ui.TableSpeedSearch
6260:             7            224  com.intellij.ui.TableSpeedSearch$MySelectAllAction
6261:             7            224  com.intellij.util.io.PersistentHashMap$AppendStream
6262:             7            224  com.sun.jna.Library$Handler
6263:            14            224  com.sun.proxy.$Proxy123
6264:             4            224  com.sun.xml.internal.bind.v2.model.impl.RuntimeModelBuilder
6265:             4            224  com.sun.xml.internal.bind.v2.model.impl.RuntimeTypeInfoSetImpl
6266:             7            224  com.theoryinpractice.testng.model.TestType
6267:             4            224  git4idea.repo.GitRepoInfo
6268:             4            224  java.net.SocketPermission
6269:             7            224  kotlin.reflect.jvm.internal.impl.serialization.ProtoBuf$QualifiedNameTable
6270:             7            224  kotlin.reflect.jvm.internal.impl.serialization.ProtoBuf$StringTable
6271:             2            224  org.intellij.images.options.impl.ImagesOptionsComponent
6272:             7            224  org.jetbrains.idea.maven.tasks.MavenTasksManagerState
6273:             7            224  org.jetbrains.jps.model.java.compiler.JpsJavaCompilerOptions
6274:             7            224  org.jetbrains.kotlin.idea.intentions.SpecifyTypeExplicitlyIntention
6275:             7            224  org.jetbrains.kotlin.serialization.deserialization.descriptors.DeserializedClassDescriptor$DeserializedClassTypeConstructor
6276:             2            224  org.jetbrains.kotlin.serialization.deserialization.descriptors.DeserializedPropertyDescriptor
6277:            14            224  org.kohsuke.rngom.nc.NsNameClass
6278:            14            224  org.picocontainer.defaults.DelegatingComponentMonitor
6279:             4            224  sun.rmi.transport.Target
6280:             4            224  sun.security.provider.MD5
6281:             1            216  [Lcom.intellij.lang.javascript.buildTools.npm.rc.NpmCommand;
6282:             3            216  [Lcom.intellij.openapi.compiler.util.InspectionValidator;
6283:             9            216  [Lcom.intellij.openapi.vcs.impl.VcsBaseContentProvider;
6284:             1            216  [Lcom.intellij.plugins.jboss.arquillian.configuration.container.ArquillianContainerBean;
6285:            13            216  [Ljavax.management.MBeanConstructorInfo;
6286:             3            216  ch.qos.logback.classic.spi.LoggingEvent
6287:             3            216  com.android.tools.idea.experimental.PermissionUsageInspection
6288:             9            216  com.intellij.cloudConfig.StatusInfo
6289:             9            216  com.intellij.codeInsight.completion.impl.CompletionSorterImpl
6290:             9            216  com.intellij.codeInsight.completion.impl.DispreferLiveTemplates
6291:             9            216  com.intellij.codeInsight.completion.impl.PreferStartMatching
6292:             9            216  com.intellij.codeInsight.completion.impl.RealPrefixMatchingWeigher
6293:             3            216  com.intellij.codeInsight.daemon.impl.analysis.HighlightVisitorImpl
6294:             3            216  com.intellij.codeInsight.documentation.DocumentationManager
6295:             9            216  com.intellij.codeInsight.problems.WolfTheProblemSolverImpl$6
6296:             9            216  com.intellij.codeInspection.ConditionalCanBeOptionalInspection$1
6297:             9            216  com.intellij.codeInspection.LambdaCanBeMethodCallInspection$1
6298:             9            216  com.intellij.codeInspection.MoveFieldAssignmentToInitializerInspection$1
6299:             9            216  com.intellij.codeInspection.bytecodeAnalysis.EKey
6300:             9            216  com.intellij.codeInspection.intermediaryVariable.ReturnSeparatedFromComputationInspection$1
6301:             9            216  com.intellij.codeInspection.java18api.Java8ArraySetAllInspection$1
6302:             9            216  com.intellij.codeInspection.lambda.RedundantLambdaParameterTypeInspection$1
6303:             9            216  com.intellij.codeInspection.lambdaToExplicit.ExplicitArgumentCanBeLambdaInspection$1
6304:             9            216  com.intellij.codeInspection.miscGenerics.RawTypeCanBeGenericInspection$1
6305:             9            216  com.intellij.codeInspection.streamMigration.SimplifyForEachInspection$1
6306:             9            216  com.intellij.codeInspection.streamMigration.StreamApiMigrationInspection$StreamApiMigrationVisitor
6307:             9            216  com.intellij.codeInspection.streamToLoop.StreamToLoopInspection$1
6308:             9            216  com.intellij.codeInspection.unusedReturnValue.UnusedReturnValueLocalInspection
6309:             9            216  com.intellij.configurationStore.StateStorageManagerImpl$startExternalization$1
6310:             9            216  com.intellij.dvcs.branch.DvcsBranchSettings
6311:             3            216  com.intellij.execution.dashboard.RunDashboardManagerImpl
6312:             9            216  com.intellij.execution.process.BaseOSProcessHandler$2$1
6313:             9            216  com.intellij.execution.process.ProcessWaitFor$1
6314:             9            216  com.intellij.framework.detection.FileContentPattern$1
6315:             9            216  com.intellij.framework.detection.FileContentPattern$4
6316:             9            216  com.intellij.ide.TypePresentationServiceImpl$AnnotationBasedTemplate$1
6317:             9            216  com.intellij.ide.TypePresentationServiceImpl$AnnotationBasedTemplate$2
6318:             9            216  com.intellij.ide.navigationToolbar.NavBarKeyboardCommand
6319:             9            216  com.intellij.ide.navigationToolbar.NavBarUpdateQueue$ID
6320:             9            216  com.intellij.ide.navigationToolbar.ui.AbstractNavBarUI$ImageType
6321:             3            216  com.intellij.ide.projectView.impl.PackageViewPane
6322:             3            216  com.intellij.ide.projectView.impl.ProjectViewPane
6323:             3            216  com.intellij.ide.scopeView.ScopeViewPane
6324:             3            216  com.intellij.ide.scratch.ScratchProjectViewPane
6325:             9            216  com.intellij.ide.util.treeView.TreeState
6326:             9            216  com.intellij.jam.reflect.JamAnnotationMeta$1
6327:             3            216  com.intellij.javaee.ProjectResources
6328:             9            216  com.intellij.javaee.web.ServletMappingInfo$DefaultMappingInfo
6329:             3            216  com.intellij.lang.javascript.flex.build.FlexCompilerHandler
6330:             9            216  com.intellij.lang.javascript.index.flags.EnumStructureElement
6331:             9            216  com.intellij.lang.javascript.inspections.ES6ConvertModuleExportToExportInspection$1
6332:             9            216  com.intellij.lang.javascript.inspections.ES6ConvertRequireIntoImportInspection$1
6333:             9            216  com.intellij.lang.javascript.inspections.ES6ConvertToForOfInspection$1
6334:             9            216  com.intellij.lang.javascript.inspections.ES6MissingAwaitInspection$1
6335:             9            216  com.intellij.lang.javascript.inspections.ES6ShorthandObjectPropertyInspection$1
6336:             9            216  com.intellij.lang.javascript.inspections.JSArrowFunctionBracesCanBeRemovedInspection$1
6337:             9            216  com.intellij.lang.javascript.inspections.JSFunctionExpressionToArrowFunctionInspection$1
6338:             9            216  com.intellij.lang.javascript.inspections.JSRemoveUnnecessaryParenthesesInspection$1
6339:             9            216  com.intellij.lang.javascript.inspections.JSStringConcatenationToES6TemplateInspection$1
6340:             3            216  com.intellij.lang.javascript.psi.impl.JSContinueStatementImpl
6341:             9            216  com.intellij.lang.javascript.psi.resolve.JSTaggedResolveResult$ResolveResultTag
6342:             3            216  com.intellij.lang.properties.psi.impl.PropertiesFileImpl
6343:             9            216  com.intellij.lang.typescript.inspection.TypeScriptMissingAugmentationImportInspection$1
6344:             9            216  com.intellij.lang.typescript.inspection.TypescriptExplicitMemberTypeInspection$1
6345:             9            216  com.intellij.openapi.fileEditor.impl.text.TextEditorProvider$$Lambda$1068/433002533
6346:             3            216  com.intellij.openapi.module.impl.ModuleImpl
6347:             3            216  com.intellij.openapi.project.impl.ProjectImpl
6348:             3            216  com.intellij.openapi.ui.impl.ShadowPainter
6349:             3            216  com.intellij.openapi.vcs.changes.committed.CommittedChangesCache
6350:             9            216  com.intellij.openapi.vcs.changes.issueLinks.IssueLinkRenderer
6351:             3            216  com.intellij.openapi.vcs.changes.shelf.ShelvedChangesViewManager$2
6352:             9            216  com.intellij.openapi.vcs.impl.FileStatusManagerImpl$4
6353:             3            216  com.intellij.openapi.vcs.impl.PartialLineStatusTrackerManagerState
6354:             9            216  com.intellij.openapi.vfs.impl.local.FileWatcher$DirtyPaths
6355:             9            216  com.intellij.openapi.wm.impl.IdeBackgroundUtil$Anchor
6356:             9            216  com.intellij.patterns.PsiBinaryExpressionPattern$3
6357:             9            216  com.intellij.patterns.compiler.PatternCompilerImpl$State
6358:             9            216  com.intellij.pom.java.LanguageLevel
6359:             9            216  com.intellij.psi.SyntaxTraverser
6360:             9            216  com.intellij.psi.css.browse.ColorDeclarationType
6361:             9            216  com.intellij.psi.impl.source.codeStyle.javadoc.JDTag
6362:             9            216  com.intellij.spring.boot.run.lifecycle.gutter.LiveBeansNavigationHandler$BeanNavigationItem
6363:             9            216  com.intellij.spring.model.custom.CustomComponentsDiscovererHelper$1$1
6364:             9            216  com.intellij.spring.model.jam.stereotype.SpringController
6365:             9            216  com.intellij.thymeleaf.dialects.beans.ThymeleafExpressionObjectBean
6366:             9            216  com.intellij.ui.RelativeFont
6367:             9            216  com.intellij.ui.border.CustomLineBorder
6368:             9            216  com.intellij.uiDesigner.propertyInspector.editors.ComboBoxPropertyEditor$MyPopupMenuListener
6369:             9            216  com.intellij.util.containers.ConcurrentMultiMap
6370:             9            216  com.intellij.util.containers.ContainerUtil$13
6371:             9            216  com.intellij.util.containers.HashSetQueue$QueueEntry
6372:             9            216  com.intellij.util.xml.impl.ChildrenDescriptionsHolder
6373:             9            216  com.intellij.util.xmlb.SmartSerializer
6374:             3            216  com.intellij.vcs.log.data.index.VcsLogFullDetailsIndex$MyMapReduceIndex
6375:             3            216  com.intellij.xdebugger.impl.breakpoints.XBreakpointManagerImpl
6376:             9            216  com.siyeh.ig.annotation.SingleElementAnnotationInspection$ExpandAnnotationVisitor
6377:             9            216  com.siyeh.ig.asserttoif.AssertionCanBeIfInspection$AssertToIfVisitor
6378:             9            216  com.siyeh.ig.asserttoif.IfCanBeAssertionInspection$IfToAssertionVisitor
6379:             9            216  com.siyeh.ig.exceptions.MultiCatchCanBeSplitInspection$SplitMultiCatchVisitor
6380:             9            216  com.siyeh.ig.exceptions.TryStatementWithMultipleResourcesInspection$SplitTryWithResourcesVisitor
6381:             9            216  com.siyeh.ig.inheritance.MissingOverrideAnnotationInspection$2
6382:             9            216  com.siyeh.ig.j2me.SimplifiableIfStatementInspection$SimplifiableIfStatementVisitor
6383:             9            216  com.siyeh.ig.jdk.VarargParameterInspection$VarargParameterVisitor
6384:             9            216  com.siyeh.ig.performance.ObjectEqualsCanBeEqualityInspection$ObjectEqualsMayBeEqualityVisitor
6385:             9            216  com.siyeh.ig.performance.TailRecursionInspection$TailRecursionVisitor
6386:             9            216  com.siyeh.ig.style.ArrayCreationWithoutNewKeywordInspection$ArrayCreationExpressionVisitor
6387:             9            216  com.siyeh.ig.style.ConstantExpressionInspection$1
6388:             9            216  com.siyeh.ig.style.ControlFlowStatementWithoutBracesInspection$ControlFlowStatementVisitor
6389:             9            216  com.siyeh.ig.style.DiamondCanBeReplacedWithExplicitTypeArgumentsInspection$DiamondTypeVisitor
6390:             9            216  com.siyeh.ig.style.LambdaBodyCanBeCodeBlockInspection$OneLineLambda2CodeBlockVisitor
6391:             9            216  com.siyeh.ig.style.LambdaCanBeReplacedWithAnonymousInspection$LambdaToAnonymousVisitor
6392:             9            216  com.siyeh.ig.style.LambdaParameterTypeCanBeSpecifiedInspection$InferLambdaParameterTypeVisitor
6393:             9            216  com.siyeh.ig.style.MethodRefCanBeReplacedWithLambdaInspection$MethodRefToLambdaVisitor
6394:             9            216  com.siyeh.ig.style.SingleStatementInBlockInspection$SingleStatementInBlockVisitor
6395:             9            216  com.sun.xml.internal.bind.v2.model.annotation.MethodLocatable
6396:             9            216  com.sun.xml.internal.bind.v2.model.annotation.XmlElementDeclQuick
6397:             9            216  com.sun.xml.internal.bind.v2.model.impl.GetterSetterPropertySeed
6398:             9            216  com.sun.xml.internal.bind.v2.runtime.reflect.Accessor$GetterSetterReflection
6399:             3            216  freemarker.core.DollarVariable
6400:             9            216  git4idea.log.GitRefManager$RefType
6401:             9            216  io.netty.channel.SucceededChannelFuture
6402:             9            216  java.awt.Window$WindowDisposerRecord
6403:             9            216  java.util.logging.Level$KnownLevel
6404:             1            216  javax.swing.ImageIcon$2$1
6405:             1            216  javax.swing.ImageIcon$3
6406:             9            216  kotlin.reflect.jvm.internal.impl.descriptors.annotations.AnnotationUseSiteTarget
6407:             9            216  kotlin.reflect.jvm.internal.impl.protobuf.WireFormat$JavaType
6408:             9            216  kotlin.reflect.jvm.internal.impl.storage.LockBasedStorageManager$MapBasedMemoizedFunction
6409:             9            216  kotlin.reflect.jvm.internal.impl.storage.LockBasedStorageManager$MapBasedMemoizedFunctionToNotNull
6410:             3            216  org.angularjs.service.Angular2LanguageService
6411:             3            216  org.apache.commons.collections.ExtendedProperties
6412:             9            216  org.apache.xerces.impl.xpath.regex.Token$ConcatToken
6413:             9            216  org.intellij.lang.regexp.psi.RegExpBoundary$Type
6414:             9            216  org.jetbrains.idea.maven.plugins.api.MavenPluginDescriptor$ModelProperty
6415:             9            216  org.jetbrains.kotlin.descriptors.annotations.AnnotationUseSiteTarget
6416:             9            216  org.jetbrains.kotlin.idea.inspections.ScopeFunctionConversionInspection$buildVisitor$1
6417:             9            216  org.jetbrains.kotlin.idea.intentions.loopToCallChain.LoopToCallChainInspection$buildVisitor$1
6418:             9            216  org.jetbrains.kotlin.protobuf.WireFormat$JavaType
6419:             9            216  org.jetbrains.kotlin.renderer.DescriptorRendererModifier
6420:             9            216  org.jetbrains.kotlin.serialization.deserialization.descriptors.DeserializedMemberScope$classNames$2
6421:             9            216  org.jetbrains.kotlin.serialization.deserialization.descriptors.DeserializedMemberScope$functionNamesLazy$2
6422:             9            216  org.jetbrains.kotlin.serialization.deserialization.descriptors.DeserializedMemberScope$functions$1
6423:             9            216  org.jetbrains.kotlin.serialization.deserialization.descriptors.DeserializedMemberScope$properties$1
6424:             9            216  org.jetbrains.kotlin.serialization.deserialization.descriptors.DeserializedMemberScope$typeAliasByName$1
6425:             9            216  org.jetbrains.kotlin.serialization.deserialization.descriptors.DeserializedMemberScope$variableNamesLazy$2
6426:             3            216  org.jetbrains.plugins.grails.projectView.GrailsProjectViewPane
6427:             9            216  org.zeroturnaround.javarebel.LicenceType
6428:             9            216  sun.awt.OSInfo$WindowsVersion
6429:             9            216  sun.rmi.transport.ObjectEndpoint
6430:             9            216  sun.security.util.DisabledAlgorithmConstraints$DisabledConstraint
6431:             9            216  sun.util.logging.PlatformLogger$Level
6432:             2            208  [Lcom.intellij.util.text.VersionComparatorUtil$VersionTokenType;
6433:             7            208  [Lcom.intellij.webcore.libraries.ScriptingLibraryModel;
6434:             7            208  [Ljava.lang.invoke.LambdaForm$NamedFunction;
6435:             2            208  [Lorg.intellij.lang.regexp.RegExpCapability;
6436:            13            208  com.intellij.aop.jam.AopJavaAnnotator$$Lambda$3763/843640702
6437:            13            208  com.intellij.codeInsight.TestFrameworks$$Lambda$3709/1713854951
6438:            13            208  com.intellij.codeInspection.dataFlow.MethodData$methodBody$1$1
6439:            13            208  com.intellij.codeInspection.dataFlow.NullnessUtil$$Lambda$4138/594569922
6440:            13            208  com.intellij.codeInspection.dataFlow.value.DfaValueFactory$FieldChecker$$Lambda$3997/531302378
6441:            13            208  com.intellij.openapi.actionSystem.impl.ActionMenu$MenuItemSynchronizer
6442:            13            208  com.intellij.openapi.actionSystem.impl.ActionMenu$MenuListenerImpl
6443:            13            208  com.intellij.openapi.actionSystem.impl.actionholder.IdActionRef
6444:             2            208  com.intellij.openapi.vfs.newvfs.persistent.ContentHashesUtil$HashEnumerator
6445:            13            208  com.intellij.psi.controlFlow.ReadVariableInstruction
6446:            13            208  com.intellij.spring.boot.library.SpringBootLibraryUtil$$Lambda$2091/16633643
6447:            13            208  com.intellij.spring.boot.model.autoconfigure.AutoConfigurationModelBase$$Lambda$2580/1364816890
6448:            13            208  com.intellij.ui.components.TextComponentEmptyText$1
6449:             1            208  com.intellij.util.ImageLoader$1
6450:            13            208  com.intellij.util.containers.FilteredTraverserBase$Cond$1
6451:            13            208  com.intellij.util.containers.FilteredTraverserBase$Cond$2
6452:            13            208  com.intellij.ws.index.FileBasedWSIndex$$Lambda$3756/2121638987
6453:            13            208  com.intellij.ws.inspections.BaseWebServicesInspection$$Lambda$3974/2120353620
6454:             1            208  freemarker.template.Template
6455:            13            208  java.util.EnumMap$Values
6456:            13            208  java.util.WeakHashMap$KeySet
6457:            13            208  java.util.WeakHashMap$Values
6458:            13            208  javax.swing.JTree$TreeSelectionRedirector
6459:            13            208  javax.swing.plaf.basic.BasicMenuItemUI$Handler
6460:            13            208  org.jetbrains.jps.backwardRefs.index.CompilerIndices$UnsignedByteExternalizer
6461:            13            208  org.jetbrains.kotlin.psi.UserDataProperty
6462:             1            200  [Lcom.intellij.framework.FrameworkTypeEx;
6463:             4            200  [Lcom.intellij.openapi.compiler.CompileTask;
6464:            10            200  [Ljava.awt.event.MouseMotionListener;
6465:             2            200  [Ljava.text.DateFormat$Field;
6466:             5            200  com.android.tools.idea.gradle.project.sync.compatibility.version.VersionRange
6467:             5            200  com.intellij.execution.jar.JarApplicationConfiguration$JarApplicationConfigurationBean
6468:             5            200  com.intellij.find.EditorSearchSession$ExcludeAction
6469:             5            200  com.intellij.find.EditorSearchSession$ReplaceAction
6470:             5            200  com.intellij.find.EditorSearchSession$ReplaceAllAction
6471:             5            200  com.intellij.openapi.vfs.newvfs.persistent.VfsDependentEnum
6472:             5            200  com.intellij.struts.core.PsiBeanPropertyImpl
6473:             5            200  com.intellij.ui.popup.AbstractPopup$4
6474:             5            200  com.intellij.util.indexing.SnapshotInputMappings
6475:             5            200  com.intellij.util.ui.ListTableModel
6476:             5            200  freemarker.core.Identifier
6477:             1            200  freemarker.template.Configuration
6478:             5            200  java.lang.invoke.BoundMethodHandle$SpeciesData
6479:             5            200  java.lang.invoke.MethodHandleImpl$AsVarargsCollector
6480:             5            200  java.util.HashMap$KeySpliterator
6481:             5            200  java.util.stream.StreamOpFlag
6482:             5            200  org.jetbrains.jps.api.CmdlineRemoteProto$Message$ControllerMessage$ParametersMessage$TargetTypeBuildScope
6483:             1            200  org.jetbrains.kotlin.cli.common.arguments.K2JSCompilerArguments
6484:             5            200  org.jetbrains.plugins.gradle.execution.GradleConsoleFilterProvider$1
6485:             5            200  sun.awt.FontDescriptor
6486:             1            192  [Lcom.intellij.codeInsight.editorActions.TypedHandlerDelegate;
6487:             3            192  [Lcom.intellij.codeInsight.highlighting.HighlightUsagesHandlerFactory;
6488:             6            192  [Lcom.intellij.database.psi.DbPsiManagerSpi;
6489:             2            192  [Lcom.intellij.find.findUsages.FindUsagesHandlerFactory;
6490:             2            192  [Lcom.intellij.lang.javascript.flex.run.FlashRunnerParameters$Emulator;
6491:             8            192  [Lcom.intellij.openapi.command.impl.UndoProvider;
6492:             1            192  [Lcom.intellij.openapi.roots.libraries.LibraryType;
6493:             6            192  [Lcom.intellij.psi.ResolveScopeEnlarger;
6494:             3            192  [Lcom.intellij.psi.impl.PsiTreeChangePreprocessor;
6495:             4            192  [Lcom.intellij.psi.search.PsiShortNamesCache;
6496:             6            192  [Lcom.intellij.psi.search.scope.packageSet.NamedScope;
6497:             7            192  [Lcom.intellij.spring.websocket.model.messaging.SpringMessagingType;
6498:             8            192  [Ljavax.swing.text.Position$Bias;
6499:             6            192  [Lorg.apache.xerces.impl.XMLEntityManager$CharacterBuffer;
6500:             5            192  [Lorg.jetbrains.kotlin.name.FqName;
6501:             8            192  [[[B
6502:             6            192  ch.qos.logback.core.util.COWArrayList
6503:             6            192  cn.yiiguxing.plugin.translate.trans.CacheKey
6504:             8            192  com.android.repository.api.SchemaModule
6505:             6            192  com.android.sdklib.repository.sources.generated.v3.SysImgSiteType
6506:             8            192  com.android.tools.idea.lang.proguard.psi.ProguardTokenType
6507:             3            192  com.android.tools.idea.navigator.AndroidProjectViewPane
6508:             3            192  com.android.tools.idea.profiling.view.AnalysisResultsManager
6509:             3            192  com.android.tools.idea.profiling.view.EmptyManager
6510:             8            192  com.android.tools.idea.res.ResourceNotificationManager$Reason
6511:             8            192  com.android.tools.idea.run.editor.AndroidDebuggerContext
6512:             8            192  com.android.tools.idea.run.editor.DeployTargetContext
6513:             8            192  com.baomidou.plugin.idea.mybatisx.annotation.Annotation
6514:            12            192  com.google.common.cache.LocalCache$AccessQueue
6515:            12            192  com.google.common.cache.LocalCache$WriteQueue
6516:             6            192  com.google.common.collect.ImmutableMap$Builder
6517:             8            192  com.google.common.collect.ImmutableSortedMap$1EntrySet
6518:             6            192  com.google.common.collect.ImmutableSortedMap$Builder
6519:             6            192  com.google.gson.internal.ConstructorConstructor$14
6520:             8            192  com.google.protobuf.GeneratedMessageLite$MethodToInvoke
6521:             8            192  com.intellij.codeInsight.completion.CompletionContext
6522:             8            192  com.intellij.codeInsight.completion.CompletionLocation
6523:             8            192  com.intellij.codeInsight.completion.OffsetKey
6524:             8            192  com.intellij.codeInsight.completion.StatisticsComparable
6525:             8            192  com.intellij.codeInsight.completion.impl.CompletionServiceImpl$2
6526:             8            192  com.intellij.codeInsight.completion.impl.CompletionServiceImpl$4
6527:             4            192  com.intellij.codeInsight.completion.impl.CompletionServiceImpl$CompletionResultSetImpl
6528:             6            192  com.intellij.codeInsight.daemon.DaemonCodeAnalyzerSettingsImpl
6529:            12            192  com.intellij.codeInsight.daemon.impl.DaemonCodeAnalyzerImpl$$Lambda$2097/1153671328
6530:             3            192  com.intellij.codeInsight.daemon.impl.DaemonListeners
6531:             6            192  com.intellij.codeInsight.daemon.impl.EditorTracker$MyEditorFactoryListener$$Lambda$1038/138652876
6532:             8            192  com.intellij.codeInsight.daemon.impl.FileStatusMap$FileStatus
6533:             6            192  com.intellij.codeInsight.daemon.impl.HighlightingSessionImpl$$Lambda$2166/2071936433
6534:             6            192  com.intellij.codeInsight.daemon.impl.UpdateHighlightersUtil$$Lambda$2202/1265510
6535:             6            192  com.intellij.codeInsight.hint.TooltipLinkHandlerEP
6536:             4            192  com.intellij.codeInsight.template.postfix.templates.NotExpressionPostfixTemplate
6537:             4            192  com.intellij.codeInsight.template.postfix.templates.NotNullCheckPostfixTemplate
6538:            12            192  com.intellij.codeInsight.template.postfix.templates.editable.JavaPostfixTemplateExpressionCondition$JavaPostfixTemplateExpressionFqnCondition
6539:            12            192  com.intellij.codeInsight.template.postfix.util.JavaPostfixTemplatesUtils$2
6540:            12            192  com.intellij.codeInspection.RedundantLambdaCodeBlockInspection$ReplaceWithExprFix
6541:            12            192  com.intellij.codeInspection.bytecodeAnalysis.Final
6542:             8            192  com.intellij.codeInspection.bytecodeAnalysis.Value
6543:             8            192  com.intellij.codeInspection.dataFlow.value.DfaRelationValue$RelationType
6544:             4            192  com.intellij.codeInspection.deadCode.UnusedDeclarationInspection
6545:            12            192  com.intellij.codeInspection.htmlInspections.HtmlUnknownAttributeInspectionBase$RenameAttributeFix
6546:            12            192  com.intellij.codeInspection.htmlInspections.RemoveAttributeIntentionAction
6547:             4            192  com.intellij.codeInspection.unusedSymbol.UnusedSymbolLocalInspection
6548:             3            192  com.intellij.compiler.backwardRefs.DirtyScopeHolder
6549:             4            192  com.intellij.compiler.server.AutoMakeMessageHandler
6550:             6            192  com.intellij.compiler.server.BuildMessageDispatcher$SessionData
6551:             6            192  com.intellij.concurrency.ApplierCompleter$ComputationAbortedException
6552:             3            192  com.intellij.database.dataSource.DataSourceStorage$Prj
6553:             6            192  com.intellij.database.settings.DatabaseSettings$ExecOption
6554:             4            192  com.intellij.debugger.impl.DebuggerManagerImpl
6555:             6            192  com.intellij.debugger.streams.lib.impl.MatchingOperation
6556:             8            192  com.intellij.debugger.streams.trace.impl.handler.type.ClassTypeImpl
6557:             3            192  com.intellij.designer.DesignerToolWindowManager
6558:             6            192  com.intellij.designer.inspection.AbstractQuickFixManager$3
6559:             3            192  com.intellij.designer.palette.PaletteToolWindowManager
6560:             6            192  com.intellij.designer.propertyTable.PropertyTable$MySelectNextPreviousRowAction
6561:             6            192  com.intellij.execution.ExecutorRegistryImpl$ExecutorAction
6562:             6            192  com.intellij.execution.impl.RunConfigurationSchemeManager
6563:             8            192  com.intellij.execution.process.ProcessEvent
6564:            12            192  com.intellij.execution.process.ProcessHandler$5
6565:             3            192  com.intellij.execution.runners.ExecutionEnvironment
6566:             6            192  com.intellij.execution.testDiscovery.TestDiscoveryIndex$TestDataController
6567:             4            192  com.intellij.execution.ui.layout.impl.RunnerLayout
6568:             8            192  com.intellij.execution.ui.layout.impl.RunnerLayout$General
6569:             6            192  com.intellij.find.findUsages.JavaPackageFindUsagesOptions
6570:             6            192  com.intellij.find.findUsages.JavaThrowFindUsagesOptions
6571:             6            192  com.intellij.find.findUsages.JavaVariableFindUsagesOptions
6572:             6            192  com.intellij.history.integration.IdeaGateway$VfsEventDispatchContext
6573:            12            192  com.intellij.ide.IdeEventQueue$$Lambda$43/1112692410
6574:             3            192  com.intellij.ide.palette.impl.PaletteToolWindowManager
6575:             2            192  com.intellij.ide.scratch.ScratchProjectViewPane$MyProjectNode
6576:             8            192  com.intellij.jam.JamReferenceContributor$registerReferenceProviders$2
6577:             8            192  com.intellij.jam.reflect.JamBooleanAttributeMeta
6578:             4            192  com.intellij.javascript.jest.JestRunConfiguration
6579:             4            192  com.intellij.javascript.jest.JestRunSettings
6580:             6            192  com.intellij.javascript.nodejs.library.NodeModulesRequestMerger
6581:             4            192  com.intellij.javascript.nodejs.packageJson.PackageJsonUpdateNotifier
6582:             4            192  com.intellij.javascript.protractor.ProtractorRunConfiguration
6583:            12            192  com.intellij.jpa.model.annotations.mapping.JpaJamContributor$1
6584:             8            192  com.intellij.jsf.composite.references.CompositeActionSourceForAttributeReferenceProvider
6585:             8            192  com.intellij.jsf.composite.references.CompositeValueHolderForAttributeReferenceProvider
6586:             8            192  com.intellij.jsf.references.JsfConverterIdXmlAttributeReferencesProvider$2
6587:             8            192  com.intellij.lang.javascript.JSDocElementType
6588:             6            192  com.intellij.lang.javascript.JSFlexAdapter
6589:             4            192  com.intellij.lang.javascript.JavaScriptHighlightingLexer
6590:             3            192  com.intellij.lang.javascript._E4XLexer
6591:             3            192  com.intellij.lang.javascript._JSXLexer
6592:             4            192  com.intellij.lang.javascript.buildTools.gulp.rc.GulpRunConfiguration
6593:             4            192  com.intellij.lang.javascript.buildTools.npm.rc.NpmRunConfiguration
6594:             4            192  com.intellij.lang.javascript.buildTools.webpack.WebPackConfigManager
6595:             4            192  com.intellij.lang.javascript.flex.flexunit.FlexUnitRunConfiguration
6596:             4            192  com.intellij.lang.javascript.flex.run.FlashRunConfiguration
6597:             4            192  com.intellij.lang.javascript.library.JSLibraryMappings
6598:             6            192  com.intellij.lang.javascript.linter.LinterCodeStyleImportSourceTracker
6599:             4            192  com.intellij.lang.javascript.psi.stubs.impl.TypeScriptInferTypeStubImpl
6600:             4            192  com.intellij.lang.javascript.psi.stubs.impl.TypeScriptModuleStubImpl
6601:             6            192  com.intellij.lang.javascript.psi.types.JSAnyType
6602:             6            192  com.intellij.lang.javascript.psi.types.TypeScriptTypeOfJSTypeImpl
6603:             6            192  com.intellij.lang.javascript.psi.types.primitives.JSPrimitiveFunctionType
6604:             8            192  com.intellij.lang.javascript.psi.types.primitives.JSUndefinedType
6605:            12            192  com.intellij.lang.javascript.search.JSInHtmlReferencesSearcher$$Lambda$4212/134874119
6606:             8            192  com.intellij.lang.properties.PropertiesReferenceContributor$2
6607:             4            192  com.intellij.openapi.actionSystem.ex.ComboBoxAction$ComboBoxButton$MyButtonModel
6608:             6            192  com.intellij.openapi.application.TransactionGuardImpl$$Lambda$148/325780748
6609:             4            192  com.intellij.openapi.command.CommandEvent
6610:             6            192  com.intellij.openapi.components.impl.TrackingPathMacroSubstitutorImpl
6611:             8            192  com.intellij.openapi.editor.actions.NextPrevWordHandler
6612:            12            192  com.intellij.openapi.editor.colors.DelegatingFontPreferences
6613:             8            192  com.intellij.openapi.editor.colors.EditorFontType
6614:             4            192  com.intellij.openapi.editor.impl.CaretImpl$SelectionMarker
6615:             6            192  com.intellij.openapi.editor.impl.ComplementaryFontsRegistry$FallBackInfo
6616:             8            192  com.intellij.openapi.editor.impl.EditorImpl$$Lambda$1036/1295663695
6617:             8            192  com.intellij.openapi.editor.impl.FontFallbackIterator$BreakAtEveryCharacterIterator
6618:             3            192  com.intellij.openapi.editor.impl.event.DocumentEventImpl
6619:             8            192  com.intellij.openapi.editor.markup.EffectType
6620:             4            192  com.intellij.openapi.externalSystem.configurationStore.ExternalProjectStorage
6621:             4            192  com.intellij.openapi.externalSystem.service.execution.ExternalSystemRunConfiguration
6622:             6            192  com.intellij.openapi.fileEditor.impl.text.PsiAwareTextEditorProvider$PsiAwareEditorWrapper
6623:             4            192  com.intellij.openapi.module.impl.ModuleManagerImpl$ModuleModelImpl
6624:             8            192  com.intellij.openapi.roots.impl.ProjectRootManagerImpl$BatchSession
6625:             6            192  com.intellij.openapi.ui.popup.IconButton
6626:             3            192  com.intellij.openapi.vcs.changes.ChangesViewManager
6627:             8            192  com.intellij.openapi.vcs.changes.FileHolder$HolderType
6628:             6            192  com.intellij.openapi.vcs.changes.IgnoredFilesCompositeHolder
6629:             8            192  com.intellij.openapi.vcs.ex.DocumentTracker$FreezeHelper
6630:             8            192  com.intellij.openapi.vcs.ex.DocumentTracker$Lock
6631:             8            192  com.intellij.openapi.vcs.ex.LineTracker
6632:             8            192  com.intellij.openapi.vcs.ex.PartialLocalLineStatusTracker$getAffectedChangeListsIds$1
6633:             4            192  com.intellij.openapi.vfs.encoding.EncodingProjectManagerImpl
6634:            12            192  com.intellij.openapi.vfs.impl.VirtualFilePointerManagerImpl$$Lambda$1987/334001550
6635:             8            192  com.intellij.openapi.vfs.newvfs.VirtualFileFilteringListener
6636:            12            192  com.intellij.openapi.wm.impl.Stripe$AdaptiveBorder
6637:            12            192  com.intellij.openapi.wm.impl.Stripe$MyKeymapManagerListener
6638:             4            192  com.intellij.packageDependencies.DependencyValidationManagerImpl
6639:             8            192  com.intellij.patterns.CharPattern
6640:             8            192  com.intellij.patterns.PsiElementPattern$8
6641:             8            192  com.intellij.patterns.PsiStatementPattern$1
6642:             8            192  com.intellij.patterns.XmlElementPattern$XmlTextPattern
6643:             8            192  com.intellij.patterns.uast.UElementPattern$sourcePsiFilter$1
6644:             8            192  com.intellij.play.references.PlayRenderViewsPsiReferenceProvider
6645:             8            192  com.intellij.profile.codeInspection.ProjectInspectionProfileManager$State
6646:             6            192  com.intellij.psi.codeStyle.CodeStyleSettingsManager
6647:             8            192  com.intellij.psi.css.CssAttribute$OperatorType
6648:             6            192  com.intellij.psi.css.descriptor.BrowserVersion$Browser
6649:             6            192  com.intellij.psi.css.impl.stubs.CssStylesheetStubElementType
6650:            12            192  com.intellij.psi.css.impl.util.CssInHtmlClassOrIdReferenceProvider
6651:             6            192  com.intellij.psi.css.inspections.CssOptimizeSimilarPropertiesInspection$MarginRule
6652:            12            192  com.intellij.psi.css.inspections.CssOptimizeSimilarPropertiesInspection$ShorthandRuleContainer
6653:             4            192  com.intellij.psi.impl.file.impl.FileManagerImpl
6654:            12            192  com.intellij.psi.impl.search.PsiAnnotationMethodReferencesSearcher$$Lambda$2744/1276045084
6655:             8            192  com.intellij.psi.impl.smartPointers.Identikit$ByAnchor
6656:            12            192  com.intellij.psi.search.SearchSession
6657:             8            192  com.intellij.psi.search.TodoAttributes
6658:             8            192  com.intellij.psi.search.TodoPattern
6659:             6            192  com.intellij.psi.statistics.StatisticsExtensionPoint
6660:             4            192  com.intellij.psi.stubs.PsiFileStubImpl
6661:             8            192  com.intellij.refactoring.typeMigration.rules.guava.GuavaFluentIterableConversionRule$TypeConversionDescriptorFactory
6662:             8            192  com.intellij.spellchecker.compress.Alphabet
6663:             3            192  com.intellij.spring.boot.run.lifecycle.ReadyStateLiveProperty
6664:             3            192  com.intellij.spring.boot.run.lifecycle.SpringBootApplicationInfoImpl$3
6665:             3            192  com.intellij.spring.boot.run.lifecycle.SpringBootApplicationInfoImpl$4
6666:            12            192  com.intellij.spring.boot.run.lifecycle.tabs.EndpointTab$1
6667:             8            192  com.intellij.spring.boot.run.update.SpringBootApplicationUpdaterProvider$SpringBootApplicationUpdater
6668:            12            192  com.intellij.spring.contexts.model.LocalAnnotationModelImpl$$Lambda$2565/318118204
6669:            12            192  com.intellij.spring.factories.resolvers.FactoryPropertiesDependentTypeResolver
6670:             8            192  com.intellij.sql.psi.stubs.SqlDefinitionStubElementType
6671:             8            192  com.intellij.struts.inplace.reference.StrutsReferenceContributor$4
6672:             8            192  com.intellij.struts.inplace.reference.code.FindForwardReferenceProvider
6673:             8            192  com.intellij.struts.inplace.reference.config.FormReferenceProvider
6674:             8            192  com.intellij.struts.inplace.reference.config.TilesJSPPutsReferenceProvider
6675:             8            192  com.intellij.struts.inplace.reference.config.TilesPutsReferenceProvider
6676:             8            192  com.intellij.struts.inplace.reference.config.ValidatorFormReferenceProvider
6677:             8            192  com.intellij.struts.inplace.reference.property.IndexedFormPropertyReferenceProvider
6678:             8            192  com.intellij.struts.inplace.reference.property.ValidatorFormPropertyReferenceProvider
6679:             3            192  com.intellij.tasks.impl.TaskManagerImpl
6680:             3            192  com.intellij.tasks.impl.TaskManagerImpl$1
6681:            12            192  com.intellij.ui.components.ScrollPainter$SubtractComposite
6682:             4            192  com.intellij.ui.speedSearch.NameFilteringListModel
6683:            12            192  com.intellij.uiDesigner.binding.FormReferencesSearcher$$Lambda$3883/452818009
6684:             3            192  com.intellij.uiDesigner.propertyInspector.DesignerToolWindowManager
6685:             6            192  com.intellij.uiDesigner.propertyInspector.PropertyInspectorTable$MyExpandCurrentAction
6686:             6            192  com.intellij.uiDesigner.propertyInspector.properties.BorderProperty$MyTitleIntEnumProperty
6687:             6            192  com.intellij.uiDesigner.quickFixes.ShowHintAction
6688:             6            192  com.intellij.util.FileIconKey
6689:             6            192  com.intellij.util.containers.ConcurrentWeakKeyWeakValueHashMap$WeakValue
6690:             4            192  com.intellij.util.containers.HashMap
6691:             8            192  com.intellij.util.containers.SoftValueHashMap
6692:            12            192  com.intellij.util.indexing.DefaultFileTypeSpecificInputFilter
6693:             6            192  com.intellij.util.io.AppendableStorageBackedByResizableMappedFile$1
6694:             4            192  com.intellij.util.io.FileAccessorCache$1
6695:             8            192  com.intellij.util.xml.NanoXmlUtil$RootTagInfoBuilder
6696:             3            192  com.intellij.util.xml.impl.StaticGenericInfo
6697:             8            192  com.intellij.util.xmlb.JDOMElementBinding
6698:             2            192  com.intellij.vcs.log.util.PersistentSetImpl
6699:             8            192  com.intellij.ws.references.CxfXmlReferenceProvider
6700:             8            192  com.intellij.ws.references.JBossWSXmlReferenceProvider
6701:             8            192  com.intellij.ws.references.JaxRPCRiXmlReferenceProvider
6702:             8            192  com.intellij.ws.references.JaxWSXmlReferenceProvider
6703:             6            192  com.intellij.xml.breadcrumbs.BreadcrumbsXmlWrapper$$Lambda$1103/310233719
6704:             8            192  com.jetbrains.plugins.webDeployment.config.sftp.SftpAdvancedOptions
6705:             8            192  com.rover12421.exTENdS.exTENdS.ThrOWS.STRICtfP
6706:             8            192  com.rover12421.exTENdS.exTENdS.ThrOWS.STRICtfP
6707:             8            192  com.sixrr.inspectjs.utils.ComparisonUtils$OperatorTexts
6708:             4            192  com.sun.beans.util.Cache$Kind$Soft
6709:             8            192  com.sun.jmx.remote.util.ClassLogger
6710:            12            192  com.sun.proxy.$Proxy18
6711:             6            192  com.sun.xml.internal.bind.v2.model.impl.ClassInfoImpl$SecondaryAnnotation
6712:             8            192  com.sun.xml.internal.bind.v2.model.impl.RuntimeElementInfoImpl$RuntimePropertyImpl
6713:            12            192  com.sun.xml.internal.bind.v2.model.impl.RuntimeModelBuilder$IDTransducerImpl
6714:             8            192  com.sun.xml.internal.bind.v2.runtime.ElementBeanInfoImpl$IntercepterLoader
6715:             6            192  com.sun.xml.internal.bind.v2.runtime.property.ValueProperty
6716:             8            192  com.sun.xml.internal.bind.v2.runtime.unmarshaller.XsiNilLoader$Single
6717:             6            192  com.zeroturnaround.http.proxy.ProxySource
6718:            12            192  gnu.trove.TIntStack
6719:             4            192  gnu.trove.TObjectFloatHashMap
6720:            12            192  gnu.trove.decorator.TIntObjectHashMapDecorator$1
6721:             3            192  io.netty.channel.socket.nio.NioServerSocketChannel$NioServerSocketChannelConfig
6722:             6            192  io.netty.handler.codec.CodecOutputList
6723:             6            192  io.netty.handler.codec.protobuf.ProtobufDecoder
6724:             8            192  java.awt.Queue
6725:             4            192  java.awt.event.AdjustmentEvent
6726:             6            192  java.io.EOFException
6727:             8            192  java.io.FilePermissionCollection
6728:             6            192  java.io.ObjectInputStream$HandleTable
6729:             6            192  java.io.ObjectInputStream$PeekInputStream
6730:             8            192  java.io.ObjectOutputStream$ReplaceTable
6731:             4            192  java.lang.ThreadGroup
6732:             6            192  java.lang.invoke.LambdaForm$BasicType
6733:             8            192  java.lang.invoke.MethodHandleImpl$Intrinsic
6734:             8            192  java.lang.management.ManagementPermission
6735:             8            192  java.math.RoundingMode
6736:             6            192  java.nio.file.FileTreeWalker
6737:             6            192  java.nio.file.FileTreeWalker$Event
6738:             6            192  java.nio.file.attribute.FileTime
6739:             6            192  java.security.BasicPermissionCollection
6740:             6            192  java.time.format.TextStyle
6741:            12            192  java.util.Optional
6742:             6            192  java.util.RegularEnumSet$EnumSetIterator
6743:             6            192  java.util.concurrent.ConcurrentLinkedQueue$CLQSpliterator
6744:             4            192  java.util.concurrent.locks.ReentrantReadWriteLock$FairSync
6745:            12            192  javassist.ClassClassPath
6746:             8            192  javax.crypto.spec.SecretKeySpec
6747:             8            192  javax.swing.ButtonGroup
6748:             8            192  javax.swing.DropMode
6749:             2            192  javax.swing.JTabbedPane$Page
6750:            12            192  javax.swing.plaf.basic.BasicComboBoxUI$Actions
6751:             3            192  javax.swing.plaf.basic.BasicEditorPaneUI$StyleSheetUIResource
6752:             8            192  javax.swing.plaf.basic.BasicRootPaneUI$RootPaneInputMap
6753:             6            192  javax.swing.text.DefaultHighlighter$HighlightInfo
6754:             6            192  javax.swing.text.DefaultStyledDocument$AbstractChangeHandler$DocReference
6755:             8            192  javax.swing.text.GapContent$UndoPosRef
6756:             6            192  javax.swing.text.html.HTMLEditorKit$LinkController
6757:             6            192  kotlin.reflect.jvm.internal.impl.load.kotlin.TypeMappingMode
6758:             8            192  kotlin.reflect.jvm.internal.impl.platform.JavaToKotlinClassMap$PlatformMutabilityMapping
6759:             8            192  net.n3.nanoxml.NonValidator
6760:             8            192  net.n3.nanoxml.StdXMLBuilder
6761:             6            192  net.sf.cglib.core.AbstractClassGenerator$ClassLoaderData
6762:             8            192  net.sourceforge.pmd.lang.java.javadoc.JavadocTag
6763:             8            192  org.angularjs.codeInsight.attributes.AngularJSAttributeDescriptorsProvider$$Lambda$3459/1746107942
6764:             8            192  org.angularjs.index.AngularIndexUtil$$Lambda$2107/1889286750
6765:             6            192  org.apache.xerces.impl.XMLEntityManager$ByteBufferPool
6766:             4            192  org.apache.xerces.impl.xs.SchemaGrammar$BuiltinAttrDecl
6767:             6            192  org.apache.xerces.impl.xs.XSGroupDecl
6768:             8            192  org.intellij.images.options.impl.ImagesOptionsComponent$CheckboxOptionsListener
6769:             8            192  org.intellij.plugins.markdown.lang.stubs.impl.MarkdownHeaderStubElementType
6770:             8            192  org.intellij.plugins.relaxNG.compact.psi.impl.RncDocument
6771:             8            192  org.intellij.plugins.relaxNG.compact.psi.impl.RncGrammarImpl
6772:             8            192  org.jaxen.expr.DefaultOrExpr
6773:             8            192  org.jetbrains.idea.devkit.references.TestDataFilesReferencesContributor$1
6774:             6            192  org.jetbrains.idea.maven.execution.MavenExecutionOptions$LoggingLevel
6775:             3            192  org.jetbrains.idea.maven.indices.MavenIndex
6776:             6            192  org.jetbrains.idea.maven.model.MavenResource
6777:             3            192  org.jetbrains.idea.maven.project.MavenProjectsTree$MavenProjectTimestamp
6778:             4            192  org.jetbrains.jps.api.CmdlineRemoteProto$Message$BuilderMessage
6779:            12            192  org.jetbrains.jps.model.serialization.facet.FacetManagerState
6780:             3            192  org.jetbrains.kotlin.idea.caches.resolve.ProjectResolutionFacade
6781:             8            192  org.jetbrains.kotlin.kdoc.lexer.KDocToken
6782:             6            192  org.jetbrains.kotlin.load.kotlin.TypeMappingMode
6783:             8            192  org.jetbrains.kotlin.platform.JavaToKotlinClassMap$PlatformMutabilityMapping
6784:            12            192  org.jetbrains.kotlin.resolve.jvm.KotlinJavaPsiFacade$KotlinPsiElementFinderWrapperImpl
6785:             8            192  org.jetbrains.kotlin.resolve.jvm.jvmSignature.JvmMethodParameterKind
6786:             8            192  org.jetbrains.kotlin.storage.LockBasedStorageManager
6787:             6            192  org.jetbrains.kotlin.types.ErrorType
6788:             4            192  org.jetbrains.osgi.bnd.run.BndRunConfigurationBase$Launch
6789:             4            192  org.jetbrains.osgi.bnd.run.BndRunConfigurationBase$Test
6790:             4            192  org.jetbrains.plugins.gradle.settings.GradleLocalSettings$MyState
6791:             8            192  org.jetbrains.plugins.groovy.lang.psi.patterns.GroovyAssignmentExpressionPattern
6792:             8            192  org.jetbrains.plugins.javaFX.css.refs.JavaFxCSSReferenceContributor$1
6793:             8            192  org.jetbrains.plugins.javaFX.fxml.refs.JavaFxReferencesContributor$3
6794:             4            192  org.jetbrains.tfsIntegration.core.configuration.TFSOptionsTopHitProvider$Option
6795:            12            192  org.zeroturnaround.jrebel.client.config.JRebelConfiguration$$Lambda$1
6796:             6            192  org.zeroturnaround.jrebel.client.config.LogLevel
6797:             6            192  org.zeroturnaround.jrebel.client.logger.Log$LogLevel
6798:             8            192  org.zmlx.hg4idea.HgFileStatusEnum
6799:             8            192  org.zmlx.hg4idea.log.HgRefManager$SimpleRefType
6800:             4            192  sun.awt.image.BufferedImageGraphicsConfig
6801:             6            192  sun.awt.image.FileImageSource
6802:             6            192  sun.rmi.transport.StreamRemoteCall
6803:             2            192  sun.security.jgss.SunProvider
6804:             6            192  sun.security.ssl.EphemeralKeyManager$EphemeralKeyPair
6805:             6            192  sun.security.ssl.SSLSessionContextImpl
6806:            12            192  sun.security.x509.CertificatePolicyId
6807:             8            192  sun.security.x509.PolicyInformation
6808:             8            192  sun.text.bidi.BidiBase$ImpTabPair
6809:             4            184  [Lcom.intellij.codeInsight.daemon.impl.HighlightInfoFilter;
6810:             3            184  [Lkotlin.annotation.AnnotationTarget;
6811:             1            184  [Lorg.jetbrains.kotlin.descriptors.annotations.KotlinTarget;
6812:             1            184  sun.java2d.marlin.Renderer
6813:            10            176  [Lcom.intellij.codeInsight.editorActions.FoldingData;
6814:             1            176  [Lcom.intellij.openapi.editor.actionSystem.EditorActionHandlerBean;
6815:             7            176  [Lcom.intellij.openapi.util.RequestsMerger$MyExitAction;
6816:             4            176  [Lcom.intellij.refactoring.ui.TypeSelector$PsiTypeItem;
6817:             4            176  [Lorg.apache.xerces.util.XMLAttributesImpl$Attribute;
6818:             3            176  [Lorg.jetbrains.plugins.grails.util.GrailsArtifact;
6819:             3            176  [[D
6820:             2            176  com.intellij.application.options.editor.EditorSmartKeysConfigurable
6821:            11            176  com.intellij.codeInsight.MetaAnnotationUtil$$Lambda$2416/235766709
6822:            11            176  com.intellij.codeInsight.daemon.impl.DefaultHighlightInfoProcessor
6823:            11            176  com.intellij.codeInsight.daemon.impl.HighlightersRecycler
6824:            11            176  com.intellij.codeInsight.intention.impl.IntentionHintComponent$$Lambda$2756/296952470
6825:            11            176  com.intellij.codeInsight.template.emmet.tokens.ZenCodingTokenImpl
6826:            11            176  com.intellij.codeInspection.dataFlow.NullityInferenceResult$FromDelegate
6827:            11            176  com.intellij.debugger.streams.resolve.IdentityResolver
6828:            11            176  com.intellij.diagram.EmptyDiagramVisibilityManager
6829:            11            176  com.intellij.ide.projectView.impl.ProjectViewImpl$$Lambda$1240/624803404
6830:            11            176  com.intellij.jpa.model.annotations.mapping.JpaJamContributor$2$$Lambda$3713/2046258127
6831:             2            176  com.intellij.openapi.editor.impl.PersistentRangeHighlighterImpl
6832:            11            176  com.intellij.persistence.util.PersistenceModelBrowserImpl$$Lambda$4293/78940319
6833:            11            176  com.intellij.psi.LambdaUtil$$Lambda$3624/1299751794
6834:             2            176  com.intellij.refactoring.JavaRefactoringSettings
6835:            11            176  com.intellij.ui.MouseDragHelper$1
6836:            11            176  com.intellij.ui.content.impl.ContentImpl$$Lambda$747/657894842
6837:            11            176  com.intellij.ui.plaf.beg.BegTableUI$1
6838:            11            176  com.intellij.ui.table.JBTable$2
6839:            11            176  com.intellij.ui.table.JBTable$3
6840:            11            176  com.intellij.ui.table.JBTable$MyMouseListener
6841:            11            176  com.sun.proxy.$Proxy162
6842:             2            176  com.zeroturnaround.javarebel.u
6843:             2            176  io.netty.buffer.PoolChunk
6844:            11            176  java.text.NumberFormat$Field
6845:            11            176  java.util.Collections$UnmodifiableMap$UnmodifiableEntrySet
6846:            11            176  java.util.concurrent.Semaphore
6847:             2            176  javax.management.remote.rmi.NoCallStackClassLoader
6848:            11            176  net.sourceforge.pmd.lang.ast.xpath.DocumentNavigator
6849:            11            176  org.apache.xerces.impl.xs.util.XInt
6850:            11            176  org.jetbrains.dekaf.Rdbms
6851:             4            168  [Lcom.intellij.codeInsight.daemon.impl.HighlightVisitor;
6852:             9            168  [Lcom.intellij.openapi.util.ModificationTracker;
6853:             3            168  [Lcom.intellij.pom.java.LanguageLevel;
6854:             5            168  [Lcom.intellij.util.containers.ConcurrentIntObjectHashMap$CounterCell;
6855:             3            168  [Lgit4idea.log.GitRefManager$RefType;
6856:             4            168  [Lkotlin.reflect.jvm.internal.impl.name.FqName;
6857:             7            168  [Lorg.intellij.lang.xpath.context.functions.Parameter;
6858:             1            168  [[Ljava.math.BigInteger;
6859:             7            168  ch.qos.logback.classic.Level
6860:             3            168  cn.yiiguxing.plugin.translate.trans.Translation
6861:             3            168  com.android.tools.idea.editors.theme.AndroidThemePreviewToolWindowManager
6862:             3            168  com.android.tools.idea.res.ResourceNotificationManager
6863:             7            168  com.google.gson.internal.$Gson$Types$ParameterizedTypeImpl
6864:             7            168  com.intellij.codeInsight.daemon.impl.HintRenderer$MyFontMetrics
6865:             7            168  com.intellij.codeInsight.daemon.impl.ParameterHintsPresentationManager$AnimationStep
6866:             7            168  com.intellij.codeInsight.daemon.impl.quickfix.WrapWithAdapterMethodCallFix$Wrapper
6867:             7            168  com.intellij.codeInsight.highlighting.PairedBraceMatcherAdapter
6868:             3            168  com.intellij.codeInspection.ex.EntryPointsManagerImpl
6869:             3            168  com.intellij.compiler.CompilerManagerImpl
6870:             3            168  com.intellij.compiler.backwardRefs.CompilerReferenceServiceImpl
6871:             3            168  com.intellij.configurationStore.ProjectStateStorageManager
6872:             3            168  com.intellij.designer.propertyTable.PropertyTable$1
6873:             3            168  com.intellij.diff.impl.DiffRequestProcessor$MyFocusTraversalPolicy
6874:             3            168  com.intellij.ide.fileTemplates.impl.FileTemplateSettings
6875:             3            168  com.intellij.ide.projectView.impl.AbstractProjectViewPSIPane$MySpeedSearch
6876:             3            168  com.intellij.ide.util.treeView.AbstractTreeUpdater$1
6877:             7            168  com.intellij.jam.reflect.JamChildrenQuery$AnnotatedFieldsQuery
6878:             7            168  com.intellij.javascript.debugger.settings.CustomObjectPresentationState
6879:             7            168  com.intellij.javascript.jest.JestPkgInfo
6880:             7            168  com.intellij.lang.PerFileMappingsBase$1
6881:             7            168  com.intellij.lang.javascript.psi.JSTypeUtils$OverloadPriority
6882:             7            168  com.intellij.lang.javascript.psi.stubs.JSImplicitElement$Type
6883:             7            168  com.intellij.lang.javascript.validation.JSFunctionSignatureChecker$DefaultReporter
6884:             7            168  com.intellij.openapi.application.impl.ApplicationImpl$1
6885:             3            168  com.intellij.openapi.externalSystem.service.project.manage.ExternalProjectsManagerImpl
6886:             7            168  com.intellij.openapi.externalSystem.service.project.manage.ExternalSystemTaskActivator$Phase
6887:             3            168  com.intellij.openapi.fileEditor.impl.EditorsSplitters$MyFocusTraversalPolicy
6888:             7            168  com.intellij.openapi.options.FontSize
6889:             7            168  com.intellij.openapi.util.Pair
6890:             3            168  com.intellij.openapi.vcs.changes.UpdateRequestsQueue
6891:             3            168  com.intellij.openapi.vcs.changes.conflicts.ChangelistConflictTracker
6892:             3            168  com.intellij.openapi.vcs.changes.shelf.ShelvedChangesViewManager
6893:             7            168  com.intellij.openapi.vcs.impl.LineStatusTrackerManager$TrackerData
6894:             7            168  com.intellij.openapi.vfs.impl.BulkVirtualFileListenerAdapter
6895:             7            168  com.intellij.openapi.vfs.newvfs.persistent.FSRecords$$Lambda$119/59004217
6896:             3            168  com.intellij.openapi.vfs.newvfs.persistent.PersistentFSImpl$2
6897:             3            168  com.intellij.openapi.wm.impl.IdeFrameImpl$2
6898:             3            168  com.intellij.openapi.wm.impl.content.TabContentLayout$LayoutData
6899:             7            168  com.intellij.openapi.wm.impl.status.InfoAndProgressPanel$MyInlineProgressIndicator$$Lambda$865/1737313377
6900:             7            168  com.intellij.openapi.wm.impl.status.InlineProgressIndicator$$Lambda$866/2068264968
6901:             7            168  com.intellij.patterns.ObjectPattern$10
6902:             7            168  com.intellij.patterns.TreeElementPattern$1
6903:             7            168  com.intellij.patterns.compiler.PatternCompilerImpl
6904:             7            168  com.intellij.psi.css.impl.descriptor.value.CssColorValue
6905:             3            168  com.intellij.psi.impl.source.tree.java.PsiLabeledStatementImpl
6906:             3            168  com.intellij.spring.boot.run.lifecycle.ServerConfigurationLiveProperty
6907:             3            168  com.intellij.spring.boot.run.lifecycle.SpringBootApplicationInfoImpl
6908:             3            168  com.intellij.spring.contexts.model.SpringComponentScanModel
6909:             7            168  com.intellij.spring.webflow.actions.patterns.WebflowSpringBeanGenerateProvider
6910:             7            168  com.intellij.sql.psi.SqlCompositeElementType$External
6911:             7            168  com.intellij.ui.BalloonImpl$7
6912:             7            168  com.intellij.ui.components.ScrollPainter$$Lambda$342/2064084982
6913:             7            168  com.intellij.ui.layout.LCFlags
6914:             3            168  com.intellij.uiDesigner.propertyInspector.properties.ButtonGroupProperty$MyPropertyEditor$1
6915:             3            168  com.intellij.uiDesigner.propertyInspector.properties.LayoutManagerProperty$LayoutManagerEditor$1
6916:             7            168  com.intellij.util.EditSourceOnDoubleClickHandler$TreeMouseListener
6917:             7            168  com.intellij.util.containers.RefHashMap$EntrySet
6918:             7            168  com.intellij.util.indexing.VfsEventsMerger$ChangeInfo
6919:             7            168  com.intellij.util.messages.impl.MessageListenerList$1
6920:             7            168  com.intellij.xdebugger.impl.settings.XDebuggerSettingManagerImpl$SpecificSettingsState
6921:             7            168  com.jediterm.terminal.TextStyle$Option
6922:             7            168  com.sun.xml.internal.bind.v2.model.impl.ClassInfoImpl$PropertyGroup
6923:             7            168  com.zeroturnaround.jrebel.ide.common.guide.metrics.SetupGuideMessenger$OverallState
6924:             7            168  de.plushnikov.intellij.plugin.language.psi.LombokConfigTokenType
6925:             7            168  java.net.NetPermission
6926:             7            168  java.util.concurrent.CopyOnWriteArrayList$COWIterator
6927:             3            168  java.util.zip.Deflater
6928:             3            168  javax.management.openmbean.OpenMBeanOperationInfoSupport
6929:             7            168  javax.swing.text.html.StyleSheet$LargeConversionSet
6930:             7            168  javax.swing.text.html.StyleSheet$SearchBuffer
6931:             7            168  kotlin.reflect.jvm.internal.impl.protobuf.LazyStringArrayList
6932:             7            168  kotlin.reflect.jvm.internal.impl.protobuf.UnmodifiableLazyStringList
6933:             7            168  kotlin.reflect.jvm.internal.impl.serialization.ProtoBuf$Class$Kind
6934:             7            168  net.sf.cglib.proxy.CallbackInfo
6935:             7            168  net.sourceforge.pmd.lang.LanguageVersion
6936:             7            168  org.apache.xerces.impl.xpath.regex.Token$ParenToken
6937:             3            168  org.jetbrains.idea.maven.project.MavenProjectsManagerWatcher
6938:             3            168  org.jetbrains.idea.svn.SvnConfiguration
6939:             7            168  org.jetbrains.kotlin.idea.inspections.NamingRule
6940:             7            168  org.jetbrains.kotlin.serialization.ProtoBuf$Class$Kind
6941:             7            168  org.jetbrains.kotlin.serialization.deserialization.ClassDeserializer$ClassKey
6942:             7            168  org.jetbrains.kotlin.serialization.deserialization.descriptors.DeserializedClassDescriptor$DeserializedClassMemberScope$2$1
6943:             7            168  org.jetbrains.kotlin.serialization.deserialization.descriptors.DeserializedClassDescriptor$DeserializedClassMemberScope$allDescriptors$1
6944:             7            168  org.jetbrains.kotlin.serialization.deserialization.descriptors.DeserializedClassDescriptor$DeserializedClassTypeConstructor$parameters$1
6945:             7            168  org.jetbrains.kotlin.serialization.deserialization.descriptors.DeserializedClassDescriptor$companionObjectDescriptor$1
6946:             7            168  org.jetbrains.kotlin.serialization.deserialization.descriptors.DeserializedClassDescriptor$constructors$1
6947:             7            168  org.jetbrains.kotlin.serialization.deserialization.descriptors.DeserializedClassDescriptor$primaryConstructor$1
6948:             7            168  org.jetbrains.kotlin.serialization.deserialization.descriptors.DeserializedClassDescriptor$sealedSubclasses$1
6949:             7            168  org.jetbrains.plugins.groovy.lang.psi.patterns.GroovyFieldPattern
6950:             7            168  org.jetbrains.plugins.sass.psi.SASSElementType
6951:             7            168  org.zeroturnaround.common.util.ExecutorUtil$RunnableWrapper
6952:             7            168  org.zeroturnaround.jrebel.client.feature.external.RebelXmlAction
6953:             7            168  sun.security.x509.NetscapeCertTypeExtension$MapEntry
6954:             2            160  [Lcom.android.tools.lint.detector.api.Scope;
6955:             3            160  [Lcom.intellij.codeHighlighting.TextEditorHighlightingPass;
6956:             5            160  [Lcom.intellij.codeInsight.daemon.ReferenceImporter;
6957:             1            160  [Lcom.intellij.codeInsight.editorActions.QuoteHandlerEP;
6958:             4            160  [Lcom.intellij.dupLocator.DuplicatesProfile;
6959:             1            160  [Lcom.intellij.ide.TypeIconEP;
6960:             4            160  [Lcom.intellij.ide.fileTemplates.impl.FTManager;
6961:             5            160  [Lcom.intellij.lang.javascript.psi.ecmal4.JSAttributeList$AccessType;
6962:             5            160  [Lcom.intellij.lang.javascript.psi.types.JSContext;
6963:             3            160  [Lcom.intellij.lang.jvm.JvmModifier;
6964:             4            160  [Lcom.intellij.openapi.roots.impl.DirectoryIndexExcludePolicy;
6965:             2            160  [Lcom.intellij.util.containers.SLRUMap;
6966:             4            160  [Ljava.lang.annotation.ElementType;
6967:             5            160  [Ljava.util.Formatter$FormatString;
6968:             2            160  [Ljava.util.concurrent.locks.Lock;
6969:             5            160  [[Lsun.awt.FontDescriptor;
6970:             5            160  AbstractClassShouldStartWithAbstractNamingRuleInspection
6971:             5            160  AbstractMethodOrInterfaceMethodMustUseJavadocRuleInspection
6972:             5            160  AvoidApacheBeanUtilsCopyRuleInspection
6973:             5            160  AvoidCallStaticSimpleDateFormatRuleInspection
6974:             5            160  AvoidCommentBehindStatementRuleInspection
6975:             5            160  AvoidComplexConditionRuleInspection
6976:             5            160  AvoidConcurrentCompetitionRandomRuleInspection
6977:             5            160  AvoidManuallyCreateThreadRuleInspection
6978:             5            160  AvoidMissUseOfMathRandomRuleInspection
6979:             5            160  AvoidNegationOperatorRuleInspection
6980:             5            160  AvoidNewDateGetTimeRuleInspection
6981:             5            160  AvoidPatternCompileInMethodRuleInspection
6982:             5            160  AvoidReturnInFinallyRuleInspection
6983:             5            160  AvoidStartWithDollarAndUnderLineNamingRuleInspection
6984:             5            160  AvoidUseTimerRuleInspection
6985:             5            160  BooleanPropertyShouldNotStartWithIsRuleInspection
6986:             5            160  ClassCastExceptionWithSubListToArrayListRuleInspection
6987:             5            160  ClassCastExceptionWithToArrayRuleInspection
6988:             5            160  ClassMustHaveAuthorRuleInspection
6989:             5            160  ClassNamingShouldBeCamelRuleInspection
6990:             5            160  CollectionInitShouldAssignCapacityRuleInspection
6991:             5            160  CommentsMustBeJavadocFormatRuleInspection
6992:             5            160  ConcurrentExceptionWithModifyOriginSubListRuleInspection
6993:             5            160  ConstantFieldShouldBeUpperCaseRuleInspection
6994:             5            160  CountDownShouldInFinallyRuleInspection
6995:             5            160  DelegateAliAccessStaticViaInstanceInspection
6996:             5            160  DelegateAliArrayNamingShouldHaveBracketInspection
6997:             5            160  DelegateAliControlFlowStatementWithoutBracesInspection
6998:             5            160  DelegateAliDeprecationInspection
6999:             5            160  DelegateAliEqualsAvoidNullInspection
7000:             5            160  DelegateAliLongLiteralsEndingWithLowercaseLInspection
7001:             5            160  DelegateAliMissingOverrideAnnotationInspection
7002:             5            160  DelegateAliWrapperTypeEqualityInspection
7003:             5            160  DelegateMapOrSetKeyShouldOverrideHashCodeEqualsInspection
7004:             5            160  DontModifyInForeachCircleRuleInspection
7005:             5            160  EnumConstantsMustHaveCommentRuleInspection
7006:             5            160  ExceptionClassShouldEndWithExceptionRuleInspection
7007:             5            160  IbatisMethodQueryForListRuleInspection
7008:             5            160  LowerCamelCaseVariableNamingRuleInspection
7009:             5            160  MethodReturnWrapperTypeRuleInspection
7010:             5            160  MethodTooLongRuleInspection
7011:             5            160  PackageNamingRuleInspection
7012:             5            160  PojoMustOverrideToStringRuleInspection
7013:             5            160  PojoMustUsePrimitiveFieldRuleInspection
7014:             5            160  PojoNoDefaultValueRuleInspection
7015:             5            160  RemoveCommentedCodeRuleInspection
7016:             5            160  ServiceOrDaoClassShouldEndWithImplRuleInspection
7017:             5            160  StringConcatRuleInspection
7018:             5            160  SwitchStatementRuleInspection
7019:             5            160  TestClassShouldEndWithTestNamingRuleInspection
7020:             5            160  ThreadLocalShouldRemoveRuleInspection
7021:             5            160  ThreadPoolCreationRuleInspection
7022:             5            160  ThreadShouldSetNameRuleInspection
7023:             5            160  TransactionMustHaveRollbackRuleInspection
7024:             5            160  UndefineMagicConstantRuleInspection
7025:             5            160  UnsupportedExceptionWithModifyAsListRuleInspection
7026:             5            160  UseQuietReferenceNotationRuleInspection
7027:             5            160  UseRightCaseForDateFormatRuleInspection
7028:             4            160  ch.qos.logback.core.status.InfoStatus
7029:             5            160  com.alibaba.p3c.idea.inspection.AliArrayNamingShouldHaveBracketInspection
7030:             5            160  com.alibaba.p3c.idea.inspection.AliWrapperTypeEqualityInspection
7031:             5            160  com.alibaba.p3c.idea.inspection.standalone.AliDeprecationInspection
7032:             5            160  com.alibaba.p3c.idea.inspection.standalone.AliMissingOverrideAnnotationInspection
7033:             5            160  com.alibaba.p3c.idea.inspection.standalone.MapOrSetKeyShouldOverrideHashCodeEqualsInspection
7034:             5            160  com.android.ide.common.repository.GradleCoordinate
7035:             5            160  com.android.prefs.AndroidLocation$Global
7036:             5            160  com.android.tools.idea.gradle.project.sync.compatibility.Component
7037:            10            160  com.google.common.cache.LocalCache$StrongValueReference
7038:            10            160  com.google.gson.TypeAdapter$1
7039:             2            160  com.intellij.application.options.editor.EditorTabsConfigurable
7040:             2            160  com.intellij.codeInsight.completion.CompletionLookupArranger
7041:             4            160  com.intellij.codeInsight.completion.JavaCompletionSorting$PreferExpected
7042:             4            160  com.intellij.codeInsight.completion.PreferByKindWeigher
7043:             4            160  com.intellij.codeInsight.completion.StatisticsWeigher$LookupStatisticsWeigher
7044:             4            160  com.intellij.codeInsight.daemon.impl.DefaultHighlightVisitor
7045:             5            160  com.intellij.codeInsight.daemon.impl.FileIncludeContextHectorPanel
7046:             5            160  com.intellij.codeInsight.daemon.impl.ImportPopupHectorComponentProvider$1
7047:             5            160  com.intellij.codeInsight.daemon.impl.SeverityRegistrar
7048:            10            160  com.intellij.codeInsight.editorActions.FoldingTransferableData
7049:             5            160  com.intellij.codeInsight.editorActions.XmlTagNameSynchronizer$TagNameSynchronizer
7050:            10            160  com.intellij.codeInsight.intention.impl.IntentionHintComponent$2
7051:             1            160  com.intellij.codeInsight.lookup.impl.LookupImpl
7052:            10            160  com.intellij.codeInsight.template.impl.TemplateManagerImpl$$Lambda$3448/973221166
7053:             4            160  com.intellij.codeInsight.template.postfix.templates.InstanceofExpressionPostfixTemplate
7054:             4            160  com.intellij.compiler.server.AutomakeCompileContext
7055:             5            160  com.intellij.database.csv.PersistentCsvFormat$Quotes
7056:             5            160  com.intellij.database.run.actions.TransactionAction$IsolationLevelAction
7057:             2            160  com.intellij.database.settings.DatabaseSettings
7058:             5            160  com.intellij.debugger.streams.lib.impl.DistinctOperation
7059:             4            160  com.intellij.execution.configurations.RunConfigurationOptions
7060:            10            160  com.intellij.execution.filters.ExceptionFilter
7061:             4            160  com.intellij.execution.impl.ConsoleViewImpl$7
7062:             5            160  com.intellij.execution.impl.ConsoleViewImpl$ClearAllAction
7063:             4            160  com.intellij.execution.impl.ProcessExecutionListener
7064:            10            160  com.intellij.execution.junit.JUnitUtil$$Lambda$3880/1872362227
7065:             4            160  com.intellij.execution.ui.RunContentManagerImpl$5
7066:             4            160  com.intellij.execution.ui.actions.CloseAction
7067:            10            160  com.intellij.find.SearchTextArea$$Lambda$5415/1783602265
7068:            10            160  com.intellij.find.SearchTextArea$2
7069:            10            160  com.intellij.find.SearchTextArea$4
7070:            10            160  com.intellij.find.SearchTextArea$6
7071:             5            160  com.intellij.find.editorHeaderActions.ShowMoreOptions
7072:             5            160  com.intellij.find.editorHeaderActions.ToggleAnywhereAction
7073:             5            160  com.intellij.find.editorHeaderActions.ToggleExceptCommentsAction
7074:             5            160  com.intellij.find.editorHeaderActions.ToggleExceptCommentsAndLiteralsAction
7075:             5            160  com.intellij.find.editorHeaderActions.ToggleExceptLiteralsAction
7076:             5            160  com.intellij.find.editorHeaderActions.ToggleInCommentsAction
7077:             5            160  com.intellij.find.editorHeaderActions.ToggleInLiteralsOnlyAction
7078:             2            160  com.intellij.ide.IdeTooltipManager$6
7079:            10            160  com.intellij.ide.UiActivity$AsyncBgOperation
7080:             5            160  com.intellij.ide.actions.EditSourceAction
7081:             5            160  com.intellij.ide.actions.NextOccurenceToolbarAction
7082:             5            160  com.intellij.ide.actions.PreviousOccurenceToolbarAction
7083:             5            160  com.intellij.ide.errorTreeView.ErrorTreeElementKind
7084:             4            160  com.intellij.ide.navigationToolbar.NavBarUpdateQueue$1
7085:             4            160  com.intellij.ide.navigationToolbar.NavBarUpdateQueue$3
7086:             4            160  com.intellij.ide.startup.impl.StartupManagerImpl
7087:            10            160  com.intellij.ide.ui.laf.darcula.ui.DarculaSpinnerUI$1
7088:            10            160  com.intellij.ide.ui.laf.darcula.ui.TextFieldWithPopupHandlerUI$ClearExtension
7089:            10            160  com.intellij.ide.ui.laf.intellij.WinIntelliJSpinnerUI$1
7090:             5            160  com.intellij.javaee.JavaeeVersion
7091:             4            160  com.intellij.javascript.debugger.settings.JavaScriptDebuggerSettings
7092:             5            160  com.intellij.jpa.JpaDataSourceDetectorBase$$Lambda$2480/1659839045
7093:             4            160  com.intellij.lang.javascript.JSDocLexer
7094:             4            160  com.intellij.lang.javascript.library.JSLibraryManager
7095:             4            160  com.intellij.lang.javascript.library.JSPredefinedLibrariesData$1
7096:             5            160  com.intellij.lang.javascript.patterns.JSPatterns$3
7097:             4            160  com.intellij.lang.javascript.psi.ecma6.impl.TypeScriptModuleImpl
7098:             5            160  com.intellij.lang.javascript.psi.jsdoc.impl.JSDocReference
7099:             2            160  com.intellij.lang.javascript.psi.resolve.JSInheritanceUtil$5
7100:             4            160  com.intellij.lang.javascript.psi.types.TypeScriptTypePredicateTypeImpl
7101:             5            160  com.intellij.lang.javascript.refactoring.JSVisibilityUtil$PresentableAccessModifier
7102:             5            160  com.intellij.openapi.actionSystem.ex.DefaultCustomComponentAction
7103:             4            160  com.intellij.openapi.command.impl.FileUndoProvider
7104:             4            160  com.intellij.openapi.editor.colors.impl.AppEditorFontOptions$PersistentFontPreferences
7105:             2            160  com.intellij.openapi.editor.ex.EditorSettingsExternalizable$OptionSet
7106:            10            160  com.intellij.openapi.util.ClassConditionKey
7107:             4            160  com.intellij.openapi.util.RequestsMerger
7108:             5            160  com.intellij.openapi.vcs.changes.DirtBuilder
7109:             4            160  com.intellij.openapi.vcs.changes.IgnoredFilesComponent
7110:             4            160  com.intellij.openapi.vcs.configurable.VcsOptionsTopHitProvider$3
7111:             5            160  com.intellij.openapi.vcs.contentAnnotation.VcsContentAnnotationExceptionFilter
7112:             4            160  com.intellij.openapi.vcs.impl.FileStatusManagerImpl
7113:             4            160  com.intellij.openapi.vcs.impl.VcsInitialization
7114:             5            160  com.intellij.patterns.PsiExpressionPattern$2
7115:             5            160  com.intellij.patterns.PsiJavaElementPattern$3
7116:             4            160  com.intellij.pom.core.impl.PomModelImpl
7117:             4            160  com.intellij.psi.controlFlow.ControlFlowImpl
7118:             5            160  com.intellij.psi.css.CssSelector$Combinator
7119:            10            160  com.intellij.psi.filters.TagNameFilter
7120:             4            160  com.intellij.psi.impl.PsiModificationTrackerImpl
7121:             5            160  com.intellij.psi.jsp.JspElementTypeEx$JspOuterLanguageElementType
7122:             5            160  com.intellij.psi.statistics.impl.StatisticsUnit
7123:             5            160  com.intellij.spring.SpringLibraryUtil$SpringVersion
7124:             4            160  com.intellij.spring.web.mvc.model.SpringMVCModelImpl
7125:             5            160  com.intellij.sql.editor.SqlEditorOptions
7126:            10            160  com.intellij.struts2.reference.WrappedPropertiesReferenceProvider
7127:             5            160  com.intellij.ui.LoadingNode
7128:            10            160  com.intellij.ui.SearchTextField$2
7129:            10            160  com.intellij.ui.SearchTextField$6
7130:             4            160  com.intellij.ui.components.ScrollPainter$EditorThumbPainter
7131:             5            160  com.intellij.ui.plaf.beg.BegTableUI$StartEditingAction
7132:             4            160  com.intellij.ui.speedSearch.ListWithFilter$MySpeedSearch
7133:             5            160  com.intellij.util.IconUtil$4
7134:            10            160  com.intellij.util.concurrency.QueueProcessor$$Lambda$1449/927408529
7135:             5            160  com.intellij.util.lang.JavaVersion
7136:             5            160  com.intellij.util.text.SemVer
7137:             4            160  com.intellij.util.ui.EmptyIcon$EmptyIconUIResource
7138:             5            160  com.intellij.util.xml.XmlFileHeader
7139:             4            160  com.intellij.util.xml.impl.DomFileElementImpl
7140:             4            160  com.intellij.util.xml.impl.DynamicGenericInfo
7141:            10            160  com.intellij.util.xml.impl.GetFixedChildInvocation
7142:             4            160  com.intellij.webcore.libraries.ScriptingLibraryTable
7143:             2            160  com.pty4j.windows.NamedPipe
7144:             5            160  com.siyeh.ig.naming.FieldNamingConventionInspection$FieldNamingConventionBean
7145:             5            160  com.sun.jna.Structure$AutoAllocated
7146:             5            160  com.sun.jna.platform.win32.WinDef$DWORD
7147:            10            160  com.sun.proxy.$Proxy113
7148:            10            160  com.sun.proxy.$Proxy167
7149:            10            160  com.sun.proxy.$Proxy96
7150:             5            160  com.sun.xml.internal.bind.v2.model.core.PropertyKind
7151:             4            160  com.sun.xml.internal.bind.v2.runtime.AnyTypeBeanInfo
7152:            10            160  com.theoryinpractice.testng.configuration.TestNGConfiguration$1
7153:            10            160  com.theoryinpractice.testng.configuration.TestNGConfiguration$2
7154:             5            160  git4idea.repo.GitRemote
7155:             5            160  java.nio.channels.ClosedChannelException
7156:            10            160  java.util.EventObject
7157:             5            160  java.util.Formatter
7158:             5            160  java.util.concurrent.atomic.AtomicIntegerFieldUpdater$AtomicIntegerFieldUpdaterImpl
7159:            10            160  java.util.regex.Pattern$Caret
7160:             5            160  javax.imageio.spi.SubRegistry
7161:             5            160  javax.management.StandardEmitterMBean
7162:             5            160  javax.swing.DefaultCellEditor$2
7163:            10            160  javax.swing.JFormattedTextField$DocumentHandler
7164:            10            160  javax.swing.JSpinner$ModelListener
7165:             5            160  javax.swing.JTable$BooleanEditor
7166:             4            160  javax.swing.JTable$SortManager
7167:            10            160  javax.swing.UIDefaults$LazyInputMap
7168:            10            160  javax.swing.plaf.basic.BasicScrollPaneUI$Actions
7169:             5            160  javax.swing.plaf.basic.BasicSliderUI$TrackListener
7170:            10            160  javax.swing.text.DefaultCaret$DefaultFilterBypass
7171:            10            160  javax.swing.text.DefaultFormatter$DefaultDocumentFilter
7172:            10            160  javax.swing.text.DefaultFormatter$DefaultNavigationFilter
7173:             4            160  javax.swing.text.GapContent$RemoveUndo
7174:             5            160  javax.swing.text.JTextComponent$DefaultKeymap
7175:             5            160  kotlin.reflect.jvm.internal.impl.types.ErrorType
7176:             5            160  net.sourceforge.pmd.RulePriority
7177:             2            160  net.sourceforge.pmd.lang.java.ast.ASTContinueStatement
7178:             2            160  net.sourceforge.pmd.lang.java.ast.ASTDoStatement
7179:             2            160  net.sourceforge.pmd.lang.java.ast.ASTImplementsList
7180:             2            160  net.sourceforge.pmd.lang.java.ast.ASTNameList
7181:            10            160  net.sourceforge.pmd.lang.java.symboltable.ClassNameDeclaration
7182:             5            160  org.apache.log4j.helpers.PatternParser$LiteralPatternConverter
7183:             5            160  org.apache.xerces.impl.xpath.regex.Op$ModifierOp
7184:             4            160  org.apache.xerces.util.XMLAttributesImpl
7185:             5            160  org.ini4j.spi.UnicodeInputStreamReader$Bom
7186:             4            160  org.jetbrains.android.actions.CreateTypedResourceFileAction
7187:             4            160  org.jetbrains.idea.maven.execution.MavenRunnerSettings
7188:             4            160  org.jetbrains.jps.api.CmdlineRemoteProto$Message$KeyValuePair
7189:            10            160  org.jetbrains.kotlin.config.MavenComparableVersion$IntegerItem
7190:             4            160  org.jetbrains.kotlin.idea.intentions.RemoveForLoopIndicesIntention
7191:             4            160  org.jetbrains.kotlin.idea.intentions.RemoveRedundantCallsOfConversionMethodsIntention
7192:             2            160  org.jetbrains.kotlin.serialization.deserialization.DeserializationComponents
7193:            10            160  org.jetbrains.org.objectweb.asm.tree.analysis.BasicValue
7194:             5            160  org.jetbrains.plugins.groovy.execution.filters.GrCompilationErrorsFilterProvider$getDefaultFilters$1
7195:            10            160  org.jetbrains.plugins.groovy.lang.psi.patterns.GroovyPatterns$4
7196:             5            160  org.zeroturnaround.jrebel.ide.common.notifications.NotificationLevel
7197:             4            160  org.zmlx.hg4idea.HgProjectSettings$State
7198:             1            160  sun.awt.Win32FontManager
7199:             4            160  sun.awt.shell.ShellFolderColumnInfo
7200:             5            160  sun.font.Underline$StandardUnderline
7201:             5            160  sun.java2d.marlin.OffHeapArray
7202:             5            160  sun.java2d.marlin.OffHeapArray$OffHeapReference
7203:             5            160  sun.nio.ch.PendingIoCache
7204:             5            160  sun.nio.fs.WindowsNativeDispatcher$FirstFile
7205:             4            160  sun.rmi.server.UnicastServerRef
7206:            10            160  sun.rmi.transport.Transport$$Lambda$2208/1316044048
7207:             5            160  sun.rmi.transport.Transport$1
7208:             4            160  sun.rmi.transport.WeakRef
7209:             5            160  sun.security.ssl.CipherSuite$MacAlg
7210:             5            160  sun.security.ssl.SignatureAndHashAlgorithm$SignatureAlgorithm
7211:             5            160  sun.security.x509.NetscapeCertTypeExtension
7212:             5            160  sun.util.locale.provider.LocaleProviderAdapter$Type
7213:             7            152  [Lcom.intellij.codeInspection.bytecodeAnalysis.EKey;
7214:             1            152  com.intellij.ide.actions.SearchEverywhereAction
7215:             1            152  com.intellij.util.indexing.FileBasedIndexImpl
7216:             2            144  [Lcom.android.resources.ResourceFolderType;
7217:             6            144  [Lcom.intellij.dvcs.repo.VcsRepositoryCreator;
7218:             6            144  [Lcom.intellij.ide.palette.PaletteItemProvider;
7219:             3            144  [Lcom.intellij.ide.projectView.impl.AbstractProjectViewPane;
7220:             1            144  [Lcom.intellij.ide.projectView.impl.ProjectViewFileNestingService$NestingRule;
7221:             1            144  [Lcom.intellij.javaee.StandardResourceProvider;
7222:             5            144  [Lcom.intellij.lang.aspectj.highlight.analysis.ElementAnnotator;
7223:             3            144  [Lcom.intellij.lang.javascript.psi.stubs.JSImplicitElement$Type;
7224:             6            144  [Lcom.intellij.openapi.fileEditor.FileEditorState;
7225:             2            144  [Lcom.intellij.openapi.fileTypes.LanguageFileType;
7226:             6            144  [Lcom.intellij.openapi.vcs.impl.FileStatusProvider;
7227:             3            144  [Lcom.intellij.util.indexing.IndexableSetContributor;
7228:             1            144  [Lde.plushnikov.intellij.plugin.processor.Processor;
7229:             2            144  [Ljava.awt.Cursor;
7230:             7            144  [Ljava.awt.Rectangle;
7231:             6            144  [Ljava.lang.Runnable;
7232:             9            144  [Ljava.nio.file.attribute.FileAttribute;
7233:             1            144  [Ljava.util.concurrent.ForkJoinPool$WorkQueue;
7234:             1            144  [Ljava.util.concurrent.ForkJoinTask$ExceptionNode;
7235:             9            144  ch.qos.logback.core.spi.LogbackLock
7236:             6            144  com.android.flags.FlagGroup
7237:             6            144  com.android.sdklib.AndroidVersion
7238:             3            144  com.android.tools.idea.databinding.DataBindingPackageFinder$1
7239:             3            144  com.android.tools.idea.databinding.DataBindingShortNamesCache$NameCacheProvider
7240:             3            144  com.android.tools.idea.uibuilder.editor.NlPreviewManager
7241:             6            144  com.google.gson.internal.UnsafeAllocator$1
7242:             6            144  com.google.gson.internal.bind.CollectionTypeAdapterFactory$Adapter
7243:             6            144  com.google.gson.internal.bind.ReflectiveTypeAdapterFactory$Adapter
7244:             6            144  com.google.gson.internal.bind.TypeAdapterRuntimeTypeWrapper
7245:             3            144  com.intellij.codeInsight.ExternalAnnotationsManagerImpl
7246:             6            144  com.intellij.codeInsight.MetaAnnotationUtil$$Lambda$2135/1143112341
7247:             6            144  com.intellij.codeInsight.daemon.impl.EditorTracker$MyEditorFactoryListener$1
7248:             6            144  com.intellij.codeInsight.daemon.impl.EditorTracker$MyEditorFactoryListener$2
7249:             3            144  com.intellij.codeInsight.daemon.impl.HighlightingSessionImpl$1
7250:             9            144  com.intellij.codeInsight.daemon.impl.SeverityRegistrar$$Lambda$2843/1025183726
7251:             6            144  com.intellij.codeInsight.daemon.impl.quickfix.CreateGetterOrSetterFix
7252:             6            144  com.intellij.codeInsight.folding.impl.UpdateFoldRegionsOperation$FoldingMap
7253:             6            144  com.intellij.codeInsight.hint.TooltipLinkHandlerEP$1
7254:             3            144  com.intellij.codeInsight.lookup.LookupElementPresentation
7255:             6            144  com.intellij.codeInspection.bytecodeAnalysis.Component
7256:             9            144  com.intellij.codeInspection.dataFlow.CommonDataflow$$Lambda$4723/1989891346
7257:             6            144  com.intellij.codeInspection.dataFlow.ContractValue$IndependentValue
7258:             6            144  com.intellij.codeInspection.dataFlow.MethodContract$ValueConstraint
7259:             3            144  com.intellij.compiler.CompilerMessageImpl
7260:             6            144  com.intellij.compiler.backwardRefs.CompilerReferenceReader
7261:             6            144  com.intellij.compiler.server.BuildManager$StdOutputCollector
7262:             6            144  com.intellij.compiler.server.BuildMessageDispatcher$1
7263:             9            144  com.intellij.concurrency.ApplierCompleter$$Lambda$3741/840326982
7264:             6            144  com.intellij.concurrency.JobLauncherImpl$$Lambda$2773/1958952381
7265:             3            144  com.intellij.configurationStore.ProjectWithModulesStoreImpl
7266:             3            144  com.intellij.coverage.CoveragePluginDataManagerImpl
7267:             3            144  com.intellij.cvsSupport2.actions.Cvs2Group
7268:             3            144  com.intellij.database.csv.PersistentCsvFormat$Record
7269:             3            144  com.intellij.database.psi.DbPsiFacadeImpl
7270:             9            144  com.intellij.database.util.DbSqlUtil$$Lambda$2711/319524662
7271:             9            144  com.intellij.database.util.DbSqlUtil$$Lambda$2713/1443142716
7272:             3            144  com.intellij.designer.componentTree.QuickFixManager
7273:             3            144  com.intellij.dmserver.editor.AvailableBundlesProvider
7274:             3            144  com.intellij.dvcs.repo.VcsRepositoryManager
7275:             2            144  com.intellij.execution.configurations.JavaParameters
7276:             6            144  com.intellij.execution.lineMarker.RunLineMarkerContributor$Info
7277:             6            144  com.intellij.execution.lineMarker.RunLineMarkerProvider$1$1
7278:             9            144  com.intellij.execution.process.BaseOSProcessHandler$2
7279:             6            144  com.intellij.find.FindModel$SearchContext
7280:             6            144  com.intellij.find.impl.livePreview.SelectionManager
7281:             6            144  com.intellij.htmltools.xml.util.HtmlReferenceProvider$ContentTypeReference
7282:             6            144  com.intellij.ide.NativeIconProvider$Ext
7283:             3            144  com.intellij.ide.fileTemplates.impl.FileTemplateManagerImpl
7284:             6            144  com.intellij.ide.highlighter.custom.impl.CustomFileTypeBraceMatcher$1
7285:             3            144  com.intellij.ide.projectView.impl.ProjectViewImpl$6
7286:             3            144  com.intellij.ide.ui.customization.CustomizationUtil$1
7287:             6            144  com.intellij.ide.util.treeView.AbstractTreeUi$2
7288:             6            144  com.intellij.ide.util.treeView.AbstractTreeUi$4
7289:             3            144  com.intellij.ide.util.treeView.AbstractTreeUpdater
7290:             3            144  com.intellij.ide.util.treeView.AbstractTreeUpdater$1$1
7291:             3            144  com.intellij.jam.reflect.JamPackageMeta
7292:             6            144  com.intellij.javaee.ejb.NewEjbRoleHolder$Info
7293:             6            144  com.intellij.javaee.oss.descriptor.JavaeeDescriptorsManager
7294:             3            144  com.intellij.javascript.jest.JestRunSettings$Builder
7295:             6            144  com.intellij.javascript.nodejs.ModuleType
7296:             9            144  com.intellij.jpa.model.annotations.mapping.JpaJamContributor$3
7297:             6            144  com.intellij.lang.javascript.documentation.JSDocumentationUtils$2
7298:             6            144  com.intellij.lang.javascript.formatter.JSCodeStyleSettings$JSFileNameStyle
7299:             3            144  com.intellij.lang.javascript.index.JavaScriptIndex
7300:             6            144  com.intellij.lang.javascript.inspections.JSFunctionExpressionToArrowFunctionQuickFix$NameChecker
7301:             9            144  com.intellij.lang.javascript.parsing.modifiers.JSOneOfModifiersStructure
7302:             6            144  com.intellij.lang.javascript.psi.controlflow.instruction.JSBranchInstruction$BranchOwner
7303:             2            144  com.intellij.lang.javascript.psi.resolve.JSCollectMembersToImplementProcessor$2
7304:             2            144  com.intellij.lang.javascript.psi.resolve.JSInheritanceUtil$2
7305:             3            144  com.intellij.lang.javascript.psi.types.JSFreshObjectLiteralTypeImpl
7306:             3            144  com.intellij.lang.javascript.psi.types.JSSimpleRecordTypeImpl
7307:             6            144  com.intellij.lang.javascript.psi.util.ExpressionUtil$IsConstantExpressionVisitor
7308:             9            144  com.intellij.lang.javascript.service.highlighting.JSLanguageServiceHighlightingStateHolder
7309:             3            144  com.intellij.lang.typescript.compiler.TypeScriptLanguageServiceToolWindowManager$3
7310:             9            144  com.intellij.openapi.application.ReadAction$$Lambda$676/222005968
7311:             6            144  com.intellij.openapi.application.TransactionGuardImpl$Transaction
7312:             6            144  com.intellij.openapi.components.impl.ServiceManagerImpl$1
7313:             2            144  com.intellij.openapi.editor.colors.impl.DefaultColorsScheme
7314:             6            144  com.intellij.openapi.editor.colors.impl.TextAttributesReader$Effect
7315:             6            144  com.intellij.openapi.editor.impl.ComplementaryFontsRegistry$FontFaceKey
7316:             6            144  com.intellij.openapi.editor.impl.ContextMenuImpl$1
7317:             6            144  com.intellij.openapi.editor.impl.ContextMenuImpl$2
7318:             6            144  com.intellij.openapi.externalSystem.service.project.manage.ExternalSystemTaskActivator$1MyCompileTask
7319:             2            144  com.intellij.openapi.fileChooser.ex.FileTextFieldImpl$Vfs
7320:             6            144  com.intellij.openapi.fileEditor.impl.text.TextEditorComponent$$Lambda$1053/391624633
7321:             6            144  com.intellij.openapi.fileEditor.impl.text.TextEditorComponent$MyDocumentListener
7322:             6            144  com.intellij.openapi.progress.impl.CoreProgressManager$$Lambda$654/2120975924
7323:             6            144  com.intellij.openapi.progress.util.BackgroundTaskUtil$$Lambda$1710/2007577551
7324:             2            144  com.intellij.openapi.updateSettings.impl.UpdateOptions
7325:             6            144  com.intellij.openapi.vcs.VcsConfiguration$StandardOption
7326:             6            144  com.intellij.openapi.vcs.changes.InvokeAfterUpdateMode
7327:             6            144  com.intellij.openapi.vcs.changes.LogicallyLockedHolder
7328:             3            144  com.intellij.openapi.vcs.changes.RemoteRevisionsCache
7329:             3            144  com.intellij.openapi.vcs.changes.RemoteRevisionsNumbersCache
7330:             3            144  com.intellij.openapi.vcs.changes.VcsDirtyScopeManagerImpl
7331:             6            144  com.intellij.openapi.vcs.changes.VcsDirtyScopeVfsListener$FilesAndDirs
7332:             6            144  com.intellij.openapi.vcs.changes.issueLinks.TreeLinkMouseListener
7333:             3            144  com.intellij.openapi.vcs.changes.ui.ChangesViewContentManager
7334:             6            144  com.intellij.openapi.vcs.ex.PartialLocalLineStatusTracker$MyLineStatusMarkerRenderer
7335:             6            144  com.intellij.openapi.vcs.ex.PartialLocalLineStatusTracker$PartialDocumentTrackerHandler
7336:             3            144  com.intellij.openapi.vcs.impl.LineStatusTrackerManager$MyBaseRevisionLoader
7337:             6            144  com.intellij.openapi.vcs.impl.ProjectLevelVcsManagerImpl$$Lambda$1345/2032836377
7338:             6            144  com.intellij.openapi.vfs.encoding.EncodingUtil$FailReason
7339:             3            144  com.intellij.openapi.vfs.newvfs.events.VFileContentChangeEvent
7340:             3            144  com.intellij.openapi.wm.ex.LayoutFocusTraversalPolicyExt
7341:             6            144  com.intellij.openapi.wm.impl.status.IdeStatusBarImpl$$Lambda$718/1615205439
7342:             3            144  com.intellij.openapi.wm.impl.status.IdeStatusBarImpl$2
7343:             3            144  com.intellij.openapi.wm.impl.status.ProcessPopup
7344:             6            144  com.intellij.patterns.PsiClassPattern$3
7345:             6            144  com.intellij.patterns.PsiElementPattern$15
7346:             6            144  com.intellij.patterns.PsiJavaPatterns$1
7347:             6            144  com.intellij.patterns.StringPattern$9
7348:             6            144  com.intellij.patterns.XmlElementPattern$XmlEntityRefPattern
7349:             9            144  com.intellij.psi.ReferenceProviderType
7350:             6            144  com.intellij.psi.codeStyle.CodeStyleSettings$$Lambda$822/617725208
7351:             6            144  com.intellij.psi.codeStyle.CodeStyleSettingsManager$1
7352:             6            144  com.intellij.psi.codeStyle.LanguageCodeStyleSettingsProvider$SettingsType
7353:             6            144  com.intellij.psi.codeStyle.autodetect.LineIndentInfo$LineType
7354:             9            144  com.intellij.psi.css.impl.util.CssReferenceProvider$CssReferenceFilter
7355:             3            144  com.intellij.psi.impl.JavaPsiFacadeImpl
7356:             6            144  com.intellij.psi.impl.include.FileIncludeManagerImpl$IncludeCacheHolder$1
7357:             6            144  com.intellij.psi.impl.include.FileIncludeManagerImpl$IncludeCacheHolder$2
7358:             3            144  com.intellij.psi.impl.search.LazyConcurrentCollection
7359:             3            144  com.intellij.psi.impl.source.resolve.ClassResolverProcessor
7360:             9            144  com.intellij.psi.impl.source.resolve.reference.ArbitraryPlaceUrlReferenceProvider
7361:             9            144  com.intellij.psi.impl.source.resolve.reference.impl.providers.WebPathReferenceProvider
7362:             2            144  com.intellij.psi.impl.source.tree.java.TypeParameterExtendsBoundsListElement
7363:             6            144  com.intellij.psi.scope.ElementClassHint$DeclarationKind
7364:             6            144  com.intellij.refactoring.introduceVariable.IntroduceVariableBase$JavaReplaceChoice
7365:             6            144  com.intellij.remoteServer.util.importProject.CloudGitRemoteDetector$CloudTypeDelegate
7366:             6            144  com.intellij.semantic.SemServiceImpl$2$$Lambda$1579/1133364512
7367:             6            144  com.intellij.spring.boot.library.SpringBootLibraryUtil$SpringBootVersion
7368:             6            144  com.intellij.spring.boot.model.autoconfigure.conditions.ConditionalContributorEP$1
7369:             3            144  com.intellij.spring.boot.run.lifecycle.ApplicationAdminJmxNameLiveProperty
7370:             3            144  com.intellij.spring.boot.run.lifecycle.ApplicationUrlLiveProperty
7371:             3            144  com.intellij.spring.boot.run.lifecycle.ServerPortLiveProperty
7372:             3            144  com.intellij.spring.boot.run.lifecycle.SpringBootApplicationInfoImpl$1
7373:             3            144  com.intellij.spring.boot.run.lifecycle.SpringBootApplicationInfoImpl$2
7374:             9            144  com.intellij.spring.boot.run.lifecycle.gutter.LiveBeansNavigationHandler
7375:             6            144  com.intellij.spring.boot.run.lifecycle.tabs.SpringBootApplicationEndpointsTab$$Lambda$3024/439069280
7376:             6            144  com.intellij.spring.java.SpringJavaClassInfo$$Lambda$3795/1874733506
7377:             6            144  com.intellij.spring.java.SpringJavaClassInfo$$Lambda$3796/197880738
7378:             6            144  com.intellij.spring.java.SpringJavaClassInfo$$Lambda$3797/712131364
7379:             6            144  com.intellij.spring.java.SpringJavaClassInfo$$Lambda$3798/1258723337
7380:             6            144  com.intellij.spring.java.SpringJavaClassInfo$$Lambda$3799/1432901778
7381:             6            144  com.intellij.spring.model.utils.SpringCommonUtils$$Lambda$2124/43663864
7382:             6            144  com.intellij.spring.web.mvc.model.SpringMVCRequestMappings$PatternMapping
7383:             3            144  com.intellij.spring.webflow.el.inject.ExpressionLanguageConfiguration
7384:             3            144  com.intellij.ui.ColorUtil$2
7385:             9            144  com.intellij.ui.ListenerUtil$$Lambda$1498/1036996131
7386:             9            144  com.intellij.ui.ListenerUtil$$Lambda$2760/51635943
7387:             3            144  com.intellij.ui.docking.impl.DockManagerImpl
7388:             6            144  com.intellij.ui.layout.CCFlags
7389:             6            144  com.intellij.ui.popup.AbstractPopup$State
7390:             3            144  com.intellij.ui.tabs.FileColorsOptionsTopHitProvider$Option
7391:             6            144  com.intellij.ui.tabs.impl.JBTabsImpl$$Lambda$1076/974303844
7392:             9            144  com.intellij.ui.tree.AsyncTreeModel$$Lambda$1272/1270117606
7393:             3            144  com.intellij.uiDesigner.propertyInspector.PropertyInspectorTable$MyCompositeTableCellRenderer
7394:             3            144  com.intellij.uiDesigner.propertyInspector.properties.ClassToBindProperty$MyEditor
7395:             6            144  com.intellij.uiDesigner.quickFixes.QuickFixManager$1
7396:             6            144  com.intellij.uiDesigner.quickFixes.QuickFixManager$MyShowHintRequest
7397:             6            144  com.intellij.uiDesigner.quickFixes.VisibilityWatcherImpl
7398:             6            144  com.intellij.util.containers.ContainerUtil$2
7399:             6            144  com.intellij.util.containers.HashSetQueue
7400:             9            144  com.intellij.util.containers.StringInterner
7401:             6            144  com.intellij.util.containers.WeakHashSet
7402:             9            144  com.intellij.util.containers.WeakInterner
7403:             3            144  com.intellij.util.indexing.IndexedFilesListener$1
7404:             6            144  com.intellij.util.indexing.MemoryIndexStorage$$Lambda$2627/172518412
7405:             6            144  com.intellij.util.io.EnumDataDescriptor
7406:             6            144  com.intellij.util.io.OpenChannelsCache$ChannelDescriptor
7407:             6            144  com.intellij.util.lang.JarLoader$MyResource
7408:             6            144  com.intellij.util.lang.Resource$Attribute
7409:             6            144  com.intellij.util.lang.Resource$Attribute
7410:             6            144  com.intellij.util.pico.DefaultPicoContainer$LinkedHashSetWrapper
7411:             6            144  com.intellij.util.text.DateFormatUtil$Period
7412:             6            144  com.intellij.util.ui.IndentedIcon
7413:             9            144  com.intellij.util.xml.ReadOnlyGenericValue$1
7414:             3            144  com.intellij.util.xml.impl.DomManagerImpl
7415:             3            144  com.intellij.util.xml.impl.DomManagerImpl$3
7416:             9            144  com.intellij.util.xmlb.SmartSerializer$1
7417:             6            144  com.intellij.vaadin.templates.VaadinTemplateNames$ClientWidgetClassTemplate
7418:             3            144  com.intellij.vcs.log.data.index.VcsLogFullDetailsIndex$MyMapIndexStorage
7419:             6            144  com.intellij.vfs.AsyncVfsEventsPostProcessorImpl$processEvents$1
7420:             6            144  com.intellij.ws.inspections.BaseWebServicesInspection$ExternallyBoundClassContext
7421:             2            144  com.intellij.xdebugger.impl.breakpoints.LineBreakpointState
7422:             6            144  com.intellij.xdebugger.impl.settings.XDebuggerDataViewSettings
7423:             6            144  com.intellij.xdebugger.impl.settings.XDebuggerGeneralSettings
7424:             3            144  com.intellij.xdebugger.impl.ui.ExecutionPointHighlighter
7425:             6            144  com.intellij.xml.breadcrumbs.BreadcrumbsInitializingActivity$$Lambda$1104/1142458819
7426:             6            144  com.intellij.xml.breadcrumbs.BreadcrumbsXmlWrapper$3
7427:             6            144  com.intellij.xml.breadcrumbs.BreadcrumbsXmlWrapper$5
7428:             6            144  com.intellij.xml.breadcrumbs.BreadcrumbsXmlWrapper$6
7429:             6            144  com.jediterm.terminal.emulator.mouse.MouseMode
7430:             6            144  com.jetbrains.quirksmode.CssSimpleSelectorPattern$1
7431:             9            144  com.sun.java.swing.plaf.windows.WindowsRootPaneUI
7432:             3            144  com.sun.jna.NativeLibrary$1
7433:             6            144  com.sun.xml.internal.bind.v2.runtime.reflect.TransducedAccessor$IDREFTransducedAccessorImpl
7434:             6            144  com.sun.xml.internal.bind.v2.runtime.unmarshaller.ValuePropertyLoader
7435:             6            144  de.plushnikov.intellij.plugin.processor.ValProcessor
7436:             3            144  de.plushnikov.intellij.plugin.processor.clazz.DataProcessor
7437:             6            144  de.plushnikov.intellij.plugin.processor.clazz.ToStringProcessor
7438:             6            144  de.plushnikov.intellij.plugin.processor.clazz.constructor.NoArgsConstructorProcessor
7439:             6            144  de.plushnikov.intellij.plugin.processor.clazz.constructor.RequiredArgsConstructorProcessor
7440:             6            144  de.plushnikov.intellij.plugin.processor.field.GetterFieldProcessor
7441:             6            144  dk.brics.automaton.Transition
7442:             2            144  freemarker.template.DefaultObjectWrapper
7443:             9            144  git4idea.GitCommit$GitChangesDescriptor
7444:             6            144  gnu.trove.SerializationProcedure
7445:             2            144  io.netty.buffer.PoolThreadCache
7446:             9            144  io.netty.channel.nio.AbstractNioChannel$1
7447:             6            144  io.netty.handler.codec.protobuf.ProtobufEncoder
7448:             6            144  io.netty.handler.codec.protobuf.ProtobufVarint32LengthFieldPrepender
7449:             6            144  io.netty.util.Recycler$2
7450:             3            144  java.awt.SentEvent
7451:             6            144  java.io.ObjectStreamClass$ExceptionInfo
7452:             6            144  java.lang.Thread$State
7453:             9            144  java.rmi.server.Operation
7454:             3            144  java.util.WeakHashMap$KeyIterator
7455:             6            144  java.util.regex.Pattern$CharPropertyNames$2
7456:             3            144  java.util.regex.Pattern$GroupCurly
7457:             6            144  javassist.bytecode.ConstantAttribute
7458:             6            144  javassist.bytecode.InnerClassesAttribute
7459:             3            144  javax.swing.JEditorPane$1
7460:             6            144  javax.swing.border.LineBorder
7461:             9            144  javax.swing.text.StyleConstants$ParagraphConstants
7462:             6            144  javax.swing.text.StyledEditorKit$1
7463:             6            144  javax.xml.datatype.DatatypeConstants$Field
7464:             6            144  kotlin.reflect.jvm.internal.impl.descriptors.ClassKind
7465:             6            144  kotlin.reflect.jvm.internal.impl.load.kotlin.header.KotlinClassHeader$Kind
7466:             6            144  kotlin.reflect.jvm.internal.impl.serialization.ProtoBuf$Visibility
7467:             3            144  kotlin.reflect.jvm.internal.impl.serialization.deserialization.DeserializationContext
7468:             6            144  kotlin.reflect.jvm.internal.impl.serialization.deserialization.DeserializedPackageFragment$memberScope$1
7469:             6            144  kotlin.reflect.jvm.internal.impl.serialization.deserialization.DeserializedPackageFragmentImpl$classDataFinder$1
7470:             6            144  kotlin.reflect.jvm.internal.impl.serialization.deserialization.NameResolverImpl
7471:             6            144  kotlin.reflect.jvm.internal.impl.serialization.deserialization.ProtoBasedClassDataFinder
7472:             6            144  kotlin.sequences.TransformingSequence$iterator$1
7473:             6            144  kotlinx.coroutines.experimental.ExecutorCoroutineDispatcher
7474:             6            144  net.sf.cglib.core.internal.LoadingCache
7475:             6            144  net.sourceforge.pmd.lang.java.symboltable.TypeSet$CurrentPackageResolver
7476:             6            144  net.sourceforge.pmd.lang.java.symboltable.TypeSet$ExplicitImportResolver
7477:             6            144  net.sourceforge.pmd.lang.java.symboltable.TypeSet$ImportOnDemandResolver
7478:             3            144  one.util.streamex.TakeDrop$TDOfRef
7479:             3            144  org.apache.xerces.jaxp.SAXParserImpl
7480:             6            144  org.intellij.images.options.impl.ImagesOptionsComponent$ColorOptionsListener
7481:             9            144  org.intellij.lang.regexp.inspection.EscapedMetaCharacterInspection$EscapedMetaCharacterVisitor
7482:             9            144  org.intellij.lang.regexp.inspection.OctalEscapeInspection$OctalEscapeVisitor
7483:             6            144  org.intellij.lang.xpath.psi.XPathType
7484:             6            144  org.intellij.lang.xpath.xslt.impl.XsltChecker$State
7485:             6            144  org.jetbrains.idea.devkit.dom.impl.PropertyKeyReferenceProvider
7486:             6            144  org.jetbrains.idea.devkit.inspections.RegistrationCheckerUtil$RegistrationType
7487:             3            144  org.jetbrains.idea.maven.indices.MavenIndex$IndexData
7488:             9            144  org.jetbrains.idea.maven.indices.MavenIndex$SetDescriptor
7489:             9            144  org.jetbrains.idea.maven.javadoc.MojoAnnotationInfo
7490:             6            144  org.jetbrains.idea.maven.model.MavenWorkspaceMap$Data
7491:             3            144  org.jetbrains.idea.maven.navigator.MavenProjectsNavigator
7492:             6            144  org.jetbrains.idea.maven.tasks.MavenTasksManager$1MyCompileTask
7493:             6            144  org.jetbrains.idea.svn.api.Depth
7494:             6            144  org.jetbrains.jps.api.CmdlineRemoteProto$Message$BuilderMessage$CompileMessage$Kind
7495:             6            144  org.jetbrains.jps.backwardRefs.CompilerBackwardReferenceIndex$2
7496:             6            144  org.jetbrains.jps.backwardRefs.NameEnumerator
7497:             6            144  org.jetbrains.kotlin.config.AnalysisFlag
7498:             3            144  org.jetbrains.kotlin.config.KotlinFacetSettings
7499:             6            144  org.jetbrains.kotlin.container.ComponentState
7500:             6            144  org.jetbrains.kotlin.descriptors.ClassKind
7501:             9            144  org.jetbrains.kotlin.descriptors.impl.AbstractClassDescriptor$1
7502:             9            144  org.jetbrains.kotlin.descriptors.impl.AbstractClassDescriptor$2
7503:             9            144  org.jetbrains.kotlin.descriptors.impl.AbstractClassDescriptor$3
7504:             6            144  org.jetbrains.kotlin.idea.caches.KotlinPackageContentModificationListener$1$onEvents$2
7505:             3            144  org.jetbrains.kotlin.idea.inspections.ConstPropertyNameInspection
7506:             9            144  org.jetbrains.kotlin.idea.inspections.ExplicitThisInspection$buildVisitor$1
7507:             9            144  org.jetbrains.kotlin.idea.inspections.ImplicitThisInspection$buildVisitor$1
7508:             3            144  org.jetbrains.kotlin.idea.inspections.LocalVariableNameInspection
7509:             3            144  org.jetbrains.kotlin.idea.inspections.ObjectPropertyNameInspection
7510:             3            144  org.jetbrains.kotlin.idea.inspections.PrivatePropertyNameInspection
7511:             3            144  org.jetbrains.kotlin.idea.inspections.PropertyNameInspection
7512:             6            144  org.jetbrains.kotlin.idea.vfilefinder.KotlinFileIndexBase$indexer$1
7513:             6            144  org.jetbrains.kotlin.load.kotlin.header.KotlinClassHeader$Kind
7514:             6            144  org.jetbrains.kotlin.serialization.ProtoBuf$Visibility
7515:             6            144  org.jetbrains.kotlin.types.ErrorUtils$2
7516:             9            144  org.jetbrains.plugins.groovy.codeInspection.naming.NewGroovyClassNamingConventionInspection$1
7517:             6            144  org.jetbrains.plugins.groovy.griffon.GriffonToolWindowFactory$GriffonDirectoryMetadata
7518:             6            144  org.objectweb.shadedzt.asm.commons.Method
7519:             9            144  org.zeroturnaround.common.util.ExecutorUtil$ExecutorServiceWrapper
7520:             1            144  org.zeroturnaround.javarebel.SDKLicenseInfoImpl
7521:             6            144  org.zeroturnaround.javarebel.reporting.stats.repository.CommonFieldId
7522:             3            144  org.zeroturnaround.jrebel.client.util.CachedValueKeeper
7523:             6            144  org.zeroturnaround.jrebel.ide.common.notifications.Area
7524:             6            144  org.zeroturnaround.jrebel.ide.common.notifications.Level
7525:             6            144  sun.misc.PerfCounter
7526:             3            144  sun.misc.URLClassPath
7527:             6            144  sun.security.ssl.ProtocolVersion
7528:             6            144  sun.security.util.DisabledAlgorithmConstraints$Constraint$Operator
7529:             9            144  sun.swing.StringUIClientPropertyKey
7530:             6            144  sun.swing.SwingUtilities2$2
7531:             6            136  [Lcom.intellij.codeInspection.bytecodeAnalysis.Component;
7532:             3            136  [Lcom.intellij.codeInspection.naming.NamingConvention;
7533:             1            136  [Lcom.intellij.ide.SearchTopHitProvider;
7534:             4            136  [Lcom.intellij.lang.BracePair;
7535:             4            136  [Lcom.intellij.uiDesigner.propertyInspector.Property;
7536:             6            136  [Lcom.intellij.util.ui.ColumnInfo;
7537:             1            136  [Lcom.zeroturnaround.javarebel.idea.plugin.ui.RebelImage;
7538:             1            136  [Ljava.time.temporal.ChronoField;
7539:             1            136  [Lorg.apache.xerces.impl.dv.xs.TypeValidator;
7540:             1            136  [Lorg.jetbrains.kotlin.resolve.scopes.LexicalScopeKind;
7541:             1            136  com.intellij.openapi.progress.impl.BackgroundableProcessIndicator
7542:             1            136  sun.java2d.marlin.Stroker
7543:             1            128  [Lcom.intellij.codeInsight.editorActions.enter.EnterHandlerDelegate;
7544:             3            128  [Lcom.intellij.codeInsight.lookup.LookupElement;
7545:             1            128  [Lcom.intellij.codeInsight.template.impl.DefaultLiveTemplatesProvider;
7546:             4            128  [Lcom.intellij.ide.IconLayerProvider;
7547:             2            128  [Lcom.intellij.openapi.application.PathMacroFilter;
7548:             4            128  [Lcom.intellij.openapi.compiler.Compiler;
7549:             5            128  [Lcom.intellij.openapi.roots.OrderRootType;
7550:             2            128  [Lcom.intellij.openapi.vfs.impl.local.NativeFileWatcherImpl$WatcherOp;
7551:             2            128  [Lcom.intellij.psi.css.descriptor.CssMediaType;
7552:             2            128  [Lcom.intellij.psi.impl.include.FileIncludeProvider;
7553:             3            128  [Lcom.intellij.vcs.log.VcsRefType;
7554:             4            128  [Lio.netty.channel.ChannelHandler;
7555:             5            128  [Ljava.util.Comparator;
7556:             2            128  [Lorg.intellij.lang.regexp.psi.RegExpGroup$Type;
7557:             2            128  [Lsun.awt.image.BufferedImageGraphicsConfig;
7558:             2            128  ch.qos.logback.classic.PatternLayout
7559:             2            128  cn.yiiguxing.plugin.translate.Settings
7560:             4            128  com.android.tools.idea.databinding.DataBindingProjectComponent
7561:             4            128  com.android.tools.idea.gradle.project.sync.compatibility.CompatibilityChecksMetadataUpdater$CheckInterval
7562:             8            128  com.android.tools.idea.lang.databinding.DataBindingXmlReferenceContributor$1
7563:             8            128  com.android.tools.idea.lang.databinding.DataBindingXmlReferenceContributor$2
7564:             8            128  com.android.tools.idea.lang.databinding.DataBindingXmlReferenceContributor$3
7565:             8            128  com.android.tools.idea.run.AndroidRunConfigurationBase$DefaultPostBuildModelProvider
7566:             8            128  com.android.tools.idea.run.editor.AndroidDebuggerState
7567:             8            128  com.android.tools.idea.run.editor.EmulatorTargetProvider$State
7568:             8            128  com.android.tools.idea.run.editor.ProfilerState
7569:             8            128  com.android.tools.idea.run.editor.ShowChooserTargetProvider$State
7570:             8            128  com.android.tools.idea.run.editor.UsbDeviceTargetProvider$State
7571:             4            128  com.google.common.base.Splitter
7572:             8            128  com.google.common.collect.AbstractMultiset$EntrySet
7573:             8            128  com.google.common.collect.Count
7574:             4            128  com.google.common.collect.ImmutableMapEntry$NonTerminalImmutableBiMapEntry
7575:             8            128  com.google.common.collect.ImmutableSortedMap$1EntrySet$1
7576:             8            128  com.google.common.collect.RegularImmutableMap$Values
7577:             8            128  com.intellij.batch.references.BatchJobOperatorReferenceProvider
7578:             8            128  com.intellij.batch.references.BatchJobXmlReferenceProvider
7579:             4            128  com.intellij.codeInsight.completion.PreferMostUsedWeigher
7580:             1            128  com.intellij.codeInsight.daemon.impl.ChameleonSyntaxHighlightingPass
7581:             4            128  com.intellij.codeInsight.daemon.impl.DaemonTooltipRendererProvider$MyRenderer
7582:             1            128  com.intellij.codeInsight.daemon.impl.ExternalToolPass
7583:             4            128  com.intellij.codeInsight.daemon.impl.LocalInspectionsPass$3
7584:             4            128  com.intellij.codeInsight.daemon.impl.PassExecutorService
7585:             8            128  com.intellij.codeInsight.daemon.impl.analysis.encoding.XmlEncodingReferenceProvider
7586:             4            128  com.intellij.codeInsight.folding.impl.CodeFoldingManagerImpl$$Lambda$1924/1411095861
7587:             4            128  com.intellij.codeInsight.template.postfix.settings.PostfixTemplatesSettings
7588:             8            128  com.intellij.codeInsight.template.postfix.templates.editable.JavaPostfixTemplateExpressionCondition$JavaPostfixTemplateArrayExpressionCondition
7589:             8            128  com.intellij.codeInsight.template.postfix.templates.editable.JavaPostfixTemplateExpressionCondition$JavaPostfixTemplateNonVoidExpressionCondition
7590:             8            128  com.intellij.codeInspection.dataFlow.ContractValue$Argument
7591:             8            128  com.intellij.codeInspection.dataFlow.HardcodedContracts$ContractProvider$$Lambda$3685/1027576726
7592:             8            128  com.intellij.coldFusion.UI.editorActions.completionProviders.CfmlAttributeNamesCompletionProvider
7593:             4            128  com.intellij.compiler.CompilerWorkspaceConfiguration
7594:             4            128  com.intellij.configurationStore.SchemeManagerFactoryBase$ProjectSchemeManagerFactory
7595:             4            128  com.intellij.credentialStore.CredentialAttributes
7596:             4            128  com.intellij.database.csv.CsvRecordFormat$Quotes
7597:             4            128  com.intellij.debugger.streams.lib.impl.CollapseOperation
7598:             4            128  com.intellij.debugger.streams.lib.impl.ToCollectionOperation
7599:             8            128  com.intellij.debugger.streams.resolve.OptionalOrderResolver
7600:             8            128  com.intellij.debugger.streams.trace.impl.interpret.OptionalTraceInterpreter
7601:             4            128  com.intellij.debugger.ui.breakpoints.BreakpointManager
7602:             4            128  com.intellij.diagnostic.VMOptions$MemoryKind
7603:             4            128  com.intellij.execution.console.ConsoleFoldingSettings$MyBean
7604:             4            128  com.intellij.execution.impl.ConsoleViewImpl$HyperlinkNavigationAction
7605:             4            128  com.intellij.execution.impl.DefaultJavaProgramRunner$ControlBreakAction
7606:             4            128  com.intellij.execution.impl.DefaultJavaProgramRunner$SoftExitAction
7607:             4            128  com.intellij.execution.impl.TokenBuffer
7608:             8            128  com.intellij.execution.junit.codeInsight.references.JUnitReferenceContributor$1
7609:             8            128  com.intellij.execution.junit.codeInsight.references.JUnitReferenceContributor$2
7610:             4            128  com.intellij.execution.process.AnsiEscapeDecoder
7611:             4            128  com.intellij.execution.runners.ProcessProxyImpl
7612:             8            128  com.intellij.execution.ui.layout.impl.GridImpl$$Lambda$3005/466403173
7613:             4            128  com.intellij.find.findUsages.JavaFindUsagesHandlerFactory
7614:             4            128  com.intellij.formatting.FormattingStateId
7615:             8            128  com.intellij.gwt.references.GeneratedJsReferenceProvider
7616:             8            128  com.intellij.gwt.references.GwtReferenceContributor$1
7617:             8            128  com.intellij.gwt.references.GwtReferenceContributor$2
7618:             8            128  com.intellij.gwt.references.GwtToHtmlReferencesProvider
7619:             8            128  com.intellij.gwt.uiBinder.references.GwtUiReferenceContributor$1
7620:             8            128  com.intellij.gwt.uiBinder.references.GwtUiReferenceContributor$2
7621:             8            128  com.intellij.gwt.uiBinder.references.GwtUiReferenceContributor$3
7622:             8            128  com.intellij.gwt.uiBinder.references.GwtUiReferenceContributor$CssFileReferenceProvider
7623:             8            128  com.intellij.gwt.uiBinder.references.QualifiedUiXmlReferenceProvider
7624:             8            128  com.intellij.html.impl.providers.MicrodataReferenceProvider
7625:             8            128  com.intellij.htmltools.codeInsight.daemon.impl.analysis.encoding.HtmlHttpEquivEncodingReferenceProvider
7626:             8            128  com.intellij.htmltools.xml.util.HtmlReferenceProvider
7627:             8            128  com.intellij.htmltools.xml.util.HtmlReferenceProvider$1
7628:             4            128  com.intellij.ide.actions.ExpandAllToolbarAction
7629:             8            128  com.intellij.ide.highlighter.custom.impl.CustomFileTypeQuoteHandler
7630:             8            128  com.intellij.ide.highlighter.custom.impl.StandardFileTypeRegistrator$MyCommenter
7631:             4            128  com.intellij.ide.navigationToolbar.NavBarUpdateQueue$2
7632:             4            128  com.intellij.ide.util.ProjectPropertiesComponentImpl
7633:             8            128  com.intellij.j2ee.web.WebReferenceContributor$1
7634:             8            128  com.intellij.j2ee.web.WebReferenceContributor$ServletPushPublisherPsiReferenceProvider
7635:             8            128  com.intellij.javascript.JavaScriptCssReferenceContributor$1
7636:             8            128  com.intellij.javascript.JavaScriptCssReferenceContributor$2
7637:             8            128  com.intellij.javascript.JavaScriptCssReferenceContributor$3
7638:             8            128  com.intellij.javascript.JavaScriptCssReferenceContributor$4
7639:             8            128  com.intellij.javascript.JavaScriptReferenceContributor$4
7640:             8            128  com.intellij.javascript.JavaScriptReferenceContributor$5
7641:             8            128  com.intellij.javascript.JavaScriptReferenceContributor$6
7642:             8            128  com.intellij.javascript.JavaScriptReferenceContributor$7
7643:             4            128  com.intellij.javascript.nodejs.library.NodeModulesDirectoryScanner
7644:             4            128  com.intellij.javascript.nodejs.packageJson.PackageJsonFileManager
7645:             8            128  com.intellij.jboss.jpdl.providers.ProcessNamesReferenceProvider
7646:             8            128  com.intellij.jpa.ORMReferencesUtil$3
7647:             4            128  com.intellij.jpa.actions.AddJpaProviderSupport$1
7648:             8            128  com.intellij.jsf.composite.references.CompositeComponentTypeReferenceProvider
7649:             8            128  com.intellij.jsf.composite.references.CompositeURIReferenceProvider
7650:             8            128  com.intellij.jsf.composite.references.CompositeValueHolderTargetsReferenceProvider
7651:             8            128  com.intellij.jsf.facelets.providers.FaceletsUiDefineReferenceProvider
7652:             8            128  com.intellij.jsf.flows.references.FlowReferenceContributor$1
7653:             8            128  com.intellij.jsf.flows.references.FlowReferenceContributor$2
7654:             8            128  com.intellij.jsf.flows.references.FlowReferenceContributor$3
7655:             8            128  com.intellij.jsf.flows.references.FlowReferenceContributor$4
7656:             8            128  com.intellij.jsf.html5.references.PassThroughIdPsiReferenceProvider
7657:             8            128  com.intellij.jsf.html5.references.PassThroughIdPsiReferenceProvider$2
7658:             8            128  com.intellij.jsf.providers.ELResolverManagedBeanReferenceProvider
7659:             8            128  com.intellij.jsf.providers.FaceletLabrariesPathListProvider
7660:             8            128  com.intellij.jsf.providers.FacesConfigWebPathProvider
7661:             8            128  com.intellij.jsf.references.JsfActionXmlAttributeReferencesProvider
7662:             8            128  com.intellij.jsf.references.JsfConverterIdXmlAttributeReferencesProvider
7663:             8            128  com.intellij.jsf.references.JsfLibraryAttributeReferencesProvider
7664:             8            128  com.intellij.jsf.references.JsfReferenceContributor$1
7665:             8            128  com.intellij.jsf.references.JsfReferenceContributor$2
7666:             8            128  com.intellij.jsf.references.JsfResourceIdentifierAttributeReferencesProvider
7667:             8            128  com.intellij.jsf.references.JsfUrlXmlAttributeReferencesProvider
7668:             8            128  com.intellij.jsf.references.JsfViewContractsAttributeReferencesProvider
7669:             8            128  com.intellij.jsf.references.JsfXmlTagReferencesProvider
7670:             8            128  com.intellij.jsf.references.JsfcIdXmlAttributeReferencesProvider
7671:             8            128  com.intellij.jsf.references.JsfcIdXmlAttributeReferencesProvider$2
7672:             4            128  com.intellij.lang.aspectj.build.config.AjCompilerSettings
7673:             4            128  com.intellij.lang.javascript.JavaScriptHighlightingLexer$1
7674:             8            128  com.intellij.lang.javascript.ecmascript6.TypeScriptReferenceContributor$2
7675:             8            128  com.intellij.lang.javascript.ecmascript6.TypeScriptReferenceContributor$3
7676:             8            128  com.intellij.lang.javascript.ecmascript6.TypeScriptReferenceContributor$4
7677:             8            128  com.intellij.lang.javascript.frameworks.amd.JSAmdReferenceContributor$1
7678:             8            128  com.intellij.lang.javascript.frameworks.amd.JSAmdReferenceContributor$2
7679:             8            128  com.intellij.lang.javascript.frameworks.amd.JSAmdReferenceContributor$3
7680:             8            128  com.intellij.lang.javascript.frameworks.amd.JSAmdReferenceContributor$4
7681:             8            128  com.intellij.lang.javascript.frameworks.bindows.BindowsReferenceContributor$1
7682:             8            128  com.intellij.lang.javascript.frameworks.bindows.BindowsReferenceContributor$2
7683:             8            128  com.intellij.lang.javascript.frameworks.dojo.DojoReferenceContributor$1
7684:             8            128  com.intellij.lang.javascript.frameworks.extjs.ExtReferenceContributor$1
7685:             8            128  com.intellij.lang.javascript.frameworks.extjs.ExtReferenceContributor$2
7686:             8            128  com.intellij.lang.javascript.frameworks.react.JSXReferenceContributor$1
7687:             4            128  com.intellij.lang.javascript.library.JSPredefinedLibrariesData
7688:             8            128  com.intellij.lang.javascript.patterns.JSPatterns$2
7689:             4            128  com.intellij.lang.javascript.psi.ecma6.impl.TypeScriptInferTypeImpl
7690:             2            128  com.intellij.lang.javascript.psi.impl.JSTextReference$1
7691:             8            128  com.intellij.lang.javascript.psi.resolve.JSTypeEvaluator$$Lambda$4218/761931324
7692:             8            128  com.intellij.lang.javascript.psi.types.JSCompositeTypeBaseImpl$$Lambda$2659/121380696
7693:             4            128  com.intellij.lang.javascript.psi.types.JSTypeComparingCache
7694:             4            128  com.intellij.lang.javascript.psi.types.primitives.JSSymbolType
7695:             4            128  com.intellij.lang.javascript.service.JSLanguageServiceToolWindowInfoReporter
7696:             8            128  com.intellij.lang.javascript.template.postfix.JSPostfixTemplateUtils$4
7697:             8            128  com.intellij.lang.properties.PropertiesReferenceContributor$3
7698:             4            128  com.intellij.lang.typescript.compiler.TypeScriptLanguageServiceToolWindowManager$1
7699:             4            128  com.intellij.notification.LogModel
7700:             1            128  com.intellij.openapi.application.impl.ApplicationImpl
7701:             2            128  com.intellij.openapi.diagnostic.FrequentEventDetector$1
7702:             4            128  com.intellij.openapi.editor.actions.ScrollToTheEndToolbarAction
7703:             8            128  com.intellij.openapi.editor.colors.impl.TextAttributesReader
7704:             8            128  com.intellij.openapi.editor.impl.CaretModelImpl$1
7705:             8            128  com.intellij.openapi.editor.impl.EditorGutterComponentImpl$1
7706:             8            128  com.intellij.openapi.editor.impl.EditorImpl$4
7707:             8            128  com.intellij.openapi.editor.impl.EditorImpl$5
7708:             8            128  com.intellij.openapi.editor.impl.EditorImpl$9
7709:             8            128  com.intellij.openapi.editor.impl.EditorImpl$EditorDocumentAdapter
7710:             8            128  com.intellij.openapi.editor.impl.ImmediatePainter$$Lambda$1002/114349842
7711:             8            128  com.intellij.openapi.editor.impl.InlayModelImpl$2
7712:             8            128  com.intellij.openapi.editor.impl.view.TextLayoutCache$2
7713:             2            128  com.intellij.openapi.keymap.impl.MacOSDefaultKeymap
7714:             8            128  com.intellij.openapi.module.EjbReferenceContributor$1
7715:             8            128  com.intellij.openapi.module.EjbReferenceContributor$2
7716:             8            128  com.intellij.openapi.module.EjbReferenceContributor$3
7717:             4            128  com.intellij.openapi.module.ModuleTypeEP
7718:             4            128  com.intellij.openapi.project.ExternalStorageConfiguration
7719:             4            128  com.intellij.openapi.roots.DependencyScope
7720:             4            128  com.intellij.openapi.roots.impl.DirectoryIndexImpl
7721:             4            128  com.intellij.openapi.roots.impl.ProjectFileIndexImpl
7722:             4            128  com.intellij.openapi.roots.impl.ProjectRootManagerImpl$JdkTableMultiListener
7723:             4            128  com.intellij.openapi.roots.impl.libraries.ProjectLibraryTable
7724:             4            128  com.intellij.openapi.updateSettings.impl.ChannelStatus
7725:             8            128  com.intellij.openapi.vcs.VcsKey
7726:             4            128  com.intellij.openapi.vcs.changes.committed.CommittedChangesCache$State
7727:             8            128  com.intellij.openapi.vcs.changes.ui.ChangesBrowserNode$Tag
7728:             4            128  com.intellij.openapi.vcs.changes.ui.ChangesViewContentEP
7729:             8            128  com.intellij.openapi.vcs.changes.ui.NoneChangesGroupingPolicy
7730:             4            128  com.intellij.openapi.vcs.changes.ui.TreeModelBuilder
7731:             8            128  com.intellij.openapi.vcs.changes.ui.TreeModelBuilder$$Lambda$2021/4882734
7732:             2            128  com.intellij.openapi.vcs.ex.SimpleLocalLineStatusTracker
7733:             4            128  com.intellij.openapi.vcs.impl.ContentRevisionCache
7734:             4            128  com.intellij.openapi.vcs.impl.projectlevelman.FileWatchRequestModifier
7735:             4            128  com.intellij.openapi.wm.impl.CommandProcessor
7736:             4            128  com.intellij.openapi.wm.impl.DesktopLayout
7737:             4            128  com.intellij.openapi.wm.impl.FocusManagerImpl$$Lambda$781/471247677
7738:             4            128  com.intellij.packaging.impl.elements.DirectoryPackagingElement
7739:             8            128  com.intellij.play.references.PlayControllerMethodsReferenceProvider
7740:             8            128  com.intellij.play.references.PlayCustomTagPsiReferenceProvider
7741:             8            128  com.intellij.play.references.PlayMessagePsiReferenceProvider
7742:             8            128  com.intellij.play.references.PlayRoutesPsiReferenceProvider
7743:             4            128  com.intellij.plugins.jboss.arquillian.configuration.container.ArquillianContainer$Scope
7744:             8            128  com.intellij.plugins.jboss.arquillian.runConfiguration.ArquillianRunConfiguration
7745:             8            128  com.intellij.psi.PsiDiamondTypeImpl$$Lambda$3635/720100319
7746:             4            128  com.intellij.psi.controlFlow.ControlFlowFactory$ControlFlowContext
7747:             8            128  com.intellij.psi.css.impl.util.CssReferenceProvider
7748:             4            128  com.intellij.psi.impl.PsiToDocumentSynchronizer
7749:             4            128  com.intellij.psi.impl.compiled.ClsJavaTokenImpl
7750:             4            128  com.intellij.psi.impl.compiled.ClsPrefixExpressionImpl
7751:             4            128  com.intellij.psi.impl.smartPointers.SmartPointerManagerImpl
7752:             4            128  com.intellij.psi.impl.source.PostprocessReformattingAspect
7753:             4            128  com.intellij.psi.impl.source.resolve.ResolveCache$$Lambda$1677/11346598
7754:             8            128  com.intellij.psi.impl.source.resolve.reference.PsiReferenceRegistrarImpl$$Lambda$2186/244111587
7755:             8            128  com.intellij.psi.impl.source.resolve.reference.impl.providers.DtdReferencesProvider
7756:             8            128  com.intellij.psi.impl.source.resolve.reference.impl.providers.DtdReferencesProvider$2
7757:             8            128  com.intellij.psi.impl.source.resolve.reference.impl.providers.FilePathReferenceProvider
7758:             8            128  com.intellij.psi.impl.source.resolve.reference.impl.providers.IdReferenceProvider
7759:             8            128  com.intellij.psi.impl.source.resolve.reference.impl.providers.IdReferenceProvider$1
7760:             8            128  com.intellij.psi.impl.source.resolve.reference.impl.providers.JavaReferenceContributor$1
7761:             8            128  com.intellij.psi.impl.source.resolve.reference.impl.providers.SchemaReferencesProvider
7762:             8            128  com.intellij.psi.impl.source.resolve.reference.impl.providers.URIReferenceProvider
7763:             4            128  com.intellij.psi.impl.source.tree.JavaDocElementType$JavaDocCompositeElementType
7764:             4            128  com.intellij.psi.impl.source.tree.java.PsiTypeParameterImpl
7765:             4            128  com.intellij.psi.search.scope.packageSet.NamedScopeManager
7766:             4            128  com.intellij.refactoring.ui.TypeSelector
7767:             4            128  com.intellij.refactoring.ui.TypeSelector$MyComboBoxModel
7768:             8            128  com.intellij.seam.converters.jam.SeamContextVariableReferenceProvider
7769:             8            128  com.intellij.seam.model.references.SeamEventTypeReferenceProvider
7770:             8            128  com.intellij.seam.model.references.SeamObserverEventTypeReferenceProvider
7771:             8            128  com.intellij.seam.model.references.SeamRaiseEventRefernceProvider
7772:             8            128  com.intellij.seam.model.references.SeamValidatorReferenceProvider
7773:             4            128  com.intellij.spring.boot.run.lifecycle.tabs.HealthTab$3
7774:             4            128  com.intellij.spring.boot.run.lifecycle.tabs.HealthTab$CollapseAllAction
7775:             4            128  com.intellij.spring.boot.run.lifecycle.tabs.HealthTab$ExpandAllAction
7776:             4            128  com.intellij.spring.boot.run.lifecycle.tabs.LiveBeansTab$2
7777:             4            128  com.intellij.spring.boot.run.lifecycle.tabs.LiveBeansTab$3
7778:             4            128  com.intellij.spring.boot.run.lifecycle.tabs.LiveBeansTab$4
7779:             4            128  com.intellij.spring.boot.run.lifecycle.tabs.LiveBeansTab$5
7780:             4            128  com.intellij.spring.boot.run.lifecycle.tabs.RequestMappingsPanel$1
7781:             4            128  com.intellij.spring.boot.run.lifecycle.tabs.RequestMappingsPanel$2
7782:             4            128  com.intellij.spring.boot.run.lifecycle.tabs.RequestMappingsPanel$5
7783:             4            128  com.intellij.spring.boot.run.lifecycle.tabs.RequestMappingsTab$3
7784:             4            128  com.intellij.spring.boot.run.lifecycle.tabs.RequestMappingsTab$MarkAsDefaultAction
7785:             4            128  com.intellij.spring.boot.run.lifecycle.tabs.RequestMappingsTab$OpenInBrowserAction
7786:             4            128  com.intellij.spring.boot.run.lifecycle.tabs.RequestMappingsTab$RestoreEmptyDefaultPathAction
7787:             4            128  com.intellij.spring.boot.run.lifecycle.tabs.SpringBootApplicationEndpointsTab$1
7788:             4            128  com.intellij.spring.boot.run.lifecycle.tabs.SpringBootApplicationEndpointsTab$5
7789:             4            128  com.intellij.spring.boot.run.lifecycle.tabs.SpringBootApplicationEndpointsTab$FocusOnStartAction
7790:             4            128  com.intellij.spring.facet.beans.CustomSetting$STRING
7791:             4            128  com.intellij.spring.model.highlighting.config.SpringFacetInspection
7792:             4            128  com.intellij.spring.model.jam.componentScan.CustomJamComponentScan
7793:             4            128  com.intellij.spring.persistence.integration.utils.SpringDataSourceDetector$$Lambda$2486/1496483100
7794:             8            128  com.intellij.spring.references.SpringPlaceholderReferenceProvider
7795:             8            128  com.intellij.spring.references.SpringReferenceContributor$1
7796:             8            128  com.intellij.spring.references.SpringReferenceContributor$2
7797:             8            128  com.intellij.spring.references.SpringReferenceContributor$3
7798:             8            128  com.intellij.spring.references.SpringReferenceContributor$4
7799:             8            128  com.intellij.spring.references.SpringReferenceContributor$5
7800:             8            128  com.intellij.spring.security.references.SpringSecurityRolePsiReferenceProvider$PsiLiteralExpressionProvider
7801:             4            128  com.intellij.spring.websocket.model.messaging.SpringMessagingType
7802:             8            128  com.intellij.struts.inplace.reference.ReferenceProviderUtils$1
7803:             8            128  com.intellij.struts.inplace.reference.StrutsReferenceContributor$3
7804:             8            128  com.intellij.struts.inplace.reference.StrutsReferenceContributor$5
7805:             8            128  com.intellij.struts.inplace.reference.config.WebAppPathListProvider
7806:             8            128  com.intellij.tasks.jira.jql.codeinsight.JqlCompletionContributor$JqlKeywordCompletionProvider
7807:             8            128  com.intellij.tasks.timeTracking.TimeTrackingManager$$Lambda$1507/699172104
7808:             4            128  com.intellij.tasks.timeTracking.TimeTrackingManager$Config
7809:             4            128  com.intellij.ui.AutoScrollToSourceHandler$AutoscrollToSourceAction
7810:             2            128  com.intellij.ui.BalloonImpl$9
7811:             4            128  com.intellij.ui.FinderRecursivePanel$3
7812:             4            128  com.intellij.ui.FinderRecursivePanel$4
7813:             4            128  com.intellij.ui.FinderRecursivePanel$5
7814:             1            128  com.intellij.ui.TableToolbarDecorator
7815:             4            128  com.intellij.ui.awt.RelativePoint
7816:             4            128  com.intellij.ui.components.ScrollPainter
7817:             4            128  com.intellij.uiDesigner.actions.SurroundAction
7818:             4            128  com.intellij.util.containers.OrderedSet
7819:             4            128  com.intellij.util.gist.VirtualFileGistImpl
7820:             2            128  com.intellij.util.indexing.FileBasedIndexImpl$$Lambda$3139/1869763122
7821:             8            128  com.intellij.util.indexing.IndexId
7822:             4            128  com.intellij.util.io.CompressedAppendableFile$2
7823:             8            128  com.intellij.util.text.SyncDateFormat
7824:             8            128  com.intellij.util.xml.NanoXmlUtil$EmptyEntityResolver
7825:             4            128  com.intellij.util.xml.impl.DomRootInvocationHandler$1
7826:             8            128  com.intellij.vcs.log.VcsLogFilterCollection$FilterKey
7827:             4            128  com.intellij.vcs.log.graph.utils.impl.SmartDeltaCompressor
7828:             8            128  com.intellij.ws.references.Axis2ServicesXmlReferenceProvider
7829:             8            128  com.intellij.ws.references.JAXBSchemaReferenceProvider
7830:             8            128  com.intellij.ws.references.JaxRPCMappingReferenceProvider
7831:             8            128  com.intellij.ws.references.JaxbPrefixesReferenceProvider
7832:             8            128  com.intellij.ws.references.WADLXmlReferenceProvider
7833:             8            128  com.intellij.ws.references.WSDDReferenceProvider
7834:             8            128  com.intellij.ws.references.WSDLReferenceProvider
7835:             4            128  com.intellij.xdebugger.impl.WatchesManagerState
7836:             4            128  com.intellij.xdebugger.impl.XDebuggerState
7837:             2            128  com.intellij.xdebugger.impl.breakpoints.XLineBreakpointImpl
7838:             8            128  com.intellij.xml.util.XmlEnumeratedValueReferenceProvider
7839:             8            128  com.intellij.xml.util.XmlEnumeratedValueReferenceProvider$1
7840:             8            128  com.intellij.xml.util.XmlPrefixReferenceProvider
7841:             8            128  com.intellij.xml.util.XmlRefCountHolder$1$$Lambda$4255/64616406
7842:             8            128  com.intellij.xml.util.XmlReferenceContributor$1
7843:             8            128  com.siyeh.ig.migration.IfCanBeSwitchInspection$IfCanBeSwitchFix
7844:             4            128  com.sun.java.swing.plaf.windows.WindowsLookAndFeel$TriggerDesktopProperty
7845:             4            128  com.sun.jmx.mbeanserver.DefaultMXBeanMappingFactory$ArrayMapping
7846:             8            128  com.sun.proxy.$Proxy101
7847:             8            128  com.sun.proxy.$Proxy103
7848:             4            128  com.sun.xml.internal.bind.v2.runtime.CompositeStructureBeanInfo
7849:             4            128  com.sun.xml.internal.bind.v2.runtime.NameList
7850:             4            128  freemarker.ext.beans.BooleanModel
7851:             2            128  io.netty.channel.ChannelOutboundBuffer$Entry
7852:             2            128  java.awt.color.ICC_ColorSpace
7853:             4            128  java.awt.im.InputMethodHighlight
7854:             2            128  java.io.ExpiringCache$1
7855:             4            128  java.util.concurrent.CountDownLatch$Sync
7856:             4            128  java.util.concurrent.SynchronousQueue
7857:             4            128  java.util.regex.Pattern$Behind
7858:             8            128  java.util.regex.Pattern$CharPropertyNames$3
7859:             4            128  java.util.regex.Pattern$NotBehind
7860:             8            128  javax.swing.plaf.IconUIResource
7861:             4            128  javax.swing.text.DefaultEditorKit$VerticalPageAction
7862:             2            128  javax.swing.text.html.HTMLEditorKit
7863:             4            128  javax.swing.tree.VariableHeightLayoutCache$VisibleTreeStateNodeEnumeration
7864:             8            128  org.angularjs.codeInsight.refs.AngularJSControllerReferencesProvider
7865:             8            128  org.angularjs.codeInsight.refs.AngularJSDIReferencesProvider
7866:             8            128  org.angularjs.codeInsight.refs.AngularJSModuleReferencesProvider
7867:             8            128  org.angularjs.codeInsight.refs.AngularJSNgAppReferencesProvider
7868:             8            128  org.angularjs.codeInsight.refs.AngularJSReferencesContributor$4
7869:             8            128  org.angularjs.codeInsight.refs.AngularJSTemplateReferencesProvider
7870:             8            128  org.angularjs.codeInsight.refs.AngularJSUiRouterStatesReferencesProvider
7871:             8            128  org.angularjs.codeInsight.refs.AngularJSUiRouterViewReferencesProvider
7872:             8            128  org.coffeescript.lang.psi.CoffeeScriptReferenceContributor$1
7873:             8            128  org.coffeescript.lang.psi.CoffeeScriptReferenceContributor$2
7874:             4            128  org.intellij.lang.xpath.xslt.validation.inspections.TemplateInvocationInspection$1
7875:             8            128  org.intellij.plugins.intelliLang.references.InjectedReferencesContributor$1
7876:             8            128  org.intellij.plugins.markdown.lang.references.MarkdownReferenceProvider$LinkDestinationReferenceProvider
7877:             8            128  org.jetbrains.idea.devkit.references.ExperimentalFeatureIdContributor$1
7878:             8            128  org.jetbrains.idea.devkit.references.IconsReferencesContributor$1
7879:             8            128  org.jetbrains.idea.devkit.references.IconsReferencesContributor$2
7880:             8            128  org.jetbrains.idea.devkit.references.PluginDescriptorXIncludeReferenceContributor$1
7881:             8            128  org.jetbrains.idea.devkit.references.PluginDescriptorXIncludeReferenceContributor$XIncludeReferenceProvider
7882:             8            128  org.jetbrains.idea.maven.dom.references.MavenFilteredPropertyPsiReferenceProvider
7883:             8            128  org.jetbrains.idea.maven.dom.references.MavenPropertyPsiReferenceProvider
7884:             4            128  org.jetbrains.idea.maven.execution.MavenExecutionOptions$FailureMode
7885:             1            128  org.jetbrains.idea.maven.navigator.MavenProjectsStructure$ProjectNode
7886:             4            128  org.jetbrains.idea.maven.project.MavenEmbeddersManager
7887:             4            128  org.jetbrains.idea.maven.project.MavenWorkspaceSettings
7888:             4            128  org.jetbrains.jps.ant.model.impl.artifacts.AntArtifactExtensionProperties
7889:             4            128  org.jetbrains.kotlin.config.LanguageVersion
7890:             2            128  org.jetbrains.kotlin.descriptors.impl.PropertyGetterDescriptorImpl
7891:             8            128  org.jetbrains.kotlin.diagnostics.PositioningStrategies$modifierSetPosition$1
7892:             4            128  org.jetbrains.kotlin.idea.intentions.ConvertSecondaryConstructorToPrimaryIntention
7893:             4            128  org.jetbrains.kotlin.idea.intentions.ConvertToStringTemplateIntention
7894:             4            128  org.jetbrains.kotlin.idea.intentions.ConvertTryFinallyToUseCallIntention
7895:             4            128  org.jetbrains.kotlin.idea.intentions.ConvertTwoComparisonsToRangeCheckIntention
7896:             4            128  org.jetbrains.kotlin.idea.intentions.DeprecatedCallableAddReplaceWithIntention
7897:             4            128  org.jetbrains.kotlin.idea.intentions.FoldInitializerAndIfToElvisIntention
7898:             4            128  org.jetbrains.kotlin.idea.intentions.JoinDeclarationAndAssignmentIntention
7899:             4            128  org.jetbrains.kotlin.idea.intentions.ObjectLiteralToLambdaIntention
7900:             4            128  org.jetbrains.kotlin.idea.intentions.RemoveCurlyBracesFromTemplateIntention
7901:             4            128  org.jetbrains.kotlin.idea.intentions.RemoveEmptyClassBodyIntention
7902:             4            128  org.jetbrains.kotlin.idea.intentions.RemoveEmptyParenthesesFromLambdaCallIntention
7903:             4            128  org.jetbrains.kotlin.idea.intentions.RemoveEmptyPrimaryConstructorIntention
7904:             4            128  org.jetbrains.kotlin.idea.intentions.RemoveEmptySecondaryConstructorBodyIntention
7905:             4            128  org.jetbrains.kotlin.idea.intentions.RemoveExplicitSuperQualifierIntention
7906:             4            128  org.jetbrains.kotlin.idea.intentions.RemoveExplicitTypeArgumentsIntention
7907:             4            128  org.jetbrains.kotlin.idea.intentions.RemoveSingleExpressionStringTemplateIntention
7908:             4            128  org.jetbrains.kotlin.idea.intentions.ReplaceSingleLineLetIntention
7909:             4            128  org.jetbrains.kotlin.idea.intentions.ReplaceSizeCheckWithIsNotEmptyIntention
7910:             4            128  org.jetbrains.kotlin.idea.intentions.ReplaceSizeZeroCheckWithIsEmptyIntention
7911:             4            128  org.jetbrains.kotlin.idea.intentions.SimplifyBooleanWithConstantsIntention
7912:             4            128  org.jetbrains.kotlin.idea.intentions.UsePropertyAccessSyntaxIntention
7913:             4            128  org.jetbrains.kotlin.idea.intentions.loopToCallChain.UseWithIndexIntention
7914:             8            128  org.jetbrains.kotlin.idea.vfilefinder.KotlinFileIndexBase$KEY_DESCRIPTOR$1
7915:             2            128  org.jetbrains.kotlin.serialization.deserialization.descriptors.DeserializedPackageMemberScope
7916:             2            128  org.jetbrains.kotlin.serialization.deserialization.descriptors.DeserializedTypeParameterDescriptor
7917:             8            128  org.jetbrains.plugins.grails.i18n.GrailsI18nPropertyReferenceProvider
7918:             8            128  org.jetbrains.plugins.grails.lang.gsp.psi.gsp.impl.gtag.reference.contributor.GspCssClassReferenceContributor$1
7919:             8            128  org.jetbrains.plugins.grails.pluginSupport.assetPipeline.AssetReferenceProvider
7920:             8            128  org.jetbrains.plugins.groovy.ext.spock.SpockUnrollReferenceProvider
7921:             8            128  org.jetbrains.plugins.groovy.gpp.GppReferenceContributor$1
7922:             8            128  org.jetbrains.plugins.groovy.lang.resolve.providers.PropertiesReferenceProvider
7923:             8            128  org.jetbrains.plugins.groovy.transformations.impl.synch.SynchronizedReferenceProvider
7924:             8            128  org.jetbrains.plugins.javaFX.css.refs.JavaFxCSSReferenceContributor$JavaFxDefaultStyleClassReferenceProvider
7925:             8            128  org.jetbrains.plugins.javaFX.css.refs.JavaFxCSSReferenceContributor$JavaFxIdCssReferenceProvider
7926:             8            128  org.jetbrains.plugins.javaFX.fxml.refs.ImportReferenceProvider
7927:             8            128  org.jetbrains.plugins.javaFX.fxml.refs.JavaFxColorReferenceProvider
7928:             8            128  org.jetbrains.plugins.javaFX.fxml.refs.JavaFxEventHandlerReferenceProvider
7929:             8            128  org.jetbrains.plugins.javaFX.fxml.refs.JavaFxFactoryReferenceProvider
7930:             8            128  org.jetbrains.plugins.javaFX.fxml.refs.JavaFxFieldIdReferenceProvider
7931:             8            128  org.jetbrains.plugins.javaFX.fxml.refs.JavaFxFileReferenceProvider
7932:             8            128  org.jetbrains.plugins.javaFX.fxml.refs.JavaFxStaticPropertyReferenceProvider
7933:             8            128  org.jetbrains.plugins.javaFX.resources.JavaFxResourcePropertyReferenceProvider
7934:             8            128  org.jetbrains.plugins.less.references.LESSReferenceContributor$LESSReferenceProvider
7935:             8            128  org.jetbrains.plugins.less.references.LESSReferenceContributor$LessReferencePattern
7936:             8            128  org.jetbrains.plugins.scss.references.SassScssReferenceContributor$SassScssReferenceProvider
7937:             8            128  org.kohsuke.rngom.nc.AnyNameExceptNameClass
7938:             4            128  org.osmorc.settings.ProjectSettings
7939:             4            128  org.zeroturnaround.bundled.org.bouncycastle.jcajce.provider.config.ProviderConfigurationPermission
7940:             4            128  org.zeroturnaround.common.options.BooleanOption
7941:             4            128  org.zeroturnaround.javarebel.LicensingMessage
7942:             4            128  org.zeroturnaround.jrebel.client.logger.Log$Product
7943:             4            128  org.zeroturnaround.jrebel.ide.debugger.AbstractDebuggerConfiguration$Ide
7944:             2            128  sun.awt.im.InputMethodContext
7945:             4            128  sun.awt.image.BufferedImageDevice
7946:             2            128  sun.nio.cs.SingleByte$Encoder
7947:             2            128  sun.nio.cs.ext.DoubleByte$Encoder_DBCSONLY
7948:             4            128  sun.security.ssl.CipherSuite$PRF
7949:             4            128  sun.security.x509.ExtendedKeyUsageExtension
7950:             4            128  sun.swing.FilePane$ViewTypeAction
7951:             6            120  [Lch.qos.logback.core.Appender;
7952:             1            120  [Lcom.github.rjeschke.txtmark.MarkToken;
7953:             3            120  [Lcom.intellij.application.options.editor.AutoImportOptionsProviderEP;
7954:             1            120  [Lcom.intellij.codeInsight.completion.PreferByKindWeigher$MyResult;
7955:             1            120  [Lcom.intellij.facet.FacetType;
7956:             3            120  [Lcom.intellij.ide.errorTreeView.ErrorTreeElementKind;
7957:             3            120  [Lcom.intellij.ide.projectView.ProjectViewNodeDecorator;
7958:             5            120  [Lcom.intellij.lang.javascript.service.highlighting.JSLanguageServiceFilter;
7959:             3            120  [Lcom.intellij.openapi.vcs.impl.VcsEP;
7960:             1            120  [Lcom.intellij.psi.ElementDescriptionProvider;
7961:             1            120  [Lcom.intellij.psi.WeigherExtensionPoint;
7962:             1            120  [Lcom.intellij.psi.css.descriptor.value.CssValueType;
7963:             5            120  [Lcom.intellij.thymeleaf.dialects.beans.ThymeleafExpressionObjectBean;
7964:             1            120  [Ljava.awt.SystemColor;
7965:             6            120  [Ljava.awt.event.MouseListener;
7966:             5            120  [Ljava.lang.StringBuffer;
7967:             5            120  [Ljava.net.InetAddress;
7968:             1            120  [Lsun.security.ssl.SupportedEllipticCurvesExtension$NamedEllipticCurve;
7969:             3            120  ch.qos.logback.core.BasicStatusManager
7970:             5            120  ch.qos.logback.core.pattern.parser.TokenStream$TokenizerState
7971:             5            120  com.alibaba.p3c.idea.inspection.AliControlFlowStatementWithoutBracesInspection
7972:             5            120  com.alibaba.p3c.idea.inspection.AliEqualsAvoidNullInspection
7973:             5            120  com.alibaba.p3c.idea.inspection.AliLongLiteralsEndingWithLowercaseLInspection
7974:             5            120  com.alibaba.p3c.idea.inspection.standalone.AliAccessStaticViaInstanceInspection
7975:             5            120  com.alibaba.p3c.pmd.lang.java.rule.comment.RemoveCommentedCodeRule$CommentPatternEnum
7976:             3            120  com.android.tools.adtui.workbench.DetachedToolWindowManager
7977:             3            120  com.android.tools.idea.databinding.DataBindingShortNamesCache
7978:             3            120  com.android.tools.idea.gradle.project.GradleProjectInfo
7979:             5            120  com.android.tools.idea.lang.proguard.psi.ProguardElementType
7980:             5            120  com.android.tools.idea.run.TargetSelectionMode
7981:             5            120  com.android.tools.lint.detector.api.Severity
7982:             5            120  com.google.gson.internal.bind.TypeAdapters$33
7983:             5            120  com.google.protobuf.ProtobufArrayList
7984:             5            120  com.intellij.aop.jam.AopJavaAnnotator$$Lambda$3774/1079231820
7985:             5            120  com.intellij.codeInsight.completion.JavaCompletionSorting$ExpectedTypeMatching
7986:             5            120  com.intellij.codeInsight.daemon.PowerSaveHectorProvider$1
7987:             5            120  com.intellij.codeInsight.daemon.impl.HectorComponent$$Lambda$5381/1468229020
7988:             5            120  com.intellij.codeInsight.daemon.impl.HectorComponent$$Lambda$5386/1888710551
7989:             3            120  com.intellij.codeInsight.daemon.impl.HighlightingSessionImpl
7990:             1            120  com.intellij.codeInsight.daemon.impl.WolfPassFactory$1
7991:             3            120  com.intellij.codeInsight.daemon.impl.quickfix.DeleteSideEffectsAwareFix
7992:             5            120  com.intellij.codeInsight.editorActions.enter.EnterHandlerDelegate$Result
7993:             5            120  com.intellij.codeInsight.hint.TooltipGroup
7994:             5            120  com.intellij.codeInsight.intention.impl.config.QuickFixFactoryImpl$1
7995:             3            120  com.intellij.codeInsight.problems.WolfTheProblemSolverImpl
7996:             5            120  com.intellij.codeInsight.template.emmet.configuration.CssPrefix
7997:             5            120  com.intellij.codeInsight.template.impl.TemplateState$6
7998:             5            120  com.intellij.codeInspection.dataFlow.ContractValue$Condition
7999:             5            120  com.intellij.codeInspection.dataFlow.MethodContract$2
8000:             5            120  com.intellij.codeInspection.dataFlow.RunnerResult
8001:             5            120  com.intellij.codeInspection.dataFlow.instructions.MethodCallInstruction$MethodType
8002:             5            120  com.intellij.codeInspection.java18StreamApi.PseudoLambdaReplaceTemplate
8003:             3            120  com.intellij.codeInspection.suspiciousNameCombination.SuspiciousNameCombinationInspection
8004:             5            120  com.intellij.compiler.impl.MessagesContainer
8005:             5            120  com.intellij.compiler.impl.ProjectCompileScope
8006:             5            120  com.intellij.compiler.server.BuildManager$NotifyingMessageHandler
8007:             3            120  com.intellij.configurationStore.DefaultProjectStorage$createSaveSession$1
8008:             3            120  com.intellij.configurationStore.FileBasedStorageKt$doWrite$$inlined$runUndoTransparentWriteAction$1
8009:             5            120  com.intellij.debugger.memory.component.InstancesTracker$MyState
8010:             5            120  com.intellij.debugger.streams.trace.impl.handler.type.GenericTypeImpl
8011:             3            120  com.intellij.designer.propertyTable.QuickFixManager
8012:             5            120  com.intellij.diff.impl.DiffSettingsHolder$State
8013:             3            120  com.intellij.dmserver.editor.AvailableBundlesProvider$RepositoryIndex
8014:             5            120  com.intellij.execution.configurations.ParametersList
8015:             5            120  com.intellij.execution.ui.ConsoleViewContentType
8016:             5            120  com.intellij.find.EditorSearchSession$$Lambda$5416/565336864
8017:             5            120  com.intellij.find.SearchReplaceComponent$1
8018:             5            120  com.intellij.find.editorHeaderActions.AddOccurrenceAction
8019:             5            120  com.intellij.find.editorHeaderActions.FindAllAction
8020:             5            120  com.intellij.find.editorHeaderActions.RemoveOccurrenceAction
8021:             5            120  com.intellij.find.editorHeaderActions.RestorePreviousSettingsAction
8022:             5            120  com.intellij.find.editorHeaderActions.SelectAllAction
8023:             5            120  com.intellij.find.editorHeaderActions.StatusTextAction
8024:             5            120  com.intellij.find.editorHeaderActions.SwitchToFind
8025:             5            120  com.intellij.find.editorHeaderActions.SwitchToReplace
8026:             5            120  com.intellij.find.editorHeaderActions.ToggleMatchCase
8027:             5            120  com.intellij.find.editorHeaderActions.TogglePreserveCaseAction
8028:             5            120  com.intellij.find.editorHeaderActions.ToggleRegex
8029:             5            120  com.intellij.find.editorHeaderActions.ToggleSelectionOnlyAction
8030:             5            120  com.intellij.find.editorHeaderActions.ToggleWholeWordsOnlyAction
8031:             3            120  com.intellij.framework.detection.impl.FrameworkDetectionManager
8032:             5            120  com.intellij.freemarker.FtlStackTraceFilterProvider$1
8033:             5            120  com.intellij.guice.model.GuiceInjectorManager$$Lambda$3968/1182071617
8034:             3            120  com.intellij.ide.GeneratedSourceFileChangeTrackerImpl
8035:             3            120  com.intellij.ide.bookmarks.BookmarkManager
8036:             3            120  com.intellij.ide.browsers.BrowserFamily
8037:             3            120  com.intellij.ide.dnd.DnDAction
8038:             3            120  com.intellij.ide.favoritesTreeView.FavoritesManager
8039:             3            120  com.intellij.ide.impl.FlattenModulesToggleAction
8040:             3            120  com.intellij.ide.navigationToolbar.NavBarRootPaneExtension
8041:             3            120  com.intellij.ide.projectView.impl.ProjectViewImpl$5
8042:             3            120  com.intellij.ide.projectView.impl.ProjectViewImpl$7
8043:             3            120  com.intellij.ide.projectView.impl.ProjectViewImpl$HideEmptyMiddlePackagesAction
8044:             3            120  com.intellij.ide.ui.DaemonCodeAnalyzerOptionDescription
8045:             5            120  com.intellij.ide.ui.UINumericRange
8046:             3            120  com.intellij.ide.ui.laf.darcula.ui.DarculaEditorPaneUI
8047:             3            120  com.intellij.javaee.oss.descriptor.JavaeeWebDescriptor
8048:             5            120  com.intellij.javascript.debugger.breakpoints.JavaScriptExceptionBreakpointProperties
8049:             3            120  com.intellij.javascript.nodejs.util.JSLinterPackage
8050:             5            120  com.intellij.jpa.ql.JpqlLanguage$4
8051:             5            120  com.intellij.lang.ecmascript6.psi.impl.ES6ImportPsiUtil$ImportExportType
8052:             5            120  com.intellij.lang.impl.TokenSequence
8053:             5            120  com.intellij.lang.javascript.JSPsiGeneratorElementType
8054:             3            120  com.intellij.lang.javascript.buildTools.grunt.GruntfileManager
8055:             3            120  com.intellij.lang.javascript.buildTools.gulp.GulpfileManager
8056:             3            120  com.intellij.lang.javascript.buildTools.npm.PackageJsonFileManager
8057:             5            120  com.intellij.lang.javascript.ecmascript6.TypeScriptCallExpressionResolver
8058:             5            120  com.intellij.lang.javascript.index.JSPackageIndexInfo$Kind
8059:             3            120  com.intellij.lang.javascript.inspections.JSMismatchedCollectionQueryUpdateInspection
8060:             3            120  com.intellij.lang.javascript.inspections.JSSuspiciousNameCombinationInspection
8061:             5            120  com.intellij.lang.javascript.library.ui.JSUsedLibrariesHectorProvider$MyPanel
8062:             5            120  com.intellij.lang.javascript.psi.resolve.JSInheritanceUtil$$Lambda$2791/954692422
8063:             5            120  com.intellij.lang.javascript.psi.resolve.JSInheritanceUtil$$Lambda$2792/568737331
8064:             3            120  com.intellij.lang.javascript.psi.types.JSFunctionTypeImpl
8065:             5            120  com.intellij.lang.javascript.statistics.JSResolveStatisticsCollector$ResolveSource
8066:             5            120  com.intellij.lang.javascript.uml.FlashUmlDependenciesSettingsOption
8067:             5            120  com.intellij.lang.ognl.completion.OgnlKeywordCompletionContributor$1
8068:             5            120  com.intellij.lang.typescript.compiler.action.TypeScriptCompileAllAction
8069:             5            120  com.intellij.lang.typescript.settings.exclude.TypeScriptGeneratedFilesManager$State
8070:             3            120  com.intellij.lang.typescript.tsconfig.TypeScriptConfigServiceImpl
8071:             5            120  com.intellij.notification.impl.NotificationSettings
8072:             5            120  com.intellij.openapi.components.RoamingType
8073:             5            120  com.intellij.openapi.components.impl.ServiceManagerImpl
8074:             5            120  com.intellij.openapi.editor.EditorKind
8075:             5            120  com.intellij.openapi.editor.ScrollType
8076:             3            120  com.intellij.openapi.externalSystem.configurationStore.ExternalSystemStreamProviderFactory
8077:             3            120  com.intellij.openapi.fileEditor.impl.EditorWindow
8078:             5            120  com.intellij.openapi.keymap.impl.KeyState
8079:             3            120  com.intellij.openapi.module.impl.scopes.ModuleWithDependentsScope
8080:             3            120  com.intellij.openapi.roots.impl.CompilerModuleExtensionImpl
8081:             5            120  com.intellij.openapi.roots.impl.OrderRootsCache
8082:             3            120  com.intellij.openapi.vcs.changes.RemoteRevisionsStateCache
8083:             3            120  com.intellij.openapi.vcs.changes.shelf.ShelveChangesManager
8084:             5            120  com.intellij.openapi.vcs.impl.LineStatusTrackerManager$ContentInfo
8085:             5            120  com.intellij.openapi.vcs.impl.VcsBackgroundableActions
8086:             3            120  com.intellij.openapi.vfs.impl.local.LocalFileSystemBase$1
8087:             3            120  com.intellij.openapi.vfs.newvfs.persistent.FSRecords$ContentOutputStream
8088:             5            120  com.intellij.openapi.wm.impl.IdeMenuBar$State
8089:             3            120  com.intellij.openapi.wm.impl.status.PresentationModeProgressPanel
8090:             5            120  com.intellij.openapi.wm.impl.status.StatusPanel$5
8091:             3            120  com.intellij.openapi.wm.impl.status.TogglePopupHintsPanel
8092:             3            120  com.intellij.packaging.impl.artifacts.ArtifactManagerImpl
8093:             5            120  com.intellij.patterns.uast.UCallExpressionPattern$withMethodName$1
8094:             5            120  com.intellij.patterns.uast.UCallExpressionPattern$withReceiver$1
8095:             5            120  com.intellij.psi.PsiElementResolveResult
8096:             5            120  com.intellij.psi.PsiEllipsisType
8097:             5            120  com.intellij.psi.PsiReferenceList$Role
8098:             3            120  com.intellij.psi.codeStyle.ProjectCodeStyleSettingsManager
8099:             5            120  com.intellij.psi.codeStyle.VariableKind
8100:             5            120  com.intellij.psi.codeStyle.autodetect.LineIndentInfo
8101:             5            120  com.intellij.psi.css.impl.descriptor.value.CssFrequencyValue
8102:             5            120  com.intellij.psi.css.impl.descriptor.value.CssResolutionValue
8103:             5            120  com.intellij.psi.css.impl.util.CssStylesheetLazyElementType
8104:             3            120  com.intellij.psi.css.inspections.CssUnknownPropertyInspection
8105:             3            120  com.intellij.psi.impl.file.impl.PsiVFSListener
8106:             3            120  com.intellij.psi.impl.include.FileIncludeManagerImpl
8107:             3            120  com.intellij.psi.impl.include.FileIncludeManagerImpl$1
8108:             3            120  com.intellij.psi.impl.include.FileIncludeManagerImpl$2
8109:             5            120  com.intellij.psi.impl.source.resolve.reference.impl.providers.TypeOrElementOrAttributeReference$ReferenceType
8110:             5            120  com.intellij.psi.search.NonClasspathDirectoriesScope
8111:             3            120  com.intellij.psi.search.ProjectScopeBuilderImpl$1
8112:             5            120  com.intellij.psi.tree.IStubFileElementType
8113:             5            120  com.intellij.refactoring.typeMigration.rules.guava.BaseGuavaTypeConversionRule$1
8114:             3            120  com.intellij.refactoring.typeMigration.rules.guava.GuavaLambda
8115:             5            120  com.intellij.remoteServer.impl.configuration.deployment.DeployToServerConfigurationType$MultiSourcesConfigurationFactory
8116:             3            120  com.intellij.spellchecker.settings.SpellCheckerSettings
8117:             5            120  com.intellij.spring.boot.model.autoconfigure.jam.EnableAutoConfiguration
8118:             3            120  com.intellij.spring.contexts.model.graph.LazyModelDependenciesGraph
8119:             5            120  com.intellij.spring.factories.SpringFactoryBeanEP
8120:             3            120  com.intellij.spring.model.jam.SpringSemContributorUtil$$Lambda$1578/2006638495
8121:             5            120  com.intellij.sql.psi.stubs.SqlTableElementType
8122:             5            120  com.intellij.sql.psi.stubs.SqlTypedDefinitionElementType
8123:             3            120  com.intellij.tasks.timeTracking.TimeTrackingManager
8124:             5            120  com.intellij.thymeleaf.lang.ThymeleafLanguage$5
8125:             5            120  com.intellij.ui.CollectionListModel
8126:             5            120  com.intellij.ui.CommonActionsPanel$Buttons
8127:             5            120  com.intellij.ui.tree.AbstractTreeWalker$State
8128:             5            120  com.intellij.ui.treeStructure.SimpleTreeBuilder
8129:             3            120  com.intellij.uiDesigner.componentTree.QuickFixManagerImpl
8130:             3            120  com.intellij.uiDesigner.propertyInspector.QuickFixManagerImpl
8131:             3            120  com.intellij.util.io.storage.AbstractStorage$StorageDataOutput
8132:             3            120  com.intellij.util.xml.impl.FileDescriptionCachedValueProvider
8133:             3            120  com.intellij.util.xml.impl.InvocationCache
8134:             5            120  com.intellij.util.xml.model.DomModelCache$$Lambda$4248/382155600
8135:             5            120  com.intellij.util.xmlb.CompactCollectionBinding
8136:             3            120  com.intellij.vcs.ProgressManagerQueue
8137:             3            120  com.intellij.vcs.ProgressManagerQueue$1
8138:             5            120  com.intellij.vcs.commit.BodyLimitInspection
8139:             5            120  com.intellij.vcs.commit.SubjectLimitInspection
8140:             5            120  com.intellij.vcs.log.graph.api.EdgeFilter
8141:             5            120  com.intellij.vcs.log.graph.api.elements.GraphEdgeType
8142:             3            120  com.intellij.xdebugger.impl.XDebuggerManagerImpl
8143:             5            120  com.jetbrains.plugins.webDeployment.config.WebServersConfigManagerBaseImpl$AppState
8144:             5            120  com.jetbrains.quirksmode.HtmlFilePattern$1
8145:             3            120  com.siyeh.ig.bugs.MalformedFormatStringInspection
8146:             3            120  com.siyeh.ig.bugs.MismatchedCollectionQueryUpdateInspection
8147:             3            120  com.siyeh.ig.naming.PackageNamingConventionInspection
8148:             5            120  com.sun.jna.NativeMappedConverter
8149:             5            120  de.plushnikov.intellij.plugin.inspection.LombokInspection
8150:             5            120  de.plushnikov.intellij.plugin.processor.LombokPsiElementUsage
8151:             5            120  de.plushnikov.intellij.plugin.processor.clazz.EqualsAndHashCodeProcessor
8152:             5            120  de.plushnikov.intellij.plugin.processor.clazz.GetterProcessor
8153:             3            120  de.plushnikov.intellij.plugin.processor.clazz.ValueProcessor
8154:             5            120  de.plushnikov.intellij.plugin.processor.clazz.constructor.AllArgsConstructorProcessor
8155:             5            120  de.plushnikov.intellij.plugin.processor.field.SetterFieldProcessor
8156:             5            120  de.plushnikov.intellij.plugin.processor.field.WitherFieldProcessor
8157:             3            120  git4idea.checkin.GitCheckinEnvironment
8158:             3            120  git4idea.config.GitVcsConfigurable
8159:             3            120  git4idea.config.GitVersion
8160:             5            120  git4idea.config.GitVersion$Type
8161:             3            120  git4idea.log.GitLogProvider
8162:             5            120  git4idea.log.GitRefManager$SimpleRefType
8163:             3            120  io.netty.bootstrap.ServerBootstrap$ServerBootstrapAcceptor
8164:             3            120  io.netty.channel.DefaultChannelPromise
8165:             3            120  io.netty.channel.nio.AbstractNioMessageChannel$NioMessageUnsafe
8166:             5            120  java.awt.AWTKeyStroke
8167:             3            120  java.io.BufferedWriter
8168:             5            120  java.lang.Class$MethodArray
8169:             3            120  java.lang.invoke.BoundMethodHandle$Species_LL
8170:             3            120  java.lang.reflect.InvocationTargetException
8171:             5            120  java.rmi.dgc.VMID
8172:             5            120  java.time.format.SignStyle
8173:             5            120  java.util.stream.StreamOpFlag$Type
8174:             5            120  javassist.bytecode.stackmap.TypeData$BasicType
8175:             5            120  javax.imageio.spi.PartiallyOrderedSet
8176:             5            120  javax.swing.UIManager$LookAndFeelInfo
8177:             5            120  javax.swing.plaf.basic.BasicSliderUI$ScrollListener
8178:             5            120  kotlin.reflect.jvm.internal.KMutableProperty2Impl$setter_$1
8179:             5            120  kotlin.reflect.jvm.internal.KProperty2Impl$delegateField$1
8180:             5            120  kotlin.reflect.jvm.internal.KProperty2Impl$getter_$1
8181:             3            120  kotlin.reflect.jvm.internal.impl.serialization.deserialization.TypeDeserializer
8182:             3            120  kotlin.reflect.jvm.internal.impl.storage.LockBasedStorageManager$3
8183:             5            120  kotlin.reflect.jvm.internal.impl.types.ErrorUtils$2
8184:             5            120  org.apache.http.auth.AuthProtocolState
8185:             3            120  org.apache.xerces.impl.XMLEntityManager$CharacterBufferPool
8186:             3            120  org.apache.xerces.impl.XMLErrorReporter
8187:             3            120  org.apache.xerces.impl.dtd.XMLDTDDescription
8188:             3            120  org.apache.xerces.impl.validation.ValidationState
8189:             5            120  org.apache.xerces.impl.xpath.regex.Op$UnionOp
8190:             5            120  org.apache.xerces.impl.xpath.regex.RegularExpression$ClosureContext
8191:             3            120  org.apache.xerces.impl.xs.AttributePSVImpl
8192:             5            120  org.apache.xerces.impl.xs.traversers.LargeContainer
8193:             5            120  org.imgscalr.Scalr$Method
8194:             5            120  org.intellij.lang.regexp.psi.RegExpChar$Type
8195:             3            120  org.intellij.lang.xpath.validation.inspections.ImplicitTypeConversion
8196:             3            120  org.intellij.lang.xpath.xslt.associations.impl.FileAssociationsManagerImpl
8197:             3            120  org.intellij.plugins.intelliLang.Configuration$Prj
8198:             3            120  org.intellij.plugins.intelliLang.inject.TemporaryPlacesRegistry
8199:             3            120  org.intellij.plugins.xpathView.Config
8200:             3            120  org.intellij.plugins.xpathView.search.SearchScope
8201:             5            120  org.jetbrains.idea.maven.model.MavenArtifactState
8202:             5            120  org.jetbrains.idea.maven.model.MavenProjectProblem$ProblemType
8203:             3            120  org.jetbrains.idea.maven.model.MavenRemoteRepository
8204:             5            120  org.jetbrains.idea.maven.project.MavenProjectsManagerState
8205:             3            120  org.jetbrains.idea.maven.server.MavenIndexerWrapper$IndexData
8206:             3            120  org.jetbrains.idea.maven.tasks.MavenTasksManager
8207:             3            120  org.jetbrains.idea.perforce.application.PerforceNumberNameSynchronizer
8208:             5            120  org.jetbrains.idea.svn.SvnConfigurationState$ConfigurationDirectory
8209:             5            120  org.jetbrains.kotlin.config.ApiVersion
8210:             5            120  org.jetbrains.kotlin.config.MavenComparableVersion
8211:             5            120  org.jetbrains.kotlin.config.MavenComparableVersion$ListItem
8212:             5            120  org.jetbrains.kotlin.idea.caches.resolve.ModuleProductionSourceInfo
8213:             3            120  org.jetbrains.kotlin.idea.core.script.KotlinScriptDependenciesClassFinder
8214:             3            120  org.jetbrains.kotlin.idea.core.script.ScriptDependenciesCache
8215:             3            120  org.jetbrains.kotlin.idea.core.script.ScriptDependenciesUpdater
8216:             5            120  org.jetbrains.kotlin.idea.filters.KotlinExceptionFilter
8217:             3            120  org.jetbrains.kotlin.idea.injection.KotlinLanguageInjector
8218:             3            120  org.jetbrains.kotlin.idea.inspections.ClassNameInspection
8219:             3            120  org.jetbrains.kotlin.idea.inspections.EnumEntryNameInspection
8220:             3            120  org.jetbrains.kotlin.idea.inspections.FunctionNameInspection
8221:             3            120  org.jetbrains.kotlin.idea.inspections.HasPlatformTypeInspection
8222:             5            120  org.jetbrains.kotlin.idea.inspections.KotlinJUnitStaticEntryPoint
8223:             3            120  org.jetbrains.kotlin.idea.inspections.PackageNameInspection
8224:             5            120  org.jetbrains.kotlin.idea.inspections.PropertyNameInspectionBase$PropertyKind
8225:             3            120  org.jetbrains.kotlin.idea.inspections.TestFunctionNameInspection
8226:             3            120  org.jetbrains.kotlin.idea.inspections.UnnecessaryVariableInspection
8227:             3            120  org.jetbrains.kotlin.idea.inspections.branchedTransformations.IfThenToSafeAccessInspection
8228:             3            120  org.jetbrains.kotlin.idea.intentions.RemoveSingleExpressionStringTemplateInspection
8229:             3            120  org.jetbrains.kotlin.idea.intentions.UsePropertyAccessSyntaxInspection
8230:             3            120  org.jetbrains.kotlin.idea.project.KotlinCodeBlockModificationListener
8231:             5            120  org.jetbrains.kotlin.idea.run.KotlinConsoleFilter
8232:             5            120  org.jetbrains.kotlin.js.PredefinedAnnotation
8233:             5            120  org.jetbrains.kotlin.types.AbstractTypeConstructor$Supertypes
8234:             5            120  org.jetbrains.kotlin.types.TypeProjectionImpl
8235:             3            120  org.jetbrains.plugins.gradle.config.GradleClassFinder
8236:             5            120  org.jetbrains.plugins.gradle.execution.GradleConsoleFilter
8237:             5            120  org.jetbrains.plugins.gradle.execution.GradleConsoleFilterProvider$1$$Lambda$2990/168763796
8238:             5            120  org.jetbrains.uast.UastVisibility
8239:             5            120  org.zeroturnaround.bundled.org.bouncycastle.jcajce.provider.asymmetric.ec.KeyFactorySpi$ECMQV
8240:             5            120  org.zeroturnaround.jrebel.client.spi.Product
8241:             5            120  sun.awt.OSInfo$OSType
8242:             5            120  sun.misc.FloatingDecimal$PreparedASCIIToBinaryBuffer
8243:             5            120  sun.nio.fs.WindowsPathType
8244:             5            120  sun.security.jca.ServiceId
8245:             3            120  sun.security.ssl.SSLContextImpl$TLSContext
8246:             5            120  sun.swing.SwingUtilities2$LSBCacheEntry
8247:             2            112  [Lcom.android.tools.idea.common.model.NlLayoutType;
8248:             1            112  [Lcom.intellij.compiler.server.CompileServerPlugin;
8249:             4            112  [Lcom.intellij.execution.ui.ConsoleViewContentType;
8250:             1            112  [Lcom.intellij.lang.javascript.completion.JSLookupPriority;
8251:             2            112  [Lcom.intellij.lang.javascript.psi.resolve.JSTaggedResolveResult$ResolveResultTag;
8252:             2            112  [Lcom.intellij.openapi.wm.impl.IdeBackgroundUtil$Anchor;
8253:             2            112  [Lcom.intellij.packaging.elements.PackagingElementType;
8254:             5            112  [Lcom.intellij.psi.PsiTypeParameter;
8255:             4            112  [Lcom.intellij.psi.css.CssTermType;
8256:             1            112  [Lcom.intellij.psi.stubs.StubElementTypeHolderEP;
8257:             2            112  [Ljava.lang.invoke.MethodType;
8258:             6            112  [Ljava.nio.file.AccessMode;
8259:             7            112  [Ljava.nio.file.OpenOption;
8260:             2            112  [Ljava.nio.file.StandardOpenOption;
8261:             4            112  [Ljava.rmi.server.Operation;
8262:             2            112  [Ljava.security.CryptoPrimitive;
8263:             1            112  [Ljava.time.LocalTime;
8264:             7            112  [Ljava.util.prefs.NodeChangeListener;
8265:             7            112  [Ljava.util.prefs.PreferenceChangeListener;
8266:             5            112  [Ljavax.swing.RowSorter$SortKey;
8267:             1            112  [Ljavax.swing.text.html.CSS$Value;
8268:             2            112  ch.qos.logback.classic.encoder.PatternLayoutEncoder
8269:             7            112  com.google.protobuf.GeneratedMessageLite$DefaultInstanceBasedParser
8270:             2            112  com.intellij.application.options.editor.EditorOptionsPanel$2
8271:             7            112  com.intellij.codeInsight.CharTailType
8272:             7            112  com.intellij.codeInsight.daemon.impl.ParameterHintsPresentationManager$AnimationStep$$Lambda$4751/548986691
8273:             2            112  com.intellij.codeInsight.template.postfix.templates.ArgumentPostfixTemplate
8274:             2            112  com.intellij.codeInsight.template.postfix.templates.AssertStatementPostfixTemplate
8275:             2            112  com.intellij.codeInsight.template.postfix.templates.ForAscendingPostfixTemplate
8276:             2            112  com.intellij.codeInsight.template.postfix.templates.ForDescendingPostfixTemplate
8277:             2            112  com.intellij.codeInsight.template.postfix.templates.FormatPostfixTemplate
8278:             2            112  com.intellij.codeInsight.template.postfix.templates.LambdaPostfixTemplate
8279:             2            112  com.intellij.codeInsight.template.postfix.templates.ObjectsRequireNonNullPostfixTemplate
8280:             2            112  com.intellij.codeInsight.template.postfix.templates.OptionalPostfixTemplate
8281:             2            112  com.intellij.codeInsight.template.postfix.templates.ReturnStatementPostfixTemplate
8282:             2            112  com.intellij.codeInsight.template.postfix.templates.SoutPostfixTemplate
8283:             2            112  com.intellij.codeInsight.template.postfix.templates.SynchronizedStatementPostfixTemplate
8284:             2            112  com.intellij.codeInsight.template.postfix.templates.ThrowExceptionPostfixTemplate
8285:             2            112  com.intellij.codeInsight.template.postfix.templates.WhileStatementPostfixTemplate
8286:             7            112  com.intellij.concurrency.IdeaForkJoinWorkerThreadFactory$$Lambda$993/785891011
8287:             7            112  com.intellij.execution.runners.ProcessProxyImpl$$Lambda$2988/217726509
8288:             2            112  com.intellij.find.impl.FindSettingsImpl
8289:             7            112  com.intellij.ide.projectView.impl.AbstractProjectViewPane$1
8290:             7            112  com.intellij.lang.aspectj.augment.AjPsiAugmentProvider$$Lambda$2357/1898510364
8291:             7            112  com.intellij.lang.javascript.psi.impl.JSLiteralExpressionImpl$$Lambda$2175/1583225176
8292:             7            112  com.intellij.lang.javascript.psi.impl.JSPropertyNameReference
8293:             2            112  com.intellij.lang.javascript.psi.stubs.impl.JSImplicitElementImpl$Builder
8294:             2            112  com.intellij.lang.javascript.psi.stubs.impl.TypeScriptFieldStubImpl
8295:             7            112  com.intellij.lang.javascript.psi.types.TypeScriptTypeParser$1$$Lambda$2726/403053561
8296:             7            112  com.intellij.lang.javascript.service.JSLanguageServiceBase$$Lambda$1848/1271499487
8297:             7            112  com.intellij.openapi.components.impl.ComponentManagerImpl$$Lambda$376/1286565955
8298:             7            112  com.intellij.openapi.editor.colors.impl.AbstractColorsScheme$$Lambda$475/807029992
8299:             7            112  com.intellij.openapi.editor.impl.EditorImpl$MyEditable
8300:             7            112  com.intellij.openapi.extensions.impl.UndefinedPluginDescriptor
8301:             7            112  com.intellij.openapi.externalSystem.ModuleOptionDelegate
8302:             2            112  com.intellij.openapi.keymap.impl.KeymapImpl
8303:             7            112  com.intellij.openapi.progress.util.AbstractProgressIndicatorExBase$$Lambda$185/657427992
8304:             2            112  com.intellij.openapi.projectRoots.impl.ProjectJdkImpl
8305:             2            112  com.intellij.openapi.util.JDOMUtil$2
8306:             7            112  com.intellij.openapi.vcs.ex.DocumentTracker$MyApplicationListener
8307:             7            112  com.intellij.openapi.vcs.ex.DocumentTracker$MyDocumentBulkUpdateListener
8308:             7            112  com.intellij.openapi.wm.impl.status.InfoAndProgressPanel$MyInlineProgressIndicator$$Lambda$864/859428490
8309:             7            112  com.intellij.openapi.wm.impl.status.InlineProgressIndicator$1
8310:             2            112  com.intellij.psi.impl.source.tree.java.PsiExpressionListStatementImpl
8311:             2            112  com.intellij.psi.impl.source.tree.java.PsiSynchronizedStatementImpl
8312:             2            112  com.intellij.psi.impl.source.tree.java.TypeParameterElement
8313:             7            112  com.intellij.psi.tree.DefaultRoleFinder
8314:             7            112  com.intellij.spellchecker.compress.Encoder
8315:             7            112  com.intellij.spellchecker.tokenizer.CommentTokenizer
8316:             7            112  com.intellij.spellchecker.tokenizer.SpellcheckingStrategy$XmlAttributeValueTokenizer
8317:             7            112  com.intellij.spring.model.SpringModelSearchParameters$BeanName
8318:             7            112  com.intellij.ui.BalloonImpl$$Lambda$875/1722144924
8319:             7            112  com.intellij.ui.BalloonImpl$1
8320:             7            112  com.intellij.ui.BalloonImpl$2
8321:             2            112  com.intellij.ui.CommonActionsPanel$MyActionButton
8322:             7            112  com.intellij.ui.MouseDragHelper$3
8323:             2            112  com.intellij.util.containers.ConcurrentLongObjectHashMap
8324:             7            112  com.intellij.velocity.psi.VtlExpressionTypeCalculator$BooleanExpressionTypeCalculator
8325:             7            112  com.jetbrains.plugins.webDeployment.config.WebServersConfigManagerBaseImpl$State
8326:             7            112  com.sun.jna.ptr.IntByReference
8327:             7            112  com.sun.proxy.$Proxy57
8328:             2            112  freemarker.ext.beans.ClassIntrospector
8329:             2            112  io.netty.buffer.PooledSlicedByteBuf
8330:             7            112  io.netty.channel.DefaultMaxMessagesRecvByteBufAllocator$MaxMessageHandle$1
8331:             2            112  java.io.ObjectOutputStream
8332:             7            112  java.util.Hashtable$EntrySet
8333:             7            112  javax.swing.text.StyleConstants$CharacterConstants
8334:             2            112  org.apache.http.client.config.RequestConfig
8335:             1            112  org.jetbrains.idea.maven.navigator.MavenProjectsStructure$DependenciesNode
8336:             1            112  org.jetbrains.idea.maven.navigator.MavenProjectsStructure$RootNode
8337:             2            112  org.jetbrains.jps.api.CmdlineRemoteProto$Message$BuilderMessage$BuildEvent
8338:             2            112  org.jetbrains.jps.api.CmdlineRemoteProto$Message$ControllerMessage$ParametersMessage
8339:             2            112  org.jetbrains.kotlin.descriptors.impl.ModuleDescriptorImpl
8340:             7            112  org.jetbrains.uast.UastPrefixOperator
8341:             2            112  sun.awt.windows.WDefaultFontCharset$Encoder
8342:             7            112  sun.java2d.loops.RenderCache
8343:             2            112  sun.nio.ch.SinkChannelImpl
8344:             2            112  sun.nio.ch.SourceChannelImpl
8345:             2            112  sun.nio.cs.ext.DoubleByte$Decoder_DBCSONLY
8346:             7            112  sun.rmi.server.UnicastRef
8347:             7            112  sun.rmi.transport.tcp.TCPTransport$ConnectionHandler$$Lambda$2207/256653099
8348:             1            104  [Lcom.intellij.psi.impl.source.codeStyle.lineIndent.JavaLikeLangLineIndentProvider$JavaLikeElement;
8349:             1            104  [Lcom.intellij.util.xml.reflect.DomExtenderEP;
8350:             1            104  [Lcom.sun.tools.javac.code.Lint$LintCategory;
8351:             1            104  [Lgit4idea.config.GitVersionSpecialty;
8352:             1            104  [Lkotlin.reflect.jvm.internal.impl.incremental.components.NoLookupLocation;
8353:             1            104  [Lorg.apache.commons.imaging.ImageFormats;
8354:             1            104  [Lorg.jetbrains.idea.maven.plugins.api.MavenPluginDescriptor;
8355:             1            104  [Lorg.jetbrains.kotlin.incremental.components.NoLookupLocation;
8356:             1            104  com.android.tools.idea.model.MergedManifest
8357:             1            104  com.intellij.cloudConfig.CloudConfigManager
8358:             1            104  com.intellij.ide.scratch.ScratchProjectViewPane$MyRootNode$1$1
8359:             1            104  com.intellij.openapi.actionSystem.impl.ActionManagerImpl
8360:             1            104  java.awt.image.ComponentColorModel
8361:             1            104  kotlin.reflect.jvm.internal.impl.serialization.deserialization.descriptors.DeserializedClassDescriptor
8362:             1            104  org.jetbrains.idea.maven.navigator.MavenProjectsStructure$LifecycleNode
8363:             1            104  org.jetbrains.idea.maven.navigator.MavenProjectsStructure$ModulesNode
8364:             1            104  org.jetbrains.idea.maven.navigator.MavenProjectsStructure$PluginsNode
8365:             1            104  org.jetbrains.idea.maven.navigator.MavenProjectsStructure$ProfilesNode
8366:             1            104  org.jetbrains.idea.maven.navigator.MavenProjectsStructure$RunConfigurationsNode
8367:             1            104  sun.awt.windows.WFontConfiguration
8368:             1            104  sun.security.ssl.SSLSessionImpl
8369:             2             96  [Lcom.android.tools.idea.res.ResourceNotificationManager$Reason;
8370:             2             96  [Lcom.google.common.cache.LocalCache$EntryFactory;
8371:             1             96  [Lcom.intellij.codeInsight.daemon.impl.analysis.HighlightUtil$Feature;
8372:             1             96  [Lcom.intellij.codeInspection.ex.InspectionElementsMerger;
8373:             2             96  [Lcom.intellij.compiler.impl.BuildTargetScopeProvider;
8374:             2             96  [Lcom.intellij.ide.FileIconProvider;
8375:             3             96  [Lcom.intellij.lang.javascript.psi.JSFile$ModuleStatus;
8376:             3             96  [Lcom.intellij.lang.javascript.psi.JSFunction$FunctionKind;
8377:             1             96  [Lcom.intellij.lang.javascript.psi.JSStubElementType;
8378:             3             96  [Lcom.intellij.lang.javascript.psi.jsdoc.JSDocComment$BrowserFamily;
8379:             1             96  [Lcom.intellij.lang.javascript.psi.resolve.JSNamedElementKind;
8380:             4             96  [Lcom.intellij.lang.javascript.service.JSLanguageServiceProvider;
8381:             2             96  [Lcom.intellij.openapi.editor.colors.EditorFontType;
8382:             1             96  [Lcom.intellij.openapi.editor.colors.impl.AdditionalTextAttributesEP;
8383:             3             96  [Lcom.intellij.openapi.externalSystem.service.project.manage.ExternalSystemTaskActivator$Phase;
8384:             3             96  [Lcom.intellij.openapi.roots.WatchedRootsProvider;
8385:             3             96  [Lcom.intellij.openapi.vcs.changes.IgnoredFileProvider;
8386:             6             96  [Lcom.intellij.openapi.vfs.VirtualFileVisitor$Option;
8387:             1             96  [Lcom.intellij.openapi.wm.ToolWindowEP;
8388:             4             96  [Lcom.intellij.psi.JavaModuleSystem;
8389:             4             96  [Lcom.intellij.psi.codeStyle.CodeStyleSettingsCustomizable$CommenterOption;
8390:             4             96  [Lcom.intellij.psi.search.TodoPattern;
8391:             2             96  [Lcom.jediterm.terminal.TextStyle$Option;
8392:             4             96  [Lcom.sixrr.inspectjs.InspectionJSFix;
8393:             2             96  [Lcom.sun.beans.util.Cache$CacheEntry;
8394:             1             96  [Lcom.sun.java.swing.plaf.windows.TMSchema$Prop;
8395:             4             96  [Lcom.sun.jna.platform.win32.WinNT$HANDLE;
8396:             3             96  [Lfreemarker.core.TemplateElement;
8397:             2             96  [Lio.netty.buffer.PoolArena;
8398:             2             96  [Ljava.awt.Image;
8399:             6             96  [Ljava.awt.event.MouseWheelListener;
8400:             4             96  [Ljava.lang.CharSequence;
8401:             4             96  [Ljavax.swing.JComponent;
8402:             2             96  [Lkotlin.reflect.jvm.internal.impl.builtins.PrimitiveType;
8403:             2             96  [Lkotlin.reflect.jvm.internal.impl.serialization.ProtoBuf$Class$Kind;
8404:             1             96  [Lorg.apache.xerces.impl.xpath.regex.RegularExpression;
8405:             2             96  [Lorg.jetbrains.kotlin.builtins.PrimitiveType;
8406:             3             96  [Lorg.jetbrains.kotlin.extensions.StorageComponentContainerContributor;
8407:             3             96  [Lorg.jetbrains.kotlin.idea.core.script.ScriptDefinitionContributor;
8408:             1             96  [Lorg.jetbrains.kotlin.idea.inspections.collections.SimplifiableCallChainInspection$Companion$Conversion;
8409:             1             96  [Lorg.jetbrains.kotlin.resolve.calls.checkers.CallChecker;
8410:             2             96  [Lorg.jetbrains.kotlin.serialization.ProtoBuf$Class$Kind;
8411:             4             96  [Lorg.jetbrains.plugins.sass.extensions.SassRubyIntegrationHelper;
8412:             1             96  [Lorg.zeroturnaround.javarebel.reporting.MessageType;
8413:             2             96  [Lorg.zmlx.hg4idea.HgFileStatusEnum;
8414:             1             96  [Lsun.font.CompositeFont;
8415:             1             96  [Lsun.font.FileFont;
8416:             2             96  [Lsun.nio.ch.SelectionKeyImpl;
8417:             2             96  ch.qos.logback.classic.pattern.DateConverter
8418:             2             96  ch.qos.logback.classic.pattern.ThrowableProxyConverter
8419:             3             96  ch.qos.logback.classic.spi.LoggerContextVO
8420:             3             96  ch.qos.logback.core.helpers.CyclicBuffer
8421:             4             96  ch.qos.logback.core.pattern.FormatInfo
8422:             4             96  ch.qos.logback.core.pattern.parser.Token
8423:             2             96  ch.qos.logback.core.recovery.ResilientFileOutputStream
8424:             4             96  cn.yiiguxing.plugin.translate.util.PasswordSafeDelegate
8425:             3             96  com.alibaba.p3c.idea.component.AliProjectComponent
8426:             4             96  com.android.repository.Revision$Precision
8427:             4             96  com.android.repository.Revision$PreviewComparison
8428:             6             96  com.android.repository.impl.generated.v1.ArchiveType$JaxbAccessorF_hostBits
8429:             6             96  com.android.repository.impl.generated.v1.ArchiveType$JaxbAccessorF_jvmBits
8430:             6             96  com.android.repository.impl.generated.v1.RevisionType$JaxbAccessorF_micro
8431:             6             96  com.android.repository.impl.generated.v1.RevisionType$JaxbAccessorF_minor
8432:             6             96  com.android.repository.impl.generated.v1.RevisionType$JaxbAccessorF_preview
8433:             1             96  com.android.repository.impl.manager.RepoManagerImpl
8434:             6             96  com.android.repository.impl.meta.Archive$ArchiveFile$JaxbAccessorM_getChecksum_setChecksum_java_lang_String
8435:             6             96  com.android.repository.impl.meta.Archive$ArchiveFile$JaxbAccessorM_getUrl_setUrl_java_lang_String
8436:             6             96  com.android.sdklib.repository.generated.common.v1.ApiDetailsType$JaxbAccessorF_codename
8437:             3             96  com.android.sdklib.repository.sources.generated.v3.AddonSiteType
8438:             4             96  com.android.tools.idea.databinding.DataBindingProjectComponent$$Lambda$646/1371397237
8439:             4             96  com.android.tools.idea.databinding.DataBindingProjectComponent$$Lambda$647/1660927615
8440:             3             96  com.android.tools.idea.editors.theme.AndroidThemePreviewToolWindowManager$1
8441:             3             96  com.android.tools.idea.gradle.project.sync.GradleSyncSummary
8442:             3             96  com.android.tools.idea.gradle.run.MakeBeforeRunTaskProvider
8443:             3             96  com.android.tools.idea.lint.AndroidLintAaptCrashInspection
8444:             3             96  com.android.tools.idea.lint.AndroidLintAccidentalOctalInspection
8445:             3             96  com.android.tools.idea.lint.AndroidLintAdapterViewChildrenInspection
8446:             3             96  com.android.tools.idea.lint.AndroidLintAddJavascriptInterfaceInspection
8447:             3             96  com.android.tools.idea.lint.AndroidLintAllCapsInspection
8448:             3             96  com.android.tools.idea.lint.AndroidLintAllowAllHostnameVerifierInspection
8449:             3             96  com.android.tools.idea.lint.AndroidLintAllowBackupInspection
8450:             3             96  com.android.tools.idea.lint.AndroidLintAlwaysShowActionInspection
8451:             3             96  com.android.tools.idea.lint.AndroidLintAnimatorKeepInspection
8452:             3             96  com.android.tools.idea.lint.AndroidLintAppCompatCustomViewInspection
8453:             3             96  com.android.tools.idea.lint.AndroidLintAppCompatMethodInspection
8454:             3             96  com.android.tools.idea.lint.AndroidLintAppCompatResourceInspection
8455:             3             96  com.android.tools.idea.lint.AndroidLintAppLinkUrlErrorInspection
8456:             3             96  com.android.tools.idea.lint.AndroidLintAppLinksAutoVerifyErrorInspection
8457:             3             96  com.android.tools.idea.lint.AndroidLintAppLinksAutoVerifyWarningInspection
8458:             3             96  com.android.tools.idea.lint.AndroidLintApplySharedPrefInspection
8459:             3             96  com.android.tools.idea.lint.AndroidLintAssertInspection
8460:             3             96  com.android.tools.idea.lint.AndroidLintAuthLeakInspection
8461:             3             96  com.android.tools.idea.lint.AndroidLintBackButtonInspection
8462:             3             96  com.android.tools.idea.lint.AndroidLintBadHostnameVerifierInspection
8463:             3             96  com.android.tools.idea.lint.AndroidLintBatteryLifeInspection
8464:             3             96  com.android.tools.idea.lint.AndroidLintButtonCaseInspection
8465:             3             96  com.android.tools.idea.lint.AndroidLintButtonOrderInspection
8466:             3             96  com.android.tools.idea.lint.AndroidLintButtonStyleInspection
8467:             3             96  com.android.tools.idea.lint.AndroidLintByteOrderMarkInspection
8468:             3             96  com.android.tools.idea.lint.AndroidLintCheckResultInspection
8469:             3             96  com.android.tools.idea.lint.AndroidLintClickableViewAccessibilityInspection
8470:             3             96  com.android.tools.idea.lint.AndroidLintCommitPrefEditsInspection
8471:             3             96  com.android.tools.idea.lint.AndroidLintCommitTransactionInspection
8472:             3             96  com.android.tools.idea.lint.AndroidLintContentDescriptionInspection
8473:             3             96  com.android.tools.idea.lint.AndroidLintConvertToWebpInspection
8474:             3             96  com.android.tools.idea.lint.AndroidLintCustomViewStyleableInspection
8475:             3             96  com.android.tools.idea.lint.AndroidLintCutPasteIdInspection
8476:             3             96  com.android.tools.idea.lint.AndroidLintDefaultLocaleInspection
8477:             3             96  com.android.tools.idea.lint.AndroidLintDeprecatedInspection
8478:             3             96  com.android.tools.idea.lint.AndroidLintDevModeObsoleteInspection
8479:             3             96  com.android.tools.idea.lint.AndroidLintDeviceAdminInspection
8480:             3             96  com.android.tools.idea.lint.AndroidLintDisableBaselineAlignmentInspection
8481:             3             96  com.android.tools.idea.lint.AndroidLintDrawAllocationInspection
8482:             3             96  com.android.tools.idea.lint.AndroidLintDuplicateActivityInspection
8483:             3             96  com.android.tools.idea.lint.AndroidLintDuplicateDefinitionInspection
8484:             3             96  com.android.tools.idea.lint.AndroidLintDuplicateDividerInspection
8485:             3             96  com.android.tools.idea.lint.AndroidLintDuplicateIdsInspection
8486:             3             96  com.android.tools.idea.lint.AndroidLintDuplicateIncludedIdsInspection
8487:             3             96  com.android.tools.idea.lint.AndroidLintDuplicatePlatformClassesInspection
8488:             3             96  com.android.tools.idea.lint.AndroidLintDuplicateUsesFeatureInspection
8489:             3             96  com.android.tools.idea.lint.AndroidLintEasterEggInspection
8490:             3             96  com.android.tools.idea.lint.AndroidLintEllipsizeMaxLinesInspection
8491:             3             96  com.android.tools.idea.lint.AndroidLintEnforceUTF8Inspection
8492:             3             96  com.android.tools.idea.lint.AndroidLintExifInterfaceInspection
8493:             3             96  com.android.tools.idea.lint.AndroidLintExportedContentProviderInspection
8494:             3             96  com.android.tools.idea.lint.AndroidLintExportedPreferenceActivityInspection
8495:             3             96  com.android.tools.idea.lint.AndroidLintExportedReceiverInspection
8496:             3             96  com.android.tools.idea.lint.AndroidLintExportedServiceInspection
8497:             3             96  com.android.tools.idea.lint.AndroidLintExtraTextInspection
8498:             3             96  com.android.tools.idea.lint.AndroidLintExtraTranslationInspection
8499:             3             96  com.android.tools.idea.lint.AndroidLintFindViewByIdCastInspection
8500:             3             96  com.android.tools.idea.lint.AndroidLintFloatMathInspection
8501:             3             96  com.android.tools.idea.lint.AndroidLintFontValidationErrorInspection
8502:             3             96  com.android.tools.idea.lint.AndroidLintFontValidationWarningInspection
8503:             3             96  com.android.tools.idea.lint.AndroidLintFullBackupContentInspection
8504:             3             96  com.android.tools.idea.lint.AndroidLintGetContentDescriptionOverrideInspection
8505:             3             96  com.android.tools.idea.lint.AndroidLintGetInstanceInspection
8506:             3             96  com.android.tools.idea.lint.AndroidLintGetLocalesInspection
8507:             3             96  com.android.tools.idea.lint.AndroidLintGifUsageInspection
8508:             3             96  com.android.tools.idea.lint.AndroidLintGoogleAppIndexingApiWarningInspection
8509:             3             96  com.android.tools.idea.lint.AndroidLintGoogleAppIndexingWarningInspection
8510:             3             96  com.android.tools.idea.lint.AndroidLintGradleCompatibleInspection
8511:             3             96  com.android.tools.idea.lint.AndroidLintGradleDependencyInspection
8512:             3             96  com.android.tools.idea.lint.AndroidLintGradleDeprecatedInspection
8513:             3             96  com.android.tools.idea.lint.AndroidLintGradleDynamicVersionInspection
8514:             3             96  com.android.tools.idea.lint.AndroidLintGradleGetterInspection
8515:             3             96  com.android.tools.idea.lint.AndroidLintGradleIdeErrorInspection
8516:             3             96  com.android.tools.idea.lint.AndroidLintGradleOverridesInspection
8517:             3             96  com.android.tools.idea.lint.AndroidLintGradlePathInspection
8518:             3             96  com.android.tools.idea.lint.AndroidLintGradlePluginVersionInspection
8519:             3             96  com.android.tools.idea.lint.AndroidLintGrantAllUrisInspection
8520:             3             96  com.android.tools.idea.lint.AndroidLintGridLayoutInspection
8521:             3             96  com.android.tools.idea.lint.AndroidLintHandlerLeakInspection
8522:             3             96  com.android.tools.idea.lint.AndroidLintHardcodedDebugModeInspection
8523:             3             96  com.android.tools.idea.lint.AndroidLintHardcodedTextInspection
8524:             3             96  com.android.tools.idea.lint.AndroidLintHardwareIdsInspection
8525:             3             96  com.android.tools.idea.lint.AndroidLintHighAppVersionCodeInspection
8526:             3             96  com.android.tools.idea.lint.AndroidLintIconColorsInspection
8527:             3             96  com.android.tools.idea.lint.AndroidLintIconDensitiesInspection
8528:             3             96  com.android.tools.idea.lint.AndroidLintIconDipSizeInspection
8529:             3             96  com.android.tools.idea.lint.AndroidLintIconDuplicatesConfigInspection
8530:             3             96  com.android.tools.idea.lint.AndroidLintIconDuplicatesInspection
8531:             3             96  com.android.tools.idea.lint.AndroidLintIconExpectedSizeInspection
8532:             3             96  com.android.tools.idea.lint.AndroidLintIconExtensionInspection
8533:             3             96  com.android.tools.idea.lint.AndroidLintIconLauncherShapeInspection
8534:             3             96  com.android.tools.idea.lint.AndroidLintIconLocationInspection
8535:             3             96  com.android.tools.idea.lint.AndroidLintIconMissingDensityFolderInspection
8536:             3             96  com.android.tools.idea.lint.AndroidLintIconMixedNinePatchInspection
8537:             3             96  com.android.tools.idea.lint.AndroidLintIconNoDpiInspection
8538:             3             96  com.android.tools.idea.lint.AndroidLintIconXmlAndPngInspection
8539:             3             96  com.android.tools.idea.lint.AndroidLintIllegalResourceRefInspection
8540:             3             96  com.android.tools.idea.lint.AndroidLintImpliedQuantityInspection
8541:             3             96  com.android.tools.idea.lint.AndroidLintImpliedTouchscreenHardwareInspection
8542:             3             96  com.android.tools.idea.lint.AndroidLintInOrMmUsageInspection
8543:             3             96  com.android.tools.idea.lint.AndroidLintIncludeLayoutParamInspection
8544:             3             96  com.android.tools.idea.lint.AndroidLintIncompatibleMediaBrowserServiceCompatVersionInspection
8545:             3             96  com.android.tools.idea.lint.AndroidLintInconsistentArraysInspection
8546:             3             96  com.android.tools.idea.lint.AndroidLintInconsistentLayoutInspection
8547:             3             96  com.android.tools.idea.lint.AndroidLintInefficientWeightInspection
8548:             3             96  com.android.tools.idea.lint.AndroidLintInflateParamsInspection
8549:             3             96  com.android.tools.idea.lint.AndroidLintInlinedApiInspection
8550:             3             96  com.android.tools.idea.lint.AndroidLintInnerclassSeparatorInspection
8551:             3             96  com.android.tools.idea.lint.AndroidLintInstantAppsInspection
8552:             3             96  com.android.tools.idea.lint.AndroidLintInvalidAnalyticsNameInspection
8553:             3             96  com.android.tools.idea.lint.AndroidLintInvalidIdInspection
8554:             3             96  com.android.tools.idea.lint.AndroidLintInvalidImeActionIdInspection
8555:             3             96  com.android.tools.idea.lint.AndroidLintInvalidPermissionInspection
8556:             3             96  com.android.tools.idea.lint.AndroidLintInvalidResourceFolderInspection
8557:             3             96  com.android.tools.idea.lint.AndroidLintInvalidUsesTagAttributeInspection
8558:             3             96  com.android.tools.idea.lint.AndroidLintInvalidVectorPathInspection
8559:             3             96  com.android.tools.idea.lint.AndroidLintInvalidWearFeatureAttributeInspection
8560:             3             96  com.android.tools.idea.lint.AndroidLintJavascriptInterfaceInspection
8561:             3             96  com.android.tools.idea.lint.AndroidLintJobSchedulerServiceInspection
8562:             3             96  com.android.tools.idea.lint.AndroidLintKeyboardInaccessibleWidgetInspection
8563:             3             96  com.android.tools.idea.lint.AndroidLintLabelForInspection
8564:             3             96  com.android.tools.idea.lint.AndroidLintLibraryCustomViewInspection
8565:             3             96  com.android.tools.idea.lint.AndroidLintLintBaselineInspection
8566:             3             96  com.android.tools.idea.lint.AndroidLintLocalSuppressInspection
8567:             3             96  com.android.tools.idea.lint.AndroidLintLocaleFolderInspection
8568:             3             96  com.android.tools.idea.lint.AndroidLintLogConditionalInspection
8569:             3             96  com.android.tools.idea.lint.AndroidLintLogTagMismatchInspection
8570:             3             96  com.android.tools.idea.lint.AndroidLintLongLogTagInspection
8571:             3             96  com.android.tools.idea.lint.AndroidLintMangledCRLFInspection
8572:             3             96  com.android.tools.idea.lint.AndroidLintManifestOrderInspection
8573:             3             96  com.android.tools.idea.lint.AndroidLintManifestResourceInspection
8574:             3             96  com.android.tools.idea.lint.AndroidLintMenuTitleInspection
8575:             3             96  com.android.tools.idea.lint.AndroidLintMergeMarkerInspection
8576:             3             96  com.android.tools.idea.lint.AndroidLintMergeRootFrameInspection
8577:             3             96  com.android.tools.idea.lint.AndroidLintMinSdkTooLowInspection
8578:             3             96  com.android.tools.idea.lint.AndroidLintMipmapIconsInspection
8579:             3             96  com.android.tools.idea.lint.AndroidLintMissingApplicationIconInspection
8580:             3             96  com.android.tools.idea.lint.AndroidLintMissingBackupPinInspection
8581:             3             96  com.android.tools.idea.lint.AndroidLintMissingConstraintsInspection
8582:             3             96  com.android.tools.idea.lint.AndroidLintMissingFirebaseInstanceTokenRefreshInspection
8583:             3             96  com.android.tools.idea.lint.AndroidLintMissingIdInspection
8584:             3             96  com.android.tools.idea.lint.AndroidLintMissingIntentFilterForMediaSearchInspection
8585:             3             96  com.android.tools.idea.lint.AndroidLintMissingLeanbackLauncherInspection
8586:             3             96  com.android.tools.idea.lint.AndroidLintMissingLeanbackSupportInspection
8587:             3             96  com.android.tools.idea.lint.AndroidLintMissingMediaBrowserServiceIntentFilterInspection
8588:             3             96  com.android.tools.idea.lint.AndroidLintMissingOnPlayFromSearchInspection
8589:             3             96  com.android.tools.idea.lint.AndroidLintMissingPermissionInspection
8590:             3             96  com.android.tools.idea.lint.AndroidLintMissingPrefixInspection
8591:             3             96  com.android.tools.idea.lint.AndroidLintMissingQuantityInspection
8592:             3             96  com.android.tools.idea.lint.AndroidLintMissingSuperCallInspection
8593:             3             96  com.android.tools.idea.lint.AndroidLintMissingTranslationInspection
8594:             3             96  com.android.tools.idea.lint.AndroidLintMissingTvBannerInspection
8595:             3             96  com.android.tools.idea.lint.AndroidLintMissingVersionInspection
8596:             3             96  com.android.tools.idea.lint.AndroidLintMockLocationInspection
8597:             3             96  com.android.tools.idea.lint.AndroidLintMultipleUsesSdkInspection
8598:             3             96  com.android.tools.idea.lint.AndroidLintNamespaceTypoInspection
8599:             3             96  com.android.tools.idea.lint.AndroidLintNegativeMarginInspection
8600:             3             96  com.android.tools.idea.lint.AndroidLintNestedScrollingInspection
8601:             3             96  com.android.tools.idea.lint.AndroidLintNestedWeightsInspection
8602:             3             96  com.android.tools.idea.lint.AndroidLintNetworkSecurityConfigInspection
8603:             3             96  com.android.tools.idea.lint.AndroidLintNewApiInspection
8604:             3             96  com.android.tools.idea.lint.AndroidLintNewerVersionAvailableInspection
8605:             3             96  com.android.tools.idea.lint.AndroidLintNfcTechWhitespaceInspection
8606:             3             96  com.android.tools.idea.lint.AndroidLintNotInterpolatedInspection
8607:             3             96  com.android.tools.idea.lint.AndroidLintNotSiblingInspection
8608:             3             96  com.android.tools.idea.lint.AndroidLintObjectAnimatorBindingInspection
8609:             3             96  com.android.tools.idea.lint.AndroidLintObsoleteLayoutParamInspection
8610:             3             96  com.android.tools.idea.lint.AndroidLintObsoleteSdkIntInspection
8611:             3             96  com.android.tools.idea.lint.AndroidLintOldTargetApiInspection
8612:             3             96  com.android.tools.idea.lint.AndroidLintOnClickInspection
8613:             3             96  com.android.tools.idea.lint.AndroidLintOrientationInspection
8614:             3             96  com.android.tools.idea.lint.AndroidLintOverdrawInspection
8615:             3             96  com.android.tools.idea.lint.AndroidLintOverrideAbstractInspection
8616:             3             96  com.android.tools.idea.lint.AndroidLintOverrideInspection
8617:             3             96  com.android.tools.idea.lint.AndroidLintPackageManagerGetSignaturesInspection
8618:             3             96  com.android.tools.idea.lint.AndroidLintPackagedPrivateKeyInspection
8619:             3             96  com.android.tools.idea.lint.AndroidLintParcelClassLoaderInspection
8620:             3             96  com.android.tools.idea.lint.AndroidLintParcelCreatorInspection
8621:             3             96  com.android.tools.idea.lint.AndroidLintPendingBindingsInspection
8622:             3             96  com.android.tools.idea.lint.AndroidLintPermissionImpliesUnsupportedChromeOsHardwareInspection
8623:             3             96  com.android.tools.idea.lint.AndroidLintPermissionImpliesUnsupportedHardwareInspection
8624:             3             96  com.android.tools.idea.lint.AndroidLintPinSetExpiryInspection
8625:             3             96  com.android.tools.idea.lint.AndroidLintPluralsCandidateInspection
8626:             3             96  com.android.tools.idea.lint.AndroidLintPrivateApiInspection
8627:             3             96  com.android.tools.idea.lint.AndroidLintPrivateResourceInspection
8628:             3             96  com.android.tools.idea.lint.AndroidLintProguardInspection
8629:             3             96  com.android.tools.idea.lint.AndroidLintProguardSplitInspection
8630:             3             96  com.android.tools.idea.lint.AndroidLintPropertyEscapeInspection
8631:             3             96  com.android.tools.idea.lint.AndroidLintProtectedPermissionsInspection
8632:             3             96  com.android.tools.idea.lint.AndroidLintPxUsageInspection
8633:             3             96  com.android.tools.idea.lint.AndroidLintRangeInspection
8634:             3             96  com.android.tools.idea.lint.AndroidLintRecycleInspection
8635:             3             96  com.android.tools.idea.lint.AndroidLintRecyclerViewInspection
8636:             3             96  com.android.tools.idea.lint.AndroidLintReferenceTypeInspection
8637:             3             96  com.android.tools.idea.lint.AndroidLintRegisteredInspection
8638:             3             96  com.android.tools.idea.lint.AndroidLintRelativeOverlapInspection
8639:             3             96  com.android.tools.idea.lint.AndroidLintRequiredSizeInspection
8640:             3             96  com.android.tools.idea.lint.AndroidLintResAutoInspection
8641:             3             96  com.android.tools.idea.lint.AndroidLintResourceAsColorInspection
8642:             3             96  com.android.tools.idea.lint.AndroidLintResourceCycleInspection
8643:             3             96  com.android.tools.idea.lint.AndroidLintResourceNameInspection
8644:             3             96  com.android.tools.idea.lint.AndroidLintResourceTypeInspection
8645:             3             96  com.android.tools.idea.lint.AndroidLintRestrictedApiInspection
8646:             3             96  com.android.tools.idea.lint.AndroidLintRtlCompatInspection
8647:             3             96  com.android.tools.idea.lint.AndroidLintRtlEnabledInspection
8648:             3             96  com.android.tools.idea.lint.AndroidLintRtlHardcodedInspection
8649:             3             96  com.android.tools.idea.lint.AndroidLintRtlSymmetryInspection
8650:             3             96  com.android.tools.idea.lint.AndroidLintSQLiteStringInspection
8651:             3             96  com.android.tools.idea.lint.AndroidLintSSLCertificateSocketFactoryCreateSocketInspection
8652:             3             96  com.android.tools.idea.lint.AndroidLintSSLCertificateSocketFactoryGetInsecureInspection
8653:             3             96  com.android.tools.idea.lint.AndroidLintScrollViewCountInspection
8654:             3             96  com.android.tools.idea.lint.AndroidLintScrollViewSizeInspection
8655:             3             96  com.android.tools.idea.lint.AndroidLintSdCardPathInspection
8656:             3             96  com.android.tools.idea.lint.AndroidLintSecureRandomInspection
8657:             3             96  com.android.tools.idea.lint.AndroidLintSelectableTextInspection
8658:             3             96  com.android.tools.idea.lint.AndroidLintServiceCastInspection
8659:             3             96  com.android.tools.idea.lint.AndroidLintSetJavaScriptEnabledInspection
8660:             3             96  com.android.tools.idea.lint.AndroidLintSetTextI18nInspection
8661:             3             96  com.android.tools.idea.lint.AndroidLintSetWorldReadableInspection
8662:             3             96  com.android.tools.idea.lint.AndroidLintSetWorldWritableInspection
8663:             3             96  com.android.tools.idea.lint.AndroidLintShiftFlagsInspection
8664:             3             96  com.android.tools.idea.lint.AndroidLintShortAlarmInspection
8665:             3             96  com.android.tools.idea.lint.AndroidLintShowToastInspection
8666:             3             96  com.android.tools.idea.lint.AndroidLintSignatureOrSystemPermissionsInspection
8667:             3             96  com.android.tools.idea.lint.AndroidLintSimpleDateFormatInspection
8668:             3             96  com.android.tools.idea.lint.AndroidLintSmallSpInspection
8669:             3             96  com.android.tools.idea.lint.AndroidLintSpUsageInspection
8670:             3             96  com.android.tools.idea.lint.AndroidLintStateListReachableInspection
8671:             3             96  com.android.tools.idea.lint.AndroidLintStaticFieldLeakInspection
8672:             3             96  com.android.tools.idea.lint.AndroidLintStopShipInspection
8673:             3             96  com.android.tools.idea.lint.AndroidLintStringEscapingInspection
8674:             3             96  com.android.tools.idea.lint.AndroidLintStringFormatCountInspection
8675:             3             96  com.android.tools.idea.lint.AndroidLintStringFormatInvalidInspection
8676:             3             96  com.android.tools.idea.lint.AndroidLintStringFormatMatchesInspection
8677:             3             96  com.android.tools.idea.lint.AndroidLintStringShouldBeIntInspection
8678:             3             96  com.android.tools.idea.lint.AndroidLintSupportAnnotationUsageInspection
8679:             3             96  com.android.tools.idea.lint.AndroidLintSuspicious0dpInspection
8680:             3             96  com.android.tools.idea.lint.AndroidLintSuspiciousImportInspection
8681:             3             96  com.android.tools.idea.lint.AndroidLintSwitchIntDefInspection
8682:             3             96  com.android.tools.idea.lint.AndroidLintTestAppLinkInspection
8683:             3             96  com.android.tools.idea.lint.AndroidLintTextFieldsInspection
8684:             3             96  com.android.tools.idea.lint.AndroidLintTextViewEditsInspection
8685:             3             96  com.android.tools.idea.lint.AndroidLintTooDeepLayoutInspection
8686:             3             96  com.android.tools.idea.lint.AndroidLintTooManyViewsInspection
8687:             3             96  com.android.tools.idea.lint.AndroidLintTrustAllX509TrustManagerInspection
8688:             3             96  com.android.tools.idea.lint.AndroidLintTypographyDashesInspection
8689:             3             96  com.android.tools.idea.lint.AndroidLintTypographyEllipsisInspection
8690:             3             96  com.android.tools.idea.lint.AndroidLintTypographyFractionsInspection
8691:             3             96  com.android.tools.idea.lint.AndroidLintTypographyOtherInspection
8692:             3             96  com.android.tools.idea.lint.AndroidLintTypographyQuotesInspection
8693:             3             96  com.android.tools.idea.lint.AndroidLintTyposInspection
8694:             3             96  com.android.tools.idea.lint.AndroidLintUniqueConstantsInspection
8695:             3             96  com.android.tools.idea.lint.AndroidLintUniquePermissionInspection
8696:             3             96  com.android.tools.idea.lint.AndroidLintUnknownIdInLayoutInspection
8697:             3             96  com.android.tools.idea.lint.AndroidLintUnknownIdInspection
8698:             3             96  com.android.tools.idea.lint.AndroidLintUnlocalizedSmsInspection
8699:             3             96  com.android.tools.idea.lint.AndroidLintUnpackedNativeCodeInspection
8700:             3             96  com.android.tools.idea.lint.AndroidLintUnprotectedSMSBroadcastReceiverInspection
8701:             3             96  com.android.tools.idea.lint.AndroidLintUnsafeDynamicallyLoadedCodeInspection
8702:             3             96  com.android.tools.idea.lint.AndroidLintUnsafeNativeCodeLocationInspection
8703:             3             96  com.android.tools.idea.lint.AndroidLintUnsafeProtectedBroadcastReceiverInspection
8704:             3             96  com.android.tools.idea.lint.AndroidLintUnsupportedChromeOsHardwareInspection
8705:             3             96  com.android.tools.idea.lint.AndroidLintUnsupportedTvHardwareInspection
8706:             3             96  com.android.tools.idea.lint.AndroidLintUnusedAttributeInspection
8707:             3             96  com.android.tools.idea.lint.AndroidLintUnusedIdsInspection
8708:             3             96  com.android.tools.idea.lint.AndroidLintUnusedQuantityInspection
8709:             3             96  com.android.tools.idea.lint.AndroidLintUnusedResourcesInspection
8710:             3             96  com.android.tools.idea.lint.AndroidLintUseAlpha2Inspection
8711:             3             96  com.android.tools.idea.lint.AndroidLintUseCheckPermissionInspection
8712:             3             96  com.android.tools.idea.lint.AndroidLintUseCompoundDrawablesInspection
8713:             3             96  com.android.tools.idea.lint.AndroidLintUseOfBundledGooglePlayServicesInspection
8714:             3             96  com.android.tools.idea.lint.AndroidLintUseSparseArraysInspection
8715:             3             96  com.android.tools.idea.lint.AndroidLintUseValueOfInspection
8716:             3             96  com.android.tools.idea.lint.AndroidLintUselessLeafInspection
8717:             3             96  com.android.tools.idea.lint.AndroidLintUselessParentInspection
8718:             3             96  com.android.tools.idea.lint.AndroidLintUsesMinSdkAttributesInspection
8719:             3             96  com.android.tools.idea.lint.AndroidLintUsingHttpInspection
8720:             3             96  com.android.tools.idea.lint.AndroidLintValidFragmentInspection
8721:             3             96  com.android.tools.idea.lint.AndroidLintValidRestrictionsInspection
8722:             3             96  com.android.tools.idea.lint.AndroidLintVectorDrawableCompatInspection
8723:             3             96  com.android.tools.idea.lint.AndroidLintVectorPathInspection
8724:             3             96  com.android.tools.idea.lint.AndroidLintVectorRasterInspection
8725:             3             96  com.android.tools.idea.lint.AndroidLintViewConstructorInspection
8726:             3             96  com.android.tools.idea.lint.AndroidLintViewHolderInspection
8727:             3             96  com.android.tools.idea.lint.AndroidLintViewTagInspection
8728:             3             96  com.android.tools.idea.lint.AndroidLintVisibleForTestsInspection
8729:             3             96  com.android.tools.idea.lint.AndroidLintWakelockTimeoutInspection
8730:             3             96  com.android.tools.idea.lint.AndroidLintWearStandaloneAppFlagInspection
8731:             3             96  com.android.tools.idea.lint.AndroidLintWearableBindListenerInspection
8732:             3             96  com.android.tools.idea.lint.AndroidLintWebViewLayoutInspection
8733:             3             96  com.android.tools.idea.lint.AndroidLintWebpUnsupportedInspection
8734:             3             96  com.android.tools.idea.lint.AndroidLintWifiManagerLeakInspection
8735:             3             96  com.android.tools.idea.lint.AndroidLintWifiManagerPotentialLeakInspection
8736:             3             96  com.android.tools.idea.lint.AndroidLintWorldReadableFilesInspection
8737:             3             96  com.android.tools.idea.lint.AndroidLintWorldWriteableFilesInspection
8738:             3             96  com.android.tools.idea.lint.AndroidLintWrongCallInspection
8739:             3             96  com.android.tools.idea.lint.AndroidLintWrongCaseInspection
8740:             3             96  com.android.tools.idea.lint.AndroidLintWrongConstantInspection
8741:             3             96  com.android.tools.idea.lint.AndroidLintWrongFolderInspection
8742:             3             96  com.android.tools.idea.lint.AndroidLintWrongRegionInspection
8743:             3             96  com.android.tools.idea.lint.AndroidLintWrongThreadInspection
8744:             3             96  com.android.tools.idea.lint.AndroidLintWrongThreadInterproceduralInspection
8745:             3             96  com.android.tools.idea.lint.AndroidLintWrongViewCastInspection
8746:             4             96  com.android.tools.idea.project.messages.MessageType
8747:             4             96  com.android.tools.idea.startup.DelayedInitialization$GradleBuildStatus
8748:             3             96  com.android.tools.idea.uibuilder.handlers.ViewHandlerManager
8749:             3             96  com.android.tools.idea.uibuilder.property.editors.NlPropertyEditors
8750:             3             96  com.android.tools.idea.uibuilder.property.editors.NlXmlEditors
8751:             4             96  com.android.tools.lint.detector.api.TextFormat
8752:             4             96  com.google.common.base.AbstractIterator$State
8753:             6             96  com.google.common.base.CharMatcher$Is
8754:             4             96  com.google.common.collect.AbstractIterator$State
8755:             4             96  com.google.common.collect.RegularImmutableAsList
8756:             3             96  com.google.common.collect.RegularImmutableBiMap$Inverse
8757:             2             96  com.google.common.collect.TreeMultimap
8758:             2             96  com.google.gson.Gson
8759:             6             96  com.google.gson.internal.ConstructorConstructor$8
8760:             4             96  com.google.wireless.android.sdk.stats.GradleSyncStats$Trigger
8761:             6             96  com.intellij.application.options.OptionId
8762:             2             96  com.intellij.application.options.editor.EditorTabsConfigurable$MyTabsPlacementComboBoxRenderer
8763:             2             96  com.intellij.application.options.editor.WebEditorOptionsProvider
8764:             4             96  com.intellij.codeHighlighting.TextEditorHighlightingPassRegistrar$Anchor
8765:             3             96  com.intellij.codeInsight.NullableNotNullManagerImpl
8766:             6             96  com.intellij.codeInsight.NullableNotNullManagerImpl$$Lambda$4014/852560571
8767:             6             96  com.intellij.codeInsight.NullableNotNullManagerImpl$$Lambda$4019/298558092
8768:             4             96  com.intellij.codeInsight.TargetElementUtil$$Lambda$2449/1187824678
8769:             4             96  com.intellij.codeInsight.completion.AbstractExpectedTypeSkipper$Result
8770:             4             96  com.intellij.codeInsight.completion.AddSpaceInsertHandler
8771:             4             96  com.intellij.codeInsight.completion.CompletionLookupArranger$EmptyClassifier
8772:             4             96  com.intellij.codeInsight.completion.JavaCompletionSorting$LiftShorterClasses
8773:             4             96  com.intellij.codeInsight.completion.JavaCompletionSorting$PreferAccessible
8774:             4             96  com.intellij.codeInsight.completion.JavaCompletionSorting$PreferContainingSameWords
8775:             4             96  com.intellij.codeInsight.completion.JavaCompletionSorting$PreferShorter
8776:             4             96  com.intellij.codeInsight.completion.JavaCompletionSorting$PreferSimilarlyEnding
8777:             4             96  com.intellij.codeInsight.completion.JavaCompletionSorting$PreferSimple
8778:             4             96  com.intellij.codeInsight.completion.RecursionWeigher$Result
8779:             4             96  com.intellij.codeInsight.daemon.impl.FileStatusMap
8780:             4             96  com.intellij.codeInsight.daemon.impl.HighlightInfoType$HighlightInfoTypeSeverityByKey
8781:             4             96  com.intellij.codeInsight.daemon.impl.MarkerType
8782:             4             96  com.intellij.codeInsight.daemon.impl.ShowAutoImportPass$$Lambda$2190/289695739
8783:             4             96  com.intellij.codeInsight.daemon.impl.ShowAutoImportPass$$Lambda$2194/978115794
8784:             6             96  com.intellij.codeInsight.daemon.impl.TrafficLightRenderer$1
8785:             4             96  com.intellij.codeInsight.daemon.impl.analysis.FileHighlightingSetting
8786:             3             96  com.intellij.codeInsight.daemon.impl.analysis.RefCountHolder
8787:             3             96  com.intellij.codeInsight.daemon.impl.analysis.annotator.EjbValidator
8788:             4             96  com.intellij.codeInsight.daemon.impl.quickfix.CreateClassKind
8789:             4             96  com.intellij.codeInsight.daemon.impl.quickfix.FetchExtResourceAction
8790:             6             96  com.intellij.codeInsight.daemon.impl.quickfix.RemoveUnusedVariableFix
8791:             4             96  com.intellij.codeInsight.generation.GenerateGetterHandler
8792:             4             96  com.intellij.codeInsight.generation.GenerateSetterHandler
8793:             4             96  com.intellij.codeInsight.hints.Option
8794:             4             96  com.intellij.codeInsight.hints.ParameterHintsUpdater$InlayUpdateInfo$Action
8795:             4             96  com.intellij.codeInsight.lookup.AutoCompletionPolicy
8796:             4             96  com.intellij.codeInsight.lookup.impl.actions.ChooseItemAction$Handler
8797:             4             96  com.intellij.codeInsight.navigation.CtrlMouseHandler$BrowseMode
8798:             4             96  com.intellij.codeInsight.preview.ImageOrColorPreviewManager$2
8799:             4             96  com.intellij.codeInsight.template.impl.MacroCallNode
8800:             6             96  com.intellij.codeInsight.template.impl.TemplateContext$1
8801:             2             96  com.intellij.codeInsight.template.postfix.templates.ElseStatementPostfixTemplate
8802:             2             96  com.intellij.codeInsight.template.postfix.templates.IfStatementPostfixTemplate
8803:             2             96  com.intellij.codeInsight.template.postfix.templates.IsNullCheckPostfixTemplate
8804:             2             96  com.intellij.codeInsight.template.postfix.templates.ParenthesizedExpressionPostfixTemplate
8805:             3             96  com.intellij.codeInspection.NonAsciiCharactersInspection
8806:             3             96  com.intellij.codeInspection.RedundantSuppressInspection
8807:             3             96  com.intellij.codeInspection.SetInspectionOptionFix
8808:             3             96  com.intellij.codeInspection.bytecodeAnalysis.EffectQuantum$CallQuantum
8809:             3             96  com.intellij.codeInspection.dataFlow.DataFlowInspection
8810:             4             96  com.intellij.codeInspection.dataFlow.DelegationContract
8811:             4             96  com.intellij.codeInspection.dataFlow.Mutability
8812:             4             96  com.intellij.codeInspection.dataFlow.PurityInferenceResult
8813:             4             96  com.intellij.codeInspection.dataFlow.inliner.CollectionFactoryInliner$FactoryInfo
8814:             4             96  com.intellij.codeInspection.deadCode.UnusedParametersInspection
8815:             3             96  com.intellij.codeInspection.deprecation.DeprecationInspection
8816:             3             96  com.intellij.codeInspection.duplicatePropertyInspection.DuplicatePropertyInspection
8817:             3             96  com.intellij.codeInspection.emptyMethod.EmptyMethodInspection
8818:             3             96  com.intellij.codeInspection.ex.InspectionManagerEx
8819:             3             96  com.intellij.codeInspection.htmlInspections.HtmlUnknownAttributeInspection
8820:             3             96  com.intellij.codeInspection.htmlInspections.HtmlUnknownBooleanAttributeInspection
8821:             3             96  com.intellij.codeInspection.htmlInspections.HtmlUnknownTagInspection
8822:             3             96  com.intellij.codeInspection.i18n.inconsistentResourceBundle.InconsistentResourceBundleInspection
8823:             3             96  com.intellij.codeInspection.inheritance.ImplicitSubclassInspection
8824:             3             96  com.intellij.codeInspection.java18api.Java8MapApiInspection
8825:             3             96  com.intellij.codeInspection.nullable.NullableStuffInspection
8826:             3             96  com.intellij.codeInspection.redundantCast.RedundantCastInspection
8827:             3             96  com.intellij.codeInspection.reflectiveAccess.JavaReflectionMemberAccessInspection
8828:             3             96  com.intellij.codeInspection.uncheckedWarnings.UncheckedWarningLocalInspection
8829:             3             96  com.intellij.codeInspection.unneededThrows.RedundantThrowsDeclarationInspection
8830:             3             96  com.intellij.codeInspection.varScopeCanBeNarrowed.FieldCanBeLocalInspection
8831:             3             96  com.intellij.codeInspection.visibility.VisibilityInspection
8832:             4             96  com.intellij.coldFusion.UI.runner.CfmlRunnerParameters
8833:             3             96  com.intellij.coldFusion.injection.CfmlSplittedInjectionManager
8834:             3             96  com.intellij.coldFusion.injection.CfmlSplittedInjector
8835:             3             96  com.intellij.coldFusion.model.psi.CfmlLiteralExpressionType
8836:             4             96  com.intellij.compiler.ExternalCompilerConfigurationStorage
8837:             3             96  com.intellij.compiler.impl.CompilerCacheManager
8838:             1             96  com.intellij.compiler.progress.CompilerTask
8839:             6             96  com.intellij.compiler.server.BuildManager$7
8840:             6             96  com.intellij.compiler.server.BuildManager$CancelBuildSessionAction
8841:             6             96  com.intellij.compiler.server.PreloadedProcessMessageHandler
8842:             4             96  com.intellij.configurationStore.SchemeManagerIprProvider
8843:             4             96  com.intellij.configurationStore.TypeMarker
8844:             4             96  com.intellij.coverage.CoverageDataManagerImpl$3
8845:             4             96  com.intellij.credentialStore.ProviderType
8846:             2             96  com.intellij.credentialStore.kdbx.KdbxGroup
8847:             2             96  com.intellij.database.csv.CsvRecordFormat
8848:             3             96  com.intellij.database.csv.PersistentCsvFormat
8849:             4             96  com.intellij.database.dataSource.DataSourceStorage$$Lambda$1314/1338493984
8850:             4             96  com.intellij.database.dataSource.DataSourceStorage$Format
8851:             6             96  com.intellij.database.dataSource.srcStorage.DbSrcFileStatusProvider
8852:             3             96  com.intellij.database.psi.DbPsiFacadeImpl$State
8853:             4             96  com.intellij.database.run.ReservedCellValue
8854:             4             96  com.intellij.database.run.actions.ColumnFiltersGroup$FilterTemplate
8855:             3             96  com.intellij.database.run.actions.TransactionAction$TxIsolation
8856:             4             96  com.intellij.database.util.Case
8857:             4             96  com.intellij.database.view.DatabaseColorManager$LocalColors
8858:             3             96  com.intellij.debugger.impl.AlternativeJreClassFinder
8859:             4             96  com.intellij.debugger.impl.DebuggerManagerImpl$MyDebuggerStateManager
8860:             6             96  com.intellij.debugger.streams.resolve.AllToResultResolver
8861:             4             96  com.intellij.debugger.ui.breakpoints.BreakpointManager$1
8862:             3             96  com.intellij.designer.DesignerToolWindow
8863:             3             96  com.intellij.designer.actions.StartInplaceEditing
8864:             3             96  com.intellij.designer.componentTree.ComponentTree$1
8865:             6             96  com.intellij.designer.inspection.AbstractQuickFixManager$$Lambda$737/716017540
8866:             6             96  com.intellij.designer.inspection.AbstractQuickFixManager$1
8867:             6             96  com.intellij.designer.inspection.AbstractQuickFixManager$2
8868:             6             96  com.intellij.designer.inspection.AbstractQuickFixManager$4
8869:             3             96  com.intellij.designer.palette.PalettePanel$4
8870:             3             96  com.intellij.designer.propertyTable.PropertyTable$MyEnterAction
8871:             3             96  com.intellij.designer.propertyTable.PropertyTable$MyRestoreDefaultAction
8872:             3             96  com.intellij.designer.propertyTable.PropertyTable$MyStartEditingAction
8873:             3             96  com.intellij.designer.propertyTable.PropertyTable$PropertyCellEditor
8874:             3             96  com.intellij.designer.propertyTable.actions.RestoreDefault
8875:             3             96  com.intellij.designer.propertyTable.actions.ShowColumns
8876:             3             96  com.intellij.designer.propertyTable.actions.ShowExpert
8877:             3             96  com.intellij.designer.propertyTable.actions.ShowJavadoc
8878:             3             96  com.intellij.diff.actions.impl.OpenInEditorAction
8879:             3             96  com.intellij.diff.impl.DiffRequestProcessor$MyNextChangeAction
8880:             3             96  com.intellij.diff.impl.DiffRequestProcessor$MyNextDifferenceAction
8881:             3             96  com.intellij.diff.impl.DiffRequestProcessor$MyPrevChangeAction
8882:             3             96  com.intellij.diff.impl.DiffRequestProcessor$MyPrevDifferenceAction
8883:             4             96  com.intellij.diff.impl.DiffSettingsHolder$PlaceSettings
8884:             2             96  com.intellij.diff.tools.external.ExternalDiffSettings$State
8885:             4             96  com.intellij.diff.util.TextDiffTypeFactory$TextDiffTypeImpl
8886:             4             96  com.intellij.dmserver.artifacts.plan.DMArtifactElementType
8887:             3             96  com.intellij.dmserver.editor.AvailableBundlesProvider$ProjectIndex
8888:             3             96  com.intellij.dmserver.editor.AvailableBundlesProvider$RepositoryIndex$BundlesCollector
8889:             3             96  com.intellij.dmserver.editor.AvailableBundlesProvider$RepositoryIndex$LibrariesCollector
8890:             4             96  com.intellij.dmserver.facet.DMUnitType
8891:             3             96  com.intellij.execution.ExecutionTargetManagerImpl
8892:             3             96  com.intellij.execution.ShortenCommandLine
8893:             6             96  com.intellij.execution.application.ApplicationRunLineMarkerProvider$$Lambda$5094/623315958
8894:             4             96  com.intellij.execution.configurations.RunConfigurationModule
8895:             4             96  com.intellij.execution.filters.CompositeFilter
8896:             4             96  com.intellij.execution.impl.ConsoleViewImpl$BackSpaceHandler
8897:             4             96  com.intellij.execution.impl.ConsoleViewImpl$ClearRunnable
8898:             4             96  com.intellij.execution.impl.ConsoleViewImpl$DeleteHandler
8899:             4             96  com.intellij.execution.impl.ConsoleViewImpl$EnterHandler
8900:             4             96  com.intellij.execution.impl.ConsoleViewImpl$PasteHandler
8901:             4             96  com.intellij.execution.impl.ConsoleViewUtil$NullEditorHighlighter
8902:             4             96  com.intellij.execution.impl.DefaultJavaProgramRunner$1
8903:             4             96  com.intellij.execution.impl.DisposedPsiManagerCheck
8904:             3             96  com.intellij.execution.impl.RunConfigurationListManagerHelper
8905:             3             96  com.intellij.execution.impl.TimedIconCache
8906:             6             96  com.intellij.execution.lineMarker.RunLineMarkerProvider$$Lambda$5095/449618511
8907:             4             96  com.intellij.execution.process.ProcessHandler$State
8908:             4             96  com.intellij.execution.process.ProcessTerminatedListener
8909:             2             96  com.intellij.execution.runners.RunContentBuilder
8910:             3             96  com.intellij.execution.ui.RunContentManagerImpl
8911:             3             96  com.intellij.execution.ui.RunContentManagerImpl$2
8912:             4             96  com.intellij.execution.ui.RunContentManagerImpl$3
8913:             4             96  com.intellij.execution.ui.RunContentManagerImpl$4
8914:             4             96  com.intellij.execution.ui.layout.PlaceInGrid
8915:             4             96  com.intellij.execution.ui.layout.impl.RunnerContentUi$MyDragOutDelegate
8916:             4             96  com.intellij.execution.ui.layout.impl.RunnerLayoutUiImpl
8917:             4             96  com.intellij.facet.impl.FacetFinderImpl$AllFacetsOfTypeModificationTracker
8918:             3             96  com.intellij.facet.impl.ProjectWideFacetListenersRegistryImpl
8919:             4             96  com.intellij.facet.impl.ProjectWideFacetListenersRegistryImpl$2
8920:             3             96  com.intellij.facet.impl.ui.FacetDependentToolWindowManager
8921:             6             96  com.intellij.formatting.Indent$Type
8922:             4             96  com.intellij.formatting.WrapImpl$Type
8923:             4             96  com.intellij.formatting.WrapType
8924:             3             96  com.intellij.framework.detection.impl.FrameworkDetectionManager$1
8925:             3             96  com.intellij.framework.detection.impl.exclude.DetectionExcludesConfigurationImpl
8926:             3             96  com.intellij.freemarker.FtlValidator
8927:             6             96  com.intellij.gwt.codeInsight.GwtPatterns$2
8928:             3             96  com.intellij.gwt.superSource.GwtSuperSourceElementFinder
8929:             3             96  com.intellij.hibernate.highlighting.HibernateValidator
8930:             6             96  com.intellij.hibernate.model.annotations.mapping.HibernateJamContributor$1
8931:             2             96  com.intellij.ide.GeneralSettings
8932:             2             96  com.intellij.ide.RecentProjectsManagerBase$State
8933:             3             96  com.intellij.ide.a.e$$Lambda$2370/1951910664
8934:             4             96  com.intellij.ide.b.g.g$a
8935:             4             96  com.intellij.ide.diff.DirDiffSettings$CompareMode
8936:             4             96  com.intellij.ide.fileTemplates.impl.FileTemplateManagerImpl$State
8937:             6             96  com.intellij.ide.highlighter.custom.impl.CustomFileTypeBraceMatcher
8938:             4             96  com.intellij.ide.impl.ContentManagerWatcher
8939:             4             96  com.intellij.ide.navigationToolbar.NavBarUpdateQueue$$Lambda$1679/918200153
8940:             3             96  com.intellij.ide.palette.impl.PaletteWindow$ClearActiveItemAction
8941:             3             96  com.intellij.ide.projectView.impl.ProjectViewImpl$FoldersAlwaysOnTopAction
8942:             3             96  com.intellij.ide.projectView.impl.ProjectViewImpl$ManualOrderAction
8943:             3             96  com.intellij.ide.projectView.impl.ProjectViewImpl$MyAutoScrollFromSourceHandler
8944:             3             96  com.intellij.ide.projectView.impl.ProjectViewImpl$ScrollFromSourceAction
8945:             3             96  com.intellij.ide.projectView.impl.ProjectViewImpl$SortByTypeAction
8946:             3             96  com.intellij.ide.projectView.impl.ProjectViewPane$ConfigureFilesNestingAction
8947:             3             96  com.intellij.ide.projectView.impl.ProjectViewPane$ProjectViewPaneTreeStructure
8948:             3             96  com.intellij.ide.projectView.impl.ProjectViewPane$ShowExcludedFilesAction
8949:             1             96  com.intellij.ide.projectView.impl.nodes.ExternalLibrariesNode
8950:             1             96  com.intellij.ide.scratch.ScratchProjectViewPane$MyRootNode
8951:             4             96  com.intellij.ide.todo.TodoPanelSettings
8952:             3             96  com.intellij.ide.ui.AntialiasingType
8953:             6             96  com.intellij.ide.util.frameworkSupport.FrameworkRole
8954:             6             96  com.intellij.ide.util.treeView.AbstractTreeBuilder$$Lambda$1447/1431552900
8955:             6             96  com.intellij.ide.util.treeView.AbstractTreeUi$1
8956:             6             96  com.intellij.ide.util.treeView.AbstractTreeUi$3
8957:             6             96  com.intellij.ide.util.treeView.AbstractTreeUi$76
8958:             6             96  com.intellij.ide.util.treeView.AbstractTreeUi$MyExpansionListener
8959:             6             96  com.intellij.ide.util.treeView.AbstractTreeUi$MySelectionListener
8960:             2             96  com.intellij.ide.util.treeView.TreeUpdatePass
8961:             3             96  com.intellij.internal.statistic.configurable.SendPeriod
8962:             3             96  com.intellij.j2ee.web.highlighting.MimeTypeInspection
8963:             3             96  com.intellij.j2ee.web.highlighting.WebXmlValidator
8964:             3             96  com.intellij.j2meplugin.module.J2MEModuleExtension
8965:             4             96  com.intellij.javaee.ExternalResourceManagerExImpl$1
8966:             3             96  com.intellij.javaee.PsiExternalResourceNotifier
8967:             3             96  com.intellij.javaee.view.ServersConfigManager
8968:             3             96  com.intellij.javaee.web.validation.JasperArtifactValidator
8969:             3             96  com.intellij.javascript.flex.mxml.schema.CodeContextHolder
8970:             4             96  com.intellij.javascript.nodejs.interpreter.NodeJsInterpreterManager
8971:             4             96  com.intellij.javascript.nodejs.library.NodeModulesLibrariesSnapshot
8972:             4             96  com.intellij.javascript.nodejs.packageJson.DefaultPackageJsonNotifierConfiguration
8973:             4             96  com.intellij.javascript.protractor.ProtractorRunSettings
8974:             3             96  com.intellij.jboss.jbpm.model.impl.BpmnDomModelFactory
8975:             3             96  com.intellij.jpa.highlighting.JpaValidator
8976:             3             96  com.intellij.jsf.highlighting.FacesValidator
8977:             3             96  com.intellij.json.formatter.JsonCodeStyleSettings$PropertyAlignment
8978:             4             96  com.intellij.lang.ParserDefinition$SpaceRequirements
8979:             4             96  com.intellij.lang.ant.config.impl.artifacts.AntArtifactProperties
8980:             6             96  com.intellij.lang.aspectj.completion.AspectJKeywordCompletionContributor$1
8981:             4             96  com.intellij.lang.java.parser.DeclarationParser$Context
8982:             4             96  com.intellij.lang.java.parser.DeclarationParser$ListType
8983:             4             96  com.intellij.lang.javascript.buildTools.webpack.WebPackExcludePolicy
8984:             4             96  com.intellij.lang.javascript.buildTools.webpack.WebPackExecutor
8985:             6             96  com.intellij.lang.javascript.copyright.JSUpdateCopyrightsProvider
8986:             4             96  com.intellij.lang.javascript.ecmascript6.TypeScriptLiteralKeyUtil$$Lambda$4230/597596507
8987:             4             96  com.intellij.lang.javascript.ecmascript6.types.JSTypeWithSignature
8988:             4             96  com.intellij.lang.javascript.flex.run.FlashRunnerParameters$AirMobileRunTarget
8989:             4             96  com.intellij.lang.javascript.formatter.JSCodeStyleSettings$JSXAttributeValuePresentation
8990:             4             96  com.intellij.lang.javascript.frameworks.webpack.WebpackUtil$WebpackVersion
8991:             3             96  com.intellij.lang.javascript.inspections.ES6ConvertRequireIntoImportInspection
8992:             3             96  com.intellij.lang.javascript.inspections.JSCheckFunctionSignaturesInspection
8993:             4             96  com.intellij.lang.javascript.inspections.JSCommentMatchesSignatureInspection$UpdateFunctionCommentQuickFix
8994:             3             96  com.intellij.lang.javascript.inspections.JSEqualityComparisonWithCoercionInspection
8995:             4             96  com.intellij.lang.javascript.inspections.JSEqualityComparisonWithCoercionInspection$MyQuickfix
8996:             3             96  com.intellij.lang.javascript.inspections.JSFileReferencesInspection
8997:             6             96  com.intellij.lang.javascript.inspections.JSFunctionExpressionToArrowFunctionQuickFix
8998:             3             96  com.intellij.lang.javascript.inspections.JSJQueryEfficiencyInspection
8999:             3             96  com.intellij.lang.javascript.inspections.JSNonASCIINamesInspection
9000:             3             96  com.intellij.lang.javascript.inspections.JSPotentiallyInvalidConstructorUsageInspection
9001:             3             96  com.intellij.lang.javascript.inspections.JSUndeclaredVariableInspection
9002:             3             96  com.intellij.lang.javascript.inspections.JSUnfilteredForInLoopInspection
9003:             3             96  com.intellij.lang.javascript.inspections.JSUnresolvedFunctionInspection
9004:             3             96  com.intellij.lang.javascript.inspections.JSUnresolvedVariableInspection
9005:             3             96  com.intellij.lang.javascript.inspections.JSUnusedGlobalSymbolsInspection
9006:             3             96  com.intellij.lang.javascript.inspections.JSUnusedLocalSymbolsInspection
9007:             3             96  com.intellij.lang.javascript.inspections.JSXNamespaceValidationInspection
9008:             3             96  com.intellij.lang.javascript.inspections.UnterminatedStatementJSInspection
9009:             3             96  com.intellij.lang.javascript.intentions.ES6ConvertVarToLetConstInspection
9010:             4             96  com.intellij.lang.javascript.library.JSPredefinedLibrariesData$2
9011:             6             96  com.intellij.lang.javascript.linter.LinterCodeStyleImportSourceTracker$$Lambda$1177/1997565203
9012:             3             96  com.intellij.lang.javascript.linter.jscs.JscsExternalAnnotator
9013:             4             96  com.intellij.lang.javascript.parsing.ExpressionParser$BinaryParsingState
9014:             4             96  com.intellij.lang.javascript.parsing.StatementParser$BlockType
9015:             3             96  com.intellij.lang.javascript.patterns.JSPatterns$4
9016:             4             96  com.intellij.lang.javascript.psi.JSFile$ModuleStatus
9017:             4             96  com.intellij.lang.javascript.psi.JSFunction$FunctionKind
9018:             4             96  com.intellij.lang.javascript.psi.JSType$TypeTextFormat
9019:             4             96  com.intellij.lang.javascript.psi.JSTypeUtils$$Lambda$4228/909946054
9020:             3             96  com.intellij.lang.javascript.psi.ecma6.impl.TypeScriptIndexSignatureImpl
9021:             4             96  com.intellij.lang.javascript.psi.ecmal4.JSAttributeList$AccessType
9022:             4             96  com.intellij.lang.javascript.psi.jsdoc.JSDocComment$BrowserFamily
9023:             4             96  com.intellij.lang.javascript.psi.resolve.BaseJSSymbolProcessor$MatchType
9024:             4             96  com.intellij.lang.javascript.psi.resolve.JSTypeEvaluator$$Lambda$4386/1331399103
9025:             4             96  com.intellij.lang.javascript.psi.resolve.QualifiedItemProcessor$TypeResolveState
9026:             4             96  com.intellij.lang.javascript.psi.stubs.JSImplicitElement$Property
9027:             2             96  com.intellij.lang.javascript.psi.stubs.impl.TypeScriptClassStubImpl
9028:             4             96  com.intellij.lang.javascript.psi.types.JSCompositeTypeImpl$OptimizedKind
9029:             4             96  com.intellij.lang.javascript.psi.types.JSTypeCastUtil$AssignableResult
9030:             4             96  com.intellij.lang.javascript.psi.types.JSTypeContext
9031:             4             96  com.intellij.lang.javascript.psi.types.TypeScriptTypeParser$$Lambda$2742/918234215
9032:             4             96  com.intellij.lang.javascript.service.JSLanguageServiceProcessConnector
9033:             4             96  com.intellij.lang.javascript.service.highlighting.JSLanguageServiceFilter$$Lambda$2550/733629429
9034:             4             96  com.intellij.lang.javascript.settings.JSRootConfigurationImpl
9035:             2             96  com.intellij.lang.javascript.template.postfix.JSNotExpressionPostfixTemplate
9036:             4             96  com.intellij.lang.jvm.JvmClassKind
9037:             3             96  com.intellij.lang.jvm.facade.JvmFacadeImpl
9038:             4             96  com.intellij.lang.properties.parsing.PropertiesElementType
9039:             3             96  com.intellij.lang.properties.psi.impl.PropertiesListImpl
9040:             4             96  com.intellij.lang.typescript.TypeScriptSettings$TypeScriptSettingsState
9041:             4             96  com.intellij.lang.typescript.compiler.TypeScriptCompilerSettings
9042:             3             96  com.intellij.lang.typescript.compiler.TypeScriptLanguageServiceToolWindowManager$4
9043:             3             96  com.intellij.lang.typescript.compiler.TypeScriptToolWindowProvider$1
9044:             4             96  com.intellij.lang.typescript.compiler.languageService.TypeScriptServerServiceImpl$$Lambda$1861/962245024
9045:             4             96  com.intellij.lang.typescript.compiler.languageService.TypeScriptServerServiceImpl$$Lambda$1866/967184410
9046:             3             96  com.intellij.lang.typescript.inspection.TypescriptExplicitMemberTypeInspection
9047:             4             96  com.intellij.lang.typescript.settings.exclude.TypeScriptGeneratedFilesManager
9048:             4             96  com.intellij.lang.typescript.tsconfig.TypeScriptConfig$LanguageTarget
9049:             3             96  com.intellij.lang.typescript.tsconfig.TypeScriptJsonSchemaProviderFactory$1
9050:             6             96  com.intellij.lang.xml.XmlCommenter
9051:             3             96  com.intellij.notification.EventLog$ProjectTracker
9052:             4             96  com.intellij.notification.NotificationDisplayType
9053:             4             96  com.intellij.openapi.actionSystem.ActionToolbarPosition
9054:             4             96  com.intellij.openapi.actionSystem.AnAction$$Lambda$418/959213513
9055:             4             96  com.intellij.openapi.actionSystem.ex.ComboBoxAction$ComboBoxButton$1
9056:             4             96  com.intellij.openapi.actionSystem.ex.ComboBoxAction$ComboBoxButton$2
9057:             4             96  com.intellij.openapi.actionSystem.ex.ComboBoxAction$ComboBoxButton$3
9058:             4             96  com.intellij.openapi.compiler.generic.GenericCompiler$CompileOrderPlace
9059:             4             96  com.intellij.openapi.compiler.options.ExcludedEntriesConfiguration
9060:             4             96  com.intellij.openapi.components.impl.ProjectPathMacroManager
9061:             2             96  com.intellij.openapi.diagnostic.FrequentEventDetector
9062:             3             96  com.intellij.openapi.diff.actions.HighlightModeAction$HighlightingModeAction
9063:             3             96  com.intellij.openapi.diff.actions.IgnoreWhiteSpacesAction$IgnoringPolicyAction
9064:             4             96  com.intellij.openapi.editor.actionSystem.EditorTypedHandlerBean
9065:             4             96  com.intellij.openapi.editor.colors.impl.TextAttributesReader$FontStyle
9066:             4             96  com.intellij.openapi.editor.event.VisibleAreaEvent
9067:             4             96  com.intellij.openapi.editor.impl.EditorComponentImpl$AccessibleEditorComponentImpl$1
9068:             6             96  com.intellij.openapi.editor.impl.EditorImpl$$Lambda$3468/331103441
9069:             3             96  com.intellij.openapi.extensions.LoadingOrder
9070:             6             96  com.intellij.openapi.extensions.impl.ExtensionsAreaImpl$1
9071:             6             96  com.intellij.openapi.externalSystem.service.execution.ExternalSystemRunConfiguration$1
9072:             3             96  com.intellij.openapi.externalSystem.service.project.manage.ExternalProjectsDataStorage
9073:             4             96  com.intellij.openapi.externalSystem.service.project.manage.ExternalProjectsState
9074:             2             96  com.intellij.openapi.fileChooser.FileChooserDescriptor
9075:             4             96  com.intellij.openapi.fileEditor.FileEditorPolicy
9076:             6             96  com.intellij.openapi.fileEditor.impl.EditorComposite$1
9077:             3             96  com.intellij.openapi.fileEditor.impl.EditorTabbedContainer
9078:             3             96  com.intellij.openapi.fileEditor.impl.EditorTabbedContainer$MyTransferHandler
9079:             3             96  com.intellij.openapi.fileEditor.impl.EditorWindow$2
9080:             3             96  com.intellij.openapi.fileEditor.impl.EditorsSplitters$MyFocusWatcher
9081:             3             96  com.intellij.openapi.fileEditor.impl.EditorsSplitters$MyTransferHandler
9082:             3             96  com.intellij.openapi.fileEditor.impl.LoadTextUtil$SevenBitCharset
9083:             6             96  com.intellij.openapi.fileEditor.impl.text.TextEditorComponent$1
9084:             6             96  com.intellij.openapi.fileEditor.impl.text.TextEditorComponent$MyDocumentListener$$Lambda$972/272427637
9085:             6             96  com.intellij.openapi.fileEditor.impl.text.TextEditorComponent$MyFileTypeListener
9086:             6             96  com.intellij.openapi.fileEditor.impl.text.TextEditorComponent$MyVirtualFileListener
9087:             4             96  com.intellij.openapi.fileTypes.WildcardFileNameMatcher
9088:             3             96  com.intellij.openapi.fileTypes.impl.FileTypeAssocTable
9089:             1             96  com.intellij.openapi.fileTypes.impl.FileTypeManagerImpl
9090:             4             96  com.intellij.openapi.module.impl.ExternalModuleListStorage
9091:             3             96  com.intellij.openapi.module.impl.ModulePointerManagerImpl
9092:             3             96  com.intellij.openapi.module.impl.scopes.ModuleWithDependentsTestScope
9093:             4             96  com.intellij.openapi.options.ex.ConfigurableWrapper
9094:             6             96  com.intellij.openapi.progress.util.AbstractProgressIndicatorExBase$$Lambda$200/277615374
9095:             6             96  com.intellij.openapi.progress.util.BackgroundTaskUtil$$Lambda$1959/117460211
9096:             6             96  com.intellij.openapi.progress.util.BackgroundTaskUtil$$Lambda$1960/402816507
9097:             1             96  com.intellij.openapi.progress.util.StatusBarProgress
9098:             4             96  com.intellij.openapi.project.DumbServiceImpl$State
9099:             4             96  com.intellij.openapi.project.impl.ProjectImpl$1
9100:             3             96  com.intellij.openapi.roots.LanguageLevelModuleExtensionImpl
9101:             3             96  com.intellij.openapi.roots.impl.LanguageLevelProjectExtensionImpl
9102:             4             96  com.intellij.openapi.roots.impl.ProjectFileIndexFacade
9103:             4             96  com.intellij.openapi.roots.impl.ProjectRootManagerImpl$RootProviderChangeListener
9104:             3             96  com.intellij.openapi.roots.impl.PushedFilePropertiesUpdaterImpl
9105:             3             96  com.intellij.openapi.roots.impl.SourceFolderImpl
9106:             3             96  com.intellij.openapi.ui.MultiLineLabelUI
9107:             4             96  com.intellij.openapi.ui.popup.Balloon$Position
9108:             4             96  com.intellij.openapi.ui.popup.LightweightWindowEvent
9109:             3             96  com.intellij.openapi.util.AsyncResult
9110:             4             96  com.intellij.openapi.util.Conditions$And
9111:             4             96  com.intellij.openapi.util.Conditions$Or
9112:             3             96  com.intellij.openapi.util.JDOMUtil$MyXMLOutputter
9113:             4             96  com.intellij.openapi.util.NullableLazyKey
9114:             4             96  com.intellij.openapi.util.RequestsMerger$MyExitAction
9115:             4             96  com.intellij.openapi.util.RequestsMerger$MyWorker
9116:             3             96  com.intellij.openapi.vcs.IssueNavigationConfiguration
9117:             6             96  com.intellij.openapi.vcs.StartedActivated$$Lambda$583/363728820
9118:             6             96  com.intellij.openapi.vcs.StartedActivated$$Lambda$584/1220281456
9119:             6             96  com.intellij.openapi.vcs.StartedActivated$$Lambda$585/1052203614
9120:             6             96  com.intellij.openapi.vcs.StartedActivated$$Lambda$586/1463809900
9121:             4             96  com.intellij.openapi.vcs.VcsFileListenerContextHelper
9122:             2             96  com.intellij.openapi.vcs.actions.VcsActionGroup
9123:             4             96  com.intellij.openapi.vcs.changes.Change$Type
9124:             3             96  com.intellij.openapi.vcs.changes.ChangeListManagerImpl$MyChangesDeltaForwarder
9125:             4             96  com.intellij.openapi.vcs.changes.ChangeListWorker$PartialChangeTrackerDump
9126:             4             96  com.intellij.openapi.vcs.changes.ChangeListsIndexes
9127:             4             96  com.intellij.openapi.vcs.changes.ChangesViewManager$State
9128:             3             96  com.intellij.openapi.vcs.changes.ChangesViewManager$ToggleDetailsAction
9129:             3             96  com.intellij.openapi.vcs.changes.ChangesViewManager$ToggleShowIgnoredAction
9130:             3             96  com.intellij.openapi.vcs.changes.ControlledCycle
9131:             3             96  com.intellij.openapi.vcs.changes.ControlledCycle$1
9132:             6             96  com.intellij.openapi.vcs.changes.DeletedFilesHolder
9133:             6             96  com.intellij.openapi.vcs.changes.FileHolderComposite
9134:             3             96  com.intellij.openapi.vcs.changes.Modifier
9135:             3             96  com.intellij.openapi.vcs.changes.committed.CachesHolder
9136:             3             96  com.intellij.openapi.vcs.changes.committed.OutdatedVersionNotifier
9137:             3             96  com.intellij.openapi.vcs.changes.ui.ChangesGroupingSupport$Companion$collectFactories$1
9138:             4             96  com.intellij.openapi.vcs.contentAnnotation.VcsContentAnnotationSettings$State
9139:             4             96  com.intellij.openapi.vcs.history.VcsHistoryCache
9140:             4             96  com.intellij.openapi.vcs.impl.FileStatusManagerImpl$1
9141:             4             96  com.intellij.openapi.vcs.impl.ModuleDefaultVcsRootPolicy
9142:             4             96  com.intellij.openapi.vcs.impl.ProjectLevelVcsManagerImpl$$Lambda$1809/1204768599
9143:             6             96  com.intellij.openapi.vcs.impl.VcsFileStatusProvider$1
9144:             4             96  com.intellij.openapi.vcs.impl.projectlevelman.FileWatchRequestsManager
9145:             4             96  com.intellij.openapi.vcs.impl.projectlevelman.MappingsToRoots
9146:             4             96  com.intellij.openapi.vcs.impl.projectlevelman.OptionsAndConfirmations
9147:             3             96  com.intellij.openapi.vcs.readOnlyHandler.ReadonlyStatusHandlerImpl
9148:             4             96  com.intellij.openapi.vfs.CharsetToolkit$GuessedEncoding
9149:             4             96  com.intellij.openapi.vfs.newvfs.persistent.FSRecords$$Lambda$920/980123805
9150:             4             96  com.intellij.openapi.wm.ToolWindowType
9151:             4             96  com.intellij.openapi.wm.impl.ToolWindowManagerImpl$KeyState
9152:             4             96  com.intellij.openapi.wm.impl.status.IdeStatusBarImpl$$Lambda$946/497069621
9153:             3             96  com.intellij.openapi.wm.impl.status.InfoAndProgressPanel$1
9154:             3             96  com.intellij.openapi.wm.impl.status.StatusPanel$4
9155:             4             96  com.intellij.packageDependencies.DependencyValidationManagerImpl$State
9156:             2             96  com.intellij.packaging.impl.artifacts.ArtifactImpl
9157:             3             96  com.intellij.packaging.impl.artifacts.ArtifactManagerImpl$ArtifactManagerModel
9158:             3             96  com.intellij.patterns.PsiElementPattern$7
9159:             4             96  com.intellij.patterns.PsiFilePattern$2
9160:             4             96  com.intellij.patterns.PsiFilePattern$3
9161:             3             96  com.intellij.patterns.PsiJavaElementPattern$4
9162:             4             96  com.intellij.persistence.roles.PersistenceClassRoleEnum
9163:             4             96  com.intellij.plugins.jboss.arquillian.runConfiguration.ArquillianTestNGRunConfigurationType$ArqConfigurationFactory
9164:             4             96  com.intellij.profile.codeInspection.ProjectInspectionProfileManager$schemeManager$1
9165:             6             96  com.intellij.psi.NonClasspathClassFinder$$Lambda$800/1064909982
9166:             6             96  com.intellij.psi.NonClasspathClassFinder$1
9167:             3             96  com.intellij.psi.XmlRecursiveElementWalkingVisitor$1
9168:             4             96  com.intellij.psi.availability.PsiAvailabilityServiceImpl$ParsedState
9169:             4             96  com.intellij.psi.controlFlow.GoToInstruction
9170:             3             96  com.intellij.psi.css.descriptor.CssFunctionDescriptorStub
9171:             4             96  com.intellij.psi.css.impl.descriptor.value.CssGroupValue$Type
9172:             4             96  com.intellij.psi.css.impl.descriptor.value.CssIdValue
9173:             4             96  com.intellij.psi.css.impl.util.table.CssTableValue$Type
9174:             6             96  com.intellij.psi.filters.position.RootTagFilter
9175:             4             96  com.intellij.psi.impl.ElementBase$IconLayer
9176:             3             96  com.intellij.psi.impl.JavaPsiFacadeImpl$2
9177:             4             96  com.intellij.psi.impl.PsiCachedValuesFactory
9178:             4             96  com.intellij.psi.impl.PsiManagerImpl$4
9179:             2             96  com.intellij.psi.impl.file.PsiBinaryFileImpl
9180:             2             96  com.intellij.psi.impl.file.PsiLargeBinaryFileImpl
9181:             3             96  com.intellij.psi.impl.file.impl.JavaFileManagerImpl
9182:             6             96  com.intellij.psi.impl.include.FileIncludeIndex$FileKey
9183:             4             96  com.intellij.psi.impl.java.stubs.FunctionalExpressionKey$CoarseType
9184:             3             96  com.intellij.psi.impl.source.AstPathPsiMap$MyReferenceQueue
9185:             3             96  com.intellij.psi.impl.source.jsp.JspContextManagerImpl
9186:             4             96  com.intellij.psi.impl.source.parsing.xml.XmlBuilder$ProcessingOrder
9187:             3             96  com.intellij.psi.impl.source.tree.injected.ClassMapCachingNulls
9188:             3             96  com.intellij.psi.impl.source.tree.injected.InjectedLanguageManagerImpl
9189:             3             96  com.intellij.psi.impl.source.tree.injected.JavaConcatenationInjectorManager
9190:             6             96  com.intellij.psi.scope.ElementClassFilter
9191:             3             96  com.intellij.psi.search.GlobalSearchScope$FilesScope
9192:             3             96  com.intellij.psi.search.ProjectAndLibrariesScope
9193:             4             96  com.intellij.psi.util.proximity.ReferenceListWeigher$ReferenceListApplicability
9194:             3             96  com.intellij.remoteServer.util.importProject.CloudGitRemoteDetector
9195:             3             96  com.intellij.semantic.SemServiceImpl
9196:             4             96  com.intellij.spellchecker.state.ProjectDictionaryState
9197:             4             96  com.intellij.spring.boot.application.metadata.SpringBootApplicationMetaConfigKey$AccessType
9198:             4             96  com.intellij.spring.boot.application.metadata.SpringBootApplicationMetaConfigKey$DeclarationResolveResult
9199:             4             96  com.intellij.spring.boot.application.metadata.SpringBootApplicationMetaConfigKeyManagerImpl$$Lambda$2619/453706626
9200:             3             96  com.intellij.spring.boot.model.SpringBootApplicationFileSet
9201:             4             96  com.intellij.spring.boot.model.SpringBootModelConfigFileNameContributor$CustomSettingDescriptor
9202:             6             96  com.intellij.spring.boot.model.jam.StringLiteralPsiClassConverter
9203:             3             96  com.intellij.spring.boot.run.lifecycle.ServerConfigurationLiveProperty$MyApplicationServerConfiguration
9204:             3             96  com.intellij.spring.boot.run.lifecycle.SpringBootApplicationInfoImpl$$Lambda$3030/347010209
9205:             4             96  com.intellij.spring.boot.run.lifecycle.beans.LiveContextImpl
9206:             4             96  com.intellij.spring.boot.run.lifecycle.tabs.HealthTreeStructure
9207:             4             96  com.intellij.spring.boot.run.lifecycle.tabs.RequestMappingsPanel$7
9208:             4             96  com.intellij.spring.boot.run.lifecycle.tabs.RequestMappingsPanel$RequestMappingLinkMouseListener
9209:             4             96  com.intellij.spring.contexts.model.graph.LocalModelDependencyType
9210:             3             96  com.intellij.spring.impl.SpringModificationTrackersManagerImpl
9211:             4             96  com.intellij.spring.model.custom.CustomComponentsDiscovererHelper$1$$Lambda$2826/256354814
9212:             3             96  com.intellij.spring.model.highlighting.SpringValidator
9213:             4             96  com.intellij.spring.model.highlighting.config.SpringFacetCodeInspection
9214:             4             96  com.intellij.spring.model.highlighting.config.SpringFacetProgrammaticInspection
9215:             3             96  com.intellij.spring.web.config.SpringWebModelProvider$$Lambda$2453/2086890808
9216:             4             96  com.intellij.spring.web.mvc.SpringControllerClassInfo
9217:             6             96  com.intellij.spring.web.mvc.SpringControllerClassInfo$$Lambda$3970/1964683632
9218:             4             96  com.intellij.spring.web.mvc.model.SpringMVCModelImpl$1
9219:             4             96  com.intellij.spring.web.mvc.model.SpringMVCModelImpl$2
9220:             4             96  com.intellij.spring.web.mvc.model.SpringMVCModelImpl$3
9221:             3             96  com.intellij.spring.webflow.actions.patterns.GenerateWebflowPatternsGroup$WebflowBeanGenerateAction
9222:             3             96  com.intellij.spring.webflow.inspections.WebflowModelInspectionValidator
9223:             3             96  com.intellij.sql.database.SqlDataSourceUpdateQueue
9224:             3             96  com.intellij.sql.database.SqlDbManager
9225:             4             96  com.intellij.sql.dialects.ReservedEntity
9226:             3             96  com.intellij.sql.psi.stubs.SqlSpecificChildStubElementType
9227:             4             96  com.intellij.sql.psi.stubs.SqlTableKeyElementType
9228:             3             96  com.intellij.structuralsearch.IdeaOpenApiClassFinder
9229:             3             96  com.intellij.struts.highlighting.StrutsValidator
9230:             3             96  com.intellij.struts.highlighting.TilesValidator
9231:             3             96  com.intellij.struts.highlighting.ValidationValidator
9232:             3             96  com.intellij.struts2.dom.inspection.Struts2ModelInspection
9233:             3             96  com.intellij.struts2.dom.inspection.Struts2ModelValidator
9234:             3             96  com.intellij.struts2.dom.inspection.ValidatorModelValidator
9235:             4             96  com.intellij.tasks.ChangeListInfo
9236:             4             96  com.intellij.tasks.TaskType
9237:             4             96  com.intellij.tasks.impl.TaskProjectConfiguration
9238:             3             96  com.intellij.ui.AutoScrollFromSourceHandler$AutoScrollFromSourceAction
9239:             4             96  com.intellij.ui.AutoScrollToSourceHandler$1
9240:             4             96  com.intellij.ui.AutoScrollToSourceHandler$2
9241:             4             96  com.intellij.ui.AutoScrollToSourceHandler$3
9242:             4             96  com.intellij.ui.FinderRecursivePanel$6
9243:             4             96  com.intellij.ui.JBTabsPaneImpl
9244:             4             96  com.intellij.ui.TabbedPaneWrapper$JBTabsFactory
9245:             1             96  com.intellij.ui.components.JBList$AccessibleJBList
9246:             4             96  com.intellij.ui.components.JBScrollPane$Alignment
9247:             4             96  com.intellij.ui.components.JBScrollPane$Flip
9248:             4             96  com.intellij.ui.components.ScrollPainter$ColorFunction
9249:             3             96  com.intellij.ui.components.ScrollPainter$Round
9250:             4             96  com.intellij.ui.docking.impl.DockManagerImpl$2
9251:             4             96  com.intellij.ui.paint.LinePainter2D$StrokeType
9252:             6             96  com.intellij.ui.popup.AbstractPopup$7
9253:             4             96  com.intellij.ui.speedSearch.ListWithFilter$MySpeedSearch$1
9254:             4             96  com.intellij.ui.speedSearch.NameFilteringListModel$$Lambda$3014/822753746
9255:             4             96  com.intellij.ui.table.JBTable$DefaultColumnInfoBasedRowSorter$TableRowSorterModelWrapper
9256:             3             96  com.intellij.ui.tabs.FileColorsModel
9257:             4             96  com.intellij.ui.tabs.JBTabsPosition
9258:             4             96  com.intellij.ui.tree.TreeVisitor$Action
9259:             3             96  com.intellij.ui.treeStructure.PatchedDefaultMutableTreeNode
9260:             4             96  com.intellij.uiDesigner.GuiDesignerConfiguration
9261:             4             96  com.intellij.uiDesigner.actions.ShowJavadocAction
9262:             3             96  com.intellij.uiDesigner.actions.StartInplaceEditingAction
9263:             3             96  com.intellij.uiDesigner.componentTree.ComponentTree$1
9264:             3             96  com.intellij.uiDesigner.propertyInspector.DesignerToolWindow
9265:             3             96  com.intellij.uiDesigner.propertyInspector.PropertyInspectorTable$MyCellEditor
9266:             3             96  com.intellij.uiDesigner.propertyInspector.PropertyInspectorTable$MyEnterAction
9267:             3             96  com.intellij.uiDesigner.propertyInspector.PropertyInspectorTable$MySelectNextRowAction
9268:             3             96  com.intellij.uiDesigner.propertyInspector.PropertyInspectorTable$MySelectPreviousRowAction
9269:             3             96  com.intellij.uiDesigner.propertyInspector.PropertyInspectorTable$MyStartEditingAction
9270:             3             96  com.intellij.uiDesigner.propertyInspector.editors.BindingEditor$2
9271:             3             96  com.intellij.uiDesigner.propertyInspector.properties.BindingProperty
9272:             3             96  com.intellij.uiDesigner.propertyInspector.properties.BorderProperty
9273:             3             96  com.intellij.uiDesigner.propertyInspector.properties.BorderProperty$MyBorderColorProperty
9274:             3             96  com.intellij.uiDesigner.propertyInspector.properties.BorderProperty$MyTitleFontProperty
9275:             3             96  com.intellij.uiDesigner.propertyInspector.properties.BorderProperty$MyTitleProperty
9276:             3             96  com.intellij.uiDesigner.propertyInspector.properties.BorderProperty$MyTypeProperty
9277:             3             96  com.intellij.uiDesigner.propertyInspector.properties.ButtonGroupProperty
9278:             3             96  com.intellij.uiDesigner.propertyInspector.properties.ButtonGroupProperty$MyPropertyEditor
9279:             3             96  com.intellij.uiDesigner.propertyInspector.properties.ClassToBindProperty
9280:             3             96  com.intellij.uiDesigner.propertyInspector.properties.ClassToBindProperty$MyEditor$MyCancelEditingAction
9281:             3             96  com.intellij.uiDesigner.propertyInspector.properties.LayoutManagerProperty
9282:             6             96  com.intellij.uiDesigner.quickFixes.FocusListenerImpl
9283:             1             96  com.intellij.usages.ShowUsageViewSettings
9284:             1             96  com.intellij.usages.UsageViewSettings
9285:             4             96  com.intellij.util.Alarm$ThreadToUse
9286:             4             96  com.intellij.util.CachedValuesManagerImpl
9287:             3             96  com.intellij.util.LineSeparator
9288:             4             96  com.intellij.util.PathsList
9289:             4             96  com.intellij.util.config.Storage$PropertiesComponentStorage
9290:             4             96  com.intellij.util.config.StringProperty
9291:             6             96  com.intellij.util.containers.ConcurrentBitSet
9292:             3             96  com.intellij.util.containers.HashSetQueue$1
9293:             4             96  com.intellij.util.containers.MultiMap$4
9294:             4             96  com.intellij.util.containers.WeakKeyWeakValueHashMap
9295:             4             96  com.intellij.util.diff.DiffTree$CompareResult
9296:             4             96  com.intellij.util.graph.DFSTBuilder$2$1$1$1
9297:             4             96  com.intellij.util.indexing.IndexingStamp$Timestamps
9298:             6             96  com.intellij.util.io.EnumeratorStringDescriptor
9299:             3             96  com.intellij.util.io.SafeFileOutputStream
9300:             3             96  com.intellij.util.io.storage.RefCountingStorage$1
9301:             4             96  com.intellij.util.messages.impl.MessageListenerList
9302:             6             96  com.intellij.util.proxy.PropertiesEncryptionSupport
9303:             4             96  com.intellij.util.ui.JBUI$ScaleType
9304:             4             96  com.intellij.util.ui.UIUtil$ComponentStyle
9305:             4             96  com.intellij.util.ui.tree.TreeModelAdapter$EventType
9306:             6             96  com.intellij.util.ui.update.UiNotifyConnector$$Lambda$369/1625120996
9307:             6             96  com.intellij.util.xml.impl.GenericValueReferenceProvider
9308:             6             96  com.intellij.util.xmlb.SkipDefaultsSerializationFilter
9309:             4             96  com.intellij.vcs.commit.CommitMessageSpellCheckingInspection
9310:             4             96  com.intellij.vcs.commit.SubjectBodySeparationInspection
9311:             1             96  com.intellij.vcs.log.data.VcsLogStorageImpl$MyPersistentBTreeEnumerator
9312:             3             96  com.intellij.vcs.log.data.index.VcsLogFullDetailsIndex$MyIndexExtension
9313:             2             96  com.intellij.vcs.log.impl.VcsLogUiPropertiesImpl$State
9314:             3             96  com.intellij.vcs.log.impl.VcsRefImpl
9315:             4             96  com.intellij.vcs.log.impl.VcsUserImpl
9316:             4             96  com.intellij.ws.http.request.completion.HttpSuffixInsertHandler
9317:             1             96  com.intellij.xdebugger.impl.XDebuggerSupport
9318:             3             96  com.intellij.xdebugger.impl.breakpoints.XDependentBreakpointManager
9319:             3             96  com.intellij.xdebugger.impl.breakpoints.XLineBreakpointManager
9320:             4             96  com.intellij.xdebugger.impl.settings.XDebuggerSettingManagerImpl$SettingsState
9321:             6             96  com.intellij.xml.breadcrumbs.BreadcrumbsXmlWrapper$$Lambda$1099/1539872553
9322:             6             96  com.intellij.xml.breadcrumbs.BreadcrumbsXmlWrapper$1
9323:             6             96  com.intellij.xml.breadcrumbs.BreadcrumbsXmlWrapper$2
9324:             6             96  com.intellij.xml.breadcrumbs.BreadcrumbsXmlWrapper$4
9325:             4             96  com.intellij.xml.impl.schema.ComplexTypeDescriptor$CanContainAttributeType
9326:             4             96  com.jediterm.terminal.emulator.charset.GraphicSet
9327:             4             96  com.jediterm.terminal.emulator.mouse.MouseFormat
9328:             3             96  com.jetbrains.jsonSchema.JsonSchemaVfsListener$MyUpdater
9329:             3             96  com.jetbrains.jsonSchema.impl.JsonSchemaServiceImpl
9330:             2             96  com.jetbrains.plugins.webDeployment.actions.DeploymentActionGroup
9331:             3             96  com.jetbrains.plugins.webDeployment.config.PublishConfig
9332:             3             96  com.jetbrains.plugins.webDeployment.config.WebServersConfigManagerBaseImpl$Project
9333:             3             96  com.jetbrains.plugins.webDeployment.config.sftp.HostKeyCheckingLevel
9334:             3             96  com.jetbrains.plugins.webDeployment.conflicts.RemoteChangeNotifier
9335:             4             96  com.jetbrains.quirksmode.BrowserFamily
9336:             4             96  com.jetbrains.quirksmode.HtmlTagPattern$3
9337:             3             96  com.rover12421.exTENdS.pROTecteD
9338:             3             96  com.rover12421.exTENdS.pROTecteD
9339:             6             96  com.rover12421.exTENdS.privAte
9340:             6             96  com.rover12421.exTENdS.privAte
9341:             3             96  com.sixrr.inspectjs.bitwise.PointlessBitwiseExpressionJSInspection
9342:             3             96  com.sixrr.inspectjs.confusing.EmptyStatementBodyJSInspection
9343:             3             96  com.sixrr.inspectjs.confusing.PointlessArithmeticExpressionJSInspection
9344:             3             96  com.sixrr.inspectjs.confusing.PointlessBooleanExpressionJSInspection
9345:             3             96  com.sixrr.inspectjs.control.TrivialIfJSInspection
9346:             3             96  com.sixrr.inspectjs.control.UnnecessaryContinueJSInspection
9347:             3             96  com.sixrr.inspectjs.control.UnnecessaryLabelOnBreakStatementJSInspection
9348:             3             96  com.sixrr.inspectjs.control.UnnecessaryLabelOnContinueStatementJSInspection
9349:             3             96  com.sixrr.inspectjs.control.UnnecessaryReturnJSInspection
9350:             3             96  com.sixrr.inspectjs.dataflow.UnnecessaryLocalVariableJSInspection
9351:             3             96  com.siyeh.ig.abstraction.StaticMethodOnlyUsedInOneClassInspection
9352:             3             96  com.siyeh.ig.bitwise.PointlessBitwiseExpressionInspection
9353:             3             96  com.siyeh.ig.bugs.EmptyStatementBodyInspection
9354:             3             96  com.siyeh.ig.bugs.EqualsBetweenInconvertibleTypesInspection
9355:             3             96  com.siyeh.ig.bugs.EqualsOnSuspiciousObjectInspection
9356:             3             96  com.siyeh.ig.bugs.IgnoreResultOfCallInspection
9357:             3             96  com.siyeh.ig.bugs.ObjectEqualityInspection
9358:             3             96  com.siyeh.ig.classlayout.ClassMayBeInterfaceInspection
9359:             3             96  com.siyeh.ig.cloneable.CloneDeclaresCloneNotSupportedInspection
9360:             3             96  com.siyeh.ig.controlflow.ConditionalCanBePushedInsideExpressionInspection
9361:             3             96  com.siyeh.ig.controlflow.ConditionalExpressionInspection
9362:             3             96  com.siyeh.ig.controlflow.ConfusingElseInspection
9363:             3             96  com.siyeh.ig.controlflow.ForLoopReplaceableByWhileInspection
9364:             3             96  com.siyeh.ig.controlflow.LoopConditionNotUpdatedInsideLoopInspection
9365:             3             96  com.siyeh.ig.controlflow.PointlessBooleanExpressionInspection
9366:             3             96  com.siyeh.ig.controlflow.PointlessNullCheckInspection
9367:             3             96  com.siyeh.ig.controlflow.UnnecessaryContinueInspection
9368:             3             96  com.siyeh.ig.controlflow.UnnecessaryReturnInspection
9369:             3             96  com.siyeh.ig.dataflow.TooBroadScopeInspection
9370:             3             96  com.siyeh.ig.dataflow.UnnecessaryLocalVariableInspection
9371:             3             96  com.siyeh.ig.dependency.ClassWithTooManyDependenciesInspection
9372:             3             96  com.siyeh.ig.dependency.ClassWithTooManyDependentsInspection
9373:             3             96  com.siyeh.ig.dependency.ClassWithTooManyTransitiveDependenciesInspection
9374:             3             96  com.siyeh.ig.dependency.ClassWithTooManyTransitiveDependentsInspection
9375:             3             96  com.siyeh.ig.errorhandling.ThrowFromFinallyBlockInspection
9376:             3             96  com.siyeh.ig.inheritance.RefusedBequestInspection
9377:             3             96  com.siyeh.ig.migration.EqualsReplaceableByObjectsCallInspection
9378:             3             96  com.siyeh.ig.migration.ForCanBeForeachInspection
9379:             3             96  com.siyeh.ig.migration.IfCanBeSwitchInspection
9380:             3             96  com.siyeh.ig.migration.MethodCanBeVariableArityMethodInspection
9381:             3             96  com.siyeh.ig.migration.UnnecessaryBoxingInspection
9382:             3             96  com.siyeh.ig.migration.UnnecessaryUnboxingInspection
9383:             3             96  com.siyeh.ig.modularization.ModuleWithTooFewClassesInspection
9384:             3             96  com.siyeh.ig.modularization.ModuleWithTooManyClassesInspection
9385:             3             96  com.siyeh.ig.numeric.CachedNumberConstructorCallInspection
9386:             3             96  com.siyeh.ig.numeric.PointlessArithmeticExpressionInspection
9387:             3             96  com.siyeh.ig.packaging.EmptyDirectoryInspection
9388:             3             96  com.siyeh.ig.packaging.PackageWithTooFewClassesInspection
9389:             3             96  com.siyeh.ig.packaging.PackageWithTooManyClassesInspection
9390:             3             96  com.siyeh.ig.performance.StringConstructorInspection
9391:             3             96  com.siyeh.ig.performance.ToArrayCallWithZeroLengthArrayArgumentInspection
9392:             4             96  com.siyeh.ig.psiutils.ControlFlowUtils$InitializerUsageStatus
9393:             3             96  com.siyeh.ig.style.CStyleArrayDeclarationInspection
9394:             3             96  com.siyeh.ig.style.UnnecessaryBlockStatementInspection
9395:             3             96  com.siyeh.ig.style.UnnecessaryFullyQualifiedNameInspection
9396:             3             96  com.siyeh.ig.style.UnnecessaryParenthesesInspection
9397:             3             96  com.siyeh.ig.threading.SynchronizationOnLocalVariableOrMethodParameterInspection
9398:             3             96  com.siyeh.ig.threading.WhileLoopSpinsOnFieldInspection
9399:             4             96  com.siyeh.ipp.switchtoif.ReplaceSwitchWithIfIntention
9400:             1             96  com.sun.crypto.provider.SunJCE
9401:             3             96  com.sun.jmx.mbeanserver.DefaultMXBeanMappingFactory$EnumMapping
9402:             4             96  com.sun.jna.StructureReadContext
9403:             1             96  com.sun.net.ssl.internal.ssl.Provider
9404:             6             96  com.sun.proxy.$Proxy138
9405:             6             96  com.sun.proxy.$Proxy139
9406:             6             96  com.sun.proxy.$Proxy163
9407:             6             96  com.sun.proxy.$Proxy189
9408:             6             96  com.sun.proxy.$Proxy198
9409:             6             96  com.sun.proxy.$Proxy3
9410:             6             96  com.sun.proxy.$Proxy42
9411:             6             96  com.sun.proxy.$Proxy53
9412:             6             96  com.sun.proxy.$Proxy78
9413:             1             96  com.sun.security.sasl.Provider
9414:             4             96  com.sun.tools.javac.main.Option$OptionGroup
9415:             4             96  com.sun.xml.internal.bind.v2.model.annotation.RuntimeInlineAnnotationReader
9416:             4             96  com.sun.xml.internal.bind.v2.runtime.ElementBeanInfoImpl$1
9417:             4             96  com.sun.xml.internal.bind.v2.runtime.JAXBContextImpl$1
9418:             4             96  com.sun.xml.internal.bind.v2.runtime.JAXBContextImpl$2
9419:             3             96  com.zeroturnaround.http.proxy.ProxyType
9420:             4             96  com.zeroturnaround.jrebel.ide.common.guide.model.GuideModel$Step
9421:             4             96  com.zeroturnaround.jrebel.ide.common.guide.model.GuideModel$StepState
9422:             4             96  com.zeroturnaround.jrebel.remoting.RemoteServerConfigurations$ServerSelection
9423:             4             96  de.plushnikov.intellij.plugin.processor.clazz.SetterProcessor
9424:             3             96  de.plushnikov.intellij.plugin.processor.clazz.builder.BuilderProcessor
9425:             3             96  de.plushnikov.intellij.plugin.processor.clazz.log.CommonsLogProcessor
9426:             3             96  de.plushnikov.intellij.plugin.processor.clazz.log.FloggerProcessor
9427:             3             96  de.plushnikov.intellij.plugin.processor.clazz.log.JBossLogProcessor
9428:             3             96  de.plushnikov.intellij.plugin.processor.clazz.log.Log4j2Processor
9429:             3             96  de.plushnikov.intellij.plugin.processor.clazz.log.Log4jProcessor
9430:             3             96  de.plushnikov.intellij.plugin.processor.clazz.log.LogProcessor
9431:             3             96  de.plushnikov.intellij.plugin.processor.clazz.log.Slf4jProcessor
9432:             3             96  de.plushnikov.intellij.plugin.processor.clazz.log.XSlf4jProcessor
9433:             4             96  de.plushnikov.intellij.plugin.processor.field.FieldNameConstantsFieldProcessor
9434:             3             96  dk.brics.automaton.State
9435:             4             96  git4idea.GitStandardRemoteBranch
9436:             3             96  git4idea.GitUserRegistry
9437:             2             96  git4idea.actions.GitMenu
9438:             3             96  git4idea.config.GitExecutableValidator
9439:             4             96  git4idea.repo.GitBranchTrackInfo
9440:             1             96  git4idea.repo.GitRepositoryFiles
9441:             3             96  git4idea.repo.GitRepositoryManager
9442:             3             96  git4idea.status.GitChangeProvider
9443:             2             96  gnu.trove.TLongObjectHashMap
9444:             4             96  io.netty.util.ResourceLeakDetector$Level
9445:             3             96  io.netty.util.concurrent.DefaultPromise
9446:             6             96  io.netty.util.internal.TypeParameterMatcher$ReflectiveMatcher
9447:             2             96  java.awt.DefaultKeyboardFocusManager$DefaultKeyboardFocusManagerSentEvent
9448:             4             96  java.awt.Dialog$ModalityType
9449:             2             96  java.awt.LightweightDispatcher
9450:             6             96  java.io.ObjectInputStream$ValidationList
9451:             2             96  java.lang.ProcessEnvironment
9452:             3             96  java.lang.StringCoding$StringDecoder
9453:             4             96  java.nio.file.FileVisitResult
9454:             4             96  java.rmi.dgc.Lease
9455:             4             96  java.text.Normalizer$Form
9456:             4             96  java.time.format.DateTimeFormatterBuilder$OffsetIdPrinterParser
9457:             4             96  java.time.format.DateTimeFormatterBuilder$SettingsParser
9458:             2             96  java.util.concurrent.ConcurrentHashMap$Traverser
9459:             3             96  java.util.concurrent.DelayQueue
9460:             3             96  java.util.concurrent.Semaphore$FairSync
9461:             3             96  java.util.concurrent.atomic.AtomicLongFieldUpdater$CASUpdater
9462:             3             96  java.util.concurrent.atomic.LongAdder
9463:             4             96  java.util.regex.Pattern$BackRef
9464:             4             96  java.util.regex.Pattern$Neg
9465:             4             96  java.util.regex.Pattern$Pos
9466:             3             96  java.util.stream.ReduceOps$4
9467:             3             96  java.util.stream.ReduceOps$4ReducingSink
9468:             4             96  java.util.stream.StreamShape
9469:             3             96  java.util.zip.DeflaterOutputStream
9470:             4             96  javassist.bytecode.AttributeInfo
9471:             2             96  javax.management.openmbean.TabularType
9472:             4             96  javax.swing.ClientPropertyKey
9473:             4             96  javax.swing.RowSorter$SortKey
9474:             6             96  javax.swing.plaf.basic.BasicPopupMenuUI$Actions
9475:             3             96  javax.swing.text.DefaultEditorKit$BeginLineAction
9476:             3             96  javax.swing.text.DefaultEditorKit$BeginParagraphAction
9477:             3             96  javax.swing.text.DefaultEditorKit$BeginWordAction
9478:             3             96  javax.swing.text.DefaultEditorKit$EndLineAction
9479:             3             96  javax.swing.text.DefaultEditorKit$EndParagraphAction
9480:             3             96  javax.swing.text.DefaultEditorKit$EndWordAction
9481:             3             96  javax.swing.text.StyledEditorKit$AlignmentAction
9482:             6             96  javax.swing.text.StyledEditorKit$AttributeTracker
9483:             3             96  javax.swing.text.StyledEditorKit$FontFamilyAction
9484:             6             96  javax.swing.text.html.ImageView$ImageHandler
9485:             4             96  javax.xml.bind.annotation.XmlAccessType
9486:             6             96  kotlin.collections.CollectionsKt___CollectionsKt$asSequence$$inlined$Sequence$1
9487:             4             96  kotlin.reflect.KVisibility
9488:             3             96  kotlin.reflect.jvm.internal.impl.builtins.functions.FunctionClassDescriptor$Kind
9489:             4             96  kotlin.reflect.jvm.internal.impl.descriptors.CallableMemberDescriptor$Kind
9490:             4             96  kotlin.reflect.jvm.internal.impl.descriptors.Modality
9491:             1             96  kotlin.reflect.jvm.internal.impl.descriptors.impl.ClassConstructorDescriptorImpl
9492:             4             96  kotlin.reflect.jvm.internal.impl.load.java.AnnotationTypeQualifierResolver$QualifierApplicabilityType
9493:             4             96  kotlin.reflect.jvm.internal.impl.load.java.descriptors.JavaMethodDescriptor$ParameterNamesStatus
9494:             4             96  kotlin.reflect.jvm.internal.impl.load.java.typeEnhancement.JavaTypeQualifiers
9495:             3             96  kotlin.reflect.jvm.internal.impl.load.kotlin.JvmMetadataVersion
9496:             4             96  kotlin.reflect.jvm.internal.impl.resolve.ExternalOverridabilityCondition$Result
9497:             4             96  kotlin.reflect.jvm.internal.impl.serialization.Flags$EnumLiteFlagField
9498:             4             96  kotlin.reflect.jvm.internal.impl.serialization.ProtoBuf$MemberKind
9499:             4             96  kotlin.reflect.jvm.internal.impl.serialization.ProtoBuf$Modality
9500:             4             96  kotlin.reflect.jvm.internal.impl.serialization.ProtoBuf$Type$Argument$Projection
9501:             4             96  kotlin.reflect.jvm.internal.impl.serialization.deserialization.AnnotatedCallableKind
9502:             4             96  kotlin.reflect.jvm.internal.impl.serialization.deserialization.AnnotationDeserializer
9503:             3             96  kotlin.reflect.jvm.internal.impl.types.Variance
9504:             4             96  kotlin.reflect.jvm.internal.impl.util.ValueParameterCountCheck$AtLeast
9505:             3             96  kotlin.reflect.jvm.internal.impl.utils.Jsr305State
9506:             4             96  kotlin.reflect.jvm.internal.pcollections.HashPMap
9507:             4             96  kotlinx.coroutines.experimental.CoroutineStart
9508:             6             96  net.sf.cglib.core.AbstractClassGenerator$ClassLoaderData$1
9509:             6             96  net.sf.cglib.core.AbstractClassGenerator$ClassLoaderData$3
9510:             6             96  net.sourceforge.pmd.lang.java.symboltable.TypeSet$FullyQualifiedNameResolver
9511:             6             96  net.sourceforge.pmd.lang.java.symboltable.TypeSet$ImplicitImportResolver
9512:             6             96  net.sourceforge.pmd.lang.java.symboltable.TypeSet$PrimitiveTypeResolver
9513:             6             96  net.sourceforge.pmd.lang.java.symboltable.TypeSet$VoidResolver
9514:             3             96  net.sourceforge.pmd.lang.rule.properties.StringProperty
9515:             4             96  org.angularjs.index.AngularIndexUtil$$Lambda$2122/949879754
9516:             4             96  org.apache.commons.lang3.tuple.ImmutablePair
9517:             3             96  org.apache.log4j.helpers.PatternParser$BasicPatternConverter
9518:             4             96  org.apache.velocity.util.introspection.ClassMap
9519:             4             96  org.apache.velocity.util.introspection.ClassMap$MethodCache
9520:             3             96  org.apache.xerces.impl.XMLEntityScanner
9521:             3             96  org.apache.xerces.impl.XMLVersionDetector
9522:             3             96  org.apache.xerces.impl.dtd.XMLElementDecl
9523:             4             96  org.apache.xerces.jaxp.validation.XMLSchema
9524:             4             96  org.apache.xerces.jaxp.validation.XMLSchemaFactory$XMLGrammarPoolImplExtension
9525:             3             96  org.apache.xerces.util.NamespaceSupport
9526:             2             96  org.apache.xerces.util.URI
9527:             3             96  org.coffeescript.codeinsight.inspections.CoffeeScriptFunctionSignaturesInspection
9528:             3             96  org.coffeescript.codeinsight.inspections.CoffeeScriptUnusedLocalSymbolsInspection
9529:             4             96  org.imgscalr.Scalr$Mode
9530:             3             96  org.intellij.images.options.impl.EditorOptionsImpl
9531:             3             96  org.intellij.images.options.impl.GridOptionsImpl
9532:             3             96  org.intellij.images.options.impl.TransparencyChessboardOptionsImpl
9533:             3             96  org.intellij.images.options.impl.ZoomOptionsImpl
9534:             1             96  org.intellij.images.util.imageio.CommonsImagingImageReaderSpi
9535:             6             96  org.intellij.lang.regexp.RegExpCompletionContributor$NamedCharacterCompletionProvider
9536:             4             96  org.intellij.lang.xpath.xslt.validation.inspections.VariableShadowingInspection$1
9537:             3             96  org.intellij.lang.xpath.xslt.validation.inspections.XsltDeclarationInspection
9538:             4             96  org.intellij.lang.xpath.xslt.validation.inspections.XsltDeclarationInspection$1
9539:             4             96  org.intellij.plugins.intelliLang.Configuration$DfaOption
9540:             3             96  org.intellij.plugins.intelliLang.inject.java.ConcatenationInjector
9541:             3             96  org.intellij.plugins.intelliLang.pattern.PatternValidator
9542:             4             96  org.intellij.plugins.intelliLang.util.AnnotationUtilEx$LookupType
9543:             3             96  org.intellij.plugins.markdown.ui.split.SplitFileEditor$SplitEditorLayout
9544:             4             96  org.intellij.plugins.xpathView.search.SearchScope$ScopeType
9545:             2             96  org.iq80.snappy.SnappyFramedInputStream
9546:             1             96  org.jcp.xml.dsig.internal.dom.XMLDSigRI
9547:             4             96  org.jdom.output.XMLOutputter$NamespaceStack
9548:             6             96  org.jetbrains.android.compiler.AndroidBuildProcessParametersProvider
9549:             6             96  org.jetbrains.android.inspections.lint.AndroidLintExternalAnnotator
9550:             3             96  org.jetbrains.idea.devkit.inspections.DescriptionType
9551:             3             96  org.jetbrains.idea.devkit.util.ComponentType
9552:             3             96  org.jetbrains.idea.maven.dom.generate.MavenGenerateDomElementProvider
9553:             3             96  org.jetbrains.idea.maven.dom.generate.MavenGenerateTemplateAction
9554:             3             96  org.jetbrains.idea.maven.execution.MavenExecutionOptions$ChecksumPolicy
9555:             3             96  org.jetbrains.idea.maven.execution.MavenExecutionOptions$PluginUpdatePolicy
9556:             3             96  org.jetbrains.idea.maven.navigator.MavenProjectsNavigatorPanel$MyTransferHandler
9557:             4             96  org.jetbrains.idea.maven.navigator.MavenProjectsNavigatorState
9558:             4             96  org.jetbrains.idea.maven.project.MavenImportingSettings$GeneratedSourcesFolder
9559:             4             96  org.jetbrains.idea.maven.project.MavenModificationTracker
9560:             6             96  org.jetbrains.idea.maven.project.MavenProjectsManager$$Lambda$755/1889352797
9561:             3             96  org.jetbrains.idea.maven.project.MavenProjectsManager$3
9562:             3             96  org.jetbrains.idea.maven.tasks.MavenShortcutsManager
9563:             4             96  org.jetbrains.idea.maven.tasks.MavenTasksManager$Phase
9564:             3             96  org.jetbrains.idea.maven.utils.MavenImportNotifier
9565:             4             96  org.jetbrains.idea.perforce.application.PerforceNumberNameSynchronizer$ConfigBean
9566:             2             96  org.jetbrains.idea.svn.actions.SubversionGroup
9567:             3             96  org.jetbrains.io.ChannelRegistrar
9568:             2             96  org.jetbrains.java.debugger.breakpoints.properties.JavaMethodBreakpointProperties
9569:             4             96  org.jetbrains.jps.api.CmdlineRemoteProto$Message$BuilderMessage$BuildEvent$Status
9570:             4             96  org.jetbrains.jps.api.CmdlineRemoteProto$Message$BuilderMessage$Type
9571:             2             96  org.jetbrains.jps.api.CmdlineRemoteProto$Message$ControllerMessage
9572:             2             96  org.jetbrains.jps.api.CmdlineRemoteProto$Message$ControllerMessage$FSEvent
9573:             4             96  org.jetbrains.jps.api.CmdlineRemoteProto$Message$ControllerMessage$ParametersMessage$TargetTypeBuildScope$Builder
9574:             4             96  org.jetbrains.jps.api.CmdlineRemoteProto$Message$ControllerMessage$Type
9575:             6             96  org.jetbrains.jps.backwardRefs.CompilerBackwardReferenceIndex$1
9576:             6             96  org.jetbrains.jps.backwardRefs.index.CompilerIndices$1
9577:             6             96  org.jetbrains.jps.backwardRefs.index.CompilerIndices$2
9578:             6             96  org.jetbrains.jps.backwardRefs.index.CompilerIndices$3
9579:             6             96  org.jetbrains.jps.backwardRefs.index.CompilerIndices$4
9580:             6             96  org.jetbrains.jps.backwardRefs.index.CompilerIndices$5
9581:             6             96  org.jetbrains.jps.backwardRefs.index.CompilerIndices$7
9582:             4             96  org.jetbrains.jps.model.ex.JpsElementCollectionRole
9583:             3             96  org.jetbrains.jps.model.module.impl.JpsModuleSourceRootImpl
9584:             3             96  org.jetbrains.kotlin.builtins.functions.FunctionClassDescriptor$Kind
9585:             6             96  org.jetbrains.kotlin.config.AnalysisFlag$Flag
9586:             3             96  org.jetbrains.kotlin.config.JVMConstructorCallNormalizationMode
9587:             4             96  org.jetbrains.kotlin.config.LanguageFeature$State
9588:             3             96  org.jetbrains.kotlin.container.ComponentStorage
9589:             4             96  org.jetbrains.kotlin.container.ComponentStorageState
9590:             4             96  org.jetbrains.kotlin.descriptors.CallableMemberDescriptor$Kind
9591:             4             96  org.jetbrains.kotlin.descriptors.Modality
9592:             1             96  org.jetbrains.kotlin.descriptors.impl.ClassConstructorDescriptorImpl
9593:             3             96  org.jetbrains.kotlin.descriptors.impl.LazyClassReceiverParameterDescriptor
9594:             2             96  org.jetbrains.kotlin.idea.actions.internal.KotlinInternalActionGroup
9595:             3             96  org.jetbrains.kotlin.idea.core.script.ScriptDefinitionsManager
9596:             3             96  org.jetbrains.kotlin.idea.core.script.StandardIdeScriptDefinition
9597:             4             96  org.jetbrains.kotlin.idea.debugger.KotlinDebuggerSettings
9598:             3             96  org.jetbrains.kotlin.idea.inspections.ImplicitNullableNothingTypeInspection
9599:             3             96  org.jetbrains.kotlin.idea.inspections.PlatformExtensionReceiverOfInlineInspection
9600:             3             96  org.jetbrains.kotlin.idea.inspections.ReplaceArrayEqualityOpWithArraysEqualsInspection
9601:             3             96  org.jetbrains.kotlin.idea.inspections.ReplacePutWithAssignmentInspection
9602:             3             96  org.jetbrains.kotlin.idea.inspections.ReplaceWithOperatorAssignmentInspection
9603:             3             96  org.jetbrains.kotlin.idea.inspections.SimplifyAssertNotNullInspection
9604:             3             96  org.jetbrains.kotlin.idea.inspections.SimplifyNegatedBinaryExpressionInspection
9605:             3             96  org.jetbrains.kotlin.idea.inspections.branchedTransformations.IntroduceWhenSubjectInspection
9606:             3             96  org.jetbrains.kotlin.idea.inspections.collections.UselessCallOnCollectionInspection
9607:             3             96  org.jetbrains.kotlin.idea.inspections.collections.UselessCallOnNotNullInspection
9608:             3             96  org.jetbrains.kotlin.idea.inspections.conventionNameCalls.ReplaceCallWithBinaryOperatorInspection
9609:             3             96  org.jetbrains.kotlin.idea.inspections.conventionNameCalls.ReplaceGetOrSetInspection
9610:             3             96  org.jetbrains.kotlin.idea.intentions.ConvertLambdaToReferenceInspection
9611:             3             96  org.jetbrains.kotlin.idea.intentions.ConvertLambdaToReferenceIntention
9612:             3             96  org.jetbrains.kotlin.idea.intentions.ConvertReferenceToLambdaInspection
9613:             3             96  org.jetbrains.kotlin.idea.intentions.ConvertReferenceToLambdaIntention
9614:             3             96  org.jetbrains.kotlin.idea.intentions.ConvertSecondaryConstructorToPrimaryInspection
9615:             3             96  org.jetbrains.kotlin.idea.intentions.ConvertToStringTemplateInspection
9616:             3             96  org.jetbrains.kotlin.idea.intentions.ConvertTryFinallyToUseCallInspection
9617:             3             96  org.jetbrains.kotlin.idea.intentions.ConvertTwoComparisonsToRangeCheckInspection
9618:             3             96  org.jetbrains.kotlin.idea.intentions.DeprecatedCallableAddReplaceWithInspection
9619:             3             96  org.jetbrains.kotlin.idea.intentions.FoldInitializerAndIfToElvisInspection
9620:             3             96  org.jetbrains.kotlin.idea.intentions.JoinDeclarationAndAssignmentInspection
9621:             3             96  org.jetbrains.kotlin.idea.intentions.ObjectLiteralToLambdaInspection
9622:             3             96  org.jetbrains.kotlin.idea.intentions.RemoveCurlyBracesFromTemplateInspection
9623:             3             96  org.jetbrains.kotlin.idea.intentions.RemoveEmptyClassBodyInspection
9624:             3             96  org.jetbrains.kotlin.idea.intentions.RemoveEmptyParenthesesFromLambdaCallInspection
9625:             3             96  org.jetbrains.kotlin.idea.intentions.RemoveEmptyPrimaryConstructorInspection
9626:             3             96  org.jetbrains.kotlin.idea.intentions.RemoveEmptySecondaryConstructorBodyInspection
9627:             3             96  org.jetbrains.kotlin.idea.intentions.RemoveExplicitSuperQualifierInspection
9628:             3             96  org.jetbrains.kotlin.idea.intentions.RemoveExplicitTypeArgumentsInspection
9629:             3             96  org.jetbrains.kotlin.idea.intentions.RemoveForLoopIndicesInspection
9630:             3             96  org.jetbrains.kotlin.idea.intentions.RemoveRedundantCallsOfConversionMethodsInspection
9631:             3             96  org.jetbrains.kotlin.idea.intentions.ReplaceSingleLineLetInspection
9632:             3             96  org.jetbrains.kotlin.idea.intentions.ReplaceSizeCheckWithIsNotEmptyInspection
9633:             3             96  org.jetbrains.kotlin.idea.intentions.ReplaceSizeZeroCheckWithIsEmptyInspection
9634:             3             96  org.jetbrains.kotlin.idea.intentions.SimplifyBooleanWithConstantsInspection
9635:             3             96  org.jetbrains.kotlin.idea.intentions.branchedTransformations.intentions.IfThenToElvisInspection
9636:             3             96  org.jetbrains.kotlin.idea.intentions.branchedTransformations.intentions.IfThenToElvisIntention
9637:             3             96  org.jetbrains.kotlin.idea.intentions.loopToCallChain.UseWithIndexInspection
9638:             3             96  org.jetbrains.kotlin.idea.maven.inspections.DifferentKotlinMavenVersionInspection
9639:             3             96  org.jetbrains.kotlin.idea.spring.inspections.SpringKotlinAutowiringInspection
9640:             3             96  org.jetbrains.kotlin.idea.stubindex.SubpackagesIndexService$SubpackagesIndex
9641:             6             96  org.jetbrains.kotlin.idea.versions.KotlinMetadataVersionIndexBase$getKeyDescriptor$1
9642:             4             96  org.jetbrains.kotlin.idea.versions.LibInfo
9643:             4             96  org.jetbrains.kotlin.idea.vfilefinder.KotlinMetadataFileIndexBase$INDEXER$1
9644:             4             96  org.jetbrains.kotlin.load.java.AnnotationTypeQualifierResolver$QualifierApplicabilityType
9645:             4             96  org.jetbrains.kotlin.load.java.descriptors.JavaMethodDescriptor$ParameterNamesStatus
9646:             4             96  org.jetbrains.kotlin.load.java.typeEnhancement.JavaTypeQualifiers
9647:             4             96  org.jetbrains.kotlin.load.kotlin.JvmBuiltInsSettings$JDKMemberStatus
9648:             3             96  org.jetbrains.kotlin.load.kotlin.JvmMetadataVersion
9649:             3             96  org.jetbrains.kotlin.load.kotlin.KotlinBinaryClassCache$RequestCache
9650:             4             96  org.jetbrains.kotlin.parsing.KotlinParsing$AnnotationParsingMode
9651:             4             96  org.jetbrains.kotlin.resolve.ExternalOverridabilityCondition$Result
9652:             3             96  org.jetbrains.kotlin.resolve.scopes.SubstitutingScope
9653:             4             96  org.jetbrains.kotlin.serialization.Flags$EnumLiteFlagField
9654:             4             96  org.jetbrains.kotlin.serialization.ProtoBuf$MemberKind
9655:             4             96  org.jetbrains.kotlin.serialization.ProtoBuf$Modality
9656:             4             96  org.jetbrains.kotlin.serialization.ProtoBuf$Type$Argument$Projection
9657:             4             96  org.jetbrains.kotlin.serialization.deserialization.AnnotatedCallableKind
9658:             6             96  org.jetbrains.kotlin.types.ErrorUtils$ErrorScope
9659:             3             96  org.jetbrains.kotlin.types.Variance
9660:             4             96  org.jetbrains.kotlin.types.checker.TypeCheckerContext$SeveralSupertypesWithSameConstructorPolicy
9661:             4             96  org.jetbrains.kotlin.types.checker.TypeCheckingProcedure$EnrichedProjectionKind
9662:             4             96  org.jetbrains.kotlin.util.ValueParameterCountCheck$AtLeast
9663:             3             96  org.jetbrains.kotlin.utils.Jsr305State
9664:             3             96  org.jetbrains.lang.manifest.highlighting.MisspelledHeaderInspection
9665:             4             96  org.jetbrains.plugins.gradle.settings.DistributionType
9666:             3             96  org.jetbrains.plugins.gradle.settings.GradleSettings
9667:             4             96  org.jetbrains.plugins.gradle.settings.GradleSystemRunningSettings$MyState
9668:             4             96  org.jetbrains.plugins.gradle.settings.GradleSystemSettings$MyState
9669:             2             96  org.jetbrains.plugins.grails.actions.GrailsActionGroup
9670:             3             96  org.jetbrains.plugins.grails.references.TraitInjectorService
9671:             4             96  org.jetbrains.plugins.grails.spring.GrailsSpringBeanDiscoverer$$Lambda$3875/1048020308
9672:             3             96  org.jetbrains.plugins.groovy.bundled.BundledGroovyClassFinder
9673:             4             96  org.jetbrains.plugins.groovy.debugger.GroovyDebuggerSettings
9674:             3             96  org.jetbrains.plugins.groovy.gant.GantClassFinder
9675:             4             96  org.jetbrains.plugins.groovy.lang.parser.parsing.statements.expressions.BinaryExpression
9676:             4             96  org.jetbrains.plugins.groovy.lang.parser.parsing.statements.expressions.arithmetic.PathExpression$Result
9677:             4             96  org.jetbrains.plugins.groovy.lang.parser.parsing.statements.typeDefinitions.ReferenceElement$ReferenceElementResult
9678:             4             96  org.jetbrains.plugins.groovy.lang.psi.patterns.GroovyMethodCallPattern$2
9679:             3             96  org.jetbrains.plugins.groovy.mvc.MvcModuleStructureSynchronizer
9680:             4             96  org.jetbrains.plugins.groovy.util.FieldInitializerTailTypes
9681:             3             96  org.jetbrains.plugins.terminal.TerminalView
9682:             2             96  org.jetbrains.tfsIntegration.core.TFSGroup
9683:             6             96  org.jetbrains.w3validators.css.W3CssExternalAnnotator
9684:             3             96  org.osmorc.OsmorcProjectComponent
9685:             1             96  org.zeroturnaround.bundled.org.bouncycastle.jce.provider.BouncyCastleProvider
9686:             3             96  org.zeroturnaround.common.options.IntegerOption
9687:             3             96  org.zeroturnaround.common.options.StringOption
9688:             4             96  org.zeroturnaround.jrebel.client.JRebelJar$ManifestEntry
9689:             3             96  org.zeroturnaround.jrebel.ide.common.notifications.NotificationServer
9690:             2             96  org.zmlx.hg4idea.HgOptionsTopHitProvider$1
9691:             3             96  org.zmlx.hg4idea.log.HgLogProvider
9692:             3             96  org.zmlx.hg4idea.provider.commit.HgCheckinEnvironment
9693:             4             96  org.zmlx.hg4idea.provider.update.HgUpdateConfigurationSettings$State
9694:             3             96  org.zmlx.hg4idea.repo.HgRepositoryManager
9695:             2             96  sun.awt.CausedFocusEvent
9696:             4             96  sun.awt.shell.Win32ShellFolder2$ColumnComparator
9697:             2             96  sun.awt.windows.WInputMethod
9698:             4             96  sun.java2d.StateTrackable$State
9699:             1             96  sun.java2d.marlin.Dasher
9700:             1             96  sun.java2d.marlin.RendererContext
9701:             6             96  sun.java2d.pipe.AAShapePipe
9702:             6             96  sun.java2d.pipe.TextRenderer
9703:             2             96  sun.management.GarbageCollectorImpl
9704:             4             96  sun.misc.FormattedFloatingDecimal$Form
9705:             1             96  sun.misc.Launcher$AppClassLoader
9706:             3             96  sun.nio.ch.ServerSocketAdaptor
9707:             4             96  sun.nio.ch.ThreadPool
9708:             2             96  sun.nio.ch.WindowsSelectorImpl$FdMap
9709:             3             96  sun.reflect.UnsafeFloatFieldAccessorImpl
9710:             6             96  sun.rmi.server.MarshalOutputStream$1
9711:             6             96  sun.rmi.server.WeakClassHashMap$ValueCell
9712:             1             96  sun.security.ec.SunEC
9713:             1             96  sun.security.jca.ProviderList$1
9714:             1             96  sun.security.mscapi.SunMSCAPI
9715:             1             96  sun.security.provider.Sun
9716:             1             96  sun.security.rsa.SunRsaSign
9717:             1             96  sun.security.smartcardio.SunPCSC
9718:             3             96  sun.security.ssl.ProtocolList
9719:             3             96  sun.security.ssl.X509TrustManagerImpl
9720:             4             96  sun.security.util.DisabledAlgorithmConstraints
9721:             3             96  sun.swing.FilePane$1FilePaneAction
9722:             6             96  sun.text.normalizer.CharTrie$FriendAgent
9723:             3             96  sun.util.locale.provider.LocaleResources
9724:             1             88  [Lcom.intellij.codeInsight.quickfix.UnresolvedReferenceQuickFixProvider;
9725:             4             88  [Lcom.intellij.codeInspection.bytecodeAnalysis.DataValue;
9726:             1             88  [Lcom.intellij.diagram.DiagramProvider;
9727:             1             88  [Lcom.intellij.lang.javascript.DialectOptionHolder;
9728:             1             88  [Lcom.intellij.lang.javascript.psi.JSLiteralExpressionKind;
9729:             4             88  [Lcom.intellij.openapi.editor.Document;
9730:             4             88  [Lcom.intellij.openapi.vcs.VcsDirectoryMapping;
9731:             4             88  [Lcom.intellij.psi.PsiJavaCodeReferenceElement;
9732:             2             88  [Lcom.intellij.psi.tree.TokenSet;
9733:             1             88  [Lcom.intellij.sql.psi.SqlType$Category;
9734:             1             88  [Lcom.intellij.tasks.jira.jql.codeinsight.JqlFieldType;
9735:             2             88  [Lcom.intellij.uiDesigner.propertyInspector.editors.IntEnumEditor$Pair;
9736:             1             88  [Ljava.awt.geom.AffineTransform;
9737:             1             88  [Lkotlin.reflect.jvm.internal.impl.protobuf.WireFormat$FieldType;
9738:             1             88  [Lkotlin.reflect.jvm.internal.impl.util.Checks;
9739:             1             88  [Lnet.jpountz.lz4.LZ4Compressor;
9740:             1             88  [Lorg.intellij.lang.regexp.psi.RegExpSimpleClass$Kind;
9741:             3             88  [Lorg.jetbrains.idea.maven.plugins.api.MavenPluginDescriptor$ModelProperty;
9742:             1             88  [Lorg.jetbrains.kotlin.protobuf.WireFormat$FieldType;
9743:             1             88  [Lorg.jetbrains.kotlin.util.Checks;
9744:             1             88  [Lsun.security.util.ObjectIdentifier;
9745:             1             88  [[Ljava.lang.Byte;
9746:             1             88  ch.qos.logback.core.rolling.RollingFileAppender
9747:             1             88  com.android.tools.idea.rendering.webp.WebpImageReaderSpi
9748:             1             88  com.android.tools.idea.rendering.webp.WebpImageWriterSpi
9749:             1             88  com.intellij.compiler.progress.CompilerTask$2
9750:             1             88  com.intellij.compiler.server.BuildManager
9751:             1             88  com.intellij.openapi.progress.util.ProgressDialog
9752:             1             88  com.intellij.openapi.progress.util.ProgressWindow$1
9753:             1             88  com.intellij.openapi.vfs.impl.local.NativeFileWatcherImpl$MyProcessHandler
9754:             1             88  com.intellij.openapi.vfs.newvfs.RefreshProgress
9755:             1             88  com.intellij.psi.stubs.StubUpdatingIndex$MyIndex
9756:             1             88  com.intellij.ui.LightweightHint$1
9757:             1             88  com.intellij.util.lang.UrlClassLoader
9758:             1             88  com.intellij.ws.WebServicesPluginSettings
9759:             1             88  com.jediterm.terminal.model.JediTerminal
9760:             1             88  com.sun.imageio.plugins.bmp.BMPImageReaderSpi
9761:             1             88  com.sun.imageio.plugins.bmp.BMPImageWriterSpi
9762:             1             88  com.sun.imageio.plugins.gif.GIFImageReaderSpi
9763:             1             88  com.sun.imageio.plugins.gif.GIFImageWriterSpi
9764:             1             88  com.sun.imageio.plugins.jpeg.JPEGImageReaderSpi
9765:             1             88  com.sun.imageio.plugins.jpeg.JPEGImageWriterSpi
9766:             1             88  com.sun.imageio.plugins.png.PNGImageReaderSpi
9767:             1             88  com.sun.imageio.plugins.png.PNGImageWriterSpi
9768:             1             88  com.sun.imageio.plugins.wbmp.WBMPImageReaderSpi
9769:             1             88  com.sun.imageio.plugins.wbmp.WBMPImageWriterSpi
9770:             1             88  com.twelvemonkeys.imageio.plugins.tiff.TIFFImageReaderSpi
9771:             1             88  com.twelvemonkeys.imageio.plugins.tiff.TIFFImageWriterSpi
9772:             1             88  git4idea.vfs.GitVFSListener
9773:             1             88  javax.swing.ToolTipManager
9774:             1             88  javax.swing.text.html.parser.DTD
9775:             1             88  kotlin.reflect.jvm.internal.impl.descriptors.impl.PropertyDescriptorImpl
9776:             1             88  org.apache.log4j.RollingFileAppender
9777:             1             88  org.jetbrains.jps.api.CmdlineRemoteProto$Message$BuilderMessage$CompileMessage
9778:             1             88  org.jetbrains.kotlin.descriptors.impl.PropertyDescriptorImpl
9779:             1             88  org.zeroturnaround.jrebel.client.config.JRebelConfiguration
9780:             1             88  sun.font.GlyphList
9781:             1             88  sun.java2d.marlin.MarlinCache
9782:             1             88  sun.misc.Launcher$ExtClassLoader
9783:             1             88  sun.nio.cs.CharsetMapping
9784:             1             88  sun.swing.FilePane$DetailsTableRowSorter
9785:             2             80  [Lcom.google.common.cache.LocalCache$Segment;
9786:             1             80  [Lcom.intellij.codeInsight.completion.CompletionConfidenceEP;
9787:             1             80  [Lcom.intellij.codeInsight.editorActions.BackspaceHandlerDelegate;
9788:             1             80  [Lcom.intellij.codeInsight.lookup.CharFilter;
9789:             1             80  [Lcom.intellij.conversion.ConverterProvider;
9790:             3             80  [Lcom.intellij.diagram.actions.DiagramCreateNewNodeElementAction;
9791:             3             80  [Lcom.intellij.facet.Facet;
9792:             1             80  [Lcom.intellij.framework.detection.FrameworkDetector;
9793:             2             80  [Lcom.intellij.lang.javascript.index.JSPackageIndexInfo$Kind;
9794:             2             80  [Lcom.intellij.openapi.actionSystem.DataKey;
9795:             5             80  [Lcom.intellij.openapi.compiler.options.ExcludeEntryDescription;
9796:             2             80  [Lcom.intellij.openapi.components.RoamingType;
9797:             2             80  [Lcom.intellij.openapi.editor.colors.impl.TextAttributesReader$Effect;
9798:             4             80  [Lcom.intellij.openapi.wm.impl.IdeFrameImpl;
9799:             1             80  [Lcom.intellij.packaging.artifacts.ArtifactType;
9800:             2             80  [Lcom.intellij.psi.codeStyle.VariableKind;
9801:             3             80  [Lcom.intellij.psi.impl.source.PsiImportStatementImpl;
9802:             2             80  [Lcom.intellij.ui.CommonActionsPanel$Buttons;
9803:             1             80  [Lcom.intellij.util.IntSLRUCache;
9804:             1             80  [Lcom.intellij.util.containers.SLRUCache;
9805:             2             80  [Lcom.intellij.util.lang.Resource$Attribute;
9806:             2             80  [Lcom.intellij.util.lang.Resource$Attribute;
9807:             2             80  [Lcom.intellij.util.text.DateFormatUtil$Period;
9808:             1             80  [Lcom.intellij.xml.XmlSchemaProvider;
9809:             1             80  [Lcom.sun.java.swing.plaf.windows.TMSchema$Control;
9810:             2             80  [Lcom.sun.xml.internal.bind.v2.model.impl.ClassInfoImpl$SecondaryAnnotation;
9811:             1             80  [Ldk.brics.automaton.RegExp$Kind;
9812:             4             80  [Ljava.awt.AWTKeyStroke;
9813:             1             80  [Ljava.time.temporal.ChronoUnit;
9814:             1             80  [Ljava.util.concurrent.locks.ReadWriteLock;
9815:             2             80  [Ljava.util.stream.StreamOpFlag$Type;
9816:             2             80  [Ljavax.swing.plaf.FontUIResource;
9817:             2             80  [Lkotlin.reflect.jvm.internal.impl.serialization.ProtoBuf$Visibility;
9818:             1             80  [Lnet.sourceforge.pmd.benchmark.Benchmark;
9819:             2             80  [Lorg.apache.http.HttpRequestInterceptor;
9820:             1             80  [Lorg.intellij.plugins.intelliLang.inject.LanguageInjectionConfigBean;
9821:             2             80  [Lorg.jetbrains.idea.maven.model.MavenArtifactState;
9822:             1             80  [Lorg.jetbrains.kotlin.idea.codeInsight.KotlinBreadcrumbsInfoProvider$ElementHandler;
9823:             1             80  [Lorg.jetbrains.kotlin.resolve.jvm.KotlinJavaPsiFacade$KotlinPsiElementFinderWrapper;
9824:             2             80  [Lorg.jetbrains.kotlin.serialization.ProtoBuf$Visibility;
9825:             2             80  [Lorg.zeroturnaround.jrebel.client.config.LogLevel;
9826:             1             80  [Lsun.security.ssl.CipherSuite$KeyExchange;
9827:             2             80  ch.qos.logback.classic.pattern.LoggerConverter
9828:             1             80  ch.qos.logback.core.FileAppender
9829:             2             80  com.alibaba.p3c.idea.config.P3cConfig
9830:             2             80  com.alibaba.p3c.pmd.I18nResources$XmlResourceBundle
9831:             1             80  com.alibaba.p3c.pmd.lang.java.rule.comment.AbstractMethodOrInterfaceMethodMustUseJavadocRule
9832:             1             80  com.alibaba.p3c.pmd.lang.java.rule.comment.AvoidCommentBehindStatementRule
9833:             1             80  com.alibaba.p3c.pmd.lang.java.rule.comment.ClassMustHaveAuthorRule
9834:             1             80  com.alibaba.p3c.pmd.lang.java.rule.comment.CommentsMustBeJavadocFormatRule
9835:             1             80  com.alibaba.p3c.pmd.lang.java.rule.comment.EnumConstantsMustHaveCommentRule
9836:             1             80  com.alibaba.p3c.pmd.lang.java.rule.comment.RemoveCommentedCodeRule
9837:             1             80  com.alibaba.p3c.pmd.lang.java.rule.concurrent.AvoidCallStaticSimpleDateFormatRule
9838:             1             80  com.alibaba.p3c.pmd.lang.java.rule.concurrent.AvoidConcurrentCompetitionRandomRule
9839:             1             80  com.alibaba.p3c.pmd.lang.java.rule.concurrent.AvoidManuallyCreateThreadRule
9840:             1             80  com.alibaba.p3c.pmd.lang.java.rule.concurrent.AvoidUseTimerRule
9841:             1             80  com.alibaba.p3c.pmd.lang.java.rule.concurrent.CountDownShouldInFinallyRule
9842:             1             80  com.alibaba.p3c.pmd.lang.java.rule.concurrent.ThreadLocalShouldRemoveRule
9843:             1             80  com.alibaba.p3c.pmd.lang.java.rule.concurrent.ThreadPoolCreationRule
9844:             1             80  com.alibaba.p3c.pmd.lang.java.rule.concurrent.ThreadShouldSetNameRule
9845:             1             80  com.alibaba.p3c.pmd.lang.java.rule.constant.UndefineMagicConstantRule
9846:             1             80  com.alibaba.p3c.pmd.lang.java.rule.exception.AvoidReturnInFinallyRule
9847:             1             80  com.alibaba.p3c.pmd.lang.java.rule.exception.MethodReturnWrapperTypeRule
9848:             1             80  com.alibaba.p3c.pmd.lang.java.rule.exception.TransactionMustHaveRollbackRule
9849:             1             80  com.alibaba.p3c.pmd.lang.java.rule.flowcontrol.AvoidComplexConditionRule
9850:             1             80  com.alibaba.p3c.pmd.lang.java.rule.flowcontrol.AvoidNegationOperatorRule
9851:             1             80  com.alibaba.p3c.pmd.lang.java.rule.flowcontrol.SwitchStatementRule
9852:             1             80  com.alibaba.p3c.pmd.lang.java.rule.naming.AbstractClassShouldStartWithAbstractNamingRule
9853:             1             80  com.alibaba.p3c.pmd.lang.java.rule.naming.AvoidStartWithDollarAndUnderLineNamingRule
9854:             1             80  com.alibaba.p3c.pmd.lang.java.rule.naming.BooleanPropertyShouldNotStartWithIsRule
9855:             1             80  com.alibaba.p3c.pmd.lang.java.rule.naming.ClassNamingShouldBeCamelRule
9856:             1             80  com.alibaba.p3c.pmd.lang.java.rule.naming.ConstantFieldShouldBeUpperCaseRule
9857:             1             80  com.alibaba.p3c.pmd.lang.java.rule.naming.ExceptionClassShouldEndWithExceptionRule
9858:             1             80  com.alibaba.p3c.pmd.lang.java.rule.naming.LowerCamelCaseVariableNamingRule
9859:             1             80  com.alibaba.p3c.pmd.lang.java.rule.naming.PackageNamingRule
9860:             1             80  com.alibaba.p3c.pmd.lang.java.rule.naming.ServiceOrDaoClassShouldEndWithImplRule
9861:             1             80  com.alibaba.p3c.pmd.lang.java.rule.naming.TestClassShouldEndWithTestNamingRule
9862:             1             80  com.alibaba.p3c.pmd.lang.java.rule.oop.PojoMustOverrideToStringRule
9863:             1             80  com.alibaba.p3c.pmd.lang.java.rule.oop.PojoMustUsePrimitiveFieldRule
9864:             1             80  com.alibaba.p3c.pmd.lang.java.rule.oop.PojoNoDefaultValueRule
9865:             1             80  com.alibaba.p3c.pmd.lang.java.rule.oop.StringConcatRule
9866:             1             80  com.alibaba.p3c.pmd.lang.java.rule.orm.IbatisMethodQueryForListRule
9867:             1             80  com.alibaba.p3c.pmd.lang.java.rule.other.AvoidApacheBeanUtilsCopyRule
9868:             1             80  com.alibaba.p3c.pmd.lang.java.rule.other.AvoidMissUseOfMathRandomRule
9869:             1             80  com.alibaba.p3c.pmd.lang.java.rule.other.AvoidNewDateGetTimeRule
9870:             1             80  com.alibaba.p3c.pmd.lang.java.rule.other.AvoidPatternCompileInMethodRule
9871:             1             80  com.alibaba.p3c.pmd.lang.java.rule.other.MethodTooLongRule
9872:             1             80  com.alibaba.p3c.pmd.lang.java.rule.other.UseRightCaseForDateFormatRule
9873:             1             80  com.alibaba.p3c.pmd.lang.java.rule.set.ClassCastExceptionWithSubListToArrayListRule
9874:             1             80  com.alibaba.p3c.pmd.lang.java.rule.set.ClassCastExceptionWithToArrayRule
9875:             1             80  com.alibaba.p3c.pmd.lang.java.rule.set.CollectionInitShouldAssignCapacityRule
9876:             1             80  com.alibaba.p3c.pmd.lang.java.rule.set.ConcurrentExceptionWithModifyOriginSubListRule
9877:             1             80  com.alibaba.p3c.pmd.lang.java.rule.set.DontModifyInForeachCircleRule
9878:             1             80  com.alibaba.p3c.pmd.lang.java.rule.set.UnsupportedExceptionWithModifyAsListRule
9879:             1             80  com.alibaba.p3c.pmd.lang.vm.rule.other.UseQuietReferenceNotationRule
9880:             2             80  com.android.repository.Revision
9881:             2             80  com.github.rjeschke.txtmark.Configuration
9882:             2             80  com.google.common.collect.SingletonImmutableBiMap
9883:             2             80  com.google.gson.internal.bind.TreeTypeAdapter
9884:             2             80  com.intellij.application.options.editor.ErrorHighlightingPanel
9885:             2             80  com.intellij.application.options.emmet.EmmetOptions
9886:             5             80  com.intellij.codeInsight.NullableNotNullManagerImpl$$Lambda$4015/1813221646
9887:             2             80  com.intellij.codeInsight.completion.CompletionParameters
9888:             5             80  com.intellij.codeInsight.daemon.impl.GeneralHighlightingPass$$Lambda$1870/1012142944
9889:             5             80  com.intellij.codeInsight.daemon.impl.HectorComponent$$Lambda$5382/104338077
9890:             2             80  com.intellij.codeInsight.daemon.impl.TextEditorHighlightingPassRegistrarImpl$$Lambda$1845/1328993760
9891:             1             80  com.intellij.codeInsight.daemon.impl.analysis.RefCountHolder$1
9892:             1             80  com.intellij.codeInsight.daemon.impl.analysis.RefCountHolder$2
9893:             5             80  com.intellij.codeInsight.daemon.impl.quickfix.EnableOptimizeImportsOnTheFlyFix
9894:             5             80  com.intellij.codeInsight.daemon.impl.quickfix.OptimizeImportsFix
9895:             1             80  com.intellij.codeInsight.hint.LineTooltipRenderer$1
9896:             2             80  com.intellij.codeInsight.navigation.CtrlMouseHandler$TooltipProvider
9897:             5             80  com.intellij.codeInsight.template.impl.EmptyNode
9898:             2             80  com.intellij.codeInsight.template.postfix.templates.CastExpressionPostfixTemplate
9899:             2             80  com.intellij.codeInsight.template.postfix.templates.IntroduceFieldPostfixTemplate
9900:             2             80  com.intellij.codeInsight.template.postfix.templates.IntroduceVariablePostfixTemplate
9901:             2             80  com.intellij.codeInsight.template.postfix.templates.StreamPostfixTemplate
9902:             2             80  com.intellij.codeInsight.template.postfix.templates.SwitchStatementPostfixTemplate
9903:             2             80  com.intellij.codeInsight.template.postfix.templates.TryStatementPostfixTemplate
9904:             2             80  com.intellij.codeInsight.template.postfix.templates.TryWithResourcesPostfixTemplate
9905:             5             80  com.intellij.codeInspection.bytecodeAnalysis.Direction$1
9906:             5             80  com.intellij.codeInspection.bytecodeAnalysis.Pending
9907:             5             80  com.intellij.codeInspection.dataFlow.HardcodedContracts$ContractProvider$$Lambda$3681/808189467
9908:             2             80  com.intellij.codeInspection.dataFlow.SpecialField
9909:             5             80  com.intellij.codeInspection.deadCode.DeprecatedEntryPoint
9910:             5             80  com.intellij.codeInspection.ejb.EjbEntryPoint
9911:             5             80  com.intellij.codeInspection.java19modules.Java9ModuleEntryPoint
9912:             5             80  com.intellij.configurationStore.CompoundStreamProvider
9913:             2             80  com.intellij.copyright.CopyrightManager
9914:             2             80  com.intellij.credentialStore.kdbx.KdbxEntry
9915:             2             80  com.intellij.cvsSupport2.config.CvsOptionsTopHitProvider$1
9916:             5             80  com.intellij.debugger.memory.component.MemoryViewManagerState
9917:             5             80  com.intellij.debugger.streams.resolve.DistinctResolver
9918:             5             80  com.intellij.debugger.streams.trace.impl.interpret.DistinctCallTraceInterpreter
9919:             1             80  com.intellij.diagnostic.PerformanceWatcher
9920:             5             80  com.intellij.diagram.BaseDiagramProvider$1
9921:             5             80  com.intellij.diff.impl.DiffSettingsHolder$SharedSettings
9922:             5             80  com.intellij.execution.filters.ExceptionExFilterFactory$MyFilter
9923:             5             80  com.intellij.execution.filters.UrlFilter
9924:             5             80  com.intellij.execution.filters.YourkitFilter
9925:             2             80  com.intellij.execution.impl.ExecutionManagerKtImpl$startRunProfile$startRunnable$1
9926:             5             80  com.intellij.execution.junit2.inspection.JUnitEntryPoint
9927:             1             80  com.intellij.execution.process.ProcessIOExecutorService
9928:             5             80  com.intellij.find.EditorSearchSession$$Lambda$5409/1905013432
9929:             5             80  com.intellij.find.EditorSearchSession$$Lambda$5411/409916264
9930:             5             80  com.intellij.find.EditorSearchSession$$Lambda$5412/863287948
9931:             5             80  com.intellij.find.EditorSearchSession$$Lambda$5413/1848334133
9932:             5             80  com.intellij.find.EditorSearchSession$1
9933:             5             80  com.intellij.find.EditorSearchSession$2
9934:             5             80  com.intellij.find.SearchReplaceComponent$11
9935:             5             80  com.intellij.find.SearchReplaceComponent$4
9936:             5             80  com.intellij.find.SearchReplaceComponent$6
9937:             5             80  com.intellij.find.SearchReplaceComponent$7
9938:             5             80  com.intellij.find.SearchReplaceComponent$8
9939:             5             80  com.intellij.find.impl.livePreview.LivePreviewController$$Lambda$5410/1028457241
9940:             5             80  com.intellij.find.impl.livePreview.LivePreviewController$1
9941:             2             80  com.intellij.history.core.changes.ContentChange
9942:             1             80  com.intellij.ide.dnd.DnDManagerImpl
9943:             2             80  com.intellij.ide.ui.laf.darcula.ui.DarculaButtonUI
9944:             5             80  com.intellij.ide.ui.laf.intellij.WinIntelliJSliderUI$1
9945:             2             80  com.intellij.jam.reflect.JamAnnotationAttributeMeta$Single
9946:             2             80  com.intellij.javaee.oss.descriptor.JavaeeAppDescriptor
9947:             2             80  com.intellij.javaee.oss.descriptor.JavaeeCmpDescriptor
9948:             2             80  com.intellij.javaee.oss.descriptor.JavaeeEjbDescriptor
9949:             2             80  com.intellij.javascript.testFramework.jasmine.JasmineFileStructure
9950:             5             80  com.intellij.jpa.ql.QlFileType
9951:             5             80  com.intellij.jsf.utils.JsfCommonUtils$$Lambda$4023/615284329
9952:             5             80  com.intellij.lang.aspectj.highlight.AjEntryPoint
9953:             5             80  com.intellij.lang.javascript.buildTools.webpack.WebPackConfiguration
9954:             5             80  com.intellij.lang.javascript.ecmascript6.TypeScriptCallExpressionResolver$$Lambda$2699/1363585790
9955:             5             80  com.intellij.lang.javascript.ecmascript6.TypeScriptCallExpressionResolver$$Lambda$2700/180378940
9956:             5             80  com.intellij.lang.javascript.flex.FlexStackTraceFilter
9957:             5             80  com.intellij.lang.javascript.library.ui.JSUsedLibrariesHectorProvider$MyPanel$1
9958:             2             80  com.intellij.lang.javascript.psi.ecma6.impl.TypeScriptClassImpl
9959:             2             80  com.intellij.lang.javascript.psi.stubs.impl.ES6FieldStatementStubImpl
9960:             2             80  com.intellij.lang.javascript.template.postfix.JSForInPostfixTemplate
9961:             2             80  com.intellij.openapi.command.impl.CoreCommandProcessor$CommandDescriptor
9962:             5             80  com.intellij.openapi.diagnostic.DefaultLogger
9963:             5             80  com.intellij.openapi.editor.event.EditorMouseEventArea
9964:             2             80  com.intellij.openapi.externalSystem.ExternalStateComponent
9965:             5             80  com.intellij.openapi.roots.impl.FileIndexBase$$Lambda$459/552078559
9966:             2             80  com.intellij.openapi.roots.impl.RootIndex
9967:             2             80  com.intellij.openapi.vcs.changes.LocalChangeListImpl$Builder
9968:             5             80  com.intellij.openapi.vcs.ex.PartialLocalLineStatusTracker$1
9969:             5             80  com.intellij.openapi.vcs.ex.PartialLocalLineStatusTracker$MyBatchFileChangeListener
9970:             5             80  com.intellij.openapi.vcs.ex.PartialLocalLineStatusTracker$MyUndoCommandListener
9971:             5             80  com.intellij.openapi.vcs.ex.PartialLocalLineStatusTracker$MyUndoDocumentListener
9972:             1             80  com.intellij.profile.codeInspection.ui.ErrorOptionsProviderEP
9973:             2             80  com.intellij.psi.availability.PsiAvailabilityServiceImpl$MyTask
9974:             2             80  com.intellij.psi.impl.PsiClassImplUtil$3
9975:             5             80  com.intellij.psi.impl.PsiConstantEvaluationHelperImpl
9976:             2             80  com.intellij.psi.impl.light.LightPackageReference
9977:             1             80  com.intellij.psi.impl.source.tree.XmlFileElement
9978:             2             80  com.intellij.psi.impl.source.tree.java.PsiCompositeModifierList
9979:             1             80  com.intellij.psi.impl.source.xml.XmlDocumentImpl
9980:             5             80  com.intellij.psi.search.scope.packageSet.NamedScopeManager$OrderState
9981:             2             80  com.intellij.psi.stubs.StubInputStream
9982:             5             80  com.intellij.spring.aop.SpringAopProvider$$Lambda$3769/1561079931
9983:             5             80  com.intellij.spring.run.AutowireMethodFieldLinkFilter
9984:             5             80  com.intellij.spring.run.BeanNameFilter
9985:             5             80  com.intellij.thymeleaf.lang.ThymeleafExpressionsFileType
9986:             5             80  com.intellij.ui.MouseDragHelper$2
9987:             2             80  com.intellij.ui.components.ScrollPainter$TrackPainter
9988:             5             80  com.intellij.ui.components.labels.LinkLabel$2
9989:             5             80  com.intellij.ui.components.labels.LinkLabel$3
9990:             5             80  com.intellij.ui.components.labels.LinkLabel$MyMouseHandler
9991:             5             80  com.intellij.ui.table.TableView$1
9992:             5             80  com.intellij.ui.tabs.impl.JBTabsImpl$5$1
9993:             5             80  com.intellij.ui.tabs.impl.JBTabsImpl$5$2
9994:             2             80  com.intellij.uml.diff.DiffUmlProvider
9995:             2             80  com.intellij.usages.impl.UsageNode
9996:             2             80  com.intellij.util.concurrency.SequentialTaskExecutor
9997:             5             80  com.intellij.util.net.HttpConfigurable$$Lambda$164/905055472
9998:             5             80  com.intellij.util.ui.UIUtil$10
9999:             2             80  com.intellij.util.xml.impl.AttributeChildDescriptionImpl
10000:             2             80  com.intellij.vaadin.framework.VaadinVersionImpl
10001:             1             80  com.intellij.vcs.log.data.VcsLogData
10002:             5             80  com.intellij.vcs.log.data.index.VcsLogBigRepositoriesList$State
10003:             1             80  com.intellij.vcs.log.data.index.VcsLogPersistentIndex
10004:             2             80  com.sun.jmx.mbeanserver.DefaultMXBeanMappingFactory$TabularMapping
10005:             2             80  com.sun.jna.Structure$LayoutInfo
10006:             5             80  com.sun.proxy.$Proxy149
10007:             5             80  com.sun.proxy.$Proxy204
10008:             5             80  com.sun.proxy.$Proxy58
10009:             5             80  com.theoryinpractice.testng.inspection.TestNGEntryPoint
10010:             2             80  com.zeroturnaround.javarebel.idea.plugin.xml.RebelXML
10011:             2             80  freemarker.ext.beans.BeansModelCache
10012:             5             80  freemarker.log._Log4jLoggerFactory$Log4jLogger
10013:             5             80  gnu.trove.THashMap$EqProcedure
10014:             2             80  io.netty.util.Signal
10015:             1             80  java.awt.EventQueue
10016:             2             80  java.awt.image.RescaleOp
10017:             2             80  java.io.ExpiringCache
10018:             5             80  java.rmi.server.RemoteObjectInvocationHandler
10019:             5             80  java.util.AbstractMap$2
10020:             2             80  java.util.Collections$SynchronizedSortedMap
10021:             2             80  java.util.IdentityHashMap$KeyIterator
10022:             2             80  java.util.Locale$Category
10023:             5             80  javax.swing.JRootPane$RootLayout
10024:             5             80  javax.swing.JSlider$ModelListener
10025:             5             80  javax.swing.JTabbedPane$ModelListener
10026:             1             80  javax.swing.RepaintManager
10027:             5             80  javax.swing.plaf.basic.BasicSliderUI$Handler
10028:             2             80  javax.swing.plaf.basic.BasicSpinnerUI$ArrowButtonHandler
10029:             5             80  javax.swing.plaf.basic.BasicTabbedPaneUI$Handler
10030:             5             80  javax.swing.plaf.basic.BasicTabbedPaneUI$TabbedPaneLayout
10031:             5             80  javax.swing.text.JTextComponent$InputMethodRequestsHandler
10032:             1             80  kotlin.reflect.jvm.internal.impl.serialization.deserialization.DeserializationComponents
10033:             5             80  kotlin.reflect.jvm.internal.impl.types.ErrorUtils$ErrorScope
10034:             1             80  org.apache.xerces.dom.CoreDOMImplementationImpl
10035:             1             80  org.apache.xerces.dom.DOMImplementationImpl
10036:             2             80  org.intellij.plugins.relaxNG.model.descriptors.AttributeFinder
10037:             2             80  org.intellij.plugins.xpathView.XPathAppComponent$MyFindAction
10038:             5             80  org.jaxen.expr.DefaultNumberExpr
10039:             5             80  org.jetbrains.android.inspections.AndroidComponentEntryPoint
10040:             2             80  org.jetbrains.concurrency.MessageError
10041:             2             80  org.jetbrains.idea.svn.actions.AddToIgnoreListAction
10042:             2             80  org.jetbrains.idea.svn.actions.RemoveFromIgnoreListAction
10043:             2             80  org.jetbrains.java.debugger.breakpoints.properties.JavaLineBreakpointProperties
10044:             2             80  org.jetbrains.jps.api.CmdlineRemoteProto$Message$ControllerMessage$GlobalSettings
10045:             5             80  org.jetbrains.jps.model.ex.JpsElementChildRoleBase
10046:             5             80  org.jetbrains.kotlin.codegen.ClassBuilderMode
10047:             2             80  org.jetbrains.kotlin.idea.findUsages.KotlinClassFindUsagesOptions
10048:             2             80  org.jetbrains.kotlin.idea.findUsages.KotlinFunctionFindUsagesOptions
10049:             2             80  org.jetbrains.kotlin.idea.findUsages.KotlinPropertyFindUsagesOptions
10050:             2             80  org.jetbrains.kotlin.psi.stubs.elements.KtClassElementType
10051:             5             80  org.jetbrains.osgi.highlighting.OsgiEntryPoint
10052:             2             80  org.jetbrains.plugins.github.util.GithubSettings$State
10053:             5             80  org.jetbrains.plugins.javaFX.JavaFxEntryPoint
10054:             5             80  org.jetbrains.uast.UastCallKind
10055:             2             80  org.kohsuke.rngom.digested.DGrammarPattern
10056:             5             80  org.picocontainer.defaults.ImmutablePicoContainerProxyFactory
10057:             5             80  org.zeroturnaround.javarebel.reporting.stats.MetricsStatistics$DailyStatType
10058:             2             80  org.zeroturnaround.javarebel.reporting.stats.repository.impl.StatsHolder
10059:             1             80  sun.awt.Win32GraphicsDevice
10060:             2             80  sun.awt.windows.WDefaultFontCharset
10061:             2             80  sun.font.GlyphLayout$SDCache
10062:             2             80  sun.java2d.pipe.Region$ImmutableRegion
10063:             2             80  sun.management.MappedMXBeanType$CompositeDataMXBeanType
10064:             2             80  sun.management.MemoryManagerImpl
10065:             1             80  sun.reflect.misc.MethodUtil
10066:             1             80  sun.rmi.transport.DGCClient$EndpointEntry
10067:             2             80  sun.swing.PrintColorUIResource
10068:             1             72  [Lcom.github.rjeschke.txtmark.LineType;
10069:             3             72  [Lcom.intellij.compiler.CompileTaskBean;
10070:             3             72  [Lcom.intellij.compiler.impl.javaCompiler.BackendCompiler;
10071:             3             72  [Lcom.intellij.diagram.DiagramElementsProvider;
10072:             3             72  [Lcom.intellij.diagram.actions.DiagramCreateNewElementAction;
10073:             1             72  [Lcom.intellij.facet.ui.FacetDependentToolWindow;
10074:             1             72  [Lcom.intellij.javaee.appServerIntegrations.AppServerIntegration;
10075:             1             72  [Lcom.intellij.lang.javascript.psi.JSRecordType$MemberSourceKind;
10076:             1             72  [Lcom.intellij.lang.javascript.psi.resolve.JSEvaluateContext$JSEvaluationPlace;
10077:             3             72  [Lcom.intellij.openapi.externalSystem.ExternalSystemManager;
10078:             2             72  [Lcom.intellij.openapi.fileTypes.ex.FileTypeIdentifiableByVirtualFile;
10079:             3             72  [Lcom.intellij.openapi.roots.ProjectExtension;
10080:             2             72  [Lcom.intellij.openapi.vcs.FileStatus;
10081:             3             72  [Lcom.intellij.openapi.vcs.VcsRootChecker;
10082:             3             72  [Lcom.intellij.openapi.wm.IdeRootPaneNorthExtension;
10083:             1             72  [Lcom.intellij.psi.impl.source.resolve.reference.impl.providers.FileReferenceHelper;
10084:             3             72  [Lcom.intellij.psi.javadoc.JavadocTagInfo;
10085:             1             72  [Lcom.intellij.psi.meta.MetaDataContributor;
10086:             1             72  [Lcom.intellij.psi.search.UseScopeEnlarger;
10087:             1             72  [Lcom.intellij.refactoring.typeMigration.rules.TypeConversionRule;
10088:             1             72  [Lcom.intellij.tasks.TaskRepositoryType;
10089:             1             72  [Lcom.jediterm.terminal.emulator.charset.CharacterSet;
10090:             3             72  [Lcom.sun.jna.Structure;
10091:             1             72  [Lgit4idea.history.GitLogParser$GitLogOption;
10092:             4             72  [Ljava.io.File;
10093:             1             72  [Ljava.lang.invoke.LambdaFormEditor$Transform$Kind;
10094:             1             72  [Ljavax.management.openmbean.OpenType;
10095:             1             72  [Ljavax.management.openmbean.SimpleType;
10096:             1             72  [Lkotlin.reflect.jvm.internal.impl.serialization.ProtoBuf$Annotation$Argument$Value$Type;
10097:             3             72  [Lorg.jetbrains.jps.api.CmdlineRemoteProto$Message$ControllerMessage$ParametersMessage$TargetTypeBuildScope;
10098:             3             72  [Lorg.jetbrains.kotlin.KtNodeType;
10099:             3             72  [Lorg.jetbrains.kotlin.descriptors.TypeParameterDescriptor;
10100:             1             72  [Lorg.jetbrains.kotlin.parsing.KotlinExpressionParsing$Precedence;
10101:             3             72  [Lorg.jetbrains.kotlin.resolve.extensions.SyntheticResolveExtension;
10102:             3             72  [Lorg.jetbrains.kotlin.resolve.jvm.extensions.PackageFragmentProviderExtension;
10103:             1             72  [Lorg.jetbrains.kotlin.serialization.ProtoBuf$Annotation$Argument$Value$Type;
10104:             3             72  [Lorg.jetbrains.kotlin.types.TypeProjection;
10105:             1             72  [Lsun.awt.CausedFocusEvent$Cause;
10106:             2             72  [Lsun.security.jca.ProviderConfig;
10107:             3             72  [Lsun.security.ssl.EphemeralKeyManager$EphemeralKeyPair;
10108:             3             72  ch.qos.logback.classic.spi.TurboFilterList
10109:             3             72  ch.qos.logback.core.rolling.helper.CompressionMode
10110:             3             72  ch.qos.logback.core.spi.FilterReply
10111:             3             72  ch.qos.logback.core.util.FileSize
10112:             3             72  com.alibaba.p3c.idea.inspection.standalone.MapOrSetKeyShouldOverrideHashCodeEqualsInspection$ClassType
10113:             3             72  com.android.tools.idea.AndroidPsiUtils$ResourceReferenceType
10114:             3             72  com.android.tools.idea.apk.debugging.DexSourceFiles
10115:             3             72  com.android.tools.idea.apk.debugging.editor.SmaliFileNotificationProvider
10116:             3             72  com.android.tools.idea.databinding.BrClassFinder
10117:             3             72  com.android.tools.idea.databinding.BrShortNamesCache
10118:             3             72  com.android.tools.idea.databinding.DataBindingComponentClassFinder
10119:             3             72  com.android.tools.idea.databinding.DataBindingComponentClassFinder$$Lambda$799/2125842850
10120:             3             72  com.android.tools.idea.databinding.DataBindingComponentShortNamesCache
10121:             3             72  com.android.tools.idea.databinding.DataBindingPackageFinder
10122:             3             72  com.android.tools.idea.databinding.DataBindingShortNamesCache$$Lambda$802/1448236506
10123:             3             72  com.android.tools.idea.databinding.DataBindingShortNamesCache$$Lambda$803/1475460215
10124:             3             72  com.android.tools.idea.databinding.DataBindingShortNamesCache$$Lambda$804/195980885
10125:             3             72  com.android.tools.idea.databinding.DataBindingShortNamesCache$$Lambda$805/1523197438
10126:             3             72  com.android.tools.idea.databinding.DataBindingShortNamesCache$$Lambda$806/519194616
10127:             3             72  com.android.tools.idea.editors.strings.StringResourceEditorNotificationProvider
10128:             3             72  com.android.tools.idea.editors.theme.ThemeEditorNotificationProvider
10129:             3             72  com.android.tools.idea.gradle.notification.AutoImportNotificationProvider
10130:             3             72  com.android.tools.idea.gradle.notification.GeneratedFileNotificationProvider
10131:             3             72  com.android.tools.idea.gradle.notification.ProjectSyncStatusNotificationProvider
10132:             3             72  com.android.tools.idea.gradle.project.AndroidGradleProjectComponent
10133:             3             72  com.android.tools.idea.gradle.project.AndroidGradleProjectComponent$$Lambda$642/1718203251
10134:             3             72  com.android.tools.idea.gradle.project.sync.GradleFiles
10135:             3             72  com.android.tools.idea.gradle.run.MakeBeforeRunTaskProvider$GradleTaskRunnerFactory
10136:             3             72  com.android.tools.idea.lang.roomSql.RoomSchemaManager
10137:             3             72  com.android.tools.idea.lint.ParcelableQuickFix
10138:             3             72  com.android.tools.idea.lint.ParcelableQuickFix$Operation
10139:             3             72  com.android.tools.idea.navigator.AndroidProjectViewPane$1
10140:             3             72  com.android.tools.idea.profiling.view.AnalysisResultsContent
10141:             3             72  com.android.tools.idea.res.PsiProjectListener
10142:             3             72  com.android.tools.idea.res.ResourceClassRegistry
10143:             3             72  com.ansorgit.plugins.bash.editor.inspections.inspections.AddShebangInspection
10144:             3             72  com.ansorgit.plugins.bash.editor.inspections.inspections.DuplicateFunctionDefInspection
10145:             3             72  com.ansorgit.plugins.bash.editor.inspections.inspections.EvaluateArithmeticExpressionInspection
10146:             3             72  com.ansorgit.plugins.bash.editor.inspections.inspections.EvaluateExpansionInspection
10147:             3             72  com.ansorgit.plugins.bash.editor.inspections.inspections.FixShebangInspection
10148:             3             72  com.ansorgit.plugins.bash.editor.inspections.inspections.FloatArithmeticInspection
10149:             3             72  com.ansorgit.plugins.bash.editor.inspections.inspections.FunctionDefInspection
10150:             3             72  com.ansorgit.plugins.bash.editor.inspections.inspections.GlobalLocalVarDefInspection
10151:             3             72  com.ansorgit.plugins.bash.editor.inspections.inspections.GloballyRegisteredVariableInspection
10152:             3             72  com.ansorgit.plugins.bash.editor.inspections.inspections.InternalCommandFunctionOverrideInspection
10153:             3             72  com.ansorgit.plugins.bash.editor.inspections.inspections.InternalVariableInspection
10154:             3             72  com.ansorgit.plugins.bash.editor.inspections.inspections.MissingIncludeFileInspection
10155:             3             72  com.ansorgit.plugins.bash.editor.inspections.inspections.ReadonlyVariableInspection
10156:             3             72  com.ansorgit.plugins.bash.editor.inspections.inspections.RecursiveIncludeFileInspection
10157:             3             72  com.ansorgit.plugins.bash.editor.inspections.inspections.SimpleArrayUseInspection
10158:             3             72  com.ansorgit.plugins.bash.editor.inspections.inspections.SimpleVarUsageInspection
10159:             3             72  com.ansorgit.plugins.bash.editor.inspections.inspections.UnknownFiledescriptorInspection
10160:             3             72  com.ansorgit.plugins.bash.editor.inspections.inspections.UnresolvedVariableInspection
10161:             3             72  com.ansorgit.plugins.bash.editor.inspections.inspections.UnusedFunctionDefInspection
10162:             3             72  com.ansorgit.plugins.bash.editor.inspections.inspections.UnusedFunctionParameterInspection
10163:             3             72  com.ansorgit.plugins.bash.editor.inspections.inspections.UseExtendedTestCommandInspection
10164:             1             72  com.ansorgit.plugins.bash.lang.psi.impl.BashFileImpl
10165:             3             72  com.baomidou.plugin.idea.mybatisx.inspection.MapperMethodInspection
10166:             3             72  com.baomidou.plugin.idea.mybatisx.inspection.MapperXmlInspection
10167:             3             72  com.google.common.collect.ConcurrentHashMultiset
10168:             3             72  com.google.common.collect.ImmutableMapKeySet
10169:             3             72  com.google.common.collect.RegularImmutableBiMap$Inverse$InverseEntrySet
10170:             3             72  com.google.common.collect.RegularImmutableMap$KeySet
10171:             3             72  com.intellij.analysis.PackagesScopesProvider
10172:             3             72  com.intellij.aop.jam.ArgNamesErrorsInspection
10173:             3             72  com.intellij.aop.jam.ArgNamesWarningsInspection
10174:             3             72  com.intellij.aop.jam.AroundAdviceStyleInspection
10175:             3             72  com.intellij.aop.jam.DeclareParentsInspection
10176:             3             72  com.intellij.aop.jam.PointcutMethodStyleInspection
10177:             3             72  com.intellij.appengine.inspections.AppEngineForbiddenCodeInspection
10178:             3             72  com.intellij.batch.inspections.BatchJobDomInspection
10179:             3             72  com.intellij.batch.inspections.BatchXmlDomInspection
10180:             3             72  com.intellij.batch.inspections.RequiredArtifactTypeInspection
10181:             3             72  com.intellij.beanValidation.highlighting.BvConfigDomInspection
10182:             3             72  com.intellij.beanValidation.highlighting.BvConstraintMappingsInspection
10183:             3             72  com.intellij.beanValidation.highlighting.ConstraintValidatorCreator
10184:             3             72  com.intellij.beanValidation.highlighting.MinMaxValuesInspection
10185:             3             72  com.intellij.cdi.highlighting.CdiAlternativeInspection
10186:             3             72  com.intellij.cdi.highlighting.CdiDecoratorInspection
10187:             3             72  com.intellij.cdi.highlighting.CdiDisposerMethodInspection
10188:             3             72  com.intellij.cdi.highlighting.CdiDomBeansInspection
10189:             3             72  com.intellij.cdi.highlighting.CdiInjectInspection
10190:             3             72  com.intellij.cdi.highlighting.CdiInjectionPointsInspection
10191:             3             72  com.intellij.cdi.highlighting.CdiInterceptorInspection
10192:             3             72  com.intellij.cdi.highlighting.CdiManagedBeanInconsistencyInspection
10193:             3             72  com.intellij.cdi.highlighting.CdiNormalScopeInspection
10194:             3             72  com.intellij.cdi.highlighting.CdiObservesInspection
10195:             3             72  com.intellij.cdi.highlighting.CdiScopeInspection
10196:             3             72  com.intellij.cdi.highlighting.CdiSpecializesInspection
10197:             3             72  com.intellij.cdi.highlighting.CdiStereotypeInspection
10198:             3             72  com.intellij.cdi.highlighting.CdiStereotypeRestrictionsInspection
10199:             3             72  com.intellij.cdi.highlighting.CdiTypedAnnotationInspection
10200:             3             72  com.intellij.cdi.highlighting.CdiUnknownProducersForDisposerMethodInspection
10201:             3             72  com.intellij.cdi.highlighting.CdiUnproxyableBeanTypesInspection
10202:             3             72  com.intellij.codeInsight.MetaAnnotationUtil$$Lambda$2136/1276091878
10203:             3             72  com.intellij.codeInsight.MetaAnnotationUtil$$Lambda$3703/623813576
10204:             3             72  com.intellij.codeInsight.actions.TextRangeType
10205:             3             72  com.intellij.codeInsight.completion.CompletionType
10206:             3             72  com.intellij.codeInsight.completion.JavaCompletionSorting$PreferAccessible$MyEnum
10207:             3             72  com.intellij.codeInsight.completion.OffsetsInFile
10208:             3             72  com.intellij.codeInsight.completion.impl.BetterPrefixMatcher$MatchingOutcome
10209:             3             72  com.intellij.codeInsight.completion.scope.JavaCompletionProcessor$StaticProblem
10210:             3             72  com.intellij.codeInsight.controlflow.ControlFlowUtil$Operation
10211:             3             72  com.intellij.codeInsight.daemon.JavaRainbowVisitor
10212:             3             72  com.intellij.codeInsight.daemon.impl.CachedAnnotators$1
10213:             3             72  com.intellij.codeInsight.daemon.impl.DaemonListeners$Result
10214:             3             72  com.intellij.codeInsight.daemon.impl.DefaultHighlightVisitorBasedInspection$AnnotatorBasedInspection
10215:             3             72  com.intellij.codeInsight.daemon.impl.DefaultHighlightVisitorBasedInspection$SyntaxErrorInspection
10216:             3             72  com.intellij.codeInsight.daemon.impl.ExternalToolPassFactory
10217:             1             72  com.intellij.codeInsight.daemon.impl.LineMarkersPass
10218:             3             72  com.intellij.codeInsight.daemon.impl.ThreadLocalAnnotatorMap$1
10219:             1             72  com.intellij.codeInsight.daemon.impl.UpdateHighlightersUtil$$Lambda$2152/1694731029
10220:             3             72  com.intellij.codeInsight.daemon.impl.WholeFileLocalInspectionsPassFactory
10221:             3             72  com.intellij.codeInsight.daemon.impl.WolfPassFactory
10222:             3             72  com.intellij.codeInsight.daemon.impl.analysis.HighlightUtil$SelectorKind
10223:             3             72  com.intellij.codeInsight.daemon.impl.analysis.HighlightVisitorImpl$1
10224:             3             72  com.intellij.codeInsight.daemon.impl.analysis.HighlightingSettingsPerFile
10225:             3             72  com.intellij.codeInsight.daemon.impl.analysis.HtmlUnknownAnchorTargetInspection
10226:             3             72  com.intellij.codeInsight.daemon.impl.analysis.HtmlUnknownTargetInspection
10227:             3             72  com.intellij.codeInsight.daemon.impl.analysis.XmlDefaultAttributeValueInspection
10228:             3             72  com.intellij.codeInsight.daemon.impl.analysis.XmlHighlightVisitorBasedInspection
10229:             3             72  com.intellij.codeInsight.daemon.impl.analysis.XmlPathReferenceInspection
10230:             3             72  com.intellij.codeInsight.daemon.impl.analysis.XmlUnboundNsPrefixInspection
10231:             3             72  com.intellij.codeInsight.daemon.impl.analysis.XmlUnusedNamespaceInspection
10232:             3             72  com.intellij.codeInsight.daemon.impl.quickfix.ImportClassFixBase$Result
10233:             3             72  com.intellij.codeInsight.editorActions.SmartBackspaceMode
10234:             3             72  com.intellij.codeInsight.editorActions.TypedHandlerDelegate$Result
10235:             3             72  com.intellij.codeInsight.editorActions.XmlTagNameSynchronizer$TagNameSynchronizer$State
10236:             3             72  com.intellij.codeInsight.folding.impl.CodeFoldingManagerImpl
10237:             3             72  com.intellij.codeInsight.folding.impl.UpdateFoldRegionsOperation$ApplyDefaultStateMode
10238:             3             72  com.intellij.codeInsight.generation.CommentByLineCommentHandler$CaretUpdate
10239:             3             72  com.intellij.codeInsight.highlighting.HighlightManagerImpl
10240:             3             72  com.intellij.codeInsight.highlighting.ReadWriteAccessDetector$Access
10241:             3             72  com.intellij.codeInsight.intention.PriorityAction$Priority
10242:             3             72  com.intellij.codeInsight.intention.impl.IntentionHintComponent$PopupUpdateResult
10243:             3             72  com.intellij.codeInsight.javadoc.AnnotationFormat
10244:             3             72  com.intellij.codeInsight.lookup.CharFilter$Result
10245:             3             72  com.intellij.codeInsight.lookup.impl.LookupImpl$FocusDegree
10246:             1             72  com.intellij.codeInsight.lookup.impl.LookupUi
10247:             3             72  com.intellij.codeInsight.navigation.DocPreviewUtil$State
10248:             3             72  com.intellij.codeInspection.AnonymousCanBeLambdaInspection
10249:             3             72  com.intellij.codeInspection.AnonymousCanBeMethodReferenceInspection
10250:             3             72  com.intellij.codeInspection.AnonymousHasLambdaAlternativeInspection
10251:             3             72  com.intellij.codeInspection.CapturingCleanerInspection
10252:             3             72  com.intellij.codeInspection.CollectionAddAllCanBeReplacedWithConstructorInspection
10253:             3             72  com.intellij.codeInspection.CollectionAddAllCanBeReplacedWithConstructorInspection$1
10254:             3             72  com.intellij.codeInspection.ComparatorCombinatorsInspection
10255:             3             72  com.intellij.codeInspection.ComparatorResultComparisonInspection
10256:             3             72  com.intellij.codeInspection.ConditionalBreakInInfiniteLoopInspection
10257:             3             72  com.intellij.codeInspection.ConditionalCanBeOptionalInspection
10258:             3             72  com.intellij.codeInspection.DefaultAnnotationParamInspection
10259:             3             72  com.intellij.codeInspection.DeprecatedIsStillUsedInspection
10260:             3             72  com.intellij.codeInspection.EndlessStreamInspection
10261:             3             72  com.intellij.codeInspection.ExplicitTypeCanBeDiamondInspection
10262:             3             72  com.intellij.codeInspection.FunctionalExpressionCanBeFoldedInspection
10263:             3             72  com.intellij.codeInspection.IdempotentLoopBodyInspection
10264:             3             72  com.intellij.codeInspection.InvalidComparatorMethodReferenceInspection
10265:             3             72  com.intellij.codeInspection.LambdaCanBeMethodCallInspection
10266:             3             72  com.intellij.codeInspection.LambdaCanBeMethodReferenceInspection
10267:             3             72  com.intellij.codeInspection.LossyEncodingInspection
10268:             3             72  com.intellij.codeInspection.MoveFieldAssignmentToInitializerInspection
10269:             3             72  com.intellij.codeInspection.NumericOverflowInspection
10270:             3             72  com.intellij.codeInspection.ObviousNullCheckInspection
10271:             3             72  com.intellij.codeInspection.OptionalAssignedToNullInspection
10272:             3             72  com.intellij.codeInspection.OptionalIsPresentInspection
10273:             3             72  com.intellij.codeInspection.OverwrittenKeyInspection
10274:             3             72  com.intellij.codeInspection.PossibleHeapPollutionVarargsInspection
10275:             3             72  com.intellij.codeInspection.RedundantComparatorComparingInspection
10276:             3             72  com.intellij.codeInspection.RedundantExplicitCloseInspection
10277:             3             72  com.intellij.codeInspection.RedundantExplicitVariableTypeInspection
10278:             3             72  com.intellij.codeInspection.RedundantLambdaCodeBlockInspection
10279:             3             72  com.intellij.codeInspection.RedundantStreamOptionalCallInspection
10280:             3             72  com.intellij.codeInspection.ReplaceInefficientStreamCountInspection
10281:             3             72  com.intellij.codeInspection.ReplaceNullCheckInspection
10282:             3             72  com.intellij.codeInspection.SimplifyCollectorInspection
10283:             3             72  com.intellij.codeInspection.SimplifyOptionalCallChainsInspection
10284:             3             72  com.intellij.codeInspection.SimplifyStreamApiCallChainsInspection
10285:             3             72  com.intellij.codeInspection.StringTokenizerDelimiterInspection
10286:             3             72  com.intellij.codeInspection.SuppressIntentionActionFromFix
10287:             3             72  com.intellij.codeInspection.SuspiciousArrayMethodCallInspection
10288:             3             72  com.intellij.codeInspection.TrailingSpacesInPropertyInspection
10289:             3             72  com.intellij.codeInspection.TrivialFunctionalExpressionUsageInspection
10290:             3             72  com.intellij.codeInspection.UseCompareMethodInspection
10291:             3             72  com.intellij.codeInspection.VariableTypeCanBeExplicitInspection
10292:             3             72  com.intellij.codeInspection.WrongPropertyKeyValueDelimiterInspection
10293:             3             72  com.intellij.codeInspection.accessStaticViaInstance.AccessStaticViaInstance
10294:             3             72  com.intellij.codeInspection.booleanIsAlwaysInverted.BooleanMethodIsAlwaysInvertedInspection
10295:             3             72  com.intellij.codeInspection.bulkOperation.BulkMethodInfo
10296:             3             72  com.intellij.codeInspection.bulkOperation.UseBulkOperationInspection
10297:             3             72  com.intellij.codeInspection.bytecodeAnalysis.Effects
10298:             3             72  com.intellij.codeInspection.bytecodeAnalysis.ProjectBytecodeAnalysis
10299:             3             72  com.intellij.codeInspection.bytecodeAnalysis.ProjectBytecodeAnalysis$IndexedEquationProvider
10300:             3             72  com.intellij.codeInspection.canBeFinal.CanBeFinalInspection
10301:             3             72  com.intellij.codeInspection.capitalization.TitleCapitalizationInspection
10302:             3             72  com.intellij.codeInspection.compiler.JavacQuirksInspection
10303:             3             72  com.intellij.codeInspection.dataFlow.ContractInspection
10304:             3             72  com.intellij.codeInspection.dataFlow.Nullness
10305:             3             72  com.intellij.codeInspection.defUse.DefUseInspection
10306:             3             72  com.intellij.codeInspection.defaultFileTemplateUsage.DefaultFileTemplateUsageInspection
10307:             3             72  com.intellij.codeInspection.dependencyViolation.DependencyInspection
10308:             3             72  com.intellij.codeInspection.deprecation.MarkedForRemovalInspection
10309:             3             72  com.intellij.codeInspection.duplicateThrows.DuplicateThrowsInspection
10310:             3             72  com.intellij.codeInspection.ejb.EjbDomInspection
10311:             3             72  com.intellij.codeInspection.ejb.EjbQlInspection
10312:             3             72  com.intellij.codeInspection.ex.InspectionManagerEx$2
10313:             3             72  com.intellij.codeInspection.htmlInspections.HtmlExtraClosingTagInspection
10314:             3             72  com.intellij.codeInspection.htmlInspections.HtmlMissingClosingTagInspection
10315:             3             72  com.intellij.codeInspection.htmlInspections.RequiredAttributesInspection
10316:             3             72  com.intellij.codeInspection.htmlInspections.XmlWrongRootElementInspection
10317:             3             72  com.intellij.codeInspection.i18n.InvalidPropertyKeyInspection
10318:             3             72  com.intellij.codeInspection.i18n.inconsistentResourceBundle.InconsistentResourceBundleInspection$1
10319:             3             72  com.intellij.codeInspection.inconsistentLanguageLevel.InconsistentLanguageLevelInspection
10320:             3             72  com.intellij.codeInspection.intermediaryVariable.ReturnSeparatedFromComputationInspection
10321:             3             72  com.intellij.codeInspection.java15api.Java15APIUsageInspection
10322:             3             72  com.intellij.codeInspection.java18StreamApi.StaticPseudoFunctionalStyleMethodInspection
10323:             3             72  com.intellij.codeInspection.java18api.Java8ArraySetAllInspection
10324:             3             72  com.intellij.codeInspection.java18api.Java8CollectionRemoveIfInspection
10325:             3             72  com.intellij.codeInspection.java18api.Java8ListSortInspection
10326:             3             72  com.intellij.codeInspection.java18api.Java8MapForEachInspection
10327:             3             72  com.intellij.codeInspection.java19api.Java9CollectionFactoryInspection
10328:             3             72  com.intellij.codeInspection.java19api.Java9UndeclaredServiceUsageInspection
10329:             3             72  com.intellij.codeInspection.java19modules.Java9ModuleExportsPackageToItselfInspection
10330:             3             72  com.intellij.codeInspection.java19modules.Java9RedundantRequiresStatementInspection
10331:             3             72  com.intellij.codeInspection.java19modules.JavaModuleNamingInspection
10332:             3             72  com.intellij.codeInspection.java19modules.JavaRequiresAutoModuleInspection
10333:             3             72  com.intellij.codeInspection.javaDoc.JavaDocReferenceInspection
10334:             3             72  com.intellij.codeInspection.jsp.ELDeferredExpressionsInspection
10335:             3             72  com.intellij.codeInspection.jsp.ELSpecComplianceInspection
10336:             3             72  com.intellij.codeInspection.jsp.ELValidationInspection
10337:             3             72  com.intellij.codeInspection.jsp.ElMethodSignatureInspection
10338:             3             72  com.intellij.codeInspection.jsp.JspAbsolutePathInspection
10339:             3             72  com.intellij.codeInspection.jsp.JspDirectiveInspection
10340:             3             72  com.intellij.codeInspection.jsp.JspPropertiesInspection
10341:             3             72  com.intellij.codeInspection.jsp.JspTagBodyContentInspection
10342:             3             72  com.intellij.codeInspection.jsp.ReferencesToClassesFromDefaultPackageInJSPFileInspection
10343:             3             72  com.intellij.codeInspection.jsp.SelfIncludingJspFilesInspection
10344:             3             72  com.intellij.codeInspection.jsp.UnhandledExceptionInJSP
10345:             3             72  com.intellij.codeInspection.lambda.RedundantLambdaParameterTypeInspection
10346:             3             72  com.intellij.codeInspection.lambdaToExplicit.ExcessiveLambdaUsageInspection
10347:             3             72  com.intellij.codeInspection.lambdaToExplicit.ExplicitArgumentCanBeLambdaInspection
10348:             3             72  com.intellij.codeInspection.magicConstant.MagicConstantInspection
10349:             3             72  com.intellij.codeInspection.miscGenerics.RawTypeCanBeGenericInspection
10350:             3             72  com.intellij.codeInspection.miscGenerics.RedundantArrayForVarargsCallInspection
10351:             3             72  com.intellij.codeInspection.miscGenerics.RedundantTypeArgsInspection
10352:             3             72  com.intellij.codeInspection.miscGenerics.SuspiciousCollectionsMethodCallsInspection
10353:             3             72  com.intellij.codeInspection.reflectiveAccess.Java9ReflectionClassVisibilityInspection
10354:             3             72  com.intellij.codeInspection.reflectiveAccess.JavaLangInvokeHandleSignatureInspection
10355:             3             72  com.intellij.codeInspection.reflectiveAccess.JavaReflectionInvocationInspection
10356:             3             72  com.intellij.codeInspection.sameParameterValue.SameParameterValueInspection
10357:             3             72  com.intellij.codeInspection.sameReturnValue.SameReturnValueInspection
10358:             3             72  com.intellij.codeInspection.sillyAssignment.SillyAssignmentInspection
10359:             3             72  com.intellij.codeInspection.streamMigration.FuseStreamOperationsInspection
10360:             3             72  com.intellij.codeInspection.streamMigration.SimplifyForEachInspection
10361:             3             72  com.intellij.codeInspection.streamMigration.StreamApiMigrationInspection
10362:             3             72  com.intellij.codeInspection.streamToLoop.StreamToLoopInspection
10363:             3             72  com.intellij.codeInspection.unnecessaryModuleDependency.UnnecessaryModuleDependencyInspection
10364:             3             72  com.intellij.codeInspection.unneededThrows.RedundantThrowsDeclarationLocalInspection
10365:             3             72  com.intellij.codeInspection.unused.UnusedPropertyInspection
10366:             3             72  com.intellij.codeInspection.unusedImport.UnusedImportInspection
10367:             3             72  com.intellij.codeInspection.unusedLibraries.UnusedLibrariesInspection
10368:             3             72  com.intellij.codeInspection.unusedReturnValue.UnusedReturnValue
10369:             3             72  com.intellij.codeInspection.varScopeCanBeNarrowed.ParameterCanBeLocalInspection
10370:             3             72  com.intellij.codeInspection.wrongPackageStatement.WrongPackageStatementInspection
10371:             3             72  com.intellij.codeInspection.xml.DeprecatedClassUsageInspection
10372:             3             72  com.intellij.coldFusion.UI.inspections.CfmlFileReferenceInspection
10373:             3             72  com.intellij.coldFusion.UI.inspections.CfmlReferenceInspection
10374:             3             72  com.intellij.coldFusion.injection.CfmlSplittedMultiHostInjector
10375:             3             72  com.intellij.compiler.ModuleSourceSet
10376:             3             72  com.intellij.compiler.backwardRefs.CompilerReferenceReader$DefCount
10377:             3             72  com.intellij.compiler.backwardRefs.CompilerReferenceServiceImpl$IndexCloseReason
10378:             3             72  com.intellij.compiler.impl.javaCompiler.javac.JavacConfiguration
10379:             3             72  com.intellij.compiler.inspection.FrequentlyUsedInheritorInspection
10380:             3             72  com.intellij.compiler.server.BuildManager$3$$Lambda$1993/1057700144
10381:             3             72  com.intellij.compiler.server.BuildMessageDispatcher$SessionData$State
10382:             3             72  com.intellij.configurationStore.FileStorageAnnotation
10383:             3             72  com.intellij.configurationStore.StateLoadPolicy
10384:             3             72  com.intellij.core.CoreProjectScopeBuilder$ContentSearchScope
10385:             3             72  com.intellij.credentialStore.kdbx.KdbxHeader$ProtectedStreamAlgorithm
10386:             1             72  com.intellij.credentialStore.windows.WindowsCryptUtils$Crypt32$DATA_BLOB
10387:             3             72  com.intellij.database.autoconfig.DatabaseConfigFileWatcher
10388:             3             72  com.intellij.database.dataSource.srcStorage.DbSrcFileSystem$ItemType
10389:             3             72  com.intellij.database.datagrid.DataRequest$3
10390:             3             72  com.intellij.database.introspection.DBIntrospectionOptions$SourceLoading
10391:             3             72  com.intellij.database.model.properties.DataTypeFactory$Variant
10392:             3             72  com.intellij.database.psi.DefaultDbPsiManager
10393:             3             72  com.intellij.database.settings.UserPatterns
10394:             3             72  com.intellij.debugger.impl.HotSwapManager
10395:             3             72  com.intellij.debugger.memory.component.InstancesTracker
10396:             3             72  com.intellij.debugger.ui.HotSwapUIImpl
10397:             3             72  com.intellij.debugger.ui.HotSwapUIImpl$1
10398:             3             72  com.intellij.designer.propertyTable.PropertyTable$PropertyCellRenderer
10399:             3             72  com.intellij.designer.propertyTable.PropertyTable$PropertyTableModel
10400:             3             72  com.intellij.designer.propertyTable.PropertyTablePanel$2
10401:             1             72  com.intellij.diagnostic.IdeFatalErrorsIcon$2
10402:             3             72  com.intellij.diagnostic.IdeFatalErrorsIcon$State
10403:             3             72  com.intellij.diagram.settings.DiagramConfigElement$Type
10404:             3             72  com.intellij.diff.comparison.ComparisonPolicy
10405:             3             72  com.intellij.diff.impl.DiffRequestProcessor$IterationState
10406:             3             72  com.intellij.diff.impl.DiffRequestProcessor$MyDiffContext
10407:             3             72  com.intellij.diff.impl.DiffSettingsHolder$DiffSettings
10408:             3             72  com.intellij.diff.tools.util.SoftHardCacheMap
10409:             3             72  com.intellij.dmserver.editor.AvailableBundlesProvider$1
10410:             3             72  com.intellij.dmserver.editor.AvailableBundlesProvider$2
10411:             3             72  com.intellij.dmserver.editor.AvailableBundlesProvider$3
10412:             3             72  com.intellij.dupLocator.index.DuplicatesInspection
10413:             3             72  com.intellij.dvcs.branch.DvcsSyncSettings$Value
10414:             3             72  com.intellij.ee.websocket.highlighting.IncorrectOnMessageMethodsInspection
10415:             3             72  com.intellij.ee.websocket.highlighting.ServerEndpointInconsistencyInspection
10416:             3             72  com.intellij.execution.actions.CreateAction$BaseCreatePolicy$ActionType
10417:             3             72  com.intellij.execution.application.ApplicationConfigurationType$1
10418:             3             72  com.intellij.execution.configurations.GeneralCommandLine$ParentEnvironmentType
10419:             3             72  com.intellij.execution.dashboard.RunDashboardManagerImpl$RuleState
10420:             3             72  com.intellij.execution.impl.RunConfigurationLevel
10421:             3             72  com.intellij.execution.impl.RunManagerImpl$configurationFactories$2
10422:             3             72  com.intellij.execution.impl.RunManagerImpl$stringIdToBeforeRunProvider$2
10423:             3             72  com.intellij.execution.junit.codeInsight.JUnit5MalformedParameterizedInspection
10424:             3             72  com.intellij.execution.junit.codeInsight.JUnit5MalformedRepeatedTestInspection
10425:             1             72  com.intellij.execution.process.OSProcessHandler
10426:             3             72  com.intellij.execution.testDiscovery.TestDiscoveryIndex
10427:             3             72  com.intellij.externalDependencies.impl.ExternalDependenciesManagerImpl
10428:             3             72  com.intellij.facet.impl.FacetFinderImpl$$Lambda$954/289652406
10429:             3             72  com.intellij.facet.impl.ProjectFacetManagerImpl
10430:             3             72  com.intellij.facet.impl.pointers.FacetPointersManagerImpl
10431:             3             72  com.intellij.find.findUsages.FindUsagesOptions
10432:             1             72  com.intellij.formatting.FormatterImpl
10433:             3             72  com.intellij.formatting.FormatterTagHandler$FormatterTag
10434:             3             72  com.intellij.formatting.FormattingMode
10435:             3             72  com.intellij.framework.detection.impl.exclude.old.OldFacetDetectionExcludesConfiguration
10436:             3             72  com.intellij.frameworks.reactor.inspections.PublisherImplementationInspection
10437:             3             72  com.intellij.frameworks.reactor.inspections.SubscriberImplementationInspection
10438:             3             72  com.intellij.frameworks.reactor.inspections.UnassignedFluxMonoInstanceInspection
10439:             3             72  com.intellij.freemarker.inspections.FtlCallsInspection
10440:             3             72  com.intellij.freemarker.inspections.FtlDeprecatedBuiltInsInspection
10441:             3             72  com.intellij.freemarker.inspections.FtlFileReferencesInspection
10442:             3             72  com.intellij.freemarker.inspections.FtlImportCallInspection
10443:             3             72  com.intellij.freemarker.inspections.FtlReferencesInspection
10444:             3             72  com.intellij.freemarker.inspections.FtlTypesInspection
10445:             3             72  com.intellij.freemarker.inspections.FtlWellformednessInspection
10446:             3             72  com.intellij.guice.inspections.BindingAnnotationWithoutInjectInspection
10447:             3             72  com.intellij.guice.inspections.ConflictingAnnotationsInspection
10448:             3             72  com.intellij.guice.inspections.InterceptionAnnotationWithoutRuntimeRetentionInspection
10449:             3             72  com.intellij.guice.inspections.InvalidImplementedByInspection
10450:             3             72  com.intellij.guice.inspections.InvalidProvidedByInspection
10451:             3             72  com.intellij.guice.inspections.InvalidRequestParametersInspection
10452:             3             72  com.intellij.guice.inspections.MultipleBindingAnnotationsInspection
10453:             3             72  com.intellij.guice.inspections.MultipleInjectedConstructorsForClassInspection
10454:             3             72  com.intellij.guice.inspections.PointlessBindingInspection
10455:             3             72  com.intellij.guice.inspections.RedundantScopeBindingInspection
10456:             3             72  com.intellij.guice.inspections.RedundantToBindingInspection
10457:             3             72  com.intellij.guice.inspections.RedundantToProviderBindingInspection
10458:             3             72  com.intellij.guice.inspections.SessionScopedInjectsRequestScopedInspection
10459:             3             72  com.intellij.guice.inspections.SingletonInjectsScopedInspection
10460:             3             72  com.intellij.guice.inspections.UninstantiableBindingInspection
10461:             3             72  com.intellij.guice.inspections.UninstantiableImplementedByClassInspection
10462:             3             72  com.intellij.guice.inspections.UninstantiableProvidedByClassInspection
10463:             3             72  com.intellij.guice.inspections.UnnecessaryStaticInjectionInspection
10464:             3             72  com.intellij.gwt.clientBundle.CssResourceClassErrorsInspection
10465:             3             72  com.intellij.gwt.inspections.ClientClassFromNonInheritedModuleUsageInspection
10466:             3             72  com.intellij.gwt.inspections.GwtCreateMethodCallInspection
10467:             3             72  com.intellij.gwt.inspections.GwtDefaultPackageNotRegisteredInspection
10468:             3             72  com.intellij.gwt.inspections.GwtDeprecatedPropertyKeyJavadocTagInspection
10469:             3             72  com.intellij.gwt.inspections.GwtInconsistentAsyncInterfaceInspection
10470:             3             72  com.intellij.gwt.inspections.GwtInconsistentLocalizableInterfaceInspection
10471:             3             72  com.intellij.gwt.inspections.GwtInconsistentSerializableClassInspection
10472:             3             72  com.intellij.gwt.inspections.GwtJavaFromJSMethodCallsInspection
10473:             3             72  com.intellij.gwt.inspections.GwtJavaScriptReferencesInspection
10474:             3             72  com.intellij.gwt.inspections.GwtMethodWithParametersInConstantsInterfaceInspection
10475:             3             72  com.intellij.gwt.inspections.GwtNonSerializableRemoteServiceMethodParametersInspection
10476:             3             72  com.intellij.gwt.inspections.GwtObsoleteTypeArgsJavadocTagInspection
10477:             3             72  com.intellij.gwt.inspections.GwtOverlayTypeRestrictionsInspection
10478:             3             72  com.intellij.gwt.inspections.GwtRawAsyncCallbackInspection
10479:             3             72  com.intellij.gwt.inspections.GwtServiceNotRegisteredInspection
10480:             3             72  com.intellij.gwt.inspections.GwtToCssClassReferencesInspection
10481:             3             72  com.intellij.gwt.inspections.GwtToHtmlTagReferencesInspection
10482:             3             72  com.intellij.gwt.inspections.GwtUiBinderErrorsInspection
10483:             3             72  com.intellij.gwt.inspections.GwtUiFieldAssignmentInspection
10484:             3             72  com.intellij.gwt.inspections.GwtUiFieldErrorsInspection
10485:             3             72  com.intellij.gwt.inspections.GwtUiHandlerErrorsInspection
10486:             3             72  com.intellij.gwt.inspections.NonJREEmulationClassesInClientCodeInspection
10487:             3             72  com.intellij.gwt.inspections.RedundantSetServiceEntryPointMethodCallsInspection
10488:             3             72  com.intellij.gwt.inspections.UiXmlUnresolvedReferencesInspection
10489:             3             72  com.intellij.gwt.inspections.eventListeners.GwtDeprecatedEventListenersInspection
10490:             3             72  com.intellij.gwt.refactorings.KeyTagInfo
10491:             3             72  com.intellij.hibernate.highlighting.HibernateConfigDomFacetInspection
10492:             3             72  com.intellij.hibernate.highlighting.HibernateConfigDomInspection
10493:             3             72  com.intellij.hibernate.highlighting.HibernateMappingDatasourceDomInspection
10494:             3             72  com.intellij.hibernate.highlighting.HibernateMappingDomInspection
10495:             3             72  com.intellij.history.core.changes.ChangeSet$$Lambda$2848/158466536
10496:             3             72  com.intellij.history.integration.IdeaGateway$VersionedFilterData
10497:             3             72  com.intellij.history.integration.LocalHistoryEventDispatcher$$Lambda$1988/1950431726
10498:             3             72  com.intellij.history.integration.LocalHistoryEventDispatcher$$Lambda$1991/1649337910
10499:             3             72  com.intellij.htmltools.codeInspection.htmlInspections.HtmlDeprecatedTagInspection
10500:             3             72  com.intellij.htmltools.codeInspection.htmlInspections.HtmlFormInputWithoutLabelInspection
10501:             3             72  com.intellij.htmltools.codeInspection.htmlInspections.HtmlPresentationalElementInspection
10502:             3             72  com.intellij.htmltools.xml.util.CheckImageSizeInspection
10503:             3             72  com.intellij.ide.ApplicationActivationStateManager$State
10504:             3             72  com.intellij.ide.CopyPasteDelegator
10505:             3             72  com.intellij.ide.GeneralSettings$ProcessCloseConfirmation
10506:             3             72  com.intellij.ide.IdeEventQueue$SearchEverywhereTypeaheadState
10507:             1             72  com.intellij.ide.IdeKeyboardFocusManager
10508:             1             72  com.intellij.ide.IdeTooltipManager
10509:             3             72  com.intellij.ide.b.a.e
10510:             1             72  com.intellij.ide.b.g.l
10511:             1             72  com.intellij.ide.b.g.q
10512:             3             72  com.intellij.ide.browsers.DefaultBrowserPolicy
10513:             3             72  com.intellij.ide.favoritesTreeView.FavoritesViewSettings
10514:             3             72  com.intellij.ide.fileTemplates.impl.FileTemplateManagerImpl$1
10515:             3             72  com.intellij.ide.gdpr.ConsentOptions$Permission
10516:             3             72  com.intellij.ide.impl.DataManagerImpl$$Lambda$1487/524523198
10517:             3             72  com.intellij.ide.impl.PackagesPaneSelectInTarget
10518:             3             72  com.intellij.ide.impl.ProjectPaneSelectInTarget
10519:             3             72  com.intellij.ide.impl.convert.ProjectFileVersionImpl
10520:             1             72  com.intellij.ide.navigationToolbar.NavBarUpdateQueue
10521:             3             72  com.intellij.ide.projectView.impl.AbstractProjectViewPane$$Lambda$1282/324411701
10522:             3             72  com.intellij.ide.projectView.impl.ProjectViewImpl$2
10523:             3             72  com.intellij.ide.projectView.impl.ProjectViewImpl$3
10524:             3             72  com.intellij.ide.projectView.impl.ProjectViewImpl$MyPanel$1
10525:             3             72  com.intellij.ide.scopeView.ScopePaneSelectInTarget
10526:             3             72  com.intellij.ide.scopeView.ScopeViewPane$1
10527:             3             72  com.intellij.ide.scratch.ScratchesNamedScope
10528:             3             72  com.intellij.ide.scratch.ScratchesNamedScope$1
10529:             3             72  com.intellij.ide.scratch.ScratchesSearchScope
10530:             3             72  com.intellij.idea.SocketLock$ActivateStatus
10531:             3             72  com.intellij.idea.StartupUtil$ActivationResult
10532:             3             72  com.intellij.impl.ConversionResultImpl
10533:             3             72  com.intellij.j2ee.appServerIntegrations.impl.AppServerDescriptorsMetaDataRegistryImpl
10534:             3             72  com.intellij.j2ee.web.WebProjectComponent$1
10535:             3             72  com.intellij.j2ee.web.highlighting.ServletWithoutMappingInspection
10536:             3             72  com.intellij.j2ee.web.highlighting.WebWarningInspection
10537:             3             72  com.intellij.j2ee.web.highlighting.WebXmlInspection
10538:             3             72  com.intellij.j2ee.webSphere.configuration.WebSphereBuildLooseAppsBeforeRunTaskProvider
10539:             3             72  com.intellij.j2meplugin.codeInspection.MissedExecutableInspection
10540:             3             72  com.intellij.jam.JamClassGeneratorImpl$$Lambda$1485/1317691536
10541:             3             72  com.intellij.jam.reflect.JamChildrenQuery$AnnotatedParametersQuery
10542:             1             72  com.intellij.javaee.ExternalResourceManagerExImpl
10543:             3             72  com.intellij.javaee.JavaeeApplicationDomInspection
10544:             3             72  com.intellij.javaee.ejb.inspections.EjbClassBasicInspection
10545:             3             72  com.intellij.javaee.ejb.inspections.EjbClassWarningsInspection
10546:             3             72  com.intellij.javaee.ejb.inspections.EjbEntityClassInspection
10547:             3             72  com.intellij.javaee.ejb.inspections.EjbEntityHomeInspection
10548:             3             72  com.intellij.javaee.ejb.inspections.EjbEntityInterfaceInspection
10549:             3             72  com.intellij.javaee.ejb.inspections.EjbEnvironmentInspection
10550:             3             72  com.intellij.javaee.ejb.inspections.EjbInterceptorInspection
10551:             3             72  com.intellij.javaee.ejb.inspections.EjbInterceptorWarningsInspection
10552:             3             72  com.intellij.javaee.ejb.inspections.EjbInterfaceMethodInspection
10553:             3             72  com.intellij.javaee.ejb.inspections.EjbInterfaceSignatureInspection
10554:             3             72  com.intellij.javaee.ejb.inspections.EjbProhibitedPackageUsageInspection
10555:             3             72  com.intellij.javaee.ejb.inspections.EjbRemoteRequirementsInspection
10556:             3             72  com.intellij.javaee.ejb.inspections.EjbSessionHomeInterfaceInspection
10557:             3             72  com.intellij.javaee.ejb.inspections.EjbStaticAccessInspection
10558:             3             72  com.intellij.javaee.ejb.inspections.EjbThisExpressionInspection
10559:             3             72  com.intellij.javaee.make.J2EECompilerManager
10560:             3             72  com.intellij.javaee.make.J2EECompilerManager$1
10561:             3             72  com.intellij.javaee.managedbean.inspections.ManagedBeanClassInspection
10562:             3             72  com.intellij.javaee.model.annotations.ejb.EjbJamContributor$1
10563:             3             72  com.intellij.javaee.model.enums.SessionType
10564:             3             72  com.intellij.javaee.oss.geronimo.server.GeronimoInspection
10565:             3             72  com.intellij.javaee.oss.glassfish.server.GlassfishInspection
10566:             3             72  com.intellij.javaee.oss.jboss.server.JBossInspection
10567:             3             72  com.intellij.javaee.view.ServerProcessState
10568:             3             72  com.intellij.javaee.view.tool.ArtifactSyncTracker
10569:             3             72  com.intellij.javaee.weblogic.WeblogicDomInspection
10570:             3             72  com.intellij.javascript.jest.JestSchemaProviderFactory$1
10571:             3             72  com.intellij.javascript.nodejs.packageJson.codeInsight.PackageJsonMismatchedDependencyInspection
10572:             3             72  com.intellij.javascript.protractor.ProtractorRunSettings$Builder
10573:             3             72  com.intellij.jboss.jbpm.highlighting.BpmnConfigDomInspection
10574:             3             72  com.intellij.jboss.jbpm.model.impl.BpmnDomModelManagerImpl
10575:             3             72  com.intellij.jboss.jpdl.inspections.JpdlModelInspection
10576:             3             72  com.intellij.jpa.AttributeRefactoringSupport
10577:             3             72  com.intellij.jpa.highlighting.JpaDataSourceORMDomInspection
10578:             3             72  com.intellij.jpa.highlighting.JpaDataSourceORMInspection
10579:             3             72  com.intellij.jpa.highlighting.JpaDomFacetInspection
10580:             3             72  com.intellij.jpa.highlighting.JpaDomInspection
10581:             3             72  com.intellij.jpa.highlighting.JpaOrmDomInspection
10582:             3             72  com.intellij.jpa.highlighting.JpaQlInspection
10583:             3             72  com.intellij.jpa.highlighting.JpaQueryApiInspection
10584:             3             72  com.intellij.jpa.inspections.JpaAttributeMemberSignatureInspection
10585:             3             72  com.intellij.jpa.inspections.JpaAttributeTypeInspection
10586:             3             72  com.intellij.jpa.inspections.JpaEntityListenerInspection
10587:             3             72  com.intellij.jpa.inspections.JpaEntityListenerWarningsInspection
10588:             3             72  com.intellij.jpa.inspections.JpaMissingIdInspection
10589:             3             72  com.intellij.jpa.inspections.JpaModelReferenceInspection
10590:             3             72  com.intellij.jpa.inspections.JpaObjectClassSignatureInspection
10591:             3             72  com.intellij.jsf.highlighting.jam.JsfJamExtendsClassInconsistencyInspection
10592:             3             72  com.intellij.jsf.highlighting.xml.JsfDomModelInspection
10593:             3             72  com.intellij.jsf.highlighting.xml.JsfManagedBeansInconsistencyInspection
10594:             3             72  com.intellij.json.codeinsight.JsonDuplicatePropertyKeysInspection
10595:             3             72  com.intellij.json.codeinsight.JsonStandardComplianceInspection
10596:             3             72  com.intellij.jsp.taglibs.TaglibDomModelInspection
10597:             1             72  com.intellij.lang.ant.config.impl.AntConfigurationImpl
10598:             3             72  com.intellij.lang.ant.dom.AntResolveInspection
10599:             3             72  com.intellij.lang.ant.validation.AntDuplicateTargetsInspection
10600:             3             72  com.intellij.lang.ant.validation.AntMissingPropertiesFileInspection
10601:             3             72  com.intellij.lang.css.CssDialectMappings
10602:             3             72  com.intellij.lang.java.beans.PropertyKind
10603:             3             72  com.intellij.lang.java.parser.ExpressionParser$BreakPoint
10604:             3             72  com.intellij.lang.javascript.buildTools.base.JsbtService$2
10605:             3             72  com.intellij.lang.javascript.dialects.JSDialectsMappings
10606:             3             72  com.intellij.lang.javascript.flex.build.FlexBuildConfiguration$Type
10607:             3             72  com.intellij.lang.javascript.flex.build.FlexCompilerDependenciesCache
10608:             3             72  com.intellij.lang.javascript.flex.flexunit.FlexUnitRunnerParameters$Scope
10609:             3             72  com.intellij.lang.javascript.flex.flexunit.inspections.FlexUnitClassInProductSourceInspection
10610:             3             72  com.intellij.lang.javascript.flex.flexunit.inspections.FlexUnitClassVisibilityInspection
10611:             3             72  com.intellij.lang.javascript.flex.flexunit.inspections.FlexUnitClassWithNoTestsInspection
10612:             3             72  com.intellij.lang.javascript.flex.flexunit.inspections.FlexUnitEmptySuiteInspection
10613:             3             72  com.intellij.lang.javascript.flex.flexunit.inspections.FlexUnitMethodHasParametersInspection
10614:             3             72  com.intellij.lang.javascript.flex.flexunit.inspections.FlexUnitMethodInSuiteInspection
10615:             3             72  com.intellij.lang.javascript.flex.flexunit.inspections.FlexUnitMethodIsPropertyInspection
10616:             3             72  com.intellij.lang.javascript.flex.flexunit.inspections.FlexUnitMethodIsStaticInspection
10617:             3             72  com.intellij.lang.javascript.flex.flexunit.inspections.FlexUnitMethodReturnTypeInspection
10618:             3             72  com.intellij.lang.javascript.flex.flexunit.inspections.FlexUnitMethodVisibilityInspection
10619:             3             72  com.intellij.lang.javascript.flex.flexunit.inspections.FlexUnitMixedAPIInspection
10620:             3             72  com.intellij.lang.javascript.flex.flexunit.inspections.FlexUnitSuiteWithNoRunnerInspection
10621:             3             72  com.intellij.lang.javascript.flex.projectStructure.ui.ActiveBuildConfigurationWidget
10622:             3             72  com.intellij.lang.javascript.flex.run.LauncherParameters$LauncherType
10623:             3             72  com.intellij.lang.javascript.flow.FlowJSConfigInspection
10624:             3             72  com.intellij.lang.javascript.flow.FlowJSServiceHighlightingPassFactory
10625:             3             72  com.intellij.lang.javascript.flow.inspections.FlowJSFlagCommentPlacementInspection
10626:             3             72  com.intellij.lang.javascript.formatter.JSCodeStyleSettings$TrailingCommaOption
10627:             3             72  com.intellij.lang.javascript.frameworks.webpack.WebpackConfigHighlightingInspection
10628:             3             72  com.intellij.lang.javascript.highlighting.JSRainbowVisitor
10629:             3             72  com.intellij.lang.javascript.index.flags.NullableEnumStructureElement
10630:             3             72  com.intellij.lang.javascript.inspections.ES6BindWithArrowFunctionInspection
10631:             3             72  com.intellij.lang.javascript.inspections.ES6ClassMemberInitializationOrderInspection
10632:             3             72  com.intellij.lang.javascript.inspections.ES6ConvertModuleExportToExportInspection
10633:             3             72  com.intellij.lang.javascript.inspections.ES6ConvertToForOfInspection
10634:             3             72  com.intellij.lang.javascript.inspections.ES6MissingAwaitInspection
10635:             3             72  com.intellij.lang.javascript.inspections.ES6PossiblyAsyncFunctionInspection
10636:             3             72  com.intellij.lang.javascript.inspections.ES6ShorthandObjectPropertyInspection
10637:             3             72  com.intellij.lang.javascript.inspections.ES6UnusedImportsInspection
10638:             3             72  com.intellij.lang.javascript.inspections.JSAccessibilityCheckInspection
10639:             3             72  com.intellij.lang.javascript.inspections.JSAnnotatorInspection
10640:             3             72  com.intellij.lang.javascript.inspections.JSArrowFunctionBracesCanBeRemovedInspection
10641:             3             72  com.intellij.lang.javascript.inspections.JSBitwiseOperatorUsageInspection
10642:             3             72  com.intellij.lang.javascript.inspections.JSClosureCompilerSyntaxInspection
10643:             3             72  com.intellij.lang.javascript.inspections.JSCommentMatchesSignatureInspection
10644:             3             72  com.intellij.lang.javascript.inspections.JSComparisonWithNaNInspection
10645:             3             72  com.intellij.lang.javascript.inspections.JSConsecutiveCommasInArrayLiteralInspection
10646:             3             72  com.intellij.lang.javascript.inspections.JSConstructorReturnsPrimitiveInspection
10647:             3             72  com.intellij.lang.javascript.inspections.JSDeprecatedSymbolsInspection
10648:             3             72  com.intellij.lang.javascript.inspections.JSDuplicatedDeclarationInspection
10649:             3             72  com.intellij.lang.javascript.inspections.JSEqualityComparisonWithCoercionInspection$Severity
10650:             3             72  com.intellij.lang.javascript.inspections.JSFunctionExpressionToArrowFunctionInspection
10651:             3             72  com.intellij.lang.javascript.inspections.JSIgnoredPromiseFromCallInspection
10652:             3             72  com.intellij.lang.javascript.inspections.JSLastCommaInArrayLiteralInspection
10653:             3             72  com.intellij.lang.javascript.inspections.JSLastCommaInObjectLiteralInspection
10654:             3             72  com.intellij.lang.javascript.inspections.JSMethodCanBeStaticInspection
10655:             3             72  com.intellij.lang.javascript.inspections.JSPotentiallyInvalidTargetOfIndexedPropertyAccess
10656:             3             72  com.intellij.lang.javascript.inspections.JSPotentiallyInvalidUsageOfClassThisInspection
10657:             3             72  com.intellij.lang.javascript.inspections.JSPotentiallyInvalidUsageOfThisInspection
10658:             3             72  com.intellij.lang.javascript.inspections.JSPrimitiveTypeWrapperUsageInspection
10659:             3             72  com.intellij.lang.javascript.inspections.JSRedeclarationOfBlockScopeInspection
10660:             3             72  com.intellij.lang.javascript.inspections.JSReferencingArgumentsOutsideOfFunctionInspection
10661:             3             72  com.intellij.lang.javascript.inspections.JSReferencingMutableVariableFromClosureInspection
10662:             1             72  com.intellij.lang.javascript.inspections.JSReferencingMutableVariableFromClosureInspection$1$2
10663:             3             72  com.intellij.lang.javascript.inspections.JSRemoveUnnecessaryParenthesesInspection
10664:             3             72  com.intellij.lang.javascript.inspections.JSStringConcatenationToES6TemplateInspection
10665:             3             72  com.intellij.lang.javascript.inspections.JSUndefinedPropertyAssignmentInspection
10666:             3             72  com.intellij.lang.javascript.inspections.JSUnnecessarySemicolonInspection
10667:             3             72  com.intellij.lang.javascript.inspections.JSUnresolvedExtXTypeInspection
10668:             3             72  com.intellij.lang.javascript.inspections.JSUnresolvedLibraryURLInspection
10669:             3             72  com.intellij.lang.javascript.inspections.JSUnusedAssignmentInspection
10670:             3             72  com.intellij.lang.javascript.inspections.JSValidateJSDocInspection
10671:             3             72  com.intellij.lang.javascript.inspections.JSValidateTypesInspection
10672:             3             72  com.intellij.lang.javascript.inspections.actionscript.JSFieldCanBeLocalInspection
10673:             3             72  com.intellij.lang.javascript.inspections.actionscript.JSImplicitlyInternalDeclarationInspection
10674:             3             72  com.intellij.lang.javascript.inspections.actionscript.JSUntypedDeclarationInspection
10675:             3             72  com.intellij.lang.javascript.linter.JSLinterEditorPanelCreator
10676:             3             72  com.intellij.lang.javascript.linter.eslint.standardjs.StandardJSCodeStyleNotifierProvider
10677:             3             72  com.intellij.lang.javascript.linter.tslint.highlight.TsLintExternalAnnotator
10678:             3             72  com.intellij.lang.javascript.modules.AmdModulesDependenciesInspection
10679:             3             72  com.intellij.lang.javascript.modules.ES6CheckImportInspection
10680:             3             72  com.intellij.lang.javascript.modules.ES6ModulesDependenciesInspection
10681:             3             72  com.intellij.lang.javascript.modules.ModuleFixCreator$ModuleType
10682:             3             72  com.intellij.lang.javascript.modules.NpmUsedModulesInstalledInspection
10683:             3             72  com.intellij.lang.javascript.modules.TypeScriptCheckImportInspection
10684:             3             72  com.intellij.lang.javascript.parsing.FunctionParser$Context
10685:             3             72  com.intellij.lang.javascript.psi.JSElementBase$ClassOrInterface
10686:             3             72  com.intellij.lang.javascript.psi.JSRecordType$IndexSignatureKind
10687:             3             72  com.intellij.lang.javascript.psi.JSTestFileType
10688:             3             72  com.intellij.lang.javascript.psi.JSVarStatement$VarKeyword
10689:             3             72  com.intellij.lang.javascript.psi.controlflow.instruction.JSConditionInstruction$ConditionState
10690:             3             72  com.intellij.lang.javascript.psi.resolve.JSCompletionPlaceFilter$ContextKind
10691:             3             72  com.intellij.lang.javascript.psi.resolve.JSTypeInfo$GlobalStatusHint
10692:             3             72  com.intellij.lang.javascript.psi.types.JSContext
10693:             3             72  com.intellij.lang.javascript.psi.types.JSTypeSource$SourceLanguage
10694:             3             72  com.intellij.lang.javascript.template.postfix.JSPostfixTemplateUtils$2
10695:             3             72  com.intellij.lang.jvm.actions.ExpectedType$Kind
10696:             3             72  com.intellij.lang.parameterInfo.ParameterInfoUIContextEx$Flag
10697:             3             72  com.intellij.lang.properties.ResourceBundleManagerState
10698:             3             72  com.intellij.lang.properties.UnusedMessageFormatParameterInspection
10699:             3             72  com.intellij.lang.properties.editor.inspections.incomplete.IncompletePropertyInspection
10700:             3             72  com.intellij.lang.typescript.compiler.TypeScriptCompilerSettings$TypeScriptCompilerVersionType
10701:             3             72  com.intellij.lang.typescript.compiler.TypeScriptLanguageServiceAnnotatorCheckerProvider
10702:             3             72  com.intellij.lang.typescript.compiler.TypeScriptLanguageServiceToolWindowManager$2
10703:             3             72  com.intellij.lang.typescript.compiler.TypeScriptServiceHighlightingPassFactory
10704:             1             72  com.intellij.lang.typescript.compiler.languageService.TypeScriptServerServiceImpl
10705:             3             72  com.intellij.lang.typescript.compiler.ui.TypeScriptCompilerEditorNotificationProvider
10706:             3             72  com.intellij.lang.typescript.inspection.SuspiciousInstanceOfGuardInspection
10707:             3             72  com.intellij.lang.typescript.inspection.SuspiciousTypeOfGuardInspection
10708:             3             72  com.intellij.lang.typescript.inspection.TypeScriptFieldCanBeMadeReadonlyInspection
10709:             3             72  com.intellij.lang.typescript.inspection.TypeScriptMissingAugmentationImportInspection
10710:             3             72  com.intellij.lang.typescript.inspection.TypeScriptPreferShortImportInspection
10711:             3             72  com.intellij.lang.typescript.inspection.TypeScriptUMDGlobalInspection
10712:             3             72  com.intellij.lang.typescript.inspections.TypeScriptAbstractClassConstructorCanBeMadeProtectedInspection
10713:             3             72  com.intellij.lang.typescript.inspections.TypeScriptAccessibilityCheckInspection
10714:             3             72  com.intellij.lang.typescript.inspections.TypeScriptSuspiciousConstructorParameterAssignmentInspection
10715:             3             72  com.intellij.lang.typescript.inspections.TypeScriptUnresolvedFunctionInspection
10716:             3             72  com.intellij.lang.typescript.inspections.TypeScriptUnresolvedVariableInspection
10717:             3             72  com.intellij.lang.typescript.inspections.TypeScriptValidateJSTypesInspection
10718:             3             72  com.intellij.lang.typescript.inspections.TypeScriptValidateTypesInspection
10719:             3             72  com.intellij.lang.typescript.tsconfig.TypeScriptConfigLibraryUpdater
10720:             3             72  com.intellij.lang.typescript.tsconfig.graph.TypeScriptConfigGraphCache
10721:             3             72  com.intellij.notification.NotificationType
10722:             1             72  com.intellij.openapi.actionSystem.impl.ActionManagerImpl$MyTimer
10723:             1             72  com.intellij.openapi.application.Preloader$1
10724:             3             72  com.intellij.openapi.command.UndoConfirmationPolicy
10725:             3             72  com.intellij.openapi.command.impl.UndoManagerImpl$OperationState
10726:             3             72  com.intellij.openapi.components.StateStorageChooserEx$Resolution
10727:             3             72  com.intellij.openapi.diagnostic.FrequentEventDetector$Level
10728:             3             72  com.intellij.openapi.diff.impl.processing.HighlightMode
10729:             3             72  com.intellij.openapi.editor.CaretVisualAttributes$Weight
10730:             3             72  com.intellij.openapi.editor.actionSystem.DocCommandGroupId
10731:             1             72  com.intellij.openapi.editor.colors.impl.EmptyColorScheme
10732:             3             72  com.intellij.openapi.editor.ex.BidiTextDirection
10733:             3             72  com.intellij.openapi.editor.impl.DisplayedFoldingAnchor$Type
10734:             3             72  com.intellij.openapi.editor.impl.DocumentMarkupModelManager
10735:             3             72  com.intellij.openapi.editor.impl.softwrap.SoftWrapAppliancePlaces
10736:             3             72  com.intellij.openapi.editor.markup.GutterIconRenderer$Alignment
10737:             3             72  com.intellij.openapi.editor.markup.LineMarkerRendererEx$Position
10738:             3             72  com.intellij.openapi.extensions.impl.ExtensionPointImpl$$Lambda$1872/197636510
10739:             3             72  com.intellij.openapi.externalSystem.configurationStore.ModuleFileSystemExternalSystemStorage
10740:             3             72  com.intellij.openapi.externalSystem.configurationStore.ProjectFileSystemExternalSystemStorage
10741:             3             72  com.intellij.openapi.externalSystem.service.project.manage.ExternalSystemRunManagerListener
10742:             3             72  com.intellij.openapi.externalSystem.service.project.manage.ExternalSystemShortcutsManager
10743:             3             72  com.intellij.openapi.externalSystem.service.project.manage.ExternalSystemShortcutsManager$ExternalSystemKeyMapListener
10744:             3             72  com.intellij.openapi.externalSystem.service.project.manage.ExternalSystemTaskActivator
10745:             3             72  com.intellij.openapi.file.exclude.ProjectPlainTextFileTypeManager
10746:             3             72  com.intellij.openapi.fileEditor.FileEditorStateLevel
10747:             3             72  com.intellij.openapi.fileEditor.impl.DockableEditorContainerFactory
10748:             3             72  com.intellij.openapi.fileEditor.impl.EditorHistoryManager
10749:             3             72  com.intellij.openapi.fileEditor.impl.EditorTabbedContainer$MyDragOutDelegate
10750:             3             72  com.intellij.openapi.fileEditor.impl.EditorTabbedContainer$TabMouseListener
10751:             3             72  com.intellij.openapi.module.impl.ModulePath
10752:             3             72  com.intellij.openapi.module.impl.ModulePointerImpl
10753:             3             72  com.intellij.openapi.module.impl.scopes.ModuleScopeProviderImpl
10754:             3             72  com.intellij.openapi.options.SchemeState
10755:             3             72  com.intellij.openapi.progress.util.TooManyUsagesStatus$Status
10756:             3             72  com.intellij.openapi.project.DumbModeAction
10757:             1             72  com.intellij.openapi.project.impl.DefaultProject
10758:             3             72  com.intellij.openapi.roots.OrderEnumerationHandler$AddDependencyType
10759:             3             72  com.intellij.openapi.roots.impl.JavaModuleExternalPathsImpl
10760:             3             72  com.intellij.openapi.roots.impl.ModuleRootManagerComponent$$Lambda$2863/1013500522
10761:             3             72  com.intellij.openapi.roots.impl.OrderEnumeratorBase$$Lambda$2948/863004535
10762:             3             72  com.intellij.openapi.roots.impl.OrderEnumeratorBase$ProcessEntryActionType
10763:             1             72  com.intellij.openapi.roots.impl.RootIndex$RootInfo
10764:             3             72  com.intellij.openapi.ui.DialogWrapper$ErrorPaintingType
10765:             3             72  com.intellij.openapi.ui.DialogWrapper$IdeModalityType
10766:             3             72  com.intellij.openapi.ui.MessageType
10767:             3             72  com.intellij.openapi.ui.Splitter$LackOfSpaceStrategy
10768:             3             72  com.intellij.openapi.updateSettings.impl.UpdateChecker$NotificationUniqueType
10769:             3             72  com.intellij.openapi.updateSettings.impl.UpdateStrategy$State
10770:             3             72  com.intellij.openapi.updateSettings.impl.pluginsAdvertisement.PluginAdvertiserEditorNotificationProvider
10771:             3             72  com.intellij.openapi.updateSettings.impl.pluginsAdvertisement.UnknownFeaturesCollector
10772:             3             72  com.intellij.openapi.util.AsyncResult$$Lambda$1489/1285384509
10773:             3             72  com.intellij.openapi.util.BusyObject$Impl$Simple
10774:             3             72  com.intellij.openapi.util.IconLoader$2
10775:             3             72  com.intellij.openapi.util.RequestsMerger$MyAction
10776:             3             72  com.intellij.openapi.util.io.FileAttributes$Type
10777:             3             72  com.intellij.openapi.util.io.FileUtilRt$NIOReflect$1$1
10778:             3             72  com.intellij.openapi.vcs.VcsDirectoryMapping
10779:             3             72  com.intellij.openapi.vcs.VcsShowConfirmationOption$Value
10780:             3             72  com.intellij.openapi.vcs.VcsVFSListener$VcsDeleteType
10781:             3             72  com.intellij.openapi.vcs.annotate.AnnotationsPreloader
10782:             3             72  com.intellij.openapi.vcs.changes.ChangeListManagerImpl$$Lambda$778/1625937201
10783:             3             72  com.intellij.openapi.vcs.changes.ChangeListManagerImpl$Scheduler
10784:             3             72  com.intellij.openapi.vcs.changes.DelayedNotificator
10785:             3             72  com.intellij.openapi.vcs.changes.IgnoreSettingsType
10786:             3             72  com.intellij.openapi.vcs.changes.RemoteRevisionsCache$$Lambda$507/1798997707
10787:             3             72  com.intellij.openapi.vcs.changes.VcsGuess
10788:             3             72  com.intellij.openapi.vcs.changes.VcsGuess$$Lambda$1807/1801495531
10789:             3             72  com.intellij.openapi.vcs.changes.actions.IgnoredSettingsAction
10790:             3             72  com.intellij.openapi.vcs.changes.committed.CommittedChangesCache$$Lambda$542/11938733
10791:             3             72  com.intellij.openapi.vcs.changes.committed.IncomingChangesIndicator
10792:             3             72  com.intellij.openapi.vcs.changes.committed.RepositoryLocationCache
10793:             3             72  com.intellij.openapi.vcs.changes.conflicts.ChangelistConflictAccessProvider
10794:             3             72  com.intellij.openapi.vcs.changes.conflicts.ChangelistConflictFileStatusProvider
10795:             3             72  com.intellij.openapi.vcs.changes.conflicts.ChangelistConflictTracker$$Lambda$506/1027605196
10796:             3             72  com.intellij.openapi.vcs.changes.conflicts.ChangelistConflictTracker$1
10797:             3             72  com.intellij.openapi.vcs.changes.conflicts.ChangelistConflictTracker$Options
10798:             3             72  com.intellij.openapi.vcs.changes.patch.CreatePatchCommitExecutor
10799:             3             72  com.intellij.openapi.vcs.changes.shelf.ShelveChangesManager$2
10800:             3             72  com.intellij.openapi.vcs.changes.shelf.ShelvedChangesViewManager$3
10801:             3             72  com.intellij.openapi.vcs.changes.shelf.ShelvedChangesViewManager$4
10802:             3             72  com.intellij.openapi.vcs.changes.ui.ChangesGroupingSupport
10803:             3             72  com.intellij.openapi.vcs.ex.LineStatusTracker$Mode
10804:             3             72  com.intellij.openapi.vcs.impl.ModuleVcsDetector
10805:             3             72  com.intellij.openapi.vcs.impl.VcsDirectoryMappingStorage
10806:             3             72  com.intellij.openapi.vcs.impl.VcsInitialization$Status
10807:             3             72  com.intellij.openapi.vcs.update.RestoreUpdateTree
10808:             3             72  com.intellij.openapi.vfs.VFileProperty
10809:             3             72  com.intellij.openapi.vfs.encoding.EncodingProjectManagerImpl$BOMForNewUTF8Files
10810:             3             72  com.intellij.openapi.vfs.impl.VirtualFileManagerImpl$$Lambda$155/644209355
10811:             1             72  com.intellij.openapi.vfs.impl.VirtualFilePointerManagerImpl
10812:             3             72  com.intellij.openapi.vfs.newvfs.persistent.FSRecords$$Lambda$120/1926413046
10813:             3             72  com.intellij.openapi.vfs.newvfs.persistent.FSRecords$ContentOutputStream$$Lambda$2850/462294084
10814:             3             72  com.intellij.openapi.wm.ex.WindowManagerEx$WindowShadowMode
10815:             3             72  com.intellij.openapi.wm.impl.ActiveStack
10816:             3             72  com.intellij.openapi.wm.impl.IdeBackgroundUtil$1
10817:             3             72  com.intellij.openapi.wm.impl.IdeBackgroundUtil$Fill
10818:             3             72  com.intellij.openapi.wm.impl.IdeRootPane$$Lambda$360/564745241
10819:             3             72  com.intellij.openapi.wm.impl.IdeRootPane$MyRootLayout
10820:             3             72  com.intellij.openapi.wm.impl.ProjectFrameBounds
10821:             3             72  com.intellij.openapi.wm.impl.content.ContentComboLabel$1
10822:             3             72  com.intellij.openapi.wm.impl.status.IdeStatusBarImpl$$Lambda$856/878385037
10823:             3             72  com.intellij.openapi.wm.impl.status.IdeStatusBarImpl$Position
10824:             3             72  com.intellij.openapi.wm.impl.status.InfoAndProgressPanel$1MyListener
10825:             3             72  com.intellij.openapi.wm.impl.status.InfoAndProgressPanel$3
10826:             3             72  com.intellij.openapi.wm.impl.status.MemoryUsagePanel$1
10827:             3             72  com.intellij.openapi.wm.impl.status.StatusPanel$2
10828:             3             72  com.intellij.packageDependencies.DefaultScopesProvider
10829:             3             72  com.intellij.packageDependencies.ProblemScope
10830:             3             72  com.intellij.packageDependencies.ProblemScope$1
10831:             3             72  com.intellij.packaging.impl.artifacts.DefaultPackagingElementResolvingContext
10832:             3             72  com.intellij.packaging.impl.run.BuildArtifactsBeforeRunTaskProvider
10833:             3             72  com.intellij.patterns.PsiElementPattern$1
10834:             3             72  com.intellij.patterns.PsiElementPattern$17
10835:             3             72  com.intellij.patterns.PsiMethodPattern$1
10836:             3             72  com.intellij.patterns.PsiModifierListOwnerPattern$Capture
10837:             3             72  com.intellij.patterns.PsiNameValuePairPattern$2
10838:             3             72  com.intellij.play.inspections.PlayCustomTagNameInspection
10839:             3             72  com.intellij.play.inspections.PlayI18nInspection
10840:             3             72  com.intellij.plugins.jboss.arquillian.configuration.container.ArquillianContainerKind
10841:             3             72  com.intellij.plugins.jboss.arquillian.configuration.persistent.ArquillianContainersManager
10842:             3             72  com.intellij.plugins.jboss.arquillian.inspection.ArquillianClassEnabledInspection
10843:             3             72  com.intellij.plugins.jboss.arquillian.inspection.ArquillianDeploymentAbsentInspection
10844:             3             72  com.intellij.plugins.jboss.arquillian.inspection.ArquillianDeploymentReturnTypeInspection
10845:             3             72  com.intellij.plugins.jboss.arquillian.inspection.ArquillianDeploymentSignatureInspection
10846:             3             72  com.intellij.plugins.jboss.arquillian.inspection.ArquillianTooManyDeploymentInspection
10847:             3             72  com.intellij.plugins.jboss.arquillian.runConfiguration.ArquillianJUnitRunConfigurationType$ArqConfigurationFactory
10848:             3             72  com.intellij.pom.xml.impl.XmlAspectImpl
10849:             3             72  com.intellij.psi.ConstraintType
10850:             3             72  com.intellij.psi.availability.PsiAvailabilityServiceImpl
10851:             3             72  com.intellij.psi.codeStyle.CodeStyleSettings$QuoteStyle
10852:             3             72  com.intellij.psi.codeStyle.CodeStyleSettingsCustomizable$OptionAnchor
10853:             3             72  com.intellij.psi.codeStyle.CommonCodeStyleSettings$WrapOnTyping
10854:             3             72  com.intellij.psi.codeStyle.NameUtil$MatchingCaseSensitivity
10855:             3             72  com.intellij.psi.controlFlow.BranchingInstruction$Role
10856:             3             72  com.intellij.psi.controlFlow.ControlFlowAnalyzer$Shortcut
10857:             3             72  com.intellij.psi.css.CssSelectorSuffixType
10858:             3             72  com.intellij.psi.css.impl.descriptor.value.CssDecibelValue
10859:             3             72  com.intellij.psi.css.impl.descriptor.value.CssUrangeValue
10860:             3             72  com.intellij.psi.css.impl.util.completion.handler.CssPropertyNameInsertHandler
10861:             3             72  com.intellij.psi.css.inspections.CssInvalidElementInspection
10862:             3             72  com.intellij.psi.css.inspections.CssNegativeValueInspection
10863:             3             72  com.intellij.psi.css.inspections.CssOptimizeSimilarPropertiesInspection
10864:             3             72  com.intellij.psi.css.inspections.CssOverwrittenPropertiesInspection
10865:             3             72  com.intellij.psi.css.inspections.CssUnusedSymbolInspection
10866:             3             72  com.intellij.psi.css.inspections.bugs.CssFloatPxLengthInspection
10867:             3             72  com.intellij.psi.css.inspections.bugs.CssMissingCommaInspection
10868:             3             72  com.intellij.psi.css.inspections.bugs.CssNoGenericFontNameInspection
10869:             3             72  com.intellij.psi.css.inspections.bugs.CssUnitlessNumberInspection
10870:             3             72  com.intellij.psi.css.inspections.invalid.CssInvalidAtRuleInspection
10871:             3             72  com.intellij.psi.css.inspections.invalid.CssInvalidCharsetRuleInspection
10872:             3             72  com.intellij.psi.css.inspections.invalid.CssInvalidFunctionInspection
10873:             3             72  com.intellij.psi.css.inspections.invalid.CssInvalidHtmlTagReferenceInspection
10874:             3             72  com.intellij.psi.css.inspections.invalid.CssInvalidImportInspection
10875:             3             72  com.intellij.psi.css.inspections.invalid.CssInvalidMediaFeatureInspection
10876:             3             72  com.intellij.psi.css.inspections.invalid.CssInvalidPropertyValueInspection
10877:             3             72  com.intellij.psi.css.inspections.invalid.CssInvalidPseudoSelectorInspection
10878:             3             72  com.intellij.psi.css.inspections.invalid.CssUnknownTargetInspection
10879:             3             72  com.intellij.psi.css.inspections.invalid.CssUnresolvedClassInspection
10880:             3             72  com.intellij.psi.css.inspections.invalid.CssUnresolvedCustomPropertyInspection
10881:             3             72  com.intellij.psi.css.inspections.invalid.CssUnresolvedCustomPropertySetInspection
10882:             3             72  com.intellij.psi.css.inspections.style.CssRedundantUnitInspection
10883:             3             72  com.intellij.psi.impl.PackagePrefixElementFinder
10884:             3             72  com.intellij.psi.impl.PackagePrefixIndex
10885:             3             72  com.intellij.psi.impl.PsiClassImplUtil$ClassIconRequest
10886:             3             72  com.intellij.psi.impl.PsiClassImplUtil$MemberType
10887:             3             72  com.intellij.psi.impl.PsiElementFinderImpl
10888:             3             72  com.intellij.psi.impl.search.PsiSearchHelperImpl$Options
10889:             3             72  com.intellij.psi.impl.source.PsiImmediateClassType$TextType
10890:             3             72  com.intellij.psi.impl.source.javadoc.SeeDocTagInfo
10891:             3             72  com.intellij.psi.impl.source.jsp.NewJspFileIndex
10892:             3             72  com.intellij.psi.impl.source.resolve.Domination
10893:             3             72  com.intellij.psi.impl.source.resolve.JavaResolveCache
10894:             3             72  com.intellij.psi.impl.source.resolve.PsiResolveHelperImpl$$Lambda$2400/1353763550
10895:             3             72  com.intellij.psi.impl.source.resolve.graphInference.InferenceBound
10896:             3             72  com.intellij.psi.impl.source.resolve.graphInference.PsiPolyExpressionUtil$ConditionalKind
10897:             1             72  com.intellij.psi.impl.source.tree.LazyParseablePsiElement
10898:             1             72  com.intellij.psi.impl.source.tree.injected.EditorWindowImpl
10899:             3             72  com.intellij.psi.scope.conflictResolvers.JavaMethodsConflictResolver$Specifics
10900:             3             72  com.intellij.psi.search.ProjectScopeImpl
10901:             3             72  com.intellij.psi.search.PsiSearchHelper$SearchCostResult
10902:             3             72  com.intellij.psi.search.scope.NonProjectFilesScope
10903:             3             72  com.intellij.psi.search.scope.NonProjectFilesScope$1
10904:             3             72  com.intellij.psi.search.scope.ProjectFilesScope
10905:             3             72  com.intellij.psi.search.scope.ProjectFilesScope$1
10906:             3             72  com.intellij.psi.search.scope.ProjectProductionScope
10907:             3             72  com.intellij.psi.search.scope.ProjectProductionScope$1
10908:             3             72  com.intellij.psi.search.scope.TestsScope
10909:             3             72  com.intellij.psi.search.scope.TestsScope$1
10910:             3             72  com.intellij.psi.templateLanguages.TemplateDataLanguageMappings
10911:             3             72  com.intellij.psi.util.PropertyUtilBase$GetterFlavour
10912:             3             72  com.intellij.psi.util.proximity.ReferenceListWeigher$Preference
10913:             3             72  com.intellij.refactoring.introduce.inplace.OccurrencesChooser$ReplaceChoice
10914:             3             72  com.intellij.refactoring.typeMigration.inspections.GuavaInspection
10915:             3             72  com.intellij.remoteServer.impl.runtime.ui.DefaultServersToolWindowManager
10916:             3             72  com.intellij.seam.highlighting.jam.SeamAnnotationIncorrectSignatureInspection
10917:             3             72  com.intellij.seam.highlighting.jam.SeamAnnotationsInconsistencyInspection
10918:             3             72  com.intellij.seam.highlighting.jam.SeamBijectionIllegalScopeParameterInspection
10919:             3             72  com.intellij.seam.highlighting.jam.SeamBijectionTypeMismatchInspection
10920:             3             72  com.intellij.seam.highlighting.jam.SeamBijectionUndefinedContextVariableInspection
10921:             3             72  com.intellij.seam.highlighting.jam.SeamDuplicateComponentsInspection
10922:             3             72  com.intellij.seam.highlighting.jam.SeamIllegalComponentScopeInspection
10923:             3             72  com.intellij.seam.highlighting.jam.SeamJamComponentInspection
10924:             3             72  com.intellij.seam.highlighting.xml.SeamDomModelInspection
10925:             3             72  com.intellij.seam.inspections.PageflowModelInspection
10926:             3             72  com.intellij.seam.inspections.PagesFileModelInspection
10927:             3             72  com.intellij.seam.inspections.PagesModelInspection
10928:             3             72  com.intellij.spellchecker.SpellCheckerManager$DictionaryLevel
10929:             3             72  com.intellij.spellchecker.dictionary.ProjectDictionary
10930:             3             72  com.intellij.spellchecker.inspections.SpellCheckingInspection
10931:             3             72  com.intellij.spring.aop.SpringAdvisedElementsSearcher
10932:             3             72  com.intellij.spring.aop.SpringAdvisedElementsSearcher$1
10933:             3             72  com.intellij.spring.batch.inspections.SpringBatchModelInspection
10934:             3             72  com.intellij.spring.boot.application.metadata.SpringBootMetadataEditorNotificationsProvider
10935:             3             72  com.intellij.spring.boot.application.metadata.additional.SpringBootAdditionalConfigInspection
10936:             3             72  com.intellij.spring.boot.application.properties.SpringBootApplicationPropertiesInspection
10937:             3             72  com.intellij.spring.boot.application.yaml.SpringBootApplicationYamlInspection
10938:             3             72  com.intellij.spring.boot.cloud.model.bootstrap.SpringBootBootstrapConfigurationInspection
10939:             3             72  com.intellij.spring.boot.model.SpringBootModelProvider$$Lambda$2115/403754775
10940:             3             72  com.intellij.spring.boot.model.autoconfigure.conditions.jam.ConditionalOnWebApplication$Type
10941:             3             72  com.intellij.spring.boot.run.lifecycle.SpringBootApplicationInfoImpl$6
10942:             3             72  com.intellij.spring.boot.run.lifecycle.beans.LiveBeansModelImpl
10943:             3             72  com.intellij.spring.contexts.model.AbstractSimpleLocalModel$$Lambda$2566/1723190176
10944:             3             72  com.intellij.spring.contexts.model.AbstractSimpleLocalModel$$Lambda$2567/1324560837
10945:             3             72  com.intellij.spring.contexts.model.SpringComponentScanModel$1
10946:             3             72  com.intellij.spring.data.commons.inspections.SpringDataMethodInconsistencyInspection
10947:             3             72  com.intellij.spring.data.commons.inspections.SpringDataRepositoryMethodParametersInspection
10948:             3             72  com.intellij.spring.data.commons.inspections.SpringDataRepositoryMethodReturnTypeInspection
10949:             3             72  com.intellij.spring.el.inspections.SpringElInspection
10950:             3             72  com.intellij.spring.el.inspections.SpringElStaticFieldInjectionInspection
10951:             3             72  com.intellij.spring.impl.SpringManagerImpl$$Lambda$2823/1788941287
10952:             3             72  com.intellij.spring.impl.SpringManagerImpl$$Lambda$3800/970744722
10953:             3             72  com.intellij.spring.impl.SpringOuterModelsModificationTracker
10954:             3             72  com.intellij.spring.integration.inspections.SpringIntegrationDeprecations21Inspection
10955:             3             72  com.intellij.spring.integration.inspections.SpringIntegrationModelInspection
10956:             3             72  com.intellij.spring.integration.inspections.jam.UnresolvedMessageChannelInspection
10957:             3             72  com.intellij.spring.model.cacheable.highlighting.SpringCacheAnnotationsOnInterfaceInspection
10958:             3             72  com.intellij.spring.model.cacheable.highlighting.SpringCacheNamesInspection
10959:             3             72  com.intellij.spring.model.cacheable.highlighting.SpringCacheableAndCachePutInspection
10960:             3             72  com.intellij.spring.model.cacheable.highlighting.SpringCacheableComponentsInspection
10961:             3             72  com.intellij.spring.model.events.highlighting.SpringEventListenerInspection
10962:             3             72  com.intellij.spring.model.highlighting.JdkProxiedBeanTypeInspection
10963:             3             72  com.intellij.spring.model.highlighting.MissingAspectjAutoproxyInspection
10964:             3             72  com.intellij.spring.model.highlighting.SpringAopErrorsInspection
10965:             3             72  com.intellij.spring.model.highlighting.SpringAopWarningsInspection
10966:             3             72  com.intellij.spring.model.highlighting.autowire.SpringJavaAutowiredMembersInspection
10967:             3             72  com.intellij.spring.model.highlighting.autowire.SpringJavaConstructorAutowiringInspection
10968:             3             72  com.intellij.spring.model.highlighting.autowire.SpringJavaStaticMembersAutowiringInspection
10969:             3             72  com.intellij.spring.model.highlighting.autowire.SpringUastInjectionPointsAutowiringInspection
10970:             3             72  com.intellij.spring.model.highlighting.autowire.xml.SpringXmlAutowireExplicitlyInspection
10971:             3             72  com.intellij.spring.model.highlighting.autowire.xml.SpringXmlAutowiringInspection
10972:             3             72  com.intellij.spring.model.highlighting.jam.AsyncMethodInspection
10973:             3             72  com.intellij.spring.model.highlighting.jam.ContextJavaBeanUnresolvedMethodsInspection
10974:             3             72  com.intellij.spring.model.highlighting.jam.ScheduledMethodInspection
10975:             3             72  com.intellij.spring.model.highlighting.jam.SpringComponentScanInspection
10976:             3             72  com.intellij.spring.model.highlighting.jam.SpringJavaAutowiredFieldsWarningInspection
10977:             3             72  com.intellij.spring.model.highlighting.jam.SpringJavaConfigExternalBeansErrorInspection
10978:             3             72  com.intellij.spring.model.highlighting.jam.SpringJavaConfigInconsistencyInspection
10979:             3             72  com.intellij.spring.model.highlighting.jam.SpringRequiredAnnotationInspection
10980:             3             72  com.intellij.spring.model.highlighting.xml.AbstractBeanReferencesInspection
10981:             3             72  com.intellij.spring.model.highlighting.xml.ContextComponentScanInconsistencyInspection
10982:             3             72  com.intellij.spring.model.highlighting.xml.DuplicatedBeanNamesInspection
10983:             3             72  com.intellij.spring.model.highlighting.xml.FactoryMethodInspection
10984:             3             72  com.intellij.spring.model.highlighting.xml.InjectionValueConsistencyInspection
10985:             3             72  com.intellij.spring.model.highlighting.xml.InjectionValueStyleInspection
10986:             3             72  com.intellij.spring.model.highlighting.xml.InjectionValueTypeInspection
10987:             3             72  com.intellij.spring.model.highlighting.xml.LookupMethodInspection
10988:             3             72  com.intellij.spring.model.highlighting.xml.RequiredBeanTypeInspection
10989:             3             72  com.intellij.spring.model.highlighting.xml.SpringBeanAttributesInspection
10990:             3             72  com.intellij.spring.model.highlighting.xml.SpringBeanInstantiationInspection
10991:             3             72  com.intellij.spring.model.highlighting.xml.SpringBeanNameConventionInspection
10992:             3             72  com.intellij.spring.model.highlighting.xml.SpringConstructorArgInspection
10993:             3             72  com.intellij.spring.model.highlighting.xml.SpringDependencyCheckInspection
10994:             3             72  com.intellij.spring.model.highlighting.xml.SpringInactiveProfileHighlightingInspection
10995:             3             72  com.intellij.spring.model.highlighting.xml.SpringIncorrectResourceTypeInspection
10996:             3             72  com.intellij.spring.model.highlighting.xml.SpringPlaceholdersInspection
10997:             3             72  com.intellij.spring.model.highlighting.xml.SpringPublicFactoryMethodInspection
10998:             3             72  com.intellij.spring.model.highlighting.xml.SpringRequiredPropertyInspection
10999:             3             72  com.intellij.spring.model.highlighting.xml.SpringScopesInspection
11000:             3             72  com.intellij.spring.model.highlighting.xml.SpringXmlModelInspection
11001:             3             72  com.intellij.spring.model.highlighting.xml.UnparsedCustomBeanInspection
11002:             3             72  com.intellij.spring.model.highlighting.xml.UtilSchemaInspection
11003:             3             72  com.intellij.spring.model.jam.SpringSemContributorUtil$$Lambda$1580/129737302
11004:             3             72  com.intellij.spring.model.jam.lookup.SpringLookupInjectionInspection
11005:             3             72  com.intellij.spring.model.jam.testContexts.SpringContextConfigurationInspection
11006:             3             72  com.intellij.spring.model.jam.testContexts.SpringTestingDirtiesContextInspection
11007:             3             72  com.intellij.spring.model.jam.testContexts.SpringTestingTransactionalInspection
11008:             3             72  com.intellij.spring.model.jam.transaction.SpringTransactionalComponentInspection
11009:             3             72  com.intellij.spring.model.utils.SpringCommonUtils$$Lambda$2125/1688992464
11010:             3             72  com.intellij.spring.model.xml.custom.registration.SpringHandlersSchemasHighlightingInspection
11011:             3             72  com.intellij.spring.osgi.inspections.SpringOsgiElementsInconsistencyInspection
11012:             3             72  com.intellij.spring.osgi.inspections.SpringOsgiListenerInspection
11013:             3             72  com.intellij.spring.osgi.inspections.SpringOsgiServiceCommonInspection
11014:             3             72  com.intellij.spring.security.highlighting.SpringSecurityAnnotationBeanPointersResolveInspection
11015:             3             72  com.intellij.spring.security.inspections.SpringSecurityDebugActivatedInspection
11016:             3             72  com.intellij.spring.security.inspections.SpringSecurityFiltersConfiguredInspection
11017:             3             72  com.intellij.spring.security.inspections.SpringSecurityModelInspection
11018:             3             72  com.intellij.spring.web.mvc.jam.SpringMVCInitBinderInspection
11019:             3             72  com.intellij.spring.web.mvc.model.SpringMVCRequestMappings
11020:             3             72  com.intellij.spring.web.mvc.model.SpringMVCRequestMappings$1
11021:             3             72  com.intellij.spring.web.mvc.pathVariables.MVCPathVariableInspection
11022:             3             72  com.intellij.spring.web.mvc.views.SpringMVCViewInspection
11023:             3             72  com.intellij.spring.webflow.inspections.FlowRequiredBeanTypeInspection
11024:             3             72  com.intellij.spring.webflow.inspections.WebflowConfigModelInspection
11025:             3             72  com.intellij.spring.webflow.inspections.WebflowModelInspection
11026:             3             72  com.intellij.spring.webflow.inspections.WebflowSetupInspection
11027:             3             72  com.intellij.spring.websocket.inspections.SpringWebSocketConfigurationInspection
11028:             3             72  com.intellij.spring.ws.inspections.SpringMessageDispatcherWebXmlInspection
11029:             3             72  com.intellij.spring.ws.inspections.configuration.SpringWebServicesConfigurationsInspection
11030:             3             72  com.intellij.spring.ws.inspections.jam.SpringWebServiceAnnotationsInconsistencyInspection
11031:             3             72  com.intellij.sql.database.SqlDataSourceStorage
11032:             3             72  com.intellij.sql.dialects.SqlDialectMappings
11033:             3             72  com.intellij.sql.dialects.mysql.inspections.MysqlParsingInspection
11034:             3             72  com.intellij.sql.dialects.oracle.inspections.SqlDeprecateTypeInspection
11035:             3             72  com.intellij.sql.dialects.postgres.inspections.SqlPostgresqlSelectFromProcedureInspection
11036:             3             72  com.intellij.sql.injection.SqlTypeBasedInjector
11037:             3             72  com.intellij.sql.inspections.SqlAddNotNullColumnInspection
11038:             3             72  com.intellij.sql.inspections.SqlAmbiguousColumnInspection
11039:             3             72  com.intellij.sql.inspections.SqlAutoIncrementDuplicateInspection
11040:             3             72  com.intellij.sql.inspections.SqlCheckUsingColumnsInspection
11041:             3             72  com.intellij.sql.inspections.SqlConstantConditionInspection
11042:             3             72  com.intellij.sql.inspections.SqlDerivedTableAliasInspection
11043:             3             72  com.intellij.sql.inspections.SqlDialectInspection
11044:             3             72  com.intellij.sql.inspections.SqlDropIndexedColumnInspection
11045:             3             72  com.intellij.sql.inspections.SqlIdentifierInspection
11046:             3             72  com.intellij.sql.inspections.SqlInsertValuesInspection
11047:             3             72  com.intellij.sql.inspections.SqlNoDataSourceInspection
11048:             3             72  com.intellij.sql.inspections.SqlNullComparisonInspection
11049:             3             72  com.intellij.sql.inspections.SqlResolveInspection
11050:             3             72  com.intellij.sql.inspections.SqlShouldBeInGroupByInspection
11051:             3             72  com.intellij.sql.inspections.SqlSideEffectsInspection
11052:             3             72  com.intellij.sql.inspections.SqlSignatureInspection
11053:             3             72  com.intellij.sql.inspections.SqlStorageInspection
11054:             3             72  com.intellij.sql.inspections.SqlTypeInspection
11055:             3             72  com.intellij.sql.inspections.SqlUnusedVariableInspection
11056:             3             72  com.intellij.sql.psi.SqlElementType
11057:             3             72  com.intellij.sql.psi.SqlTokens$SqlStringLeafTokenType
11058:             3             72  com.intellij.struts.highlighting.StrutsInspection
11059:             3             72  com.intellij.struts.highlighting.TilesInspection
11060:             3             72  com.intellij.struts.highlighting.ValidatorInspection
11061:             3             72  com.intellij.struts.inplace.inspections.ValidatorFormInspection
11062:             3             72  com.intellij.struts2.dom.inspection.ValidatorConfigModelInspection
11063:             3             72  com.intellij.struts2.dom.inspection.ValidatorModelInspection
11064:             3             72  com.intellij.struts2.jsp.inspection.HardcodedActionUrlInspection
11065:             3             72  com.intellij.tapestry.intellij.actions.navigation.ClassTemplateNavigation
11066:             3             72  com.intellij.thymeleaf.dialects.xml.ThymeleafDialectDomInspection
11067:             3             72  com.intellij.thymeleaf.highlighting.ThymeleafMessagesResolveInspection
11068:             3             72  com.intellij.thymeleaf.highlighting.ThymeleafVariablesResolveInspection
11069:             3             72  com.intellij.ui.EditorNotificationsImpl
11070:             3             72  com.intellij.ui.RowIcon$Alignment
11071:             3             72  com.intellij.ui.content.ContentManagerEvent$ContentOperation
11072:             3             72  com.intellij.ui.docking.impl.DockManagerImpl$1
11073:             3             72  com.intellij.ui.popup.BalloonPopupBuilderImpl$2
11074:             3             72  com.intellij.ui.popup.HintUpdateSupply$3
11075:             3             72  com.intellij.ui.stripe.ErrorStripePainter$Alignment
11076:             3             72  com.intellij.ui.tabs.FileColorManagerImpl
11077:             1             72  com.intellij.ui.treeStructure.NullNode
11078:             3             72  com.intellij.uiDesigner.i18n.I18nFormInspection
11079:             3             72  com.intellij.uiDesigner.i18n.InvalidPropertyKeyFormInspection
11080:             3             72  com.intellij.uiDesigner.inspections.BoundFieldAssignmentInspection
11081:             3             72  com.intellij.uiDesigner.inspections.DuplicateMnemonicInspection
11082:             3             72  com.intellij.uiDesigner.inspections.FormSpellCheckingInspection
11083:             3             72  com.intellij.uiDesigner.inspections.MissingMnemonicInspection
11084:             3             72  com.intellij.uiDesigner.inspections.NoButtonGroupInspection
11085:             3             72  com.intellij.uiDesigner.inspections.NoLabelForInspection
11086:             3             72  com.intellij.uiDesigner.inspections.NoScrollPaneInspection
11087:             3             72  com.intellij.uiDesigner.inspections.OneButtonGroupInspection
11088:             3             72  com.intellij.uiDesigner.palette.UIDesignerPaletteProvider
11089:             3             72  com.intellij.uiDesigner.propertyInspector.PropertyInspector$1
11090:             3             72  com.intellij.uiDesigner.propertyInspector.PropertyInspectorTable$2
11091:             3             72  com.intellij.uiDesigner.propertyInspector.PropertyInspectorTable$MyModel
11092:             3             72  com.intellij.uiDesigner.propertyInspector.editors.BindingEditor
11093:             3             72  com.intellij.uiDesigner.propertyInspector.properties.BorderProperty$1
11094:             3             72  com.intellij.uiDesigner.propertyInspector.properties.ClassToBindProperty$MyEditor$MyActionListener
11095:             3             72  com.intellij.uiDesigner.propertyInspector.properties.LayoutManagerProperty$LayoutManagerEditor
11096:             3             72  com.intellij.uml.undo.UmlUndoProvider
11097:             3             72  com.intellij.util.ThreeState
11098:             3             72  com.intellij.util.VirtualFileLogicalRoot
11099:             1             72  com.intellij.util.concurrency.AppScheduledExecutorService$BackendThreadPoolExecutor
11100:             3             72  com.intellij.util.concurrency.FixedFuture
11101:             3             72  com.intellij.util.concurrency.Invoker$$Lambda$1265/1344524478
11102:             3             72  com.intellij.util.concurrency.QueueProcessor$$Lambda$1995/2105219858
11103:             3             72  com.intellij.util.concurrency.QueueProcessor$$Lambda$1997/1269887523
11104:             3             72  com.intellij.util.concurrency.QueueProcessor$$Lambda$1999/700137198
11105:             3             72  com.intellij.util.config.BooleanProperty
11106:             3             72  com.intellij.util.containers.ConcurrentIntObjectHashMap$EntryIterator$1
11107:             3             72  com.intellij.util.containers.JBIterator$Do
11108:             3             72  com.intellij.util.containers.MultiMap$6
11109:             3             72  com.intellij.util.containers.TreeTraversal$BiOrderIt$Order
11110:             3             72  com.intellij.util.containers.WeakKeyIntValueHashMap
11111:             3             72  com.intellij.util.containers.WeakStringInterner
11112:             3             72  com.intellij.util.descriptors.impl.ConfigFileMetaDataRegistryImpl
11113:             3             72  com.intellij.util.indexing.FileBasedIndexImpl$$Lambda$2898/1926129799
11114:             3             72  com.intellij.util.indexing.FileBasedIndexImpl$ChangedFilesCollector$$Lambda$2896/697555905
11115:             3             72  com.intellij.util.indexing.FileBasedIndexProjectHandler
11116:             3             72  com.intellij.util.indexing.FileBasedIndexScanRunnableCollectorImpl
11117:             3             72  com.intellij.util.indexing.RebuildStatus
11118:             3             72  com.intellij.util.io.storage.DataTable
11119:             3             72  com.intellij.util.messages.Topic$BroadcastDirection
11120:             3             72  com.intellij.util.ui.UIUtil$FontSize
11121:             1             72  com.intellij.util.ui.UIUtil$JBHtmlEditorKit
11122:             3             72  com.intellij.util.ui.UIUtil$JBHtmlEditorKit$2
11123:             3             72  com.intellij.util.xml.impl.DomSemContributor$1
11124:             3             72  com.intellij.util.xml.impl.FileDescriptionCachedValueProvider$MyCondition
11125:             3             72  com.intellij.util.xmlb.TextBinding
11126:             3             72  com.intellij.vcs.log.data.VcsLogData$State
11127:             3             72  com.intellij.vcs.log.data.VcsUserRegistryImpl
11128:             3             72  com.intellij.vcs.log.graph.utils.impl.CompressedIntList
11129:             3             72  com.intellij.vcs.log.impl.VcsLogTabsProperties
11130:             3             72  com.intellij.vcs.log.util.SequentialLimitedLifoExecutor
11131:             3             72  com.intellij.velocity.inspections.VtlDirectiveArgsInspection
11132:             3             72  com.intellij.velocity.inspections.VtlFileReferencesInspection
11133:             3             72  com.intellij.velocity.inspections.VtlReferencesInspection
11134:             3             72  com.intellij.velocity.inspections.VtlTypesInspection
11135:             3             72  com.intellij.velocity.inspections.wellformedness.VtlInterpolationsInspection
11136:             3             72  com.intellij.webcore.libraries.ScriptingLibraryModel$LibraryLevel
11137:             3             72  com.intellij.ws.inspections.EmptyWebServiceInspection
11138:             3             72  com.intellij.ws.inspections.NonJaxWsWebServicesInspection
11139:             3             72  com.intellij.ws.inspections.OneWayWebMethodInspection
11140:             3             72  com.intellij.ws.inspections.ValidExternallyBoundObjectInspection
11141:             3             72  com.intellij.ws.inspections.WSReferenceInspection
11142:             3             72  com.intellij.ws.inspections.WebMethodExposedImplicitlyInspection
11143:             3             72  com.intellij.ws.rest.inspections.MultipleMethodDesignatorsInspection
11144:             3             72  com.intellij.ws.rest.inspections.PathAnnotationInspection
11145:             3             72  com.intellij.ws.rest.inspections.RSReferenceInspection
11146:             3             72  com.intellij.ws.rest.inspections.RestParamTypeInspection
11147:             3             72  com.intellij.ws.rest.inspections.RestResourceMethodInspection
11148:             3             72  com.intellij.ws.rest.inspections.RestWrongDefaultValueInspection
11149:             3             72  com.intellij.ws.rest.inspections.VoidMethodMarkedWithGETInspection
11150:             3             72  com.intellij.ws.rest.inspections.WadlDomInspection
11151:             3             72  com.intellij.ws.wsdl.WsdlHighlightingInspection
11152:             3             72  com.intellij.xdebugger.breakpoints.SuspendPolicy
11153:             3             72  com.intellij.xml.index.XmlIndex$3
11154:             3             72  com.intellij.xml.util.CheckDtdReferencesInspection
11155:             3             72  com.intellij.xml.util.CheckEmptyTagInspection
11156:             3             72  com.intellij.xml.util.CheckTagEmptyBodyInspection
11157:             3             72  com.intellij.xml.util.CheckValidXmlInScriptBodyInspection
11158:             3             72  com.intellij.xml.util.CheckXmlFileWithXercesValidatorInspection
11159:             3             72  com.intellij.xml.util.HTMLControls$TagState
11160:             3             72  com.intellij.xml.util.XmlDuplicatedIdInspection
11161:             3             72  com.intellij.xml.util.XmlInvalidIdInspection
11162:             3             72  com.intellij.xml.util.XmlRefCountHolder$IdGatheringRecursiveVisitor
11163:             3             72  com.intellij.xml.util.documentation.HtmlDocumentationProvider
11164:             3             72  com.jediterm.terminal.HyperlinkStyle$HighlightMode
11165:             3             72  com.jediterm.terminal.ui.TerminalPanel$TerminalCursorState
11166:             3             72  com.jetbrains.jsonSchema.JsonSchemaMappingsProjectConfiguration
11167:             3             72  com.jetbrains.jsonSchema.JsonSchemaVfsListener$MyUpdater$$Lambda$1172/73331951
11168:             3             72  com.jetbrains.jsonSchema.extension.JsonSchemaProjectSelfProviderFactory$MyJsonSchemaFileProvider
11169:             3             72  com.jetbrains.jsonSchema.extension.SchemaType
11170:             3             72  com.jetbrains.jsonSchema.impl.JsonSchemaConflictNotificationProvider
11171:             3             72  com.jetbrains.jsonSchema.impl.JsonSchemaServiceImpl$MyState
11172:             3             72  com.jetbrains.jsonSchema.impl.JsonSchemaServiceImpl$MyState$1
11173:             3             72  com.jetbrains.plugins.webDeployment.AutoUploadComponent
11174:             3             72  com.jetbrains.plugins.webDeployment.config.OldPublishConfigStateHolder
11175:             3             72  com.jetbrains.plugins.webDeployment.config.PublishConfig$PromptOnRemoteOverwrite
11176:             3             72  com.jetbrains.plugins.webDeployment.config.PublishConfig$TraceLevel
11177:             3             72  com.jetbrains.quirksmode.CssSelectorPattern$4
11178:             3             72  com.rover12421.exTENdS.synCHrOnIZED.ThrOWS
11179:             3             72  com.sixrr.inspectjs.assignment.SillyAssignmentJSInspection
11180:             3             72  com.sixrr.inspectjs.bitwise.IncompatibleMaskJSInspection
11181:             3             72  com.sixrr.inspectjs.bitwise.ShiftOutOfRangeJSInspection
11182:             3             72  com.sixrr.inspectjs.bugs.InfiniteLoopJSInspection
11183:             3             72  com.sixrr.inspectjs.bugs.InfiniteRecursionJSInspection
11184:             3             72  com.sixrr.inspectjs.confusing.CallerJSInspection
11185:             3             72  com.sixrr.inspectjs.confusing.CommaExpressionJSInspection
11186:             3             72  com.sixrr.inspectjs.confusing.OctalIntegerJSInspection
11187:             3             72  com.sixrr.inspectjs.confusing.WithStatementJSInspection
11188:             3             72  com.sixrr.inspectjs.control.ConstantConditionalExpressionJSInspection
11189:             3             72  com.sixrr.inspectjs.control.ConstantIfStatementJSInspection
11190:             3             72  com.sixrr.inspectjs.control.FallThroughInSwitchStatementJSInspection
11191:             3             72  com.sixrr.inspectjs.control.JSTypeOfValuesInspection
11192:             3             72  com.sixrr.inspectjs.control.LoopStatementThatDoesntLoopJSInspection
11193:             3             72  com.sixrr.inspectjs.control.TrivialConditionalJSInspection
11194:             3             72  com.sixrr.inspectjs.control.UnnecessaryLabelJSInspection
11195:             3             72  com.sixrr.inspectjs.exception.ContinueOrBreakFromFinallyBlockJSInspection
11196:             3             72  com.sixrr.inspectjs.exception.ExceptionCaughtLocallyJSInspection
11197:             3             72  com.sixrr.inspectjs.exception.ReturnFromFinallyBlockJSInspection
11198:             3             72  com.sixrr.inspectjs.exception.ThrowFromFinallyBlockJSInspection
11199:             3             72  com.sixrr.inspectjs.validity.BadExpressionStatementJSInspection
11200:             3             72  com.sixrr.inspectjs.validity.DuplicateCaseLabelJSInspection
11201:             3             72  com.sixrr.inspectjs.validity.ReservedWordUsedAsNameJSInspection
11202:             3             72  com.sixrr.inspectjs.validity.ThisExpressionReferencesGlobalObjectJSInspection
11203:             3             72  com.sixrr.inspectjs.validity.UnreachableCodeJSInspection
11204:             3             72  com.siyeh.ig.abstraction.InterfaceMethodClashesWithObjectInspection
11205:             3             72  com.siyeh.ig.abstraction.OptionalUsedAsFieldOrParameterTypeInspection
11206:             3             72  com.siyeh.ig.annotation.MetaAnnotationWithoutRuntimeRetentionInspection
11207:             3             72  com.siyeh.ig.annotation.SingleElementAnnotationInspection
11208:             3             72  com.siyeh.ig.asserttoif.AssertionCanBeIfInspection
11209:             3             72  com.siyeh.ig.asserttoif.IfCanBeAssertionInspection
11210:             3             72  com.siyeh.ig.bitwise.IncompatibleMaskInspection
11211:             3             72  com.siyeh.ig.bitwise.ShiftOutOfRangeInspection
11212:             3             72  com.siyeh.ig.bugs.ArrayEqualsInspection
11213:             3             72  com.siyeh.ig.bugs.ArrayHashCodeInspection
11214:             3             72  com.siyeh.ig.bugs.ArrayObjectsEqualsInspection
11215:             3             72  com.siyeh.ig.bugs.AssertWithSideEffectsInspection
11216:             3             72  com.siyeh.ig.bugs.CollectionAddedToSelfInspection
11217:             3             72  com.siyeh.ig.bugs.CopyConstructorMissesFieldInspection
11218:             3             72  com.siyeh.ig.bugs.EqualsWhichDoesntCheckParameterClassInspection
11219:             3             72  com.siyeh.ig.bugs.EqualsWithItselfInspection
11220:             3             72  com.siyeh.ig.bugs.ImplicitArrayToStringInspection
11221:             3             72  com.siyeh.ig.bugs.InfiniteRecursionInspection
11222:             3             72  com.siyeh.ig.bugs.MalformedRegexInspection
11223:             3             72  com.siyeh.ig.bugs.MalformedXPathInspection
11224:             3             72  com.siyeh.ig.bugs.MathRandomCastToIntInspection
11225:             3             72  com.siyeh.ig.bugs.MismatchedArrayReadWriteInspection
11226:             3             72  com.siyeh.ig.bugs.MismatchedStringBuilderQueryUpdateInspection
11227:             3             72  com.siyeh.ig.bugs.NewStringBufferWithCharArgumentInspection
11228:             3             72  com.siyeh.ig.bugs.NullArgumentToVariableArgMethodInspection
11229:             3             72  com.siyeh.ig.bugs.NumberEqualityInspection
11230:             3             72  com.siyeh.ig.bugs.ObjectEqualsNullInspection
11231:             3             72  com.siyeh.ig.bugs.PrimitiveArrayArgumentToVariableArgMethodInspection
11232:             3             72  com.siyeh.ig.bugs.ReflectionForUnavailableAnnotationInspection
11233:             3             72  com.siyeh.ig.bugs.ReplaceAllDotInspection
11234:             3             72  com.siyeh.ig.bugs.StringEqualityInspection
11235:             3             72  com.siyeh.ig.bugs.StringEqualsCharSequenceInspection
11236:             3             72  com.siyeh.ig.bugs.SuspiciousComparatorCompareInspection
11237:             3             72  com.siyeh.ig.bugs.SuspiciousSystemArraycopyInspection
11238:             3             72  com.siyeh.ig.bugs.SuspiciousToArrayCallInspection
11239:             3             72  com.siyeh.ig.bugs.ThrowableNotThrownInspection
11240:             3             72  com.siyeh.ig.classlayout.FinalPrivateMethodInspection
11241:             3             72  com.siyeh.ig.classlayout.FinalStaticMethodInspection
11242:             3             72  com.siyeh.ig.classlayout.MethodReturnAlwaysConstantInspection
11243:             3             72  com.siyeh.ig.controlflow.ConstantConditionalExpressionInspection
11244:             3             72  com.siyeh.ig.controlflow.DoubleNegationInspection
11245:             3             72  com.siyeh.ig.controlflow.InfiniteLoopStatementInspection
11246:             3             72  com.siyeh.ig.controlflow.LoopStatementsThatDontLoopInspection
11247:             3             72  com.siyeh.ig.controlflow.PointlessBooleanExpressionInspection$BooleanExpressionKind
11248:             3             72  com.siyeh.ig.controlflow.SimplifiableBooleanExpressionInspection
11249:             3             72  com.siyeh.ig.controlflow.SimplifiableConditionalExpressionInspection
11250:             3             72  com.siyeh.ig.controlflow.TrivialIfInspection
11251:             3             72  com.siyeh.ig.controlflow.UnnecessaryBreakInspection
11252:             3             72  com.siyeh.ig.controlflow.UnnecessaryConditionalExpressionInspection
11253:             3             72  com.siyeh.ig.controlflow.UnnecessaryLabelOnBreakStatementInspection
11254:             3             72  com.siyeh.ig.controlflow.UnnecessaryLabelOnContinueStatementInspection
11255:             3             72  com.siyeh.ig.dependency.CyclicClassDependencyInspection
11256:             3             72  com.siyeh.ig.dependency.CyclicPackageDependencyInspection
11257:             3             72  com.siyeh.ig.errorhandling.CatchMayIgnoreExceptionInspection
11258:             3             72  com.siyeh.ig.errorhandling.CaughtExceptionImmediatelyRethrownInspection
11259:             3             72  com.siyeh.ig.errorhandling.ContinueOrBreakFromFinallyBlockInspection
11260:             3             72  com.siyeh.ig.errorhandling.EmptyFinallyBlockInspection
11261:             3             72  com.siyeh.ig.errorhandling.EmptyTryBlockInspection
11262:             3             72  com.siyeh.ig.errorhandling.FinallyBlockCannotCompleteNormallyInspection
11263:             3             72  com.siyeh.ig.errorhandling.ReturnFromFinallyBlockInspection
11264:             3             72  com.siyeh.ig.errorhandling.UnnecessaryInitCauseInspection
11265:             3             72  com.siyeh.ig.exceptions.MultiCatchCanBeSplitInspection
11266:             3             72  com.siyeh.ig.exceptions.TryStatementWithMultipleResourcesInspection
11267:             3             72  com.siyeh.ig.finalization.NoExplicitFinalizeCallsInspection
11268:             3             72  com.siyeh.ig.inheritance.ExtendsAnnotationInspection
11269:             3             72  com.siyeh.ig.inheritance.MissingOverrideAnnotationInspection
11270:             3             72  com.siyeh.ig.j2me.SimplifiableIfStatementInspection
11271:             3             72  com.siyeh.ig.javadoc.DanglingJavadocInspection
11272:             3             72  com.siyeh.ig.javadoc.MissingPackageInfoInspection
11273:             3             72  com.siyeh.ig.jdk.VarargParameterInspection
11274:             3             72  com.siyeh.ig.junit.AssertEqualsBetweenInconvertibleTypesInspection
11275:             3             72  com.siyeh.ig.junit.JUnit4AnnotatedMethodInJUnit3TestCaseInspection
11276:             3             72  com.siyeh.ig.junit.JUnit5PlatformInspection
11277:             3             72  com.siyeh.ig.junit.SimplifiableJUnitAssertionInspection
11278:             3             72  com.siyeh.ig.maturity.ThrowablePrintedToSystemOutInspection
11279:             3             72  com.siyeh.ig.memory.UnnecessaryEmptyArrayUsageInspection
11280:             3             72  com.siyeh.ig.migration.IndexOfReplaceableByContainsInspection
11281:             3             72  com.siyeh.ig.migration.StringBufferReplaceableByStringBuilderInspection
11282:             3             72  com.siyeh.ig.migration.TryFinallyCanBeTryWithResourcesInspection
11283:             3             72  com.siyeh.ig.migration.TryWithIdenticalCatchesInspection
11284:             3             72  com.siyeh.ig.migration.WhileCanBeForeachInspection
11285:             3             72  com.siyeh.ig.modularization.ClassIndependentOfModuleInspection
11286:             3             72  com.siyeh.ig.modularization.ClassOnlyUsedInOneModuleInspection
11287:             3             72  com.siyeh.ig.naming.MethodNameSameAsClassNameInspection
11288:             3             72  com.siyeh.ig.numeric.BigDecimalMethodWithoutRoundingCalledInspection
11289:             3             72  com.siyeh.ig.numeric.DivideByZeroInspection
11290:             3             72  com.siyeh.ig.numeric.LongLiteralsEndingWithLowercaseLInspection
11291:             3             72  com.siyeh.ig.numeric.OctalLiteralInspection
11292:             3             72  com.siyeh.ig.packaging.ClassOnlyUsedInOnePackageInspection
11293:             3             72  com.siyeh.ig.packaging.ClassUnconnectedToPackageInspection
11294:             3             72  com.siyeh.ig.packaging.DisjointPackageInspection
11295:             3             72  com.siyeh.ig.packaging.ExceptionPackageInspection
11296:             3             72  com.siyeh.ig.packaging.PackageInMultipleModulesInspection
11297:             3             72  com.siyeh.ig.performance.ArraysAsListWithZeroOrOneArgumentInspection
11298:             3             72  com.siyeh.ig.performance.BooleanConstructorInspection
11299:             3             72  com.siyeh.ig.performance.BoxingBoxedValueInspection
11300:             3             72  com.siyeh.ig.performance.ClassInitializerMayBeStaticInspection
11301:             3             72  com.siyeh.ig.performance.InstantiatingObjectToGetClassObjectInspection
11302:             3             72  com.siyeh.ig.performance.ManualArrayCopyInspection
11303:             3             72  com.siyeh.ig.performance.ManualArrayToCollectionCopyInspection
11304:             3             72  com.siyeh.ig.performance.ObjectEqualsCanBeEqualityInspection
11305:             3             72  com.siyeh.ig.performance.RedundantStringFormatCallInspection
11306:             3             72  com.siyeh.ig.performance.StringConcatenationInLoopsInspection
11307:             3             72  com.siyeh.ig.performance.StringConcatenationInsideStringBufferAppendInspection
11308:             3             72  com.siyeh.ig.performance.TailRecursionInspection
11309:             3             72  com.siyeh.ig.performance.ToArrayCallWithZeroLengthArrayArgumentInspection$PreferEmptyArray
11310:             3             72  com.siyeh.ig.performance.UnnecessaryTemporaryOnConversionFromStringInspection
11311:             3             72  com.siyeh.ig.performance.UnnecessaryTemporaryOnConversionToStringInspection
11312:             3             72  com.siyeh.ig.redundancy.RedundantCollectionOperationInspection
11313:             3             72  com.siyeh.ig.redundancy.RedundantStringOperationInspection
11314:             3             72  com.siyeh.ig.redundancy.UnusedLabelInspection
11315:             3             72  com.siyeh.ig.serialization.ExternalizableWithoutPublicNoArgConstructorInspection
11316:             3             72  com.siyeh.ig.style.ArrayCreationWithoutNewKeywordInspection
11317:             3             72  com.siyeh.ig.style.ConstantExpressionInspection
11318:             3             72  com.siyeh.ig.style.ControlFlowStatementWithoutBracesInspection
11319:             3             72  com.siyeh.ig.style.DiamondCanBeReplacedWithExplicitTypeArgumentsInspection
11320:             3             72  com.siyeh.ig.style.ExtendsObjectInspection
11321:             3             72  com.siyeh.ig.style.LambdaBodyCanBeCodeBlockInspection
11322:             3             72  com.siyeh.ig.style.LambdaCanBeReplacedWithAnonymousInspection
11323:             3             72  com.siyeh.ig.style.LambdaParameterTypeCanBeSpecifiedInspection
11324:             3             72  com.siyeh.ig.style.MethodRefCanBeReplacedWithLambdaInspection
11325:             3             72  com.siyeh.ig.style.SingleStatementInBlockInspection
11326:             3             72  com.siyeh.ig.style.StringBufferReplaceableByStringInspection
11327:             3             72  com.siyeh.ig.style.TypeParameterExtendsObjectInspection
11328:             3             72  com.siyeh.ig.style.UnnecessaryEnumModifierInspection
11329:             3             72  com.siyeh.ig.style.UnnecessaryInterfaceModifierInspection
11330:             3             72  com.siyeh.ig.style.UnnecessarySemicolonInspection
11331:             3             72  com.siyeh.ig.threading.AtomicFieldUpdaterIssuesInspection
11332:             3             72  com.siyeh.ig.threading.AtomicFieldUpdaterNotStaticFinalInspection
11333:             3             72  com.siyeh.ig.threading.NonAtomicOperationOnVolatileFieldInspection
11334:             3             72  com.siyeh.ig.threading.StaticInitializerReferencesSubClassInspection
11335:             3             72  com.siyeh.ig.threading.SynchronizationOnGetClassInspection
11336:             3             72  com.siyeh.ig.threading.SynchronizeOnNonFinalFieldInspection
11337:             3             72  com.siyeh.ig.visibility.ClassEscapesItsScopeInspection
11338:             3             72  com.siyeh.ig.visibility.TypeParameterHidesVisibleTypeInspection
11339:             3             72  com.sun.awt.AWTUtilities$Translucency
11340:             3             72  com.sun.jna.Structure$StructureSet
11341:             3             72  com.sun.jna.platform.win32.WinDef$HWND
11342:             3             72  com.sun.nio.file.ExtendedOpenOption
11343:             3             72  com.sun.tools.javac.main.Option$OptionKind
11344:             3             72  com.sun.xml.internal.bind.v2.model.annotation.ClassLocatable
11345:             3             72  com.sun.xml.internal.bind.v2.model.core.ID
11346:             3             72  com.theoryinpractice.testng.inspection.AssertEqualsBetweenInconvertibleTypesTestNGInspection
11347:             3             72  com.theoryinpractice.testng.inspection.DataProviderReturnTypeInspection
11348:             3             72  com.theoryinpractice.testng.inspection.DependsOnGroupsInspection
11349:             3             72  com.theoryinpractice.testng.inspection.DependsOnMethodInspection
11350:             3             72  com.theoryinpractice.testng.inspection.DuplicatedDataProviderNamesInspection
11351:             3             72  com.theoryinpractice.testng.inspection.SimplifiedTestNGAssertionInspection
11352:             3             72  com.theoryinpractice.testng.inspection.TestNGDataProviderInspection
11353:             3             72  com.zeroturnaround.http.proxy.HttpProxyHolder
11354:             3             72  com.zeroturnaround.javarebel.m$a
11355:             3             72  com.zeroturnaround.jrebel.ide.common.guide.model.StepCompleteNotificationListener
11356:             3             72  de.plushnikov.intellij.plugin.LombokPluginProjectValidatorComponent
11357:             3             72  de.plushnikov.intellij.plugin.LombokPluginUpdateProjectComponent
11358:             3             72  de.plushnikov.intellij.plugin.language.psi.LombokConfigElementType
11359:             3             72  de.plushnikov.intellij.plugin.processor.clazz.FieldNameConstantsProcessor
11360:             3             72  de.plushnikov.intellij.plugin.processor.clazz.WitherProcessor
11361:             3             72  de.plushnikov.intellij.plugin.processor.clazz.builder.BuilderClassProcessor
11362:             3             72  de.plushnikov.intellij.plugin.processor.clazz.builder.BuilderPreDefinedInnerClassFieldProcessor
11363:             3             72  de.plushnikov.intellij.plugin.processor.clazz.builder.BuilderPreDefinedInnerClassMethodProcessor
11364:             3             72  de.plushnikov.intellij.plugin.processor.field.DelegateFieldProcessor
11365:             3             72  de.plushnikov.intellij.plugin.processor.handler.BuilderHandler
11366:             3             72  de.plushnikov.intellij.plugin.processor.method.BuilderClassMethodProcessor
11367:             3             72  de.plushnikov.intellij.plugin.processor.method.BuilderMethodProcessor
11368:             3             72  de.plushnikov.intellij.plugin.processor.method.DelegateMethodProcessor
11369:             3             72  git4idea.annotate.GitAnnotationProvider
11370:             3             72  git4idea.config.GitVcsConfigurable$GitVcsSettingsHolder
11371:             3             72  git4idea.config.GitVcsSettings
11372:             3             72  git4idea.config.UpdateMethod
11373:             3             72  git4idea.diff.GitDiffProvider
11374:             3             72  git4idea.history.GitLogUtil$DiffRenameLimit
11375:             3             72  git4idea.log.GitRefManager
11376:             3             72  git4idea.update.GitUpdateEnvironment
11377:             3             72  io.netty.bootstrap.ServerBootstrap$ServerBootstrapAcceptor$1
11378:             3             72  io.netty.buffer.PoolArena$SizeClass
11379:             3             72  java.awt.Dialog$ModalExclusionType
11380:             3             72  java.awt.EventFilter$FilterAction
11381:             3             72  java.awt.Window$Type
11382:             3             72  java.lang.annotation.RetentionPolicy
11383:             3             72  java.net.Proxy$Type
11384:             3             72  java.nio.file.AccessMode
11385:             3             72  java.nio.file.FileTreeWalker$EventType
11386:             3             72  java.security.SecurityPermission
11387:             3             72  java.time.Instant
11388:             3             72  java.time.ZoneOffset
11389:             3             72  java.time.format.ResolverStyle
11390:             3             72  java.util.Base64$Encoder
11391:             3             72  java.util.Comparator$$Lambda$999/808462341
11392:             3             72  java.util.Currency
11393:             1             72  java.util.ResourceBundle$RBClassLoader
11394:             3             72  java.util.Vector$1
11395:             3             72  java.util.concurrent.atomic.AtomicMarkableReference$Pair
11396:             1             72  java.util.logging.LogManager$RootLogger
11397:             3             72  java.util.regex.Pattern$6
11398:             3             72  java.util.stream.Collector$Characteristics
11399:             3             72  java.util.stream.ForEachOps$ForEachOp$OfRef
11400:             3             72  java.util.stream.MatchOps$MatchKind
11401:             3             72  javax.swing.SortOrder
11402:             3             72  javax.swing.border.CompoundBorder
11403:             3             72  javax.swing.plaf.BorderUIResource$LineBorderUIResource
11404:             3             72  javax.swing.plaf.metal.MetalLookAndFeel$FontActiveValue
11405:             3             72  javax.swing.text.StyleContext$SmallAttributeSet
11406:             3             72  javax.xml.bind.annotation.XmlNsForm
11407:             3             72  kotlin.DeprecationLevel
11408:             3             72  kotlin.LazyThreadSafetyMode
11409:             3             72  kotlin.LazyThreadSafetyMode
11410:             3             72  kotlin.annotation.AnnotationRetention
11411:             3             72  kotlin.collections.CollectionsKt___CollectionsKt$withIndex$1
11412:             3             72  kotlin.reflect.KParameter$Kind
11413:             1             72  kotlin.reflect.jvm.internal.impl.descriptors.impl.MutableClassDescriptor
11414:             3             72  kotlin.reflect.jvm.internal.impl.load.java.BuiltinMethodsWithSpecialGenericSignature$TypeSafeBarrierDescription
11415:             3             72  kotlin.reflect.jvm.internal.impl.load.java.lazy.types.JavaTypeFlexibility
11416:             3             72  kotlin.reflect.jvm.internal.impl.load.java.typeEnhancement.NullabilityQualifier
11417:             3             72  kotlin.reflect.jvm.internal.impl.load.java.typeEnhancement.TypeComponentPosition
11418:             3             72  kotlin.reflect.jvm.internal.impl.resolve.ExternalOverridabilityCondition$Contract
11419:             3             72  kotlin.reflect.jvm.internal.impl.resolve.OverridingUtil$OverrideCompatibilityInfo$Result
11420:             3             72  kotlin.reflect.jvm.internal.impl.serialization.ProtoBuf$QualifiedNameTable$QualifiedName$Kind
11421:             3             72  kotlin.reflect.jvm.internal.impl.serialization.ProtoBuf$TypeParameter$Variance
11422:             3             72  kotlin.reflect.jvm.internal.impl.serialization.deserialization.MemberDeserializer
11423:             3             72  kotlin.reflect.jvm.internal.impl.serialization.deserialization.TypeDeserializer$classDescriptors$1
11424:             3             72  kotlin.reflect.jvm.internal.impl.serialization.deserialization.TypeDeserializer$typeAliasDescriptors$1
11425:             3             72  kotlin.reflect.jvm.internal.impl.serialization.jvm.JvmProtoBuf$StringTableTypes$Record$Operation
11426:             3             72  kotlin.reflect.jvm.internal.impl.storage.LockBasedStorageManager$NotValue
11427:             3             72  kotlin.reflect.jvm.internal.impl.types.AbstractTypeConstructor$supertypes$1
11428:             3             72  kotlin.reflect.jvm.internal.impl.types.AbstractTypeConstructor$supertypes$3
11429:             3             72  kotlin.reflect.jvm.internal.impl.utils.Jsr305State$description$2
11430:             3             72  kotlin.reflect.jvm.internal.impl.utils.ReportLevel
11431:             3             72  net.sf.cglib.proxy.AdvancedProxy$ProxyDescription
11432:             1             72  net.sourceforge.pmd.lang.java.typeresolution.PMDASMClassLoader
11433:             3             72  net.sourceforge.pmd.lang.rule.xpath.JaxenXPathRuleQuery$InitializationStatus
11434:             3             72  org.angularjs.inspections.EmptyEventHandlerInspection
11435:             3             72  org.angularjs.service.Angular2HighlightingPassFactory
11436:             1             72  org.apache.commons.lang3.builder.ToStringStyle$DefaultToStringStyle
11437:             1             72  org.apache.commons.lang3.builder.ToStringStyle$JsonToStringStyle
11438:             1             72  org.apache.commons.lang3.builder.ToStringStyle$MultiLineToStringStyle
11439:             1             72  org.apache.commons.lang3.builder.ToStringStyle$NoClassNameToStringStyle
11440:             1             72  org.apache.commons.lang3.builder.ToStringStyle$NoFieldNameToStringStyle
11441:             1             72  org.apache.commons.lang3.builder.ToStringStyle$ShortPrefixToStringStyle
11442:             1             72  org.apache.commons.lang3.builder.ToStringStyle$SimpleToStringStyle
11443:             3             72  org.apache.commons.lang3.time.DateUtils$ModifyType
11444:             3             72  org.apache.http.HttpVersion
11445:             1             72  org.apache.http.impl.conn.CPool
11446:             1             72  org.apache.http.impl.conn.CPoolEntry
11447:             1             72  org.apache.http.impl.conn.LoggingManagedHttpClientConnection
11448:             3             72  org.apache.log4j.helpers.OnlyOnceErrorHandler
11449:             1             72  org.apache.velocity.runtime.RuntimeInstance
11450:             3             72  org.apache.xerces.impl.XMLDocumentFragmentScannerImpl$ElementStack
11451:             3             72  org.apache.xerces.impl.XMLEntityManager$CharacterBuffer
11452:             3             72  org.apache.xerces.impl.XMLNSDocumentScannerImpl$NSContentDispatcher
11453:             3             72  org.apache.xerces.impl.dtd.DTDGrammarBucket
11454:             3             72  org.apache.xerces.impl.dtd.XMLAttributeDecl
11455:             3             72  org.apache.xerces.impl.msg.XMLMessageFormatter
11456:             3             72  org.apache.xerces.impl.validation.ValidationManager
11457:             3             72  org.coffeescript.codeinsight.inspections.CoffeeScriptArgumentsOutsideFunctionInspection
11458:             3             72  org.coffeescript.codeinsight.inspections.CoffeeScriptInfiniteLoopInspection
11459:             3             72  org.coffeescript.codeinsight.inspections.CoffeeScriptLiteralNotFunctionInspection
11460:             3             72  org.coffeescript.codeinsight.inspections.CoffeeScriptSillyAssignmentInspection
11461:             3             72  org.coffeescript.codeinsight.inspections.CoffeeScriptSwitchStatementWithNoDefaultBranchInspection
11462:             3             72  org.intellij.images.options.impl.ExternalEditorOptionsImpl
11463:             3             72  org.intellij.images.options.impl.OptionsImpl
11464:             3             72  org.intellij.lang.regexp.inspection.DuplicateAlternationBranchInspection
11465:             3             72  org.intellij.lang.regexp.inspection.EmptyAlternationBranchInspection
11466:             3             72  org.intellij.lang.regexp.inspection.EscapedMetaCharacterInspection
11467:             3             72  org.intellij.lang.regexp.inspection.OctalEscapeInspection
11468:             3             72  org.intellij.lang.regexp.inspection.RedundantEscapeInspection
11469:             3             72  org.intellij.lang.regexp.inspection.RepeatedSpaceInspection
11470:             3             72  org.intellij.lang.regexp.inspection.SingleCharAlternationInspection
11471:             3             72  org.intellij.lang.regexp.inspection.UnexpectedAnchorInspection
11472:             3             72  org.intellij.lang.xpath.context.ContextType
11473:             3             72  org.intellij.lang.xpath.context.functions.Parameter$Kind
11474:             3             72  org.intellij.lang.xpath.validation.inspections.CheckNodeTest
11475:             3             72  org.intellij.lang.xpath.validation.inspections.HardwiredNamespacePrefix
11476:             3             72  org.intellij.lang.xpath.validation.inspections.IndexZeroPredicate
11477:             3             72  org.intellij.lang.xpath.validation.inspections.RedundantTypeConversion
11478:             3             72  org.intellij.lang.xpath.xslt.impl.XsltChecker$LanguageLevel
11479:             3             72  org.intellij.lang.xpath.xslt.validation.inspections.TemplateInvocationInspection
11480:             3             72  org.intellij.lang.xpath.xslt.validation.inspections.UnusedElementInspection
11481:             3             72  org.intellij.lang.xpath.xslt.validation.inspections.VariableShadowingInspection
11482:             3             72  org.intellij.plugins.intelliLang.Configuration$InstrumentationType
11483:             3             72  org.intellij.plugins.intelliLang.inject.CommentLanguageInjector
11484:             3             72  org.intellij.plugins.intelliLang.inject.DefaultLanguageInjector
11485:             3             72  org.intellij.plugins.intelliLang.inject.groovy.GrConcatenationAwareInjector
11486:             3             72  org.intellij.plugins.intelliLang.inject.java.validation.InjectionNotApplicable
11487:             3             72  org.intellij.plugins.intelliLang.inject.java.validation.LanguageMismatch
11488:             3             72  org.intellij.plugins.intelliLang.inject.java.validation.UnknownLanguageID
11489:             3             72  org.intellij.plugins.intelliLang.inject.xml.XmlLanguageInjector
11490:             3             72  org.intellij.plugins.intelliLang.pattern.PatternAnnotationNotApplicable
11491:             3             72  org.intellij.plugins.intelliLang.pattern.PatternOverriddenByNonAnnotatedMethod
11492:             3             72  org.intellij.plugins.intelliLang.references.InjectedReferencesInspection
11493:             3             72  org.intellij.plugins.intelliLang.util.StringMatcher$Any
11494:             1             72  org.intellij.plugins.markdown.lang.psi.impl.MarkdownFile
11495:             3             72  org.intellij.plugins.markdown.lang.references.MarkdownUnresolvedFileReferenceInspection
11496:             3             72  org.intellij.plugins.relaxNG.config.NoNamespaceConfigImpl
11497:             3             72  org.intellij.plugins.relaxNG.inspections.RngDomInspection
11498:             3             72  org.iq80.snappy.AbstractSnappyInputStream$FrameAction
11499:             3             72  org.jetbrains.android.AndroidProjectComponent
11500:             3             72  org.jetbrains.android.AndroidPropertyFilesUpdater
11501:             3             72  org.jetbrains.android.AndroidPropertyFilesUpdater$$Lambda$641/1908032747
11502:             3             72  org.jetbrains.android.augment.AndroidPsiElementFinder
11503:             3             72  org.jetbrains.android.database.AndroidDbManager
11504:             3             72  org.jetbrains.android.formatter.AndroidCodeStyleNotificationProvider
11505:             3             72  org.jetbrains.android.inspections.AndroidDomInspection
11506:             3             72  org.jetbrains.android.inspections.AndroidElementNotAllowedInspection
11507:             3             72  org.jetbrains.android.inspections.AndroidMissingOnClickHandlerInspection
11508:             3             72  org.jetbrains.android.inspections.AndroidNonConstantResIdsInSwitchInspection
11509:             3             72  org.jetbrains.android.inspections.AndroidUnknownAttributeInspection
11510:             3             72  org.jetbrains.android.inspections.XmlWrongFileTypeInspection
11511:             3             72  org.jetbrains.android.sdk.AndroidSdkNotConfiguredNotificationProvider
11512:             3             72  org.jetbrains.annotations.Nls$Capitalization
11513:             3             72  org.jetbrains.concurrency.Promise$State
11514:             3             72  org.jetbrains.idea.devkit.inspections.ComponentNotRegisteredInspection
11515:             3             72  org.jetbrains.idea.devkit.inspections.InspectionDescriptionNotFoundInspection
11516:             3             72  org.jetbrains.idea.devkit.inspections.InspectionMappingConsistencyInspection
11517:             3             72  org.jetbrains.idea.devkit.inspections.IntentionDescriptionNotFoundInspection
11518:             3             72  org.jetbrains.idea.devkit.inspections.PluginXmlDomInspection
11519:             3             72  org.jetbrains.idea.devkit.inspections.PostfixTemplateDescriptionNotFoundInspection
11520:             3             72  org.jetbrains.idea.devkit.inspections.PresentationAnnotationInspection
11521:             3             72  org.jetbrains.idea.devkit.inspections.PsiElementConcatenationInspection
11522:             3             72  org.jetbrains.idea.devkit.inspections.QuickFixGetFamilyNameViolationInspection
11523:             3             72  org.jetbrains.idea.devkit.inspections.RegistrationProblemsInspection
11524:             3             72  org.jetbrains.idea.devkit.inspections.StatefulEpInspection
11525:             3             72  org.jetbrains.idea.devkit.inspections.UElementAsPsiInspection
11526:             3             72  org.jetbrains.idea.devkit.inspections.UniqueToolbarIdInspection
11527:             3             72  org.jetbrains.idea.devkit.inspections.UseGrayInspection
11528:             3             72  org.jetbrains.idea.devkit.inspections.internal.DontUseNewPairInspection
11529:             3             72  org.jetbrains.idea.devkit.inspections.internal.FileEqualsUsageInspection
11530:             3             72  org.jetbrains.idea.devkit.inspections.internal.GtkPreferredJComboBoxRendererInspection
11531:             3             72  org.jetbrains.idea.devkit.inspections.internal.UndesirableClassUsageInspection
11532:             3             72  org.jetbrains.idea.devkit.inspections.internal.UnsafeReturnStatementVisitorInspection
11533:             3             72  org.jetbrains.idea.devkit.inspections.internal.UnsafeVfsRecursionInspection
11534:             3             72  org.jetbrains.idea.devkit.inspections.internal.UseDPIAwareEmptyBorderInspection
11535:             3             72  org.jetbrains.idea.devkit.inspections.internal.UseDPIAwareInsetsInspection
11536:             3             72  org.jetbrains.idea.devkit.inspections.internal.UseJBColorInspection
11537:             3             72  org.jetbrains.idea.devkit.inspections.internal.UsePrimitiveTypesInspection
11538:             3             72  org.jetbrains.idea.devkit.inspections.internal.UseVirtualFileEqualsInspection
11539:             3             72  org.jetbrains.idea.maven.dom.MavenModelDocumentationProvider$DescKind
11540:             3             72  org.jetbrains.idea.maven.dom.inspections.MavenDuplicateDependenciesInspection
11541:             3             72  org.jetbrains.idea.maven.dom.inspections.MavenDuplicatePluginInspection
11542:             3             72  org.jetbrains.idea.maven.dom.inspections.MavenModelInspection
11543:             3             72  org.jetbrains.idea.maven.dom.inspections.MavenPropertyInParentInspection
11544:             3             72  org.jetbrains.idea.maven.dom.inspections.MavenRedundantGroupIdInspection
11545:             3             72  org.jetbrains.idea.maven.execution.MavenRunner
11546:             3             72  org.jetbrains.idea.maven.indices.MavenProjectIndicesManager
11547:             3             72  org.jetbrains.idea.maven.model.MavenRemoteRepository$Policy
11548:             3             72  org.jetbrains.idea.maven.navigator.MavenProjectsNavigatorPanel$1
11549:             3             72  org.jetbrains.idea.maven.navigator.MavenProjectsNavigatorPanel$2
11550:             3             72  org.jetbrains.idea.maven.navigator.MavenProjectsStructure$DisplayKind
11551:             3             72  org.jetbrains.idea.maven.project.MavenProject
11552:             3             72  org.jetbrains.idea.maven.project.MavenProjectChanges
11553:             3             72  org.jetbrains.idea.maven.project.MavenWorkspaceSettingsComponent
11554:             3             72  org.jetbrains.idea.maven.tasks.MavenShortcutsManager$MyKeymapListener
11555:             3             72  org.jetbrains.idea.maven.tasks.MavenShortcutsManager$MyProjectsTreeListener
11556:             3             72  org.jetbrains.idea.maven.utils.MavenRehighlighter$MavenRehighlighterPostStartupActivity$1
11557:             3             72  org.jetbrains.idea.maven.utils.MavenRehighlighter$MavenRehighlighterPostStartupActivity$2
11558:             3             72  org.jetbrains.idea.perforce.application.PerforceChangeListListener
11559:             3             72  org.jetbrains.idea.svn.SvnConfiguration$SSLProtocols
11560:             3             72  org.jetbrains.idea.svn.SvnConfiguration$SshConnectionType
11561:             1             72  org.jetbrains.idea.svn.actions.IgnoreActionGroup
11562:             3             72  org.jetbrains.java.generate.template.TemplatesState
11563:             3             72  org.jetbrains.jps.api.CmdlineRemoteProto$Message$BuilderMessage$BuildEvent$Type
11564:             3             72  org.jetbrains.jps.api.CmdlineRemoteProto$Message$ControllerMessage$ParametersMessage$Type
11565:             3             72  org.jetbrains.jps.api.CmdlineRemoteProto$Message$KeyValuePair$Builder
11566:             3             72  org.jetbrains.jps.api.CmdlineRemoteProto$Message$Type
11567:             3             72  org.jetbrains.jps.model.ex.JpsElementContainerImpl
11568:             3             72  org.jetbrains.kotlin.analyzer.ModuleInfo$DependencyOnBuiltIns
11569:             3             72  org.jetbrains.kotlin.android.inspection.IllegalIdentifierInspection
11570:             3             72  org.jetbrains.kotlin.android.inspection.TypeParameterFindViewByIdInspection
11571:             3             72  org.jetbrains.kotlin.android.synthetic.idea.AndroidPsiTreeChangePreprocessor
11572:             3             72  org.jetbrains.kotlin.asJava.finder.JavaElementFinder
11573:             3             72  org.jetbrains.kotlin.codegen.OwnerKind
11574:             3             72  org.jetbrains.kotlin.console.ConsoleScriptDefinitionContributor
11575:             3             72  org.jetbrains.kotlin.container.ComponentResolveContext
11576:             3             72  org.jetbrains.kotlin.container.StorageComponentContainer
11577:             3             72  org.jetbrains.kotlin.context.GlobalContextImpl
11578:             3             72  org.jetbrains.kotlin.descriptors.impl.AbstractTypeParameterDescriptor$1
11579:             3             72  org.jetbrains.kotlin.descriptors.impl.AbstractTypeParameterDescriptor$2
11580:             1             72  org.jetbrains.kotlin.descriptors.impl.MutableClassDescriptor
11581:             3             72  org.jetbrains.kotlin.diagnostics.Severity
11582:             3             72  org.jetbrains.kotlin.idea.caches.resolve.IDELightClassGenerationSupport
11583:             3             72  org.jetbrains.kotlin.idea.caches.resolve.ModuleOrigin
11584:             3             72  org.jetbrains.kotlin.idea.compiler.configuration.Kotlin2JvmCompilerArgumentsHolder
11585:             3             72  org.jetbrains.kotlin.idea.compiler.configuration.KotlinBuildProcessParametersProvider
11586:             3             72  org.jetbrains.kotlin.idea.compiler.configuration.KotlinCommonCompilerArgumentsHolder
11587:             3             72  org.jetbrains.kotlin.idea.compiler.configuration.KotlinCompilerSettings
11588:             3             72  org.jetbrains.kotlin.idea.completion.CompletionBindingContextProvider
11589:             3             72  org.jetbrains.kotlin.idea.completion.LookupCancelWatcher
11590:             3             72  org.jetbrains.kotlin.idea.configuration.ui.KotlinConfigurationCheckerComponent
11591:             3             72  org.jetbrains.kotlin.idea.core.script.GradleScriptDefinitionsContributor
11592:             3             72  org.jetbrains.kotlin.idea.core.script.KotlinScriptDependenciesClassFinder$myCaches$2
11593:             3             72  org.jetbrains.kotlin.idea.core.script.KotlinScriptDependenciesClassFinder$myCaches$2$1
11594:             3             72  org.jetbrains.kotlin.idea.core.script.ScriptDependenciesCache$allLibrarySources$2
11595:             3             72  org.jetbrains.kotlin.idea.core.script.ScriptDependenciesCache$allLibrarySourcesScope$2
11596:             3             72  org.jetbrains.kotlin.idea.core.script.ScriptDependenciesCache$allScriptsClasspath$2
11597:             3             72  org.jetbrains.kotlin.idea.core.script.ScriptDependenciesCache$allScriptsClasspathScope$2
11598:             3             72  org.jetbrains.kotlin.idea.core.script.ScriptDependenciesManager
11599:             3             72  org.jetbrains.kotlin.idea.core.script.StandardScriptDefinitionContributor
11600:             3             72  org.jetbrains.kotlin.idea.formatter.KotlinCommonCodeStyleSettings$SupportedFieldsDiffFilter
11601:             3             72  org.jetbrains.kotlin.idea.highlighter.KotlinRainbowVisitor
11602:             3             72  org.jetbrains.kotlin.idea.i18n.inspections.KotlinInvalidBundleOrPropertyInspection
11603:             3             72  org.jetbrains.kotlin.idea.inspections.AddVarianceModifierInspection
11604:             3             72  org.jetbrains.kotlin.idea.inspections.ArrayInDataClassInspection
11605:             3             72  org.jetbrains.kotlin.idea.inspections.CanBeParameterInspection
11606:             3             72  org.jetbrains.kotlin.idea.inspections.CanBePrimaryConstructorPropertyInspection
11607:             3             72  org.jetbrains.kotlin.idea.inspections.CanBeValInspection
11608:             3             72  org.jetbrains.kotlin.idea.inspections.CascadeIfInspection
11609:             3             72  org.jetbrains.kotlin.idea.inspections.ConflictingExtensionPropertyInspection
11610:             3             72  org.jetbrains.kotlin.idea.inspections.ConstantConditionIfInspection
11611:             3             72  org.jetbrains.kotlin.idea.inspections.CopyWithoutNamedArgumentsInspection
11612:             3             72  org.jetbrains.kotlin.idea.inspections.DataClassPrivateConstructorInspection
11613:             3             72  org.jetbrains.kotlin.idea.inspections.DestructuringWrongNameInspection
11614:             3             72  org.jetbrains.kotlin.idea.inspections.EmptyRangeInspection
11615:             3             72  org.jetbrains.kotlin.idea.inspections.EqualsOrHashCodeInspection
11616:             3             72  org.jetbrains.kotlin.idea.inspections.ExplicitThisInspection
11617:             3             72  org.jetbrains.kotlin.idea.inspections.FakeJvmFieldConstantInspection
11618:             3             72  org.jetbrains.kotlin.idea.inspections.ImplicitThisInspection
11619:             3             72  org.jetbrains.kotlin.idea.inspections.JavaCollectionsStaticMethodInspection
11620:             3             72  org.jetbrains.kotlin.idea.inspections.KotlinCleanupInspection
11621:             3             72  org.jetbrains.kotlin.idea.inspections.KotlinDoubleNegationInspection
11622:             3             72  org.jetbrains.kotlin.idea.inspections.KotlinInternalInJavaInspection
11623:             3             72  org.jetbrains.kotlin.idea.inspections.KotlinRedundantOverrideInspection
11624:             3             72  org.jetbrains.kotlin.idea.inspections.KotlinUnusedImportInspection
11625:             3             72  org.jetbrains.kotlin.idea.inspections.LeakingThisInspection
11626:             3             72  org.jetbrains.kotlin.idea.inspections.LiftReturnOrAssignmentInspection
11627:             3             72  org.jetbrains.kotlin.idea.inspections.MayBeConstantInspection
11628:             3             72  org.jetbrains.kotlin.idea.inspections.MemberVisibilityCanBePrivateInspection
11629:             3             72  org.jetbrains.kotlin.idea.inspections.MigrateDiagnosticSuppressionInspection
11630:             3             72  org.jetbrains.kotlin.idea.inspections.MoveSuspiciousCallableReferenceIntoParenthesesInspection
11631:             3             72  org.jetbrains.kotlin.idea.inspections.NullChecksToSafeCallInspection
11632:             3             72  org.jetbrains.kotlin.idea.inspections.NullableBooleanElvisInspection
11633:             3             72  org.jetbrains.kotlin.idea.inspections.OverridingDeprecatedMemberInspection
11634:             3             72  org.jetbrains.kotlin.idea.inspections.ProtectedInFinalInspection
11635:             3             72  org.jetbrains.kotlin.idea.inspections.RecursiveEqualsCallInspection
11636:             3             72  org.jetbrains.kotlin.idea.inspections.RecursivePropertyAccessorInspection
11637:             3             72  org.jetbrains.kotlin.idea.inspections.RedundantExplicitTypeInspection
11638:             3             72  org.jetbrains.kotlin.idea.inspections.RedundantGetterInspection
11639:             3             72  org.jetbrains.kotlin.idea.inspections.RedundantIfInspection
11640:             3             72  org.jetbrains.kotlin.idea.inspections.RedundantLambdaArrowInspection
11641:             3             72  org.jetbrains.kotlin.idea.inspections.RedundantModalityModifierInspection
11642:             3             72  org.jetbrains.kotlin.idea.inspections.RedundantObjectTypeCheckInspection
11643:             3             72  org.jetbrains.kotlin.idea.inspections.RedundantSamConstructorInspection
11644:             3             72  org.jetbrains.kotlin.idea.inspections.RedundantSemicolonInspection
11645:             3             72  org.jetbrains.kotlin.idea.inspections.RedundantSetterInspection
11646:             3             72  org.jetbrains.kotlin.idea.inspections.RedundantSuspendModifierInspection
11647:             3             72  org.jetbrains.kotlin.idea.inspections.RedundantUnitExpressionInspection
11648:             3             72  org.jetbrains.kotlin.idea.inspections.RedundantUnitReturnTypeInspection
11649:             3             72  org.jetbrains.kotlin.idea.inspections.RedundantVisibilityModifierInspection
11650:             3             72  org.jetbrains.kotlin.idea.inspections.RemoveRedundantBackticksInspection
11651:             3             72  org.jetbrains.kotlin.idea.inspections.RemoveRedundantSpreadOperatorInspection
11652:             3             72  org.jetbrains.kotlin.idea.inspections.RemoveSetterParameterTypeInspection
11653:             3             72  org.jetbrains.kotlin.idea.inspections.RemoveToStringInStringTemplateInspection
11654:             3             72  org.jetbrains.kotlin.idea.inspections.ReplaceArrayOfWithLiteralInspection
11655:             3             72  org.jetbrains.kotlin.idea.inspections.ReplaceRangeToWithUntilInspection
11656:             3             72  org.jetbrains.kotlin.idea.inspections.ReplaceToWithInfixFormInspection
11657:             3             72  org.jetbrains.kotlin.idea.inspections.ScopeFunctionConversionInspection
11658:             3             72  org.jetbrains.kotlin.idea.inspections.SelfAssignmentInspection
11659:             3             72  org.jetbrains.kotlin.idea.inspections.SimplifyWhenWithBooleanConstantConditionInspection
11660:             3             72  org.jetbrains.kotlin.idea.inspections.SortModifiersInspection
11661:             3             72  org.jetbrains.kotlin.idea.inspections.SuspiciousEqualsCombination
11662:             3             72  org.jetbrains.kotlin.idea.inspections.UnsafeCastFromDynamicInspection
11663:             3             72  org.jetbrains.kotlin.idea.inspections.UnusedEqualsInspection
11664:             3             72  org.jetbrains.kotlin.idea.inspections.UnusedLambdaExpressionBodyInspection
11665:             3             72  org.jetbrains.kotlin.idea.inspections.UnusedReceiverParameterInspection
11666:             3             72  org.jetbrains.kotlin.idea.inspections.UnusedSymbolInspection
11667:             3             72  org.jetbrains.kotlin.idea.inspections.UseExpressionBodyInspection
11668:             3             72  org.jetbrains.kotlin.idea.inspections.WhenWithOnlyElseInspection
11669:             3             72  org.jetbrains.kotlin.idea.inspections.WrapUnaryOperatorInspection
11670:             3             72  org.jetbrains.kotlin.idea.inspections.collections.SimplifiableCallChainInspection
11671:             3             72  org.jetbrains.kotlin.idea.inspections.gradle.DeprecatedGradleDependencyInspection
11672:             3             72  org.jetbrains.kotlin.idea.inspections.gradle.DifferentKotlinGradleVersionInspection
11673:             3             72  org.jetbrains.kotlin.idea.inspections.gradle.DifferentStdlibGradleVersionInspection
11674:             3             72  org.jetbrains.kotlin.idea.intentions.loopToCallChain.LoopToCallChainInspection
11675:             3             72  org.jetbrains.kotlin.idea.kdoc.KDocUnresolvedReferenceInspection
11676:             3             72  org.jetbrains.kotlin.idea.maven.inspections.DeprecatedMavenDependencyInspection
11677:             3             72  org.jetbrains.kotlin.idea.maven.inspections.DifferentMavenStdlibVersionInspection
11678:             3             72  org.jetbrains.kotlin.idea.maven.inspections.KotlinMavenPluginPhaseInspection
11679:             3             72  org.jetbrains.kotlin.idea.maven.inspections.KotlinTestJUnitInspection
11680:             3             72  org.jetbrains.kotlin.idea.project.KotlinCodeBlockModificationListener$1
11681:             3             72  org.jetbrains.kotlin.idea.refactoring.move.changePackage.PackageDirectoryMismatchInspection
11682:             3             72  org.jetbrains.kotlin.idea.script.ScriptTemplatesFromCompilerSettingsProvider
11683:             3             72  org.jetbrains.kotlin.idea.spring.generate.SpringDependencyInjectionKind
11684:             3             72  org.jetbrains.kotlin.idea.spring.inspections.KotlinSpringComponentScanInspection
11685:             3             72  org.jetbrains.kotlin.idea.spring.inspections.KotlinSpringFacetCodeInspection
11686:             3             72  org.jetbrains.kotlin.idea.spring.inspections.SpringKotlinAutowiredMembersInspection
11687:             3             72  org.jetbrains.kotlin.idea.versions.UnsupportedAbiVersionNotificationPanelProvider
11688:             3             72  org.jetbrains.kotlin.load.java.BuiltinMethodsWithSpecialGenericSignature$TypeSafeBarrierDescription
11689:             3             72  org.jetbrains.kotlin.load.java.lazy.types.JavaTypeFlexibility
11690:             3             72  org.jetbrains.kotlin.load.java.typeEnhancement.NullabilityQualifier
11691:             3             72  org.jetbrains.kotlin.load.java.typeEnhancement.TypeComponentPosition
11692:             3             72  org.jetbrains.kotlin.name.State
11693:             3             72  org.jetbrains.kotlin.renderer.AnnotationArgumentsRenderingPolicy
11694:             3             72  org.jetbrains.kotlin.renderer.OverrideRenderingPolicy
11695:             3             72  org.jetbrains.kotlin.renderer.ParameterNameRenderingPolicy
11696:             3             72  org.jetbrains.kotlin.resolve.ExternalOverridabilityCondition$Contract
11697:             3             72  org.jetbrains.kotlin.resolve.OverridingUtil$OverrideCompatibilityInfo$Result
11698:             3             72  org.jetbrains.kotlin.resolve.scopes.SubstitutingScope$_allDescriptors$2
11699:             3             72  org.jetbrains.kotlin.resolve.scopes.receivers.ImplicitClassReceiver
11700:             3             72  org.jetbrains.kotlin.samWithReceiver.ide.IdeSamWithReceiverComponentContributor
11701:             3             72  org.jetbrains.kotlin.serialization.ProtoBuf$QualifiedNameTable$QualifiedName$Kind
11702:             3             72  org.jetbrains.kotlin.serialization.ProtoBuf$TypeParameter$Variance
11703:             3             72  org.jetbrains.kotlin.storage.LockBasedStorageManager$NotValue
11704:             3             72  org.jetbrains.kotlin.types.IndexedParametersSubstitution
11705:             3             72  org.jetbrains.kotlin.types.TypeSubstitutor$VarianceConflictType
11706:             3             72  org.jetbrains.kotlin.types.checker.CaptureStatus
11707:             3             72  org.jetbrains.kotlin.types.checker.TypeCheckerContext$LowerCapturedTypePolicy
11708:             3             72  org.jetbrains.kotlin.utils.Jsr305State$description$2
11709:             3             72  org.jetbrains.kotlin.utils.ReportLevel
11710:             3             72  org.jetbrains.lang.manifest.highlighting.MissingFinalNewlineInspection
11711:             3             72  org.jetbrains.plugins.cucumber.inspections.CucumberExamplesColonInspection
11712:             3             72  org.jetbrains.plugins.cucumber.inspections.CucumberMissedExamplesInspection
11713:             3             72  org.jetbrains.plugins.cucumber.inspections.CucumberStepInspection
11714:             3             72  org.jetbrains.plugins.cucumber.inspections.CucumberTableInspection
11715:             3             72  org.jetbrains.plugins.cucumber.inspections.GherkinBrokenTableInspection
11716:             3             72  org.jetbrains.plugins.cucumber.inspections.GherkinMisplacedBackgroundInspection
11717:             3             72  org.jetbrains.plugins.cucumber.java.inspections.CucumberJavaStepDefClassInDefaultPackageInspection
11718:             3             72  org.jetbrains.plugins.cucumber.java.inspections.CucumberJavaStepDefClassIsPublicInspections
11719:             3             72  org.jetbrains.plugins.github.util.GithubAuthData$AuthType
11720:             3             72  org.jetbrains.plugins.gradle.codeInspection.MultipleRepositoryUrlsInspection
11721:             3             72  org.jetbrains.plugins.gradle.compiler.GradleBuildProcessParametersProvider
11722:             3             72  org.jetbrains.plugins.gradle.config.GradleResourceCompilerConfigurationGenerator
11723:             3             72  org.jetbrains.plugins.gradle.execution.GradleBeforeRunTaskProvider
11724:             3             72  org.jetbrains.plugins.gradle.integrations.maven.MavenRepositoriesHolder
11725:             3             72  org.jetbrains.plugins.gradle.service.GradleBuildClasspathManager
11726:             3             72  org.jetbrains.plugins.gradle.service.project.GradleStartupActivity$1
11727:             3             72  org.jetbrains.plugins.gradle.service.project.data.ExternalProjectDataCache
11728:             3             72  org.jetbrains.plugins.gradle.settings.GradleLocalSettings
11729:             3             72  org.jetbrains.plugins.gradle.settings.GradleSystemRunningSettings$PreferredTestRunner
11730:             3             72  org.jetbrains.plugins.grails.i18n.GrailsI18nInspection
11731:             3             72  org.jetbrains.plugins.grails.lang.gsp.GspTagInspection
11732:             3             72  org.jetbrains.plugins.groovy.annotator.intentions.dynamic.DynamicManagerImpl
11733:             3             72  org.jetbrains.plugins.groovy.codeInspection.GroovyUnusedDeclarationInspection
11734:             3             72  org.jetbrains.plugins.groovy.codeInspection.assignment.GroovyAssignabilityCheckInspection
11735:             3             72  org.jetbrains.plugins.groovy.codeInspection.assignment.GroovySillyAssignmentInspection
11736:             3             72  org.jetbrains.plugins.groovy.codeInspection.assignment.GroovyUncheckedAssignmentOfMemberOfRawTypeInspection
11737:             3             72  org.jetbrains.plugins.groovy.codeInspection.bugs.GrEqualsBetweenInconvertibleTypesInspection
11738:             3             72  org.jetbrains.plugins.groovy.codeInspection.bugs.GroovyAccessibilityInspection
11739:             3             72  org.jetbrains.plugins.groovy.codeInspection.bugs.GroovyConstructorNamedArgumentsInspection
11740:             3             72  org.jetbrains.plugins.groovy.codeInspection.bugs.GroovyDivideByZeroInspection
11741:             3             72  org.jetbrains.plugins.groovy.codeInspection.bugs.GroovyDocCheckInspection
11742:             3             72  org.jetbrains.plugins.groovy.codeInspection.bugs.GroovyInArgumentCheckInspection
11743:             3             72  org.jetbrains.plugins.groovy.codeInspection.bugs.GroovyInfiniteLoopStatementInspection
11744:             3             72  org.jetbrains.plugins.groovy.codeInspection.bugs.GroovyInfiniteRecursionInspection
11745:             3             72  org.jetbrains.plugins.groovy.codeInspection.bugs.GroovyLabeledStatementInspection
11746:             3             72  org.jetbrains.plugins.groovy.codeInspection.bugs.GroovyResultOfObjectAllocationIgnoredInspection
11747:             3             72  org.jetbrains.plugins.groovy.codeInspection.bugs.NewInstanceOfSingletonInspection
11748:             3             72  org.jetbrains.plugins.groovy.codeInspection.changeToMethod.ChangeToMethodInspection
11749:             3             72  org.jetbrains.plugins.groovy.codeInspection.changeToOperator.ChangeToOperatorInspection
11750:             3             72  org.jetbrains.plugins.groovy.codeInspection.confusing.ClashingTraitMethodsInspection
11751:             3             72  org.jetbrains.plugins.groovy.codeInspection.confusing.DelegatesToInspection
11752:             3             72  org.jetbrains.plugins.groovy.codeInspection.confusing.GrDeprecatedAPIUsageInspection
11753:             3             72  org.jetbrains.plugins.groovy.codeInspection.confusing.GrPackageInspection
11754:             3             72  org.jetbrains.plugins.groovy.codeInspection.confusing.GrReassignedInClosureLocalVarInspection
11755:             3             72  org.jetbrains.plugins.groovy.codeInspection.confusing.GrUnusedIncDecInspection
11756:             3             72  org.jetbrains.plugins.groovy.codeInspection.confusing.GroovyDoubleNegationInspection
11757:             3             72  org.jetbrains.plugins.groovy.codeInspection.confusing.GroovyEmptyStatementBodyInspection
11758:             3             72  org.jetbrains.plugins.groovy.codeInspection.confusing.GroovyGStringKeyInspection
11759:             3             72  org.jetbrains.plugins.groovy.codeInspection.confusing.GroovyPointlessBooleanInspection
11760:             3             72  org.jetbrains.plugins.groovy.codeInspection.confusing.UnnecessaryQualifiedReferenceInspection
11761:             3             72  org.jetbrains.plugins.groovy.codeInspection.control.GroovyConditionalWithIdenticalBranchesInspection
11762:             3             72  org.jetbrains.plugins.groovy.codeInspection.control.GroovyConstantConditionalInspection
11763:             3             72  org.jetbrains.plugins.groovy.codeInspection.control.GroovyConstantIfStatementInspection
11764:             3             72  org.jetbrains.plugins.groovy.codeInspection.control.GroovyFallthroughInspection
11765:             3             72  org.jetbrains.plugins.groovy.codeInspection.control.GroovyIfStatementWithIdenticalBranchesInspection
11766:             3             72  org.jetbrains.plugins.groovy.codeInspection.control.GroovyTrivialConditionalInspection
11767:             3             72  org.jetbrains.plugins.groovy.codeInspection.control.GroovyTrivialIfInspection
11768:             3             72  org.jetbrains.plugins.groovy.codeInspection.control.GroovyUnnecessaryContinueInspection
11769:             3             72  org.jetbrains.plugins.groovy.codeInspection.control.GroovyUnnecessaryReturnInspection
11770:             3             72  org.jetbrains.plugins.groovy.codeInspection.control.finalVar.GrFinalVariableAccessInspection
11771:             3             72  org.jetbrains.plugins.groovy.codeInspection.declaration.GrMethodMayBeStaticInspection
11772:             3             72  org.jetbrains.plugins.groovy.codeInspection.exception.GroovyUnusedCatchParameterInspection
11773:             3             72  org.jetbrains.plugins.groovy.codeInspection.noReturnMethod.MissingReturnInspection
11774:             3             72  org.jetbrains.plugins.groovy.codeInspection.resources.TypeCustomizerInspection
11775:             3             72  org.jetbrains.plugins.groovy.codeInspection.secondUnsafeCall.SecondUnsafeCallInspection
11776:             3             72  org.jetbrains.plugins.groovy.codeInspection.style.GrUnnecessaryAliasInspection
11777:             3             72  org.jetbrains.plugins.groovy.codeInspection.style.GrUnnecessaryDefModifierInspection
11778:             3             72  org.jetbrains.plugins.groovy.codeInspection.style.GrUnnecessaryPublicModifierInspection
11779:             3             72  org.jetbrains.plugins.groovy.codeInspection.style.GrUnnecessarySemicolonInspection
11780:             3             72  org.jetbrains.plugins.groovy.codeInspection.threading.GroovyAccessToStaticFieldLockedOnInstanceInspection
11781:             3             72  org.jetbrains.plugins.groovy.codeInspection.threading.GroovySynchronizationOnNonFinalFieldInspection
11782:             3             72  org.jetbrains.plugins.groovy.codeInspection.threading.GroovySynchronizationOnVariableInitializedWithLiteralInspection
11783:             3             72  org.jetbrains.plugins.groovy.codeInspection.threading.GroovyUnsynchronizedMethodOverridesSynchronizedMethodInspection
11784:             3             72  org.jetbrains.plugins.groovy.codeInspection.unassignedVariable.UnassignedVariableAccessInspection
11785:             3             72  org.jetbrains.plugins.groovy.codeInspection.untypedUnresolvedAccess.GrUnresolvedAccessInspection
11786:             3             72  org.jetbrains.plugins.groovy.codeInspection.unusedDef.UnusedDefInspection
11787:             3             72  org.jetbrains.plugins.groovy.codeInspection.validity.GroovyDuplicateSwitchBranchInspection
11788:             3             72  org.jetbrains.plugins.groovy.codeInspection.validity.GroovyUnreachableStatementInspection
11789:             3             72  org.jetbrains.plugins.groovy.compiler.GroovyCompilerLoader
11790:             3             72  org.jetbrains.plugins.groovy.config.ConfigureGroovyLibraryNotificationProvider
11791:             3             72  org.jetbrains.plugins.groovy.console.GroovyConsoleStateService
11792:             3             72  org.jetbrains.plugins.groovy.gant.GantSettings
11793:             3             72  org.jetbrains.plugins.groovy.intentions.conversions.ClassNameDiffersFromFileNamePredicate
11794:             3             72  org.jetbrains.plugins.groovy.lang.parser.parsing.statements.expressions.ExpressionStatement$Result
11795:             3             72  org.jetbrains.plugins.groovy.lang.psi.api.types.CodeReferenceKind
11796:             3             72  org.jetbrains.plugins.groovy.lang.psi.patterns.GroovyAnnotationArgumentPattern$Capture
11797:             3             72  org.jetbrains.plugins.groovy.mvc.MvcFramework$$Lambda$1653/2052519735
11798:             3             72  org.jetbrains.plugins.groovy.transformations.singleton.SingletonConstructorInspection
11799:             3             72  org.jetbrains.plugins.haml.codeInsight.inspections.HamlNestedTagContentInspection
11800:             3             72  org.jetbrains.plugins.javaFX.css.inspections.JavaFxUnresolvedStyleClassReferenceInspection
11801:             3             72  org.jetbrains.plugins.javaFX.fxml.codeInsight.inspections.JavaFxColorRgbInspection
11802:             3             72  org.jetbrains.plugins.javaFX.fxml.codeInsight.inspections.JavaFxDefaultTagInspection
11803:             3             72  org.jetbrains.plugins.javaFX.fxml.codeInsight.inspections.JavaFxEventHandlerInspection
11804:             3             72  org.jetbrains.plugins.javaFX.fxml.codeInsight.inspections.JavaFxRedundantPropertyValueInspection
11805:             3             72  org.jetbrains.plugins.javaFX.fxml.codeInsight.inspections.JavaFxUnresolvedFxIdReferenceInspection
11806:             3             72  org.jetbrains.plugins.javaFX.fxml.codeInsight.inspections.JavaFxUnusedImportsInspection
11807:             3             72  org.jetbrains.plugins.javaFX.resources.JavaFxResourcePropertyValueInspection
11808:             3             72  org.jetbrains.plugins.less.inspections.LessResolvedByNameOnlyInspection
11809:             3             72  org.jetbrains.plugins.less.inspections.LessUnresolvedMixinInspection
11810:             3             72  org.jetbrains.plugins.less.inspections.LessUnresolvedVariableInspection
11811:             3             72  org.jetbrains.plugins.scss.inspections.SassScssResolvedByNameOnlyInspection
11812:             3             72  org.jetbrains.plugins.scss.inspections.SassScssUnresolvedMixinInspection
11813:             3             72  org.jetbrains.plugins.scss.inspections.SassScssUnresolvedPlaceholderSelectorInspection
11814:             3             72  org.jetbrains.plugins.scss.inspections.SassScssUnresolvedVariableInspection
11815:             3             72  org.jetbrains.settingsRepository.SyncType
11816:             3             72  org.osmorc.inspection.ClassInDefaultPackageInspection
11817:             3             72  org.osmorc.inspection.PackageAccessibilityInspection
11818:             3             72  org.osmorc.inspection.UnregisteredActivatorInspection
11819:             3             72  org.osmorc.inspection.WrongImportPackageInspection
11820:             3             72  org.osmorc.maven.inspection.NonOsgiMavenDependencyInspection
11821:             3             72  org.picocontainer.defaults.ComponentParameter
11822:             3             72  org.yaml.snakeyaml.DumperOptions$FlowStyle
11823:             1             72  org.zeroturnaround.javarebel.reporting.MixpanelMetrics
11824:             3             72  org.zeroturnaround.jrebel.client.metrics.DialogShowCause
11825:             3             72  org.zeroturnaround.jrebel.client.spi.JRebelClientSettings$SyncOnBuildState
11826:             3             72  org.zeroturnaround.jrebel.ide.common.notifications.NotificationEvent
11827:             3             72  org.zmlx.hg4idea.HgProjectSettings
11828:             3             72  org.zmlx.hg4idea.provider.HgChangeProvider
11829:             3             72  org.zmlx.hg4idea.provider.HgCommittedChangesProvider
11830:             3             72  org.zmlx.hg4idea.provider.update.HgUpdateEnvironment
11831:             3             72  org.zmlx.hg4idea.provider.update.HgUpdateType
11832:             3             72  sun.awt.AppContext$State
11833:             3             72  sun.awt.datatransfer.TransferableProxy
11834:             3             72  sun.awt.im.InputMethodLocator
11835:             1             72  sun.awt.shell.Win32ShellFolderManager2$ComInvoker
11836:             1             72  sun.awt.windows.WToolkit
11837:             3             72  sun.font.GlyphLayout$LayoutEngineKey
11838:             3             72  sun.font.SunLayoutEngine
11839:             3             72  sun.java2d.cmm.lcms.LCMSProfile$TagData
11840:             1             72  sun.java2d.marlin.Dasher$LengthIterator
11841:             3             72  sun.java2d.marlin.MarlinRenderingEngine$NormMode
11842:             3             72  sun.misc.FloatingDecimal$ExceptionalBinaryToASCIIBuffer
11843:             3             72  sun.misc.ObjectInputFilter$Status
11844:             3             72  sun.net.www.protocol.http.HttpURLConnection$TunnelState
11845:             1             72  sun.nio.ch.WindowsAsynchronousServerSocketChannelImpl
11846:             3             72  sun.rmi.transport.SequenceEntry
11847:             3             72  sun.security.provider.PolicyFile$PolicyEntry
11848:             3             72  sun.security.ssl.CipherSuite$CipherType
11849:             3             72  sun.security.ssl.CipherSuiteList
11850:             3             72  sun.swing.FilePane$DirectoriesFirstComparatorWrapper
11851:             1             72  sun.util.locale.provider.JRELocaleProviderAdapter
11852:             3             72  sun.util.resources.ParallelListResourceBundle$KeySet
11853:             2             64  [Lcom.android.tools.idea.run.editor.DeployTargetProvider;
11854:             1             64  [Lcom.github.rjeschke.txtmark.BlockType;
11855:             2             64  [Lcom.google.wireless.android.sdk.stats.GradleSyncStats$Trigger;
11856:             1             64  [Lcom.intellij.codeInsight.editorActions.CopyPastePreProcessor;
11857:             3             64  [Lcom.intellij.codeInsight.editorActions.XmlTagNameSynchronizer$TagNameSynchronizer;
11858:             1             64  [Lcom.intellij.codeInsight.editorActions.moveUpDown.StatementUpDownMover;
11859:             1             64  [Lcom.intellij.codeInsight.highlighting.ReadWriteAccessDetector;
11860:             1             64  [Lcom.intellij.codeInsight.navigation.actions.GotoDeclarationHandler;
11861:             1             64  [Lcom.intellij.codeInspection.lambdaToExplicit.LambdaAndExplicitMethodPair;
11862:             2             64  [Lcom.intellij.database.run.actions.ColumnFiltersGroup$FilterTemplate;
11863:             2             64  [Lcom.intellij.database.settings.UserPatterns$ParameterPattern;
11864:             1             64  [Lcom.intellij.debugger.impl.DebuggerSession$Event;
11865:             3             64  [Lcom.intellij.diagram.settings.DiagramConfigGroup;
11866:             2             64  [Lcom.intellij.dvcs.branch.DvcsSyncSettings$Value;
11867:             1             64  [Lcom.intellij.execution.junit.RuntimeConfigurationProducer;
11868:             2             64  [Lcom.intellij.execution.ui.layout.PlaceInGrid;
11869:             2             64  [Lcom.intellij.formatting.WrapImpl$Type;
11870:             2             64  [Lcom.intellij.ide.FileIconPatcher;
11871:             3             64  [Lcom.intellij.javaee.deployment.DeploymentMethod;
11872:             1             64  [Lcom.intellij.lang.java.parser.ExpressionParser$ExprType;
11873:             2             64  [Lcom.intellij.lang.javascript.flex.build.FlexBuildConfiguration$Type;
11874:             2             64  [Lcom.intellij.lang.javascript.psi.JSTestFileType;
11875:             2             64  [Lcom.intellij.lang.javascript.psi.JSVarStatement$VarKeyword;
11876:             2             64  [Lcom.intellij.lang.javascript.psi.stubs.JSImplicitElement$Property;
11877:             2             64  [Lcom.intellij.openapi.compiler.CompilerMessageCategory;
11878:             2             64  [Lcom.intellij.openapi.diff.impl.ComparisonPolicy;
11879:             2             64  [Lcom.intellij.openapi.diff.impl.processing.HighlightMode;
11880:             2             64  [Lcom.intellij.openapi.editor.ElementColorProvider;
11881:             2             64  [Lcom.intellij.openapi.editor.colors.impl.TextAttributesReader$FontStyle;
11882:             2             64  [Lcom.intellij.openapi.editor.impl.softwrap.SoftWrapAppliancePlaces;
11883:             1             64  [Lcom.intellij.openapi.fileEditor.impl.EditorTabTitleProvider;
11884:             2             64  [Lcom.intellij.openapi.paths.PathReferenceProvider;
11885:             2             64  [Lcom.intellij.openapi.roots.DependencyScope;
11886:             2             64  [Lcom.intellij.openapi.vcs.changes.conflicts.ChangelistConflictResolution;
11887:             2             64  [Lcom.intellij.openapi.wm.ToolWindowType;
11888:             2             64  [Lcom.intellij.openapi.wm.impl.IdeBackgroundUtil$Fill;
11889:             2             64  [Lcom.intellij.plugins.jboss.arquillian.configuration.container.ArquillianContainerKind;
11890:             3             64  [Lcom.intellij.psi.PsiImportList;
11891:             1             64  [Lcom.intellij.psi.Weigher;
11892:             2             64  [Lcom.intellij.psi.compiled.ClassFileDecompilers$Decompiler;
11893:             3             64  [Lcom.intellij.psi.css.CssPropertyInfo;
11894:             2             64  [Lcom.intellij.psi.css.impl.descriptor.value.CssGroupValue$Type;
11895:             2             64  [Lcom.intellij.psi.css.impl.util.table.CssTableValue$Type;
11896:             2             64  [Lcom.intellij.psi.css.index.CssSupportedFileTypesProvider;
11897:             1             64  [Lcom.intellij.psi.impl.PsiTreeChangeEventImpl$PsiEventType;
11898:             1             64  [Lcom.intellij.psi.impl.search.IndexPatternBuilder;
11899:             2             64  [Lcom.intellij.psi.impl.search.PsiSearchHelperImpl$Options;
11900:             1             64  [Lcom.intellij.psi.jsp.JspElementType$Kind;
11901:             2             64  [Lcom.intellij.spellchecker.SpellCheckerManager$DictionaryLevel;
11902:             2             64  [Lcom.intellij.spring.boot.model.autoconfigure.conditions.jam.ConditionalOnWebApplication$Type;
11903:             1             64  [Lcom.intellij.spring.index.SpringBeanIndexType;
11904:             2             64  [Lcom.intellij.util.ThreeState;
11905:             2             64  [Lcom.intellij.util.ui.JBUI$ScaleType;
11906:             2             64  [Lcom.intellij.vaadin.templates.VaadinTemplateNames$ClientWidgetClassTemplate;
11907:             1             64  [Lcom.intellij.xdebugger.breakpoints.XBreakpointType;
11908:             1             64  [Lcom.intellij.xml.XmlExtension;
11909:             2             64  [Lcom.intellij.xml.util.HTMLControls$TagState;
11910:             1             64  [Lcom.jetbrains.quirksmode.Browser;
11911:             2             64  [Lcom.sun.awt.AWTUtilities$Translucency;
11912:             2             64  [Lcom.sun.tools.javac.main.Option$OptionGroup;
11913:             2             64  [Lcom.zeroturnaround.http.proxy.ProxyType;
11914:             2             64  [Lde.plushnikov.intellij.plugin.processor.modifier.ModifierProcessor;
11915:             2             64  [Ljava.awt.Queue;
11916:             2             64  [Ljava.lang.ThreadGroup;
11917:             4             64  [Ljava.lang.annotation.Annotation;
11918:             2             64  [Ljava.lang.annotation.RetentionPolicy;
11919:             3             64  [Ljava.util.Iterator;
11920:             2             64  [Ljava.util.stream.Collector$Characteristics;
11921:             4             64  [Ljavax.swing.DefaultRowSorter$Row;
11922:             2             64  [Ljavax.swing.UIManager$LookAndFeelInfo;
11923:             2             64  [Ljavax.xml.bind.annotation.XmlAccessType;
11924:             2             64  [Ljavax.xml.bind.annotation.XmlNsForm;
11925:             2             64  [Lkotlin.DeprecationLevel;
11926:             2             64  [Lkotlin.annotation.AnnotationRetention;
11927:             2             64  [Lkotlin.reflect.KClass;
11928:             2             64  [Lkotlin.reflect.jvm.internal.impl.serialization.ProtoBuf$MemberKind;
11929:             2             64  [Lkotlin.reflect.jvm.internal.impl.serialization.ProtoBuf$Modality;
11930:             1             64  [Lnet.sf.cglib.proxy.Callback;
11931:             1             64  [Lorg.apache.commons.lang3.JavaVersion;
11932:             1             64  [Lorg.jetbrains.kotlin.resolve.checkers.DeclarationChecker;
11933:             2             64  [Lorg.jetbrains.kotlin.serialization.ProtoBuf$MemberKind;
11934:             2             64  [Lorg.jetbrains.kotlin.serialization.ProtoBuf$Modality;
11935:             2             64  [Lorg.jetbrains.org.objectweb.asm.Type;
11936:             2             64  [Lorg.jetbrains.plugins.github.util.GithubAuthData$AuthType;
11937:             1             64  [Lorg.jetbrains.plugins.gradle.service.project.GradleProjectResolverExtension;
11938:             1             64  [Lorg.zeroturnaround.common.options.Option;
11939:             1             64  [Lorg.zeroturnaround.javarebel.reporting.stats.repository.DailyFieldId;
11940:             1             64  [Lorg.zeroturnaround.jrebel.ide.common.notifications.NotificationType;
11941:             2             64  ch.qos.logback.classic.pattern.LevelConverter
11942:             2             64  ch.qos.logback.classic.pattern.LineSeparatorConverter
11943:             2             64  ch.qos.logback.classic.pattern.MessageConverter
11944:             2             64  ch.qos.logback.classic.pattern.ThreadConverter
11945:             1             64  ch.qos.logback.core.rolling.FixedWindowRollingPolicy
11946:             2             64  ch.qos.logback.core.util.CachingDateFormatter
11947:             1             64  ch.qos.logback.core.util.DefaultInvocationGate
11948:             2             64  cn.yiiguxing.plugin.translate.AppStorage
11949:             2             64  cn.yiiguxing.plugin.translate.BaiduTranslateSettings
11950:             2             64  cn.yiiguxing.plugin.translate.YoudaoTranslateSettings
11951:             4             64  com.android.sdklib.repository.generated.common.v1.IdDisplayType$JaxbAccessorF_display
11952:             2             64  com.android.tools.idea.fd.actions.HotswapAction
11953:             4             64  com.android.tools.idea.gradle.project.settings.AndroidStudioGradleProjectSettings
11954:             4             64  com.android.tools.idea.naveditor.scene.layout.ManualLayoutAlgorithm$LayoutPositions
11955:             4             64  com.android.tools.idea.run.editor.DeepLinkLaunch$State
11956:             4             64  com.android.tools.idea.run.editor.DefaultActivityLaunch$State
11957:             4             64  com.android.tools.idea.run.editor.NoLaunch$State
11958:             4             64  com.android.tools.idea.run.editor.SpecificActivityLaunch$State
11959:             2             64  com.ansorgit.plugins.bash.settings.BashProjectSettings
11960:             4             64  com.google.common.base.Splitter$1
11961:             1             64  com.google.common.cache.CacheStats
11962:             4             64  com.google.gson.TypeAdapter$1
11963:             2             64  com.google.gson.internal.bind.ReflectiveTypeAdapterFactory
11964:             2             64  com.google.gson.internal.bind.TreeTypeAdapter$SingleTypeFactory
11965:             4             64  com.intellij.a.g.a.b
11966:             2             64  com.intellij.application.options.editor.CodeFoldingConfigurable
11967:             2             64  com.intellij.application.options.editor.WebEditorOptions
11968:             4             64  com.intellij.codeHighlighting.HighlightDisplayLevel$SingleColorIcon
11969:             4             64  com.intellij.codeInsight.CodeInsightWorkspaceSettings
11970:             4             64  com.intellij.codeInsight.ExpectedTypeUtil$ExpectedClassesFromSetProvider
11971:             4             64  com.intellij.codeInsight.JavaProjectCodeInsightSettings
11972:             4             64  com.intellij.codeInsight.TestFrameworks$$Lambda$4939/1984903167
11973:             2             64  com.intellij.codeInsight.completion.CompletionProgressIndicator$1
11974:             2             64  com.intellij.codeInsight.completion.impl.BetterPrefixMatcher$AutoRestarting
11975:             4             64  com.intellij.codeInsight.completion.impl.LiftShorterItemsClassifier$LiftingCondition
11976:             4             64  com.intellij.codeInsight.daemon.impl.DaemonCodeAnalyzerImpl$2
11977:             4             64  com.intellij.codeInsight.daemon.impl.DaemonCodeAnalyzerImpl$UpdateRunnable
11978:             4             64  com.intellij.codeInsight.daemon.impl.MarkerType$$Lambda$4440/809227675
11979:             4             64  com.intellij.codeInsight.daemon.impl.PassExecutorService$$Lambda$1878/1959103673
11980:             4             64  com.intellij.codeInsight.daemon.impl.ShowAutoImportPass$$Lambda$2148/551604571
11981:             2             64  com.intellij.codeInsight.generation.GenerateGetterAndSetterHandler
11982:             4             64  com.intellij.codeInsight.highlighting.BraceHighlightingHandler$MyLineMarkerRenderer
11983:             1             64  com.intellij.codeInsight.hint.HintManagerImpl
11984:             1             64  com.intellij.codeInsight.hint.LineTooltipRenderer$2
11985:             1             64  com.intellij.codeInsight.lookup.impl.LookupCellRenderer
11986:             4             64  com.intellij.codeInsight.template.postfix.templates.editable.JavaPostfixTemplateExpressionCondition$JavaPostfixTemplateBooleanExpressionCondition
11987:             4             64  com.intellij.codeInsight.template.postfix.templates.editable.JavaPostfixTemplateExpressionCondition$JavaPostfixTemplateNotPrimitiveTypeExpressionCondition
11988:             4             64  com.intellij.codeInsight.template.postfix.templates.editable.JavaPostfixTemplateExpressionCondition$JavaPostfixTemplateNumberExpressionCondition
11989:             2             64  com.intellij.codeInspection.AnonymousHasLambdaAlternativeInspection$AnonymousLambdaAlternative
11990:             4             64  com.intellij.codeInspection.ExplicitTypeCanBeDiamondInspection$ReplaceWithDiamondFix
11991:             4             64  com.intellij.codeInspection.RemoveInitializerFix
11992:             4             64  com.intellij.codeInspection.bytecodeAnalysis.AbstractValues$NotNullValue
11993:             4             64  com.intellij.codeInspection.ex.InspectionProfileWrapper
11994:             2             64  com.intellij.compiler.CompileTaskBean
11995:             1             64  com.intellij.compiler.impl.CompileContextImpl
11996:             4             64  com.intellij.compiler.impl.ExitStatus
11997:             4             64  com.intellij.concurrency.ConcurrentHashMap$ValuesView
11998:             1             64  com.intellij.configurationStore.ModuleStateStorageManager$ModuleFileStorage
11999:             1             64  com.intellij.configurationStore.StoreAwareProjectManager
12000:             2             64  com.intellij.credentialStore.windows.W32API$DWORD
12001:             2             64  com.intellij.database.csv.CsvFormat
12002:             4             64  com.intellij.database.dataSource.DataSourceStorage$$Lambda$1310/616002385
12003:             4             64  com.intellij.database.model.LengthUnit
12004:             2             64  com.intellij.database.util.TokenPatternCache
12005:             4             64  com.intellij.debugger.impl.DebuggerManagerImpl$1
12006:             2             64  com.intellij.debugger.streams.action.TraceStreamAction$SupportedLibrary
12007:             2             64  com.intellij.debugger.streams.lib.impl.ConcatOperation
12008:             2             64  com.intellij.debugger.streams.lib.impl.OrderBasedOperation
12009:             2             64  com.intellij.debugger.streams.lib.impl.ParallelOperation
12010:             2             64  com.intellij.debugger.streams.lib.impl.StandardLibrarySupport
12011:             4             64  com.intellij.debugger.streams.resolve.CollapseResolver
12012:             4             64  com.intellij.debugger.streams.trace.impl.interpret.CollectIdentityTraceInterpreter
12013:             2             64  com.intellij.diff.actions.ShowDiffAction
12014:             4             64  com.intellij.dmserver.artifacts.DMArtifactTypeBase$ByExtensionFilter
12015:             2             64  com.intellij.execution.DefaultExecutionResult
12016:             4             64  com.intellij.execution.dashboard.tree.RunDashboardLinkMouseListenerBase$1
12017:             2             64  com.intellij.execution.filters.TextConsoleBuilderImpl
12018:             2             64  com.intellij.execution.impl.AsyncFilterRunner
12019:             4             64  com.intellij.execution.impl.ConsoleViewImpl$$Lambda$3001/1801403983
12020:             4             64  com.intellij.execution.impl.ConsoleViewImpl$1
12021:             2             64  com.intellij.execution.impl.ConsoleViewImpl$2
12022:             4             64  com.intellij.execution.impl.ConsoleViewImpl$4
12023:             4             64  com.intellij.execution.impl.ConsoleViewImpl$CommandLineFolding
12024:             4             64  com.intellij.execution.impl.ConsoleViewImpl$FlushRunnable
12025:             2             64  com.intellij.execution.impl.ConsoleViewRunningState
12026:             4             64  com.intellij.execution.impl.ConsoleViewUtil$1
12027:             2             64  com.intellij.execution.impl.ExecutionManagerKtImpl$startRunProfile$1
12028:             4             64  com.intellij.execution.impl.MyDiffContainer$MyOverlayLayout
12029:             4             64  com.intellij.execution.impl.MyDiffContainer$MyPanelLayout
12030:             2             64  com.intellij.execution.runners.GenericProgramRunnerKt$startRunProfile$$inlined$runProfileStarter$1
12031:             2             64  com.intellij.execution.runners.RunContentBuilder$ConsoleToFrontListener
12032:             2             64  com.intellij.execution.runners.RunTab$1
12033:             4             64  com.intellij.execution.startup.ProjectStartupLocalConfiguration
12034:             4             64  com.intellij.execution.startup.ProjectStartupSharedConfiguration
12035:             4             64  com.intellij.execution.ui.layout.impl.RunnerContentUi$1
12036:             4             64  com.intellij.execution.ui.layout.impl.RunnerContentUi$3
12037:             2             64  com.intellij.execution.ui.layout.impl.ViewImpl$Default
12038:             4             64  com.intellij.externalDependencies.impl.ExternalDependenciesManagerImpl$ExternalDependenciesState
12039:             4             64  com.intellij.facet.impl.ProjectFacetManagerImpl$ProjectFacetManagerState
12040:             4             64  com.intellij.freemarker.inspections.FtlErrorFilter
12041:             4             64  com.intellij.html.HtmlLineMarkerProvider
12042:             4             64  com.intellij.ide.DefaultTreeExpander
12043:             2             64  com.intellij.ide.GeneratedSourceFileChangeTrackerImpl$1
12044:             2             64  com.intellij.ide.browsers.chrome.ChromeSettings
12045:             1             64  com.intellij.ide.errorTreeView.ErrorTreeNodeDescriptor
12046:             4             64  com.intellij.ide.impl.ContentManagerWatcher$1
12047:             4             64  com.intellij.ide.impl.ContentManagerWatcher$2
12048:             4             64  com.intellij.j2meplugin.module.ExcludeExplodedDirectoryPolicy
12049:             4             64  com.intellij.javaee.ExternalResourceManagerExImpl$$Lambda$574/1516624713
12050:             2             64  com.intellij.javaee.StandardResourceEP
12051:             2             64  com.intellij.javaee.artifact.JavaeeArtifactUtilImpl$ContainingArtifactsCachedValueProvider
12052:             4             64  com.intellij.javaee.web.WebContextManagerImpl$State
12053:             1             64  com.intellij.javaee.web.facet.WebFacetImpl
12054:             4             64  com.intellij.javascript.nodejs.library.NodeModulesDirectoryManager$$Lambda$823/1184029042
12055:             4             64  com.intellij.javascript.nodejs.library.NodeModulesDirectoryManager$$Lambda$824/647303034
12056:             4             64  com.intellij.javascript.nodejs.library.NodeModulesExcludePolicy
12057:             2             64  com.intellij.javascript.nodejs.packageJson.PackageJsonDependenciesExternalUpdateManager
12058:             2             64  com.intellij.javascript.testFramework.qunit.DefaultQUnitModuleStructure
12059:             2             64  com.intellij.javascript.testFramework.qunit.QUnitFileStructure
12060:             4             64  com.intellij.lang.cacheBuilder.WordOccurrence$Kind
12061:             4             64  com.intellij.lang.css.CssDialectPusher
12062:             4             64  com.intellij.lang.documentation.CompositeDocumentationProvider
12063:             2             64  com.intellij.lang.javascript.JSInjectionBracesUtil$$Lambda$3269/1241038681
12064:             4             64  com.intellij.lang.javascript.StringInterpolationErrorFilter
12065:             4             64  com.intellij.lang.javascript.buildTools.webpack.WebPackConfigManager$config$1
12066:             4             64  com.intellij.lang.javascript.buildTools.webpack.WebPackNotifier
12067:             4             64  com.intellij.lang.javascript.dialects.JSLanguageLevelPusher
12068:             4             64  com.intellij.lang.javascript.frameworks.react.ReactHighlightVisitor
12069:             4             64  com.intellij.lang.javascript.linter.tslint.execution.TsLintConfigFileSearcher
12070:             4             64  com.intellij.lang.javascript.parsing.modifiers.JSOrderedModifiersStructure
12071:             2             64  com.intellij.lang.javascript.psi.controlflow.instruction.JSArrayModificationInstruction
12072:             2             64  com.intellij.lang.javascript.psi.controlflow.instruction.JSLoopJunctionInstruction
12073:             2             64  com.intellij.lang.javascript.psi.ecma6.impl.TypeScriptTypePredicateImpl
12074:             4             64  com.intellij.lang.javascript.psi.resolve.JSTypeEvaluator$$Lambda$4385/1276714791
12075:             4             64  com.intellij.lang.javascript.psi.resolve.context.JSApplyInstanceContextElement
12076:             2             64  com.intellij.lang.javascript.psi.util.JSTreeUtil$1
12077:             2             64  com.intellij.lang.typescript.library.TypeScriptServiceDirectoryWatcher
12078:             4             64  com.intellij.lang.typescript.settings.exclude.TypeScriptGeneratedFilesExcludePolicy
12079:             1             64  com.intellij.lexer.__XmlLexer
12080:             4             64  com.intellij.openapi.actionSystem.Anchor
12081:             4             64  com.intellij.openapi.application.impl.ModalityStateEx
12082:             2             64  com.intellij.openapi.command.impl.FinishMarkAction
12083:             4             64  com.intellij.openapi.command.impl.FocusBasedCurrentEditorProvider
12084:             2             64  com.intellij.openapi.command.impl.StartMarkAction
12085:             2             64  com.intellij.openapi.editor.actions.DeleteToWordStartAction$Handler
12086:             4             64  com.intellij.openapi.editor.colors.impl.AbstractColorsScheme$$Lambda$477/854109958
12087:             4             64  com.intellij.openapi.externalSystem.service.project.manage.ExternalProjectsDataStorage$State
12088:             2             64  com.intellij.openapi.fileChooser.ex.FileTextFieldImpl$4
12089:             4             64  com.intellij.openapi.fileEditor.impl.IdeDocumentHistoryImpl$RecentlyChangedFilesState
12090:             4             64  com.intellij.openapi.fileTypes.FileTypeEditorHighlighterProviders$1
12091:             4             64  com.intellij.openapi.fileTypes.WildcardFileNameMatcher$SuffixMatcher
12092:             1             64  com.intellij.openapi.keymap.impl.keyGestures.KeyboardGestureProcessor
12093:             4             64  com.intellij.openapi.module.impl.ModuleManagerComponent$$Lambda$466/882483616
12094:             4             64  com.intellij.openapi.module.impl.ModuleRenamingHistoryState
12095:             4             64  com.intellij.openapi.module.impl.UnloadedModulesListStorage
12096:             4             64  com.intellij.openapi.project.ExternalStorageConfigurationManager
12097:             2             64  com.intellij.openapi.roots.LanguageLevelState
12098:             2             64  com.intellij.openapi.roots.PersistentOrderRootType
12099:             4             64  com.intellij.openapi.roots.impl.DirectoryIndexImpl$1
12100:             4             64  com.intellij.openapi.roots.impl.DirectoryIndexImpl$2
12101:             4             64  com.intellij.openapi.roots.impl.DirectoryIndexImpl$3
12102:             4             64  com.intellij.openapi.roots.impl.ExcludeCompilerOutputPolicy
12103:             4             64  com.intellij.openapi.roots.impl.ProjectRootManagerComponent$1
12104:             4             64  com.intellij.openapi.roots.impl.ProjectRootManagerComponent$3
12105:             4             64  com.intellij.openapi.roots.impl.ProjectRootManagerComponent$4
12106:             4             64  com.intellij.openapi.roots.impl.ProjectRootManagerImpl$1
12107:             2             64  com.intellij.openapi.roots.impl.RootIndex$1
12108:             1             64  com.intellij.openapi.roots.impl.RootModelImpl
12109:             4             64  com.intellij.openapi.roots.ui.configuration.DefaultModulesProvider
12110:             4             64  com.intellij.openapi.roots.ui.configuration.actions.ModuleDeleteProvider
12111:             4             64  com.intellij.openapi.util.Conditions$1
12112:             2             64  com.intellij.openapi.util.io.UniqueNameBuilder
12113:             2             64  com.intellij.openapi.util.io.UniqueNameBuilder$Node
12114:             4             64  com.intellij.openapi.vcs.VcsConfiguration$AddRemoveInBackgroundOption
12115:             4             64  com.intellij.openapi.vcs.VcsConfiguration$CheckoutInBackgroundOption
12116:             4             64  com.intellij.openapi.vcs.VcsConfiguration$CommitInBackgroundOption
12117:             4             64  com.intellij.openapi.vcs.VcsConfiguration$EditInBackgroundOption
12118:             4             64  com.intellij.openapi.vcs.VcsConfiguration$UpdateInBackgroundOption
12119:             2             64  com.intellij.openapi.vcs.changes.ChangeListManagerSerialization$RevisionSide
12120:             4             64  com.intellij.openapi.vcs.changes.VcsAnnotationLocalChangesListenerImpl$$Lambda$488/844669893
12121:             4             64  com.intellij.openapi.vcs.changes.VcsAnnotationLocalChangesListenerImpl$1
12122:             4             64  com.intellij.openapi.vcs.changes.ui.ChangeListRemoteState
12123:             4             64  com.intellij.openapi.vcs.changes.ui.ChangesBrowserUnversionedFilesNode$$Lambda$2234/542311319
12124:             4             64  com.intellij.openapi.vcs.changes.ui.ChangesGroupingSupport$grouping$1
12125:             4             64  com.intellij.openapi.vcs.changes.ui.DirectoryChangesGroupingPolicy$Factory
12126:             4             64  com.intellij.openapi.vcs.impl.ProjectLevelVcsManagerImpl$1
12127:             4             64  com.intellij.openapi.vcs.impl.ProjectLevelVcsManagerImpl$2
12128:             4             64  com.intellij.openapi.vcs.impl.projectlevelman.FileWatchRequestsManager$$Lambda$483/497678597
12129:             4             64  com.intellij.openapi.vcs.impl.projectlevelman.NewMappings$$Lambda$484/2058295286
12130:             4             64  com.intellij.openapi.vcs.impl.projectlevelman.ProjectLevelVcsManagerSerialization
12131:             4             64  com.intellij.openapi.vcs.readOnlyHandler.ReadonlyStatusHandlerImpl$State
12132:             2             64  com.intellij.openapi.vfs.impl.ZipEntryMap
12133:             4             64  com.intellij.openapi.wm.ToolWindowAnchor
12134:             1             64  com.intellij.openapi.wm.impl.FocusManagerImpl
12135:             4             64  com.intellij.openapi.wm.impl.IdeGlassPaneImpl$$Lambda$361/1322059860
12136:             4             64  com.intellij.openapi.wm.impl.IdeGlassPaneImpl$$Lambda$362/1836994794
12137:             2             64  com.intellij.openapi.wm.impl.status.InfoAndProgressPanel$MyInlineProgressIndicator$2
12138:             4             64  com.intellij.packageDependencies.DependencyValidationManagerImpl$$Lambda$472/974844859
12139:             2             64  com.intellij.patterns.CollectionPattern$4
12140:             4             64  com.intellij.patterns.XmlElementPattern$XmlTextPattern$1
12141:             4             64  com.intellij.plugins.jboss.arquillian.configuration.persistent.ArquillianContainersState
12142:             4             64  com.intellij.plugins.jboss.arquillian.runConfiguration.ArquillianRunConfigurationCoordinator
12143:             4             64  com.intellij.pom.tree.TreeAspect
12144:             4             64  com.intellij.pom.wrappers.PsiEventWrapperAspect
12145:             4             64  com.intellij.profile.codeInspection.ProjectInspectionProfileManager$skipDefaultsSerializationFilter$1
12146:             4             64  com.intellij.psi.controlFlow.WriteVariableInstruction
12147:             4             64  com.intellij.psi.css.impl.util.completion.provider.CssAndOrKeywordsCompletionProvider
12148:             2             64  com.intellij.psi.css.impl.util.table.CssPropertyDescriptorImpl
12149:             4             64  com.intellij.psi.filters.position.TargetNamespaceFilter
12150:             4             64  com.intellij.psi.impl.file.impl.FileManagerImpl$1
12151:             2             64  com.intellij.psi.impl.java.stubs.JavaPackageAccessibilityStatementElementType
12152:             4             64  com.intellij.psi.impl.source.PsiJavaFileBaseImpl$1
12153:             4             64  com.intellij.psi.impl.source.PsiJavaFileBaseImpl$1$1
12154:             2             64  com.intellij.psi.impl.source.resolve.reference.impl.providers.JspImportListReferenceProvider
12155:             2             64  com.intellij.psi.impl.source.tree.JavaElementType$TypeTextElementType
12156:             2             64  com.intellij.psi.search.GlobalSearchScope$NotScope
12157:             2             64  com.intellij.psi.templateLanguages.TemplateDataElementType
12158:             4             64  com.intellij.psi.templateLanguages.TemplateDataLanguagePusher
12159:             2             64  com.intellij.psi.util.PsiCacheKey
12160:             2             64  com.intellij.refactoring.introduce.inplace.InplaceVariableIntroducer$MyIntroduceLookupExpression
12161:             2             64  com.intellij.refactoring.introduceVariable.IntroduceVariableBase$6
12162:             4             64  com.intellij.remoteServer.impl.configuration.RemoteServersManagerState
12163:             2             64  com.intellij.spellchecker.state.CachedDictionaryState
12164:             1             64  com.intellij.spring.boot.model.autoconfigure.conditions.jam.ConditionalOnEnabledResourceChain$$EnhancerByJetBrainsMainCglib$$8cb9db8a
12165:             1             64  com.intellij.spring.boot.model.autoconfigure.conditions.jam.ConditionalOnInitializedRestarter$$EnhancerByJetBrainsMainCglib$$4818f480
12166:             1             64  com.intellij.spring.boot.model.autoconfigure.conditions.jam.ConditionalOnResource$$EnhancerByJetBrainsMainCglib$$385fd206
12167:             1             64  com.intellij.spring.boot.model.autoconfigure.jam.AutoConfigureAfter$$EnhancerByJetBrainsMainCglib$$1440c5e
12168:             4             64  com.intellij.spring.boot.options.SpringBootSettingsImpl
12169:             2             64  com.intellij.spring.boot.run.SpringBootCommandLineState
12170:             4             64  com.intellij.spring.boot.run.lifecycle.tabs.HealthTab$1
12171:             4             64  com.intellij.spring.boot.run.lifecycle.tabs.RequestMappingsPanel$$Lambda$3015/1564447399
12172:             4             64  com.intellij.spring.boot.run.lifecycle.tabs.SpringBootApplicationEndpointsTab$2
12173:             4             64  com.intellij.spring.boot.run.lifecycle.tabs.SpringBootApplicationEndpointsTab$3
12174:             4             64  com.intellij.spring.boot.run.lifecycle.tabs.SpringBootApplicationEndpointsTab$4
12175:             2             64  com.intellij.spring.boot.run.lifecycle.tabs.SpringBootEndpointsTabSettings$Settings
12176:             2             64  com.intellij.spring.facet.beans.CustomSetting$BOOLEAN
12177:             4             64  com.intellij.spring.model.jam.testContexts.converters.ApplicationContextReferenceConverter
12178:             4             64  com.intellij.spring.settings.SpringGeneralSettingsImpl
12179:             4             64  com.intellij.spring.web.mvc.model.SpringMVCModelImpl$1$1
12180:             2             64  com.intellij.spring.webflow.model.impl.WebflowDomModelFactory
12181:             4             64  com.intellij.spring.webflow.navigation.WebflowRelatedItemLineMarkerProvider$MyRelatedDomItemProvider
12182:             4             64  com.intellij.spring.websocket.references.SpringMessagingReferenceProvider
12183:             4             64  com.intellij.sql.database.SqlDataSourceStorage$State
12184:             4             64  com.intellij.sql.dialects.generic.GenericDialectErrorFilter
12185:             2             64  com.intellij.sql.editor.SqlEditorOptionsProvider
12186:             4             64  com.intellij.sql.psi.SqlDialectPusher
12187:             2             64  com.intellij.sql.psi.stubs.SqlUseDatabaseStatementElementType
12188:             2             64  com.intellij.struts.inplace.reference.PathReferenceAdapter
12189:             1             64  com.intellij.struts.inplace.reference.StrutsReferenceContributor
12190:             2             64  com.intellij.struts.inplace.reference.config.RolesReferenceProvider
12191:             2             64  com.intellij.struts2.dom.struts.model.StrutsModelFactory
12192:             2             64  com.intellij.tapestry.intellij.TapestryModuleSupportLoader$ModuleConfiguration
12193:             4             64  com.intellij.tasks.jira.jql.codeinsight.JqlCompletionContributor$2
12194:             4             64  com.intellij.testIntegration.BaseGenerateTestSupportMethodAction$MyHandler
12195:             1             64  com.intellij.ui.BalloonLayoutImpl
12196:             2             64  com.intellij.ui.DottedBorder
12197:             4             64  com.intellij.ui.FinderRecursivePanel$$Lambda$3010/1114005849
12198:             4             64  com.intellij.ui.FinderRecursivePanel$1
12199:             4             64  com.intellij.ui.FinderRecursivePanel$2
12200:             1             64  com.intellij.ui.IconDeferrerImpl$1
12201:             4             64  com.intellij.ui.LightweightHint$MyEscListener
12202:             2             64  com.intellij.ui.TableToolbarDecorator$1MoveRunnable
12203:             2             64  com.intellij.ui.components.ScrollPainter$SubtractColor
12204:             4             64  com.intellij.ui.speedSearch.FilteringListModel$1
12205:             4             64  com.intellij.ui.speedSearch.ListWithFilter$$Lambda$3012/1336686700
12206:             4             64  com.intellij.ui.speedSearch.NameFilteringListModel$$Lambda$3013/304022881
12207:             4             64  com.intellij.ui.table.TableView$2
12208:             2             64  com.intellij.uml.project.actions.ShowModuleCyclesAction
12209:             2             64  com.intellij.uml.project.actions.ShowPathsToModuleAction
12210:             4             64  com.intellij.util.Alarm$2
12211:             2             64  com.intellij.util.IconUtil$2
12212:             4             64  com.intellij.util.MethodInvocator
12213:             2             64  com.intellij.util.SpinAllocator
12214:             4             64  com.intellij.util.concurrency.BoundedTaskExecutor$1
12215:             2             64  com.intellij.util.containers.FilteredTraverserBase$Cond
12216:             2             64  com.intellij.util.graph.DFSTBuilder$2$1$1
12217:             2             64  com.intellij.util.graph.DFSTBuilder$Tarjan$Frame
12218:             2             64  com.intellij.util.indexing.AdditionalIndexableFileSet
12219:             2             64  com.intellij.util.indexing.FileBasedIndexImpl$ProjectIndexableFilesFilter
12220:             1             64  com.intellij.util.io.PagePool
12221:             1             64  com.intellij.util.io.PagePool$1
12222:             1             64  com.intellij.util.io.PagePool$2
12223:             2             64  com.intellij.util.lang.IntObjectHashMap
12224:             1             64  com.intellij.util.messages.impl.MessageBusImpl$RootBus
12225:             2             64  com.intellij.util.text.CharArrayIterator
12226:             4             64  com.intellij.util.ui.UIUtil$11
12227:             4             64  com.intellij.util.xml.converters.values.BooleanValueConverter
12228:             4             64  com.intellij.util.xml.converters.values.CharacterValueConverter
12229:             4             64  com.intellij.util.xml.impl.DomServiceImpl$1$$Lambda$1630/1902996405
12230:             4             64  com.intellij.util.xml.impl.RootDomParentStrategy
12231:             1             64  com.intellij.util.xml.stubs.FileStub
12232:             2             64  com.intellij.vaadin.templates.VaadinTemplateNames
12233:             4             64  com.intellij.vcs.commit.CommitMessageInspectionProfile$CommitMessageInspectionToolSupplier
12234:             4             64  com.intellij.vcs.commit.CommitMessageInspectionProfile$State
12235:             2             64  com.intellij.vcs.log.data.DataPack
12236:             2             64  com.intellij.vcs.log.data.RefsModel
12237:             4             64  com.intellij.vcs.log.impl.VcsLogTabsProperties$State
12238:             4             64  com.intellij.velocity.inspections.VtlErrorFilter
12239:             2             64  com.intellij.velocity.psi.VtlCommentType
12240:             2             64  com.jediterm.terminal.TextStyle$1
12241:             1             64  com.jediterm.terminal.model.TerminalTextBuffer
12242:             4             64  com.jetbrains.jsonSchema.JsonSchemaMappingsProjectConfiguration$MyState
12243:             4             64  com.siyeh.ipp.modifiers.ModifierPredicate
12244:             4             64  com.siyeh.ipp.switchtoif.SwitchPredicate
12245:             2             64  com.sun.beans.util.Cache$CacheEntry
12246:             4             64  com.sun.java.swing.plaf.windows.WindowsIconFactory$FrameButtonIcon
12247:             1             64  com.sun.java.swing.plaf.windows.WindowsLookAndFeel
12248:             2             64  com.sun.jmx.mbeanserver.DefaultMXBeanMappingFactory$CollectionMapping
12249:             2             64  com.sun.jna.Pointer$Opaque
12250:             2             64  com.sun.jna.platform.win32.WinNT$HRESULT
12251:             4             64  com.sun.proxy.$Proxy128
12252:             4             64  com.sun.proxy.$Proxy136
12253:             4             64  com.sun.proxy.$Proxy142
12254:             4             64  com.sun.proxy.$Proxy152
12255:             4             64  com.sun.proxy.$Proxy155
12256:             4             64  com.sun.proxy.$Proxy172
12257:             4             64  com.sun.proxy.$Proxy186
12258:             4             64  com.sun.proxy.$Proxy187
12259:             4             64  com.sun.proxy.$Proxy19
12260:             4             64  com.sun.proxy.$Proxy66
12261:             4             64  com.sun.proxy.$Proxy67
12262:             4             64  com.sun.proxy.$Proxy68
12263:             4             64  com.sun.proxy.$Proxy75
12264:             4             64  com.sun.proxy.$Proxy81
12265:             4             64  com.sun.proxy.$Proxy82
12266:             4             64  com.sun.proxy.$Proxy86
12267:             4             64  com.sun.proxy.$Proxy87
12268:             4             64  com.sun.proxy.$Proxy88
12269:             4             64  com.sun.proxy.$Proxy97
12270:             4             64  com.sun.tools.jdi.SharedMemoryTransportService
12271:             4             64  com.sun.xml.internal.bind.v2.model.impl.ModelBuilder$1
12272:             4             64  com.sun.xml.internal.bind.v2.model.impl.TypeInfoSetImpl$1
12273:             4             64  com.sun.xml.internal.bind.v2.runtime.IllegalAnnotationsException$Builder
12274:             4             64  com.theoryinpractice.testng.TestNGReferenceContributor$TestAnnotationFilter
12275:             2             64  com.zeroturnaround.http.ProxySelector
12276:             2             64  com.zeroturnaround.javarebel.idea.plugin.settings.JRebelSettings
12277:             4             64  com.zeroturnaround.javarebel.idea.plugin.settings.state.JRebelProjectProperties
12278:             2             64  dk.brics.automaton.Automaton
12279:             1             64  freemarker.core.IteratorBlock
12280:             2             64  freemarker.ext.beans.ClassIntrospectorBuilder
12281:             4             64  git4idea.GitLocalBranch
12282:             4             64  git4idea.config.GitSharedSettings$State
12283:             4             64  git4idea.repo.GitHooksInfo
12284:             1             64  git4idea.repo.GitUntrackedFilesHolder
12285:             2             64  io.netty.buffer.EmptyByteBuf
12286:             1             64  io.netty.buffer.PooledByteBufAllocator
12287:             2             64  io.netty.util.Signal$SignalConstant
12288:             2             64  io.netty.util.concurrent.DefaultThreadFactory
12289:             2             64  java.awt.DefaultFocusTraversalPolicy
12290:             1             64  java.awt.image.ColorConvertOp
12291:             2             64  java.io.FileNotFoundException
12292:             2             64  java.io.PrintStream
12293:             2             64  java.lang.ClassValue$Entry
12294:             2             64  java.lang.NoSuchMethodException
12295:             2             64  java.lang.VirtualMachineError
12296:             2             64  java.lang.ref.ReferenceQueue$Null
12297:             2             64  java.nio.channels.Channels$1
12298:             2             64  java.time.format.DateTimeFormatterBuilder$TextPrinterParser
12299:             2             64  java.time.temporal.IsoFields$Unit
12300:             2             64  java.util.concurrent.CancellationException
12301:             4             64  java.util.concurrent.CountDownLatch
12302:             4             64  java.util.concurrent.SynchronousQueue$TransferStack
12303:             1             64  java.util.stream.SortedOps$OfRef
12304:             2             64  javax.swing.ActionPropertyChangeListener$OwnedWeakReference
12305:             1             64  javax.swing.MultiUIDefaults
12306:             2             64  javax.swing.border.BevelBorder
12307:             2             64  javax.swing.plaf.BorderUIResource$EmptyBorderUIResource
12308:             1             64  javax.swing.plaf.basic.BasicHTML$BasicEditorKit
12309:             2             64  javax.swing.plaf.metal.MetalLookAndFeel$AATextListener
12310:             2             64  javax.swing.text.DefaultEditorKit$BeginAction
12311:             2             64  javax.swing.text.DefaultEditorKit$EndAction
12312:             2             64  javax.swing.text.DefaultEditorKit$NextWordAction
12313:             2             64  javax.swing.text.DefaultEditorKit$PageAction
12314:             2             64  javax.swing.text.DefaultEditorKit$PreviousWordAction
12315:             4             64  javax.swing.text.StyleConstants
12316:             4             64  javax.swing.text.StyleConstants$FontConstants
12317:             2             64  javax.swing.text.html.HTMLEditorKit$BeginAction
12318:             2             64  javax.swing.text.html.HTMLEditorKit$NavigateLinkAction
12319:             2             64  kotlin.reflect.jvm.internal.impl.builtins.BuiltInsBinaryVersion
12320:             1             64  kotlin.reflect.jvm.internal.impl.descriptors.impl.TypeParameterDescriptorImpl
12321:             2             64  kotlin.reflect.jvm.internal.impl.load.java.JvmBytecodeBinaryVersion
12322:             1             64  kotlin.reflect.jvm.internal.impl.serialization.deserialization.descriptors.DeserializedClassDescriptor$DeserializedClassMemberScope
12323:             1             64  kotlin.reflect.jvm.internal.impl.serialization.deserialization.descriptors.DeserializedPackageMemberScope
12324:             1             64  kotlin.reflect.jvm.internal.impl.serialization.jvm.JvmProtoBuf$StringTableTypes$Record
12325:             2             64  kotlin.reflect.jvm.internal.impl.types.ClassTypeConstructorImpl
12326:             1             64  kotlin.reflect.jvm.internal.impl.types.ErrorUtils$ErrorClassDescriptor
12327:             4             64  kotlin.reflect.jvm.internal.pcollections.IntTreePMap
12328:             4             64  net.sourceforge.pmd.util.TypeMap
12329:             1             64  org.apache.commons.collections.map.LRUMap
12330:             2             64  org.apache.log4j.varia.LevelRangeFilter
12331:             1             64  org.apache.velocity.runtime.directive.Foreach
12332:             4             64  org.apache.velocity.util.introspection.MethodMap
12333:             1             64  org.apache.xerces.impl.xs.SchemaGrammar$XSAnyType
12334:             4             64  org.apache.xerces.jaxp.validation.ReadOnlyGrammarPool
12335:             4             64  org.intellij.idea.lang.javascript.intention.number.JSConvertIntegerIntentionBase$ConvertPredicate
12336:             4             64  org.intellij.lang.regexp.inspection.RedundantEscapeInspection$RemoveRedundantEscapeFix
12337:             4             64  org.intellij.lang.xpath.completion.XPathCompletionContributor$9
12338:             4             64  org.intellij.lang.xpath.xslt.validation.inspections.UnusedElementInspection$MyVisitor
12339:             4             64  org.intellij.plugins.intelliLang.Configuration$$Lambda$1929/981628256
12340:             4             64  org.intellij.plugins.intelliLang.inject.FrankensteinErrorFilter
12341:             2             64  org.intellij.plugins.xpathView.support.jaxen.PsiXPath
12342:             2             64  org.jaxen.ContextSupport
12343:             2             64  org.jaxen.expr.DefaultNameStep
12344:             4             64  org.jdom.output.Format$TextMode
12345:             2             64  org.jetbrains.idea.maven.importing.MavenSourceFoldersModuleExtension
12346:             4             64  org.jetbrains.idea.maven.project.MavenModificationTracker$1
12347:             2             64  org.jetbrains.idea.maven.server.MavenServerManager$State
12348:             2             64  org.jetbrains.io.BuiltInServer$1
12349:             4             64  org.jetbrains.jps.model.JpsElementChildRole
12350:             4             64  org.jetbrains.jps.model.serialization.artifact.ArtifactManagerState
12351:             2             64  org.jetbrains.kotlin.KtNodeType$KtLeftBoundNodeType
12352:             2             64  org.jetbrains.kotlin.builtins.BuiltInsBinaryVersion
12353:             2             64  org.jetbrains.kotlin.builtins.BuiltInsInitializer
12354:             2             64  org.jetbrains.kotlin.builtins.KotlinBuiltIns$PackageFragments
12355:             2             64  org.jetbrains.kotlin.config.JvmTarget
12356:             2             64  org.jetbrains.kotlin.descriptors.NotFoundClasses
12357:             1             64  org.jetbrains.kotlin.descriptors.impl.TypeParameterDescriptorImpl
12358:             2             64  org.jetbrains.kotlin.idea.caches.resolve.KotlinCacheServiceImpl$kotlinSuppressCache$1$1
12359:             4             64  org.jetbrains.kotlin.idea.compiler.configuration.KotlinCompilerWorkspaceSettings
12360:             2             64  org.jetbrains.kotlin.idea.configuration.RepositoryDescription
12361:             2             64  org.jetbrains.kotlin.idea.decompiler.common.KotlinMetadataStubBuilder
12362:             2             64  org.jetbrains.kotlin.idea.findUsages.KotlinFindUsagesHandlerFactory
12363:             4             64  org.jetbrains.kotlin.idea.maven.KotlinImporterComponent$State
12364:             2             64  org.jetbrains.kotlin.idea.maven.actions.KotlinMavenExecutionProvider
12365:             2             64  org.jetbrains.kotlin.idea.versions.DeprecatedLibInfo
12366:             2             64  org.jetbrains.kotlin.idea.vfilefinder.KotlinMetadataFileIndex
12367:             2             64  org.jetbrains.kotlin.idea.vfilefinder.KotlinMetadataFilePackageIndex
12368:             1             64  org.jetbrains.kotlin.js.resolve.JsPlatformConfigurator
12369:             2             64  org.jetbrains.kotlin.load.java.JvmBytecodeBinaryVersion
12370:             2             64  org.jetbrains.kotlin.load.java.lazy.types.JavaTypeAttributes
12371:             4             64  org.jetbrains.kotlin.protobuf.ExtensionRegistryLite
12372:             1             64  org.jetbrains.kotlin.resolve.TargetPlatform$Common$platformConfigurator$1
12373:             1             64  org.jetbrains.kotlin.resolve.jvm.platform.JvmPlatformConfigurator
12374:             2             64  org.jetbrains.kotlin.types.ClassTypeConstructorImpl
12375:             1             64  org.jetbrains.kotlin.types.ErrorUtils$ErrorClassDescriptor
12376:             4             64  org.jetbrains.kotlin.types.TypeSubstitutor
12377:             2             64  org.jetbrains.kotlin.utils.JsMetadataVersion
12378:             2             64  org.jetbrains.osgi.jps.model.LibraryBundlificationRule
12379:             4             64  org.jetbrains.plugins.gradle.settings.GradleSettings$MyState
12380:             4             64  org.jetbrains.plugins.grails.util.GrailsPluginCondition
12381:             4             64  org.jetbrains.plugins.groovy.annotator.intentions.dynamic.elements.DRootElement
12382:             2             64  org.jetbrains.plugins.groovy.codeInspection.bugs.GrRemoveModifierFix
12383:             2             64  org.jetbrains.plugins.groovy.findUsages.GroovyFieldFindUsagesHandlerFactory
12384:             2             64  org.jetbrains.plugins.haml.psi.HamlWrapperTokenType
12385:             4             64  org.jetbrains.plugins.javaFX.indexing.JavaFxControllerClassIndex$MyInputFilter
12386:             2             64  org.jetbrains.plugins.sass.extensions.compass.CompassSettings
12387:             2             64  org.jetbrains.plugins.scss.psi.SassScssFileElementType
12388:             2             64  org.jetbrains.plugins.terminal.TerminalOptionsProvider$State
12389:             2             64  org.xml.sax.InputSource
12390:             1             64  sun.awt.windows.WDropTargetContextPeer
12391:             1             64  sun.font.GlyphLayout
12392:             2             64  sun.java2d.cmm.lcms.LCMSProfile
12393:             1             64  sun.java2d.marlin.Curve
12394:             2             64  sun.java2d.marlin.TransformingPathConsumer2D$DeltaTransformFilter
12395:             2             64  sun.management.NotificationEmitterSupport$ListenerInfo
12396:             2             64  sun.misc.GC$LatencyRequest
12397:             2             64  sun.misc.SoftCache
12398:             4             64  sun.net.www.protocol.jar.Handler
12399:             2             64  sun.nio.ch.AllocatedNativeObject
12400:             2             64  sun.nio.ch.PollArrayWrapper
12401:             2             64  sun.nio.ch.WindowsSelectorImpl$SubSelector
12402:             2             64  sun.rmi.transport.DGCClient$EndpointEntry$RefEntry
12403:             2             64  sun.rmi.transport.DGCClient$EndpointEntry$RefEntry$PhantomLiveRef
12404:             2             64  sun.rmi.transport.DGCClient$EndpointEntry$RenewCleanThread$1
12405:             4             64  sun.security.util.DisabledAlgorithmConstraints$Constraints
12406:             2             64  sun.security.x509.PolicyMappingsExtension
12407:             2             64  sun.security.x509.PrivateKeyUsageExtension
12408:             2             64  sun.swing.ImageCache$Entry
12409:             2             64  sun.text.CompactByteArray
12410:             2             64  sun.util.locale.UnicodeLocaleExtension
12411:             1             56  [Lcom.google.gson.stream.JsonToken;
12412:             1             56  [Lcom.google.gson.stream.JsonToken;
12413:             1             56  [Lcom.intellij.cloudConfig.StatusInfo;
12414:             1             56  [Lcom.intellij.codeInsight.editorActions.CopyPastePostProcessor;
12415:             1             56  [Lcom.intellij.codeInspection.ProblemHighlightType;
12416:             1             56  [Lcom.intellij.codeInspection.reference.EntryPoint;
12417:             1             56  [Lcom.intellij.execution.filters.ConsoleFilterProvider;
12418:             3             56  [Lcom.intellij.execution.process.ProcessHandler;
12419:             2             56  [Lcom.intellij.ide.PasteProvider;
12420:             1             56  [Lcom.intellij.ide.b.u;
12421:             1             56  [Lcom.intellij.ide.navigationToolbar.NavBarKeyboardCommand;
12422:             1             56  [Lcom.intellij.ide.navigationToolbar.NavBarUpdateQueue$ID;
12423:             1             56  [Lcom.intellij.ide.navigationToolbar.ui.AbstractNavBarUI$ImageType;
12424:             1             56  [Lcom.intellij.ide.ui.search.SearchableOptionContributor;
12425:             1             56  [Lcom.intellij.javaee.ejb.role.EjbClassRoleEnum;
12426:             1             56  [Lcom.intellij.lang.documentation.DocumentationProvider;
12427:             1             56  [Lcom.intellij.lang.javascript.dialects.JSLanguageLevel;
12428:             2             56  [Lcom.intellij.lang.jvm.JvmClassKind;
12429:             2             56  [Lcom.intellij.openapi.util.Couple;
12430:             3             56  [Lcom.intellij.packaging.artifacts.Artifact;
12431:             1             56  [Lcom.intellij.patterns.compiler.PatternClassBean;
12432:             1             56  [Lcom.intellij.patterns.compiler.PatternCompilerImpl$State;
12433:             1             56  [Lcom.intellij.plugins.drools.lang.psi.util.processors.DroolsDeclarationsProcessor;
12434:             1             56  [Lcom.intellij.psi.css.CssElementDescriptorProvider;
12435:             1             56  [Lcom.intellij.psi.css.browse.ColorDeclarationType;
12436:             1             56  [Lcom.intellij.psi.css.descriptor.CssElementDescriptor$CssVersion;
12437:             1             56  [Lcom.intellij.psi.impl.source.codeStyle.javadoc.JDTag;
12438:             2             56  [Lcom.intellij.spring.boot.application.metadata.SpringBootApplicationMetaConfigKey$AccessType;
12439:             1             56  [Lcom.intellij.spring.dom.SpringCustomNamespaces;
12440:             1             56  [Lcom.intellij.spring.factories.ObjectTypeResolver;
12441:             1             56  [Lcom.rover12421.exTENdS.syNCHRonIzEd.syNCHRonIzEd;
12442:             1             56  [Ljavassist.CtClass;
12443:             1             56  [Lkotlin.reflect.jvm.internal.impl.descriptors.annotations.AnnotationUseSiteTarget;
12444:             1             56  [Lkotlin.reflect.jvm.internal.impl.protobuf.WireFormat$JavaType;
12445:             1             56  [Lorg.apache.xerces.impl.dv.XSSimpleType;
12446:             1             56  [Lorg.apache.xerces.impl.xs.util.XInt;
12447:             1             56  [Lorg.intellij.lang.regexp.psi.RegExpBoundary$Type;
12448:             1             56  [Lorg.jetbrains.kotlin.descriptors.annotations.AnnotationUseSiteTarget;
12449:             1             56  [Lorg.jetbrains.kotlin.protobuf.WireFormat$JavaType;
12450:             1             56  [Lorg.jetbrains.kotlin.renderer.DescriptorRendererModifier;
12451:             1             56  [Lorg.jetbrains.kotlin.util.slicedMap.WritableSlice;
12452:             2             56  [Lorg.zeroturnaround.bundled.org.bouncycastle.asn1.ASN1ObjectIdentifier;
12453:             1             56  [Lorg.zeroturnaround.javarebel.LicenceType;
12454:             1             56  [Lsun.util.logging.PlatformLogger$Level;
12455:             1             56  [[Lsun.awt.SunHints$Value;
12456:             1             56  com.alibaba.p3c.pmd.lang.java.util.namelist.NameListServiceImpl$LinkedProperties
12457:             1             56  com.android.repository.impl.meta.RepositoryPackages
12458:             1             56  com.android.tools.idea.dom.xml.PathsDomFileDescription
12459:             1             56  com.intellij.a.g.a.a
12460:             1             56  com.intellij.codeHighlighting.HighlightDisplayLevel$MyColorIcon
12461:             1             56  com.intellij.codeInsight.daemon.impl.DefaultHighlightInfoProcessor$$Lambda$1909/406521980
12462:             1             56  com.intellij.codeInsight.daemon.impl.DefaultHighlightInfoProcessor$$Lambda$1910/2111427184
12463:             1             56  com.intellij.compiler.server.BuildManager$$Lambda$843/199190376
12464:             1             56  com.intellij.compiler.server.BuildManager$$Lambda$847/1743943264
12465:             1             56  com.intellij.configurationStore.DefaultProjectStorage
12466:             1             56  com.intellij.database.dataSource.DataSourceStorage$App
12467:             1             56  com.intellij.database.dataSource.srcStorage.backend.DbSrcBackendUtils$1
12468:             1             56  com.intellij.find.findUsages.UsageHistory$1
12469:             1             56  com.intellij.find.impl.FindManagerImpl
12470:             1             56  com.intellij.ide.actionMacro.ActionMacroManager
12471:             1             56  com.intellij.ide.actions.SmartPopupActionGroup
12472:             1             56  com.intellij.ide.fileTemplates.impl.ExportableFileTemplateSettings
12473:             1             56  com.intellij.idea.RareLogger$1
12474:             1             56  com.intellij.javaee.oss.geronimo.server.GeronimoAppDescription
12475:             1             56  com.intellij.javaee.oss.geronimo.server.GeronimoEjbDescription
12476:             1             56  com.intellij.javaee.oss.geronimo.server.GeronimoWebDescription
12477:             1             56  com.intellij.javaee.oss.glassfish.server.GlassfishCmpDescription
12478:             1             56  com.intellij.javaee.oss.glassfish.server.GlassfishOracleAppDescription
12479:             1             56  com.intellij.javaee.oss.glassfish.server.GlassfishOracleEjbDescription
12480:             1             56  com.intellij.javaee.oss.glassfish.server.GlassfishOracleWebDescription
12481:             1             56  com.intellij.javaee.oss.glassfish.server.GlassfishSunAppDescription
12482:             1             56  com.intellij.javaee.oss.glassfish.server.GlassfishSunEjbDescription
12483:             1             56  com.intellij.javaee.oss.glassfish.server.GlassfishSunWebDescription
12484:             1             56  com.intellij.javaee.oss.jboss.server.JBossAppDescription
12485:             1             56  com.intellij.javaee.oss.jboss.server.JBossCmpDescription
12486:             1             56  com.intellij.javaee.oss.jboss.server.JBossEjbDescription
12487:             1             56  com.intellij.javaee.oss.jboss.server.JBossWebDescription
12488:             1             56  com.intellij.lang.javascript.linter.eslint.service.ESLintLanguageService
12489:             1             56  com.intellij.lang.javascript.linter.eslint.service.StandardJSService
12490:             1             56  com.intellij.lang.javascript.linter.tslint.service.TsLintLanguageService
12491:             1             56  com.intellij.openapi.editor.impl.event.EditorEventMulticasterImpl
12492:             1             56  com.intellij.openapi.externalSystem.service.project.autoimport.ExternalSystemProjectsWatcherImpl
12493:             1             56  com.intellij.openapi.keymap.impl.IdeKeyEventDispatcher
12494:             1             56  com.intellij.openapi.roots.impl.ModuleJdkOrderEntryImpl
12495:             1             56  com.intellij.openapi.vcs.actions.VcsGroupsWrapper
12496:             1             56  com.intellij.openapi.vfs.impl.jar.BasicJarHandler$1
12497:             1             56  com.intellij.openapi.vfs.impl.local.NativeFileWatcherImpl
12498:             1             56  com.intellij.openapi.vfs.newvfs.impl.UserDataInterner$1
12499:             1             56  com.intellij.openapi.wm.impl.IdeMenuBar$MyAnimator
12500:             1             56  com.intellij.openapi.wm.impl.ProjectWindowActionGroup
12501:             1             56  com.intellij.openapi.wm.impl.WindowManagerImpl
12502:             1             56  com.intellij.psi.impl.source.tree.java.PsiDoWhileStatementImpl
12503:             1             56  com.intellij.psi.impl.source.xml.XmlDoctypeImpl
12504:             1             56  com.intellij.psi.impl.source.xml.XmlProcessingInstructionImpl
12505:             1             56  com.intellij.psi.stubs.StubUpdatingIndex$3$1
12506:             1             56  com.intellij.sql.dialects.db2.Db2Dialect
12507:             1             56  com.intellij.sql.dialects.derby.DerbyDialect
12508:             1             56  com.intellij.sql.dialects.exasol.ExasolDialect
12509:             1             56  com.intellij.sql.dialects.generic.GenericDialect
12510:             1             56  com.intellij.sql.dialects.h2.H2Dialect
12511:             1             56  com.intellij.sql.dialects.hsqldb.HsqldbDialect
12512:             1             56  com.intellij.sql.dialects.mssql.MssqlDialect
12513:             1             56  com.intellij.sql.dialects.mysql.MysqlDialect
12514:             1             56  com.intellij.sql.dialects.oracle.OracleDialect
12515:             1             56  com.intellij.sql.dialects.oracle.plus.OrapDialect
12516:             1             56  com.intellij.sql.dialects.postgres.PostgresDialect
12517:             1             56  com.intellij.sql.dialects.postgres.PostgresDialect$PlDialect
12518:             1             56  com.intellij.sql.dialects.redshift.RedshiftDialect
12519:             1             56  com.intellij.sql.dialects.sql92.Sql92Dialect
12520:             1             56  com.intellij.sql.dialects.sqlite.SqliteDialect
12521:             1             56  com.intellij.sql.dialects.sybase.SybaseDialect
12522:             1             56  com.intellij.struts.ValidatorDomFactory
12523:             1             56  com.intellij.struts.dom.StrutsDomFileDescription
12524:             1             56  com.intellij.struts.dom.TilesDomFileDescription
12525:             1             56  com.intellij.struts.dom.ValidatorDomFileDescription
12526:             1             56  com.intellij.tapestry.core.TapestryProject
12527:             1             56  com.intellij.ui.popup.AbstractPopup$3
12528:             1             56  com.intellij.ui.stripe.ErrorStripePainter
12529:             1             56  com.intellij.uiDesigner.GuiDesignerConfigurable$1
12530:             1             56  com.intellij.util.JdomKt$getSaxBuilder$1
12531:             1             56  com.intellij.util.PausesStat
12532:             1             56  com.intellij.util.containers.ConcurrentIntObjectHashMap$EntryIterator
12533:             1             56  com.intellij.util.graph.DFSTBuilder$Tarjan
12534:             1             56  com.intellij.util.indexing.FileBasedIndexImpl$ChangedFilesCollector
12535:             1             56  com.intellij.util.io.PagedFileStorage$StorageLock
12536:             1             56  com.intellij.util.io.PagedFileStorage$StorageLock$1
12537:             1             56  com.intellij.vcs.log.data.VcsLogRefresherImpl
12538:             1             56  com.intellij.vcs.log.graph.GraphColorManagerImpl$HeadsComparator$1
12539:             1             56  com.jetbrains.ls.data.LicenseData
12540:             1             56  com.sun.tools.javac.main.Option$1
12541:             1             56  com.sun.tools.javac.main.Option$10
12542:             1             56  com.sun.tools.javac.main.Option$11
12543:             1             56  com.sun.tools.javac.main.Option$12
12544:             1             56  com.sun.tools.javac.main.Option$13
12545:             1             56  com.sun.tools.javac.main.Option$14
12546:             1             56  com.sun.tools.javac.main.Option$15
12547:             1             56  com.sun.tools.javac.main.Option$16
12548:             1             56  com.sun.tools.javac.main.Option$17
12549:             1             56  com.sun.tools.javac.main.Option$18
12550:             1             56  com.sun.tools.javac.main.Option$19
12551:             1             56  com.sun.tools.javac.main.Option$2
12552:             1             56  com.sun.tools.javac.main.Option$20
12553:             1             56  com.sun.tools.javac.main.Option$21
12554:             1             56  com.sun.tools.javac.main.Option$22
12555:             1             56  com.sun.tools.javac.main.Option$23
12556:             1             56  com.sun.tools.javac.main.Option$24
12557:             1             56  com.sun.tools.javac.main.Option$25
12558:             1             56  com.sun.tools.javac.main.Option$26
12559:             1             56  com.sun.tools.javac.main.Option$27
12560:             1             56  com.sun.tools.javac.main.Option$3
12561:             1             56  com.sun.tools.javac.main.Option$4
12562:             1             56  com.sun.tools.javac.main.Option$5
12563:             1             56  com.sun.tools.javac.main.Option$6
12564:             1             56  com.sun.tools.javac.main.Option$7
12565:             1             56  com.sun.tools.javac.main.Option$8
12566:             1             56  com.sun.tools.javac.main.Option$9
12567:             1             56  freemarker.core.ConditionalBlock
12568:             1             56  git4idea.repo.GitRepositoryImpl
12569:             1             56  io.netty.util.concurrent.GlobalEventExecutor
12570:             1             56  io.netty.util.concurrent.ScheduledFutureTask
12571:             1             56  java.lang.invoke.LambdaFormEditor$Transform
12572:             1             56  java.security.cert.PKIXBuilderParameters
12573:             1             56  java.util.concurrent.ConcurrentHashMap$KeySpliterator
12574:             1             56  java.util.logging.LogManager
12575:             1             56  kotlin.reflect.jvm.internal.impl.builtins.BuiltInSerializerProtocol
12576:             1             56  kotlin.reflect.jvm.internal.impl.descriptors.impl.ModuleDescriptorImpl
12577:             1             56  org.apache.commons.logging.impl.WeakHashtable
12578:             1             56  org.apache.http.impl.client.InternalHttpClient
12579:             1             56  org.apache.http.impl.execchain.MainClientExec
12580:             1             56  org.apache.http.impl.io.SessionInputBufferImpl
12581:             1             56  org.jetbrains.android.actions.CreateResourceFileActionGroup
12582:             1             56  org.jetbrains.android.dom.animation.fileDescriptions.GridLayoutAnimationControllerDomFileDescription
12583:             1             56  org.jetbrains.android.dom.animation.fileDescriptions.InterpolatorDomFileDescription
12584:             1             56  org.jetbrains.android.dom.animation.fileDescriptions.LayoutAnimationControllerDomFileDescription
12585:             1             56  org.jetbrains.android.dom.animation.fileDescriptions.TweenAlphaFileDescription
12586:             1             56  org.jetbrains.android.dom.animation.fileDescriptions.TweenRotateFileDescription
12587:             1             56  org.jetbrains.android.dom.animation.fileDescriptions.TweenScaleFileDescription
12588:             1             56  org.jetbrains.android.dom.animation.fileDescriptions.TweenSetFileDescription
12589:             1             56  org.jetbrains.android.dom.animation.fileDescriptions.TweenTranslateFileDescription
12590:             1             56  org.jetbrains.android.dom.animator.fileDescriptions.AnimatorDomFileDescription
12591:             1             56  org.jetbrains.android.dom.animator.fileDescriptions.AnimatorSetDomFileDescription
12592:             1             56  org.jetbrains.android.dom.animator.fileDescriptions.AnimatorStateListDomFileDescription
12593:             1             56  org.jetbrains.android.dom.animator.fileDescriptions.ObjectAnimatorDomFileDescription
12594:             1             56  org.jetbrains.android.dom.color.ColorDomFileDescription
12595:             1             56  org.jetbrains.android.dom.drawable.fileDescriptions.AdaptiveIconDomFileDescription
12596:             1             56  org.jetbrains.android.dom.drawable.fileDescriptions.AnimatedRotateDomFileDescription
12597:             1             56  org.jetbrains.android.dom.drawable.fileDescriptions.AnimatedStateListDomFileDescription
12598:             1             56  org.jetbrains.android.dom.drawable.fileDescriptions.AnimatedVectorDomFileDescription
12599:             1             56  org.jetbrains.android.dom.drawable.fileDescriptions.AnimationListDomFileDescription
12600:             1             56  org.jetbrains.android.dom.drawable.fileDescriptions.BitmapDomFileDescription
12601:             1             56  org.jetbrains.android.dom.drawable.fileDescriptions.ClipDomFileDescription
12602:             1             56  org.jetbrains.android.dom.drawable.fileDescriptions.ColorDrawableDomFileDescription
12603:             1             56  org.jetbrains.android.dom.drawable.fileDescriptions.CustomDrawableDomFileDescription
12604:             1             56  org.jetbrains.android.dom.drawable.fileDescriptions.DrawableStateListDomFileDescription
12605:             1             56  org.jetbrains.android.dom.drawable.fileDescriptions.InsetDomFileDescription
12606:             1             56  org.jetbrains.android.dom.drawable.fileDescriptions.LayerListDomFileDescription
12607:             1             56  org.jetbrains.android.dom.drawable.fileDescriptions.LevelListDomFileDescription
12608:             1             56  org.jetbrains.android.dom.drawable.fileDescriptions.NinePatchDomFileDescription
12609:             1             56  org.jetbrains.android.dom.drawable.fileDescriptions.RippleDomFileDescription
12610:             1             56  org.jetbrains.android.dom.drawable.fileDescriptions.RotateDomFileDescription
12611:             1             56  org.jetbrains.android.dom.drawable.fileDescriptions.ScaleDomFileDescription
12612:             1             56  org.jetbrains.android.dom.drawable.fileDescriptions.ShapeDomFileDescription
12613:             1             56  org.jetbrains.android.dom.drawable.fileDescriptions.VectorDomFileDescription
12614:             1             56  org.jetbrains.android.dom.font.FontFamilyDomFileDescription
12615:             1             56  org.jetbrains.android.dom.layout.DataBindingDomFileDescription
12616:             1             56  org.jetbrains.android.dom.layout.FragmentLayoutDomFileDescription
12617:             1             56  org.jetbrains.android.dom.layout.ViewLayoutDomFileDescription
12618:             1             56  org.jetbrains.android.dom.menu.MenuDomFileDescription
12619:             1             56  org.jetbrains.android.dom.navigation.NavigationDomFileDescription
12620:             1             56  org.jetbrains.android.dom.raw.RawDomFileDescription
12621:             1             56  org.jetbrains.android.dom.transition.TransitionDomFileDescription
12622:             1             56  org.jetbrains.android.dom.transitionManager.TransitionManagerDomFileDescription
12623:             1             56  org.jetbrains.android.dom.xml.XmlResourceDomFileDescription
12624:             1             56  org.jetbrains.kotlin.builtins.BuiltInSerializerProtocol
12625:             1             56  org.jetbrains.kotlin.serialization.js.JsSerializerProtocol
12626:             1             56  org.jetbrains.settingsRepository.IcsManager
12627:             1             56  org.zeroturnaround.jrebel.client.licensing.Watcher
12628:             1             56  sun.awt.AppContext
12629:             1             56  sun.awt.TimedWindowEvent
12630:             1             56  sun.awt.im.ExecutableInputMethodManager
12631:             1             56  sun.awt.windows.WClipboard
12632:             1             56  sun.java2d.NullSurfaceData
12633:             1             56  sun.rmi.runtime.Log$InternalStreamHandler
12634:             1             56  sun.text.normalizer.UCharacterProperty
12635:             3             48  [Lch.qos.logback.core.filter.Filter;
12636:             1             48  [Lcom.android.tools.idea.res.ResourceHelper$UnitEntry;
12637:             1             48  [Lcom.google.protobuf.GeneratedMessageLite$MethodToInvoke;
12638:             2             48  [Lcom.intellij.beanValidation.highlighting.checkers.BvChecker;
12639:             2             48  [Lcom.intellij.codeInsight.daemon.impl.analysis.XmlNSColorProvider;
12640:             1             48  [Lcom.intellij.codeInsight.daemon.impl.quickfix.WrapWithAdapterMethodCallFix$Wrapper;
12641:             2             48  [Lcom.intellij.codeInsight.folding.impl.ElementSignatureProvider;
12642:             2             48  [Lcom.intellij.codeInsight.generation.PsiElementClassMember;
12643:             2             48  [Lcom.intellij.codeInsight.runner.JavaMainMethodProvider;
12644:             2             48  [Lcom.intellij.codeInspection.bulkOperation.BulkMethodInfo;
12645:             1             48  [Lcom.intellij.codeInspection.bytecodeAnalysis.Value;
12646:             2             48  [Lcom.intellij.codeInspection.dataFlow.Nullness;
12647:             1             48  [Lcom.intellij.codeInspection.dataFlow.value.DfaRelationValue$RelationType;
12648:             2             48  [Lcom.intellij.compiler.CompileTaskBean$CompileTaskExecutionPhase;
12649:             1             48  [Lcom.intellij.database.autoconfig.DataSourceDetector;
12650:             2             48  [Lcom.intellij.database.csv.CsvRecordFormat$Quotes;
12651:             2             48  [Lcom.intellij.diagram.VisibilityLevel;
12652:             2             48  [Lcom.intellij.diagram.actions.DiagramNodeIntentionAction;
12653:             1             48  [Lcom.intellij.diff.DiffTool;
12654:             2             48  [Lcom.intellij.formatting.Alignment$Anchor;
12655:             1             48  [Lcom.intellij.ide.favoritesTreeView.FavoriteNodeProvider;
12656:             1             48  [Lcom.intellij.ide.macro.Macro;
12657:             1             48  [Lcom.intellij.ide.projectView.ProjectViewNestingRulesProvider;
12658:             1             48  [Lcom.intellij.javaee.facet.DescriptorMetaDataProvider;
12659:             1             48  [Lcom.intellij.javaee.toolwindow.view.JavaeeViewFrameworkProvider;
12660:             2             48  [Lcom.intellij.lang.ExternalAnnotatorsFilter;
12661:             1             48  [Lcom.intellij.lang.ecmascript6.psi.impl.ES6ImportPsiUtil$ImportExportType;
12662:             2             48  [Lcom.intellij.lang.javascript.buildTools.base.JsbtSortingMode;
12663:             1             48  [Lcom.intellij.lang.javascript.documentation.JSQuickNavigateBuilder$ObjectKind;
12664:             2             48  [Lcom.intellij.lang.javascript.highlighting.JSSpellcheckerProvider;
12665:             1             48  [Lcom.intellij.lang.javascript.linter.JSLinterDescriptor;
12666:             1             48  [Lcom.intellij.lang.javascript.psi.JSTypeUtils$OverloadPriority;
12667:             1             48  [Lcom.intellij.lang.javascript.psi.resolve.JSModuleReferenceContributor;
12668:             3             48  [Lcom.intellij.lang.jvm.facade.JvmElementProvider;
12669:             1             48  [Lcom.intellij.lexer.EmbeddedTokenTypesProvider;
12670:             3             48  [Lcom.intellij.notification.impl.NotificationSettings;
12671:             3             48  [Lcom.intellij.openapi.compiler.CompilerFactory;
12672:             2             48  [Lcom.intellij.openapi.components.StorageScheme;
12673:             1             48  [Lcom.intellij.openapi.editor.HectorComponentPanelsProvider;
12674:             1             48  [Lcom.intellij.openapi.editor.markup.EffectType;
12675:             1             48  [Lcom.intellij.openapi.options.FontSize;
12676:             2             48  [Lcom.intellij.openapi.project.Project;
12677:             3             48  [Lcom.intellij.openapi.project.impl.ProjectManagerImpl$UnableToSaveProjectNotification;
12678:             2             48  [Lcom.intellij.openapi.util.Key;
12679:             1             48  [Lcom.intellij.openapi.vcs.changes.FileHolder$HolderType;
12680:             1             48  [Lcom.intellij.openapi.vcs.impl.VcsInitObject;
12681:             2             48  [Lcom.intellij.openapi.vfs.local.PluggableFileWatcher;
12682:             1             48  [Lcom.intellij.packaging.artifacts.ArtifactPropertiesProvider;
12683:             1             48  [Lcom.intellij.play.utils.processors.PlayDeclarationsProcessor;
12684:             1             48  [Lcom.intellij.psi.PsiPrimitiveType;
12685:             1             48  [Lcom.intellij.psi.css.CssAttribute$OperatorType;
12686:             1             48  [Lcom.intellij.psi.impl.source.codeStyle.javadoc.JDParser$TagParser;
12687:             1             48  [Lcom.intellij.psi.impl.source.xml.XmlElementDescriptorProvider;
12688:             2             48  [Lcom.intellij.psi.stubsHierarchy.StubHierarchyIndexer;
12689:             1             48  [Lcom.intellij.spring.boot.application.metadata.RelaxedNames$Manipulation;
12690:             1             48  [Lcom.intellij.ui.layout.LCFlags;
12691:             2             48  [Lcom.intellij.ui.paint.LinePainter2D$Align;
12692:             2             48  [Lcom.intellij.util.xml.highlighting.DomCustomAnnotationChecker;
12693:             2             48  [Lcom.intellij.util.xmlb.annotations.Property$Style;
12694:             2             48  [Lcom.intellij.util.xmlb.annotations.XCollection$Style;
12695:             1             48  [Lcom.intellij.xdebugger.breakpoints.XLineBreakpointType;
12696:             2             48  [Lcom.intellij.xml.breadcrumbs.BreadcrumbsPresentationProvider;
12697:             1             48  [Lcom.jetbrains.jsonSchema.extension.JsonSchemaProviderFactory;
12698:             1             48  [Lcom.sun.xml.internal.bind.v2.model.impl.ClassInfoImpl$PropertyGroup;
12699:             1             48  [Lcom.theoryinpractice.testng.model.TestType;
12700:             1             48  [Lcom.zeroturnaround.jrebel.ide.common.guide.metrics.SetupGuideMessenger$OverallState;
12701:             2             48  [Lgit4idea.config.GitVcsApplicationSettings$SshExecutable;
12702:             2             48  [Ljava.awt.event.ActionListener;
12703:             1             48  [Ljava.beans.WeakIdentityMap$Entry;
12704:             1             48  [Ljava.lang.invoke.MethodHandleImpl$Intrinsic;
12705:             1             48  [Ljava.math.RoundingMode;
12706:             2             48  [Ljava.net.InetSocketAddress;
12707:             2             48  [Ljava.nio.file.FileVisitOption;
12708:             3             48  [Ljava.security.cert.X509Certificate;
12709:             1             48  [Ljava.util.concurrent.TimeUnit;
12710:             1             48  [Ljavax.swing.DropMode;
12711:             1             48  [Lkotlin.reflect.jvm.internal.impl.platform.JavaToKotlinClassMap$PlatformMutabilityMapping;
12712:             1             48  [Lkotlin.reflect.jvm.internal.impl.resolve.jvm.JvmPrimitiveType;
12713:             1             48  [Lnet.sf.cglib.proxy.CallbackInfo;
12714:             1             48  [Lorg.ini4j.spi.AbstractBeanInvocationHandler$Prefix;
12715:             2             48  [Lorg.jetbrains.idea.maven.indices.MavenIndex$Kind;
12716:             2             48  [Lorg.jetbrains.jps.api.TaskFuture;
12717:             1             48  [Lorg.jetbrains.kotlin.platform.JavaToKotlinClassMap$PlatformMutabilityMapping;
12718:             1             48  [Lorg.jetbrains.kotlin.resolve.jvm.JvmPrimitiveType;
12719:             1             48  [Lorg.jetbrains.kotlin.resolve.jvm.jvmSignature.JvmMethodParameterKind;
12720:             3             48  [Lorg.jetbrains.kotlin.script.ScriptTemplatesProvider;
12721:             2             48  [Lorg.kohsuke.rngom.digested.DPattern;
12722:             1             48  [Lorg.zeroturnaround.jrebel.client.feature.external.RebelXmlAction;
12723:             1             48  [Lorg.zeroturnaround.jrebel.ide.common.notifications.handlers.NotificationHandler;
12724:             1             48  [Lorg.zmlx.hg4idea.provider.HgChangeProvider$HgChangeProcessor;
12725:             1             48  [Lsun.font.FontStrike;
12726:             1             48  [Lsun.security.ssl.SignatureAndHashAlgorithm$HashAlgorithm;
12727:             1             48  [Lsun.security.x509.NetscapeCertTypeExtension$MapEntry;
12728:             1             48  [[Lcom.intellij.psi.util.TypeConversionUtil$Caster;
12729:             1             48  [[Z
12730:             3             48  ch.qos.logback.core.spi.AppenderAttachableImpl
12731:             3             48  ch.qos.logback.core.spi.FilterAttachableImpl
12732:             2             48  cn.yiiguxing.plugin.translate.AppStorage$$special$$inlined$vetoable$1
12733:             2             48  cn.yiiguxing.plugin.translate.GoogleTranslateSettings
12734:             2             48  cn.yiiguxing.plugin.translate.Settings$$special$$inlined$observable$1
12735:             2             48  cn.yiiguxing.plugin.translate.Settings$$special$$inlined$observable$2
12736:             2             48  cn.yiiguxing.plugin.translate.Settings$$special$$inlined$observable$3
12737:             2             48  cn.yiiguxing.plugin.translate.Settings$$special$$inlined$observable$4
12738:             2             48  cn.yiiguxing.plugin.translate.Settings$$special$$inlined$observable$5
12739:             3             48  cn.yiiguxing.plugin.translate.TranslationProjectComponent
12740:             2             48  cn.yiiguxing.plugin.translate.trans.Dict
12741:             2             48  cn.yiiguxing.plugin.translate.ui.StyledDictViewer$EntryType
12742:             1             48  cn.yiiguxing.plugin.translate.util.LruCache
12743:             2             48  cn.yiiguxing.plugin.translate.util.SelectionMode
12744:             3             48  com.alibaba.p3c.idea.component.AliProjectComponent$1
12745:             2             48  com.alibaba.p3c.idea.config.SmartFoxProjectConfig
12746:             3             48  com.android.repository.impl.generated.v1.ArchiveType$JaxbAccessorF_complete
12747:             3             48  com.android.repository.impl.generated.v1.ArchiveType$JaxbAccessorF_minJvmVersion
12748:             3             48  com.android.repository.impl.generated.v1.ArchiveType$JaxbAccessorF_patches
12749:             3             48  com.android.repository.impl.generated.v1.ArchivesType$JaxbAccessorF_archive
12750:             3             48  com.android.repository.impl.generated.v1.CompleteType$JaxbAccessorF_size
12751:             3             48  com.android.repository.impl.generated.v1.DependenciesType$JaxbAccessorF_dependency
12752:             3             48  com.android.repository.impl.generated.v1.DependencyType$JaxbAccessorF_minRevision
12753:             3             48  com.android.repository.impl.generated.v1.LocalPackage$JaxbAccessorF_dependencies
12754:             3             48  com.android.repository.impl.generated.v1.LocalPackage$JaxbAccessorF_obsolete
12755:             3             48  com.android.repository.impl.generated.v1.LocalPackage$JaxbAccessorF_revision
12756:             3             48  com.android.repository.impl.generated.v1.LocalPackage$JaxbAccessorF_typeDetails
12757:             3             48  com.android.repository.impl.generated.v1.LocalPackage$JaxbAccessorF_usesLicense
12758:             3             48  com.android.repository.impl.generated.v1.PatchType$JaxbAccessorF_basedOn
12759:             3             48  com.android.repository.impl.generated.v1.PatchType$JaxbAccessorF_size
12760:             3             48  com.android.repository.impl.generated.v1.PatchesType$JaxbAccessorF_patch
12761:             3             48  com.android.repository.impl.generated.v1.RemotePackage$JaxbAccessorF_archives
12762:             3             48  com.android.repository.impl.generated.v1.RemotePackage$JaxbAccessorF_channelRef
12763:             3             48  com.android.repository.impl.generated.v1.RemotePackage$JaxbAccessorF_dependencies
12764:             3             48  com.android.repository.impl.generated.v1.RemotePackage$JaxbAccessorF_obsolete
12765:             3             48  com.android.repository.impl.generated.v1.RemotePackage$JaxbAccessorF_revision
12766:             3             48  com.android.repository.impl.generated.v1.RemotePackage$JaxbAccessorF_typeDetails
12767:             3             48  com.android.repository.impl.generated.v1.RemotePackage$JaxbAccessorF_usesLicense
12768:             3             48  com.android.repository.impl.generated.v1.RepositoryType$JaxbAccessorF_channel
12769:             3             48  com.android.repository.impl.generated.v1.RepositoryType$JaxbAccessorF_license
12770:             3             48  com.android.repository.impl.generated.v1.RepositoryType$JaxbAccessorF_localPackage
12771:             3             48  com.android.repository.impl.generated.v1.RepositoryType$JaxbAccessorF_remotePackage
12772:             3             48  com.android.repository.impl.generated.v1.RevisionType$JaxbAccessorF_major
12773:             3             48  com.android.repository.impl.meta.Archive$ArchiveFile$JaxbAccessorM_getSize_setSize_long
12774:             1             48  com.android.sdklib.repository.AndroidSdkHandler
12775:             3             48  com.android.sdklib.repository.generated.common.v1.ApiDetailsType$JaxbAccessorF_apiLevel
12776:             3             48  com.android.tools.idea.databinding.BrClassFinder$$Lambda$798/468419499
12777:             3             48  com.android.tools.idea.databinding.BrShortNamesCache$$Lambda$801/1165365245
12778:             3             48  com.android.tools.idea.databinding.DataBindingClassFinder
12779:             2             48  com.android.tools.idea.databinding.config.DataBindingConfiguration$CodeNavigationMode
12780:             3             48  com.android.tools.idea.editors.AttachAndroidSdkSourcesNotificationProvider
12781:             3             48  com.android.tools.idea.editors.theme.AndroidThemePreviewToolWindowManager$2
12782:             3             48  com.android.tools.idea.editors.theme.AndroidThemePreviewToolWindowManager$MyCaretListener
12783:             3             48  com.android.tools.idea.editors.theme.AndroidThemePreviewToolWindowManager$MyDocumentListener
12784:             3             48  com.android.tools.idea.fd.InstantRunManager
12785:             2             48  com.android.tools.idea.folding.AndroidCodeFoldingOptionsProvider
12786:             3             48  com.android.tools.idea.gradle.project.LegacyAndroidProjects
12787:             1             48  com.android.tools.idea.gradle.project.subset.ProjectSubsetGroup
12788:             3             48  com.android.tools.idea.gradle.project.sync.GradleSyncState$StateChangeNotification
12789:             2             48  com.android.tools.idea.gradle.project.sync.compatibility.CompatibilityCheck
12790:             1             48  com.android.tools.idea.gradle.project.sync.idea.AndroidGradleProjectResolver
12791:             3             48  com.android.tools.idea.gradle.projectView.AndroidTreeStructureProvider
12792:             3             48  com.android.tools.idea.gradle.projectView.BuildNodeDecorator
12793:             3             48  com.android.tools.idea.gradle.projectView.ModuleNodeIconDecorator
12794:             3             48  com.android.tools.idea.instantapp.provision.ProvisionBeforeRunTaskProvider
12795:             3             48  com.android.tools.idea.lang.roomSql.RoomSchemaManager$getSchema$1
12796:             3             48  com.android.tools.idea.lang.roomSql.RoomSqlLanguageInjector
12797:             3             48  com.android.tools.idea.naveditor.scene.layout.ManualLayoutAlgorithm$Storage
12798:             3             48  com.android.tools.idea.project.AndroidProjectInfo
12799:             3             48  com.android.tools.idea.testartifacts.scopes.TestArtifactCustomScopeProvider
12800:             3             48  com.android.tools.idea.uibuilder.editor.LayoutNavigationManager
12801:             1             48  com.android.tools.idea.updater.AndroidSdkUpdaterPlugin$AndroidAuthenticator
12802:             3             48  com.ansorgit.plugins.bash.settings.BashProjectSettingsComponent
12803:             1             48  com.baomidou.plugin.idea.mybatisx.dom.description.ConfigurationDescription
12804:             1             48  com.baomidou.plugin.idea.mybatisx.dom.description.MapperDescription
12805:             3             48  com.google.common.base.Joiner
12806:             1             48  com.google.common.collect.ArrayListMultimap
12807:             3             48  com.google.common.collect.ImmutableSet$Indexed$1
12808:             1             48  com.google.common.collect.LinkedHashMultimap
12809:             1             48  com.google.common.collect.LinkedHashMultimap$ValueEntry
12810:             3             48  com.google.common.collect.RegularImmutableBiMap$Inverse$InverseEntrySet$1
12811:             2             48  com.google.gson.internal.bind.MapTypeAdapterFactory
12812:             2             48  com.google.gson.internal.bind.TypeAdapters$35
12813:             2             48  com.google.gson.internal.bind.TypeAdapters$35
12814:             3             48  com.intellij.aop.jam.AopHighlightErrorFilter
12815:             3             48  com.intellij.aop.jam.AopLanguageInjector
12816:             1             48  com.intellij.appengine.descriptor.dom.AppEngineWebFileDescription
12817:             2             48  com.intellij.application.options.JavadocOptionsProvider
12818:             2             48  com.intellij.application.options.JspSmartKeysConfigurable
12819:             2             48  com.intellij.application.options.editor.BaseCodeFoldingOptionsProvider
12820:             1             48  com.intellij.application.options.editor.ExcludeTable
12821:             1             48  com.intellij.application.options.editor.JavaAutoImportOptions
12822:             2             48  com.intellij.application.options.editor.JavaCodeFoldingOptionsProvider
12823:             2             48  com.intellij.application.options.editor.XmlCodeFoldingOptionsProvider
12824:             1             48  com.intellij.batch.model.BatchJobDomFileDescription
12825:             1             48  com.intellij.batch.model.BatchXmlDomFileDescription
12826:             1             48  com.intellij.beanValidation.BvConfigDomFileDescription
12827:             1             48  com.intellij.beanValidation.BvMappingDomFileDescription
12828:             1             48  com.intellij.cdi.CdiDomFileDescription
12829:             3             48  com.intellij.cdi.jam.CdiSemContributor
12830:             3             48  com.intellij.cdi.jam.CdiSemContributor$$Lambda$1483/1278953232
12831:             1             48  com.intellij.cloudConfig.StatusBarInfoManager$MenuGroup
12832:             3             48  com.intellij.codeInsight.InferredAnnotationsManagerImpl
12833:             3             48  com.intellij.codeInsight.MetaAnnotationUtil$$Lambda$2139/1202322607
12834:             2             48  com.intellij.codeInsight.actions.OptimizeImportsProcessor$NotificationInfo
12835:             2             48  com.intellij.codeInsight.completion.AsyncCompletion
12836:             2             48  com.intellij.codeInsight.completion.AsyncCompletion$1
12837:             2             48  com.intellij.codeInsight.completion.CodeCompletionHandlerBase
12838:             1             48  com.intellij.codeInsight.completion.CompletionConfidenceEP$1
12839:             1             48  com.intellij.codeInsight.completion.CompletionContributor$1
12840:             2             48  com.intellij.codeInsight.completion.CompletionService$$Lambda$3197/910068854
12841:             3             48  com.intellij.codeInsight.completion.JspCompletionContributor
12842:             3             48  com.intellij.codeInsight.completion.JspCompletionContributor$1
12843:             1             48  com.intellij.codeInsight.completion.actions.CodeCompletionGroup
12844:             1             48  com.intellij.codeInsight.daemon.LineMarkerProviders
12845:             3             48  com.intellij.codeInsight.daemon.impl.AttachSourcesNotificationProvider
12846:             3             48  com.intellij.codeInsight.daemon.impl.CachedAnnotators
12847:             3             48  com.intellij.codeInsight.daemon.impl.ChameleonSyntaxHighlightingPass$Factory
12848:             3             48  com.intellij.codeInsight.daemon.impl.CodeFoldingPassFactory
12849:             3             48  com.intellij.codeInsight.daemon.impl.GeneralHighlightingPassFactory
12850:             3             48  com.intellij.codeInsight.daemon.impl.HighlightingSessionImpl$$Lambda$1903/1837203568
12851:             3             48  com.intellij.codeInsight.daemon.impl.IdentifierHighlighterPassFactory
12852:             3             48  com.intellij.codeInsight.daemon.impl.IndentsPassFactory
12853:             3             48  com.intellij.codeInsight.daemon.impl.InjectedCodeFoldingPassFactory
12854:             3             48  com.intellij.codeInsight.daemon.impl.InjectedGeneralHighlightingPassFactory
12855:             1             48  com.intellij.codeInsight.daemon.impl.JavaLineMarkerProvider
12856:             3             48  com.intellij.codeInsight.daemon.impl.JavaSoftKeywordHighlightingPassFactory
12857:             3             48  com.intellij.codeInsight.daemon.impl.LibrarySourceNotificationProvider
12858:             3             48  com.intellij.codeInsight.daemon.impl.LineMarkersPassFactory
12859:             3             48  com.intellij.codeInsight.daemon.impl.LocalInspectionsPassFactory
12860:             3             48  com.intellij.codeInsight.daemon.impl.SdkSetupNotificationProvider
12861:             3             48  com.intellij.codeInsight.daemon.impl.ShowAutoImportPassFactory
12862:             3             48  com.intellij.codeInsight.daemon.impl.ShowIntentionsPassFactory
12863:             2             48  com.intellij.codeInsight.daemon.impl.StatusBarUpdater
12864:             2             48  com.intellij.codeInsight.daemon.impl.TextEditorHighlightingPassRegistrarImpl$$Lambda$1876/408529103
12865:             2             48  com.intellij.codeInsight.daemon.impl.actions.GotoElementUnderCaretUsageBase$Direction
12866:             3             48  com.intellij.codeInsight.daemon.impl.analysis.JspErrorFilter
12867:             3             48  com.intellij.codeInsight.daemon.impl.analysis.XmlHighlightVisitor
12868:             2             48  com.intellij.codeInsight.daemon.impl.quickfix.AddMethodQualifierFix$SearchMode
12869:             2             48  com.intellij.codeInsight.daemon.impl.quickfix.CreateConstructorParameterFromFieldFix
12870:             2             48  com.intellij.codeInsight.daemon.impl.quickfix.StaticMembersProcessor$SearchMode
12871:             3             48  com.intellij.codeInsight.daemon.impl.tagTreeHighlighting.XmlTagTreeHighlightingPassFactory
12872:             2             48  com.intellij.codeInsight.editorActions.FoldingData
12873:             2             48  com.intellij.codeInsight.editorActions.JavaMethodOverloadSwitchHandler
12874:             1             48  com.intellij.codeInsight.editorActions.LanguageBackspaceModeOverride
12875:             2             48  com.intellij.codeInsight.editorActions.moveLeftRight.MoveElementLeftRightActionHandler
12876:             2             48  com.intellij.codeInsight.editorActions.moveUpDown.MoveLineHandler
12877:             2             48  com.intellij.codeInsight.editorActions.moveUpDown.MoveStatementHandler
12878:             2             48  com.intellij.codeInsight.folding.CodeFoldingSettingsImpl
12879:             1             48  com.intellij.codeInsight.folding.impl.FoldingUpdate$$Lambda$2830/878914888
12880:             2             48  com.intellij.codeInsight.folding.impl.JavaCodeFoldingSettingsImpl
12881:             3             48  com.intellij.codeInsight.highlighting.HtmlClosingTagErrorFilter
12882:             3             48  com.intellij.codeInsight.highlighting.InjectedHtmlErrorFilter
12883:             1             48  com.intellij.codeInsight.hint.LineTooltipRenderer$3
12884:             2             48  com.intellij.codeInsight.hint.PrevNextParameterHandler
12885:             3             48  com.intellij.codeInsight.hints.AnnotationHintsPassFactory
12886:             1             48  com.intellij.codeInsight.hints.InlayParameterHintsExtension
12887:             3             48  com.intellij.codeInsight.hints.ParameterHintsPassFactory
12888:             3             48  com.intellij.codeInsight.hints.settings.ParameterNameHintsSettings$getState$2
12889:             1             48  com.intellij.codeInsight.intention.JvmCommonIntentionActionsFactory$Companion
12890:             2             48  com.intellij.codeInsight.javadoc.JavaDocInfoGenerator$SignaturePlace
12891:             1             48  com.intellij.codeInsight.lookup.impl.CompletionExtender
12892:             2             48  com.intellij.codeInsight.lookup.impl.LookupActionHandler$UpDownInEditorHandler
12893:             1             48  com.intellij.codeInsight.lookup.impl.LookupOffsets
12894:             3             48  com.intellij.codeInsight.navigation.CtrlMouseHandler$1
12895:             3             48  com.intellij.codeInsight.navigation.CtrlMouseHandler$2
12896:             3             48  com.intellij.codeInsight.navigation.CtrlMouseHandler$3
12897:             3             48  com.intellij.codeInsight.navigation.CtrlMouseHandler$4
12898:             3             48  com.intellij.codeInsight.navigation.CtrlMouseHandler$5
12899:             3             48  com.intellij.codeInsight.problems.WolfTheProblemSolverImpl$1
12900:             3             48  com.intellij.codeInsight.problems.WolfTheProblemSolverImpl$2
12901:             3             48  com.intellij.codeInsight.problems.WolfTheProblemSolverImpl$4
12902:             2             48  com.intellij.codeInsight.template.emmet.EmmetAbbreviationBalloon$EmmetContextHelp
12903:             2             48  com.intellij.codeInsight.template.emmet.configuration.CssEmmetOptions
12904:             2             48  com.intellij.codeInsight.template.impl.LiveTemplateCompletionContributor$2$$Lambda$3200/202286142
12905:             2             48  com.intellij.codeInsight.template.impl.TemplateSettings$State
12906:             2             48  com.intellij.codeInsight.template.impl.editorActions.ExpandLiveTemplateCustomAction$1
12907:             1             48  com.intellij.codeInsight.template.postfix.templates.LanguagePostfixTemplate
12908:             2             48  com.intellij.codeInsight.template.postfix.util.JavaPostfixTemplatesUtils$1
12909:             3             48  com.intellij.codeInspection.LambdaCanBeMethodReferenceInspection$ReplaceWithMethodRefFix
12910:             1             48  com.intellij.codeInspection.LanguageInspectionSuppressors
12911:             2             48  com.intellij.codeInspection.SimplifyStreamApiCallChainsInspection$ReplaceCollectionStreamFix
12912:             2             48  com.intellij.codeInspection.bytecodeAnalysis.Equations
12913:             3             48  com.intellij.codeInspection.bytecodeAnalysis.ProjectBytecodeAnalysis$$Lambda$3947/1498286213
12914:             3             48  com.intellij.codeInspection.bytecodeAnalysis.ProjectBytecodeAnalysis$$Lambda$3954/867390587
12915:             3             48  com.intellij.codeInspection.bytecodeAnalysis.ProjectBytecodeAnalysis$$Lambda$4292/1044163973
12916:             2             48  com.intellij.codeInspection.bytecodeAnalysis.asm.IParamsValue
12917:             2             48  com.intellij.codeInspection.dataFlow.ContractValue$Spec
12918:             2             48  com.intellij.codeInspection.dataFlow.MethodCallContract
12919:             2             48  com.intellij.codeInspection.dataFlow.MutationSignature
12920:             1             48  com.intellij.codeInspection.i18n.I18nInspection
12921:             2             48  com.intellij.codeInspection.java18StreamApi.PseudoLambdaReplaceTemplate$LambdaRole
12922:             3             48  com.intellij.codeInspection.java18StreamApi.StaticPseudoFunctionalStyleMethodOptions
12923:             3             48  com.intellij.codeInspection.redundantCast.RedundantCastInspection$AcceptSuggested
12924:             3             48  com.intellij.coldFusion.UI.editorActions.CfmlScriptNodeSuppressor
12925:             2             48  com.intellij.coldFusion.UI.editorActions.completionProviders.CfmlCompletionContributor$1
12926:             2             48  com.intellij.coldFusion.UI.editorActions.completionProviders.CfmlCompletionContributor$4
12927:             3             48  com.intellij.coldFusion.injection.CfmlSplittedInjectionManagerKt$1
12928:             3             48  com.intellij.coldFusion.model.CfmlErrorFilter
12929:             2             48  com.intellij.compiler.CompileTaskBean$1
12930:             2             48  com.intellij.compiler.CompileTaskBean$CompileTaskExecutionPhase
12931:             2             48  com.intellij.compiler.CompilerConfigurationImpl$2
12932:             3             48  com.intellij.compiler.CompilerReferenceIndexBuildParametersProvider
12933:             2             48  com.intellij.compiler.ModuleCompilerUtil$2$$Lambda$2950/1500938204
12934:             2             48  com.intellij.compiler.ModuleSourceSet$Type
12935:             2             48  com.intellij.compiler.backwardRefs.CompilerReferenceServiceImpl$ElementPlace
12936:             2             48  com.intellij.compiler.backwardRefs.CompilerReferenceServiceImpl$IndexOpenReason
12937:             2             48  com.intellij.compiler.impl.CompileDriver$$Lambda$2949/6090109
12938:             1             48  com.intellij.compiler.impl.CompileDriver$1
12939:             3             48  com.intellij.compiler.impl.MessagesContainer$$Lambda$4606/748214934
12940:             3             48  com.intellij.compiler.impl.javaCompiler.eclipse.EclipseCompiler
12941:             3             48  com.intellij.compiler.impl.javaCompiler.javac.JavacCompiler
12942:             3             48  com.intellij.compiler.options.CompileStepBeforeRun
12943:             3             48  com.intellij.compiler.options.CompileStepBeforeRunNoErrorCheck
12944:             3             48  com.intellij.compiler.options.MakeProjectStepBeforeRun
12945:             2             48  com.intellij.compiler.options.ValidationConfiguration
12946:             2             48  com.intellij.compiler.progress.CompilerTask$2$$Lambda$2972/325083915
12947:             3             48  com.intellij.compiler.server.BuildManager$3$$Lambda$1994/261506836
12948:             2             48  com.intellij.concurrency.JobLauncherImpl$VoidForkJoinTask$Status
12949:             1             48  com.intellij.configurationStore.ApplicationStorageManager
12950:             2             48  com.intellij.configurationStore.BinaryXmlReader
12951:             2             48  com.intellij.configurationStore.ExportSettingsAction
12952:             3             48  com.intellij.configurationStore.FileBasedStorageKt$doWrite$$inlined$runUndoTransparentWriteAction$1$1
12953:             2             48  com.intellij.configurationStore.ImportSettingsAction
12954:             1             48  com.intellij.configurationStore.ModuleStateStorageManager
12955:             3             48  com.intellij.configurationStore.MyExternalizationSession
12956:             2             48  com.intellij.configurationStore.StateStorageManagerImpl$Companion$createDefaultVirtualTracker$1
12957:             2             48  com.intellij.copyright.CopyrightManager$schemeManager$1
12958:             2             48  com.intellij.copyright.CopyrightManager$schemeWriter$1
12959:             3             48  com.intellij.coverage.CoverageProjectViewClassNodeDecorator
12960:             3             48  com.intellij.coverage.CoverageProjectViewDirectoryNodeDecorator
12961:             2             48  com.intellij.credentialStore.PasswordSafeSettings$State
12962:             2             48  com.intellij.credentialStore.kdbx.KdbxHeader$CompressionFlags
12963:             1             48  com.intellij.cvsSupport2.actions.AddFileOrDirectoryAction
12964:             1             48  com.intellij.database.actions.DatabaseViewActions$AddActionGroupPopup
12965:             1             48  com.intellij.database.actions.GenerateDbObjectGroup
12966:             2             48  com.intellij.database.actions.OpenConsoleAction$CreateNew
12967:             3             48  com.intellij.database.console.StatementHighlightingPassFactory
12968:             2             48  com.intellij.database.csv.CsvRecordFormat$QuotationPolicy
12969:             2             48  com.intellij.database.dataSource.DataSourceStorage$5
12970:             1             48  com.intellij.database.dataSource.srcStorage.DbSrcChangesTracker$App
12971:             2             48  com.intellij.database.dataSource.srcStorage.DbSrcFileSystem$MyDataSourceUpdater
12972:             3             48  com.intellij.database.introspection.IntrospectionScope
12973:             3             48  com.intellij.database.psi.BasicDbPsiManager$1
12974:             3             48  com.intellij.database.psi.DbPsiFacadeImpl$State$$Lambda$1318/350338898
12975:             2             48  com.intellij.database.run.actions.ColumnFiltersGroup$LikeFilterTemplate
12976:             2             48  com.intellij.database.run.actions.ColumnFiltersGroup$NullFilterTemplate
12977:             1             48  com.intellij.database.run.actions.TransactionAction$ChangeIsolationLevel
12978:             1             48  com.intellij.database.run.actions.TransactionAction$TxSettings
12979:             3             48  com.intellij.database.vfs.DbTreeStructureProvider
12980:             3             48  com.intellij.database.view.DatabaseColorManager$Local
12981:             1             48  com.intellij.debugger.actions.ViewAsGroup
12982:             3             48  com.intellij.debugger.impl.AlternativeJreClassFinder$1
12983:             3             48  com.intellij.debugger.impl.HotSwapManager$1
12984:             3             48  com.intellij.debugger.streams.lib.impl.LibrarySupportBase$interpreterFactory$1
12985:             3             48  com.intellij.debugger.streams.lib.impl.LibrarySupportBase$resolverFactory$1
12986:             2             48  com.intellij.debugger.streams.psi.impl.JavaStreamChainBuilder
12987:             2             48  com.intellij.debugger.streams.psi.impl.JavaStreamChainBuilder$MyStreamChainExistenceChecker
12988:             3             48  com.intellij.debugger.ui.AlternativeSourceNotificationProvider
12989:             3             48  com.intellij.debugger.ui.DebuggerPanelsManager
12990:             3             48  com.intellij.debugger.ui.breakpoints.BreakpointManager$2
12991:             3             48  com.intellij.designer.DesignerToolWindow$2
12992:             3             48  com.intellij.designer.palette.PaletteContainer$PaletteContainerLayout
12993:             3             48  com.intellij.designer.palette.PalettePanel$1
12994:             3             48  com.intellij.designer.palette.PalettePanel$2
12995:             3             48  com.intellij.designer.palette.PalettePanel$3
12996:             3             48  com.intellij.designer.propertyTable.PropertyTable$MouseTableListener
12997:             3             48  com.intellij.designer.propertyTable.PropertyTable$PropertyCellEditorListener
12998:             3             48  com.intellij.designer.propertyTable.RadPropertyTable$1
12999:             3             48  com.intellij.designer.propertyTable.RadPropertyTable$2
13000:             3             48  com.intellij.designer.propertyTable.RadPropertyTable$MyCopyProvider
13001:             2             48  com.intellij.diagnostic.DebugLogManager$DebugLogLevel
13002:             1             48  com.intellij.diagnostic.DialogAppender
13003:             2             48  com.intellij.diagnostic.logging.LogFilesManager
13004:             2             48  com.intellij.diagnostic.logging.LogFilesManager$1
13005:             2             48  com.intellij.diagram.settings.DiagramConfigGroup
13006:             2             48  com.intellij.diff.actions.CompareFilesAction
13007:             3             48  com.intellij.diff.impl.DiffRequestProcessor$$Lambda$779/1137152167
13008:             3             48  com.intellij.diff.impl.DiffSettingsHolder$copyStateWithoutDefaults$1
13009:             3             48  com.intellij.diff.util.DiffTaskQueue
13010:             2             48  com.intellij.diff.util.Side
13011:             3             48  com.intellij.dmserver.artifacts.ArtifactSynchronizer
13012:             1             48  com.intellij.dmserver.artifacts.plan.PlanDomFileDescription
13013:             3             48  com.intellij.dmserver.editor.AvailableBundlesProvider$4
13014:             3             48  com.intellij.dmserver.editor.AvailableBundlesProvider$5
13015:             3             48  com.intellij.dmserver.editor.AvailableBundlesProvider$7
13016:             2             48  com.intellij.dmserver.facet.DMCompositeType
13017:             3             48  com.intellij.dmserver.osmorc.DMSourceBundleFinder
13018:             2             48  com.intellij.dvcs.repo.Repository$State
13019:             2             48  com.intellij.execution.Platform
13020:             3             48  com.intellij.execution.RunManagerConfig
13021:             2             48  com.intellij.execution.actions.EditRunConfigurationsAction
13022:             1             48  com.intellij.execution.configurations.GeneralCommandLine
13023:             1             48  com.intellij.execution.configurations.GeneralCommandLine$MyTHashMap
13024:             3             48  com.intellij.execution.dashboard.RunDashboardManagerImpl$$Lambda$1297/1167038734
13025:             3             48  com.intellij.execution.dashboard.RunDashboardManagerImpl$DashboardContentManagerListener
13026:             2             48  com.intellij.execution.dashboard.RunDashboardManagerImpl$State
13027:             2             48  com.intellij.execution.filters.Filter$NextAction
13028:             2             48  com.intellij.execution.impl.ConsoleViewImpl$$Lambda$2994/1380421612
13029:             2             48  com.intellij.execution.impl.ConsoleViewImpl$$Lambda$3027/1913545716
13030:             2             48  com.intellij.execution.impl.EditorHyperlinkSupport
13031:             2             48  com.intellij.execution.impl.EditorHyperlinkSupport$2
13032:             2             48  com.intellij.execution.impl.ExecutionManagerKtImpl$startRunProfile$startRunnable$1$2$1
13033:             2             48  com.intellij.execution.impl.ExecutionManagerKtImpl$startRunProfile$startRunnable$1$2$1$1
13034:             3             48  com.intellij.execution.impl.ProjectRunConfigurationInitializer
13035:             3             48  com.intellij.execution.impl.RunConfigurationBeforeRunProvider
13036:             3             48  com.intellij.execution.jshell.SnippetEditorDecorator
13037:             2             48  com.intellij.execution.junit.JUnitConfigurationType$1
13038:             2             48  com.intellij.execution.rmi.RemoteUtil$2
13039:             3             48  com.intellij.execution.runners.ExecutionEnvironment$CachingDataContext
13040:             2             48  com.intellij.execution.runners.GenericProgramRunner$execute$$inlined$runProfileStarter$1
13041:             3             48  com.intellij.execution.scratch.JavaScratchCompilationSupport
13042:             1             48  com.intellij.execution.testframework.sm.runner.history.actions.ImportTestsGroup
13043:             3             48  com.intellij.execution.ui.RunContentManagerImpl$1
13044:             3             48  com.intellij.facet.impl.ProjectWideFacetListenersRegistryImpl$MyFacetManagerAdapter
13045:             1             48  com.intellij.featureStatistics.FeatureStatisticsBundle$ProvidersBundles
13046:             2             48  com.intellij.featureStatistics.FeatureStatisticsBundleEP
13047:             2             48  com.intellij.find.FindUtil$Direction
13048:             2             48  com.intellij.find.impl.FindInProjectRecents
13049:             2             48  com.intellij.find.impl.livePreview.SearchResults$Direction
13050:             2             48  com.intellij.flex.build.FlexResourceBuildTargetType
13051:             2             48  com.intellij.formatting.Alignment$Anchor
13052:             2             48  com.intellij.formatting.ChildAttributes
13053:             2             48  com.intellij.formatting.DependentSpacingRule$Anchor
13054:             2             48  com.intellij.formatting.DependentSpacingRule$Trigger
13055:             2             48  com.intellij.formatting.FormattingProgressCallback$EventType
13056:             2             48  com.intellij.framework.detection.FileContentPattern$2
13057:             3             48  com.intellij.framework.detection.impl.exclude.DetectionExcludesConfigurationImpl$$Lambda$1803/1540077635
13058:             3             48  com.intellij.freemarker.FtlFileIndex$2
13059:             2             48  com.intellij.freemarker.psi.FtlCompositeElementType
13060:             1             48  com.intellij.guice.actions.GuiceActionGroup
13061:             1             48  com.intellij.gwt.actions.GwtCreateActionGroup
13062:             3             48  com.intellij.gwt.codeInsight.GwtPatterns$1
13063:             3             48  com.intellij.gwt.inspections.GwtNonSerializableRemoteServiceMethodParametersInspection$GwtSerializableInspectionState
13064:             3             48  com.intellij.gwt.jsinject.JsInjector
13065:             1             48  com.intellij.gwt.module.GwtDomFileDescription
13066:             3             48  com.intellij.gwt.refactorings.TypeArgsTagInfo
13067:             3             48  com.intellij.gwt.superSource.GwtModuleSuperSourceIndex$2
13068:             3             48  com.intellij.gwt.superSource.GwtSuperSourceElementFinder$3
13069:             3             48  com.intellij.gwt.uiBinder.css.UiBinderCssInjector
13070:             1             48  com.intellij.hibernate.HibernateConfigurationDomFileDescription
13071:             1             48  com.intellij.hibernate.HibernateMappingDomFileDescription
13072:             3             48  com.intellij.history.core.changes.ChangeSet$$Lambda$2849/2094268341
13073:             1             48  com.intellij.history.integration.LocalHistoryImpl
13074:             1             48  com.intellij.history.integration.ui.actions.LocalHistoryGroup
13075:             2             48  com.intellij.htmltools.lang.annotation.HtmlNonExistentInternetResourcesAnnotator
13076:             3             48  com.intellij.htmltools.xml.util.XHtmlErrorFilter
13077:             3             48  com.intellij.ide.CopyPasteDelegator$MyEditable
13078:             3             48  com.intellij.ide.FileChangedNotificationProvider
13079:             3             48  com.intellij.ide.GeneratedFileEditingNotificationProvider
13080:             3             48  com.intellij.ide.IdeEventQueue$$Lambda$3106/605069170
13081:             3             48  com.intellij.ide.IdeEventQueue$$Lambda$399/1530160282
13082:             3             48  com.intellij.ide.IdeEventQueue$$Lambda$404/2006499837
13083:             2             48  com.intellij.ide.IdeEventQueue$BlockMode
13084:             2             48  com.intellij.ide.IdeEventQueue$MyFireIdleRequest
13085:             1             48  com.intellij.ide.SaveAndSyncHandlerImpl
13086:             2             48  com.intellij.ide.actions.CreateDesktopEntryAction
13087:             2             48  com.intellij.ide.actions.EditCustomPropertiesAction
13088:             2             48  com.intellij.ide.actions.EditCustomVmOptionsAction
13089:             2             48  com.intellij.ide.actions.ImportProjectAction
13090:             2             48  com.intellij.ide.actions.NewProjectAction
13091:             2             48  com.intellij.ide.actions.OpenFileAction
13092:             2             48  com.intellij.ide.actions.RegisterAction
13093:             1             48  com.intellij.ide.actions.ResizeToolWindowAction$Down
13094:             1             48  com.intellij.ide.actions.ResizeToolWindowAction$Left
13095:             1             48  com.intellij.ide.actions.ResizeToolWindowAction$Right
13096:             1             48  com.intellij.ide.actions.ResizeToolWindowAction$Up
13097:             2             48  com.intellij.ide.actions.SearchEverywhereAction$3
13098:             2             48  com.intellij.ide.actions.ShowSettingsAction
13099:             2             48  com.intellij.ide.actions.TemplateProjectPropertiesAction
13100:             1             48  com.intellij.ide.actions.TemplateProjectSettingsGroup
13101:             2             48  com.intellij.ide.actions.TemplateProjectStructureAction
13102:             2             48  com.intellij.ide.actions.ViewToolbarAction
13103:             1             48  com.intellij.ide.actions.WeighingNewActionGroup
13104:             1             48  com.intellij.ide.b.a.c
13105:             3             48  com.intellij.ide.bookmarks.BookmarkManager$2
13106:             2             48  com.intellij.ide.bookmarks.actions.GotoBookmarkActionBase$1
13107:             3             48  com.intellij.ide.browsers.LaunchBrowserBeforeRunTaskProvider
13108:             2             48  com.intellij.ide.browsers.actions.OpenFileInDefaultBrowserAction
13109:             1             48  com.intellij.ide.browsers.actions.OpenInBrowserBaseGroupAction$OpenInBrowserEditorContextBarGroupAction
13110:             1             48  com.intellij.ide.browsers.actions.OpenInBrowserBaseGroupAction$OpenInBrowserGroupAction
13111:             1             48  com.intellij.ide.errorTreeView.ErrorViewStructure
13112:             2             48  com.intellij.ide.gdpr.Version
13113:             1             48  com.intellij.ide.hierarchy.LanguageCallHierarchy
13114:             1             48  com.intellij.ide.hierarchy.LanguageMethodHierarchy
13115:             1             48  com.intellij.ide.hierarchy.LanguageTypeHierarchy
13116:             3             48  com.intellij.ide.impl.PsiElementDataValidator
13117:             3             48  com.intellij.ide.impl.convert.ProjectFileVersionState
13118:             3             48  com.intellij.ide.navigationToolbar.NavBarUpdateQueue$1$$Lambda$1488/1340661784
13119:             3             48  com.intellij.ide.palette.impl.PaletteWindow$1
13120:             3             48  com.intellij.ide.palette.impl.PaletteWindow$MyListSelectionListener
13121:             3             48  com.intellij.ide.palette.impl.PaletteWindow$MyPropertyChangeListener
13122:             3             48  com.intellij.ide.palette.impl.PaletteWindow$MyScrollPanePopupHandler
13123:             1             48  com.intellij.ide.plugins.PluginManager$1
13124:             1             48  com.intellij.ide.projectView.actions.MarkRootGroup
13125:             1             48  com.intellij.ide.projectView.impl.AbstractProjectViewPSIPane$1
13126:             3             48  com.intellij.ide.projectView.impl.AbstractProjectViewPSIPane$3
13127:             3             48  com.intellij.ide.projectView.impl.AbstractProjectViewPSIPane$4
13128:             3             48  com.intellij.ide.projectView.impl.AbstractProjectViewPane$$Lambda$1283/1812829074
13129:             3             48  com.intellij.ide.projectView.impl.AbstractProjectViewPane$$Lambda$1284/751635579
13130:             3             48  com.intellij.ide.projectView.impl.ClassesTreeStructureProvider
13131:             3             48  com.intellij.ide.projectView.impl.NestingTreeStructureProvider
13132:             3             48  com.intellij.ide.projectView.impl.PackageViewPane$MyDeletePSIElementProvider
13133:             3             48  com.intellij.ide.projectView.impl.ProjectViewImpl$1
13134:             3             48  com.intellij.ide.projectView.impl.ProjectViewImpl$8
13135:             3             48  com.intellij.ide.projectView.impl.ProjectViewImpl$MyDeletePSIElementProvider
13136:             3             48  com.intellij.ide.projectView.impl.ProjectViewImpl$MyIdeView
13137:             3             48  com.intellij.ide.projectView.impl.ProjectViewPane$$Lambda$1281/1191139907
13138:             2             48  com.intellij.ide.projectView.impl.ProjectViewSharedSettings
13139:             3             48  com.intellij.ide.scratch.ScratchProjectViewPane$MyStructureProvider
13140:             2             48  com.intellij.ide.ui.OptionsTopHitProvider$CachedOptions
13141:             3             48  com.intellij.ide.ui.SplitterProportionsDataImpl
13142:             3             48  com.intellij.ide.ui.laf.darcula.ui.DarculaComboBoxUI$3
13143:             3             48  com.intellij.ide.ui.laf.intellij.WinIntelliJTextBorder
13144:             1             48  com.intellij.ide.ui.search.IndexedCharsInterner$1
13145:             3             48  com.intellij.ide.util.treeView.AbstractTreeUi$7
13146:             2             48  com.intellij.ide.util.treeView.TreeState$Match
13147:             2             48  com.intellij.injected.editor.MarkupModelWindow
13148:             1             48  com.intellij.j2ee.openapi.impl.JavaeeAppDomFileDescription
13149:             1             48  com.intellij.j2ee.web.WebDomFileDescription
13150:             1             48  com.intellij.j2ee.web.WebFragmentDomFileDescription
13151:             3             48  com.intellij.j2ee.web.WebProjectComponent
13152:             1             48  com.intellij.j2ee.webSphere.descriptor.WebSphereWebDescription
13153:             3             48  com.intellij.j2meplugin.module.ExplodedDirectoryWatchedRootProvider
13154:             3             48  com.intellij.jam.JamSemContributor
13155:             3             48  com.intellij.jam.JamSemContributor$$Lambda$1466/288098435
13156:             3             48  com.intellij.jam.model.util.JamCommonUtil$$Lambda$3987/467320141
13157:             2             48  com.intellij.jam.reflect.JamNumberAttributeMeta$Single
13158:             2             48  com.intellij.javaee.ExternalResourceManagerEx$XMLSchemaVersion
13159:             3             48  com.intellij.javaee.ejb.NewEjbRoleHolder
13160:             3             48  com.intellij.javaee.ejb.NewEjbRoleHolder$$Lambda$2309/362849814
13161:             3             48  com.intellij.javaee.ejb.NewEjbRoleHolder$$Lambda$2310/1086497194
13162:             3             48  com.intellij.javaee.model.annotations.ejb.EjbJamContributor
13163:             3             48  com.intellij.javaee.model.annotations.ejb.EjbJamContributor$3
13164:             3             48  com.intellij.javaee.model.annotations.ejb.EjbJamContributor$4
13165:             3             48  com.intellij.javaee.model.annotations.ejb.EjbRootElementImpl$$Lambda$3696/3410425
13166:             2             48  com.intellij.javaee.model.xml.impl.WebAppImpl$$EnhancerByJetBrainsMainCglib$$397ba65e
13167:             1             48  com.intellij.javaee.module.view.ejb.actions.OpenEjbERDiagramAction$EjbDiagramProvider
13168:             1             48  com.intellij.javaee.module.view.web.WebPageActionGroup
13169:             3             48  com.intellij.javaee.openshift.cloud.view.OS3ToolWindowFactory
13170:             3             48  com.intellij.javaee.openshift.cloud.view.OS3ViewContribution
13171:             1             48  com.intellij.javaee.oss.geronimo.editor.GeronimoAppRootProvider
13172:             1             48  com.intellij.javaee.oss.geronimo.editor.GeronimoEjbRootProvider
13173:             1             48  com.intellij.javaee.oss.geronimo.editor.GeronimoWebRootProvider
13174:             1             48  com.intellij.javaee.oss.glassfish.editor.GlassfishWebRootProvider
13175:             1             48  com.intellij.javaee.oss.jboss.editor.JBossAppRootProvider
13176:             1             48  com.intellij.javaee.oss.jboss.editor.JBossCmpRootProvider
13177:             1             48  com.intellij.javaee.oss.jboss.editor.JBossEjbRootProvider
13178:             1             48  com.intellij.javaee.oss.jboss.editor.JBossWebRootProvider
13179:             1             48  com.intellij.javaee.oss.jetty.server.JettyWebDescription
13180:             2             48  com.intellij.javaee.validation.AppServerSpecificValidatorsProperties
13181:             3             48  com.intellij.javaee.web.validation.JasperValidationTask
13182:             1             48  com.intellij.javaee.weblogic.model.WeblogicEjbJarDomFileDescription
13183:             1             48  com.intellij.javaee.weblogic.model.WeblogicRdbmsJarDomFileDescription
13184:             3             48  com.intellij.javascript.flex.FlexApplicationComponent
13185:             2             48  com.intellij.javascript.flex.mxml.FlexXmlBackedClassesIndex$2
13186:             3             48  com.intellij.javascript.flex.mxml.MxmlLanguageInjector
13187:             3             48  com.intellij.javascript.nodejs.library.NodeModulesDirectoryDecorator
13188:             2             48  com.intellij.javascript.nodejs.library.NodeModulesDirectoryManager$1
13189:             2             48  com.intellij.javascript.testFramework.interfaces.mochaTdd.MochaTddFileStructure
13190:             1             48  com.intellij.javascript.trace.execution.fileDependency.actions.LayoutActionGroup
13191:             1             48  com.intellij.jboss.jbpm.providers.JbpmDomFileDescription
13192:             1             48  com.intellij.jboss.jpdl.JpdlDomFileDescription
13193:             3             48  com.intellij.jboss.jpdl.el.JpdlElInjector
13194:             3             48  com.intellij.jpa.JpaProjectComponent
13195:             3             48  com.intellij.jpa.JpaProjectComponent$$Lambda$638/704930798
13196:             1             48  com.intellij.jpa.MappingDomFileDescription
13197:             2             48  com.intellij.jpa.ORMReferencesUtil$1
13198:             3             48  com.intellij.jpa.OrderByInJavaInjector
13199:             3             48  com.intellij.jpa.OrderByInXmlInjector
13200:             1             48  com.intellij.jpa.PersistenceDomFileDescription
13201:             1             48  com.intellij.jpa.actions.AddJpaProviderSupport
13202:             1             48  com.intellij.jpa.actions.GenerateJpaMappingActionGroup
13203:             1             48  com.intellij.jpa.actions.OpenJpaERDiagramAction$JpaDiagramProvider
13204:             3             48  com.intellij.jpa.model.annotations.mapping.JpaJamContributor$4
13205:             3             48  com.intellij.jpa.model.annotations.mapping.JpaJamContributor$5
13206:             1             48  com.intellij.jsf.FacesDomFileDescription
13207:             3             48  com.intellij.jsf.el.AnnotatedManagedBeanELClassInjector
13208:             3             48  com.intellij.jsf.el.FacesConfigElProvider
13209:             3             48  com.intellij.jsf.flows.el.AnnotatedFlowsELInjector
13210:             3             48  com.intellij.jsf.injection.CssOutputStyleSheetInjector
13211:             3             48  com.intellij.jsf.injection.JsfCssLanguageInjector
13212:             3             48  com.intellij.jsf.references.libraries.JsfJSInjector
13213:             3             48  com.intellij.json.psi.impl.JsonTreeChangePreprocessor
13214:             3             48  com.intellij.jsp.JspElInCssInjector
13215:             1             48  com.intellij.jsp.taglibs.TaglibDomFileDescription
13216:             1             48  com.intellij.jsp.taglibs.TaglibDomFileDescription11
13217:             1             48  com.intellij.lang.ExternalLanguageAnnotators
13218:             1             48  com.intellij.lang.LanguageASTFactory
13219:             1             48  com.intellij.lang.LanguageAnnotators
13220:             1             48  com.intellij.lang.LanguageBraceMatching
13221:             1             48  com.intellij.lang.LanguageCommenters
13222:             1             48  com.intellij.lang.LanguageDocumentation
13223:             1             48  com.intellij.lang.LanguageFormatting
13224:             1             48  com.intellij.lang.LanguageHtmlInlineScriptTokenTypesProvider
13225:             1             48  com.intellij.lang.LanguageImportStatements
13226:             1             48  com.intellij.lang.LanguageNamesValidation
13227:             1             48  com.intellij.lang.LanguageParserDefinitions
13228:             1             48  com.intellij.lang.LanguageRefactoringSupport
13229:             1             48  com.intellij.lang.LanguageTokenSeparatorGenerators
13230:             3             48  com.intellij.lang.ant.config.impl.AntBeforeRunTaskProvider
13231:             3             48  com.intellij.lang.ant.config.impl.AntToolwindowRegistrar
13232:             3             48  com.intellij.lang.ant.config.impl.AntToolwindowRegistrar$1
13233:             3             48  com.intellij.lang.ant.config.impl.AntToolwindowRegistrar$2
13234:             1             48  com.intellij.lang.ant.dom.AntDomFileDescription
13235:             1             48  com.intellij.lang.ant.dom.AntlibDomFileDescription
13236:             3             48  com.intellij.lang.aspectj.build.AjIdeaCompiler
13237:             3             48  com.intellij.lang.aspectj.build.config.AjBuildProcessParametersProvider
13238:             3             48  com.intellij.lang.aspectj.build.config.AjIdeaCompilerSettings
13239:             3             48  com.intellij.lang.aspectj.search.AjClassFinder
13240:             3             48  com.intellij.lang.css.linter.stylelint.StylelintExternalAnnotator
13241:             1             48  com.intellij.lang.findUsages.LanguageFindUsages
13242:             1             48  com.intellij.lang.folding.LanguageFolding
13243:             3             48  com.intellij.lang.java.JavaCommenter
13244:             2             48  com.intellij.lang.java.parser.StatementParser$BraceMode
13245:             3             48  com.intellij.lang.javascript.JSLanguageInjector
13246:             3             48  com.intellij.lang.javascript.JsErrorFilter
13247:             3             48  com.intellij.lang.javascript.buildTools.base.JsbtFileManager$1
13248:             2             48  com.intellij.lang.javascript.buildTools.base.JsbtSortingMode
13249:             3             48  com.intellij.lang.javascript.buildTools.grunt.beforeRun.GruntBeforeRunTaskProvider
13250:             2             48  com.intellij.lang.javascript.buildTools.gulp.GulpfileManager$ManagerState
13251:             3             48  com.intellij.lang.javascript.buildTools.gulp.beforeRun.GulpBeforeRunTaskProvider
13252:             3             48  com.intellij.lang.javascript.buildTools.npm.beforeRun.NpmBeforeRunTaskProvider
13253:             2             48  com.intellij.lang.javascript.completion.JSInsertHandler$ForcedCompleteFunctionType
13254:             2             48  com.intellij.lang.javascript.editor.JSSmartKeysConfigurable
13255:             3             48  com.intellij.lang.javascript.flex.ActionScriptUnusedImportsPassFactory
13256:             3             48  com.intellij.lang.javascript.flex.build.ValidateFlashConfigurationsPrecompileTask
13257:             3             48  com.intellij.lang.javascript.flex.flexunit.FlexUnitAfterCompileTask
13258:             3             48  com.intellij.lang.javascript.flex.flexunit.FlexUnitPrecompileTask
13259:             3             48  com.intellij.lang.javascript.flex.presentation.FlexTreeStructureProvider
13260:             3             48  com.intellij.lang.javascript.flex.presentation.SwfProjectViewStructureProvider
13261:             3             48  com.intellij.lang.javascript.flex.projectStructure.ui.FlexCompositeSdkProjectViewStructureProvider
13262:             2             48  com.intellij.lang.javascript.flex.run.FlashRunnerParameters$AirMobileDebugTransport
13263:             2             48  com.intellij.lang.javascript.flex.run.FlashRunnerParameters$AppDescriptorForEmulator
13264:             2             48  com.intellij.lang.javascript.folding.JSCodeFoldingOptionsProvider
13265:             2             48  com.intellij.lang.javascript.folding.JSCodeFoldingSettingsImpl
13266:             3             48  com.intellij.lang.javascript.frameworks.bindows.BindowsLanguageInjector
13267:             3             48  com.intellij.lang.javascript.frameworks.dojo.DojoLanguageInjector
13268:             2             48  com.intellij.lang.javascript.frameworks.gcl.JSGclReferenceContributor$2
13269:             3             48  com.intellij.lang.javascript.frameworks.mozilla.XulLanguageInjector
13270:             3             48  com.intellij.lang.javascript.index.JSImplicitElementsIndex$2
13271:             2             48  com.intellij.lang.javascript.index.JSImplicitElementsIndex$JSElementProxy
13272:             3             48  com.intellij.lang.javascript.index.JavaScriptPsiTreeChangePreprocessor
13273:             2             48  com.intellij.lang.javascript.index.flags.EnumSetStructureElement
13274:             2             48  com.intellij.lang.javascript.inspections.UnterminatedStatementJSInspection$TerminateStatementFix
13275:             1             48  com.intellij.lang.javascript.json.ProxyingAnnotationHolder
13276:             2             48  com.intellij.lang.javascript.library.JSCorePredefinedLibrariesProvider$3
13277:             3             48  com.intellij.lang.javascript.library.JSLibraryExtDocProviderFactory
13278:             1             48  com.intellij.lang.javascript.library.ui.JSLibrariesMenuGroup
13279:             2             48  com.intellij.lang.javascript.linter.LinterCodeStyleImportSourceTracker$1
13280:             3             48  com.intellij.lang.javascript.linter.eslint.EslintExternalAnnotator
13281:             3             48  com.intellij.lang.javascript.linter.eslint.importer.EslintImportCodeStyleEditorNotificationProvider
13282:             2             48  com.intellij.lang.javascript.linter.gjslint.GjsLintExternalAnnotator
13283:             2             48  com.intellij.lang.javascript.linter.jshint.JSHintExternalAnnotator
13284:             3             48  com.intellij.lang.javascript.linter.tslint.editor.TsLintCodeStyleEditorNotificationProvider
13285:             3             48  com.intellij.lang.javascript.macro.JSSuggestVariableNameMacro
13286:             2             48  com.intellij.lang.javascript.psi.ecmal4.impl.JSClassBase$ListType
13287:             2             48  com.intellij.lang.javascript.psi.impl.JSPsiImplUtils$NamedEntityKind
13288:             2             48  com.intellij.lang.javascript.psi.jsdoc.impl.JSDocTagReferencesHolderImpl$2
13289:             2             48  com.intellij.lang.javascript.psi.resolve.JSClassResolver$$Lambda$2636/1768757631
13290:             2             48  com.intellij.lang.javascript.psi.resolve.JSCollectMembersToImplementProcessor$1
13291:             2             48  com.intellij.lang.javascript.psi.resolve.JSInheritanceUtil$$Lambda$5407/1554030872
13292:             3             48  com.intellij.lang.javascript.psi.types.JSTypeSerializer$createListSerializer$1
13293:             1             48  com.intellij.lang.javascript.psi.types.JSTypeSubstitutor$1
13294:             2             48  com.intellij.lang.javascript.psi.util.ControlFlowUtils$BreakFinder
13295:             2             48  com.intellij.lang.javascript.refactoring.BasicJavascriptNamesValidator
13296:             2             48  com.intellij.lang.javascript.service.JSFileHighlightingInfo
13297:             1             48  com.intellij.lang.javascript.service.JSLanguageServiceAnnotationResult
13298:             3             48  com.intellij.lang.javascript.service.JSLanguageServiceBase$1
13299:             2             48  com.intellij.lang.javascript.service.JSLanguageServiceUpdateContext
13300:             2             48  com.intellij.lang.javascript.service.highlighting.JSLanguageServiceHighlightingStateHolder$CalcState
13301:             1             48  com.intellij.lang.javascript.template.postfix.JSElseStatementPostfixTemplate
13302:             1             48  com.intellij.lang.javascript.template.postfix.JSIfStatementPostfixTemplate
13303:             1             48  com.intellij.lang.javascript.template.postfix.JSNotNullStatementPostfixTemplate
13304:             1             48  com.intellij.lang.javascript.template.postfix.JSNullStatementPostfixTemplate
13305:             1             48  com.intellij.lang.javascript.template.postfix.JSParenthesizedPostfixTemplate
13306:             1             48  com.intellij.lang.javascript.template.postfix.JSUndefPostfixTemplate
13307:             2             48  com.intellij.lang.javascript.types.JSReferenceListElementType
13308:             2             48  com.intellij.lang.javascript.validation.ES6KeywordHighlighterVisitor
13309:             2             48  com.intellij.lang.javascript.validation.JSFunctionSignatureChecker$$Lambda$5458/2878831
13310:             3             48  com.intellij.lang.javascript.validation.JSSemanticKeywordHighlighterFactory
13311:             1             48  com.intellij.lang.parameterInfo.LanguageParameterInfo
13312:             3             48  com.intellij.lang.properties.PropertiesFilesManager
13313:             3             48  com.intellij.lang.properties.ResourceBundleManager
13314:             3             48  com.intellij.lang.properties.ResourceBundleManager$1
13315:             3             48  com.intellij.lang.properties.projectView.ResourceBundleGrouper
13316:             3             48  com.intellij.lang.properties.psi.impl.PropertiesPsiTreeChangePreprocessor
13317:             3             48  com.intellij.lang.typescript.TypeScriptSettings
13318:             3             48  com.intellij.lang.typescript.compiler.TypeScriptLanguageServiceProvider
13319:             3             48  com.intellij.lang.typescript.compiler.TypeScriptToolWindowProvider
13320:             3             48  com.intellij.lang.typescript.compiler.action.before.TypeScriptCompileBeforeRunTaskProvider
13321:             1             48  com.intellij.lang.typescript.library.TypeScriptLibraries
13322:             1             48  com.intellij.lang.typescript.settings.JSImportOptionsProvider
13323:             3             48  com.intellij.lang.typescript.tsconfig.TypeScriptConfigServiceImpl$$Lambda$1851/1026185354
13324:             3             48  com.intellij.lang.typescript.tsconfig.graph.JSPsiTreeChangeListener
13325:             1             48  com.intellij.lexer._XmlLexer
13326:             3             48  com.intellij.notification.impl.IdeNotificationArea$$Lambda$2517/1314977596
13327:             3             48  com.intellij.notification.impl.MacEventReader$ProjectTracker
13328:             3             48  com.intellij.notification.impl.NotificationsManagerImpl$ProjectNotificationsComponent
13329:             1             48  com.intellij.openapi.actionSystem.EmptyActionGroup
13330:             2             48  com.intellij.openapi.actionSystem.KeyboardGestureAction$ModifierType
13331:             2             48  com.intellij.openapi.actionSystem.KeyboardModifierGestureShortcut$DblClick
13332:             3             48  com.intellij.openapi.actionSystem.ex.ComboBoxAction$ComboBoxButton$MyButtonSynchronizer
13333:             2             48  com.intellij.openapi.actionSystem.impl.SimpleDataContext
13334:             2             48  com.intellij.openapi.application.impl.ApplicationImpl$2
13335:             2             48  com.intellij.openapi.application.impl.ApplicationInfoImpl$UpdateUrlsImpl
13336:             2             48  com.intellij.openapi.command.impl.UndoManagerImpl$1
13337:             2             48  com.intellij.openapi.components.StateStorageOperation
13338:             2             48  com.intellij.openapi.components.StorageScheme
13339:             3             48  com.intellij.openapi.diagnostic.DefaultLogger
13340:             2             48  com.intellij.openapi.editor.actions.CloneCaretActionHandler
13341:             2             48  com.intellij.openapi.editor.actions.ConvertIndentsActionBase$Handler
13342:             2             48  com.intellij.openapi.editor.actions.CutLineActionHandler
13343:             2             48  com.intellij.openapi.editor.actions.DeleteToWordEndAction$Handler
13344:             2             48  com.intellij.openapi.editor.actions.IncrementalFindAction$Handler
13345:             2             48  com.intellij.openapi.editor.actions.IndentSelectionAction$Handler
13346:             2             48  com.intellij.openapi.editor.actions.KillRingSaveAction$Handler
13347:             2             48  com.intellij.openapi.editor.actions.MoveCaretLeftOrRightHandler
13348:             2             48  com.intellij.openapi.editor.actions.MoveCaretLeftOrRightHandler$Direction
13349:             2             48  com.intellij.openapi.editor.actions.MoveCaretLeftOrRightWithSelectionHandler
13350:             1             48  com.intellij.openapi.editor.colors.impl.AbstractColorsScheme$1
13351:             2             48  com.intellij.openapi.editor.colors.impl.EditorColorsManagerImpl$State
13352:             3             48  com.intellij.openapi.editor.impl.DocumentImpl$$Lambda$1147/1352987618
13353:             2             48  com.intellij.openapi.editor.impl.EditorFactoryImpl$1$$Lambda$413/1954771810
13354:             3             48  com.intellij.openapi.editor.impl.ForcedSoftWrapsNotificationProvider
13355:             2             48  com.intellij.openapi.editor.impl.softwrap.SoftWrapDrawingType
13356:             2             48  com.intellij.openapi.editor.markup.HighlighterTargetArea
13357:             2             48  com.intellij.openapi.editor.richcopy.settings.RichCopySettings
13358:             2             48  com.intellij.openapi.extensions.ExtensionPoint$Kind
13359:             2             48  com.intellij.openapi.extensions.Extensions$AreaClassConfiguration
13360:             1             48  com.intellij.openapi.externalSystem.ExternalStateModule
13361:             1             48  com.intellij.openapi.externalSystem.action.ExternalSystemRunConfigurationMenu
13362:             3             48  com.intellij.openapi.externalSystem.util.CompositeRunnable
13363:             1             48  com.intellij.openapi.file.exclude.ui.MarkFileGroup
13364:             1             48  com.intellij.openapi.fileChooser.FileSaverDescriptor
13365:             2             48  com.intellij.openapi.fileChooser.ex.LocalFsFinder$FileChooserFilter
13366:             3             48  com.intellij.openapi.fileEditor.impl.EditorTabbedContainer$$Lambda$935/17873739
13367:             3             48  com.intellij.openapi.fileEditor.impl.EditorTabbedContainer$3
13368:             3             48  com.intellij.openapi.fileEditor.impl.EditorTabbedContainer$4
13369:             3             48  com.intellij.openapi.fileEditor.impl.EditorTabbedContainer$MyDataProvider
13370:             3             48  com.intellij.openapi.fileEditor.impl.EditorTabbedContainer$MyShadowBorder
13371:             3             48  com.intellij.openapi.fileEditor.impl.EditorsSplitters$UIBuilder
13372:             1             48  com.intellij.openapi.fileEditor.impl.FileDocumentManagerImpl
13373:             3             48  com.intellij.openapi.fileEditor.impl.FileEditorManagerImpl$MyBorder
13374:             3             48  com.intellij.openapi.fileEditor.impl.FileEditorManagerImpl$MyEditorPropertyChangeListener
13375:             2             48  com.intellij.openapi.fileEditor.impl.FileEditorProviderManagerImpl
13376:             3             48  com.intellij.openapi.fileEditor.impl.IdeDocumentHistoryImpl$1
13377:             2             48  com.intellij.openapi.fileEditor.impl.LoadTextUtil$AutoDetectionReason
13378:             3             48  com.intellij.openapi.fileEditor.impl.NonProjectFileWritingAccessProvider
13379:             3             48  com.intellij.openapi.fileEditor.impl.PsiAwareFileEditorManagerImpl$MyProblemListener
13380:             3             48  com.intellij.openapi.fileEditor.impl.PsiAwareFileEditorManagerImpl$MyPsiTreeChangeListener
13381:             3             48  com.intellij.openapi.fileEditor.impl.text.LargeFileNotificationProvider
13382:             3             48  com.intellij.openapi.fileEditor.impl.text.TextEditorPsiDataProvider
13383:             1             48  com.intellij.openapi.fileTypes.SyntaxHighlighterLanguageFactory
13384:             3             48  com.intellij.openapi.fileTypes.impl.FileTypeManagerImpl$2$$Lambda$1990/301339542
13385:             1             48  com.intellij.openapi.keymap.impl.keyGestures.StateContext
13386:             2             48  com.intellij.openapi.module.CmpFieldRefactoringSupport
13387:             2             48  com.intellij.openapi.module.CmrFieldRefactoringSupport
13388:             1             48  com.intellij.openapi.module.EjbDomFileDescription
13389:             3             48  com.intellij.openapi.module.impl.ModuleFileListener
13390:             3             48  com.intellij.openapi.module.impl.ModuleManagerComponent$1
13391:             3             48  com.intellij.openapi.module.impl.scopes.ModuleWithDependentsScope$$Lambda$2806/1051466803
13392:             2             48  com.intellij.openapi.project.DumbService$$Lambda$1758/301719677
13393:             2             48  com.intellij.openapi.projectRoots.impl.ProjectJdkImpl$MyRootProvider
13394:             2             48  com.intellij.openapi.projectRoots.impl.RootsAsVirtualFilePointers
13395:             2             48  com.intellij.openapi.roots.impl.CompilerProjectExtensionImpl
13396:             3             48  com.intellij.openapi.roots.impl.CompilerProjectExtensionImpl$MyProjectExtension
13397:             3             48  com.intellij.openapi.roots.impl.CompilerProjectExtensionImpl$MyWatchedRootsProvider
13398:             2             48  com.intellij.openapi.roots.impl.DirectoryIndexImpl$4
13399:             3             48  com.intellij.openapi.roots.impl.LanguageLevelProjectExtensionImpl$MyProjectExtension
13400:             1             48  com.intellij.openapi.roots.impl.ModuleRootManagerComponent
13401:             3             48  com.intellij.openapi.roots.impl.NonProjectDirectoryInfo
13402:             3             48  com.intellij.openapi.roots.impl.OrderEnumeratorBase$$Lambda$1236/1267271124
13403:             2             48  com.intellij.openapi.roots.impl.OrderEnumeratorBase$ProcessEntryAction
13404:             2             48  com.intellij.openapi.roots.impl.OrderRootsCache$CacheKey
13405:             3             48  com.intellij.openapi.roots.impl.ProjectPackageIndexImpl
13406:             1             48  com.intellij.openapi.roots.impl.RootIndex$OrderEntryGraph
13407:             1             48  com.intellij.openapi.roots.impl.RootIndex$OrderEntryGraph$1
13408:             1             48  com.intellij.openapi.roots.impl.RootIndex$OrderEntryGraph$2
13409:             3             48  com.intellij.openapi.roots.impl.libraries.ProjectLibraryTable$LibraryStateSplitter
13410:             2             48  com.intellij.openapi.ui.DialogWrapper$DialogStyle
13411:             2             48  com.intellij.openapi.ui.impl.ShadowBorderPainter$Shadow
13412:             2             48  com.intellij.openapi.ui.popup.Balloon$Layer
13413:             2             48  com.intellij.openapi.updateSettings.impl.CheckForUpdateAction
13414:             1             48  com.intellij.openapi.updateSettings.impl.UpdateChecker$showUpdateResult$runnable$1
13415:             2             48  com.intellij.openapi.util.ActionCallback$ExecutedExecutionCallback
13416:             2             48  com.intellij.openapi.util.ActionCallback$IgnoreExecutionCallback
13417:             2             48  com.intellij.openapi.util.Bitness
13418:             1             48  com.intellij.openapi.util.IconLoader$1
13419:             2             48  com.intellij.openapi.util.KeyWithDefaultValue$2
13420:             3             48  com.intellij.openapi.util.ThreadLocalCachedByteArray
13421:             3             48  com.intellij.openapi.util.ThreadLocalCachedIntArray
13422:             2             48  com.intellij.openapi.util.io.PathExecLazyValue
13423:             2             48  com.intellij.openapi.util.io.PathExecLazyValue
13424:             1             48  com.intellij.openapi.util.objectTree.ObjectTree
13425:             2             48  com.intellij.openapi.vcs.RemoteDifferenceStrategy
13426:             2             48  com.intellij.openapi.vcs.VcsApplicationSettings
13427:             2             48  com.intellij.openapi.vcs.VcsConfiguration$StandardConfirmation
13428:             2             48  com.intellij.openapi.vcs.VcsRoot
13429:             2             48  com.intellij.openapi.vcs.VcsType
13430:             1             48  com.intellij.openapi.vcs.actions.VcsQuickListPopupAction$NonVcsAware
13431:             1             48  com.intellij.openapi.vcs.actions.VcsQuickListPopupAction$VcsAware
13432:             2             48  com.intellij.openapi.vcs.changes.ChangeListManagerImpl$$Lambda$2215/1441939489
13433:             3             48  com.intellij.openapi.vcs.changes.ChangeListManagerImpl$$Lambda$510/1221546285
13434:             3             48  com.intellij.openapi.vcs.changes.ChangeListManagerImpl$1
13435:             3             48  com.intellij.openapi.vcs.changes.ChangeListManagerImpl$6
13436:             3             48  com.intellij.openapi.vcs.changes.ChangesViewManager$$Lambda$505/2139712332
13437:             3             48  com.intellij.openapi.vcs.changes.ChangesViewManager$1
13438:             3             48  com.intellij.openapi.vcs.changes.ChangesViewManager$Expander
13439:             3             48  com.intellij.openapi.vcs.changes.DnDActivateOnHoldTargetContent$$Lambda$786/1595213036
13440:             1             48  com.intellij.openapi.vcs.changes.VcsDirtyScopeImpl
13441:             3             48  com.intellij.openapi.vcs.changes.VcsDirtyScopeManagerImpl$$Lambda$789/169818569
13442:             3             48  com.intellij.openapi.vcs.changes.VcsEventWatcher
13443:             2             48  com.intellij.openapi.vcs.changes.VcsInvalidated
13444:             2             48  com.intellij.openapi.vcs.changes.actions.DeleteUnversionedFilesAction
13445:             2             48  com.intellij.openapi.vcs.changes.actions.ScheduleForAdditionAction
13446:             1             48  com.intellij.openapi.vcs.changes.actions.SelectChangesGroupingActionGroup
13447:             3             48  com.intellij.openapi.vcs.changes.committed.CommittedChangesCache$1
13448:             3             48  com.intellij.openapi.vcs.changes.conflicts.ChangelistConflictNotificationProvider
13449:             3             48  com.intellij.openapi.vcs.changes.conflicts.ChangelistConflictTracker$2
13450:             3             48  com.intellij.openapi.vcs.changes.shelf.ShelvedChangesViewManager$5
13451:             3             48  com.intellij.openapi.vcs.changes.shelf.ShelvedChangesViewManager$MyShelveDeleteProvider
13452:             3             48  com.intellij.openapi.vcs.changes.ui.ChangesBrowserNodeCopyProvider
13453:             3             48  com.intellij.openapi.vcs.changes.ui.ChangesListView$$Lambda$502/527251970
13454:             3             48  com.intellij.openapi.vcs.changes.ui.ChangesViewContentManager$MyVcsListener
13455:             1             48  com.intellij.openapi.vcs.checkout.CheckoutActionGroup
13456:             1             48  com.intellij.openapi.vcs.checkout.NewProjectFromVCSGroup
13457:             1             48  com.intellij.openapi.vcs.configurable.VcsOptionsTopHitProvider$2
13458:             3             48  com.intellij.openapi.vcs.contentAnnotation.VcsContentAnnotationSettings
13459:             2             48  com.intellij.openapi.vcs.ex.LineStatusTracker$LocalLineStatusMarkerRenderer
13460:             2             48  com.intellij.openapi.vcs.impl.ContentRevisionCache$UniqueType
13461:             3             48  com.intellij.openapi.vcs.impl.LineStatusTrackerManager$MyChangeListListener
13462:             3             48  com.intellij.openapi.vcs.impl.ProjectLevelVcsManagerImpl$$Lambda$776/2018097480
13463:             1             48  com.intellij.openapi.vcs.roots.VcsRootProblemNotifier
13464:             2             48  com.intellij.openapi.vfs.VirtualFileVisitor$Result
13465:             2             48  com.intellij.openapi.vfs.encoding.EncodingManagerImpl$$Lambda$721/337083678
13466:             3             48  com.intellij.openapi.vfs.newvfs.events.VFileEvent$$Lambda$115/147406904
13467:             1             48  com.intellij.openapi.vfs.newvfs.persistent.FSRecords$DbConnection$2
13468:             2             48  com.intellij.openapi.wm.StatusBarWidget$PlatformType
13469:             3             48  com.intellij.openapi.wm.impl.IdeFocusManagerImpl
13470:             3             48  com.intellij.openapi.wm.impl.IdeFrameImpl$$Lambda$363/1312791689
13471:             3             48  com.intellij.openapi.wm.impl.IdeFrameImpl$3
13472:             3             48  com.intellij.openapi.wm.impl.IdeRootPane$1
13473:             3             48  com.intellij.openapi.wm.impl.SideStack
13474:             3             48  com.intellij.openapi.wm.impl.ToolWindowManagerImpl$$Lambda$444/248051276
13475:             3             48  com.intellij.openapi.wm.impl.ToolWindowManagerImpl$4
13476:             3             48  com.intellij.openapi.wm.impl.ToolWindowManagerImpl$MyInternalDecoratorListener
13477:             3             48  com.intellij.openapi.wm.impl.ToolWindowManagerImpl$MyToolWindowPropertyChangeListener
13478:             3             48  com.intellij.openapi.wm.impl.WindowDressing
13479:             3             48  com.intellij.openapi.wm.impl.content.ContentComboLabel$2
13480:             1             48  com.intellij.openapi.wm.impl.status.EncodingPanel
13481:             3             48  com.intellij.openapi.wm.impl.status.IdeStatusBarImpl$IconPresentationWrapper$1
13482:             3             48  com.intellij.openapi.wm.impl.status.InfoAndProgressPanel$$Lambda$350/1443890667
13483:             3             48  com.intellij.openapi.wm.impl.status.InfoAndProgressPanel$2
13484:             2             48  com.intellij.openapi.wm.impl.status.InlineProgressIndicator$MyComponent$1
13485:             3             48  com.intellij.openapi.wm.impl.status.MemoryUsagePanel$$Lambda$353/631640714
13486:             3             48  com.intellij.openapi.wm.impl.status.StatusBarUI
13487:             3             48  com.intellij.openapi.wm.impl.status.StatusPanel$3
13488:             1             48  com.intellij.openapi.wm.impl.welcomeScreen.MoveProjectToGroupActionGroup
13489:             3             48  com.intellij.packageDependencies.ChangeListsScopesProvider
13490:             3             48  com.intellij.packageDependencies.DependencyValidationManagerImpl$ScopesStateSplitter
13491:             3             48  com.intellij.packaging.impl.artifacts.ArtifactManagerStateSplitter
13492:             3             48  com.intellij.packaging.impl.compiler.ArtifactsCompiler
13493:             2             48  com.intellij.patterns.CharPattern$1
13494:             2             48  com.intellij.patterns.GenericDomValuePattern
13495:             3             48  com.intellij.patterns.PsiJavaPatterns$5
13496:             2             48  com.intellij.patterns.PsiMethodCallPattern$1
13497:             2             48  com.intellij.patterns.PsiTypeCastExpressionPattern
13498:             2             48  com.intellij.patterns.PsiTypePattern
13499:             2             48  com.intellij.patterns.StringPattern$8
13500:             3             48  com.intellij.patterns.XmlElementPattern$XmlEntityRefPattern$1
13501:             2             48  com.intellij.patterns.XmlTagPattern$5
13502:             2             48  com.intellij.persistence.diagram.PersistenceDiagramProvider$4
13503:             2             48  com.intellij.persistence.diagram.PersistenceDiagramProvider$5
13504:             3             48  com.intellij.play.console.PlayConsoleCompletionContributor$ModulesAsParametersFunction
13505:             3             48  com.intellij.plugins.drools.lang.psi.searchers.DroolsClassFinder
13506:             3             48  com.intellij.plugins.intelliLang.inject.JSCommentInjector
13507:             3             48  com.intellij.plugins.intelliLang.inject.JSConfigurationInjector
13508:             2             48  com.intellij.profile.codeInspection.ProjectInspectionProfileManager$2
13509:             3             48  com.intellij.profile.codeInspection.ProjectInspectionProfileManager$ProjectInspectionProfileStartUpActivity$runActivity$1$2
13510:             1             48  com.intellij.psi.JVMElementFactories
13511:             1             48  com.intellij.psi.LanguageFileViewProviders
13512:             1             48  com.intellij.psi.LanguageSubstitutors
13513:             3             48  com.intellij.psi.RefQueueIndex$2
13514:             3             48  com.intellij.psi.RefQueueIndex$3
13515:             3             48  com.intellij.psi.SyntaxTraverser$Api$1
13516:             3             48  com.intellij.psi.SyntaxTraverser$Api$2
13517:             3             48  com.intellij.psi.SyntaxTraverser$Api$3
13518:             3             48  com.intellij.psi.SyntaxTraverser$ApiEx$1
13519:             2             48  com.intellij.psi.codeStyle.CodeStyleSettings$HtmlTagNewLineStyle
13520:             3             48  com.intellij.psi.codeStyle.LegacyCodeStyleSettingsManager
13521:             3             48  com.intellij.psi.codeStyle.ProjectCodeStyleSettingsManager$StateSplitter
13522:             1             48  com.intellij.psi.codeStyle.ReferenceAdjuster$Extension
13523:             3             48  com.intellij.psi.codeStyle.autodetect.DetectedIndentOptionsNotificationProvider
13524:             3             48  com.intellij.psi.controlFlow.ControlFlowFactory
13525:             3             48  com.intellij.psi.css.CssErrorFilter
13526:             3             48  com.intellij.psi.css.CssLanguageInjector
13527:             2             48  com.intellij.psi.css.CssPropertyInfo
13528:             3             48  com.intellij.psi.css.CssPsiTreeChangeProcessor
13529:             3             48  com.intellij.psi.css.UpdateCssCopyrightsProvider
13530:             2             48  com.intellij.psi.css.browse.CssColorGutterRenderer
13531:             2             48  com.intellij.psi.css.descriptor.CssPseudoSelectorDescriptorStub
13532:             2             48  com.intellij.psi.css.impl.CssElementTypes$CssDeclarationBlockElementType
13533:             2             48  com.intellij.psi.css.impl.descriptor.value.CssSelectorValue
13534:             2             48  com.intellij.psi.css.impl.descriptor.value.CssSemitonesValue
13535:             1             48  com.intellij.psi.css.impl.lexing._CssLexer
13536:             2             48  com.intellij.psi.css.impl.util.completion.LengthUserLookup
13537:             2             48  com.intellij.psi.css.impl.util.completion.provider.CssCustomPropertiesCompletionProvider
13538:             2             48  com.intellij.psi.css.impl.util.completion.provider.CssCustomPropertySetCompletionProvider
13539:             3             48  com.intellij.psi.css.impl.util.completion.provider.CssPropertyValueCompletionProvider
13540:             2             48  com.intellij.psi.css.impl.util.completion.provider.CssSelectorSuffixCompletionProvider
13541:             3             48  com.intellij.psi.css.impl.util.completion.provider.PseudoSelectorsCompletionProvider
13542:             3             48  com.intellij.psi.css.impl.util.completion.provider.TagsCompletionProvider
13543:             3             48  com.intellij.psi.css.resolve.impl.XhtmlFileInfo$$Lambda$3401/2135063958
13544:             3             48  com.intellij.psi.filters.position.PatternFilter
13545:             1             48  com.intellij.psi.formatter.LanguageWhiteSpaceFormattingStrategy
13546:             3             48  com.intellij.psi.formatter.StaticSymbolWhiteSpaceDefinitionStrategy
13547:             3             48  com.intellij.psi.impl.JavaCodeBlockModificationListener
13548:             3             48  com.intellij.psi.impl.JavaPsiFacadeImpl$$Lambda$797/1673848440
13549:             3             48  com.intellij.psi.impl.JavaSimplePropertyIndex$getValueExternalizer$1
13550:             3             48  com.intellij.psi.impl.JvmPsiConversionHelperImpl
13551:             1             48  com.intellij.psi.impl.LanguageConstantExpressionEvaluator
13552:             2             48  com.intellij.psi.impl.PsiDocumentManagerImpl$$Lambda$465/1354299311
13553:             2             48  com.intellij.psi.impl.PsiDocumentManagerImpl$2
13554:             3             48  com.intellij.psi.impl.PsiFileFactoryImpl
13555:             2             48  com.intellij.psi.impl.PsiManagerImpl$5
13556:             3             48  com.intellij.psi.impl.PsiShortNamesCacheImpl
13557:             3             48  com.intellij.psi.impl.compiled.ClassFileStubBuilder
13558:             3             48  com.intellij.psi.impl.include.FileIncludeIndex$2
13559:             3             48  com.intellij.psi.impl.include.FileIncludeIndex$3
13560:             3             48  com.intellij.psi.impl.java.JavaFunctionalExpressionIndex$3
13561:             3             48  com.intellij.psi.impl.migration.MigrationElementFinder
13562:             3             48  com.intellij.psi.impl.search.JavaClassInheritorsSearcher$$Lambda$2524/1188030935
13563:             3             48  com.intellij.psi.impl.search.JavaNullMethodArgumentIndex$1
13564:             2             48  com.intellij.psi.impl.source.PostprocessReformattingAspect$1
13565:             3             48  com.intellij.psi.impl.source.codeStyle.PersistableCodeStyleSchemes$1
13566:             3             48  com.intellij.psi.impl.source.html.HtmlConditionalCommentInjector
13567:             3             48  com.intellij.psi.impl.source.html.HtmlScriptLanguageInjector
13568:             3             48  com.intellij.psi.impl.source.html.ScriptSupportUtil$$Lambda$4233/1672528251
13569:             3             48  com.intellij.psi.impl.source.jsp.TaglibIndex$4
13570:             3             48  com.intellij.psi.impl.source.resolve.PsiResolveHelperImpl
13571:             3             48  com.intellij.psi.impl.source.resolve.graphInference.InferenceSessionContainer$$Lambda$5289/187071158
13572:             2             48  com.intellij.psi.impl.source.resolve.reference.ReferenceProvidersRegistryImpl$1
13573:             3             48  com.intellij.psi.impl.source.resolve.reference.impl.providers.XsdRegExpInjector
13574:             3             48  com.intellij.psi.impl.source.tree.injected.JavaConcatenationInjectorManager$1
13575:             3             48  com.intellij.psi.impl.source.tree.injected.JavaConcatenationInjectorManager$Concatenation2InjectorAdapter
13576:             3             48  com.intellij.psi.impl.source.tree.injected.ListenerWrapperMap
13577:             3             48  com.intellij.psi.scope.JavaScopeProcessorEvent
13578:             2             48  com.intellij.psi.search.ProjectScope$1
13579:             3             48  com.intellij.psi.search.ProjectScopeBuilderImpl
13580:             3             48  com.intellij.psi.search.scope.packageSet.UpdatingScopeOnProjectStructureChangeListener
13581:             3             48  com.intellij.psi.stubs.StubIndexState
13582:             2             48  com.intellij.psi.stubs.StubUpdatingIndex$2
13583:             3             48  com.intellij.psi.stubsHierarchy.impl.StubHierarchyIndex$1
13584:             3             48  com.intellij.psi.util.TypeConversionUtil$$Lambda$3659/1255176028
13585:             3             48  com.intellij.refactoring.changeSignature.inplace.ChangeSignaturePassFactory
13586:             1             48  com.intellij.refactoring.changeSignature.inplace.LanguageChangeSignatureDetectors
13587:             2             48  com.intellij.refactoring.introduceParameter.AbstractJavaInplaceIntroducer$1
13588:             2             48  com.intellij.refactoring.introduceVariable.JavaVariableInplaceIntroducer$1
13589:             2             48  com.intellij.refactoring.rename.inplace.InplaceRefactoring$3
13590:             2             48  com.intellij.refactoring.rename.inplace.JavaResolveSnapshot
13591:             3             48  com.intellij.refactoring.rename.inplace.MemberInplaceRenameHandler
13592:             3             48  com.intellij.refactoring.rename.inplace.VariableInplaceRenameHandler
13593:             3             48  com.intellij.refactoring.util.ClsElementWritingAccessProvider
13594:             3             48  com.intellij.remoteServer.util.CloudNotifier
13595:             1             48  com.intellij.seam.PageflowDomFileDescription
13596:             1             48  com.intellij.seam.PagesDomFileDescription
13597:             1             48  com.intellij.seam.PagesFileDomFileDescription
13598:             1             48  com.intellij.seam.SeamDomFileDescription
13599:             3             48  com.intellij.seam.SeamElXmlConfigProvider
13600:             3             48  com.intellij.seam.el.SeamClassELInjector
13601:             1             48  com.intellij.spellchecker.SpellCheckerManager
13602:             3             48  com.intellij.spellchecker.state.ProjectDictionarySplitter
13603:             1             48  com.intellij.spellchecker.tokenizer.LanguageSpellchecking
13604:             3             48  com.intellij.spring.SpringResourceProvider
13605:             3             48  com.intellij.spring.aop.SpringAopInjector
13606:             2             48  com.intellij.spring.aop.SpringAopParameterScopeEnlarger$$Lambda$4534/2037893340
13607:             3             48  com.intellij.spring.aop.SpringAopProvider$$Lambda$3771/1490678930
13608:             3             48  com.intellij.spring.boot.application.SpringBootApplicationServiceImpl$$Lambda$2133/564260053
13609:             2             48  com.intellij.spring.boot.application.metadata.SpringBootApplicationMetaConfigKey$Deprecation$DeprecationLevel
13610:             3             48  com.intellij.spring.boot.application.metadata.SpringBootApplicationMetaConfigKeyManagerImpl$$Lambda$2618/1013106079
13611:             3             48  com.intellij.spring.boot.application.metadata.SpringBootConfigurationMetadataParser$$Lambda$2621/332579760
13612:             3             48  com.intellij.spring.boot.application.metadata.SpringBootConfigurationMetadataParser$$Lambda$2622/1894619598
13613:             3             48  com.intellij.spring.boot.application.metadata.SpringBootMetadataEditorNotificationsProvider$1
13614:             3             48  com.intellij.spring.boot.application.properties.SpringBootApplicationPropertiesValueRegexInjector
13615:             2             48  com.intellij.spring.boot.model.SpringBootModelConfigFileNameContributor$CustomizationPresentation
13616:             3             48  com.intellij.spring.boot.model.autoconfigure.AutoConfigureMetadataIndex$getValueExternalizer$1
13617:             2             48  com.intellij.spring.boot.model.autoconfigure.conditions.jam.ConditionalOnEndpointBase$PrefixSuffixApplicationMetaConfigKeyConverter
13618:             3             48  com.intellij.spring.boot.model.autoconfigure.jam.SpringBootAutoconfigureSpringELInjector
13619:             3             48  com.intellij.spring.boot.run.lifecycle.ApplicationUrlLiveProperty$$Lambda$3033/759955632
13620:             3             48  com.intellij.spring.boot.run.lifecycle.ApplicationUrlLiveProperty$$Lambda$3034/1754807465
13621:             3             48  com.intellij.spring.boot.run.lifecycle.ReadyStateLiveProperty$1
13622:             3             48  com.intellij.spring.boot.run.lifecycle.ServerConfigurationLiveProperty$$Lambda$3031/1134845343
13623:             3             48  com.intellij.spring.boot.run.lifecycle.ServerConfigurationLiveProperty$$Lambda$3032/556898265
13624:             3             48  com.intellij.spring.boot.run.lifecycle.SpringBootApplicationInfoImpl$$Lambda$3035/192479998
13625:             3             48  com.intellij.spring.boot.run.lifecycle.SpringBootApplicationInfoImpl$$Lambda$3036/581769804
13626:             3             48  com.intellij.spring.boot.run.lifecycle.SpringBootApplicationInfoImpl$5
13627:             3             48  com.intellij.spring.boot.run.lifecycle.SpringBootApplicationLifecycleManagerImpl$1$$Lambda$3042/1404582729
13628:             3             48  com.intellij.spring.boot.run.lifecycle.SpringBootApplicationLifecycleManagerImpl$1$$Lambda$3043/1909527751
13629:             3             48  com.intellij.spring.boot.run.lifecycle.SpringBootApplicationLifecycleManagerImpl$1$$Lambda$3044/876718441
13630:             3             48  com.intellij.spring.boot.run.lifecycle.SpringBootModuleDescriptor
13631:             2             48  com.intellij.spring.boot.run.lifecycle.tabs.HealthEndpointTabSettings
13632:             3             48  com.intellij.spring.contexts.chooser.SpringMultipleContextsEditorNotification
13633:             3             48  com.intellij.spring.contexts.model.SpringComponentScanModel$$Lambda$3859/2071039055
13634:             3             48  com.intellij.spring.data.commons.ql.SpringDataQLInjector
13635:             3             48  com.intellij.spring.data.commons.util.SpringDataUtil$$Lambda$3577/789762027
13636:             1             48  com.intellij.spring.dom.SpringDomFileDescription
13637:             3             48  com.intellij.spring.el.SpringElContextInjector
13638:             3             48  com.intellij.spring.el.SpringElInjector
13639:             1             48  com.intellij.spring.facet.SpringFacetImpl
13640:             3             48  com.intellij.spring.impl.SpringManagerImpl
13641:             3             48  com.intellij.spring.index.SpringXmlBeansIndex$2
13642:             3             48  com.intellij.spring.injection.SpringContextSchemaInjector
13643:             3             48  com.intellij.spring.integration.injection.SpringIntegrationGroovyInjector
13644:             3             48  com.intellij.spring.integration.injection.SpringIntegrationXPathInjector
13645:             3             48  com.intellij.spring.integration.injection.el.SpringIntegrationELInjector
13646:             1             48  com.intellij.spring.model.actions.GenerateSpringDomElementActionGroup
13647:             1             48  com.intellij.spring.model.actions.patterns.frameworks.FrameworkIntegrationActionGroup
13648:             2             48  com.intellij.spring.model.jam.JamCustomImplementationBean
13649:             3             48  com.intellij.spring.model.jam.converters.PropertiesFileConverter
13650:             2             48  com.intellij.spring.model.utils.SpringCacheUtils$$Lambda$3866/740339059
13651:             3             48  com.intellij.spring.profiles.SpringProfilesEditorNotificationsProvider
13652:             3             48  com.intellij.spring.security.highlighting.SpringSecurityAopPointcutExpressionInjector
13653:             3             48  com.intellij.spring.security.highlighting.SpringSecuritySpElAccessInjector
13654:             3             48  com.intellij.spring.web.mvc.SpringMVCUastReferenceContributor$$Lambda$3652/1996415556
13655:             3             48  com.intellij.spring.web.mvc.model.SpringMVCModelServiceImpl$$Lambda$4246/372384026
13656:             3             48  com.intellij.spring.web.mvc.pathVariables.MVCRequestMappingRegexInjector
13657:             3             48  com.intellij.spring.web.mvc.taglib.SpringJsInjector
13658:             3             48  com.intellij.spring.web.mvc.taglib.SpringTaglibELInjector
13659:             3             48  com.intellij.spring.webflow.el.inject.WebflowELInjector
13660:             1             48  com.intellij.spring.webflow.model.WebflowDomFileDescription
13661:             2             48  com.intellij.spring.webflow.model.impl.WebflowDomModelManagerImpl
13662:             3             48  com.intellij.sql.SqlRoutineIndex$getKeyDescriptor$1
13663:             3             48  com.intellij.sql.SqlRoutineIndex$getValueExternalizer$1
13664:             3             48  com.intellij.sql.dialects.exasol.psi.ExaScriptBodyInjector
13665:             3             48  com.intellij.sql.dialects.postgres.PostgresElementFactory
13666:             3             48  com.intellij.sql.dialects.postgres.psi.FunctionBodyInjector
13667:             3             48  com.intellij.sql.injection.SqlParserSuggestionInjector
13668:             3             48  com.intellij.sql.psi.SqlTreeChangePreprocessor
13669:             3             48  com.intellij.sql.psi.fragments.SqlCodeFragmentImpl$ErrorFilter
13670:             2             48  com.intellij.sql.psi.impl.SqlCompletionUtil$TemplateSafeInsertHandler
13671:             2             48  com.intellij.sql.psi.stubs.SqlColumnDefinitionElementType
13672:             2             48  com.intellij.sql.psi.stubs.SqlConstraintStubElementType
13673:             2             48  com.intellij.sql.psi.stubs.SqlSynonymDefinitionElementType
13674:             1             48  com.intellij.struts.TilesDomFactory
13675:             1             48  com.intellij.struts.inplace.generate.StrutsGenerateActionsGroup
13676:             3             48  com.intellij.struts.inplace.inject.StrutsJavascriptInjector
13677:             3             48  com.intellij.struts.inplace.inject.TilesELInjector
13678:             1             48  com.intellij.struts2.dom.struts.Struts2DomFileDescription
13679:             1             48  com.intellij.struts2.dom.validator.ValidatorConfigDomFileDescription
13680:             1             48  com.intellij.struts2.dom.validator.ValidatorDomFileDescription
13681:             3             48  com.intellij.struts2.freemarker.FreeMarkerCssInlineStyleInjector
13682:             3             48  com.intellij.struts2.freemarker.FreeMarkerJavaScriptInjector
13683:             3             48  com.intellij.struts2.freemarker.FreeMarkerOgnlInjector
13684:             2             48  com.intellij.struts2.freemarker.FreeMarkerOgnlInjector$1
13685:             3             48  com.intellij.struts2.jsp.TaglibCssInlineStyleInjector
13686:             3             48  com.intellij.struts2.jsp.TaglibJavaScriptInjector
13687:             3             48  com.intellij.struts2.jsp.TaglibOgnlInjector
13688:             3             48  com.intellij.struts2.tiles.TilesOgnlInjector
13689:             3             48  com.intellij.tapestry.intellij.TapestryListenersSupportLoader
13690:             3             48  com.intellij.tapestry.intellij.TapestryListenersSupportLoader$1
13691:             1             48  com.intellij.tapestry.intellij.actions.navigation.TemplatesNavigation
13692:             3             48  com.intellij.tapestry.intellij.lang.TelLanguageInjector
13693:             3             48  com.intellij.tapestry.intellij.view.TapestryIdeView
13694:             3             48  com.intellij.tapestry.intellij.view.TapestryProjectViewPane$1
13695:             2             48  com.intellij.tasks.config.TaskSettings
13696:             3             48  com.intellij.tasks.context.WorkingContextManager
13697:             3             48  com.intellij.tasks.impl.TaskManagerImpl$2
13698:             3             48  com.intellij.tasks.impl.TaskManagerImpl$5
13699:             3             48  com.intellij.tasks.timeTracking.TimeTrackingManager$$Lambda$1309/1139327828
13700:             3             48  com.intellij.tasks.timeTracking.TimeTrackingManager$1
13701:             1             48  com.intellij.thymeleaf.dialects.xml.ThymeleafDialectDomFileDescription
13702:             3             48  com.intellij.thymeleaf.lang.injectors.ThymeleafExpressionsInjector
13703:             3             48  com.intellij.thymeleaf.lang.injectors.ThymeleafExpressionsInjector$$Lambda$1977/340656569
13704:             1             48  com.intellij.tools.ExternalToolsGroup
13705:             3             48  com.intellij.tools.ToolBeforeRunTaskProvider
13706:             3             48  com.intellij.ui.BalloonImpl$8
13707:             3             48  com.intellij.ui.ColorUtil$1
13708:             3             48  com.intellij.ui.EditorTextField$1
13709:             3             48  com.intellij.ui.EditorTextField$Jdk7DelegatingToRootTraversalPolicy
13710:             2             48  com.intellij.ui.RecentsManager
13711:             3             48  com.intellij.ui.SmartExpander$1
13712:             3             48  com.intellij.ui.SmartExpander$2
13713:             2             48  com.intellij.ui.components.ScrollPainter$Protected
13714:             2             48  com.intellij.ui.docking.impl.DockManagerImpl$3
13715:             2             48  com.intellij.ui.layout.GrowPolicy
13716:             2             48  com.intellij.ui.paint.LinePainter2D$Align
13717:             2             48  com.intellij.ui.paint.PaintUtil$ParityMode
13718:             3             48  com.intellij.ui.popup.HintUpdateSupply$$Lambda$1260/936895975
13719:             3             48  com.intellij.ui.tabs.FileColorProjectLevelConfigurationManager
13720:             2             48  com.intellij.ui.tabs.impl.JBTabsImpl$Max
13721:             2             48  com.intellij.ui.tabs.impl.singleRow.SingleRowLayout$RowDropPolicy
13722:             1             48  com.intellij.ui.tree.AsyncTreeModel$2
13723:             3             48  com.intellij.ui.treeStructure.SimpleTree$1
13724:             3             48  com.intellij.ui.treeStructure.SimpleTree$2
13725:             3             48  com.intellij.ui.treeStructure.SimpleTree$MyMouseListener
13726:             1             48  com.intellij.uiDesigner.actions.SurroundActionGroup
13727:             3             48  com.intellij.uiDesigner.componentTree.ComponentTree$MyDeleteProvider
13728:             3             48  com.intellij.uiDesigner.componentTree.ComponentTree$MyDropTargetListener
13729:             3             48  com.intellij.uiDesigner.componentTree.QuickFixManagerImpl$MyTreeSelectionListener
13730:             3             48  com.intellij.uiDesigner.make.Form2SourceCompiler
13731:             3             48  com.intellij.uiDesigner.projectView.FormMergerTreeStructureProvider
13732:             3             48  com.intellij.uiDesigner.propertyInspector.PropertyInspector$3
13733:             3             48  com.intellij.uiDesigner.propertyInspector.PropertyInspector$MyComponentSelectionListener
13734:             3             48  com.intellij.uiDesigner.propertyInspector.PropertyInspectorTable$1
13735:             3             48  com.intellij.uiDesigner.propertyInspector.PropertyInspectorTable$MyLafManagerListener
13736:             3             48  com.intellij.uiDesigner.propertyInspector.PropertyInspectorTable$MyPropertyEditorListener
13737:             3             48  com.intellij.uiDesigner.propertyInspector.QuickFixManagerImpl$MyListSelectionListener
13738:             3             48  com.intellij.uiDesigner.propertyInspector.editors.BindingEditor$1
13739:             3             48  com.intellij.uiDesigner.propertyInspector.properties.ButtonGroupProperty$MyPropertyEditor$2
13740:             2             48  com.intellij.uml.core.actions.UmlViewStructure
13741:             1             48  com.intellij.uml.java.JavaUmlProvider
13742:             1             48  com.intellij.uml.project.ModulesUmlProvider
13743:             2             48  com.intellij.util.ComponentTreeEventDispatcher
13744:             2             48  com.intellij.util.ComponentTreeEventDispatcher$1
13745:             3             48  com.intellij.util.EditSourceOnEnterKeyHandler$1
13746:             1             48  com.intellij.util.IconUtil$3
13747:             2             48  com.intellij.util.ImageLoader$ImageDesc$Type
13748:             2             48  com.intellij.util.PathUtilRt$Platform
13749:             3             48  com.intellij.util.SofterReference
13750:             2             48  com.intellij.util.concurrency.Invoker$BackgroundThread$$Lambda$1266/761487265
13751:             3             48  com.intellij.util.concurrency.QueueProcessor$$Lambda$1998/1350208933
13752:             2             48  com.intellij.util.concurrency.QueueProcessor$ThreadToUse
13753:             2             48  com.intellij.util.config.ExternalizablePropertyContainer
13754:             2             48  com.intellij.util.config.ValueProperty
13755:             3             48  com.intellij.util.containers.ConcurrentMostlySingularMultiMap
13756:             1             48  com.intellij.util.containers.EmptyIntHashSet
13757:             1             48  com.intellij.util.containers.FilteredTraverserBase$Meta
13758:             3             48  com.intellij.util.containers.Interner
13759:             1             48  com.intellij.util.containers.SoftValueHashMap$MySoftReference
13760:             1             48  com.intellij.util.descriptors.impl.ConfigFileContainerImpl
13761:             3             48  com.intellij.util.gist.GistManagerImpl$1$$Lambda$1992/195747148
13762:             2             48  com.intellij.util.gist.PsiFileGistImpl$$Lambda$4961/1479812122
13763:             2             48  com.intellij.util.graph.CachingSemiGraph
13764:             1             48  com.intellij.util.graph.DFSTBuilder
13765:             2             48  com.intellij.util.graph.GraphGenerator
13766:             2             48  com.intellij.util.indexing.FileBasedIndexImpl$$Lambda$3136/1244459286
13767:             2             48  com.intellij.util.indexing.FileBasedIndexImpl$$Lambda$3137/185727789
13768:             3             48  com.intellij.util.indexing.FileBasedIndexImpl$$Lambda$887/1311286752
13769:             2             48  com.intellij.util.indexing.IdFilter$$Lambda$4572/669754473
13770:             1             48  com.intellij.util.io.CompressedAppendableFile$FileChunkReadCache
13771:             3             48  com.intellij.util.io.IntInlineKeyDescriptor
13772:             3             48  com.intellij.util.io.NullableDataExternalizer
13773:             2             48  com.intellij.util.io.PagedFileStorage$StorageLockContext
13774:             2             48  com.intellij.util.io.PathKt$sanitizeFileName$1
13775:             2             48  com.intellij.util.io.PersistentStringEnumerator
13776:             1             48  com.intellij.util.lang.ClassPath
13777:             3             48  com.intellij.util.net.HttpConfigurable$1
13778:             1             48  com.intellij.util.net.IdeaWideAuthenticator
13779:             1             48  com.intellij.util.net.ssl.ConfirmingTrustManager$MutableTrustManager
13780:             2             48  com.intellij.util.net.ssl.UntrustedCertificateStrategy
13781:             1             48  com.intellij.util.proxy.CommonProxy$CommonAuthenticator
13782:             3             48  com.intellij.util.ui.Animator$$Lambda$876/185284314
13783:             2             48  com.intellij.util.ui.NSScrollerHelper$ClickBehavior
13784:             2             48  com.intellij.util.ui.NSScrollerHelper$Style
13785:             2             48  com.intellij.util.ui.UIUtil$FontColor
13786:             3             48  com.intellij.util.ui.UIUtil$JBHtmlEditorKit$1
13787:             2             48  com.intellij.util.ui.tree.TreeModelListenerList
13788:             3             48  com.intellij.util.xml.CanonicalPsiTypeConverterImpl
13789:             1             48  com.intellij.util.xml.NanoXmlUtil$ParserStoppedXmlException
13790:             1             48  com.intellij.util.xml.impl.DomApplicationComponent
13791:             3             48  com.intellij.util.xml.impl.DomSemContributor
13792:             3             48  com.intellij.util.xml.impl.DomSemContributor$$Lambda$1458/638582772
13793:             2             48  com.intellij.util.xml.impl.ImplementationClassCache
13794:             3             48  com.intellij.util.xml.impl.InvocationCache$$Lambda$1638/1244936097
13795:             3             48  com.intellij.util.xml.impl.InvocationCache$$Lambda$1639/1817966784
13796:             2             48  com.intellij.util.xml.impl.SofterCache
13797:             1             48  com.intellij.util.xml.tree.actions.AddDomElementActionGroup
13798:             2             48  com.intellij.util.xmlb.annotations.Property$Style
13799:             2             48  com.intellij.util.xmlb.annotations.XCollection$Style
13800:             3             48  com.intellij.vcs.ProgressManagerQueue$MyWorker
13801:             3             48  com.intellij.vcs.log.VcsLogProperties$VcsLogProperty
13802:             1             48  com.intellij.vcs.log.data.CommitDetailsGetter
13803:             1             48  com.intellij.vcs.log.data.MiniDetailsGetter
13804:             3             48  com.intellij.vcs.log.data.VcsUserRegistryImpl$MyDescriptor
13805:             3             48  com.intellij.vcs.log.data.index.VcsLogFullDetailsIndex$EmptyForwardIndex
13806:             1             48  com.intellij.vcs.log.data.index.VcsLogPathsIndex
13807:             1             48  com.intellij.vcs.log.data.index.VcsLogPersistentIndex$IndexStorage
13808:             1             48  com.intellij.vcs.log.data.index.VcsLogUserIndex
13809:             2             48  com.intellij.vcs.log.graph.utils.impl.BitSetFlags
13810:             3             48  com.intellij.vcs.log.impl.VcsLogObjectsFactoryImpl
13811:             3             48  com.intellij.vcs.log.util.SequentialLimitedLifoExecutor$DetailsLoadingTask
13812:             3             48  com.intellij.vcs.log.util.VcsLogUtil$$Lambda$1926/993164670
13813:             2             48  com.intellij.vfs.AsyncVfsEventsPostProcessorImpl$ListenerAndDisposable
13814:             2             48  com.intellij.vfs.AsyncVfsEventsPostProcessorImpl$addListener$1
13815:             3             48  com.intellij.ws.http.request.environment.HttpRequestEnvironmentIndex$HttpRequestEnvironmentExternalizer
13816:             3             48  com.intellij.ws.http.request.injection.HttpRequestBodyInjector
13817:             3             48  com.intellij.ws.rest.completion.RSCompletionContributor$1
13818:             1             48  com.intellij.ws.rest.model.dom.wadl.WadlDomFileDescription
13819:             1             48  com.intellij.ws.wsdl.WsdlDomFileDescription
13820:             2             48  com.intellij.xdebugger.evaluation.EvaluationMode
13821:             3             48  com.intellij.xdebugger.impl.XDebuggerManagerImpl$3
13822:             3             48  com.intellij.xdebugger.impl.XDebuggerWatchesManager
13823:             2             48  com.intellij.xdebugger.impl.breakpoints.XBreakpointManagerImpl$$Lambda$553/1423893421
13824:             3             48  com.intellij.xdebugger.impl.breakpoints.XDependentBreakpointManager$1
13825:             3             48  com.intellij.xml.XmlPsiTreeChangePreprocessor
13826:             1             48  com.intellij.xml.actions.XmlActionsGroup
13827:             2             48  com.intellij.xml.breadcrumbs.BreadcrumbsXmlWrapper$$Lambda$1611/1578604121
13828:             3             48  com.intellij.xml.index.SchemaTypeInheritanceIndex$2
13829:             3             48  com.intellij.xml.index.XmlNamespaceIndex$2
13830:             1             48  com.jediterm.pty.PtyProcessTtyConnector
13831:             2             48  com.jediterm.terminal.RequestOrigin
13832:             2             48  com.jediterm.terminal.model.LinesBuffer
13833:             3             48  com.jetbrains.jsonSchema.JsonSchemaVfsListener$1
13834:             3             48  com.jetbrains.jsonSchema.impl.JsonSchemaServiceImpl$$Lambda$1169/1818800579
13835:             3             48  com.jetbrains.jsonSchema.impl.JsonSchemaServiceImpl$$Lambda$1170/1085004524
13836:             3             48  com.jetbrains.plugins.reactnative.ReactNativePackagerBeforeRunTaskProvider
13837:             1             48  com.jetbrains.plugins.remotesdk.tools.RemoteExternalToolActionGroup
13838:             3             48  com.jetbrains.plugins.remotesdk.tools.RemoteToolBeforeRunTaskProvider
13839:             3             48  com.jetbrains.plugins.webDeployment.DeploymentNotificationsComponent
13840:             3             48  com.jetbrains.plugins.webDeployment.UploadBeforeRunTaskProvider
13841:             2             48  com.jetbrains.plugins.webDeployment.actions.createproject.CreateWebProjectAction
13842:             2             48  com.jetbrains.quirksmode.CssDeclarationPattern$5
13843:             2             48  com.jetbrains.quirksmode.CssRulesetPattern
13844:             2             48  com.jetbrains.quirksmode.CssSelectorPattern$1
13845:             1             48  com.pty4j.windows.WinPty
13846:             2             48  com.rover12421.exTENdS.exTENdS.SyNcHroNiZEd
13847:             2             48  com.rover12421.exTENdS.exTENdS.ThrOWS.INSTaNCEOF
13848:             2             48  com.rover12421.exTENdS.exTENdS.ThrOWS.SYnCHRoNizeD
13849:             2             48  com.rover12421.exTENdS.exTENdS.ThrOWS.SYnCHRoNizeD
13850:             3             48  com.sixrr.inspectjs.confusing.PointlessArithmeticExpressionJSInspection$PointlessArithmeticFix
13851:             3             48  com.sixrr.inspectjs.confusing.PointlessBooleanExpressionJSInspection$BooleanLiteralComparisonFix
13852:             3             48  com.sixrr.inspectjs.control.TrivialIfJSInspection$TrivialIfFix
13853:             3             48  com.sixrr.inspectjs.control.UnnecessaryContinueJSInspection$UnnecessaryContinueFix
13854:             3             48  com.sixrr.inspectjs.control.UnnecessaryLabelOnBreakStatementJSInspection$UnnecessaryLabelOnBreakStatementFix
13855:             3             48  com.sixrr.inspectjs.control.UnnecessaryLabelOnContinueStatementJSInspection$UnnecessaryLabelOnContinueStatementFix
13856:             3             48  com.sixrr.inspectjs.control.UnnecessaryReturnJSInspection$UnnecessaryReturnFix
13857:             1             48  com.sixrr.xrp.RefactorXMenuGroup
13858:             2             48  com.siyeh.ig.controlflow.PointlessNullCheckInspection$DoNotReportOnCallsFix
13859:             2             48  com.siyeh.ig.controlflow.PointlessNullCheckInspection$PointlessNullCheckFix
13860:             2             48  com.siyeh.ig.psiutils.EquivalenceChecker$Match
13861:             2             48  com.siyeh.ig.redundancy.RedundantStringOperationInspection$FixType
13862:             2             48  com.siyeh.ig.redundancy.RedundantStringOperationInspection$RemoveRedundantStringCallFix
13863:             1             48  com.siyeh.ig.resources.AutoCloseableResourceInspection
13864:             2             48  com.sun.jmx.mbeanserver.ClassLoaderRepositorySupport$LoaderEntry
13865:             1             48  com.sun.jmx.mbeanserver.DefaultMXBeanMappingFactory$Mappings
13866:             1             48  com.sun.jmx.mbeanserver.MBeanIntrospector$MBeanInfoMap
13867:             1             48  com.sun.jmx.mbeanserver.MBeanIntrospector$PerInterfaceMap
13868:             2             48  com.sun.jmx.mbeanserver.WeakIdentityHashMap
13869:             2             48  com.sun.jna.FunctionParameterContext
13870:             1             48  com.sun.jna.win32.W32APIOptions$1
13871:             1             48  com.sun.jna.win32.W32APIOptions$2
13872:             2             48  com.sun.jna.win32.W32APITypeMapper
13873:             3             48  com.sun.proxy.$Proxy108
13874:             3             48  com.sun.proxy.$Proxy120
13875:             3             48  com.sun.proxy.$Proxy129
13876:             3             48  com.sun.proxy.$Proxy130
13877:             3             48  com.sun.proxy.$Proxy133
13878:             3             48  com.sun.proxy.$Proxy135
13879:             3             48  com.sun.proxy.$Proxy145
13880:             3             48  com.sun.proxy.$Proxy148
13881:             3             48  com.sun.proxy.$Proxy150
13882:             3             48  com.sun.proxy.$Proxy151
13883:             3             48  com.sun.proxy.$Proxy161
13884:             3             48  com.sun.proxy.$Proxy188
13885:             3             48  com.sun.proxy.$Proxy2
13886:             3             48  com.sun.proxy.$Proxy63
13887:             3             48  com.sun.proxy.$Proxy70
13888:             3             48  com.sun.proxy.$Proxy71
13889:             3             48  com.sun.proxy.$Proxy72
13890:             3             48  com.sun.proxy.$Proxy76
13891:             3             48  com.sun.proxy.$Proxy77
13892:             3             48  com.sun.proxy.$Proxy79
13893:             3             48  com.sun.proxy.$Proxy83
13894:             3             48  com.sun.proxy.$Proxy84
13895:             3             48  com.sun.proxy.$Proxy85
13896:             3             48  com.sun.proxy.$Proxy93
13897:             3             48  com.sun.proxy.$Proxy94
13898:             3             48  com.sun.proxy.$Proxy95
13899:             2             48  com.sun.tools.javac.main.Option$ChoiceKind
13900:             2             48  com.zeroturnaround.http.JVMProxyProvider
13901:             2             48  com.zeroturnaround.http.PreferencesProxyProvider$Proxy
13902:             2             48  com.zeroturnaround.http.proxy.ProxySource$Context
13903:             1             48  com.zeroturnaround.javarebel.idea.plugin.facet.JRebelFacet
13904:             1             48  com.zeroturnaround.javarebel.idea.plugin.facet.JRebelFacetConfiguration
13905:             3             48  com.zeroturnaround.javarebel.idea.plugin.feature.autocompile.AutoCompileProjectComponent
13906:             3             48  com.zeroturnaround.javarebel.idea.plugin.guide.actions.SetupGuideProjectComponent
13907:             3             48  com.zeroturnaround.javarebel.idea.plugin.notifications.IdeaNotificationServer
13908:             3             48  com.zeroturnaround.javarebel.idea.plugin.runner.BootstrapPreGenerator
13909:             3             48  com.zeroturnaround.javarebel.idea.plugin.settings.IntelliJStorage
13910:             1             48  com.zeroturnaround.javarebel.idea.plugin.toolwindow.actions.ToolWindowOpenFacet
13911:             2             48  com.zeroturnaround.javarebel.idea.plugin.xml.XMLEntity$XMLLocation
13912:             3             48  com.zeroturnaround.javarebel.idea.plugin.xml.external.ExternalAutoConvertProjectComponent
13913:             3             48  com.zeroturnaround.javarebel.idea.plugin.xml.external.ExternalXmlBuildHook$$Lambda$1
13914:             2             48  com.zeroturnaround.jrebel.ide.common.BooleanProperty
13915:             2             48  com.zeroturnaround.jrebel.ide.common.CoreType
13916:             3             48  de.plushnikov.intellij.plugin.extension.LombokElementFinder
13917:             1             48  de.plushnikov.intellij.plugin.extension.postfix.LombokValPostfixTemplate
13918:             1             48  de.plushnikov.intellij.plugin.extension.postfix.LombokVarPostfixTemplate
13919:             3             48  de.plushnikov.intellij.plugin.lombokconfig.LombokConfigIndex$2
13920:             3             48  de.plushnikov.intellij.plugin.processor.handler.DelegateHandler
13921:             2             48  de.plushnikov.intellij.plugin.settings.LombokPluginState
13922:             1             48  freemarker.cache.SoftCacheStorage$SoftValueReference
13923:             1             48  freemarker.cache.TemplateCache
13924:             1             48  freemarker.core.MixedContent
13925:             2             48  freemarker.ext.beans.StaticModels
13926:             2             48  freemarker.ext.beans._EnumModels
13927:             3             48  git4idea.GitRevisionSelector
13928:             3             48  git4idea.changes.GitCommittedChangeListProvider
13929:             3             48  git4idea.changes.GitOutgoingChangesProvider
13930:             3             48  git4idea.checkin.GitCommitAndPushExecutor
13931:             2             48  git4idea.commands.GitCommand$LockingPolicy
13932:             3             48  git4idea.config.GitSharedSettings
13933:             2             48  git4idea.config.GitVcsApplicationSettings$SshExecutable
13934:             2             48  git4idea.config.GitVcsApplicationSettings$State
13935:             2             48  git4idea.config.GitVcsSettings$UpdateChangesPolicy
13936:             3             48  git4idea.history.GitHistoryProvider
13937:             2             48  git4idea.history.GitLogParser$NameStatus
13938:             3             48  git4idea.log.GitRefManager$GitBranchLayoutComparator
13939:             3             48  git4idea.log.GitRefManager$GitLabelComparator
13940:             3             48  git4idea.repo.GitRepositoryCreator
13941:             3             48  git4idea.repo.GitUntrackedFilesHolder$$Lambda$2010/864904686
13942:             3             48  git4idea.rollback.GitRollbackEnvironment
13943:             1             48  git4idea.ui.branch.GitBranchWidget
13944:             3             48  git4idea.util.GitVcsConsoleWriter
13945:             2             48  gnu.trove.TByteArrayList
13946:             2             48  io.netty.bootstrap.ServerBootstrap$ServerBootstrapAcceptor$2
13947:             1             48  io.netty.buffer.UnpooledHeapByteBuf
13948:             2             48  io.netty.channel.ChannelMetadata
13949:             2             48  io.netty.channel.DefaultChannelPipeline$PendingHandlerAddedTask
13950:             2             48  io.netty.channel.nio.SelectedSelectionKeySet
13951:             2             48  io.netty.channel.nio.SelectedSelectionKeySetSelector
13952:             2             48  io.netty.util.ThreadDeathWatcher$Entry
13953:             3             48  java.awt.ComponentOrientation
13954:             2             48  java.awt.MediaTracker
13955:             2             48  java.awt.PointerInfo
13956:             1             48  java.awt.SequencedEvent
13957:             1             48  java.awt.event.KeyEvent$2
13958:             1             48  java.awt.event.WindowEvent
13959:             2             48  java.io.File$PathStatus
13960:             3             48  java.lang.ProcessEnvironment$CheckedEntrySet
13961:             2             48  java.lang.ProcessEnvironment$CheckedEntrySet$1
13962:             1             48  java.lang.invoke.BoundMethodHandle$Species_L4
13963:             2             48  java.lang.invoke.MethodHandles$Lookup
13964:             2             48  java.lang.management.MemoryType
13965:             2             48  java.lang.reflect.ReflectPermission
13966:             2             48  java.net.InetAddress$Cache
13967:             2             48  java.net.InetAddress$Cache$Type
13968:             2             48  java.net.InetAddress$CacheEntry
13969:             1             48  java.net.NetworkInterface
13970:             2             48  java.net.ServerSocket
13971:             3             48  java.net.Socket$2
13972:             3             48  java.net.Socket$3
13973:             2             48  java.net.SocketPermissionCollection
13974:             2             48  java.net.StandardProtocolFamily
13975:             2             48  java.nio.charset.CoderResult
13976:             3             48  java.nio.charset.CodingErrorAction
13977:             2             48  java.security.AllPermissionCollection
13978:             3             48  java.text.AttributedCharacterIterator$Attribute
13979:             1             48  java.text.AttributedString$AttributedStringIterator
13980:             2             48  java.text.BreakIterator$BreakIteratorCache
13981:             2             48  java.time.LocalDate
13982:             2             48  java.time.LocalDateTime
13983:             2             48  java.time.format.DateTimeFormatterBuilder$1
13984:             2             48  java.time.format.DateTimeFormatterBuilder$ZoneIdPrinterParser
13985:             2             48  java.time.format.DateTimeTextProvider$LocaleStore
13986:             3             48  java.util.Base64$Decoder
13987:             2             48  java.util.Collections$UnmodifiableSortedSet
13988:             3             48  java.util.concurrent.atomic.AtomicMarkableReference
13989:             3             48  java.util.function.Predicate$$Lambda$564/1565883102
13990:             2             48  java.util.logging.Logger$LoggerBundle
13991:             3             48  java.util.regex.Pattern$CharPropertyNames$16
13992:             2             48  java.util.stream.Collectors$$Lambda$554/443638997
13993:             1             48  javassist.compiler.KeywordTable
13994:             2             48  javax.crypto.CryptoPermissions
13995:             2             48  javax.net.ssl.SSLContext
13996:             2             48  javax.swing.AbstractButton$ButtonActionPropertyChangeListener
13997:             1             48  javax.swing.TransferHandler$DropHandler
13998:             3             48  javax.swing.TransferHandler$TransferAction
13999:             1             48  javax.swing.UIDefaults$TextAndMnemonicHashMap
14000:             1             48  javax.swing.UIManager$LAFState
14001:             3             48  javax.swing.event.DocumentEvent$EventType
14002:             3             48  javax.swing.event.HyperlinkEvent$EventType
14003:             2             48  javax.swing.event.RowSorterEvent$Type
14004:             3             48  javax.swing.plaf.basic.BasicBorders$MarginBorder
14005:             1             48  javax.swing.plaf.basic.BasicDirectoryModel
14006:             1             48  javax.swing.plaf.basic.BasicPopupMenuUI$MenuKeyboardHelper
14007:             3             48  javax.swing.plaf.basic.BasicRootPaneUI$Actions
14008:             1             48  javax.swing.plaf.basic.BasicTextUI$TextTransferHandler
14009:             2             48  javax.swing.text.DefaultEditorKit$DefaultKeyTypedAction
14010:             2             48  javax.swing.text.DefaultEditorKit$DeleteWordAction
14011:             3             48  javax.swing.text.DefaultStyledDocument$StyleChangeHandler
14012:             3             48  javax.swing.text.DefaultStyledDocument$StyleContextChangeHandler
14013:             1             48  javax.swing.text.html.HTMLEditorKit$InsertHRAction
14014:             2             48  javax.swing.text.html.StyleSheet$BoxPainter$HorizontalMargin
14015:             2             48  javax.xml.bind.annotation.XmlAccessOrder
14016:             2             48  kotlin.UnsafeLazyImpl
14017:             3             48  kotlin.jvm.internal.Ref$ObjectRef
14018:             2             48  kotlin.ranges.IntRange
14019:             2             48  kotlin.reflect.jvm.internal.KDeclarationContainerImpl$MemberBelonginess
14020:             2             48  kotlin.reflect.jvm.internal.WeakClassLoaderBox
14021:             3             48  kotlin.reflect.jvm.internal.impl.descriptors.impl.AbstractClassDescriptor$1
14022:             3             48  kotlin.reflect.jvm.internal.impl.descriptors.impl.AbstractClassDescriptor$2
14023:             3             48  kotlin.reflect.jvm.internal.impl.descriptors.impl.AbstractClassDescriptor$3
14024:             2             48  kotlin.reflect.jvm.internal.impl.load.java.components.TypeUsage
14025:             2             48  kotlin.reflect.jvm.internal.impl.load.java.structure.LightClassOriginKind
14026:             2             48  kotlin.reflect.jvm.internal.impl.load.java.typeEnhancement.MutabilityQualifier
14027:             3             48  kotlin.reflect.jvm.internal.impl.protobuf.ExtensionRegistryLite
14028:             1             48  kotlin.reflect.jvm.internal.impl.serialization.deserialization.ProtoContainer$Class
14029:             3             48  kotlin.reflect.jvm.internal.impl.serialization.deserialization.TypeTable
14030:             2             48  kotlin.reflect.jvm.internal.impl.serialization.deserialization.descriptors.DeserializedMemberScope$classNames$2
14031:             2             48  kotlin.reflect.jvm.internal.impl.serialization.deserialization.descriptors.DeserializedMemberScope$functionNamesLazy$2
14032:             2             48  kotlin.reflect.jvm.internal.impl.serialization.deserialization.descriptors.DeserializedMemberScope$functions$1
14033:             2             48  kotlin.reflect.jvm.internal.impl.serialization.deserialization.descriptors.DeserializedMemberScope$properties$1
14034:             2             48  kotlin.reflect.jvm.internal.impl.serialization.deserialization.descriptors.DeserializedMemberScope$typeAliasByName$1
14035:             2             48  kotlin.reflect.jvm.internal.impl.serialization.deserialization.descriptors.DeserializedMemberScope$variableNamesLazy$2
14036:             1             48  kotlin.reflect.jvm.internal.impl.serialization.jvm.JvmProtoBuf$JvmPropertySignature
14037:             2             48  kotlin.reflect.jvm.internal.impl.storage.LockBasedStorageManager$LockBasedLazyValue
14038:             2             48  kotlin.reflect.jvm.internal.pcollections.HashPMap
14039:             1             48  net.sourceforge.pmd.lang.rule.properties.EnumeratedProperty
14040:             2             48  one.util.streamex.StreamContext
14041:             3             48  org.angularjs.codeInsight.Angular2ServiceCompletionContributor
14042:             3             48  org.angularjs.editor.Angular2Injector
14043:             3             48  org.angularjs.editor.AngularJSInjector
14044:             3             48  org.angularjs.lang.AngularJSErrorFilter
14045:             3             48  org.angularjs.service.Angular2LanguageServiceProvider
14046:             3             48  org.angularjs.service.Angular2LanguageServiceProvider$$Lambda$631/666957463
14047:             1             48  org.apache.commons.logging.impl.LogFactoryImpl
14048:             3             48  org.apache.http.config.Registry
14049:             2             48  org.apache.http.conn.routing.RouteInfo$LayerType
14050:             2             48  org.apache.http.conn.routing.RouteInfo$TunnelType
14051:             1             48  org.apache.http.impl.conn.DefaultHttpResponseParser
14052:             2             48  org.apache.http.impl.cookie.BrowserCompatSpecFactory$SecurityLevel
14053:             2             48  org.apache.http.impl.cookie.RFC2965SpecFactory
14054:             2             48  org.apache.http.impl.io.HttpTransportMetricsImpl
14055:             2             48  org.apache.http.protocol.ImmutableHttpProcessor
14056:             2             48  org.apache.http.util.ByteArrayBuffer
14057:             2             48  org.apache.http.util.CharArrayBuffer
14058:             1             48  org.apache.log4j.Hierarchy
14059:             1             48  org.apache.log4j.helpers.PatternParser
14060:             1             48  org.apache.oro.text.regex.Perl5Repetition
14061:             1             48  org.apache.velocity.runtime.directive.Define
14062:             2             48  org.apache.velocity.util.introspection.Introspector
14063:             2             48  org.apache.velocity.util.introspection.IntrospectorCacheImpl
14064:             3             48  org.apache.xerces.impl.XMLDocumentScannerImpl$DTDDispatcher
14065:             3             48  org.apache.xerces.impl.XMLDocumentScannerImpl$PrologDispatcher
14066:             3             48  org.apache.xerces.impl.XMLDocumentScannerImpl$TrailingMiscDispatcher
14067:             3             48  org.apache.xerces.impl.XMLDocumentScannerImpl$XMLDeclDispatcher
14068:             3             48  org.apache.xerces.impl.dv.dtd.DTDDVFactoryImpl
14069:             3             48  org.apache.xerces.impl.dv.dtd.ListDatatypeValidator
14070:             2             48  org.apache.xerces.impl.xs.util.ShortListImpl
14071:             3             48  org.apache.xerces.parsers.AbstractSAXParser$AttributesProxy
14072:             3             48  org.apache.xerces.util.EntityResolverWrapper
14073:             3             48  org.apache.xerces.util.ErrorHandlerWrapper
14074:             3             48  org.coffeescript.highlighter.CoffeeScriptErrorFilter
14075:             3             48  org.coffeescript.lang.injection.CoffeeScriptInjector
14076:             3             48  org.coffeescript.lang.injection.CoffeeScriptJSLanguageInjector
14077:             3             48  org.coffeescript.lang.injection.CoffeeScriptSqlLanguageInjector
14078:             3             48  org.coffeescript.run.before.CoffeeScriptSourceMapTaskProvider
14079:             3             48  org.editorconfig.plugincomponents.SettingsProviderComponent$$Lambda$1015/1708523453
14080:             1             48  org.ini4j.Config
14081:             2             48  org.intellij.images.options.impl.ImagesConfigurable
14082:             2             48  org.intellij.images.options.impl.ImagesOptionsComponent$TextDocumentOptionsListener
14083:             3             48  org.intellij.lang.regexp.RegExpCompletionContributor$CharacterClassesNameCompletionProvider
14084:             3             48  org.intellij.lang.regexp.RegExpCompletionContributor$PropertyCompletionProvider
14085:             3             48  org.intellij.lang.regexp.RegExpCompletionContributor$PropertyNameCompletionProvider
14086:             2             48  org.intellij.lang.regexp.RegExpHighlighter
14087:             2             48  org.intellij.lang.regexp.psi.impl.RegExpClassImpl
14088:             2             48  org.intellij.lang.xpath.context.XPathVersion
14089:             3             48  org.intellij.lang.xpath.xslt.impl.XPathLanguageInjector
14090:             3             48  org.intellij.lang.xpath.xslt.impl.XsltTreeStructureProvider
14091:             1             48  org.intellij.plugins.intelliLang.Configuration$AdvancedConfiguration
14092:             3             48  org.intellij.plugins.intelliLang.inject.CommentLanguageInjector$1
14093:             3             48  org.intellij.plugins.intelliLang.inject.TemporaryPlacesInjector
14094:             3             48  org.intellij.plugins.intelliLang.inject.TemporaryPlacesRegistry$1
14095:             1             48  org.intellij.plugins.intelliLang.inject.config.XPathSupportProxyImpl$Provider$1
14096:             3             48  org.intellij.plugins.intelliLang.inject.groovy.GrConcatenation2InjectorAdapter
14097:             3             48  org.intellij.plugins.intelliLang.inject.groovy.GrConcatenationInjector
14098:             3             48  org.intellij.plugins.markdown.injection.CodeFenceInjector
14099:             3             48  org.intellij.plugins.markdown.injection.CodeFenceTemporaryLangInjector
14100:             2             48  org.intellij.plugins.markdown.lang.MarkdownLazyElementType
14101:             1             48  org.intellij.plugins.relaxNG.RngDomFileDescription$RngChoiceDescription
14102:             1             48  org.intellij.plugins.relaxNG.RngDomFileDescription$RngElementDescription
14103:             1             48  org.intellij.plugins.relaxNG.RngDomFileDescription$RngGrammarDescription
14104:             1             48  org.intellij.plugins.relaxNG.RngDomFileDescription$RngGroupDescription
14105:             1             48  org.intellij.plugins.relaxNG.RngDomFileDescription$RngInterleaveDescription
14106:             2             48  org.intellij.plugins.relaxNG.validation.RngParser$3
14107:             2             48  org.intellij.plugins.xpathView.XPathAppComponent
14108:             2             48  org.iq80.snappy.AbstractSnappyInputStream$FrameData
14109:             2             48  org.iq80.snappy.AbstractSnappyInputStream$FrameMetaData
14110:             2             48  org.jaxen.expr.DefaultEqualsExpr
14111:             2             48  org.jaxen.expr.DefaultFilterExpr
14112:             2             48  org.jaxen.expr.DefaultUnionExpr
14113:             3             48  org.jaxen.function.BooleanFunction
14114:             3             48  org.jaxen.function.CeilingFunction
14115:             3             48  org.jaxen.function.ConcatFunction
14116:             3             48  org.jaxen.function.ContainsFunction
14117:             3             48  org.jaxen.function.CountFunction
14118:             3             48  org.jaxen.function.FalseFunction
14119:             3             48  org.jaxen.function.FloorFunction
14120:             3             48  org.jaxen.function.IdFunction
14121:             3             48  org.jaxen.function.LangFunction
14122:             3             48  org.jaxen.function.LastFunction
14123:             3             48  org.jaxen.function.LocalNameFunction
14124:             3             48  org.jaxen.function.NameFunction
14125:             3             48  org.jaxen.function.NamespaceUriFunction
14126:             3             48  org.jaxen.function.NormalizeSpaceFunction
14127:             3             48  org.jaxen.function.NotFunction
14128:             3             48  org.jaxen.function.NumberFunction
14129:             3             48  org.jaxen.function.PositionFunction
14130:             3             48  org.jaxen.function.RoundFunction
14131:             3             48  org.jaxen.function.StartsWithFunction
14132:             3             48  org.jaxen.function.StringFunction
14133:             3             48  org.jaxen.function.StringLengthFunction
14134:             3             48  org.jaxen.function.SubstringAfterFunction
14135:             3             48  org.jaxen.function.SubstringBeforeFunction
14136:             3             48  org.jaxen.function.SubstringFunction
14137:             3             48  org.jaxen.function.SumFunction
14138:             3             48  org.jaxen.function.TranslateFunction
14139:             3             48  org.jaxen.function.TrueFunction
14140:             3             48  org.jaxen.function.ext.EndsWithFunction
14141:             3             48  org.jaxen.function.ext.EvaluateFunction
14142:             3             48  org.jaxen.function.ext.LowerFunction
14143:             3             48  org.jaxen.function.ext.UpperFunction
14144:             3             48  org.jaxen.function.xslt.DocumentFunction
14145:             3             48  org.jdom.DefaultJDOMFactory
14146:             1             48  org.jetbrains.android.actions.AndroidToolsActionGroup
14147:             1             48  org.jetbrains.android.actions.CreateMultiRootResourceFileAction
14148:             1             48  org.jetbrains.android.actions.CreateResourceFileActionGroup$1
14149:             1             48  org.jetbrains.android.actions.CreateResourceFileActionGroup$2
14150:             1             48  org.jetbrains.android.actions.CreateResourceFileActionGroup$3
14151:             1             48  org.jetbrains.android.actions.CreateResourceFileActionGroup$4
14152:             1             48  org.jetbrains.android.actions.CreateResourceFileActionGroup$5
14153:             3             48  org.jetbrains.android.compiler.AndroidPrecompileTask
14154:             3             48  org.jetbrains.android.database.AndroidDataSourceProjectComponent
14155:             3             48  org.jetbrains.android.database.AndroidDataSourceStorage
14156:             1             48  org.jetbrains.android.dom.lint.LintSettingsFileDescription
14157:             1             48  org.jetbrains.android.dom.manifest.ManifestDomFileDescription
14158:             1             48  org.jetbrains.android.dom.resources.ResourcesDomFileDescription
14159:             2             48  org.jetbrains.builtInWebServer.BuiltInServerOptions
14160:             1             48  org.jetbrains.idea.devkit.dom.impl.PluginDescriptorDomFileDescription
14161:             3             48  org.jetbrains.idea.devkit.testAssistant.TestDataHighlightingPassFactory
14162:             3             48  org.jetbrains.idea.devkit.util.PsiUtil$$Lambda$3661/963996569
14163:             1             48  org.jetbrains.idea.maven.dom.MavenDomOldProfilesModelDescription
14164:             1             48  org.jetbrains.idea.maven.dom.MavenDomPluginModelDescription
14165:             1             48  org.jetbrains.idea.maven.dom.MavenDomProfilesModelDescription
14166:             1             48  org.jetbrains.idea.maven.dom.MavenDomProjectModelDescription
14167:             1             48  org.jetbrains.idea.maven.dom.MavenDomSettingsModelDescription
14168:             1             48  org.jetbrains.idea.maven.dom.generate.MavenGenerateDomActionGroup
14169:             2             48  org.jetbrains.idea.maven.indices.MavenIndex$Kind
14170:             3             48  org.jetbrains.idea.maven.indices.MavenIndex$MyIndexRepositoryIdsProvider
14171:             1             48  org.jetbrains.idea.maven.indices.MavenIndicesManager
14172:             3             48  org.jetbrains.idea.maven.indices.MavenProjectIndicesManager$1
14173:             3             48  org.jetbrains.idea.maven.indices.MavenProjectIndicesManager$2
14174:             3             48  org.jetbrains.idea.maven.model.MavenWorkspaceMap
14175:             3             48  org.jetbrains.idea.maven.navigator.MavenProjectsNavigator$1
14176:             3             48  org.jetbrains.idea.maven.navigator.MavenProjectsNavigator$2
14177:             3             48  org.jetbrains.idea.maven.navigator.MavenProjectsNavigator$3
14178:             3             48  org.jetbrains.idea.maven.navigator.MavenProjectsNavigator$MyProjectsListener
14179:             1             48  org.jetbrains.idea.maven.navigator.MavenProjectsStructure
14180:             2             48  org.jetbrains.idea.maven.navigator.MavenProjectsStructure$ErrorLevel
14181:             1             48  org.jetbrains.idea.maven.navigator.actions.MavenRunConfigurationMenu
14182:             3             48  org.jetbrains.idea.maven.project.MavenProjectsManager$1
14183:             3             48  org.jetbrains.idea.maven.project.MavenProjectsManager$4
14184:             3             48  org.jetbrains.idea.maven.project.MavenProjectsManager$5
14185:             3             48  org.jetbrains.idea.maven.project.MavenProjectsTree$1
14186:             1             48  org.jetbrains.idea.maven.project.actions.DownloadActionGroup
14187:             2             48  org.jetbrains.idea.maven.server.MavenServerSettings$UpdatePolicy
14188:             3             48  org.jetbrains.idea.maven.tasks.MavenBeforeRunTasksProvider
14189:             3             48  org.jetbrains.idea.maven.utils.MavenEditorTabTitleUpdater
14190:             3             48  org.jetbrains.idea.maven.utils.MavenEditorTabTitleUpdater$1
14191:             3             48  org.jetbrains.idea.maven.utils.MavenImportNotifier$1
14192:             2             48  org.jetbrains.idea.maven.utils.MavenMergingUpdateQueue$3
14193:             1             48  org.jetbrains.idea.maven.utils.actions.MavenActionGroup
14194:             1             48  org.jetbrains.idea.perforce.actions.PerforceMenu
14195:             3             48  org.jetbrains.idea.perforce.application.PerforceLocalChangeListDecorator
14196:             2             48  org.jetbrains.io.BuiltInServer
14197:             1             48  org.jetbrains.jps.api.CmdlineRemoteProto$Message$BuilderMessage$BuildEvent$CustomBuilderMessage
14198:             2             48  org.jetbrains.jps.builders.java.JavaModuleBuildTargetType
14199:             2             48  org.jetbrains.jps.model.java.JavaSourceRootProperties
14200:             3             48  org.jetbrains.kotlin.android.actions.KotlinNewActivityNotification
14201:             3             48  org.jetbrains.kotlin.android.facet.KotlinAndroidStartupManager
14202:             3             48  org.jetbrains.kotlin.android.parcel.IDEParcelableResolveExtension
14203:             3             48  org.jetbrains.kotlin.android.synthetic.AndroidExtensionPropertiesComponentContainerContributor
14204:             3             48  org.jetbrains.kotlin.android.synthetic.idea.res.IDEAndroidPackageFragmentProviderExtension
14205:             3             48  org.jetbrains.kotlin.asJava.finder.JavaElementFinder$$Lambda$814/28944536
14206:             2             48  org.jetbrains.kotlin.builtins.functions.BuiltInFictitiousFunctionClassFactory
14207:             2             48  org.jetbrains.kotlin.config.TargetPlatformKind$Jvm
14208:             3             48  org.jetbrains.kotlin.container.ComponentRegistry
14209:             3             48  org.jetbrains.kotlin.descriptors.ModuleDescriptor$Capability
14210:             2             48  org.jetbrains.kotlin.descriptors.NotFoundClasses$classes$1
14211:             2             48  org.jetbrains.kotlin.descriptors.NotFoundClasses$packageFragments$1
14212:             2             48  org.jetbrains.kotlin.descriptors.impl.AbstractTypeParameterDescriptor$TypeParameterTypeConstructor
14213:             2             48  org.jetbrains.kotlin.descriptors.impl.ModuleDependenciesImpl
14214:             2             48  org.jetbrains.kotlin.descriptors.impl.ModuleDescriptorImpl$packages$1
14215:             1             48  org.jetbrains.kotlin.idea.actions.KotlinActionGroup
14216:             3             48  org.jetbrains.kotlin.idea.caches.KotlinPackageContentModificationListener
14217:             3             48  org.jetbrains.kotlin.idea.caches.KotlinPackageStatementPsiTreeChangePreprocessor
14218:             3             48  org.jetbrains.kotlin.idea.caches.KotlinShortNamesCache
14219:             2             48  org.jetbrains.kotlin.idea.caches.resolve.CompositeExceptionTracker
14220:             1             48  org.jetbrains.kotlin.idea.caches.resolve.KotlinCacheServiceImpl$facadesForScriptDependencies$1
14221:             1             48  org.jetbrains.kotlin.idea.caches.resolve.KotlinCacheServiceImpl$globalFacadesPerPlatformAndSdk$1
14222:             3             48  org.jetbrains.kotlin.idea.caches.resolve.ModuleProductionSourceInfo$dependencies$1
14223:             2             48  org.jetbrains.kotlin.idea.caches.resolve.PlatformAnalysisSettings
14224:             3             48  org.jetbrains.kotlin.idea.caches.resolve.ProjectResolutionFacade$analysisResults$1
14225:             3             48  org.jetbrains.kotlin.idea.caches.resolve.ProjectResolutionFacade$cachedValue$1
14226:             3             48  org.jetbrains.kotlin.idea.compiler.KotlinCompilerManager
14227:             3             48  org.jetbrains.kotlin.idea.completion.LookupCancelWatcher$lookupCancelListener$1
14228:             3             48  org.jetbrains.kotlin.idea.configuration.KotlinSetupEnvironmentNotificationProvider
14229:             2             48  org.jetbrains.kotlin.idea.conversion.copy.CopiedJavaCode
14230:             3             48  org.jetbrains.kotlin.idea.core.script.BundledKotlinScriptDependenciesResolver
14231:             3             48  org.jetbrains.kotlin.idea.core.script.dependencies.JavaClassesInScriptDependenciesShortNameCache
14232:             3             48  org.jetbrains.kotlin.idea.debugger.KotlinAlternativeSourceNotificationProvider
14233:             1             48  org.jetbrains.kotlin.idea.decompiler.builtIns.KotlinBuiltInDecompiler
14234:             2             48  org.jetbrains.kotlin.idea.decompiler.common.KotlinMetadataDecompiler$stubBuilder$1
14235:             1             48  org.jetbrains.kotlin.idea.decompiler.js.KotlinJavaScriptMetaFileDecompiler
14236:             2             48  org.jetbrains.kotlin.idea.editor.KotlinEditorOptionsConfigurable
14237:             3             48  org.jetbrains.kotlin.idea.highlighter.KotlinBeforeResolveHighlightingPass$Factory
14238:             3             48  org.jetbrains.kotlin.idea.highlighter.ScriptExternalHighlightingPass$Factory
14239:             3             48  org.jetbrains.kotlin.idea.injection.KotlinLanguageInjector$injectableTargetClassShortNames$1
14240:             3             48  org.jetbrains.kotlin.idea.internal.DecompiledFileWritingAccessProvider
14241:             3             48  org.jetbrains.kotlin.idea.project.KotlinCodeBlockModificationListener$2
14242:             3             48  org.jetbrains.kotlin.idea.project.PlatformKt$createCachedValueForLanguageVersionSettings$1
14243:             3             48  org.jetbrains.kotlin.idea.project.ProjectStructureUtil$1
14244:             3             48  org.jetbrains.kotlin.idea.projectView.KotlinExpandNodeProjectViewProvider
14245:             3             48  org.jetbrains.kotlin.idea.projectView.KotlinSelectInProjectViewProvider
14246:             3             48  org.jetbrains.kotlin.idea.refactoring.cutPaste.MoveDeclarationsPassFactory
14247:             3             48  org.jetbrains.kotlin.idea.spring.el.KotlinSpringELInjector
14248:             2             48  org.jetbrains.kotlin.idea.versions.KotlinJsMetadataVersionIndex
14249:             2             48  org.jetbrains.kotlin.idea.versions.KotlinJvmMetadataVersionIndex
14250:             3             48  org.jetbrains.kotlin.idea.versions.UnsupportedAbiVersionNotificationPanelProvider$updateNotifications$1
14251:             2             48  org.jetbrains.kotlin.idea.vfilefinder.KotlinClassFileIndex
14252:             2             48  org.jetbrains.kotlin.idea.vfilefinder.KotlinJavaScriptMetaFileIndex
14253:             2             48  org.jetbrains.kotlin.load.java.components.TypeUsage
14254:             2             48  org.jetbrains.kotlin.load.java.lazy.NullabilityQualifierWithApplicability
14255:             2             48  org.jetbrains.kotlin.load.java.structure.LightClassOriginKind
14256:             2             48  org.jetbrains.kotlin.load.java.typeEnhancement.MutabilityQualifier
14257:             2             48  org.jetbrains.kotlin.load.java.typeEnhancement.NullabilityQualifierWithMigrationStatus
14258:             2             48  org.jetbrains.kotlin.load.kotlin.ModuleMapping
14259:             3             48  org.jetbrains.kotlin.noarg.ide.IdeNoArgComponentContainerContributor
14260:             2             48  org.jetbrains.kotlin.psi.PlainTextArgumentType
14261:             2             48  org.jetbrains.kotlin.psi.PsiElementArgumentType
14262:             2             48  org.jetbrains.kotlin.resolve.diagnostics.KotlinSuppressCache$filter$1
14263:             3             48  org.jetbrains.kotlin.resolve.scopes.LazyScopeAdapter
14264:             3             48  org.jetbrains.kotlin.samWithReceiver.ide.IdeSamWithReceiverComponentContributor$cache$1
14265:             3             48  org.jetbrains.kotlin.script.ScriptContentLoader
14266:             2             48  org.jetbrains.kotlin.serialization.deserialization.AnnotationAndConstantLoaderImpl
14267:             2             48  org.jetbrains.kotlin.serialization.deserialization.ClassDeserializer
14268:             2             48  org.jetbrains.kotlin.serialization.deserialization.ClassDeserializer$classes$1
14269:             2             48  org.jetbrains.kotlin.serialization.deserialization.DeserializedPackageFragmentImpl$computeMemberScope$1
14270:             2             48  org.jetbrains.kotlin.serialization.deserialization.descriptors.DeserializedTypeParameterDescriptor$annotations$1
14271:             1             48  org.jetbrains.kotlin.serialization.jvm.JvmProtoBuf$JvmPropertySignature
14272:             2             48  org.jetbrains.kotlin.util.ExtensionProvider
14273:             3             48  org.jetbrains.plugins.cucumber.java.CucumberJavaInjector
14274:             3             48  org.jetbrains.plugins.gradle.codeInsight.UseDistributionWithSourcesNotificationProvider
14275:             3             48  org.jetbrains.plugins.gradle.config.DelegatingGradleSettingsListenerAdapter
14276:             3             48  org.jetbrains.plugins.gradle.config.GradleClassFinder$$Lambda$807/1985953555
14277:             3             48  org.jetbrains.plugins.gradle.projectView.GradleTreeStructureProvider
14278:             2             48  org.jetbrains.plugins.gradle.service.project.data.javaee.GradleArtifactProperties
14279:             3             48  org.jetbrains.plugins.grails.addins.js.GrailsJavaScriptInjector
14280:             2             48  org.jetbrains.plugins.grails.config.GrailsStructure$1
14281:             3             48  org.jetbrains.plugins.grails.editor.GrailsEditorDecorator
14282:             1             48  org.jetbrains.plugins.grails.editor.toolbar.GoToControllerAction
14283:             1             48  org.jetbrains.plugins.grails.editor.toolbar.GoToDomainAction
14284:             1             48  org.jetbrains.plugins.grails.editor.toolbar.GoToServiceAction
14285:             3             48  org.jetbrains.plugins.grails.lang.gsp.GspCssInjector
14286:             3             48  org.jetbrains.plugins.grails.lang.gsp.GspErrorFilter
14287:             3             48  org.jetbrains.plugins.grails.lang.gsp.psi.gsp.impl.gtag.GspTagRuleProvider
14288:             3             48  org.jetbrains.plugins.grails.pluginSupport.assetPipeline.AssetScriptInjector
14289:             3             48  org.jetbrains.plugins.grails.projectView.GrailsTreeStructureProvider
14290:             3             48  org.jetbrains.plugins.grails.references.constraints.GormRegexInjector
14291:             1             48  org.jetbrains.plugins.grails.util.GrailsArtifact$1
14292:             1             48  org.jetbrains.plugins.grails.util.GrailsArtifact$2
14293:             3             48  org.jetbrains.plugins.groovy.annotator.GrReferenceHighlighterFactory
14294:             1             48  org.jetbrains.plugins.groovy.codeInsight.GroovyLineMarkerProvider
14295:             3             48  org.jetbrains.plugins.groovy.codeInspection.local.GroovyUnusedImportsPassFactory
14296:             1             48  org.jetbrains.plugins.groovy.compiler.CheckResourcesAction$Group
14297:             3             48  org.jetbrains.plugins.groovy.compiler.GrBuildProcessParametersProvider
14298:             3             48  org.jetbrains.plugins.groovy.compiler.GreclipseIdeaCompiler
14299:             3             48  org.jetbrains.plugins.groovy.compiler.GroovyStubNotificationProvider
14300:             3             48  org.jetbrains.plugins.groovy.console.GroovyConsoleEditorDecorator
14301:             3             48  org.jetbrains.plugins.groovy.grails.annotator.GrailsForkSettingsNotificator
14302:             3             48  org.jetbrains.plugins.groovy.highlighter.GroovyDeclarationHighlightingPassFactory
14303:             3             48  org.jetbrains.plugins.groovy.intentions.declaration.GrChangeMemberVisibilityModifierBase$1
14304:             3             48  org.jetbrains.plugins.groovy.lang.psi.impl.javaView.GroovyClassFinder
14305:             3             48  org.jetbrains.plugins.groovy.lang.psi.impl.javaView.GroovyLightInnerClassFinder
14306:             2             48  org.jetbrains.plugins.groovy.lang.psi.patterns.GroovyAssignmentExpressionPattern$1
14307:             2             48  org.jetbrains.plugins.groovy.lang.psi.patterns.GroovyAssignmentExpressionPattern$3
14308:             2             48  org.jetbrains.plugins.groovy.lang.psi.patterns.GroovyClosurePattern
14309:             2             48  org.jetbrains.plugins.groovy.lang.psi.patterns.GroovyClosurePattern$inMethod$1
14310:             3             48  org.jetbrains.plugins.groovy.lang.psi.patterns.GroovyFieldPattern$1
14311:             3             48  org.jetbrains.plugins.groovy.lang.stubs.GroovyShortNamesCache
14312:             1             48  org.jetbrains.plugins.groovy.mvc.MvcActionGroup
14313:             3             48  org.jetbrains.plugins.groovy.mvc.MvcWatchedRootProvider
14314:             3             48  org.jetbrains.plugins.groovy.util.LightCacheKey
14315:             3             48  org.jetbrains.plugins.haml.filters.HamlFilterInjector
14316:             3             48  org.jetbrains.plugins.haml.highlighter.HamlInjectionErrorFilter
14317:             3             48  org.jetbrains.plugins.javaFX.fxml.JavaFxModuleUtil$$Lambda$2056/329123103
14318:             3             48  org.jetbrains.plugins.javaFX.fxml.JavaFxModuleUtil$$Lambda$2057/1074728734
14319:             3             48  org.jetbrains.plugins.javaFX.fxml.ScriptLanguageInjector
14320:             3             48  org.jetbrains.plugins.javaFX.indexing.FxmlDataExternalizer
14321:             3             48  org.jetbrains.plugins.sass.completion.SassScssPropertyNamesCompletionProvider
14322:             2             48  org.jetbrains.plugins.terminal.ValueWithDefault
14323:             3             48  org.jetbrains.uast.UastPostfixOperator
14324:             3             48  org.jetbrains.uast.UastSpecialExpressionKind
14325:             3             48  org.jetbrains.yaml.psi.YAMLPsiManager
14326:             2             48  org.kohsuke.rngom.digested.DSchemaBuilderImpl
14327:             2             48  org.kohsuke.rngom.nc.NsNameExceptNameClass
14328:             2             48  org.kohsuke.rngom.util.Localizer
14329:             2             48  org.osmorc.settings.ApplicationSettings
14330:             2             48  org.picocontainer.defaults.CollectionComponentParameter
14331:             3             48  org.zeroturnaround.common.args.ArgFormatter
14332:             1             48  org.zeroturnaround.javarebel.reporting.MetricsExecutor
14333:             2             48  org.zeroturnaround.javarebel.reporting.backend.LazyInitMessageBackendDecorator
14334:             2             48  org.zeroturnaround.javarebel.reporting.backend.impl.SegmentIOBackend$METHOD
14335:             1             48  org.zeroturnaround.javarebel.reporting.stats.repository.impl.RepositoryMetricsStatistics$AppSizeStatsListener
14336:             1             48  org.zeroturnaround.jrebel.client.logger.Log$BufferingLogger$1
14337:             2             48  org.zeroturnaround.jrebel.client.spi.JRebelClientSettings$AgentSelection
14338:             2             48  org.zeroturnaround.jrebel.ide.common.notifications.Repeat
14339:             2             48  org.zmlx.hg4idea.HgGlobalSettings$State
14340:             1             48  org.zmlx.hg4idea.action.HgMercurialMenu
14341:             3             48  org.zmlx.hg4idea.log.HgRefManager
14342:             3             48  org.zmlx.hg4idea.provider.HgDiffProvider
14343:             3             48  org.zmlx.hg4idea.provider.HgHistoryProvider
14344:             3             48  org.zmlx.hg4idea.provider.HgMergeProvider
14345:             3             48  org.zmlx.hg4idea.provider.HgRollbackEnvironment
14346:             3             48  org.zmlx.hg4idea.provider.annotate.HgAnnotationProvider
14347:             3             48  org.zmlx.hg4idea.provider.commit.HgCloseBranchExecutor
14348:             3             48  org.zmlx.hg4idea.provider.commit.HgCommitAndPushExecutor
14349:             3             48  org.zmlx.hg4idea.provider.commit.HgMQNewExecutor
14350:             3             48  org.zmlx.hg4idea.provider.update.HgUpdateConfigurationSettings
14351:             3             48  org.zmlx.hg4idea.repo.HgRepositoryCreator
14352:             2             48  sun.awt.MostRecentKeyValue
14353:             1             48  sun.awt.Symbol$Encoder
14354:             2             48  sun.awt.util.IdentityArrayList
14355:             1             48  sun.awt.windows.WDragSourceContextPeer
14356:             1             48  sun.awt.windows.WingDings$Encoder
14357:             2             48  sun.font.GlyphLayout$SDCache$SDKey
14358:             1             48  sun.font.ScriptRun
14359:             1             48  sun.java2d.SurfaceData$PixelToPgramLoopConverter
14360:             2             48  sun.java2d.cmm.lcms.LCMSProfile$TagCache
14361:             1             48  sun.java2d.loops.DrawGlyphListColor
14362:             1             48  sun.java2d.marlin.Stroker$PolyStack
14363:             2             48  sun.java2d.marlin.TransformingPathConsumer2D$DeltaScaleFilter
14364:             3             48  sun.java2d.pipe.PixelToShapeConverter
14365:             3             48  sun.java2d.pipe.SpanClipRenderer
14366:             2             48  sun.management.ManagementFactoryHelper$1
14367:             2             48  sun.misc.NativeSignalHandler
14368:             2             48  sun.misc.Signal
14369:             1             48  sun.net.www.http.KeepAliveCache
14370:             2             48  sun.nio.ch.PipeImpl
14371:             2             48  sun.nio.ch.WindowsSelectorImpl$FinishLock
14372:             2             48  sun.nio.ch.WindowsSelectorImpl$StartLock
14373:             1             48  sun.nio.cs.US_ASCII$Decoder
14374:             2             48  sun.nio.cs.ext.JIS_X_0208_MS5022X
14375:             2             48  sun.nio.cs.ext.JIS_X_0212_MS5022X
14376:             2             48  sun.security.jca.ProviderList
14377:             2             48  sun.security.jca.ProviderList$3
14378:             3             48  sun.security.ssl.AbstractTrustManagerWrapper
14379:             1             48  sun.security.ssl.CipherBox
14380:             3             48  sun.security.ssl.EphemeralKeyManager
14381:             2             48  sun.security.ssl.SSLAlgorithmConstraints
14382:             3             48  sun.security.ssl.SSLSocketFactoryImpl
14383:             3             48  sun.security.ssl.SessionId
14384:             2             48  sun.security.util.DisabledAlgorithmConstraints$UsageConstraint
14385:             2             48  sun.security.util.DisabledAlgorithmConstraints$jdkCAConstraint
14386:             1             48  sun.security.validator.PKIXValidator
14387:             2             48  sun.security.x509.CertificatePolicyMap
14388:             1             48  sun.text.normalizer.IntTrie
14389:             3             48  sun.text.normalizer.NormalizerBase$QuickCheckResult
14390:             3             48  sun.text.normalizer.Trie$DefaultGetFoldingOffset
14391:             3             48  sun.text.normalizer.VersionInfo
14392:             1             48  sun.text.resources.FormatData
14393:             1             48  sun.text.resources.zh.FormatData_zh
14394:             1             48  sun.text.resources.zh.FormatData_zh_CN
14395:             2             48  sun.util.locale.LocaleExtensions
14396:             1             40  [Lch.qos.logback.core.pattern.parser.TokenStream$TokenizerState;
14397:             1             40  [Lcom.alibaba.p3c.pmd.lang.java.rule.comment.RemoveCommentedCodeRule$CommentPatternEnum;
14398:             1             40  [Lcom.android.prefs.AndroidLocation$Global;
14399:             1             40  [Lcom.android.tools.idea.gradle.notification.ProjectSyncStatusNotificationProvider$NotificationPanel$Type;
14400:             1             40  [Lcom.android.tools.idea.gradle.project.sync.cleanup.ProjectCleanUpTask;
14401:             1             40  [Lcom.android.tools.idea.profiling.capture.CaptureType;
14402:             1             40  [Lcom.android.tools.idea.run.TargetSelectionMode;
14403:             1             40  [Lcom.android.tools.lint.detector.api.Severity;
14404:             1             40  [Lcom.google.common.cache.RemovalCause;
14405:             1             40  [Lcom.google.gson.FieldNamingPolicy;
14406:             1             40  [Lcom.google.gson.FieldNamingPolicy;
14407:             1             40  [Lcom.intellij.application.options.editor.CodeFoldingOptionsProviderEP;
14408:             1             40  [Lcom.intellij.application.options.editor.EditorSmartKeysConfigurableEP;
14409:             1             40  [Lcom.intellij.codeInsight.completion.JavaCompletionSorting$ExpectedTypeMatching;
14410:             1             40  [Lcom.intellij.codeInsight.daemon.ChangeLocalityDetector;
14411:             1             40  [Lcom.intellij.codeInsight.daemon.quickFix.ExternalLibraryResolver;
14412:             1             40  [Lcom.intellij.codeInsight.editorActions.enter.EnterHandlerDelegate$Result;
14413:             1             40  [Lcom.intellij.codeInsight.generation.PatternProvider;
14414:             1             40  [Lcom.intellij.codeInsight.hint.TooltipLinkHandlerEP;
14415:             1             40  [Lcom.intellij.codeInsight.lookup.LookupActionProvider;
14416:             1             40  [Lcom.intellij.codeInsight.template.emmet.configuration.CssPrefix;
14417:             1             40  [Lcom.intellij.codeInsight.template.impl.TemplateOptionalProcessor;
14418:             1             40  [Lcom.intellij.codeInspection.bytecodeAnalysis.Direction;
14419:             1             40  [Lcom.intellij.codeInspection.dataFlow.MethodContract$ValueConstraint;
14420:             1             40  [Lcom.intellij.codeInspection.dataFlow.MethodContract;
14421:             1             40  [Lcom.intellij.codeInspection.dataFlow.RunnerResult;
14422:             1             40  [Lcom.intellij.codeInspection.dataFlow.inliner.CallInliner;
14423:             1             40  [Lcom.intellij.codeInspection.dataFlow.instructions.MethodCallInstruction$MethodType;
14424:             1             40  [Lcom.intellij.codeInspection.streamMigration.OperationReductionMigration$ReductionOperation;
14425:             1             40  [Lcom.intellij.database.run.actions.TransactionAction$TxIsolation;
14426:             1             40  [Lcom.intellij.dupLocator.DuplicatesPresentation;
14427:             1             40  [Lcom.intellij.dvcs.repo.Repository$State;
14428:             1             40  [Lcom.intellij.execution.Executor;
14429:             1             40  [Lcom.intellij.find.FindModel$SearchContext;
14430:             1             40  [Lcom.intellij.ide.browsers.BrowserFamily;
14431:             1             40  [Lcom.intellij.ide.fileTemplates.CreateFromTemplateHandler;
14432:             1             40  [Lcom.intellij.jam.reflect.JamChildrenQuery;
14433:             1             40  [Lcom.intellij.jam.reflect.JamMethodMeta;
14434:             1             40  [Lcom.intellij.javaee.ImplicitNamespaceDescriptorProvider;
14435:             1             40  [Lcom.intellij.javaee.JavaeeVersion;
14436:             1             40  [Lcom.intellij.javaee.model.common.ejb.EjbDescriptorVersion;
14437:             1             40  [Lcom.intellij.javascript.nodejs.ModuleType;
14438:             1             40  [Lcom.intellij.jsf.references.libraries.JsfComponentLibraryReferenceProvider;
14439:             1             40  [Lcom.intellij.lang.javascript.formatter.JSCodeStyleSettings$JSFileNameStyle;
14440:             1             40  [Lcom.intellij.lang.javascript.psi.controlflow.instruction.JSBranchInstruction$BranchOwner;
14441:             1             40  [Lcom.intellij.lang.javascript.refactoring.JSVisibilityUtil$PresentableAccessModifier;
14442:             1             40  [Lcom.intellij.lang.javascript.statistics.JSResolveStatisticsCollector$ResolveSource;
14443:             1             40  [Lcom.intellij.lang.javascript.uml.FlashUmlDependenciesSettingsOption;
14444:             1             40  [Lcom.intellij.navigation.ChooseByNameContributor;
14445:             1             40  [Lcom.intellij.openapi.actionSystem.ActionPromoter;
14446:             1             40  [Lcom.intellij.openapi.application.PreloadingActivity;
14447:             1             40  [Lcom.intellij.openapi.editor.EditorKind;
14448:             1             40  [Lcom.intellij.openapi.editor.ScrollType;
14449:             1             40  [Lcom.intellij.openapi.editor.StripTrailingSpacesFilterFactory;
14450:             1             40  [Lcom.intellij.openapi.editor.colors.ColorKey;
14451:             1             40  [Lcom.intellij.openapi.fileEditor.impl.NonProjectFileWritingAccessExtension;
14452:             1             40  [Lcom.intellij.openapi.keymap.impl.KeyState;
14453:             1             40  [Lcom.intellij.openapi.projectRoots.SdkType;
14454:             1             40  [Lcom.intellij.openapi.roots.AdditionalLibraryRootsProvider;
14455:             1             40  [Lcom.intellij.openapi.roots.ModuleExtension;
14456:             1             40  [Lcom.intellij.openapi.util.Pair;
14457:             1             40  [Lcom.intellij.openapi.vcs.CheckoutProvider;
14458:             1             40  [Lcom.intellij.openapi.vcs.VcsConfiguration$StandardOption;
14459:             2             40  [Lcom.intellij.openapi.vcs.changes.IgnoredFileBean;
14460:             1             40  [Lcom.intellij.openapi.vcs.changes.InvokeAfterUpdateMode;
14461:             1             40  [Lcom.intellij.openapi.vcs.impl.VcsBackgroundableActions;
14462:             1             40  [Lcom.intellij.openapi.vfs.VirtualFileSystem;
14463:             1             40  [Lcom.intellij.openapi.vfs.encoding.EncodingUtil$FailReason;
14464:             1             40  [Lcom.intellij.openapi.wm.ext.LibraryDependentToolWindow;
14465:             1             40  [Lcom.intellij.openapi.wm.impl.IdeMenuBar$State;
14466:             1             40  [Lcom.intellij.psi.PsiReferenceList$Role;
14467:             1             40  [Lcom.intellij.psi.codeStyle.autodetect.LineIndentInfo$LineType;
14468:             1             40  [Lcom.intellij.psi.css.descriptor.BrowserVersion$Browser;
14469:             1             40  [Lcom.intellij.psi.css.index.CssIndexValue;
14470:             1             40  [Lcom.intellij.psi.impl.search.CustomPropertyScopeProvider;
14471:             1             40  [Lcom.intellij.psi.impl.source.codeStyle.PostFormatProcessor;
14472:             1             40  [Lcom.intellij.psi.impl.source.codeStyle.PreFormatProcessor;
14473:             1             40  [Lcom.intellij.psi.impl.source.resolve.reference.impl.providers.TypeOrElementOrAttributeReference$ReferenceType;
14474:             1             40  [Lcom.intellij.psi.scope.ElementClassHint$DeclarationKind;
14475:             1             40  [Lcom.intellij.psi.statistics.StatisticsExtensionPoint;
14476:             1             40  [Lcom.intellij.psi.templateLanguages.MultipleLangCommentProvider;
14477:             1             40  [Lcom.intellij.psi.xml.XmlFileNSInfoProvider;
14478:             1             40  [Lcom.intellij.refactoring.copy.CopyHandlerDelegate;
14479:             1             40  [Lcom.intellij.remoteServer.ServerType;
14480:             1             40  [Lcom.intellij.spellchecker.BundledDictionaryProvider;
14481:             1             40  [Lcom.intellij.spring.SpringLibraryUtil$SpringVersion;
14482:             1             40  [Lcom.intellij.spring.boot.library.SpringBootLibraryUtil$SpringBootVersion;
14483:             1             40  [Lcom.intellij.spring.boot.model.autoconfigure.conditions.ConditionalContributorEP;
14484:             1             40  [Lcom.intellij.spring.boot.mvc.config.viewresolver.TemplateAvailabilityProvider;
14485:             1             40  [Lcom.intellij.spring.contexts.model.LocalAnnotationModelDependentModelsProvider;
14486:             1             40  [Lcom.intellij.spring.factories.SpringFactoryBeanEP;
14487:             1             40  [Lcom.intellij.spring.model.SpringBeanEffectiveTypeProvider;
14488:             1             40  [Lcom.intellij.spring.model.custom.CustomLocalComponentsDiscoverer;
14489:             1             40  [Lcom.intellij.spring.model.custom.CustomModuleComponentsDiscoverer;
14490:             1             40  [Lcom.intellij.struts.core.PsiBeanProperty;
14491:             1             40  [Lcom.intellij.testIntegration.TestIntegrationUtils$MethodKind;
14492:             1             40  [Lcom.intellij.ui.JBColor;
14493:             1             40  [Lcom.intellij.ui.layout.CCFlags;
14494:             1             40  [Lcom.intellij.ui.paint.EffectPainter;
14495:             1             40  [Lcom.intellij.ui.tree.AbstractTreeWalker$State;
14496:             2             40  [Lcom.intellij.usages.rules.UsageGroupingRule;
14497:             1             40  [Lcom.intellij.util.indexing.IndexExtension;
14498:             1             40  [Lcom.intellij.vcs.log.graph.api.EdgeFilter;
14499:             1             40  [Lcom.intellij.vcs.log.graph.api.elements.GraphEdgeType;
14500:             1             40  [Lcom.jediterm.terminal.emulator.mouse.MouseMode;
14501:             1             40  [Lcom.jetbrains.javascript.debugger.JavaScriptDebugAware;
14502:             1             40  [Lcom.rover12421.exTENdS.syNCHRonIzEd;
14503:             1             40  [Lcom.rover12421.exTENdS.syNCHRonIzEd;
14504:             2             40  [Lcom.sun.jmx.mbeanserver.ClassLoaderRepositorySupport$LoaderEntry;
14505:             1             40  [Lcom.sun.xml.internal.bind.v2.model.core.PropertyKind;
14506:             1             40  [Lcom.zeroturnaround.http.proxy.ProxySource;
14507:             1             40  [Lde.plushnikov.intellij.plugin.processor.LombokPsiElementUsage;
14508:             1             40  [Lgit4idea.config.GitVersion$Type;
14509:             1             40  [Ljava.lang.Thread$State;
14510:             2             40  [Ljava.lang.Throwable;
14511:             1             40  [Ljava.lang.management.MemoryPoolMXBean;
14512:             1             40  [Ljava.nio.charset.Charset;
14513:             1             40  [Ljava.time.format.SignStyle;
14514:             1             40  [Ljava.time.format.TextStyle;
14515:             1             40  [Ljava.util.UUID;
14516:             1             40  [Ljava.util.stream.StreamOpFlag;
14517:             1             40  [Lkotlin.Pair;
14518:             1             40  [Lkotlin.reflect.jvm.internal.impl.descriptors.ClassKind;
14519:             1             40  [Lkotlin.reflect.jvm.internal.impl.load.kotlin.header.KotlinClassHeader$Kind;
14520:             1             40  [Lnet.sourceforge.pmd.RulePriority;
14521:             2             40  [Lorg.apache.http.HttpResponseInterceptor;
14522:             1             40  [Lorg.apache.http.auth.AuthProtocolState;
14523:             1             40  [Lorg.imgscalr.Scalr$Method;
14524:             1             40  [Lorg.ini4j.spi.UnicodeInputStreamReader$Bom;
14525:             1             40  [Lorg.intellij.lang.regexp.psi.RegExpChar$Type;
14526:             1             40  [Lorg.intellij.lang.xpath.xslt.impl.XsltChecker$State;
14527:             1             40  [Lorg.jetbrains.idea.devkit.inspections.RegistrationCheckerUtil$RegistrationType;
14528:             1             40  [Lorg.jetbrains.idea.maven.execution.MavenExecutionOptions$LoggingLevel;
14529:             1             40  [Lorg.jetbrains.idea.maven.model.MavenId;
14530:             1             40  [Lorg.jetbrains.idea.maven.model.MavenProjectProblem$ProblemType;
14531:             1             40  [Lorg.jetbrains.idea.svn.api.Depth;
14532:             1             40  [Lorg.jetbrains.jps.api.CmdlineRemoteProto$Message$BuilderMessage$CompileMessage$Kind;
14533:             1             40  [Lorg.jetbrains.kotlin.container.ComponentState;
14534:             1             40  [Lorg.jetbrains.kotlin.descriptors.ClassKind;
14535:             1             40  [Lorg.jetbrains.kotlin.idea.inspections.PropertyNameInspectionBase$PropertyKind;
14536:             1             40  [Lorg.jetbrains.kotlin.js.PredefinedAnnotation;
14537:             1             40  [Lorg.jetbrains.kotlin.load.kotlin.header.KotlinClassHeader$Kind;
14538:             1             40  [Lorg.jetbrains.kotlin.psi.ArgumentType;
14539:             1             40  [Lorg.jetbrains.plugins.groovy.lang.parser.parsing.statements.expressions.BinaryExpression;
14540:             1             40  [Lorg.jetbrains.plugins.groovy.mvc.MvcModuleStructureSynchronizer$SyncAction;
14541:             1             40  [Lorg.jetbrains.uast.UastVisibility;
14542:             1             40  [Lorg.zeroturnaround.javarebel.reporting.stats.repository.CommonFieldId;
14543:             1             40  [Lorg.zeroturnaround.jrebel.client.logger.Log$LogLevel;
14544:             1             40  [Lorg.zeroturnaround.jrebel.client.spi.Product;
14545:             1             40  [Lorg.zeroturnaround.jrebel.ide.common.notifications.Area;
14546:             1             40  [Lorg.zeroturnaround.jrebel.ide.common.notifications.Level;
14547:             1             40  [Lorg.zeroturnaround.jrebel.ide.common.notifications.NotificationLevel;
14548:             1             40  [Lsun.awt.FontDescriptor;
14549:             1             40  [Lsun.awt.OSInfo$OSType;
14550:             1             40  [Lsun.font.FontDesignMetrics;
14551:             1             40  [Lsun.font.Underline;
14552:             1             40  [Lsun.java2d.loops.RenderLoops;
14553:             1             40  [Lsun.java2d.loops.SurfaceType;
14554:             1             40  [Lsun.nio.fs.WindowsPathType;
14555:             1             40  [Lsun.security.jca.ServiceId;
14556:             1             40  [Lsun.security.ssl.SignatureAndHashAlgorithm$SignatureAlgorithm;
14557:             1             40  [Lsun.security.util.DisabledAlgorithmConstraints$Constraint$Operator;
14558:             1             40  [Lsun.swing.SwingUtilities2$LSBCacheEntry;
14559:             1             40  [Lsun.util.locale.provider.LocaleProviderAdapter$Type;
14560:             1             40  [[F
14561:             1             40  [[Ljava.lang.invoke.LambdaForm$Name;
14562:             1             40  [[[I
14563:             1             40  [[[Lsun.awt.FontDescriptor;
14564:             1             40  [[[S
14565:             1             40  ch.qos.logback.core.rolling.SizeBasedTriggeringPolicy
14566:             1             40  com.android.repository.api.SimpleRepositorySource
14567:             1             40  com.android.tools.idea.gradle.project.build.GradleBuildState
14568:             1             40  com.android.tools.idea.gradle.project.build.invoker.GradleBuildInvoker
14569:             1             40  com.android.tools.idea.startup.DelayedInitialization
14570:             1             40  com.google.gson.internal.Excluder
14571:             1             40  com.google.gson.internal.Excluder
14572:             1             40  com.intellij.cdi.diagram.CdiDiagramProvider
14573:             1             40  com.intellij.codeInsight.ExpectedTypeInfoImpl
14574:             1             40  com.intellij.codeInsight.completion.CompletionData$1
14575:             1             40  com.intellij.codeInsight.daemon.impl.ExternalToolPass$1
14576:             1             40  com.intellij.codeInsight.daemon.impl.UpdateHighlightersUtil$$Lambda$2149/1148282341
14577:             1             40  com.intellij.codeInsight.daemon.impl.analysis.CustomHighlightInfoHolder
14578:             1             40  com.intellij.codeInsight.generation.VelocityIncludesClassLoader
14579:             1             40  com.intellij.codeInsight.highlighting.BraceHighlightingHandler
14580:             1             40  com.intellij.codeInsight.highlighting.BraceHighlightingHandler$$Lambda$2912/1388018815
14581:             1             40  com.intellij.codeInsight.highlighting.BraceHighlightingHandler$$Lambda$2913/204342981
14582:             1             40  com.intellij.codeInsight.highlighting.BraceHighlightingHandler$$Lambda$2914/1111829571
14583:             1             40  com.intellij.codeInsight.highlighting.BraceHighlightingHandler$$Lambda$2915/2114383713
14584:             1             40  com.intellij.codeInsight.highlighting.BraceHighlightingHandler$$Lambda$2916/1288608319
14585:             1             40  com.intellij.codeInsight.lookup.impl.Advertiser
14586:             1             40  com.intellij.codeInsight.template.impl.TemplateSettings
14587:             1             40  com.intellij.codeInsight.template.postfix.settings.PostfixTemplateMetaData
14588:             1             40  com.intellij.codeInsight.template.postfix.settings.PostfixTemplateStorage
14589:             1             40  com.intellij.codeInspection.actions.CodeCleanupAction
14590:             1             40  com.intellij.codeInspection.actions.CodeInspectionAction
14591:             1             40  com.intellij.codeInspection.dataFlow.SpecialField$1
14592:             1             40  com.intellij.codeInspection.dataFlow.SpecialField$2
14593:             1             40  com.intellij.codeInspection.inferNullity.InferNullityAnnotationsAction
14594:             1             40  com.intellij.codeInspection.ui.actions.QuickFixesViewActionGroup
14595:             1             40  com.intellij.codeInspection.ui.actions.suppress.SuppressActionWrapper
14596:             1             40  com.intellij.compiler.impl.CompileDriver$$Lambda$2976/165871734
14597:             1             40  com.intellij.compiler.impl.ModuleCompileScope
14598:             1             40  com.intellij.compiler.server.BuildManager$ProjectData
14599:             1             40  com.intellij.configurationStore.ComponentWithStateModificationTrackerInfo
14600:             1             40  com.intellij.configurationStore.DefaultProjectStoreImpl
14601:             1             40  com.intellij.cvsSupport2.actions.BranchAction
14602:             1             40  com.intellij.cvsSupport2.actions.BrowseCvsRepositoryAction
14603:             1             40  com.intellij.cvsSupport2.actions.CheckoutFileAction
14604:             1             40  com.intellij.cvsSupport2.actions.CreateTagAction
14605:             1             40  com.intellij.cvsSupport2.actions.DeleteTagAction
14606:             1             40  com.intellij.cvsSupport2.actions.EditAction
14607:             1             40  com.intellij.cvsSupport2.actions.GetFileFromRepositoryAction
14608:             1             40  com.intellij.cvsSupport2.actions.ImportAction
14609:             1             40  com.intellij.cvsSupport2.actions.UneditAction
14610:             1             40  com.intellij.cvsSupport2.actions.ViewEditorsAction
14611:             1             40  com.intellij.cvsSupport2.actions.ViewWatchersAction
14612:             1             40  com.intellij.cvsSupport2.actions.WatchAddAction
14613:             1             40  com.intellij.cvsSupport2.actions.WatchOffAction
14614:             1             40  com.intellij.cvsSupport2.actions.WatchOnAction
14615:             1             40  com.intellij.cvsSupport2.actions.WatchRemoveAction
14616:             1             40  com.intellij.cyclicDependencies.actions.CyclicDependenciesAction
14617:             1             40  com.intellij.database.actions.DatabaseViewActions$AddDataSourcesGroup
14618:             1             40  com.intellij.database.actions.GenerateDbObjectGroup$1
14619:             1             40  com.intellij.database.actions.GenerateDbObjectGroup$2
14620:             1             40  com.intellij.database.actions.GenerateDbObjectGroup$3
14621:             1             40  com.intellij.database.actions.GenerateDbObjectGroup$4
14622:             1             40  com.intellij.database.actions.RunExtensionScriptActionGroup
14623:             1             40  com.intellij.database.diagram.DbDiagramProvider
14624:             1             40  com.intellij.database.dialects.Db2Dialect
14625:             1             40  com.intellij.database.run.actions.ChooseExtractorAction$ChooserGroup
14626:             1             40  com.intellij.database.run.actions.ChoosePasteFormatAction
14627:             1             40  com.intellij.database.run.actions.ColumnFiltersGroup
14628:             1             40  com.intellij.database.run.actions.CompareWithGroup
14629:             1             40  com.intellij.database.run.actions.DumpAction$FileGroup
14630:             1             40  com.intellij.debugger.impl.DebuggerContextImpl
14631:             1             40  com.intellij.debugger.streams.action.TraceStreamAction
14632:             1             40  com.intellij.diff.impl.DiffRequestProcessor$MyChangeDiffToolAction
14633:             1             40  com.intellij.execution.ExecutorRegistryImpl
14634:             1             40  com.intellij.execution.actions.CreateAction
14635:             1             40  com.intellij.execution.impl.ExecutionManagerKtImpl
14636:             1             40  com.intellij.execution.testframework.export.ExportTestResultsAction
14637:             1             40  com.intellij.featureStatistics.CompletionStatistics
14638:             1             40  com.intellij.featureStatistics.CumulativeStatistics
14639:             1             40  com.intellij.featureStatistics.FeatureUsageTrackerImpl
14640:             1             40  com.intellij.find.actions.ShowUsagesAction
14641:             1             40  com.intellij.find.impl.ShowRecentFindUsagesGroup
14642:             1             40  com.intellij.freemarker.psi.FtlLanguage$AngleDialect
14643:             1             40  com.intellij.freemarker.psi.FtlLanguage$InjectableFtlDialect
14644:             1             40  com.intellij.freemarker.psi.FtlLanguage$SquareDialect
14645:             1             40  com.intellij.history.core.changes.PutSystemLabelChange
14646:             1             40  com.intellij.ide.RecentProjectsManagerImpl
14647:             1             40  com.intellij.ide.actionMacro.actions.MacrosGroup
14648:             1             40  com.intellij.ide.actions.NewActionGroup
14649:             1             40  com.intellij.ide.actions.RecentProjectsGroup
14650:             1             40  com.intellij.ide.actions.ToolWindowsGroup
14651:             1             40  com.intellij.ide.b.g.n
14652:             1             40  com.intellij.ide.browsers.BrowserFamily$1
14653:             1             40  com.intellij.ide.browsers.BrowserFamily$2
14654:             1             40  com.intellij.ide.browsers.WebBrowserManager
14655:             1             40  com.intellij.ide.favoritesTreeView.actions.AddAllToFavoritesActionGroup
14656:             1             40  com.intellij.ide.favoritesTreeView.actions.AddToFavoritesActionGroup
14657:             1             40  com.intellij.ide.favoritesTreeView.actions.SendToFavoritesGroup
14658:             1             40  com.intellij.ide.fileTemplates.actions.CreateFromTemplateGroup
14659:             1             40  com.intellij.ide.navigationToolbar.NavBarModel
14660:             1             40  com.intellij.ide.projectView.actions.MarkSourceRootActionGroup
14661:             1             40  com.intellij.ide.projectView.impl.MoveModuleToGroupTopLevel
14662:             1             40  com.intellij.ide.ui.AppearanceOptionsTopHitProvider$2
14663:             1             40  com.intellij.ide.ui.laf.IntelliJLaf
14664:             1             40  com.intellij.internal.statistic.persistence.UsageStatisticsPersistenceComponent
14665:             1             40  com.intellij.j2ee.webSphere.descriptor.WebSphereAppBndDescriptor
14666:             1             40  com.intellij.j2ee.webSphere.descriptor.WebSphereAppExtDescriptor
14667:             1             40  com.intellij.j2ee.webSphere.descriptor.WebSphereAppExtPmeDescriptor
14668:             1             40  com.intellij.j2ee.webSphere.descriptor.WebSphereEjbBndDescriptor
14669:             1             40  com.intellij.j2ee.webSphere.descriptor.WebSphereEjbExtDescriptor
14670:             1             40  com.intellij.j2ee.webSphere.descriptor.WebSphereEjbExtPmeDescriptor
14671:             1             40  com.intellij.j2ee.webSphere.descriptor.WebSphereWebBndDescriptor
14672:             1             40  com.intellij.j2ee.webSphere.descriptor.WebSphereWebExtDescriptor
14673:             1             40  com.intellij.j2ee.webSphere.descriptor.WebSphereWebExtPmeDescriptor
14674:             1             40  com.intellij.javadoc.actions.GenerateJavadocAction
14675:             1             40  com.intellij.javaee.model.xml.web.actions.GenerateFilterAction
14676:             1             40  com.intellij.javaee.model.xml.web.actions.GenerateServletAction
14677:             1             40  com.intellij.javaee.oss.geronimo.editor.GeronimoBeanProvider
14678:             1             40  com.intellij.javaee.oss.glassfish.descriptor.GlassfishOracleAppDescriptor
14679:             1             40  com.intellij.javaee.oss.glassfish.descriptor.GlassfishOracleEjbDescriptor
14680:             1             40  com.intellij.javaee.oss.glassfish.descriptor.GlassfishOracleWebDescriptor
14681:             1             40  com.intellij.javaee.oss.glassfish.descriptor.GlassfishSunAppDescriptor
14682:             1             40  com.intellij.javaee.oss.glassfish.descriptor.GlassfishSunEjbDescriptor
14683:             1             40  com.intellij.javaee.oss.glassfish.descriptor.GlassfishSunWebDescriptor
14684:             1             40  com.intellij.javaee.oss.jboss.descriptor.JBoss7AppDescriptor
14685:             1             40  com.intellij.javaee.oss.jboss.descriptor.JBoss7WebDescriptor
14686:             1             40  com.intellij.javaee.oss.jboss.editor.JBossBeanProvider
14687:             1             40  com.intellij.jboss.jbpm.diagram.BpmnDiagramProvider
14688:             1             40  com.intellij.jpa.actions.NewGroupPersistence
14689:             1             40  com.intellij.jpa.providers.EclipseLinkProvider
14690:             1             40  com.intellij.jpa.providers.HibernateProvider
14691:             1             40  com.intellij.jpa.providers.OpenJPAProvider
14692:             1             40  com.intellij.jpa.providers.ToplinkProvider
14693:             1             40  com.intellij.jsp.taglibs.actions.GenerateJspFunctionAction
14694:             1             40  com.intellij.jsp.taglibs.actions.GenerateJspTagAction
14695:             1             40  com.intellij.lang.ant.config.actions.AntBuildGroup
14696:             1             40  com.intellij.lang.dtd.DTDLanguage
14697:             1             40  com.intellij.lang.html.HTMLLanguage
14698:             1             40  com.intellij.lang.java.parser.JavaParser
14699:             1             40  com.intellij.lang.javascript.dialects.AppleJSLanguageDialect
14700:             1             40  com.intellij.lang.javascript.dialects.ECMA6LanguageDialect
14701:             1             40  com.intellij.lang.javascript.dialects.ECMAL4LanguageDialect
14702:             1             40  com.intellij.lang.javascript.dialects.FlowJSLanguageDialect
14703:             1             40  com.intellij.lang.javascript.dialects.GwtLanguageDialect
14704:             1             40  com.intellij.lang.javascript.dialects.JS15LanguageDialect
14705:             1             40  com.intellij.lang.javascript.dialects.JS16LanguageDialect
14706:             1             40  com.intellij.lang.javascript.dialects.JS17LanguageDialect
14707:             1             40  com.intellij.lang.javascript.dialects.JS18LanguageDialect
14708:             1             40  com.intellij.lang.javascript.dialects.JSXHarmonyLanguageDialect
14709:             1             40  com.intellij.lang.javascript.dialects.TypeScriptJSXLanguageDialect
14710:             1             40  com.intellij.lang.javascript.dialects.TypeScriptLanguageDialect
14711:             1             40  com.intellij.lang.javascript.flex.MxmlLanguage
14712:             1             40  com.intellij.lang.javascript.flex.build.BuiltInFlexCompilerHandler
14713:             1             40  com.intellij.lang.javascript.highlighting.JSSpellcheckingStrategy
14714:             1             40  com.intellij.lang.javascript.inspections.JSUnusedGlobalDeclarationsWorker
14715:             1             40  com.intellij.lang.javascript.library.ui.JSLibraryListGroup
14716:             1             40  com.intellij.lang.javascript.linter.jscs.JscsConfiguration
14717:             1             40  com.intellij.lang.javascript.nashorn.NashornJSLanguageDialect
14718:             1             40  com.intellij.lang.javascript.template.postfix.JSAwaitPostfixTemplate
14719:             1             40  com.intellij.lang.javascript.template.postfix.JSForOfPostfixTemplate
14720:             1             40  com.intellij.lang.javascript.template.postfix.JSIfInstanceOfPostfixTemplate
14721:             1             40  com.intellij.lang.javascript.template.postfix.JSIfTypeOfPostfixTemplate
14722:             1             40  com.intellij.lang.javascript.template.postfix.JSIntroduceConstPostfixTemplate
14723:             1             40  com.intellij.lang.javascript.template.postfix.JSIntroduceLetPostfixTemplate
14724:             1             40  com.intellij.lang.javascript.template.postfix.JSIntroduceVarPostfixTemplate
14725:             1             40  com.intellij.lang.javascript.template.postfix.JSLogPostfixTemplate
14726:             1             40  com.intellij.lang.javascript.template.postfix.JSReturnStatementPostfixTemplate
14727:             1             40  com.intellij.lang.javascript.template.postfix.JSThrowStatementPostfixTemplate
14728:             1             40  com.intellij.lang.javascript.template.postfix.JSTypeOfExpressionPostfixTemplate
14729:             1             40  com.intellij.lang.javascript.uml.FlashUmlProvider
14730:             1             40  com.intellij.lang.jsp.NewJspLanguage
14731:             1             40  com.intellij.lang.jspx.JSPXLanguage
14732:             1             40  com.intellij.lang.properties.psi.impl.PropertyStubImpl
14733:             1             40  com.intellij.lang.typescript.compiler.TypeScriptCompileStartupActivity$1
14734:             1             40  com.intellij.lang.typescript.template.postfix.TypeScriptCastPostfixTemplate
14735:             1             40  com.intellij.lang.xhtml.XHTMLLanguage
14736:             1             40  com.intellij.lang.xml.XMLLanguage
14737:             1             40  com.intellij.lexer.XmlLexer
14738:             1             40  com.intellij.openapi.actionSystem.ActionGroup$1
14739:             1             40  com.intellij.openapi.actionSystem.ex.InvokeQuickListAction
14740:             1             40  com.intellij.openapi.application.impl.ReadMostlyRWLock
14741:             1             40  com.intellij.openapi.diff.actions.HighlightModeAction
14742:             1             40  com.intellij.openapi.diff.actions.IgnoreWhiteSpacesAction
14743:             1             40  com.intellij.openapi.editor.ex.EditorSettingsExternalizable
14744:             1             40  com.intellij.openapi.externalSystem.service.ExternalSystemFacadeManager
14745:             1             40  com.intellij.openapi.fileEditor.impl.DockableEditorTabbedContainer
14746:             1             40  com.intellij.openapi.fileTypes.FileTypeEditorHighlighterProviders
14747:             1             40  com.intellij.openapi.graph.builder.actions.ZoomInAction
14748:             1             40  com.intellij.openapi.graph.builder.actions.ZoomOutAction
14749:             1             40  com.intellij.openapi.keymap.impl.IdeMouseEventDispatcher
14750:             1             40  com.intellij.openapi.keymap.impl.KeyProcessorContext
14751:             1             40  com.intellij.openapi.progress.impl.CoreProgressManager$4
14752:             1             40  com.intellij.openapi.progress.util.ProgressDialog$4
14753:             1             40  com.intellij.openapi.projectRoots.impl.JavaAwareProjectJdkTableImpl
14754:             1             40  com.intellij.openapi.roots.impl.ContentEntryImpl
14755:             1             40  com.intellij.openapi.roots.impl.LibraryScopeCache
14756:             1             40  com.intellij.openapi.util.ClassExtension
14757:             1             40  com.intellij.openapi.vcs.actions.VcsQuickListPopupAction$Providers
14758:             1             40  com.intellij.openapi.vcs.actions.VcsQuickListPopupAction$VcsNameSeparator
14759:             1             40  com.intellij.openapi.vcs.changes.VcsDirtyScopeVfsListener
14760:             1             40  com.intellij.openapi.vcs.update.CommonIntegrateFileOrDirectoryAction
14761:             1             40  com.intellij.openapi.vcs.update.CommonIntegrateProjectAction
14762:             1             40  com.intellij.openapi.vcs.update.CommonStatusFileOrDirectoryAction
14763:             1             40  com.intellij.openapi.vcs.update.CommonUpdateFileOrDirectoryAction
14764:             1             40  com.intellij.openapi.vcs.update.CommonUpdateProjectAction
14765:             1             40  com.intellij.openapi.vfs.PlatformVirtualFileManager
14766:             1             40  com.intellij.openapi.vfs.ex.temp.TempFileSystem$FSDir
14767:             1             40  com.intellij.openapi.vfs.impl.VirtualFileManagerImpl$1
14768:             1             40  com.intellij.openapi.vfs.impl.http.RemoteFileManagerImpl
14769:             1             40  com.intellij.openapi.vfs.impl.local.FileWatcher
14770:             1             40  com.intellij.openapi.vfs.impl.local.LocalFileSystemImpl
14771:             1             40  com.intellij.openapi.vfs.newvfs.impl.VirtualDirectoryImpl$1
14772:             1             40  com.intellij.openapi.vfs.newvfs.persistent.FSRecords$AttributeOutputStream
14773:             1             40  com.intellij.openapi.vfs.newvfs.persistent.PersistentFSImpl
14774:             1             40  com.intellij.openapi.wm.impl.IdeFrameImpl$$Lambda$724/1821354077
14775:             1             40  com.intellij.openapi.wm.impl.ProjectWindowAction
14776:             1             40  com.intellij.openapi.wm.impl.StripeButtonUI
14777:             1             40  com.intellij.openapi.wm.impl.Windows$ToolWindowProvider
14778:             1             40  com.intellij.openapi.wm.impl.status.LineSeparatorPanel
14779:             1             40  com.intellij.openapi.wm.impl.status.PositionPanel
14780:             1             40  com.intellij.packageDependencies.actions.AnalyzeDependenciesAction
14781:             1             40  com.intellij.packageDependencies.actions.BackwardDependenciesAction
14782:             1             40  com.intellij.plugins.drools.completion.DroolsCompletionContributor$1
14783:             1             40  com.intellij.plugins.jboss.arquillian.configuration.ArquillianContainersAppManager
14784:             1             40  com.intellij.psi.ElementManipulators
14785:             1             40  com.intellij.psi.FileTypeFileViewProviders
14786:             1             40  com.intellij.psi.ReferenceProviderType$1
14787:             1             40  com.intellij.psi.WeighingService$1
14788:             1             40  com.intellij.psi.css.impl.lexing.CssLexer
14789:             1             40  com.intellij.psi.css.impl.util.scheme.CssDescriptorsHolder
14790:             1             40  com.intellij.psi.impl.DocumentCommitThread
14791:             1             40  com.intellij.psi.impl.cache.impl.id.IdIndexers
14792:             1             40  com.intellij.psi.impl.cache.impl.todo.TodoIndexers
14793:             1             40  com.intellij.psi.impl.source.codeStyle.CodeStyleSchemeImpl
14794:             1             40  com.intellij.psi.statistics.StatisticsManager$1
14795:             1             40  com.intellij.psi.stubs.BinaryFileStubBuilders
14796:             1             40  com.intellij.psi.stubs.PrebuiltStubsProviders
14797:             1             40  com.intellij.psi.stubs.SerializationManagerImpl
14798:             1             40  com.intellij.psi.stubs.StubIndexImpl
14799:             1             40  com.intellij.psi.util.MethodSignatureHandMade
14800:             1             40  com.intellij.refactoring.actions.ChangeSignatureAction
14801:             1             40  com.intellij.refactoring.actions.ExtractClassAction
14802:             1             40  com.intellij.refactoring.actions.ExtractIncludeAction
14803:             1             40  com.intellij.refactoring.actions.ExtractInterfaceAction
14804:             1             40  com.intellij.refactoring.actions.ExtractMethodAction
14805:             1             40  com.intellij.refactoring.actions.ExtractModuleAction
14806:             1             40  com.intellij.refactoring.actions.ExtractSuperclassAction
14807:             1             40  com.intellij.refactoring.actions.InlineAction
14808:             1             40  com.intellij.refactoring.actions.IntroduceConstantAction
14809:             1             40  com.intellij.refactoring.actions.IntroduceFieldAction
14810:             1             40  com.intellij.refactoring.actions.IntroduceFunctionalParameterAction
14811:             1             40  com.intellij.refactoring.actions.IntroduceFunctionalVariableAction
14812:             1             40  com.intellij.refactoring.actions.IntroduceParameterAction
14813:             1             40  com.intellij.refactoring.actions.IntroduceVariableAction
14814:             1             40  com.intellij.refactoring.actions.PullUpAction
14815:             1             40  com.intellij.refactoring.actions.PushDownAction
14816:             1             40  com.intellij.spellchecker.JavaSpellcheckingStrategy
14817:             1             40  com.intellij.spellchecker.actions.SpellingPopupActionGroup
14818:             1             40  com.intellij.spellchecker.engine.BaseSpellChecker
14819:             1             40  com.intellij.spring.boot.model.autoconfigure.conditions.ConditionalContributors
14820:             1             40  com.intellij.spring.facet.SpringFacetConfigurationImpl
14821:             1             40  com.intellij.spring.model.aliasFor.SpringAliasForUtils$1
14822:             1             40  com.intellij.spring.perspectives.diagrams.SpringDiagramProvider
14823:             1             40  com.intellij.spring.webflow.diagram.WebflowDiagramProvider
14824:             1             40  com.intellij.sql.generation.SqlGenerateGroup
14825:             1             40  com.intellij.struts.StrutsDomFactory
14826:             1             40  com.intellij.tapestry.lang.TmlLanguage
14827:             1             40  com.intellij.terminal.JBTerminalSystemSettingsProviderBase$MyColorSchemeDelegate
14828:             1             40  com.intellij.uast.UastMetaLanguage
14829:             1             40  com.intellij.ui.JBColor$4
14830:             1             40  com.intellij.ui.tree.AsyncTreeModel
14831:             1             40  com.intellij.ui.tree.StructureTreeModel
14832:             1             40  com.intellij.uiDesigner.GuiDesignerConfigurable$MyGeneralUI
14833:             1             40  com.intellij.uiDesigner.actions.ChooseLocaleAction
14834:             1             40  com.intellij.uml.diff.ShowChangesAction
14835:             1             40  com.intellij.util.concurrency.AppDelayQueue
14836:             1             40  com.intellij.util.concurrency.AppScheduledExecutorService
14837:             1             40  com.intellij.util.containers.OpenTHashSet
14838:             1             40  com.intellij.util.containers.hash.HashMap$EntrySet$1
14839:             1             40  com.intellij.util.containers.hash.HashSet$1
14840:             1             40  com.intellij.util.indexing.FileBasedIndexImpl$ChangedFilesCollector$1
14841:             1             40  com.intellij.util.indexing.FileBasedIndexImpl$FileIndexDataInitialization
14842:             1             40  com.intellij.util.io.storage.HeavyProcessLatch
14843:             1             40  com.intellij.vcs.log.data.ContainingBranchesGetter
14844:             1             40  com.intellij.vcs.log.data.VcsLogRefresherImpl$1
14845:             1             40  com.intellij.vcs.log.data.index.VcsLogMessagesTrigramIndex
14846:             1             40  com.intellij.vcs.log.data.index.VcsLogPersistentIndex$MySingleTaskController
14847:             1             40  com.intellij.vcs.log.graph.impl.facade.PermanentGraphImpl
14848:             1             40  com.intellij.vcs.log.impl.VcsLogManager
14849:             1             40  com.intellij.vcs.log.ui.actions.HighlightersActionGroup
14850:             1             40  com.maddyhome.idea.copyright.CopyrightUpdaters
14851:             1             40  com.maddyhome.idea.copyright.actions.UpdateCopyrightAction
14852:             1             40  com.maddyhome.idea.copyright.options.LanguageOptions
14853:             1             40  com.rover12421.exTENdS.exTENdS.COnST
14854:             1             40  com.rover12421.exTENdS.exTENdS.COnST
14855:             1             40  com.rover12421.exTENdS.sYNcHRONIzEd
14856:             1             40  com.rover12421.exTENdS.syNchRoNIZEd
14857:             1             40  com.rover12421.exTENdS.syNchRoNIZEd
14858:             1             40  com.sixrr.inspectjs.naming.FunctionNamingConventionJSInspection
14859:             1             40  com.sixrr.inspectjs.naming.ParameterNamingConventionJSInspection
14860:             1             40  com.siyeh.ig.errorhandling.BadExceptionDeclaredInspection
14861:             1             40  com.siyeh.ig.naming.FieldNamingConventionInspection
14862:             1             40  com.siyeh.ig.naming.NewClassNamingConventionInspection
14863:             1             40  com.siyeh.ig.naming.NewMethodNamingConventionInspection
14864:             1             40  com.siyeh.ig.naming.NonBooleanMethodNameMayNotStartWithQuestionInspection
14865:             1             40  com.siyeh.ig.naming.ParameterNamingConventionInspection
14866:             1             40  com.siyeh.ig.serialization.SerializableHasSerialVersionUIDFieldInspection
14867:             1             40  com.siyeh.ig.serialization.SerializableHasSerializationMethodsInspection
14868:             1             40  com.sun.beans.finder.MethodFinder$1
14869:             1             40  com.sun.java.swing.plaf.windows.WindowsLookAndFeel$FontDesktopProperty
14870:             1             40  com.sun.jmx.interceptor.DefaultMBeanServerInterceptor
14871:             1             40  com.sun.jmx.mbeanserver.JmxMBeanServer
14872:             1             40  com.sun.jmx.mbeanserver.MBeanServerDelegateImpl
14873:             1             40  com.sun.tools.jdi.ConnectorImpl$BooleanArgumentImpl
14874:             1             40  com.sun.tools.jdi.SunCommandLineLauncher
14875:             1             40  com.sun.tools.jdi.VirtualMachineManagerImpl
14876:             1             40  com.sun.tools.jdi.VirtualMachineManagerImpl$$$jr
14877:             1             40  com.sun.tools.jdi.resources.jdi
14878:             1             40  com.sun.tools.jdi.resources.jdi_zh_CN
14879:             1             40  com.zeroturnaround.javarebel.idea.plugin.logger.IntellijNativeLog$1
14880:             1             40  com.zeroturnaround.jrebel.ide.common.guide.model.ActivationModelStep
14881:             1             40  com.zeroturnaround.jrebel.ide.common.guide.model.ProjectConfigurationModelStep
14882:             1             40  com.zeroturnaround.jrebel.ide.common.guide.model.ReloadModelStep
14883:             1             40  com.zeroturnaround.jrebel.ide.common.guide.model.StartupConfigurationModelStep
14884:             1             40  dk.brics.automaton.RunAutomaton
14885:             1             40  freemarker.core.ExistsExpression
14886:             1             40  freemarker.template.DefaultObjectWrapperBuilder
14887:             1             40  git4idea.rebase.GitRewordAction
14888:             1             40  git4idea.repo.GitRepositoryUpdater
14889:             1             40  git4idea.ui.branch.GitLogBranchOperationsActionGroup
14890:             1             40  java.awt.datatransfer.SystemFlavorMap
14891:             1             40  java.awt.dnd.DropTargetDropEvent
14892:             1             40  java.beans.WeakIdentityMap$Entry
14893:             1             40  java.nio.file.FileAlreadyExistsException
14894:             1             40  java.text.AttributedString
14895:             1             40  java.time.format.DateTimeFormatterBuilder
14896:             1             40  java.util.ResourceBundle$1
14897:             1             40  java.util.regex.Pattern$LazyLoop
14898:             1             40  javassist.ClassPool
14899:             1             40  javax.crypto.CryptoAllPermission
14900:             1             40  javax.swing.plaf.basic.BasicDirectoryModel$DoChangeContents
14901:             1             40  javax.swing.plaf.basic.BasicTextUI$BasicCursor
14902:             1             40  javax.swing.plaf.basic.DefaultMenuLayout
14903:             1             40  javax.swing.plaf.metal.MetalFileChooserUI$DirectoryComboBoxModel
14904:             1             40  javax.swing.text.JTextComponent$4
14905:             1             40  javax.swing.text.StyleContext
14906:             1             40  kotlin.reflect.jvm.internal.impl.builtins.DefaultBuiltIns
14907:             1             40  kotlin.reflect.jvm.internal.impl.serialization.jvm.JvmProtoBuf$JvmFieldSignature
14908:             1             40  kotlin.reflect.jvm.internal.impl.serialization.jvm.JvmProtoBuf$JvmMethodSignature
14909:             1             40  kotlin.reflect.jvm.internal.impl.serialization.jvm.JvmProtoBuf$StringTableTypes
14910:             1             40  net.jpountz.lz4.LZ4Factory
14911:             1             40  net.sourceforge.pmd.lang.java.JavaLanguageModule
14912:             1             40  net.sourceforge.pmd.lang.vm.VmLanguageModule
14913:             1             40  org.angularjs.html.Angular2HTMLLanguage
14914:             1             40  org.angularjs.lang.AngularJSLanguage
14915:             1             40  org.apache.commons.collections.map.AbstractLinkedMap$LinkEntry
14916:             1             40  org.apache.http.config.ConnectionConfig
14917:             1             40  org.apache.http.conn.routing.HttpRoute
14918:             1             40  org.apache.http.impl.HttpConnectionMetricsImpl
14919:             1             40  org.apache.http.impl.io.SessionOutputBufferImpl
14920:             1             40  org.apache.http.pool.AbstractConnPool$1
14921:             1             40  org.apache.log4j.helpers.CountingQuietWriter
14922:             1             40  org.apache.log4j.helpers.PatternParser$CategoryPatternConverter
14923:             1             40  org.apache.log4j.helpers.PatternParser$DatePatternConverter
14924:             1             40  org.apache.log4j.spi.RootLogger
14925:             1             40  org.apache.velocity.app.event.EventCartridge
14926:             1             40  org.apache.velocity.runtime.VelocimacroFactory
14927:             1             40  org.apache.velocity.runtime.directive.Break
14928:             1             40  org.apache.velocity.runtime.directive.Include
14929:             1             40  org.apache.velocity.runtime.directive.Literal
14930:             1             40  org.apache.velocity.runtime.directive.Parse
14931:             1             40  org.apache.velocity.runtime.directive.Stop
14932:             1             40  org.apache.velocity.runtime.directive.StopCommand
14933:             1             40  org.apache.velocity.runtime.resource.ResourceManagerImpl
14934:             1             40  org.coffeescript.CoffeeScriptLanguage
14935:             1             40  org.coffeescript.CoffeeScriptLiterateLanguage
14936:             1             40  org.intellij.html.RelaxedHtmlFromRngNSDescriptor
14937:             1             40  org.intellij.lang.regexp.RegExpLanguageHosts
14938:             1             40  org.intellij.lang.xpath.xslt.associations.impl.AssociationsGroup
14939:             1             40  org.intellij.plugins.intelliLang.Configuration$App
14940:             1             40  org.jetbrains.android.actions.CreateResourceFileAction
14941:             1             40  org.jetbrains.idea.maven.server.MavenServerManager
14942:             1             40  org.jetbrains.idea.tomcat.descriptor.TomcatContextDescriptor
14943:             1             40  org.jetbrains.jps.api.CmdlineRemoteProto$Message$BuilderMessage$BuildEvent$GeneratedFile
14944:             1             40  org.jetbrains.kotlin.builtins.DefaultBuiltIns
14945:             1             40  org.jetbrains.kotlin.codegen.state.KotlinTypeMapper
14946:             1             40  org.jetbrains.kotlin.descriptors.impl.LazyPackageViewDescriptorImpl
14947:             1             40  org.jetbrains.kotlin.idea.actions.generate.KotlinGenerateTestSupportActionBase$Data
14948:             1             40  org.jetbrains.kotlin.idea.actions.generate.KotlinGenerateTestSupportActionBase$SetUp
14949:             1             40  org.jetbrains.kotlin.idea.actions.generate.KotlinGenerateTestSupportActionBase$TearDown
14950:             1             40  org.jetbrains.kotlin.idea.actions.generate.KotlinGenerateTestSupportActionBase$Test
14951:             1             40  org.jetbrains.kotlin.idea.caches.resolve.KotlinCacheServiceImpl
14952:             1             40  org.jetbrains.kotlin.idea.caches.resolve.KotlinCacheServiceImpl$GlobalFacade
14953:             1             40  org.jetbrains.kotlin.idea.completion.KotlinCompletionContributor
14954:             1             40  org.jetbrains.kotlin.idea.intentions.AddForLoopIndicesIntention
14955:             1             40  org.jetbrains.kotlin.idea.intentions.AddJvmStaticIntention
14956:             1             40  org.jetbrains.kotlin.idea.intentions.AddPropertyAccessorsIntention
14957:             1             40  org.jetbrains.kotlin.idea.intentions.AddPropertyGetterIntention
14958:             1             40  org.jetbrains.kotlin.idea.intentions.AddPropertySetterIntention
14959:             1             40  org.jetbrains.kotlin.idea.intentions.ChangeVisibilityModifierIntention$Internal
14960:             1             40  org.jetbrains.kotlin.idea.intentions.ChangeVisibilityModifierIntention$Private
14961:             1             40  org.jetbrains.kotlin.idea.intentions.ChangeVisibilityModifierIntention$Protected
14962:             1             40  org.jetbrains.kotlin.idea.intentions.ChangeVisibilityModifierIntention$Public
14963:             1             40  org.jetbrains.kotlin.idea.intentions.ChopArgumentListIntention
14964:             1             40  org.jetbrains.kotlin.idea.intentions.ChopParameterListIntention
14965:             1             40  org.jetbrains.kotlin.idea.intentions.ConvertForEachToForLoopIntention
14966:             1             40  org.jetbrains.kotlin.idea.intentions.ConvertFunctionToPropertyIntention
14967:             1             40  org.jetbrains.kotlin.idea.intentions.ConvertToApplyIntention
14968:             1             40  org.jetbrains.kotlin.idea.intentions.ConvertToRunIntention
14969:             1             40  org.jetbrains.kotlin.idea.intentions.ConvertToWithIntention
14970:             1             40  org.jetbrains.kotlin.idea.intentions.ReplaceAddWithPlusAssignIntention
14971:             1             40  org.jetbrains.kotlin.idea.intentions.ReplaceMathMaxWithCoerceAtLeastIntention
14972:             1             40  org.jetbrains.kotlin.idea.intentions.ReplaceMathMinWithCoerceAtMostIntention
14973:             1             40  org.jetbrains.kotlin.idea.refactoring.introduce.extractFunction.ExtractFunctionAction
14974:             1             40  org.jetbrains.kotlin.idea.refactoring.introduce.extractFunction.ExtractFunctionToScopeAction
14975:             1             40  org.jetbrains.kotlin.idea.refactoring.introduce.introduceProperty.IntroducePropertyAction
14976:             1             40  org.jetbrains.kotlin.idea.refactoring.introduce.introduceTypeAlias.IntroduceTypeAliasAction
14977:             1             40  org.jetbrains.kotlin.idea.refactoring.introduce.introduceTypeParameter.IntroduceTypeParameterAction
14978:             1             40  org.jetbrains.kotlin.load.kotlin.FallbackBuiltIns
14979:             1             40  org.jetbrains.kotlin.psi.stubs.elements.KtAnnotationEntryElementType
14980:             1             40  org.jetbrains.kotlin.psi.stubs.elements.KtAnnotationUseSiteTargetElementType
14981:             1             40  org.jetbrains.kotlin.psi.stubs.elements.KtDotQualifiedExpressionElementType
14982:             1             40  org.jetbrains.kotlin.psi.stubs.elements.KtEnumEntrySuperClassReferenceExpressionElementType
14983:             1             40  org.jetbrains.kotlin.psi.stubs.elements.KtFunctionElementType
14984:             1             40  org.jetbrains.kotlin.psi.stubs.elements.KtImportAliasElementType
14985:             1             40  org.jetbrains.kotlin.psi.stubs.elements.KtImportDirectiveElementType
14986:             1             40  org.jetbrains.kotlin.psi.stubs.elements.KtModifierListElementType
14987:             1             40  org.jetbrains.kotlin.psi.stubs.elements.KtNameReferenceExpressionElementType
14988:             1             40  org.jetbrains.kotlin.psi.stubs.elements.KtObjectElementType
14989:             1             40  org.jetbrains.kotlin.psi.stubs.elements.KtParameterElementType
14990:             1             40  org.jetbrains.kotlin.psi.stubs.elements.KtPropertyAccessorElementType
14991:             1             40  org.jetbrains.kotlin.psi.stubs.elements.KtPropertyElementType
14992:             1             40  org.jetbrains.kotlin.psi.stubs.elements.KtScriptElementType
14993:             1             40  org.jetbrains.kotlin.psi.stubs.elements.KtTypeAliasElementType
14994:             1             40  org.jetbrains.kotlin.psi.stubs.elements.KtTypeParameterElementType
14995:             1             40  org.jetbrains.kotlin.psi.stubs.elements.KtTypeProjectionElementType
14996:             1             40  org.jetbrains.kotlin.psi.stubs.elements.KtUserTypeElementType
14997:             1             40  org.jetbrains.kotlin.serialization.jvm.JvmProtoBuf$JvmFieldSignature
14998:             1             40  org.jetbrains.kotlin.serialization.jvm.JvmProtoBuf$JvmMethodSignature
14999:             1             40  org.jetbrains.kotlin.util.slicedMap.Slices$SliceBuilder$1
15000:             1             40  org.jetbrains.plugins.grails.editor.toolbar.GoToTestAction
15001:             1             40  org.jetbrains.plugins.grails.editor.toolbar.GoToViewAction
15002:             1             40  org.jetbrains.plugins.grails.lang.gsp.GspLanguage
15003:             1             40  org.jetbrains.plugins.groovy.codeInspection.naming.GroovyInstanceMethodNamingConventionInspection
15004:             1             40  org.jetbrains.plugins.groovy.codeInspection.naming.GroovyInstanceVariableNamingConventionInspection
15005:             1             40  org.jetbrains.plugins.groovy.codeInspection.naming.GroovyStaticMethodNamingConventionInspection
15006:             1             40  org.jetbrains.plugins.groovy.codeInspection.naming.NewGroovyClassNamingConventionInspection
15007:             1             40  org.jetbrains.plugins.groovy.shell.GroovyShellAction
15008:             1             40  org.jetbrains.plugins.haml.HAMLEnterHandler
15009:             1             40  org.jetbrains.plugins.sass.editor.SASSEnterHandler
15010:             1             40  org.jetbrains.settingsRepository.git.GitRepositoryManager
15011:             1             40  org.osmorc.make.ViewGeneratedManifestGroup
15012:             1             40  org.yaml.snakeyaml.representer.BaseRepresenter$1
15013:             1             40  org.zeroturnaround.common.args.ArgTriple$WithValuesMatchingRegex
15014:             1             40  org.zeroturnaround.common.jvm.JavaExeJVM
15015:             1             40  org.zeroturnaround.javarebel.preferences.FileStore
15016:             1             40  org.zeroturnaround.javarebel.reporting.stats.repository.impl.RepositoryMetricsStatistics
15017:             1             40  org.zeroturnaround.javarebel.reporting.stats.repository.impl.StatisticsRepositoryImpl
15018:             1             40  org.zeroturnaround.jrebel.ide.common.notifications.UserNotifications
15019:             1             40  sun.awt.AWTAutoShutdown
15020:             1             40  sun.awt.event.IgnorePaintEvent
15021:             1             40  sun.awt.resources.awt
15022:             1             40  sun.awt.resources.awt_zh_CN
15023:             1             40  sun.awt.windows.WFontPeer
15024:             1             40  sun.font.FontRunIterator
15025:             1             40  sun.font.GlyphLayout$EngineRecord
15026:             1             40  sun.java2d.SurfaceDataProxy$1
15027:             1             40  sun.java2d.marlin.CollinearSimplifier
15028:             1             40  sun.java2d.marlin.Curve$BreakPtrIterator
15029:             1             40  sun.java2d.marlin.MarlinRenderingEngine$NormalizingPathIterator$NearestPixelCenter
15030:             1             40  sun.java2d.marlin.MarlinRenderingEngine$NormalizingPathIterator$NearestPixelQuarter
15031:             1             40  sun.management.DiagnosticCommandImpl
15032:             1             40  sun.net.idn.StringPrep
15033:             1             40  sun.nio.cs.StandardCharsets$Aliases
15034:             1             40  sun.nio.cs.StandardCharsets$Cache
15035:             1             40  sun.nio.cs.StandardCharsets$Classes
15036:             1             40  sun.nio.cs.ext.ExtendedCharsets
15037:             1             40  sun.security.provider.JavaKeyStore$DualFormatJKS
15038:             1             40  sun.swing.FilePane$1
15039:             1             40  sun.swing.FilePane$DetailsTableModel
15040:             1             40  sun.text.resources.BreakIteratorInfo
15041:             1             40  sun.util.locale.InternalLocaleBuilder
15042:             1             40  sun.util.locale.LanguageTag
15043:             1             40  sun.util.locale.StringTokenIterator
15044:             1             40  sun.util.logging.resources.logging
15045:             1             40  sun.util.logging.resources.logging_zh_CN
15046:             1             32  [Lch.qos.logback.core.rolling.helper.CompressionMode;
15047:             1             32  [Lch.qos.logback.core.spi.FilterReply;
15048:             1             32  [Lcom.alibaba.p3c.idea.inspection.standalone.MapOrSetKeyShouldOverrideHashCodeEqualsInspection$ClassType;
15049:             1             32  [Lcom.android.repository.Revision$Precision;
15050:             1             32  [Lcom.android.repository.Revision$PreviewComparison;
15051:             1             32  [Lcom.android.tools.idea.AndroidPsiUtils$ResourceReferenceType;
15052:             1             32  [Lcom.android.tools.idea.gradle.project.sync.compatibility.CompatibilityChecksMetadataUpdater$CheckInterval;
15053:             1             32  [Lcom.android.tools.idea.lint.ParcelableQuickFix$Operation;
15054:             1             32  [Lcom.android.tools.idea.project.messages.MessageType;
15055:             1             32  [Lcom.android.tools.idea.run.editor.LaunchOption;
15056:             1             32  [Lcom.android.tools.idea.startup.DelayedInitialization$GradleBuildStatus;
15057:             1             32  [Lcom.android.tools.lint.detector.api.TextFormat;
15058:             1             32  [Lcom.google.common.base.AbstractIterator$State;
15059:             1             32  [Lcom.google.common.base.Predicates$ObjectPredicate;
15060:             1             32  [Lcom.google.common.cache.LocalCache$Strength;
15061:             1             32  [Lcom.google.common.collect.AbstractIterator$State;
15062:             1             32  [Lcom.intellij.a.g.Address;
15063:             1             32  [Lcom.intellij.codeHighlighting.TextEditorHighlightingPassRegistrar$Anchor;
15064:             1             32  [Lcom.intellij.codeInsight.MethodImplementor;
15065:             1             32  [Lcom.intellij.codeInsight.actions.TextRangeType;
15066:             1             32  [Lcom.intellij.codeInsight.completion.AbstractExpectedTypeSkipper$Result;
15067:             1             32  [Lcom.intellij.codeInsight.completion.CompletionType;
15068:             1             32  [Lcom.intellij.codeInsight.completion.JavaCompletionSorting$PreferAccessible$MyEnum;
15069:             1             32  [Lcom.intellij.codeInsight.completion.RecursionWeigher$Result;
15070:             1             32  [Lcom.intellij.codeInsight.completion.impl.BetterPrefixMatcher$MatchingOutcome;
15071:             1             32  [Lcom.intellij.codeInsight.completion.scope.JavaCompletionProcessor$StaticProblem;
15072:             1             32  [Lcom.intellij.codeInsight.controlflow.ControlFlowUtil$Operation;
15073:             1             32  [Lcom.intellij.codeInsight.daemon.impl.DaemonListeners$Result;
15074:             1             32  [Lcom.intellij.codeInsight.daemon.impl.analysis.ErrorQuickFixProvider;
15075:             1             32  [Lcom.intellij.codeInsight.daemon.impl.analysis.HighlightUtil$SelectorKind;
15076:             1             32  [Lcom.intellij.codeInsight.daemon.impl.quickfix.CreateClassKind;
15077:             1             32  [Lcom.intellij.codeInsight.daemon.impl.quickfix.ImportClassFixBase$Result;
15078:             1             32  [Lcom.intellij.codeInsight.editorActions.SmartBackspaceMode;
15079:             1             32  [Lcom.intellij.codeInsight.editorActions.TypedHandlerDelegate$Result;
15080:             1             32  [Lcom.intellij.codeInsight.editorActions.XmlTagNameSynchronizer$TagNameSynchronizer$State;
15081:             1             32  [Lcom.intellij.codeInsight.folding.impl.UpdateFoldRegionsOperation$ApplyDefaultStateMode;
15082:             1             32  [Lcom.intellij.codeInsight.generation.CommentByLineCommentHandler$CaretUpdate;
15083:             1             32  [Lcom.intellij.codeInsight.highlighting.ReadWriteAccessDetector$Access;
15084:             1             32  [Lcom.intellij.codeInsight.hints.ParameterHintsUpdater$InlayUpdateInfo$Action;
15085:             1             32  [Lcom.intellij.codeInsight.intention.PriorityAction$Priority;
15086:             1             32  [Lcom.intellij.codeInsight.intention.impl.AnnotateIntentionAction$AnnotationProvider;
15087:             1             32  [Lcom.intellij.codeInsight.intention.impl.ConvertToBasicLatinAction$Handler;
15088:             1             32  [Lcom.intellij.codeInsight.intention.impl.IntentionHintComponent$PopupUpdateResult;
15089:             1             32  [Lcom.intellij.codeInsight.javadoc.AnnotationFormat;
15090:             1             32  [Lcom.intellij.codeInsight.lookup.AutoCompletionPolicy;
15091:             1             32  [Lcom.intellij.codeInsight.lookup.CharFilter$Result;
15092:             1             32  [Lcom.intellij.codeInsight.lookup.impl.LookupImpl$FocusDegree;
15093:             1             32  [Lcom.intellij.codeInsight.navigation.CtrlMouseHandler$BrowseMode;
15094:             1             32  [Lcom.intellij.codeInsight.navigation.DocPreviewUtil$State;
15095:             1             32  [Lcom.intellij.codeInsight.preview.PreviewHintProvider;
15096:             1             32  [Lcom.intellij.codeInsight.template.emmet.generators.ZenCodingGenerator;
15097:             1             32  [Lcom.intellij.codeInspection.OptionalIsPresentInspection$OptionalIsPresentCase;
15098:             2             32  [Lcom.intellij.codeInspection.ProblemDescriptor;
15099:             1             32  [Lcom.intellij.codeInspection.dataFlow.Mutability;
15100:             1             32  [Lcom.intellij.codeInspection.dataFlow.SpecialField;
15101:             1             32  [Lcom.intellij.codeInspection.inheritance.ImplicitSubclassProvider;
15102:             1             32  [Lcom.intellij.codeInspection.reflectiveAccess.JavaLangInvokeHandleSignatureInspection$CallChecker;
15103:             1             32  [Lcom.intellij.compiler.backwardRefs.CompilerReferenceReader$DefCount;
15104:             1             32  [Lcom.intellij.compiler.backwardRefs.CompilerReferenceServiceImpl$IndexCloseReason;
15105:             1             32  [Lcom.intellij.compiler.server.BuildMessageDispatcher$SessionData$State;
15106:             2             32  [Lcom.intellij.configurationStore.BundledSchemeEP;
15107:             1             32  [Lcom.intellij.configurationStore.StateLoadPolicy;
15108:             1             32  [Lcom.intellij.configurationStore.TypeMarker;
15109:             1             32  [Lcom.intellij.credentialStore.ProviderType;
15110:             1             32  [Lcom.intellij.credentialStore.kdbx.KdbxHeader$ProtectedStreamAlgorithm;
15111:             1             32  [Lcom.intellij.database.dataSource.DataSourceStorage$Format;
15112:             1             32  [Lcom.intellij.database.dataSource.srcStorage.DbSrcFileSystem$ItemType;
15113:             1             32  [Lcom.intellij.database.introspection.DBIntrospectionOptions$SourceLoading;
15114:             1             32  [Lcom.intellij.database.model.ObjectKind;
15115:             1             32  [Lcom.intellij.database.model.properties.DataTypeFactory$Variant;
15116:             1             32  [Lcom.intellij.database.run.ReservedCellValue;
15117:             1             32  [Lcom.intellij.database.util.Case;
15118:             1             32  [Lcom.intellij.diagnostic.IdeFatalErrorsIcon$State;
15119:             1             32  [Lcom.intellij.diagnostic.VMOptions$MemoryKind;
15120:             1             32  [Lcom.intellij.diagram.settings.DiagramConfigElement$Type;
15121:             1             32  [Lcom.intellij.diff.comparison.ComparisonPolicy;
15122:             1             32  [Lcom.intellij.diff.impl.DiffRequestProcessor$IterationState;
15123:             1             32  [Lcom.intellij.dmserver.artifacts.plan.DMArtifactElementType;
15124:             1             32  [Lcom.intellij.dmserver.facet.DMUnitType;
15125:             1             32  [Lcom.intellij.execution.ConsoleFolding;
15126:             1             32  [Lcom.intellij.execution.ShortenCommandLine;
15127:             1             32  [Lcom.intellij.execution.actions.CreateAction$BaseCreatePolicy$ActionType;
15128:             1             32  [Lcom.intellij.execution.configurations.GeneralCommandLine$ParentEnvironmentType;
15129:             1             32  [Lcom.intellij.execution.dashboard.RunDashboardGroupingRule;
15130:             1             32  [Lcom.intellij.execution.filters.ExceptionFilterFactory;
15131:             1             32  [Lcom.intellij.execution.impl.RunConfigurationLevel;
15132:             1             32  [Lcom.intellij.execution.process.ProcessHandler$State;
15133:             1             32  [Lcom.intellij.execution.runners.JavaProgramPatcher;
15134:             1             32  [Lcom.intellij.formatting.FormatterTagHandler$FormatterTag;
15135:             1             32  [Lcom.intellij.formatting.FormattingMode;
15136:             1             32  [Lcom.intellij.formatting.FormattingStateId;
15137:             1             32  [Lcom.intellij.formatting.WrapType;
15138:             1             32  [Lcom.intellij.ide.ApplicationActivationStateManager$State;
15139:             1             32  [Lcom.intellij.ide.ApplicationLoadListener;
15140:             1             32  [Lcom.intellij.ide.GeneralSettings$ProcessCloseConfirmation;
15141:             1             32  [Lcom.intellij.ide.IdeEventQueue$SearchEverywhereTypeaheadState;
15142:             1             32  [Lcom.intellij.ide.b.g.g$a;
15143:             1             32  [Lcom.intellij.ide.b.r;
15144:             1             32  [Lcom.intellij.ide.browsers.DefaultBrowserPolicy;
15145:             1             32  [Lcom.intellij.ide.diff.DirDiffSettings$CompareMode;
15146:             1             32  [Lcom.intellij.ide.dnd.DnDAction;
15147:             2             32  [Lcom.intellij.ide.errorTreeView.ErrorTreeElement;
15148:             1             32  [Lcom.intellij.ide.gdpr.ConsentOptions$Permission;
15149:             1             32  [Lcom.intellij.ide.ui.AntialiasingType;
15150:             1             32  [Lcom.intellij.idea.SocketLock$ActivateStatus;
15151:             1             32  [Lcom.intellij.idea.StartupUtil$ActivationResult;
15152:             1             32  [Lcom.intellij.internal.statistic.configurable.SendPeriod;
15153:             1             32  [Lcom.intellij.javaee.model.enums.SessionType;
15154:             1             32  [Lcom.intellij.javaee.view.ServerProcessState;
15155:             1             32  [Lcom.intellij.javaee.web.CustomServletReferenceProvider;
15156:             1             32  [Lcom.intellij.javaee.web.ServletMappingType;
15157:             1             32  [Lcom.intellij.javascript.JSModuleBaseReference$ModuleTypes;
15158:             1             32  [Lcom.intellij.javascript.jest.scope.JestScopeKind;
15159:             1             32  [Lcom.intellij.jpa.JpaImplementationProvider;
15160:             1             32  [Lcom.intellij.json.formatter.JsonCodeStyleSettings$PropertyAlignment;
15161:             1             32  [Lcom.intellij.lang.ParserDefinition$SpaceRequirements;
15162:             1             32  [Lcom.intellij.lang.java.beans.PropertyKind;
15163:             1             32  [Lcom.intellij.lang.java.parser.DeclarationParser$Context;
15164:             1             32  [Lcom.intellij.lang.java.parser.DeclarationParser$ListType;
15165:             1             32  [Lcom.intellij.lang.java.parser.ExpressionParser$BreakPoint;
15166:             1             32  [Lcom.intellij.lang.javascript.buildTools.base.JsbtService;
15167:             1             32  [Lcom.intellij.lang.javascript.flex.flexunit.FlexUnitRunnerParameters$Scope;
15168:             1             32  [Lcom.intellij.lang.javascript.flex.run.FlashRunnerParameters$AirMobileRunTarget;
15169:             1             32  [Lcom.intellij.lang.javascript.flex.run.LauncherParameters$LauncherType;
15170:             1             32  [Lcom.intellij.lang.javascript.formatter.JSCodeStyleSettings$BooleanWithGlobalOption;
15171:             1             32  [Lcom.intellij.lang.javascript.formatter.JSCodeStyleSettings$JSXAttributeValuePresentation;
15172:             1             32  [Lcom.intellij.lang.javascript.formatter.JSCodeStyleSettings$TrailingCommaOption;
15173:             1             32  [Lcom.intellij.lang.javascript.frameworks.webpack.WebpackUtil$WebpackVersion;
15174:             1             32  [Lcom.intellij.lang.javascript.inspections.JSEqualityComparisonWithCoercionInspection$Severity;
15175:             1             32  [Lcom.intellij.lang.javascript.modules.ModuleFixCreator$ModuleType;
15176:             1             32  [Lcom.intellij.lang.javascript.parsing.ExpressionParser$BinaryParsingState;
15177:             1             32  [Lcom.intellij.lang.javascript.parsing.FunctionParser$Context;
15178:             1             32  [Lcom.intellij.lang.javascript.parsing.StatementParser$BlockType;
15179:             1             32  [Lcom.intellij.lang.javascript.psi.JSElementBase$ClassOrInterface;
15180:             1             32  [Lcom.intellij.lang.javascript.psi.JSExpectedTypeKind;
15181:             1             32  [Lcom.intellij.lang.javascript.psi.JSRecordType$IndexSignatureKind;
15182:             1             32  [Lcom.intellij.lang.javascript.psi.JSType$TypeTextFormat;
15183:             1             32  [Lcom.intellij.lang.javascript.psi.controlflow.instruction.JSConditionInstruction$ConditionState;
15184:             1             32  [Lcom.intellij.lang.javascript.psi.resolve.BaseJSSymbolProcessor$MatchType;
15185:             1             32  [Lcom.intellij.lang.javascript.psi.resolve.JSCompletionPlaceFilter$ContextKind;
15186:             1             32  [Lcom.intellij.lang.javascript.psi.resolve.JSTypeInfo$GlobalStatusHint;
15187:             1             32  [Lcom.intellij.lang.javascript.psi.resolve.QualifiedItemProcessor$TypeResolveState;
15188:             1             32  [Lcom.intellij.lang.javascript.psi.types.JSCompositeTypeImpl$OptimizedKind;
15189:             1             32  [Lcom.intellij.lang.javascript.psi.types.JSTypeCastUtil$AssignableResult;
15190:             1             32  [Lcom.intellij.lang.javascript.psi.types.JSTypeContext;
15191:             1             32  [Lcom.intellij.lang.javascript.psi.types.JSTypeSource$SourceLanguage;
15192:             1             32  [Lcom.intellij.lang.jvm.actions.ExpectedType$Kind;
15193:             1             32  [Lcom.intellij.lang.jvm.actions.JvmElementActionsFactory;
15194:             1             32  [Lcom.intellij.lang.parameterInfo.ParameterInfoUIContextEx$Flag;
15195:             1             32  [Lcom.intellij.lang.typescript.compiler.TypeScriptCompilerSettings$TypeScriptCompilerVersionType;
15196:             1             32  [Lcom.intellij.notification.NotificationDisplayType;
15197:             1             32  [Lcom.intellij.notification.NotificationType;
15198:             1             32  [Lcom.intellij.openapi.actionSystem.ActionToolbarPosition;
15199:             1             32  [Lcom.intellij.openapi.command.UndoConfirmationPolicy;
15200:             1             32  [Lcom.intellij.openapi.command.impl.UndoManagerImpl$OperationState;
15201:             1             32  [Lcom.intellij.openapi.compiler.generic.GenericCompiler$CompileOrderPlace;
15202:             1             32  [Lcom.intellij.openapi.components.StateStorageChooserEx$Resolution;
15203:             1             32  [Lcom.intellij.openapi.diagnostic.FrequentEventDetector$Level;
15204:             1             32  [Lcom.intellij.openapi.editor.CaretVisualAttributes$Weight;
15205:             2             32  [Lcom.intellij.openapi.editor.RangeMarker;
15206:             1             32  [Lcom.intellij.openapi.editor.actionSystem.EditorTypedHandlerBean;
15207:             1             32  [Lcom.intellij.openapi.editor.ex.BidiTextDirection;
15208:             1             32  [Lcom.intellij.openapi.editor.impl.DisplayedFoldingAnchor$Type;
15209:             1             32  [Lcom.intellij.openapi.editor.markup.GutterIconRenderer$Alignment;
15210:             1             32  [Lcom.intellij.openapi.editor.markup.LineMarkerRendererEx$Position;
15211:             1             32  [Lcom.intellij.openapi.fileEditor.FileDocumentSynchronizationVetoer;
15212:             1             32  [Lcom.intellij.openapi.fileEditor.FileEditorPolicy;
15213:             1             32  [Lcom.intellij.openapi.fileEditor.FileEditorStateLevel;
15214:             1             32  [Lcom.intellij.openapi.fileTypes.FileTypeRegistry$FileTypeDetector;
15215:             1             32  [Lcom.intellij.openapi.options.SchemeState;
15216:             1             32  [Lcom.intellij.openapi.paths.DynamicContextProvider;
15217:             1             32  [Lcom.intellij.openapi.progress.util.TooManyUsagesStatus$Status;
15218:             1             32  [Lcom.intellij.openapi.project.DumbModeAction;
15219:             1             32  [Lcom.intellij.openapi.project.DumbServiceImpl$State;
15220:             1             32  [Lcom.intellij.openapi.roots.OrderEnumerationHandler$AddDependencyType;
15221:             1             32  [Lcom.intellij.openapi.roots.impl.OrderEnumeratorBase$ProcessEntryActionType;
15222:             1             32  [Lcom.intellij.openapi.roots.ui.configuration.ModuleSourceRootEditHandler;
15223:             1             32  [Lcom.intellij.openapi.ui.DialogWrapper$ErrorPaintingType;
15224:             1             32  [Lcom.intellij.openapi.ui.DialogWrapper$IdeModalityType;
15225:             1             32  [Lcom.intellij.openapi.ui.Splitter$LackOfSpaceStrategy;
15226:             1             32  [Lcom.intellij.openapi.ui.popup.Balloon$Position;
15227:             1             32  [Lcom.intellij.openapi.updateSettings.impl.ChannelStatus;
15228:             1             32  [Lcom.intellij.openapi.updateSettings.impl.UpdateChecker$NotificationUniqueType;
15229:             1             32  [Lcom.intellij.openapi.updateSettings.impl.UpdateStrategy$State;
15230:             1             32  [Lcom.intellij.openapi.util.RequestsMerger$MyAction;
15231:             1             32  [Lcom.intellij.openapi.util.RequestsMerger$MyState;
15232:             1             32  [Lcom.intellij.openapi.util.io.FileAttributes$Type;
15233:             1             32  [Lcom.intellij.openapi.vcs.VcsShowConfirmationOption$Value;
15234:             1             32  [Lcom.intellij.openapi.vcs.VcsVFSListener$VcsDeleteType;
15235:             1             32  [Lcom.intellij.openapi.vcs.changes.Change$Type;
15236:             1             32  [Lcom.intellij.openapi.vcs.changes.IgnoreSettingsType;
15237:             1             32  [Lcom.intellij.openapi.vcs.changes.ui.ChangesViewContentEP;
15238:             1             32  [Lcom.intellij.openapi.vcs.ex.LineStatusTracker$Mode;
15239:             1             32  [Lcom.intellij.openapi.vcs.impl.VcsInitialization$Status;
15240:             1             32  [Lcom.intellij.openapi.vfs.CharsetToolkit$GuessedEncoding;
15241:             1             32  [Lcom.intellij.openapi.vfs.VFileProperty;
15242:             1             32  [Lcom.intellij.openapi.vfs.encoding.EncodingProjectManagerImpl$BOMForNewUTF8Files;
15243:             1             32  [Lcom.intellij.openapi.wm.ex.WindowManagerEx$WindowShadowMode;
15244:             1             32  [Lcom.intellij.openapi.wm.impl.ToolWindowManagerImpl$KeyState;
15245:             1             32  [Lcom.intellij.openapi.wm.impl.status.IdeStatusBarImpl$Position;
15246:             1             32  [Lcom.intellij.persistence.roles.PersistenceClassRoleEnum;
15247:             1             32  [Lcom.intellij.plugins.jboss.arquillian.configuration.container.ArquillianContainer$Scope;
15248:             1             32  [Lcom.intellij.psi.ConstraintType;
15249:             1             32  [Lcom.intellij.psi.availability.PsiAvailabilityServiceImpl$ParsedState;
15250:             1             32  [Lcom.intellij.psi.codeStyle.CodeStyleSettings$QuoteStyle;
15251:             1             32  [Lcom.intellij.psi.codeStyle.CodeStyleSettingsCustomizable$OptionAnchor;
15252:             1             32  [Lcom.intellij.psi.codeStyle.CommonCodeStyleSettings$WrapOnTyping;
15253:             1             32  [Lcom.intellij.psi.codeStyle.NameUtil$MatchingCaseSensitivity;
15254:             1             32  [Lcom.intellij.psi.codeStyle.lineIndent.LineIndentProvider;
15255:             1             32  [Lcom.intellij.psi.controlFlow.BranchingInstruction$Role;
15256:             1             32  [Lcom.intellij.psi.controlFlow.ControlFlowAnalyzer$Shortcut;
15257:             1             32  [Lcom.intellij.psi.css.resolve.CssInclusionContext;
15258:             1             32  [Lcom.intellij.psi.impl.PsiClassImplUtil$MemberType;
15259:             1             32  [Lcom.intellij.psi.impl.java.stubs.FunctionalExpressionKey$CoarseType;
15260:             1             32  [Lcom.intellij.psi.impl.smartPointers.SmartPointerAnchorProvider;
15261:             1             32  [Lcom.intellij.psi.impl.source.PsiImmediateClassType$TextType;
15262:             1             32  [Lcom.intellij.psi.impl.source.parsing.xml.XmlBuilder$ProcessingOrder;
15263:             1             32  [Lcom.intellij.psi.impl.source.resolve.Domination;
15264:             1             32  [Lcom.intellij.psi.impl.source.resolve.graphInference.InferenceBound;
15265:             1             32  [Lcom.intellij.psi.impl.source.resolve.graphInference.PsiPolyExpressionUtil$ConditionalKind;
15266:             1             32  [Lcom.intellij.psi.impl.source.tree.TreeGenerator;
15267:             1             32  [Lcom.intellij.psi.scope.conflictResolvers.JavaMethodsConflictResolver$Specifics;
15268:             1             32  [Lcom.intellij.psi.search.PsiSearchHelper$SearchCostResult;
15269:             2             32  [Lcom.intellij.psi.search.SearchScopeProvider;
15270:             1             32  [Lcom.intellij.psi.util.PropertyUtilBase$GetterFlavour;
15271:             1             32  [Lcom.intellij.psi.util.proximity.ReferenceListWeigher$Preference;
15272:             1             32  [Lcom.intellij.psi.util.proximity.ReferenceListWeigher$ReferenceListApplicability;
15273:             1             32  [Lcom.intellij.refactoring.introduce.inplace.OccurrencesChooser$ReplaceChoice;
15274:             1             32  [Lcom.intellij.refactoring.typeMigration.rules.guava.GuavaLambda;
15275:             1             32  [Lcom.intellij.seam.el.SeamElFileProvider;
15276:             1             32  [Lcom.intellij.spring.boot.application.metadata.RelaxedNames$Variation;
15277:             1             32  [Lcom.intellij.spring.boot.application.metadata.SpringBootApplicationMetaConfigKey$DeclarationResolveResult;
15278:             1             32  [Lcom.intellij.spring.contexts.model.graph.LocalModelDependencyType;
15279:             1             32  [Lcom.intellij.spring.web.config.SpringWebModelContributor;
15280:             1             32  [Lcom.intellij.spring.webflow.el.inject.ExpressionLanguageConfiguration;
15281:             1             32  [Lcom.intellij.sql.editor.SqlEditorOptions$QualificationType;
15282:             1             32  [Lcom.intellij.task.ProjectTaskRunner;
15283:             1             32  [Lcom.intellij.tasks.TaskType;
15284:             1             32  [Lcom.intellij.ui.RowIcon$Alignment;
15285:             1             32  [Lcom.intellij.ui.components.JBScrollPane$Alignment;
15286:             1             32  [Lcom.intellij.ui.components.JBScrollPane$Flip;
15287:             1             32  [Lcom.intellij.ui.components.ScrollSource;
15288:             1             32  [Lcom.intellij.ui.content.ContentManagerEvent$ContentOperation;
15289:             1             32  [Lcom.intellij.ui.paint.LinePainter2D$StrokeType;
15290:             1             32  [Lcom.intellij.ui.paint.PaintUtil$RoundingMode;
15291:             1             32  [Lcom.intellij.ui.stripe.ErrorStripePainter$Alignment;
15292:             1             32  [Lcom.intellij.ui.tabs.JBTabsPosition;
15293:             1             32  [Lcom.intellij.ui.tree.TreeVisitor$Action;
15294:             1             32  [Lcom.intellij.util.Alarm$ThreadToUse;
15295:             1             32  [Lcom.intellij.util.Consumer;
15296:             1             32  [Lcom.intellij.util.LineSeparator;
15297:             1             32  [Lcom.intellij.util.containers.JBIterator$Do;
15298:             1             32  [Lcom.intellij.util.containers.TreeTraversal$BiOrderIt$Order;
15299:             1             32  [Lcom.intellij.util.diff.DiffTree$CompareResult;
15300:             1             32  [Lcom.intellij.util.indexing.RebuildStatus;
15301:             1             32  [Lcom.intellij.util.messages.Topic$BroadcastDirection;
15302:             1             32  [Lcom.intellij.util.ui.UIUtil$ComponentStyle;
15303:             1             32  [Lcom.intellij.util.ui.UIUtil$FontSize;
15304:             1             32  [Lcom.intellij.util.ui.tree.TreeModelAdapter$EventType;
15305:             1             32  [Lcom.intellij.vcs.log.data.VcsLogData$State;
15306:             1             32  [Lcom.intellij.webcore.libraries.ScriptingLibraryModel$LibraryLevel;
15307:             1             32  [Lcom.intellij.xdebugger.breakpoints.SuspendPolicy;
15308:             1             32  [Lcom.intellij.xdebugger.impl.DebuggerSupport;
15309:             1             32  [Lcom.intellij.xdebugger.settings.XDebuggerSettings;
15310:             1             32  [Lcom.intellij.xml.impl.schema.ComplexTypeDescriptor$CanContainAttributeType;
15311:             1             32  [Lcom.jediterm.terminal.HyperlinkStyle$HighlightMode;
15312:             1             32  [Lcom.jediterm.terminal.emulator.charset.GraphicSet;
15313:             1             32  [Lcom.jediterm.terminal.emulator.mouse.MouseFormat;
15314:             1             32  [Lcom.jediterm.terminal.ui.TerminalPanel$TerminalCursorState;
15315:             1             32  [Lcom.jetbrains.jsonSchema.extension.SchemaType;
15316:             1             32  [Lcom.jetbrains.plugins.webDeployment.config.PublishConfig$AutoUploadState;
15317:             1             32  [Lcom.jetbrains.plugins.webDeployment.config.PublishConfig$PromptOnRemoteOverwrite;
15318:             1             32  [Lcom.jetbrains.plugins.webDeployment.config.PublishConfig$TraceLevel;
15319:             1             32  [Lcom.jetbrains.plugins.webDeployment.config.sftp.HostKeyCheckingLevel;
15320:             1             32  [Lcom.jetbrains.quirksmode.BrowserFamily;
15321:             1             32  [Lcom.siyeh.ig.controlflow.PointlessBooleanExpressionInspection$BooleanExpressionKind;
15322:             1             32  [Lcom.siyeh.ig.methodmetrics.ParametersPerConstructorInspectionBase$Scope;
15323:             1             32  [Lcom.siyeh.ig.performance.ToArrayCallWithZeroLengthArrayArgumentInspection$PreferEmptyArray;
15324:             1             32  [Lcom.siyeh.ig.psiutils.ControlFlowUtils$InitializerUsageStatus;
15325:             1             32  [Lcom.sun.beans.util.Cache$Kind;
15326:             1             32  [Lcom.sun.nio.file.ExtendedOpenOption;
15327:             1             32  [Lcom.sun.tools.javac.main.Option$OptionKind;
15328:             1             32  [Lcom.sun.xml.internal.bind.v2.model.core.ID;
15329:             1             32  [Lcom.zeroturnaround.http.proxy.ProxySource$Destination;
15330:             1             32  [Lcom.zeroturnaround.javarebel.m$a;
15331:             1             32  [Lcom.zeroturnaround.jrebel.ide.common.guide.model.GuideModel$Step;
15332:             1             32  [Lcom.zeroturnaround.jrebel.ide.common.guide.model.GuideModel$StepState;
15333:             1             32  [Lcom.zeroturnaround.jrebel.remoting.RemoteServerConfigurations$ServerSelection;
15334:             1             32  [Lde.plushnikov.intellij.plugin.action.lombok.BaseLombokHandler;
15335:             1             32  [Lgit4idea.config.UpdateMethod;
15336:             1             32  [Lgit4idea.history.GitLogUtil$DiffRenameLimit;
15337:             1             32  [Lio.netty.buffer.PoolArena$SizeClass;
15338:             1             32  [Lio.netty.util.ResourceLeakDetector$Level;
15339:             1             32  [Ljava.awt.Dialog$ModalExclusionType;
15340:             1             32  [Ljava.awt.Dialog$ModalityType;
15341:             1             32  [Ljava.awt.EventFilter$FilterAction;
15342:             1             32  [Ljava.awt.Window$Type;
15343:             1             32  [Ljava.awt.image.ColorModel;
15344:             2             32  [Ljava.lang.Enum;
15345:             1             32  [Ljava.lang.OutOfMemoryError;
15346:             1             32  [Ljava.lang.management.MemoryManagerMXBean;
15347:             1             32  [Ljava.net.Proxy$Type;
15348:             1             32  [Ljava.nio.file.FileTreeWalker$EventType;
15349:             1             32  [Ljava.nio.file.FileVisitResult;
15350:             2             32  [Ljava.rmi.server.ObjID;
15351:             1             32  [Ljava.text.Normalizer$Form;
15352:             1             32  [Ljava.time.format.DateTimeFormatterBuilder$SettingsParser;
15353:             1             32  [Ljava.time.format.ResolverStyle;
15354:             1             32  [Ljava.time.temporal.IsoFields$Field;
15355:             1             32  [Ljava.time.temporal.TemporalUnit;
15356:             1             32  [Ljava.util.Map;
15357:             1             32  [Ljava.util.stream.MatchOps$MatchKind;
15358:             1             32  [Ljava.util.stream.StreamShape;
15359:             1             32  [Ljavax.imageio.ImageIO$SpiInfo;
15360:             1             32  [Ljavax.swing.ClientPropertyKey;
15361:             1             32  [Ljavax.swing.SortOrder;
15362:             1             32  [Ljavax.swing.text.html.CSS$CssValue;
15363:             1             32  [Lkotlin.LazyThreadSafetyMode;
15364:             1             32  [Lkotlin.LazyThreadSafetyMode;
15365:             1             32  [Lkotlin.reflect.KParameter$Kind;
15366:             1             32  [Lkotlin.reflect.KVisibility;
15367:             1             32  [Lkotlin.reflect.jvm.internal.impl.builtins.functions.FunctionClassDescriptor$Kind;
15368:             1             32  [Lkotlin.reflect.jvm.internal.impl.descriptors.CallableMemberDescriptor$Kind;
15369:             1             32  [Lkotlin.reflect.jvm.internal.impl.descriptors.Modality;
15370:             1             32  [Lkotlin.reflect.jvm.internal.impl.load.java.AnnotationTypeQualifierResolver$QualifierApplicabilityType;
15371:             1             32  [Lkotlin.reflect.jvm.internal.impl.load.java.BuiltinMethodsWithSpecialGenericSignature$TypeSafeBarrierDescription;
15372:             1             32  [Lkotlin.reflect.jvm.internal.impl.load.java.descriptors.JavaMethodDescriptor$ParameterNamesStatus;
15373:             1             32  [Lkotlin.reflect.jvm.internal.impl.load.java.lazy.types.JavaTypeFlexibility;
15374:             1             32  [Lkotlin.reflect.jvm.internal.impl.load.java.typeEnhancement.NullabilityQualifier;
15375:             1             32  [Lkotlin.reflect.jvm.internal.impl.load.java.typeEnhancement.TypeComponentPosition;
15376:             1             32  [Lkotlin.reflect.jvm.internal.impl.resolve.ExternalOverridabilityCondition$Contract;
15377:             1             32  [Lkotlin.reflect.jvm.internal.impl.resolve.ExternalOverridabilityCondition$Result;
15378:             1             32  [Lkotlin.reflect.jvm.internal.impl.resolve.OverridingUtil$OverrideCompatibilityInfo$Result;
15379:             1             32  [Lkotlin.reflect.jvm.internal.impl.serialization.ProtoBuf$QualifiedNameTable$QualifiedName$Kind;
15380:             1             32  [Lkotlin.reflect.jvm.internal.impl.serialization.ProtoBuf$Type$Argument$Projection;
15381:             1             32  [Lkotlin.reflect.jvm.internal.impl.serialization.ProtoBuf$TypeParameter$Variance;
15382:             1             32  [Lkotlin.reflect.jvm.internal.impl.serialization.deserialization.AnnotatedCallableKind;
15383:             1             32  [Lkotlin.reflect.jvm.internal.impl.serialization.jvm.JvmProtoBuf$StringTableTypes$Record$Operation;
15384:             1             32  [Lkotlin.reflect.jvm.internal.impl.storage.LockBasedStorageManager$NotValue;
15385:             1             32  [Lkotlin.reflect.jvm.internal.impl.types.Variance;
15386:             1             32  [Lkotlin.reflect.jvm.internal.impl.utils.ReportLevel;
15387:             1             32  [Lkotlinx.coroutines.experimental.CoroutineStart;
15388:             1             32  [Lnet.sourceforge.pmd.lang.rule.xpath.JaxenXPathRuleQuery$InitializationStatus;
15389:             1             32  [Lorg.apache.commons.lang3.time.DateUtils$ModifyType;
15390:             1             32  [Lorg.apache.xerces.impl.dv.xs.AbstractDateTimeDV$DateTimeData;
15391:             1             32  [Lorg.imgscalr.Scalr$Mode;
15392:             1             32  [Lorg.intellij.lang.xpath.context.functions.Parameter$Kind;
15393:             1             32  [Lorg.intellij.lang.xpath.xslt.impl.XsltChecker$LanguageLevel;
15394:             1             32  [Lorg.intellij.plugins.intelliLang.Configuration$DfaOption;
15395:             1             32  [Lorg.intellij.plugins.intelliLang.Configuration$InstrumentationType;
15396:             1             32  [Lorg.intellij.plugins.intelliLang.util.AnnotationUtilEx$LookupType;
15397:             1             32  [Lorg.intellij.plugins.markdown.ui.split.SplitFileEditor$SplitEditorLayout;
15398:             1             32  [Lorg.intellij.plugins.xpathView.search.SearchScope$ScopeType;
15399:             1             32  [Lorg.iq80.snappy.AbstractSnappyInputStream$FrameAction;
15400:             1             32  [Lorg.jetbrains.annotations.Nls$Capitalization;
15401:             1             32  [Lorg.jetbrains.concurrency.Promise$State;
15402:             1             32  [Lorg.jetbrains.idea.devkit.inspections.DescriptionType;
15403:             1             32  [Lorg.jetbrains.idea.devkit.util.ComponentType;
15404:             1             32  [Lorg.jetbrains.idea.maven.dom.MavenDomElementDescriptorHolder$FileKind;
15405:             1             32  [Lorg.jetbrains.idea.maven.dom.MavenModelDocumentationProvider$DescKind;
15406:             1             32  [Lorg.jetbrains.idea.maven.execution.MavenExecutionOptions$ChecksumPolicy;
15407:             1             32  [Lorg.jetbrains.idea.maven.execution.MavenExecutionOptions$FailureMode;
15408:             1             32  [Lorg.jetbrains.idea.maven.execution.MavenExecutionOptions$PluginUpdatePolicy;
15409:             1             32  [Lorg.jetbrains.idea.maven.navigator.MavenProjectsStructure$DisplayKind;
15410:             1             32  [Lorg.jetbrains.idea.maven.project.MavenImportingSettings$GeneratedSourcesFolder;
15411:             1             32  [Lorg.jetbrains.idea.maven.tasks.MavenTasksManager$Phase;
15412:             1             32  [Lorg.jetbrains.idea.svn.SvnConfiguration$SSLProtocols;
15413:             1             32  [Lorg.jetbrains.idea.svn.SvnConfiguration$SshConnectionType;
15414:             1             32  [Lorg.jetbrains.jps.api.CmdlineRemoteProto$Message$BuilderMessage$BuildEvent$Status;
15415:             1             32  [Lorg.jetbrains.jps.api.CmdlineRemoteProto$Message$BuilderMessage$BuildEvent$Type;
15416:             1             32  [Lorg.jetbrains.jps.api.CmdlineRemoteProto$Message$BuilderMessage$Type;
15417:             1             32  [Lorg.jetbrains.jps.api.CmdlineRemoteProto$Message$ControllerMessage$ParametersMessage$Type;
15418:             1             32  [Lorg.jetbrains.jps.api.CmdlineRemoteProto$Message$ControllerMessage$Type;
15419:             1             32  [Lorg.jetbrains.jps.api.CmdlineRemoteProto$Message$Type;
15420:             1             32  [Lorg.jetbrains.jps.model.serialization.JpsGlobalExtensionSerializer;
15421:             1             32  [Lorg.jetbrains.kotlin.analyzer.ModuleInfo$DependencyOnBuiltIns;
15422:             1             32  [Lorg.jetbrains.kotlin.builtins.functions.FunctionClassDescriptor$Kind;
15423:             1             32  [Lorg.jetbrains.kotlin.caches.resolve.IdePlatformSupport;
15424:             1             32  [Lorg.jetbrains.kotlin.codegen.OwnerKind;
15425:             1             32  [Lorg.jetbrains.kotlin.config.JVMConstructorCallNormalizationMode;
15426:             1             32  [Lorg.jetbrains.kotlin.config.LanguageFeature$State;
15427:             1             32  [Lorg.jetbrains.kotlin.config.LanguageVersion;
15428:             1             32  [Lorg.jetbrains.kotlin.container.ComponentStorageState;
15429:             1             32  [Lorg.jetbrains.kotlin.descriptors.CallableMemberDescriptor$Kind;
15430:             1             32  [Lorg.jetbrains.kotlin.descriptors.Modality;
15431:             1             32  [Lorg.jetbrains.kotlin.diagnostics.Severity;
15432:             1             32  [Lorg.jetbrains.kotlin.idea.caches.resolve.ModuleOrigin;
15433:             1             32  [Lorg.jetbrains.kotlin.idea.spring.generate.SpringDependencyInjectionKind;
15434:             1             32  [Lorg.jetbrains.kotlin.idea.util.KotlinBinaryExtension;
15435:             1             32  [Lorg.jetbrains.kotlin.load.java.AnnotationTypeQualifierResolver$QualifierApplicabilityType;
15436:             1             32  [Lorg.jetbrains.kotlin.load.java.BuiltinMethodsWithSpecialGenericSignature$TypeSafeBarrierDescription;
15437:             1             32  [Lorg.jetbrains.kotlin.load.java.descriptors.JavaMethodDescriptor$ParameterNamesStatus;
15438:             1             32  [Lorg.jetbrains.kotlin.load.java.lazy.types.JavaTypeFlexibility;
15439:             1             32  [Lorg.jetbrains.kotlin.load.java.typeEnhancement.NullabilityQualifier;
15440:             1             32  [Lorg.jetbrains.kotlin.load.java.typeEnhancement.TypeComponentPosition;
15441:             1             32  [Lorg.jetbrains.kotlin.load.kotlin.JvmBuiltInsSettings$JDKMemberStatus;
15442:             1             32  [Lorg.jetbrains.kotlin.name.State;
15443:             1             32  [Lorg.jetbrains.kotlin.parsing.KotlinParsing$AnnotationParsingMode;
15444:             2             32  [Lorg.jetbrains.kotlin.psi.KtClass;
15445:             1             32  [Lorg.jetbrains.kotlin.renderer.AnnotationArgumentsRenderingPolicy;
15446:             1             32  [Lorg.jetbrains.kotlin.renderer.OverrideRenderingPolicy;
15447:             1             32  [Lorg.jetbrains.kotlin.renderer.ParameterNameRenderingPolicy;
15448:             1             32  [Lorg.jetbrains.kotlin.resolve.ExternalOverridabilityCondition$Contract;
15449:             1             32  [Lorg.jetbrains.kotlin.resolve.ExternalOverridabilityCondition$Result;
15450:             1             32  [Lorg.jetbrains.kotlin.resolve.OverridingUtil$OverrideCompatibilityInfo$Result;
15451:             1             32  [Lorg.jetbrains.kotlin.resolve.checkers.ClassifierUsageChecker;
15452:             1             32  [Lorg.jetbrains.kotlin.serialization.ProtoBuf$QualifiedNameTable$QualifiedName$Kind;
15453:             1             32  [Lorg.jetbrains.kotlin.serialization.ProtoBuf$Type$Argument$Projection;
15454:             1             32  [Lorg.jetbrains.kotlin.serialization.ProtoBuf$TypeParameter$Variance;
15455:             1             32  [Lorg.jetbrains.kotlin.serialization.deserialization.AnnotatedCallableKind;
15456:             1             32  [Lorg.jetbrains.kotlin.storage.LockBasedStorageManager$NotValue;
15457:             1             32  [Lorg.jetbrains.kotlin.types.TypeSubstitutor$VarianceConflictType;
15458:             1             32  [Lorg.jetbrains.kotlin.types.Variance;
15459:             1             32  [Lorg.jetbrains.kotlin.types.checker.CaptureStatus;
15460:             1             32  [Lorg.jetbrains.kotlin.types.checker.TypeCheckerContext$LowerCapturedTypePolicy;
15461:             1             32  [Lorg.jetbrains.kotlin.types.checker.TypeCheckerContext$SeveralSupertypesWithSameConstructorPolicy;
15462:             1             32  [Lorg.jetbrains.kotlin.types.checker.TypeCheckingProcedure$EnrichedProjectionKind;
15463:             1             32  [Lorg.jetbrains.kotlin.utils.ReportLevel;
15464:             1             32  [Lorg.jetbrains.plugins.gradle.settings.DistributionType;
15465:             1             32  [Lorg.jetbrains.plugins.gradle.settings.GradleSystemRunningSettings$PreferredTestRunner;
15466:             1             32  [Lorg.jetbrains.plugins.groovy.extensions.GroovyScriptTypeDetector;
15467:             1             32  [Lorg.jetbrains.plugins.groovy.lang.parser.parsing.statements.expressions.ExpressionStatement$Result;
15468:             1             32  [Lorg.jetbrains.plugins.groovy.lang.parser.parsing.statements.expressions.arithmetic.PathExpression$Result;
15469:             1             32  [Lorg.jetbrains.plugins.groovy.lang.parser.parsing.statements.typeDefinitions.ReferenceElement$ReferenceElementResult;
15470:             1             32  [Lorg.jetbrains.plugins.groovy.lang.psi.api.types.CodeReferenceKind;
15471:             1             32  [Lorg.jetbrains.settingsRepository.SyncType;
15472:             1             32  [Lorg.yaml.snakeyaml.DumperOptions$FlowStyle;
15473:             1             32  [Lorg.zeroturnaround.javarebel.reporting.MessageType$SendFilterImpl;
15474:             1             32  [Lorg.zeroturnaround.jrebel.client.JRebelJar$ManifestEntry;
15475:             1             32  [Lorg.zeroturnaround.jrebel.client.logger.Log$Product;
15476:             1             32  [Lorg.zeroturnaround.jrebel.client.metrics.DialogShowCause;
15477:             1             32  [Lorg.zeroturnaround.jrebel.client.spi.JRebelClientSettings$SyncOnBuildState;
15478:             1             32  [Lorg.zeroturnaround.jrebel.ide.common.notifications.NotificationEvent;
15479:             1             32  [Lorg.zeroturnaround.jrebel.ide.debugger.AbstractDebuggerConfiguration$Ide;
15480:             1             32  [Lorg.zmlx.hg4idea.provider.update.HgUpdateType;
15481:             1             32  [Lsun.awt.AppContext$State;
15482:             1             32  [Lsun.awt.shell.ShellFolderColumnInfo;
15483:             1             32  [Lsun.java2d.StateTrackable$State;
15484:             1             32  [Lsun.java2d.marlin.Dasher$LengthIterator$Side;
15485:             1             32  [Lsun.java2d.marlin.MarlinRenderingEngine$NormMode;
15486:             1             32  [Lsun.misc.FormattedFloatingDecimal$Form;
15487:             1             32  [Lsun.misc.ObjectInputFilter$Status;
15488:             1             32  [Lsun.net.www.protocol.http.HttpURLConnection$TunnelState;
15489:             1             32  [Lsun.security.ssl.CipherSuite$CipherType;
15490:             1             32  [Lsun.security.ssl.CipherSuite$PRF;
15491:             1             32  [[Ljava.awt.AWTKeyStroke;
15492:             1             32  [[Ljavax.swing.text.html.CSS$Attribute;
15493:             2             32  ch.qos.logback.classic.pattern.EnsureExceptionHandling
15494:             2             32  ch.qos.logback.classic.pattern.TargetLengthBasedClassNameAbbreviator
15495:             1             32  ch.qos.logback.core.rolling.helper.Compressor
15496:             1             32  ch.qos.logback.core.rolling.helper.FileNamePattern
15497:             1             32  ch.qos.logback.core.rolling.helper.IntegerTokenConverter
15498:             1             32  cn.yiiguxing.plugin.translate.action.ChooseTranslatorAction
15499:             1             32  cn.yiiguxing.plugin.translate.action.EditorTranslateAction
15500:             1             32  cn.yiiguxing.plugin.translate.action.ExclusiveTranslateAction
15501:             1             32  cn.yiiguxing.plugin.translate.action.InclusiveTranslateAction
15502:             1             32  cn.yiiguxing.plugin.translate.action.TranslateAndReplaceAction
15503:             1             32  cn.yiiguxing.plugin.translate.action.TranslateTextComponentAction
15504:             1             32  cn.yiiguxing.plugin.translate.trans.TranslateService
15505:             1             32  cn.yiiguxing.plugin.translate.ui.TranslatorWidget
15506:             2             32  cn.yiiguxing.plugin.translate.ui.icon.SuspendIcon
15507:             1             32  com.alibaba.p3c.idea.action.SwitchLanguageAction
15508:             1             32  com.alibaba.p3c.idea.action.ToggleProjectInspectionAction
15509:             1             32  com.alibaba.p3c.idea.quickfix.DecorateInspectionGadgetsFix
15510:             2             32  com.android.ide.common.repository.GradleCoordinate$GradleCoordinateComparator
15511:             1             32  com.android.repository.impl.meta.Archive$HostConfig
15512:             2             32  com.android.repository.impl.meta.SchemaModuleUtil$SchemaModuleResourceResolver
15513:             1             32  com.android.repository.impl.sources.LocalSourceProvider
15514:             1             32  com.android.repository.impl.sources.RemoteListSourceProviderImpl
15515:             2             32  com.android.sdklib.repository.generated.addon.v1.AddonDetailsType$JaxbAccessorF_defaultSkin
15516:             2             32  com.android.sdklib.repository.generated.common.v1.LibraryType$JaxbAccessorF_description
15517:             2             32  com.android.sdklib.repository.generated.sysimg.v1.SysImgDetailsType$JaxbAccessorF_abi
15518:             2             32  com.android.sdklib.repository.sources.generated.v1.AddonSiteType$JaxbAccessorF_name
15519:             2             32  com.android.sdklib.repository.sources.generated.v2.AddonSiteType$JaxbAccessorF_name
15520:             2             32  com.android.sdklib.repository.sources.generated.v2.SysImgSiteType$JaxbAccessorF_name
15521:             1             32  com.android.tools.idea.actions.annotations.InferSupportAnnotationsAction
15522:             1             32  com.android.tools.idea.apk.ApkFacetType
15523:             1             32  com.android.tools.idea.common.actions.RestoreDefaultWindowLayoutAction
15524:             1             32  com.android.tools.idea.common.actions.StoreDefaultWindowLayoutAction
15525:             2             32  com.android.tools.idea.databinding.config.DataBindingConfiguration
15526:             2             32  com.android.tools.idea.flags.StudioFlagSettings
15527:             2             32  com.android.tools.idea.folding.AndroidCodeFoldingOptionsProvider$$Lambda$1443/38821124
15528:             2             32  com.android.tools.idea.folding.AndroidCodeFoldingOptionsProvider$$Lambda$1444/1468662646
15529:             2             32  com.android.tools.idea.folding.AndroidFoldingSettings
15530:             1             32  com.android.tools.idea.folding.InlinedResource
15531:             2             32  com.android.tools.idea.folding.ResourceFoldingBuilder
15532:             1             32  com.android.tools.idea.gradle.actions.CleanProjectAction
15533:             1             32  com.android.tools.idea.gradle.actions.EditBuildTypesAction
15534:             1             32  com.android.tools.idea.gradle.actions.EditFlavorsAction
15535:             1             32  com.android.tools.idea.gradle.actions.EditLibraryAndDependenciesAction
15536:             1             32  com.android.tools.idea.gradle.actions.LinkExternalCppProjectAction
15537:             1             32  com.android.tools.idea.gradle.actions.MakeGradleModuleAction
15538:             1             32  com.android.tools.idea.gradle.actions.MakeGradleProjectAction
15539:             1             32  com.android.tools.idea.gradle.actions.RebuildGradleProjectAction
15540:             1             32  com.android.tools.idea.gradle.actions.RefreshLinkedCppProjectsAction
15541:             1             32  com.android.tools.idea.gradle.actions.SelectBuildVariantAction
15542:             1             32  com.android.tools.idea.gradle.actions.SyncProjectAction
15543:             1             32  com.android.tools.idea.gradle.project.facet.gradle.GradleFacetType
15544:             1             32  com.android.tools.idea.gradle.project.facet.java.JavaFacetType
15545:             1             32  com.android.tools.idea.gradle.project.facet.ndk.NdkFacetType
15546:             1             32  com.android.tools.idea.gradle.project.sync.GradleSyncInvoker
15547:             1             32  com.android.tools.idea.gradle.project.sync.common.CommandLineArgs
15548:             2             32  com.android.tools.idea.gradle.project.sync.compatibility.version.AndroidGradlePluginVersionReader
15549:             1             32  com.android.tools.idea.lang.aidl.AidlLanguage
15550:             1             32  com.android.tools.idea.lang.databinding.DbLanguage
15551:             1             32  com.android.tools.idea.lang.proguard.ProguardLanguage
15552:             1             32  com.android.tools.idea.lang.roomSql.ROOM_SQL_LANGUAGE
15553:             1             32  com.android.tools.idea.lang.rs.RenderscriptLanguage
15554:             1             32  com.android.tools.idea.profiling.view.AnalysisResultsManager$1
15555:             1             32  com.android.tools.idea.refactoring.modularize.AndroidModularizeAction
15556:             1             32  com.android.tools.idea.sdk.IdeSdks
15557:             2             32  com.android.tools.idea.sdk.StudioSettingsController$PersistentState
15558:             1             32  com.android.tools.idea.smali.SmaliLanguage
15559:             2             32  com.android.tools.idea.uibuilder.api.ViewHandler
15560:             1             32  com.android.tools.idea.uibuilder.editor.NlPreviewManager$2
15561:             1             32  com.ansorgit.plugins.bash.actions.AddReplAction
15562:             1             32  com.ansorgit.plugins.bash.lang.BashLanguage
15563:             1             32  com.ansorgit.plugins.bash.runner.BashConfigurationType
15564:             2             32  com.github.rjeschke.txtmark.DefaultDecorator
15565:             2             32  com.google.common.cache.LocalCache$LocalManualCache
15566:             2             32  com.google.common.collect.ComparisonChain$InactiveComparisonChain
15567:             2             32  com.google.gson.Gson$1
15568:             2             32  com.google.gson.Gson$2
15569:             2             32  com.google.gson.Gson$4
15570:             2             32  com.google.gson.Gson$5
15571:             2             32  com.google.gson.internal.ConstructorConstructor
15572:             2             32  com.google.gson.internal.bind.CollectionTypeAdapterFactory
15573:             2             32  com.google.gson.internal.bind.JsonAdapterAnnotationTypeAdapterFactory
15574:             2             32  com.google.gson.internal.bind.TreeTypeAdapter$GsonContextImpl
15575:             1             32  com.google.protobuf.CodedOutputStream$ArrayEncoder
15576:             1             32  com.google.protobuf.ExtensionRegistry
15577:             1             32  com.google.protobuf.UnknownFieldSetLite
15578:             1             32  com.intellij.a.d.a.a
15579:             1             32  com.intellij.aop.psi.AopPointcutExpressionLanguage
15580:             1             32  com.intellij.appengine.facet.AppEngineFacetType
15581:             1             32  com.intellij.appengine.server.run.AppEngineServerConfigurationProducer
15582:             2             32  com.intellij.application.options.JspSmartKeysConfigurable$$Lambda$1391/807401707
15583:             2             32  com.intellij.application.options.JspSmartKeysConfigurable$$Lambda$1392/1036628522
15584:             2             32  com.intellij.application.options.XmlSettings
15585:             1             32  com.intellij.application.options.editor.AutoImportOptionsConfigurable
15586:             2             32  com.intellij.application.options.editor.BaseCodeFoldingOptionsProvider$$Lambda$1397/1640405573
15587:             2             32  com.intellij.application.options.editor.BaseCodeFoldingOptionsProvider$$Lambda$1398/412532560
15588:             2             32  com.intellij.application.options.editor.BaseCodeFoldingOptionsProvider$$Lambda$1399/748820032
15589:             2             32  com.intellij.application.options.editor.BaseCodeFoldingOptionsProvider$$Lambda$1400/964425717
15590:             2             32  com.intellij.application.options.editor.BaseCodeFoldingOptionsProvider$$Lambda$1401/1824146989
15591:             2             32  com.intellij.application.options.editor.BaseCodeFoldingOptionsProvider$$Lambda$1402/1098586325
15592:             2             32  com.intellij.application.options.editor.BaseCodeFoldingOptionsProvider$$Lambda$1403/2111243948
15593:             2             32  com.intellij.application.options.editor.BaseCodeFoldingOptionsProvider$$Lambda$1404/460690108
15594:             2             32  com.intellij.application.options.editor.BaseCodeFoldingOptionsProvider$$Lambda$1405/624964817
15595:             2             32  com.intellij.application.options.editor.BaseCodeFoldingOptionsProvider$$Lambda$1406/1021586716
15596:             2             32  com.intellij.application.options.editor.EditorOptions
15597:             2             32  com.intellij.application.options.editor.EditorOptionsPanel$1
15598:             2             32  com.intellij.application.options.editor.EditorOptionsPanel$3
15599:             2             32  com.intellij.application.options.editor.EditorOptionsPanel$4
15600:             2             32  com.intellij.application.options.editor.EditorOptionsPanel$5
15601:             2             32  com.intellij.application.options.editor.EditorTabsConfigurable$1
15602:             2             32  com.intellij.application.options.editor.EditorTabsConfigurable$2
15603:             2             32  com.intellij.application.options.editor.JavaCodeFoldingOptionsProvider$$Lambda$1415/194586038
15604:             2             32  com.intellij.application.options.editor.JavaCodeFoldingOptionsProvider$$Lambda$1416/564949749
15605:             2             32  com.intellij.application.options.editor.JavaCodeFoldingOptionsProvider$$Lambda$1417/167457765
15606:             2             32  com.intellij.application.options.editor.JavaCodeFoldingOptionsProvider$$Lambda$1418/1490431944
15607:             2             32  com.intellij.application.options.editor.JavaCodeFoldingOptionsProvider$$Lambda$1419/438306289
15608:             2             32  com.intellij.application.options.editor.JavaCodeFoldingOptionsProvider$$Lambda$1420/1490675610
15609:             2             32  com.intellij.application.options.editor.JavaCodeFoldingOptionsProvider$$Lambda$1421/149783423
15610:             2             32  com.intellij.application.options.editor.JavaCodeFoldingOptionsProvider$$Lambda$1422/1638684101
15611:             2             32  com.intellij.application.options.editor.JavaCodeFoldingOptionsProvider$$Lambda$1423/2075777932
15612:             2             32  com.intellij.application.options.editor.JavaCodeFoldingOptionsProvider$$Lambda$1424/1816856150
15613:             2             32  com.intellij.application.options.editor.JavaCodeFoldingOptionsProvider$$Lambda$1425/140084955
15614:             2             32  com.intellij.application.options.editor.JavaCodeFoldingOptionsProvider$$Lambda$1426/190376040
15615:             2             32  com.intellij.application.options.editor.JavaCodeFoldingOptionsProvider$$Lambda$1427/1049110324
15616:             2             32  com.intellij.application.options.editor.JavaCodeFoldingOptionsProvider$$Lambda$1428/180743941
15617:             2             32  com.intellij.application.options.editor.JavaCodeFoldingOptionsProvider$$Lambda$1429/1324277720
15618:             2             32  com.intellij.application.options.editor.JavaCodeFoldingOptionsProvider$$Lambda$1430/45704645
15619:             2             32  com.intellij.application.options.editor.JavaCodeFoldingOptionsProvider$$Lambda$1431/2104972065
15620:             2             32  com.intellij.application.options.editor.JavaCodeFoldingOptionsProvider$$Lambda$1432/1492067917
15621:             2             32  com.intellij.application.options.editor.JavaCodeFoldingOptionsProvider$$Lambda$1433/1623663255
15622:             2             32  com.intellij.application.options.editor.JavaCodeFoldingOptionsProvider$$Lambda$1434/697955335
15623:             2             32  com.intellij.application.options.editor.XmlCodeFoldingOptionsProvider$$Lambda$1407/2009541768
15624:             2             32  com.intellij.application.options.editor.XmlCodeFoldingOptionsProvider$$Lambda$1408/2088023513
15625:             2             32  com.intellij.application.options.editor.XmlCodeFoldingOptionsProvider$$Lambda$1409/628818988
15626:             2             32  com.intellij.application.options.editor.XmlCodeFoldingOptionsProvider$$Lambda$1410/1796656999
15627:             2             32  com.intellij.application.options.editor.XmlCodeFoldingOptionsProvider$$Lambda$1411/1877894044
15628:             2             32  com.intellij.application.options.editor.XmlCodeFoldingOptionsProvider$$Lambda$1412/913168837
15629:             2             32  com.intellij.application.options.editor.XmlCodeFoldingOptionsProvider$$Lambda$1413/1271591232
15630:             2             32  com.intellij.application.options.editor.XmlCodeFoldingOptionsProvider$$Lambda$1414/385508009
15631:             2             32  com.intellij.application.options.editor.XmlFoldingSettings$State
15632:             1             32  com.intellij.batch.config.BatchLibraryType
15633:             1             32  com.intellij.beanValidation.config.BeanValidationLibraryType
15634:             1             32  com.intellij.cdi.config.CdiLibraryType
15635:             1             32  com.intellij.codeInsight.ConcurrencyAnnotationsManager
15636:             1             32  com.intellij.codeInsight.ExpectedTypeInfoImpl$1
15637:             2             32  com.intellij.codeInsight.ExternalAnnotationsLineMarkerProvider
15638:             2             32  com.intellij.codeInsight.JavaTargetElementEvaluator
15639:             1             32  com.intellij.codeInsight.actions.GenerateDTDAction
15640:             2             32  com.intellij.codeInsight.completion.CompletionProgressIndicator$2
15641:             1             32  com.intellij.codeInsight.completion.CompletionVariant
15642:             2             32  com.intellij.codeInsight.completion.ConstructorInsertHandler
15643:             2             32  com.intellij.codeInsight.completion.JavaCompletionSorting$LiftShorterClasses$1
15644:             1             32  com.intellij.codeInsight.completion.NextPrevParameterAction$Next
15645:             1             32  com.intellij.codeInsight.completion.NextPrevParameterAction$Prev
15646:             1             32  com.intellij.codeInsight.completion.OffsetTranslator$2
15647:             1             32  com.intellij.codeInsight.completion.actions.HippieBackwardCompletionAction
15648:             1             32  com.intellij.codeInsight.completion.actions.HippieCompletionAction
15649:             2             32  com.intellij.codeInsight.completion.scope.JavaCompletionProcessor$Options
15650:             2             32  com.intellij.codeInsight.daemon.impl.DaemonCodeAnalyzerImpl$$Lambda$473/1792427028
15651:             2             32  com.intellij.codeInsight.daemon.impl.JavaProjectSdkSetupValidator
15652:             2             32  com.intellij.codeInsight.daemon.impl.LineMarkerSettingsImpl
15653:             1             32  com.intellij.codeInsight.daemon.impl.LocalInspectionsPass$$Lambda$3963/971589905
15654:             1             32  com.intellij.codeInsight.daemon.impl.LocalInspectionsPass$$Lambda$4203/795721515
15655:             1             32  com.intellij.codeInsight.daemon.impl.PsiChangeHandler
15656:             2             32  com.intellij.codeInsight.daemon.impl.StatusBarUpdater$1
15657:             2             32  com.intellij.codeInsight.daemon.impl.StatusBarUpdater$2
15658:             2             32  com.intellij.codeInsight.daemon.impl.StatusBarUpdater$3
15659:             1             32  com.intellij.codeInsight.daemon.impl.TextEditorHighlightingPassRegistrarImpl
15660:             1             32  com.intellij.codeInsight.daemon.impl.actions.GotoNextElementUnderCaretUsageAction
15661:             1             32  com.intellij.codeInsight.daemon.impl.actions.GotoNextErrorAction
15662:             1             32  com.intellij.codeInsight.daemon.impl.actions.GotoPrevElementUnderCaretUsageAction
15663:             1             32  com.intellij.codeInsight.daemon.impl.actions.GotoPreviousErrorAction
15664:             1             32  com.intellij.codeInsight.daemon.impl.actions.ShowErrorDescriptionAction
15665:             1             32  com.intellij.codeInsight.daemon.impl.actions.SuppressAllForClassFix
15666:             1             32  com.intellij.codeInsight.daemon.impl.actions.SuppressFix
15667:             1             32  com.intellij.codeInsight.daemon.impl.actions.SuppressForClassFix
15668:             2             32  com.intellij.codeInsight.daemon.impl.analysis.encoding.JspEncodingInAttributeReferenceProvider
15669:             1             32  com.intellij.codeInsight.daemon.impl.quickfix.JetBrainsAnnotationsExternalLibraryResolver$1
15670:             1             32  com.intellij.codeInsight.daemon.impl.quickfix.JetBrainsAnnotationsExternalLibraryResolver$2
15671:             1             32  com.intellij.codeInsight.documentation.actions.ShowQuickDocInfoAction
15672:             1             32  com.intellij.codeInsight.editorActions.CodeBlockEndAction
15673:             1             32  com.intellij.codeInsight.editorActions.CodeBlockEndWithSelectionAction
15674:             1             32  com.intellij.codeInsight.editorActions.CodeBlockStartAction
15675:             1             32  com.intellij.codeInsight.editorActions.CodeBlockStartWithSelectionAction
15676:             1             32  com.intellij.codeInsight.editorActions.EmacsStyleIndentAction
15677:             1             32  com.intellij.codeInsight.editorActions.FixDocCommentAction
15678:             1             32  com.intellij.codeInsight.editorActions.JavaMethodOverloadSwitchDownAction
15679:             1             32  com.intellij.codeInsight.editorActions.JavaMethodOverloadSwitchUpAction
15680:             1             32  com.intellij.codeInsight.editorActions.MatchBraceAction
15681:             1             32  com.intellij.codeInsight.editorActions.ReferenceData
15682:             1             32  com.intellij.codeInsight.editorActions.SmartIndentingBackspaceHandler
15683:             2             32  com.intellij.codeInsight.editorActions.XmlQuoteHandler
15684:             1             32  com.intellij.codeInsight.editorActions.enter.EnterAfterJavadocTagHandler$Context
15685:             1             32  com.intellij.codeInsight.editorActions.fillParagraph.FillParagraphAction
15686:             1             32  com.intellij.codeInsight.editorActions.moveLeftRight.MoveElementLeftAction
15687:             1             32  com.intellij.codeInsight.editorActions.moveLeftRight.MoveElementRightAction
15688:             1             32  com.intellij.codeInsight.editorActions.moveUpDown.MoveLineDownAction
15689:             1             32  com.intellij.codeInsight.editorActions.moveUpDown.MoveLineUpAction
15690:             1             32  com.intellij.codeInsight.editorActions.moveUpDown.MoveStatementDownAction
15691:             1             32  com.intellij.codeInsight.editorActions.moveUpDown.MoveStatementUpAction
15692:             1             32  com.intellij.codeInsight.editorActions.smartEnter.SmartEnterAction
15693:             1             32  com.intellij.codeInsight.folding.impl.actions.CollapseAllRegionsAction
15694:             1             32  com.intellij.codeInsight.folding.impl.actions.CollapseBlockAction
15695:             1             32  com.intellij.codeInsight.folding.impl.actions.CollapseDocCommentsAction
15696:             1             32  com.intellij.codeInsight.folding.impl.actions.CollapseRegionAction
15697:             1             32  com.intellij.codeInsight.folding.impl.actions.CollapseRegionRecursivelyAction
15698:             1             32  com.intellij.codeInsight.folding.impl.actions.CollapseSelectionAction
15699:             1             32  com.intellij.codeInsight.folding.impl.actions.ExpandAllRegionsAction
15700:             1             32  com.intellij.codeInsight.folding.impl.actions.ExpandAllToLevel1Action
15701:             1             32  com.intellij.codeInsight.folding.impl.actions.ExpandAllToLevel2Action
15702:             1             32  com.intellij.codeInsight.folding.impl.actions.ExpandAllToLevel3Action
15703:             1             32  com.intellij.codeInsight.folding.impl.actions.ExpandAllToLevel4Action
15704:             1             32  com.intellij.codeInsight.folding.impl.actions.ExpandAllToLevel5Action
15705:             1             32  com.intellij.codeInsight.folding.impl.actions.ExpandDocCommentsAction
15706:             1             32  com.intellij.codeInsight.folding.impl.actions.ExpandRegionAction
15707:             1             32  com.intellij.codeInsight.folding.impl.actions.ExpandRegionRecursivelyAction
15708:             1             32  com.intellij.codeInsight.folding.impl.actions.ExpandToLevel1Action
15709:             1             32  com.intellij.codeInsight.folding.impl.actions.ExpandToLevel2Action
15710:             1             32  com.intellij.codeInsight.folding.impl.actions.ExpandToLevel3Action
15711:             1             32  com.intellij.codeInsight.folding.impl.actions.ExpandToLevel4Action
15712:             1             32  com.intellij.codeInsight.folding.impl.actions.ExpandToLevel5Action
15713:             1             32  com.intellij.codeInsight.generation.GenerateEqualsHandler
15714:             1             32  com.intellij.codeInsight.generation.OverrideImplementExploreUtil$1
15715:             1             32  com.intellij.codeInsight.generation.actions.AutoIndentLinesAction
15716:             1             32  com.intellij.codeInsight.generation.actions.DelegateMethodsAction
15717:             1             32  com.intellij.codeInsight.generation.actions.GenerateCreateUIAction
15718:             1             32  com.intellij.codeInsight.generation.actions.GenerateEJBFinderOrSelectorMethod
15719:             1             32  com.intellij.codeInsight.generation.actions.GenerateEJBReference
15720:             1             32  com.intellij.codeInsight.generation.actions.GenerateEqualsAction
15721:             1             32  com.intellij.codeInsight.generation.actions.GenerateGetterAction
15722:             1             32  com.intellij.codeInsight.generation.actions.GenerateGetterAndSetterAction
15723:             1             32  com.intellij.codeInsight.generation.actions.GenerateInterceptorMethods
15724:             1             32  com.intellij.codeInsight.generation.actions.GeneratePersistenceContextReference
15725:             1             32  com.intellij.codeInsight.generation.actions.GenerateResourceReference
15726:             1             32  com.intellij.codeInsight.generation.actions.GenerateSetterAction
15727:             1             32  com.intellij.codeInsight.generation.actions.GenerateSuperMethodCallAction
15728:             1             32  com.intellij.codeInsight.generation.actions.ImplementMethodsAction
15729:             1             32  com.intellij.codeInsight.generation.actions.OverrideMethodsAction
15730:             1             32  com.intellij.codeInsight.generation.actions.SurroundWithAction
15731:             1             32  com.intellij.codeInsight.hint.LineTooltipRenderer$4
15732:             1             32  com.intellij.codeInsight.hint.actions.NextParameterAction
15733:             1             32  com.intellij.codeInsight.hint.actions.PrevParameterAction
15734:             1             32  com.intellij.codeInsight.hint.actions.ShowContainerInfoAction
15735:             1             32  com.intellij.codeInsight.hint.actions.ShowExpressionTypeAction
15736:             1             32  com.intellij.codeInsight.hint.actions.ShowImplementationsAction
15737:             1             32  com.intellij.codeInsight.hint.actions.ShowParameterInfoAction
15738:             1             32  com.intellij.codeInsight.hint.actions.ShowSiblingsAction
15739:             1             32  com.intellij.codeInsight.hints.JavaInlayParameterHintsProvider
15740:             1             32  com.intellij.codeInsight.intention.actions.ShowIntentionActionsAction
15741:             2             32  com.intellij.codeInsight.intention.impl.TypeExpression
15742:             1             32  com.intellij.codeInsight.intention.impl.config.IntentionManagerImpl
15743:             1             32  com.intellij.codeInsight.lookup.impl.LookupActionHandler$DownAction
15744:             1             32  com.intellij.codeInsight.lookup.impl.LookupActionHandler$UpAction
15745:             1             32  com.intellij.codeInsight.lookup.impl.LookupImpl$7
15746:             1             32  com.intellij.codeInsight.lookup.impl.LookupManagerImpl
15747:             1             32  com.intellij.codeInsight.lookup.impl.actions.ChooseItemAction$ChooseWithDot
15748:             1             32  com.intellij.codeInsight.lookup.impl.actions.ChooseItemAction$CompletingStatement
15749:             1             32  com.intellij.codeInsight.lookup.impl.actions.ChooseItemAction$FocusedOnly
15750:             1             32  com.intellij.codeInsight.lookup.impl.actions.ChooseItemAction$Replacing
15751:             1             32  com.intellij.codeInsight.navigation.ShowQuickDocAtPinnedWindowFromTooltipAction
15752:             1             32  com.intellij.codeInsight.navigation.actions.GotoDeclarationAction
15753:             1             32  com.intellij.codeInsight.navigation.actions.GotoImplementationAction
15754:             1             32  com.intellij.codeInsight.navigation.actions.GotoSuperAction
15755:             1             32  com.intellij.codeInsight.navigation.actions.GotoTypeDeclarationAction
15756:             1             32  com.intellij.codeInsight.navigation.actions.MethodDownAction
15757:             1             32  com.intellij.codeInsight.navigation.actions.MethodUpAction
15758:             1             32  com.intellij.codeInsight.template.HtmlContextType
15759:             1             32  com.intellij.codeInsight.template.JspContextType
15760:             1             32  com.intellij.codeInsight.template.emmet.EmmetPreviewAction
15761:             1             32  com.intellij.codeInsight.template.emmet.EmmetUpdateTagAction
15762:             1             32  com.intellij.codeInsight.template.emmet.SurroundWithEmmetAction
15763:             1             32  com.intellij.codeInsight.template.emmet.actions.GoToEditPointAction$Backward
15764:             1             32  com.intellij.codeInsight.template.emmet.actions.GoToEditPointAction$Forward
15765:             2             32  com.intellij.codeInsight.template.emmet.completion.EmmetAbbreviationCompletionProvider
15766:             2             32  com.intellij.codeInsight.template.emmet.generators.XmlZenCodingGeneratorImpl
15767:             1             32  com.intellij.codeInsight.template.emmet.tokens.TemplateToken
15768:             1             32  com.intellij.codeInsight.template.impl.actions.ListTemplatesAction
15769:             1             32  com.intellij.codeInsight.template.impl.actions.NextVariableAction
15770:             1             32  com.intellij.codeInsight.template.impl.actions.PreviousVariableAction
15771:             1             32  com.intellij.codeInsight.template.impl.actions.SurroundWithTemplateAction
15772:             1             32  com.intellij.codeInsight.template.impl.editorActions.ExpandLiveTemplateByTabAction
15773:             1             32  com.intellij.codeInsight.template.impl.editorActions.ExpandLiveTemplateCustomAction
15774:             2             32  com.intellij.codeInsight.template.postfix.templates.EmptyPostfixTemplateProvider
15775:             1             32  com.intellij.codeInsight.unwrap.UnwrapAction
15776:             2             32  com.intellij.codeInspection.SuppressManagerImpl
15777:             1             32  com.intellij.codeInspection.actions.RunInspectionAction
15778:             1             32  com.intellij.codeInspection.concurrencyAnnotations.JCiPExternalLibraryResolver$1
15779:             1             32  com.intellij.codeInspection.localCanBeFinal.LocalCanBeFinal
15780:             1             32  com.intellij.codeStyle.ConvertToMacLineSeparatorsAction
15781:             1             32  com.intellij.codeStyle.ConvertToUnixLineSeparatorsAction
15782:             1             32  com.intellij.codeStyle.ConvertToWindowsLineSeparatorsAction
15783:             2             32  com.intellij.coldFusion.UI.editorActions.completionProviders.CfmlArgumentValuesCompletionProvider
15784:             2             32  com.intellij.coldFusion.UI.editorActions.completionProviders.CfmlAttributeValuesCompletionProvider
15785:             2             32  com.intellij.coldFusion.UI.editorActions.completionProviders.CfmlCompletionContributor
15786:             2             32  com.intellij.coldFusion.UI.editorActions.completionProviders.CfmlCompletionContributor$2
15787:             2             32  com.intellij.coldFusion.UI.editorActions.completionProviders.CfmlCompletionContributor$3
15788:             2             32  com.intellij.coldFusion.UI.editorActions.completionProviders.CfmlCompletionContributor$PropertyPatternCondition
15789:             2             32  com.intellij.coldFusion.UI.editorActions.completionProviders.CfmlFunctionNamesCompletionProvider
15790:             2             32  com.intellij.coldFusion.UI.editorActions.completionProviders.CfmlJavaClassNamesCompletion
15791:             2             32  com.intellij.coldFusion.UI.editorActions.completionProviders.CfmlPredefinedVariablesCompletion
15792:             2             32  com.intellij.coldFusion.UI.editorActions.completionProviders.CfmlTagNamesCompletionProvider
15793:             1             32  com.intellij.coldFusion.model.CfmlLanguage
15794:             1             32  com.intellij.coldFusion.model.psi.CfmlStringLiteralExpressionType
15795:             2             32  com.intellij.compiler.CompilerConfigurationImpl$1
15796:             1             32  com.intellij.compiler.impl.CompileDriver
15797:             1             32  com.intellij.compiler.impl.CompileDriver$$Lambda$2954/1022184938
15798:             1             32  com.intellij.compiler.impl.CompileDriver$$Lambda$2955/1364477576
15799:             1             32  com.intellij.compiler.impl.GenericCompilerRunner
15800:             1             32  com.intellij.compiler.impl.ProblemsViewImpl
15801:             1             32  com.intellij.compiler.impl.generic.GenericCompilerPersistentData
15802:             1             32  com.intellij.compiler.progress.CompilerTask$CloseListener
15803:             1             32  com.intellij.compiler.server.BuildManager$$Lambda$1460/727582829
15804:             1             32  com.intellij.compiler.server.BuildManager$1
15805:             1             32  com.intellij.compiler.server.BuildManager$2
15806:             2             32  com.intellij.compiler.server.BuildManager$BuildManagerPeriodicTask$$Lambda$244/1790998715
15807:             2             32  com.intellij.compiler.server.BuildManager$WinInternedPath
15808:             1             32  com.intellij.compiler.server.BuildMessageDispatcher
15809:             1             32  com.intellij.configurationStore.ApplicationStoreImpl
15810:             1             32  com.intellij.configurationStore.ModuleStoreImpl
15811:             1             32  com.intellij.configurationStore.StorageVirtualFileTracker
15812:             1             32  com.intellij.credentialStore.KeePassCredentialStore
15813:             2             32  com.intellij.credentialStore.SecureString
15814:             1             32  com.intellij.cvsSupport2.actions.IgnoreFileAction
15815:             1             32  com.intellij.cvsSupport2.actions.MigrateCvsRootAction
15816:             1             32  com.intellij.cvsSupport2.actions.UnmarkAddedAction
15817:             1             32  com.intellij.cvsSupport2.actions.merge.MergeAction
15818:             1             32  com.intellij.database.actions.DatabaseObjectRefactoring
15819:             1             32  com.intellij.database.actions.DatabaseViewActions$AddDataSourceFromPathAction
15820:             1             32  com.intellij.database.actions.DatabaseViewActions$AddDataSourceFromThatAction
15821:             1             32  com.intellij.database.actions.DatabaseViewActions$AddDataSourceFromUrlAction
15822:             1             32  com.intellij.database.actions.DatabaseViewActions$AddDataSourceHereAction
15823:             1             32  com.intellij.database.actions.OracleRecompileAction
15824:             1             32  com.intellij.database.actions.RunQueryAction$Alt1
15825:             1             32  com.intellij.database.actions.RunQueryAction$Alt2
15826:             1             32  com.intellij.database.actions.RunQueryAction$Alt3
15827:             1             32  com.intellij.database.actions.ToolActions$RefreshMatViewAction
15828:             1             32  com.intellij.database.actions.ToolActions$TruncateTablesAction
15829:             2             32  com.intellij.database.dataSource.srcStorage.DbSrcExtensions$FilePresentation
15830:             1             32  com.intellij.database.dialects.DerbyDialect
15831:             1             32  com.intellij.database.dialects.ExasolDialect
15832:             1             32  com.intellij.database.dialects.GenericDialect
15833:             1             32  com.intellij.database.dialects.H2Dialect
15834:             1             32  com.intellij.database.dialects.HsqldbDialect
15835:             2             32  com.intellij.database.dialects.KeywordHelper$PostgresKeywords
15836:             1             32  com.intellij.database.dialects.MssqlDialect
15837:             1             32  com.intellij.database.dialects.MysqlDialect
15838:             1             32  com.intellij.database.dialects.OracleDialect
15839:             1             32  com.intellij.database.dialects.PostgresDialect
15840:             1             32  com.intellij.database.dialects.RedshiftDialect
15841:             1             32  com.intellij.database.dialects.SqliteDialect
15842:             1             32  com.intellij.database.dialects.SybaseDialect
15843:             2             32  com.intellij.database.dialects.TypeHelper$PostgresTypeHelper
15844:             2             32  com.intellij.database.psi.DbFindUsagesHandlerFactory
15845:             1             32  com.intellij.database.run.actions.ChangeCellEditorFileEncodingAction
15846:             1             32  com.intellij.database.run.actions.SetValueAction$SetDefaultAction
15847:             1             32  com.intellij.database.run.actions.SetValueAction$SetNullAction
15848:             1             32  com.intellij.database.run.actions.TransactionAction$TxIsolation$1
15849:             1             32  com.intellij.database.run.actions.TransactionAction$TxIsolation$2
15850:             1             32  com.intellij.database.run.actions.TransactionAction$TxSettings$1
15851:             1             32  com.intellij.database.run.actions.TransactionAction$TxSettings$2
15852:             2             32  com.intellij.database.util.TokenPatternCache$$Lambda$3483/1890507418
15853:             2             32  com.intellij.database.view.DatabaseColorManager$Shared
15854:             2             32  com.intellij.database.view.DatabaseColorManager$SharedColors
15855:             1             32  com.intellij.debugger.actions.ShowTypesAction
15856:             1             32  com.intellij.debugger.streams.lib.impl.StreamExLibrarySupport
15857:             2             32  com.intellij.debugger.streams.psi.impl.JavaChainTransformerImpl
15858:             1             32  com.intellij.debugger.streams.trace.dsl.impl.DslImpl
15859:             2             32  com.intellij.debugger.streams.trace.dsl.impl.TextExpression
15860:             2             32  com.intellij.debugger.streams.trace.impl.interpret.AllMatchTraceInterpreter
15861:             2             32  com.intellij.debugger.streams.trace.impl.interpret.AnyMatchTraceInterpreter
15862:             2             32  com.intellij.debugger.streams.trace.impl.interpret.NoneMatchTraceInterpreter
15863:             1             32  com.intellij.designer.DesignerToolWindow$3
15864:             1             32  com.intellij.designer.DesignerToolWindow$4
15865:             1             32  com.intellij.diagnostic.MessagePool$MessageGrouper
15866:             1             32  com.intellij.diagnostic.PerformanceWatcher$2
15867:             1             32  com.intellij.diagram.actions.DiagramDefaultAddElementAction
15868:             1             32  com.intellij.diff.impl.DiffRequestProcessor$ShowActionGroupPopupAction
15869:             1             32  com.intellij.diff.impl.DiffRequestProcessor$ShowInExternalToolAction
15870:             1             32  com.intellij.dmserver.artifacts.ManifestManager$1
15871:             1             32  com.intellij.dmserver.artifacts.ManifestManager$2
15872:             1             32  com.intellij.dmserver.facet.DMBundleFacetType
15873:             1             32  com.intellij.dmserver.facet.DMCompositeFacetType
15874:             1             32  com.intellij.dmserver.facet.DMConfigFacetType
15875:             1             32  com.intellij.dmserver.run.DMServerRunConfigurationType
15876:             1             32  com.intellij.dmserver.run.DMServerRunConfigurationType$1
15877:             1             32  com.intellij.dmserver.run.DMServerRunConfigurationType$2
15878:             1             32  com.intellij.dsm.actions.DsmAnalysisAction
15879:             2             32  com.intellij.dupLocator.CssDuplicatesProfile
15880:             1             32  com.intellij.dupLocator.DuplocateAction
15881:             1             32  com.intellij.dupLocator.resultUI.DuplicatesForm$SendToLeftAction
15882:             1             32  com.intellij.dupLocator.resultUI.DuplicatesForm$SendToRightAction
15883:             2             32  com.intellij.execution.RunConfigurationProducerService$State
15884:             1             32  com.intellij.execution.ShortenCommandLine$1
15885:             1             32  com.intellij.execution.actions.RunConfigurationsComboBoxAction
15886:             1             32  com.intellij.execution.actions.StopAction
15887:             1             32  com.intellij.execution.actions.StopBackgroundProcessesAction
15888:             1             32  com.intellij.execution.applet.AppletConfigurationProducer
15889:             1             32  com.intellij.execution.compound.CompoundRunConfigurationType
15890:             2             32  com.intellij.execution.configurations.UnknownConfigurationType
15891:             2             32  com.intellij.execution.impl.ConsoleViewImpl$5
15892:             2             32  com.intellij.execution.impl.ConsoleViewRunningState$1
15893:             2             32  com.intellij.execution.impl.EditorHyperlinkSupport$1
15894:             2             32  com.intellij.execution.impl.ExecutionManagerKtImpl$startRunProfile$startRunnable$1$2
15895:             1             32  com.intellij.execution.jar.JarApplicationConfigurationType
15896:             1             32  com.intellij.execution.rmi.RemoteProcessSupport$RunningInfo
15897:             2             32  com.intellij.execution.rmi.RemoteUtil$2$1
15898:             1             32  com.intellij.execution.ui.actions.FocusOnStartAction
15899:             2             32  com.intellij.execution.ui.layout.impl.RunnerContentUi$2
15900:             2             32  com.intellij.execution.ui.layout.impl.RunnerContentUi$5
15901:             1             32  com.intellij.facet.FacetManagerImpl
15902:             1             32  com.intellij.facet.FacetManagerImpl$FacetManagerModel
15903:             1             32  com.intellij.facet.impl.FacetFinderImpl
15904:             1             32  com.intellij.facet.impl.pointers.FacetPointerImpl
15905:             1             32  com.intellij.featureStatistics.ProductivityFeaturesRegistryImpl
15906:             2             32  com.intellij.find.findUsages.DefaultFindUsagesHandlerFactory
15907:             1             32  com.intellij.find.findUsages.FindUsagesManager
15908:             2             32  com.intellij.find.ngrams.TrigramIndex$1
15909:             1             32  com.intellij.formatting.AlignmentImpl
15910:             2             32  com.intellij.formatting.RangesAssert
15911:             1             32  com.intellij.formatting.WrapImpl
15912:             1             32  com.intellij.formatting.alignment.AlignmentInColumnsConfig
15913:             1             32  com.intellij.framework.detection.impl.FrameworkDetectorRegistryImpl
15914:             1             32  com.intellij.freemarker.psi.FtlLanguage
15915:             2             32  com.intellij.freemarker.psi.files.FtlFindUsagesHandlerFactory
15916:             1             32  com.intellij.guice.actions.NewGuiceBindingAnnotationAction
15917:             1             32  com.intellij.guice.actions.NewGuiceMethodInterceptorAction
15918:             1             32  com.intellij.guice.actions.NewGuiceModuleAction
15919:             1             32  com.intellij.guice.actions.NewGuiceProviderAction
15920:             1             32  com.intellij.guice.actions.NewGuiceScopeAnnotationAction
15921:             1             32  com.intellij.gwt.actions.CreateGwtEventWithHandlerAction
15922:             1             32  com.intellij.gwt.actions.CreateGwtModuleAction
15923:             1             32  com.intellij.gwt.actions.CreateGwtUiBinderAction
15924:             1             32  com.intellij.gwt.actions.GenerateUiHandlerMethodAction
15925:             1             32  com.intellij.gwt.actions.GenerateUiHandlerMethodHandler
15926:             1             32  com.intellij.gwt.clientBundle.css.language.GwtCssLanguage
15927:             2             32  com.intellij.gwt.clientBundle.jam.SourceFileJamConverter
15928:             1             32  com.intellij.gwt.facet.GwtFacetType
15929:             2             32  com.intellij.gwt.refactorings.GwtFindUsagesHandlerFactory
15930:             1             32  com.intellij.gwt.run.GwtConfigurationProvider
15931:             2             32  com.intellij.hibernate.HibernateResourceProvider
15932:             1             32  com.intellij.hibernate.facet.HibernateFacetType
15933:             1             32  com.intellij.hibernate.facet.HibernateLibraryType
15934:             1             32  com.intellij.history.core.ChangeList
15935:             1             32  com.intellij.history.core.ChangeListStorageImpl
15936:             1             32  com.intellij.history.core.LocalHistoryStorage
15937:             2             32  com.intellij.history.core.StoredContent
15938:             1             32  com.intellij.htmltools.xml.actions.HtmlAddTableColumnAfterAction
15939:             1             32  com.intellij.htmltools.xml.actions.HtmlAddTableColumnBeforeAction
15940:             1             32  com.intellij.htmltools.xml.actions.navigation.HtmlTableCellNavigateDownAction
15941:             1             32  com.intellij.htmltools.xml.actions.navigation.HtmlTableCellNavigateLeftAction
15942:             1             32  com.intellij.htmltools.xml.actions.navigation.HtmlTableCellNavigateRightAction
15943:             1             32  com.intellij.htmltools.xml.actions.navigation.HtmlTableCellNavigateUpAction
15944:             1             32  com.intellij.ide.CopyPasteManagerEx
15945:             1             32  com.intellij.ide.FrameStateManagerImpl
15946:             2             32  com.intellij.ide.IdeTooltipManager$6$1
15947:             2             32  com.intellij.ide.SystemHealthMonitor$4$$Lambda$271/351365909
15948:             1             32  com.intellij.ide.a.b
15949:             1             32  com.intellij.ide.a.e$$Lambda$257/2032073687
15950:             2             32  com.intellij.ide.actions.ActionsCollector$State
15951:             1             32  com.intellij.ide.actions.ContextHelpAction
15952:             1             32  com.intellij.ide.actions.CreateClassAction
15953:             1             32  com.intellij.ide.actions.CreateDesktopEntryAction$1
15954:             1             32  com.intellij.ide.actions.ExportToTextFileToolbarAction
15955:             1             32  com.intellij.ide.actions.GotoActionAction
15956:             1             32  com.intellij.ide.actions.GotoClassAction
15957:             1             32  com.intellij.ide.actions.GotoFileAction
15958:             1             32  com.intellij.ide.actions.GotoSymbolAction
15959:             1             32  com.intellij.ide.actions.JetBrainsTvAction
15960:             1             32  com.intellij.ide.actions.MaximizeActiveDialogAction
15961:             1             32  com.intellij.ide.actions.MoveTabDownAction
15962:             1             32  com.intellij.ide.actions.MoveTabRightAction
15963:             1             32  com.intellij.ide.actions.NextTabAction
15964:             1             32  com.intellij.ide.actions.OpenModuleSettingsAction
15965:             1             32  com.intellij.ide.actions.PreviousTabAction
15966:             1             32  com.intellij.ide.actions.QuickChangeCodeStyleSchemeAction
15967:             1             32  com.intellij.ide.actions.QuickChangeColorSchemeAction
15968:             1             32  com.intellij.ide.actions.QuickChangeInspectionProfileAction
15969:             1             32  com.intellij.ide.actions.QuickChangeKeymapAction
15970:             1             32  com.intellij.ide.actions.QuickChangeLookAndFeel
15971:             1             32  com.intellij.ide.actions.QuickChangeSchemesAction
15972:             1             32  com.intellij.ide.actions.QuickChangeViewModeAction
15973:             1             32  com.intellij.ide.actions.SelectAllAction
15974:             1             32  com.intellij.ide.actions.ShowFilePathAction$2
15975:             1             32  com.intellij.ide.actions.SplitHorizontallyAction
15976:             1             32  com.intellij.ide.actions.SplitVerticallyAction
15977:             1             32  com.intellij.ide.actions.TabsAddedToTheEndSwitcher
15978:             1             32  com.intellij.ide.actions.ViewSourceAction
15979:             1             32  com.intellij.ide.actions.WindowAction$DecrementHeight
15980:             1             32  com.intellij.ide.actions.WindowAction$DecrementWidth
15981:             1             32  com.intellij.ide.actions.WindowAction$IncrementHeight
15982:             1             32  com.intellij.ide.actions.WindowAction$IncrementWidth
15983:             1             32  com.intellij.ide.actions.exclusion.ExcludeTreeNodeAction
15984:             1             32  com.intellij.ide.actions.exclusion.IncludeTreeNodeAction
15985:             1             32  com.intellij.ide.b.a.d
15986:             1             32  com.intellij.ide.b.a.f
15987:             1             32  com.intellij.ide.b.g.B
15988:             1             32  com.intellij.ide.b.g.E
15989:             1             32  com.intellij.ide.b.g.N
15990:             1             32  com.intellij.ide.b.g.k
15991:             1             32  com.intellij.ide.bookmarks.actions.BookmarksAction
15992:             1             32  com.intellij.ide.bookmarks.actions.GoToMnemonicBookmarkActionBase$GotoBookmark0Action
15993:             1             32  com.intellij.ide.bookmarks.actions.GoToMnemonicBookmarkActionBase$GotoBookmark1Action
15994:             1             32  com.intellij.ide.bookmarks.actions.GoToMnemonicBookmarkActionBase$GotoBookmark2Action
15995:             1             32  com.intellij.ide.bookmarks.actions.GoToMnemonicBookmarkActionBase$GotoBookmark3Action
15996:             1             32  com.intellij.ide.bookmarks.actions.GoToMnemonicBookmarkActionBase$GotoBookmark4Action
15997:             1             32  com.intellij.ide.bookmarks.actions.GoToMnemonicBookmarkActionBase$GotoBookmark5Action
15998:             1             32  com.intellij.ide.bookmarks.actions.GoToMnemonicBookmarkActionBase$GotoBookmark6Action
15999:             1             32  com.intellij.ide.bookmarks.actions.GoToMnemonicBookmarkActionBase$GotoBookmark7Action
16000:             1             32  com.intellij.ide.bookmarks.actions.GoToMnemonicBookmarkActionBase$GotoBookmark8Action
16001:             1             32  com.intellij.ide.bookmarks.actions.GoToMnemonicBookmarkActionBase$GotoBookmark9Action
16002:             1             32  com.intellij.ide.bookmarks.actions.NextBookmarkAction
16003:             1             32  com.intellij.ide.bookmarks.actions.PreviousBookmarkAction
16004:             1             32  com.intellij.ide.bookmarks.actions.ToggleBookmarkAction
16005:             1             32  com.intellij.ide.bookmarks.actions.ToggleBookmarkWithMnemonicAction
16006:             1             32  com.intellij.ide.bookmarks.actions.ToggleNumberedBookmarkActionBase$ToggleBookmark0Action
16007:             1             32  com.intellij.ide.bookmarks.actions.ToggleNumberedBookmarkActionBase$ToggleBookmark1Action
16008:             1             32  com.intellij.ide.bookmarks.actions.ToggleNumberedBookmarkActionBase$ToggleBookmark2Action
16009:             1             32  com.intellij.ide.bookmarks.actions.ToggleNumberedBookmarkActionBase$ToggleBookmark3Action
16010:             1             32  com.intellij.ide.bookmarks.actions.ToggleNumberedBookmarkActionBase$ToggleBookmark4Action
16011:             1             32  com.intellij.ide.bookmarks.actions.ToggleNumberedBookmarkActionBase$ToggleBookmark5Action
16012:             1             32  com.intellij.ide.bookmarks.actions.ToggleNumberedBookmarkActionBase$ToggleBookmark6Action
16013:             1             32  com.intellij.ide.bookmarks.actions.ToggleNumberedBookmarkActionBase$ToggleBookmark7Action
16014:             1             32  com.intellij.ide.bookmarks.actions.ToggleNumberedBookmarkActionBase$ToggleBookmark8Action
16015:             1             32  com.intellij.ide.bookmarks.actions.ToggleNumberedBookmarkActionBase$ToggleBookmark9Action
16016:             2             32  com.intellij.ide.browsers.WebBrowserReferenceConverter
16017:             2             32  com.intellij.ide.browsers.actions.OpenInBrowserBaseGroupAction$$Lambda$2838/371507542
16018:             1             32  com.intellij.ide.errorTreeView.NewErrorTreeViewPanel$StopAction
16019:             2             32  com.intellij.ide.errorTreeView.impl.ErrorTreeViewConfiguration
16020:             1             32  com.intellij.ide.favoritesTreeView.actions.AddToFavoritesPopupAction
16021:             1             32  com.intellij.ide.hierarchy.CallHierarchyBrowserBase$BaseOnThisMethodAction
16022:             1             32  com.intellij.ide.hierarchy.MethodHierarchyBrowserBase$BaseOnThisMethodAction
16023:             1             32  com.intellij.ide.hierarchy.TypeHierarchyBrowserBase$BaseOnThisTypeAction
16024:             1             32  com.intellij.ide.hierarchy.actions.BrowseCallHierarchyAction
16025:             1             32  com.intellij.ide.hierarchy.actions.BrowseMethodHierarchyAction
16026:             1             32  com.intellij.ide.hierarchy.actions.BrowseTypeHierarchyAction
16027:             1             32  com.intellij.ide.hierarchy.call.CallHierarchyBrowser$BaseOnThisMethodAction
16028:             1             32  com.intellij.ide.hierarchy.method.MethodHierarchyBrowser$BaseOnThisMethodAction
16029:             1             32  com.intellij.ide.hierarchy.type.TypeHierarchyBrowser$BaseOnThisTypeAction
16030:             1             32  com.intellij.ide.macro.IdePathMacros
16031:             1             32  com.intellij.ide.plugins.InstalledPluginsState
16032:             1             32  com.intellij.ide.projectView.impl.AbstractProjectViewPane$3
16033:             1             32  com.intellij.ide.projectView.impl.AsyncProjectViewSupport
16034:             1             32  com.intellij.ide.projectView.impl.AsyncProjectViewSupport$3
16035:             1             32  com.intellij.ide.scratch.ScratchFileActions$NewFileAction
16036:             2             32  com.intellij.ide.scratch.ScratchFileServiceImpl$FilePresentation
16037:             1             32  com.intellij.ide.scratch.ScratchProjectViewPane$MyRootNode$1
16038:             1             32  com.intellij.ide.startup.impl.StartupManagerImpl$2
16039:             1             32  com.intellij.ide.todo.TodoConfiguration
16040:             2             32  com.intellij.ide.ui.OptionsTopHitProvider$Activity
16041:             1             32  com.intellij.ide.ui.customization.CustomActionsSchema
16042:             1             32  com.intellij.ide.ui.laf.IdeaLaf
16043:             1             32  com.intellij.ide.ui.laf.LafManagerImpl
16044:             2             32  com.intellij.ide.ui.laf.darcula.ui.DarculaCheckBoxBorder
16045:             2             32  com.intellij.ide.ui.laf.darcula.ui.DarculaMenuItemBorder
16046:             1             32  com.intellij.ide.ui.laf.darcula.ui.DarculaProgressBarBorder
16047:             1             32  com.intellij.ide.ui.search.SearchableOptionsRegistrarImpl
16048:             1             32  com.intellij.ide.util.AppPropertiesComponentImpl
16049:             1             32  com.intellij.ide.util.DirectoryChooser$ItemWrapper
16050:             1             32  com.intellij.ide.util.treeView.AbstractTreeUpdater$2
16051:             1             32  com.intellij.idea.RareLogger
16052:             1             32  com.intellij.idea.SocketLock
16053:             1             32  com.intellij.internal.DebugAttachDetector
16054:             2             32  com.intellij.internal.statistic.UsageTrigger$State
16055:             2             32  com.intellij.internal.statistic.collectors.fus.actions.persistence.IntentionsCollector$State
16056:             2             32  com.intellij.internal.statistic.collectors.fus.actions.persistence.MainMenuCollector$State
16057:             2             32  com.intellij.internal.statistic.collectors.fus.ui.persistence.ShortcutsCollector$MyState
16058:             2             32  com.intellij.internal.statistic.collectors.fus.ui.persistence.ToolbarClicksCollector$ClicksState
16059:             2             32  com.intellij.internal.statistic.libraryJar.LibraryJarStatisticsService
16060:             1             32  com.intellij.j2ee.appServerIntegrations.impl.AppServersLibraryTable
16061:             1             32  com.intellij.j2ee.appServerIntegrations.impl.ApplicationServerImpl
16062:             1             32  com.intellij.j2ee.appServerIntegrations.impl.ApplicationServersManagerImpl
16063:             1             32  com.intellij.j2ee.web.jsr45.JSR45ConfigurationProducer
16064:             1             32  com.intellij.j2meplugin.run.J2MEConfigurationProducer
16065:             2             32  com.intellij.jam.reflect.JamTypeAttributeMeta$Single
16066:             1             32  com.intellij.jarRepository.RepositoryLibrarySynchronizer$1
16067:             1             32  com.intellij.javaee.application.facet.JavaeeApplicationFacetType
16068:             1             32  com.intellij.javaee.cloudbees.CBConfiguration
16069:             1             32  com.intellij.javaee.cloudbees.CBIntegration
16070:             1             32  com.intellij.javaee.config.ConcurrencyUtilsForJavaeeLibraryType
16071:             1             32  com.intellij.javaee.config.ConnectorArchitectureLibraryType
16072:             1             32  com.intellij.javaee.config.JavaeeSecurityLibraryType
16073:             1             32  com.intellij.javaee.config.JmsLibraryType
16074:             1             32  com.intellij.javaee.config.JsonBindingLibraryType
16075:             1             32  com.intellij.javaee.config.JsonProcessingLibraryType
16076:             1             32  com.intellij.javaee.config.TransactionJavaeeLibraryType
16077:             1             32  com.intellij.javaee.ejb.facet.EjbFacetType
16078:             1             32  com.intellij.javaee.ejb.framework.EjbLibraryType
16079:             1             32  com.intellij.javaee.ejb.role.EjbClassRoleImpl
16080:             1             32  com.intellij.javaee.facet.JavaeeFacetCommonPart
16081:             1             32  com.intellij.javaee.framework.library.JavaeeLibraryType
16082:             1             32  com.intellij.javaee.module.components.EjbModuleGeneralEditorProvider
16083:             1             32  com.intellij.javaee.module.components.MethodPermissionsEditorProvider
16084:             1             32  com.intellij.javaee.module.components.TransactionAttributesEditorProvider
16085:             1             32  com.intellij.javaee.module.view.ApplyJavaeeStyleAction
16086:             1             32  com.intellij.javaee.module.view.ejb.actions.CreateBMPEntityBeanAction
16087:             1             32  com.intellij.javaee.module.view.ejb.actions.CreateCMPEntityBeanAction
16088:             1             32  com.intellij.javaee.module.view.ejb.actions.CreateMessageBeanAction
16089:             1             32  com.intellij.javaee.module.view.ejb.actions.CreateSingletonBeanAction
16090:             1             32  com.intellij.javaee.module.view.ejb.actions.CreateStatefulBeanAction
16091:             1             32  com.intellij.javaee.module.view.ejb.actions.CreateStatelessBeanAction
16092:             1             32  com.intellij.javaee.module.view.ejb.actions.OpenEjbERDiagramAction
16093:             1             32  com.intellij.javaee.module.view.web.filter.CreateFilterAction
16094:             1             32  com.intellij.javaee.module.view.web.listener.CreateListenerAction
16095:             1             32  com.intellij.javaee.module.view.web.servlet.CreateServletAction
16096:             1             32  com.intellij.javaee.ui.packaging.EarArtifactType
16097:             1             32  com.intellij.javaee.ui.packaging.EjbJarArtifactType
16098:             1             32  com.intellij.javaee.ui.packaging.ExplodedEarArtifactType
16099:             1             32  com.intellij.javaee.ui.packaging.ExplodedEjbArtifactType
16100:             1             32  com.intellij.javaee.ui.packaging.ExplodedWarArtifactType
16101:             1             32  com.intellij.javaee.ui.packaging.WarArtifactType
16102:             2             32  com.intellij.javaee.web.artifact.WebFacetContextEvaluationServiceImpl
16103:             1             32  com.intellij.javaee.web.facet.WebFacetType
16104:             1             32  com.intellij.javaee.weblogic.runDebug.configuration.WeblogicConfigurationProducer
16105:             1             32  com.intellij.javascript.debugger.breakpoints.JavaScriptBreakpointType
16106:             1             32  com.intellij.javascript.debugger.execution.JavascriptDebugConfigurationType
16107:             1             32  com.intellij.javascript.flex.FlexApplicationComponent$2
16108:             2             32  com.intellij.javascript.flex.FlexConfigXmlReferenceContributor$1
16109:             2             32  com.intellij.javascript.flex.FlexConfigXmlReferenceContributor$2
16110:             2             32  com.intellij.javascript.flex.mxml.FlexXmlBackedClassesIndex$1
16111:             1             32  com.intellij.javascript.flex.mxml.schema.CodeContext
16112:             1             32  com.intellij.javascript.jest.JestConfigurationType
16113:             2             32  com.intellij.javascript.nodejs.library.NodeModulesDirectoryManager$$Lambda$825/1514704205
16114:             2             32  com.intellij.javascript.nodejs.library.NodeModulesDirectoryManager$PackageJsonListener
16115:             2             32  com.intellij.javascript.nodejs.packageJson.PackageJsonFileManager$State
16116:             2             32  com.intellij.javascript.nodejs.packageJson.PackageJsonUpdateNotifier$1
16117:             1             32  com.intellij.javascript.nodejs.util.NodePackageRefResolver
16118:             1             32  com.intellij.javascript.protractor.ProtractorConfigurationType
16119:             2             32  com.intellij.javascript.trace.codeInsight.TraceCompletionContributor$MyInsertHandler
16120:             1             32  com.intellij.javascript.trace.execution.TraceBrowserConfigurationType
16121:             1             32  com.intellij.javascript.trace.execution.TraceNodeConfigurationType
16122:             1             32  com.intellij.javascript.trace.execution.fileDependency.actions.ExportDiagramToFileAction
16123:             1             32  com.intellij.javascript.trace.execution.fileDependency.actions.FitContentAfterDiagramLayout
16124:             1             32  com.intellij.javascript.trace.execution.fileDependency.actions.PreviewDiagramAction
16125:             1             32  com.intellij.javascript.trace.execution.fileDependency.actions.PrintDiagramAction
16126:             1             32  com.intellij.javascript.trace.execution.fileDependency.actions.ShowDiagramEdgeLabels
16127:             1             32  com.intellij.javascript.trace.execution.stack.actions.AddFileToFilterAction
16128:             1             32  com.intellij.javascript.trace.execution.stack.actions.AddNegatedFileToFilterAction
16129:             1             32  com.intellij.javascript.trace.execution.stack.actions.FindNextFileFunctionNextCallAction
16130:             1             32  com.intellij.javascript.trace.execution.stack.actions.FindNextFileFunctionPrevCallAction
16131:             1             32  com.intellij.javascript.trace.execution.stack.actions.FindPrevFileFunctionNextCallAction
16132:             1             32  com.intellij.javascript.trace.execution.stack.actions.FindPrevFileFunctionPrevCallAction
16133:             1             32  com.intellij.javascript.trace.execution.stack.actions.FindThisFunctionNextCallAction
16134:             1             32  com.intellij.javascript.trace.execution.stack.actions.FindThisFunctionPrevCallAction
16135:             1             32  com.intellij.javascript.trace.execution.stack.actions.JumpToCallerAction
16136:             1             32  com.intellij.javascript.trace.execution.stack.actions.JumpToMappedTraceAction
16137:             1             32  com.intellij.javascript.trace.execution.stack.actions.JumpToPackageFileAction
16138:             1             32  com.intellij.javascript.trace.execution.stack.actions.JumpToSourceAction
16139:             1             32  com.intellij.javascript.trace.execution.stack.actions.JumpToTraceAction
16140:             1             32  com.intellij.javascript.trace.execution.stack.actions.MuteNodeModuleAction
16141:             1             32  com.intellij.javascript.trace.execution.stack.actions.SearchFunctionAction
16142:             1             32  com.intellij.jboss.jbpm.chart.BpmnChartProvider
16143:             2             32  com.intellij.jboss.jbpm.diagram.managers.BpmnDiagramColorManager
16144:             2             32  com.intellij.jboss.jbpm.diagram.managers.BpmnNodeContentManager
16145:             1             32  com.intellij.jboss.jbpm.library.BpmnLibraryType
16146:             1             32  com.intellij.jboss.jpdl.actions.CreateJpdlFileAction
16147:             1             32  com.intellij.jboss.jpdl.library.JpdlLibraryType
16148:             1             32  com.intellij.jboss.jpdl.model.JpdlModelFactory
16149:             2             32  com.intellij.jpa.JpaResourcesProvider
16150:             2             32  com.intellij.jpa.ORMReferencesUtil$2
16151:             1             32  com.intellij.jpa.actions.GenerateEntityListenerMethods
16152:             1             32  com.intellij.jpa.actions.OpenJpaERDiagramAction
16153:             1             32  com.intellij.jpa.facet.JpaFacetType
16154:             1             32  com.intellij.jpa.ql.JpqlLanguage
16155:             1             32  com.intellij.jpa.ql.JpqlLanguage$1
16156:             1             32  com.intellij.jpa.ql.JpqlLanguage$2
16157:             1             32  com.intellij.jpa.ql.JpqlLanguage$3
16158:             2             32  com.intellij.jsf.el.JsfManagedBeansPropertyScopeProvider$1$$Lambda$4654/37394291
16159:             1             32  com.intellij.jsf.impl.model.xml.FacesDomModelManagerImpl
16160:             1             32  com.intellij.jsf.library.JsfIcefacesLibraryType
16161:             1             32  com.intellij.jsf.library.JsfLibraryType
16162:             1             32  com.intellij.jsf.library.JsfOpenfacesLibraryType
16163:             1             32  com.intellij.jsf.library.JsfPrimefacesLibraryType
16164:             1             32  com.intellij.jsf.library.JsfRichfacesLibraryType
16165:             1             32  com.intellij.jsf.yfilesGraph.actions.GotoDeclarationAction
16166:             1             32  com.intellij.jsf.yfilesGraph.actions.GotoSourceAction
16167:             1             32  com.intellij.jsf.yfilesGraph.actions.OpenSelectedPagesActon
16168:             1             32  com.intellij.json.JsonLanguage
16169:             1             32  com.intellij.json.liveTemplates.JsonContextType
16170:             1             32  com.intellij.jsp.impl.JspTemplateType
16171:             2             32  com.intellij.jsp.util.JspReferenceContributor$1
16172:             2             32  com.intellij.jsp.util.JspReferenceContributor$2
16173:             2             32  com.intellij.jsp.util.JspReferenceContributor$3
16174:             1             32  com.intellij.lang.Language$1
16175:             2             32  com.intellij.lang.ant.dom.AntReferenceInjector
16176:             1             32  com.intellij.lang.aspectj.AspectJLanguage
16177:             1             32  com.intellij.lang.aspectj.AspectJTemplateContextType
16178:             1             32  com.intellij.lang.aspectj.actions.CreateAspectAction
16179:             2             32  com.intellij.lang.aspectj.completion.AspectJKeywordCompletionContributor
16180:             1             32  com.intellij.lang.aspectj.facet.AjFacetType
16181:             2             32  com.intellij.lang.aspectj.highlight.analysis.member.InterTypeModifiersAnnotator
16182:             2             32  com.intellij.lang.aspectj.index.stub.AjShortClassNameIndex
16183:             2             32  com.intellij.lang.aspectj.index.stub.AspectJInterTypeClassIndex
16184:             2             32  com.intellij.lang.aspectj.index.stub.AspectJInterTypeFieldIndex
16185:             2             32  com.intellij.lang.aspectj.index.stub.AspectJInterTypeMethodIndex
16186:             1             32  com.intellij.lang.aspectj.refactoring.pushIn.PushInAction
16187:             1             32  com.intellij.lang.cacheBuilder.CacheBuilderEP
16188:             1             32  com.intellij.lang.css.CSSLanguage
16189:             2             32  com.intellij.lang.findUsages.EmptyFindUsagesProvider
16190:             1             32  com.intellij.lang.java.JShellLanguage
16191:             1             32  com.intellij.lang.java.JavaLanguage
16192:             2             32  com.intellij.lang.java.parser.JavaParserUtil$PrecedingWhitespacesAndCommentsBinder
16193:             1             32  com.intellij.lang.javascript.JSInjectionBracesUtil$$Lambda$539/1869770698
16194:             1             32  com.intellij.lang.javascript.JavascriptLanguage
16195:             1             32  com.intellij.lang.javascript.buildTools.grunt.ShowGruntTasksAction
16196:             1             32  com.intellij.lang.javascript.buildTools.grunt.rc.GruntConfigurationType
16197:             2             32  com.intellij.lang.javascript.buildTools.gulp.GulpReferenceContributor$2
16198:             1             32  com.intellij.lang.javascript.buildTools.gulp.ShowGulpTasksAction
16199:             1             32  com.intellij.lang.javascript.buildTools.gulp.rc.GulpConfigurationType
16200:             1             32  com.intellij.lang.javascript.buildTools.npm.ShowNpmScriptsAction
16201:             1             32  com.intellij.lang.javascript.buildTools.npm.rc.NpmConfigurationType
16202:             2             32  com.intellij.lang.javascript.buildTools.webpack.WebPackReferenceContributor
16203:             1             32  com.intellij.lang.javascript.completion.JSCompletionContributor
16204:             2             32  com.intellij.lang.javascript.completion.JSDestructuringPropertyCompletionProvider
16205:             2             32  com.intellij.lang.javascript.completion.JSReferenceCompletionContributor
16206:             2             32  com.intellij.lang.javascript.completion.JSSmartCompletionContributor
16207:             2             32  com.intellij.lang.javascript.editor.JSEditorOptions
16208:             2             32  com.intellij.lang.javascript.editor.JSSmartKeysConfigurable$$Lambda$1385/111741769
16209:             2             32  com.intellij.lang.javascript.editor.JSSmartKeysConfigurable$$Lambda$1386/144449335
16210:             2             32  com.intellij.lang.javascript.editor.JSSmartKeysConfigurable$$Lambda$1387/1157483062
16211:             2             32  com.intellij.lang.javascript.editor.JSSmartKeysConfigurable$$Lambda$1388/266755145
16212:             2             32  com.intellij.lang.javascript.editor.JSSmartKeysConfigurable$$Lambda$1389/295934875
16213:             2             32  com.intellij.lang.javascript.editor.JSSmartKeysConfigurable$$Lambda$1390/1033297242
16214:             2             32  com.intellij.lang.javascript.findUsages.JSReadWriteAccessDetector
16215:             2             32  com.intellij.lang.javascript.findUsages.JavaScriptFindUsagesHandlerFactory
16216:             2             32  com.intellij.lang.javascript.findUsages.JavaScriptFindUsagesProvider
16217:             2             32  com.intellij.lang.javascript.flex.ActionScriptResolveScopeProvider
16218:             1             32  com.intellij.lang.javascript.flex.MxmlTemplateContextType
16219:             1             32  com.intellij.lang.javascript.flex.debug.FlexBreakpointType
16220:             2             32  com.intellij.lang.javascript.folding.JSCodeFoldingOptionsProvider$$Lambda$1435/1889107308
16221:             2             32  com.intellij.lang.javascript.folding.JSCodeFoldingOptionsProvider$$Lambda$1436/476529941
16222:             2             32  com.intellij.lang.javascript.folding.JSCodeFoldingOptionsProvider$$Lambda$1437/894852112
16223:             2             32  com.intellij.lang.javascript.folding.JSCodeFoldingOptionsProvider$$Lambda$1438/400666039
16224:             2             32  com.intellij.lang.javascript.folding.JSCodeFoldingOptionsProvider$$Lambda$1439/740872250
16225:             2             32  com.intellij.lang.javascript.folding.JSCodeFoldingOptionsProvider$$Lambda$1440/180451143
16226:             2             32  com.intellij.lang.javascript.folding.JSCodeFoldingOptionsProvider$$Lambda$1441/225447123
16227:             2             32  com.intellij.lang.javascript.folding.JSCodeFoldingOptionsProvider$$Lambda$1442/392594655
16228:             2             32  com.intellij.lang.javascript.frameworks.gcl.JSGclReferenceContributor$1
16229:             1             32  com.intellij.lang.javascript.frameworks.jquery.JQueryCssLanguage
16230:             2             32  com.intellij.lang.javascript.frameworks.react.JSXEmmetOptions
16231:             2             32  com.intellij.lang.javascript.frameworks.react.ReactXmlAttributeCompletionContributor
16232:             2             32  com.intellij.lang.javascript.frameworks.react.ReactXmlAttributeCompletionContributor$ReactAttributeCompletionProvider
16233:             1             32  com.intellij.lang.javascript.frameworks.webpack.WebpackConfigHighlightingInspection$1
16234:             1             32  com.intellij.lang.javascript.hierarchy.type.jsfunction.JSFunctionHierarchyBrowser$BaseOnThisFunctionAction
16235:             2             32  com.intellij.lang.javascript.highlighting.JSHighlighter
16236:             1             32  com.intellij.lang.javascript.inject.JSRegexpLanguage
16237:             1             32  com.intellij.lang.javascript.inspections.JSDeclarationsAtScopeStartInspection
16238:             1             32  com.intellij.lang.javascript.inspections.JSReferencingMutableVariableFromClosureInspection$1$1
16239:             2             32  com.intellij.lang.javascript.inspections.JSSharedUsageInformation
16240:             1             32  com.intellij.lang.javascript.intentions.JSMoveTypeToFileIntention
16241:             1             32  com.intellij.lang.javascript.intentions.JSRenameFileToMatchTypeNameIntention
16242:             1             32  com.intellij.lang.javascript.linter.SharedConfigurationPaths
16243:             1             32  com.intellij.lang.javascript.linter.eslint.EslintConfiguration
16244:             1             32  com.intellij.lang.javascript.linter.eslint.standardjs.StandardJSConfiguration
16245:             2             32  com.intellij.lang.javascript.linter.eslint.standardjs.StandardJSExternalAnnotator
16246:             1             32  com.intellij.lang.javascript.linter.eslint.standardjs.StandardJSFixAction
16247:             1             32  com.intellij.lang.javascript.linter.jscs.EsLintFixAction
16248:             1             32  com.intellij.lang.javascript.linter.jscs.JscsFixAction
16249:             2             32  com.intellij.lang.javascript.linter.jslint.JSLintExternalAnnotator
16250:             1             32  com.intellij.lang.javascript.linter.rhino.RhinoFunctionManager
16251:             1             32  com.intellij.lang.javascript.linter.tslint.fix.TsLintFileFixAction
16252:             1             32  com.intellij.lang.javascript.modules.diagramm.JSModulesDiagramProvider
16253:             2             32  com.intellij.lang.javascript.parsing.JSFunctionCustomASTComparator
16254:             2             32  com.intellij.lang.javascript.psi.JSTypeUtils$$Lambda$4229/1464093702
16255:             2             32  com.intellij.lang.javascript.psi.controlflow.JSControlFlowService
16256:             2             32  com.intellij.lang.javascript.psi.ecma6.impl.TypeScriptTypePredicateImpl$$Lambda$4398/1536813340
16257:             2             32  com.intellij.lang.javascript.psi.literal.JSLiteralImplicitElementProvidersRegistry$6
16258:             2             32  com.intellij.lang.javascript.psi.resolve.JSInheritanceUtil$$Lambda$5453/1988830834
16259:             2             32  com.intellij.lang.javascript.psi.resolve.JSResolveUtil$StructureResolveProcessor$StructureProcessingOptions
16260:             2             32  com.intellij.lang.javascript.psi.resolve.JavaScriptResolveScopeProvider
16261:             2             32  com.intellij.lang.javascript.psi.stubs.JSUserStringsRegistry
16262:             1             32  com.intellij.lang.javascript.psi.stubs.impl.JSElementIndexingDataImpl
16263:             1             32  com.intellij.lang.javascript.psi.types.JSApplyNewType
16264:             2             32  com.intellij.lang.javascript.psi.types.JSTypeComparingCacheService$$Lambda$2311/1820793308
16265:             2             32  com.intellij.lang.javascript.psi.types.JSTypeImpl$$Lambda$2592/254207352
16266:             2             32  com.intellij.lang.javascript.service.highlighting.JSLanguageServiceAnnotationProvider$$Lambda$2551/2129064646
16267:             2             32  com.intellij.lang.javascript.settings.JSRootConfigurationBase$State
16268:             2             32  com.intellij.lang.jsp.BaseJspReferenceContributor$1
16269:             1             32  com.intellij.lang.jsp.JspxFileViewProvider$JavaHolderMethodTreeLanguage
16270:             1             32  com.intellij.lang.ognl.OgnlLanguage
16271:             1             32  com.intellij.lang.properties.PropertiesLanguage
16272:             1             32  com.intellij.lang.properties.PropertiesReferenceContributor$1
16273:             1             32  com.intellij.lang.properties.editor.ChooseSubsequentPropertyValueEditorAction$Next
16274:             1             32  com.intellij.lang.properties.editor.ChooseSubsequentPropertyValueEditorAction$Prev
16275:             1             32  com.intellij.lang.properties.editor.NewPropertyAction
16276:             2             32  com.intellij.lang.properties.editor.ResourceBundleEditorProvider
16277:             2             32  com.intellij.lang.properties.psi.PropertyKeyIndex
16278:             2             32  com.intellij.lang.properties.xml.XmlPropertiesReferenceContributor$1
16279:             1             32  com.intellij.lang.spi.SPILanguage
16280:             1             32  com.intellij.lang.typescript.library.TypeScriptLibraryProviderImpl
16281:             1             32  com.intellij.lang.typescript.refactoring.TypeScriptExtractTypeAliasAction
16282:             2             32  com.intellij.lang.typescript.settings.JSImportOptionsProvider$$Lambda$1969/2055649771
16283:             1             32  com.intellij.lang.typescript.tsconfig.TypeScriptConfigLibraryUpdater$1
16284:             2             32  com.intellij.lang.xml.XmlASTFactory
16285:             2             32  com.intellij.lang.xml.XmlFindUsagesProvider
16286:             2             32  com.intellij.lang.xml.XmlFoldingBuilder
16287:             2             32  com.intellij.lang.xml.XmlFormattingModelBuilder
16288:             1             32  com.intellij.lexer.EmptyLexer
16289:             1             32  com.intellij.notification.EventLog$LogEntry
16290:             1             32  com.intellij.notification.impl.NotificationsConfigurationImpl
16291:             2             32  com.intellij.notification.impl.NotificationsManagerImpl$MyNotificationListener
16292:             1             32  com.intellij.openapi.actionSystem.ex.QuickList
16293:             1             32  com.intellij.openapi.application.ApplicationNamesInfo
16294:             1             32  com.intellij.openapi.application.ExperimentalFeatureImpl
16295:             1             32  com.intellij.openapi.application.TransactionGuardImpl
16296:             1             32  com.intellij.openapi.command.impl.CommandProcessorImpl
16297:             2             32  com.intellij.openapi.command.impl.DocumentUndoProvider
16298:             2             32  com.intellij.openapi.command.impl.DocumentUndoProvider$MyEditorDocumentListener
16299:             1             32  com.intellij.openapi.diff.impl.external.DiffManagerImpl
16300:             1             32  com.intellij.openapi.editor.actions.BackspaceAction
16301:             1             32  com.intellij.openapi.editor.actions.BackwardParagraphAction
16302:             1             32  com.intellij.openapi.editor.actions.ChangeEditorFontSizeAction$DecreaseEditorFontSize
16303:             1             32  com.intellij.openapi.editor.actions.ChangeEditorFontSizeAction$IncreaseEditorFontSize
16304:             1             32  com.intellij.openapi.editor.actions.CloneCaretAbove
16305:             1             32  com.intellij.openapi.editor.actions.CloneCaretBelow
16306:             1             32  com.intellij.openapi.editor.actions.ConvertIndentsToSpacesAction
16307:             1             32  com.intellij.openapi.editor.actions.ConvertIndentsToTabsAction
16308:             1             32  com.intellij.openapi.editor.actions.CopyAction
16309:             1             32  com.intellij.openapi.editor.actions.CutAction
16310:             1             32  com.intellij.openapi.editor.actions.CutLineBackwardAction
16311:             1             32  com.intellij.openapi.editor.actions.CutLineEndAction
16312:             1             32  com.intellij.openapi.editor.actions.DeleteAction
16313:             1             32  com.intellij.openapi.editor.actions.DeleteLineAction
16314:             1             32  com.intellij.openapi.editor.actions.DeleteToLineEndAction
16315:             1             32  com.intellij.openapi.editor.actions.DeleteToLineStartAction
16316:             1             32  com.intellij.openapi.editor.actions.DeleteToWordEndAction
16317:             1             32  com.intellij.openapi.editor.actions.DeleteToWordEndInDifferentHumpsModeAction
16318:             1             32  com.intellij.openapi.editor.actions.DeleteToWordStartAction
16319:             1             32  com.intellij.openapi.editor.actions.DeleteToWordStartInDifferentHumpsModeAction
16320:             1             32  com.intellij.openapi.editor.actions.DuplicateAction
16321:             1             32  com.intellij.openapi.editor.actions.DuplicateLinesAction
16322:             1             32  com.intellij.openapi.editor.actions.EnterAction
16323:             1             32  com.intellij.openapi.editor.actions.EscapeAction
16324:             1             32  com.intellij.openapi.editor.actions.FindAction
16325:             1             32  com.intellij.openapi.editor.actions.FindWordAtCaretAction
16326:             1             32  com.intellij.openapi.editor.actions.ForwardParagraphAction
16327:             1             32  com.intellij.openapi.editor.actions.HungryBackspaceAction
16328:             1             32  com.intellij.openapi.editor.actions.IncrementalFindAction
16329:             1             32  com.intellij.openapi.editor.actions.IndentLineOrSelectionAction
16330:             1             32  com.intellij.openapi.editor.actions.JoinLinesAction
16331:             1             32  com.intellij.openapi.editor.actions.KillRegionAction
16332:             1             32  com.intellij.openapi.editor.actions.KillRingSaveAction
16333:             1             32  com.intellij.openapi.editor.actions.KillToWordEndAction
16334:             1             32  com.intellij.openapi.editor.actions.KillToWordStartAction
16335:             1             32  com.intellij.openapi.editor.actions.LangIndentSelectionAction
16336:             1             32  com.intellij.openapi.editor.actions.LineEndAction
16337:             1             32  com.intellij.openapi.editor.actions.LineEndWithSelectionAction
16338:             1             32  com.intellij.openapi.editor.actions.LineStartAction
16339:             1             32  com.intellij.openapi.editor.actions.LineStartWithSelectionAction
16340:             1             32  com.intellij.openapi.editor.actions.MoveCaretDownAction
16341:             1             32  com.intellij.openapi.editor.actions.MoveCaretDownWithSelectionAction
16342:             1             32  com.intellij.openapi.editor.actions.MoveCaretLeftAction
16343:             1             32  com.intellij.openapi.editor.actions.MoveCaretLeftWithSelectionAction
16344:             1             32  com.intellij.openapi.editor.actions.MoveCaretRightAction
16345:             1             32  com.intellij.openapi.editor.actions.MoveCaretRightWithSelectionAction
16346:             1             32  com.intellij.openapi.editor.actions.MoveCaretUpAction
16347:             1             32  com.intellij.openapi.editor.actions.MoveCaretUpWithSelectionAction
16348:             1             32  com.intellij.openapi.editor.actions.MoveDownAndScrollAction
16349:             1             32  com.intellij.openapi.editor.actions.MoveDownWithSelectionAndScrollAction
16350:             1             32  com.intellij.openapi.editor.actions.MoveUpAndScrollAction
16351:             1             32  com.intellij.openapi.editor.actions.MoveUpWithSelectionAndScrollAction
16352:             1             32  com.intellij.openapi.editor.actions.NextWordAction
16353:             1             32  com.intellij.openapi.editor.actions.NextWordInDifferentHumpsModeAction
16354:             1             32  com.intellij.openapi.editor.actions.NextWordInDifferentHumpsModeWithSelectionAction
16355:             1             32  com.intellij.openapi.editor.actions.NextWordWithSelectionAction
16356:             1             32  com.intellij.openapi.editor.actions.PageBottomAction
16357:             1             32  com.intellij.openapi.editor.actions.PageBottomWithSelectionAction
16358:             1             32  com.intellij.openapi.editor.actions.PageDownAction
16359:             1             32  com.intellij.openapi.editor.actions.PageDownWithSelectionAction
16360:             1             32  com.intellij.openapi.editor.actions.PageTopAction
16361:             1             32  com.intellij.openapi.editor.actions.PageTopWithSelectionAction
16362:             1             32  com.intellij.openapi.editor.actions.PageUpAction
16363:             1             32  com.intellij.openapi.editor.actions.PageUpWithSelectionAction
16364:             1             32  com.intellij.openapi.editor.actions.PasteAction
16365:             1             32  com.intellij.openapi.editor.actions.PasteFromX11Action
16366:             1             32  com.intellij.openapi.editor.actions.PreviousWordAction
16367:             1             32  com.intellij.openapi.editor.actions.PreviousWordInDifferentHumpsModeAction
16368:             1             32  com.intellij.openapi.editor.actions.PreviousWordInDifferentHumpsModeWithSelectionAction
16369:             1             32  com.intellij.openapi.editor.actions.PreviousWordWithSelectionAction
16370:             1             32  com.intellij.openapi.editor.actions.ReplaceAction
16371:             1             32  com.intellij.openapi.editor.actions.ResetFontSizeAction
16372:             1             32  com.intellij.openapi.editor.actions.ScrollDownAction
16373:             1             32  com.intellij.openapi.editor.actions.ScrollDownAndMoveAction
16374:             1             32  com.intellij.openapi.editor.actions.ScrollLeftAction
16375:             1             32  com.intellij.openapi.editor.actions.ScrollRightAction
16376:             1             32  com.intellij.openapi.editor.actions.ScrollToBottomAction
16377:             1             32  com.intellij.openapi.editor.actions.ScrollToCenterAction
16378:             1             32  com.intellij.openapi.editor.actions.ScrollToTopAction
16379:             1             32  com.intellij.openapi.editor.actions.ScrollUpAction
16380:             1             32  com.intellij.openapi.editor.actions.ScrollUpAndMoveAction
16381:             1             32  com.intellij.openapi.editor.actions.SelectAllOccurrencesAction
16382:             1             32  com.intellij.openapi.editor.actions.SelectLineAction
16383:             1             32  com.intellij.openapi.editor.actions.SelectNextOccurrenceAction
16384:             1             32  com.intellij.openapi.editor.actions.SelectWordAtCaretAction
16385:             1             32  com.intellij.openapi.editor.actions.SetEditorBidiTextDirectionAction$ContentBased
16386:             1             32  com.intellij.openapi.editor.actions.SetEditorBidiTextDirectionAction$Ltr
16387:             1             32  com.intellij.openapi.editor.actions.SetEditorBidiTextDirectionAction$Rtl
16388:             1             32  com.intellij.openapi.editor.actions.SimplePasteAction
16389:             1             32  com.intellij.openapi.editor.actions.SplitLineAction
16390:             1             32  com.intellij.openapi.editor.actions.StartNewLineAction
16391:             1             32  com.intellij.openapi.editor.actions.StartNewLineBeforeAction
16392:             1             32  com.intellij.openapi.editor.actions.SwapSelectionBoundariesAction
16393:             1             32  com.intellij.openapi.editor.actions.TabAction
16394:             1             32  com.intellij.openapi.editor.actions.TextEndAction
16395:             1             32  com.intellij.openapi.editor.actions.TextEndWithSelectionAction
16396:             1             32  com.intellij.openapi.editor.actions.TextStartAction
16397:             1             32  com.intellij.openapi.editor.actions.TextStartWithSelectionAction
16398:             1             32  com.intellij.openapi.editor.actions.ToggleCaseAction
16399:             1             32  com.intellij.openapi.editor.actions.ToggleInsertStateAction
16400:             1             32  com.intellij.openapi.editor.actions.ToggleSoftWrapsGloballyAction
16401:             1             32  com.intellij.openapi.editor.actions.ToggleStickySelectionModeAction
16402:             1             32  com.intellij.openapi.editor.actions.ToggleUseSoftWrapsMenuAction
16403:             1             32  com.intellij.openapi.editor.actions.UnindentSelectionAction
16404:             1             32  com.intellij.openapi.editor.actions.UnselectPreviousOccurrenceAction
16405:             1             32  com.intellij.openapi.editor.actions.UnselectWordAtCaretAction
16406:             1             32  com.intellij.openapi.editor.colors.TextAttributesKey$1
16407:             1             32  com.intellij.openapi.editor.colors.impl.EditorColorsManagerImpl
16408:             1             32  com.intellij.openapi.editor.event.CaretEvent
16409:             1             32  com.intellij.openapi.editor.impl.EditorImpl$RepaintCursorCommand
16410:             1             32  com.intellij.openapi.editor.impl.EditorLastActionTrackerImpl
16411:             1             32  com.intellij.openapi.editor.impl.VisibleEditorsTracker
16412:             1             32  com.intellij.openapi.editor.richcopy.CopyAsPlainTextAction
16413:             1             32  com.intellij.openapi.editor.richcopy.CopyAsRichTextAction
16414:             1             32  com.intellij.openapi.externalSystem.action.DetachExternalProjectAction
16415:             1             32  com.intellij.openapi.externalSystem.action.OpenExternalConfigAction
16416:             1             32  com.intellij.openapi.externalSystem.action.OpenTasksActivationManagerAction
16417:             1             32  com.intellij.openapi.externalSystem.action.RefreshExternalProjectAction
16418:             1             32  com.intellij.openapi.externalSystem.action.task.AssignShortcutAction
16419:             1             32  com.intellij.openapi.externalSystem.action.task.GroupTasksAction
16420:             1             32  com.intellij.openapi.externalSystem.action.task.RunExternalSystemTaskAction
16421:             1             32  com.intellij.openapi.externalSystem.action.task.ShowIgnoredAction
16422:             1             32  com.intellij.openapi.externalSystem.action.task.ShowInheritedTasksAction
16423:             1             32  com.intellij.openapi.externalSystem.action.task.ToggleAfterCompileTasksAction
16424:             1             32  com.intellij.openapi.externalSystem.action.task.ToggleAfterRebuildTasksAction
16425:             1             32  com.intellij.openapi.externalSystem.action.task.ToggleAfterSyncTaskAction
16426:             1             32  com.intellij.openapi.externalSystem.action.task.ToggleBeforeCompileTasksAction
16427:             1             32  com.intellij.openapi.externalSystem.action.task.ToggleBeforeRebuildTasksAction
16428:             1             32  com.intellij.openapi.externalSystem.action.task.ToggleBeforeRunTaskAction
16429:             1             32  com.intellij.openapi.externalSystem.action.task.ToggleBeforeSyncTaskAction
16430:             1             32  com.intellij.openapi.externalSystem.service.RemoteExternalSystemCommunicationManager
16431:             1             32  com.intellij.openapi.externalSystem.service.project.autoimport.ExternalSystemProjectsWatcherImpl$MyFileChangeListener
16432:             2             32  com.intellij.openapi.externalSystem.service.project.manage.ExternalProjectsManagerImpl$1
16433:             2             32  com.intellij.openapi.externalSystem.service.project.manage.ExternalSystemTaskActivator$$Lambda$2961/789039741
16434:             2             32  com.intellij.openapi.externalSystem.service.project.manage.ExternalSystemTaskActivator$$Lambda$2963/1455125112
16435:             1             32  com.intellij.openapi.externalSystem.service.remote.ExternalSystemProgressNotificationManagerImpl
16436:             1             32  com.intellij.openapi.fileChooser.actions.GotoDesktopDirAction
16437:             2             32  com.intellij.openapi.fileChooser.ex.FileTextFieldImpl$1
16438:             2             32  com.intellij.openapi.fileChooser.ex.FileTextFieldImpl$2
16439:             2             32  com.intellij.openapi.fileChooser.ex.FileTextFieldImpl$3
16440:             2             32  com.intellij.openapi.fileChooser.ex.FileTextFieldImpl$CancelAction
16441:             2             32  com.intellij.openapi.fileChooser.ex.LocalFsFinder
16442:             2             32  com.intellij.openapi.fileEditor.impl.text.PsiAwareTextEditorProvider
16443:             1             32  com.intellij.openapi.fileTypes.PlainTextLanguage
16444:             1             32  com.intellij.openapi.graph.builder.actions.ActualZoomAction
16445:             1             32  com.intellij.openapi.graph.builder.actions.DeleteSelectionAction
16446:             1             32  com.intellij.openapi.graph.builder.actions.FitContentAction
16447:             1             32  com.intellij.openapi.graph.builder.actions.ShowEdgeLabels
16448:             1             32  com.intellij.openapi.graph.builder.actions.ShowHideGridAction
16449:             1             32  com.intellij.openapi.graph.builder.actions.SnapToGridAction
16450:             1             32  com.intellij.openapi.graph.builder.actions.export.ExportToFileAction
16451:             1             32  com.intellij.openapi.graph.builder.actions.layout.BalloonLayouterAction
16452:             1             32  com.intellij.openapi.graph.builder.actions.layout.CircularLayouterAction
16453:             1             32  com.intellij.openapi.graph.builder.actions.layout.DirectedOrthogonalLayouterAction
16454:             1             32  com.intellij.openapi.graph.builder.actions.layout.FitContentAfterLayoutAction
16455:             1             32  com.intellij.openapi.graph.builder.actions.layout.HVTreeLayouterAction
16456:             1             32  com.intellij.openapi.graph.builder.actions.layout.HierarchicGroupLayouterAction
16457:             1             32  com.intellij.openapi.graph.builder.actions.layout.OrganicLayouterAction
16458:             1             32  com.intellij.openapi.graph.builder.actions.layout.OrthogonalLayouterAction
16459:             1             32  com.intellij.openapi.graph.builder.actions.printing.PrintGraphAction
16460:             1             32  com.intellij.openapi.graph.builder.actions.printing.PrintPreviewAction
16461:             1             32  com.intellij.openapi.graph.impl.builder.util.SelectionNodeModeActionImpl
16462:             1             32  com.intellij.openapi.keymap.impl.IdeKeyEventDispatcher$$Lambda$3111/1182438189
16463:             1             32  com.intellij.openapi.module.impl.ModuleImpl$DeprecatedModuleOptionManager
16464:             1             32  com.intellij.openapi.module.impl.scopes.JdkScope
16465:             2             32  com.intellij.openapi.paths.WebReferenceDocumentationProvider
16466:             2             32  com.intellij.openapi.preview.PreviewProviderId
16467:             1             32  com.intellij.openapi.progress.BackgroundTaskQueue
16468:             1             32  com.intellij.openapi.progress.Task$NotificationInfo
16469:             1             32  com.intellij.openapi.progress.impl.CoreProgressManager$4$$Lambda$187/1018196621
16470:             1             32  com.intellij.openapi.progress.impl.ProgressManagerImpl
16471:             1             32  com.intellij.openapi.progress.impl.ProgressManagerImpl$1
16472:             2             32  com.intellij.openapi.progress.util.ProgressDialog$$Lambda$411/895686617
16473:             1             32  com.intellij.openapi.roots.AnnotationOrderRootType
16474:             1             32  com.intellij.openapi.roots.ImmutableSyntheticLibrary
16475:             1             32  com.intellij.openapi.roots.JavadocOrderRootType
16476:             1             32  com.intellij.openapi.roots.NativeLibraryOrderRootType
16477:             2             32  com.intellij.openapi.roots.impl.DirectoryIndexImpl$$Lambda$434/1031447625
16478:             2             32  com.intellij.openapi.roots.impl.DirectoryIndexImpl$$Lambda$435/222631108
16479:             1             32  com.intellij.openapi.roots.impl.ExcludeFolderImpl
16480:             1             32  com.intellij.openapi.roots.impl.LibraryScopeCache$LibrariesOnlyScope
16481:             1             32  com.intellij.openapi.roots.impl.ModuleFileIndexImpl
16482:             1             32  com.intellij.openapi.roots.impl.ModuleSourceOrderEntryImpl
16483:             2             32  com.intellij.openapi.roots.impl.ProjectRootManagerComponent$2
16484:             1             32  com.intellij.openapi.roots.impl.RootModelImpl$Order
16485:             1             32  com.intellij.openapi.roots.impl.libraries.ExportableApplicationLibraryTable
16486:             1             32  com.intellij.openapi.updateSettings.impl.CheckForUpdateResult
16487:             1             32  com.intellij.openapi.updateSettings.impl.UpdateChannel
16488:             1             32  com.intellij.openapi.util.ActionCallback$Done
16489:             1             32  com.intellij.openapi.util.ActionCallback$Rejected
16490:             1             32  com.intellij.openapi.util.AtomicNullableLazyValue$1
16491:             2             32  com.intellij.openapi.util.Conditions$4
16492:             2             32  com.intellij.openapi.util.JDOMUtil$3
16493:             1             32  com.intellij.openapi.util.LowMemoryWatcherManager
16494:             2             32  com.intellij.openapi.util.RecursionManager$2
16495:             1             32  com.intellij.openapi.util.registry.ShowRegistryAction
16496:             1             32  com.intellij.openapi.util.text.Pluralizer
16497:             2             32  com.intellij.openapi.vcs.StartedActivated$1
16498:             1             32  com.intellij.openapi.vcs.actions.VcsQuickListPopupAction
16499:             2             32  com.intellij.openapi.vcs.changes.HierarchicalFilePathComparator
16500:             2             32  com.intellij.openapi.vcs.changes.UpdateRequestsQueue$MyRunnable
16501:             1             32  com.intellij.openapi.vcs.changes.actions.CreatePatchFromChangesAction$Clipboard
16502:             1             32  com.intellij.openapi.vcs.changes.actions.CreatePatchFromChangesAction$Dialog
16503:             1             32  com.intellij.openapi.vcs.changes.actions.RevertChangeListAction
16504:             1             32  com.intellij.openapi.vcs.changes.actions.RevertSelectedChangesAction
16505:             1             32  com.intellij.openapi.vcs.changes.committed.EditSourceFromChangesBrowserAction
16506:             1             32  com.intellij.openapi.vcs.changes.issueLinks.TreeNodePartListener
16507:             2             32  com.intellij.openapi.vcs.changes.ui.ChangesComparator$ChangeComparator
16508:             2             32  com.intellij.openapi.vcs.changes.ui.ChangesComparator$VirtualFileComparator
16509:             2             32  com.intellij.openapi.vcs.ex.LineStatusTrackerBase$MyDocumentTrackerHandler
16510:             1             32  com.intellij.openapi.vcs.history.actions.ShowDiffAfterWithLocalAction
16511:             1             32  com.intellij.openapi.vcs.history.actions.ShowDiffBeforeWithLocalAction
16512:             2             32  com.intellij.openapi.vcs.impl.FileStatusManagerImpl$2
16513:             2             32  com.intellij.openapi.vcs.impl.ProjectLevelVcsManagerImpl$$Lambda$486/1933586229
16514:             2             32  com.intellij.openapi.vcs.impl.ProjectLevelVcsManagerImpl$$Lambda$487/2003705716
16515:             1             32  com.intellij.openapi.vcs.impl.projectlevelman.AllVcses
16516:             1             32  com.intellij.openapi.vcs.roots.VcsRootDetectorImpl
16517:             2             32  com.intellij.openapi.vfs.VirtualFileVisitor$Option
16518:             1             32  com.intellij.openapi.vfs.encoding.ChangeFileEncodingAction
16519:             1             32  com.intellij.openapi.vfs.encoding.EncodingManagerImpl
16520:             2             32  com.intellij.openapi.vfs.encoding.EncodingManagerImpl$State
16521:             1             32  com.intellij.openapi.vfs.impl.ZipHandler$1
16522:             2             32  com.intellij.openapi.vfs.impl.jar.BasicJarHandler$ZipResourceHandle$$Lambda$1212/466799207
16523:             1             32  com.intellij.openapi.vfs.impl.local.CanonicalPathMap
16524:             1             32  com.intellij.openapi.vfs.newvfs.RefreshQueueImpl
16525:             1             32  com.intellij.openapi.vfs.newvfs.persistent.CompactRecordsTable
16526:             2             32  com.intellij.openapi.vfs.newvfs.persistent.ContentHashesUtil$ContentHashesDescriptor
16527:             2             32  com.intellij.openapi.vfs.newvfs.persistent.FSRecords$$Lambda$2847/1309838876
16528:             1             32  com.intellij.openapi.vfs.newvfs.persistent.FSRecords$DbConnection$1
16529:             2             32  com.intellij.openapi.wm.ToolWindowContentUiType
16530:             2             32  com.intellij.openapi.wm.impl.FocusManagerImpl$EdtAlarm
16531:             1             32  com.intellij.openapi.wm.impl.WindowWatcher
16532:             2             32  com.intellij.openapi.wm.impl.status.IdeStatusBarImpl$TextPresentationWrapper$1
16533:             1             32  com.intellij.openapi.wm.impl.status.InfoAndProgressPanel$4
16534:             2             32  com.intellij.openapi.wm.impl.status.InfoAndProgressPanel$MyInlineProgressIndicator$$Lambda$869/770779695
16535:             2             32  com.intellij.openapi.wm.impl.status.InfoAndProgressPanel$MyInlineProgressIndicator$$Lambda$939/420714211
16536:             1             32  com.intellij.openapi.wm.impl.status.InsertOverwritePanel
16537:             1             32  com.intellij.openapi.wm.impl.status.PositionPanel$CodePointCountTask
16538:             1             32  com.intellij.openapi.wm.impl.status.ToolWindowsWidget$1
16539:             1             32  com.intellij.packaging.impl.compiler.ArtifactBuildTargetScopeProvider$$Lambda$838/248809786
16540:             1             32  com.intellij.packaging.impl.elements.ArchivePackagingElement
16541:             2             32  com.intellij.packaging.impl.run.BuildArtifactsBeforeRunTaskProviderBase$1
16542:             1             32  com.intellij.patterns.DomElementPattern$2
16543:             1             32  com.intellij.patterns.StringPattern$7
16544:             2             32  com.intellij.persistence.diagram.PersistenceDiagramProvider$1
16545:             2             32  com.intellij.persistence.diagram.PersistenceDiagramProvider$6
16546:             2             32  com.intellij.persistence.diagram.PersistenceDiagramProvider$7
16547:             2             32  com.intellij.persistence.diagram.PersistenceDiagramProvider$8
16548:             2             32  com.intellij.persistence.diagram.PersistenceDiagramProvider$9
16549:             1             32  com.intellij.play.language.PlayLanguage
16550:             2             32  com.intellij.play.language.PlayLanguageSubstitutor
16551:             2             32  com.intellij.play.usages.PlayFindUsagesHandlerFactory
16552:             1             32  com.intellij.plugins.drools.DroolsLanguage
16553:             1             32  com.intellij.plugins.drools.library.DroolsLibraryType
16554:             1             32  com.intellij.plugins.jboss.arquillian.configuration.container.ArquillianContainerManual
16555:             1             32  com.intellij.profile.codeInspection.JavaAwareInspectionProfileManager
16556:             2             32  com.intellij.profile.codeInspection.ui.JavaErrorOptionsProvider
16557:             1             32  com.intellij.psi.PsiReferenceProviderBean
16558:             1             32  com.intellij.psi.SyntaxTraverser$ASTApi
16559:             1             32  com.intellij.psi.SyntaxTraverser$PsiApi
16560:             1             32  com.intellij.psi.SyntaxTraverser$PsiApi$1
16561:             1             32  com.intellij.psi.codeStyle.AppCodeStyleSettingsManager
16562:             1             32  com.intellij.psi.css.CssFileElementType
16563:             1             32  com.intellij.psi.css.actions.colors.CssConvertToGrayIntention
16564:             1             32  com.intellij.psi.css.actions.colors.CssConvertToHexIntention
16565:             1             32  com.intellij.psi.css.actions.colors.CssConvertToHslIntention
16566:             1             32  com.intellij.psi.css.actions.colors.CssConvertToHwbIntention
16567:             1             32  com.intellij.psi.css.actions.colors.CssConvertToRgbIntention
16568:             1             32  com.intellij.psi.css.actions.colors.CssReplaceWithColorNameIntention
16569:             1             32  com.intellij.psi.css.impl.stubs.CssAttributeStubElementType
16570:             1             32  com.intellij.psi.css.impl.stubs.CssClassStubElementType
16571:             1             32  com.intellij.psi.css.impl.stubs.CssCustomMixinStubElementType
16572:             1             32  com.intellij.psi.css.impl.stubs.CssDeclarationStubElementType
16573:             1             32  com.intellij.psi.css.impl.stubs.CssIdSelectorStubElementType
16574:             1             32  com.intellij.psi.css.impl.stubs.CssImportStubElementType
16575:             1             32  com.intellij.psi.css.impl.stubs.CssMediaStubElementType
16576:             1             32  com.intellij.psi.css.impl.stubs.CssPseudoClassStubElementType
16577:             1             32  com.intellij.psi.css.impl.stubs.CssPseudoElementStubElementType
16578:             1             32  com.intellij.psi.css.impl.stubs.CssPseudoPageStubElementType
16579:             1             32  com.intellij.psi.css.impl.stubs.CssRulesetListStubElementType
16580:             1             32  com.intellij.psi.css.impl.stubs.CssRulesetStubElementType
16581:             1             32  com.intellij.psi.css.impl.stubs.CssSelectorListStubElementType
16582:             1             32  com.intellij.psi.css.impl.stubs.CssSelectorStubElementType
16583:             1             32  com.intellij.psi.css.impl.stubs.CssSimpleSelectorStubElementType
16584:             2             32  com.intellij.psi.css.impl.util.completion.PercentageUserLookup
16585:             2             32  com.intellij.psi.css.impl.util.completion.provider.CssAtKeywordsCompletionProvider
16586:             2             32  com.intellij.psi.css.impl.util.completion.provider.KeyframesNameCompletionProvider
16587:             2             32  com.intellij.psi.css.impl.util.completion.provider.PropertyNamesCompletionProvider
16588:             1             32  com.intellij.psi.impl.JavaPsiFacadeImpl$1
16589:             2             32  com.intellij.psi.impl.PsiDocumentManagerBase$1
16590:             2             32  com.intellij.psi.impl.PsiDocumentManagerImpl$1
16591:             2             32  com.intellij.psi.impl.PsiManagerImpl$1
16592:             2             32  com.intellij.psi.impl.PsiModificationTrackerImpl$1
16593:             1             32  com.intellij.psi.impl.cache.impl.id.IdIndexImpl
16594:             2             32  com.intellij.psi.impl.cache.impl.idCache.PropertiesIdIndexer
16595:             2             32  com.intellij.psi.impl.cache.impl.idCache.PropertiesTodoIndexer
16596:             2             32  com.intellij.psi.impl.cache.impl.idCache.XmlIdIndexer
16597:             2             32  com.intellij.psi.impl.cache.impl.idCache.XmlTodoIndexer
16598:             1             32  com.intellij.psi.impl.cache.impl.todo.TodoIndex
16599:             2             32  com.intellij.psi.impl.file.impl.FileManagerImpl$$Lambda$462/1613501086
16600:             1             32  com.intellij.psi.impl.file.impl.ResolveScopeManagerImpl
16601:             2             32  com.intellij.psi.impl.include.FileIncludeIndex$IncludeKey
16602:             2             32  com.intellij.psi.impl.java.stubs.ClsStubPsiFactory
16603:             1             32  com.intellij.psi.impl.java.stubs.JavaAnnotationElementType
16604:             1             32  com.intellij.psi.impl.java.stubs.JavaAnnotationParameterListType
16605:             1             32  com.intellij.psi.impl.java.stubs.JavaClassInitializerElementType
16606:             1             32  com.intellij.psi.impl.java.stubs.JavaImportListElementType
16607:             1             32  com.intellij.psi.impl.java.stubs.JavaLiteralExpressionElementType
16608:             1             32  com.intellij.psi.impl.java.stubs.JavaModifierListElementType
16609:             1             32  com.intellij.psi.impl.java.stubs.JavaModuleElementType
16610:             1             32  com.intellij.psi.impl.java.stubs.JavaNameValuePairType
16611:             1             32  com.intellij.psi.impl.java.stubs.JavaParameterElementType
16612:             1             32  com.intellij.psi.impl.java.stubs.JavaParameterListElementType
16613:             1             32  com.intellij.psi.impl.java.stubs.JavaProvidesStatementElementType
16614:             1             32  com.intellij.psi.impl.java.stubs.JavaRequiresStatementElementType
16615:             1             32  com.intellij.psi.impl.java.stubs.JavaStubElementTypes$1
16616:             1             32  com.intellij.psi.impl.java.stubs.JavaStubElementTypes$10
16617:             1             32  com.intellij.psi.impl.java.stubs.JavaStubElementTypes$11
16618:             1             32  com.intellij.psi.impl.java.stubs.JavaStubElementTypes$12
16619:             1             32  com.intellij.psi.impl.java.stubs.JavaStubElementTypes$13
16620:             1             32  com.intellij.psi.impl.java.stubs.JavaStubElementTypes$14
16621:             1             32  com.intellij.psi.impl.java.stubs.JavaStubElementTypes$2
16622:             1             32  com.intellij.psi.impl.java.stubs.JavaStubElementTypes$3
16623:             1             32  com.intellij.psi.impl.java.stubs.JavaStubElementTypes$4
16624:             1             32  com.intellij.psi.impl.java.stubs.JavaStubElementTypes$5
16625:             1             32  com.intellij.psi.impl.java.stubs.JavaStubElementTypes$6
16626:             1             32  com.intellij.psi.impl.java.stubs.JavaStubElementTypes$7
16627:             1             32  com.intellij.psi.impl.java.stubs.JavaStubElementTypes$8
16628:             1             32  com.intellij.psi.impl.java.stubs.JavaStubElementTypes$9
16629:             1             32  com.intellij.psi.impl.java.stubs.JavaTypeParameterElementType
16630:             1             32  com.intellij.psi.impl.java.stubs.JavaTypeParameterListElementType
16631:             1             32  com.intellij.psi.impl.java.stubs.JavaUsesStatementElementType
16632:             1             32  com.intellij.psi.impl.java.stubs.LambdaExpressionElementType
16633:             1             32  com.intellij.psi.impl.java.stubs.MethodReferenceElementType
16634:             2             32  com.intellij.psi.impl.java.stubs.index.JavaAnnotationIndex
16635:             2             32  com.intellij.psi.impl.java.stubs.index.JavaAnonymousClassBaseRefOccurenceIndex
16636:             2             32  com.intellij.psi.impl.java.stubs.index.JavaFieldNameIndex
16637:             2             32  com.intellij.psi.impl.java.stubs.index.JavaFullClassNameIndex
16638:             2             32  com.intellij.psi.impl.java.stubs.index.JavaMethodNameIndex
16639:             2             32  com.intellij.psi.impl.java.stubs.index.JavaMethodParameterTypesIndex
16640:             2             32  com.intellij.psi.impl.java.stubs.index.JavaModuleNameIndex
16641:             2             32  com.intellij.psi.impl.java.stubs.index.JavaShortClassNameIndex
16642:             2             32  com.intellij.psi.impl.java.stubs.index.JavaStaticMemberNameIndex
16643:             2             32  com.intellij.psi.impl.java.stubs.index.JavaStaticMemberTypeIndex
16644:             2             32  com.intellij.psi.impl.java.stubs.index.JavaSuperClassNameOccurenceIndex
16645:             1             32  com.intellij.psi.impl.light.LightModifierList
16646:             1             32  com.intellij.psi.impl.search.HighlightingCaches
16647:             2             32  com.intellij.psi.impl.search.PropertiesFindUsagesHandlerFactory
16648:             2             32  com.intellij.psi.impl.smartPointers.SmartPointerManagerImpl$$Lambda$1152/1429598717
16649:             2             32  com.intellij.psi.impl.source.FileLocalResolver$LightResolveResult
16650:             2             32  com.intellij.psi.impl.source.codeStyle.CodeStyleFacadeImpl
16651:             1             32  com.intellij.psi.impl.source.javadoc.AuthorDocTagInfo
16652:             2             32  com.intellij.psi.impl.source.javadoc.ExceptionTagInfo
16653:             2             32  com.intellij.psi.impl.source.javadoc.ServiceReferenceTagInfo
16654:             2             32  com.intellij.psi.impl.source.jsp.JspContextManagerImpl$JspContextManagerState
16655:             2             32  com.intellij.psi.impl.source.jsp.TagdirReferenceProvider
16656:             1             32  com.intellij.psi.impl.source.jsp.WebDirectoryUtil
16657:             1             32  com.intellij.psi.impl.source.jsp.el.ELLanguage
16658:             1             32  com.intellij.psi.impl.source.resolve.reference.ArbitraryPlaceUrlReferenceProvider$1
16659:             1             32  com.intellij.psi.impl.source.resolve.reference.impl.JavaReflectionReferenceContributor$ReflectionClassNameReferenceProvider
16660:             1             32  com.intellij.psi.impl.source.resolve.reference.impl.providers.IdRefReference$1
16661:             2             32  com.intellij.psi.impl.source.resolve.reference.impl.providers.JspReferencesProvider
16662:             2             32  com.intellij.psi.impl.source.resolve.reference.impl.providers.JspUriReferenceProvider
16663:             2             32  com.intellij.psi.impl.source.resolve.reference.impl.providers.NullFileReferenceHelper
16664:             2             32  com.intellij.psi.impl.source.resolve.reference.impl.providers.TaglibReferenceProvider
16665:             1             32  com.intellij.psi.impl.source.tree.JShellElementType$1
16666:             1             32  com.intellij.psi.impl.source.tree.JShellElementType$2
16667:             1             32  com.intellij.psi.impl.source.tree.JavaDocElementType$1
16668:             1             32  com.intellij.psi.impl.source.tree.JavaDocElementType$2
16669:             1             32  com.intellij.psi.impl.source.tree.JavaDocElementType$3
16670:             1             32  com.intellij.psi.impl.source.tree.JavaElementType$1
16671:             1             32  com.intellij.psi.impl.source.tree.JavaElementType$2
16672:             1             32  com.intellij.psi.impl.source.tree.JavaElementType$3
16673:             2             32  com.intellij.psi.impl.source.tree.JavaElementType$TypeTextElementType$1
16674:             1             32  com.intellij.psi.impl.source.tree.injected.CaretModelWindow
16675:             1             32  com.intellij.psi.impl.source.xml.SchemaPrefix
16676:             1             32  com.intellij.psi.search.LocalSearchScope
16677:             1             32  com.intellij.psi.stubs.StubSerializationHelper
16678:             1             32  com.intellij.psi.stubs.StubVersionMap
16679:             2             32  com.intellij.psi.util.proximity.ReferenceListWeigher
16680:             1             32  com.intellij.refactoring.actions.AnonymousToInnerAction
16681:             1             32  com.intellij.refactoring.actions.ConvertToInstanceMethodAction
16682:             1             32  com.intellij.refactoring.actions.EncapsulateFieldsAction
16683:             1             32  com.intellij.refactoring.actions.InheritanceToDelegationAction
16684:             1             32  com.intellij.refactoring.actions.IntroduceParameterObjectAction
16685:             1             32  com.intellij.refactoring.actions.InvertBooleanAction
16686:             1             32  com.intellij.refactoring.actions.MakeStaticAction
16687:             1             32  com.intellij.refactoring.actions.MethodDuplicatesAction
16688:             1             32  com.intellij.refactoring.actions.MoveAction
16689:             1             32  com.intellij.refactoring.actions.RefactoringQuickListPopupAction
16690:             1             32  com.intellij.refactoring.actions.RemoveMiddlemanAction
16691:             1             32  com.intellij.refactoring.actions.RenameElementAction
16692:             1             32  com.intellij.refactoring.actions.ReplaceConstructorWithBuilderAction
16693:             1             32  com.intellij.refactoring.actions.ReplaceConstructorWithFactoryAction
16694:             1             32  com.intellij.refactoring.actions.ReplaceMethodWithMethodObjectAction
16695:             1             32  com.intellij.refactoring.actions.SafeDeleteAction
16696:             1             32  com.intellij.refactoring.actions.TempWithQueryAction
16697:             1             32  com.intellij.refactoring.actions.TurnRefsToSuperAction
16698:             1             32  com.intellij.refactoring.actions.TypeCookAction
16699:             2             32  com.intellij.refactoring.introduce.inplace.AbstractInplaceIntroducer$1
16700:             2             32  com.intellij.refactoring.introduceVariable.FinalListener
16701:             2             32  com.intellij.refactoring.introduceVariable.IntroduceVariableHandler
16702:             1             32  com.intellij.refactoring.typeMigration.actions.ChangeTypeSignatureAction
16703:             2             32  com.intellij.refactoring.util.RefactoringDescriptionLocation
16704:             1             32  com.intellij.refactoring.wrapreturnvalue.WrapReturnValueAction
16705:             2             32  com.intellij.seam.el.SeamModelPropertyScopeProvider$1$$Lambda$4656/1804077596
16706:             1             32  com.intellij.seam.facet.SeamFacetType
16707:             1             32  com.intellij.seam.model.xml.PageflowModelFactory
16708:             1             32  com.intellij.seam.model.xml.PagesModelFactory
16709:             1             32  com.intellij.seam.model.xml.SeamDomModelFactory
16710:             2             32  com.intellij.spellchecker.PsiIdentifierTokenizer
16711:             1             32  com.intellij.spellchecker.SpellCheckerSeveritiesProvider$1T
16712:             2             32  com.intellij.spellchecker.tokenizer.TokenizerBase
16713:             2             32  com.intellij.spring.SpringFindUsagesHandlerFactory
16714:             1             32  com.intellij.spring.batch.library.SpringBatchLibraryType
16715:             2             32  com.intellij.spring.boot.model.autoconfigure.conditions.PooledDataSourceCondition
16716:             2             32  com.intellij.spring.boot.model.autoconfigure.conditions.jam.ConditionalOnProperty$NameJamConverter
16717:             2             32  com.intellij.spring.boot.model.jam.ResourceItemsConverter
16718:             1             32  com.intellij.spring.boot.run.lifecycle.SpringBootApplicationDescriptorImpl
16719:             1             32  com.intellij.spring.boot.run.lifecycle.SpringBootApplicationLifecycleManagerImpl
16720:             2             32  com.intellij.spring.boot.run.lifecycle.tabs.HealthTab$$Lambda$3079/1193492613
16721:             2             32  com.intellij.spring.boot.run.lifecycle.tabs.HealthTab$2
16722:             2             32  com.intellij.spring.boot.run.lifecycle.tabs.LiveBeansTab$1
16723:             2             32  com.intellij.spring.boot.run.lifecycle.tabs.RequestMappingsTab$1
16724:             2             32  com.intellij.spring.boot.run.lifecycle.tabs.RequestMappingsTab$2
16725:             1             32  com.intellij.spring.contexts.model.diagram.SpringLocalModelDependenciesDiagramProvider
16726:             1             32  com.intellij.spring.data.commons.ql.language.SpringDataQLLanguage
16727:             1             32  com.intellij.spring.data.jpa.library.SpringDataJpaLibraryType
16728:             2             32  com.intellij.spring.editor.SpringBeanDocumentationProvider
16729:             1             32  com.intellij.spring.el.SpringELLanguage
16730:             2             32  com.intellij.spring.el.completion.SpringELKeywordCompletionContributor$7
16731:             1             32  com.intellij.spring.facet.SpringFacetType
16732:             1             32  com.intellij.spring.integration.diagram.SpringIntegrationDiagramProvider
16733:             1             32  com.intellij.spring.integration.library.SpringIntegrationLibraryType
16734:             1             32  com.intellij.spring.library.SpringLibraryType
16735:             1             32  com.intellij.spring.model.actions.GenerateAutowiredDependencyAction
16736:             1             32  com.intellij.spring.model.actions.GenerateSpringBeanConstructorDependencyAction
16737:             2             32  com.intellij.spring.model.actions.GenerateSpringBeanDependenciesActionHandler
16738:             1             32  com.intellij.spring.model.actions.GenerateSpringBeanSetterDependencyAction
16739:             1             32  com.intellij.spring.model.actions.GenerateSpringDomElementActionGroup$1
16740:             1             32  com.intellij.spring.model.actions.GenerateSpringDomElementActionGroup$2
16741:             1             32  com.intellij.spring.model.actions.GenerateSpringDomElementActionGroup$3
16742:             2             32  com.intellij.spring.model.cacheable.jam.SpringCacheableNameConverter
16743:             1             32  com.intellij.spring.model.highlighting.providers.SpringImplicitSubclassProvider
16744:             2             32  com.intellij.spring.model.jam.converters.PackageJamConverter
16745:             2             32  com.intellij.spring.model.jam.javaConfig.ContextJavaBean$PsiMethodReferenceConverter
16746:             2             32  com.intellij.spring.model.jam.testContexts.converters.PsiFileResourcePathReferenceConverter
16747:             1             32  com.intellij.spring.security.library.SpringSecurityLibraryType
16748:             2             32  com.intellij.spring.security.references.SpringSecurityRolePsiReferenceProvider$XmlAttributeValueProvider
16749:             2             32  com.intellij.spring.security.references.SpringSecurityUrlReferenceProvider
16750:             2             32  com.intellij.spring.security.references.SpringSecurityUserPropertyReferenceProvider
16751:             1             32  com.intellij.spring.spi.SpringSpiReferenceContributor$1
16752:             2             32  com.intellij.spring.web.config.webXml.SpringWebConfigLocationReferenceContributor$SpringWebConfigLocationReferenceProvider
16753:             2             32  com.intellij.spring.web.mvc.jam.SpringMVCRequestHeader$KnownRequestHeadersJamConverter
16754:             2             32  com.intellij.spring.web.mvc.jam.SpringRequestMapping$RequestMappingMimetypeConverter
16755:             1             32  com.intellij.spring.web.mvc.library.SpringMvcLibraryType
16756:             2             32  com.intellij.spring.web.mvc.taglib.FormCommandNameReferenceProvider
16757:             2             32  com.intellij.spring.web.mvc.taglib.FormPathReferenceProvider
16758:             2             32  com.intellij.spring.web.mvc.taglib.SpringFormTaglibReferenceContributor$2
16759:             2             32  com.intellij.spring.web.mvc.views.SpringMVCViewReferenceProvider
16760:             1             32  com.intellij.spring.webflow.library.SpringWebflowLibraryType
16761:             1             32  com.intellij.spring.ws.actions.generate.patterns.transport.AddEmailTransportBeansAction
16762:             1             32  com.intellij.spring.ws.actions.generate.patterns.transport.AddEmbeddedHttpTransportBeansAction
16763:             1             32  com.intellij.spring.ws.actions.generate.patterns.transport.AddJmsTransportBeansAction
16764:             2             32  com.intellij.spring.ws.jam.ActionInputReferenceConverter
16765:             1             32  com.intellij.spring.ws.library.SpringWebServiceLibraryType
16766:             2             32  com.intellij.sql.SqlFindUsagesHandlerFactory
16767:             1             32  com.intellij.sql.SqlTemplateContextType
16768:             2             32  com.intellij.sql.dialects.sql92.Sql92ElementFactory
16769:             1             32  com.intellij.sql.psi.SqlLanguage
16770:             2             32  com.intellij.structuralsearch.GroovyDuplicatesProfile
16771:             2             32  com.intellij.struts.StrutsResourceProvider
16772:             1             32  com.intellij.struts.facet.StrutsFacetType
16773:             1             32  com.intellij.struts.inplace.generate.GenerateActionMappingAction
16774:             1             32  com.intellij.struts.inplace.generate.GenerateActionMappingAction$1
16775:             1             32  com.intellij.struts.inplace.generate.GenerateFormAction
16776:             1             32  com.intellij.struts.inplace.generate.GenerateFormAction$1
16777:             1             32  com.intellij.struts.inplace.generate.GenerateForwardAction
16778:             1             32  com.intellij.struts.inplace.generate.GenerateForwardAction$1
16779:             1             32  com.intellij.struts.inplace.generate.GenerateGlobalForwardAction
16780:             1             32  com.intellij.struts.inplace.generate.GenerateGlobalForwardAction$1
16781:             1             32  com.intellij.struts.inplace.reference.StrutsReferenceContributor$1
16782:             2             32  com.intellij.struts.inplace.reference.path.ActionWebPathsProvider
16783:             2             32  com.intellij.struts2.dom.struts.model.StrutsManagerImpl
16784:             1             32  com.intellij.struts2.facet.Struts2LibraryType
16785:             1             32  com.intellij.struts2.facet.StrutsFacetType
16786:             2             32  com.intellij.struts2.model.jam.convention.InterceptorJamReferenceConverter
16787:             2             32  com.intellij.struts2.reference.ResultActionPropertyReferenceProvider
16788:             2             32  com.intellij.struts2.reference.jsp.ActionMethodReferenceProvider
16789:             2             32  com.intellij.struts2.reference.jsp.ActionReferenceProvider
16790:             2             32  com.intellij.struts2.reference.jsp.NamespaceReferenceProvider
16791:             2             32  com.intellij.struts2.reference.jsp.ThemeReferenceProvider
16792:             2             32  com.intellij.struts2.reference.web.WebXmlStrutsConstantNameReferenceProvider
16793:             2             32  com.intellij.struts2.reference.web.WebXmlStrutsConstantValueReferenceProvider
16794:             2             32  com.intellij.struts2.structure.StrutsTreeDescriptionProvider
16795:             1             32  com.intellij.tapestry.core.MappingDataCache
16796:             1             32  com.intellij.tapestry.core.TapestryProject$1
16797:             1             32  com.intellij.tapestry.core.TapestryProject$2
16798:             1             32  com.intellij.tapestry.core.TapestryProject$3
16799:             1             32  com.intellij.tapestry.core.TapestryProject$4
16800:             1             32  com.intellij.tapestry.core.TapestryProject$5
16801:             1             32  com.intellij.tapestry.core.TapestryProject$6
16802:             1             32  com.intellij.tapestry.core.model.Library
16803:             1             32  com.intellij.tapestry.intellij.actions.createnew.AddNewComponentAction
16804:             1             32  com.intellij.tapestry.intellij.actions.createnew.AddNewMixinAction
16805:             1             32  com.intellij.tapestry.intellij.actions.createnew.AddNewPageAction
16806:             1             32  com.intellij.tapestry.intellij.facet.TapestryFacetType
16807:             2             32  com.intellij.tapestry.intellij.lang.reference.TapestryReferenceContributor$2
16808:             2             32  com.intellij.tapestry.intellij.lang.reference.TapestryReferenceContributor$3
16809:             2             32  com.intellij.tapestry.intellij.lang.reference.TapestryReferenceContributor$4
16810:             2             32  com.intellij.tapestry.intellij.lang.reference.TapestryReferenceContributor$5
16811:             2             32  com.intellij.tapestry.intellij.lang.reference.TapestryReferenceContributor$6
16812:             2             32  com.intellij.tapestry.intellij.lang.reference.TapestryReferenceContributor$7
16813:             1             32  com.intellij.tasks.actions.GotoTaskAction
16814:             1             32  com.intellij.tasks.actions.SwitchTaskAction
16815:             1             32  com.intellij.tasks.jira.jql.JqlLanguage
16816:             1             32  com.intellij.tasks.youtrack.lang.YouTrackLanguage
16817:             1             32  com.intellij.terminal.JBTerminalStarter
16818:             1             32  com.intellij.terminal.JBTerminalStarter$1
16819:             1             32  com.intellij.testIntegration.GenerateDataMethodAction
16820:             1             32  com.intellij.testIntegration.GenerateSetUpMethodAction
16821:             1             32  com.intellij.testIntegration.GenerateTearDownMethodAction
16822:             1             32  com.intellij.testIntegration.GenerateTestMethodAction
16823:             1             32  com.intellij.testIntegration.GotoTestOrCodeAction
16824:             1             32  com.intellij.thymeleaf.lang.ThymeleafLanguage
16825:             1             32  com.intellij.thymeleaf.lang.ThymeleafLanguage$1
16826:             1             32  com.intellij.thymeleaf.lang.ThymeleafLanguage$2
16827:             1             32  com.intellij.thymeleaf.lang.ThymeleafLanguage$3
16828:             1             32  com.intellij.thymeleaf.lang.ThymeleafLanguage$4
16829:             2             32  com.intellij.thymeleaf.lang.support.utils.ThymeleafCommonUtil$$Lambda$3357/607958858
16830:             1             32  com.intellij.thymeleaf.library.ThymeleafLibraryType
16831:             2             32  com.intellij.thymeleaf.references.ThymeleafFakeRenameableReferenceProvider
16832:             1             32  com.intellij.tiles.library.TilesLibraryType
16833:             1             32  com.intellij.ui.AppIcon$Win7AppIcon
16834:             1             32  com.intellij.ui.ColoredSideBorder
16835:             1             32  com.intellij.ui.ExpandableActions$Collapse
16836:             1             32  com.intellij.ui.ExpandableActions$Expand
16837:             1             32  com.intellij.ui.IconDeferrerImpl
16838:             2             32  com.intellij.ui.JBTabsPaneImpl$2
16839:             1             32  com.intellij.ui.ScrollPaneActions$Down
16840:             1             32  com.intellij.ui.ScrollPaneActions$End
16841:             1             32  com.intellij.ui.ScrollPaneActions$Home
16842:             1             32  com.intellij.ui.ScrollPaneActions$Left
16843:             1             32  com.intellij.ui.ScrollPaneActions$PageDown
16844:             1             32  com.intellij.ui.ScrollPaneActions$PageLeft
16845:             1             32  com.intellij.ui.ScrollPaneActions$PageRight
16846:             1             32  com.intellij.ui.ScrollPaneActions$PageUp
16847:             1             32  com.intellij.ui.ScrollPaneActions$Right
16848:             1             32  com.intellij.ui.ScrollPaneActions$Up
16849:             1             32  com.intellij.ui.components.ScrollSource$1
16850:             1             32  com.intellij.ui.components.ScrollSource$2
16851:             1             32  com.intellij.ui.components.ScrollSource$3
16852:             1             32  com.intellij.ui.components.ScrollSource$4
16853:             1             32  com.intellij.ui.debugger.ShowUiDebuggerAction
16854:             1             32  com.intellij.ui.paint.EffectPainter$Cached$1
16855:             1             32  com.intellij.ui.paint.EffectPainter$Cached$2
16856:             1             32  com.intellij.ui.stripe.Updater$3
16857:             2             32  com.intellij.ui.tabs.impl.singleRow.SingleRowLayout$$Lambda$1329/1848890587
16858:             1             32  com.intellij.ui.tree.AsyncTreeModel$CmdGetRoot
16859:             1             32  com.intellij.ui.tree.StructureTreeModel$$Lambda$1518/2096291507
16860:             1             32  com.intellij.ui.tree.TreeCollector$$Lambda$2865/1931161892
16861:             1             32  com.intellij.uiDesigner.actions.AddTabAction
16862:             1             32  com.intellij.uiDesigner.actions.CreateComponentAction
16863:             1             32  com.intellij.uiDesigner.actions.CreateDialogAction
16864:             1             32  com.intellij.uiDesigner.actions.CreateFormAction
16865:             1             32  com.intellij.uiDesigner.actions.CreateListenerAction
16866:             1             32  com.intellij.uiDesigner.actions.DecreaseIndentAction
16867:             1             32  com.intellij.uiDesigner.actions.DuplicateComponentsAction
16868:             1             32  com.intellij.uiDesigner.actions.FlattenAction
16869:             1             32  com.intellij.uiDesigner.actions.GroupButtonsAction
16870:             1             32  com.intellij.uiDesigner.actions.IncreaseIndentAction
16871:             1             32  com.intellij.uiDesigner.actions.MorphAction
16872:             1             32  com.intellij.uiDesigner.actions.NavigateToListenerAction
16873:             1             32  com.intellij.uiDesigner.actions.PackAction
16874:             1             32  com.intellij.uiDesigner.actions.ResetValueAction
16875:             1             32  com.intellij.uiDesigner.actions.ShowFormSourceAction
16876:             1             32  com.intellij.uiDesigner.actions.SurroundPopupAction
16877:             1             32  com.intellij.uiDesigner.actions.UngroupButtonsAction
16878:             1             32  com.intellij.uml.core.actions.ShowDiagram
16879:             1             32  com.intellij.uml.core.actions.ShowDiagramPopup
16880:             2             32  com.intellij.uml.diff.DiffUmlCategoryManager
16881:             2             32  com.intellij.uml.diff.DiffUmlColorManager
16882:             2             32  com.intellij.uml.diff.DiffUmlElementManager
16883:             2             32  com.intellij.uml.diff.DiffUmlExtras
16884:             2             32  com.intellij.uml.diff.DiffUmlVfsResolver
16885:             1             32  com.intellij.uml.diff.ShowDiffOnUmlAction
16886:             1             32  com.intellij.uml.project.actions.NewJigsawModuleDiagramAction
16887:             1             32  com.intellij.uml.project.actions.ShowModuleUsagesAction
16888:             2             32  com.intellij.usages.impl.ImportFilteringUsageViewSetting
16889:             2             32  com.intellij.util.Chunk
16890:             2             32  com.intellij.util.LogicalRootType
16891:             1             32  com.intellij.util.LogicalRootsManagerImpl
16892:             1             32  com.intellij.util.concurrency.Invoker$BackgroundThread
16893:             1             32  com.intellij.util.concurrency.Invoker$EDT
16894:             2             32  com.intellij.util.containers.ConcurrentFactoryMap$6
16895:             2             32  com.intellij.util.containers.ConcurrentIntObjectHashMap$ValuesView
16896:             1             32  com.intellij.util.containers.ConcurrentPackedBitsArray
16897:             1             32  com.intellij.util.containers.ConcurrentWeakKeyWeakValueHashMap
16898:             1             32  com.intellij.util.containers.EmptyIntHashSet$1
16899:             2             32  com.intellij.util.containers.FactoryMap$2
16900:             2             32  com.intellij.util.containers.FilteredTraverserBase$Cond$1
16901:             2             32  com.intellij.util.containers.FilteredTraverserBase$Cond$2
16902:             1             32  com.intellij.util.containers.SortedList
16903:             2             32  com.intellij.util.containers.TransferToEDTQueue$2
16904:             1             32  com.intellij.util.diff.Diff$Change
16905:             1             32  com.intellij.util.graph.DFSTBuilder$2$1
16906:             1             32  com.intellij.util.graph.impl.GraphAlgorithmsImpl$2
16907:             2             32  com.intellij.util.indexing.FileBasedIndexImpl$$Lambda$1766/786406161
16908:             2             32  com.intellij.util.indexing.FileBasedIndexImpl$AuthenticContent
16909:             2             32  com.intellij.util.indexing.IdFilter$1
16910:             2             32  com.intellij.util.indexing.IndexAccessValidator
16911:             1             32  com.intellij.util.indexing.IndexConfiguration
16912:             1             32  com.intellij.util.indexing.SharedMapBasedForwardIndex
16913:             1             32  com.intellij.util.indexing.StorageGuard
16914:             1             32  com.intellij.util.indexing.VfsAwareMapReduceIndex$MyForwardIndex
16915:             2             32  com.intellij.util.io.BaseOutputReader$Options$1
16916:             1             32  com.intellij.util.io.CachingEnumerator
16917:             1             32  com.intellij.util.io.PersistentHashMapValueStorage$1
16918:             1             32  com.intellij.util.io.PersistentHashMapValueStorage$2
16919:             1             32  com.intellij.util.io.PersistentHashMapValueStorage$3
16920:             2             32  com.intellij.util.io.fs.FilePath
16921:             2             32  com.intellij.util.lang.ClassPath$ResourceStringLoaderIterator
16922:             2             32  com.intellij.util.lang.ClassPath$ResourceStringLoaderIterator
16923:             1             32  com.intellij.util.lang.ClasspathCache
16924:             1             32  com.intellij.util.lang.JavaVersion
16925:             1             32  com.intellij.util.net.ssl.CertificateManager
16926:             2             32  com.intellij.util.net.ssl.CertificateManager$Config
16927:             1             32  com.intellij.util.proxy.CommonProxy
16928:             1             32  com.intellij.util.text.CharArrayCharSequence
16929:             1             32  com.intellij.util.text.CharArrayCharSequence
16930:             2             32  com.intellij.util.text.CharSequenceHashingStrategy
16931:             2             32  com.intellij.util.ui.Animator$1
16932:             2             32  com.intellij.util.ui.TimedDeadzone$Length
16933:             2             32  com.intellij.util.xml.converters.values.GenericDomValueConvertersRegistry
16934:             1             32  com.intellij.util.xml.highlighting.DomElementAnnotationsManagerImpl
16935:             2             32  com.intellij.util.xml.impl.GetCollectionChildInvocation
16936:             2             32  com.intellij.util.xml.impl.ImplementationClassCache$$Lambda$252/1442536759
16937:             2             32  com.intellij.util.xml.stubs.index.DomElementClassIndex
16938:             2             32  com.intellij.util.xml.stubs.index.DomNamespaceKeyIndex
16939:             1             32  com.intellij.util.xml.tree.actions.AddDomElementActionGroup$1
16940:             1             32  com.intellij.util.xml.tree.actions.AddElementInCollectionAction
16941:             1             32  com.intellij.util.xml.tree.actions.DeleteDomElement
16942:             1             32  com.intellij.util.xml.tree.actions.GotoDomElementDeclarationAction
16943:             1             32  com.intellij.vaadin.framework.VaadinLibraryType
16944:             2             32  com.intellij.vcs.log.data.AbstractDataGetter$$Lambda$1930/1464543297
16945:             2             32  com.intellij.vcs.log.data.SingleTaskController$$Lambda$1925/1640856804
16946:             2             32  com.intellij.vcs.log.data.VcsCommitCache
16947:             1             32  com.intellij.vcs.log.data.VcsLogProgress
16948:             1             32  com.intellij.vcs.log.data.VcsLogStorageImpl
16949:             1             32  com.intellij.vcs.log.data.index.IndexDataGetter
16950:             1             32  com.intellij.vcs.log.graph.GraphColorManagerImpl$HeadsComparator
16951:             1             32  com.intellij.vcs.log.graph.utils.impl.IntTimestampGetter
16952:             2             32  com.intellij.vcs.log.impl.VcsLogApplicationSettings$State
16953:             2             32  com.intellij.vcs.log.impl.VcsLogFilterCollectionImpl
16954:             2             32  com.intellij.vcs.log.impl.VcsLogSharedSettings$State
16955:             1             32  com.intellij.vcs.log.impl.VcsLogTabsWatcher
16956:             2             32  com.intellij.vcs.log.impl.VcsLogUiPropertiesImpl$TextFilterSettings
16957:             1             32  com.intellij.vcs.log.impl.VcsProjectLog
16958:             1             32  com.intellij.vcs.log.ui.actions.VcsLogQuickSettingsActions
16959:             1             32  com.intellij.vcs.log.ui.actions.VcsLogTextFilterSettingsActions
16960:             1             32  com.intellij.velocity.psi.VtlLanguage
16961:             2             32  com.intellij.velocity.psi.parsers.InterpolationBodyParser
16962:             2             32  com.intellij.velocity.psi.parsers.MacroCallDirectiveBodyParser
16963:             1             32  com.intellij.vfs.AsyncVfsEventsPostProcessorImpl
16964:             2             32  com.intellij.webcore.libraries.ScriptingLibraryMappings$1
16965:             2             32  com.intellij.webcore.libraries.ScriptingLibraryMappings$MyLibraryTableListener
16966:             1             32  com.intellij.websocket.config.WebSocketLibraryType
16967:             2             32  com.intellij.ws.completion.WSCompletionContributor$1
16968:             1             32  com.intellij.ws.facet.JAXWSLibraryType
16969:             1             32  com.intellij.ws.facet.WebServicesFacetType
16970:             1             32  com.intellij.ws.facet.client.WebServicesClientFacetType
16971:             1             32  com.intellij.ws.http.request.HttpRequestCollectionProvider$1
16972:             1             32  com.intellij.ws.http.request.HttpRequestLanguage
16973:             1             32  com.intellij.ws.http.request.run.js.HttpResponseHandlerJSProvider$1
16974:             2             32  com.intellij.ws.references.CxfXmlSpringBeanReferenceProvider
16975:             1             32  com.intellij.ws.rest.library.JAXRSLibraryType
16976:             1             32  com.intellij.xdebugger.impl.actions.AddToWatchesAction
16977:             1             32  com.intellij.xdebugger.impl.actions.EditBreakpointAction
16978:             1             32  com.intellij.xdebugger.impl.actions.EvaluateAction
16979:             1             32  com.intellij.xdebugger.impl.actions.EvaluateInConsoleAction
16980:             1             32  com.intellij.xdebugger.impl.actions.FocusOnBreakpointAction
16981:             1             32  com.intellij.xdebugger.impl.actions.ForceRunToCursorAction
16982:             1             32  com.intellij.xdebugger.impl.actions.ForceStepIntoAction
16983:             1             32  com.intellij.xdebugger.impl.actions.ForceStepOverAction
16984:             1             32  com.intellij.xdebugger.impl.actions.MarkObjectAction
16985:             1             32  com.intellij.xdebugger.impl.actions.PauseAction
16986:             1             32  com.intellij.xdebugger.impl.actions.QuickEvaluateAction
16987:             1             32  com.intellij.xdebugger.impl.actions.ResumeAction
16988:             1             32  com.intellij.xdebugger.impl.actions.RunToCursorAction
16989:             1             32  com.intellij.xdebugger.impl.actions.ShowExecutionPointAction
16990:             1             32  com.intellij.xdebugger.impl.actions.ShowLibraryFramesAction
16991:             1             32  com.intellij.xdebugger.impl.actions.SmartStepIntoAction
16992:             1             32  com.intellij.xdebugger.impl.actions.StepIntoAction
16993:             1             32  com.intellij.xdebugger.impl.actions.StepOutAction
16994:             1             32  com.intellij.xdebugger.impl.actions.StepOverAction
16995:             1             32  com.intellij.xdebugger.impl.actions.ToggleLineBreakpointAction
16996:             1             32  com.intellij.xdebugger.impl.actions.ToggleTemporaryLineBreakpointAction
16997:             1             32  com.intellij.xdebugger.impl.actions.ViewBreakpointsAction
16998:             2             32  com.intellij.xdebugger.impl.actions.handlers.XDebuggerRunToCursorActionHandler
16999:             2             32  com.intellij.xdebugger.impl.actions.handlers.XToggleLineBreakpointActionHandler
17000:             2             32  com.intellij.xdebugger.impl.breakpoints.XBreakpointBase$BreakpointGutterIconRenderer
17001:             2             32  com.intellij.xdebugger.impl.breakpoints.XBreakpointManagerImpl$$Lambda$556/514356176
17002:             1             32  com.intellij.xdebugger.impl.settings.XDebuggerSettingManagerImpl
17003:             1             32  com.intellij.xml.actions.EscapeEntitiesAction
17004:             1             32  com.intellij.xml.breadcrumbs.ToggleBreadcrumbsSettingsAction$HideBoth
17005:             1             32  com.intellij.xml.breadcrumbs.ToggleBreadcrumbsSettingsAction$ShowAbove
17006:             1             32  com.intellij.xml.breadcrumbs.ToggleBreadcrumbsSettingsAction$ShowBelow
17007:             2             32  com.intellij.xml.impl.XmlBraceMatcher
17008:             1             32  com.intellij.xml.util.HtmlUtil$TerminateException
17009:             1             32  com.jediterm.terminal.TtyBasedArrayDataStream
17010:             1             32  com.jediterm.terminal.emulator.charset.GraphicSetState
17011:             1             32  com.jediterm.terminal.ui.PreConnectHandler
17012:             1             32  com.jediterm.terminal.ui.TerminalPanel$TerminalCursor
17013:             2             32  com.jetbrains.asp.AspCommenter
17014:             1             32  com.jetbrains.asp.AspLanguage
17015:             1             32  com.jetbrains.debugger.wip.JSRemoteDebugConfigurationType
17016:             1             32  com.jetbrains.firefox.FirefoxRemoteDebugConfigurationType
17017:             1             32  com.jetbrains.ls.a.e
17018:             1             32  com.jetbrains.nwjs.NwjsRunConfigurationType
17019:             1             32  com.jetbrains.plugins.reactnative.ReactNativeRunConfigurationType
17020:             1             32  com.jetbrains.plugins.webDeployment.actions.CompareLocalVsRemoteAction
17021:             1             32  com.jetbrains.plugins.webDeployment.actions.CompareLocalVsRemoteWithAction
17022:             1             32  com.jetbrains.plugins.webDeployment.actions.SyncLocalVsRemoteAction
17023:             1             32  com.jetbrains.plugins.webDeployment.actions.SyncLocalVsRemoteFromVCSAction
17024:             1             32  com.jetbrains.plugins.webDeployment.actions.SyncLocalVsRemoteWithAction
17025:             1             32  com.jetbrains.quirksmode.CssSelectorPattern$3
17026:             2             32  com.maddyhome.idea.copyright.options.Options
17027:             1             32  com.pty4j.windows.WinPtyProcess
17028:             1             32  com.sixrr.inspectjs.confusing.NegatedIfStatementJSInspection
17029:             1             32  com.sixrr.inspectjs.confusing.NestedFunctionJSInspection
17030:             1             32  com.sixrr.inspectjs.confusing.OverlyComplexBooleanExpressionJSInspection
17031:             1             32  com.sixrr.inspectjs.control.IfStatementWithIdenticalBranchesJSInspection
17032:             1             32  com.sixrr.inspectjs.functionmetrics.ParametersPerFunctionJSInspection
17033:             1             32  com.sixrr.inspectjs.style.NonBlockStatementBodyJSInspection
17034:             1             32  com.sixrr.xrp.addattribute.AddAttributeAction
17035:             1             32  com.sixrr.xrp.addsubtag.AddSubtagAction
17036:             1             32  com.sixrr.xrp.attributetotag.AttributeToTagAction
17037:             1             32  com.sixrr.xrp.changeattributevalue.ChangeAttributeValueAction
17038:             1             32  com.sixrr.xrp.convertcontentstoattribute.ConvertContentsToAttributeAction
17039:             1             32  com.sixrr.xrp.deleteattribute.DeleteAttributeAction
17040:             1             32  com.sixrr.xrp.deletetag.DeleteTagAction
17041:             1             32  com.sixrr.xrp.moveattributein.MoveAttributeInAction
17042:             1             32  com.sixrr.xrp.moveattributeout.MoveAttributeOutAction
17043:             2             32  com.sixrr.xrp.references.IdrefReferenceProvider
17044:             1             32  com.sixrr.xrp.renameattribute.RenameAttributeAction
17045:             1             32  com.sixrr.xrp.renametag.RenameTagAction
17046:             1             32  com.sixrr.xrp.tagtoattribute.TagToAttributeAction
17047:             1             32  com.sixrr.xrp.unwraptag.UnwrapTagAction
17048:             1             32  com.sixrr.xrp.wraptag.WrapTagAction
17049:             1             32  com.sixrr.xrp.wraptagcontents.WrapTagContentsAction
17050:             1             32  com.siyeh.ig.abstraction.BooleanParameterInspection
17051:             1             32  com.siyeh.ig.abstraction.InstanceofChainInspection
17052:             1             32  com.siyeh.ig.abstraction.InstanceofInterfacesInspection
17053:             1             32  com.siyeh.ig.abstraction.LocalVariableOfConcreteClassInspection
17054:             1             32  com.siyeh.ig.abstraction.PublicMethodNotExposedInInterfaceInspection
17055:             1             32  com.siyeh.ig.abstraction.StaticVariableOfConcreteClassInspection
17056:             1             32  com.siyeh.ig.assignment.ReplaceAssignmentWithOperatorAssignmentInspection
17057:             1             32  com.siyeh.ig.bugs.StringConcatenationMissingWhitespaceInspection
17058:             1             32  com.siyeh.ig.classlayout.ClassInitializerInspection
17059:             1             32  com.siyeh.ig.classlayout.UtilityClassWithoutPrivateConstructorInspection
17060:             1             32  com.siyeh.ig.classmetrics.ClassComplexityInspection
17061:             1             32  com.siyeh.ig.controlflow.DuplicateConditionInspection
17062:             1             32  com.siyeh.ig.controlflow.NegatedConditionalInspection
17063:             1             32  com.siyeh.ig.controlflow.SwitchStatementWithTooManyBranchesInspection
17064:             1             32  com.siyeh.ig.encapsulation.ProtectedInnerClassInspection
17065:             1             32  com.siyeh.ig.encapsulation.UseOfAnotherObjectsPrivateFieldInspection
17066:             1             32  com.siyeh.ig.errorhandling.BadExceptionCaughtInspection
17067:             1             32  com.siyeh.ig.errorhandling.BadExceptionThrownInspection
17068:             1             32  com.siyeh.ig.errorhandling.TooBroadThrowsInspection
17069:             1             32  com.siyeh.ig.finalization.FinalizeInspection
17070:             1             32  com.siyeh.ig.inheritance.ExtendsUtilityClassInspection
17071:             1             32  com.siyeh.ig.internationalization.StringConcatenationInspection
17072:             1             32  com.siyeh.ig.j2me.MethodCallInLoopConditionInspection
17073:             1             32  com.siyeh.ig.j2me.MultiplyOrDivideByPowerOfTwoInspection
17074:             1             32  com.siyeh.ig.javabeans.ClassWithoutNoArgConstructorInspection
17075:             1             32  com.siyeh.ig.logging.StringConcatenationArgumentToLogCallInspection
17076:             1             32  com.siyeh.ig.memory.ReturnOfInnerClassInspection
17077:             1             32  com.siyeh.ig.methodmetrics.CyclomaticComplexityInspection
17078:             1             32  com.siyeh.ig.methodmetrics.NestingDepthInspection
17079:             1             32  com.siyeh.ig.methodmetrics.NonCommentSourceStatementsInspection
17080:             1             32  com.siyeh.ig.methodmetrics.ParametersPerConstructorInspection
17081:             1             32  com.siyeh.ig.naming.MisspelledMethodNameInspection
17082:             1             32  com.siyeh.ig.naming.OverloadedMethodsWithSameNumberOfParametersInspection
17083:             1             32  com.siyeh.ig.naming.StandardVariableNamesInspection
17084:             1             32  com.siyeh.ig.numeric.CastThatLosesPrecisionInspection
17085:             1             32  com.siyeh.ig.numeric.ImplicitNumericConversionInspection
17086:             1             32  com.siyeh.ig.numeric.IntegerMultiplicationImplicitCastToLongInspection
17087:             1             32  com.siyeh.ig.numeric.OverlyComplexArithmeticExpressionInspection
17088:             1             32  com.siyeh.ig.performance.CollectionsMustHaveInitialCapacityInspection
17089:             1             32  com.siyeh.ig.performance.StringConcatenationInLoopsInspection$IntroduceStringBuilderFix
17090:             1             32  com.siyeh.ig.performance.StringConcatenationInLoopsInspection$ReplaceWithStringBuilderFix
17091:             1             32  com.siyeh.ig.resources.SocketResourceInspection
17092:             1             32  com.siyeh.ig.security.LoadLibraryWithNonConstantStringInspection
17093:             1             32  com.siyeh.ig.style.ImplicitCallToSuperInspection
17094:             1             32  com.siyeh.ig.style.MultipleDeclarationInspection
17095:             1             32  com.siyeh.ig.style.SizeReplaceableByIsEmptyInspection
17096:             1             32  com.siyeh.ig.style.UnnecessarilyQualifiedInnerClassAccessInspection
17097:             1             32  com.siyeh.ig.style.UnnecessarilyQualifiedStaticUsageInspection
17098:             1             32  com.siyeh.ig.style.UnnecessaryConstructorInspection
17099:             1             32  com.siyeh.ig.style.UnnecessaryThisInspection
17100:             1             32  com.siyeh.ig.threading.DoubleCheckedLockingInspection
17101:             1             32  com.siyeh.ig.threading.SharedThreadLocalRandomInspection
17102:             1             32  com.siyeh.ig.threading.SynchronizedOnLiteralObjectInspection
17103:             1             32  com.siyeh.ipp.adapter.AdapterToListenerIntention
17104:             1             32  com.siyeh.ipp.annotation.AnnotateOverriddenMethodsIntention
17105:             2             32  com.siyeh.ipp.bool.ComparisonPredicate
17106:             1             32  com.siyeh.ipp.bool.DemorgansIntention
17107:             1             32  com.siyeh.ipp.bool.FlipComparisonIntention
17108:             1             32  com.siyeh.ipp.bool.NegateComparisonIntention
17109:             1             32  com.siyeh.ipp.collections.ReplaceWithArraysAsListIntention
17110:             1             32  com.siyeh.ipp.commutative.FlipCommutativeMethodCallIntention
17111:             1             32  com.siyeh.ipp.concatenation.ReplaceConcatenationWithStringBufferIntention
17112:             2             32  com.siyeh.ipp.concatenation.SimpleStringConcatenationPredicate
17113:             1             32  com.siyeh.ipp.constant.ConstantSubexpressionIntention
17114:             1             32  com.siyeh.ipp.decls.ChangeVariableTypeToRhsTypeIntention
17115:             1             32  com.siyeh.ipp.exceptions.ObscureThrownExceptionsIntention
17116:             1             32  com.siyeh.ipp.expression.FlipExpressionIntention
17117:             2             32  com.siyeh.ipp.forloop.IndexedForEachLoopPredicate
17118:             1             32  com.siyeh.ipp.increment.ExtractIncrementIntention
17119:             1             32  com.siyeh.ipp.increment.InlineIncrementIntention
17120:             1             32  com.siyeh.ipp.junit.FlipAssertLiteralIntention
17121:             1             32  com.siyeh.ipp.junit.ReplaceAssertLiteralWithAssertEqualsIntention
17122:             1             32  com.siyeh.ipp.opassign.PostfixPrefixIntention
17123:             1             32  com.siyeh.ipp.opassign.ReplaceAssignmentWithPostfixExpressionIntention
17124:             1             32  com.siyeh.ipp.opassign.ReplaceOperatorAssignmentWithAssignmentIntention
17125:             1             32  com.siyeh.ipp.opassign.ReplaceOperatorAssignmentWithPostfixExpressionIntention
17126:             1             32  com.siyeh.ipp.opassign.ReplacePostfixExpressionWithAssignmentIntention
17127:             1             32  com.siyeh.ipp.opassign.ReplacePostfixExpressionWithOperatorAssignmentIntention
17128:             2             32  com.siyeh.ipp.opassign.ReplacePostfixExpressionWithOperatorAssignmentPredicate
17129:             1             32  com.siyeh.ipp.opassign.ReplaceWithOperatorAssignmentIntention
17130:             1             32  com.siyeh.ipp.shift.ReplaceMultiplyWithShiftIntention
17131:             1             32  com.siyeh.ipp.shift.ReplaceShiftWithMultiplyIntention
17132:             1             32  com.siyeh.ipp.trivialif.ExpandBooleanIntention
17133:             2             32  com.siyeh.ipp.whileloop.WhileLoopPredicate
17134:             2             32  com.sun.beans.WeakCache
17135:             1             32  com.sun.beans.finder.BeanInfoFinder
17136:             1             32  com.sun.beans.finder.Signature
17137:             1             32  com.sun.jmx.mbeanserver.Repository
17138:             1             32  com.sun.jna.platform.win32.WinDef$ULONGLONG
17139:             2             32  com.sun.jna.win32.W32APIFunctionMapper
17140:             2             32  com.sun.jna.win32.W32APITypeMapper$2
17141:             2             32  com.sun.proxy.$Proxy110
17142:             2             32  com.sun.proxy.$Proxy118
17143:             2             32  com.sun.proxy.$Proxy122
17144:             2             32  com.sun.proxy.$Proxy124
17145:             2             32  com.sun.proxy.$Proxy126
17146:             2             32  com.sun.proxy.$Proxy13
17147:             2             32  com.sun.proxy.$Proxy137
17148:             2             32  com.sun.proxy.$Proxy154
17149:             2             32  com.sun.proxy.$Proxy157
17150:             2             32  com.sun.proxy.$Proxy160
17151:             2             32  com.sun.proxy.$Proxy165
17152:             2             32  com.sun.proxy.$Proxy166
17153:             2             32  com.sun.proxy.$Proxy168
17154:             2             32  com.sun.proxy.$Proxy170
17155:             2             32  com.sun.proxy.$Proxy173
17156:             2             32  com.sun.proxy.$Proxy176
17157:             2             32  com.sun.proxy.$Proxy194
17158:             2             32  com.sun.proxy.$Proxy195
17159:             2             32  com.sun.proxy.$Proxy23
17160:             2             32  com.sun.proxy.$Proxy35
17161:             2             32  com.sun.proxy.$Proxy7
17162:             1             32  com.sun.tools.jdi.ProcessAttachingConnector
17163:             1             32  com.sun.tools.jdi.RawCommandLineLauncher
17164:             1             32  com.sun.tools.jdi.SharedMemoryAttachingConnector
17165:             1             32  com.sun.tools.jdi.SharedMemoryListeningConnector
17166:             1             32  com.sun.tools.jdi.SocketAttachingConnector
17167:             1             32  com.sun.tools.jdi.SocketListeningConnector
17168:             2             32  com.sun.tools.jdi.SocketTransportService
17169:             2             32  com.theoryinpractice.testng.TestNGSuiteReferenceContributor$1
17170:             1             32  com.theoryinpractice.testng.intention.TestNGExternalLibraryResolver$1
17171:             1             32  com.zeroturnaround.http.HttpClientHelper$5
17172:             2             32  com.zeroturnaround.http.proxy.NoProxyProvider
17173:             2             32  com.zeroturnaround.javarebel.SDKLicensingImpl
17174:             1             32  com.zeroturnaround.javarebel.idea.plugin.facet.JRebelFacetType
17175:             2             32  com.zeroturnaround.javarebel.idea.plugin.settings.IntellijProxyProvider
17176:             2             32  com.zeroturnaround.javarebel.idea.plugin.xml.XMLEntity$$Lambda$1
17177:             2             32  com.zeroturnaround.javarebel.idea.plugin.xml.XMLEntity$$Lambda$2
17178:             1             32  com.zeroturnaround.javarebel.v
17179:             1             32  com.zeroturnaround.jdi.proxy.DefaultFactory
17180:             1             32  com.zeroturnaround.jrebel.ide.common.guide.model.GuideModel
17181:             1             32  de.plushnikov.intellij.plugin.action.delombok.DelombokBuilderAction
17182:             1             32  de.plushnikov.intellij.plugin.action.delombok.DelombokConstructorAction
17183:             1             32  de.plushnikov.intellij.plugin.action.delombok.DelombokDataAction
17184:             1             32  de.plushnikov.intellij.plugin.action.delombok.DelombokDelegateAction
17185:             1             32  de.plushnikov.intellij.plugin.action.delombok.DelombokEqualsAndHashCodeAction
17186:             1             32  de.plushnikov.intellij.plugin.action.delombok.DelombokEverythingAction
17187:             1             32  de.plushnikov.intellij.plugin.action.delombok.DelombokFieldNameConstantsAction
17188:             1             32  de.plushnikov.intellij.plugin.action.delombok.DelombokGetterAction
17189:             1             32  de.plushnikov.intellij.plugin.action.delombok.DelombokLoggerAction
17190:             1             32  de.plushnikov.intellij.plugin.action.delombok.DelombokSetterAction
17191:             1             32  de.plushnikov.intellij.plugin.action.delombok.DelombokToStringAction
17192:             1             32  de.plushnikov.intellij.plugin.action.delombok.DelombokValueAction
17193:             1             32  de.plushnikov.intellij.plugin.action.delombok.DelombokWitherAction
17194:             1             32  de.plushnikov.intellij.plugin.action.generate.LombokGenerateConstructorAction
17195:             1             32  de.plushnikov.intellij.plugin.action.lombok.LombokDataAction
17196:             1             32  de.plushnikov.intellij.plugin.action.lombok.LombokEqualsAndHashcodeAction
17197:             2             32  de.plushnikov.intellij.plugin.action.lombok.LombokEqualsAndHashcodeHandler
17198:             1             32  de.plushnikov.intellij.plugin.action.lombok.LombokGetterAction
17199:             2             32  de.plushnikov.intellij.plugin.action.lombok.LombokGetterHandler
17200:             1             32  de.plushnikov.intellij.plugin.action.lombok.LombokLoggerAction
17201:             1             32  de.plushnikov.intellij.plugin.action.lombok.LombokSetterAction
17202:             2             32  de.plushnikov.intellij.plugin.action.lombok.LombokSetterHandler
17203:             1             32  de.plushnikov.intellij.plugin.action.lombok.LombokToStringAction
17204:             2             32  de.plushnikov.intellij.plugin.action.lombok.LombokToStringHandler
17205:             2             32  de.plushnikov.intellij.plugin.extension.LombokFieldFindUsagesHandlerFactory
17206:             1             32  de.plushnikov.intellij.plugin.language.LombokConfigCompletionContributor$1
17207:             1             32  de.plushnikov.intellij.plugin.language.LombokConfigLanguage
17208:             1             32  de.plushnikov.intellij.plugin.provider.LombokProcessorProvider
17209:             1             32  freemarker.cache.ClassTemplateLoader
17210:             1             32  freemarker.cache.TemplateCache$TemplateKey
17211:             2             32  freemarker.ext.beans.BeansWrapper$3
17212:             1             32  git4idea.actions.GitCommitAndPushExecutorAction
17213:             1             32  git4idea.annotate.GitRepositoryForAnnotationsListener
17214:             1             32  git4idea.config.CachingFileTester$TestResult
17215:             1             32  git4idea.rebase.GitInteractiveRebaseAction
17216:             1             32  git4idea.repo.GitRepositoryReader
17217:             1             32  git4idea.reset.GitUncommitAction
17218:             2             32  io.netty.buffer.PoolThreadCache$1
17219:             1             32  io.netty.buffer.PoolThreadCache$MemoryRegionCache$1
17220:             1             32  io.netty.buffer.PooledSlicedByteBuf$1
17221:             1             32  io.netty.buffer.PooledUnsafeDirectByteBuf$1
17222:             1             32  io.netty.buffer.UnpooledByteBufAllocator
17223:             1             32  io.netty.channel.AbstractChannelHandlerContext$WriteAndFlushTask$1
17224:             1             32  io.netty.channel.ChannelOutboundBuffer$Entry$1
17225:             2             32  io.netty.channel.nio.NioEventLoop$1
17226:             2             32  io.netty.channel.nio.NioEventLoop$2
17227:             1             32  io.netty.channel.nio.NioEventLoopGroup
17228:             1             32  io.netty.handler.codec.CodecOutputList$1
17229:             1             32  io.netty.util.AttributeKey
17230:             1             32  io.netty.util.ResourceLeakDetector
17231:             2             32  io.netty.util.concurrent.SingleThreadEventExecutor$5
17232:             2             32  io.netty.util.internal.SocketUtils$5
17233:             2             32  io.netty.util.internal.logging.Slf4JLoggerFactory
17234:             1             32  java.awt.color.ICC_ProfileGray
17235:             1             32  java.awt.color.ICC_ProfileRGB
17236:             2             32  java.awt.datatransfer.SystemFlavorMap$SoftCache
17237:             1             32  java.awt.image.Kernel
17238:             1             32  java.beans.ThreadGroupContext
17239:             1             32  java.beans.ThreadGroupContext$1
17240:             1             32  java.io.SerializablePermission
17241:             1             32  java.io.UTFDataFormatException
17242:             1             32  java.io.WinNTFileSystem
17243:             1             32  java.lang.ArithmeticException
17244:             1             32  java.lang.NullPointerException
17245:             1             32  java.lang.ProcessBuilder
17246:             2             32  java.lang.Shutdown$Lock
17247:             1             32  java.lang.UnsupportedOperationException
17248:             1             32  java.lang.reflect.WeakCache
17249:             1             32  java.net.Inet6Address
17250:             1             32  java.net.Inet6Address$Inet6AddressHolder
17251:             2             32  java.nio.ByteOrder
17252:             1             32  java.nio.channels.NotYetConnectedException
17253:             2             32  java.nio.channels.spi.AbstractSelector$1
17254:             1             32  java.security.KeyStore
17255:             1             32  java.security.ProtectionDomain$WeakProtectionDomainKey
17256:             1             32  java.text.DontCareFieldPosition
17257:             1             32  java.time.format.DateTimeFormatterBuilder$FractionPrinterParser
17258:             2             32  java.time.format.DateTimeFormatterBuilder$StringLiteralPrinterParser
17259:             1             32  java.util.EnumMap$EntryIterator
17260:             2             32  java.util.ResourceBundle$SingleFormatControl
17261:             1             32  java.util.concurrent.ThreadLocalRandom
17262:             1             32  java.util.logging.LogManager$SystemLoggerContext
17263:             2             32  java.util.regex.Pattern$CharPropertyNames$11
17264:             2             32  java.util.regex.Pattern$CharPropertyNames$13
17265:             2             32  java.util.regex.Pattern$CharPropertyNames$15
17266:             2             32  java.util.regex.Pattern$CharPropertyNames$21
17267:             2             32  java.util.stream.Collectors$$Lambda$555/337482942
17268:             1             32  java.util.stream.SortedOps$SizedRefSortingSink
17269:             1             32  javax.management.MBeanConstructorInfo
17270:             1             32  javax.swing.DefaultCellEditor
17271:             1             32  javax.swing.SwingContainerOrderFocusTraversalPolicy
17272:             1             32  javax.swing.SwingDefaultFocusTraversalPolicy
17273:             1             32  javax.swing.TransferHandler$SwingDragGestureRecognizer
17274:             1             32  javax.swing.TransferHandler$TransferSupport
17275:             2             32  javax.swing.plaf.basic.BasicButtonListener$Actions
17276:             1             32  javax.swing.plaf.basic.BasicFileChooserUI$ApproveSelectionAction
17277:             1             32  javax.swing.plaf.basic.BasicFileChooserUI$CancelSelectionAction
17278:             1             32  javax.swing.plaf.basic.BasicFileChooserUI$ChangeToParentDirectoryAction
17279:             1             32  javax.swing.plaf.basic.BasicFileChooserUI$GoHomeAction
17280:             1             32  javax.swing.plaf.basic.BasicFileChooserUI$UpdateAction
17281:             2             32  javax.swing.plaf.basic.BasicLabelUI$Actions
17282:             1             32  javax.swing.plaf.basic.BasicTreeUI$TreeTransferHandler
17283:             2             32  javax.swing.plaf.metal.DefaultMetalTheme$FontDelegate
17284:             1             32  javax.swing.plaf.metal.MetalFileChooserUI$DirectoryComboBoxAction
17285:             1             32  javax.swing.plaf.metal.MetalMenuBarUI
17286:             1             32  javax.swing.text.DefaultEditorKit$SelectLineAction
17287:             1             32  javax.swing.text.DefaultEditorKit$SelectParagraphAction
17288:             1             32  javax.swing.text.DefaultEditorKit$SelectWordAction
17289:             2             32  javax.swing.text.Position$Bias
17290:             1             32  javax.swing.text.SegmentCache$CachedSegment
17291:             2             32  javax.swing.text.StyleConstants$ColorConstants
17292:             1             32  javax.swing.text.StyledEditorKit$StyledInsertBreakAction
17293:             2             32  javax.swing.text.html.CSSBorder$DottedDashedPainter
17294:             2             32  javax.swing.text.html.CSSBorder$GrooveRidgePainter
17295:             2             32  javax.swing.text.html.CSSBorder$InsetOutsetPainter
17296:             2             32  javax.swing.text.html.CSSBorder$NullPainter
17297:             2             32  javax.xml.validation.SecuritySupport
17298:             1             32  kotlin.jvm.internal.PropertyReference1Impl
17299:             1             32  kotlin.ranges.IntProgressionIterator
17300:             1             32  kotlin.reflect.jvm.internal.impl.builtins.BuiltInsInitializer
17301:             1             32  kotlin.reflect.jvm.internal.impl.builtins.KotlinBuiltIns$PackageFragments
17302:             1             32  kotlin.reflect.jvm.internal.impl.descriptors.NotFoundClasses
17303:             1             32  kotlin.reflect.jvm.internal.impl.descriptors.impl.EmptyPackageFragmentDescriptor
17304:             2             32  kotlin.reflect.jvm.internal.impl.load.java.typeEnhancement.EnhancedTypeAnnotations
17305:             1             32  kotlin.reflect.jvm.internal.impl.protobuf.WireFormat$FieldType$1
17306:             1             32  kotlin.reflect.jvm.internal.impl.protobuf.WireFormat$FieldType$2
17307:             1             32  kotlin.reflect.jvm.internal.impl.protobuf.WireFormat$FieldType$3
17308:             1             32  kotlin.reflect.jvm.internal.impl.protobuf.WireFormat$FieldType$4
17309:             1             32  kotlin.reflect.jvm.internal.impl.serialization.ProtoBuf$Contract
17310:             1             32  kotlin.reflect.jvm.internal.impl.serialization.ProtoBuf$VersionRequirementTable
17311:             1             32  kotlin.reflect.jvm.internal.impl.serialization.deserialization.descriptors.DeserializedClassDescriptor$DeserializedClassTypeConstructor
17312:             1             32  kotlin.reflect.jvm.internal.impl.types.SimpleTypeImpl
17313:             2             32  kotlin.reflect.jvm.internal.impl.types.TypeUtils$SpecialType
17314:             2             32  kotlin.reflect.jvm.internal.pcollections.IntTreePMap
17315:             2             32  kotlinx.coroutines.experimental.Empty
17316:             1             32  net.miginfocom.layout.AnimSpec
17317:             2             32  net.sf.cglib.core.AbstractClassGenerator$Source
17318:             1             32  net.sf.cglib.core.ClassNameReader$EarlyExitException
17319:             2             32  net.sf.cglib.proxy.DispatcherGenerator
17320:             2             32  net.sf.cglib.proxy.InvocationHandlerGenerator
17321:             2             32  org.angularjs.AngularJSDocumentationProvider
17322:             2             32  org.angularjs.codeInsight.refs.AngularJSReferencesContributor$7
17323:             2             32  org.angularjs.codeInsight.refs.AngularJSReferencesContributor$9
17324:             1             32  org.angularjs.codeInsight.router.AngularUiRouterDiagramProvider
17325:             1             32  org.angularjs.codeInsight.router.ShowUiRouterStatesNewDiagramAction
17326:             2             32  org.angularjs.findUsages.AngularJSFindUsagesHandlerFactory
17327:             2             32  org.angularjs.index.AngularAttributeIndexer
17328:             1             32  org.angularjs.lang.parser.AngularJSElementTypes$5
17329:             2             32  org.angularjs.settings.AngularSettings$Settings
17330:             1             32  org.apache.commons.logging.impl.WeakHashtable$WeakKey
17331:             1             32  org.apache.http.HttpHost
17332:             2             32  org.apache.http.client.protocol.RequestClientConnControl
17333:             2             32  org.apache.http.conn.ssl.BrowserCompatHostnameVerifier
17334:             1             32  org.apache.http.conn.ssl.SSLConnectionSocketFactory
17335:             1             32  org.apache.http.impl.conn.HttpClientConnectionOperator
17336:             1             32  org.apache.http.impl.conn.ManagedHttpClientConnectionFactory
17337:             1             32  org.apache.http.impl.conn.PoolingHttpClientConnectionManager
17338:             1             32  org.apache.http.impl.conn.PoolingHttpClientConnectionManager$ConfigData
17339:             1             32  org.apache.http.impl.execchain.RedirectExec
17340:             2             32  org.apache.http.message.BasicHeaderValueFormatter
17341:             2             32  org.apache.http.message.BasicHeaderValueParser
17342:             2             32  org.apache.http.message.BasicLineFormatter
17343:             2             32  org.apache.http.message.BasicLineParser
17344:             2             32  org.apache.http.protocol.RequestTargetHost
17345:             1             32  org.apache.log4j.PatternLayout
17346:             1             32  org.apache.velocity.runtime.VelocimacroManager
17347:             1             32  org.apache.velocity.runtime.directive.Evaluate
17348:             1             32  org.apache.velocity.runtime.directive.Macro
17349:             1             32  org.apache.velocity.runtime.log.LogDisplayWrapper
17350:             1             32  org.apache.xerces.impl.XMLEntityScanner$1
17351:             2             32  org.apache.xerces.impl.dv.dtd.ENTITYDatatypeValidator
17352:             2             32  org.apache.xerces.impl.dv.xs.QNameDV
17353:             2             32  org.apache.xerces.impl.xpath.regex.Token
17354:             1             32  org.coffeescript.lang.types.CoffeeScriptDoExpressionElementType
17355:             1             32  org.coffeescript.lang.types.CoffeeScriptForStatementElementType
17356:             1             32  org.coffeescript.lang.types.CoffeeScriptHeregexElementType
17357:             1             32  org.coffeescript.lang.types.CoffeeScriptRangeElementType
17358:             1             32  org.editorconfig.plugincomponents.ConfigProjectComponent$1
17359:             1             32  org.editorconfig.plugincomponents.SettingsProviderComponent
17360:             2             32  org.intellij.idea.lang.javascript.intention.bool.ComparisonPredicate
17361:             2             32  org.intellij.idea.lang.javascript.intention.bool.ConjunctionPredicate
17362:             2             32  org.intellij.images.fileTypes.impl.ImageFileTypeManagerImpl
17363:             2             32  org.intellij.images.options.impl.ImagesOptionsComponent$ExternalEditorPathActionListener
17364:             2             32  org.intellij.images.options.impl.ImagesOptionsComponent$LinkEnabledListener
17365:             1             32  org.intellij.j2ee.web.resin.ResinConfigurationProducer
17366:             1             32  org.intellij.lang.regexp.RegExpLanguage
17367:             1             32  org.intellij.lang.xpath.XPath2Language
17368:             2             32  org.intellij.lang.xpath.XPathFileType
17369:             1             32  org.intellij.lang.xpath.XPathLanguage
17370:             2             32  org.intellij.lang.xpath.xslt.impl.XsltConfigImpl
17371:             2             32  org.intellij.lang.xpath.xslt.impl.XsltReferenceContributor$XML$1
17372:             2             32  org.intellij.lang.xpath.xslt.impl.references.XsltReferenceProvider
17373:             1             32  org.intellij.lang.xpath.xslt.run.XsltConfigurationProducer
17374:             1             32  org.intellij.plugins.markdown.lang.MarkdownLanguage
17375:             1             32  org.intellij.plugins.markdown.ui.actions.editorLayout.CyclicSplitLayoutChangeAction
17376:             1             32  org.intellij.plugins.markdown.ui.actions.editorLayout.EditorAndPreviewLayoutChangeAction
17377:             1             32  org.intellij.plugins.markdown.ui.actions.editorLayout.EditorOnlyLayoutChangeAction
17378:             1             32  org.intellij.plugins.markdown.ui.actions.editorLayout.PreviewOnlyLayoutChangeAction
17379:             1             32  org.intellij.plugins.relaxNG.compact.RngCompactLanguage
17380:             2             32  org.intellij.plugins.relaxNG.config.NoNamespaceConfigImpl$Mappings
17381:             2             32  org.intellij.plugins.relaxNG.references.PrefixReferenceProvider
17382:             2             32  org.intellij.plugins.relaxNG.validation.RngSchemaValidator
17383:             1             32  org.intellij.plugins.relaxNG.validation.ValidateAction
17384:             2             32  org.intellij.plugins.xpathView.support.jaxen.PsiDocumentNavigator
17385:             2             32  org.intellij.plugins.xpathView.support.jaxen.XPathSupportImpl$MySimpleNamespaceContext
17386:             2             32  org.intellij.plugins.xpathView.support.jaxen.XPathSupportImpl$MyXPathFunctionContext
17387:             1             32  org.intellij.plugins.xpathView.support.jaxen.extensions.FileExtensionFunction
17388:             1             32  org.intellij.plugins.xpathView.support.jaxen.extensions.FileNameFunction
17389:             1             32  org.intellij.plugins.xpathView.support.jaxen.extensions.FileTypeFunction
17390:             1             32  org.intellij.plugins.xpathView.support.jaxen.extensions.XPathFunctionProviderImpl$JaxenEndsWith
17391:             1             32  org.intellij.plugins.xpathView.support.jaxen.extensions.XPathFunctionProviderImpl$JaxenEvaluate
17392:             1             32  org.intellij.plugins.xpathView.support.jaxen.extensions.XPathFunctionProviderImpl$JaxenLower
17393:             1             32  org.intellij.plugins.xpathView.support.jaxen.extensions.XPathFunctionProviderImpl$JaxenUpper
17394:             1             32  org.intellij.plugins.xsltDebugger.XsltBreakpointType
17395:             2             32  org.intellij.plugins.xsltDebugger.impl.XsltDebuggerEditorsProvider
17396:             1             32  org.iq80.snappy.BufferRecycler
17397:             2             32  org.jaxen.SimpleVariableContext
17398:             2             32  org.jaxen.expr.DefaultLiteralExpr
17399:             2             32  org.jaxen.expr.DefaultRelativeLocationPath
17400:             2             32  org.jaxen.expr.DefaultXPathExpr
17401:             2             32  org.jaxen.expr.PredicateSet
17402:             2             32  org.jaxen.expr.iter.IterableAncestorAxis
17403:             2             32  org.jaxen.expr.iter.IterableAttributeAxis
17404:             2             32  org.jetbrains.android.AndroidFindUsagesHandlerFactory
17405:             2             32  org.jetbrains.android.AndroidLineMarkerProvider
17406:             1             32  org.jetbrains.android.actions.CreateResourceDirectoryAction
17407:             1             32  org.jetbrains.android.actions.RunAndroidAvdManagerAction
17408:             2             32  org.jetbrains.android.database.AndroidDataSourceStorage$State
17409:             2             32  org.jetbrains.android.database.AndroidRemoteDataBaseManager$State
17410:             2             32  org.jetbrains.android.dom.AndroidXmlReferenceProvider
17411:             1             32  org.jetbrains.android.facet.AndroidFacetType
17412:             1             32  org.jetbrains.android.refactoring.AndroidExtractAsIncludeAction
17413:             1             32  org.jetbrains.android.refactoring.AndroidExtractStyleAction
17414:             1             32  org.jetbrains.android.refactoring.AndroidFindStyleApplicationsAction
17415:             1             32  org.jetbrains.android.refactoring.AndroidInlineIncludeAction
17416:             1             32  org.jetbrains.android.refactoring.AndroidInlineStyleReferenceAction
17417:             1             32  org.jetbrains.android.refactoring.UnusedResourcesAction
17418:             1             32  org.jetbrains.android.spellchecker.AndroidXmlSpellcheckingStrategy
17419:             1             32  org.jetbrains.idea.devkit.actions.NewActionAction
17420:             2             32  org.jetbrains.idea.devkit.dom.impl.I18nReferenceContributor$1
17421:             2             32  org.jetbrains.idea.devkit.references.IconsReferencesContributor
17422:             2             32  org.jetbrains.idea.maven.dom.MavenModelDocumentationProvider
17423:             1             32  org.jetbrains.idea.maven.dom.generate.GenerateDependencyAction
17424:             1             32  org.jetbrains.idea.maven.dom.generate.GenerateManagedDependencyAction
17425:             1             32  org.jetbrains.idea.maven.dom.generate.GenerateParentAction
17426:             1             32  org.jetbrains.idea.maven.dom.refactorings.extract.ExtractManagedDependenciesAction
17427:             1             32  org.jetbrains.idea.maven.dom.refactorings.introduce.IntroducePropertyAction
17428:             1             32  org.jetbrains.idea.maven.execution.MavenConfigurationProducer
17429:             1             32  org.jetbrains.idea.maven.ext.uml.MavenUmlProvider
17430:             2             32  org.jetbrains.idea.maven.importing.MavenPomPathModuleService$MavenPomPathState
17431:             1             32  org.jetbrains.idea.maven.indices.MavenIndices
17432:             2             32  org.jetbrains.idea.maven.plugins.api.MavenPluginParamReferenceContributor$MavenPluginParamRefProvider
17433:             2             32  org.jetbrains.idea.maven.project.MavenArtifactIndex
17434:             2             32  org.jetbrains.idea.maven.project.MavenProjectsManagerWatcher$5
17435:             1             32  org.jetbrains.idea.maven.project.MavenProjectsManagerWatcher$MyFileChangeListener
17436:             1             32  org.jetbrains.idea.maven.project.MavenProjectsTree$2
17437:             1             32  org.jetbrains.idea.maven.project.actions.DownloadAllDocsAction
17438:             1             32  org.jetbrains.idea.maven.project.actions.DownloadAllSourcesAction
17439:             1             32  org.jetbrains.idea.maven.project.actions.DownloadAllSourcesAndDocsAction
17440:             1             32  org.jetbrains.idea.maven.project.actions.DownloadSelectedDocsAction
17441:             1             32  org.jetbrains.idea.maven.project.actions.DownloadSelectedSourcesAction
17442:             1             32  org.jetbrains.idea.maven.project.actions.DownloadSelectedSourcesAndDocsAction
17443:             1             32  org.jetbrains.idea.maven.server.MavenServerManager$4
17444:             1             32  org.jetbrains.idea.maven.server.MavenServerManager$RemoteMavenServerDownloadListener
17445:             1             32  org.jetbrains.idea.maven.tasks.actions.ToggleAfterCompileTasksAction
17446:             1             32  org.jetbrains.idea.maven.tasks.actions.ToggleAfterRebuildTasksAction
17447:             1             32  org.jetbrains.idea.maven.tasks.actions.ToggleBeforeCompileTasksAction
17448:             1             32  org.jetbrains.idea.maven.tasks.actions.ToggleBeforeRebuildTasksAction
17449:             2             32  org.jetbrains.idea.maven.utils.MavenMergingUpdateQueue$1
17450:             2             32  org.jetbrains.idea.maven.utils.MavenMergingUpdateQueue$2
17451:             1             32  org.jetbrains.idea.maven.utils.MavenUIUtil$1
17452:             1             32  org.jetbrains.idea.svn.actions.IntegrateChangeSetAction
17453:             1             32  org.jetbrains.idea.tomcat.TomcatConfigurationProducer
17454:             1             32  org.jetbrains.io.PortUnificationServerHandler
17455:             1             32  org.jetbrains.java.decompiler.IdeaDecompiler
17456:             1             32  org.jetbrains.java.generate.GenerateToStringAction
17457:             2             32  org.jetbrains.java.generate.GenerateToStringActionHandlerImpl
17458:             2             32  org.jetbrains.jps.model.java.JavaResourceRootType
17459:             2             32  org.jetbrains.jps.model.java.JavaSourceRootType
17460:             1             32  org.jetbrains.kotlin.android.intention.AddActivityToManifest
17461:             1             32  org.jetbrains.kotlin.android.intention.AddBroadcastReceiverToManifest
17462:             1             32  org.jetbrains.kotlin.android.intention.AddServiceToManifest
17463:             1             32  org.jetbrains.kotlin.android.intention.ImplementParcelableAction
17464:             1             32  org.jetbrains.kotlin.android.intention.KotlinAndroidAddStringResource
17465:             1             32  org.jetbrains.kotlin.android.intention.RedoParcelableAction
17466:             1             32  org.jetbrains.kotlin.android.intention.RemoveParcelableAction
17467:             2             32  org.jetbrains.kotlin.builtins.KotlinBuiltIns$1
17468:             2             32  org.jetbrains.kotlin.builtins.KotlinBuiltIns$2
17469:             2             32  org.jetbrains.kotlin.builtins.KotlinBuiltIns$3
17470:             2             32  org.jetbrains.kotlin.builtins.KotlinBuiltIns$4
17471:             1             32  org.jetbrains.kotlin.config.LanguageVersionSettingsImpl
17472:             2             32  org.jetbrains.kotlin.descriptors.PackageFragmentProviderImpl
17473:             2             32  org.jetbrains.kotlin.descriptors.impl.AbstractTypeParameterDescriptor$2$1
17474:             2             32  org.jetbrains.kotlin.descriptors.impl.CompositePackageFragmentProvider
17475:             1             32  org.jetbrains.kotlin.descriptors.impl.EmptyPackageFragmentDescriptor
17476:             1             32  org.jetbrains.kotlin.descriptors.impl.ReceiverParameterDescriptorImpl
17477:             2             32  org.jetbrains.kotlin.idea.KotlinIconProvider
17478:             1             32  org.jetbrains.kotlin.idea.KotlinLanguage
17479:             2             32  org.jetbrains.kotlin.idea.KotlinQuickDocumentationProvider
17480:             1             32  org.jetbrains.kotlin.idea.actions.ShowKotlinBytecodeAction
17481:             1             32  org.jetbrains.kotlin.idea.actions.internal.FindImplicitNothingAction
17482:             1             32  org.jetbrains.kotlin.idea.caches.IDEKotlinBinaryClassCache$KotlinBinaryData
17483:             1             32  org.jetbrains.kotlin.idea.caches.PerModulePackageCacheService
17484:             1             32  org.jetbrains.kotlin.idea.caches.resolve.LibraryModificationTracker
17485:             2             32  org.jetbrains.kotlin.idea.completion.KotlinLookupElementProximityWeigher
17486:             2             32  org.jetbrains.kotlin.idea.editor.KotlinEditorOptions
17487:             2             32  org.jetbrains.kotlin.idea.editor.KotlinEditorOptionsConfigurable$$Lambda$1393/1802924103
17488:             2             32  org.jetbrains.kotlin.idea.editor.KotlinEditorOptionsConfigurable$$Lambda$1394/72854301
17489:             2             32  org.jetbrains.kotlin.idea.editor.KotlinEditorOptionsConfigurable$$Lambda$1395/1715915268
17490:             2             32  org.jetbrains.kotlin.idea.editor.KotlinEditorOptionsConfigurable$$Lambda$1396/1532950545
17491:             1             32  org.jetbrains.kotlin.idea.facet.KotlinFacetType
17492:             2             32  org.jetbrains.kotlin.idea.framework.CommonLibraryType
17493:             2             32  org.jetbrains.kotlin.idea.framework.KotlinSdkType
17494:             1             32  org.jetbrains.kotlin.idea.intentions.AddBracesIntention
17495:             1             32  org.jetbrains.kotlin.idea.intentions.AddJvmOverloadsIntention
17496:             1             32  org.jetbrains.kotlin.idea.intentions.AddMissingDestructuringIntention
17497:             1             32  org.jetbrains.kotlin.idea.intentions.AddNameToArgumentIntention
17498:             1             32  org.jetbrains.kotlin.idea.intentions.AddNamesToCallArgumentsIntention
17499:             1             32  org.jetbrains.kotlin.idea.intentions.AddOpenModifierIntention
17500:             1             32  org.jetbrains.kotlin.idea.intentions.AddOperatorModifierIntention
17501:             1             32  org.jetbrains.kotlin.idea.intentions.AddValVarToConstructorParameterAction$Intention
17502:             1             32  org.jetbrains.kotlin.idea.intentions.AnonymousFunctionToLambdaIntention
17503:             1             32  org.jetbrains.kotlin.idea.intentions.ConvertAssertToIfWithThrowIntention
17504:             1             32  org.jetbrains.kotlin.idea.intentions.ConvertBinaryExpressionWithDemorgansLawIntention
17505:             1             32  org.jetbrains.kotlin.idea.intentions.ConvertCamelCaseTestFunctionToSpacedIntention
17506:             1             32  org.jetbrains.kotlin.idea.intentions.ConvertClassToSealedClassIntention
17507:             1             32  org.jetbrains.kotlin.idea.intentions.ConvertEnumToSealedClassIntention
17508:             1             32  org.jetbrains.kotlin.idea.intentions.ConvertFunctionTypeParameterToReceiverIntention
17509:             1             32  org.jetbrains.kotlin.idea.intentions.ConvertFunctionTypeReceiverToParameterIntention
17510:             1             32  org.jetbrains.kotlin.idea.intentions.ConvertIfWithThrowToAssertIntention
17511:             1             32  org.jetbrains.kotlin.idea.intentions.ConvertNegatedBooleanSequenceIntention
17512:             1             32  org.jetbrains.kotlin.idea.intentions.ConvertObjectLiteralToClassIntention
17513:             1             32  org.jetbrains.kotlin.idea.intentions.ConvertParameterToReceiverIntention
17514:             1             32  org.jetbrains.kotlin.idea.intentions.ConvertPrimaryConstructorToSecondaryIntention
17515:             1             32  org.jetbrains.kotlin.idea.intentions.ConvertPropertyInitializerToGetterIntention
17516:             1             32  org.jetbrains.kotlin.idea.intentions.ConvertPropertyToFunctionIntention
17517:             1             32  org.jetbrains.kotlin.idea.intentions.ConvertRangeCheckToTwoComparisonsIntention
17518:             1             32  org.jetbrains.kotlin.idea.intentions.ConvertReceiverToParameterIntention
17519:             1             32  org.jetbrains.kotlin.idea.intentions.ConvertSealedClassToEnumIntention
17520:             1             32  org.jetbrains.kotlin.idea.intentions.ConvertToBlockBodyIntention
17521:             1             32  org.jetbrains.kotlin.idea.intentions.ConvertToConcatenatedStringIntention
17522:             1             32  org.jetbrains.kotlin.idea.intentions.ConvertToForEachFunctionCallIntention
17523:             1             32  org.jetbrains.kotlin.idea.intentions.ConvertToRawStringTemplateIntention
17524:             1             32  org.jetbrains.kotlin.idea.intentions.CreateKotlinSubClassIntention
17525:             1             32  org.jetbrains.kotlin.idea.intentions.DestructureIntention
17526:             1             32  org.jetbrains.kotlin.idea.intentions.ImplementAbstractMemberAsConstructorParameterIntention
17527:             1             32  org.jetbrains.kotlin.idea.intentions.ImplementAbstractMemberIntention
17528:             1             32  org.jetbrains.kotlin.idea.intentions.ImportAllMembersIntention
17529:             1             32  org.jetbrains.kotlin.idea.intentions.ImportMemberIntention
17530:             1             32  org.jetbrains.kotlin.idea.intentions.InfixCallToOrdinaryIntention
17531:             1             32  org.jetbrains.kotlin.idea.intentions.InsertCurlyBracesToTemplateIntention
17532:             1             32  org.jetbrains.kotlin.idea.intentions.InsertExplicitTypeArgumentsIntention
17533:             1             32  org.jetbrains.kotlin.idea.intentions.IntroduceBackingPropertyIntention
17534:             1             32  org.jetbrains.kotlin.idea.intentions.IntroduceVariableIntention
17535:             1             32  org.jetbrains.kotlin.idea.intentions.InvertIfConditionIntention
17536:             1             32  org.jetbrains.kotlin.idea.intentions.IterateExpressionIntention
17537:             1             32  org.jetbrains.kotlin.idea.intentions.MergeIfsIntention
17538:             1             32  org.jetbrains.kotlin.idea.intentions.MoveLambdaInsideParenthesesIntention
17539:             1             32  org.jetbrains.kotlin.idea.intentions.MoveLambdaOutsideParenthesesIntention
17540:             1             32  org.jetbrains.kotlin.idea.intentions.MoveMemberOutOfCompanionObjectIntention
17541:             1             32  org.jetbrains.kotlin.idea.intentions.MoveMemberToCompanionObjectIntention
17542:             1             32  org.jetbrains.kotlin.idea.intentions.MoveMemberToTopLevelIntention
17543:             1             32  org.jetbrains.kotlin.idea.intentions.MovePropertyToClassBodyIntention
17544:             1             32  org.jetbrains.kotlin.idea.intentions.MovePropertyToConstructorIntention
17545:             1             32  org.jetbrains.kotlin.idea.intentions.NullableBooleanEqualityCheckToElvisIntention
17546:             1             32  org.jetbrains.kotlin.idea.intentions.OperatorToFunctionIntention
17547:             1             32  org.jetbrains.kotlin.idea.intentions.ReconstructTypeInCastOrIsIntention
17548:             1             32  org.jetbrains.kotlin.idea.intentions.RemoveArgumentNameIntention
17549:             1             32  org.jetbrains.kotlin.idea.intentions.RemoveBracesIntention
17550:             1             32  org.jetbrains.kotlin.idea.intentions.RemoveExplicitLambdaParameterTypesIntention
17551:             1             32  org.jetbrains.kotlin.idea.intentions.RemoveExplicitTypeIntention
17552:             1             32  org.jetbrains.kotlin.idea.intentions.RemoveUnnecessaryParenthesesIntention
17553:             1             32  org.jetbrains.kotlin.idea.intentions.RenameFileToMatchClassIntention
17554:             1             32  org.jetbrains.kotlin.idea.intentions.ReplaceItWithExplicitFunctionLiteralParamIntention
17555:             1             32  org.jetbrains.kotlin.idea.intentions.ReplaceSubstringWithDropLastIntention
17556:             1             32  org.jetbrains.kotlin.idea.intentions.ReplaceSubstringWithIndexingOperationIntention
17557:             1             32  org.jetbrains.kotlin.idea.intentions.ReplaceSubstringWithSubstringAfterIntention
17558:             1             32  org.jetbrains.kotlin.idea.intentions.ReplaceSubstringWithSubstringBeforeIntention
17559:             1             32  org.jetbrains.kotlin.idea.intentions.ReplaceSubstringWithTakeIntention
17560:             1             32  org.jetbrains.kotlin.idea.intentions.ReplaceUnderscoreWithParameterNameIntention
17561:             1             32  org.jetbrains.kotlin.idea.intentions.ReplaceUntilWithRangeToIntention
17562:             1             32  org.jetbrains.kotlin.idea.intentions.ReplaceWithOrdinaryAssignmentIntention
17563:             1             32  org.jetbrains.kotlin.idea.intentions.SpecifyExplicitLambdaSignatureIntention
17564:             1             32  org.jetbrains.kotlin.idea.intentions.SpecifyTypeExplicitlyInDestructuringAssignmentIntention
17565:             1             32  org.jetbrains.kotlin.idea.intentions.SplitIfIntention
17566:             1             32  org.jetbrains.kotlin.idea.intentions.SwapBinaryExpressionIntention
17567:             1             32  org.jetbrains.kotlin.idea.intentions.SwapStringEqualsIgnoreCaseIntention
17568:             1             32  org.jetbrains.kotlin.idea.intentions.ToInfixCallIntention
17569:             1             32  org.jetbrains.kotlin.idea.intentions.ToOrdinaryStringLiteralIntention
17570:             1             32  org.jetbrains.kotlin.idea.intentions.ToRawStringLiteralIntention
17571:             1             32  org.jetbrains.kotlin.idea.intentions.ValToObjectIntention
17572:             1             32  org.jetbrains.kotlin.idea.intentions.branchedTransformations.intentions.DoubleBangToIfThenIntention
17573:             1             32  org.jetbrains.kotlin.idea.intentions.branchedTransformations.intentions.EliminateWhenSubjectIntention
17574:             1             32  org.jetbrains.kotlin.idea.intentions.branchedTransformations.intentions.ElvisToIfThenIntention
17575:             1             32  org.jetbrains.kotlin.idea.intentions.branchedTransformations.intentions.FlattenWhenIntention
17576:             1             32  org.jetbrains.kotlin.idea.intentions.branchedTransformations.intentions.FoldIfToReturnAsymmetricallyIntention
17577:             1             32  org.jetbrains.kotlin.idea.intentions.branchedTransformations.intentions.IfThenToDoubleBangIntention
17578:             1             32  org.jetbrains.kotlin.idea.intentions.branchedTransformations.intentions.IfToWhenIntention
17579:             1             32  org.jetbrains.kotlin.idea.intentions.branchedTransformations.intentions.MergeWhenIntention
17580:             1             32  org.jetbrains.kotlin.idea.intentions.branchedTransformations.intentions.SafeAccessToIfThenIntention
17581:             1             32  org.jetbrains.kotlin.idea.intentions.branchedTransformations.intentions.UnfoldAssignmentToIfIntention
17582:             1             32  org.jetbrains.kotlin.idea.intentions.branchedTransformations.intentions.UnfoldAssignmentToWhenIntention
17583:             1             32  org.jetbrains.kotlin.idea.intentions.branchedTransformations.intentions.UnfoldPropertyToIfIntention
17584:             1             32  org.jetbrains.kotlin.idea.intentions.branchedTransformations.intentions.UnfoldPropertyToWhenIntention
17585:             1             32  org.jetbrains.kotlin.idea.intentions.branchedTransformations.intentions.UnfoldReturnToIfIntention
17586:             1             32  org.jetbrains.kotlin.idea.intentions.branchedTransformations.intentions.UnfoldReturnToWhenIntention
17587:             1             32  org.jetbrains.kotlin.idea.intentions.branchedTransformations.intentions.WhenToIfIntention
17588:             1             32  org.jetbrains.kotlin.idea.intentions.conventionNameCalls.ReplaceCallWithUnaryOperatorIntention
17589:             1             32  org.jetbrains.kotlin.idea.intentions.conventionNameCalls.ReplaceContainsIntention
17590:             1             32  org.jetbrains.kotlin.idea.intentions.conventionNameCalls.ReplaceInvokeIntention
17591:             1             32  org.jetbrains.kotlin.idea.intentions.copyConcatenatedStringToClipboard.CopyConcatenatedStringToClipboardIntention
17592:             1             32  org.jetbrains.kotlin.idea.intentions.declarations.ConvertMemberToExtensionIntention
17593:             1             32  org.jetbrains.kotlin.idea.intentions.declarations.SplitPropertyDeclarationIntention
17594:             1             32  org.jetbrains.kotlin.idea.maven.actions.GenerateMavenCompileExecutionAction
17595:             1             32  org.jetbrains.kotlin.idea.maven.actions.GenerateMavenPluginAction
17596:             1             32  org.jetbrains.kotlin.idea.maven.actions.GenerateMavenTestCompileExecutionAction
17597:             1             32  org.jetbrains.kotlin.idea.quickfix.AddConstModifierIntention
17598:             1             32  org.jetbrains.kotlin.idea.refactoring.move.changePackage.ChangePackageIntention
17599:             1             32  org.jetbrains.kotlin.idea.refactoring.move.moveDeclarations.MoveDeclarationToSeparateFileIntention
17600:             1             32  org.jetbrains.kotlin.idea.run.KotlinRunConfigurationType
17601:             1             32  org.jetbrains.kotlin.idea.run.script.standalone.KotlinStandaloneScriptRunConfigurationType
17602:             2             32  org.jetbrains.kotlin.idea.search.ideaExtensions.KotlinReadWriteAccessDetector
17603:             2             32  org.jetbrains.kotlin.idea.search.ideaExtensions.KotlinTargetElementEvaluator
17604:             1             32  org.jetbrains.kotlin.idea.spring.generate.GenerateKotlinSpringBeanXmlDependencyAction$Constructor
17605:             1             32  org.jetbrains.kotlin.idea.spring.generate.GenerateKotlinSpringBeanXmlDependencyAction$LateinitProperty
17606:             1             32  org.jetbrains.kotlin.idea.spring.generate.GenerateKotlinSpringBeanXmlDependencyAction$Setter
17607:             1             32  org.jetbrains.kotlin.idea.spring.lineMarking.KotlinSpringClassAnnotator
17608:             2             32  org.jetbrains.kotlin.idea.stubindex.KotlinAnnotationsIndex
17609:             2             32  org.jetbrains.kotlin.idea.stubindex.KotlinClassShortNameIndex
17610:             2             32  org.jetbrains.kotlin.idea.stubindex.KotlinExactPackagesIndex
17611:             2             32  org.jetbrains.kotlin.idea.stubindex.KotlinFileFacadeClassByPackageIndex
17612:             2             32  org.jetbrains.kotlin.idea.stubindex.KotlinFileFacadeFqNameIndex
17613:             2             32  org.jetbrains.kotlin.idea.stubindex.KotlinFileFacadeShortNameIndex
17614:             2             32  org.jetbrains.kotlin.idea.stubindex.KotlinFilePartClassIndex
17615:             2             32  org.jetbrains.kotlin.idea.stubindex.KotlinFullClassNameIndex
17616:             2             32  org.jetbrains.kotlin.idea.stubindex.KotlinFunctionShortNameIndex
17617:             2             32  org.jetbrains.kotlin.idea.stubindex.KotlinMultifileClassPartIndex
17618:             2             32  org.jetbrains.kotlin.idea.stubindex.KotlinOverridableInternalMembersShortNameIndex
17619:             2             32  org.jetbrains.kotlin.idea.stubindex.KotlinProbablyNothingFunctionShortNameIndex
17620:             2             32  org.jetbrains.kotlin.idea.stubindex.KotlinProbablyNothingPropertyShortNameIndex
17621:             2             32  org.jetbrains.kotlin.idea.stubindex.KotlinPropertyShortNameIndex
17622:             2             32  org.jetbrains.kotlin.idea.stubindex.KotlinScriptFqnIndex
17623:             2             32  org.jetbrains.kotlin.idea.stubindex.KotlinSuperClassIndex
17624:             2             32  org.jetbrains.kotlin.idea.stubindex.KotlinTopLevelClassByPackageIndex
17625:             2             32  org.jetbrains.kotlin.idea.stubindex.KotlinTopLevelExtensionsByReceiverTypeIndex
17626:             2             32  org.jetbrains.kotlin.idea.stubindex.KotlinTopLevelFunctionByPackageIndex
17627:             2             32  org.jetbrains.kotlin.idea.stubindex.KotlinTopLevelFunctionFqnNameIndex
17628:             2             32  org.jetbrains.kotlin.idea.stubindex.KotlinTopLevelPropertyByPackageIndex
17629:             2             32  org.jetbrains.kotlin.idea.stubindex.KotlinTopLevelPropertyFqnNameIndex
17630:             2             32  org.jetbrains.kotlin.idea.stubindex.KotlinTopLevelTypeAliasByPackageIndex
17631:             2             32  org.jetbrains.kotlin.idea.stubindex.KotlinTopLevelTypeAliasFqNameIndex
17632:             2             32  org.jetbrains.kotlin.idea.stubindex.KotlinTypeAliasByExpansionShortNameIndex
17633:             2             32  org.jetbrains.kotlin.idea.stubindex.KotlinTypeAliasShortNameIndex
17634:             1             32  org.jetbrains.kotlin.idea.testIntegration.KotlinCreateTestIntention
17635:             2             32  org.jetbrains.kotlin.idea.vfilefinder.KotlinJvmModuleAnnotationsIndex
17636:             2             32  org.jetbrains.kotlin.idea.vfilefinder.KotlinModuleMappingIndex
17637:             2             32  org.jetbrains.kotlin.idea.vfilefinder.KotlinPackageSourcesMemberNamesIndex
17638:             2             32  org.jetbrains.kotlin.load.java.typeEnhancement.EnhancedTypeAnnotations
17639:             2             32  org.jetbrains.kotlin.load.kotlin.BinaryModuleData
17640:             1             32  org.jetbrains.kotlin.parsing.KotlinExpressionParsing$Precedence$1
17641:             1             32  org.jetbrains.kotlin.parsing.KotlinExpressionParsing$Precedence$2
17642:             1             32  org.jetbrains.kotlin.parsing.KotlinExpressionParsing$Precedence$3
17643:             1             32  org.jetbrains.kotlin.protobuf.WireFormat$FieldType$1
17644:             1             32  org.jetbrains.kotlin.protobuf.WireFormat$FieldType$2
17645:             1             32  org.jetbrains.kotlin.protobuf.WireFormat$FieldType$3
17646:             1             32  org.jetbrains.kotlin.protobuf.WireFormat$FieldType$4
17647:             1             32  org.jetbrains.kotlin.resolve.BindingContext$2
17648:             1             32  org.jetbrains.kotlin.resolve.BindingContext$3
17649:             2             32  org.jetbrains.kotlin.resolve.BindingTraceFilter
17650:             2             32  org.jetbrains.kotlin.resolve.MultiTargetPlatform$Specific
17651:             2             32  org.jetbrains.kotlin.resolve.calls.checkers.ReifiedTypeParameterSubstitutionChecker
17652:             1             32  org.jetbrains.kotlin.resolve.jvm.KotlinJavaPsiFacade
17653:             1             32  org.jetbrains.kotlin.resolve.jvm.KotlinJavaPsiFacade$1
17654:             2             32  org.jetbrains.kotlin.resolve.jvm.KotlinJavaPsiFacade$KotlinPsiElementFinderWrapperImplDumbAware
17655:             1             32  org.jetbrains.kotlin.serialization.ProtoBuf$Contract
17656:             1             32  org.jetbrains.kotlin.serialization.ProtoBuf$VersionRequirementTable
17657:             2             32  org.jetbrains.kotlin.serialization.deserialization.DeserializedClassDataFinder
17658:             2             32  org.jetbrains.kotlin.serialization.deserialization.descriptors.DeserializedAnnotations
17659:             1             32  org.jetbrains.kotlin.serialization.js.JsProtoBuf$Files
17660:             2             32  org.jetbrains.kotlin.types.DynamicTypesSettings
17661:             2             32  org.jetbrains.kotlin.types.NullableSimpleType
17662:             2             32  org.jetbrains.kotlin.types.TypeUtils$SpecialType
17663:             1             32  org.jetbrains.kotlin.util.CounterWithExclude
17664:             1             32  org.jetbrains.kotlin.util.ReenterableCounter
17665:             1             32  org.jetbrains.kotlin.util.SimpleCounter
17666:             1             32  org.jetbrains.lang.manifest.ManifestLanguage
17667:             1             32  org.jetbrains.osgi.bnd.run.BndRunConfigurationType
17668:             2             32  org.jetbrains.plugins.cucumber.groovy.steps.search.GrStepFindUsageHandlerFactory
17669:             1             32  org.jetbrains.plugins.cucumber.psi.GherkinLanguage
17670:             1             32  org.jetbrains.plugins.gradle.action.GradleRefreshProjectDependenciesAction
17671:             2             32  org.jetbrains.plugins.gradle.codeInsight.ConfigurationsCompletionContributor$ConfigurationsCompletionProvider
17672:             1             32  org.jetbrains.plugins.gradle.codeInsight.actions.AddGradleDslPluginAction
17673:             1             32  org.jetbrains.plugins.gradle.internal.daemon.ShowGradleDaemonsAction
17674:             2             32  org.jetbrains.plugins.grails.GrailsPluginFieldCompletionProvider
17675:             2             32  org.jetbrains.plugins.grails.GrailsStaticFieldCompletionProvider
17676:             2             32  org.jetbrains.plugins.grails.GspCompletionContributor
17677:             2             32  org.jetbrains.plugins.grails.GspCompletionContributor$1
17678:             2             32  org.jetbrains.plugins.grails.GspCompletionContributor$2
17679:             1             32  org.jetbrains.plugins.grails.GspTemplateContextType
17680:             1             32  org.jetbrains.plugins.grails.actions.NewGrailsControllerAction
17681:             1             32  org.jetbrains.plugins.grails.actions.NewGrailsDomainClassAction
17682:             1             32  org.jetbrains.plugins.grails.actions.NewGrailsFilterAction
17683:             1             32  org.jetbrains.plugins.grails.actions.NewGrailsInterceptorAction
17684:             1             32  org.jetbrains.plugins.grails.actions.NewGrailsScriptAction
17685:             1             32  org.jetbrains.plugins.grails.actions.NewGrailsServiceAction
17686:             1             32  org.jetbrains.plugins.grails.actions.NewGrailsTagLibAction
17687:             1             32  org.jetbrains.plugins.grails.runner.GrailsDebuggerRunner
17688:             1             32  org.jetbrains.plugins.grails.structure.GrailsApplicationManager
17689:             1             32  org.jetbrains.plugins.grails.structure.GrailsApplicationManagerRefresher$2
17690:             1             32  org.jetbrains.plugins.groovy.GroovyLanguage
17691:             1             32  org.jetbrains.plugins.groovy.actions.ConvertToJavaAction
17692:             1             32  org.jetbrains.plugins.groovy.actions.ConvertToStaticAction
17693:             1             32  org.jetbrains.plugins.groovy.actions.NewGroovyClassAction
17694:             1             32  org.jetbrains.plugins.groovy.actions.NewScriptAction
17695:             1             32  org.jetbrains.plugins.groovy.actions.generate.accessors.GroovyGenerateGetterAction
17696:             1             32  org.jetbrains.plugins.groovy.actions.generate.accessors.GroovyGenerateGetterSetterAction
17697:             1             32  org.jetbrains.plugins.groovy.actions.generate.accessors.GroovyGenerateSetterAction
17698:             1             32  org.jetbrains.plugins.groovy.actions.generate.constructors.GroovyGenerateConstructorAction
17699:             1             32  org.jetbrains.plugins.groovy.actions.generate.equals.GroovyGenerateEqualsAction
17700:             1             32  org.jetbrains.plugins.groovy.actions.generate.equals.GroovyGenerateEqualsHandler
17701:             1             32  org.jetbrains.plugins.groovy.actions.generate.missing.GroovyGenerateMethodMissingAction
17702:             1             32  org.jetbrains.plugins.groovy.actions.generate.missing.GroovyGeneratePropertyMissingAction
17703:             1             32  org.jetbrains.plugins.groovy.actions.generate.tostring.GroovyGenerateToStringAction
17704:             2             32  org.jetbrains.plugins.groovy.console.GroovyConsoleStateService$MyState
17705:             2             32  org.jetbrains.plugins.groovy.intentions.control.ComparisonPredicate
17706:             2             32  org.jetbrains.plugins.groovy.intentions.control.ConjunctionPredicate
17707:             2             32  org.jetbrains.plugins.groovy.lang.completion.GroovyConfigSlurperCompletionProvider
17708:             1             32  org.jetbrains.plugins.groovy.lang.psi.patterns.GroovyElementPattern$1
17709:             2             32  org.jetbrains.plugins.groovy.lang.psi.stubs.index.GrFullClassNameIndex
17710:             2             32  org.jetbrains.plugins.groovy.lang.psi.stubs.index.GrFullScriptNameIndex
17711:             1             32  org.jetbrains.plugins.groovy.runner.GroovyScriptRunConfigurationProducer
17712:             2             32  org.jetbrains.plugins.groovy.util.LightCacheKey$2
17713:             1             32  org.jetbrains.plugins.haml.HAMLLanguage
17714:             1             32  org.jetbrains.plugins.javaFX.css.JavaFxCSSElementDescriptionProvider
17715:             2             32  org.jetbrains.plugins.javaFX.fxml.JavaFxNamespaceDataProvider
17716:             2             32  org.jetbrains.plugins.javaFX.fxml.codeInsight.JavaFxRelatedItemLineMarkerProvider
17717:             1             32  org.jetbrains.plugins.less.LESSLanguage
17718:             2             32  org.jetbrains.plugins.less.completion.provider.LessMixinCompletionProvider
17719:             2             32  org.jetbrains.plugins.less.completion.provider.LessNamespaceCompletionProvider
17720:             1             32  org.jetbrains.plugins.less.descriptors.LessElementDescriptorProvider
17721:             1             32  org.jetbrains.plugins.less.psi.stubs.types.LessParameterListStubElementType
17722:             1             32  org.jetbrains.plugins.less.psi.stubs.types.LessParameterStubElementType
17723:             1             32  org.jetbrains.plugins.less.psi.stubs.types.LessPrimitiveMixinStubElementType
17724:             1             32  org.jetbrains.plugins.less.psi.stubs.types.LessRegularMixinStubElementType
17725:             1             32  org.jetbrains.plugins.less.psi.stubs.types.LessVariableDeclarationStubElementType
17726:             1             32  org.jetbrains.plugins.sass.SASSLanguage
17727:             2             32  org.jetbrains.plugins.sass.extensions.SassRubyIntegrationHelperImpl
17728:             1             32  org.jetbrains.plugins.sass.psi.stubs.types.SassMixinDeclarationStubElementType
17729:             1             32  org.jetbrains.plugins.scss.SCSSLanguage
17730:             2             32  org.jetbrains.plugins.scss.copyright.SassScssCopyrightsProvider
17731:             2             32  org.jetbrains.plugins.scss.editor.SCSSCommenter
17732:             1             32  org.jetbrains.plugins.scss.inspections.SassScssElementDescriptorProvider
17733:             1             32  org.jetbrains.plugins.scss.psi.stubs.types.SassScssParameterListStubElementType
17734:             1             32  org.jetbrains.plugins.scss.psi.stubs.types.SassScssParameterStubElementType
17735:             1             32  org.jetbrains.plugins.scss.psi.stubs.types.ScssFunctionDeclarationStubElementType
17736:             1             32  org.jetbrains.plugins.scss.psi.stubs.types.ScssMixinDeclarationStubElementType
17737:             1             32  org.jetbrains.plugins.scss.psi.stubs.types.ScssPlaceholderSelectorStubElementType
17738:             1             32  org.jetbrains.plugins.scss.psi.stubs.types.ScssVariableDeclarationStubElementType
17739:             1             32  org.jetbrains.plugins.stylus.StylusLanguage
17740:             2             32  org.jetbrains.plugins.stylus.completion.StylusPropertyNamesCompletionProvider
17741:             1             32  org.jetbrains.plugins.stylus.psi.stubs.types.StylusMixinStubElementType
17742:             1             32  org.jetbrains.plugins.stylus.psi.stubs.types.StylusVariableDeclarationStubElementType
17743:             2             32  org.jetbrains.plugins.terminal.TerminalProjectOptionsProvider$State
17744:             2             32  org.jetbrains.plugins.terminal.TerminalView$4
17745:             1             32  org.jetbrains.plugins.terminal.TerminalView$CloseSession
17746:             1             32  org.jetbrains.plugins.terminal.TerminalView$NewSession
17747:             1             32  org.jetbrains.settingsRepository.actions.MergeAction
17748:             1             32  org.jetbrains.settingsRepository.actions.ResetToMyAction
17749:             1             32  org.jetbrains.settingsRepository.actions.ResetToTheirsAction
17750:             1             32  org.jetbrains.uast.UastContext$Companion$CONTEXT_LANGUAGE$1
17751:             2             32  org.jetbrains.uast.kotlin.KotlinUastLanguagePlugin
17752:             1             32  org.jetbrains.w3validators.css.W3CssValidatorInspection
17753:             1             32  org.jetbrains.yaml.YAMLLanguage
17754:             2             32  org.kohsuke.rngom.ast.builder.GrammarSection$Combine
17755:             2             32  org.kohsuke.rngom.digested.CommentListImpl
17756:             2             32  org.kohsuke.rngom.nc.NameClassBuilderImpl
17757:             1             32  org.osmorc.facet.OsgiCoreLibraryType
17758:             1             32  org.osmorc.facet.OsmorcFacetType
17759:             1             32  org.osmorc.facet.OsmorcFrameworkDetector
17760:             2             32  org.osmorc.manifest.completion.HeaderParametersProvider
17761:             1             32  org.osmorc.run.OsgiConfigurationType
17762:             1             32  org.xml.sax.helpers.LocatorImpl
17763:             2             32  org.yaml.snakeyaml.representer.SafeRepresenter$RepresentDate
17764:             2             32  org.yaml.snakeyaml.representer.SafeRepresenter$RepresentString
17765:             2             32  org.zeroturnaround.bundled.org.bouncycastle.jcajce.provider.asymmetric.dh.KeyFactorySpi
17766:             1             32  org.zeroturnaround.bundled.org.bouncycastle.jce.provider.BouncyCastleProviderConfiguration
17767:             1             32  org.zeroturnaround.common.options.FileOption
17768:             1             32  org.zeroturnaround.common.options.Option$1
17769:             1             32  org.zeroturnaround.javarebel.reporting.backend.impl.BrowserController
17770:             1             32  org.zeroturnaround.javarebel.reporting.backend.impl.SegmentIOBackend
17771:             1             32  org.zeroturnaround.javarebel.reporting.model.JRebelMetadata
17772:             1             32  org.zeroturnaround.javarebel.reporting.model.UserMetadata
17773:             1             32  org.zeroturnaround.jrebel.client.JRebelJar
17774:             2             32  org.zeroturnaround.jrebel.client.licensing.JRebelLicensingCLI
17775:             1             32  org.zeroturnaround.jrebel.client.licensing.LicensingStatus
17776:             1             32  org.zeroturnaround.jrebel.client.nightly.NightlyDownloadManager
17777:             1             32  org.zeroturnaround.jrebel.client.nightly.NightlyLookup
17778:             1             32  org.zeroturnaround.jrebel.ide.common.notifications.LicenseNotifier
17779:             1             32  org.zeroturnaround.jrebel.ide.common.ui.activation.LiveTrialInfo
17780:             1             32  org.zeroturnaround.jrebel.ide.common.utils.AutoRenewOfflineSeatScheduler
17781:             1             32  org.zmlx.hg4idea.action.HgAbortRebaseAction
17782:             1             32  org.zmlx.hg4idea.action.HgCommitAndPushExecutorAction
17783:             1             32  org.zmlx.hg4idea.action.HgContinueGraftAction
17784:             1             32  org.zmlx.hg4idea.action.HgContinueRebaseAction
17785:             1             32  org.zmlx.hg4idea.action.HgInit
17786:             1             32  sun.awt.PostEventQueue
17787:             2             32  sun.awt.RepaintArea
17788:             2             32  sun.awt.SunDisplayChanger
17789:             1             32  sun.awt.Win32GraphicsConfig
17790:             1             32  sun.awt.image.FetcherInfo
17791:             1             32  sun.awt.windows.WDesktopProperties
17792:             1             32  sun.awt.windows.WGlobalCursorManager
17793:             1             32  sun.font.GlyphLayout$GVData
17794:             1             32  sun.font.TextRecord
17795:             1             32  sun.instrument.InstrumentationImpl
17796:             1             32  sun.java2d.ReentrantContextProviderTL$1
17797:             1             32  sun.java2d.marlin.MarlinTileGenerator
17798:             1             32  sun.java2d.marlin.TransformingPathConsumer2D
17799:             2             32  sun.java2d.pipe.SpanShapeRenderer$Composite
17800:             1             32  sun.management.MappedMXBeanType$InProgress
17801:             1             32  sun.net.www.http.KeepAliveStreamCleaner
17802:             1             32  sun.net.www.protocol.https.Handler
17803:             1             32  sun.nio.ch.Iocp$CompletionStatus
17804:             2             32  sun.nio.ch.SocketDispatcher
17805:             1             32  sun.nio.cs.StandardCharsets
17806:             1             32  sun.nio.fs.WindowsFileSystem
17807:             1             32  sun.reflect.UnsafeCharacterFieldAccessorImpl
17808:             1             32  sun.reflect.UnsafeQualifiedFloatFieldAccessorImpl
17809:             1             32  sun.reflect.UnsafeQualifiedIntegerFieldAccessorImpl
17810:             1             32  sun.rmi.transport.DGCImpl$LeaseInfo
17811:             2             32  sun.rmi.transport.DGCImpl_Stub
17812:             1             32  sun.rmi.transport.proxy.RMIMasterSocketFactory
17813:             1             32  sun.rmi.transport.tcp.TCPTransport
17814:             1             32  sun.rmi.transport.tcp.TCPTransport$AcceptLoop
17815:             1             32  sun.security.provider.PolicyFile
17816:             1             32  sun.security.provider.PolicyFile$PolicyInfo
17817:             2             32  sun.security.ssl.SSLAlgorithmDecomposer
17818:             2             32  sun.security.util.AlgorithmDecomposer
17819:             2             32  sun.security.util.HostnameChecker
17820:             1             32  sun.security.x509.AuthorityInfoAccessExtension
17821:             1             32  sun.security.x509.IssuerAlternativeNameExtension
17822:             2             32  sun.security.x509.RFC822Name
17823:             1             32  sun.security.x509.SubjectAlternativeNameExtension
17824:             1             32  sun.swing.FilePane$9
17825:             2             32  sun.text.SupplementaryCharacterData
17826:             1             32  sun.text.normalizer.UBiDiProps
17827:             1             24  [Lcn.yiiguxing.plugin.translate.WindowOption;
17828:             1             24  [Lcn.yiiguxing.plugin.translate.ui.StyledDictViewer$EntryType;
17829:             1             24  [Lcn.yiiguxing.plugin.translate.ui.StyledDictViewer$StyleConstant;
17830:             1             24  [Lcn.yiiguxing.plugin.translate.util.SelectionMode;
17831:             1             24  [Lcom.android.flags.ImmutableFlagOverrides;
17832:             1             24  [Lcom.android.tools.idea.databinding.config.DataBindingConfiguration$CodeNavigationMode;
17833:             1             24  [Lcom.android.tools.idea.gradle.plugin.AndroidPluginGeneration;
17834:             1             24  [Lcom.android.tools.idea.project.FeatureEnableService;
17835:             1             24  [Lcom.google.common.cache.CacheBuilder$NullListener;
17836:             1             24  [Lcom.google.common.cache.CacheBuilder$OneWeigher;
17837:             1             24  [Lcom.google.common.cache.LocalCache$NullEntry;
17838:             1             24  [Lcom.google.gson.LongSerializationPolicy;
17839:             1             24  [Lcom.google.gson.LongSerializationPolicy;
17840:             1             24  [Lcom.intellij.application.options.OptionsApplicabilityFilter;
17841:             1             24  [Lcom.intellij.application.options.PathMacroExpandableProtocolBean;
17842:             1             24  [Lcom.intellij.codeInsight.CustomExceptionHandler;
17843:             1             24  [Lcom.intellij.codeInsight.ImportFilter;
17844:             1             24  [Lcom.intellij.codeInsight.TargetElementUtilExtender;
17845:             1             24  [Lcom.intellij.codeInsight.completion.CompletionPreselectSkipper;
17846:             1             24  [Lcom.intellij.codeInsight.completion.CompletionPreselectionBehaviourProvider;
17847:             1             24  [Lcom.intellij.codeInsight.daemon.ProjectSdkSetupValidator;
17848:             1             24  [Lcom.intellij.codeInsight.daemon.impl.HighlightRangeExtension;
17849:             1             24  [Lcom.intellij.codeInsight.daemon.impl.SeveritiesProvider;
17850:             1             24  [Lcom.intellij.codeInsight.daemon.impl.actions.GotoElementUnderCaretUsageBase$Direction;
17851:             1             24  [Lcom.intellij.codeInsight.daemon.impl.quickfix.AddMethodQualifierFix$SearchMode;
17852:             1             24  [Lcom.intellij.codeInsight.daemon.impl.quickfix.StaticMembersProcessor$SearchMode;
17853:             1             24  [Lcom.intellij.codeInsight.editorActions.CommentCompleteHandler;
17854:             1             24  [Lcom.intellij.codeInsight.editorActions.ReferenceData;
17855:             1             24  [Lcom.intellij.codeInsight.generation.GetterSetterPrototypeProvider;
17856:             1             24  [Lcom.intellij.codeInsight.intention.impl.SortContentAction$ExpressionSortableList;
17857:             1             24  [Lcom.intellij.codeInsight.javadoc.DocumentationDelegateProvider;
17858:             1             24  [Lcom.intellij.codeInsight.javadoc.JavaDocInfoGenerator$SignaturePlace;
17859:             1             24  [Lcom.intellij.codeInsight.navigation.AbstractDocumentationTooltipAction;
17860:             1             24  [Lcom.intellij.codeInsight.preview.ElementPreviewProvider;
17861:             1             24  [Lcom.intellij.codeInsight.quickfix.ChangeVariableTypeQuickFixProvider;
17862:             1             24  [Lcom.intellij.codeInsight.template.CustomLiveTemplate;
17863:             1             24  [Lcom.intellij.codeInsight.template.Template$Property;
17864:             1             24  [Lcom.intellij.codeInsight.template.TemplateSubstitutor;
17865:             1             24  [Lcom.intellij.codeInsight.template.impl.ShortenToStaticImportProcessor$StaticImporter;
17866:             1             24  [Lcom.intellij.codeInsight.template.impl.TemplatePreprocessor;
17867:             1             24  [Lcom.intellij.codeInspection.AnonymousHasLambdaAlternativeInspection$AnonymousLambdaAlternative;
17868:             1             24  [Lcom.intellij.codeInspection.InspectionToolProvider;
17869:             1             24  [Lcom.intellij.codeInspection.bulkOperation.BulkMethodInfoProvider;
17870:             1             24  [Lcom.intellij.codeInspection.java18StreamApi.PseudoLambdaReplaceTemplate$LambdaRole;
17871:             1             24  [Lcom.intellij.codeInspection.reference.UnusedDeclarationFixProvider;
17872:             1             24  [Lcom.intellij.compiler.ModuleSourceSet$Type;
17873:             1             24  [Lcom.intellij.compiler.backwardRefs.CompilerHierarchySearchType;
17874:             1             24  [Lcom.intellij.compiler.backwardRefs.CompilerReferenceServiceImpl$ElementPlace;
17875:             1             24  [Lcom.intellij.compiler.backwardRefs.CompilerReferenceServiceImpl$IndexOpenReason;
17876:             1             24  [Lcom.intellij.compiler.backwardRefs.LanguageLightRefAdapter;
17877:             1             24  [Lcom.intellij.concurrency.JobLauncherImpl$VoidForkJoinTask$Status;
17878:             1             24  [Lcom.intellij.credentialStore.kdbx.KdbxHeader$CompressionFlags;
17879:             1             24  [Lcom.intellij.database.csv.CsvFormat;
17880:             1             24  [Lcom.intellij.database.csv.CsvRecordFormat$QuotationPolicy;
17881:             1             24  [Lcom.intellij.database.settings.DatabaseParameterPatternProvider;
17882:             1             24  [Lcom.intellij.debugger.engine.JavaDebugAware;
17883:             1             24  [Lcom.intellij.debugger.memory.tracking.TrackingType;
17884:             1             24  [Lcom.intellij.debugger.streams.lib.LibrarySupportProvider;
17885:             1             24  [Lcom.intellij.diagnostic.DebugLogManager$DebugLogLevel;
17886:             1             24  [Lcom.intellij.diff.DiffExtension;
17887:             1             24  [Lcom.intellij.diff.impl.DiffToolSubstitutor;
17888:             1             24  [Lcom.intellij.diff.util.Side;
17889:             1             24  [Lcom.intellij.dmserver.facet.DMCompositeType;
17890:             1             24  [Lcom.intellij.execution.ExecutionTargetProvider;
17891:             1             24  [Lcom.intellij.execution.JUnitRecognizer;
17892:             1             24  [Lcom.intellij.execution.Platform;
17893:             1             24  [Lcom.intellij.execution.actions.ConsoleActionsPostProcessor;
17894:             1             24  [Lcom.intellij.execution.filters.Filter$NextAction;
17895:             1             24  [Lcom.intellij.featureStatistics.FeatureStatisticsBundleEP;
17896:             1             24  [Lcom.intellij.featureStatistics.ProductivityFeaturesProvider;
17897:             1             24  [Lcom.intellij.find.FindUtil$Direction;
17898:             1             24  [Lcom.intellij.find.findUsages.CustomUsageSearcher;
17899:             1             24  [Lcom.intellij.find.impl.livePreview.SearchResults$Direction;
17900:             1             24  [Lcom.intellij.formatting.DependentSpacingRule$Anchor;
17901:             1             24  [Lcom.intellij.formatting.DependentSpacingRule$Trigger;
17902:             1             24  [Lcom.intellij.formatting.FormattingProgressCallback$EventType;
17903:             1             24  [Lcom.intellij.html.impl.providers.HtmlAttributeValueProvider;
17904:             1             24  [Lcom.intellij.ide.IdeEventQueue$BlockMode;
17905:             1             24  [Lcom.intellij.ide.caches.CachesInvalidator;
17906:             1             24  [Lcom.intellij.ide.fileTemplates.CreateFromTemplateActionReplacer;
17907:             1             24  [Lcom.intellij.ide.highlighter.FileTypeRegistrator;
17908:             1             24  [Lcom.intellij.ide.ui.customization.CustomizableActionGroupProvider;
17909:             1             24  [Lcom.intellij.ide.util.ModuleRendererFactory;
17910:             1             24  [Lcom.intellij.ide.util.treeView.TreeState$Match;
17911:             1             24  [Lcom.intellij.j2meplugin.module.settings.MobileApplicationType;
17912:             1             24  [Lcom.intellij.javaee.ExternalResourceManagerEx$XMLSchemaVersion;
17913:             1             24  [Lcom.intellij.javaee.StandardResourceEP;
17914:             1             24  [Lcom.intellij.javaee.web.WebModelContributor;
17915:             1             24  [Lcom.intellij.javascript.debugger.breakpoints.JavaScriptTemplateLanguageHandler;
17916:             1             24  [Lcom.intellij.lang.aspectj.highlight.analysis.member.DuplicateFieldsInAspectAnnotator;
17917:             1             24  [Lcom.intellij.lang.aspectj.highlight.analysis.ref.TypeReferenceListAnnotator1;
17918:             1             24  [Lcom.intellij.lang.aspectj.highlight.analysis.ref.TypeReferenceListAnnotator2;
17919:             1             24  [Lcom.intellij.lang.cacheBuilder.CacheBuilderEP;
17920:             1             24  [Lcom.intellij.lang.css.CssDialect;
17921:             1             24  [Lcom.intellij.lang.folding.CustomFoldingProvider;
17922:             1             24  [Lcom.intellij.lang.java.parser.StatementParser$BraceMode;
17923:             1             24  [Lcom.intellij.lang.javascript.completion.JSCompletionHelper;
17924:             1             24  [Lcom.intellij.lang.javascript.completion.JSInsertHandler$ForcedCompleteFunctionType;
17925:             1             24  [Lcom.intellij.lang.javascript.flex.run.FlashRunnerParameters$AirMobileDebugTransport;
17926:             1             24  [Lcom.intellij.lang.javascript.flex.run.FlashRunnerParameters$AppDescriptorForEmulator;
17927:             1             24  [Lcom.intellij.lang.javascript.index.IndexedFileTypeProvider;
17928:             1             24  [Lcom.intellij.lang.javascript.index.JSImplicitElementsIndexFileTypeProvider;
17929:             1             24  [Lcom.intellij.lang.javascript.integration.JSAnnotationError;
17930:             1             24  [Lcom.intellij.lang.javascript.json.JsonSchemaInJavaScriptProvider;
17931:             1             24  [Lcom.intellij.lang.javascript.psi.ecmal4.impl.JSClassBase$ListType;
17932:             1             24  [Lcom.intellij.lang.javascript.psi.impl.JSPsiImplUtils$NamedEntityKind;
17933:             1             24  [Lcom.intellij.lang.jsp.JavaInJspProvider;
17934:             1             24  [Lcom.intellij.openapi.actionSystem.KeyboardGestureAction$ModifierType;
17935:             1             24  [Lcom.intellij.openapi.actionSystem.impl.BundledQuickListsProvider;
17936:             1             24  [Lcom.intellij.openapi.application.ExperimentalFeatureImpl;
17937:             1             24  [Lcom.intellij.openapi.compiler.generic.GenericCompiler;
17938:             1             24  [Lcom.intellij.openapi.components.StateStorageOperation;
17939:             1             24  [Lcom.intellij.openapi.editor.actions.MoveCaretLeftOrRightHandler$Direction;
17940:             1             24  [Lcom.intellij.openapi.editor.impl.softwrap.SoftWrapDrawingType;
17941:             1             24  [Lcom.intellij.openapi.editor.markup.HighlighterTargetArea;
17942:             1             24  [Lcom.intellij.openapi.extensions.AreaListener;
17943:             1             24  [Lcom.intellij.openapi.extensions.ExtensionPoint$Kind;
17944:             1             24  [Lcom.intellij.openapi.fileEditor.impl.LoadTextUtil$AutoDetectionReason;
17945:             1             24  [Lcom.intellij.openapi.ide.CutElementMarker;
17946:             1             24  [Lcom.intellij.openapi.keymap.impl.BundledKeymapProvider;
17947:             1             24  [Lcom.intellij.openapi.roots.impl.SdkFinder;
17948:             1             24  [Lcom.intellij.openapi.ui.DialogWrapper$DialogStyle;
17949:             1             24  [Lcom.intellij.openapi.ui.popup.Balloon$Layer;
17950:             1             24  [Lcom.intellij.openapi.util.Bitness;
17951:             1             24  [Lcom.intellij.openapi.vcs.RemoteDifferenceStrategy;
17952:             1             24  [Lcom.intellij.openapi.vcs.VcsConfiguration$StandardConfirmation;
17953:             1             24  [Lcom.intellij.openapi.vcs.VcsType;
17954:             1             24  [Lcom.intellij.openapi.vcs.changes.ChangeListManagerSerialization$RevisionSide;
17955:             1             24  [Lcom.intellij.openapi.vcs.changes.VcsIgnoredFilesHolder$Provider;
17956:             1             24  [Lcom.intellij.openapi.vcs.impl.ContentRevisionCache$UniqueType;
17957:             1             24  [Lcom.intellij.openapi.wm.StatusBarWidget$PlatformType;
17958:             1             24  [Lcom.intellij.openapi.wm.ex.FrameEditorComponentProvider;
17959:             1             24  [Lcom.intellij.patterns.ElementPatternBean;
17960:             1             24  [Lcom.intellij.profile.codeInspection.ui.ErrorOptionsProviderEP;
17961:             1             24  [Lcom.intellij.psi.FileContextProvider;
17962:             1             24  [Lcom.intellij.psi.PsiReferenceProviderBean;
17963:             1             24  [Lcom.intellij.psi.augment.TypeAnnotationModifier;
17964:             1             24  [Lcom.intellij.psi.codeStyle.CodeStyleSettings$HtmlTagNewLineStyle;
17965:             1             24  [Lcom.intellij.psi.codeStyle.FileIndentOptionsProvider;
17966:             1             24  [Lcom.intellij.psi.css.inspections.CssOverwrittenPropertiesInspection$RemoveOverwrittenPropertyQuickfix;
17967:             1             24  [Lcom.intellij.psi.formatter.WhiteSpaceFormattingStrategy;
17968:             1             24  [Lcom.intellij.psi.impl.AllowedApiFilterExtension;
17969:             1             24  [Lcom.intellij.psi.impl.file.UpdateAddedFileProcessor;
17970:             1             24  [Lcom.intellij.psi.impl.source.resolve.reference.impl.providers.ImplicitIdRefProvider;
17971:             1             24  [Lcom.intellij.psi.impl.source.tree.TreeCopyHandler;
17972:             1             24  [Lcom.intellij.psi.javadoc.CustomJavadocTagProvider;
17973:             1             24  [Lcom.intellij.psi.search.IndexPattern;
17974:             1             24  [Lcom.intellij.psi.search.IndexPatternProvider;
17975:             1             24  [Lcom.intellij.psi.search.SearchScopeEnlarger;
17976:             1             24  [Lcom.intellij.psi.targets.AliasingPsiTargetMapper;
17977:             1             24  [Lcom.intellij.psi.xml.StartTagEndTokenProvider;
17978:             1             24  [Lcom.intellij.remoteServer.impl.runtime.ui.RemoteServersViewContributor;
17979:             1             24  [Lcom.intellij.remoteServer.util.CloudGitDeploymentDetector;
17980:             1             24  [Lcom.intellij.spring.SpringModelProvider;
17981:             1             24  [Lcom.intellij.spring.boot.application.metadata.SpringBootApplicationMetaConfigKey$Deprecation$DeprecationLevel;
17982:             1             24  [Lcom.intellij.spring.boot.model.SpringBootModelConfigFileContributor;
17983:             1             24  [Lcom.intellij.spring.boot.model.SpringBootModelExtender;
17984:             1             24  [Lcom.intellij.spring.boot.run.lifecycle.tabs.LiveBeansPanel$LiveBeansPanelContent;
17985:             1             24  [Lcom.intellij.spring.el.contextProviders.SpringElInjectionContext;
17986:             1             24  [Lcom.intellij.spring.facet.SpringFileSetEditorCustomization;
17987:             1             24  [Lcom.intellij.spring.facet.searchers.ConfigSearcherScopeModifier;
17988:             1             24  [Lcom.intellij.spring.model.custom.ComponentScanExtender;
17989:             1             24  [Lcom.intellij.spring.model.jam.JamCustomImplementationBean;
17990:             1             24  [Lcom.intellij.ui.AnActionButton;
17991:             1             24  [Lcom.intellij.ui.layout.GrowPolicy;
17992:             1             24  [Lcom.intellij.ui.paint.EffectPainter$Cached;
17993:             1             24  [Lcom.intellij.ui.paint.PaintUtil$ParityMode;
17994:             1             24  [Lcom.intellij.ui.paint.RectanglePainter2D;
17995:             1             24  [Lcom.intellij.ui.paint.RectanglePainter;
17996:             1             24  [Lcom.intellij.ui.tabs.impl.singleRow.SingleRowLayout$RowDropPolicy;
17997:             1             24  [Lcom.intellij.usages.rules.UsageFilteringRuleProvider;
17998:             1             24  [Lcom.intellij.usages.rules.UsageGroupingRuleProvider;
17999:             1             24  [Lcom.intellij.util.ImageLoader$ImageDesc$Type;
18000:             1             24  [Lcom.intellij.util.NotNullFunction;
18001:             1             24  [Lcom.intellij.util.PathUtilRt$Platform;
18002:             1             24  [Lcom.intellij.util.concurrency.QueueProcessor$ThreadToUse;
18003:             1             24  [Lcom.intellij.util.net.ssl.UntrustedCertificateStrategy;
18004:             1             24  [Lcom.intellij.util.ui.NSScrollerHelper$ClickBehavior;
18005:             1             24  [Lcom.intellij.util.ui.NSScrollerHelper$Style;
18006:             1             24  [Lcom.intellij.util.ui.UIUtil$FontColor;
18007:             1             24  [Lcom.intellij.vaadin.framework.VaadinVersionImpl;
18008:             1             24  [Lcom.intellij.xdebugger.evaluation.EvaluationMode;
18009:             1             24  [Lcom.intellij.xml.Html5SchemaProvider;
18010:             1             24  [Lcom.jediterm.terminal.RequestOrigin;
18011:             1             24  [Lcom.rover12421.exTENdS.SyNChRONiZed;
18012:             1             24  [Lcom.rover12421.exTENdS.SyNChRONiZed;
18013:             1             24  [Lcom.siyeh.ig.redundancy.RedundantStringOperationInspection$FixType;
18014:             1             24  [Lcom.sun.tools.javac.main.Option$ChoiceKind;
18015:             1             24  [Lcom.zeroturnaround.http.PreferencesProxyProvider$Proxy;
18016:             1             24  [Lcom.zeroturnaround.http.proxy.ProxySource$Context;
18017:             1             24  [Lcom.zeroturnaround.jrebel.ide.common.CoreType;
18018:             1             24  [Lgit4idea.commands.GitCommand$LockingPolicy;
18019:             1             24  [Lgit4idea.config.GitVcsSettings$UpdateChangesPolicy;
18020:             1             24  [Lgit4idea.history.GitLogParser$NameStatus;
18021:             1             24  [Lio.netty.util.concurrent.EventExecutor;
18022:             1             24  [Ljava.awt.GraphicsDevice;
18023:             1             24  [Ljava.awt.color.ICC_Profile;
18024:             1             24  [Ljava.io.File$PathStatus;
18025:             1             24  [Ljava.lang.ClassValue$Entry;
18026:             1             24  [Ljava.lang.management.MemoryType;
18027:             1             24  [Ljava.net.InetAddress$Cache$Type;
18028:             1             24  [Ljava.net.InterfaceAddress;
18029:             1             24  [Ljava.net.StandardProtocolFamily;
18030:             1             24  [Ljava.text.AttributedCharacterIterator$Attribute;
18031:             1             24  [Ljava.time.temporal.IsoFields$Unit;
18032:             1             24  [Ljava.util.Comparators$NaturalOrderComparator;
18033:             1             24  [Ljava.util.Locale$Category;
18034:             1             24  [Ljavax.swing.JPanel;
18035:             1             24  [Ljavax.swing.UIDefaults;
18036:             1             24  [Ljavax.swing.event.RowSorterEvent$Type;
18037:             1             24  [Ljavax.swing.filechooser.FileFilter;
18038:             1             24  [Ljavax.swing.plaf.metal.MetalFileChooserUI$AlignedLabel;
18039:             1             24  [Ljavax.swing.text.html.StyleSheet$BoxPainter$HorizontalMargin;
18040:             1             24  [Ljavax.xml.bind.annotation.XmlAccessOrder;
18041:             1             24  [Ljavax.xml.bind.annotation.XmlElement;
18042:             1             24  [Lkotlin.reflect.KProperty;
18043:             1             24  [Lkotlin.reflect.jvm.internal.KDeclarationContainerImpl$MemberBelonginess;
18044:             1             24  [Lkotlin.reflect.jvm.internal.impl.load.java.components.TypeUsage;
18045:             1             24  [Lkotlin.reflect.jvm.internal.impl.load.java.structure.LightClassOriginKind;
18046:             1             24  [Lkotlin.reflect.jvm.internal.impl.load.java.typeEnhancement.MutabilityQualifier;
18047:             1             24  [Lkotlin.reflect.jvm.internal.impl.name.Name;
18048:             1             24  [Lorg.apache.http.conn.routing.RouteInfo$LayerType;
18049:             1             24  [Lorg.apache.http.conn.routing.RouteInfo$TunnelType;
18050:             1             24  [Lorg.apache.http.impl.cookie.BrowserCompatSpecFactory$SecurityLevel;
18051:             1             24  [Lorg.apache.xerces.impl.dv.xs.XSSimpleTypeDecl;
18052:             1             24  [Lorg.intellij.lang.xpath.context.XPathVersion;
18053:             1             24  [Lorg.intellij.lang.xpath.context.functions.XPathFunctionProvider;
18054:             1             24  [Lorg.jetbrains.ide.CustomPortServerManager;
18055:             1             24  [Lorg.jetbrains.idea.maven.indices.MavenRepositoryProvider;
18056:             1             24  [Lorg.jetbrains.idea.maven.navigator.MavenProjectsStructure$ErrorLevel;
18057:             1             24  [Lorg.jetbrains.idea.maven.server.MavenServerSettings$UpdatePolicy;
18058:             1             24  [Lorg.jetbrains.jps.builders.java.JavaModuleBuildTargetType;
18059:             1             24  [Lorg.jetbrains.kotlin.config.JvmTarget;
18060:             1             24  [Lorg.jetbrains.kotlin.idea.configuration.BuildSystemTypeDetector;
18061:             1             24  [Lorg.jetbrains.kotlin.idea.facet.KotlinVersionInfoProvider;
18062:             1             24  [Lorg.jetbrains.kotlin.idea.versions.DeprecatedLibInfo;
18063:             1             24  [Lorg.jetbrains.kotlin.load.java.components.TypeUsage;
18064:             1             24  [Lorg.jetbrains.kotlin.load.java.structure.LightClassOriginKind;
18065:             1             24  [Lorg.jetbrains.kotlin.load.java.typeEnhancement.MutabilityQualifier;
18066:             1             24  [Lorg.jetbrains.kotlin.name.FqNameUnsafe;
18067:             1             24  [Lorg.jetbrains.kotlin.name.Name;
18068:             1             24  [Lorg.jetbrains.kotlin.renderer.RenderingFormat;
18069:             1             24  [Lorg.jetbrains.plugins.gradle.codeInsight.GradlePluginDescriptionsExtension;
18070:             1             24  [Lorg.jetbrains.plugins.groovy.annotator.GroovyFrameworkConfigNotification;
18071:             1             24  [Lorg.jetbrains.plugins.groovy.mvc.MvcFramework;
18072:             1             24  [Lorg.jetbrains.plugins.sass.extensions.SassExtension;
18073:             1             24  [Lorg.zeroturnaround.javarebel.reporting.backend.impl.SegmentIOBackend$METHOD;
18074:             1             24  [Lorg.zeroturnaround.jrebel.client.spi.JRebelClientSettings$AgentSelection;
18075:             1             24  [Lorg.zeroturnaround.jrebel.ide.common.notifications.Repeat;
18076:             1             24  [Lsun.instrument.TransformerManager$TransformerInfo;
18077:             1             24  [Lsun.misc.JavaSecurityProtectionDomainAccess$ProtectionDomainCache;
18078:             1             24  ch.qos.logback.classic.util.LogbackMDCAdapter
18079:             1             24  ch.qos.logback.core.rolling.helper.RenameUtil
18080:             1             24  cn.yiiguxing.plugin.translate.TranslationBundle
18081:             1             24  cn.yiiguxing.plugin.translate.TranslationUIManager
18082:             1             24  cn.yiiguxing.plugin.translate.WindowOption
18083:             1             24  cn.yiiguxing.plugin.translate.action.ShowInstantTranslationDialogAction
18084:             1             24  cn.yiiguxing.plugin.translate.action.ShowTranslationDialogAction
18085:             1             24  cn.yiiguxing.plugin.translate.action.TranslateQuickDocAction
18086:             1             24  cn.yiiguxing.plugin.translate.action.TranslateTextComponentAction$Handler
18087:             1             24  cn.yiiguxing.plugin.translate.trans.LanguageBundle
18088:             1             24  cn.yiiguxing.plugin.translate.ui.StyledDictViewer$StyleConstant
18089:             1             24  com.alibaba.p3c.idea.action.AliInspectionAction
18090:             1             24  com.android.flags.Flags
18091:             1             24  com.android.ide.common.repository.GradleCoordinate$ListComponent
18092:             1             24  com.android.sdklib.repository.AndroidSdkHandler$RepoConfig
18093:             1             24  com.android.tools.idea.actions.AndroidShowThemeEditor
18094:             1             24  com.android.tools.idea.actions.ConvertToNinePatchAction
18095:             1             24  com.android.tools.idea.actions.CreateSampleDataDirectory
18096:             1             24  com.android.tools.idea.actions.ExportProjectZip
18097:             1             24  com.android.tools.idea.actions.LegacyNewAndroidComponentAction
18098:             1             24  com.android.tools.idea.actions.MeetAndroidStudioHelpAction
18099:             1             24  com.android.tools.idea.actions.NewImageAssetAction
18100:             1             24  com.android.tools.idea.actions.NewVectorAssetAction
18101:             1             24  com.android.tools.idea.actions.OpenStringResourceEditorAction
18102:             1             24  com.android.tools.idea.actions.SendFeedbackAction
18103:             1             24  com.android.tools.idea.actions.license.ShowLicensesUsedAction
18104:             1             24  com.android.tools.idea.apk.viewer.AnalyzeApkAction
18105:             1             24  com.android.tools.idea.common.model.NlLayoutType$1
18106:             1             24  com.android.tools.idea.common.model.NlLayoutType$2
18107:             1             24  com.android.tools.idea.common.model.NlLayoutType$3
18108:             1             24  com.android.tools.idea.common.model.NlLayoutType$4
18109:             1             24  com.android.tools.idea.common.model.NlLayoutType$5
18110:             1             24  com.android.tools.idea.common.model.NlLayoutType$6
18111:             1             24  com.android.tools.idea.common.model.NlLayoutType$7
18112:             1             24  com.android.tools.idea.common.model.NlLayoutType$8
18113:             1             24  com.android.tools.idea.common.model.NlLayoutType$9
18114:             1             24  com.android.tools.idea.connection.assistant.OpenConnectionAssistantSidePanelAction
18115:             1             24  com.android.tools.idea.editors.AttachAndroidSdkSourcesNotificationProvider$1
18116:             1             24  com.android.tools.idea.editors.allocations.AllocationCaptureType
18117:             1             24  com.android.tools.idea.editors.hprof.HprofCaptureType
18118:             1             24  com.android.tools.idea.editors.layoutInspector.LayoutInspectorCaptureType
18119:             1             24  com.android.tools.idea.editors.systeminfo.SystemInfoCaptureType
18120:             1             24  com.android.tools.idea.editors.vmtrace.VmTraceCaptureType
18121:             1             24  com.android.tools.idea.editors.vmtrace.VmTraceEditorSearchAction
18122:             1             24  com.android.tools.idea.explorer.actions.GotoDatabaseFolderAction
18123:             1             24  com.android.tools.idea.explorer.actions.GotoSdcardFolderAction
18124:             1             24  com.android.tools.idea.explorer.actions.GotoSharedPrefsFolderAction
18125:             1             24  com.android.tools.idea.explorer.actions.HelpAction
18126:             1             24  com.android.tools.idea.fd.actions.RestartActivityAction
18127:             1             24  com.android.tools.idea.gradle.actions.BuildApkAction
18128:             1             24  com.android.tools.idea.gradle.actions.LibraryPropertiesAction
18129:             1             24  com.android.tools.idea.gradle.notification.ProjectSyncStatusNotificationProvider$NotificationPanel$Type$1
18130:             1             24  com.android.tools.idea.gradle.notification.ProjectSyncStatusNotificationProvider$NotificationPanel$Type$2
18131:             1             24  com.android.tools.idea.gradle.notification.ProjectSyncStatusNotificationProvider$NotificationPanel$Type$3
18132:             1             24  com.android.tools.idea.gradle.notification.ProjectSyncStatusNotificationProvider$NotificationPanel$Type$4
18133:             1             24  com.android.tools.idea.gradle.notification.ProjectSyncStatusNotificationProvider$NotificationPanel$Type$5
18134:             1             24  com.android.tools.idea.gradle.project.AndroidGradleProjectComponent$$Lambda$643/92235260
18135:             1             24  com.android.tools.idea.gradle.project.common.GradleInitScripts
18136:             1             24  com.android.tools.idea.gradle.project.model.ide.android.level2.IdeDependenciesFactory
18137:             1             24  com.android.tools.idea.gradle.project.subset.ConfigureProjectSubsetAction
18138:             1             24  com.android.tools.idea.gradle.project.subset.IncludeModuleForFileAction
18139:             1             24  com.android.tools.idea.gradle.project.sync.GradleSyncFailureHandler
18140:             1             24  com.android.tools.idea.gradle.project.sync.compatibility.CompatibilityChecksMetadata
18141:             1             24  com.android.tools.idea.gradle.project.sync.compatibility.CompatibilityChecksMetadataUpdater$1
18142:             1             24  com.android.tools.idea.profilers.ChooseProfileConfigurationPopupAction
18143:             1             24  com.android.tools.idea.rendering.webp.ConvertFromWebpAction
18144:             1             24  com.android.tools.idea.rendering.webp.ConvertToWebpAction
18145:             1             24  com.android.tools.idea.res.ResourceFolderRepositoryFileCacheImpl
18146:             1             24  com.android.tools.idea.run.editor.AndroidJavaDebugger
18147:             1             24  com.android.tools.idea.sampledata.AddSampleDataFileAction
18148:             1             24  com.android.tools.idea.sdk.AndroidSdks
18149:             1             24  com.android.tools.idea.startup.DelayedInitialization$RunnablePair
18150:             1             24  com.android.tools.idea.testartifacts.instrumented.AndroidTestRunConfigurationType$1
18151:             1             24  com.android.tools.idea.testartifacts.junit.AndroidJUnitAddToTestsPatternAction
18152:             1             24  com.android.tools.idea.testartifacts.junit.AndroidJUnitConfigurationType
18153:             1             24  com.android.tools.idea.testartifacts.junit.AndroidJUnitConfigurationType$1
18154:             1             24  com.android.tools.idea.testartifacts.junit.AndroidJUnitExcludeFromRunAction
18155:             1             24  com.android.tools.idea.testartifacts.scopes.TestArtifactCustomScopeProvider$AndroidTestsScope
18156:             1             24  com.android.tools.idea.testartifacts.scopes.TestArtifactCustomScopeProvider$AndroidTestsScope$1
18157:             1             24  com.android.tools.idea.testartifacts.scopes.TestArtifactCustomScopeProvider$UnitTestsScope
18158:             1             24  com.android.tools.idea.testartifacts.scopes.TestArtifactCustomScopeProvider$UnitTestsScope$1
18159:             1             24  com.android.tools.idea.uibuilder.editor.NlAbstractWindowManager$1
18160:             1             24  com.android.tools.idea.uibuilder.palette.NlPaletteModel
18161:             1             24  com.android.tools.idea.updater.configure.RunSdkConfigAction
18162:             1             24  com.android.tools.log.LogWrapper
18163:             1             24  com.ansorgit.plugins.bash.actions.NewBashFileAction
18164:             1             24  com.ansorgit.plugins.bash.actions.ReportFileTypeAction
18165:             1             24  com.ansorgit.plugins.bash.editor.liveTemplates.BashLiveTemplatesContext
18166:             1             24  com.ansorgit.plugins.bash.lang.parser.eval.BashEvalElementType
18167:             1             24  com.ansorgit.plugins.bash.lang.psi.stubs.elements.BashFunctionDefElementType
18168:             1             24  com.ansorgit.plugins.bash.lang.psi.stubs.elements.BashIncludeCommandElementType
18169:             1             24  com.ansorgit.plugins.bash.lang.psi.stubs.elements.BashSimpleCommandElementType
18170:             1             24  com.ansorgit.plugins.bash.lang.psi.stubs.elements.BashStubFileElementType
18171:             1             24  com.ansorgit.plugins.bash.lang.psi.stubs.elements.BashVarDefElementType
18172:             1             24  com.ansorgit.plugins.bash.lang.psi.stubs.elements.BashVarElementType
18173:             1             24  com.google.common.base.CharMatcher$Digit
18174:             1             24  com.google.common.base.CharMatcher$Invisible
18175:             1             24  com.google.common.base.CharMatcher$SingleWidth
18176:             1             24  com.google.common.base.Joiner$1
18177:             1             24  com.google.common.base.Joiner$2
18178:             1             24  com.google.common.base.Joiner$MapJoiner
18179:             1             24  com.google.common.base.Predicates$ObjectPredicate$1
18180:             1             24  com.google.common.base.Predicates$ObjectPredicate$2
18181:             1             24  com.google.common.base.Predicates$ObjectPredicate$3
18182:             1             24  com.google.common.base.Predicates$ObjectPredicate$4
18183:             1             24  com.google.common.base.Suppliers$NonSerializableMemoizingSupplier
18184:             1             24  com.google.common.cache.CacheBuilder$NullListener
18185:             1             24  com.google.common.cache.CacheBuilder$OneWeigher
18186:             1             24  com.google.common.cache.LocalCache$EntryFactory$1
18187:             1             24  com.google.common.cache.LocalCache$EntryFactory$2
18188:             1             24  com.google.common.cache.LocalCache$EntryFactory$3
18189:             1             24  com.google.common.cache.LocalCache$EntryFactory$4
18190:             1             24  com.google.common.cache.LocalCache$EntryFactory$5
18191:             1             24  com.google.common.cache.LocalCache$EntryFactory$6
18192:             1             24  com.google.common.cache.LocalCache$EntryFactory$7
18193:             1             24  com.google.common.cache.LocalCache$EntryFactory$8
18194:             1             24  com.google.common.cache.LocalCache$NullEntry
18195:             1             24  com.google.common.cache.LocalCache$Strength$1
18196:             1             24  com.google.common.cache.LocalCache$Strength$2
18197:             1             24  com.google.common.cache.LocalCache$Strength$3
18198:             1             24  com.google.common.cache.RemovalCause$1
18199:             1             24  com.google.common.cache.RemovalCause$2
18200:             1             24  com.google.common.cache.RemovalCause$3
18201:             1             24  com.google.common.cache.RemovalCause$4
18202:             1             24  com.google.common.cache.RemovalCause$5
18203:             1             24  com.google.common.collect.ConcurrentHashMultiset$EntrySet
18204:             1             24  com.google.common.collect.ImmutableMapEntrySet$RegularEntrySet
18205:             1             24  com.google.common.collect.NaturalOrdering
18206:             1             24  com.google.gson.FieldNamingPolicy$1
18207:             1             24  com.google.gson.FieldNamingPolicy$1
18208:             1             24  com.google.gson.FieldNamingPolicy$2
18209:             1             24  com.google.gson.FieldNamingPolicy$2
18210:             1             24  com.google.gson.FieldNamingPolicy$3
18211:             1             24  com.google.gson.FieldNamingPolicy$3
18212:             1             24  com.google.gson.FieldNamingPolicy$4
18213:             1             24  com.google.gson.FieldNamingPolicy$4
18214:             1             24  com.google.gson.FieldNamingPolicy$5
18215:             1             24  com.google.gson.FieldNamingPolicy$5
18216:             1             24  com.google.gson.LongSerializationPolicy$1
18217:             1             24  com.google.gson.LongSerializationPolicy$1
18218:             1             24  com.google.gson.LongSerializationPolicy$2
18219:             1             24  com.google.gson.LongSerializationPolicy$2
18220:             1             24  com.google.gson.internal.bind.JsonTreeReader$1
18221:             1             24  com.google.gson.internal.bind.TypeAdapters$34
18222:             1             24  com.google.gson.internal.bind.TypeAdapters$34
18223:             1             24  com.intellij.aop.psi.AopCompletionData$2
18224:             1             24  com.intellij.aop.psi.AopCompletionData$7
18225:             1             24  com.intellij.aop.psi.AopElementTypes$1
18226:             1             24  com.intellij.aop.psi.AopElementTypes$AopWhitespaceElementType
18227:             1             24  com.intellij.aop.psi.AopPointcutExpressionLanguage$1
18228:             1             24  com.intellij.appengine.actions.UploadApplicationAction
18229:             1             24  com.intellij.appengine.facet.AppEngineFrameworkDetector
18230:             1             24  com.intellij.appengine.server.run.AppEngineServerConfigurationType
18231:             1             24  com.intellij.application.ShowExperimentsAction
18232:             1             24  com.intellij.application.options.JspAutoImportOptionsProvider
18233:             1             24  com.intellij.application.options.XmlAutoImportOptionsProvider
18234:             1             24  com.intellij.application.options.codeStyle.arrangement.action.AddArrangementRuleAction
18235:             1             24  com.intellij.application.options.codeStyle.arrangement.action.AddArrangementSectionRuleAction
18236:             1             24  com.intellij.application.options.codeStyle.arrangement.action.EditArrangementRuleAction
18237:             1             24  com.intellij.application.options.codeStyle.arrangement.action.EditRuleAliasesDefinitionAction
18238:             1             24  com.intellij.application.options.codeStyle.arrangement.action.MoveArrangementGroupingRuleDownAction
18239:             1             24  com.intellij.application.options.codeStyle.arrangement.action.MoveArrangementGroupingRuleUpAction
18240:             1             24  com.intellij.application.options.codeStyle.arrangement.action.MoveArrangementMatchingRuleDownAction
18241:             1             24  com.intellij.application.options.codeStyle.arrangement.action.MoveArrangementMatchingRuleUpAction
18242:             1             24  com.intellij.application.options.codeStyle.arrangement.action.RearrangeCodeAction
18243:             1             24  com.intellij.application.options.codeStyle.arrangement.action.RemoveArrangementRuleAction
18244:             1             24  com.intellij.application.options.codeStyle.arrangement.action.tokens.AddArrangementAliasRuleAction
18245:             1             24  com.intellij.application.options.codeStyle.arrangement.action.tokens.EditArrangementAliasRuleAction
18246:             1             24  com.intellij.application.options.codeStyle.arrangement.action.tokens.MoveArrangementAliasRuleDownAction
18247:             1             24  com.intellij.application.options.codeStyle.arrangement.action.tokens.MoveArrangementAliasRuleUpAction
18248:             1             24  com.intellij.application.options.codeStyle.arrangement.action.tokens.RemoveArrangementAliasRuleAction
18249:             1             24  com.intellij.application.options.colors.JumpToColorsAndFontsAction
18250:             1             24  com.intellij.application.options.editor.CodeFoldingOptionsTopHitProvider
18251:             1             24  com.intellij.application.options.editor.GutterIconsConfigurable$ShowSettingsAction
18252:             1             24  com.intellij.batch.actions.CreateBatchJobFileAction
18253:             1             24  com.intellij.batch.config.BatchFrameworkType
18254:             1             24  com.intellij.batch.view.BatchViewFrameworkProvider
18255:             1             24  com.intellij.beanValidation.config.BVFrameworkType
18256:             1             24  com.intellij.byteCodeViewer.ShowByteCodeAction
18257:             1             24  com.intellij.cdi.actions.CreateBeansXmlAction
18258:             1             24  com.intellij.cdi.config.CdiFrameworkType
18259:             1             24  com.intellij.cdi.dependencies.actions.ShowCdiDependenciesPopup
18260:             1             24  com.intellij.cdi.view.CdiViewFrameworkProvider
18261:             1             24  com.intellij.cloudConfig.CloudConfigManager$LocalChanges
18262:             1             24  com.intellij.cloudConfig.StatusBarInfoManager$MenuAction
18263:             1             24  com.intellij.cloudConfig.StatusBarInfoManager$MyDisableAction
18264:             1             24  com.intellij.cloudConfig.StatusBarInfoManager$MyPluginsAction
18265:             1             24  com.intellij.cloudConfig.StatusBarInfoManager$MyToggleAction
18266:             1             24  com.intellij.cloudConfig.StatusBarInfoManager$MyUpdateApiAction
18267:             1             24  com.intellij.codeEditor.printing.ExportToHTMLAction
18268:             1             24  com.intellij.codeEditor.printing.PrintAction
18269:             1             24  com.intellij.codeInsight.AutoPopupController
18270:             1             24  com.intellij.codeInsight.JavaModuleSystemEx$ErrorWithFixes
18271:             1             24  com.intellij.codeInsight.actions.OptimizeImportsAction
18272:             1             24  com.intellij.codeInsight.actions.ReformatCodeAction
18273:             1             24  com.intellij.codeInsight.actions.ShowReformatFileDialog
18274:             1             24  com.intellij.codeInsight.completion.CompletionPhase$BgCalculation
18275:             1             24  com.intellij.codeInsight.completion.CompletionPhase$BgCalculation$1
18276:             1             24  com.intellij.codeInsight.completion.CompletionPhase$BgCalculation$2
18277:             1             24  com.intellij.codeInsight.completion.CompletionUtil$1
18278:             1             24  com.intellij.codeInsight.completion.CompletionVariant$CompletionVariantItem
18279:             1             24  com.intellij.codeInsight.completion.CompletionVariant$Scope
18280:             1             24  com.intellij.codeInsight.completion.OffsetTranslator
18281:             1             24  com.intellij.codeInsight.completion.OffsetTranslator$1
18282:             1             24  com.intellij.codeInsight.completion.TypeArgumentCompletionProvider
18283:             1             24  com.intellij.codeInsight.completion.actions.ClassNameCompletionAction
18284:             1             24  com.intellij.codeInsight.completion.actions.CodeCompletionAction
18285:             1             24  com.intellij.codeInsight.completion.actions.SmartCodeCompletionAction
18286:             1             24  com.intellij.codeInsight.completion.util.ParenthesesInsertHandler$1
18287:             1             24  com.intellij.codeInsight.completion.util.ParenthesesInsertHandler$2
18288:             1             24  com.intellij.codeInsight.daemon.JavaErrorMessages
18289:             1             24  com.intellij.codeInsight.daemon.impl.AttachSourcesNotificationProvider$1
18290:             1             24  com.intellij.codeInsight.daemon.impl.DaemonCodeAnalyzerEx$$Lambda$2150/801702401
18291:             1             24  com.intellij.codeInsight.daemon.impl.DaemonListeners$2
18292:             1             24  com.intellij.codeInsight.daemon.impl.DaemonListeners$3
18293:             1             24  com.intellij.codeInsight.daemon.impl.DaemonListeners$3$$Lambda$2909/757294625
18294:             1             24  com.intellij.codeInsight.daemon.impl.DaemonListeners$4
18295:             1             24  com.intellij.codeInsight.daemon.impl.DaemonListeners$8
18296:             1             24  com.intellij.codeInsight.daemon.impl.DaemonListeners$MyAnActionListener
18297:             1             24  com.intellij.codeInsight.daemon.impl.DaemonListeners$MyApplicationListener
18298:             1             24  com.intellij.codeInsight.daemon.impl.DaemonListeners$MyCommandListener
18299:             1             24  com.intellij.codeInsight.daemon.impl.EditorTracker$2
18300:             1             24  com.intellij.codeInsight.daemon.impl.EditorTracker$MyEditorFactoryListener
18301:             1             24  com.intellij.codeInsight.daemon.impl.ExternalToolPass$1$$Lambda$2832/1756554643
18302:             1             24  com.intellij.codeInsight.daemon.impl.PopupHectorAction
18303:             1             24  com.intellij.codeInsight.daemon.impl.PsiChangeHandler$1
18304:             1             24  com.intellij.codeInsight.daemon.impl.SdkSetupNotificationProvider$1
18305:             1             24  com.intellij.codeInsight.daemon.impl.TogglePopupHintsAction
18306:             1             24  com.intellij.codeInsight.daemon.impl.analysis.encoding.EncodingReference
18307:             1             24  com.intellij.codeInsight.documentation.AbstractExternalFilter$ParseSettings
18308:             1             24  com.intellij.codeInsight.documentation.actions.CopyQuickDocAction
18309:             1             24  com.intellij.codeInsight.editorActions.BackspaceHandler
18310:             1             24  com.intellij.codeInsight.editorActions.BackspaceToWordStartHandler
18311:             1             24  com.intellij.codeInsight.editorActions.CopyHandler
18312:             1             24  com.intellij.codeInsight.editorActions.CutHandler
18313:             1             24  com.intellij.codeInsight.editorActions.EnterHandler
18314:             1             24  com.intellij.codeInsight.editorActions.JavaQuoteHandler
18315:             1             24  com.intellij.codeInsight.editorActions.JavaVarArgNextParameterHandler
18316:             1             24  com.intellij.codeInsight.editorActions.PasteHandler
18317:             1             24  com.intellij.codeInsight.editorActions.SelectWordHandler
18318:             1             24  com.intellij.codeInsight.editorActions.SimpleIndentingBackspaceHandler
18319:             1             24  com.intellij.codeInsight.editorActions.moveUpDown.DeclarationMover
18320:             1             24  com.intellij.codeInsight.editorActions.smartEnter.SmartEnterAction$Handler
18321:             1             24  com.intellij.codeInsight.folding.impl.CodeFoldingManagerImpl$1
18322:             1             24  com.intellij.codeInsight.generation.GenerateByPatternAction
18323:             1             24  com.intellij.codeInsight.generation.GenerateInterceptorMethodsHandler
18324:             1             24  com.intellij.codeInsight.generation.actions.CommentByBlockCommentAction
18325:             1             24  com.intellij.codeInsight.generation.actions.CommentByLineCommentAction
18326:             1             24  com.intellij.codeInsight.generation.actions.GenerateAction
18327:             1             24  com.intellij.codeInsight.guess.impl.GuessManagerImpl
18328:             1             24  com.intellij.codeInsight.highlighting.BraceHighlighter$1
18329:             1             24  com.intellij.codeInsight.highlighting.BraceHighlighter$2
18330:             1             24  com.intellij.codeInsight.highlighting.BraceHighlighter$3
18331:             1             24  com.intellij.codeInsight.highlighting.EscapeHandler
18332:             1             24  com.intellij.codeInsight.highlighting.JavaPairedBraceMatcher
18333:             1             24  com.intellij.codeInsight.highlighting.actions.HighlightUsagesAction
18334:             1             24  com.intellij.codeInsight.hint.EscapeHandler
18335:             1             24  com.intellij.codeInsight.hint.NextParameterAfterCompletionHandler
18336:             1             24  com.intellij.codeInsight.hint.TooltipController
18337:             1             24  com.intellij.codeInsight.hints.AnnotationHintsPass$ToggleExternalAnnotationsHintsAction
18338:             1             24  com.intellij.codeInsight.hints.AnnotationHintsPass$ToggleInferredAnnotationsHintsAction
18339:             1             24  com.intellij.codeInsight.hints.ShowSettingsWithAddedPattern
18340:             1             24  com.intellij.codeInsight.hints.ToggleCompletionHintsAction
18341:             1             24  com.intellij.codeInsight.hints.ToggleInlineHintsAction
18342:             1             24  com.intellij.codeInsight.hints.settings.ParameterNameHintsSettings
18343:             1             24  com.intellij.codeInsight.intention.impl.AddExplicitTypeArgumentsIntention
18344:             1             24  com.intellij.codeInsight.intention.impl.AddJavadocIntention
18345:             1             24  com.intellij.codeInsight.intention.impl.AddOnDemandStaticImportAction
18346:             1             24  com.intellij.codeInsight.intention.impl.AddSingleMemberStaticImportAction
18347:             1             24  com.intellij.codeInsight.intention.impl.AnnotateIntentionAction
18348:             1             24  com.intellij.codeInsight.intention.impl.ConvertCompareToToEqualsIntention
18349:             1             24  com.intellij.codeInsight.intention.impl.CreateSubclassAction
18350:             1             24  com.intellij.codeInsight.intention.impl.CreateSwitchIntention
18351:             1             24  com.intellij.codeInsight.intention.impl.ReplaceCastWithVariableAction
18352:             1             24  com.intellij.codeInsight.intention.impl.config.IntentionManagerSettings
18353:             1             24  com.intellij.codeInsight.intention.impl.config.PlainTextDescriptor
18354:             1             24  com.intellij.codeInsight.javadoc.JavaDocInfoGenerator$2
18355:             1             24  com.intellij.codeInsight.lookup.impl.Advertiser$2
18356:             1             24  com.intellij.codeInsight.lookup.impl.BackspaceHandler
18357:             1             24  com.intellij.codeInsight.lookup.impl.CompletionExtender$1
18358:             1             24  com.intellij.codeInsight.lookup.impl.LookupActionHandler$DownHandler
18359:             1             24  com.intellij.codeInsight.lookup.impl.LookupActionHandler$LeftHandler
18360:             1             24  com.intellij.codeInsight.lookup.impl.LookupActionHandler$RightHandler
18361:             1             24  com.intellij.codeInsight.lookup.impl.LookupActionHandler$UpHandler
18362:             1             24  com.intellij.codeInsight.lookup.impl.LookupImpl$10
18363:             1             24  com.intellij.codeInsight.lookup.impl.LookupImpl$9
18364:             1             24  com.intellij.codeInsight.lookup.impl.LookupManagerImpl$5
18365:             1             24  com.intellij.codeInsight.lookup.impl.LookupPreview
18366:             1             24  com.intellij.codeInsight.lookup.impl.LookupUi$2
18367:             1             24  com.intellij.codeInsight.lookup.impl.LookupUi$ChangeLookupSorting
18368:             1             24  com.intellij.codeInsight.lookup.impl.LookupUi$LookupLayeredPane$1
18369:             1             24  com.intellij.codeInsight.lookup.impl.StartNewLineHandler
18370:             1             24  com.intellij.codeInsight.navigation.CtrlMouseHandler$6
18371:             1             24  com.intellij.codeInsight.navigation.CtrlMouseHandler$DocInfo
18372:             1             24  com.intellij.codeInsight.navigation.CtrlMouseHandler$QuickDocHyperlinkListener
18373:             1             24  com.intellij.codeInsight.navigation.CtrlMouseHandler$TooltipProvider$2
18374:             1             24  com.intellij.codeInsight.navigation.actions.IncrementalSearchAction
18375:             1             24  com.intellij.codeInsight.preview.ImageOrColorPreviewManager
18376:             1             24  com.intellij.codeInsight.template.EverywhereContextType
18377:             1             24  com.intellij.codeInsight.template.HtmlTextContextType
18378:             1             24  com.intellij.codeInsight.template.JavaCodeContextType$Declaration
18379:             1             24  com.intellij.codeInsight.template.JavaCodeContextType$Expression
18380:             1             24  com.intellij.codeInsight.template.JavaCodeContextType$Generic
18381:             1             24  com.intellij.codeInsight.template.JavaCodeContextType$Statement
18382:             1             24  com.intellij.codeInsight.template.JavaCommentContextType
18383:             1             24  com.intellij.codeInsight.template.JavaStringContextType
18384:             1             24  com.intellij.codeInsight.template.SmartCompletionContextType
18385:             1             24  com.intellij.codeInsight.template.Template$Property
18386:             1             24  com.intellij.codeInsight.template.XmlContextType
18387:             1             24  com.intellij.codeInsight.template.XmlTextContextType
18388:             1             24  com.intellij.codeInsight.template.XslTextContextType
18389:             1             24  com.intellij.codeInsight.template.actions.SaveAsTemplateAction
18390:             1             24  com.intellij.codeInsight.template.impl.TemplateManagerImpl
18391:             1             24  com.intellij.codeInsight.template.impl.editorActions.EnterHandler
18392:             1             24  com.intellij.codeInsight.template.impl.editorActions.EscapeHandler
18393:             1             24  com.intellij.codeInsight.template.macro.CompleteMacro
18394:             1             24  com.intellij.codeInspection.AddAssertStatementFix
18395:             1             24  com.intellij.codeInspection.BlockMarkerCommentsInspection
18396:             1             24  com.intellij.codeInspection.NonAsciiCharactersInspection$1
18397:             1             24  com.intellij.codeInspection.ProblematicWhitespaceInspection
18398:             1             24  com.intellij.codeInspection.actions.CleanupInspectionIntention
18399:             1             24  com.intellij.codeInspection.actions.CodeInspectionOnEditorAction
18400:             1             24  com.intellij.codeInspection.actions.SilentCodeCleanupAction
18401:             1             24  com.intellij.codeInspection.actions.ViewOfflineResultsAction
18402:             1             24  com.intellij.codeInspection.bytecodeAnalysis.DataValue$ParameterDataValue
18403:             1             24  com.intellij.codeInspection.bytecodeAnalysis.DataValue$ReturnDataValue
18404:             1             24  com.intellij.codeInspection.bytecodeAnalysis.ELattice
18405:             1             24  com.intellij.codeInspection.bytecodeAnalysis.EffectQuantum$ParamChangeQuantum
18406:             1             24  com.intellij.codeInspection.bytecodeAnalysis.NullableMethodAnalysisData$Constraint
18407:             1             24  com.intellij.codeInspection.bytecodeAnalysis.NullableMethodAnalysisData$LabeledNull
18408:             1             24  com.intellij.codeInspection.bytecodeAnalysis.ResultUtil
18409:             1             24  com.intellij.codeInspection.concurrencyAnnotations.FieldAccessNotGuardedInspection
18410:             1             24  com.intellij.codeInspection.dataFlow.DataFlowInspectionBase$2
18411:             1             24  com.intellij.codeInspection.dataFlow.DfaFactType$1
18412:             1             24  com.intellij.codeInspection.dataFlow.DfaFactType$2
18413:             1             24  com.intellij.codeInspection.dataFlow.DfaFactType$3
18414:             1             24  com.intellij.codeInspection.dataFlow.DfaFactType$4
18415:             1             24  com.intellij.codeInspection.dataFlow.DfaFactType$5
18416:             1             24  com.intellij.codeInspection.dataFlow.SideEffectFilter
18417:             1             24  com.intellij.codeInspection.dataFlow.TypeConstraint
18418:             1             24  com.intellij.codeInspection.dataFlow.fix.ReplaceWithConstantValueFix
18419:             1             24  com.intellij.codeInspection.dataFlow.fix.SurroundWithRequireNonNullFix
18420:             1             24  com.intellij.codeInspection.dataFlow.inliner.StreamChainInliner$1
18421:             1             24  com.intellij.codeInspection.dataFlow.rangeSet.LongRangeSet$Point
18422:             1             24  com.intellij.codeInspection.dataFlow.value.DfaUnknownValue
18423:             1             24  com.intellij.codeInspection.ex.ApplicationInspectionProfileManager$1
18424:             1             24  com.intellij.codeInspection.ex.EditInspectionToolsSettingsInSuppressedPlaceIntention
18425:             1             24  com.intellij.codeInspection.ex.EntryPointsManagerBase$1
18426:             1             24  com.intellij.codeInspection.ex.InspectionToolRegistrar
18427:             1             24  com.intellij.codeInspection.ex.SeverityEditorDialogAction
18428:             1             24  com.intellij.codeInspection.i18n.I18nizeAction
18429:             1             24  com.intellij.codeInspection.java19api.Java9GenerateModuleDescriptorsAction
18430:             1             24  com.intellij.codeInspection.javaDoc.JavadocHtmlLintAnnotator
18431:             1             24  com.intellij.codeInspection.longLine.LongLineInspection
18432:             1             24  com.intellij.codeInspection.streamMigration.FuseStreamOperationsInspection$FuseStreamOperationsFix
18433:             1             24  com.intellij.codeInspection.testOnly.TestOnlyInspection
18434:             1             24  com.intellij.codeInspection.ui.actions.EditSettingsAction
18435:             1             24  com.intellij.codeInspection.ui.actions.KeyAwareInspectionViewAction$DisableInspection
18436:             1             24  com.intellij.codeInspection.ui.actions.KeyAwareInspectionViewAction$RunInspectionOn
18437:             1             24  com.intellij.codeStyle.InconsistentLineSeparatorsInspection
18438:             1             24  com.intellij.coldFusion.CfmlTemplateContextType
18439:             1             24  com.intellij.coldFusion.UI.CfmlCreateFileAction
18440:             1             24  com.intellij.coldFusion.UI.runner.CfmlRunConfigurationType$1
18441:             1             24  com.intellij.coldFusion.model.parsers.CfmlElementTypes$1
18442:             1             24  com.intellij.coldFusion.model.parsers.CfmlElementTypes$10
18443:             1             24  com.intellij.coldFusion.model.parsers.CfmlElementTypes$11
18444:             1             24  com.intellij.coldFusion.model.parsers.CfmlElementTypes$12
18445:             1             24  com.intellij.coldFusion.model.parsers.CfmlElementTypes$13
18446:             1             24  com.intellij.coldFusion.model.parsers.CfmlElementTypes$14
18447:             1             24  com.intellij.coldFusion.model.parsers.CfmlElementTypes$15
18448:             1             24  com.intellij.coldFusion.model.parsers.CfmlElementTypes$16
18449:             1             24  com.intellij.coldFusion.model.parsers.CfmlElementTypes$17
18450:             1             24  com.intellij.coldFusion.model.parsers.CfmlElementTypes$18
18451:             1             24  com.intellij.coldFusion.model.parsers.CfmlElementTypes$19
18452:             1             24  com.intellij.coldFusion.model.parsers.CfmlElementTypes$2
18453:             1             24  com.intellij.coldFusion.model.parsers.CfmlElementTypes$20
18454:             1             24  com.intellij.coldFusion.model.parsers.CfmlElementTypes$21
18455:             1             24  com.intellij.coldFusion.model.parsers.CfmlElementTypes$22
18456:             1             24  com.intellij.coldFusion.model.parsers.CfmlElementTypes$23
18457:             1             24  com.intellij.coldFusion.model.parsers.CfmlElementTypes$24
18458:             1             24  com.intellij.coldFusion.model.parsers.CfmlElementTypes$25
18459:             1             24  com.intellij.coldFusion.model.parsers.CfmlElementTypes$26
18460:             1             24  com.intellij.coldFusion.model.parsers.CfmlElementTypes$27
18461:             1             24  com.intellij.coldFusion.model.parsers.CfmlElementTypes$28
18462:             1             24  com.intellij.coldFusion.model.parsers.CfmlElementTypes$29
18463:             1             24  com.intellij.coldFusion.model.parsers.CfmlElementTypes$3
18464:             1             24  com.intellij.coldFusion.model.parsers.CfmlElementTypes$30
18465:             1             24  com.intellij.coldFusion.model.parsers.CfmlElementTypes$4
18466:             1             24  com.intellij.coldFusion.model.parsers.CfmlElementTypes$5
18467:             1             24  com.intellij.coldFusion.model.parsers.CfmlElementTypes$6
18468:             1             24  com.intellij.coldFusion.model.parsers.CfmlElementTypes$7
18469:             1             24  com.intellij.coldFusion.model.parsers.CfmlElementTypes$8
18470:             1             24  com.intellij.coldFusion.model.parsers.CfmlElementTypes$9
18471:             1             24  com.intellij.coldFusion.model.psi.CfmlLeafElementType
18472:             1             24  com.intellij.coldFusion.model.psi.stubs.CfmlComponentElementTypeImpl
18473:             1             24  com.intellij.coldFusion.model.psi.stubs.CfmlFileElementType
18474:             1             24  com.intellij.coldFusion.model.psi.stubs.CfmlTagComponentElementTypeImpl
18475:             1             24  com.intellij.coldFusion.mxunit.CfmlUnitRunConfigurationType$1
18476:             1             24  com.intellij.compiler.CompilerManagerImpl$$Lambda$576/519426129
18477:             1             24  com.intellij.compiler.CompilerManagerImpl$ListenerNotificator
18478:             1             24  com.intellij.compiler.actions.BuildArtifactAction
18479:             1             24  com.intellij.compiler.actions.CompileAction
18480:             1             24  com.intellij.compiler.actions.CompileDirtyAction
18481:             1             24  com.intellij.compiler.actions.CompileProjectAction
18482:             1             24  com.intellij.compiler.actions.DebugBuildProcessToggleAction
18483:             1             24  com.intellij.compiler.actions.GenerateAntBuildAction
18484:             1             24  com.intellij.compiler.actions.MakeModuleAction
18485:             1             24  com.intellij.compiler.backwardRefs.CompilerHierarchySearchType$1
18486:             1             24  com.intellij.compiler.backwardRefs.CompilerHierarchySearchType$2
18487:             1             24  com.intellij.compiler.backwardRefs.CompilerReferenceServiceImpl$2$$Lambda$2255/599460865
18488:             1             24  com.intellij.compiler.backwardRefs.CompilerReferenceServiceImpl$2$$Lambda$2256/2092049522
18489:             1             24  com.intellij.compiler.backwardRefs.DirtyScopeHolder$$Lambda$2259/1819839070
18490:             1             24  com.intellij.compiler.backwardRefs.ExcludedFromCompileFilesUtil$$Lambda$1660/1024874321
18491:             1             24  com.intellij.compiler.impl.CompilerCacheManager$$Lambda$2973/624157094
18492:             1             24  com.intellij.compiler.impl.CompilerPropertiesAction
18493:             1             24  com.intellij.compiler.impl.GenericCompilerRunner$$Lambda$2974/1169419367
18494:             1             24  com.intellij.compiler.impl.ProblemsViewImpl$$Lambda$1452/1378134625
18495:             1             24  com.intellij.compiler.impl.ProblemsViewImpl$2
18496:             1             24  com.intellij.compiler.impl.generic.GenericCompilerCache
18497:             1             24  com.intellij.compiler.impl.generic.GenericCompilerCache$PersistentStateDataExternalizer
18498:             1             24  com.intellij.compiler.impl.generic.GenericCompilerCache$SourceItemDataDescriptor
18499:             1             24  com.intellij.compiler.options.ExcludeFromValidationAction
18500:             1             24  com.intellij.compiler.options.ValidateAction
18501:             1             24  com.intellij.compiler.server.BuildManager$$Lambda$1461/1420473317
18502:             1             24  com.intellij.compiler.server.BuildManager$3
18503:             1             24  com.intellij.compiler.server.BuildManager$8
18504:             1             24  com.intellij.compiler.server.BuildManager$DelegateFuture
18505:             1             24  com.intellij.compiler.server.BuildManager$DelegateFuture$$Lambda$851/1639048509
18506:             1             24  com.intellij.compiler.server.BuildManager$ProjectWatcher
18507:             1             24  com.intellij.compiler.server.BuildManager$ProjectWatcher$$Lambda$706/913980800
18508:             1             24  com.intellij.compiler.server.BuildManager$ProjectWatcher$3
18509:             1             24  com.intellij.compiler.server.BuildManager$ProjectWatcher$3$$Lambda$2254/1787033393
18510:             1             24  com.intellij.compiler.server.BuildManager$ProjectWatcher$3$$Lambda$2260/1105166655
18511:             1             24  com.intellij.configurationStore.SchemeManagerFactoryBase$ApplicationSchemeManagerFactory
18512:             1             24  com.intellij.configurationStore.XmlSerializer$serializer$1
18513:             1             24  com.intellij.copyright.CopyrightManagerPostStartupActivity$runActivity$2
18514:             1             24  com.intellij.coverage.CoverageDataManagerImpl$5
18515:             1             24  com.intellij.coverage.CoverageDataManagerImpl$CoverageEditorFactoryListener
18516:             1             24  com.intellij.coverage.actions.GenerateCoverageReportAction
18517:             1             24  com.intellij.coverage.actions.HideCoverageInfoAction
18518:             1             24  com.intellij.coverage.actions.SwitchCoverageSuiteAction
18519:             1             24  com.intellij.coverage.view.CoverageViewSuiteListener
18520:             1             24  com.intellij.credentialStore.MasterKeyFileStorage
18521:             1             24  com.intellij.credentialStore.PasswordSafeSettings
18522:             1             24  com.intellij.credentialStore.kdbx.KeePassDatabase
18523:             1             24  com.intellij.cvsSupport2.actions.ConfigureCvsRootsAction
18524:             1             24  com.intellij.cvsSupport2.actions.GlobalSettingsAction
18525:             1             24  com.intellij.cvsSupport2.actions.ToggleOfflineAction
18526:             1             24  com.intellij.database.actions.AssignColorAction
18527:             1             24  com.intellij.database.actions.ColumnsWidthAction$DecreaseColumnsWidthAction
18528:             1             24  com.intellij.database.actions.ColumnsWidthAction$IncreaseColumnsWidthAction
18529:             1             24  com.intellij.database.actions.CreateDataSourceFromSettings
18530:             1             24  com.intellij.database.actions.DataSourceCopySettingsAction
18531:             1             24  com.intellij.database.actions.DatabaseCliAction$Dump
18532:             1             24  com.intellij.database.actions.DatabaseCliAction$Restore
18533:             1             24  com.intellij.database.actions.DatabaseViewActions$CopyAction
18534:             1             24  com.intellij.database.actions.DatabaseViewActions$DisconnectAction
18535:             1             24  com.intellij.database.actions.DatabaseViewActions$FilterAction
18536:             1             24  com.intellij.database.actions.DatabaseViewActions$ForgetSchemasAction
18537:             1             24  com.intellij.database.actions.DatabaseViewActions$MoveToGroup
18538:             1             24  com.intellij.database.actions.DatabaseViewActions$ToolsGroup
18539:             1             24  com.intellij.database.actions.DdlActions$AddColumnAction
18540:             1             24  com.intellij.database.actions.DdlActions$AddDatabaseAction
18541:             1             24  com.intellij.database.actions.DdlActions$AddForeignKeyAction
18542:             1             24  com.intellij.database.actions.DdlActions$AddIndexAction
18543:             1             24  com.intellij.database.actions.DdlActions$AddPrimaryKeyAction
18544:             1             24  com.intellij.database.actions.DdlActions$AddSchemaAction
18545:             1             24  com.intellij.database.actions.DdlActions$AddTableAction
18546:             1             24  com.intellij.database.actions.DdlActions$BatchAddIndicesAction
18547:             1             24  com.intellij.database.actions.DdlActions$BatchModifyIndicesAction
18548:             1             24  com.intellij.database.actions.DdlActions$CommentOnObjectAction
18549:             1             24  com.intellij.database.actions.DdlActions$DropForeignKeyAction
18550:             1             24  com.intellij.database.actions.DdlActions$DropPrimaryKeyAction
18551:             1             24  com.intellij.database.actions.EditAsTableAction
18552:             1             24  com.intellij.database.actions.ExplainPlanAction
18553:             1             24  com.intellij.database.actions.ExplainPlanAction$Raw
18554:             1             24  com.intellij.database.actions.GenerateSqlActions$CopyDdlAction
18555:             1             24  com.intellij.database.actions.GenerateSqlActions$CopyDdlFromDbAction
18556:             1             24  com.intellij.database.actions.GenerateSqlActions$OpenDdlInConsoleAction
18557:             1             24  com.intellij.database.actions.GenerateSqlActions$ShowSqlGeneratorAction
18558:             1             24  com.intellij.database.actions.GridOccurrenceSelectionAction$SelectAllOccurrencesAction
18559:             1             24  com.intellij.database.actions.GridOccurrenceSelectionAction$SelectNextOccurrenceAction
18560:             1             24  com.intellij.database.actions.GridOccurrenceSelectionAction$UnselectPreviousOccurrenceAction
18561:             1             24  com.intellij.database.actions.GrowSelectionAction
18562:             1             24  com.intellij.database.actions.HideSchemasAction
18563:             1             24  com.intellij.database.actions.ImportAction
18564:             1             24  com.intellij.database.actions.ImportAction$CopyTable
18565:             1             24  com.intellij.database.actions.ImportAction$ImportTable
18566:             1             24  com.intellij.database.actions.ImportDataSourceAction
18567:             1             24  com.intellij.database.actions.ImportFromSqlAction
18568:             1             24  com.intellij.database.actions.ManageDataSourcesAction
18569:             1             24  com.intellij.database.actions.OpenConsoleAction
18570:             1             24  com.intellij.database.actions.OpenEditorAction$OpenDDLAction
18571:             1             24  com.intellij.database.actions.OpenEditorAction$OpenDDLGridAction
18572:             1             24  com.intellij.database.actions.OpenEditorAction$OpenDataAction
18573:             1             24  com.intellij.database.actions.OpenEditorAction$OpenDefaultAction
18574:             1             24  com.intellij.database.actions.ResetColumnsWidth
18575:             1             24  com.intellij.database.actions.SelectRowAction
18576:             1             24  com.intellij.database.actions.ShowSchemasAction
18577:             1             24  com.intellij.database.actions.SynchronizeSchemaAction
18578:             1             24  com.intellij.database.console.DbConsoleRootType
18579:             1             24  com.intellij.database.console.DbConsoleRootType$1
18580:             1             24  com.intellij.database.console.RunSqlScriptAction
18581:             1             24  com.intellij.database.console.evaluation.JdbcConsoleEvaluationSupport
18582:             1             24  com.intellij.database.dataSource.srcStorage.DbSrcChangesTracker$App$1
18583:             1             24  com.intellij.database.dataSource.srcStorage.DbSrcFileSystem$1
18584:             1             24  com.intellij.database.datagrid.GridPositionWidget
18585:             1             24  com.intellij.database.datagrid.GridPositionWidget$1
18586:             1             24  com.intellij.database.datagrid.GridPositionWidget$2
18587:             1             24  com.intellij.database.diagram.DbDiagramProvider$1
18588:             1             24  com.intellij.database.diagram.DbDiagramProvider$4
18589:             1             24  com.intellij.database.diff.SchemaDiffAction
18590:             1             24  com.intellij.database.editor.CsvTableFileEditorProvider
18591:             1             24  com.intellij.database.editor.DatabaseTableFileEditorProvider
18592:             1             24  com.intellij.database.editor.FragmentTableFileEditorProvider
18593:             1             24  com.intellij.database.editor.GotoRowAction
18594:             1             24  com.intellij.database.model.ObjectName
18595:             1             24  com.intellij.database.run.ConsoleDataRequest$EscapeHandler
18596:             1             24  com.intellij.database.run.actions.AddColumnAction
18597:             1             24  com.intellij.database.run.actions.AddRowAction
18598:             1             24  com.intellij.database.run.actions.CancelQueryAction
18599:             1             24  com.intellij.database.run.actions.ChangeCellEditorLanguageAction
18600:             1             24  com.intellij.database.run.actions.ChangeColumnLanguageAction
18601:             1             24  com.intellij.database.run.actions.ChooseConsoleAction
18602:             1             24  com.intellij.database.run.actions.ChooseExtractorAction
18603:             1             24  com.intellij.database.run.actions.ChooseSchemaAction
18604:             1             24  com.intellij.database.run.actions.CloneColumnAction
18605:             1             24  com.intellij.database.run.actions.CloneRowAction
18606:             1             24  com.intellij.database.run.actions.ColumnAction$SortAsc
18607:             1             24  com.intellij.database.run.actions.ColumnAction$SortDesc
18608:             1             24  com.intellij.database.run.actions.ColumnAction$SortReset
18609:             1             24  com.intellij.database.run.actions.ColumnAction$Visibility
18610:             1             24  com.intellij.database.run.actions.ColumnsListAction
18611:             1             24  com.intellij.database.run.actions.CompareCellsAction
18612:             1             24  com.intellij.database.run.actions.CompareWithGroup$1
18613:             1             24  com.intellij.database.run.actions.CountRowsAction
18614:             1             24  com.intellij.database.run.actions.DeleteColumnsAction
18615:             1             24  com.intellij.database.run.actions.DeleteRowsAction
18616:             1             24  com.intellij.database.run.actions.DumpAction$ToClipboard
18617:             1             24  com.intellij.database.run.actions.DumpAction$ToFile
18618:             1             24  com.intellij.database.run.actions.EditFilterCriteriaAction
18619:             1             24  com.intellij.database.run.actions.EditValueAction
18620:             1             24  com.intellij.database.run.actions.EditValueInMaximizedCellEditorAction
18621:             1             24  com.intellij.database.run.actions.FindInGridAction
18622:             1             24  com.intellij.database.run.actions.HideColumnAction
18623:             1             24  com.intellij.database.run.actions.LoadFileAction
18624:             1             24  com.intellij.database.run.actions.MaximizeEditingCellAction
18625:             1             24  com.intellij.database.run.actions.NavigateAction
18626:             1             24  com.intellij.database.run.actions.NavigateAction$ExportedAction
18627:             1             24  com.intellij.database.run.actions.NavigateAction$ForeignAction
18628:             1             24  com.intellij.database.run.actions.PageAction$First
18629:             1             24  com.intellij.database.run.actions.PageAction$Last
18630:             1             24  com.intellij.database.run.actions.PageAction$Next
18631:             1             24  com.intellij.database.run.actions.PageAction$Previous
18632:             1             24  com.intellij.database.run.actions.PageAction$Reload
18633:             1             24  com.intellij.database.run.actions.RenameTabAction
18634:             1             24  com.intellij.database.run.actions.ResetViewAction
18635:             1             24  com.intellij.database.run.actions.RevertMutations
18636:             1             24  com.intellij.database.run.actions.SaveLobAsAction
18637:             1             24  com.intellij.database.run.actions.ShowPropertiesAction
18638:             1             24  com.intellij.database.run.actions.ShowPropertiesAction$CsvFormats
18639:             1             24  com.intellij.database.run.actions.SubmitMutations
18640:             1             24  com.intellij.database.run.actions.ToggleFiltersAction
18641:             1             24  com.intellij.database.run.actions.ToggleSortingModeAction
18642:             1             24  com.intellij.database.run.actions.TransactionAction$Commit
18643:             1             24  com.intellij.database.run.actions.TransactionAction$RevertAndRollback
18644:             1             24  com.intellij.database.run.actions.TransactionAction$Rollback
18645:             1             24  com.intellij.database.run.actions.TransactionAction$SubmitAndCommit
18646:             1             24  com.intellij.database.run.actions.TransposeAction
18647:             1             24  com.intellij.database.run.actions.ViewQueryAction
18648:             1             24  com.intellij.database.run.ui.grid.editors.CellEditorScratchRootType
18649:             1             24  com.intellij.database.util.DasUtil$EmptyModel
18650:             1             24  com.intellij.database.vendors.oracle.OracleProcessDbmsOutputAction
18651:             1             24  com.intellij.database.vfs.DbStorageFileType$H2Storage
18652:             1             24  com.intellij.database.vfs.DbStorageFileType$SqliteStorage
18653:             1             24  com.intellij.database.view.DatabaseColorManager$Local$1
18654:             1             24  com.intellij.debugger.actions.AddSteppingFilterAction
18655:             1             24  com.intellij.debugger.actions.ArrayAction$AdjustArrayRangeAction
18656:             1             24  com.intellij.debugger.actions.ArrayAction$FilterArrayAction
18657:             1             24  com.intellij.debugger.actions.ArrayFilterAction$Delete
18658:             1             24  com.intellij.debugger.actions.ArrayFilterAction$Edit
18659:             1             24  com.intellij.debugger.actions.AsyncStacksToggleAction
18660:             1             24  com.intellij.debugger.actions.AutoRendererAction
18661:             1             24  com.intellij.debugger.actions.CreateRendererAction
18662:             1             24  com.intellij.debugger.actions.CustomizeContextViewAction
18663:             1             24  com.intellij.debugger.actions.CustomizeThreadsViewAction
18664:             1             24  com.intellij.debugger.actions.EditCustomFieldAction
18665:             1             24  com.intellij.debugger.actions.EditFrameSourceAction
18666:             1             24  com.intellij.debugger.actions.EditSourceAction
18667:             1             24  com.intellij.debugger.actions.ExportThreadsAction
18668:             1             24  com.intellij.debugger.actions.ForceEarlyReturnAction
18669:             1             24  com.intellij.debugger.actions.FreezeThreadAction
18670:             1             24  com.intellij.debugger.actions.HotSwapAction
18671:             1             24  com.intellij.debugger.actions.InterruptThreadAction
18672:             1             24  com.intellij.debugger.actions.JumpToObjectAction
18673:             1             24  com.intellij.debugger.actions.NewCustomFieldAction
18674:             1             24  com.intellij.debugger.actions.PopFrameAction
18675:             1             24  com.intellij.debugger.actions.RemoveCustomFieldAction
18676:             1             24  com.intellij.debugger.actions.ResumeThreadAction
18677:             1             24  com.intellij.debugger.actions.ShowRelatedStackAction
18678:             1             24  com.intellij.debugger.actions.SwitchToTheNextContextAction
18679:             1             24  com.intellij.debugger.actions.ThreadDumpAction
18680:             1             24  com.intellij.debugger.actions.ThrowExceptionAction
18681:             1             24  com.intellij.debugger.actions.ToggleFieldBreakpointAction
18682:             1             24  com.intellij.debugger.actions.ToggleMethodBreakpointAction
18683:             1             24  com.intellij.debugger.actions.ViewTextAction
18684:             1             24  com.intellij.debugger.memory.action.EnableBackgroundTrackingAction
18685:             1             24  com.intellij.debugger.memory.action.JumpToTypeSourceAction
18686:             1             24  com.intellij.debugger.memory.action.ShowClassesWithDiffAction
18687:             1             24  com.intellij.debugger.memory.action.ShowClassesWithInstanceAction
18688:             1             24  com.intellij.debugger.memory.action.ShowInstancesByClassAction
18689:             1             24  com.intellij.debugger.memory.action.ShowInstancesFromClassesViewAction
18690:             1             24  com.intellij.debugger.memory.action.ShowNewInstancesAction
18691:             1             24  com.intellij.debugger.memory.action.ShowTrackedAction
18692:             1             24  com.intellij.debugger.memory.action.SwitchUpdateModeAction
18693:             1             24  com.intellij.debugger.memory.action.tracking.JumpToAllocationSourceAction
18694:             1             24  com.intellij.debugger.memory.action.tracking.TrackInstancesToggleAction
18695:             1             24  com.intellij.debugger.memory.component.MemoryViewManager
18696:             1             24  com.intellij.debugger.memory.tracking.TrackingType
18697:             1             24  com.intellij.debugger.streams.lib.impl.DefaultLibrarySupport
18698:             1             24  com.intellij.debugger.ui.JavaDebuggerSupport
18699:             1             24  com.intellij.debugger.ui.breakpoints.JavaExceptionBreakpointType
18700:             1             24  com.intellij.debugger.ui.breakpoints.JavaFieldBreakpointType
18701:             1             24  com.intellij.debugger.ui.breakpoints.JavaLineBreakpointType
18702:             1             24  com.intellij.debugger.ui.breakpoints.JavaMethodBreakpointType
18703:             1             24  com.intellij.debugger.ui.breakpoints.JavaWildcardMethodBreakpointType
18704:             1             24  com.intellij.debugger.ui.tree.actions.ForceOnDemandRenderersAction
18705:             1             24  com.intellij.designer.inspector.impl.actions.AddPropertyAction
18706:             1             24  com.intellij.designer.inspector.impl.actions.EditPropertyAction
18707:             1             24  com.intellij.designer.inspector.impl.actions.RemovePropertyAction
18708:             1             24  com.intellij.diagnostic.IdeFatalErrorsIcon$1
18709:             1             24  com.intellij.diagnostic.MessagePool
18710:             1             24  com.intellij.diagnostic.PerformanceWatcher$1
18711:             1             24  com.intellij.diagram.actions.CollapseNodesAction
18712:             1             24  com.intellij.diagram.actions.DiagramIntentionAction
18713:             1             24  com.intellij.diagram.actions.ExpandNodesAction
18714:             1             24  com.intellij.diff.actions.CompareClipboardWithSelectionAction
18715:             1             24  com.intellij.diff.actions.CompareFileWithEditorAction
18716:             1             24  com.intellij.diff.impl.DiffRequestProcessor$DefaultState
18717:             1             24  com.intellij.diff.requests.NoDiffRequest
18718:             1             24  com.intellij.diff.tools.ErrorDiffTool$MyViewer
18719:             1             24  com.intellij.dmserver.artifacts.DMBundleArtifactType
18720:             1             24  com.intellij.dmserver.artifacts.DMCompositePackagingElementType
18721:             1             24  com.intellij.dmserver.artifacts.DMConfigArtifactType
18722:             1             24  com.intellij.dmserver.artifacts.DMConfigPackagingElementType
18723:             1             24  com.intellij.dmserver.artifacts.DMContainerPackagingElementType
18724:             1             24  com.intellij.dmserver.artifacts.DMParArtifactType
18725:             1             24  com.intellij.dmserver.artifacts.DMPlanArtifactType
18726:             1             24  com.intellij.dmserver.completion.ManifestImportsCompletionContributor
18727:             1             24  com.intellij.dmserver.integration.DMServerIntegration
18728:             1             24  com.intellij.dmserver.libraries.ManageServerLibrariesAction
18729:             1             24  com.intellij.dsm.actions.CloseAction
18730:             1             24  com.intellij.dsm.actions.DepsFindUsagesAction
18731:             1             24  com.intellij.dsm.actions.ExploreDependenciesAction
18732:             1             24  com.intellij.dsm.actions.GoToNextCycleAction
18733:             1             24  com.intellij.dsm.actions.LimitDependenciesAction
18734:             1             24  com.intellij.dsm.actions.OpenInEditorAction
18735:             1             24  com.intellij.dsm.actions.ToggleCyclesAction
18736:             1             24  com.intellij.dsm.actions.ToggleFlattenPackagesAction
18737:             1             24  com.intellij.dsm.actions.ToggleGradientAction
18738:             1             24  com.intellij.dsm.actions.ToggleModuleGroupsAction
18739:             1             24  com.intellij.dsm.actions.ToggleModulesAction
18740:             1             24  com.intellij.dsm.actions.TogglePackagesAction
18741:             1             24  com.intellij.dsm.actions.ZoomInAction
18742:             1             24  com.intellij.dsm.actions.ZoomOutAction
18743:             1             24  com.intellij.dupLocator.JavaDuplicatesProfile
18744:             1             24  com.intellij.dupLocator.index.DuplicatesIndex
18745:             1             24  com.intellij.dvcs.actions.SetRepositoryChangesGroupingAction
18746:             1             24  com.intellij.dvcs.cherrypick.VcsCherryPickAction
18747:             1             24  com.intellij.dvcs.push.VcsPushAction
18748:             1             24  com.intellij.dvcs.repo.Repository$State$1
18749:             1             24  com.intellij.dvcs.repo.Repository$State$2
18750:             1             24  com.intellij.dvcs.repo.Repository$State$3
18751:             1             24  com.intellij.embedding.EmbeddedLazyParseableElementType
18752:             1             24  com.intellij.execution.ExecutionBundle
18753:             1             24  com.intellij.execution.actions.ChooseDebugConfigurationPopupAction
18754:             1             24  com.intellij.execution.actions.ChooseRunConfigurationPopupAction
18755:             1             24  com.intellij.execution.actions.EOFAction
18756:             1             24  com.intellij.execution.actions.ShowRunningListAction
18757:             1             24  com.intellij.execution.applet.AppletConfigurationType$1
18758:             1             24  com.intellij.execution.compound.CompoundRunConfigurationType$1
18759:             1             24  com.intellij.execution.configuration.EnvironmentVariablesData
18760:             1             24  com.intellij.execution.console.ConsoleFoldingSettings
18761:             1             24  com.intellij.execution.console.FoldLinesLikeThis
18762:             1             24  com.intellij.execution.console.HistoryRootType
18763:             1             24  com.intellij.execution.console.IdeConsoleRootType
18764:             1             24  com.intellij.execution.console.RunIdeConsoleAction
18765:             1             24  com.intellij.execution.dashboard.actions.CopyConfigurationAction
18766:             1             24  com.intellij.execution.dashboard.actions.DebugAction
18767:             1             24  com.intellij.execution.dashboard.actions.EditConfigurationAction
18768:             1             24  com.intellij.execution.dashboard.actions.GroupConfigurationsAction
18769:             1             24  com.intellij.execution.dashboard.actions.RemoveConfigurationAction
18770:             1             24  com.intellij.execution.dashboard.actions.RunAction
18771:             1             24  com.intellij.execution.dashboard.actions.ShowConfigurationsAction
18772:             1             24  com.intellij.execution.dashboard.actions.StopAction
18773:             1             24  com.intellij.execution.dashboard.actions.UngroupConfigurationsActions
18774:             1             24  com.intellij.execution.executors.DefaultDebugExecutor
18775:             1             24  com.intellij.execution.impl.DefaultJavaProgramRunner$2
18776:             1             24  com.intellij.execution.impl.EditorHyperlinkSupport$HyperlinkInfoTextAttributes
18777:             1             24  com.intellij.execution.impl.ProjectRunConfigurationInitializer$1
18778:             1             24  com.intellij.execution.impl.TokenBuffer$TokenInfo
18779:             1             24  com.intellij.execution.jar.JarApplicationConfigurationType$1
18780:             1             24  com.intellij.execution.jshell.JShellRootType
18781:             1             24  com.intellij.execution.jshell.LaunchJShellConsoleAction
18782:             1             24  com.intellij.execution.junit.JUnitAddToTestsPatternAction
18783:             1             24  com.intellij.execution.junit.JUnitExcludeFromRunAction
18784:             1             24  com.intellij.execution.junit.TestInClassConfigurationProducer
18785:             1             24  com.intellij.execution.process.ColoredOutputTypeRegistry
18786:             1             24  com.intellij.execution.process.ProcessHandler$4
18787:             1             24  com.intellij.execution.remote.RemoteConfigurationType$1
18788:             1             24  com.intellij.execution.rmi.RemoteDeadHand$TwoMinutesTurkish
18789:             1             24  com.intellij.execution.rmi.RemoteProcessSupport$2
18790:             1             24  com.intellij.execution.runners.FakeRerunAction
18791:             1             24  com.intellij.execution.runners.RerunTestsAction
18792:             1             24  com.intellij.execution.scratch.JavaScratchConfigurationType
18793:             1             24  com.intellij.execution.scratch.JavaScratchConfigurationType$1
18794:             1             24  com.intellij.execution.startup.ProjectStartupTaskManager
18795:             1             24  com.intellij.execution.testframework.actions.RerunFailedTestsAction
18796:             1             24  com.intellij.execution.testframework.actions.SelectInTreeAction
18797:             1             24  com.intellij.execution.testframework.actions.ViewAssertEqualsDiffAction
18798:             1             24  com.intellij.execution.ui.RunContentManagerImpl$CloseListener
18799:             1             24  com.intellij.execution.ui.layout.actions.CloseAllUnpinnedViewsAction
18800:             1             24  com.intellij.execution.ui.layout.actions.CloseAllViewsAction
18801:             1             24  com.intellij.execution.ui.layout.actions.CloseOtherViewsAction
18802:             1             24  com.intellij.execution.ui.layout.actions.CloseViewAction
18803:             1             24  com.intellij.execution.ui.layout.actions.MinimizeViewAction
18804:             1             24  com.intellij.execution.ui.layout.actions.RestoreLayoutAction
18805:             1             24  com.intellij.execution.update.UpdateRunningApplicationAction
18806:             1             24  com.intellij.facet.FacetFromExternalSourcesStorage
18807:             1             24  com.intellij.facet.impl.FacetTypeRegistryImpl
18808:             1             24  com.intellij.featureStatistics.actions.ShowFeatureUsageStatisticsAction
18809:             1             24  com.intellij.find.actions.FindInPathAction
18810:             1             24  com.intellij.find.actions.FindUsagesAction
18811:             1             24  com.intellij.find.actions.FindUsagesAction$ShowSettingsAndFindUsages
18812:             1             24  com.intellij.find.actions.FindUsagesInFileAction
18813:             1             24  com.intellij.find.actions.ReplaceInPathAction
18814:             1             24  com.intellij.find.impl.ShowRecentFindUsagesAction
18815:             1             24  com.intellij.formatting.DependentSpacingRule
18816:             1             24  com.intellij.formatting.ProbablyIncreasingLowerboundAlgorithm
18817:             1             24  com.intellij.formatting.alignment.AlignmentStrategy$SharedAlignmentStrategy
18818:             1             24  com.intellij.framework.detection.FacetBasedFrameworkDetector$FacetBasedFrameworkType
18819:             1             24  com.intellij.framework.detection.FileContentPattern$3
18820:             1             24  com.intellij.framework.detection.impl.DetectedFrameworksData
18821:             1             24  com.intellij.framework.detection.impl.FrameworkDetectionIndex$1
18822:             1             24  com.intellij.freemarker.FreeMarkerBundle
18823:             1             24  com.intellij.freemarker.inspections.CreateDynamicMethodFix
18824:             1             24  com.intellij.freemarker.inspections.CreateSignatureDirectiveFromUsage$Explicit
18825:             1             24  com.intellij.freemarker.inspections.CreateSignatureDirectiveFromUsage$Implicit
18826:             1             24  com.intellij.freemarker.inspections.DefineImplicitToplevelVariableIntention$Local
18827:             1             24  com.intellij.freemarker.inspections.DefineImplicitToplevelVariableIntention$LocalExternal
18828:             1             24  com.intellij.freemarker.inspections.DefineImplicitVariableIntention$Local
18829:             1             24  com.intellij.freemarker.inspections.DefineImplicitVariableIntention$LocalExternal
18830:             1             24  com.intellij.freemarker.inspections.DefineImplicitVariableIntention$ModuleWide
18831:             1             24  com.intellij.freemarker.psi.FtlCompositeElementTypes$1
18832:             1             24  com.intellij.freemarker.psi.FtlCompositeElementTypes$10
18833:             1             24  com.intellij.freemarker.psi.FtlCompositeElementTypes$11
18834:             1             24  com.intellij.freemarker.psi.FtlCompositeElementTypes$12
18835:             1             24  com.intellij.freemarker.psi.FtlCompositeElementTypes$13
18836:             1             24  com.intellij.freemarker.psi.FtlCompositeElementTypes$14
18837:             1             24  com.intellij.freemarker.psi.FtlCompositeElementTypes$15
18838:             1             24  com.intellij.freemarker.psi.FtlCompositeElementTypes$16
18839:             1             24  com.intellij.freemarker.psi.FtlCompositeElementTypes$17
18840:             1             24  com.intellij.freemarker.psi.FtlCompositeElementTypes$18
18841:             1             24  com.intellij.freemarker.psi.FtlCompositeElementTypes$19
18842:             1             24  com.intellij.freemarker.psi.FtlCompositeElementTypes$2
18843:             1             24  com.intellij.freemarker.psi.FtlCompositeElementTypes$20
18844:             1             24  com.intellij.freemarker.psi.FtlCompositeElementTypes$21
18845:             1             24  com.intellij.freemarker.psi.FtlCompositeElementTypes$22
18846:             1             24  com.intellij.freemarker.psi.FtlCompositeElementTypes$23
18847:             1             24  com.intellij.freemarker.psi.FtlCompositeElementTypes$24
18848:             1             24  com.intellij.freemarker.psi.FtlCompositeElementTypes$3
18849:             1             24  com.intellij.freemarker.psi.FtlCompositeElementTypes$4
18850:             1             24  com.intellij.freemarker.psi.FtlCompositeElementTypes$5
18851:             1             24  com.intellij.freemarker.psi.FtlCompositeElementTypes$6
18852:             1             24  com.intellij.freemarker.psi.FtlCompositeElementTypes$7
18853:             1             24  com.intellij.freemarker.psi.FtlCompositeElementTypes$8
18854:             1             24  com.intellij.freemarker.psi.FtlCompositeElementTypes$9
18855:             1             24  com.intellij.freemarker.psi.FtlElementTypes$1
18856:             1             24  com.intellij.freemarker.psi.FtlElementTypes$2
18857:             1             24  com.intellij.freemarker.psi.FtlElementTypes$3
18858:             1             24  com.intellij.freemarker.psi.FtlQualifierType
18859:             1             24  com.intellij.guice.intentions.ToggleInjectionRequiredIntention
18860:             1             24  com.intellij.gwt.actions.CreateGwtEntryPointAction
18861:             1             24  com.intellij.gwt.actions.CreateGwtRemoteServiceAction
18862:             1             24  com.intellij.gwt.actions.CreateGwtSerializableClassAction
18863:             1             24  com.intellij.gwt.actions.CreateGwtTestCaseAction
18864:             1             24  com.intellij.gwt.actions.CreateGwtUiRendererAction
18865:             1             24  com.intellij.gwt.build.GwtBuildTargetScopeProvider$$Lambda$839/1291355303
18866:             1             24  com.intellij.gwt.build.GwtBuildTargetScopeProvider$$Lambda$841/1570090953
18867:             1             24  com.intellij.gwt.clientBundle.css.GwtCssElementDescriptorProvider
18868:             1             24  com.intellij.gwt.facet.GwtFacetType$GwtFrameworkDetector
18869:             1             24  com.intellij.gwt.make.report.GenerateCompileReportAction
18870:             1             24  com.intellij.gwt.module.index.GwtHtmlFileIndex$2
18871:             1             24  com.intellij.gwt.packaging.GwtCompilerDeployOutputElementType
18872:             1             24  com.intellij.gwt.packaging.GwtCompilerOutputElementType
18873:             1             24  com.intellij.gwt.uiBinder.UiBinderUtil$UiXmlFilesScope
18874:             1             24  com.intellij.hibernate.actions.AssignNamingStrategiesAction
18875:             1             24  com.intellij.hibernate.facet.HibernateFacetType$HibernateFrameworkDetector
18876:             1             24  com.intellij.hibernate.model.enums.HibernateAttributeType$1
18877:             1             24  com.intellij.hibernate.model.enums.HibernateAttributeType$10
18878:             1             24  com.intellij.hibernate.model.enums.HibernateAttributeType$11
18879:             1             24  com.intellij.hibernate.model.enums.HibernateAttributeType$12
18880:             1             24  com.intellij.hibernate.model.enums.HibernateAttributeType$13
18881:             1             24  com.intellij.hibernate.model.enums.HibernateAttributeType$14
18882:             1             24  com.intellij.hibernate.model.enums.HibernateAttributeType$15
18883:             1             24  com.intellij.hibernate.model.enums.HibernateAttributeType$2
18884:             1             24  com.intellij.hibernate.model.enums.HibernateAttributeType$3
18885:             1             24  com.intellij.hibernate.model.enums.HibernateAttributeType$4
18886:             1             24  com.intellij.hibernate.model.enums.HibernateAttributeType$5
18887:             1             24  com.intellij.hibernate.model.enums.HibernateAttributeType$6
18888:             1             24  com.intellij.hibernate.model.enums.HibernateAttributeType$7
18889:             1             24  com.intellij.hibernate.model.enums.HibernateAttributeType$8
18890:             1             24  com.intellij.hibernate.model.enums.HibernateAttributeType$9
18891:             1             24  com.intellij.history.core.LocalHistoryFacade
18892:             1             24  com.intellij.history.core.LocalHistoryFacade$1
18893:             1             24  com.intellij.history.core.LocalHistoryFacade$3
18894:             1             24  com.intellij.history.core.LocalHistoryRecordsTable
18895:             1             24  com.intellij.history.integration.IdeaGateway$$Lambda$2970/371351633
18896:             1             24  com.intellij.history.integration.LocalHistoryBundle
18897:             1             24  com.intellij.history.integration.LocalHistoryEventDispatcher
18898:             1             24  com.intellij.history.integration.LocalHistoryImpl$1
18899:             1             24  com.intellij.history.integration.ui.actions.PutLabelAction
18900:             1             24  com.intellij.history.integration.ui.actions.RecentChangesAction
18901:             1             24  com.intellij.history.integration.ui.actions.ShowHistoryAction
18902:             1             24  com.intellij.history.integration.ui.actions.ShowSelectionHistoryAction
18903:             1             24  com.intellij.html.index.Html5CustomAttributesIndex$2
18904:             1             24  com.intellij.htmltools.codeInspection.htmlInspections.HtmlLabelsHolder$1
18905:             1             24  com.intellij.htmltools.codeInspection.htmlInspections.HtmlNonExistentInternetResourceInspection
18906:             1             24  com.intellij.htmltools.ide.browsers.actions.WebOpenInAction
18907:             1             24  com.intellij.htmltools.xml.util.HtmlUpdateImageSizeIntention
18908:             1             24  com.intellij.ide.ActivityTracker
18909:             1             24  com.intellij.ide.ApplicationActivationStateManager$1
18910:             1             24  com.intellij.ide.DisplayChangeDetector
18911:             1             24  com.intellij.ide.FrameStateManagerImpl$1
18912:             1             24  com.intellij.ide.FrameStateManagerImpl$2
18913:             1             24  com.intellij.ide.FrameStateManagerImpl$2$$Lambda$2840/209948002
18914:             1             24  com.intellij.ide.FrameStateManagerImpl$3
18915:             1             24  com.intellij.ide.GeneratedSourceFileChangeTrackerImpl$$Lambda$2904/1158772381
18916:             1             24  com.intellij.ide.GeneratedSourceFileChangeTrackerImpl$2
18917:             1             24  com.intellij.ide.GeneratedSourceFileChangeTrackerImpl$5
18918:             1             24  com.intellij.ide.IdeBundle
18919:             1             24  com.intellij.ide.IdeEventQueue$WindowsAltSuppressor
18920:             1             24  com.intellij.ide.ManageRecentProjectsAction
18921:             1             24  com.intellij.ide.NativeIconProvider
18922:             1             24  com.intellij.ide.PowerSaveMode
18923:             1             24  com.intellij.ide.PsiCopyPasteManager
18924:             1             24  com.intellij.ide.SaveAndSyncHandlerImpl$$Lambda$175/339098390
18925:             1             24  com.intellij.ide.ScreenReaderSupportHandler
18926:             1             24  com.intellij.ide.SystemHealthMonitor$4
18927:             1             24  com.intellij.ide.TypePresentationServiceImpl
18928:             1             24  com.intellij.ide.TypePresentationServiceImpl$1
18929:             1             24  com.intellij.ide.UiActivityMonitorImpl
18930:             1             24  com.intellij.ide.UiActivityMonitorImpl$2
18931:             1             24  com.intellij.ide.a.e
18932:             1             24  com.intellij.ide.actionMacro.actions.EditMacrosAction
18933:             1             24  com.intellij.ide.actionMacro.actions.PlaySavedMacros
18934:             1             24  com.intellij.ide.actionMacro.actions.PlaybackLastMacroAction
18935:             1             24  com.intellij.ide.actionMacro.actions.StartStopMacroRecordingAction
18936:             1             24  com.intellij.ide.actions.AboutAction
18937:             1             24  com.intellij.ide.actions.AssociateFileTypeAction
18938:             1             24  com.intellij.ide.actions.BackAction
18939:             1             24  com.intellij.ide.actions.ChangeSplitterOrientationAction
18940:             1             24  com.intellij.ide.actions.CloseAction
18941:             1             24  com.intellij.ide.actions.CloseActiveTabAction
18942:             1             24  com.intellij.ide.actions.CloseAllEditorsAction
18943:             1             24  com.intellij.ide.actions.CloseAllEditorsButActiveAction
18944:             1             24  com.intellij.ide.actions.CloseAllUnmodifiedEditorsAction
18945:             1             24  com.intellij.ide.actions.CloseAllUnpinnedEditorsAction
18946:             1             24  com.intellij.ide.actions.CloseEditorAction
18947:             1             24  com.intellij.ide.actions.CloseProjectAction
18948:             1             24  com.intellij.ide.actions.CollapseAllAction
18949:             1             24  com.intellij.ide.actions.CollectSettingsAction
18950:             1             24  com.intellij.ide.actions.CollectZippedLogsAction
18951:             1             24  com.intellij.ide.actions.CopyAction
18952:             1             24  com.intellij.ide.actions.CopyElementAction
18953:             1             24  com.intellij.ide.actions.CopyPathsAction
18954:             1             24  com.intellij.ide.actions.CopyReferenceAction
18955:             1             24  com.intellij.ide.actions.CopyUrlAction
18956:             1             24  com.intellij.ide.actions.CreateDirectoryOrPackageAction
18957:             1             24  com.intellij.ide.actions.CreateFileAction
18958:             1             24  com.intellij.ide.actions.CreateHtmlFileAction
18959:             1             24  com.intellij.ide.actions.CreateLauncherScriptAction
18960:             1             24  com.intellij.ide.actions.CreateModuleInfoAction
18961:             1             24  com.intellij.ide.actions.CreatePackageInfoAction
18962:             1             24  com.intellij.ide.actions.CustomizeUIAction
18963:             1             24  com.intellij.ide.actions.CutAction
18964:             1             24  com.intellij.ide.actions.DebugLogConfigureAction
18965:             1             24  com.intellij.ide.actions.DeleteAction
18966:             1             24  com.intellij.ide.actions.EditSourceInNewWindowAction
18967:             1             24  com.intellij.ide.actions.ExitAction
18968:             1             24  com.intellij.ide.actions.ExpandAllAction
18969:             1             24  com.intellij.ide.actions.ExportToTextFileAction
18970:             1             24  com.intellij.ide.actions.ExternalJavaDocAction
18971:             1             24  com.intellij.ide.actions.ForwardAction
18972:             1             24  com.intellij.ide.actions.GoToLinkTargetAction
18973:             1             24  com.intellij.ide.actions.GotoLineAction
18974:             1             24  com.intellij.ide.actions.GotoRelatedSymbolAction
18975:             1             24  com.intellij.ide.actions.HelpTopicsAction
18976:             1             24  com.intellij.ide.actions.HideAllToolWindowsAction
18977:             1             24  com.intellij.ide.actions.HideSideWindowsAction
18978:             1             24  com.intellij.ide.actions.HideToolWindowAction
18979:             1             24  com.intellij.ide.actions.ImportModuleAction
18980:             1             24  com.intellij.ide.actions.InvalidateCachesAction
18981:             1             24  com.intellij.ide.actions.JumpToLastEditAction
18982:             1             24  com.intellij.ide.actions.JumpToLastWindowAction
18983:             1             24  com.intellij.ide.actions.JumpToNextEditAction
18984:             1             24  com.intellij.ide.actions.MacEmojiAndSymbolsInputAction
18985:             1             24  com.intellij.ide.actions.MaintenanceAction
18986:             1             24  com.intellij.ide.actions.ManageLicenseAction
18987:             1             24  com.intellij.ide.actions.MinimizeCurrentWindowAction
18988:             1             24  com.intellij.ide.actions.NewElementAction
18989:             1             24  com.intellij.ide.actions.NewElementSamePlaceAction
18990:             1             24  com.intellij.ide.actions.NextOccurenceAction
18991:             1             24  com.intellij.ide.actions.NextSplitAction
18992:             1             24  com.intellij.ide.actions.ObtainPermanentTicketAction
18993:             1             24  com.intellij.ide.actions.OnlineDocAction
18994:             1             24  com.intellij.ide.actions.OpenElementInNewWindowAction
18995:             1             24  com.intellij.ide.actions.PasteAction
18996:             1             24  com.intellij.ide.actions.PinActiveTabAction
18997:             1             24  com.intellij.ide.actions.PinActiveTabAction$EW
18998:             1             24  com.intellij.ide.actions.PrevSplitAction
18999:             1             24  com.intellij.ide.actions.PreviousOccurenceAction
19000:             1             24  com.intellij.ide.actions.RedoAction
19001:             1             24  com.intellij.ide.actions.RefCardAction
19002:             1             24  com.intellij.ide.actions.RefreshAction
19003:             1             24  com.intellij.ide.actions.ReleasePermanentTicketAction
19004:             1             24  com.intellij.ide.actions.ReloadFromDiskAction
19005:             1             24  com.intellij.ide.actions.RestoreDefaultLayoutAction
19006:             1             24  com.intellij.ide.actions.RevealFileAction
19007:             1             24  com.intellij.ide.actions.RunGcAction
19008:             1             24  com.intellij.ide.actions.SaveAllAction
19009:             1             24  com.intellij.ide.actions.SaveAsDirectoryBasedFormatAction
19010:             1             24  com.intellij.ide.actions.SaveDocumentAction
19011:             1             24  com.intellij.ide.actions.SaveFileAsTemplateAction
19012:             1             24  com.intellij.ide.actions.ScrollTreeToCenterAction
19013:             1             24  com.intellij.ide.actions.SearchAgainAction
19014:             1             24  com.intellij.ide.actions.SearchBackAction
19015:             1             24  com.intellij.ide.actions.SearchWebAction
19016:             1             24  com.intellij.ide.actions.SelectInAction
19017:             1             24  com.intellij.ide.actions.SelectInProjectViewAction
19018:             1             24  com.intellij.ide.actions.ShowFilePathAction
19019:             1             24  com.intellij.ide.actions.ShowFilePathAction$3
19020:             1             24  com.intellij.ide.actions.ShowLogAction
19021:             1             24  com.intellij.ide.actions.ShowModulePropertiesAction
19022:             1             24  com.intellij.ide.actions.ShowPluginManagerAction
19023:             1             24  com.intellij.ide.actions.ShowPopupMenuAction
19024:             1             24  com.intellij.ide.actions.ShowRecentFilesAction
19025:             1             24  com.intellij.ide.actions.ShowRecentlyEditedFilesAction
19026:             1             24  com.intellij.ide.actions.ShowStructureSettingsAction
19027:             1             24  com.intellij.ide.actions.ShowTabsInSingleRowAction
19028:             1             24  com.intellij.ide.actions.ShowTipsAction
19029:             1             24  com.intellij.ide.actions.SmartSelect
19030:             1             24  com.intellij.ide.actions.SmartUnSelect
19031:             1             24  com.intellij.ide.actions.StartUseVcsAction
19032:             1             24  com.intellij.ide.actions.StoreDefaultLayoutAction
19033:             1             24  com.intellij.ide.actions.SwitchBootJdkAction
19034:             1             24  com.intellij.ide.actions.Switcher
19035:             1             24  com.intellij.ide.actions.SynchronizeAction
19036:             1             24  com.intellij.ide.actions.SynchronizeCurrentFileAction
19037:             1             24  com.intellij.ide.actions.TabListAction
19038:             1             24  com.intellij.ide.actions.TabsAlphabeticalModeSwitcher
19039:             1             24  com.intellij.ide.actions.TabsPlacementAction$Bottom
19040:             1             24  com.intellij.ide.actions.TabsPlacementAction$Left
19041:             1             24  com.intellij.ide.actions.TabsPlacementAction$None
19042:             1             24  com.intellij.ide.actions.TabsPlacementAction$Right
19043:             1             24  com.intellij.ide.actions.TabsPlacementAction$Top
19044:             1             24  com.intellij.ide.actions.TechnicalSupportAction
19045:             1             24  com.intellij.ide.actions.ToggleContentUiTypeAction
19046:             1             24  com.intellij.ide.actions.ToggleDistractionFreeModeAction
19047:             1             24  com.intellij.ide.actions.ToggleDockModeAction
19048:             1             24  com.intellij.ide.actions.ToggleFloatingModeAction
19049:             1             24  com.intellij.ide.actions.ToggleFullScreenAction
19050:             1             24  com.intellij.ide.actions.TogglePinnedModeAction
19051:             1             24  com.intellij.ide.actions.TogglePowerSaveAction
19052:             1             24  com.intellij.ide.actions.TogglePresentationModeAction
19053:             1             24  com.intellij.ide.actions.ToggleReadOnlyAttributeAction
19054:             1             24  com.intellij.ide.actions.ToggleSideModeAction
19055:             1             24  com.intellij.ide.actions.ToggleWindowedModeAction
19056:             1             24  com.intellij.ide.actions.UndoAction
19057:             1             24  com.intellij.ide.actions.UnsplitAction
19058:             1             24  com.intellij.ide.actions.UnsplitAllAction
19059:             1             24  com.intellij.ide.actions.ViewNavigationBarAction
19060:             1             24  com.intellij.ide.actions.ViewStatusBarAction
19061:             1             24  com.intellij.ide.actions.ViewStructureAction
19062:             1             24  com.intellij.ide.actions.ViewToolWindowButtonsAction
19063:             1             24  com.intellij.ide.actions.WhatsNewAction
19064:             1             24  com.intellij.ide.actions.ZoomCurrentWindowAction
19065:             1             24  com.intellij.ide.actions.project.ConvertModuleGroupsToQualifiedNamesAction
19066:             1             24  com.intellij.ide.actions.tree.CollapseTreeNodeAction
19067:             1             24  com.intellij.ide.actions.tree.ExpandTreeNodeAction
19068:             1             24  com.intellij.ide.actions.tree.FullyExpandTreeNodeAction
19069:             1             24  com.intellij.ide.b.g.g$e
19070:             1             24  com.intellij.ide.b.g.g$e$a
19071:             1             24  com.intellij.ide.browsers.firefox.FirefoxSettings
19072:             1             24  com.intellij.ide.dnd.aware.DnDAwareTree$1
19073:             1             24  com.intellij.ide.errorTreeView.ErrorViewTreeBuilder
19074:             1             24  com.intellij.ide.errorTreeView.NewErrorTreeRenderer$MyWrapperRenderer
19075:             1             24  com.intellij.ide.errorTreeView.NewErrorTreeViewPanel$1
19076:             1             24  com.intellij.ide.errorTreeView.impl.ErrorViewTextExporter
19077:             1             24  com.intellij.ide.extensionResources.ExtensionsRootType
19078:             1             24  com.intellij.ide.extensionResources.RestoreBundledExtensionsAction
19079:             1             24  com.intellij.ide.favoritesTreeView.actions.AddNewFavoritesListAction
19080:             1             24  com.intellij.ide.favoritesTreeView.actions.EditFavoritesAction
19081:             1             24  com.intellij.ide.gdpr.ConsentOptions$InstanceHolder$1
19082:             1             24  com.intellij.ide.hierarchy.ViewClassHierarchyAction
19083:             1             24  com.intellij.ide.hierarchy.ViewSubtypesHierarchyAction
19084:             1             24  com.intellij.ide.hierarchy.ViewSupertypesHierarchyAction
19085:             1             24  com.intellij.ide.hierarchy.method.ImplementMethodAction
19086:             1             24  com.intellij.ide.hierarchy.method.OverrideMethodAction
19087:             1             24  com.intellij.ide.impl.DataManagerImpl
19088:             1             24  com.intellij.ide.impl.DataValidator$ArrayValidator
19089:             1             24  com.intellij.ide.impl.PsiElementArrayDataValidator
19090:             1             24  com.intellij.ide.macro.ColumnNumberMacro
19091:             1             24  com.intellij.ide.macro.LineNumberMacro
19092:             1             24  com.intellij.ide.macro.SelectedTextMacro
19093:             1             24  com.intellij.ide.macro.SelectionEndColumnMacro
19094:             1             24  com.intellij.ide.macro.SelectionEndLineMacro
19095:             1             24  com.intellij.ide.macro.SelectionStartColumnMacro
19096:             1             24  com.intellij.ide.macro.SelectionStartLineMacro
19097:             1             24  com.intellij.ide.navigationToolbar.ActivateNavigationBarAction
19098:             1             24  com.intellij.ide.navigationToolbar.NavBarListener
19099:             1             24  com.intellij.ide.navigationToolbar.ShowNavBarAction
19100:             1             24  com.intellij.ide.passwordSafe.impl.PasswordSafeImpl
19101:             1             24  com.intellij.ide.projectView.ViewSettings$Immutable
19102:             1             24  com.intellij.ide.projectView.actions.ChangeProjectViewAction
19103:             1             24  com.intellij.ide.projectView.actions.ImportModuleFromImlFileAction
19104:             1             24  com.intellij.ide.projectView.actions.LoadUnloadModulesAction
19105:             1             24  com.intellij.ide.projectView.actions.MarkAsContentRootAction
19106:             1             24  com.intellij.ide.projectView.actions.MarkExcludeRootAction
19107:             1             24  com.intellij.ide.projectView.actions.MarkGeneratedSourceRootAction
19108:             1             24  com.intellij.ide.projectView.actions.MarkLibraryRootAction
19109:             1             24  com.intellij.ide.projectView.actions.UnmarkGeneratedSourceRootAction
19110:             1             24  com.intellij.ide.projectView.actions.UnmarkRootAction
19111:             1             24  com.intellij.ide.projectView.impl.AbstractProjectViewPSIPane$2
19112:             1             24  com.intellij.ide.projectView.impl.AsyncProjectViewSupport$$Lambda$1277/1857609601
19113:             1             24  com.intellij.ide.projectView.impl.AsyncProjectViewSupport$$Lambda$1517/2108881266
19114:             1             24  com.intellij.ide.projectView.impl.DirectoryUrl
19115:             1             24  com.intellij.ide.projectView.impl.FileNestingBuilder
19116:             1             24  com.intellij.ide.projectView.impl.GroupByTypeComparator
19117:             1             24  com.intellij.ide.projectView.impl.JavaProjectViewDirectoryHelper
19118:             1             24  com.intellij.ide.projectView.impl.LibraryModuleGroupUrl
19119:             1             24  com.intellij.ide.projectView.impl.ModuleGroupUrl
19120:             1             24  com.intellij.ide.projectView.impl.ModuleUrl
19121:             1             24  com.intellij.ide.projectView.impl.NamedLibraryUrl
19122:             1             24  com.intellij.ide.projectView.impl.ProjectViewFileNestingService
19123:             1             24  com.intellij.ide.projectView.impl.ProjectViewFileVisitor
19124:             1             24  com.intellij.ide.projectView.impl.PsiFileUrl
19125:             1             24  com.intellij.ide.scopeView.EditScopesAction
19126:             1             24  com.intellij.ide.scratch.ScratchFileActions$LanguageAction
19127:             1             24  com.intellij.ide.scratch.ScratchFileActions$NewBufferAction
19128:             1             24  com.intellij.ide.scratch.ScratchFileServiceImpl
19129:             1             24  com.intellij.ide.scratch.ScratchFileServiceImpl$1
19130:             1             24  com.intellij.ide.scratch.ScratchProjectViewPane$1
19131:             1             24  com.intellij.ide.scratch.ScratchRootType
19132:             1             24  com.intellij.ide.startup.impl.StartupManagerImpl$$Lambda$441/415952245
19133:             1             24  com.intellij.ide.startupWizard.StartupWizardAction
19134:             1             24  com.intellij.ide.ui.laf.IntelliJLookAndFeelInfo
19135:             1             24  com.intellij.ide.ui.laf.IntelliJTableSelectedCellHighlightBorder
19136:             1             24  com.intellij.ide.ui.laf.LafManagerImpl$OurPopupFactory
19137:             1             24  com.intellij.ide.ui.laf.LafManagerImpl$Win10MenuArrowIcon
19138:             1             24  com.intellij.ide.ui.laf.darcula.DarculaLookAndFeelInfo
19139:             1             24  com.intellij.ide.ui.search.SearchableOptionsRegistrarImpl$1
19140:             1             24  com.intellij.ide.util.frameworkSupport.AddFrameworkSupportAction
19141:             1             24  com.intellij.idea.IdeaApplication
19142:             1             24  com.intellij.idea.MainImpl$1$1
19143:             1             24  com.intellij.idea.RareLogger$2
19144:             1             24  com.intellij.idea.SocketLock$$Lambda$10/1508854084
19145:             1             24  com.intellij.internal.DumpLookupElementWeights
19146:             1             24  com.intellij.internal.psiView.PsiViewerAction
19147:             1             24  com.intellij.internal.psiView.PsiViewerAction$ForContext
19148:             1             24  com.intellij.internal.statistic.service.fus.FUStatisticsSettingsService
19149:             1             24  com.intellij.j2ee.web.WebProjectComponent$2
19150:             1             24  com.intellij.j2ee.web.jsr45.JSR45ConfigurationType
19151:             1             24  com.intellij.j2ee.web.view.WebJavaeeViewFrameworkProvider
19152:             1             24  com.intellij.j2ee.webSphere.applicationServer.WebSphereIntegrationImpl
19153:             1             24  com.intellij.j2ee.webSphere.runDebug.configuration.WebSphereRunConfigurationType
19154:             1             24  com.intellij.j2meplugin.J2MEBundle
19155:             1             24  com.intellij.j2meplugin.module.J2MEModuleType
19156:             1             24  com.intellij.j2meplugin.run.J2MEConfigurationType$1
19157:             1             24  com.intellij.jam.JamService
19158:             1             24  com.intellij.jam.model.common.CommonModelManagerImpl
19159:             1             24  com.intellij.jam.reflect.JamChildrenQuery$CompositeQuery
19160:             1             24  com.intellij.jam.reflect.JamEnumAttributeMeta$Collection
19161:             1             24  com.intellij.javaee.ExternalResourcesRootsProvider$1
19162:             1             24  com.intellij.javaee.PsiExternalResourceNotifier$1
19163:             1             24  com.intellij.javaee.application.framework.JavaeeApplicationFrameworkDetector
19164:             1             24  com.intellij.javaee.config.ConcurrencyUtilsForJavaeeFrameworkType
19165:             1             24  com.intellij.javaee.config.ConnectorArchitectureFrameworkType
19166:             1             24  com.intellij.javaee.config.JavaeeSecurityFrameworkType
19167:             1             24  com.intellij.javaee.config.JmsFrameworkType
19168:             1             24  com.intellij.javaee.config.JsonBindingFrameworkType
19169:             1             24  com.intellij.javaee.config.JsonProcessingFrameworkType
19170:             1             24  com.intellij.javaee.config.TransactionJavaeeFrameworkType
19171:             1             24  com.intellij.javaee.dataSource.DataSourceAddFromServerAction
19172:             1             24  com.intellij.javaee.deployment.DeployAction
19173:             1             24  com.intellij.javaee.deployment.KeepDeployedAfterDisconnectAction
19174:             1             24  com.intellij.javaee.deployment.RefreshDeploymentStatusAction
19175:             1             24  com.intellij.javaee.deployment.UndeployAction
19176:             1             24  com.intellij.javaee.ejb.framework.EjbFrameworkDetector
19177:             1             24  com.intellij.javaee.ejb.framework.EjbFrameworkType
19178:             1             24  com.intellij.javaee.ejb.view.EjbJavaeeViewFrameworkProvider
19179:             1             24  com.intellij.javaee.heroku.cloud.action.ShowLogAction
19180:             1             24  com.intellij.javaee.model.common.persistence.mapping.JpaAttributeType$1
19181:             1             24  com.intellij.javaee.model.common.persistence.mapping.JpaAttributeType$10
19182:             1             24  com.intellij.javaee.model.common.persistence.mapping.JpaAttributeType$11
19183:             1             24  com.intellij.javaee.model.common.persistence.mapping.JpaAttributeType$2
19184:             1             24  com.intellij.javaee.model.common.persistence.mapping.JpaAttributeType$3
19185:             1             24  com.intellij.javaee.model.common.persistence.mapping.JpaAttributeType$4
19186:             1             24  com.intellij.javaee.model.common.persistence.mapping.JpaAttributeType$5
19187:             1             24  com.intellij.javaee.model.common.persistence.mapping.JpaAttributeType$6
19188:             1             24  com.intellij.javaee.model.common.persistence.mapping.JpaAttributeType$7
19189:             1             24  com.intellij.javaee.model.common.persistence.mapping.JpaAttributeType$8
19190:             1             24  com.intellij.javaee.model.common.persistence.mapping.JpaAttributeType$9
19191:             1             24  com.intellij.javaee.module.view.ejb.actions.CreateCmpFieldAction
19192:             1             24  com.intellij.javaee.module.view.ejb.actions.CreateEjbRelationshipAction
19193:             1             24  com.intellij.javaee.module.view.ejb.actions.CreateInterceptorAction
19194:             1             24  com.intellij.javaee.module.view.ejb.actions.CreateTransferObjectAction
19195:             1             24  com.intellij.javaee.module.view.ejb.actions.EditInterceptorBindingsAction
19196:             1             24  com.intellij.javaee.module.view.ejb.editor.EjbAssemblyDescriptorEditorProvider
19197:             1             24  com.intellij.javaee.module.view.ejb.editor.EjbGeneralEditorProvider
19198:             1             24  com.intellij.javaee.module.view.web.CreateJspAction
19199:             1             24  com.intellij.javaee.openshift.cloud.action.CreateProjectAction
19200:             1             24  com.intellij.javaee.openshift.cloud.action.DeleteResourceAction
19201:             1             24  com.intellij.javaee.openshift.cloud.action.DownloadResourceAction
19202:             1             24  com.intellij.javaee.openshift.cloud.action.UploadResourceAction
19203:             1             24  com.intellij.javaee.oss.JavaeeCommonIcons
19204:             1             24  com.intellij.javaee.oss.geronimo.server.GeronimoConfiguration
19205:             1             24  com.intellij.javaee.oss.geronimo.server.GeronimoIntegration
19206:             1             24  com.intellij.javaee.oss.glassfish.server.GlassfishConfiguration
19207:             1             24  com.intellij.javaee.oss.glassfish.server.GlassfishIntegration
19208:             1             24  com.intellij.javaee.oss.jboss.server.JBossConfiguration
19209:             1             24  com.intellij.javaee.oss.jboss.server.JBossIntegration
19210:             1             24  com.intellij.javaee.oss.jetty.server.JettyConfiguration
19211:             1             24  com.intellij.javaee.oss.jetty.server.JettyContextDeploymentMethod
19212:             1             24  com.intellij.javaee.oss.jetty.server.JettyIntegration
19213:             1             24  com.intellij.javaee.ui.packaging.JavaeeFacetClassesElementType
19214:             1             24  com.intellij.javaee.ui.packaging.JavaeeFacetResourcesElementType
19215:             1             24  com.intellij.javaee.ui.packaging.JavaeeFacetResourcesPackagingElement
19216:             1             24  com.intellij.javaee.ui.packaging.JavaeeFacetResourcesPackagingElement$JavaeeFacetResourceElementDelegate
19217:             1             24  com.intellij.javaee.view.JavaeeServersViewContributor$1
19218:             1             24  com.intellij.javaee.view.tool.action.AppServerConfigAction
19219:             1             24  com.intellij.javaee.view.tool.action.AppServerDebugAction
19220:             1             24  com.intellij.javaee.view.tool.action.AppServerRunAction
19221:             1             24  com.intellij.javaee.view.tool.action.AppServerStopAction
19222:             1             24  com.intellij.javaee.view.tool.action.ChooseArtifactsAction
19223:             1             24  com.intellij.javaee.view.tool.action.DeployAllAction
19224:             1             24  com.intellij.javaee.view.tool.action.RemoveArtifactAction
19225:             1             24  com.intellij.javaee.web.ServletMappingType$1
19226:             1             24  com.intellij.javaee.web.ServletMappingType$2
19227:             1             24  com.intellij.javaee.web.ServletMappingType$3
19228:             1             24  com.intellij.javaee.web.ServletMappingType$4
19229:             1             24  com.intellij.javaee.web.WebContextManagerImpl
19230:             1             24  com.intellij.javaee.web.WebContextProvider
19231:             1             24  com.intellij.javaee.web.artifact.WebFacetContextEvaluationServiceImpl$$Lambda$2509/864448574
19232:             1             24  com.intellij.javaee.web.artifact.WebFacetContextEvaluationServiceImpl$$Lambda$5154/606888243
19233:             1             24  com.intellij.javaee.web.facet.WebFacetConfigurationImpl
19234:             1             24  com.intellij.javaee.web.framework.WebFrameworkDetector
19235:             1             24  com.intellij.javaee.web.validation.JasperArtifactValidatorInstance
19236:             1             24  com.intellij.javaee.weblogic.appServerIntegration.WeblogicEjbEditorProvider
19237:             1             24  com.intellij.javaee.weblogic.appServerIntegration.WeblogicIntegration
19238:             1             24  com.intellij.javaee.weblogic.runDebug.configuration.WeblogicInstanceRunConfigurationType
19239:             1             24  com.intellij.javascript.JSModuleBaseReference$ModuleTypes$1
19240:             1             24  com.intellij.javascript.JSModuleBaseReference$ModuleTypes$2
19241:             1             24  com.intellij.javascript.JSModuleBaseReference$ModuleTypes$3
19242:             1             24  com.intellij.javascript.JSModuleBaseReference$ModuleTypes$4
19243:             1             24  com.intellij.javascript.debugger.actions.CopyJsonAction
19244:             1             24  com.intellij.javascript.debugger.actions.OpenUrlAction
19245:             1             24  com.intellij.javascript.debugger.actions.ShowAsJsonAction
19246:             1             24  com.intellij.javascript.debugger.breakpoints.JavaScriptBreakpointListener$1
19247:             1             24  com.intellij.javascript.debugger.breakpoints.JavaScriptExceptionBreakpointType
19248:             1             24  com.intellij.javascript.debugger.execution.JavascriptDebugConfigurationType$1
19249:             1             24  com.intellij.javascript.debugger.sourcemap.visualizer.actions.AddSourceContentsAction
19250:             1             24  com.intellij.javascript.debugger.sourcemap.visualizer.actions.VisualizeSourceMapAction
19251:             1             24  com.intellij.javascript.flex.css.FlexCssElementDescriptorProvider
19252:             1             24  com.intellij.javascript.flex.css.FlexStylesIndexableSetContributor$1
19253:             1             24  com.intellij.javascript.flex.mxml.FlexXmlBackedMembersIndex$4
19254:             1             24  com.intellij.javascript.flex.mxml.MxmlJSClass$1
19255:             1             24  com.intellij.javascript.flex.mxml.MxmlJSClass$2
19256:             1             24  com.intellij.javascript.jest.JestConfigurationType$1
19257:             1             24  com.intellij.javascript.jest.JestRunConfigurationProducer
19258:             1             24  com.intellij.javascript.jest.scope.JestScopeKind$1
19259:             1             24  com.intellij.javascript.jest.scope.JestScopeKind$2
19260:             1             24  com.intellij.javascript.jest.scope.JestScopeKind$3
19261:             1             24  com.intellij.javascript.jest.scope.JestScopeKind$4
19262:             1             24  com.intellij.javascript.nodejs.library.NodeJsCoreLibraryManager
19263:             1             24  com.intellij.javascript.nodejs.util.NodePackageDescriptor
19264:             1             24  com.intellij.javascript.nodejs.util.NodePackageManagerUtil$NpmPackageDescriptor
19265:             1             24  com.intellij.javascript.protractor.ProtractorConfigurationType$1
19266:             1             24  com.intellij.javascript.testFramework.interfaces.mochaTdd.MochaTddFileStructureBuilder
19267:             1             24  com.intellij.javascript.testFramework.jasmine.JasmineFileStructureBuilder
19268:             1             24  com.intellij.javascript.testFramework.jasmine.codeInsight.JasmineGenerateAfterEachMethodAction
19269:             1             24  com.intellij.javascript.testFramework.jasmine.codeInsight.JasmineGenerateBeforeEachMethodAction
19270:             1             24  com.intellij.javascript.testFramework.jasmine.codeInsight.JasmineGenerateNewSpecAction
19271:             1             24  com.intellij.javascript.testFramework.jasmine.codeInsight.JasmineGenerateNewSuiteAction
19272:             1             24  com.intellij.javascript.testFramework.qunit.QUnitFileStructureBuilder
19273:             1             24  com.intellij.javascript.testFramework.qunit.codeInsight.QUnitGenerateNewTestAction
19274:             1             24  com.intellij.javascript.testFramework.qunit.codeInsight.QUnitGenerateSetupAction
19275:             1             24  com.intellij.javascript.testFramework.qunit.codeInsight.QUnitGenerateTearDownAction
19276:             1             24  com.intellij.javascript.trace.codeInsight.TraceCompletionContributor
19277:             1             24  com.intellij.javascript.trace.codeInsight.TraceCompletionContributor$1
19278:             1             24  com.intellij.javascript.trace.execution.TraceBrowserConfigurationType$1
19279:             1             24  com.intellij.javascript.trace.execution.TraceNodeConfigurationType$1
19280:             1             24  com.intellij.javascript.trace.execution.actions.SearchFunctionAction
19281:             1             24  com.intellij.javascript.trace.execution.events.actions.AddEventToFilterAction
19282:             1             24  com.intellij.javascript.trace.execution.events.actions.AddFileToFilterAction
19283:             1             24  com.intellij.javascript.trace.execution.events.actions.AddLabelAction
19284:             1             24  com.intellij.javascript.trace.execution.events.actions.AddNegatedEventToFilterAction
19285:             1             24  com.intellij.javascript.trace.execution.events.actions.AddNegatedFileToFilterAction
19286:             1             24  com.intellij.javascript.trace.execution.events.actions.CloseDocumentAction
19287:             1             24  com.intellij.javascript.trace.execution.events.actions.CloseTraceFilesAction
19288:             1             24  com.intellij.javascript.trace.execution.events.actions.MuteNodeModulesAction
19289:             1             24  com.intellij.javascript.trace.execution.events.actions.RefreshDocumentAction
19290:             1             24  com.intellij.javascript.trace.execution.events.actions.RemoveAndCloseTraceFilesAction
19291:             1             24  com.intellij.javascript.trace.execution.events.actions.RemoveChildrenAction
19292:             1             24  com.intellij.javascript.trace.execution.events.actions.RemoveNodeAction
19293:             1             24  com.intellij.javascript.trace.execution.events.actions.ShowAppDependencyGraphAction
19294:             1             24  com.intellij.javascript.trace.execution.events.actions.ShowEventDependencyGraphAction
19295:             1             24  com.intellij.javascript.trace.execution.fileDependency.actions.LocateEventAction
19296:             1             24  com.intellij.javascript.trace.execution.fileDependency.actions.SearchFunctionAction
19297:             1             24  com.intellij.javascript.trace.execution.stack.actions.GoToFirstSearchOccurenceAction
19298:             1             24  com.intellij.javascript.trace.execution.stack.actions.GoToLastSearchOccurenceAction
19299:             1             24  com.intellij.javascript.trace.execution.stack.actions.GoToNextSearchOccurenceAction
19300:             1             24  com.intellij.javascript.trace.execution.stack.actions.GoToPreviousSearchOccurenceAction
19301:             1             24  com.intellij.jboss.jbpm.chart.editor.BpmnDesignerFileEditorProvider
19302:             1             24  com.intellij.jboss.jpdl.fileEditor.JpdlDesignerFileEditorProvider
19303:             1             24  com.intellij.jboss.jpdl.impl.JpdlDomModelManagerImpl
19304:             1             24  com.intellij.jpa.JpaDataSourceDetector
19305:             1             24  com.intellij.jpa.JpaProjectComponent$1
19306:             1             24  com.intellij.jpa.ORMReferencesUtil$TableInfo
19307:             1             24  com.intellij.jpa.actions.AssignDataSourcesAction
19308:             1             24  com.intellij.jpa.actions.EditEntityListenerBindingsAction
19309:             1             24  com.intellij.jpa.actions.OpenJpaConsoleAction
19310:             1             24  com.intellij.jpa.facet.JpaFacetType$JpaFrameworkDetector
19311:             1             24  com.intellij.jpa.generation.GenerateEntityListenerMethodsHandler
19312:             1             24  com.intellij.jpa.packaging.JpaDescriptorsPackagingElementType
19313:             1             24  com.intellij.jpa.packaging.JpaDescriptorsPackagingElementType$JpaDescriptorsElementTypeDelegate
19314:             1             24  com.intellij.jpa.view.finder.JpaViewFrameworkProvider
19315:             1             24  com.intellij.jsf.actions.CreateFacesConfigAction
19316:             1             24  com.intellij.jsf.actions.CreateJsfAction
19317:             1             24  com.intellij.jsf.actions.GenerateFacesPagesAction
19318:             1             24  com.intellij.jsf.actions.UserDefinedFacesConfigAction
19319:             1             24  com.intellij.jsf.el.JsfManagedBeansPropertyScopeProvider$1
19320:             1             24  com.intellij.jsf.facet.IcefacesFrameworkType
19321:             1             24  com.intellij.jsf.facet.JsfCoreFrameworkType
19322:             1             24  com.intellij.jsf.facet.OpenfacesFrameworkType
19323:             1             24  com.intellij.jsf.facet.PrimefacesFrameworkType
19324:             1             24  com.intellij.jsf.facet.RichfacesFrameworkType
19325:             1             24  com.intellij.jsf.html5.PassThroughAttrCompletionContributor
19326:             1             24  com.intellij.jsf.yfilesGraph.editor.FacesNavigationFileEditorProvider
19327:             1             24  com.intellij.jsp.impl.JspSpiUtilImpl$1
19328:             1             24  com.intellij.jsp.taglibs.actions.CreateTaglibFileAction
19329:             1             24  com.intellij.lang.ExternalLanguageAnnotators$$Lambda$1874/534621767
19330:             1             24  com.intellij.lang.actionscript.ActionScriptElementTypes$1
19331:             1             24  com.intellij.lang.actionscript.ActionScriptElementTypes$2
19332:             1             24  com.intellij.lang.actionscript.ActionScriptElementTypes$3
19333:             1             24  com.intellij.lang.actionscript.types.ActionScriptFunctionElementType
19334:             1             24  com.intellij.lang.actionscript.types.ActionScriptFunctionExpressionElementType
19335:             1             24  com.intellij.lang.actionscript.types.ActionScriptVariableElementType
19336:             1             24  com.intellij.lang.ant.ForcedAntFileAttribute
19337:             1             24  com.intellij.lang.ant.config.actions.AddAntBuildFile
19338:             1             24  com.intellij.lang.ant.config.actions.RunTargetAction
19339:             1             24  com.intellij.lang.ant.config.execution.AntRunConfigurationType$1
19340:             1             24  com.intellij.lang.ant.config.impl.AntConfigurationImpl$2
19341:             1             24  com.intellij.lang.aspectj.AspectJBundle
19342:             1             24  com.intellij.lang.aspectj.parsing.AspectJElementType$1
19343:             1             24  com.intellij.lang.aspectj.parsing.AspectJElementType$2
19344:             1             24  com.intellij.lang.aspectj.parsing.AspectJElementType$3
19345:             1             24  com.intellij.lang.aspectj.parsing.AspectJElementType$4
19346:             1             24  com.intellij.lang.aspectj.parsing.AspectJElementType$5
19347:             1             24  com.intellij.lang.aspectj.parsing.AspectJElementType$6
19348:             1             24  com.intellij.lang.aspectj.parsing.AspectJElementType$7
19349:             1             24  com.intellij.lang.aspectj.parsing.AspectJElementType$8
19350:             1             24  com.intellij.lang.aspectj.parsing.AspectJElementType$9
19351:             1             24  com.intellij.lang.aspectj.psi.stub.AjAspectElementType
19352:             1             24  com.intellij.lang.aspectj.psi.stub.AjClassElementType
19353:             1             24  com.intellij.lang.aspectj.psi.stub.AjFieldElementType
19354:             1             24  com.intellij.lang.aspectj.psi.stub.AjFileElementType
19355:             1             24  com.intellij.lang.aspectj.psi.stub.AjMethodElementType
19356:             1             24  com.intellij.lang.css.actions.CreateStylesheetFileAction
19357:             1             24  com.intellij.lang.css.linter.stylelint.StylelintInspection
19358:             1             24  com.intellij.lang.customFolding.GotoCustomRegionAction
19359:             1             24  com.intellij.lang.ecmascript6.ES6ElementTypes$1
19360:             1             24  com.intellij.lang.ecmascript6.ES6ElementTypes$2
19361:             1             24  com.intellij.lang.ecmascript6.ES6ElementTypes$3
19362:             1             24  com.intellij.lang.ecmascript6.ES6ElementTypes$4
19363:             1             24  com.intellij.lang.ecmascript6.ES6ElementTypes$5
19364:             1             24  com.intellij.lang.ecmascript6.ES6ElementTypes$6
19365:             1             24  com.intellij.lang.ecmascript6.actions.ES6GenerateIndexAction
19366:             1             24  com.intellij.lang.ecmascript6.psi.impl.ES6ImportPsiUtil$ImportExportType$1
19367:             1             24  com.intellij.lang.ecmascript6.psi.impl.ES6ImportPsiUtil$ImportExportType$2
19368:             1             24  com.intellij.lang.ecmascript6.psi.impl.ES6ImportPsiUtil$ImportExportType$3
19369:             1             24  com.intellij.lang.ecmascript6.types.ES6AssignmentPropertyElementType
19370:             1             24  com.intellij.lang.ecmascript6.types.ES6ClassElementType
19371:             1             24  com.intellij.lang.ecmascript6.types.ES6ClassExpressionElementType
19372:             1             24  com.intellij.lang.ecmascript6.types.ES6ComputedNameElementType
19373:             1             24  com.intellij.lang.ecmascript6.types.ES6ExportDeclarationElementType
19374:             1             24  com.intellij.lang.ecmascript6.types.ES6ExportDefaultAssignmentElementType
19375:             1             24  com.intellij.lang.ecmascript6.types.ES6ExportSpecifierAliasElementType
19376:             1             24  com.intellij.lang.ecmascript6.types.ES6ExportSpecifierElementType
19377:             1             24  com.intellij.lang.ecmascript6.types.ES6ExportedDefaultBindingElementType
19378:             1             24  com.intellij.lang.ecmascript6.types.ES6FieldElementType
19379:             1             24  com.intellij.lang.ecmascript6.types.ES6FromClauseElementType
19380:             1             24  com.intellij.lang.ecmascript6.types.ES6FunctionPropertyElementType
19381:             1             24  com.intellij.lang.ecmascript6.types.ES6ImportDeclarationElementType
19382:             1             24  com.intellij.lang.ecmascript6.types.ES6ImportSpecifierAliasElementType
19383:             1             24  com.intellij.lang.ecmascript6.types.ES6ImportSpecifierElementType
19384:             1             24  com.intellij.lang.ecmascript6.types.ES6ImportedBindingElementType
19385:             1             24  com.intellij.lang.ecmascript6.types.ES6NamedImportsElementType
19386:             1             24  com.intellij.lang.ecmascript6.types.ES6PropertyElementType
19387:             1             24  com.intellij.lang.ecmascript6.types.ES6ReferenceListElementType
19388:             1             24  com.intellij.lang.javascript.ActionScriptCodeContextType
19389:             1             24  com.intellij.lang.javascript.JSDestructuringArrayRestElementType
19390:             1             24  com.intellij.lang.javascript.JSDocTokenTypes$1
19391:             1             24  com.intellij.lang.javascript.JSDocTokenTypes$2
19392:             1             24  com.intellij.lang.javascript.JSDocTokenTypes$3
19393:             1             24  com.intellij.lang.javascript.JSElementTypes$1
19394:             1             24  com.intellij.lang.javascript.JSElementTypes$10
19395:             1             24  com.intellij.lang.javascript.JSElementTypes$11
19396:             1             24  com.intellij.lang.javascript.JSElementTypes$12
19397:             1             24  com.intellij.lang.javascript.JSElementTypes$13
19398:             1             24  com.intellij.lang.javascript.JSElementTypes$14
19399:             1             24  com.intellij.lang.javascript.JSElementTypes$15
19400:             1             24  com.intellij.lang.javascript.JSElementTypes$16
19401:             1             24  com.intellij.lang.javascript.JSElementTypes$17
19402:             1             24  com.intellij.lang.javascript.JSElementTypes$18
19403:             1             24  com.intellij.lang.javascript.JSElementTypes$19
19404:             1             24  com.intellij.lang.javascript.JSElementTypes$2
19405:             1             24  com.intellij.lang.javascript.JSElementTypes$20
19406:             1             24  com.intellij.lang.javascript.JSElementTypes$21
19407:             1             24  com.intellij.lang.javascript.JSElementTypes$22
19408:             1             24  com.intellij.lang.javascript.JSElementTypes$23
19409:             1             24  com.intellij.lang.javascript.JSElementTypes$24
19410:             1             24  com.intellij.lang.javascript.JSElementTypes$25
19411:             1             24  com.intellij.lang.javascript.JSElementTypes$26
19412:             1             24  com.intellij.lang.javascript.JSElementTypes$27
19413:             1             24  com.intellij.lang.javascript.JSElementTypes$28
19414:             1             24  com.intellij.lang.javascript.JSElementTypes$29
19415:             1             24  com.intellij.lang.javascript.JSElementTypes$3
19416:             1             24  com.intellij.lang.javascript.JSElementTypes$30
19417:             1             24  com.intellij.lang.javascript.JSElementTypes$31
19418:             1             24  com.intellij.lang.javascript.JSElementTypes$32
19419:             1             24  com.intellij.lang.javascript.JSElementTypes$33
19420:             1             24  com.intellij.lang.javascript.JSElementTypes$34
19421:             1             24  com.intellij.lang.javascript.JSElementTypes$35
19422:             1             24  com.intellij.lang.javascript.JSElementTypes$36
19423:             1             24  com.intellij.lang.javascript.JSElementTypes$37
19424:             1             24  com.intellij.lang.javascript.JSElementTypes$38
19425:             1             24  com.intellij.lang.javascript.JSElementTypes$39
19426:             1             24  com.intellij.lang.javascript.JSElementTypes$4
19427:             1             24  com.intellij.lang.javascript.JSElementTypes$40
19428:             1             24  com.intellij.lang.javascript.JSElementTypes$41
19429:             1             24  com.intellij.lang.javascript.JSElementTypes$42
19430:             1             24  com.intellij.lang.javascript.JSElementTypes$43
19431:             1             24  com.intellij.lang.javascript.JSElementTypes$44
19432:             1             24  com.intellij.lang.javascript.JSElementTypes$45
19433:             1             24  com.intellij.lang.javascript.JSElementTypes$46
19434:             1             24  com.intellij.lang.javascript.JSElementTypes$5
19435:             1             24  com.intellij.lang.javascript.JSElementTypes$6
19436:             1             24  com.intellij.lang.javascript.JSElementTypes$7
19437:             1             24  com.intellij.lang.javascript.JSElementTypes$8
19438:             1             24  com.intellij.lang.javascript.JSElementTypes$9
19439:             1             24  com.intellij.lang.javascript.JSEqualElementType
19440:             1             24  com.intellij.lang.javascript.JSExpressionContextType
19441:             1             24  com.intellij.lang.javascript.JSStatementContextType
19442:             1             24  com.intellij.lang.javascript.JavaScriptCodeContextType
19443:             1             24  com.intellij.lang.javascript.actions.CreateJavaScriptFileAction
19444:             1             24  com.intellij.lang.javascript.actions.CreateTypeScriptFileAction
19445:             1             24  com.intellij.lang.javascript.actions.TypeScriptCreateConfigFileAction
19446:             1             24  com.intellij.lang.javascript.buildTools.base.actions.JsbtRunTaskAction
19447:             1             24  com.intellij.lang.javascript.buildTools.grunt.rc.GruntConfigurationType$1
19448:             1             24  com.intellij.lang.javascript.buildTools.gulp.rc.GulpConfigurationType$1
19449:             1             24  com.intellij.lang.javascript.buildTools.npm.rc.NpmConfigurationType$1
19450:             1             24  com.intellij.lang.javascript.completion.JSFunctionCompletionContributor
19451:             1             24  com.intellij.lang.javascript.completion.JSFunctionCompletionContributor$1
19452:             1             24  com.intellij.lang.javascript.completion.JSPatternBasedCompletionContributor$1
19453:             1             24  com.intellij.lang.javascript.completion.JSPatternBasedCompletionContributor$2
19454:             1             24  com.intellij.lang.javascript.documentation.JSDocumentationProvider
19455:             1             24  com.intellij.lang.javascript.documentation.JSDocumentationUtils$JSDocParametersMappingToFunctionInfo
19456:             1             24  com.intellij.lang.javascript.documentation.JSQuickNavigateBuilder$ObjectKind$1
19457:             1             24  com.intellij.lang.javascript.documentation.JSQuickNavigateBuilder$ObjectKind$2
19458:             1             24  com.intellij.lang.javascript.documentation.JSQuickNavigateBuilder$ObjectKind$3
19459:             1             24  com.intellij.lang.javascript.documentation.JSQuickNavigateBuilder$ObjectKind$4
19460:             1             24  com.intellij.lang.javascript.documentation.JSQuickNavigateBuilder$ObjectKind$5
19461:             1             24  com.intellij.lang.javascript.documentation.JSQuickNavigateBuilder$ObjectKind$6
19462:             1             24  com.intellij.lang.javascript.documentation.JSQuickNavigateBuilder$ObjectKind$7
19463:             1             24  com.intellij.lang.javascript.documentation.JSQuickNavigateBuilder$ObjectKind$8
19464:             1             24  com.intellij.lang.javascript.documentation.JavaScriptDocumentationProvider
19465:             1             24  com.intellij.lang.javascript.ecmascript6.TypeScriptTemplateContextType
19466:             1             24  com.intellij.lang.javascript.editing.JSStatementUpDownMover
19467:             1             24  com.intellij.lang.javascript.findUsages.JavaScriptFindUsagesConfiguration
19468:             1             24  com.intellij.lang.javascript.flex.ActionScriptAutoImportOptionsProvider
19469:             1             24  com.intellij.lang.javascript.flex.FlexModuleType
19470:             1             24  com.intellij.lang.javascript.flex.PsiScopedImportSet$ImportListDataCache
19471:             1             24  com.intellij.lang.javascript.flex.XmlBackedJSClassImpl$1
19472:             1             24  com.intellij.lang.javascript.flex.XmlBackedJSClassImpl$2
19473:             1             24  com.intellij.lang.javascript.flex.actions.addAsLib.AddAsSwcLibAction
19474:             1             24  com.intellij.lang.javascript.flex.actions.airpackage.AirPackageAction
19475:             1             24  com.intellij.lang.javascript.flex.actions.newfile.NewActionScriptClassAction
19476:             1             24  com.intellij.lang.javascript.flex.actions.newfile.NewFlexComponentAction
19477:             1             24  com.intellij.lang.javascript.flex.build.FlexCompilerHandler$3
19478:             1             24  com.intellij.lang.javascript.flex.build.FlexCompilerHandler$4
19479:             1             24  com.intellij.lang.javascript.flex.build.ValidateFlashConfigurationsPrecompileTask$$Lambda$2959/1266135211
19480:             1             24  com.intellij.lang.javascript.flex.debug.FilterSwfLoadUnloadMessagesAction
19481:             1             24  com.intellij.lang.javascript.flex.debug.SendCommandToDebuggerAction
19482:             1             24  com.intellij.lang.javascript.flex.flexunit.FlexUnitRunConfigurationType$1
19483:             1             24  com.intellij.lang.javascript.flex.projectStructure.ui.ChooseActiveBuildConfigurationAction
19484:             1             24  com.intellij.lang.javascript.flex.run.FlashRunConfigurationType$1
19485:             1             24  com.intellij.lang.javascript.flex.run.RemoteFlashRunConfigurationType$1
19486:             1             24  com.intellij.lang.javascript.flow.FlowJSElementTypes$1
19487:             1             24  com.intellij.lang.javascript.flow.FlowJSElementTypes$2
19488:             1             24  com.intellij.lang.javascript.flow.FlowJSElementTypes$3
19489:             1             24  com.intellij.lang.javascript.flow.FlowJSElementTypes$4
19490:             1             24  com.intellij.lang.javascript.flow.FlowJSServerManager
19491:             1             24  com.intellij.lang.javascript.formatter.JSCodeStyleSettings$BooleanWithGlobalOption$1
19492:             1             24  com.intellij.lang.javascript.formatter.JSCodeStyleSettings$BooleanWithGlobalOption$2
19493:             1             24  com.intellij.lang.javascript.formatter.JSCodeStyleSettings$BooleanWithGlobalOption$3
19494:             1             24  com.intellij.lang.javascript.frameworks.jquery.JQueryCssElementDescriptorProvider
19495:             1             24  com.intellij.lang.javascript.frameworks.react.JSXHtmlContextType
19496:             1             24  com.intellij.lang.javascript.frameworks.react.ReactTagDocumentationProvider
19497:             1             24  com.intellij.lang.javascript.frameworks.webpack.Webpack2Provider
19498:             1             24  com.intellij.lang.javascript.frameworks.webpack.Webpack4Provider
19499:             1             24  com.intellij.lang.javascript.generation.JSGenerateSetUpMethodAction
19500:             1             24  com.intellij.lang.javascript.generation.JSGenerateTearDownMethodAction
19501:             1             24  com.intellij.lang.javascript.generation.JSGenerateTestMethodAction
19502:             1             24  com.intellij.lang.javascript.generation.JavaScriptGenerateConstructorAction
19503:             1             24  com.intellij.lang.javascript.generation.JavaScriptGenerateEventHandlerAction
19504:             1             24  com.intellij.lang.javascript.generation.JavaScriptGenerateGetAccessorAction
19505:             1             24  com.intellij.lang.javascript.generation.JavaScriptGenerateGetSetAccessorAction
19506:             1             24  com.intellij.lang.javascript.generation.JavaScriptGenerateSetAccessorAction
19507:             1             24  com.intellij.lang.javascript.generation.JavaScriptGenerateToStringAction
19508:             1             24  com.intellij.lang.javascript.generation.JavaScriptImplementsMethodsAction
19509:             1             24  com.intellij.lang.javascript.generation.TypeScriptImplementMembersAction
19510:             1             24  com.intellij.lang.javascript.highlighting.JSBackspaceHandler
19511:             1             24  com.intellij.lang.javascript.highlighting.JavaScriptLineMarkerProvider
19512:             1             24  com.intellij.lang.javascript.index.JSPackageIndex
19513:             1             24  com.intellij.lang.javascript.index.JSPackageIndex$2
19514:             1             24  com.intellij.lang.javascript.index.JSPackageIndex$3
19515:             1             24  com.intellij.lang.javascript.index.JSTypeEvaluateManager$$Lambda$4214/1441396949
19516:             1             24  com.intellij.lang.javascript.index.JSTypeEvaluateManager$3
19517:             1             24  com.intellij.lang.javascript.index.JavaScriptIndex$1
19518:             1             24  com.intellij.lang.javascript.inject.JSRegExpSyntaxHighlighterFactory
19519:             1             24  com.intellij.lang.javascript.inspections.UnusedDeclarationsReferencesCacheCleaner$1
19520:             1             24  com.intellij.lang.javascript.intentions.JSConvertToForEachIntention
19521:             1             24  com.intellij.lang.javascript.intentions.JSFunctionToES6ClassIntention
19522:             1             24  com.intellij.lang.javascript.library.JSCorePredefinedLibrariesProvider$1
19523:             1             24  com.intellij.lang.javascript.library.JSCorePredefinedLibrariesProvider$2
19524:             1             24  com.intellij.lang.javascript.linter.JSLinterEditorPanelCreator$MyFileEditorManagerListener
19525:             1             24  com.intellij.lang.javascript.linter.JSLinterLanguageServicePackageTracker$MyListener
19526:             1             24  com.intellij.lang.javascript.linter.JSLinterLanguageServicePackageTracker$MyListener$1
19527:             1             24  com.intellij.lang.javascript.linter.PackageJsonForLintersConfigChangeTracker$MyPackageJsonChangeTracker
19528:             1             24  com.intellij.lang.javascript.linter.SharedConfigurationPaths$PathHolderImpl
19529:             1             24  com.intellij.lang.javascript.linter.eslint.EslintInspection
19530:             1             24  com.intellij.lang.javascript.linter.eslint.importer.EslintImportCodeStyleAction
19531:             1             24  com.intellij.lang.javascript.linter.eslint.standardjs.StandardJSInspection
19532:             1             24  com.intellij.lang.javascript.linter.gjslint.GjsLintInspection
19533:             1             24  com.intellij.lang.javascript.linter.jscs.JscsInspection
19534:             1             24  com.intellij.lang.javascript.linter.jshint.JSHintInspection
19535:             1             24  com.intellij.lang.javascript.linter.jslint.JSLintInspection
19536:             1             24  com.intellij.lang.javascript.linter.rhino.RhinoFunctionManager$1
19537:             1             24  com.intellij.lang.javascript.linter.tslint.highlight.TsLintInspection
19538:             1             24  com.intellij.lang.javascript.modules.diagramm.JSModulesDiagramProvider$2
19539:             1             24  com.intellij.lang.javascript.modules.diagramm.JSModulesDiagramProvider$3
19540:             1             24  com.intellij.lang.javascript.nashorn.NashornJSElementTypes$1
19541:             1             24  com.intellij.lang.javascript.nashorn.NashornJSElementTypes$2
19542:             1             24  com.intellij.lang.javascript.nashorn.library.NashornJSLibraryProvider$1
19543:             1             24  com.intellij.lang.javascript.psi.JSExpectedTypeKind$1
19544:             1             24  com.intellij.lang.javascript.psi.JSExpectedTypeKind$2
19545:             1             24  com.intellij.lang.javascript.psi.JSExpectedTypeKind$3
19546:             1             24  com.intellij.lang.javascript.psi.JSNamepathImpl
19547:             1             24  com.intellij.lang.javascript.psi.ecmal4.impl.JSClassBase$ExtendsClassesUserDataCache
19548:             1             24  com.intellij.lang.javascript.psi.ecmal4.impl.JSClassBase$ImplementsClassesUserDataCache
19549:             1             24  com.intellij.lang.javascript.psi.resolve.JSInheritanceUtil$CacheByEnforcedResolveScope$NoEnforcedScopeMarker
19550:             1             24  com.intellij.lang.javascript.psi.resolve.JSResolveUtil$5
19551:             1             24  com.intellij.lang.javascript.psi.resolve.JSResolveUtil$8
19552:             1             24  com.intellij.lang.javascript.psi.stubs.impl.JSImplicitElementImpl
19553:             1             24  com.intellij.lang.javascript.psi.types.JSTypeComparingCacheService
19554:             1             24  com.intellij.lang.javascript.psi.types.JSTypeSerializer$10
19555:             1             24  com.intellij.lang.javascript.psi.types.JSTypeSerializer$11
19556:             1             24  com.intellij.lang.javascript.psi.types.JSTypeSerializer$12
19557:             1             24  com.intellij.lang.javascript.psi.types.JSTypeSerializer$13
19558:             1             24  com.intellij.lang.javascript.psi.types.JSTypeSerializer$16
19559:             1             24  com.intellij.lang.javascript.psi.types.JSTypeSerializer$17
19560:             1             24  com.intellij.lang.javascript.psi.types.JSTypeSerializer$18
19561:             1             24  com.intellij.lang.javascript.psi.types.JSTypeSerializer$19
19562:             1             24  com.intellij.lang.javascript.psi.types.JSTypeSerializer$20
19563:             1             24  com.intellij.lang.javascript.psi.types.JSTypeSerializer$21
19564:             1             24  com.intellij.lang.javascript.psi.types.JSTypeSerializer$22
19565:             1             24  com.intellij.lang.javascript.psi.types.JSTypeSerializer$23
19566:             1             24  com.intellij.lang.javascript.psi.types.JSTypeSerializer$24
19567:             1             24  com.intellij.lang.javascript.psi.types.JSTypeSerializer$25
19568:             1             24  com.intellij.lang.javascript.psi.types.JSTypeSerializer$26
19569:             1             24  com.intellij.lang.javascript.psi.types.JSTypeSerializer$27
19570:             1             24  com.intellij.lang.javascript.psi.types.JSTypeSerializer$28
19571:             1             24  com.intellij.lang.javascript.psi.types.JSTypeSerializer$29
19572:             1             24  com.intellij.lang.javascript.psi.types.JSTypeSerializer$3
19573:             1             24  com.intellij.lang.javascript.psi.types.JSTypeSerializer$30
19574:             1             24  com.intellij.lang.javascript.psi.types.JSTypeSerializer$31
19575:             1             24  com.intellij.lang.javascript.psi.types.JSTypeSerializer$32
19576:             1             24  com.intellij.lang.javascript.psi.types.JSTypeSerializer$33
19577:             1             24  com.intellij.lang.javascript.psi.types.JSTypeSerializer$34
19578:             1             24  com.intellij.lang.javascript.psi.types.JSTypeSerializer$35
19579:             1             24  com.intellij.lang.javascript.psi.types.JSTypeSerializer$36
19580:             1             24  com.intellij.lang.javascript.psi.types.JSTypeSerializer$37
19581:             1             24  com.intellij.lang.javascript.psi.types.JSTypeSerializer$38
19582:             1             24  com.intellij.lang.javascript.psi.types.JSTypeSerializer$39
19583:             1             24  com.intellij.lang.javascript.psi.types.JSTypeSerializer$4
19584:             1             24  com.intellij.lang.javascript.psi.types.JSTypeSerializer$40
19585:             1             24  com.intellij.lang.javascript.psi.types.JSTypeSerializer$5
19586:             1             24  com.intellij.lang.javascript.psi.types.JSTypeSerializer$7
19587:             1             24  com.intellij.lang.javascript.psi.types.JSTypeSerializer$8
19588:             1             24  com.intellij.lang.javascript.psi.types.JSTypeSerializer$9
19589:             1             24  com.intellij.lang.javascript.refactoring.JSVisibilityUtil$Options
19590:             1             24  com.intellij.lang.javascript.scratch.JSScratchFileInfoProvider$Provider$1
19591:             1             24  com.intellij.lang.javascript.service.ide.JSLanguageServiceStartupActivity$1
19592:             1             24  com.intellij.lang.javascript.template.postfix.JSPostfixTemplateUtils$1
19593:             1             24  com.intellij.lang.javascript.types.ActionScriptAttributeListElementType
19594:             1             24  com.intellij.lang.javascript.types.ES6DecoratorElementType
19595:             1             24  com.intellij.lang.javascript.types.ES6FieldStatementElementType
19596:             1             24  com.intellij.lang.javascript.types.FlowJSMaybeTypeElementType
19597:             1             24  com.intellij.lang.javascript.types.JSAssignmentExpressionElementType
19598:             1             24  com.intellij.lang.javascript.types.JSAttributeElementType
19599:             1             24  com.intellij.lang.javascript.types.JSAttributeListElementType
19600:             1             24  com.intellij.lang.javascript.types.JSAttributeNameValuePairType
19601:             1             24  com.intellij.lang.javascript.types.JSBlockStatementElementType
19602:             1             24  com.intellij.lang.javascript.types.JSCallExpressionElementType
19603:             1             24  com.intellij.lang.javascript.types.JSCaseClauseElementType
19604:             1             24  com.intellij.lang.javascript.types.JSClassElementType
19605:             1             24  com.intellij.lang.javascript.types.JSDefinitionExpressionElementType
19606:             1             24  com.intellij.lang.javascript.types.JSDestructuringArrayElementType
19607:             1             24  com.intellij.lang.javascript.types.JSDestructuringElementElementType
19608:             1             24  com.intellij.lang.javascript.types.JSDestructuringObjectElementType
19609:             1             24  com.intellij.lang.javascript.types.JSDestructuringParameterElementType
19610:             1             24  com.intellij.lang.javascript.types.JSDestructuringPropertyElementType
19611:             1             24  com.intellij.lang.javascript.types.JSDestructuringShorthandedPropertyElementType
19612:             1             24  com.intellij.lang.javascript.types.JSDocCommentElementType
19613:             1             24  com.intellij.lang.javascript.types.JSEmbeddedExpressionElementType
19614:             1             24  com.intellij.lang.javascript.types.JSFunctionElementType
19615:             1             24  com.intellij.lang.javascript.types.JSFunctionExpressionElementType
19616:             1             24  com.intellij.lang.javascript.types.JSFunctionPropertyElementType
19617:             1             24  com.intellij.lang.javascript.types.JSImportStatementElementType
19618:             1             24  com.intellij.lang.javascript.types.JSIncludeDirectiveElementType
19619:             1             24  com.intellij.lang.javascript.types.JSLiteralExpressionElementType
19620:             1             24  com.intellij.lang.javascript.types.JSNamespaceDeclarationElementType
19621:             1             24  com.intellij.lang.javascript.types.JSNewExpressionElementType
19622:             1             24  com.intellij.lang.javascript.types.JSObjectLiteralExpressionElementType
19623:             1             24  com.intellij.lang.javascript.types.JSPackageStatementElementType
19624:             1             24  com.intellij.lang.javascript.types.JSParameterElementType
19625:             1             24  com.intellij.lang.javascript.types.JSParameterListElementType
19626:             1             24  com.intellij.lang.javascript.types.JSPropertyElementType
19627:             1             24  com.intellij.lang.javascript.types.JSReferenceListMemberElementType
19628:             1             24  com.intellij.lang.javascript.types.JSReturnStatementElementType
19629:             1             24  com.intellij.lang.javascript.types.JSStringTemplateExpressionElementType
19630:             1             24  com.intellij.lang.javascript.types.JSUseNamespaceDirectiveType
19631:             1             24  com.intellij.lang.javascript.types.JSVarStatementElementType
19632:             1             24  com.intellij.lang.javascript.types.JSVariableElementType
19633:             1             24  com.intellij.lang.javascript.types.TypeScriptArrayTypeElementType
19634:             1             24  com.intellij.lang.javascript.types.TypeScriptBooleanLiteralTypeElementType
19635:             1             24  com.intellij.lang.javascript.types.TypeScriptCallSignatureElementType
19636:             1             24  com.intellij.lang.javascript.types.TypeScriptClassElementType
19637:             1             24  com.intellij.lang.javascript.types.TypeScriptClassExpressionElementType
19638:             1             24  com.intellij.lang.javascript.types.TypeScriptConditionalTypeElementType
19639:             1             24  com.intellij.lang.javascript.types.TypeScriptEntityNameElementType
19640:             1             24  com.intellij.lang.javascript.types.TypeScriptEnumElementType
19641:             1             24  com.intellij.lang.javascript.types.TypeScriptEnumFieldElementType
19642:             1             24  com.intellij.lang.javascript.types.TypeScriptExportAssignmentElementType
19643:             1             24  com.intellij.lang.javascript.types.TypeScriptExternalModuleReferenceElementType
19644:             1             24  com.intellij.lang.javascript.types.TypeScriptFieldElementType
19645:             1             24  com.intellij.lang.javascript.types.TypeScriptFunctionElementType
19646:             1             24  com.intellij.lang.javascript.types.TypeScriptFunctionExpressionElementType
19647:             1             24  com.intellij.lang.javascript.types.TypeScriptFunctionPropertyElementType
19648:             1             24  com.intellij.lang.javascript.types.TypeScriptFunctionSignatureElementType
19649:             1             24  com.intellij.lang.javascript.types.TypeScriptFunctionTypeElementType
19650:             1             24  com.intellij.lang.javascript.types.TypeScriptGlobalModuleExportDeclarationElementType
19651:             1             24  com.intellij.lang.javascript.types.TypeScriptImplicitModuleElementType
19652:             1             24  com.intellij.lang.javascript.types.TypeScriptImportStatementElementType
19653:             1             24  com.intellij.lang.javascript.types.TypeScriptIndexSignatureElementType
19654:             1             24  com.intellij.lang.javascript.types.TypeScriptIndexedAccessTypeElementType
19655:             1             24  com.intellij.lang.javascript.types.TypeScriptInferTypeElementType
19656:             1             24  com.intellij.lang.javascript.types.TypeScriptInterfaceElementType
19657:             1             24  com.intellij.lang.javascript.types.TypeScriptMappedTypeElementType
19658:             1             24  com.intellij.lang.javascript.types.TypeScriptMappedTypeParameterElementType
19659:             1             24  com.intellij.lang.javascript.types.TypeScriptModuleElementType
19660:             1             24  com.intellij.lang.javascript.types.TypeScriptNumberLiteralTypeElementType
19661:             1             24  com.intellij.lang.javascript.types.TypeScriptObjectTypeElementType
19662:             1             24  com.intellij.lang.javascript.types.TypeScriptParameterElementType
19663:             1             24  com.intellij.lang.javascript.types.TypeScriptParameterListElementType
19664:             1             24  com.intellij.lang.javascript.types.TypeScriptPartialTypeElementType
19665:             1             24  com.intellij.lang.javascript.types.TypeScriptPropertySignatureElementType
19666:             1             24  com.intellij.lang.javascript.types.TypeScriptSingleTypeElementType
19667:             1             24  com.intellij.lang.javascript.types.TypeScriptStringLiteralTypeElementType
19668:             1             24  com.intellij.lang.javascript.types.TypeScriptThisTypeElementType
19669:             1             24  com.intellij.lang.javascript.types.TypeScriptTupleTypeElementType
19670:             1             24  com.intellij.lang.javascript.types.TypeScriptTypeAliasElementType
19671:             1             24  com.intellij.lang.javascript.types.TypeScriptTypeArgumentListElementType
19672:             1             24  com.intellij.lang.javascript.types.TypeScriptTypeOperatorElementType
19673:             1             24  com.intellij.lang.javascript.types.TypeScriptTypeParameterConstraintElementType
19674:             1             24  com.intellij.lang.javascript.types.TypeScriptTypeParameterDefaultElementType
19675:             1             24  com.intellij.lang.javascript.types.TypeScriptTypeParameterElementType
19676:             1             24  com.intellij.lang.javascript.types.TypeScriptTypeParameterListElementType
19677:             1             24  com.intellij.lang.javascript.types.TypeScriptTypePredicateElementType
19678:             1             24  com.intellij.lang.javascript.types.TypeScriptTypeofTypeElementType
19679:             1             24  com.intellij.lang.javascript.types.TypeScriptUnionOrIntersectionTypeElementType
19680:             1             24  com.intellij.lang.javascript.types.TypeScriptVariableElementType
19681:             1             24  com.intellij.lang.javascript.types.TypescriptParenthesizedTypeElementType
19682:             1             24  com.intellij.lang.javascript.uml.FlashUmlElementManager
19683:             1             24  com.intellij.lang.javascript.uml.actions.FlexCreateConstructorFromDiagramAction
19684:             1             24  com.intellij.lang.javascript.uml.actions.FlexCreateFieldFromDiagramAction
19685:             1             24  com.intellij.lang.javascript.uml.actions.FlexCreateMethodFromDiagramAction
19686:             1             24  com.intellij.lang.javascript.uml.actions.NewActionScriptClassUmlAction
19687:             1             24  com.intellij.lang.javascript.uml.actions.NewFlexComponentUmlAction
19688:             1             24  com.intellij.lang.javascript.validation.DuplicatesCheckUtil$BlockContext
19689:             1             24  com.intellij.lang.jsp.NewJspParserDefinition$1
19690:             1             24  com.intellij.lang.jspx.JSPXLanguage$1
19691:             1             24  com.intellij.lang.ognl.OgnlFileType$1
19692:             1             24  com.intellij.lang.ognl.OgnlLanguage$1
19693:             1             24  com.intellij.lang.ognl.template.OgnlTemplateContextType
19694:             1             24  com.intellij.lang.parser.GeneratedParserUtilBase$DummyBlockElementType
19695:             1             24  com.intellij.lang.properties.PropertiesLanguage$1
19696:             1             24  com.intellij.lang.properties.create.AddNewPropertyFileAction
19697:             1             24  com.intellij.lang.properties.create.CreateResourceBundleAction
19698:             1             24  com.intellij.lang.properties.customizeActions.CombinePropertiesFilesAction
19699:             1             24  com.intellij.lang.properties.customizeActions.DissociateResourceBundleAction
19700:             1             24  com.intellij.lang.properties.editor.GotoNextIncompletePropertyAction
19701:             1             24  com.intellij.lang.properties.editor.ResourceBundleEditorShowQuickFixesAction
19702:             1             24  com.intellij.lang.properties.parsing.PropertiesElementTypes$1
19703:             1             24  com.intellij.lang.properties.parsing.PropertyListStubElementType
19704:             1             24  com.intellij.lang.properties.parsing.PropertyStubElementType
19705:             1             24  com.intellij.lang.typescript.compiler.TypeScriptGeneratedFilesUseScopeOptimizer$1
19706:             1             24  com.intellij.lang.typescript.compiler.action.TypeScriptCompileCurrentAction
19707:             1             24  com.intellij.lang.typescript.documentation.TypeScriptDocumentationProvider
19708:             1             24  com.intellij.lang.typescript.refactoring.TypeScriptExtractTypeAliasHandler
19709:             1             24  com.intellij.lang.typescript.settings.exclude.TypeScriptGeneratedFilesStartupActivity$1
19710:             1             24  com.intellij.lang.typescript.settings.exclude.TypeScriptIncludeGeneratedDeclarationFilesAction
19711:             1             24  com.intellij.moduleDependencies.ShowModuleDependenciesAction
19712:             1             24  com.intellij.notification.Notifications$Bus$$Lambda$2501/2043806220
19713:             1             24  com.intellij.notification.impl.IdeNotificationArea$1
19714:             1             24  com.intellij.notification.impl.NotificationsManagerImpl$$Lambda$2502/1702095390
19715:             1             24  com.intellij.notification.impl.actions.MarkAllNotificationsAsReadAction
19716:             1             24  com.intellij.openapi.CompositeDisposable
19717:             1             24  com.intellij.openapi.actionSystem.ComputableActionGroup$Simple$$Lambda$5062/1021438588
19718:             1             24  com.intellij.openapi.actionSystem.ex.ActionUtil$1
19719:             1             24  com.intellij.openapi.actionSystem.ex.QuickListsManager
19720:             1             24  com.intellij.openapi.actionSystem.impl.AbbreviationManagerImpl
19721:             1             24  com.intellij.openapi.actionSystem.impl.ActionManagerImpl$MyTimer$1
19722:             1             24  com.intellij.openapi.actionSystem.impl.MenuItemPresentationFactory
19723:             1             24  com.intellij.openapi.actionSystem.impl.MouseGestureManager
19724:             1             24  com.intellij.openapi.actionSystem.impl.Utils$1
19725:             1             24  com.intellij.openapi.application.Preloader
19726:             1             24  com.intellij.openapi.application.TransactionGuardImpl$$Lambda$701/963036184
19727:             1             24  com.intellij.openapi.application.impl.NoSwingUnderWriteAction$$Lambda$53/1592209787
19728:             1             24  com.intellij.openapi.command.impl.DocumentReferenceManagerImpl
19729:             1             24  com.intellij.openapi.compiler.CompilerMessageCategory$1
19730:             1             24  com.intellij.openapi.compiler.CompilerMessageCategory$2
19731:             1             24  com.intellij.openapi.compiler.CompilerMessageCategory$3
19732:             1             24  com.intellij.openapi.compiler.CompilerMessageCategory$4
19733:             1             24  com.intellij.openapi.components.impl.ModulePathMacroManager
19734:             1             24  com.intellij.openapi.components.impl.ModuleServiceManagerImpl
19735:             1             24  com.intellij.openapi.diff.actions.FocusOppositePaneAction
19736:             1             24  com.intellij.openapi.diff.actions.NextDiffAction
19737:             1             24  com.intellij.openapi.diff.actions.PreviousDiffAction
19738:             1             24  com.intellij.openapi.diff.impl.dir.actions.popup.CancelComparingNewFilesWithEachOtherAction
19739:             1             24  com.intellij.openapi.diff.impl.dir.actions.popup.CompareNewFilesWithEachOtherAction
19740:             1             24  com.intellij.openapi.diff.impl.dir.actions.popup.MirrorToLeftAction
19741:             1             24  com.intellij.openapi.diff.impl.dir.actions.popup.MirrorToRightAction
19742:             1             24  com.intellij.openapi.diff.impl.dir.actions.popup.SetCopyToLeft
19743:             1             24  com.intellij.openapi.diff.impl.dir.actions.popup.SetCopyToRight
19744:             1             24  com.intellij.openapi.diff.impl.dir.actions.popup.SetDefault
19745:             1             24  com.intellij.openapi.diff.impl.dir.actions.popup.SetDelete
19746:             1             24  com.intellij.openapi.diff.impl.dir.actions.popup.SetNoOperation
19747:             1             24  com.intellij.openapi.diff.impl.dir.actions.popup.WarnOnDeletion
19748:             1             24  com.intellij.openapi.editor.CaretVisualAttributes
19749:             1             24  com.intellij.openapi.editor.actionSystem.TypedAction
19750:             1             24  com.intellij.openapi.editor.actions.AddOrRemoveCaretDummyAction
19751:             1             24  com.intellij.openapi.editor.actions.AddRectangularSelectionOnMouseDragAction
19752:             1             24  com.intellij.openapi.editor.actions.BackspaceAction$Handler
19753:             1             24  com.intellij.openapi.editor.actions.BasePasteHandler
19754:             1             24  com.intellij.openapi.editor.actions.CreateRectangularSelectionAction
19755:             1             24  com.intellij.openapi.editor.actions.CutAction$Handler
19756:             1             24  com.intellij.openapi.editor.actions.CutLineBackwardAction$Handler
19757:             1             24  com.intellij.openapi.editor.actions.CutLineEndAction$Handler
19758:             1             24  com.intellij.openapi.editor.actions.DeleteAction$Handler
19759:             1             24  com.intellij.openapi.editor.actions.DeleteLineAction$Handler
19760:             1             24  com.intellij.openapi.editor.actions.DeleteSelectionHandler
19761:             1             24  com.intellij.openapi.editor.actions.DuplicateAction$Handler
19762:             1             24  com.intellij.openapi.editor.actions.DuplicateLinesAction$Handler
19763:             1             24  com.intellij.openapi.editor.actions.EnterAction$Handler
19764:             1             24  com.intellij.openapi.editor.actions.HungryBackspaceAction$Handler
19765:             1             24  com.intellij.openapi.editor.actions.JoinLinesAction$Handler
19766:             1             24  com.intellij.openapi.editor.actions.KillToWordEndAction$Handler
19767:             1             24  com.intellij.openapi.editor.actions.KillToWordStartAction$Handler
19768:             1             24  com.intellij.openapi.editor.actions.MultiplePasteAction
19769:             1             24  com.intellij.openapi.editor.actions.PasteAction$Handler
19770:             1             24  com.intellij.openapi.editor.actions.PasteFromX11Action$Handler
19771:             1             24  com.intellij.openapi.editor.actions.SelectWordAtCaretAction$Handler
19772:             1             24  com.intellij.openapi.editor.actions.SplitLineAction$Handler
19773:             1             24  com.intellij.openapi.editor.actions.StartNewLineAction$Handler
19774:             1             24  com.intellij.openapi.editor.actions.StartNewLineBeforeAction$Handler
19775:             1             24  com.intellij.openapi.editor.actions.TabAction$Handler
19776:             1             24  com.intellij.openapi.editor.actions.ToggleCaseAction$Handler
19777:             1             24  com.intellij.openapi.editor.actions.ToggleColumnModeAction
19778:             1             24  com.intellij.openapi.editor.actions.ToggleShowGutterIconsAction
19779:             1             24  com.intellij.openapi.editor.actions.ToggleShowImportPopupsAction
19780:             1             24  com.intellij.openapi.editor.actions.ToggleShowIndentLinesAction
19781:             1             24  com.intellij.openapi.editor.actions.ToggleShowIndentLinesGloballyAction
19782:             1             24  com.intellij.openapi.editor.actions.ToggleShowLineNumbersAction
19783:             1             24  com.intellij.openapi.editor.actions.ToggleShowLineNumbersGloballyAction
19784:             1             24  com.intellij.openapi.editor.actions.ToggleShowWhitespacesAction
19785:             1             24  com.intellij.openapi.editor.actions.ToggleUseSoftWrapsInPreviewAction
19786:             1             24  com.intellij.openapi.editor.actions.UnindentSelectionAction$Handler
19787:             1             24  com.intellij.openapi.editor.colors.impl.EditorColorsManagerImpl$1EditorColorSchemeProcessor
19788:             1             24  com.intellij.openapi.editor.event.SelectionEvent
19789:             1             24  com.intellij.openapi.editor.impl.DocumentImpl$DelayedExceptions
19790:             1             24  com.intellij.openapi.editor.impl.EditorActionManagerImpl
19791:             1             24  com.intellij.openapi.editor.impl.EditorFactoryImpl
19792:             1             24  com.intellij.openapi.editor.impl.EditorImpl$MyMouseAdapter$$Lambda$2907/1224564806
19793:             1             24  com.intellij.openapi.editor.impl.EditorImpl$MyMouseAdapter$$Lambda$2922/1811268686
19794:             1             24  com.intellij.openapi.editor.impl.LazyRangeMarkerFactoryImpl$1
19795:             1             24  com.intellij.openapi.editor.impl.StripedIDGenerator
19796:             1             24  com.intellij.openapi.editor.impl.view.LineLayout$MultiChunk
19797:             1             24  com.intellij.openapi.externalSystem.ExternalProjectSystemRegistryImpl$ProjectModelExternalSourceImpl
19798:             1             24  com.intellij.openapi.externalSystem.ExternalSystemModulePropertyManager
19799:             1             24  com.intellij.openapi.externalSystem.action.AttachExternalProjectAction
19800:             1             24  com.intellij.openapi.externalSystem.action.EditExternalSystemRunConfigurationAction
19801:             1             24  com.intellij.openapi.externalSystem.action.ExternalSystemSelectProjectDataToImportAction
19802:             1             24  com.intellij.openapi.externalSystem.action.ExternalSystemTreeAction$CollapseAll
19803:             1             24  com.intellij.openapi.externalSystem.action.ExternalSystemTreeAction$ExpandAll
19804:             1             24  com.intellij.openapi.externalSystem.action.IgnoreExternalProjectAction
19805:             1             24  com.intellij.openapi.externalSystem.action.RefreshAllExternalProjectsAction
19806:             1             24  com.intellij.openapi.externalSystem.action.RemoveExternalSystemRunConfigurationAction
19807:             1             24  com.intellij.openapi.externalSystem.action.ShowExternalSystemSettingsAction
19808:             1             24  com.intellij.openapi.externalSystem.action.ToggleAutoImportAction
19809:             1             24  com.intellij.openapi.externalSystem.action.task.AssignRunConfigurationShortcutAction
19810:             1             24  com.intellij.openapi.externalSystem.service.RemoteExternalSystemCommunicationManager$1
19811:             1             24  com.intellij.openapi.externalSystem.service.execution.AbstractExternalSystemTaskConfigurationType$1
19812:             1             24  com.intellij.openapi.externalSystem.service.execution.AbstractExternalSystemTaskConfigurationType$2
19813:             1             24  com.intellij.openapi.externalSystem.service.project.autoimport.CachingExternalSystemAutoImportAware
19814:             1             24  com.intellij.openapi.externalSystem.service.project.autoimport.ExternalSystemProjectsWatcherImpl$10
19815:             1             24  com.intellij.openapi.externalSystem.service.project.manage.ProjectDataManagerImpl$1
19816:             1             24  com.intellij.openapi.externalSystem.service.ui.ExternalToolWindowManager$1
19817:             1             24  com.intellij.openapi.externalSystem.util.ExternalSystemBundle
19818:             1             24  com.intellij.openapi.file.exclude.EnforcedPlainTextFileTypeManager
19819:             1             24  com.intellij.openapi.file.exclude.ui.MarkAsOriginalTypeAction
19820:             1             24  com.intellij.openapi.file.exclude.ui.MarkAsPlainTextAction
19821:             1             24  com.intellij.openapi.fileChooser.actions.FileDeleteAction
19822:             1             24  com.intellij.openapi.fileChooser.actions.GotoDesktopDirAction$1
19823:             1             24  com.intellij.openapi.fileChooser.actions.GotoHomeAction
19824:             1             24  com.intellij.openapi.fileChooser.actions.GotoModuleDirectory
19825:             1             24  com.intellij.openapi.fileChooser.actions.GotoProjectDirectory
19826:             1             24  com.intellij.openapi.fileChooser.actions.NewFileAction
19827:             1             24  com.intellij.openapi.fileChooser.actions.NewFolderAction
19828:             1             24  com.intellij.openapi.fileChooser.actions.RefreshFileChooserAction
19829:             1             24  com.intellij.openapi.fileChooser.actions.ShowHiddensAction
19830:             1             24  com.intellij.openapi.fileChooser.actions.TogglePathShowingAction
19831:             1             24  com.intellij.openapi.fileEditor.impl.FileEditorManagerImpl$3
19832:             1             24  com.intellij.openapi.fileEditor.impl.FileEditorManagerImpl$MyRootsListener
19833:             1             24  com.intellij.openapi.fileEditor.impl.MemoryDiskConflictResolver
19834:             1             24  com.intellij.openapi.fileEditor.impl.MoveEditorToOppositeTabGroupAction
19835:             1             24  com.intellij.openapi.fileEditor.impl.OpenEditorInOppositeTabGroupAction
19836:             1             24  com.intellij.openapi.fileEditor.impl.ReopenClosedTabAction
19837:             1             24  com.intellij.openapi.fileEditor.impl.SelectNextEditorTabAction
19838:             1             24  com.intellij.openapi.fileEditor.impl.SelectPreviousEditorTabAction
19839:             1             24  com.intellij.openapi.fileTypes.FileTypeExtensionFactory
19840:             1             24  com.intellij.openapi.fileTypes.PlainTextParserDefinition$1
19841:             1             24  com.intellij.openapi.fileTypes.impl.IgnoredFileCache
19842:             1             24  com.intellij.openapi.fileTypes.impl.IgnoredPatternSet
19843:             1             24  com.intellij.openapi.keymap.impl.DefaultKeymap
19844:             1             24  com.intellij.openapi.keymap.impl.KeymapImpl$getActionIds$2
19845:             1             24  com.intellij.openapi.keymap.impl.KeymapImpl$getActionIds$4
19846:             1             24  com.intellij.openapi.keymap.impl.KeymapManagerImpl
19847:             1             24  com.intellij.openapi.keymap.impl.KeymapManagerImpl$1
19848:             1             24  com.intellij.openapi.keymap.impl.ModifierKeyDoubleClickHandler
19849:             1             24  com.intellij.openapi.keymap.impl.keyGestures.KeyGestureState$ModifierPressed
19850:             1             24  com.intellij.openapi.keymap.impl.keyGestures.KeyGestureState$ProcessFinish
19851:             1             24  com.intellij.openapi.keymap.impl.keyGestures.KeyGestureState$WaitForAction
19852:             1             24  com.intellij.openapi.keymap.impl.keyGestures.KeyGestureState$WaitForActionEnd
19853:             1             24  com.intellij.openapi.keymap.impl.keyGestures.KeyGestureState$WaitForDblClick
19854:             1             24  com.intellij.openapi.keymap.impl.keyGestures.KeyGestureState$WaitForStart
19855:             1             24  com.intellij.openapi.module.EmptyModuleType
19856:             1             24  com.intellij.openapi.module.JavaModuleType
19857:             1             24  com.intellij.openapi.module.impl.ModulePointerManagerImpl$registerPointer$1
19858:             1             24  com.intellij.openapi.paths.PathReferenceManagerImpl
19859:             1             24  com.intellij.openapi.progress.impl.CoreProgressManager$TaskRunnable
19860:             1             24  com.intellij.openapi.progress.util.TooManyUsagesStatus$NullStatus
19861:             1             24  com.intellij.openapi.project.DumbServiceImpl$1
19862:             1             24  com.intellij.openapi.projectRoots.JdkPopupAction
19863:             1             24  com.intellij.openapi.projectRoots.impl.JavaSdkImpl
19864:             1             24  com.intellij.openapi.projectRoots.impl.JavaSdkImpl$1
19865:             1             24  com.intellij.openapi.projectRoots.impl.ProjectJdkTableImpl$1
19866:             1             24  com.intellij.openapi.roots.impl.ModuleLibraryTable
19867:             1             24  com.intellij.openapi.roots.impl.ProjectRootManagerImpl$$Lambda$686/270426547
19868:             1             24  com.intellij.openapi.roots.impl.ProjectRootManagerImpl$LibraryTableMultiListener
19869:             1             24  com.intellij.openapi.roots.impl.PushedFilePropertiesUpdaterImpl$1
19870:             1             24  com.intellij.openapi.roots.ui.configuration.actions.NewModuleAction
19871:             1             24  com.intellij.openapi.roots.ui.configuration.actions.NewModuleInGroupAction
19872:             1             24  com.intellij.openapi.updateSettings.impl.UpdateChecker$showNotification$1
19873:             1             24  com.intellij.openapi.updateSettings.impl.UpdateCheckerComponent
19874:             1             24  com.intellij.openapi.updateSettings.impl.UpdateSettings
19875:             1             24  com.intellij.openapi.util.DimensionService
19876:             1             24  com.intellij.openapi.util.KeyWithDefaultValue$1
19877:             1             24  com.intellij.openapi.util.KeyedExtensionFactory$1
19878:             1             24  com.intellij.openapi.util.ModificationTracker$1
19879:             1             24  com.intellij.openapi.util.RequestsMerger$MyState$1
19880:             1             24  com.intellij.openapi.util.RequestsMerger$MyState$2
19881:             1             24  com.intellij.openapi.util.RequestsMerger$MyState$3
19882:             1             24  com.intellij.openapi.util.RequestsMerger$MyState$4
19883:             1             24  com.intellij.openapi.util.ShutDownTracker
19884:             1             24  com.intellij.openapi.util.SimpleTimer
19885:             1             24  com.intellij.openapi.util.VolatileNotNullLazyValue$1
19886:             1             24  com.intellij.openapi.util.ZipperUpdater$1
19887:             1             24  com.intellij.openapi.util.io.FileUtilRt$NIOReflect$1
19888:             1             24  com.intellij.openapi.util.registry.Registry
19889:             1             24  com.intellij.openapi.vcs.VcsVFSListener$MyCommandAdapter
19890:             1             24  com.intellij.openapi.vcs.actions.AnnotateToggleAction
19891:             1             24  com.intellij.openapi.vcs.actions.CommonCheckinFilesAction
19892:             1             24  com.intellij.openapi.vcs.actions.CommonCheckinProjectAction
19893:             1             24  com.intellij.openapi.vcs.actions.CompareWithLastVersion
19894:             1             24  com.intellij.openapi.vcs.actions.CompareWithSelectedRevisionAction
19895:             1             24  com.intellij.openapi.vcs.actions.CompareWithTheSameVersionAction
19896:             1             24  com.intellij.openapi.vcs.actions.RefreshStatuses
19897:             1             24  com.intellij.openapi.vcs.actions.SelectAndCompareWithSelectedRevisionAction
19898:             1             24  com.intellij.openapi.vcs.actions.SelectedBlockHistoryAction
19899:             1             24  com.intellij.openapi.vcs.actions.ShowBaseRevisionAction
19900:             1             24  com.intellij.openapi.vcs.actions.ShowChangeMarkerAction$Current
19901:             1             24  com.intellij.openapi.vcs.actions.ShowChangeMarkerAction$Next
19902:             1             24  com.intellij.openapi.vcs.actions.ShowChangeMarkerAction$Prev
19903:             1             24  com.intellij.openapi.vcs.actions.ShowMessageHistoryAction
19904:             1             24  com.intellij.openapi.vcs.actions.TabbedShowHistoryAction
19905:             1             24  com.intellij.openapi.vcs.actions.TabbedShowHistoryForRevisionAction
19906:             1             24  com.intellij.openapi.vcs.annotate.ShowAllAffectedGenericAction
19907:             1             24  com.intellij.openapi.vcs.changes.CallbackData$$Lambda$2902/1239681127
19908:             1             24  com.intellij.openapi.vcs.changes.CallbackData$$Lambda$2903/1491324777
19909:             1             24  com.intellij.openapi.vcs.changes.ChangeListManagerImpl$$Lambda$2900/1404044411
19910:             1             24  com.intellij.openapi.vcs.changes.ChangeListWorker$$Lambda$1822/988206172
19911:             1             24  com.intellij.openapi.vcs.changes.TextRevisionNumber
19912:             1             24  com.intellij.openapi.vcs.changes.VcsDirtyScopeVfsListener$$Lambda$1738/1342152821
19913:             1             24  com.intellij.openapi.vcs.changes.actions.AddChangeListAction
19914:             1             24  com.intellij.openapi.vcs.changes.actions.BrowseChangesAction
19915:             1             24  com.intellij.openapi.vcs.changes.actions.CreatePatchAction
19916:             1             24  com.intellij.openapi.vcs.changes.actions.EditAction
19917:             1             24  com.intellij.openapi.vcs.changes.actions.IgnoreUnversionedAction
19918:             1             24  com.intellij.openapi.vcs.changes.actions.MoveChangesToAnotherListAction
19919:             1             24  com.intellij.openapi.vcs.changes.actions.OpenRepositoryVersionAction
19920:             1             24  com.intellij.openapi.vcs.changes.actions.RefreshAction
19921:             1             24  com.intellij.openapi.vcs.changes.actions.RemoveChangeListAction
19922:             1             24  com.intellij.openapi.vcs.changes.actions.RenameChangeListAction
19923:             1             24  com.intellij.openapi.vcs.changes.actions.RollbackAction
19924:             1             24  com.intellij.openapi.vcs.changes.actions.ScheduleForRemovalAction
19925:             1             24  com.intellij.openapi.vcs.changes.actions.SetDefaultChangeListAction
19926:             1             24  com.intellij.openapi.vcs.changes.actions.SetDirectoryChangesGroupingAction
19927:             1             24  com.intellij.openapi.vcs.changes.actions.SetModuleChangesGroupingAction
19928:             1             24  com.intellij.openapi.vcs.changes.actions.ShelveSilentlyAction
19929:             1             24  com.intellij.openapi.vcs.changes.actions.UnshelveSilentlyAction
19930:             1             24  com.intellij.openapi.vcs.changes.committed.ChangeListDetailsAction
19931:             1             24  com.intellij.openapi.vcs.changes.committed.ClearCommittedAction
19932:             1             24  com.intellij.openapi.vcs.changes.committed.FilterCommittedAction
19933:             1             24  com.intellij.openapi.vcs.changes.committed.RefreshCommittedAction
19934:             1             24  com.intellij.openapi.vcs.changes.committed.RefreshIncomingChangesAction
19935:             1             24  com.intellij.openapi.vcs.changes.conflicts.ChangelistConflictResolution$1
19936:             1             24  com.intellij.openapi.vcs.changes.conflicts.ChangelistConflictResolution$2
19937:             1             24  com.intellij.openapi.vcs.changes.conflicts.ChangelistConflictResolution$3
19938:             1             24  com.intellij.openapi.vcs.changes.conflicts.ChangelistConflictResolution$4
19939:             1             24  com.intellij.openapi.vcs.changes.conflicts.ChangelistConflictTracker$$Lambda$2899/315669380
19940:             1             24  com.intellij.openapi.vcs.changes.patch.ApplyPatchAction
19941:             1             24  com.intellij.openapi.vcs.changes.patch.ApplyPatchFromClipboardAction
19942:             1             24  com.intellij.openapi.vcs.changes.shelf.CleanUnshelvedAction
19943:             1             24  com.intellij.openapi.vcs.changes.shelf.ImportIntoShelfAction
19944:             1             24  com.intellij.openapi.vcs.changes.shelf.OpenShelfSettings
19945:             1             24  com.intellij.openapi.vcs.changes.shelf.RenameShelvedChangeListAction
19946:             1             24  com.intellij.openapi.vcs.changes.shelf.RestoreShelvedChange
19947:             1             24  com.intellij.openapi.vcs.changes.shelf.ShelveChangesAction
19948:             1             24  com.intellij.openapi.vcs.changes.shelf.ShelvedChangesViewManager$ShelfTreeCellRenderer$1
19949:             1             24  com.intellij.openapi.vcs.changes.shelf.ShowHideRecycledAction
19950:             1             24  com.intellij.openapi.vcs.changes.shelf.UnshelveWithDialogAction
19951:             1             24  com.intellij.openapi.vcs.changes.ui.ChangesDnDSupport
19952:             1             24  com.intellij.openapi.vcs.changes.ui.ChangesViewContentManager$1
19953:             1             24  com.intellij.openapi.vcs.ex.MoveChangesLineStatusAction
19954:             1             24  com.intellij.openapi.vcs.ex.RollbackLineStatusAction
19955:             1             24  com.intellij.openapi.vcs.history.actions.AnnotateRevisionAction
19956:             1             24  com.intellij.openapi.vcs.history.actions.CopyRevisionNumberAction
19957:             1             24  com.intellij.openapi.vcs.history.actions.GetVersionAction
19958:             1             24  com.intellij.openapi.vcs.impl.FileStatusManagerImpl$$Lambda$2225/1932629126
19959:             1             24  com.intellij.openapi.vcs.impl.ModuleVcsDetector$MyModulesListener
19960:             1             24  com.intellij.openapi.vcs.roots.VcsRootScanner
19961:             1             24  com.intellij.openapi.vfs.VfsBundle
19962:             1             24  com.intellij.openapi.vfs.encoding.ChooseFileEncodingAction$2
19963:             1             24  com.intellij.openapi.vfs.ex.temp.TempFileSystem
19964:             1             24  com.intellij.openapi.vfs.impl.http.HttpFileSystemImpl
19965:             1             24  com.intellij.openapi.vfs.impl.jar.JarFileSystemImpl
19966:             1             24  com.intellij.openapi.vfs.impl.jrt.JrtFileSystemImpl
19967:             1             24  com.intellij.openapi.vfs.impl.local.FileWatcher$MyFileWatcherNotificationSink
19968:             1             24  com.intellij.openapi.vfs.impl.local.LocalFileSystemImpl$$Lambda$94/2061801165
19969:             1             24  com.intellij.openapi.wm.impl.LibraryDependentToolWindowManager$1
19970:             1             24  com.intellij.openapi.wm.impl.MaximizeToolWindowAction
19971:             1             24  com.intellij.openapi.wm.impl.NextProjectWindow
19972:             1             24  com.intellij.openapi.wm.impl.PreviousProjectWindow
19973:             1             24  com.intellij.openapi.wm.impl.ToolWindowManagerImpl$3
19974:             1             24  com.intellij.openapi.wm.impl.WindowManagerImpl$2
19975:             1             24  com.intellij.openapi.wm.impl.WindowWatcher$WindowInfo
19976:             1             24  com.intellij.openapi.wm.impl.Windows$ToolWindowProvider$2
19977:             1             24  com.intellij.openapi.wm.impl.status.AutoShowProcessPopupAction
19978:             1             24  com.intellij.openapi.wm.impl.status.EncodingPanel$2
19979:             1             24  com.intellij.openapi.wm.impl.status.IdeStatusBarImpl$$Lambda$1763/1881206893
19980:             1             24  com.intellij.openapi.wm.impl.status.IdeStatusBarImpl$MultipleTextValuesPresentationWrapper$1
19981:             1             24  com.intellij.openapi.wm.impl.status.LineSeparatorPanel$2
19982:             1             24  com.intellij.openapi.wm.impl.status.ShowProcessWindowAction
19983:             1             24  com.intellij.openapi.wm.impl.status.ToggleReadOnlyAttributePanel
19984:             1             24  com.intellij.openapi.wm.impl.welcomeScreen.ChangeProjectIconAction
19985:             1             24  com.intellij.openapi.wm.impl.welcomeScreen.CreateNewProjectGroupAction
19986:             1             24  com.intellij.openapi.wm.impl.welcomeScreen.DevelopPluginsAction
19987:             1             24  com.intellij.openapi.wm.impl.welcomeScreen.EditProjectGroupAction
19988:             1             24  com.intellij.openapi.wm.impl.welcomeScreen.GetFromVcsAction
19989:             1             24  com.intellij.openapi.wm.impl.welcomeScreen.OpenSelectedProjectsAction
19990:             1             24  com.intellij.openapi.wm.impl.welcomeScreen.RemoveSelectedProjectsAction
19991:             1             24  com.intellij.packageDependencies.actions.AnalyzeDependenciesOnSpecifiedTargetAction
19992:             1             24  com.intellij.packaging.impl.artifacts.ArtifactBySourceFileFinderImpl
19993:             1             24  com.intellij.packaging.impl.artifacts.ArtifactPointerImpl
19994:             1             24  com.intellij.packaging.impl.artifacts.ArtifactPointerManagerImpl
19995:             1             24  com.intellij.packaging.impl.artifacts.ArtifactVirtualFileListener
19996:             1             24  com.intellij.packaging.impl.artifacts.ArtifactVirtualFileListener$$Lambda$531/2040876943
19997:             1             24  com.intellij.packaging.impl.artifacts.JarArtifactType
19998:             1             24  com.intellij.packaging.impl.artifacts.PackagingElementPath
19999:             1             24  com.intellij.packaging.impl.artifacts.PlainArtifactType
20000:             1             24  com.intellij.packaging.impl.elements.ArchiveElementType
20001:             1             24  com.intellij.packaging.impl.elements.ArtifactElementType
20002:             1             24  com.intellij.packaging.impl.elements.ArtifactPackagingElement
20003:             1             24  com.intellij.packaging.impl.elements.ArtifactRootElementImpl
20004:             1             24  com.intellij.packaging.impl.elements.DirectoryCopyElementType
20005:             1             24  com.intellij.packaging.impl.elements.DirectoryElementType
20006:             1             24  com.intellij.packaging.impl.elements.ExtractedDirectoryElementType
20007:             1             24  com.intellij.packaging.impl.elements.FileCopyElementType
20008:             1             24  com.intellij.packaging.impl.elements.FileCopyPackagingElement
20009:             1             24  com.intellij.packaging.impl.elements.LibraryElementType
20010:             1             24  com.intellij.packaging.impl.elements.PackagingElementFactoryImpl$ArtifactRootElementType
20011:             1             24  com.intellij.packaging.impl.elements.ProductionModuleOutputElementType
20012:             1             24  com.intellij.packaging.impl.elements.ProductionModuleOutputPackagingElement
20013:             1             24  com.intellij.packaging.impl.elements.TestModuleOutputElementType
20014:             1             24  com.intellij.packaging.impl.ui.actions.PackageFileAction
20015:             1             24  com.intellij.patterns.CharPattern$3
20016:             1             24  com.intellij.patterns.CollectionPattern$5
20017:             1             24  com.intellij.patterns.CollectionPattern$6
20018:             1             24  com.intellij.patterns.CollectionPattern$7
20019:             1             24  com.intellij.patterns.ElementPatternBean
20020:             1             24  com.intellij.patterns.GenericDomValuePattern$4
20021:             1             24  com.intellij.patterns.ObjectPattern$5
20022:             1             24  com.intellij.patterns.ObjectPattern$6
20023:             1             24  com.intellij.patterns.PsiBinaryExpressionPattern$1
20024:             1             24  com.intellij.patterns.PsiBinaryExpressionPattern$2
20025:             1             24  com.intellij.patterns.PsiElementPattern$14
20026:             1             24  com.intellij.patterns.PsiElementPattern$16
20027:             1             24  com.intellij.patterns.PsiExpressionPattern$1
20028:             1             24  com.intellij.patterns.PsiExpressionPattern$3
20029:             1             24  com.intellij.patterns.PsiFilePattern$4
20030:             1             24  com.intellij.patterns.PsiMethodCallPattern$2
20031:             1             24  com.intellij.patterns.PsiTypeCastExpressionPattern$1
20032:             1             24  com.intellij.patterns.PsiTypePattern$2
20033:             1             24  com.intellij.patterns.VirtualFilePattern$2
20034:             1             24  com.intellij.patterns.XmlTagPattern$6
20035:             1             24  com.intellij.patterns.compiler.PatternCompilerFactoryImpl
20036:             1             24  com.intellij.patterns.compiler.PatternCompilerImpl$FalsePattern
20037:             1             24  com.intellij.patterns.uast.UastPatterns$stringLiteralExpression$1
20038:             1             24  com.intellij.persistence.ManipulatorsRegistryImpl
20039:             1             24  com.intellij.platform.AttachProjectAction
20040:             1             24  com.intellij.platform.templates.ManageProjectTemplatesAction
20041:             1             24  com.intellij.platform.templates.SaveProjectAsTemplateAction
20042:             1             24  com.intellij.play.console.RunPlayConsoleAction
20043:             1             24  com.intellij.play.language.PlayActionElementType
20044:             1             24  com.intellij.play.language.PlayElementTypes$1
20045:             1             24  com.intellij.play.language.PlayElementTypes$2
20046:             1             24  com.intellij.play.language.PlayMessageElementType
20047:             1             24  com.intellij.play.language.PlayMessageParameterElementType
20048:             1             24  com.intellij.play.language.TagExpressionElementType
20049:             1             24  com.intellij.play.language.groovy.GroovyExpressionLazyParseableElementType
20050:             1             24  com.intellij.plugins.drools.actions.CreateRuleFileAction
20051:             1             24  com.intellij.plugins.drools.completion.DroolsCompletionContributor$10
20052:             1             24  com.intellij.plugins.drools.completion.DroolsCompletionContributor$12
20053:             1             24  com.intellij.plugins.drools.completion.DroolsCompletionContributor$2
20054:             1             24  com.intellij.plugins.drools.completion.DroolsCompletionContributor$4
20055:             1             24  com.intellij.plugins.drools.completion.DroolsCompletionContributor$6
20056:             1             24  com.intellij.plugins.drools.completion.DroolsCompletionContributor$8
20057:             1             24  com.intellij.plugins.drools.lang.lexer.DroolsBlockExpressionsLazyParseableElementType
20058:             1             24  com.intellij.plugins.drools.lang.lexer.DroolsJavaStatementLazyParseableElementType
20059:             1             24  com.intellij.plugins.drools.library.DroolsFrameworkType
20060:             1             24  com.intellij.plugins.jboss.arquillian.ArquillianBundle
20061:             1             24  com.intellij.plugins.jboss.arquillian.library.ArquillianJUnitFrameworkType
20062:             1             24  com.intellij.plugins.jboss.arquillian.library.ArquillianTestNGFrameworkType
20063:             1             24  com.intellij.pom.core.impl.PomModelImpl$$Lambda$960/11880514
20064:             1             24  com.intellij.psi.PlainTextTokenTypes$1
20065:             1             24  com.intellij.psi.PsiDiamondType$DiamondInferenceResult$1
20066:             1             24  com.intellij.psi.PsiDiamondType$DiamondInferenceResult$2
20067:             1             24  com.intellij.psi.PsiDiamondType$DiamondInferenceResult$3
20068:             1             24  com.intellij.psi.PsiDiamondType$DiamondInferenceResult$4
20069:             1             24  com.intellij.psi.PsiDiamondType$DiamondInferenceResult$5
20070:             1             24  com.intellij.psi.TokenType$1
20071:             1             24  com.intellij.psi.codeStyle.CodeStyleSettingsCustomizable$CommenterOption
20072:             1             24  com.intellij.psi.codeStyle.DetectableIndentOptionsProvider
20073:             1             24  com.intellij.psi.codeStyle.PackageEntry$1
20074:             1             24  com.intellij.psi.codeStyle.PackageEntry$2
20075:             1             24  com.intellij.psi.codeStyle.PackageEntry$3
20076:             1             24  com.intellij.psi.css.actions.CssExpandShorthandPropertyAction
20077:             1             24  com.intellij.psi.css.actions.CssReplaceQuotesIntention
20078:             1             24  com.intellij.psi.css.actions.ShowAppliedStylesAction
20079:             1             24  com.intellij.psi.css.actions.colors.CssChooseColorIntention
20080:             1             24  com.intellij.psi.css.actions.images.CssExtractImageFromDataUriIntention
20081:             1             24  com.intellij.psi.css.actions.images.CssUpdateBackgroundImageSizeIntention
20082:             1             24  com.intellij.psi.css.impl.CssElementTypes$1
20083:             1             24  com.intellij.psi.css.impl.descriptor.value.CssExpressionValue
20084:             1             24  com.intellij.psi.css.impl.descriptor.value.CssFlexValue
20085:             1             24  com.intellij.psi.css.impl.descriptor.value.CssJavaScriptValue
20086:             1             24  com.intellij.psi.css.impl.util.completion.CssClassOrIdReferenceCompletionContributor$1
20087:             1             24  com.intellij.psi.css.impl.util.scheme.CssElementDescriptorFactory2
20088:             1             24  com.intellij.psi.css.impl.util.scheme.CssElementDescriptorProviderImpl
20089:             1             24  com.intellij.psi.css.index.CssIndex$3
20090:             1             24  com.intellij.psi.css.index.CssIndexValue$1
20091:             1             24  com.intellij.psi.css.index.CssIndexValue$2
20092:             1             24  com.intellij.psi.css.index.CssIndexValue$3
20093:             1             24  com.intellij.psi.css.index.CssIndexValue$4
20094:             1             24  com.intellij.psi.css.index.CssIndexValue$5
20095:             1             24  com.intellij.psi.css.index.CssIndexValue$6
20096:             1             24  com.intellij.psi.css.index.CssTemplateSelectorsIndex$2
20097:             1             24  com.intellij.psi.css.inspections.CssOverwrittenPropertiesInspection$RemoveOverwrittenPropertyQuickfix
20098:             1             24  com.intellij.psi.css.inspections.invalid.CssInvalidCharsetRuleInspection$1
20099:             1             24  com.intellij.psi.css.inspections.invalid.CssInvalidCharsetRuleInspection$2
20100:             1             24  com.intellij.psi.css.inspections.invalid.CssInvalidCharsetRuleInspection$3
20101:             1             24  com.intellij.psi.css.inspections.invalid.CssInvalidImportInspection$1
20102:             1             24  com.intellij.psi.css.inspections.invalid.CssInvalidImportInspection$2
20103:             1             24  com.intellij.psi.css.livetemplate.CssDeclarationBlockTemplateContextType
20104:             1             24  com.intellij.psi.css.livetemplate.CssLiveTemplateGenericContextType
20105:             1             24  com.intellij.psi.css.livetemplate.CssPropertyValueTemplateContextType
20106:             1             24  com.intellij.psi.css.livetemplate.CssRulesetTemplateContextType
20107:             1             24  com.intellij.psi.filters.types.AssignableFromFilter
20108:             1             24  com.intellij.psi.formatter.java.wrap.JavaWrapManager
20109:             1             24  com.intellij.psi.impl.JavaRegExpHost
20110:             1             24  com.intellij.psi.impl.PsiElementFactoryImpl
20111:             1             24  com.intellij.psi.impl.cache.impl.IndexCacheManagerImpl
20112:             1             24  com.intellij.psi.impl.cache.impl.IndexTodoCacheManagerImpl
20113:             1             24  com.intellij.psi.impl.cache.impl.id.IdIndex$2
20114:             1             24  com.intellij.psi.impl.cache.impl.todo.TodoIndex$3
20115:             1             24  com.intellij.psi.impl.file.impl.PsiVFSListener$MyModuleRootListener
20116:             1             24  com.intellij.psi.impl.java.JavaFunctionalExpressionIndex$4
20117:             1             24  com.intellij.psi.impl.java.stubs.index.JavaAutoModuleNameIndex
20118:             1             24  com.intellij.psi.impl.meta.MetaRegistry$1
20119:             1             24  com.intellij.psi.impl.migration.PsiMigrationManager
20120:             1             24  com.intellij.psi.impl.search.JavaNullMethodArgumentIndex$2
20121:             1             24  com.intellij.psi.impl.search.PsiSearchHelperImpl
20122:             1             24  com.intellij.psi.impl.smartPointers.SmartTypePointerManagerImpl
20123:             1             24  com.intellij.psi.impl.source.JavaFileElementType
20124:             1             24  com.intellij.psi.impl.source.codeStyle.CodeStyleManagerImpl
20125:             1             24  com.intellij.psi.impl.source.codeStyle.CodeStyleManagerImpl$ProcessingUnderProgressInfo
20126:             1             24  com.intellij.psi.impl.source.codeStyle.CodeStyleSchemesImpl$1
20127:             1             24  com.intellij.psi.impl.source.codeStyle.PersistableCodeStyleSchemes
20128:             1             24  com.intellij.psi.impl.source.html.dtd.HtmlNSDescriptorImpl
20129:             1             24  com.intellij.psi.impl.source.html.dtd.HtmlNSDescriptorImpl$1
20130:             1             24  com.intellij.psi.impl.source.jsp.JspXmlDocumentationProvider
20131:             1             24  com.intellij.psi.impl.source.jsp.TaglibIndex$2
20132:             1             24  com.intellij.psi.impl.source.jsp.el.ELHighlighter
20133:             1             24  com.intellij.psi.impl.source.jsp.el.ELLanguage$1
20134:             1             24  com.intellij.psi.impl.source.jsp.el.impl.ELResolveUtil$VariableInfoData
20135:             1             24  com.intellij.psi.impl.source.resolve.ResolveCache
20136:             1             24  com.intellij.psi.impl.source.resolve.reference.impl.JavaReflectionCompletionContributor$MethodDefinedInInterfacePatternCondition
20137:             1             24  com.intellij.psi.impl.source.resolve.reference.impl.providers.FileBasedUserDataCache$$Lambda$4330/1238804762
20138:             1             24  com.intellij.psi.impl.source.tree.JShellElementType$3
20139:             1             24  com.intellij.psi.impl.source.tree.JavaElementType$ICodeBlockElementType
20140:             1             24  com.intellij.psi.impl.source.tree.JavaElementType$JavaDummyElementType
20141:             1             24  com.intellij.psi.impl.source.tree.injected.FoldingModelWindow
20142:             1             24  com.intellij.psi.impl.source.tree.injected.SelectionModelWindow
20143:             1             24  com.intellij.psi.jsp.BaseJspElementType$1
20144:             1             24  com.intellij.psi.jsp.BaseJspElementType$2
20145:             1             24  com.intellij.psi.jsp.BaseJspElementType$3
20146:             1             24  com.intellij.psi.jsp.BaseJspElementType$4
20147:             1             24  com.intellij.psi.jsp.JspElementTypeEx$1
20148:             1             24  com.intellij.psi.jsp.JspElementTypeEx$10
20149:             1             24  com.intellij.psi.jsp.JspElementTypeEx$11
20150:             1             24  com.intellij.psi.jsp.JspElementTypeEx$12
20151:             1             24  com.intellij.psi.jsp.JspElementTypeEx$13
20152:             1             24  com.intellij.psi.jsp.JspElementTypeEx$2
20153:             1             24  com.intellij.psi.jsp.JspElementTypeEx$3
20154:             1             24  com.intellij.psi.jsp.JspElementTypeEx$4
20155:             1             24  com.intellij.psi.jsp.JspElementTypeEx$5
20156:             1             24  com.intellij.psi.jsp.JspElementTypeEx$6
20157:             1             24  com.intellij.psi.jsp.JspElementTypeEx$7
20158:             1             24  com.intellij.psi.jsp.JspElementTypeEx$8
20159:             1             24  com.intellij.psi.jsp.JspElementTypeEx$9
20160:             1             24  com.intellij.psi.search.EverythingGlobalScope
20161:             1             24  com.intellij.psi.search.GlobalSearchScope$EmptyScope
20162:             1             24  com.intellij.psi.search.scope.packageSet.CustomScopesProviderEx$AllScopeHolder$1
20163:             1             24  com.intellij.psi.search.scope.packageSet.NamedScope
20164:             1             24  com.intellij.psi.search.searches.AllOverridingMethodsSearch
20165:             1             24  com.intellij.psi.search.searches.AnnotatedElementsSearch
20166:             1             24  com.intellij.psi.search.searches.ClassInheritorsSearch
20167:             1             24  com.intellij.psi.search.searches.DeepestSuperMethodsSearch
20168:             1             24  com.intellij.psi.search.searches.DirectClassInheritorsSearch
20169:             1             24  com.intellij.psi.search.searches.FunctionalExpressionSearch
20170:             1             24  com.intellij.psi.search.searches.MethodReferencesSearch
20171:             1             24  com.intellij.psi.search.searches.OverridingMethodsSearch
20172:             1             24  com.intellij.psi.search.searches.ReferencesSearch
20173:             1             24  com.intellij.psi.search.searches.SuperMethodsSearch
20174:             1             24  com.intellij.psi.statistics.impl.StatisticsManagerImpl
20175:             1             24  com.intellij.psi.stubs.ObjectStubTree
20176:             1             24  com.intellij.psi.stubs.StubIndexImpl$AsyncState
20177:             1             24  com.intellij.psi.stubs.StubProcessingHelper
20178:             1             24  com.intellij.psi.stubs.StubUpdatingIndex$StubUpdatingIndexKeys
20179:             1             24  com.intellij.psi.templateLanguages.ChangeTemplateDataLanguageAction
20180:             1             24  com.intellij.psi.tree.TokenSet$1
20181:             1             24  com.intellij.psi.tree.TokenSet$2
20182:             1             24  com.intellij.psi.util.TypeConversionUtil$1
20183:             1             24  com.intellij.psi.xml.XmlElementType$1
20184:             1             24  com.intellij.psi.xml.XmlElementType$EmbeddedHtmlContentElementType
20185:             1             24  com.intellij.psi.xml.XmlTextElementType
20186:             1             24  com.intellij.refactoring.actions.MigrateAction
20187:             1             24  com.intellij.refactoring.actions.RenameFileAction
20188:             1             24  com.intellij.refactoring.changeSignature.inplace.EscapeHandler
20189:             1             24  com.intellij.refactoring.lang.jsp.extractTag.ExtractJspTagAction
20190:             1             24  com.intellij.refactoring.rename.RenameHandlerRegistry
20191:             1             24  com.intellij.refactoring.typeMigration.inspections.MigrateAssertToMatcherAssertInspection
20192:             1             24  com.intellij.refactoring.typeMigration.intentions.ConvertFieldToAtomicIntention
20193:             1             24  com.intellij.refactoring.typeMigration.rules.guava.GuavaLambdaConversionRule$Function
20194:             1             24  com.intellij.refactoring.typeMigration.rules.guava.GuavaLambdaConversionRule$Supplier
20195:             1             24  com.intellij.refactoring.typeMigration.rules.guava.GuavaPredicateConversionRule
20196:             1             24  com.intellij.remoteServer.impl.configuration.RemoteServersManagerImpl
20197:             1             24  com.intellij.remoteServer.impl.runtime.ui.tree.actions.ChooseDeploymentAction
20198:             1             24  com.intellij.remoteServer.impl.runtime.ui.tree.actions.ChooseDeploymentWithDebugAction
20199:             1             24  com.intellij.remoteServer.impl.runtime.ui.tree.actions.DeployAction
20200:             1             24  com.intellij.remoteServer.impl.runtime.ui.tree.actions.DeployWithDebugAction
20201:             1             24  com.intellij.remoteServer.impl.runtime.ui.tree.actions.DeploymentConfigAction
20202:             1             24  com.intellij.remoteServer.impl.runtime.ui.tree.actions.RemoteServerConfigAction
20203:             1             24  com.intellij.remoteServer.impl.runtime.ui.tree.actions.RemoteServerConnectAction
20204:             1             24  com.intellij.remoteServer.impl.runtime.ui.tree.actions.RemoteServerDisconnectAction
20205:             1             24  com.intellij.remoteServer.impl.runtime.ui.tree.actions.UndeployAction
20206:             1             24  com.intellij.seam.actions.CreatePageflowFileAction
20207:             1             24  com.intellij.seam.actions.CreateSeamComponentsAction
20208:             1             24  com.intellij.seam.actions.CreateSeamPagesAction
20209:             1             24  com.intellij.seam.dependencies.ShowSeamDependenciesGraph
20210:             1             24  com.intellij.seam.el.SeamModelPropertyScopeProvider$1
20211:             1             24  com.intellij.seam.facet.SeamFacetType$SeamFrameworkDetector
20212:             1             24  com.intellij.seam.fileEditor.PageflowDesignerFileEditorProvider
20213:             1             24  com.intellij.seam.fileEditor.PagesGraphFileEditorProvider
20214:             1             24  com.intellij.seam.impl.PageflowDomModelManagerImpl
20215:             1             24  com.intellij.seam.impl.PagesDomModelManagerImpl
20216:             1             24  com.intellij.seam.impl.model.xml.SeamDomModelManagerImpl
20217:             1             24  com.intellij.seam.providers.SeamComponentCompletionContributor
20218:             1             24  com.intellij.slicer.SliceBackwardAction
20219:             1             24  com.intellij.slicer.SliceForwardAction
20220:             1             24  com.intellij.spellchecker.CssSpellcheckingStrategy
20221:             1             24  com.intellij.spellchecker.SpellCheckerManager$CustomDictFileListener
20222:             1             24  com.intellij.spellchecker.dictionary.UserDictionary
20223:             1             24  com.intellij.spellchecker.tokenizer.HtmlSpellcheckingStrategy
20224:             1             24  com.intellij.spellchecker.tokenizer.SpellcheckingStrategy
20225:             1             24  com.intellij.spellchecker.xml.XmlSpellcheckingStrategy
20226:             1             24  com.intellij.spring.SpringApiBundle
20227:             1             24  com.intellij.spring.SpringBundle
20228:             1             24  com.intellij.spring.batch.library.SpringBatchFrameworkType
20229:             1             24  com.intellij.spring.boot.application.metadata.RelaxedNames$Manipulation$1
20230:             1             24  com.intellij.spring.boot.application.metadata.RelaxedNames$Manipulation$2
20231:             1             24  com.intellij.spring.boot.application.metadata.RelaxedNames$Manipulation$3
20232:             1             24  com.intellij.spring.boot.application.metadata.RelaxedNames$Manipulation$4
20233:             1             24  com.intellij.spring.boot.application.metadata.RelaxedNames$Manipulation$5
20234:             1             24  com.intellij.spring.boot.application.metadata.RelaxedNames$Manipulation$6
20235:             1             24  com.intellij.spring.boot.application.metadata.RelaxedNames$Manipulation$7
20236:             1             24  com.intellij.spring.boot.application.metadata.RelaxedNames$Manipulation$8
20237:             1             24  com.intellij.spring.boot.application.metadata.RelaxedNames$Variation$1
20238:             1             24  com.intellij.spring.boot.application.metadata.RelaxedNames$Variation$2
20239:             1             24  com.intellij.spring.boot.application.metadata.RelaxedNames$Variation$3
20240:             1             24  com.intellij.spring.boot.application.metadata.SpringBootApplicationMetaConfigKey$Deprecation$1
20241:             1             24  com.intellij.spring.boot.application.metadata.SpringBootApplicationMetaConfigKey$ItemHint$1
20242:             1             24  com.intellij.spring.boot.application.properties.SpringBootApplicationPropertiesReferenceContributor$5
20243:             1             24  com.intellij.spring.boot.cloud.model.bootstrap.SpringBootBootstrapConfigFileNameContributor
20244:             1             24  com.intellij.spring.boot.library.SpringBootLibraryUtil$$Lambda$2102/935464983
20245:             1             24  com.intellij.spring.boot.model.SpringBootApplicationConfigFileNameContributor
20246:             1             24  com.intellij.spring.boot.run.SpringBootApplicationConfigurationType$1
20247:             1             24  com.intellij.spring.boot.run.SpringBootApplicationRunDashboardChecker
20248:             1             24  com.intellij.spring.boot.run.SpringBootApplicationRunDashboardChecker$1
20249:             1             24  com.intellij.spring.boot.run.SpringBootRunBundle
20250:             1             24  com.intellij.spring.boot.run.lifecycle.SpringBootApplicationCompileManager$1
20251:             1             24  com.intellij.spring.boot.run.lifecycle.SpringBootApplicationCompileManager$1$$Lambda$3091/983928700
20252:             1             24  com.intellij.spring.boot.run.lifecycle.tabs.SpringBootEndpointsTabSettings
20253:             1             24  com.intellij.spring.boot.run.update.SpringBootApplicationUpdateContextImpl
20254:             1             24  com.intellij.spring.boot.run.update.UpdateClassesAndResourcesPolicy
20255:             1             24  com.intellij.spring.boot.run.update.UpdateClassesAndTriggerFilePolicy
20256:             1             24  com.intellij.spring.boot.run.update.UpdateResourcesPolicy
20257:             1             24  com.intellij.spring.boot.run.update.UpdateTriggerFilePolicy
20258:             1             24  com.intellij.spring.data.commons.completion.SpringDataCommonsCompletionContributor$1
20259:             1             24  com.intellij.spring.data.jpa.library.SpringDataJpaFrameworkType
20260:             1             24  com.intellij.spring.el.SpringELLanguage$1
20261:             1             24  com.intellij.spring.el.completion.SpringELKeywordCompletionContributor$6
20262:             1             24  com.intellij.spring.facet.SpringFacetConfigurationImpl$1
20263:             1             24  com.intellij.spring.facet.SpringFrameworkDetector
20264:             1             24  com.intellij.spring.factories.SpringFactoryBeansManagerImpl
20265:             1             24  com.intellij.spring.gutter.SpringDomAnnotator
20266:             1             24  com.intellij.spring.impl.SpringOuterModelsModificationTracker$MyVirtualFileListener
20267:             1             24  com.intellij.spring.index.SpringXmlBeansIndex
20268:             1             24  com.intellij.spring.integration.library.SpringIntegrationFrameworkType
20269:             1             24  com.intellij.spring.model.actions.DumpSpringConfigurationAction
20270:             1             24  com.intellij.spring.model.actions.create.CreateSpringConfigAction
20271:             1             24  com.intellij.spring.model.actions.generate.SpringConstructorDependenciesGenerateProvider
20272:             1             24  com.intellij.spring.model.actions.generate.SpringPropertiesGenerateProvider
20273:             1             24  com.intellij.spring.model.actions.generate.SpringSetterDependenciesGenerateProvider
20274:             1             24  com.intellij.spring.model.actions.patterns.dataAccess.JpaActionGroup
20275:             1             24  com.intellij.spring.model.actions.patterns.dataAccess.JpaEntityManagerBeanGenerateProvider
20276:             1             24  com.intellij.spring.model.actions.patterns.dataAccess.JpaPatternAction
20277:             1             24  com.intellij.spring.model.actions.patterns.frameworks.AddHibernateAction
20278:             1             24  com.intellij.spring.model.actions.patterns.frameworks.AddIbatisAction
20279:             1             24  com.intellij.spring.model.actions.patterns.frameworks.AddJdkTimerAction
20280:             1             24  com.intellij.spring.model.actions.patterns.frameworks.AddJdoAction
20281:             1             24  com.intellij.spring.model.actions.patterns.frameworks.AddOpenSymphonyTimerAction
20282:             1             24  com.intellij.spring.model.actions.patterns.frameworks.AddToplinkAction
20283:             1             24  com.intellij.spring.model.custom.CustomComponentsDiscovererHelper
20284:             1             24  com.intellij.spring.model.custom.CustomComponentsDiscovererHelper$1
20285:             1             24  com.intellij.spring.model.intentions.HardCodedStringToPlaceholderMoveIntention
20286:             1             24  com.intellij.spring.model.jam.SpringJamModelImpl
20287:             1             24  com.intellij.spring.model.utils.SpringCacheUtils$$Lambda$3863/237307516
20288:             1             24  com.intellij.spring.osgi.SpringOsgiBundle
20289:             1             24  com.intellij.spring.osgi.patterns.GenerateOsgiPatternsGroup
20290:             1             24  com.intellij.spring.profiles.SpringChangeActiveProfilesAction
20291:             1             24  com.intellij.spring.references.SpringUastQualifierNameReferenceProvider
20292:             1             24  com.intellij.spring.security.library.SpringSecurityFrameworkType
20293:             1             24  com.intellij.spring.web.config.SpringWebModelProvider$$Lambda$2448/1634872960
20294:             1             24  com.intellij.spring.web.mvc.library.SpringMvcFrameworkType
20295:             1             24  com.intellij.spring.web.mvc.model.DumpSpringMVCModelAction
20296:             1             24  com.intellij.spring.web.mvc.model.SpringMVCRequestMappingsCollector
20297:             1             24  com.intellij.spring.web.mvc.model.SpringMVCRequestMappingsCollector$$Lambda$4249/1055401372
20298:             1             24  com.intellij.spring.webflow.actions.CreateWebflowFileAction
20299:             1             24  com.intellij.spring.webflow.actions.patterns.AddWebflowAction
20300:             1             24  com.intellij.spring.webflow.actions.patterns.GenerateWebflowPatternsGroup
20301:             1             24  com.intellij.spring.webflow.library.SpringWebflowFrameworkType
20302:             1             24  com.intellij.spring.webflow.resources.WebflowBundle
20303:             1             24  com.intellij.spring.ws.SpringWebServicesBundle
20304:             1             24  com.intellij.spring.ws.actions.generate.patterns.GenerateWebServicesPatternsGroup
20305:             1             24  com.intellij.spring.ws.library.SpringWebServiceFrameworkType
20306:             1             24  com.intellij.sql.SqlMessages
20307:             1             24  com.intellij.sql.actions.SelectInDatabaseViewAction
20308:             1             24  com.intellij.sql.database.SqlDbManager$1
20309:             1             24  com.intellij.sql.database.SqlDbManager$3
20310:             1             24  com.intellij.sql.dialects.ChangeDialectAction
20311:             1             24  com.intellij.sql.dialects.db2.Db2ParserDefinition
20312:             1             24  com.intellij.sql.dialects.derby.DerbyParserDefinition
20313:             1             24  com.intellij.sql.dialects.exasol.ExasolParserDefinition
20314:             1             24  com.intellij.sql.dialects.functions.SqlFunctionDefinition$SyntaxParameter
20315:             1             24  com.intellij.sql.dialects.generic.GenericParserDefinition
20316:             1             24  com.intellij.sql.dialects.generic.GenericParserDefinition$1
20317:             1             24  com.intellij.sql.dialects.h2.H2ParserDefinition
20318:             1             24  com.intellij.sql.dialects.hsqldb.HsqlParserDefinition
20319:             1             24  com.intellij.sql.dialects.mssql.MssqlParserDefinition
20320:             1             24  com.intellij.sql.dialects.mysql.MysqlParserDefinition
20321:             1             24  com.intellij.sql.dialects.oracle.OraMemberFunctionElementType
20322:             1             24  com.intellij.sql.dialects.oracle.OracleParserDefinition
20323:             1             24  com.intellij.sql.dialects.oracle.plus.OrapElementTypes$VarType
20324:             1             24  com.intellij.sql.dialects.oracle.plus.OrapParserDefinition
20325:             1             24  com.intellij.sql.dialects.postgres.PostgresParserDefinition
20326:             1             24  com.intellij.sql.dialects.postgres.PostgresParserDefinition$PlDefinition
20327:             1             24  com.intellij.sql.dialects.postgres.psi.PgCodeBlockElementType$CodeBlock
20328:             1             24  com.intellij.sql.dialects.postgres.psi.PgCodeBlockElementType$Parent
20329:             1             24  com.intellij.sql.dialects.redshift.RedshiftParserDefinition
20330:             1             24  com.intellij.sql.dialects.sql92.Sql92ParserDefinition
20331:             1             24  com.intellij.sql.dialects.sqlite.SqliteParserDefinition
20332:             1             24  com.intellij.sql.dialects.sybase.SybaseParserDefinition
20333:             1             24  com.intellij.sql.editor.SqlEditorOptions$QualificationType$1
20334:             1             24  com.intellij.sql.editor.SqlEditorOptions$QualificationType$2
20335:             1             24  com.intellij.sql.editor.SqlEditorOptions$QualificationType$3
20336:             1             24  com.intellij.sql.editor.SqlLineMarkerProvider
20337:             1             24  com.intellij.sql.intentions.SqlInjectByTypeIntention
20338:             1             24  com.intellij.sql.intentions.SqlQuoteIdentifierIntention
20339:             1             24  com.intellij.sql.intentions.SqlUnquoteIdentifierIntention
20340:             1             24  com.intellij.sql.psi.SqlCompositeElementTypes$1
20341:             1             24  com.intellij.sql.psi.SqlType$1
20342:             1             24  com.intellij.sql.psi.impl.parser.SqlParserDefinitionBase
20343:             1             24  com.intellij.sql.psi.stubs.SqlAlterInstructionStubElementType
20344:             1             24  com.intellij.sql.psi.stubs.SqlColumnAliasDefinitionElementType
20345:             1             24  com.intellij.sql.psi.stubs.SqlForeignKeyElementType
20346:             1             24  com.intellij.sql.psi.stubs.SqlParameterDefinitionElementType
20347:             1             24  com.intellij.sql.psi.stubs.SqlTriggerDefinitionElementType
20348:             1             24  com.intellij.sql.refactoring.SqlExtractNamedQueryAction
20349:             1             24  com.intellij.structuralsearch.plugin.StructuralReplaceAction
20350:             1             24  com.intellij.structuralsearch.plugin.StructuralSearchAction
20351:             1             24  com.intellij.struts.StrutsBundle
20352:             1             24  com.intellij.struts.StrutsProjectComponent
20353:             1             24  com.intellij.struts.diagram.DiagramEditorProvider
20354:             1             24  com.intellij.struts.facet.StrutsFacetType$StrutsFrameworkDetector
20355:             1             24  com.intellij.struts.inplace.reference.config.ForwardReferenceProvider
20356:             1             24  com.intellij.struts.inplace.reference.config.ModuleReferenceProvider
20357:             1             24  com.intellij.struts.inplace.reference.property.FormPropertyReferenceProvider
20358:             1             24  com.intellij.struts2.StrutsBundle
20359:             1             24  com.intellij.struts2.actions.create.CreateStrutsXmlAction
20360:             1             24  com.intellij.struts2.facet.StrutsFrameworkDetector
20361:             1             24  com.intellij.struts2.graph.fileEditor.Struts2GraphFileEditorProvider
20362:             1             24  com.intellij.struts2.reference.StrutsBootstrapTaglibReferenceContributor
20363:             1             24  com.intellij.struts2.reference.StrutsJQueryChartTaglibReferenceContributor
20364:             1             24  com.intellij.struts2.reference.StrutsJQueryGridTaglibReferenceContributor
20365:             1             24  com.intellij.struts2.reference.StrutsJQueryMobileTaglibReferenceContributor
20366:             1             24  com.intellij.struts2.reference.StrutsJQueryRichtextTaglibReferenceContributor
20367:             1             24  com.intellij.struts2.reference.StrutsJQueryTaglibReferenceContributor
20368:             1             24  com.intellij.struts2.reference.StrutsJQueryTreeTaglibReferenceContributor
20369:             1             24  com.intellij.struts2.reference.StrutsUITaglibReferenceContributor
20370:             1             24  com.intellij.tapestry.core.events.TapestryEventsManager
20371:             1             24  com.intellij.tapestry.intellij.TapestryModuleSupportLoader
20372:             1             24  com.intellij.tapestry.intellij.actions.navigation.TagDocumentationNavigation
20373:             1             24  com.intellij.tapestry.intellij.facet.TapestryFacetType$TapestryFrameworkDetector
20374:             1             24  com.intellij.tapestry.intellij.util.TapestryUtils$1
20375:             1             24  com.intellij.task.impl.ProjectTaskManagerImpl
20376:             1             24  com.intellij.tasks.actions.AnalyzeTaskStacktraceAction
20377:             1             24  com.intellij.tasks.actions.CloseTaskAction
20378:             1             24  com.intellij.tasks.actions.ConfigureServersAction
20379:             1             24  com.intellij.tasks.actions.CreateChangelistAction
20380:             1             24  com.intellij.tasks.actions.EditTaskAction
20381:             1             24  com.intellij.tasks.actions.OpenTaskInBrowserAction
20382:             1             24  com.intellij.tasks.actions.ShowTaskDescription
20383:             1             24  com.intellij.tasks.actions.context.ClearContextAction
20384:             1             24  com.intellij.tasks.actions.context.LoadContextAction
20385:             1             24  com.intellij.tasks.actions.context.SaveContextAction
20386:             1             24  com.intellij.tasks.context.BranchContextTracker
20387:             1             24  com.intellij.terminal.JBTerminalWidget$1
20388:             1             24  com.intellij.testIntegration.ShowRecentTests
20389:             1             24  com.intellij.testIntegration.TestIntegrationUtils$MethodKind$1
20390:             1             24  com.intellij.testIntegration.TestIntegrationUtils$MethodKind$2
20391:             1             24  com.intellij.testIntegration.TestIntegrationUtils$MethodKind$3
20392:             1             24  com.intellij.testIntegration.TestIntegrationUtils$MethodKind$4
20393:             1             24  com.intellij.testIntegration.TestIntegrationUtils$MethodKind$5
20394:             1             24  com.intellij.thymeleaf.dialects.spring3.ThymeleafSpringStandardDialect
20395:             1             24  com.intellij.thymeleaf.dialects.spring4.ThymeleafSpringStandardDialect
20396:             1             24  com.intellij.thymeleaf.dialects.springSecurity.springSecurity3.ThymeleafSpringSecurityDialect3
20397:             1             24  com.intellij.thymeleaf.dialects.springSecurity.springSecurity4.ThymeleafSpringSecurityDialect4
20398:             1             24  com.intellij.thymeleaf.dialects.standard.ThymeleafImplicitDialect
20399:             1             24  com.intellij.thymeleaf.lang.support.ThymeleafCompletionContributor$1
20400:             1             24  com.intellij.thymeleaf.library.ThymeleafFrameworkType
20401:             1             24  com.intellij.thymeleaf.library.extesions.ThymeleafConditionalFrameworkType
20402:             1             24  com.intellij.thymeleaf.library.extesions.ThymeleafJava8TimeFrameworkType
20403:             1             24  com.intellij.thymeleaf.library.extesions.ThymeleafSpring3FrameworkType
20404:             1             24  com.intellij.thymeleaf.library.extesions.ThymeleafSpring4FrameworkType
20405:             1             24  com.intellij.thymeleaf.library.extesions.ThymeleafSpringSecurity3FrameworkType
20406:             1             24  com.intellij.thymeleaf.library.extesions.ThymeleafSpringSecurity4FrameworkType
20407:             1             24  com.intellij.thymeleaf.library.extesions.ThymeleafTestingFrameworkType
20408:             1             24  com.intellij.thymeleaf.library.extesions.ThymeleafTiles2TimeFrameworkType
20409:             1             24  com.intellij.tools.ToolManager
20410:             1             24  com.intellij.ui.BalloonImpl$$Lambda$947/1217012283
20411:             1             24  com.intellij.ui.BalloonImpl$MyComponent$$Lambda$948/1153161340
20412:             1             24  com.intellij.ui.ClearTextAction
20413:             1             24  com.intellij.ui.CloseAllNotificationsAction
20414:             1             24  com.intellij.ui.CloseFirstNotificationAction
20415:             1             24  com.intellij.ui.DeferredIconImpl$RepaintScheduler
20416:             1             24  com.intellij.ui.MultilineTreeCellRenderer$4
20417:             1             24  com.intellij.ui.PrevNextActionsDescriptor
20418:             1             24  com.intellij.ui.ShowColorPickerAction
20419:             1             24  com.intellij.ui.ToolbarDecorator$2
20420:             1             24  com.intellij.ui.content.AlertIcon
20421:             1             24  com.intellij.ui.content.impl.MessageViewImpl
20422:             1             24  com.intellij.ui.content.tabs.PinToolwindowTabAction
20423:             1             24  com.intellij.ui.paint.EffectPainter$1
20424:             1             24  com.intellij.ui.paint.EffectPainter$2
20425:             1             24  com.intellij.ui.paint.EffectPainter$3
20426:             1             24  com.intellij.ui.paint.EffectPainter$4
20427:             1             24  com.intellij.ui.paint.EffectPainter$5
20428:             1             24  com.intellij.ui.paint.PaintUtil$RoundingMode$1
20429:             1             24  com.intellij.ui.paint.PaintUtil$RoundingMode$2
20430:             1             24  com.intellij.ui.paint.PaintUtil$RoundingMode$3
20431:             1             24  com.intellij.ui.paint.RectanglePainter$1
20432:             1             24  com.intellij.ui.paint.RectanglePainter$2
20433:             1             24  com.intellij.ui.paint.RectanglePainter2D$1
20434:             1             24  com.intellij.ui.paint.RectanglePainter2D$2
20435:             1             24  com.intellij.ui.plaf.beg.BegBorders$TextFieldBorder
20436:             1             24  com.intellij.ui.popup.AbstractPopup$9
20437:             1             24  com.intellij.ui.popup.MovablePopup$1
20438:             1             24  com.intellij.ui.popup.StackingPopupDispatcherImpl
20439:             1             24  com.intellij.ui.switcher.ShowQuickActionPopupAction
20440:             1             24  com.intellij.ui.tree.AsyncTreeModel$$Lambda$1515/1989044899
20441:             1             24  com.intellij.ui.tree.AsyncTreeModel$Tree
20442:             1             24  com.intellij.ui.tree.ProjectFileChangeListener
20443:             1             24  com.intellij.ui.tree.TreeCollector
20444:             1             24  com.intellij.uiDesigner.GuiDesignerConfigurable
20445:             1             24  com.intellij.uiDesigner.actions.DataBindingWizardAction
20446:             1             24  com.intellij.uiDesigner.actions.ExpandSelectionAction
20447:             1             24  com.intellij.uiDesigner.actions.GenerateMainAction
20448:             1             24  com.intellij.uiDesigner.actions.PreviewFormAction
20449:             1             24  com.intellij.uiDesigner.actions.ReloadCustomComponentsAction
20450:             1             24  com.intellij.uiDesigner.actions.ShowComponentTagsAction
20451:             1             24  com.intellij.uiDesigner.actions.ShowGridAction
20452:             1             24  com.intellij.uiDesigner.actions.ShrinkSelectionAction
20453:             1             24  com.intellij.uiDesigner.palette.AddComponentAction
20454:             1             24  com.intellij.uiDesigner.palette.AddGroupAction
20455:             1             24  com.intellij.uiDesigner.palette.DeleteComponentAction
20456:             1             24  com.intellij.uiDesigner.palette.DeleteGroupAction
20457:             1             24  com.intellij.uiDesigner.palette.EditComponentAction
20458:             1             24  com.intellij.uiDesigner.palette.EditGroupAction
20459:             1             24  com.intellij.uiDesigner.snapShooter.CreateSnapShotAction
20460:             1             24  com.intellij.uml.core.actions.DiagramDeselectAll
20461:             1             24  com.intellij.uml.core.actions.DiagramSelectAll
20462:             1             24  com.intellij.uml.core.actions.ExportToFile
20463:             1             24  com.intellij.uml.core.actions.PrintGraph
20464:             1             24  com.intellij.uml.core.actions.PrintPreview
20465:             1             24  com.intellij.uml.core.actions.UmlActualZoomAction
20466:             1             24  com.intellij.uml.core.actions.UmlApplyCurrentLayoutAction
20467:             1             24  com.intellij.uml.core.actions.UmlFitContentAction
20468:             1             24  com.intellij.uml.core.actions.UmlNewAction
20469:             1             24  com.intellij.uml.core.actions.ZoomIn
20470:             1             24  com.intellij.uml.core.actions.ZoomOut
20471:             1             24  com.intellij.uml.core.actions.fs.SaveDiagramAction
20472:             1             24  com.intellij.uml.java.JavaUmlExtras
20473:             1             24  com.intellij.uml.java.actions.NewEnumConstant
20474:             1             24  com.intellij.uml.java.actions.NewJavaClass
20475:             1             24  com.intellij.uml.java.actions.NewJavaConstructor
20476:             1             24  com.intellij.uml.java.actions.NewJavaDiagram
20477:             1             24  com.intellij.uml.java.actions.NewJavaEnum
20478:             1             24  com.intellij.uml.java.actions.NewJavaField
20479:             1             24  com.intellij.uml.java.actions.NewJavaInterface
20480:             1             24  com.intellij.uml.java.actions.NewJavaMethod
20481:             1             24  com.intellij.uml.project.ModulesUmlExtras
20482:             1             24  com.intellij.uml.project.actions.NewModuleDiagramAction
20483:             1             24  com.intellij.unscramble.UnscrambleAction
20484:             1             24  com.intellij.usages.actions.RemoveUsageAction
20485:             1             24  com.intellij.usages.actions.RerunSearchAction
20486:             1             24  com.intellij.util.CaptureCPUUsageDataAction
20487:             1             24  com.intellij.util.CaptureMemorySnapshotAction
20488:             1             24  com.intellij.util.ConcurrencyUtil$1
20489:             1             24  com.intellij.util.EnvironmentUtil$2
20490:             1             24  com.intellij.util.LogicalRootsManagerImpl$2
20491:             1             24  com.intellij.util.Restarter$1
20492:             1             24  com.intellij.util.concurrency.Command$Processor
20493:             1             24  com.intellij.util.concurrency.EdtExecutorService$1
20494:             1             24  com.intellij.util.containers.ConcurrentIntKeySoftValueHashMap
20495:             1             24  com.intellij.util.containers.ConcurrentIntKeyWeakValueHashMap
20496:             1             24  com.intellij.util.containers.ConcurrentRefHashMap$1
20497:             1             24  com.intellij.util.containers.IntStack
20498:             1             24  com.intellij.util.containers.JBIterable$7
20499:             1             24  com.intellij.util.containers.JBTreeTraverser
20500:             1             24  com.intellij.util.containers.MultiMap$1$1
20501:             1             24  com.intellij.util.containers.MultiMap$EmptyMap
20502:             1             24  com.intellij.util.containers.RecentStringInterner
20503:             1             24  com.intellij.util.containers.SequenceIterator
20504:             1             24  com.intellij.util.containers.Stack
20505:             1             24  com.intellij.util.containers.UnsignedShortArrayList
20506:             1             24  com.intellij.util.containers.WeakStringInterner
20507:             1             24  com.intellij.util.descriptors.impl.ConfigFileInfoSetImpl
20508:             1             24  com.intellij.util.gist.PsiFileGistImpl
20509:             1             24  com.intellij.util.graph.DFSTBuilder$2
20510:             1             24  com.intellij.util.indexing.FileBasedIndexImpl$2
20511:             1             24  com.intellij.util.indexing.FileBasedIndexImpl$FileIndexDataInitialization$1
20512:             1             24  com.intellij.util.indexing.FileBasedIndexImpl$VirtualFileUpdateTask
20513:             1             24  com.intellij.util.indexing.FileBasedIndexProjectHandler$2
20514:             1             24  com.intellij.util.indexing.IndexingStamp$Timestamps$1
20515:             1             24  com.intellij.util.indexing.IndexingStamp$Timestamps$3
20516:             1             24  com.intellij.util.indexing.LightDirectoryIndex
20517:             1             24  com.intellij.util.indexing.MemoryIndexStorage$1
20518:             1             24  com.intellij.util.indexing.VfsEventsMerger
20519:             1             24  com.intellij.util.io.OpenChannelsCache
20520:             1             24  com.intellij.util.io.PersistentEnumeratorBase$FlyweightKey
20521:             1             24  com.intellij.util.io.ResizeableMappedFile$1
20522:             1             24  com.intellij.util.io.storage.RefCountingRecordsTable
20523:             1             24  com.intellij.util.lang.ClasspathCache$Name2LoaderFilter
20524:             1             24  com.intellij.util.net.IdeaWideProxySelector
20525:             1             24  com.intellij.util.net.ssl.ConfirmingTrustManager
20526:             1             24  com.intellij.util.ui.UIUtil$1
20527:             1             24  com.intellij.util.ui.UIUtil$2
20528:             1             24  com.intellij.util.ui.UIUtil$3
20529:             1             24  com.intellij.util.xml.highlighting.DomElementAnnotationsManagerImpl$$Lambda$5170/1004787557
20530:             1             24  com.intellij.util.xml.highlighting.DomHighlightingHelperImpl
20531:             1             24  com.intellij.util.xml.impl.ConverterManagerImpl
20532:             1             24  com.intellij.util.xml.impl.DomCompletionContributor
20533:             1             24  com.intellij.util.xml.impl.DomManagerImpl$1
20534:             1             24  com.intellij.util.xml.impl.DomManagerImpl$2
20535:             1             24  com.intellij.util.xml.impl.DomServiceImpl$1
20536:             1             24  com.intellij.util.xml.ui.DomCollectionControl$AddAction
20537:             1             24  com.intellij.util.xml.ui.DomCollectionControl$EditAction
20538:             1             24  com.intellij.util.xml.ui.DomCollectionControl$RemoveAction
20539:             1             24  com.intellij.vaadin.actions.CreateCustomComponentAction
20540:             1             24  com.intellij.vaadin.actions.CreateWidgetAction
20541:             1             24  com.intellij.vcs.VcsShowLocalChangesAction
20542:             1             24  com.intellij.vcs.VcsShowShelfAction
20543:             1             24  com.intellij.vcs.commit.ReformatCommitMessageAction
20544:             1             24  com.intellij.vcs.log.data.CompressedRefs
20545:             1             24  com.intellij.vcs.log.data.TopCommitsCache
20546:             1             24  com.intellij.vcs.log.data.VcsLogRefresherImpl$$Lambda$1936/244944600
20547:             1             24  com.intellij.vcs.log.data.VcsLogStorageImpl$MyCommitIdKeyDescriptor
20548:             1             24  com.intellij.vcs.log.data.VcsLogStorageImpl$VcsRefKeyDescriptor
20549:             1             24  com.intellij.vcs.log.data.index.VcsLogBigRepositoriesList
20550:             1             24  com.intellij.vcs.log.data.index.VcsLogPathsIndex$$Lambda$1906/2027270700
20551:             1             24  com.intellij.vcs.log.data.index.VcsLogPathsIndex$PathsIndexer
20552:             1             24  com.intellij.vcs.log.data.index.VcsLogUserIndex$$Lambda$1873/1234375175
20553:             1             24  com.intellij.vcs.log.data.index.VcsLogUserIndex$UserIndexer
20554:             1             24  com.intellij.vcs.log.graph.GraphColorManagerImpl
20555:             1             24  com.intellij.vcs.log.graph.impl.facade.LinearGraphController$LinearGraphAnswer
20556:             1             24  com.intellij.vcs.log.graph.impl.facade.ReachableNodes
20557:             1             24  com.intellij.vcs.log.graph.impl.permanent.GraphLayoutImpl
20558:             1             24  com.intellij.vcs.log.graph.impl.permanent.PermanentCommitsInfoImpl
20559:             1             24  com.intellij.vcs.log.graph.impl.permanent.PermanentCommitsInfoImpl$3
20560:             1             24  com.intellij.vcs.log.graph.impl.permanent.PermanentLinearGraphImpl
20561:             1             24  com.intellij.vcs.log.impl.HeavyAwareExecutor
20562:             1             24  com.intellij.vcs.log.impl.HeavyAwareExecutor$ExecutingHeavyOrPowerSaveListener
20563:             1             24  com.intellij.vcs.log.impl.LogDataImpl
20564:             1             24  com.intellij.vcs.log.impl.PostponableLogRefresher
20565:             1             24  com.intellij.vcs.log.impl.VcsLogApplicationSettings
20566:             1             24  com.intellij.vcs.log.impl.VcsLogManager$MyFatalErrorsHandler
20567:             1             24  com.intellij.vcs.log.impl.VcsProjectLog$LazyVcsLogManager
20568:             1             24  com.intellij.vcs.log.ui.VcsLogColorManagerImpl
20569:             1             24  com.intellij.vcs.log.ui.actions.CloseLogTabAction
20570:             1             24  com.intellij.vcs.log.ui.actions.CollapseGraphAction
20571:             1             24  com.intellij.vcs.log.ui.actions.CompactReferencesViewAction
20572:             1             24  com.intellij.vcs.log.ui.actions.EnableFilterByRegexAction
20573:             1             24  com.intellij.vcs.log.ui.actions.EnableMatchCaseAction
20574:             1             24  com.intellij.vcs.log.ui.actions.ExpandGraphAction
20575:             1             24  com.intellij.vcs.log.ui.actions.FocusTextFilterAction
20576:             1             24  com.intellij.vcs.log.ui.actions.GoToHashOrRefAction
20577:             1             24  com.intellij.vcs.log.ui.actions.IntelliSortChooserToggleAction
20578:             1             24  com.intellij.vcs.log.ui.actions.OpenAnotherLogTabAction
20579:             1             24  com.intellij.vcs.log.ui.actions.RefreshLogAction
20580:             1             24  com.intellij.vcs.log.ui.actions.ShowChangesFromParentsAction
20581:             1             24  com.intellij.vcs.log.ui.actions.ShowCommitTooltipAction
20582:             1             24  com.intellij.vcs.log.ui.actions.ShowDetailsAction
20583:             1             24  com.intellij.vcs.log.ui.actions.ShowLongEdgesAction
20584:             1             24  com.intellij.vcs.log.ui.actions.ShowOtherBranchesAction
20585:             1             24  com.intellij.vcs.log.ui.actions.ShowRootsColumnAction
20586:             1             24  com.intellij.vcs.log.ui.actions.ShowTagNamesAction
20587:             1             24  com.intellij.vcs.log.ui.actions.VcsShowLogAction
20588:             1             24  com.intellij.vcs.log.ui.actions.history.AnnotateRevisionFromHistoryAction
20589:             1             24  com.intellij.vcs.log.ui.actions.history.GetVersionFromHistoryAction
20590:             1             24  com.intellij.vcs.log.ui.actions.history.OpenRepositoryVersionFromHistoryAction
20591:             1             24  com.intellij.vcs.log.ui.actions.history.ShowAllAffectedFromHistoryAction
20592:             1             24  com.intellij.vcsUtil.VcsUtil$$Lambda$1043/858868493
20593:             1             24  com.intellij.velocity.inspections.DefineImplicitVariableIntention$Local
20594:             1             24  com.intellij.velocity.inspections.DefineImplicitVariableIntention$LocalExternal
20595:             1             24  com.intellij.velocity.inspections.DefineImplicitVariableIntention$ModuleWide
20596:             1             24  com.intellij.velocity.inspections.DefineMacroLibraryRefIntention$Local
20597:             1             24  com.intellij.velocity.inspections.DefineMacroLibraryRefIntention$LocalExternal
20598:             1             24  com.intellij.velocity.inspections.DefineMacroLibraryRefIntention$ModuleWide
20599:             1             24  com.intellij.velocity.inspections.DefineVelocityPropertiesRefForFilesIntention$Local
20600:             1             24  com.intellij.velocity.inspections.DefineVelocityPropertiesRefForFilesIntention$LocalExternal
20601:             1             24  com.intellij.velocity.inspections.DefineVelocityPropertiesRefForFilesIntention$ModuleWide
20602:             1             24  com.intellij.velocity.inspections.DefineVelocityPropertiesRefIntention$Local
20603:             1             24  com.intellij.velocity.inspections.DefineVelocityPropertiesRefIntention$LocalExternal
20604:             1             24  com.intellij.velocity.inspections.DefineVelocityPropertiesRefIntention$ModuleWide
20605:             1             24  com.intellij.webcore.libraries.ScriptingLibraryTable$FileStateFinder
20606:             1             24  com.intellij.websocket.config.WebSocketFrameworkType
20607:             1             24  com.intellij.websocket.view.WebSocketViewFrameworkProvider
20608:             1             24  com.intellij.ws.WSBundle
20609:             1             24  com.intellij.ws.actions.CreateRestClientAction
20610:             1             24  com.intellij.ws.actions.GenerateJavaFromWsdlAction
20611:             1             24  com.intellij.ws.actions.GenerateWsdlFromJavaAction
20612:             1             24  com.intellij.ws.actions.HttpRequestOpenCollectionAction
20613:             1             24  com.intellij.ws.actions.HttpRequestOpenCollectionEditorContextAction
20614:             1             24  com.intellij.ws.actions.HttpRequestShowHistoryAction
20615:             1             24  com.intellij.ws.actions.HttpRequestShowHistoryEditorContextAction
20616:             1             24  com.intellij.ws.actions.RunRequestAction
20617:             1             24  com.intellij.ws.actions.ShowDeployedWebServicesAction
20618:             1             24  com.intellij.ws.actions.create.CreateWebServiceAction
20619:             1             24  com.intellij.ws.actions.create.CreateWebServiceClientAction
20620:             1             24  com.intellij.ws.engines.axis.AxisWSEngine
20621:             1             24  com.intellij.ws.engines.axis.MonitorSoapMessagesAction
20622:             1             24  com.intellij.ws.engines.axis2.Axis2WSEngine
20623:             1             24  com.intellij.ws.engines.wsengine.WSEngineManager
20624:             1             24  com.intellij.ws.http.request.actions.NewHttpRequestFileAction
20625:             1             24  com.intellij.ws.http.request.liveTemplates.HttpRequestTemplateContextType
20626:             1             24  com.intellij.ws.index.FileBasedWSIndex
20627:             1             24  com.intellij.ws.index.FileBasedWSIndex$3
20628:             1             24  com.intellij.ws.rest.actions.CreateRestfulWebServiceAction
20629:             1             24  com.intellij.ws.rest.actions.CreateRestfulWebServiceClientAction
20630:             1             24  com.intellij.ws.rest.actions.GenerateJavaFromWadlAction
20631:             1             24  com.intellij.ws.rest.actions.GenerateWadlFromJavaAction
20632:             1             24  com.intellij.ws.rest.library.JAXRSFrameworkType
20633:             1             24  com.intellij.ws.rest.view.RSViewFrameworkProvider
20634:             1             24  com.intellij.ws.utils.WsReferenceProvidersHelper
20635:             1             24  com.intellij.ws.utils.WsReferenceProvidersHelper$1
20636:             1             24  com.intellij.ws.view.WSViewFrameworkProvider
20637:             1             24  com.intellij.ws.xml.jaxb.GenerateJAXBSchemasFromJavaAction
20638:             1             24  com.intellij.ws.xml.jaxb.GenerateJavaFromJAXBSchemasAction
20639:             1             24  com.intellij.ws.xml.xmlbeans.GenerateJavaFromXmlBeansSchemasAction
20640:             1             24  com.intellij.xdebugger.impl.XDebuggerUtilImpl
20641:             1             24  com.intellij.xdebugger.impl.actions.AttachToLocalProcessAction
20642:             1             24  com.intellij.xdebugger.impl.actions.MuteBreakpointAction
20643:             1             24  com.intellij.xdebugger.impl.actions.ToggleBreakpointEnabledAction
20644:             1             24  com.intellij.xdebugger.impl.actions.UnmuteOnStopAction
20645:             1             24  com.intellij.xdebugger.impl.actions.UseInlineDebuggerAction
20646:             1             24  com.intellij.xdebugger.impl.breakpoints.XLineBreakpointManager$$Lambda$545/1095864319
20647:             1             24  com.intellij.xdebugger.impl.frame.XDebuggerFramesList$CopyStackAction
20648:             1             24  com.intellij.xdebugger.impl.frame.actions.XCopyWatchAction
20649:             1             24  com.intellij.xdebugger.impl.frame.actions.XEditWatchAction
20650:             1             24  com.intellij.xdebugger.impl.frame.actions.XMoveWatchDown
20651:             1             24  com.intellij.xdebugger.impl.frame.actions.XMoveWatchUp
20652:             1             24  com.intellij.xdebugger.impl.frame.actions.XNewWatchAction
20653:             1             24  com.intellij.xdebugger.impl.frame.actions.XRemoveAllWatchesAction
20654:             1             24  com.intellij.xdebugger.impl.frame.actions.XRemoveWatchAction
20655:             1             24  com.intellij.xdebugger.impl.frame.actions.XSwitchWatchesInVariables
20656:             1             24  com.intellij.xdebugger.impl.ui.tree.XDebuggerTree$3
20657:             1             24  com.intellij.xdebugger.impl.ui.tree.actions.EvaluateInConsoleFromTreeAction
20658:             1             24  com.intellij.xdebugger.impl.ui.tree.actions.ShowReferringObjectsAction
20659:             1             24  com.intellij.xdebugger.impl.ui.tree.actions.SortValuesToggleAction
20660:             1             24  com.intellij.xdebugger.impl.ui.tree.actions.XAddToWatchesTreeAction
20661:             1             24  com.intellij.xdebugger.impl.ui.tree.actions.XCompareWithClipboardAction
20662:             1             24  com.intellij.xdebugger.impl.ui.tree.actions.XCopyNameAction
20663:             1             24  com.intellij.xdebugger.impl.ui.tree.actions.XCopyValueAction
20664:             1             24  com.intellij.xdebugger.impl.ui.tree.actions.XInspectAction
20665:             1             24  com.intellij.xdebugger.impl.ui.tree.actions.XJumpToSourceAction
20666:             1             24  com.intellij.xdebugger.impl.ui.tree.actions.XJumpToTypeSourceAction
20667:             1             24  com.intellij.xdebugger.impl.ui.tree.actions.XSetValueAction
20668:             1             24  com.intellij.xml.actions.EscapeEntitiesAction$2
20669:             1             24  com.intellij.xml.actions.GenerateXmlTagAction
20670:             1             24  com.intellij.xml.actions.validate.ValidateXmlAction
20671:             1             24  com.intellij.xml.actions.xmlbeans.GenerateInstanceDocumentFromSchemaAction
20672:             1             24  com.intellij.xml.actions.xmlbeans.GenerateSchemaFromInstanceDocumentAction
20673:             1             24  com.intellij.xml.breadcrumbs.BreadcrumbsInitializingActivity$1
20674:             1             24  com.intellij.xml.breadcrumbs.ToggleBreadcrumbsAction$ShowHide
20675:             1             24  com.intellij.xml.impl.dtd.BaseXmlElementDescriptorImpl$1
20676:             1             24  com.intellij.xml.impl.dtd.BaseXmlElementDescriptorImpl$2
20677:             1             24  com.intellij.xml.impl.dtd.BaseXmlElementDescriptorImpl$3
20678:             1             24  com.intellij.xml.impl.dtd.BaseXmlElementDescriptorImpl$4
20679:             1             24  com.intellij.xml.impl.schema.ComplexTypeDescriptor$1
20680:             1             24  com.intellij.xml.impl.schema.ComplexTypeDescriptor$2
20681:             1             24  com.intellij.xml.util.XmlRefCountHolder$1
20682:             1             24  com.jediterm.terminal.TerminalKeyEncoder
20683:             1             24  com.jediterm.terminal.TerminalMode$1
20684:             1             24  com.jediterm.terminal.TerminalMode$10
20685:             1             24  com.jediterm.terminal.TerminalMode$11
20686:             1             24  com.jediterm.terminal.TerminalMode$2
20687:             1             24  com.jediterm.terminal.TerminalMode$3
20688:             1             24  com.jediterm.terminal.TerminalMode$4
20689:             1             24  com.jediterm.terminal.TerminalMode$5
20690:             1             24  com.jediterm.terminal.TerminalMode$6
20691:             1             24  com.jediterm.terminal.TerminalMode$7
20692:             1             24  com.jediterm.terminal.TerminalMode$8
20693:             1             24  com.jediterm.terminal.TerminalMode$9
20694:             1             24  com.jediterm.terminal.TtyConnectorWaitFor
20695:             1             24  com.jediterm.terminal.TtyConnectorWaitFor$1
20696:             1             24  com.jediterm.terminal.emulator.charset.CharacterSet$1
20697:             1             24  com.jediterm.terminal.emulator.charset.CharacterSet$10
20698:             1             24  com.jediterm.terminal.emulator.charset.CharacterSet$11
20699:             1             24  com.jediterm.terminal.emulator.charset.CharacterSet$12
20700:             1             24  com.jediterm.terminal.emulator.charset.CharacterSet$13
20701:             1             24  com.jediterm.terminal.emulator.charset.CharacterSet$14
20702:             1             24  com.jediterm.terminal.emulator.charset.CharacterSet$2
20703:             1             24  com.jediterm.terminal.emulator.charset.CharacterSet$3
20704:             1             24  com.jediterm.terminal.emulator.charset.CharacterSet$4
20705:             1             24  com.jediterm.terminal.emulator.charset.CharacterSet$5
20706:             1             24  com.jediterm.terminal.emulator.charset.CharacterSet$6
20707:             1             24  com.jediterm.terminal.emulator.charset.CharacterSet$7
20708:             1             24  com.jediterm.terminal.emulator.charset.CharacterSet$8
20709:             1             24  com.jediterm.terminal.emulator.charset.CharacterSet$9
20710:             1             24  com.jediterm.terminal.model.JediTerminal$DefaultTabulator
20711:             1             24  com.jediterm.terminal.model.StyleState
20712:             1             24  com.jediterm.terminal.model.hyperlinks.TextProcessing
20713:             1             24  com.jediterm.terminal.ui.JediTermWidget$TerminalLayout
20714:             1             24  com.jediterm.terminal.ui.TabbedTerminalWidget$1
20715:             1             24  com.jediterm.terminal.ui.TerminalPanel$10
20716:             1             24  com.jediterm.terminal.ui.TerminalPanel$8
20717:             1             24  com.jediterm.terminal.ui.TerminalPanel$9
20718:             1             24  com.jediterm.terminal.util.Pair
20719:             1             24  com.jetbrains.asp.AspParserDefinition
20720:             1             24  com.jetbrains.debugger.wip.JSRemoteDebugConfigurationType$1
20721:             1             24  com.jetbrains.firefox.FirefoxRemoteDebugConfigurationType$1
20722:             1             24  com.jetbrains.jsonSchema.JsonSchemaVfsListener
20723:             1             24  com.jetbrains.jsonSchema.JsonSchemaVfsListener$2
20724:             1             24  com.jetbrains.ls.requests.AbstractRequest$UserIdentification
20725:             1             24  com.jetbrains.nwjs.NwjsRunConfigurationType$1
20726:             1             24  com.jetbrains.plugins.reactnative.ReactNativeRunConfigurationType$1
20727:             1             24  com.jetbrains.plugins.remotesdk.console.RunSshConsoleAction
20728:             1             24  com.jetbrains.plugins.remotesdk.tools.RemoteToolManager
20729:             1             24  com.jetbrains.plugins.webDeployment.ProjectDeploymentRevisionTracker$ProjectDeploymentRevisionTrackerStartupActivity$1
20730:             1             24  com.jetbrains.plugins.webDeployment.actions.BrowseServersAction
20731:             1             24  com.jetbrains.plugins.webDeployment.actions.ConfigureDeploymentAction
20732:             1             24  com.jetbrains.plugins.webDeployment.actions.ConfigureDeploymentOptionsAction
20733:             1             24  com.jetbrains.plugins.webDeployment.actions.CopyServerPathsAction
20734:             1             24  com.jetbrains.plugins.webDeployment.actions.CreateFileAction
20735:             1             24  com.jetbrains.plugins.webDeployment.actions.CreateSubfolderAction
20736:             1             24  com.jetbrains.plugins.webDeployment.actions.DownloadAction
20737:             1             24  com.jetbrains.plugins.webDeployment.actions.DownloadFromAction
20738:             1             24  com.jetbrains.plugins.webDeployment.actions.NewRemoteItemAction
20739:             1             24  com.jetbrains.plugins.webDeployment.actions.RemoteRenameAction
20740:             1             24  com.jetbrains.plugins.webDeployment.actions.SelectInRemoteHostAction
20741:             1             24  com.jetbrains.plugins.webDeployment.actions.SetPermissionsAction
20742:             1             24  com.jetbrains.plugins.webDeployment.actions.ToggleAutoUploadAction
20743:             1             24  com.jetbrains.plugins.webDeployment.actions.ToggleRemoteExclusionAction
20744:             1             24  com.jetbrains.plugins.webDeployment.actions.UploadFilesAction
20745:             1             24  com.jetbrains.plugins.webDeployment.actions.UploadFilesFromVcsAction
20746:             1             24  com.jetbrains.plugins.webDeployment.actions.UploadFilesToAction
20747:             1             24  com.jetbrains.plugins.webDeployment.config.PublishConfig$AutoUploadState$1
20748:             1             24  com.jetbrains.plugins.webDeployment.config.PublishConfig$AutoUploadState$2
20749:             1             24  com.jetbrains.plugins.webDeployment.config.PublishConfig$AutoUploadState$3
20750:             1             24  com.jetbrains.plugins.webDeployment.config.WebServersConfigManagerBaseImpl$App
20751:             1             24  com.jetbrains.plugins.webDeployment.config.WebServersConfigManagerImpl
20752:             1             24  com.jetbrains.plugins.webDeployment.config.WebServersConfigManagerImpl$1
20753:             1             24  com.jetbrains.plugins.webDeployment.remoteEdit.EditRemoteFileAction
20754:             1             24  com.jetbrains.plugins.webDeployment.remoteEdit.notification.UploadCurrentRemoteFileAction
20755:             1             24  com.jetbrains.plugins.webDeployment.ui.DeploymentNotifier$ToolWindowIdProvider
20756:             1             24  com.jetbrains.quirksmode.BrowserSet$1
20757:             1             24  com.jetbrains.quirksmode.CssDeclarationPattern$4
20758:             1             24  com.jetbrains.quirksmode.CssRulesetPattern$1
20759:             1             24  com.jetbrains.quirksmode.CssSelectorPattern$2
20760:             1             24  com.jetbrains.quirksmode.CssSimpleSelectorPattern$2
20761:             1             24  com.jetbrains.quirksmode.CssSimpleSelectorPattern$3
20762:             1             24  com.jetbrains.quirksmode.QuirksModeInspectionTool
20763:             1             24  com.jetbrains.quirksmode.SupportedBrowsersBean
20764:             1             24  com.maddyhome.idea.copyright.actions.GenerateCopyrightAction
20765:             1             24  com.maddyhome.idea.copyright.util.FileTypeUtil
20766:             1             24  com.pty4j.windows.WinPTYInputStream
20767:             1             24  com.pty4j.windows.WinPTYOutputStream
20768:             1             24  com.rover12421.exTENdS.InSTAncEoF
20769:             1             24  com.rover12421.exTENdS.InSTAncEoF
20770:             1             24  com.rover12421.exTENdS.PROTeCted
20771:             1             24  com.rover12421.exTENdS.PROTeCted
20772:             1             24  com.rover12421.exTENdS.ThrOWS
20773:             1             24  com.rover12421.exTENdS.ThrOWS
20774:             1             24  com.rover12421.exTENdS.aBstRaCt
20775:             1             24  com.rover12421.exTENdS.aBstRaCt
20776:             1             24  com.rover12421.exTENdS.dEFAuLT
20777:             1             24  com.rover12421.exTENdS.dEFAuLT
20778:             1             24  com.rover12421.exTENdS.exTENdS.ThrOWS.SDA
20779:             1             24  com.rover12421.exTENdS.exTENdS.ThrOWS.SDA
20780:             1             24  com.rover12421.exTENdS.exTENdS.ThrOWS.SYNCHrONiZeD
20781:             1             24  com.rover12421.exTENdS.exTENdS.ThrOWS.SYNCHrONiZeD
20782:             1             24  com.rover12421.exTENdS.exTENdS.ThrOWS.SYnChrONiZeD
20783:             1             24  com.rover12421.exTENdS.exTENdS.ThrOWS.SYnChrONiZeD
20784:             1             24  com.rover12421.exTENdS.exTENdS.ThrOWS.cONTINue
20785:             1             24  com.rover12421.exTENdS.exTENdS.ThrOWS.syNCHRonIzEd
20786:             1             24  com.rover12421.exTENdS.exTENdS.syNCHRonIzEd
20787:             1             24  com.rover12421.exTENdS.interfACE
20788:             1             24  com.rover12421.exTENdS.interfACE
20789:             1             24  com.rover12421.exTENdS.pROTEcTED
20790:             1             24  com.rover12421.exTENdS.pROTEcTED
20791:             1             24  com.rover12421.exTENdS.syNcHRONIZeD
20792:             1             24  com.rover12421.exTENdS.syNcHRONIZeD
20793:             1             24  com.sixrr.inspectjs.assignment.ReplaceAssignmentWithOperatorAssignmentJSInspection
20794:             1             24  com.sixrr.inspectjs.confusing.ConfusingFloatingPointLiteralJSInspection
20795:             1             24  com.sixrr.inspectjs.control.BreakStatementWithLabelJSInspection
20796:             1             24  com.sixrr.inspectjs.control.DuplicateConditionJSInspection
20797:             1             24  com.sixrr.inspectjs.exception.EmptyFinallyBlockJSInspection
20798:             1             24  com.sixrr.inspectjs.functionmetrics.FunctionWithMultipleLoopsJSInspection
20799:             1             24  com.sixrr.inspectjs.style.NestedFunctionCallJSInspection
20800:             1             24  com.sixrr.inspectjs.validity.FunctionWithInconsistentReturnsJSInspection
20801:             1             24  com.siyeh.ig.assignment.AssignmentToStaticFieldFromInstanceMethodInspection
20802:             1             24  com.siyeh.ig.assignment.AssignmentToSuperclassFieldInspection
20803:             1             24  com.siyeh.ig.assignment.IncrementDecrementUsedAsExpressionInspection
20804:             1             24  com.siyeh.ig.assignment.NestedAssignmentInspection
20805:             1             24  com.siyeh.ig.bugs.ClassNewInstanceInspection
20806:             1             24  com.siyeh.ig.bugs.EmptyInitializerInspection
20807:             1             24  com.siyeh.ig.bugs.ImplicitArrayToStringInspection$ImplicitArrayToStringFix
20808:             1             24  com.siyeh.ig.bugs.IteratorHasNextCallsIteratorNextInspection
20809:             1             24  com.siyeh.ig.bugs.MisspelledEqualsInspection
20810:             1             24  com.siyeh.ig.bugs.StringConcatenationInMessageFormatCallInspection
20811:             1             24  com.siyeh.ig.bugs.UseOfPropertiesAsHashtableInspection
20812:             1             24  com.siyeh.ig.classlayout.ConstantDeclaredInAbstractClassInspection
20813:             1             24  com.siyeh.ig.classlayout.FinalMethodInspection
20814:             1             24  com.siyeh.ig.classlayout.LimitedScopeInnerClassInspection
20815:             1             24  com.siyeh.ig.classlayout.MultipleTopLevelClassesInFileInspection
20816:             1             24  com.siyeh.ig.classlayout.NoopMethodInAbstractClassInspection
20817:             1             24  com.siyeh.ig.classlayout.ProtectedMemberInFinalClassInspection
20818:             1             24  com.siyeh.ig.classlayout.UtilityClassWithPublicConstructorInspection
20819:             1             24  com.siyeh.ig.controlflow.BreakStatementInspection
20820:             1             24  com.siyeh.ig.controlflow.BreakStatementWithLabelInspection
20821:             1             24  com.siyeh.ig.controlflow.DefaultNotLastCaseInSwitchInspection
20822:             1             24  com.siyeh.ig.controlflow.DuplicateBooleanBranchInspection
20823:             1             24  com.siyeh.ig.controlflow.LoopWithImplicitTerminationConditionInspection
20824:             1             24  com.siyeh.ig.controlflow.NestedConditionalExpressionInspection
20825:             1             24  com.siyeh.ig.controlflow.NestedSwitchStatementInspection
20826:             1             24  com.siyeh.ig.controlflow.SwitchStatementWithConfusingDeclarationInspection
20827:             1             24  com.siyeh.ig.dataflow.BooleanVariableAlwaysNegatedInspection
20828:             1             24  com.siyeh.ig.dataflow.NegativelyNamedBooleanVariableInspection
20829:             1             24  com.siyeh.ig.errorhandling.ErrorRethrownInspection
20830:             1             24  com.siyeh.ig.errorhandling.ThreadDeathRethrownInspection
20831:             1             24  com.siyeh.ig.imports.JavaLangImportInspection
20832:             1             24  com.siyeh.ig.inheritance.AbstractMethodWithMissingImplementationsInspection
20833:             1             24  com.siyeh.ig.inheritance.ParameterTypePreventsOverridingInspection
20834:             1             24  com.siyeh.ig.inheritance.ProblematicVarargsMethodOverrideInspection
20835:             1             24  com.siyeh.ig.initialization.DoubleBraceInitializationInspection
20836:             1             24  com.siyeh.ig.initialization.OverridableMethodCallDuringObjectConstructionInspection
20837:             1             24  com.siyeh.ig.initialization.ThisEscapedInConstructorInspection
20838:             1             24  com.siyeh.ig.internationalization.CharacterComparisonInspection
20839:             1             24  com.siyeh.ig.internationalization.MagicCharacterInspection
20840:             1             24  com.siyeh.ig.internationalization.SimpleDateFormatWithoutLocaleInspection
20841:             1             24  com.siyeh.ig.internationalization.StringTokenizerInspection
20842:             1             24  com.siyeh.ig.internationalization.UnnecessaryUnicodeEscapeInspection
20843:             1             24  com.siyeh.ig.j2me.InterfaceWithOnlyOneDirectInheritorInspection
20844:             1             24  com.siyeh.ig.j2me.PrivateMemberAccessBetweenOuterAndInnerClassInspection
20845:             1             24  com.siyeh.ig.javabeans.FieldHasSetterButNoGetterInspection
20846:             1             24  com.siyeh.ig.javadoc.PackageDotHtmlMayBePackageInfoInspection
20847:             1             24  com.siyeh.ig.jdk.AnnotationClassInspection
20848:             1             24  com.siyeh.ig.jdk.AnnotationInspection
20849:             1             24  com.siyeh.ig.jdk.AssertAsNameInspection
20850:             1             24  com.siyeh.ig.jdk.AssertStatementInspection
20851:             1             24  com.siyeh.ig.jdk.ForeachStatementInspection
20852:             1             24  com.siyeh.ig.junit.ConstantJUnitAssertArgumentInspection
20853:             1             24  com.siyeh.ig.junit.JUnit5ConverterInspection
20854:             1             24  com.siyeh.ig.junit.JUnitAssertsWithoutMessagesInspection
20855:             1             24  com.siyeh.ig.junit.MalformedSetUpTearDownInspection
20856:             1             24  com.siyeh.ig.junit.TestCaseWithConstructorInspection
20857:             1             24  com.siyeh.ig.logging.LoggingConditionDisagreesWithLogStatementInspection
20858:             1             24  com.siyeh.ig.logging.PlaceholderCountMatchesArgumentCountInspection
20859:             1             24  com.siyeh.ig.maturity.SystemOutErrInspection
20860:             1             24  com.siyeh.ig.maturity.ThreadDumpStackInspection
20861:             1             24  com.siyeh.ig.maturity.ThrowablePrintStackTraceInspection
20862:             1             24  com.siyeh.ig.memory.InnerClassMayBeStaticInspection
20863:             1             24  com.siyeh.ig.memory.StringBufferFieldInspection
20864:             1             24  com.siyeh.ig.methodmetrics.MethodWithMultipleLoopsInspection
20865:             1             24  com.siyeh.ig.methodmetrics.ParametersPerConstructorInspectionBase$Scope$1
20866:             1             24  com.siyeh.ig.methodmetrics.ParametersPerConstructorInspectionBase$Scope$2
20867:             1             24  com.siyeh.ig.methodmetrics.ParametersPerConstructorInspectionBase$Scope$3
20868:             1             24  com.siyeh.ig.methodmetrics.ParametersPerConstructorInspectionBase$Scope$4
20869:             1             24  com.siyeh.ig.migration.ForCanBeForeachInspection$ForCanBeForeachFix
20870:             1             24  com.siyeh.ig.naming.LambdaUnfriendlyMethodOverloadInspection
20871:             1             24  com.siyeh.ig.naming.NonExceptionNameEndsWithExceptionInspection
20872:             1             24  com.siyeh.ig.naming.OverloadedVarargsMethodInspection
20873:             1             24  com.siyeh.ig.numeric.ComparisonOfShortAndCharInspection
20874:             1             24  com.siyeh.ig.numeric.ComparisonToNaNInspection
20875:             1             24  com.siyeh.ig.numeric.IntegerDivisionInFloatingPointContextInspection
20876:             1             24  com.siyeh.ig.numeric.SuspiciousLiteralUnderscoreInspection
20877:             1             24  com.siyeh.ig.numeric.UnnecessaryExplicitNumericCastInspection
20878:             1             24  com.siyeh.ig.performance.CollectionContainsUrlInspection
20879:             1             24  com.siyeh.ig.performance.CollectionsMustHaveInitialCapacityInspection$1
20880:             1             24  com.siyeh.ig.performance.LengthOneStringInIndexOfInspection
20881:             1             24  com.siyeh.ig.performance.LengthOneStringsInConcatenationInspection
20882:             1             24  com.siyeh.ig.performance.StringBufferMustHaveInitialCapacityInspection
20883:             1             24  com.siyeh.ig.portability.UseOfAWTPeerClassInspection
20884:             1             24  com.siyeh.ig.portability.UseOfJDBCDriverClassInspection
20885:             1             24  com.siyeh.ig.security.DesignForExtensionInspection
20886:             1             24  com.siyeh.ig.security.NonStaticInnerClassInSecureContextInspection
20887:             1             24  com.siyeh.ig.security.PublicStaticArrayFieldInspection
20888:             1             24  com.siyeh.ig.security.SystemPropertiesInspection
20889:             1             24  com.siyeh.ig.serialization.ExternalizableWithSerializationMethodsInspection
20890:             1             24  com.siyeh.ig.serialization.ReadObjectAndWriteObjectPrivateInspection
20891:             1             24  com.siyeh.ig.serialization.ReadResolveAndWriteReplaceProtectedInspection
20892:             1             24  com.siyeh.ig.serialization.SerializableStoresNonSerializableInspection
20893:             1             24  com.siyeh.ig.style.ConfusingOctalEscapeInspection
20894:             1             24  com.siyeh.ig.style.SimplifiableAnnotationInspection
20895:             1             24  com.siyeh.ig.style.UnclearBinaryExpressionInspection
20896:             1             24  com.siyeh.ig.style.UnnecessaryToStringCallInspection
20897:             1             24  com.siyeh.ig.style.UnqualifiedMethodAccessInspection
20898:             1             24  com.siyeh.ig.threading.AwaitNotInLoopInspection
20899:             1             24  com.siyeh.ig.threading.AwaitWithoutCorrespondingSignalInspection
20900:             1             24  com.siyeh.ig.threading.BusyWaitInspection
20901:             1             24  com.siyeh.ig.threading.ConditionSignalInspection
20902:             1             24  com.siyeh.ig.threading.EmptySynchronizedStatementInspection
20903:             1             24  com.siyeh.ig.threading.NakedNotifyInspection
20904:             1             24  com.siyeh.ig.threading.NestedSynchronizedStatementInspection
20905:             1             24  com.siyeh.ig.threading.NonSynchronizedMethodOverridesSynchronizedMethodInspection
20906:             1             24  com.siyeh.ig.threading.NotifyWithoutCorrespondingWaitInspection
20907:             1             24  com.siyeh.ig.threading.PublicFieldAccessedInSynchronizedContextInspection
20908:             1             24  com.siyeh.ig.threading.SynchronizationOnStaticFieldInspection
20909:             1             24  com.siyeh.ig.threading.SynchronizeOnLockInspection
20910:             1             24  com.siyeh.ig.threading.VolatileArrayFieldInspection
20911:             1             24  com.siyeh.ig.threading.WaitNotifyNotInSynchronizedContextInspection
20912:             1             24  com.siyeh.ig.threading.WaitOrAwaitWithoutTimeoutInspection
20913:             1             24  com.siyeh.ig.visibility.MethodOverridesInaccessibleMethodOfSuperInspection
20914:             1             24  com.siyeh.ipp.asserttoif.ObjectsRequireNonNullIntention
20915:             1             24  com.siyeh.ipp.bool.NegateConditionalIntention
20916:             1             24  com.siyeh.ipp.chartostring.CharToStringIntention
20917:             1             24  com.siyeh.ipp.chartostring.StringToCharIntention
20918:             1             24  com.siyeh.ipp.comment.ChangeToCStyleCommentIntention
20919:             1             24  com.siyeh.ipp.comment.ChangeToEndOfLineCommentIntention
20920:             1             24  com.siyeh.ipp.comment.MoveCommentToSeparateLineIntention
20921:             1             24  com.siyeh.ipp.concatenation.CopyConcatenatedStringToClipboardIntention
20922:             1             24  com.siyeh.ipp.concatenation.JoinConcatenatedStringLiteralsIntention
20923:             1             24  com.siyeh.ipp.concatenation.MakeCallChainIntoCallSequenceIntention
20924:             1             24  com.siyeh.ipp.concatenation.MergeCallSequenceToChainIntention
20925:             1             24  com.siyeh.ipp.concatenation.ReplaceConcatenationWithFormatStringIntention
20926:             1             24  com.siyeh.ipp.concatenation.ReplaceFormatStringWithConcatenationIntention
20927:             1             24  com.siyeh.ipp.conditional.FlipConditionalIntention
20928:             1             24  com.siyeh.ipp.conditional.ReplaceConditionalWithBooleanExpressionIntention
20929:             1             24  com.siyeh.ipp.enumswitch.CreateEnumSwitchBranchesIntention
20930:             1             24  com.siyeh.ipp.exceptions.ConvertCatchToThrowsIntention
20931:             1             24  com.siyeh.ipp.exceptions.DetailExceptionsIntention
20932:             1             24  com.siyeh.ipp.exceptions.MergeNestedTryStatementsIntention
20933:             1             24  com.siyeh.ipp.exceptions.ReplaceArmWithTryFinallyIntention
20934:             1             24  com.siyeh.ipp.expression.FlipSetterCallIntention
20935:             1             24  com.siyeh.ipp.forloop.ReplaceForEachLoopWithIndexedForLoopIntention
20936:             1             24  com.siyeh.ipp.forloop.ReplaceForEachLoopWithIteratorForLoopIntention
20937:             1             24  com.siyeh.ipp.forloop.ReplaceForEachLoopWithOptimizedIndexedForLoopIntention
20938:             1             24  com.siyeh.ipp.forloop.ReverseForLoopDirectionIntention
20939:             1             24  com.siyeh.ipp.functional.ExtractToMethodReferenceIntention
20940:             1             24  com.siyeh.ipp.imports.ReplaceOnDemandImportIntention
20941:             1             24  com.siyeh.ipp.initialization.SplitDeclarationAndInitializationIntention
20942:             1             24  com.siyeh.ipp.integer.ConvertIntegerToBinaryIntention
20943:             1             24  com.siyeh.ipp.integer.ConvertIntegerToDecimalIntention
20944:             1             24  com.siyeh.ipp.integer.ConvertIntegerToHexIntention
20945:             1             24  com.siyeh.ipp.integer.ConvertIntegerToOctalIntention
20946:             1             24  com.siyeh.ipp.integer.ConvertToPlainIntention
20947:             1             24  com.siyeh.ipp.integer.ConvertToScientificNotationIntention
20948:             1             24  com.siyeh.ipp.interfacetoclass.ConvertInterfaceToClassIntention
20949:             1             24  com.siyeh.ipp.junit.ConvertJUnit3TestCaseToJUnit4Intention
20950:             1             24  com.siyeh.ipp.junit.CreateAssertIntention
20951:             1             24  com.siyeh.ipp.modifiers.MakePackagePrivateIntention
20952:             1             24  com.siyeh.ipp.modifiers.MakePrivateIntention
20953:             1             24  com.siyeh.ipp.modifiers.MakeProtectedIntention
20954:             1             24  com.siyeh.ipp.modifiers.MakePublicIntention
20955:             1             24  com.siyeh.ipp.parenthesis.AddClarifyingParenthesesIntention
20956:             1             24  com.siyeh.ipp.trivialif.ConvertToNestedIfIntention
20957:             1             24  com.siyeh.ipp.trivialif.MergeElseIfIntention
20958:             1             24  com.siyeh.ipp.trivialif.MergeIfAndIntention
20959:             1             24  com.siyeh.ipp.trivialif.MergeIfOrIntention
20960:             1             24  com.siyeh.ipp.trivialif.MergeParallelIfsIntention
20961:             1             24  com.siyeh.ipp.trivialif.ReplaceIfWithConditionalIntention
20962:             1             24  com.siyeh.ipp.trivialif.SimplifyIfElseIntention
20963:             1             24  com.siyeh.ipp.trivialif.SplitElseIfIntention
20964:             1             24  com.siyeh.ipp.types.MakeMethodDefaultIntention
20965:             1             24  com.siyeh.ipp.unicode.ReplaceOctalEscapeWithUnicodeEscapeIntention
20966:             1             24  com.siyeh.ipp.unicode.UnicodeUnescapeIntention
20967:             1             24  com.siyeh.ipp.varargs.WrapVarargArgumentsWithExplicitArrayIntention
20968:             1             24  com.siyeh.ipp.whileloop.ExtractWhileLoopConditionToIfStatementIntention
20969:             1             24  com.siyeh.ipp.whileloop.ReplaceDoWhileLoopWithWhileLoopIntention
20970:             1             24  com.siyeh.ipp.whileloop.ReplaceWhileLoopWithDoWhileLoopIntention
20971:             1             24  com.sun.beans.util.Cache$Kind$1
20972:             1             24  com.sun.beans.util.Cache$Kind$2
20973:             1             24  com.sun.beans.util.Cache$Kind$3
20974:             1             24  com.sun.imageio.spi.FileImageInputStreamSpi
20975:             1             24  com.sun.imageio.spi.FileImageOutputStreamSpi
20976:             1             24  com.sun.imageio.spi.InputStreamImageInputStreamSpi
20977:             1             24  com.sun.imageio.spi.OutputStreamImageOutputStreamSpi
20978:             1             24  com.sun.imageio.spi.RAFImageInputStreamSpi
20979:             1             24  com.sun.imageio.spi.RAFImageOutputStreamSpi
20980:             1             24  com.sun.java.swing.plaf.windows.WindowsLabelUI
20981:             1             24  com.sun.java.swing.plaf.windows.XPStyle
20982:             1             24  com.sun.jmx.mbeanserver.ClassLoaderRepositorySupport
20983:             1             24  com.sun.jmx.mbeanserver.MXBeanLookup
20984:             1             24  com.sun.jna.Structure$3
20985:             1             24  com.sun.jna.WeakMemoryHolder
20986:             1             24  com.sun.xml.internal.bind.v2.model.annotation.LocatableAnnotation
20987:             1             24  com.sun.xml.internal.bind.v2.model.annotation.XmlAttributeQuick
20988:             1             24  com.sun.xml.internal.bind.v2.model.annotation.XmlElementQuick
20989:             1             24  com.sun.xml.internal.bind.v2.model.annotation.XmlElementRefQuick
20990:             1             24  com.sun.xml.internal.bind.v2.model.annotation.XmlElementRefsQuick
20991:             1             24  com.sun.xml.internal.bind.v2.model.annotation.XmlEnumQuick
20992:             1             24  com.sun.xml.internal.bind.v2.model.annotation.XmlRootElementQuick
20993:             1             24  com.sun.xml.internal.bind.v2.model.annotation.XmlSchemaTypeQuick
20994:             1             24  com.sun.xml.internal.bind.v2.model.annotation.XmlTransientQuick
20995:             1             24  com.sun.xml.internal.bind.v2.model.annotation.XmlTypeQuick
20996:             1             24  com.sun.xml.internal.bind.v2.model.annotation.XmlValueQuick
20997:             1             24  com.sun.xml.internal.bind.v2.model.impl.RuntimeAnyTypeImpl
20998:             1             24  com.sun.xml.internal.bind.v2.model.impl.RuntimeBuiltinLeafInfoImpl$10
20999:             1             24  com.sun.xml.internal.bind.v2.model.impl.RuntimeBuiltinLeafInfoImpl$11
21000:             1             24  com.sun.xml.internal.bind.v2.model.impl.RuntimeBuiltinLeafInfoImpl$12
21001:             1             24  com.sun.xml.internal.bind.v2.model.impl.RuntimeBuiltinLeafInfoImpl$13
21002:             1             24  com.sun.xml.internal.bind.v2.model.impl.RuntimeBuiltinLeafInfoImpl$14
21003:             1             24  com.sun.xml.internal.bind.v2.model.impl.RuntimeBuiltinLeafInfoImpl$15
21004:             1             24  com.sun.xml.internal.bind.v2.model.impl.RuntimeBuiltinLeafInfoImpl$16
21005:             1             24  com.sun.xml.internal.bind.v2.model.impl.RuntimeBuiltinLeafInfoImpl$17
21006:             1             24  com.sun.xml.internal.bind.v2.model.impl.RuntimeBuiltinLeafInfoImpl$18
21007:             1             24  com.sun.xml.internal.bind.v2.model.impl.RuntimeBuiltinLeafInfoImpl$19
21008:             1             24  com.sun.xml.internal.bind.v2.model.impl.RuntimeBuiltinLeafInfoImpl$2
21009:             1             24  com.sun.xml.internal.bind.v2.model.impl.RuntimeBuiltinLeafInfoImpl$20
21010:             1             24  com.sun.xml.internal.bind.v2.model.impl.RuntimeBuiltinLeafInfoImpl$21
21011:             1             24  com.sun.xml.internal.bind.v2.model.impl.RuntimeBuiltinLeafInfoImpl$22
21012:             1             24  com.sun.xml.internal.bind.v2.model.impl.RuntimeBuiltinLeafInfoImpl$23
21013:             1             24  com.sun.xml.internal.bind.v2.model.impl.RuntimeBuiltinLeafInfoImpl$24
21014:             1             24  com.sun.xml.internal.bind.v2.model.impl.RuntimeBuiltinLeafInfoImpl$26
21015:             1             24  com.sun.xml.internal.bind.v2.model.impl.RuntimeBuiltinLeafInfoImpl$27
21016:             1             24  com.sun.xml.internal.bind.v2.model.impl.RuntimeBuiltinLeafInfoImpl$3
21017:             1             24  com.sun.xml.internal.bind.v2.model.impl.RuntimeBuiltinLeafInfoImpl$4
21018:             1             24  com.sun.xml.internal.bind.v2.model.impl.RuntimeBuiltinLeafInfoImpl$5
21019:             1             24  com.sun.xml.internal.bind.v2.model.impl.RuntimeBuiltinLeafInfoImpl$6
21020:             1             24  com.sun.xml.internal.bind.v2.model.impl.RuntimeBuiltinLeafInfoImpl$7
21021:             1             24  com.sun.xml.internal.bind.v2.model.impl.RuntimeBuiltinLeafInfoImpl$8
21022:             1             24  com.sun.xml.internal.bind.v2.model.impl.RuntimeBuiltinLeafInfoImpl$9
21023:             1             24  com.sun.xml.internal.bind.v2.model.impl.RuntimeBuiltinLeafInfoImpl$StringImplImpl
21024:             1             24  com.sun.xml.internal.bind.v2.model.impl.RuntimeBuiltinLeafInfoImpl$UUIDImpl
21025:             1             24  com.sun.xml.internal.bind.v2.runtime.unmarshaller.DomLoader
21026:             1             24  com.thaiopensource.util.PropertyMapBuilder$PropertyMapImpl
21027:             1             24  com.theoryinpractice.testng.configuration.TestNGConfigurationType$1
21028:             1             24  com.theoryinpractice.testng.configuration.TestNGInClassConfigurationProducer
21029:             1             24  com.theoryinpractice.testng.inspection.ExpectedExceptionNeverThrownTestNGInspection
21030:             1             24  com.theoryinpractice.testng.ui.actions.TestNGAddToTestsPatternAction
21031:             1             24  com.theoryinpractice.testng.ui.actions.TestNGExcludeFromRunAction
21032:             1             24  com.zeroturnaround.http.HttpClientHelper$3
21033:             1             24  com.zeroturnaround.http.HttpClientHelper$4
21034:             1             24  com.zeroturnaround.http.proxy.HttpProxyHolder$ProxyHolderInstances
21035:             1             24  com.zeroturnaround.http.proxy.ProxySource$Destination$1
21036:             1             24  com.zeroturnaround.http.proxy.ProxySource$Destination$2
21037:             1             24  com.zeroturnaround.http.proxy.ProxySource$Destination$3
21038:             1             24  com.zeroturnaround.javarebel.ab
21039:             1             24  com.zeroturnaround.javarebel.am$a
21040:             1             24  com.zeroturnaround.javarebel.idea.plugin.JRebelIdeaPlugin$IntellijStartup
21041:             1             24  com.zeroturnaround.javarebel.idea.plugin.actions.ActivateAction
21042:             1             24  com.zeroturnaround.javarebel.idea.plugin.actions.ConfigAction
21043:             1             24  com.zeroturnaround.javarebel.idea.plugin.actions.GenerateRebelAction
21044:             1             24  com.zeroturnaround.javarebel.idea.plugin.actions.GenerateRemoteAction
21045:             1             24  com.zeroturnaround.javarebel.idea.plugin.actions.JRebelFacetAction
21046:             1             24  com.zeroturnaround.javarebel.idea.plugin.actions.OpenSettingsAction
21047:             1             24  com.zeroturnaround.javarebel.idea.plugin.actions.SupportAction
21048:             1             24  com.zeroturnaround.javarebel.idea.plugin.actions.SyncAction
21049:             1             24  com.zeroturnaround.javarebel.idea.plugin.actions.SynchronizeProjectAction
21050:             1             24  com.zeroturnaround.javarebel.idea.plugin.guide.actions.OpenInstallGuideToolWindowAction
21051:             1             24  com.zeroturnaround.javarebel.idea.plugin.remoting.IntellijRemoteStateManager
21052:             1             24  com.zeroturnaround.javarebel.idea.plugin.runner.dashboard.DashboardDebugAction
21053:             1             24  com.zeroturnaround.javarebel.idea.plugin.runner.dashboard.DashboardRunAction
21054:             1             24  com.zeroturnaround.javarebel.idea.plugin.runner.gradle.JRebelGradleProjectResolver
21055:             1             24  com.zeroturnaround.javarebel.idea.plugin.runner.servers.ServerDebugAction
21056:             1             24  com.zeroturnaround.javarebel.idea.plugin.runner.servers.ServerRunAction
21057:             1             24  com.zeroturnaround.jrebel.ide.common.guide.metrics.SetupGuideMessenger
21058:             1             24  com.zeroturnaround.jrebel.ide.common.guide.model.ActivationModelStep$$Lambda$1
21059:             1             24  com.zeroturnaround.jrebel.remoting.RemoteServerConfigurations
21060:             1             24  com.zeroturnaround.jrebel.remoting.metrics.IdeStatsSender
21061:             1             24  com.zeroturnaround.jrebel.remoting.metrics.IdeStatsSender$1
21062:             1             24  de.plushnikov.intellij.plugin.action.generate.LombokGenerateConstructorHandler
21063:             1             24  de.plushnikov.intellij.plugin.extension.postfix.LombokPostfixTemplateProvider
21064:             1             24  de.plushnikov.intellij.plugin.language.LombokConfigCompletionContributor$2
21065:             1             24  de.plushnikov.intellij.plugin.processor.clazz.UtilityClassProcessor
21066:             1             24  de.plushnikov.intellij.plugin.provider.LombokAugmentProvider
21067:             1             24  freemarker.core.ArithmeticEngine$BigDecimalEngine
21068:             1             24  freemarker.core.ArithmeticEngine$ConservativeEngine
21069:             1             24  freemarker.core.Environment$5
21070:             1             24  freemarker.core.TemplateElements
21071:             1             24  freemarker.template.Configuration$DefaultSoftCacheStorage
21072:             1             24  git4idea.actions.GitAdd
21073:             1             24  git4idea.actions.GitCheckoutRevisionAction
21074:             1             24  git4idea.actions.GitCloneAction
21075:             1             24  git4idea.actions.GitCompareWithBranchAction
21076:             1             24  git4idea.actions.GitCreateNewBranchAction
21077:             1             24  git4idea.actions.GitCreateTagAction
21078:             1             24  git4idea.actions.GitFetch
21079:             1             24  git4idea.actions.GitInit
21080:             1             24  git4idea.actions.GitMerge
21081:             1             24  git4idea.actions.GitPull
21082:             1             24  git4idea.actions.GitRebase
21083:             1             24  git4idea.actions.GitRebaseAbort
21084:             1             24  git4idea.actions.GitRebaseContinue
21085:             1             24  git4idea.actions.GitRebaseSkip
21086:             1             24  git4idea.actions.GitResetHead
21087:             1             24  git4idea.actions.GitResolveConflictsAction
21088:             1             24  git4idea.actions.GitStash
21089:             1             24  git4idea.actions.GitTag
21090:             1             24  git4idea.actions.GitUnstash
21091:             1             24  git4idea.branch.DeepCompareAction
21092:             1             24  git4idea.branch.GitBranchesCollection
21093:             1             24  git4idea.config.GitExecutableManager
21094:             1             24  git4idea.config.GitExecutableManager$1
21095:             1             24  git4idea.config.GitExecutableProblemsNotifier
21096:             1             24  git4idea.config.GitVersionSpecialty$1
21097:             1             24  git4idea.config.GitVersionSpecialty$10
21098:             1             24  git4idea.config.GitVersionSpecialty$11
21099:             1             24  git4idea.config.GitVersionSpecialty$12
21100:             1             24  git4idea.config.GitVersionSpecialty$13
21101:             1             24  git4idea.config.GitVersionSpecialty$14
21102:             1             24  git4idea.config.GitVersionSpecialty$15
21103:             1             24  git4idea.config.GitVersionSpecialty$16
21104:             1             24  git4idea.config.GitVersionSpecialty$17
21105:             1             24  git4idea.config.GitVersionSpecialty$18
21106:             1             24  git4idea.config.GitVersionSpecialty$19
21107:             1             24  git4idea.config.GitVersionSpecialty$2
21108:             1             24  git4idea.config.GitVersionSpecialty$20
21109:             1             24  git4idea.config.GitVersionSpecialty$21
21110:             1             24  git4idea.config.GitVersionSpecialty$22
21111:             1             24  git4idea.config.GitVersionSpecialty$3
21112:             1             24  git4idea.config.GitVersionSpecialty$4
21113:             1             24  git4idea.config.GitVersionSpecialty$5
21114:             1             24  git4idea.config.GitVersionSpecialty$6
21115:             1             24  git4idea.config.GitVersionSpecialty$7
21116:             1             24  git4idea.config.GitVersionSpecialty$8
21117:             1             24  git4idea.config.GitVersionSpecialty$9
21118:             1             24  git4idea.log.GitLogProvider$$Lambda$1945/2110737712
21119:             1             24  git4idea.log.GitShowCommitInLogAction
21120:             1             24  git4idea.log.GitShowExternalLogAction
21121:             1             24  git4idea.remote.GitConfigureRemotesAction
21122:             1             24  git4idea.repo.GitConfigHelperKt$findClassLoader$javaClass$1
21123:             1             24  git4idea.reset.GitResetAction
21124:             1             24  git4idea.revert.GitRevertAction
21125:             1             24  git4idea.ui.branch.GitBranchesAction
21126:             1             24  gnu.trove.THashMap$HashProcedure
21127:             1             24  io.netty.buffer.PooledByteBufAllocator$PoolThreadLocalCache
21128:             1             24  io.netty.buffer.UnpooledByteBufAllocator$UnpooledByteBufAllocatorMetric
21129:             1             24  io.netty.channel.AbstractChannel$AbstractUnsafe$1
21130:             1             24  io.netty.channel.AbstractChannel$AbstractUnsafe$7
21131:             1             24  io.netty.channel.ChannelOption$1
21132:             1             24  io.netty.channel.WriteBufferWaterMark
21133:             1             24  io.netty.util.AttributeKey$1
21134:             1             24  io.netty.util.ResourceLeakDetectorFactory$DefaultResourceLeakDetectorFactory
21135:             1             24  io.netty.util.Signal$1
21136:             1             24  io.netty.util.concurrent.DefaultEventExecutorChooserFactory$PowerOfTwoEventExecutorChooser
21137:             1             24  io.netty.util.concurrent.FailedFuture
21138:             1             24  java.awt.KeyboardFocusManager$HeavyweightFocusRequest
21139:             1             24  java.awt.Toolkit$DesktopPropertyChangeSupport
21140:             1             24  java.awt.VKCollection
21141:             1             24  java.awt.dnd.DnDEventMulticaster
21142:             1             24  java.awt.dnd.DragSource
